Iteration	Posterior	Likelihood	Prior	tree_length
0	-681.4429	-847.8682	166.4253	5.285486
6	-655.8456	-823.2173	167.3717	4.759915
12	-651.085	-818.4842	167.3992	4.744559
18	-649.7811	-817.1802	167.3992	4.744559
24	-646.567	-814.6468	168.0798	4.362235
30	-656.7362	-824.6061	167.8699	4.480559
36	-661.0715	-829.0032	167.9316	4.445802
42	-656.9954	-824.1235	167.1281	4.895794
48	-656.9534	-824.7669	167.8135	4.512267
54	-660.283	-827.6069	167.324	4.786564
60	-664.2924	-831.559	167.2666	4.818563
66	-659.4957	-826.9925	167.4967	4.689987
72	-664.8705	-832.6929	167.8224	4.507294
78	-654.5072	-821.9759	167.4687	4.705695
84	-665.8859	-833.2555	167.3696	4.761089
90	-660.6397	-828.0093	167.3696	4.761089
96	-669.5885	-837.2883	167.6998	4.576158
102	-659.7783	-827.4781	167.6998	4.576158
108	-645.5794	-813.2793	167.6998	4.576158
114	-654.15	-822.0407	167.8908	4.468812
120	-654.1605	-821.1131	166.9526	4.993408
126	-648.1381	-815.0907	166.9526	4.993408
132	-654.0178	-822.3299	168.3121	4.230802
138	-666.9314	-835.2434	168.3121	4.230802
144	-653.842	-821.2039	167.3619	4.765382
150	-652.2464	-819.8395	167.5932	4.635973
156	-654.6521	-823.2179	168.5658	4.086603
162	-650.4843	-817.2144	166.7301	5.116865
168	-652.905	-820.4343	167.5294	4.671725
174	-653.3088	-820.6494	167.3406	4.77728
180	-649.9136	-816.5516	166.6381	5.167844
186	-642.2305	-810.6814	168.4508	4.152015
192	-645.9373	-814.3881	168.4508	4.152015
198	-647.2654	-815.693	168.4276	4.165237
204	-662.016	-829.9988	167.9828	4.416955
210	-655.5754	-822.7565	167.1811	4.866234
216	-652.9705	-819.4034	166.4329	5.2813
222	-659.0141	-827.0887	168.0746	4.365169
228	-643.6566	-811.9097	168.2531	4.264207
234	-642.0743	-809.3101	167.2358	4.835779
240	-647.9893	-815.8506	167.8614	4.485362
246	-656.4683	-823.2764	166.8081	5.073642
252	-641.1312	-809.4279	168.2967	4.239494
258	-663.8189	-831.751	167.9321	4.445532
264	-650.1665	-818.0978	167.9312	4.446026
270	-642.1578	-810.4716	168.3138	4.229798
276	-663.7701	-830.501	166.7309	5.116397
282	-661.9511	-829.9673	168.0162	4.398139
288	-660.1066	-827.3785	167.272	4.81558
294	-659.2905	-826.9649	167.6744	4.590432
300	-655.1289	-822.5227	167.3938	4.747557
306	-638.7867	-806.1294	167.3427	4.776129
312	-666.2359	-832.9018	166.6659	5.152442
318	-647.1679	-812.5994	165.4315	5.831532
324	-659.809	-827.1581	167.3491	4.772505
330	-648.6031	-816.0643	167.4612	4.709876
336	-648.8835	-815.7931	166.9096	5.017275
342	-644.821	-813.2724	168.4514	4.151708
348	-650.5771	-817.4506	166.8735	5.03733
354	-655.6135	-822.5961	166.9826	4.976748
360	-648.3741	-816.5168	168.1427	4.326701
366	-646.4037	-814.5464	168.1427	4.326701
372	-641.6113	-809.6496	168.0383	4.385677
378	-642.2639	-810.1994	167.9355	4.443612
384	-642.3782	-809.484	167.1058	4.908178
390	-650.1126	-817.5104	167.3977	4.745364
396	-666.0743	-833.472	167.3977	4.745364
402	-654.2322	-822.4258	168.1935	4.297938
408	-659.0767	-826.1377	167.061	4.93314
414	-657.9114	-825.0922	167.1808	4.866421
420	-667.7032	-835.2538	167.5506	4.659848
426	-668.531	-836.4316	167.9006	4.463282
432	-670.2577	-837.6253	167.3677	4.762166
438	-654.8514	-822.3871	167.5357	4.668194
444	-652.7962	-819.6234	166.8272	5.063051
450	-660.6617	-828.4856	167.8238	4.506475
456	-651.5166	-820.1183	168.6016	4.066172
462	-639.2071	-806.3998	167.1927	4.859763
468	-645.0652	-812.258	167.1927	4.859763
474	-645.3938	-812.9466	167.5528	4.658615
480	-650.3021	-818.1866	167.8845	4.472367
486	-651.3409	-819.1767	167.8358	4.499751
492	-652.2144	-819.4609	167.2465	4.829788
498	-655.775	-823.0215	167.2465	4.829788
504	-653.6821	-821.7287	168.0466	4.380976
510	-654.3184	-822.191	167.8725	4.479082
516	-654.7059	-821.9493	167.2434	4.831509
522	-643.126	-810.2158	167.0898	4.917105
528	-637.6345	-806.2784	168.6439	4.042089
534	-647.1565	-814.3164	167.1599	4.878062
540	-641.7001	-809.6273	167.9271	4.448353
546	-652.3393	-819.9438	167.6045	4.629651
552	-645.2532	-813.7852	168.532	4.105861
558	-640.9039	-809.7082	168.8043	3.950414
564	-652.9063	-821.1133	168.207	4.290309
570	-640.714	-808.4343	167.7204	4.564624
576	-651.178	-819.4896	168.3116	4.231069
582	-652.1405	-819.3157	167.1753	4.869494
588	-659.7624	-827.8378	168.0754	4.364724
594	-648.9882	-817.558	168.5698	4.084325
600	-651.1452	-818.2362	167.091	4.91644
606	-637.7239	-804.8149	167.091	4.91644
612	-647.0817	-815.3544	168.2727	4.253136
618	-648.8722	-817.1448	168.2727	4.253136
624	-642.0655	-809.799	167.7335	4.557262
630	-636.8968	-804.5054	167.6086	4.627335
636	-645.8311	-813.1016	167.2705	4.816411
642	-644.7254	-812.7181	167.9927	4.411411
648	-640.5644	-809.011	168.4467	4.1544
654	-649.2686	-817.6468	168.3783	4.193255
660	-645.4974	-813.5798	168.0823	4.360808
666	-657.9299	-824.854	166.9241	5.009242
672	-649.0174	-816.0453	167.0279	4.951557
678	-658.5924	-824.6935	166.1011	5.464204
684	-654.2405	-822.4918	168.2513	4.26525
690	-647.2432	-815.3974	168.1542	4.320185
696	-643.5097	-810.424	166.9143	5.014698
702	-652.7549	-820.3026	167.5477	4.661468
708	-648.1529	-815.1517	166.9988	4.967713
714	-646.1699	-813.445	167.2752	4.8138
720	-645.6633	-812.9269	167.2636	4.820247
726	-648.4245	-815.1171	166.6927	5.137599
732	-655.7096	-822.8507	167.1411	4.888551
738	-657.9248	-825.0359	167.1111	4.905253
744	-650.2656	-817.2207	166.9551	4.992028
750	-654.0458	-821.9586	167.9129	4.456365
756	-648.9667	-816.974	168.0073	4.40317
762	-649.1744	-816.9173	167.7428	4.552006
768	-659.2289	-826.3562	167.1274	4.896191
774	-657.8869	-824.4457	166.5588	5.211706
780	-641.9969	-808.5556	166.5588	5.211706
786	-648.9259	-816.146	167.2202	4.844479
792	-645.0218	-812.2203	167.1985	4.856578
798	-652.2237	-819.5428	167.3191	4.789264
804	-654.1922	-822.4702	168.2781	4.250078
810	-646.4501	-814.3718	167.9217	4.451409
816	-653.7089	-821.0844	167.3754	4.757814
822	-659.0318	-826.4124	167.3806	4.75494
828	-667.3297	-834.6159	167.2862	4.80765
834	-656.1532	-823.1798	167.0266	4.952288
840	-666.2277	-834.0177	167.79	4.525519
846	-677.3853	-844.4315	167.0461	4.94139
852	-664.0307	-831.366	167.3353	4.780255
858	-654.0733	-821.9684	167.8951	4.466377
864	-673.5862	-841.8377	168.2515	4.26511
870	-654.6506	-822.6979	168.0473	4.380558
876	-647.2837	-815.331	168.0473	4.380558
882	-652.8935	-820.4382	167.5447	4.663142
888	-655.8144	-823.3171	167.5027	4.686674
894	-656.1141	-822.4376	166.3234	5.341688
900	-651.3541	-819.0823	167.7282	4.560219
906	-650.059	-818.3845	168.3254	4.223215
912	-659.8199	-827.8599	168.04	4.384728
918	-665.8363	-832.8689	167.0326	4.948945
924	-658.1359	-825.6001	167.4642	4.708192
930	-655.9011	-822.4146	166.5135	5.236729
936	-662.4793	-830.4003	167.921	4.451794
942	-664.0922	-831.5568	167.4646	4.707968
948	-664.2949	-831.8375	167.5426	4.664338
954	-664.034	-831.7826	167.7486	4.548768
960	-658.8344	-825.773	166.9386	5.001177
966	-664.6038	-831.5585	166.9547	4.992226
972	-669.8141	-837.0656	167.2515	4.827024
978	-658.7185	-826.5761	167.8577	4.487453
984	-648.5851	-816.7559	168.1708	4.310778
990	-649.082	-816.9101	167.8281	4.504085
996	-652.5285	-820.0338	167.5053	4.685176
1002	-648.1589	-816.3494	168.1905	4.299631
1008	-665.0195	-832.9635	167.944	4.438837
1014	-650.3573	-817.548	167.1907	4.860905
1020	-659.5679	-826.5684	167.0006	4.966741
1026	-658.0147	-824.2832	166.2685	5.371987
1032	-648.2168	-815.7562	167.5393	4.666133
1038	-641.3626	-808.8863	167.5237	4.674877
1044	-648.9033	-815.9262	167.023	4.954293
1050	-657.7355	-825.3112	167.5757	4.645778
1056	-646.4136	-814.4461	168.0325	4.388907
1062	-648.4699	-816.6098	168.1399	4.328279
1068	-645.3323	-813.4555	168.1232	4.337727
1074	-649.71	-817.2521	167.5421	4.664579
1080	-644.111	-811.9172	167.8062	4.516392
1086	-642.5743	-810.3805	167.8062	4.516392
1092	-649.0914	-816.7687	167.6773	4.588788
1098	-651.8901	-819.229	167.3389	4.778251
1104	-650.7668	-818.1057	167.3389	4.778251
1110	-660.7445	-827.8413	167.0968	4.913199
1116	-646.4132	-813.51	167.0968	4.913199
1122	-652.2955	-820.2047	167.9092	4.458424
1128	-643.2347	-811.1671	167.9325	4.445336
1134	-639.298	-807.2023	167.9044	4.461158
1140	-655.1283	-823.1739	168.0456	4.38153
1146	-654.6447	-822.4973	167.8526	4.490306
1152	-649.1025	-815.7271	166.6246	5.175305
1158	-647.2254	-814.2049	166.9795	4.978446
1164	-663.9269	-829.6592	165.7322	5.666838
1170	-654.9542	-823.2301	168.276	4.251267
1176	-648.4705	-815.3089	166.8384	5.056823
1182	-655.8278	-824.0002	168.1724	4.309899
1188	-642.7602	-809.8715	167.1113	4.905153
1194	-652.1981	-818.54	166.3419	5.331501
1200	-647.4381	-815.1564	167.7183	4.565784
1206	-661.208	-827.9981	166.79	5.08364
1212	-664.5325	-830.148	165.6155	5.730799
1218	-671.6097	-837.144	165.5342	5.775315
1224	-665.3984	-832.9237	167.5253	4.674011
1230	-668.9427	-835.8864	166.9436	4.998373
1236	-655.9909	-822.9346	166.9436	4.998373
1242	-634.2579	-801.8864	167.6285	4.616177
1248	-651.9061	-819.5346	167.6285	4.616177
1254	-655.2994	-823.0272	167.7278	4.560436
1260	-653.2935	-820.8438	167.5502	4.660042
1266	-649.6966	-817.2032	167.5066	4.684468
1272	-651.6872	-819.7264	168.0392	4.385142
1278	-650.7449	-817.3178	166.5729	5.203893
1284	-660.7869	-827.307	166.5201	5.233082
1290	-661.0973	-827.3075	166.2102	5.404119
1296	-651.504	-818.6525	167.1486	4.884376
1302	-651.1835	-818.4389	167.2554	4.824823
1308	-642.2724	-808.6129	166.3406	5.332231
1314	-649.4338	-816.611	167.1772	4.868432
1320	-651.5782	-819.687	168.1088	4.345875
1326	-648.0247	-816.1335	168.1088	4.345875
1332	-647.5831	-814.9626	167.3795	4.755547
1338	-643.9737	-812.7185	168.7448	3.984422
1344	-647.861	-815.3539	167.4929	4.69215
1350	-639.4468	-807.6035	168.1568	4.318739
1356	-648.0003	-815.5145	167.5141	4.680254
1362	-662.707	-830.6115	167.9045	4.461078
1368	-656.1159	-822.9857	166.8698	5.039403
1374	-665.2176	-832.9891	167.7715	4.535904
1380	-646.5071	-813.0289	166.5218	5.232134
1386	-641.0033	-809.1726	168.1693	4.311638
1392	-657.3092	-823.5006	166.1914	5.414489
1398	-656.5869	-823.5093	166.9224	5.010165
1404	-648.6456	-816.5905	167.9449	4.438327
1410	-645.7873	-813.3531	167.5658	4.651333
1416	-644.7807	-812.1087	167.328	4.784297
1422	-653.3823	-820.8787	167.4964	4.690167
1428	-647.941	-814.4844	166.5434	5.220198
1434	-653.4978	-821.5087	168.0109	4.401115
1440	-645.8775	-813.2224	167.3449	4.774849
1446	-639.4777	-806.5728	167.0951	4.914162
1452	-643.7221	-811.02	167.2979	4.801096
1458	-647.5035	-815.5376	168.0341	4.388026
1464	-640.7579	-808.792	168.0341	4.388026
1470	-648.4861	-816.1596	167.6734	4.590968
1476	-643.9029	-811.9013	167.9984	4.40816
1482	-652.8804	-821.2221	168.3417	4.213996
1488	-646.5765	-813.1952	166.6187	5.178541
1494	-642.3232	-810.2448	167.9216	4.451445
1500	-639.3875	-806.9178	167.5303	4.671223
1506	-641.8314	-809.3351	167.5037	4.68607
1512	-647.3968	-816.0186	168.6218	4.054696
1518	-637.0938	-805.7109	168.6171	4.057354
1524	-643.4551	-811.8878	168.4327	4.162344
1530	-649.2692	-817.6764	168.4072	4.176842
1536	-656.935	-824.9831	168.0482	4.380096
1542	-637.6976	-805.9726	168.275	4.251821
1548	-645.8103	-813.8068	167.9965	4.409265
1554	-644.5224	-812.4007	167.8783	4.475843
1560	-649.1585	-815.6661	166.5077	5.239955
1566	-656.7625	-824.2059	167.4435	4.719783
1572	-657.6356	-824.7536	167.118	4.901413
1578	-676.9399	-844.3096	167.3697	4.760999
1584	-671.1806	-838.4818	167.3013	4.799226
1590	-668.8396	-837.4271	168.5875	4.074227
1596	-659.623	-827.3008	167.6778	4.588528
1602	-656.2837	-823.7913	167.5076	4.68391
1608	-661.1473	-828.6549	167.5076	4.68391
1614	-649.8849	-817.6136	167.7287	4.55997
1620	-658.6685	-825.4648	166.7962	5.080213
1626	-651.9402	-819.5115	167.5713	4.648243
1632	-649.8583	-816.5193	166.661	5.155136
1638	-642.8885	-809.9401	167.0516	4.938352
1644	-647.2629	-813.984	166.7211	5.121837
1650	-647.3058	-814.4449	167.1391	4.889661
1656	-654.7305	-821.7658	167.0353	4.947446
1662	-653.0526	-820.0423	166.9898	4.972751
1668	-654.2591	-822.4849	168.2258	4.279692
1674	-649.0049	-817.021	168.0161	4.398199
1680	-659.9207	-827.9368	168.0161	4.398199
1686	-662.3497	-829.3272	166.9774	4.979595
1692	-660.079	-826.4012	166.3222	5.342368
1698	-674.1296	-840.4711	166.3415	5.331755
1704	-664.7672	-830.5418	165.7746	5.643605
1710	-653.9777	-821.77	167.7923	4.524229
1716	-654.9246	-821.8984	166.9738	4.981628
1722	-659.6535	-828.1624	168.5089	4.11897
1728	-641.0363	-808.5572	167.5209	4.676435
1734	-644.6275	-812.0711	167.4436	4.719688
1740	-644.8991	-813.1181	168.219	4.283531
1746	-647.9317	-816.245	168.3133	4.230096
1752	-642.2757	-809.2044	166.9287	5.006696
1758	-642.3142	-809.5446	167.2305	4.838729
1764	-655.1604	-822.3909	167.2305	4.838729
1770	-655.38	-823.3382	167.9582	4.430844
1776	-641.4749	-808.4672	166.9923	4.97133
1782	-635.1321	-802.8942	167.7621	4.541162
1788	-641.9415	-809.9174	167.9759	4.42088
1794	-636.9337	-804.7888	167.8551	4.488878
1800	-643.6484	-811.6406	167.9922	4.411667
1806	-642.3931	-810.0981	167.7049	4.573284
1812	-651.0258	-818.9724	167.9466	4.43739
1818	-648.3629	-815.6344	167.2715	4.815824
1824	-650.2958	-817.9851	167.6893	4.582064
1830	-649.3861	-816.9409	167.5548	4.657477
1836	-656.6191	-823.1362	166.5171	5.234746
1842	-658.4143	-825.7904	167.3761	4.757465
1848	-655.0976	-822.3582	167.2606	4.821911
1854	-642.4122	-810.3147	167.9025	4.462234
1860	-647.5856	-814.4956	166.91	5.017059
1866	-654.2548	-823.3073	169.0525	3.807911
1872	-661.745	-830.0211	168.2761	4.251173
1878	-645.5249	-812.6031	167.0782	4.923584
1884	-663.7226	-830.7531	167.0306	4.95006
1890	-667.6376	-835.0016	167.364	4.764198
1896	-656.2368	-823.4429	167.2061	4.852331
1902	-657.9558	-825.1813	167.2255	4.841516
1908	-662.2568	-829.4827	167.2258	4.841316
1914	-650.3497	-817.513	167.1633	4.876194
1920	-640.1689	-806.8379	166.669	5.150704
1926	-649.5699	-817.5703	168.0003	4.407093
1932	-654.8832	-822.5367	167.6534	4.602194
1938	-655.6304	-824.66	169.0296	3.821113
1944	-656.0219	-823.0879	167.0661	4.930308
1950	-654.643	-822.2914	167.6484	4.605026
1956	-663.3946	-830.9017	167.5071	4.684176
1962	-665.3713	-832.8784	167.5071	4.684176
1968	-664.8882	-832.6987	167.8105	4.514004
1974	-647.0061	-814.8165	167.8105	4.514004
1980	-654.7544	-823.1832	168.4288	4.164563
1986	-653.7008	-820.5068	166.806	5.07479
1992	-639.1693	-806.1347	166.9654	4.986276
1998	-645.3566	-812.7686	167.4119	4.737415
2004	-650.5654	-818.1845	167.6191	4.62147
2010	-646.1435	-813.001	166.8576	5.046173
2016	-652.6181	-820.3008	167.6827	4.585789
2022	-664.73	-831.573	166.843	5.054254
2028	-665.197	-832.9408	167.7438	4.55145
2034	-662.8085	-830.5333	167.7248	4.562144
2040	-662.2869	-830.3288	168.0419	4.383625
2046	-648.4054	-816.4473	168.0419	4.383625
2052	-658.8523	-824.8134	165.9611	5.541217
2058	-654.9446	-823.1335	168.189	4.300525
2064	-653.8593	-820.967	167.1077	4.907127
2070	-648.1177	-815.49	167.3723	4.759573
2076	-661.0902	-830.3848	169.2946	3.668204
2082	-643.4285	-810.959	167.5305	4.671083
2088	-646.0907	-812.0064	165.9158	5.566092
2094	-645.0161	-813.3309	168.3148	4.229252
2100	-651.8405	-818.6756	166.8351	5.058655
2106	-657.7641	-825.0323	167.2682	4.817689
2112	-657.9288	-825.6565	167.7277	4.560495
2118	-644.8932	-811.8792	166.9859	4.974878
2124	-657.0784	-824.8076	167.7292	4.559664
2130	-656.76	-824.6044	167.8444	4.494927
2136	-658.7941	-827.144	168.3499	4.209334
2142	-654.2205	-820.3055	166.085	5.473084
2148	-655.5434	-821.6284	166.085	5.473084
2154	-659.6962	-827.086	167.3897	4.749834
2160	-666.321	-834.6315	168.3105	4.231711
2166	-661.0629	-829.4388	168.376	4.194559
2172	-661.8719	-830.2479	168.376	4.194559
2178	-667.0177	-834.4579	167.4403	4.721583
2184	-659.4865	-826.3692	166.8827	5.03225
2190	-653.4673	-821.4976	168.0303	4.390196
2196	-661.8923	-829.732	167.8396	4.497602
2202	-656.6413	-822.8838	166.2425	5.386299
2208	-655.0261	-822.8216	167.7955	4.522409
2214	-661.7037	-828.9378	167.234	4.836753
2220	-655.1462	-822.8788	167.7326	4.55773
2226	-667.5458	-835.0338	167.488	4.69488
2232	-679.6518	-847.2638	167.612	4.62542
2238	-664.1025	-831.0779	166.9754	4.980705
2244	-656.8165	-824.7079	167.8914	4.468483
2250	-654.0947	-822.3818	168.287	4.244996
2256	-659.8336	-826.4613	166.6276	5.173611
2262	-654.2801	-821.7696	167.4896	4.693991
2268	-650.7144	-818.3094	167.5951	4.634905
2274	-646.3436	-814.4691	168.1255	4.336424
2280	-648.1176	-816.208	168.0905	4.356213
2286	-643.7678	-811.8583	168.0905	4.356213
2292	-645.0515	-812.5211	167.4696	4.705187
2298	-647.2328	-815.7694	168.5367	4.103194
2304	-640.9414	-809.1652	168.2238	4.280785
2310	-651.772	-818.4043	166.6323	5.171007
2316	-659.4118	-827.6027	168.1909	4.299426
2322	-671.3285	-839.1628	167.8343	4.500615
2328	-658.001	-826.2278	168.2268	4.279126
2334	-657.5881	-824.8484	167.2603	4.822114
2340	-656.489	-822.876	166.387	5.306602
2346	-657.0039	-823.748	166.7441	5.109114
2352	-654.0808	-821.387	167.3063	4.796452
2358	-665.7137	-832.9158	167.2021	4.854562
2364	-645.5702	-813.4418	167.8716	4.479624
2370	-664.1577	-830.5254	166.3677	5.317284
2376	-649.3647	-817.2109	167.8462	4.493921
2382	-659.0979	-827.213	168.1151	4.342288
2388	-655.0748	-823.3514	168.2766	4.250905
2394	-653.9925	-822.0334	168.0409	4.384167
2400	-662.9533	-830.0249	167.0716	4.92724
2406	-668.8047	-835.443	166.6383	5.167708
2412	-651.5638	-819.157	167.5932	4.635966
2418	-662.3194	-830.4515	168.132	4.332721
2424	-643.9124	-811.4461	167.5337	4.669318
2430	-653.8937	-821.8962	168.0025	4.405864
2436	-661.4581	-829.1763	167.7182	4.565856
2442	-676.5412	-843.4403	166.899	5.023155
2448	-652.3196	-820.5374	168.2177	4.284255
2454	-659.8959	-827.731	167.8351	4.500158
2460	-665.6362	-831.5499	165.9137	5.567246
2466	-655.6758	-822.6645	166.9887	4.973343
2472	-669.5173	-837.8167	168.2994	4.237997
2478	-670.3547	-838.094	167.7393	4.554019
2484	-659.8331	-826.4418	166.6086	5.184126
2490	-653.1357	-819.9068	166.771	5.094178
2496	-660.2722	-828.3643	168.092	4.355318
2502	-652.7343	-819.7175	166.9833	4.976365
2508	-648.4124	-815.9153	167.5029	4.686518
2514	-647.9543	-815.4238	167.4696	4.70519
2520	-642.6921	-810.6889	167.9969	4.409032
2526	-647.6492	-814.9346	167.2853	4.808123
2532	-647.8886	-814.4329	166.5443	5.219698
2538	-646.625	-814.1271	167.5021	4.687004
2544	-644.5766	-811.6532	167.0766	4.924454
2550	-661.2527	-829.0711	167.8184	4.509564
2556	-652.4916	-820.534	168.0424	4.383346
2562	-657.9911	-824.749	166.7579	5.101469
2568	-649.6335	-816.4264	166.793	5.081994
2574	-647.7926	-815.2025	167.4099	4.738538
2580	-651.2963	-819.6097	168.3133	4.230091
2586	-649.5444	-816.1017	166.5572	5.212563
2592	-641.7138	-810.0742	168.3604	4.203361
2598	-649.8351	-818.0392	168.2041	4.291957
2604	-664.0543	-830.3805	166.3262	5.34018
2610	-672.1935	-840.247	168.0536	4.377039
2616	-670.4953	-837.7466	167.2513	4.827123
2622	-663.1405	-831.3635	168.223	4.281268
2628	-670.0646	-837.13	167.0654	4.93069
2634	-656.4022	-823.9771	167.5749	4.646231
2640	-646.1899	-813.6404	167.4504	4.715885
2646	-643.0902	-811.4717	168.3815	4.191403
2652	-647.2907	-814.6816	167.3909	4.74918
2658	-649.6288	-817.2143	167.5856	4.640237
2664	-650.3125	-817.2852	166.9728	4.982187
2670	-646.6352	-814.5009	167.8657	4.482923
2676	-651.6826	-819.6056	167.923	4.450689
2682	-640.2436	-808.1666	167.923	4.450689
2688	-643.1166	-811.2915	168.175	4.308439
2694	-654.7611	-823.2265	168.4654	4.143746
2700	-637.5191	-806.0823	168.5632	4.088084
2706	-654.0602	-821.4836	167.4234	4.731026
2712	-653.1384	-820.5618	167.4234	4.731026
2718	-649.1685	-816.5919	167.4234	4.731026
2724	-654.9307	-822.5588	167.6281	4.616394
2730	-655.6564	-822.3203	166.6638	5.153571
2736	-653.2591	-821.5956	168.3365	4.216925
2742	-665.5133	-833.565	168.0517	4.378098
2748	-665.4066	-832.6824	167.2758	4.813458
2754	-667.5139	-834.1132	166.5993	5.189294
2760	-666.4124	-833.1179	166.7055	5.130514
2766	-655.3557	-823.1122	167.7566	4.54429
2772	-647.3725	-814.7098	167.3373	4.779145
2778	-666.3091	-833.5155	167.2063	4.852196
2784	-655.9879	-824.0816	168.0937	4.354398
2790	-651.1493	-818.0105	166.8612	5.044155
2796	-643.1451	-809.7286	166.5835	5.198022
2802	-655.605	-822.4851	166.8802	5.033629
2808	-652.8522	-819.3966	166.5444	5.219676
2814	-647.3763	-815.4043	168.0281	4.391441
2820	-648.168	-816.0619	167.894	4.467007
2826	-647.4803	-815.4228	167.9425	4.439698
2832	-653.7171	-820.2263	166.5092	5.239124
2838	-650.8313	-818.0825	167.2512	4.827165
2844	-654.2401	-821.9852	167.7451	4.550717
2850	-659.7947	-827.4459	167.6512	4.603442
2856	-643.9721	-812.0304	168.0583	4.374369
2862	-642.1331	-809.5618	167.4287	4.72807
2868	-647.9893	-815.5118	167.5225	4.675561
2874	-638.9767	-806.9088	167.9321	4.445529
2880	-639.32	-807.4412	168.1212	4.338861
2886	-643.9436	-812.4457	168.5021	4.122877
2892	-649.1191	-817.7839	168.6648	4.030135
2898	-652.6891	-819.9461	167.257	4.823924
2904	-645.1546	-813.2407	168.0861	4.35869
2910	-645.7942	-813.5876	167.7934	4.523594
2916	-640.0586	-806.9041	166.8455	5.052867
2922	-648.3228	-816.7544	168.4316	4.162953
2928	-649.5265	-817.0599	167.5334	4.669456
2934	-670.2298	-837.0475	166.8176	5.068338
2940	-666.2806	-834.1879	167.9073	4.459502
2946	-667.1941	-834.1143	166.9202	5.011422
2952	-659.6847	-826.3444	166.6597	5.155833
2958	-658.5611	-825.4722	166.9111	5.016462
2964	-666.5653	-834.3527	167.7874	4.526984
2970	-649.5972	-816.8156	167.2184	4.845451
2976	-661.5477	-828.8619	167.3142	4.792031
2982	-650.4621	-818.2515	167.7894	4.525823
2988	-655.0353	-821.0086	165.9733	5.534484
2994	-651.7704	-818.9313	167.1609	4.877493
3000	-657.8124	-825.5268	167.7144	4.567949
3006	-659.3171	-827.3413	168.0242	4.393641
3012	-663.2856	-829.8387	166.5532	5.214815
3018	-658.4458	-824.5527	166.1069	5.461011
3024	-659.9838	-824.5813	164.5975	6.286047
3030	-643.019	-810.813	167.7939	4.523289
3036	-660.2751	-827.6539	167.3788	4.755911
3042	-656.5333	-823.9935	167.4602	4.710423
3048	-641.1384	-808.2848	167.1464	4.885604
3054	-646.8837	-814.4182	167.5345	4.66887
3060	-639.991	-807.3616	167.3707	4.760482
3066	-649.3571	-816.0837	166.7266	5.118809
3072	-652.1792	-820.099	167.9198	4.45247
3078	-664.5771	-832.3009	167.7238	4.562673
3084	-658.2416	-825.9652	167.7236	4.562821
3090	-656.8744	-824.2048	167.3304	4.782956
3096	-659.1187	-826.5483	167.4296	4.727538
3102	-658.278	-825.0716	166.7937	5.081624
3108	-651.8933	-819.3269	167.4335	4.72535
3114	-655.4969	-821.8534	166.3564	5.323503
3120	-648.8113	-815.5764	166.765	5.09751
3126	-641.3927	-809.058	167.6653	4.59554
3132	-657.89	-825.9125	168.0225	4.3946
3138	-647.5486	-814.7167	167.1681	4.873494
3144	-642.9652	-811.1884	168.2232	4.281151
3150	-646.9154	-814.1708	167.2555	4.824794
3156	-661.6675	-828.5564	166.8889	5.028783
3162	-645.5205	-812.7438	167.2233	4.842743
3168	-654.3687	-822.3683	167.9996	4.407492
3174	-648.3376	-815.4048	167.0672	4.929674
3180	-647.3941	-814.9569	167.5628	4.652989
3186	-651.1629	-818.1754	167.0125	4.960105
3192	-643.7659	-811.9172	168.1512	4.321861
3198	-659.7938	-828.4599	168.6662	4.02936
3204	-655.4346	-823.3295	167.8949	4.466483
3210	-656.7288	-824.6237	167.8949	4.466483
3216	-652.9153	-820.1805	167.2652	4.819352
3222	-663.3903	-831.3357	167.9454	4.438052
3228	-661.717	-829.8244	168.1074	4.346647
3234	-664.9515	-833.0485	168.097	4.352529
3240	-658.7023	-825.8897	167.1874	4.862724
3246	-653.2651	-820.9675	167.7024	4.574726
3252	-650.181	-818.3696	168.1886	4.300734
3258	-669.4722	-837.0865	167.6143	4.624119
3264	-665.5324	-833.068	167.5356	4.668215
3270	-655.3958	-822.6316	167.2358	4.835748
3276	-660.8813	-828.0987	167.2175	4.845991
3282	-660.5055	-827.2056	166.7002	5.133439
3288	-666.5383	-834.5983	168.06	4.373399
3294	-662.8707	-828.4653	165.5947	5.742238
3300	-654.5877	-822.8117	168.2239	4.280735
3306	-654.5961	-822.8153	168.2193	4.283372
3312	-651.2826	-819.4514	168.1688	4.311912
3318	-645.0795	-811.9197	166.8402	5.055797
3324	-653.4153	-821.3536	167.9383	4.442059
3330	-658.2605	-825.3834	167.1228	4.898728
3336	-662.721	-830.7252	168.0042	4.404921
3342	-650.894	-819.5603	168.6663	4.029279
3348	-656.1529	-825.0258	168.8729	3.911115
3354	-656.0017	-824.7551	168.7534	3.979539
3360	-643.9275	-812.4988	168.5713	4.083493
3366	-640.1961	-808.1873	167.9912	4.41224
3372	-651.0367	-819.0278	167.9912	4.41224
3378	-641.2882	-809.2319	167.9437	4.439001
3384	-646.2464	-814.1901	167.9437	4.439001
3390	-644.3249	-812.3819	168.057	4.375105
3396	-649.8818	-816.3445	166.4627	5.264821
3402	-647.8783	-814.7776	166.8992	5.023036
3408	-638.0476	-806.5969	168.5493	4.096001
3414	-646.4793	-813.0228	166.5435	5.220131
3420	-646.699	-813.9118	167.2128	4.848599
3426	-638.9718	-807.4799	168.5082	4.119411
3432	-640.9151	-807.8204	166.9053	5.019681
3438	-652.8131	-820.2038	167.3907	4.749303
3444	-643.381	-810.6913	167.3104	4.794151
3450	-644.1145	-811.6482	167.5338	4.669263
3456	-652.6184	-820.3251	167.7067	4.57231
3462	-648.794	-816.8011	168.007	4.403312
3468	-656.1037	-823.2922	167.1885	4.862133
3474	-648.7174	-815.5075	166.7902	5.083565
3480	-651.2329	-818.6112	167.3783	4.756233
3486	-656.4717	-824.4573	167.9856	4.415392
3492	-654.018	-822.0036	167.9856	4.415392
3498	-647.7737	-813.3303	165.5566	5.763096
3504	-661.1629	-827.2046	166.0417	5.496858
3510	-659.6369	-826.4974	166.8605	5.04457
3516	-648.6485	-816.2171	167.5686	4.649763
3522	-653.6539	-821.2225	167.5686	4.649763
3528	-661.0398	-828.2287	167.1889	4.861893
3534	-646.1809	-812.6808	166.4999	5.244232
3540	-644.1852	-812.5026	168.3173	4.227813
3546	-651.9052	-820.2226	168.3173	4.227813
3552	-654.0693	-821.59	167.5208	4.676542
3558	-659.3163	-827.3583	168.042	4.383554
3564	-644.5249	-811.8677	167.3428	4.776041
3570	-644.989	-811.3005	166.3115	5.348275
3576	-667.3871	-833.7353	166.3482	5.32803
3582	-658.9834	-826.6148	167.6313	4.614585
3588	-654.4449	-821.1949	166.75	5.105824
3594	-657.9158	-825.4009	167.4851	4.696501
3600	-658.9753	-825.1308	166.1555	5.434237
3606	-656.7449	-824.4824	167.7374	4.555038
3612	-649.2469	-817.2507	168.0038	4.405105
3618	-645.0128	-812.2925	167.2797	4.811268
3624	-646.8003	-814.1698	167.3695	4.76115
3630	-668.5614	-833.9379	165.3765	5.861597
3636	-649.7304	-817.184	167.4536	4.714119
3642	-647.5901	-814.9686	167.3785	4.756116
3648	-642.488	-809.4797	166.9917	4.97168
3654	-651.6061	-819.4538	167.8477	4.493054
3660	-661.9454	-828.583	166.6376	5.168077
3666	-656.2355	-823.0042	166.7688	5.095433
3672	-653.9806	-820.7493	166.7688	5.095433
3678	-646.2308	-812.6322	166.4014	5.298683
3684	-651.8192	-819.4206	167.6014	4.63135
3690	-645.7712	-812.6902	166.919	5.01208
3696	-653.6007	-821.9552	168.3545	4.20676
3702	-664.4861	-831.2748	166.7887	5.084386
3708	-663.2436	-829.9023	166.6586	5.156444
3714	-654.8355	-821.691	166.8555	5.047292
3720	-649.5156	-816.3711	166.8555	5.047292
3726	-652.9312	-820.4211	167.4899	4.693812
3732	-660.2812	-828.1456	167.8645	4.483631
3738	-659.3632	-827.5017	168.1385	4.329092
3744	-645.6638	-813.0203	167.3565	4.768406
3750	-654.5922	-821.9487	167.3565	4.768406
3756	-665.0262	-831.8128	166.7866	5.085541
3762	-654.3618	-822.6942	168.3324	4.219249
3768	-646.6035	-813.5683	166.9648	4.986608
3774	-651.1865	-818.2423	167.0558	4.936036
3780	-657.4214	-824.8356	167.4142	4.736138
3786	-650.4808	-818.6091	168.1282	4.334876
3792	-651.6725	-818.9531	167.2807	4.810734
3798	-659.917	-827.727	167.81	4.514258
3804	-655.3554	-822.7272	167.3719	4.759821
3810	-655.1376	-822.0522	166.9146	5.014516
3816	-643.0283	-810.2116	167.1833	4.865002
3822	-639.1555	-806.5617	167.4062	4.740617
3828	-635.2769	-802.576	167.2991	4.800431
3834	-642.519	-808.8409	166.3219	5.342526
3840	-640.4768	-806.8405	166.3637	5.319501
3846	-653.9498	-820.3139	166.3642	5.319211
3852	-648.5861	-817.0488	168.4627	4.145249
3858	-644.6031	-811.9772	167.3742	4.758527
3864	-643.3111	-811.6018	168.2907	4.242894
3870	-650.8614	-818.01	167.1486	4.884382
3876	-665.4794	-832.8279	167.3485	4.772881
3882	-654.8499	-822.1984	167.3485	4.772881
3888	-656.9126	-824.2611	167.3485	4.772881
3894	-653.3348	-820.4334	167.0985	4.912236
3900	-655.045	-822.3958	167.3508	4.771594
3906	-666.0981	-833.3392	167.2411	4.832818
3912	-659.1294	-825.9134	166.784	5.086967
3918	-661.6506	-829.1314	167.4808	4.698904
3924	-656.3663	-824.1582	167.7919	4.52443
3930	-648.1138	-814.7924	166.6786	5.145399
3936	-647.9142	-815.3992	167.485	4.696565
3942	-660.3458	-826.9642	166.6185	5.178683
3948	-648.9406	-816.7053	167.7647	4.539734
3954	-648.4516	-815.6477	167.1961	4.857909
3960	-653.374	-820.5449	167.1709	4.871918
3966	-655.0386	-822.7696	167.731	4.558649
3972	-648.4242	-817.5314	169.1071	3.776482
3978	-643.2769	-810.4411	167.1642	4.875698
3984	-637.5076	-806.4583	168.9507	3.866482
3990	-646.7225	-814.2329	167.5104	4.682351
3996	-656.9748	-825.0541	168.0794	4.362466
4002	-652.4884	-819.0786	166.5902	5.194334
4008	-651.7739	-819.4816	167.7076	4.571781
4014	-644.476	-812.4114	167.9355	4.443649
4020	-655.7132	-823.2906	167.5773	4.644852
4026	-648.5397	-815.4098	166.8701	5.039196
4032	-656.7051	-823.9503	167.2452	4.830506
4038	-658.9316	-826.3534	167.4218	4.731904
4044	-659.0739	-826.4957	167.4218	4.731904
4050	-654.9647	-823.0625	168.0978	4.352057
4056	-660.223	-827.8381	167.6151	4.623675
4062	-657.7872	-824.1558	166.3687	5.316743
4068	-657.776	-824.9164	167.1404	4.888946
4074	-659.6609	-826.8013	167.1404	4.888946
4080	-671.9212	-839.8923	167.9711	4.423554
4086	-655.2099	-822.3291	167.1192	4.900717
4092	-654.6726	-821.7919	167.1192	4.900717
4098	-661.9449	-829.0641	167.1192	4.900717
4104	-660.7176	-827.9515	167.2339	4.836818
4110	-681.0143	-847.7094	166.6952	5.136222
4116	-678.0561	-845.186	167.13	4.894743
4122	-661.8553	-828.8939	167.0386	4.945583
4128	-672.8626	-839.5413	166.6787	5.145343
4134	-673.483	-840.3756	166.8926	5.026704
4140	-663.5751	-831.3372	167.7621	4.541174
4146	-671.5646	-839.1511	167.5865	4.639731
4152	-657.7605	-825.4431	167.6826	4.585826
4158	-662.8022	-829.4005	166.5983	5.189834
4164	-667.3501	-834.5384	167.1883	4.862232
4170	-667.3235	-833.8196	166.4962	5.246321
4176	-666.4915	-832.7306	166.2391	5.388173
4182	-662.7681	-829.006	166.2379	5.388854
4188	-662.3465	-829.8847	167.5382	4.66677
4194	-659.1656	-825.7139	166.5484	5.217469
4200	-664.9384	-831.478	166.5396	5.222296
4206	-669.0931	-836.5977	167.5046	4.685588
4212	-674.808	-842.3126	167.5046	4.685588
4218	-664.0833	-832.083	167.9997	4.407461
4224	-662.5633	-829.8014	167.2381	4.834496
4230	-659.2481	-825.4118	166.1636	5.429766
4236	-650.9755	-818.3451	167.3697	4.761049
4242	-678.4726	-845.9395	167.4669	4.706682
4248	-667.9419	-835.4088	167.4669	4.706682
4254	-672.736	-841.028	168.292	4.242168
4260	-666.5454	-834.2773	167.732	4.558114
4266	-652.6028	-820.3409	167.7381	4.554678
4272	-646.0296	-813.3368	167.3072	4.79594
4278	-654.3325	-821.4263	167.0938	4.914902
4284	-651.2972	-818.3654	167.0682	4.92912
4290	-645.0219	-812.9587	167.9369	4.442858
4296	-657.4421	-825.3789	167.9369	4.442858
4302	-663.3771	-830.5116	167.1345	4.892196
4308	-661.0726	-828.8217	167.7491	4.548507
4314	-650.5386	-817.2447	166.7061	5.130151
4320	-661.7965	-828.1331	166.3366	5.334411
4326	-661.1172	-827.4461	166.3288	5.338714
4332	-651.3302	-817.6229	166.2927	5.358663
4338	-657.0434	-823.6002	166.5568	5.212801
4344	-657.7213	-825.1129	167.3916	4.748793
4350	-659.5557	-827.6203	168.0646	4.370811
4356	-648.292	-815.5691	167.277	4.812753
4362	-659.8984	-826.3672	166.4688	5.26143
4368	-652.601	-820.7707	168.1698	4.311377
4374	-656.8392	-824.2474	167.4082	4.739529
4380	-682.9145	-849.351	166.4365	5.279298
4386	-661.127	-827.5635	166.4365	5.279298
4392	-658.6467	-827.2451	168.5984	4.06801
4398	-662.6634	-830.4924	167.8291	4.503546
4404	-656.5339	-824.7994	168.2655	4.257223
4410	-652.9141	-819.8613	166.9472	4.996406
4416	-648.1119	-815.3832	167.2713	4.815977
4422	-650.4896	-817.7989	167.3094	4.794724
4428	-653.4621	-821.6112	168.1491	4.323081
4434	-648.0962	-815.2601	167.1639	4.875849
4440	-669.082	-835.6364	166.5544	5.214121
4446	-676.1688	-842.9544	166.7856	5.086097
4452	-655.7253	-823.5469	167.8216	4.507715
4458	-661.281	-828.9185	167.6374	4.611164
4464	-660.7896	-827.1691	166.3795	5.310781
4470	-661.8511	-829.539	167.6878	4.582882
4476	-650.7894	-817.8425	167.0531	4.93754
4482	-655.5436	-822.4172	166.8737	5.037244
4488	-658.5575	-825.4311	166.8737	5.037244
4494	-647.5215	-816.3365	168.815	3.944298
4500	-654.1759	-821.2893	167.1134	4.903983
4506	-660.3268	-828.1689	167.8421	4.496235
4512	-655.2846	-823.1576	167.873	4.478842
4518	-659.1856	-827.5312	168.3457	4.211754
4524	-660.1774	-828.1531	167.9758	4.420939
4530	-641.611	-809.8707	168.2598	4.260433
4536	-647.2288	-815.1441	167.9153	4.455016
4542	-644.4285	-812.3437	167.9153	4.455016
4548	-646.6705	-815.0571	168.3865	4.188546
4554	-640.6902	-808.3167	167.6265	4.617287
4560	-644.8221	-813.488	168.6659	4.029493
4566	-644.1294	-812.4662	168.3368	4.216754
4572	-662.6755	-829.2945	166.619	5.178402
4578	-651.6068	-818.4935	166.8867	5.03001
4584	-656.4245	-823.9102	167.4857	4.696142
4590	-656.4392	-823.6665	167.2273	4.84051
4596	-663.4838	-831.3671	167.8834	4.472995
4602	-672.0663	-839.426	167.3597	4.766607
4608	-662.4466	-829.9306	167.484	4.697103
4614	-674.2993	-840.8375	166.5381	5.223136
4620	-659.5221	-827.1991	167.677	4.588977
4626	-663.1499	-830.0618	166.9119	5.015999
4632	-645.1746	-813.0087	167.8341	4.500697
4638	-647.0421	-814.9589	167.9168	4.454182
4644	-660.103	-827.4496	167.3466	4.773945
4650	-671.8901	-839.2366	167.3466	4.773945
4656	-671.0083	-839.1098	168.1016	4.349942
4662	-659.3667	-825.8973	166.5306	5.227278
4668	-648.4228	-814.5981	166.1753	5.423344
4674	-650.8089	-818.4704	167.6615	4.597668
4680	-652.2865	-819.948	167.6615	4.597668
4686	-652.3599	-820.0214	167.6615	4.597668
4692	-658.8514	-826.5129	167.6615	4.597668
4698	-659.4392	-826.918	167.4788	4.70002
4704	-643.172	-810.6508	167.4788	4.70002
4710	-657.4171	-824.8959	167.4788	4.70002
4716	-645.0687	-813.5879	168.5193	4.113099
4722	-645.3699	-813.0518	167.6819	4.586232
4728	-638.3353	-806.5956	168.2603	4.260114
4734	-646.2637	-813.3985	167.1349	4.892007
4740	-665.3238	-832.2132	166.8894	5.028502
4746	-655.9794	-824.3614	168.382	4.191098
4752	-663.1018	-830.605	167.5033	4.686329
4758	-656.8627	-824.0193	167.1565	4.879934
4764	-651.9116	-819.0682	167.1565	4.879934
4770	-655.499	-823.463	167.9639	4.427599
4776	-648.7896	-815.99	167.2003	4.855535
4782	-648.281	-815.5309	167.2498	4.82793
4788	-643.7679	-810.8504	167.0825	4.921186
4794	-655.7132	-822.2959	166.5827	5.198465
4800	-663.4882	-830.0666	166.5784	5.200866
4806	-657.1391	-823.1589	166.0198	5.508923
4812	-671.8344	-839.6858	167.8513	4.491009
4818	-659.2958	-826.4129	167.1171	4.901911
4824	-665.7167	-832.9546	167.238	4.83455
4830	-662.8179	-831.0396	168.2217	4.281996
4836	-667.7466	-834.6869	166.9403	5.000232
4842	-666.5305	-833.501	166.9705	4.983448
4848	-672.5181	-840.2187	167.7006	4.575716
4854	-653.9199	-820.4192	166.4993	5.244589
4860	-648.9284	-816.1666	167.2382	4.834412
4866	-657.8949	-825.4044	167.5095	4.682862
4872	-649.6843	-816.4451	166.7607	5.099875
4878	-670.7018	-838.7531	168.0514	4.378277
4884	-659.2149	-827.2663	168.0514	4.378277
4890	-658.2767	-824.4411	166.1645	5.429322
4896	-671.3821	-839.4328	168.0507	4.378651
4902	-660.5214	-827.9764	167.4551	4.713309
4908	-662.9015	-829.8336	166.932	5.004827
4914	-656.6108	-823.6842	167.0733	4.926259
4920	-660.7928	-827.6974	166.9045	5.020097
4926	-664.3078	-830.9604	166.6526	5.159808
4932	-669.0832	-836.47	167.3868	4.75146
4938	-664.399	-832.2745	167.8755	4.47741
4944	-659.3372	-828.2735	168.9363	3.87472
4950	-654.9189	-822.0771	167.1581	4.879055
4956	-662.435	-829.5931	167.1581	4.879055
4962	-662.4786	-829.2842	166.8056	5.074993
4968	-654.7066	-821.5122	166.8056	5.074993
4974	-653.1465	-820.8659	167.7194	4.565156
4980	-657.2834	-825.1564	167.8731	4.478774
4986	-661.9533	-829.8264	167.8731	4.478774
4992	-679.0766	-846.9497	167.8731	4.478774
4998	-661.9319	-828.2629	166.331	5.33752
5004	-676.5997	-842.9307	166.331	5.33752
5010	-661.973	-828.304	166.331	5.33752
5016	-660.4158	-828.3335	167.9177	4.453668
5022	-664.1209	-830.4978	166.3769	5.312199
5028	-660.3032	-827.1826	166.8794	5.034037
5034	-665.4851	-832.7459	167.2609	4.821783
5040	-659.8094	-827.8017	167.9923	4.411586
5046	-656.7043	-824.6966	167.9923	4.411586
5052	-653.9459	-821.5572	167.6113	4.625811
5058	-659.2195	-826.8308	167.6113	4.625811
5064	-667.9184	-835.7372	167.8188	4.509321
5070	-663.0054	-830.2697	167.2643	4.819869
5076	-653.8406	-821.2156	167.375	4.75805
5082	-658.2071	-825.526	167.3189	4.789374
5088	-659.3287	-826.2888	166.9601	4.989234
5094	-665.6752	-832.936	167.2608	4.821802
5100	-658.9459	-826.2062	167.2603	4.822077
5106	-640.5106	-808.6042	168.0935	4.354483
5112	-648.0486	-815.935	167.8864	4.471265
5118	-655.9895	-824.3698	168.3802	4.192132
5124	-657.3207	-824.6698	167.3491	4.772532
5130	-676.5063	-843.3387	166.8324	5.060122
5136	-667.8273	-835.2182	167.3908	4.749224
5142	-662.8026	-830.5469	167.7443	4.551168
5148	-664.4815	-833.1218	168.6402	4.044153
5154	-661.7261	-829.3546	167.6286	4.616141
5160	-662.3999	-830.4446	168.0447	4.38204
5166	-654.5114	-821.1653	166.6539	5.159061
5172	-652.4939	-820.4232	167.9293	4.447129
5178	-643.0628	-810.5227	167.4599	4.710584
5184	-644.5744	-811.651	167.0767	4.924413
5190	-652.64	-820.4365	167.7965	4.521861
5196	-647.4777	-814.3703	166.8925	5.026765
5202	-644.7854	-811.6186	166.8332	5.059678
5208	-643.4171	-811.006	167.5888	4.638419
5214	-638.3951	-806.0752	167.6801	4.587235
5220	-644.3001	-812.7408	168.4407	4.157794
5226	-653.2901	-821.1235	167.8334	4.50113
5232	-663.0776	-829.007	165.9293	5.55866
5238	-661.4352	-829.0577	167.6225	4.619539
5244	-664.7793	-831.8742	167.0949	4.914241
5250	-654.1864	-820.6728	166.4864	5.251702
5256	-663.4918	-830.0577	166.5658	5.207795
5262	-657.7708	-823.4237	165.6528	5.710377
5268	-652.8151	-821.0241	168.209	4.289181
5274	-666.4281	-834.443	168.0149	4.398852
5280	-657.5292	-825.5441	168.0149	4.398852
5286	-652.8295	-820.501	167.6715	4.592054
5292	-656.6241	-824.54	167.9159	4.454677
5298	-647.696	-815.4267	167.7307	4.558835
5304	-655.2845	-822.8568	167.5723	4.647676
5310	-650.7466	-818.5024	167.7558	4.544732
5316	-638.35	-806.2819	167.9319	4.445636
5322	-650.9987	-817.5008	166.5021	5.243039
5328	-644.1822	-811.8864	167.7042	4.57368
5334	-653.6032	-820.2808	166.6776	5.145959
5340	-664.9652	-832.6996	167.7344	4.556758
5346	-658.1382	-826.0255	167.8874	4.470737
5352	-658.3488	-826.2175	167.8687	4.481242
5358	-655.6169	-824.294	168.6771	4.023113
5364	-650.0063	-817.0875	167.0812	4.921897
5370	-654.0794	-821.5203	167.4409	4.721235
5376	-664.0432	-831.0985	167.0552	4.93635
5382	-657.9628	-825.6766	167.7138	4.56832
5388	-657.7817	-824.7546	166.9729	4.982108
5394	-664.8994	-832.9591	168.0598	4.373554
5400	-656.8203	-824.0685	167.2482	4.828833
5406	-639.2857	-805.7648	166.479	5.255782
5412	-644.6567	-811.2114	166.5547	5.213961
5418	-634.2508	-802.6065	168.3557	4.206034
5424	-640.5062	-808.3325	167.8263	4.505108
5430	-656.1226	-823.3758	167.2532	4.826071
5436	-654.9873	-821.7006	166.7133	5.126178
5442	-637.619	-805.3384	167.7194	4.565172
5448	-647.0821	-815.805	168.7228	3.996991
5454	-655.1469	-822.0995	166.9526	4.993409
5460	-648.582	-816.6922	168.1102	4.345066
5466	-650.156	-816.8813	166.7253	5.119526
5472	-647.6137	-815.3022	167.6885	4.582531
5478	-645.3402	-811.7364	166.3962	5.301533
5484	-650.2006	-818.7818	168.5812	4.077822
5490	-652.3175	-819.9965	167.679	4.587853
5496	-665.8796	-833.505	167.6255	4.617872
5502	-650.3697	-818.0231	167.6534	4.602223
5508	-653.6549	-819.7195	166.0646	5.484291
5514	-645.4098	-813.3969	167.9871	4.414529
5520	-643.9318	-811.2478	167.316	4.791009
5526	-667.2865	-834.5938	167.3073	4.795887
5532	-656.9564	-823.2718	166.3155	5.346081
5538	-649.9376	-818.1147	168.1772	4.307207
5544	-647.543	-815.7202	168.1772	4.307207
5550	-646.2294	-813.3641	167.1347	4.89211
5556	-645.6147	-813.485	167.8703	4.480343
5562	-651.0369	-819.0248	167.9879	4.414085
5568	-653.3376	-820.3703	167.0327	4.94888
5574	-653.0865	-820.5458	167.4593	4.710936
5580	-648.0096	-816.344	168.3343	4.218169
5586	-644.5052	-812.6713	168.1661	4.313449
5592	-646.2026	-812.6217	166.4191	5.288903
5598	-641.7193	-808.3735	166.6543	5.158875
5604	-646.4998	-814.0222	167.5224	4.675646
5610	-647.3697	-816.0474	168.6777	4.02278
5616	-654.937	-823.6147	168.6777	4.02278
5622	-647.1182	-813.8184	166.7002	5.133416
5628	-649.2803	-817.5608	168.2805	4.248684
5634	-658.6901	-825.557	166.867	5.040948
5640	-663.7429	-831.3137	167.5708	4.648499
5646	-662.8963	-830.2408	167.3446	4.77506
5652	-649.9679	-817.7552	167.7872	4.527055
5658	-658.0615	-826.6109	168.5494	4.09594
5664	-646.8938	-814.2366	167.3428	4.776027
5670	-649.4447	-817.2104	167.7657	4.539141
5676	-641.5212	-809.2949	167.7737	4.534681
5682	-645.9732	-814.0322	168.0589	4.374009
5688	-642.9234	-810.6562	167.7329	4.557604
5694	-648.9131	-816.646	167.7329	4.557604
5700	-659.5795	-826.5869	167.0073	4.962972
5706	-656.8876	-823.9604	167.0728	4.926535
5712	-653.1298	-820.1318	167.002	4.965943
5718	-655.2376	-822.2396	167.002	4.965943
5724	-653.5942	-821.9692	168.3751	4.195065
5730	-660.0696	-827.9668	167.8972	4.4652
5736	-666.209	-833.0572	166.8482	5.051351
5742	-660.7862	-827.5407	166.7545	5.103349
5748	-661.7806	-827.6934	165.9129	5.567688
5754	-657.0187	-824.4918	167.4731	4.703195
5760	-657.9221	-826.3009	168.3788	4.192957
5766	-646.2309	-813.8225	167.5916	4.636863
5772	-650.5076	-817.9134	167.4058	4.740858
5778	-647.4715	-814.8773	167.4058	4.740858
5784	-645.5156	-812.8023	167.2867	4.807384
5790	-664.2808	-831.5675	167.2867	4.807384
5796	-668.8625	-836.1147	167.2522	4.826599
5802	-662.1312	-829.9224	167.7912	4.524858
5808	-665.5398	-832.9523	167.4124	4.737136
5814	-661.4682	-828.3015	166.8333	5.059634
5820	-654.3475	-822.5673	168.2198	4.283056
5826	-661.1613	-828.8443	167.683	4.58561
5832	-647.8886	-815.9351	168.0465	4.38104
5838	-651.0887	-817.5917	166.5029	5.242595
5844	-658.4409	-825.7938	167.3528	4.770443
5850	-654.9065	-822.5223	167.6158	4.623277
5856	-661.2596	-827.8128	166.5532	5.214796
5862	-659.1878	-825.741	166.5532	5.214796
5868	-647.8405	-814.3601	166.5195	5.233414
5874	-644.1573	-812.6278	168.4705	4.140824
5880	-663.9293	-831.7847	167.8554	4.488738
5886	-659.3881	-826.7934	167.4053	4.741109
5892	-665.3049	-832.7102	167.4053	4.741109
5898	-651.4734	-819.0718	167.5984	4.633044
5904	-646.789	-815.3096	168.5206	4.112324
5910	-651.3468	-818.9424	167.5956	4.63461
5916	-648.7817	-817.2789	168.4972	4.12565
5922	-642.6726	-810.8686	168.196	4.296529
5928	-644.3491	-812.046	167.6969	4.57781
5934	-644.493	-812.1425	167.6495	4.604405
5940	-663.3942	-831.0437	167.6495	4.604405
5946	-658.7168	-827.2119	168.4951	4.126846
5952	-654.1544	-822.6397	168.4853	4.13242
5958	-654.8144	-823.291	168.4766	4.137353
5964	-647.6191	-814.4497	166.8306	5.061127
5970	-644.6465	-813.2563	168.6098	4.061523
5976	-649.5784	-818.1882	168.6098	4.061523
5982	-653.6117	-820.4442	166.8326	5.060037
5988	-660.8503	-827.7607	166.9104	5.01686
5994	-642.0779	-809.8857	167.8078	4.515516
6000	-652.5502	-821.3232	168.773	3.96831
6006	-657.3436	-826.3845	169.0409	3.814585
6012	-649.5113	-817.6187	168.1074	4.346633
6018	-654.3954	-821.5539	167.1586	4.87881
6024	-652.7176	-819.4086	166.691	5.138534
6030	-650.327	-816.9408	166.6138	5.181283
6036	-638.986	-806.3366	167.3506	4.771695
6042	-646.3363	-813.6869	167.3506	4.771695
6048	-643.1192	-810.7519	167.6327	4.61383
6054	-652.3586	-818.5128	166.1542	5.434966
6060	-655.8582	-822.4173	166.5591	5.211506
6066	-656.0139	-823.0925	167.0786	4.923342
6072	-659.2812	-826.0591	166.7779	5.090358
6078	-665.6101	-832.7665	167.1564	4.880008
6084	-657.4075	-824.8055	167.398	4.745209
6090	-659.0082	-825.9401	166.9319	5.004895
6096	-663.3759	-830.2969	166.921	5.010948
6102	-653.862	-821.6883	167.8264	4.505047
6108	-642.4775	-810.4952	168.0178	4.397256
6114	-656	-823.711	167.711	4.569901
6120	-662.4417	-830.263	167.8213	4.507925
6126	-666.4699	-834.2912	167.8213	4.507925
6132	-659.732	-826.3149	166.5828	5.198395
6138	-654.2394	-822.1981	167.9587	4.430525
6144	-646.599	-814.0619	167.4628	4.708957
6150	-650.2445	-817.761	167.5164	4.678963
6156	-662.193	-828.9122	166.7192	5.122899
6162	-674.4441	-841.7848	167.3408	4.777191
6168	-655.8157	-823.623	167.8073	4.515785
6174	-649.5175	-816.6701	167.1526	4.882113
6180	-648.5243	-816.0543	167.53	4.671385
6186	-657.4114	-825.9577	168.5463	4.09769
6192	-662.4456	-830.8699	168.4243	4.167084
6198	-661.2948	-829.3267	168.0319	4.38925
6204	-652.1196	-819.6828	167.5632	4.652772
6210	-636.322	-804.1434	167.8214	4.507859
6216	-645.4506	-813.272	167.8214	4.507859
6222	-656.093	-823.2841	167.1911	4.860672
6228	-656.0994	-823.2905	167.1911	4.860672
6234	-656.0831	-822.689	166.6059	5.185661
6240	-664.7184	-831.4174	166.699	5.134096
6246	-649.1777	-816.7182	167.5405	4.665498
6252	-632.6527	-800.1932	167.5405	4.665498
6258	-644.2416	-812.1679	167.9262	4.44884
6264	-659.3665	-826.359	166.9925	4.97122
6270	-657.1593	-825.8017	168.6424	4.042919
6276	-663.3056	-830.3393	167.0337	4.948318
6282	-658.7788	-825.9546	167.1758	4.869203
6288	-658.2157	-825.3915	167.1758	4.869203
6294	-670.6805	-836.5964	165.9158	5.566062
6300	-668.8774	-836.0469	167.1696	4.872681
6306	-671.2261	-838.9565	167.7304	4.558971
6312	-668.1379	-834.9501	166.8122	5.071365
6318	-671.2024	-837.7011	166.4987	5.244923
6324	-676.9285	-842.6281	165.6997	5.684706
6330	-671.197	-838.3104	167.1134	4.903981
6336	-669.5247	-835.8666	166.3419	5.331528
6342	-660.6639	-828.0197	167.3557	4.768832
6348	-665.35	-833.03	167.6799	4.587325
6354	-664.856	-832.3294	167.4734	4.703058
6360	-657.7729	-825.4558	167.6829	4.585676
6366	-656.7866	-823.1027	166.3161	5.345716
6372	-652.4478	-819.5665	167.1187	4.901032
6378	-654.0372	-821.5306	167.4934	4.691852
6384	-650.1979	-816.9573	166.7594	5.100624
6390	-651.008	-818.8798	167.8718	4.479515
6396	-651.5836	-818.551	166.9673	4.985211
6402	-644.5969	-811.9873	167.3905	4.749411
6408	-656.4018	-824.2142	167.8124	4.512889
6414	-656.956	-823.6213	166.6652	5.152801
6420	-666.8454	-834.2041	167.3587	4.767143
6426	-653.2872	-820.4248	167.1376	4.890495
6432	-649.6939	-816.1381	166.4443	5.275005
6438	-654.8518	-821.6635	166.8117	5.071623
6444	-655.8823	-823.1084	167.2261	4.841164
6450	-653.1052	-819.7397	166.6345	5.169808
6456	-655.0491	-820.8142	165.7651	5.648801
6462	-639.3341	-806.0513	166.7173	5.123973
6468	-647.4372	-815.8212	168.384	4.190011
6474	-639.6834	-806.9439	167.2605	4.821987
6480	-656.136	-822.7923	166.6563	5.15774
6486	-662.5937	-831.0378	168.4441	4.155837
6492	-662.4477	-830.4078	167.9601	4.429759
6498	-654.2659	-822.1245	167.8586	4.486935
6504	-646.6751	-813.9126	167.2375	4.834827
6510	-650.7407	-817.9551	167.2144	4.847699
6516	-654.1552	-821.6072	167.4519	4.715061
6522	-657.3561	-824.808	167.4519	4.715061
6528	-669.2135	-836.0725	166.859	5.045378
6534	-663.1107	-829.5665	166.4558	5.268649
6540	-660.1457	-827.0561	166.9104	5.016817
6546	-650.8979	-817.9438	167.0459	4.941502
6552	-649.4051	-817.689	168.2839	4.246752
6558	-647.4004	-815.2825	167.8821	4.47368
6564	-654.6094	-822.5694	167.96	4.429831
6570	-658.41	-825.8158	167.4058	4.740854
6576	-663.2718	-829.3453	166.0735	5.479361
6582	-645.2143	-813.1401	167.9258	4.449091
6588	-639.8629	-807.7183	167.8554	4.488737
6594	-649.8201	-817.7851	167.965	4.426976
6600	-641.0228	-809.4131	168.3903	4.186408
6606	-650.5305	-817.0899	166.5594	5.211341
6612	-644.8015	-811.4532	166.6517	5.160282
6618	-647.9702	-815.7081	167.7379	4.554781
6624	-652.9149	-820.3604	167.4456	4.718604
6630	-651.955	-819.3198	167.3648	4.763768
6636	-647.2391	-814.6038	167.3648	4.763768
6642	-650.9337	-819.1953	168.2616	4.259391
6648	-650.209	-817.5857	167.3767	4.757094
6654	-642.1919	-809.0187	166.8267	5.063278
6660	-645.4847	-812.362	166.8773	5.035219
6666	-657.8439	-824.7351	166.8912	5.027489
6672	-663.7546	-830.8464	167.0919	4.915958
6678	-649.0287	-816.3647	167.3359	4.779896
6684	-657.2838	-824.2365	166.9527	4.993372
6690	-657.191	-824.4485	167.2574	4.823687
6696	-659.5679	-825.75	166.1821	5.419595
6702	-652.7257	-820.4397	167.714	4.568216
6708	-654.659	-822.5138	167.8548	4.489087
6714	-650.5709	-817.7833	167.2124	4.84879
6720	-652.6001	-820.5032	167.9031	4.461871
6726	-651.1362	-816.976	165.8397	5.607851
6732	-655.9404	-823.3062	167.3659	4.763169
6738	-651.581	-818.77	167.189	4.861867
6744	-657.4099	-825.608	168.1981	4.295361
6750	-650.2778	-818.661	168.3832	4.190421
6756	-664.4162	-831.6966	167.2804	4.810889
6762	-648.7953	-817.2069	168.4115	4.174345
6768	-654.1979	-821.9041	167.7062	4.572566
6774	-668.684	-836.3383	167.6543	4.601721
6780	-655.8551	-822.9672	167.1121	4.904687
6786	-665.5265	-832.7887	167.2622	4.821062
6792	-650.6854	-817.7016	167.0161	4.958079
6798	-643.6454	-810.4041	166.7587	5.100994
6804	-648.406	-816.0246	167.6186	4.621714
6810	-647.5885	-816.3117	168.7233	3.996746
6816	-651.5086	-819.9057	168.3971	4.182571
6822	-657.7085	-824.8136	167.1051	4.908557
6828	-677.7718	-844.8769	167.1051	4.908557
6834	-672.6674	-840.134	167.4666	4.706839
6840	-659.469	-826.9357	167.4666	4.706839
6846	-654.5462	-822.9639	168.4177	4.170861
6852	-647.8253	-814.3505	166.5252	5.230293
6858	-659.4586	-827.0961	167.6375	4.611107
6864	-671.6707	-838.6847	167.014	4.959282
6870	-654.1273	-820.8643	166.737	5.11303
6876	-661.492	-827.0231	165.5311	5.777014
6882	-657.3504	-823.9266	166.5762	5.202079
6888	-663.9683	-831.1689	167.2006	4.855381
6894	-656.1616	-824.1434	167.9817	4.417574
6900	-661.9879	-829.3087	167.3208	4.788341
6906	-664.2843	-832.3119	168.0276	4.391702
6912	-650.3855	-817.4767	167.0912	4.916323
6918	-652.3162	-819.1643	166.8481	5.05142
6924	-656.9458	-823.665	166.7192	5.122899
6930	-653.498	-821.3055	167.8075	4.515665
6936	-642.2548	-810.4274	168.1726	4.309792
6942	-643.8306	-810.8299	166.9994	4.967412
6948	-652.6574	-820.8495	168.1921	4.298755
6954	-656.2787	-822.7282	166.4495	5.272105
6960	-651.7763	-818.8609	167.0845	4.920036
6966	-650.5063	-818.4935	167.9872	4.41447
6972	-634.6991	-801.7078	167.0087	4.962212
6978	-652.261	-818.7377	166.4766	5.25711
6984	-655.7704	-822.8232	167.0529	4.93765
6990	-656.8262	-824.0856	167.2594	4.822625
6996	-654.6558	-822.1893	167.5334	4.669449
7002	-643.9177	-811.6915	167.7739	4.534573
7008	-656.4705	-824.3131	167.8426	4.495933
7014	-668.6966	-835.1684	166.4718	5.259775
7020	-652.078	-819.7141	167.636	4.611951
7026	-652.8431	-819.7714	166.9283	5.00688
7032	-664.1871	-830.7353	166.5482	5.217565
7038	-655.873	-822.8672	166.9943	4.97025
7044	-655.3768	-823.9735	168.5967	4.06899
7050	-646.2381	-813.8036	167.5656	4.651446
7056	-654.6771	-822.4868	167.8096	4.514471
7062	-651.3115	-818.5523	167.2408	4.832987
7068	-660.0779	-827.3187	167.2408	4.832987
7074	-657.7342	-824.4863	166.7522	5.10463
7080	-661.4644	-829.0145	167.5501	4.660127
7086	-652.3372	-819.5473	167.21	4.850128
7092	-650.5925	-817.8025	167.21	4.850128
7098	-649.9868	-816.4994	166.5126	5.237211
7104	-639.1694	-806.4048	167.2354	4.835986
7110	-645.7753	-812.6471	166.8718	5.038261
7116	-638.1435	-805.3385	167.195	4.858499
7122	-651.7764	-818.9714	167.195	4.858499
7128	-657.8104	-825.0054	167.195	4.858499
7134	-650.359	-816.7584	166.3994	5.299773
7140	-663.7147	-830.7969	167.0822	4.921335
7146	-651.9161	-818.5592	166.643	5.165084
7152	-652.6332	-820.6131	167.9799	4.418621
7158	-652.3931	-819.6274	167.2343	4.836605
7164	-653.948	-821.054	167.106	4.90809
7170	-653.9938	-821.4941	167.5003	4.687982
7176	-645.2976	-812.4035	167.1059	4.908152
7182	-655.6311	-823.5571	167.926	4.448989
7188	-648.0758	-816.0162	167.9405	4.440822
7194	-644.6054	-812.6206	168.0152	4.398675
7200	-654.4774	-821.6968	167.2194	4.844911
7206	-647.2326	-813.7586	166.526	5.229834
7212	-648.2264	-815.8443	167.6179	4.622108
7218	-653.2132	-820.8016	167.5884	4.638641
7224	-664.7632	-831.7993	167.0361	4.946972
7230	-650.1308	-816.7301	166.5993	5.18929
7236	-654.9663	-822.1069	167.1406	4.888815
7242	-652.4469	-819.4926	167.0457	4.941641
7248	-670.6606	-838.0565	167.3958	4.746428
7254	-678.868	-844.9092	166.0411	5.497195
7260	-663.1306	-829.9405	166.81	5.072592
7266	-667.8544	-836.2056	168.3512	4.208632
7272	-664.182	-831.1459	166.9639	4.987112
7278	-658.7554	-825.6324	166.8771	5.035347
7284	-655.0006	-822.0087	167.0082	4.96251
7290	-662.3984	-829.2712	166.8728	5.037714
7296	-668.4206	-833.9806	165.5599	5.761247
7302	-662.1483	-829.9999	167.8516	4.490837
7308	-665.8217	-832.5199	166.6982	5.134528
7314	-666.6365	-835.2122	168.5757	4.080929
7320	-653.9396	-821.8487	167.9091	4.458519
7326	-675.4111	-843.0848	167.6736	4.590849
7332	-670.9818	-838.965	167.9831	4.416777
7338	-667.0965	-835.341	168.2445	4.269088
7344	-670.5406	-838.6938	168.1532	4.320784
7350	-658.2294	-826.5221	168.2928	4.241735
7356	-657.9925	-824.9979	167.0054	4.964051
7362	-665.4823	-831.9957	166.5133	5.236824
7368	-670.5503	-838.6561	168.1058	4.347548
7374	-665.0764	-832.3416	167.2652	4.819365
7380	-666.6018	-834.8346	168.2328	4.275736
7386	-655.3554	-823.5881	168.2328	4.275736
7392	-657.8557	-826.1114	168.2557	4.262761
7398	-650.4198	-817.645	167.2252	4.841659
7404	-662.6343	-829.8595	167.2252	4.841659
7410	-663.6546	-830.8108	167.1562	4.880109
7416	-659.4291	-826.5854	167.1562	4.880109
7422	-644.5835	-811.9358	167.3523	4.770724
7428	-637.0349	-804.8227	167.7878	4.526751
7434	-651.7082	-820.3632	168.655	4.035753
7440	-657.9981	-823.8007	165.8026	5.628244
7446	-650.1401	-815.9427	165.8026	5.628244
7452	-648.3326	-815.2324	166.8998	5.022716
7458	-647.8921	-815.4535	167.5614	4.653781
7464	-646.7162	-814.8081	168.092	4.355369
7470	-643.4727	-811.1421	167.6694	4.593223
7476	-662.0183	-829.6647	167.6464	4.60612
7482	-645.9283	-813.5205	167.5923	4.636485
7488	-642.5604	-810.2378	167.6774	4.588764
7494	-650.3482	-819.1189	168.7707	3.969619
7500	-641.6953	-809.3819	167.6867	4.583545
7506	-658.7776	-826.3028	167.5252	4.674053
7512	-651.7813	-819.4266	167.6452	4.606784
7518	-650.7162	-818.3614	167.6452	4.606784
7524	-654.5662	-822.4116	167.8454	4.49435
7530	-648.8758	-817.3777	168.5019	4.122973
7536	-640.3009	-808.1364	167.8355	4.499945
7542	-647.2219	-814.9019	167.68	4.587294
7548	-658.2331	-825.2199	166.9868	4.974378
7554	-667.3831	-834.8246	167.4415	4.720917
7560	-669.2175	-837.276	168.0585	4.374264
7566	-666.741	-834.2266	167.4857	4.696187
7572	-659.7355	-826.8205	167.085	4.919779
7578	-648.2779	-815.7182	167.4403	4.721588
7584	-640.1337	-807.574	167.4403	4.721588
7590	-668.5731	-835.7216	167.1485	4.884402
7596	-653.8128	-820.6988	166.8859	5.030435
7602	-649.3011	-816.8488	167.5477	4.661446
7608	-653.3578	-820.1641	166.8063	5.074624
7614	-659.8402	-827.1041	167.2639	4.82011
7620	-665.0905	-831.4265	166.336	5.334765
7626	-672.02	-839.3941	167.3741	4.758572
7632	-663.2476	-830.6261	167.3785	4.756108
7638	-662.9991	-830.9075	167.9084	4.4589
7644	-650.3344	-818.406	168.0716	4.366878
7650	-652.2709	-819.8377	167.5669	4.650727
7656	-643.1085	-809.8586	166.7501	5.105777
7662	-636.857	-804.3422	167.4853	4.696408
7668	-642.6194	-809.1756	166.5562	5.213112
7674	-647.1664	-814.9717	167.8054	4.516856
7680	-652.6178	-819.0731	166.4554	5.268866
7686	-648.0524	-815.7099	167.6575	4.599891
7692	-653.888	-821.5455	167.6575	4.599891
7698	-654.9386	-822.5962	167.6575	4.599891
7704	-663.767	-830.6922	166.9252	5.008626
7710	-661.5352	-829.4275	167.8924	4.467917
7716	-654.3847	-820.7894	166.4047	5.29682
7722	-658.2655	-824.7487	166.4832	5.253495
7728	-662.2848	-828.7679	166.4832	5.253495
7734	-666.9357	-834.1238	167.1881	4.862377
7740	-660.4218	-827.6098	167.1881	4.862377
7746	-669.7864	-837.2792	167.4928	4.69221
7752	-682.1523	-850.5541	168.4019	4.179852
7758	-658.2747	-825.7069	167.4321	4.726127
7764	-647.6933	-815.6074	167.9142	4.455634
7770	-646.7354	-814.7062	167.9708	4.423755
7776	-655.9706	-824.0685	168.0979	4.352
7782	-650.0762	-817.2353	167.1591	4.878518
7788	-652.9642	-820.2292	167.2649	4.819517
7794	-643.7473	-812.3114	168.5641	4.087553
7800	-638.0571	-805.6703	167.6132	4.624751
7806	-640.8981	-807.9174	167.0193	4.956296
7812	-672.7787	-839.8575	167.0789	4.92319
7818	-664.55	-831.6289	167.0789	4.92319
7824	-652.7763	-821.3246	168.5484	4.096526
7830	-645.831	-813.9258	168.0948	4.35377
7836	-652.6179	-820.9263	168.3084	4.232883
7842	-663.912	-831.7345	167.8226	4.507203
7848	-656.3453	-824.4666	168.1213	4.338791
7854	-640.5459	-808.2579	167.712	4.569328
7860	-645.7739	-813.4365	167.6626	4.597066
7866	-641.1367	-809.2893	168.1526	4.321104
7872	-644.3636	-812.5162	168.1526	4.321104
7878	-647.3875	-815.7022	168.3147	4.229316
7884	-653.9931	-820.5046	166.5115	5.237829
7890	-650.916	-818.1703	167.2543	4.825446
7896	-647.539	-813.4906	165.9516	5.546418
7902	-654.0983	-821.6047	167.5063	4.684614
7908	-655.5393	-822.5948	167.0556	4.936147
7914	-652.3305	-820.5372	168.2067	4.29047
7920	-660.3028	-826.8468	166.544	5.219888
7926	-653.5616	-821.8367	168.2751	4.251732
7932	-660.9701	-827.5337	166.5636	5.209059
7938	-646.6344	-814.1839	167.5495	4.66042
7944	-646.1579	-813.5985	167.4406	4.721391
7950	-642.6763	-810.5144	167.838	4.498508
7956	-637.1056	-805.3217	168.2161	4.285152
7962	-645.9497	-814.5078	168.5581	4.090973
7968	-644.3087	-811.3252	167.0165	4.957885
7974	-657.4971	-824.9836	167.4864	4.695765
7980	-654.7624	-821.9627	167.2003	4.855534
7986	-649.0573	-816.6063	167.5491	4.66069
7992	-641.4999	-808.8816	167.3817	4.754297
7998	-647.636	-815.0178	167.3817	4.754297
8004	-642.9678	-809.9997	167.0319	4.949318
8010	-647.9766	-814.7772	166.8006	5.077793
8016	-659.3699	-826.1705	166.8006	5.077793
8022	-654.6743	-821.4749	166.8006	5.077793
8028	-648.9018	-817.4916	168.5899	4.072883
8034	-652.9397	-820.0291	167.0894	4.917334
8040	-644.3119	-812.5789	168.267	4.256353
8046	-644.767	-812.5592	167.7922	4.524266
8052	-649.0943	-816.8865	167.7922	4.524266
8058	-650.8584	-818.9817	168.1233	4.33765
8064	-654.6325	-822.7558	168.1233	4.33765
8070	-663.6897	-832.3076	168.6179	4.056896
8076	-649.6887	-816.8321	167.1434	4.887259
8082	-660.7401	-828.1022	167.3621	4.765246
8088	-657.5889	-825.4975	167.9086	4.458784
8094	-644.4493	-811.1194	166.6701	5.150079
8100	-647.9334	-815.888	167.9546	4.432861
8106	-645.35	-813.1669	167.8169	4.510382
8112	-641.9791	-809.7436	167.7645	4.539819
8118	-638.9749	-806.4189	167.444	4.719481
8124	-653.706	-822.0645	168.3585	4.204483
8130	-660.0804	-827.8341	167.7537	4.545884
8136	-655.9754	-823.5753	167.5999	4.632233
8142	-655.2698	-822.8443	167.5744	4.64648
8148	-657.4792	-824.3297	166.8505	5.050096
8154	-663.2735	-830.3855	167.1119	4.904782
8160	-654.5801	-822.5765	167.9964	4.409279
8166	-648.425	-816.5971	168.1721	4.310075
8172	-645.882	-812.4636	166.5815	5.199128
8178	-645.0452	-812.2347	167.1896	4.861532
8184	-643.1518	-810.5655	167.4137	4.736457
8190	-650.1619	-818.1188	167.957	4.431522
8196	-647.9566	-815.673	167.7164	4.566865
8202	-645.188	-812.2553	167.0674	4.929595
8208	-656.2136	-824.0931	167.8795	4.475162
8214	-653.4369	-821.0518	167.615	4.623762
8220	-649.84	-817.5898	167.7498	4.548123
8226	-643.2809	-811.0307	167.7498	4.548123
8232	-651.7717	-819.7466	167.9749	4.421435
8238	-653.2045	-821.2144	168.0099	4.40168
8244	-646.1607	-813.6255	167.4648	4.707833
8250	-644.4638	-811.0714	166.6075	5.184731
8256	-635.452	-802.8186	167.3667	4.762715
8262	-659.2335	-826.0733	166.8399	5.056001
8268	-656.0455	-822.9439	166.8985	5.023473
8274	-645.3001	-813.4548	168.1546	4.31995
8280	-647.4165	-815.153	167.7365	4.555572
8286	-658.7372	-825.6594	166.9222	5.010276
8292	-673.2791	-841.8347	168.5556	4.092417
8298	-653.8066	-821.022	167.2153	4.847168
8304	-659.6942	-826.4714	166.7772	5.090754
8310	-657.0377	-824.9276	167.89	4.469255
8316	-651.6436	-819.5336	167.89	4.469255
8322	-649.7668	-817.5977	167.8309	4.502489
8328	-650.0257	-817.7761	167.7505	4.547715
8334	-662.1086	-829.035	166.9264	5.007977
8340	-674.2096	-839.7837	165.5741	5.753501
8346	-666.3035	-834.0427	167.7392	4.554052
8352	-657.5137	-825.6023	168.0886	4.357256
8358	-662.4699	-829.3702	166.9004	5.022406
8364	-657.871	-825.4558	167.5848	4.640649
8370	-666.8705	-833.1152	166.2447	5.385108
8376	-653.1975	-819.9222	166.7246	5.119898
8382	-657.6207	-825.2979	167.6772	4.588876
8388	-654.2834	-821.9606	167.6772	4.588876
8394	-651.3187	-818.3014	166.9827	4.976665
8400	-653.6655	-820.8368	167.1713	4.871715
8406	-640.2173	-807.5888	167.3714	4.760046
8412	-649.9534	-817.2598	167.3065	4.796341
8418	-648.3133	-815.5858	167.2724	4.815324
8424	-663.882	-830.6857	166.8037	5.076043
8430	-646.7364	-815.2634	168.527	4.108691
8436	-654.27	-822.432	168.1619	4.315823
8442	-653.0194	-819.1261	166.1067	5.461101
8448	-645.9398	-813.0155	167.0757	4.924948
8454	-657.1807	-824.7963	167.6156	4.623402
8460	-646.5312	-813.8989	167.3677	4.762114
8466	-655.846	-823.2138	167.3677	4.762114
8472	-654.487	-822.288	167.801	4.51933
8478	-657.6791	-825.0577	167.3785	4.756095
8484	-653.4286	-819.9071	166.4785	5.256082
8490	-656.3557	-823.8878	167.5321	4.67018
8496	-653.425	-821.1435	167.7185	4.565659
8502	-661.6534	-829.2043	167.5509	4.659676
8508	-656.1854	-823.7363	167.5509	4.659676
8514	-661.2086	-827.8644	166.6558	5.158005
8520	-658.3605	-826.6359	168.2754	4.251592
8526	-657.567	-825.9334	168.3665	4.199942
8532	-664.7883	-832.8598	168.0715	4.366916
8538	-650.4473	-817.6744	167.2271	4.840618
8544	-661.928	-830.2699	168.3419	4.213866
8550	-656.5937	-823.2608	166.667	5.151792
8556	-664.994	-831.1559	166.1619	5.430731
8562	-646.7356	-812.8975	166.1619	5.430731
8568	-658.6405	-825.6578	167.0172	4.957476
8574	-652.2327	-819.5674	167.3347	4.78059
8580	-653.1914	-820.7994	167.608	4.627677
8586	-653.0568	-819.4083	166.3515	5.326221
8592	-653.2378	-821.2572	168.0194	4.396298
8598	-653.5298	-820.0221	166.4923	5.24845
8604	-643.0038	-810.9091	167.9053	4.460663
8610	-652.3838	-820.402	168.0182	4.396989
8616	-646.0664	-812.4122	166.3459	5.329322
8622	-654.2722	-821.4457	167.1735	4.870491
8628	-652.0374	-819.1674	167.13	4.894745
8634	-657.421	-825.3865	167.9655	4.426718
8640	-648.2338	-815.1308	166.897	5.024299
8646	-645.847	-812.9012	167.0542	4.936913
8652	-648.6528	-815.6832	167.0305	4.950121
8658	-666.6732	-834.696	168.0228	4.394403
8664	-665.6547	-833.9457	168.291	4.242765
8670	-656.1271	-823.3148	167.1877	4.862571
8676	-647.3319	-814.5196	167.1877	4.862571
8682	-660.362	-828.4147	168.0527	4.377511
8688	-652.3761	-819.5449	167.1688	4.873084
8694	-655.3381	-822.9172	167.5791	4.643843
8700	-651.4819	-818.1643	166.6825	5.14325
8706	-640.7848	-809.381	168.5962	4.069272
8712	-646.5202	-814.5673	168.0471	4.380687
8718	-645.5962	-812.4636	166.8674	5.040726
8724	-650.4038	-818.5875	168.1837	4.303505
8730	-652.1862	-820.0266	167.8404	4.497172
8736	-662.2178	-830.4306	168.2127	4.287083
8742	-655.5628	-823.7454	168.1826	4.304127
8748	-656.4861	-823.9037	167.4175	4.734295
8754	-652.4326	-820.7228	168.2902	4.243192
8760	-661.493	-828.3955	166.9025	5.021236
8766	-657.6917	-824.3963	166.7046	5.130979
8772	-657.9267	-824.4787	166.552	5.215441
8778	-673.4014	-840.554	167.1526	4.882116
8784	-668.9115	-835.8717	166.9602	4.989192
8790	-650.2461	-818.4687	168.2225	4.281523
8796	-649.1156	-817.1011	167.9855	4.415469
8802	-658.3767	-825.7956	167.4189	4.733528
8808	-649.1514	-817.2415	168.0901	4.356394
8814	-648.5019	-815.5875	167.0855	4.91947
8820	-649.5212	-817.6872	168.166	4.313496
8826	-659.0995	-827.2656	168.166	4.313496
8832	-657.5316	-825.1148	167.5832	4.641574
8838	-653.5409	-821.9178	168.3768	4.194061
8844	-644.1987	-811.8797	167.6809	4.586765
8850	-650.9659	-819.5384	168.5725	4.082766
8856	-644.0968	-811.2447	167.148	4.884721
8862	-650.0762	-818.0373	167.961	4.429229
8868	-644.312	-811.6664	167.3544	4.769596
8874	-654.5055	-821.8985	167.393	4.748026
8880	-651.4932	-818.618	167.1249	4.897577
8886	-654.6492	-822.8718	168.2226	4.281494
8892	-666.3122	-833.651	167.3387	4.778315
8898	-658.1726	-825.4033	167.2307	4.838628
8904	-660.5836	-827.8143	167.2307	4.838628
8910	-660.578	-827.3456	166.7677	5.096028
8916	-656.2909	-823.0586	166.7677	5.096028
8922	-668.707	-835.9582	167.2511	4.827212
8928	-662.9602	-829.911	166.9507	4.994437
8934	-656.5912	-823.8262	167.235	4.836197
8940	-659.0129	-826.2479	167.235	4.836197
8946	-665.0386	-833.0243	167.9856	4.415362
8952	-660.2734	-828.4396	168.1662	4.313422
8958	-657.3384	-823.7995	166.4611	5.265689
8964	-662.5751	-831.1656	168.5905	4.072495
8970	-667.634	-835.4485	167.8145	4.511715
8976	-660.5723	-828.0314	167.4591	4.71105
8982	-660.3105	-828.4783	168.1679	4.31246
8988	-665.5292	-833.3933	167.8642	4.483792
8994	-656.1444	-824.0845	167.9402	4.441005
9000	-662.0152	-829.0825	167.0673	4.929595
9006	-646.8963	-814.5641	167.6678	4.594131
9012	-649.8207	-816.6364	166.8157	5.069406
9018	-653.0774	-819.2963	166.2189	5.399322
9024	-658.574	-825.2705	166.6965	5.13546
9030	-657.0783	-823.6981	166.6198	5.177966
9036	-661.4636	-829.2611	167.7976	4.521262
9042	-650.6338	-817.9856	167.3518	4.771005
9048	-648.156	-816.2521	168.0961	4.353018
9054	-656.9526	-823.3473	166.3947	5.302355
9060	-647.3557	-814.9242	167.5685	4.6498
9066	-641.5387	-809.1946	167.6559	4.600803
9072	-648.4622	-815.4511	166.9889	4.973224
9078	-665.2592	-833.2663	168.0071	4.403265
9084	-657.695	-825.002	167.307	4.796045
9090	-651.1941	-818.4184	167.2243	4.842189
9096	-653.9215	-820.0525	166.131	5.447744
9102	-650.1027	-817.3076	167.205	4.85296
9108	-656.3292	-823.5232	167.194	4.859062
9114	-650.406	-818.093	167.687	4.583349
9120	-652.3092	-819.8492	167.54	4.665793
9126	-645.3698	-813.2806	167.9108	4.457522
9132	-651.9168	-818.3349	166.418	5.289477
9138	-651.7684	-819.8197	168.0513	4.378345
9144	-667.4843	-834.558	167.0736	4.926095
9150	-660.9978	-827.581	166.5831	5.198231
9156	-647.4149	-815.2233	167.8084	4.515183
9162	-664.7543	-832.1807	167.4265	4.729291
9168	-658.2863	-825.3692	167.0829	4.920956
9174	-656.2851	-823.4836	167.1985	4.856566
9180	-659.7686	-826.5499	166.7813	5.088454
9186	-654.159	-821.1587	166.9997	4.967217
9192	-656.1908	-823.2687	167.078	4.923694
9198	-655.0953	-822.464	167.3687	4.761582
9204	-650.1735	-817.0705	166.897	5.024267
9210	-650.2764	-817.1022	166.8258	5.063814
9216	-654.5052	-821.331	166.8258	5.063814
9222	-656.1739	-822.6642	166.4902	5.249596
9228	-649.2623	-816.2443	166.982	4.977087
9234	-657.6331	-824.615	166.982	4.977087
9240	-645.0773	-812.6545	167.5772	4.644914
9246	-647.6844	-816.4862	168.8018	3.951805
9252	-661.9006	-828.8348	166.9342	5.003642
9258	-669.0884	-836.1582	167.0698	4.928233
9264	-652.8085	-820.9689	168.1604	4.316661
9270	-653.7322	-819.957	166.2248	5.396084
9276	-648.233	-815.4484	167.2154	4.847161
9282	-650.0339	-817.2478	167.2139	4.847951
9288	-656.1706	-822.1997	166.0291	5.50382
9294	-649.3998	-815.4289	166.0291	5.50382
9300	-658.158	-825.5365	167.3785	4.75612
9306	-653.4707	-821.3918	167.9211	4.451711
9312	-673.0195	-841.0189	167.9993	4.40764
9318	-663.2804	-829.8848	166.6044	5.186441
9324	-664.3704	-830.9749	166.6044	5.186441
9330	-664	-830.6045	166.6044	5.186441
9336	-651.2173	-819.0764	167.859	4.486676
9342	-668.0077	-834.6029	166.5951	5.191592
9348	-657.2009	-824.8021	167.6012	4.631493
9354	-653.3789	-820.9066	167.5276	4.672686
9360	-650.474	-817.5031	167.0291	4.950897
9366	-648.1389	-815.6667	167.5278	4.672598
9372	-648.6908	-816.8075	168.1167	4.341384
9378	-643.5896	-811.2211	167.6315	4.614487
9384	-641.5337	-808.2399	166.7062	5.13009
9390	-649.6936	-816.7093	167.0157	4.958333
9396	-650.055	-816.6551	166.6001	5.188848
9402	-665.7147	-834.1885	168.4737	4.138994
9408	-658.3897	-826.8634	168.4737	4.138994
9414	-644.4185	-812.8247	168.4063	4.177348
9420	-638.0478	-806.1319	168.0841	4.359802
9426	-651.2751	-819.096	167.8209	4.508144
9432	-648.5568	-815.3049	166.7481	5.106892
9438	-654.4628	-821.6563	167.1936	4.859297
9444	-652.3915	-819.6476	167.2561	4.824459
9450	-659.709	-826.5596	166.8505	5.050078
9456	-647.9643	-815.1007	167.1364	4.891138
9462	-656.8532	-824.1314	167.2782	4.812107
9468	-654.2855	-821.0749	166.7894	5.084009
9474	-652.0791	-818.8037	166.7246	5.119937
9480	-653.9299	-820.6545	166.7246	5.119937
9486	-656.8406	-825.1294	168.2888	4.243983
9492	-663.2827	-830.8573	167.5746	4.646384
9498	-655.7088	-823.0011	167.2923	4.804251
9504	-650.2536	-817.8556	167.6019	4.631076
9510	-654.5657	-822.0313	167.4656	4.707419
9516	-654.4632	-821.7536	167.2904	4.805294
9522	-652.9398	-820.2302	167.2904	4.805294
9528	-657.4588	-824.1684	166.7096	5.128205
9534	-645.7802	-814.0449	168.2647	4.257637
9540	-658.83	-826.9098	168.0799	4.362191
9546	-659.583	-826.0647	166.4817	5.254298
9552	-643.9749	-811.6652	167.6902	4.581536
9558	-644.6332	-812.8381	168.2049	4.291538
9564	-645.0476	-812.4899	167.4423	4.72044
9570	-642.0286	-809.2949	167.2663	4.818762
9576	-651.2879	-819.5062	168.2183	4.28392
9582	-656.101	-823.0995	166.9984	4.967927
9588	-656.6312	-823.6297	166.9984	4.967927
9594	-646.1863	-813.7052	167.5189	4.677583
9600	-644.6901	-812.8239	168.1339	4.331685
9606	-649.4422	-816.7674	167.3252	4.785855
9612	-647.5009	-815.5391	168.0381	4.385751
9618	-646.7631	-814.0422	167.279	4.811639
9624	-642.0022	-810.2483	168.2461	4.26816
9630	-630.8576	-797.9463	167.0887	4.917725
9636	-647.198	-814.8358	167.6378	4.610946
9642	-656.6738	-823.7986	167.1249	4.89757
9648	-657.5373	-824.6622	167.1249	4.89757
9654	-665.676	-832.5864	166.9104	5.016841
9660	-659.0766	-826.548	167.4714	4.704171
9666	-657.1761	-825.233	168.0569	4.375186
9672	-637.6774	-804.7485	167.0711	4.927484
9678	-633.2691	-800.2751	167.006	4.963731
9684	-655.5249	-822.4077	166.8829	5.032131
9690	-655.4404	-823.8357	168.3953	4.183583
9696	-648.2207	-816.0277	167.807	4.51597
9702	-652.8101	-820.1518	167.3417	4.776662
9708	-637.1317	-804.4734	167.3417	4.776662
9714	-642.8308	-809.3435	166.5128	5.237152
9720	-642.6993	-810.872	168.1726	4.309776
9726	-639.6119	-806.8276	167.2157	4.846951
9732	-645.9446	-813.8484	167.9038	4.46148
9738	-640.3459	-807.3797	167.0338	4.948253
9744	-652.0449	-820.4468	168.4019	4.179831
9750	-641.2307	-809.3878	168.1571	4.318556
9756	-639.8146	-807.2834	167.4689	4.705581
9762	-654.7911	-822.2781	167.487	4.695425
9768	-659.0132	-826.0636	167.0504	4.939027
9774	-650.0629	-818.12	168.0571	4.375058
9780	-649.6601	-816.4236	166.7636	5.098303
9786	-652.7758	-820.2208	167.4451	4.718896
9792	-647.4719	-814.5817	167.1099	4.90593
9798	-647.2846	-814.5021	167.2175	4.84598
9804	-645.2732	-812.2061	166.9329	5.004346
9810	-661.2612	-829.2796	168.0185	4.396843
9816	-665.3276	-833.7224	168.3948	4.183877
9822	-667.3214	-833.484	166.1626	5.43035
9828	-663.9247	-831.8117	167.887	4.470961
9834	-655.2254	-822.701	167.4756	4.701825
9840	-656.85	-824.8542	168.0042	4.404924
9846	-656.4726	-824.5863	168.1137	4.343096
9852	-663.191	-830.5703	167.3793	4.755645
9858	-665.7926	-833.2384	167.4458	4.718478
9864	-670.0306	-837.4178	167.3872	4.751252
9870	-657.6138	-824.9368	167.323	4.787105
9876	-655.1489	-822.4719	167.323	4.787105
9882	-648.3225	-815.6455	167.323	4.787105
9888	-651.1797	-819.5683	168.3886	4.18737
9894	-642.4556	-809.954	167.4984	4.689076
9900	-659.0536	-825.7031	166.6495	5.161519
9906	-668.9171	-835.0317	166.1146	5.456793
9912	-649.8503	-817.7068	167.8565	4.488094
9918	-650.9399	-819.1223	168.1824	4.304217
9924	-658.6217	-825.726	167.1044	4.908984
9930	-650.4897	-818.8507	168.361	4.203051
9936	-646.6335	-814.2565	167.623	4.619255
9942	-649.2925	-817.6326	168.3402	4.214862
9948	-641.3168	-808.576	167.2592	4.822704
9954	-643.6009	-810.5556	166.9547	4.992231
9960	-650.9498	-817.9045	166.9547	4.992231
9966	-658.567	-825.3582	166.7913	5.082946
9972	-654.912	-821.925	167.013	4.959849
9978	-659.3458	-827.3351	167.9893	4.413296
9984	-658.3768	-826.1079	167.731	4.558638
9990	-655.5734	-824.377	168.8035	3.950839
9996	-660.3931	-827.9418	167.5487	4.660884
10002	-650.9678	-819.0236	168.0558	4.375759
10008	-630.6093	-798.307	167.6977	4.577351
10014	-645.6705	-814.1357	168.4652	4.143842
10020	-661.6315	-828.213	166.5815	5.199147
10026	-671.6625	-840.2314	168.5688	4.084877
10032	-654.0767	-821.7901	167.7134	4.568521
10038	-650.2084	-817.249	167.0406	4.944492
10044	-648.2364	-816.4275	168.1911	4.299339
10050	-652.1689	-819.854	167.6851	4.584414
10056	-648.1799	-816.4229	168.243	4.269933
10062	-661.5816	-829.3098	167.7282	4.560253
10068	-658.1569	-825.9339	167.7771	4.532761
10074	-658.1905	-825.9676	167.7771	4.532761
10080	-656.2267	-824.0038	167.7771	4.532761
10086	-660.5282	-828.3061	167.7778	4.532335
10092	-663.712	-832.0333	168.3213	4.225587
10098	-672.4041	-840.7254	168.3213	4.225587
10104	-658.9745	-826.6996	167.7251	4.561957
10110	-667.9716	-834.7691	166.7975	5.079473
10116	-660.2402	-827.9026	167.6624	4.59715
10122	-670.3582	-836.4689	166.1107	5.458932
10128	-662.6723	-830.4429	167.7706	4.536428
10134	-660.8064	-827.6127	166.8063	5.074618
10140	-656.115	-823.0359	166.9209	5.011001
10146	-668.1363	-835.4961	167.3598	4.766542
10152	-678.7952	-846.2434	167.4482	4.717139
10158	-668.0774	-836.0003	167.9229	4.450728
10164	-677.9224	-844.7247	166.8023	5.076844
10170	-672.3873	-839.1895	166.8023	5.076844
10176	-679.8467	-846.649	166.8023	5.076844
10182	-671.9295	-838.5299	166.6004	5.188687
10188	-662.0454	-828.8136	166.7682	5.09575
10194	-668.7956	-836.3237	167.5281	4.672412
10200	-664.7891	-831.3517	166.5626	5.20959
10206	-663.604	-830.1666	166.5626	5.20959
10212	-649.7811	-816.2859	166.5048	5.241578
10218	-641.9812	-809.4802	167.499	4.688713
10224	-654.1716	-821.6706	167.499	4.688713
10230	-651.2854	-819.3393	168.0539	4.376871
10236	-645.5008	-813.2681	167.7672	4.5383
10242	-649.3999	-816.4811	167.0812	4.921907
10248	-660.7105	-828.7165	168.006	4.403902
10254	-659.3571	-826.4075	167.0505	4.938996
10260	-670.4759	-838.3685	167.8927	4.467759
10266	-666.7328	-834.0517	167.3189	4.789401
10272	-666.3959	-834.5134	168.1175	4.340932
10278	-655.2381	-823.0325	167.7944	4.523024
10284	-652.3946	-820.189	167.7944	4.523024
10290	-645.8428	-814.0966	168.2538	4.263806
10296	-649.6114	-817.944	168.3326	4.219165
10302	-657.5814	-824.2679	166.6865	5.140997
10308	-646.0681	-813.284	167.2159	4.84684
10314	-640.2604	-808.3019	168.0415	4.383837
10320	-640.7275	-808.302	167.5745	4.646428
10326	-650.732	-817.3553	166.6233	5.175997
10332	-649.6184	-817.4582	167.8398	4.497514
10338	-644.8614	-812.1477	167.2863	4.807569
10344	-651.2074	-818.5742	167.3669	4.762592
10350	-651.821	-819.5267	167.7058	4.572822
10356	-638.8562	-806.8627	168.0065	4.40363
10362	-641.5639	-808.8547	167.2908	4.805063
10368	-656.0206	-822.967	166.9464	4.996824
10374	-657.196	-825.8365	168.6405	4.043997
10380	-658.6403	-826.0149	167.3746	4.758298
10386	-656.1981	-823.5012	167.3031	4.798196
10392	-649.9966	-817.2997	167.3031	4.798196
10398	-654.67	-821.9731	167.3031	4.798196
10404	-656.1245	-823.1921	167.0675	4.929485
10410	-657.434	-824.7027	167.2687	4.817388
10416	-658.3916	-826.0702	167.6787	4.588042
10422	-642.2229	-808.7653	166.5423	5.220803
10428	-652.4422	-819.471	167.0288	4.951061
10434	-647.8315	-815.1672	167.3357	4.780005
10440	-659.491	-827.0609	167.57	4.648989
10446	-660.6694	-828.6426	167.9731	4.422418
10452	-667.296	-834.0945	166.7985	5.078941
10458	-664.3166	-830.4255	166.1089	5.459915
10464	-656.2045	-822.734	166.5294	5.227926
10470	-647.9196	-815.5023	167.5827	4.641851
10476	-651.9089	-819.4158	167.5069	4.684276
10482	-655.3029	-823.0842	167.7813	4.5304
10488	-661.2372	-827.614	166.3768	5.312248
10494	-657.2324	-824.9932	167.7609	4.541868
10500	-666.2504	-833.5735	167.3231	4.787033
10506	-657.146	-823.9839	166.8379	5.057077
10512	-663.3804	-831.7314	168.3509	4.20875
10518	-660.2314	-828.2211	167.9897	4.41305
10524	-666.2813	-833.866	167.5847	4.640702
10530	-656.3869	-823.9716	167.5847	4.640702
10536	-644.2735	-812.1787	167.9052	4.460684
10542	-649.933	-816.7991	166.8661	5.041462
10548	-666.1011	-832.2281	166.1271	5.449908
10554	-654.5275	-821.2157	166.6882	5.140091
10560	-655.5723	-823.1029	167.5306	4.671029
10566	-667.9901	-834.4015	166.4114	5.293161
10572	-656.6617	-824.4767	167.815	4.511431
10578	-650.3037	-817.6151	167.3114	4.793606
10584	-659.7804	-827.761	167.9806	4.418221
10590	-662.6515	-829.8874	167.2359	4.835708
10596	-651.6583	-818.2603	166.6021	5.187745
10602	-651.8551	-819.596	167.7409	4.553075
10608	-665.8564	-831.0068	165.1504	5.985079
10614	-654.2297	-821.0286	166.7989	5.078698
10620	-641.6683	-809.3803	167.712	4.569308
10626	-640.6398	-807.6577	167.0179	4.957121
10632	-643.4397	-810.4075	166.9678	4.984962
10638	-646.6014	-814.4747	167.8733	4.47865
10644	-654.9881	-823.507	168.5189	4.113301
10650	-662.2674	-828.5424	166.275	5.368411
10656	-665.0007	-832.4648	167.4641	4.708239
10662	-657.6061	-825.0702	167.4641	4.708239
10668	-647.1507	-814.6148	167.4641	4.708239
10674	-654.3465	-821.8106	167.4641	4.708239
10680	-650.5743	-817.8658	167.2915	4.804675
10686	-640.0542	-807.7155	167.6613	4.597794
10692	-651.2655	-818.9268	167.6613	4.597794
10698	-640.2361	-807.9574	167.7214	4.564058
10704	-642.2384	-810.6595	168.421	4.168959
10710	-650.1059	-816.9321	166.8262	5.063584
10716	-644.4904	-811.3166	166.8262	5.063584
10722	-652.7384	-821.5881	168.8498	3.924359
10728	-639.2067	-807.0598	167.8531	4.490007
10734	-644.5422	-811.9217	167.3796	4.755515
10740	-636.5515	-803.5267	166.9752	4.98082
10746	-635.9866	-803.7406	167.754	4.545715
10752	-647.139	-815.0293	167.8903	4.469077
10758	-644.2983	-812.1886	167.8903	4.469077
10764	-654.9035	-823.1849	168.2814	4.248181
10770	-651.8746	-819.3716	167.4971	4.689799
10776	-653.1011	-821.2459	168.1448	4.325526
10782	-644.3179	-812.7062	168.3882	4.187588
10788	-650.4229	-818.5799	168.157	4.318609
10794	-656.1055	-822.9811	166.8757	5.036134
10800	-646.4548	-815.0439	168.5891	4.073323
10806	-647.6822	-814.651	166.9688	4.98442
10812	-656.3745	-823.8573	167.4828	4.69777
10818	-661.6017	-828.5786	166.9769	4.979914
10824	-664.0325	-831.0094	166.9769	4.979914
10830	-666.0039	-833.0807	167.0768	4.924309
10836	-654.695	-822.1947	167.4997	4.688317
10842	-649.6127	-816.6342	167.0215	4.955126
10848	-653.3529	-821.6531	168.3002	4.237543
10854	-649.48	-816.9944	167.5144	4.680092
10860	-644.5372	-812.4836	167.9463	4.437523
10866	-651.3266	-818.8867	167.5601	4.654496
10872	-651.689	-819.6707	167.9817	4.417594
10878	-661.8878	-830.7217	168.8339	3.933437
10884	-651.8765	-818.6179	166.7413	5.110641
10890	-666.0703	-831.7831	165.7129	5.677464
10896	-658.7661	-825.2011	166.435	5.280122
10902	-658.8268	-825.5774	166.7506	5.105482
10908	-651.803	-818.5536	166.7506	5.105482
10914	-648.5231	-815.9209	167.3978	4.74533
10920	-642.3672	-810.083	167.7158	4.567165
10926	-652.356	-819.8224	167.4664	4.70697
10932	-648.6008	-815.6073	167.0064	4.963476
10938	-655.5948	-822.5917	166.9969	4.968772
10944	-667.1466	-834.8021	167.6556	4.600993
10950	-655.6237	-824.3401	168.7164	4.000655
10956	-658.6411	-827.0549	168.4138	4.173044
10962	-660.4859	-827.821	167.3351	4.780354
10968	-667.735	-834.0872	166.3521	5.325861
10974	-648.4754	-815.066	166.5906	5.194123
10980	-656.2408	-824.2377	167.9969	4.409019
10986	-653.7561	-821.9557	168.1996	4.294483
10992	-655.9339	-823.7135	167.7796	4.531363
10998	-658.6936	-826.4732	167.7796	4.531363
11004	-648.3275	-815.7038	167.3763	4.757328
11010	-660.7149	-828.4841	167.7691	4.537227
11016	-662.2593	-829.4193	167.16	4.878022
11022	-651.1361	-818.2961	167.16	4.878022
11028	-665.5192	-833.544	168.0248	4.393273
11034	-662.5636	-829.6977	167.1341	4.892438
11040	-662.0013	-828.6302	166.6289	5.172892
11046	-655.1116	-822.3417	167.23	4.83897
11052	-660.1187	-828.1769	168.0582	4.37445
11058	-649.1816	-817.1005	167.9189	4.452999
11064	-644.5187	-811.8714	167.3527	4.770537
11070	-652.111	-819.9499	167.8388	4.498043
11076	-645.656	-812.4073	166.7514	5.105078
11082	-661.2632	-828.2478	166.9846	4.97564
11088	-668.5991	-835.4872	166.8882	5.029193
11094	-650.32	-817.4129	167.0929	4.915366
11100	-653.7363	-820.8292	167.0929	4.915366
11106	-663.8779	-829.5775	165.6996	5.684709
11112	-653.8464	-821.6838	167.8374	4.498834
11118	-661.3331	-829.1514	167.8183	4.509591
11124	-650.3014	-817.5334	167.2319	4.837918
11130	-662.0849	-829.3099	167.2249	4.841832
11136	-654.0766	-821.3015	167.2249	4.841832
11142	-661.1624	-828.6955	167.5331	4.66962
11148	-652.3551	-819.7246	167.3695	4.761156
11154	-665.4021	-832.1248	166.7227	5.120983
11160	-654.0707	-820.7934	166.7227	5.120983
11166	-649.3107	-817.7543	168.4436	4.156116
11172	-638.9859	-807.3113	168.3255	4.2232
11178	-643.737	-811.3495	167.6125	4.625129
11184	-639.829	-807.2849	167.4559	4.712847
11190	-641.1888	-808.6447	167.4559	4.712847
11196	-643.4373	-810.4342	166.997	4.96875
11202	-651.8126	-819.7231	167.9105	4.457707
11208	-669.0845	-835.7003	166.6158	5.180173
11214	-663.8124	-831.5629	167.7505	4.547698
11220	-665.1527	-833.1429	167.9903	4.412767
11226	-665.5413	-831.1798	165.6384	5.71825
11232	-666.6487	-834.3022	167.6535	4.602127
11238	-661.3994	-828.5687	167.1693	4.872846
11244	-659.2717	-826.4409	167.1693	4.872846
11250	-655.3971	-822.7286	167.3316	4.782329
11256	-674.5392	-841.708	167.1688	4.873119
11262	-656.5315	-822.6403	166.1088	5.459965
11268	-651.1717	-818.6056	167.4339	4.725142
11274	-660.5651	-826.9486	166.3835	5.308549
11280	-669.0809	-837.4584	168.3776	4.193645
11286	-661.3657	-827.9808	166.6151	5.180525
11292	-660.0857	-827.4772	167.3915	4.748826
11298	-656.8966	-823.9381	167.0415	4.943987
11304	-662.324	-829.1039	166.7799	5.089273
11310	-655.8552	-823.3185	167.4634	4.708665
11316	-660.7722	-828.0789	167.3066	4.796239
11322	-665.1922	-831.5859	166.3937	5.302932
11328	-660.277	-828.549	168.272	4.253515
11334	-658.8637	-826.9293	168.0655	4.37028
11340	-649.646	-816.7079	167.0619	4.932631
11346	-657.427	-824.7744	167.3473	4.773509
11352	-657.4671	-823.8904	166.4233	5.286563
11358	-650.8653	-818.536	167.6707	4.592499
11364	-645.7114	-813.3821	167.6707	4.592499
11370	-647.9403	-814.7477	166.8074	5.074001
11376	-641.5963	-808.8269	167.2306	4.838646
11382	-652.8599	-819.785	166.9251	5.008687
11388	-653.1875	-820.8442	167.6567	4.600364
11394	-652.857	-819.87	167.0131	4.959793
11400	-650.9005	-818.5922	167.6917	4.580711
11406	-656.3064	-824.582	168.2755	4.251506
11412	-655.5216	-823.1677	167.6461	4.606294
11418	-655.2975	-823.1313	167.8339	4.500848
11424	-657.2146	-825.0484	167.8339	4.500848
11430	-656.0202	-823.8014	167.7812	4.530452
11436	-662.9859	-830.7829	167.797	4.521561
11442	-655.6574	-822.0451	166.3877	5.30622
11448	-660.7562	-827.457	166.7007	5.133126
11454	-657.642	-824.2827	166.6407	5.166401
11460	-656.1476	-822.7882	166.6407	5.166401
11466	-669.7466	-835.9804	166.2338	5.391116
11472	-665.7809	-833.1621	167.3812	4.754591
11478	-665.2523	-833.1017	167.8495	4.492053
11484	-666.5242	-833.6019	167.0777	4.923821
11490	-648.0718	-816.2198	168.1479	4.323729
11496	-651.7151	-818.9222	167.2072	4.851728
11502	-651.8535	-819.0606	167.2072	4.851728
11508	-646.2816	-813.4888	167.2072	4.851728
11514	-643.7886	-811.1242	167.3357	4.780037
11520	-652.6528	-819.4734	166.8205	5.066713
11526	-668.9934	-837.7004	168.707	4.006051
11532	-653.4213	-820.6827	167.2614	4.821479
11538	-658.6538	-824.9843	166.3305	5.337812
11544	-661.0778	-828.9301	167.8523	4.490485
11550	-660.7197	-828.0944	167.3747	4.758252
11556	-665.7964	-832.3639	166.5675	5.206866
11562	-677.0436	-845.2375	168.194	4.297705
11568	-673.6343	-839.825	166.1907	5.414844
11574	-663.0176	-830.9525	167.9349	4.443975
11580	-661.2004	-828.1877	166.9873	4.974095
11586	-653.7597	-821.1872	167.4275	4.728746
11592	-664.5099	-831.1429	166.633	5.170649
11598	-652.915	-820.0573	167.1422	4.887901
11604	-657.5902	-824.6959	167.1058	4.908217
11610	-645.6247	-813.649	168.0242	4.39359
11616	-655.6771	-824.346	168.6689	4.0278
11622	-644.2179	-811.177	166.959	4.989828
11628	-644.9381	-812.5382	167.6	4.632129
11634	-650.826	-818.636	167.81	4.514282
11640	-661.7497	-829.6142	167.8646	4.483572
11646	-658.8911	-826.8877	167.9966	4.409162
11652	-648.9789	-816.2762	167.2973	4.801435
11658	-655.4204	-823.2264	167.806	4.516504
11664	-658.444	-825.7717	167.3276	4.784515
11670	-656.4231	-821.5385	165.1154	6.004171
11676	-662.1317	-829.4402	167.3086	4.795165
11682	-656.9416	-824.7551	167.8135	4.512287
11688	-652.7531	-820.2068	167.4537	4.714064
11694	-654.4011	-821.8548	167.4537	4.714064
11700	-646.4133	-814.0714	167.6581	4.599589
11706	-651.1132	-817.659	166.5458	5.218909
11712	-644.2933	-811.7419	167.4486	4.716906
11718	-646.8159	-813.7372	166.9212	5.010831
11724	-648.5977	-815.2764	166.6787	5.145351
11730	-665.4574	-832.3636	166.9061	5.019205
11736	-650.7633	-818.8302	168.0669	4.369539
11742	-643.3509	-811.3578	168.0069	4.403374
11748	-650.2473	-818.2542	168.0069	4.403374
11754	-660.4969	-827.3105	166.8136	5.070582
11760	-666.3465	-833.1601	166.8136	5.070582
11766	-653.3652	-821.4484	168.0832	4.360323
11772	-653.7534	-820.968	167.2146	4.8476
11778	-651.8573	-819.699	167.8417	4.496449
11784	-661.4365	-828.7539	167.3174	4.790238
11790	-655.3539	-822.6712	167.3174	4.790238
11796	-656.3619	-823.8936	167.5317	4.670411
11802	-665.1846	-832.4098	167.2252	4.841664
11808	-656.594	-823.5861	166.9921	4.971443
11814	-658.8259	-826.0938	167.2678	4.817893
11820	-661.5691	-828.0666	166.4975	5.245573
11826	-656.219	-823.7308	167.5118	4.681577
11832	-654.8125	-822.0542	167.2417	4.832453
11838	-646.1582	-814.2944	168.1362	4.330375
11844	-643.2391	-810.5568	167.3177	4.790088
11850	-655.1615	-823.4908	168.3292	4.221063
11856	-649.7121	-818.2613	168.5493	4.09602
11862	-654.5517	-822.7306	168.179	4.30619
11868	-645.3618	-812.4439	167.0821	4.921386
11874	-650.5387	-817.6208	167.0821	4.921386
11880	-656.2746	-823.735	167.4604	4.710302
11886	-646.0425	-813.1318	167.0893	4.917401
11892	-657.5831	-824.7403	167.1573	4.879538
11898	-659.5115	-826.5523	167.0408	4.944372
11904	-663.7138	-830.2315	166.5177	5.234405
11910	-669.5115	-835.8371	166.3256	5.340474
11916	-655.2471	-822.6185	167.3713	4.760116
11922	-648.9838	-816.23	167.2461	4.829994
11928	-642.9894	-810.2355	167.2461	4.829994
11934	-647.4965	-815.8855	168.389	4.187137
11940	-652.4096	-819.7624	167.3528	4.770458
11946	-656.3518	-823.9984	167.6466	4.606023
11952	-660.8333	-826.0801	165.2468	5.932454
11958	-650.2079	-818.5403	168.3324	4.219288
11964	-660.1423	-827.0409	166.8985	5.023428
11970	-651.902	-819.8214	167.9194	4.452675
11976	-670.2983	-836.9369	166.6386	5.167544
11982	-656.4212	-824.0191	167.5979	4.633324
11988	-674.7901	-842.5649	167.7748	4.534043
11994	-664.7185	-832.3477	167.6292	4.615793
12000	-646.4545	-813.4755	167.021	4.955375
