Iteration	Posterior	Likelihood	Prior	part_rate_trans	tree_length
0	-153.6956	-324.4784	170.7828	1.168295	2.048686
6	-149.1381	-318.704	169.5659	1.419041	2.662899
12	-149.066	-318.5503	169.4844	0.8377376	3.064528
18	-140.899	-310.5536	169.6546	0.9704937	2.88238
24	-143.7324	-313.0273	169.295	1.079265	3.033356
30	-131.3691	-301.7057	170.3366	1.327717	2.235768
36	-133.3511	-303.3958	170.0447	0.9217722	2.674217
42	-133.5007	-303.1784	169.6777	1.036148	2.828581
48	-131.1788	-300.0268	168.848	0.8926035	3.408443
54	-126.3745	-296.3628	169.9883	0.784408	2.792839
60	-133.8757	-302.4741	168.5984	0.5898806	3.72967
66	-137.7138	-305.4348	167.721	0.597826	4.226975
72	-144.2467	-313.658	169.4113	0.4842641	3.31746
78	-145.8169	-314.6181	168.8012	0.4947477	3.667395
84	-142.9756	-312.8028	169.8272	0.6532488	2.969662
90	-137.611	-307.5007	169.8896	0.5907712	2.969662
96	-139.6704	-308.8975	169.2271	0.8998654	3.180734
102	-127.6112	-297.8942	170.283	1.052479	2.444896
108	-150.3957	-320.989	170.5933	1.367169	2.04249
114	-140.7001	-311.1559	170.4558	0.8837107	2.442368
120	-146.2648	-315.6475	169.3826	0.6409964	3.2419
126	-149.4209	-319.1007	169.6798	0.7447569	3.003224
132	-147.2522	-315.198	167.9458	0.489389	4.160938
138	-144.3087	-312.1788	167.8702	0.5382946	4.1761
144	-141.502	-311.0716	169.5696	0.4029609	3.272066
150	-135.8022	-304.7922	168.99	0.4131145	3.605271
156	-143.2721	-313.025	169.7529	0.970143	2.823044
162	-145.3574	-315.863	170.5056	0.7030443	2.524318
168	-154.9311	-323.0938	168.1627	0.8952378	3.804811
174	-168.8251	-337.4479	168.6228	0.7749021	3.608399
180	-154.1086	-322.0796	167.971	0.4362455	4.176781
186	-157.5167	-327.4785	169.9618	0.7291545	2.842531
192	-140.3996	-308.8172	168.4176	0.8017214	3.711722
198	-151.9512	-322.219	170.2679	1.122824	2.41014
204	-145.0918	-314.4388	169.347	0.5517684	3.315564
210	-148.1757	-317.1709	168.9952	0.6493641	3.464689
216	-145.3419	-315.425	170.0831	0.5570797	2.87328
222	-149.5431	-317.7247	168.1816	0.364885	4.097619
228	-146.6707	-316.7336	170.0629	0.6157225	2.850005
234	-142.1147	-309.9405	167.8258	0.8067485	4.048555
240	-143.1823	-313.3691	170.1868	0.7349639	2.701687
246	-147.3212	-316.5661	169.2449	0.7133446	3.28053
252	-154.8024	-324.1444	169.342	0.6161832	3.28053
258	-147.9159	-315.7774	167.8615	0.6161832	4.136753
264	-145.0805	-311.5881	166.5076	0.5020439	4.961697
270	-146.0951	-315.6482	169.5531	0.7131909	3.097878
276	-143.1704	-311.9411	168.7707	0.637115	3.602537
282	-138.2621	-305.5028	167.2408	0.3382282	4.643932
288	-148.1245	-318.2224	170.0979	0.4031037	2.957271
294	-144.1287	-314.5506	170.4219	0.7413422	2.552564
300	-144.6461	-314.2353	169.5892	0.8420362	2.999191
306	-138.5725	-308.3301	169.7577	1.186047	2.688234
312	-130.4344	-299.3262	168.8917	0.9561113	3.34553
318	-132.6473	-301.9439	169.2967	1.349574	2.869598
324	-128.6318	-298.8615	170.2296	1.048479	2.480886
330	-146.3454	-316.753	170.4075	1.791021	1.882735
336	-145.2324	-314.0192	168.7868	1.062734	3.344548
342	-132.0865	-302.5462	170.4597	0.6163918	2.606623
348	-137.9071	-307.7343	169.8272	0.6051402	2.998525
354	-135.1447	-306.1488	171.0041	1.000443	2.01323
360	-131.7949	-300.826	169.0311	1.000443	3.237201
366	-139.6078	-308.3053	168.6975	0.7943873	3.553681
372	-134.9959	-304.726	169.7301	0.7398939	2.975949
378	-144.9924	-313.9152	168.9227	0.7398939	3.454109
384	-150.4819	-317.6031	167.1213	0.4723826	4.63572
390	-158.21	-326.7849	168.5749	0.6016475	3.736441
396	-148.9726	-316.2917	167.3191	0.5344611	4.489751
402	-141.7449	-310.2876	168.5427	0.8570239	3.607266
408	-132.4315	-301.5349	169.1034	0.6877138	3.378877
414	-136.4134	-305.4529	169.0395	0.7501982	3.379709
420	-129.4374	-298.8914	169.454	0.8016342	3.104212
426	-135.1215	-305.4147	170.2932	1.1808	2.357418
432	-132.5665	-302.9586	170.392	1.1808	2.29449
438	-151.5908	-321.867	170.2761	0.7732966	2.623105
444	-151.3753	-319.9917	168.6164	0.7732966	3.61307
450	-147.8967	-317.6524	169.7556	0.8872422	2.87165
456	-148.1882	-318.3	170.1118	0.7352292	2.747458
462	-149.4059	-319.1755	169.7695	1.018521	2.783468
468	-147.6147	-315.6644	168.0497	0.6341188	4.019277
474	-127.4832	-296.7899	169.3067	0.4933337	3.373592
480	-144.2082	-313.528	169.3198	0.4802571	3.373592
486	-140.6174	-310.1223	169.505	0.6774002	3.147812
492	-146.9149	-316.3001	169.3852	0.8762658	3.100741
498	-128.0939	-295.6741	167.5803	0.6716066	4.264911
504	-130.5138	-300.1382	169.6244	0.6548669	3.090092
510	-138.8312	-307.545	168.7138	0.5897809	3.662981
516	-141.0907	-311.8231	170.7324	0.9123551	2.248345
522	-145.248	-314.0871	168.8391	0.5625349	3.606162
528	-151.3087	-320.5691	169.2604	0.8524239	3.189122
534	-145.0539	-314.1766	169.1226	1.061173	3.14695
540	-145.8845	-315.3672	169.4828	0.7010593	3.14695
546	-161.0004	-331.5468	170.5464	0.7153995	2.491097
552	-142.2667	-310.8826	168.6159	0.884199	3.548904
558	-145.2944	-314.1379	168.8435	0.884199	3.41604
564	-141.0638	-309.9047	168.841	0.9719165	3.366061
570	-130.4858	-300.6804	170.1946	0.8716788	2.612672
576	-147.1637	-318.2369	171.0731	0.8716788	2.052854
582	-137.7646	-307.6794	169.9148	0.8141854	2.819412
588	-140.1411	-309.8974	169.7563	0.9726833	2.819412
594	-126.0435	-296.0841	170.0406	1.142455	2.540238
600	-133.1366	-302.9699	169.8332	1.142455	2.668567
606	-131.3192	-301.2777	169.9585	1.017197	2.668567
612	-135.2123	-305.2886	170.0763	0.7889482	2.736339
618	-132.1918	-301.947	169.7552	1.109993	2.736339
624	-127.5629	-298.2232	170.6603	1.109993	2.16723
630	-123.7965	-294.3481	170.5516	1.374347	2.065312
636	-120.4872	-289.4113	168.924	0.5765467	3.548627
642	-133.2809	-302.6288	169.3479	0.8815666	3.119779
648	-136.5299	-305.826	169.2961	0.9333639	3.119779
654	-131.3004	-300.4059	169.1055	1.02218	3.180295
660	-133.8823	-304.1981	170.3158	0.9345581	2.498284
666	-141.1563	-311.8047	170.6484	1.24862	2.084367
672	-138.8506	-309.3994	170.5487	1.348265	2.084367
678	-145.7537	-316.3304	170.5767	1.236373	2.13936
684	-131.6668	-301.7911	170.1244	1.083267	2.524938
690	-134.4576	-303.716	169.2585	1.010566	3.096198
696	-131.7934	-301.7139	169.9205	1.141714	2.615198
702	-121.019	-290.7966	169.7776	1.000133	2.789766
708	-137.2273	-307.1886	169.9613	0.9781335	2.690838
714	-133.5228	-303.256	169.7332	1.206288	2.690838
720	-139.8753	-309.6482	169.773	0.8217809	2.900757
726	-141.3057	-310.1604	168.8547	0.6486033	3.547043
732	-139.2137	-308.5485	169.3348	0.6923243	3.239818
738	-140.3092	-310.0004	169.6911	0.7604576	2.986976
744	-144.7514	-313.5599	168.8086	0.7564016	3.511116
750	-142.227	-311.5977	169.3707	0.7561539	3.18075
756	-143.6857	-312.8338	169.148	1.593961	2.8115
762	-153.5133	-324.2911	170.7778	0.881269	2.239133
768	-139.5223	-309.681	170.1588	0.8330446	2.658633
774	-142.928	-313.3419	170.4139	0.8291327	2.502868
780	-145.398	-315.5997	170.2017	1.041305	2.502868
786	-140.4202	-310.2757	169.8554	0.9402103	2.778828
792	-139.0395	-309.7344	170.6949	1.24963	2.053069
798	-141.0327	-310.7628	169.73	0.5649211	3.080749
804	-141.7405	-309.9706	168.2301	0.6179303	3.925346
810	-133.0834	-303.0225	169.9391	0.5886554	2.94118
816	-133.2982	-302.7152	169.4169	0.7563473	3.153218
822	-138.1311	-307.2329	169.1018	1.071483	3.153218
828	-133.3483	-303.3692	170.0209	1.113475	2.570484
834	-141.6225	-312.0333	170.4108	0.9209944	2.447211
840	-139.18	-308.6993	169.5193	0.8535336	3.034191
846	-142.6449	-313.088	170.443	0.8842512	2.450046
852	-146.3492	-316.1048	169.7556	0.9089777	2.858488
858	-154.796	-324.4944	169.6984	0.9661939	2.858488
864	-146.4523	-316.6617	170.2094	1.155318	2.426509
870	-141.2406	-309.9214	168.6808	0.9679627	3.462235
876	-157.5001	-327.1559	169.6558	0.8065588	2.980526
882	-145.5296	-315.378	169.8484	1.268097	2.581582
888	-145.1504	-315.7021	170.5517	0.6977737	2.498808
894	-133.9406	-303.5208	169.5802	1.050589	2.878973
900	-138.145	-307.412	169.267	0.7956752	3.218795
906	-140.7867	-310.0463	169.2596	1.017723	3.09127
912	-149.0246	-318.1811	169.1565	1.120805	3.09127
918	-140.9064	-310.2136	169.3072	0.9812712	3.08463
924	-146.1652	-315.84	169.6747	0.8082596	2.968105
930	-141.2441	-310.8276	169.5836	0.9404111	2.943448
936	-152.8724	-321.422	168.5496	1.374723	3.300508
942	-156.0609	-323.3807	167.3197	0.5075947	4.504509
948	-155.0199	-324.1919	169.172	0.4039748	3.504704
954	-158.9181	-327.7116	168.7935	0.7824921	3.504704
960	-150.6089	-320.0702	169.4612	0.9771301	2.994913
966	-159.358	-327.3129	167.9549	0.7625353	4.000086
972	-163.3478	-331.6382	168.2904	0.4129742	4.008104
978	-160.153	-329.541	169.388	0.6180228	3.25232
984	-147.23	-316.1789	168.9489	0.8206349	3.391493
990	-138.8865	-308.5018	169.6153	0.4005774	3.246486
996	-149.7679	-319.3251	169.5573	0.6838989	3.112824
1002	-140.8244	-310.8881	170.0637	1.269411	2.446402
1008	-136.9291	-306.1172	169.1881	0.5911387	3.385838
1014	-155.5756	-325.4991	169.9236	0.91394	2.753282
1020	-160.971	-330.3532	169.3822	0.9472907	3.060137
1026	-139.5327	-309.7321	170.1994	0.8480133	2.624347
1032	-134.6048	-303.5259	168.9211	0.8279634	3.403512
1038	-139.7957	-310.1097	170.314	1.088372	2.402737
1044	-139.5311	-309.3753	169.8442	0.5892866	2.997836
1050	-145.042	-313.6326	168.5907	0.5892866	3.734471
1056	-145.6634	-314.7358	169.0725	0.592587	3.452682
1062	-136.0144	-306.0367	170.0223	0.9085579	2.69614
1068	-143.5012	-313.187	169.6858	0.9949833	2.848674
1074	-141.8164	-312.2845	170.4681	0.9949833	2.364358
1080	-147.0438	-317.0868	170.0429	1.070125	2.583725
1086	-151.2534	-321.1512	169.8979	0.9107474	2.770918
1092	-143.7497	-312.505	168.7553	0.6235824	3.619354
1098	-142.076	-311.3505	169.2745	0.7864275	3.219822
1104	-136.0976	-305.3356	169.2381	0.8250103	3.218564
1110	-136.3738	-305.5705	169.1967	0.6728923	3.332731
1116	-136.5723	-305.3975	168.8252	0.7660586	3.495805
1122	-139.5618	-308.5394	168.9777	1.011882	3.262046
1128	-136.1477	-306.572	170.4242	1.264645	2.219935
1134	-141.1295	-311.8087	170.6792	0.7218409	2.403614
1140	-152.0178	-321.4533	169.4355	0.2972382	3.413054
1146	-154.5631	-325.4217	170.8586	0.587964	2.374827
1152	-148.6334	-318.1499	169.5165	0.6191558	3.175576
1158	-153.6667	-322.0809	168.4142	0.4643806	3.907822
1164	-151.5198	-321.5327	170.0128	0.8081443	2.763372
1170	-151.0715	-320.2295	169.1579	1.198003	3.044301
1176	-145.637	-316.0788	170.4418	1.044854	2.349386
1182	-148.3201	-318.7725	170.4525	0.9501247	2.402623
1188	-143.5742	-314.0278	170.4536	0.6291005	2.602534
1194	-140.3318	-309.3608	169.029	0.64291	3.448691
1200	-147.5456	-316.4531	168.9075	0.6336866	3.524988
1206	-143.4503	-312.4651	169.0149	0.5625433	3.503855
1212	-137.9666	-307.4017	169.4351	0.3679081	3.371888
1218	-140.7537	-310.7058	169.952	0.3679081	3.065824
1224	-136.4746	-305.8576	169.383	0.9129272	3.080157
1230	-153.7283	-323.1349	169.4066	1.118434	2.942798
1236	-143.0082	-312.8628	169.8545	1.165833	2.641062
1242	-140.0137	-309.3658	169.3522	1.113521	2.978507
1248	-135.1477	-305.0324	169.8847	0.5809746	2.978507
1254	-133.6834	-302.0308	168.3474	0.5848055	3.877078
1260	-139.9985	-307.879	167.8805	0.437894	4.227221
1266	-134.3421	-304.6642	170.3222	0.9723174	2.470638
1272	-145.2063	-314.487	169.2807	0.905506	3.145552
1278	-133.0696	-302.7663	169.6967	0.9615533	2.862351
1284	-134.5215	-304.628	170.1065	0.6699628	2.790494
1290	-133.4349	-303.2829	169.848	0.9930719	2.751088
1296	-121.4159	-291.1717	169.7558	0.8462912	2.896306
1302	-126.0148	-294.664	168.6492	0.5902419	3.700076
1308	-132.6526	-301.3617	168.7091	0.6073293	3.655573
1314	-126.8466	-295.7323	168.8857	0.7365382	3.477731
1320	-127.5958	-296.3831	168.7873	0.967862	3.399931
1326	-140.5835	-309.4135	168.8299	1.163471	3.25976
1332	-136.0655	-304.9252	168.8597	0.7529897	3.483285
1338	-147.5598	-316.4693	168.9095	0.5339875	3.581855
1344	-145.9862	-315.5871	169.6009	0.7704968	3.035042
1350	-139.8482	-308.1659	168.3177	0.7704968	3.787359
1356	-143.1551	-311.7679	168.6128	0.7704968	3.616802
1362	-139.3253	-308.9695	169.6443	1.242873	2.722927
1368	-134.2152	-304.3898	170.1746	1.099428	2.483452
1374	-135.4864	-305.4105	169.9241	0.9616898	2.723781
1380	-136.9567	-306.7334	169.7766	0.5430124	3.066004
1386	-137.2312	-306.7275	169.4964	0.8232944	3.066004
1392	-143.6381	-313.9153	170.2773	0.8033269	2.60383
1398	-140.6723	-309.1286	168.4564	0.8033269	3.688388
1404	-136.5766	-306.7107	170.134	0.7632791	2.716691
1410	-135.3276	-305.1639	169.8363	0.7632791	2.897838
1416	-135.0657	-305.2941	170.2285	0.7538117	2.664517
1422	-134.4871	-303.1588	168.6717	0.4574843	3.763751
1428	-136.8058	-307.5641	170.7584	1.112569	2.101503
1434	-135.3957	-305.037	169.6412	1.112569	2.804316
1440	-135.0755	-304.5267	169.4512	0.855147	3.073953
1446	-146.85	-316.8512	170.0011	0.5354728	2.935835
1452	-146.9305	-314.6486	167.7182	0.3611254	4.362524
1458	-154.4452	-322.1904	167.7452	0.6395689	4.189546
1464	-146.6523	-315.8862	169.2338	0.6887773	3.301532
1470	-146.5206	-315.4916	168.971	0.9516102	3.301532
1476	-141.9493	-311.3024	169.3532	0.4663711	3.36216
1482	-138.6595	-307.6282	168.9687	0.8508942	3.36216
1488	-137.8884	-306.8615	168.9731	0.3788449	3.634967
1494	-149.0345	-317.8486	168.8141	0.5378444	3.634967
1500	-143.254	-311.4249	168.1708	0.7626302	3.876362
1506	-151.7915	-318.1585	166.367	0.4700601	5.057571
1512	-150.4042	-319.7632	169.359	0.5847182	3.289111
1518	-149.7576	-319.6537	169.8961	0.9563741	2.744141
1524	-132.2701	-302.7738	170.5038	0.8092924	2.458992
1530	-146.7861	-316.011	169.2249	0.7194937	3.288696
1536	-151.8635	-321.042	169.1785	0.7659185	3.288696
1542	-142.1874	-311.9399	169.7525	1.036202	2.783079
1548	-140.7246	-310.4545	169.73	1.026064	2.802961
1554	-144.5654	-314.1652	169.5999	0.8598633	2.982085
1560	-127.9418	-297.9522	170.0104	1.075415	2.600578
1566	-135.7276	-304.9785	169.2509	1.166862	3.007254
1572	-148.1644	-317.1212	168.9567	0.7508353	3.427826
1578	-139.7862	-309.2205	169.4343	1.289568	2.822507
1584	-142.1791	-310.6593	168.4802	0.8115084	3.669873
1590	-145.768	-315.8233	170.0553	0.698446	2.804383
1596	-146.6958	-316.7417	170.0459	0.5463511	2.902267
1602	-139.3052	-307.2667	167.9615	0.5527391	4.115942
1608	-152.9072	-321.6543	168.7471	0.8012084	3.520834
1614	-152.9453	-321.1359	168.1906	0.6326909	3.939516
1620	-156.0676	-323.3236	167.2559	0.3932508	4.604572
1626	-153.7633	-321.6995	167.9361	0.549536	4.13221
1632	-148.1737	-318.1828	170.0091	0.8567935	2.735937
1638	-143.3455	-312.7814	169.4359	0.9152288	3.047183
1644	-140.1061	-308.6739	168.5679	1.22107	3.380123
1650	-144.9407	-313.8898	168.9491	1.171567	3.184453
1656	-141.8072	-310.143	168.3359	0.539296	3.909798
1662	-135.6762	-306.4505	170.7743	0.6659412	2.378832
1668	-134.0626	-303.0188	168.9562	0.7176116	3.447595
1674	-155.661	-323.8102	168.1492	0.5620781	4.00361
1680	-132.4866	-301.4836	168.997	0.7222344	3.420968
1686	-128.3113	-299.0433	170.732	0.7655214	2.342517
1692	-140.6556	-311.1238	170.4682	0.7655214	2.508672
1698	-148.9316	-318.0996	169.168	0.7747831	3.289634
1704	-140.0571	-310.1049	170.0478	0.8852544	2.694763
1710	-134.4982	-303.4771	168.9789	1.07523	3.223884
1716	-129.5555	-299.6388	170.0833	1.060847	2.564438
1722	-139.254	-308.2507	168.9967	1.277482	3.093159
1728	-135.9806	-306.2407	170.2601	0.8821895	2.565605
1734	-129.9334	-298.8196	168.8861	0.5304455	3.59747
1740	-132.2685	-301.6336	169.3651	1.189036	2.925277
1746	-134.1023	-303.3953	169.293	0.7232947	3.246262
1752	-130.2471	-299.3745	169.1274	0.8888442	3.246262
1758	-131.439	-301.755	170.316	0.668838	2.662927
1764	-132.8401	-303.2987	170.4585	0.5175839	2.668305
1770	-137.1469	-306.6219	169.475	0.9026983	3.031296
1776	-122.7754	-292.4392	169.6637	0.7139555	3.031296
1782	-119.5343	-288.5093	168.975	0.557355	3.530152
1788	-134.2977	-303.7231	169.4254	0.7533958	3.14993
1794	-126.8176	-296.9609	170.1433	1.324401	2.361428
1800	-132.8428	-302.8741	170.0312	0.4780869	2.95227
1806	-131.3387	-300.7017	169.363	0.6617397	3.241266
1812	-137.4505	-306.5952	169.1447	0.8837965	3.239025
1818	-139.7909	-309.6767	169.8859	1.00583	2.720143
1824	-134.873	-304.3532	169.4802	1.00583	2.966254
1830	-125.486	-295.8903	170.4044	0.9536895	2.430706
1836	-127.0871	-297.7981	170.711	1.174335	2.092014
1842	-146.1958	-314.7269	168.5311	1.178517	3.426598
1848	-135.3373	-305.7953	170.4581	1.12009	2.291083
1854	-150.5641	-321.2414	170.6773	1.109247	2.156665
1860	-144.0545	-314.4722	170.4178	1.094066	2.333382
1866	-150.0575	-318.4596	168.402	0.9293953	3.646871
1872	-150.5672	-320.0349	169.4677	0.732246	3.137333
1878	-158.8517	-329.2391	170.3874	1.054065	2.378074
1884	-153.8679	-323.2004	169.3325	0.4607118	3.377611
1890	-153.5433	-322.3492	168.8059	0.9873312	3.377611
1896	-144.8684	-315.5637	170.6953	0.9873312	2.223947
1902	-130.8035	-299.2303	168.4268	0.9703374	3.608764
1908	-145.7618	-313.4336	167.6718	0.6993739	4.197276
1914	-139.8014	-309.8305	170.0291	0.7141466	2.810748
1920	-138.9318	-308.8228	169.891	0.5435135	2.997251
1926	-140.5549	-310.6994	170.1445	0.7351446	2.72753
1932	-149.5653	-318.9457	169.3804	0.7394407	3.18492
1938	-153.7962	-323.2032	169.407	0.7128706	3.18492
1944	-156.4622	-324.9938	168.5316	0.4569049	3.844734
1950	-145.5255	-314.522	168.9965	0.3977535	3.610427
1956	-148.4879	-317.8842	169.3963	0.5600606	3.281654
1962	-151.0056	-320.2857	169.2802	0.6761574	3.281654
1968	-135.0087	-305.0372	170.0285	1.253133	2.478715
1974	-137.6837	-308.0227	170.3389	0.5642716	2.713079
1980	-144.7398	-314.6656	169.9257	1.168364	2.59548
1986	-140.7737	-311.1118	170.3381	1.519963	2.109963
1992	-149.5514	-319.6149	170.0635	1.059713	2.577435
1998	-140.0091	-309.6287	169.6196	1.160525	2.788296
2004	-136.3677	-306.0954	169.7278	0.745809	2.973778
2010	-144.1216	-313.1731	169.0515	0.816194	3.333862
2016	-160.5045	-329.6796	169.1751	0.6925506	3.333862
2022	-151.8355	-320.5412	168.7058	0.8234898	3.531927
2028	-147.857	-317.4136	169.5566	0.8234898	3.029855
2034	-149.957	-320.429	170.472	0.7428062	2.520439
2040	-143.7452	-312.9267	169.1815	0.4953709	3.445784
2046	-141.5498	-311.1157	169.5658	0.7264478	3.082347
2052	-152.9051	-322.9647	170.0596	1.090128	2.560974
2058	-142.2622	-311.8096	169.5474	1.172825	2.824752
2064	-152.7131	-323.5199	170.8068	1.337595	1.919454
2070	-148.1929	-319.24	171.0471	1.097354	1.919454
2076	-150.2269	-320.9705	170.7436	1.634282	1.759131
2082	-128.9822	-298.4235	169.4413	1.559563	2.653065
2088	-135.9183	-306.2843	170.3661	1.112727	2.354391
2094	-136.9798	-306.6345	169.6548	0.8967586	2.926841
2100	-130.2723	-299.3767	169.1044	0.8967586	3.255216
2106	-138.5425	-308.0449	169.5024	0.4987189	3.255216
2112	-132.952	-302.3925	169.4405	0.5606334	3.255216
2118	-133.8586	-303.2693	169.4107	0.590382	3.255216
2124	-131.2622	-298.375	167.1128	0.2845198	4.745561
2130	-147.7061	-317.0602	169.3541	0.8348795	3.143885
2136	-146.5513	-315.9822	169.4309	1.347565	2.789313
2142	-148.8482	-316.2987	167.4505	0.6353938	4.358803
2148	-150.3071	-319.8876	169.5805	1.188413	2.795136
2154	-158.0055	-327.732	169.7265	0.9323935	2.861929
2160	-140.5973	-309.7637	169.1664	0.9761164	3.171465
2166	-145.7856	-315.3981	169.6126	0.5299614	3.171465
2172	-140.82	-309.7422	168.9222	0.5299614	3.576778
2178	-145.0674	-313.6144	168.547	0.5332036	3.791973
2184	-146.1982	-314.9566	168.7585	0.680481	3.584471
2190	-142.863	-312.0472	169.1842	0.8260387	3.249829
2196	-155.9265	-325.6756	169.7491	0.8859823	2.876353
2202	-154.6481	-323.9918	169.3437	0.914637	3.102574
2208	-141.9997	-311.6954	169.6957	0.9628434	2.862137
2214	-145.2328	-314.7829	169.55	1.02572	2.912214
2220	-151.5422	-320.9152	169.373	0.806278	3.149656
2226	-157.8937	-327.5313	169.6376	0.8571373	2.961021
2232	-139.3322	-308.6504	169.3182	0.6021221	3.302867
2238	-149.3266	-319.1094	169.7827	0.8736103	2.863495
2244	-148.7581	-317.0585	168.3004	0.7627901	3.801781
2250	-149.2321	-317.545	168.3129	0.7503014	3.801781
2256	-149.5092	-317.8203	168.3111	0.7947415	3.777206
2262	-145.1918	-315.3959	170.204	0.6838079	2.722507
2268	-134.9789	-304.7718	169.793	0.7428705	2.936306
2274	-127.7594	-296.7369	168.9775	0.6956533	3.447968
2280	-131.1443	-301.7364	170.5921	0.9991492	2.282691
2286	-136.8688	-307.042	170.1731	0.7360125	2.709438
2292	-137.6127	-307.7702	170.1575	0.8265566	2.663416
2298	-144.8374	-313.6146	168.7772	0.9919602	3.391744
2304	-140.5198	-310.9749	170.4551	0.8737421	2.449075
2310	-149.229	-318.6118	169.3828	0.7258349	3.191574
2316	-136.6164	-306.3697	169.7533	0.6685156	3.004825
2322	-134.4775	-304.2687	169.7912	0.843354	2.876661
2328	-147.0975	-316.2658	169.1683	0.6189503	3.381093
2334	-141.1842	-308.2851	167.101	0.4211157	4.6758
2340	-143.0638	-312.2894	169.2256	0.351412	3.504116
2346	-144.6926	-313.1193	168.4267	0.547626	3.852881
2352	-140.919	-310.8701	169.9511	0.7201344	2.854489
2358	-153.6347	-322.808	169.1733	0.7201344	3.318715
2364	-152.7138	-322.1196	169.4058	1.037362	2.992066
2370	-158.4916	-327.5116	169.02	0.9302201	3.285236
2376	-152.4402	-322.1243	169.684	0.8441236	2.940933
2382	-140.7026	-310.2332	169.5306	0.9975391	2.940933
2388	-144.018	-314.4516	170.4336	0.9339628	2.424694
2394	-145.7874	-316.3005	170.5132	1.113934	2.259703
2400	-149.5523	-319.9145	170.3622	0.9103068	2.484427
2406	-138.5491	-308.6006	170.0515	0.6854678	2.814574
2412	-131.4755	-301.4514	169.9758	0.9152675	2.720505
2418	-143.7879	-313.8068	170.0189	0.8722049	2.720505
2424	-152.9947	-322.0283	169.0336	0.9560893	3.261953
2430	-143.7745	-312.835	169.0605	0.9291808	3.261953
2436	-150.4662	-319.0088	168.5426	0.9291607	3.565404
2442	-154.9636	-323.602	168.6384	0.9010872	3.525965
2448	-136.8758	-306.1432	169.2673	0.8284059	3.199218
2454	-135.5874	-306.1014	170.514	1.129563	2.249109
2460	-141.058	-310.8615	169.8036	0.9332972	2.814625
2466	-144.4124	-313.4009	168.9885	0.6391709	3.474525
2472	-152.5913	-322.2554	169.664	1.030806	2.840149
2478	-151.5203	-321.73	170.2097	1.073839	2.477477
2484	-142.1683	-312.2392	170.0709	1.373551	2.376144
2490	-132.3484	-302.9039	170.5555	0.8889441	2.376144
2496	-137.1769	-307.7748	170.5979	0.5899929	2.537254
2502	-141.804	-310.6665	168.8625	0.6510565	3.541053
2508	-132.2058	-301.2064	169.0006	0.6933795	3.435799
2514	-137.9634	-306.9942	169.0308	0.6631076	3.435799
2520	-139.4861	-308.6822	169.1961	0.7999457	3.258204
2526	-143.2118	-313.0778	169.866	0.7713935	2.874984
2532	-145.0168	-314.1827	169.1659	1.097234	3.099724
2538	-139.5645	-308.4009	168.8363	0.6331863	3.566717
2544	-140.6933	-310.6385	169.9452	0.6637818	2.892156
2550	-145.4001	-314.3486	168.9485	0.5018457	3.577826
2556	-145.0782	-314.5587	169.4805	0.7854358	3.098054
2562	-135.0397	-305.3144	170.2747	0.7328082	2.648977
2568	-135.5537	-304.7213	169.1676	0.6329936	3.373299
2574	-139.4069	-307.5927	168.1858	0.6119634	3.954133
2580	-141.8127	-310.4029	168.5902	0.7311553	3.652676
2586	-151.2548	-321.1326	169.8778	0.5069019	3.027073
2592	-149.5183	-319.7093	170.191	0.9784336	2.548743
2598	-156.0411	-325.1436	169.1025	1.276957	3.03024
2604	-143.763	-313.3152	169.5522	1.150098	2.835622
2610	-156.0731	-325.2542	169.1812	1.169126	3.047696
2616	-138.8568	-308.7758	169.919	0.5746049	2.961712
2622	-143.9015	-312.5614	168.66	0.4831797	3.755715
2628	-154.3068	-323.2335	168.9267	1.169904	3.198711
2634	-156.4284	-324.4304	168.0019	1.149049	3.751183
2640	-160.6783	-330.0341	169.3558	0.8432178	3.137891
2646	-157.8685	-326.5838	168.7153	0.618751	3.64537
2652	-133.4799	-303.4284	169.9486	0.9979353	2.686522
2658	-127.804	-298.8305	171.0265	0.7426083	2.167967
2664	-126.0409	-295.8507	169.8097	0.9349975	2.809844
2670	-131.7588	-300.8521	169.0933	0.8040175	3.316428
2676	-138.5453	-306.9271	168.3818	0.901858	3.674534
2682	-147.1374	-317.7145	170.5771	0.8671393	2.376261
2688	-133.0308	-303.5103	170.4795	1.066464	2.311613
2694	-154.2855	-324.4831	170.1976	1.03229	2.511022
2700	-147.5123	-318.5313	171.0189	0.8496757	2.103035
2706	-142.0175	-312.7247	170.7072	0.5530595	2.492068
2712	-131.4927	-301.238	169.7453	0.7030646	2.988928
2718	-149.5404	-319.18	169.6396	0.8087572	2.988928
2724	-121.4611	-291.3305	169.8694	0.4847837	3.04534
2730	-169.2448	-338.7333	169.4885	1.176331	2.858365
2736	-151.5437	-321.1876	169.6439	1.015716	2.861513
2742	-148.7667	-318.8907	170.124	0.7355853	2.739787
2748	-148.6165	-318.0453	169.4288	0.6489903	3.209848
2754	-143.214	-313.6651	170.4511	1.157173	2.271772
2760	-135.8032	-305.2052	169.402	0.878969	3.089104
2766	-139.6644	-309.0623	169.3979	0.8830536	3.089104
2772	-157.3231	-326.1923	168.8692	0.6251573	3.552272
2778	-139.2866	-308.6421	169.3555	0.8066874	3.159819
2784	-143.8092	-313.2694	169.4602	0.7019261	3.159819
2790	-149.3711	-318.1664	168.7952	0.5659674	3.629602
2796	-141.0159	-310.3788	169.3629	0.698938	3.219328
2802	-139.4823	-309.6773	170.195	0.6999964	2.718088
2808	-151.2319	-320.0519	168.82	0.7437045	3.511877
2814	-142.5484	-311.226	168.6775	0.8861367	3.511877
2820	-138.5665	-308.5492	169.9827	0.8048692	2.783755
2826	-156.8013	-325.4508	168.6494	0.7180538	3.62597
2832	-151.2943	-320.0084	168.7142	0.6392617	3.634111
2838	-152.9269	-321.8165	168.8896	1.027519	3.304753
2844	-142.5866	-312.2615	169.6749	0.7500891	3.002954
2850	-149.4168	-317.4017	167.9849	0.6539515	4.044942
2856	-152.5819	-320.984	168.4021	0.6409646	3.813374
2862	-141.7848	-311.3282	169.5434	0.7753932	3.066529
2868	-143.0074	-313.166	170.1587	1.242497	2.403537
2874	-139.9542	-309.64	169.6858	0.8358244	2.944856
2880	-134.7621	-304.7929	170.0308	0.4908068	2.944856
2886	-157.5753	-325.3077	167.7324	0.4908068	4.281136
2892	-148.0405	-317.4002	169.3596	1.231099	2.903171
2898	-146.077	-315.9179	169.8408	1.144785	2.66246
2904	-145.5435	-316.997	171.4535	0.8438108	1.815047
2910	-144.114	-314.8649	170.7508	1.339977	1.955581
2916	-146.6662	-316.0459	169.3796	0.5964645	3.269985
2922	-130.4863	-299.9737	169.4874	0.6126931	3.19666
2928	-137.3143	-307.3673	170.053	0.7082299	2.79982
2934	-138.7317	-307.57	168.8383	0.4282535	3.684426
2940	-132.3112	-301.0145	168.7033	0.4282535	3.762364
2946	-129.1111	-298.4863	169.3751	0.5846187	3.279632
2952	-146.4013	-315.0038	168.6025	0.8481177	3.577683
2958	-147.884	-316.8349	168.951	0.8082156	3.397582
2964	-134.7287	-305.2562	170.5275	0.8056725	2.446371
2970	-131.3514	-300.65	169.2986	0.6814211	3.267674
2976	-132.3089	-302.7422	170.4333	0.5908222	2.638712
2982	-135.3042	-305.197	169.8927	0.9008927	2.780067
2988	-146.8341	-316.9404	170.1064	0.7065833	2.768284
2994	-137.2043	-307.0124	169.8081	1.004858	2.768284
3000	-151.9194	-321.5261	169.6067	0.8331153	2.994058
3006	-151.4914	-319.8968	168.4055	0.5644801	3.855415
3012	-147.3365	-316.9198	169.5833	0.6053825	3.144031
3018	-134.9162	-304.2885	169.3723	0.7908045	3.159271
3024	-152.504	-319.9917	167.4877	0.4570375	4.438421
3030	-137.3885	-307.1677	169.7792	1.028788	2.771291
3036	-141.5923	-311.9276	170.3353	1.054947	2.410401
3042	-149.7959	-319.047	169.251	0.4756622	3.416617
3048	-136.9371	-306.8891	169.952	0.9209872	2.731618
3054	-137.4432	-306.4631	169.0199	0.7017201	3.419583
3060	-142.2097	-311.8352	169.6255	0.6656685	3.083014
3066	-142.6401	-312.3011	169.6611	0.6300799	3.083014
3072	-149.2504	-319.546	170.2957	0.7499784	2.625448
3078	-141.1114	-311.2229	170.1114	0.7650372	2.729475
3084	-141.9164	-312.3033	170.3869	0.7799083	2.550323
3090	-154.8773	-324.2033	169.3259	0.8975343	3.123372
3096	-142.8605	-313.29	170.4296	1.019968	2.37294
3102	-134.4324	-303.4622	169.0298	0.6792733	3.426931
3108	-135.2397	-305.3449	170.1052	1.270785	2.419437
3114	-136.3257	-306.475	170.1493	1.365313	2.331616
3120	-141.4282	-311.9955	170.5673	1.345657	2.073845
3126	-127.9369	-298.0456	170.1087	1.14359	2.497043
3132	-123.237	-293.2999	170.0629	1.189415	2.497043
3138	-136.7585	-307.2178	170.4592	0.9855078	2.375985
3144	-135.5556	-305.206	169.6503	0.5883169	3.114319
3150	-135.9574	-305.4605	169.5031	0.8289884	3.05857
3156	-138.2084	-307.7284	169.52	0.4897647	3.250083
3162	-139.3878	-308.5322	169.1444	0.7719975	3.30518
3168	-136.7482	-306.8292	170.081	1.475114	2.305134
3174	-137.2345	-307.7915	170.5569	1.127397	2.22287
3180	-129.1451	-299.578	170.4328	1.127397	2.302521
3186	-140.8947	-311.7823	170.8875	0.8701892	2.175374
3192	-143.1597	-312.7262	169.5665	0.8498227	3.008122
3198	-138.9906	-308.1009	169.1103	0.8910279	3.255098
3204	-149.8876	-318.8275	168.9399	0.8910279	3.355481
3210	-146.8811	-316.8369	169.9558	0.7431779	2.837631
3216	-145.7423	-315.644	169.9017	0.8907862	2.780742
3222	-154.9798	-324.1854	169.2056	1.220099	3.002526
3228	-156.1047	-325.8817	169.777	0.9862901	2.798561
3234	-155.4397	-324.5925	169.1529	0.9862901	3.173474
3240	-152.0502	-321.8645	169.8143	1.009639	2.761548
3246	-153.2507	-322.7818	169.5311	1.091449	2.883937
3252	-133.0197	-301.2073	168.1875	0.6145074	3.951691
3258	-138.9018	-308.2111	169.3093	1.133467	2.992278
3264	-147.8789	-317.2288	169.3499	1.092857	2.992278
3270	-147.3463	-316.251	168.9046	0.7092543	3.482584
3276	-134.8289	-303.7335	168.9046	0.7092543	3.482584
3282	-145.3583	-315.4821	170.1238	1.579553	2.210587
3288	-124.8824	-295.1985	170.3161	0.9364565	2.496866
3294	-129.4802	-300.0683	170.588	0.9364565	2.325335
3300	-146.3305	-316.1594	169.8289	0.8406023	2.855527
3306	-149.5587	-319.0854	169.5266	0.680778	3.132918
3312	-138.2022	-309.0456	170.8434	1.091865	2.059182
3318	-135.316	-305.3405	170.0245	0.8206612	2.748597
3324	-145.7752	-315.4379	169.6626	0.5095418	3.153875
3330	-144.4531	-313.9645	169.5114	1.171212	2.847573
3336	-132.7794	-302.4512	169.6718	0.7895902	2.981077
3342	-142.8782	-312.6261	169.7479	0.9738914	2.823772
3348	-141.8653	-310.3426	168.4773	0.8443902	3.65251
3354	-139.0101	-307.7626	168.7526	0.5691032	3.65251
3360	-136.0472	-306.1841	170.1369	0.3904896	2.941379
3366	-131.4748	-301.2577	169.7829	0.7445087	2.941379
3372	-150.8685	-320.8495	169.981	0.8047099	2.784888
3378	-136.4327	-306.5771	170.1445	1.130575	2.482815
3384	-150.2408	-320.3553	170.1145	1.160592	2.482815
3390	-136.7714	-306.0619	169.2905	1.022026	3.070267
3396	-162.2825	-331.0377	168.7552	1.022026	3.387016
3402	-136.5971	-306.0439	169.4469	0.9600881	3.013748
3408	-126.9844	-296.8737	169.8893	0.6595317	2.928463
3414	-143.5664	-312.8779	169.3114	0.8832797	3.140478
3420	-147.4687	-316.3144	168.8458	0.3611173	3.718915
3426	-145.0628	-314.4038	169.341	0.8823414	3.123465
3432	-163.6177	-334.0531	170.4354	1.599063	1.9933
3438	-145.1559	-314.6332	169.4773	1.123036	2.897356
3444	-153.438	-322.517	169.0789	0.7439548	3.360209
3450	-141.9731	-311.8671	169.894	0.7124774	2.89366
3456	-138.7458	-309.2352	170.4894	0.8420068	2.447459
3462	-141.1078	-310.3152	169.2074	1.442814	2.867203
3468	-133.5973	-303.9905	170.3932	0.9740456	2.424918
3474	-131.0639	-301.3794	170.3155	0.8803188	2.532324
3480	-141.8156	-312.6322	170.8166	0.8445114	2.237871
3486	-142.5551	-312.6504	170.0953	1.1632	2.493152
3492	-142.3384	-312.9407	170.6024	0.7097731	2.459569
3498	-129.918	-300.1567	170.2387	1.073411	2.459569
3504	-130.4054	-299.9682	169.5628	0.9048342	2.977318
3510	-125.1433	-295.2412	170.0979	1.037311	2.57001
3516	-136.2555	-305.2877	169.0322	1.121483	3.164847
3522	-135.1297	-305.1891	170.0594	0.7629703	2.762508
3528	-142.3027	-310.243	167.9403	0.7629703	4.008183
3534	-151.9914	-322.6297	170.6383	1.466849	1.94594
3540	-143.9984	-312.84	168.8415	1.078454	3.303073
3546	-129.5479	-299.7424	170.1946	0.958847	2.558673
3552	-152.7542	-323.1285	170.3742	0.8300076	2.527051
3558	-150.1899	-320.0647	169.8748	0.9187076	2.780119
3564	-133.0548	-303.5125	170.4577	0.6341204	2.596877
3570	-135.2125	-305.3015	170.089	0.7007162	2.782468
3576	-140.6657	-309.7786	169.1129	0.9169436	3.238238
3582	-141.1748	-310.4086	169.2338	1.096964	3.059349
3588	-138.1753	-307.5367	169.3614	1.037675	3.018475
3594	-129.408	-300.2761	170.8681	0.9419019	2.141373
3600	-128.8952	-297.9377	169.0425	0.4488683	3.554012
3606	-129.1199	-298.9603	169.8404	0.9809154	2.763185
3612	-145.2147	-313.2953	168.0806	0.6873518	3.971208
3618	-147.072	-315.9777	168.9057	1.143655	3.226695
3624	-146.0484	-315.4089	169.3605	0.7827338	3.171031
3630	-142.5378	-311.7962	169.2584	0.721445	3.2678
3636	-149.1261	-318.1579	169.0318	0.793086	3.359003
3642	-143.8044	-313.3818	169.5773	0.8152231	3.022378
3648	-148.3255	-317.2163	168.8909	1.199112	3.202646
3654	-153.3852	-322.3157	168.9305	0.6521191	3.500815
3660	-149.4641	-319.5389	170.0748	0.9604775	2.631827
3666	-144.6193	-312.773	168.1537	0.9604775	3.77241
3672	-142.5412	-312.5162	169.975	1.160805	2.56963
3678	-133.2798	-303.0501	169.7703	0.7253524	2.960498
3684	-152.6717	-319.4984	166.8267	0.7010584	4.672607
3690	-158.1996	-327.3287	169.129	1.163622	3.082124
3696	-145.1561	-315.139	169.983	0.667977	2.866768
3702	-146.8046	-317.3275	170.5229	0.8988865	2.390481
3708	-141.083	-310.4244	169.3414	0.9018011	3.111611
3714	-139.7857	-309.7617	169.976	1.233162	2.524007
3720	-144.0414	-313.9946	169.9532	1.166586	2.579572
3726	-149.9403	-320.3099	170.3696	1.098392	2.361249
3732	-140.6576	-310.3381	169.6805	1.098392	2.789065
3738	-151.3192	-320.4408	169.1215	1.188558	3.071722
3744	-156.8655	-325.4182	168.5527	1.011064	3.511846
3750	-146.9662	-316.9993	170.0331	1.002385	2.631695
3756	-150.1124	-319.8133	169.7009	1.484866	2.538532
3762	-142.6234	-312.2913	169.6679	1.431481	2.592205
3768	-145.9972	-316.6807	170.6836	0.7900373	2.357677
3774	-145.0147	-314.6971	169.6823	0.7094892	3.022819
3780	-137.4341	-307.5435	170.1094	0.7202589	2.758059
3786	-133.5203	-303.1428	169.6224	0.7202589	3.052227
3792	-126.9909	-296.6133	169.6224	0.7202589	3.052227
3798	-141.237	-310.6805	169.4434	0.8992834	3.052227
3804	-134.6382	-304.5449	169.9068	0.6729595	2.909834
3810	-135.5489	-304.5967	169.0478	0.7377801	3.382094
3816	-135.6665	-305.6999	170.0334	0.6361665	2.855502
3822	-130.0232	-300.1394	170.1162	0.7708468	2.722994
3828	-128.6756	-297.6463	168.9707	0.5499628	3.53693
3834	-142.2713	-312.216	169.9448	0.6891234	2.877089
3840	-141.7253	-310.153	168.4277	0.7878337	3.713928
3846	-156.5085	-325.471	168.9625	1.192992	3.163802
3852	-137.8202	-307.9313	170.111	0.9452708	2.618854
3858	-153.1917	-323.2045	170.0128	1.252526	2.488898
3864	-141.1436	-309.7224	168.5788	0.8328944	3.600307
3870	-146.9565	-316.304	169.3475	1.257556	2.894546
3876	-160.0075	-328.9679	168.9604	0.9263241	3.322691
3882	-155.6922	-323.7132	168.021	0.9021722	3.882265
3888	-147.0785	-317.3768	170.2983	0.8685731	2.550335
3894	-139.2014	-309.3165	170.1151	0.7724645	2.722651
3900	-149.0917	-318.7682	169.6765	1.211113	2.722651
3906	-136.2083	-306.2396	170.0314	0.819389	2.745197
3912	-144.2183	-314.2998	170.0815	0.819389	2.71452
3918	-135.6538	-305.6181	169.9643	0.7652708	2.819037
3924	-133.4739	-302.5897	169.1158	1.000401	3.187099
3930	-127.6395	-297.0654	169.4258	0.6903668	3.187099
3936	-132.2253	-302.5873	170.362	0.9032911	2.488932
3942	-133.0342	-302.2128	169.1786	0.8082668	3.263647
3948	-145.3286	-315.4006	170.072	0.9189465	2.659162
3954	-148.9332	-318.6065	169.6734	1.173592	2.747508
3960	-151.5477	-321.089	169.5414	0.8601562	3.017011
3966	-150.7872	-320.0217	169.2344	1.502938	2.814316
3972	-145.142	-315.4363	170.2944	1.183637	2.354894
3978	-141.9026	-311.8474	169.9448	1.533186	2.354894
3984	-139.65	-309.8766	170.2267	1.037619	2.48955
3990	-131.0333	-300.7415	169.7081	0.9671733	2.852004
3996	-128.7051	-298.9494	170.2443	0.7856777	2.635099
4002	-142.6005	-312.0134	169.4129	0.8740598	3.085523
4008	-151.8934	-321.4353	169.5419	0.6320062	3.152837
4014	-131.1789	-301.1401	169.9612	0.6320062	2.90171
4020	-157.606	-327.7603	170.1543	0.70053	2.742677
4026	-158.6974	-325.5589	166.8616	0.8126465	4.590537
4032	-158.1659	-326.3599	168.194	0.8614588	3.806223
4038	-149.9436	-319.7046	169.761	0.5206453	3.088679
4044	-148.9636	-317.7512	168.7876	0.4727815	3.688012
4050	-151.2488	-319.0839	167.8351	0.6177414	4.150866
4056	-151.6998	-321.3758	169.676	0.5628082	3.114217
4062	-143.0998	-311.7379	168.6381	0.5628082	3.722363
4068	-157.5779	-326.9325	169.3546	0.3815552	3.411088
4074	-152.977	-321.9346	168.9577	0.7101716	3.451058
4080	-145.9131	-315.0131	169.1	0.5678495	3.451058
4086	-140.9376	-309.84	168.9024	0.6728319	3.505119
4092	-133.7804	-303.6039	169.8235	1.131276	2.681448
4098	-138.7334	-308.3786	169.6451	0.9726248	2.886835
4104	-148.0952	-318.3768	170.2817	1.038252	2.454689
4110	-143.2567	-311.1053	167.8486	0.9592382	3.948379
4116	-142.4622	-311.5158	169.0536	0.735359	3.380134
4122	-149.4588	-318.9942	169.5354	0.8061769	3.052879
4128	-151.3598	-320.7839	169.4241	0.8795355	3.075564
4134	-130.6579	-300.028	169.3701	0.9335193	3.075564
4140	-141.3531	-311.3677	170.0146	0.679377	2.840667
4146	-129.4614	-298.3382	168.8768	0.679377	3.516252
4152	-135.9246	-305.4382	169.5136	0.7902329	3.075445
4158	-129.6863	-300.0753	170.389	0.993828	2.415102
4164	-136.7349	-305.6642	168.9293	0.6058572	3.528528
4170	-135.7475	-304.7625	169.015	0.5201134	3.528528
4176	-130.5109	-298.709	168.1981	0.6591682	3.92004
4182	-143.1554	-311.4639	168.3085	0.5487954	3.92004
4188	-165.2092	-334.0941	168.8849	0.4025182	3.672339
4194	-155.2899	-324.8291	169.5392	0.9112046	2.987676
4200	-146.6018	-316.4476	169.8458	0.9817617	2.759331
4206	-155.2219	-324.8502	169.6283	0.9817617	2.891513
4212	-147.7962	-317.6816	169.8855	0.9817617	2.735116
4218	-143.8009	-313.7621	169.9612	0.7676699	2.819488
4224	-144.4024	-315.0848	170.6824	0.945138	2.259431
4230	-136.36	-306.5845	170.2245	0.6805781	2.711939
4236	-129.9109	-300.1045	170.1936	1.183457	2.418727
4242	-136.7637	-306.8225	170.0589	1.183457	2.503278
4248	-131.7785	-301.8741	170.0956	0.8224671	2.703972
4254	-144.6785	-314.2495	169.5711	1.151752	2.823154
4260	-149.1194	-317.7719	168.6525	1.116977	3.391558
4266	-145.4612	-314.6768	169.2155	0.8157267	3.237393
4272	-142.8797	-313.0381	170.1584	0.6921751	2.745299
4278	-150.1111	-318.5475	168.4365	1.026242	3.57065
4284	-144.8448	-315.2341	170.3893	0.9672597	2.431649
4290	-151.2094	-321.0215	169.8122	1.505124	2.456331
4296	-145.0974	-315.395	170.2975	0.7884788	2.600474
4302	-147.0211	-317.1753	170.1541	0.9318932	2.600474
4308	-163.4702	-333.845	170.3749	1.263438	2.252518
4314	-147.2835	-316.7884	169.5049	0.5168463	3.243025
4320	-145.285	-314.1301	168.8451	0.5168463	3.629169
4326	-160.4698	-329.8059	169.3361	0.9387468	3.092732
4332	-157.5877	-326.6987	169.1109	0.5108043	3.477992
4338	-145.0805	-314.3219	169.2414	0.9173682	3.161807
4344	-135.9099	-305.5881	169.6782	0.6906239	3.036585
4350	-139.961	-309.5656	169.6047	0.4853187	3.202637
4356	-150.0925	-319.2576	169.1651	0.7121273	3.32827
4362	-145.2342	-313.1011	167.8669	0.4695527	4.21699
4368	-147.8122	-316.6441	168.8319	0.9690801	3.37304
4374	-133.2623	-302.1207	168.8584	0.3074255	3.742614
4380	-138.9743	-307.7845	168.8102	0.5221359	3.646357
4386	-161.2737	-327.7626	166.489	0.5437495	4.948868
4392	-152.3207	-320.7879	168.4672	0.3873746	3.92158
4398	-152.9203	-320.3747	167.4545	0.4969794	4.434644
4404	-150.8307	-318.9889	168.1582	0.4139361	4.082967
4410	-158.8353	-328.0689	169.2336	0.8077946	3.231415
4416	-138.6033	-307.8471	169.2438	0.7976058	3.231415
4422	-139.6421	-309.2051	169.563	0.7476003	3.071399
4428	-142.4287	-312.628	170.1993	1.166776	2.425671
4434	-142.8627	-311.332	168.4693	0.6057599	3.794944
4440	-139.9277	-309.8252	169.8975	0.6272273	2.942983
4446	-143.591	-312.8791	169.2881	0.88358	3.154163
4452	-152.9308	-322.6192	169.6884	0.697853	3.026167
4458	-159.4307	-326.405	166.9742	0.5886906	4.652928
4464	-145.7805	-314.3068	168.5263	0.6150277	3.756762
4470	-145.8317	-314.6453	168.8136	0.6402267	3.575824
4476	-148.5103	-317.2	168.6897	0.764139	3.575824
4482	-153.0256	-321.1748	168.1492	0.5881897	3.988681
4488	-146.3713	-315.5699	169.1985	0.5881897	3.381437
4494	-141.9122	-310.3996	168.4874	0.5307961	3.827646
4500	-148.9907	-317.7669	168.7761	0.7888888	3.511096
4506	-141.4516	-310.5104	169.0588	0.5061986	3.511096
4512	-136.1295	-304.6185	168.489	0.8256432	3.65658
4518	-141.602	-309.9271	168.3251	0.6784631	3.836097
4524	-132.5108	-301.292	168.7812	0.9341025	3.423304
4530	-132.8597	-302.0119	169.1523	0.5630187	3.423304
4536	-132.0686	-301.2027	169.1342	0.7129493	3.34596
4542	-139.3469	-308.7869	169.44	0.631284	3.213691
4548	-141.6631	-311.8242	170.1611	0.6423905	2.774036
4554	-139.8086	-310.2418	170.4333	0.6942197	2.574785
4560	-127.1101	-296.9653	169.8552	0.5557664	3.011335
4566	-132.2423	-301.6285	169.3862	0.5267831	3.307184
4572	-133.1242	-302.901	169.7768	0.6613467	2.995048
4578	-125.3319	-295.286	169.9541	0.4635968	3.007321
4584	-139.5939	-309.1774	169.5835	0.8341916	3.007321
4590	-151.7352	-321.9073	170.172	0.7343765	2.71111
4596	-143.8635	-313.2136	169.3501	0.9988692	3.048487
4602	-143.1802	-313.2898	170.1096	0.9988692	2.586581
4608	-152.8585	-323.3993	170.5408	1.09808	2.252165
4614	-156.4172	-326.428	170.0108	1.109633	2.579162
4620	-146.4112	-314.2932	167.8819	0.6261908	4.11943
4626	-149.8569	-318.1238	168.2669	0.6261908	3.89952
4632	-145.5823	-315.2801	169.6978	0.8160498	2.949522
4638	-137.4398	-305.9547	168.5149	0.8310862	3.6384
4644	-135.5009	-303.1641	167.6632	0.6515673	4.229267
4650	-131.0533	-298.2305	167.1772	0.5288488	4.572638
4656	-138.7733	-305.9917	167.2184	0.5952185	4.512203
4662	-135.6705	-304.6139	168.9434	0.5952185	3.526489
4668	-138.9466	-306.9765	168.0299	0.5674005	4.068637
4674	-127.9835	-296.8248	168.8412	0.9462961	3.380963
4680	-138.2629	-305.3528	167.0899	0.6120563	4.574983
4686	-144.8158	-313.358	168.5423	0.3594815	3.894565
4692	-136.6736	-307.4484	170.7748	0.6843211	2.366884
4698	-134.5157	-304.9799	170.4642	1.156421	2.263839
4704	-148.8035	-318.9617	170.1582	0.8461677	2.650886
4710	-149.4946	-317.9003	168.4057	0.8461677	3.692929
4716	-140.0445	-309.753	169.7085	1.088655	2.777933
4722	-144.0956	-313.0059	168.9103	0.6568294	3.509844
4728	-157.9695	-325.7369	167.7674	0.7113118	4.13619
4734	-153.2196	-323.2303	170.0107	0.9627716	2.669924
4740	-151.1306	-320.7213	169.5906	0.6740162	3.09883
4746	-156.2287	-325.4307	169.202	1.062647	3.09883
4752	-156.1362	-326.4696	170.3334	0.4944973	2.759141
4758	-151.6897	-320.373	168.6833	0.825057	3.544089
4764	-129.8753	-298.4106	168.5353	0.7961033	3.646893
4770	-139.5055	-309.8924	170.3869	1.164036	2.308467
4776	-132.4173	-302.8638	170.4465	0.8441731	2.473018
4782	-127.1926	-297.4052	170.2126	0.9865076	2.530266
4788	-130.6966	-300.1546	169.458	0.7487074	3.133351
4794	-137.0113	-306.0143	169.003	0.8346321	3.35153
4800	-143.2136	-313.2857	170.072	0.6835312	2.80324
4806	-140.3319	-309.0861	168.7542	0.6189011	3.622703
4812	-139.2213	-306.7359	167.5146	0.7287721	4.269715
4818	-136.2386	-305.9798	169.7412	0.5642663	3.074457
4824	-136.7824	-307.01	170.2276	0.7472251	2.669109
4830	-150.2822	-319.3829	169.1007	1.135134	3.116005
4836	-146.3358	-315.3893	169.0535	0.5947429	3.462493
4842	-146.5664	-315.1507	168.5844	0.5206759	3.777678
4848	-145.2574	-314.1212	168.8638	0.7513633	3.481841
4854	-137.1822	-306.0706	168.8884	1.082449	3.273056
4860	-158.7135	-328.7688	170.0554	1.726058	2.159988
4866	-146.8761	-316.4383	169.5622	0.9978818	2.921676
4872	-149.7219	-319.2557	169.5339	0.6844862	3.126413
4878	-154.957	-323.8602	168.9032	0.5693552	3.564955
4884	-151.5526	-321.5676	170.015	0.6809346	2.839509
4890	-146.9939	-317.5058	170.5118	0.8244321	2.444408
4896	-149.1682	-318.2769	169.1087	0.6103369	3.421093
4902	-140.1244	-309.4511	169.3268	0.7418375	3.215299
4908	-139.6286	-310.2828	170.6542	0.8602153	2.331766
4914	-138.4801	-307.6092	169.1291	0.6704044	3.373907
4920	-147.3619	-317.2745	169.9126	0.9708679	2.725172
4926	-145.6598	-314.7765	169.1168	0.6554353	3.389947
4932	-137.6618	-306.0735	168.4117	0.7628572	3.73757
4938	-142.0001	-310.6532	168.653	0.5215463	3.73757
4944	-144.1561	-313.0207	168.8647	0.4733854	3.643014
4950	-147.955	-318.0315	170.0766	0.5939223	2.854923
4956	-152.1994	-322.2243	170.025	0.7824845	2.771627
4962	-154.413	-324.121	169.7081	0.7527782	2.981425
4968	-154.7521	-323.1519	168.3998	1.120745	3.537024
4974	-156.9761	-326.9156	169.9395	1.26237	2.528509
4980	-148.2029	-318.1145	169.9116	1.290275	2.528509
4986	-145.7424	-314.2693	168.5269	0.672832	3.723028
4992	-142.7608	-311.7827	169.0219	0.6022435	3.476588
4998	-144.7403	-313.0059	168.2655	0.6314549	3.897279
5004	-143.1395	-311.4791	168.3396	0.5594344	3.896086
5010	-148.882	-315.3853	166.5033	0.3350358	5.056844
5016	-148.8326	-316.9845	168.1519	0.5729802	3.99582
5022	-150.8997	-319.0591	168.1594	0.565481	3.99582
5028	-140.9139	-309.8989	168.9851	0.565481	3.519532
5034	-148.2966	-317.2279	168.9313	0.6192552	3.519532
5040	-143.3341	-312.3675	169.0334	0.7662936	3.373829
5046	-158.1855	-328.0038	169.8183	0.7142512	2.93829
5052	-150.6322	-318.2625	167.6303	0.7805803	4.174709
5058	-149.0299	-318.1446	169.1147	0.7666855	3.325829
5064	-150.6267	-320.7029	170.0761	0.9400822	2.643611
5070	-136.6484	-306.9757	170.3273	0.6888586	2.643611
5076	-152.2245	-320.4449	168.2204	0.3929513	4.059497
5082	-144.3024	-314.6886	170.3862	0.8964801	2.478026
5088	-143.7831	-313.6196	169.8365	1.158745	2.656515
5094	-143.3312	-312.604	169.2729	1.116997	3.023986
5100	-145.7214	-315.6183	169.8968	0.7565786	2.865278
5106	-147.6552	-316.433	168.7778	0.6616127	3.584196
5112	-137.9399	-307.0182	169.0782	0.5853493	3.453542
5118	-144.1981	-312.9979	168.7998	0.8389111	3.46809
5124	-145.5082	-314.8689	169.3608	0.6385036	3.256302
5130	-141.6661	-309.1345	167.4684	0.6083347	4.363981
5136	-136.3436	-305.586	169.2424	0.7170841	3.279782
5142	-155.3648	-323.9089	168.5441	0.9338153	3.561806
5148	-168.6209	-338.384	169.7631	0.8572284	2.885277
5154	-137.1304	-308.0076	170.8772	0.9354883	2.139588
5160	-149.7121	-318.3564	168.6443	0.6576022	3.663977
5166	-147.7115	-316.0668	168.3553	0.6731467	3.821792
5172	-148.0061	-315.4662	167.4601	0.5724724	4.388904
5178	-142.8318	-311.9688	169.137	0.5454815	3.442527
5184	-157.2128	-325.801	168.5882	1.183512	3.390242
5190	-150.5587	-320.7688	170.2101	0.6851349	2.71797
5196	-156.2587	-323.2791	167.0203	0.5364585	4.656374
5202	-147.184	-315.8035	168.6195	1.018779	3.468317
5208	-145.5402	-315.2242	169.684	1.109253	2.780295
5214	-146.8432	-316.6823	169.8391	0.557033	3.020218
5220	-140.8048	-308.6598	167.855	0.5624556	4.170965
5226	-129.7577	-299.0532	169.2955	0.653959	3.285731
5232	-129.3444	-297.5533	168.209	0.653959	3.916808
5238	-132.3009	-302.2967	169.9958	0.8376754	2.755751
5244	-130.3686	-300.2645	169.8959	0.5989336	2.961006
5250	-121.6007	-290.8212	169.2205	0.8922048	3.189181
5256	-132.1567	-302.0559	169.8992	0.8348268	2.816362
5262	-130.1987	-300.541	170.3423	0.8348268	2.543934
5268	-131.5999	-301.3727	169.7728	1.211224	2.663411
5274	-128.4608	-298.8211	170.3604	0.8258841	2.53826
5280	-140.7836	-308.4242	167.6407	0.6899427	4.220288
5286	-145.6695	-313.4554	167.7859	0.6154521	4.18012
5292	-148.1553	-316.2821	168.1268	0.7925426	3.884459
5298	-141.5711	-310.154	168.5829	0.7145553	3.666556
5304	-138.9371	-308.5659	169.6287	0.7496055	3.030895
5310	-133.2779	-302.0259	168.748	0.8133219	3.513268
5316	-134.5476	-304.7309	170.1833	0.8133219	2.655664
5322	-144.3889	-312.1423	167.7534	0.8846713	4.045411
5328	-127.9809	-297.5817	169.6008	0.7129876	3.069483
5334	-133.2805	-302.7712	169.4907	0.64665	3.174574
5340	-135.1619	-304.6778	169.5159	0.5332035	3.226827
5346	-131.2526	-300.474	169.2214	0.8848325	3.193009
5352	-132.0745	-300.171	168.0965	0.6726205	3.970518
5358	-140.491	-307.4259	166.9348	0.4625524	4.745559
5364	-134.956	-305.3087	170.3528	0.5729631	2.699254
5370	-134.3666	-303.484	169.1174	0.5122569	3.473366
5376	-125.4917	-295.0911	169.5994	0.6649474	3.09901
5382	-131.7518	-299.7332	167.9813	0.5513206	4.105469
5388	-130.4586	-301.0611	170.6025	0.4759695	2.605175
5394	-129.7768	-300.0093	170.2325	0.5839211	2.766145
5400	-137.2892	-306.6951	169.406	0.7890359	3.1403
5406	-148.4367	-317.5484	169.1117	0.7890359	3.314424
5412	-141.525	-309.4676	167.9425	0.7890359	3.992009
5418	-139.6619	-309.032	169.3701	0.8298193	3.137384
5424	-141.1576	-307.0966	165.939	0.4111822	5.326941
5430	-163.4592	-331.2274	167.7682	0.3888479	4.318583
5436	-163.9751	-331.2142	167.2391	0.9179553	4.318583
5442	-150.1038	-319.2882	169.1844	0.4808897	3.452555
5448	-130.0511	-299.8088	169.7577	0.4262101	3.146917
5454	-125.1839	-294.6218	169.4379	0.7460162	3.146917
5460	-138.5271	-309.0542	170.5271	0.4882124	2.644166
5466	-134.3392	-304.1973	169.8581	0.559208	3.007557
5472	-140.1573	-309.2695	169.1122	0.7056486	3.363168
5478	-136.5704	-305.4788	168.9083	0.6229397	3.530757
5484	-144.3352	-311.4606	167.1255	0.6893262	4.511572
5490	-126.4911	-297.3256	170.8344	1.002214	2.123959
5496	-130.9149	-299.9959	169.0811	0.8872557	3.274579
5502	-139.8182	-309.0722	169.254	0.9431951	3.139004
5508	-144.0973	-313.969	169.8717	1.088951	2.67783
5514	-136.101	-306.6799	170.5789	1.088951	2.23349
5520	-139.2933	-307.9896	168.6963	0.5820265	3.677608
5526	-140.0377	-309.5295	169.4918	0.5247174	3.246123
5532	-144.0321	-314.3546	170.3225	0.8822659	2.52674
5538	-143.0411	-312.0718	169.0307	0.5739138	3.488012
5544	-138.8557	-309.2693	170.4135	0.5938128	2.649068
5550	-121.2228	-290.4444	169.2215	0.5896825	3.36706
5556	-118.679	-288.9203	170.2412	0.5896825	2.757319
5562	-123.3724	-293.4405	170.0681	0.6881732	2.802831
5568	-134.5122	-304.4816	169.9695	0.6881732	2.862698
5574	-137.1329	-307.3211	170.1882	1.42271	2.270087
5580	-134.2935	-304.4424	170.1489	0.7376731	2.723249
5586	-138.2451	-307.6707	169.4257	0.6707486	3.198832
5592	-137.4744	-307.4713	169.9969	0.9292541	2.699025
5598	-138.8902	-308.1356	169.2454	1.206661	2.986703
5604	-135.1131	-304.6698	169.5567	0.8953081	2.986703
5610	-138.2071	-308.1003	169.8931	0.5589203	2.986703
5616	-141.9045	-312.6081	170.7036	1.505689	1.87544
5622	-135.0439	-305.1577	170.1139	0.9565142	2.610165
5628	-135.6907	-304.8175	169.1268	0.5625518	3.438482
5634	-132.1957	-301.7904	169.5946	0.6005123	3.140211
5640	-127.9783	-296.559	168.5807	0.6480246	3.706297
5646	-137.2111	-306.4541	169.243	0.6480246	3.320127
5652	-157.4609	-324.1894	166.7285	0.3562245	4.919923
5658	-139.8447	-309.7238	169.8791	0.5395886	3.006742
5664	-151.0071	-320.2388	169.2317	0.6909506	3.301517
5670	-151.4706	-320.7022	169.2317	0.6909506	3.301517
5676	-150.0301	-320.85	170.8199	0.8092215	2.258431
5682	-152.8632	-323.1547	170.2916	0.8451007	2.569076
5688	-155.0505	-323.9741	168.9235	1.19145	3.187838
5694	-134.2915	-304.0791	169.7877	1.308322	2.594295
5700	-148.0206	-317.7743	169.7537	0.709478	2.979988
5706	-149.6543	-319.4953	169.841	0.6222261	2.979988
5712	-142.5901	-311.9676	169.3775	0.9275721	3.074728
5718	-149.1588	-319.3704	170.2116	0.7344987	2.686737
5724	-137.9909	-307.6455	169.6545	1.090371	2.809739
5730	-154.4871	-324.5365	170.0494	0.883236	2.695021
5736	-147.6789	-315.9074	168.2285	0.4275614	4.035106
5742	-150.3561	-318.1436	167.7874	0.6504045	4.1594
5748	-152.3543	-321.2704	168.9161	0.5750961	3.5541
5754	-157.7036	-327.7846	170.081	0.911578	2.658169
5760	-143.3445	-313.0613	169.7168	0.8411577	2.92297
5766	-151.3344	-320.8035	169.4691	1.043888	2.950051
5772	-153.6682	-322.96	169.2918	0.7099057	3.254854
5778	-143.4309	-311.7348	168.3039	0.7099057	3.830222
5784	-148.1482	-316.6718	168.5236	0.4901629	3.830222
5790	-138.8619	-307.5272	168.6653	0.6217315	3.672583
5796	-130.4269	-300.5356	170.1087	1.243058	2.434669
5802	-128.4001	-297.6395	169.2393	0.8749289	3.188244
5808	-137.4179	-307.2558	169.8379	1.172686	2.647098
5814	-144.7775	-314.6378	169.8602	1.150317	2.647098
5820	-136.8981	-305.9761	169.078	1.225018	3.075909
5826	-136.0069	-305.345	169.3381	0.9649442	3.075909
5832	-136.4547	-305.9364	169.4817	0.8566283	3.054853
5838	-140.8668	-310.3484	169.4817	0.8566283	3.054853
5844	-143.7825	-311.9227	168.1402	0.8710921	3.831627
5850	-138.8105	-308.4938	169.6833	1.0128	2.839405
5856	-133.6759	-304.1992	170.5233	1.238884	2.172509
5862	-131.8118	-301.9656	170.1538	1.241395	2.407321
5868	-124.9751	-295.0176	170.0425	1.177852	2.516976
5874	-144.5517	-313.1248	168.5731	0.5205543	3.784236
5880	-131.6039	-298.9927	167.3888	0.4695677	4.487057
5886	-141.748	-310.1064	168.3584	0.4494824	3.94834
5892	-139.6884	-306.5179	166.8296	0.5892559	4.733569
5898	-132.3863	-301.1595	168.7732	0.4593112	3.704129
5904	-141.2094	-310.6036	169.3942	0.7242605	3.185741
5910	-143.9686	-313.4946	169.5261	1.07961	2.894151
5916	-142.9557	-312.7024	169.7467	0.9354326	2.847846
5922	-141.1534	-310.7527	169.5992	1.019335	2.886362
5928	-143.9143	-313.5832	169.669	1.375705	2.626052
5934	-146.9829	-317.3949	170.412	1.595769	2.011118
5940	-132.4642	-302.2175	169.7533	0.7456934	2.958505
5946	-133.7239	-303.2078	169.4839	1.004254	2.965029
5952	-133.014	-303.2541	170.2401	1.004254	2.502003
5958	-135.2534	-304.6763	169.4229	0.7099904	3.177215
5964	-134.8286	-304.9452	170.1166	0.9607169	2.605843
5970	-125.8078	-296.4782	170.6705	1.079124	2.18067
5976	-131.564	-301.3529	169.7889	1.731125	2.328161
5982	-133.746	-304.1832	170.4372	1.016138	2.370537
5988	-155.0815	-324.7648	169.6833	0.8742291	2.923192
5994	-146.1602	-315.9715	169.8114	0.824453	2.875926
6000	-147.5917	-317.9589	170.3672	1.086405	2.370372
6006	-140.273	-310.2056	169.9326	0.6942394	2.881336
6012	-136.2693	-304.484	168.2146	1.145843	3.630025
6018	-137.0904	-304.9222	167.8318	0.4525521	4.246507
6024	-138.498	-307.8005	169.3025	0.4525521	3.4
6030	-126.9571	-295.9468	168.9897	0.7653347	3.4
6036	-129.5449	-299.3722	169.8273	0.749402	2.911636
6042	-141.706	-311.0344	169.3284	0.6649924	3.259758
6048	-162.5137	-332.7068	170.1931	1.169013	2.428122
6054	-148.0042	-318.2124	170.2081	0.8372029	2.625633
6060	-141.4337	-311.3364	169.9028	1.142589	2.625633
6066	-147.6083	-316.2111	168.6029	0.5773319	3.734334
6072	-145.2772	-315.1559	169.8787	0.6057583	2.9672
6078	-148.7345	-318.0061	169.2716	0.9702895	3.112401
6084	-144.9987	-314.9418	169.9432	1.267118	2.523287
6090	-134.9608	-305.2368	170.276	0.9343184	2.523287
6096	-140.5561	-311.5072	170.9511	0.6060573	2.304497
6102	-144.3541	-314.6401	170.286	1.049503	2.444894
6108	-132.7033	-302.1043	169.401	0.7885809	3.143523
6114	-132.8866	-302.1333	169.2467	0.7203665	3.275327
6120	-136.1599	-306.3799	170.22	0.7398841	2.678285
6126	-132.6395	-302.9402	170.3007	1.213762	2.331708
6132	-136.4141	-306.5038	170.0897	0.8787746	2.673032
6138	-125.8701	-295.9598	170.0897	0.8787746	2.673032
6144	-134.1115	-304.9647	170.8532	1.003996	2.110508
6150	-162.319	-331.0478	168.7289	0.6474418	3.620846
6156	-153.4115	-323.2193	169.8078	0.8918753	2.837188
6162	-150.6083	-320.1021	169.4938	0.608344	3.195423
6168	-148.0047	-317.5481	169.5434	0.6129055	3.163321
6174	-152.1606	-321.1422	168.9815	0.6129055	3.493932
6180	-146.2337	-315.2206	168.9869	0.9662335	3.28356
6186	-148.0045	-317.0372	169.0328	0.7876369	3.361657
6192	-146.8461	-314.2076	167.3614	0.3802315	4.552669
6198	-134.474	-303.122	168.648	0.8338913	3.559478
6204	-147.9689	-316.7675	168.7986	0.6833735	3.559478
6210	-150.2599	-319.6905	169.4306	0.9395005	3.035844
6216	-161.6431	-330.7828	169.1397	0.4685823	3.485872
6222	-157.3599	-326.3465	168.9865	0.6308178	3.480555
6228	-150.2512	-319.1059	168.8548	0.7625983	3.480555
6234	-147.6316	-317.5471	169.9155	0.9352604	2.745185
6240	-145.6739	-314.5499	168.876	0.6731018	3.520377
6246	-151.8914	-320.2804	168.389	0.671737	3.803179
6252	-142.0052	-311.013	169.0079	0.5962035	3.488324
6258	-150.7742	-321.5773	170.8031	1.194939	2.01756
6264	-142.7944	-312.8571	170.0626	0.887687	2.684159
6270	-143.1523	-313.2106	170.0584	1.001604	2.616589
6276	-148.9693	-318.7911	169.8217	0.945829	2.795937
6282	-139.5764	-307.8992	168.3228	1.107583	3.589444
6288	-137.9234	-304.7395	166.8161	0.5998548	4.735177
6294	-145.9964	-314.211	168.2145	1.182716	3.608683
6300	-139.0832	-308.4628	169.3796	0.7025732	3.207246
6306	-152.0421	-321.933	169.8909	0.6237004	2.949117
6312	-149.9239	-319.5014	169.5776	1.44157	2.641806
6318	-152.388	-322.182	169.794	1.465498	2.492569
6324	-145.1579	-314.5385	169.3806	1.25203	2.877868
6330	-157.0772	-328.1666	171.0894	1.283396	1.762623
6336	-155.5576	-326.3801	170.8226	0.6462433	2.36072
6342	-153.3683	-322.7854	169.4171	0.5298874	3.287168
6348	-147.8241	-316.2462	168.4221	0.6674914	3.786564
6354	-140.6853	-310.3895	169.7041	0.86861	2.914031
6360	-128.7408	-297.7724	169.0316	0.5470576	3.503164
6366	-140.8489	-309.4787	168.6298	0.6423915	3.681185
6372	-133.2631	-301.733	168.4699	0.6423915	3.773511
6378	-131.2713	-300.4238	169.1525	0.6721443	3.359144
6384	-146.9473	-316.2599	169.3126	1.123039	2.996557
6390	-130.2388	-299.599	169.3602	0.9255309	3.086269
6396	-135.0725	-305.0311	169.9586	0.6370767	2.900202
6402	-137.981	-307.9484	169.9674	0.8778331	2.748579
6408	-139.8646	-309.1338	169.2691	0.7376729	3.251851
6414	-146.6785	-317.0436	170.3652	0.8179677	2.540188
6420	-148.9752	-317.9629	168.9878	0.6422572	3.473158
6426	-147.3193	-316.882	169.5626	0.6422572	3.134423
6432	-138.3644	-307.7964	169.432	0.7728401	3.134423
6438	-145.1317	-315.6296	170.4979	0.895276	2.408545
6444	-143.695	-314.0678	170.3728	0.6784162	2.622019
6450	-144.6506	-314.8726	170.222	0.884818	2.587574
6456	-141.2399	-311.9128	170.6729	0.884818	2.304128
6462	-143.1469	-310.7345	167.5876	0.5497964	4.329697
6468	-155.3943	-324.4033	169.0089	0.5349261	3.523422
6474	-147.1174	-314.9447	167.8273	0.6789751	4.120518
6480	-159.6952	-327.8016	168.1064	0.8513717	3.862419
6486	-146.7992	-316.6139	169.8148	0.5690947	3.027602
6492	-142.179	-311.2323	169.0533	0.7182448	3.390329
6498	-145.562	-315.8788	170.3168	0.8225863	2.567408
6504	-146.6848	-316.3365	169.6517	0.9029148	2.924988
6510	-143.9316	-312.7073	168.7758	0.6575539	3.587741
6516	-136.0247	-304.891	168.8663	1.333431	3.13749
6522	-143.2523	-313.3174	170.0651	0.7496484	2.767196
6528	-136.4942	-307.1098	170.6156	0.7209953	2.444188
6534	-142.715	-311.475	168.7601	0.5373582	3.666564
6540	-128.5034	-296.9067	168.4033	0.7235008	3.765116
6546	-129.158	-299.3863	170.2283	0.6296765	2.740761
6552	-135.7685	-304.3713	168.6028	0.7606039	3.628313
6558	-134.8657	-303.5212	168.6554	0.5521824	3.718485
6564	-142.614	-313.5107	170.8967	0.5972364	2.344773
6570	-146.0381	-315.7233	169.6852	0.9591604	2.870752
6576	-137.6989	-307.438	169.7391	0.9052173	2.870752
6582	-153.2795	-323.4904	170.2109	0.9844027	2.532594
6588	-148.9419	-318.0358	169.0939	0.5972551	3.437444
6594	-147.8648	-316.639	168.7742	0.9169295	3.437444
6600	-144.9802	-315.0827	170.1025	0.9494323	2.621563
6606	-150.1094	-320.112	170.0026	1.049337	2.621563
6612	-137.3891	-306.7236	169.3345	1.100095	2.997198
6618	-145.4516	-315.5994	170.1479	1.202289	2.435666
6624	-143.5477	-311.8132	168.2656	0.6001685	3.915208
6630	-137.6627	-305.038	167.3753	0.6001685	4.421115
6636	-141.068	-309.6914	168.6234	0.4704357	3.784143
6642	-151.9758	-319.2395	167.2636	0.6699858	4.444679
6648	-147.1147	-314.7624	167.6477	0.589483	4.273225
6654	-146.6069	-315.1987	168.5919	0.9734585	3.510926
6660	-137.135	-307.2024	170.0674	0.9734585	2.628418
6666	-141.1233	-311.1053	169.982	0.9518606	2.694267
6672	-140.2175	-310.283	170.0655	1.094136	2.554829
6678	-136.0946	-305.4427	169.3481	1.279332	2.880983
6684	-151.8859	-321.09	169.2041	1.279332	2.967861
6690	-146.6153	-316.1051	169.4898	1.279332	2.794985
6696	-138.095	-308.495	170.4	1.584749	2.026417
6702	-131.149	-302.158	171.009	0.9367894	2.052218
6708	-136.9974	-306.9337	169.9362	1.379806	2.457117
6714	-147.2356	-317.7866	170.551	1.428471	2.029886
6720	-142.7393	-313.676	170.9367	1.086438	2.000888
6726	-141.1744	-310.4827	169.3082	1.044861	3.046002
6732	-149.4508	-319.6948	170.244	0.8735871	2.580894
6738	-147.0702	-315.0937	168.0235	0.7757099	3.953301
6744	-135.3559	-305.4725	170.1165	0.6829835	2.77648
6750	-144.9863	-313.1294	168.1431	0.4027385	4.097944
6756	-149.3375	-317.8318	168.4943	0.4200895	3.887283
6762	-154.2044	-323.1624	168.958	0.3600101	3.654635
6768	-150.446	-318.8236	168.3775	0.9404908	3.654635
6774	-143.4934	-312.6908	169.1974	0.9404908	3.174216
6780	-147.4214	-316.2414	168.82	0.884613	3.429539
6786	-134.3052	-303.9973	169.6921	0.5663099	3.102542
6792	-138.5827	-307.7433	169.1606	1.097824	3.102542
6798	-139.6894	-308.9517	169.2622	1.073539	3.056366
6804	-143.1978	-311.2259	168.0281	0.6431056	4.026508
6810	-140.7597	-310.6463	169.8866	0.946717	2.755851
6816	-138.1927	-308.1732	169.9806	0.8527507	2.755851
6822	-131.0116	-300.7663	169.7548	0.7688594	2.94366
6828	-137.6726	-307.196	169.5234	0.7600109	3.087633
6834	-136.2135	-306.2389	170.0254	0.8992631	2.699928
6840	-135.3513	-306.1271	170.7758	0.9205569	2.215097
6846	-145.185	-315.933	170.748	0.8972077	2.248075
6852	-154.5895	-324.4634	169.8739	1.150203	2.638758
6858	-159.595	-328.7178	169.1228	0.7966454	3.303382
6864	-143.5199	-312.6447	169.1248	0.7054642	3.355862
6870	-145.1511	-315.9247	170.7736	0.7134219	2.349145
6876	-142.1687	-311.6857	169.5171	0.737073	3.105085
6882	-148.2969	-314.2847	165.9878	0.4454382	5.281107
6888	-148.6996	-315.8066	167.107	0.38869	4.690589
6894	-148.1444	-315.0596	166.9152	0.5804345	4.690589
6900	-146.183	-315.2621	169.0791	0.5961173	3.446752
6906	-155.6529	-324.8057	169.1528	0.5224285	3.446752
6912	-171.9146	-340.0093	168.0948	0.5131367	4.062607
6918	-157.4174	-325.9892	168.5718	0.3961963	3.856521
6924	-149.4277	-319.4286	170.0008	0.882004	2.725554
6930	-142.651	-312.6966	170.0456	0.913614	2.678705
6936	-150.2723	-319.7334	169.4611	0.9902979	2.987117
6942	-156.7777	-325.9081	169.1304	0.5377422	3.450909
6948	-155.2607	-324.0645	168.8039	0.7561241	3.51403
6954	-157.0243	-324.1638	167.1395	0.5872311	4.561078
6960	-152.6229	-323.1024	170.4795	1.131496	2.270053
6966	-151.3219	-320.5831	169.2612	0.8369197	3.197798
6972	-160.2772	-330.549	170.2718	1.058465	2.448188
6978	-146.9951	-317.115	170.1198	1.017126	2.568916
6984	-155.2178	-324.7716	169.5538	1.231943	2.784901
6990	-149.988	-318.5073	168.5193	0.6805164	3.723011
6996	-164.654	-331.3332	166.6793	0.6466457	4.785481
7002	-153.1841	-320.4175	167.2335	1.035768	4.255088
7008	-150.4115	-319.9606	169.549	1.116844	2.85772
7014	-148.2636	-317.9206	169.657	1.008854	2.85772
7020	-142.5898	-311.9273	169.3375	0.7795424	3.186609
7026	-132.5804	-301.7015	169.1211	0.9959595	3.186609
7032	-152.4908	-321.7353	169.2445	0.9220045	3.157249
7038	-135.4257	-303.8408	168.4151	0.6897293	3.777791
7044	-150.763	-319.4982	168.7353	0.7205945	3.57464
7050	-142.7508	-311.4861	168.7353	0.7205945	3.57464
7056	-145.4853	-315.9684	170.4831	0.8999354	2.414988
7062	-146.9054	-316.2189	169.3135	0.8999354	3.129348
7068	-142.7853	-311.5445	168.7591	0.691827	3.577483
7074	-146.2847	-315.4449	169.1602	0.6347099	3.376603
7080	-145.8308	-314.9948	169.164	0.6347099	3.374413
7086	-149.797	-318.6813	168.8843	0.7923539	3.445922
7092	-142.9304	-311.6379	168.7074	0.6327926	3.641761
7098	-136.2949	-305.7664	169.4715	0.6271419	3.1975
7104	-144.1849	-313.1287	168.9438	0.8222837	3.393516
7110	-139.133	-308.2155	169.0825	0.6836148	3.393516
7116	-156.3335	-325.3537	169.0202	0.6724563	3.436537
7122	-152.8649	-321.2806	168.4158	1.037579	3.576096
7128	-150.9706	-320.802	169.8314	1.442036	2.483826
7134	-149.2599	-318.6016	169.3417	0.5782768	3.30308
7140	-157.2109	-326.4074	169.1965	1.077076	3.093522
7146	-159.4264	-329.7052	170.2787	1.086355	2.426275
7152	-148.9639	-319.4626	170.4987	0.8663682	2.426275
7158	-155.4464	-323.9912	168.5448	0.8663682	3.600598
7164	-148.4192	-319.1971	170.7779	0.9807594	2.174779
7170	-138.5734	-307.2698	168.6963	0.5948375	3.670172
7176	-141.8648	-309.2992	167.4344	0.4270323	4.485329
7182	-149.8141	-318.3096	168.4955	0.5737023	3.79832
7188	-138.3427	-307.7115	169.3688	0.5882804	3.281198
7194	-136.4654	-305.1813	168.7159	0.5893148	3.662037
7200	-139.0493	-307.7745	168.7251	0.4681621	3.726755
7206	-133.215	-302.7828	169.5678	0.773745	3.052889
7212	-153.1152	-323.4483	170.3331	0.773745	2.587601
7218	-151.7734	-320.8709	169.0975	0.5750439	3.448297
7224	-146.2275	-315.6403	169.4128	0.9112759	3.063343
7230	-143.2989	-313.1887	169.8898	1.186199	2.606672
7236	-135.3816	-305.4627	170.0811	0.7611122	2.750405
7242	-142.5872	-313.4139	170.8267	1.051327	2.096856
7248	-138.368	-306.6689	168.3009	0.6003054	3.894865
7254	-145.562	-314.0194	168.4574	0.5157221	3.853576
7260	-151.5786	-319.6588	168.0802	1.20626	3.672917
7266	-141.7493	-310.5293	168.78	1.020808	3.373145
7272	-145.1094	-314.9007	169.7914	1.198732	2.659701
7278	-141.7901	-312.2883	170.4982	1.275515	2.164997
7284	-126.1843	-296.1344	169.9501	0.7985148	2.807489
7290	-121.5921	-290.824	169.2318	0.5733054	3.370623
7296	-120.9994	-290.6201	169.6207	0.5892551	3.131401
7302	-130.0941	-299.6951	169.6011	0.6088904	3.131401
7308	-129.1505	-298.725	169.5745	0.9655153	2.933756
7314	-149.2124	-317.8875	168.6751	0.838725	3.540919
7320	-151.9641	-320.7501	168.786	0.7430126	3.532074
7326	-141.9983	-311.9958	169.9975	0.7430126	2.812411
7332	-141.6058	-312.3108	170.7051	0.9970755	2.211371
7338	-144.3417	-313.6013	169.2596	0.9677171	3.121066
7344	-132.9139	-301.1254	168.2115	0.6637503	3.909778
7350	-137.1806	-305.4571	168.2766	1.009834	3.672938
7356	-137.9789	-308.0578	170.0788	0.7809394	2.739671
7362	-141.6354	-310.9464	169.311	0.7983588	3.191164
7368	-140.7766	-309.1033	168.3268	0.6227061	3.867169
7374	-136.4429	-305.4275	168.9846	0.649398	3.470837
7380	-135.6206	-303.3573	167.7367	0.7224523	4.147288
7386	-141.8838	-309.8358	167.952	0.5842535	4.103426
7392	-150.2547	-318.3368	168.082	0.5939436	4.023755
7398	-147.4961	-317.0862	169.5901	0.6303283	3.125166
7404	-149.1099	-316.656	167.5461	0.7880094	4.218276
7410	-137.3837	-307.8867	170.503	0.8951301	2.405435
7416	-145.1501	-314.5678	169.4177	0.8494737	3.097349
7422	-143.3772	-312.5197	169.1425	0.6388757	3.384591
7428	-151.8663	-319.4385	167.5722	0.6672629	4.271967
7434	-146.8167	-315.8998	169.0831	0.5516548	3.470373
7440	-140.9254	-310.0239	169.0985	0.9286456	3.239805
7446	-157.0457	-327.0622	170.0166	1.170422	2.537793
7452	-156.4473	-326.0934	169.6461	1.266775	2.707155
7458	-145.2924	-315.7492	170.4568	1.099063	2.305316
7464	-139.7706	-310.6325	170.8619	0.9467222	2.142276
7470	-131.3008	-299.9485	168.6477	0.6694468	3.655134
7476	-146.0261	-314.322	168.2959	0.4983774	3.956156
7482	-139.8442	-309.0365	169.1923	0.8014214	3.259571
7488	-134.2561	-303.4254	169.1693	0.6120239	3.384579
7494	-142.2227	-310.9576	168.7349	0.6220944	3.63206
7500	-145.2926	-314.0521	168.7595	0.4766144	3.702032
7506	-140.6235	-309.7912	169.1677	0.7996125	3.275169
7512	-125.9677	-295.8709	169.9032	0.5742828	2.971448
7518	-131.2142	-300.5626	169.3484	0.5742828	3.301499
7524	-134.636	-301.5875	166.9515	0.3695827	4.788183
7530	-125.8482	-295.3818	169.5336	0.6250018	3.161953
7536	-135.3857	-304.592	169.2063	0.6432682	3.344515
7542	-148.5742	-317.2453	168.6711	0.9155437	3.498505
7548	-133.4029	-302.2055	168.8026	0.7840554	3.498505
7554	-131.5933	-300.4412	168.8479	0.738729	3.498505
7560	-136.4465	-303.952	167.5055	0.241784	4.549501
7566	-136.3011	-304.2095	167.9084	0.3933044	4.236694
7572	-141.9359	-311.4554	169.5195	0.4882411	3.251306
7578	-153.0613	-322.4341	169.3728	0.559024	3.296088
7584	-156.5269	-325.678	169.151	0.7807974	3.296088
7590	-159.8399	-329.2423	169.4024	1.285461	2.844387
7596	-150.8848	-320.245	169.3601	1.228952	2.904189
7602	-148.6314	-317.9951	169.3637	1.046683	3.011711
7608	-138.9871	-308.5177	169.5307	0.9335888	2.979379
7614	-134.1169	-304.0913	169.9744	0.7770919	2.805722
7620	-135.535	-304.9428	169.4078	0.8313384	3.114002
7626	-139.2656	-308.2937	169.0281	0.9029992	3.296542
7632	-147.7339	-317.7934	170.0594	0.9029992	2.676719
7638	-141.157	-310.6877	169.5308	0.6432685	3.152762
7644	-132.7166	-301.9945	169.2779	0.8452269	3.183003
7650	-142.2007	-311.4332	169.2326	0.9652841	3.138599
7656	-141.991	-311.4855	169.4945	0.8533118	3.049183
7662	-147.9946	-317.21	169.2154	0.9169534	3.177503
7668	-142.6686	-310.6112	167.9426	0.569986	4.11691
7674	-158.5831	-327.1192	168.5361	1.05518	3.49579
7680	-138.3636	-308.7183	170.3547	1.308964	2.236206
7686	-144.1623	-313.9803	169.818	0.8054818	2.88341
7692	-140.5221	-310.1339	169.6118	0.5538747	3.157744
7698	-155.8634	-325.4918	169.6283	0.6547329	3.087838
7704	-140.5544	-310.6806	170.1263	0.9643173	2.597645
7710	-140.7656	-310.5463	169.7808	0.7677997	2.928628
7716	-121.2142	-290.8405	169.6264	0.9222067	2.928628
7722	-137.4368	-307.3504	169.9137	0.6348729	2.928628
7728	-124.2952	-294.8369	170.5416	0.8012458	2.440252
7734	-132.033	-301.9427	169.9097	0.6150082	2.942975
7740	-130.4385	-300.6491	170.2106	0.7769589	2.661251
7746	-136.4718	-304.5185	168.0466	0.5212973	4.085374
7752	-129.1401	-297.0409	167.9008	0.4808805	4.191302
7758	-135.7403	-305.3346	169.5943	0.465107	3.220769
7764	-146.0523	-313.4717	167.4195	0.4271728	4.49366
7770	-141.4838	-311.5058	170.022	1.087186	2.586127
7776	-142.8438	-312.6752	169.8314	0.8901721	2.823921
7782	-154.1362	-323.3554	169.2192	0.9039537	3.182967
7788	-141.853	-311.1291	169.2761	0.8470983	3.182967
7794	-151.0996	-319.7387	168.6391	0.8272396	3.568548
7800	-147.6158	-316.1165	168.5006	0.8395191	3.641796
7806	-142.2174	-311.8314	169.614	0.7184106	3.058388
7812	-142.4486	-312.2882	169.8396	0.775611	2.88837
7818	-143.0427	-314.0191	170.9764	1.199141	1.898362
7824	-139.0871	-308.7536	169.6665	1.088397	2.803677
7830	-138.8439	-308.491	169.6471	0.5209343	3.156306
7836	-139.2712	-309.3245	170.0533	0.841938	2.717951
7842	-140.6563	-309.9423	169.286	0.8000533	3.204972
7848	-143.9104	-314.5801	170.6697	0.8463146	2.330716
7854	-141.791	-310.8933	169.1022	0.7871823	3.32108
7860	-152.1748	-321.4352	169.2604	0.7420023	3.254428
7866	-143.4987	-312.8133	169.3146	0.7920468	3.192746
7872	-143.3393	-312.7039	169.3646	0.7421036	3.192746
7878	-143.3407	-313.0823	169.7416	0.6143292	3.044305
7884	-138.1187	-305.6807	167.562	0.5936391	4.319361
7890	-126.9397	-296.8339	169.8942	0.9837569	2.728569
7896	-133.3929	-303.1755	169.7826	0.98455	2.796173
7902	-132.1439	-301.5262	169.3823	0.8972468	3.08996
7908	-130.5401	-299.33	168.7899	0.6204781	3.601057
7914	-131.1982	-300.7313	169.5331	1.07996	2.88969
7920	-133.0678	-302.9919	169.9241	0.6889618	2.88969
7926	-130.5037	-298.3274	167.8237	0.8463217	4.027186
7932	-132.5366	-301.5421	169.0055	0.6809479	3.440173
7938	-130.3318	-298.4816	168.1498	0.6127356	3.974296
7944	-138.1186	-306.3922	168.2736	0.5770549	3.923832
7950	-147.4022	-316.1037	168.7015	0.9821793	3.441817
7956	-145.1384	-315.5586	170.4202	1.211705	2.256636
7962	-151.2503	-320.7321	169.4818	0.7533346	3.116395
7968	-150.8343	-319.4229	168.5886	0.5516378	3.757377
7974	-153.2587	-321.6554	168.3967	0.7184743	3.771832
7980	-146.5666	-315.0223	168.4557	0.7858241	3.698892
7986	-155.4843	-324.4756	168.9913	0.8719261	3.336516
7992	-152.3633	-322.8391	170.4758	0.6454179	2.578652
7998	-170.2734	-339.9228	169.6494	0.8071416	2.983994
8004	-158.8527	-328.5615	169.7088	0.9153822	2.882974
8010	-149.5919	-318.197	168.6051	0.663954	3.682959
8016	-151.1247	-318.0313	166.9066	0.6295797	4.667887
8022	-141.948	-311.8736	169.9257	0.7247294	2.867101
8028	-132.0946	-302.0203	169.9257	0.7247294	2.867101
8034	-143.1881	-312.9872	169.7991	0.8512829	2.867101
8040	-141.9917	-311.2414	169.2497	0.8172857	3.216234
8046	-140.8202	-309.3365	168.5162	0.8172857	3.645641
8052	-139.9966	-309.8692	169.8725	0.8983348	2.793943
8058	-148.8998	-318.5147	169.6149	1.155917	2.793943
8064	-148.302	-317.5533	169.2513	0.987	3.11453
8070	-136.1782	-305.7988	169.6206	0.6177226	3.11453
8076	-130.8244	-299.4858	168.6614	0.5592579	3.710946
8082	-140.0395	-309.5653	169.5258	0.541617	3.215985
8088	-129.7929	-299.9651	170.1722	0.8177109	2.659823
8094	-122.9256	-292.2413	169.3157	1.249505	2.918611
8100	-129.4791	-299.3084	169.8292	0.5305735	3.041985
8106	-134.382	-303.1129	168.731	0.7054777	3.585935
8112	-121.953	-291.252	169.299	0.7929657	3.201466
8118	-127.0011	-297.6645	170.6634	0.8110757	2.357108
8124	-135.4868	-303.574	168.0873	0.5539178	4.043613
8130	-139.3652	-308.2091	168.8439	0.5179468	3.629238
8136	-149.1165	-318.2157	169.0992	0.8633507	3.27799
8142	-143.1347	-313.8051	170.6704	1.278518	2.050135
8148	-140.7867	-310.1839	169.3972	0.8779493	3.092566
8154	-138.6834	-308.7993	170.1159	0.7796617	2.717746
8160	-133.1099	-302.5531	169.4432	0.7889539	3.118209
8166	-130.6715	-299.8301	169.1586	0.7889539	3.286807
8172	-135.2794	-303.3756	168.0961	0.8477302	3.870386
8178	-126.3429	-296.9057	170.5628	0.9354712	2.341992
8184	-136.7688	-307.0162	170.2475	1.146422	2.408129
8190	-127.4048	-298.0966	170.6918	1.043888	2.189675
8196	-135.8624	-305.4842	169.6219	1.15779	2.788585
8202	-137.7903	-307.6624	169.8721	0.9314817	2.774019
8208	-141.1755	-311.8997	170.7242	0.8596815	2.287403
8214	-134.4388	-303.7724	169.3336	0.7830025	3.186883
8220	-142.6318	-311.2497	168.6179	0.5542069	3.738993
8226	-140.6281	-309.8713	169.2432	0.4522723	3.434886
8232	-153.9627	-323.8877	169.9251	1.177401	2.590301
8238	-151.8609	-321.5378	169.6769	0.5842459	3.100893
8244	-143.5331	-311.7359	168.2028	0.677935	3.906582
8250	-151.8731	-320.0362	168.1631	0.7214107	3.904437
8256	-140.75	-309.0815	168.3315	0.5409535	3.911343
8262	-145.664	-314.8568	169.1928	0.6595001	3.342904
8268	-149.3958	-319.0624	169.6666	0.5083368	3.152221
8274	-136.6145	-306.3514	169.7369	0.6317666	3.036696
8280	-140.5264	-310.6708	170.1444	0.7315938	2.729778
8286	-140.2906	-311.0327	170.7421	0.4193121	2.553685
8292	-131.0492	-300.04	168.9908	0.4193121	3.601247
8298	-137.9341	-307.2427	169.3086	0.7331644	3.231181
8304	-124.5967	-295.358	170.7613	0.9822378	2.184602
8310	-135.1915	-304.5046	169.3131	0.9845537	3.07913
8316	-131.5663	-302.1366	170.5704	0.7986667	2.42379
8322	-132.2931	-302.0896	169.7965	0.7845737	2.909029
8328	-123.6697	-292.6698	169.0001	0.6988982	3.432807
8334	-129.8409	-298.1955	168.3546	0.4785927	3.933875
8340	-136.7412	-307.5434	170.8022	1.249461	1.981816
8346	-147.6015	-316.5273	168.9259	0.8780672	3.371334
8352	-149.0561	-319.1505	170.0944	1.188541	2.477875
8358	-143.7153	-313.2889	169.5736	0.7823168	3.044328
8364	-144.1113	-314.0833	169.972	1.100199	2.609009
8370	-157.029	-326.4564	169.4273	0.9001896	3.061306
8376	-150.75	-320.3536	169.6036	1.050423	2.86487
8382	-157.2744	-327.0879	169.8135	0.6969171	2.951597
8388	-154.3487	-324.8555	170.5068	1.611413	1.937149
8394	-140.4733	-310.8463	170.373	1.829403	1.8801
8400	-136.1783	-306.8141	170.6358	1.331804	2.037751
8406	-137.4816	-307.1863	169.7048	0.7498143	2.98519
8412	-140.7198	-309.96	169.2402	0.9888118	3.120078
8418	-141.7992	-311.1241	169.3249	0.777106	3.195522
8424	-132.5954	-303.1713	170.576	1.092919	2.232843
8430	-138.6898	-309.4917	170.8019	0.8669459	2.232843
8436	-133.7032	-304.3746	170.6714	0.691921	2.42739
8442	-130.166	-299.9179	169.7519	0.8349806	2.905489
8448	-142.6248	-312.6572	170.0324	0.8349806	2.735011
8454	-126.4007	-295.4466	169.0458	0.8443948	3.320607
8460	-144.4953	-313.6062	169.111	0.8371482	3.286503
8466	-148.4478	-317.798	169.3502	0.8371482	3.144861
8472	-143.9833	-314.0187	170.0354	1.223191	2.493108
8478	-147.0132	-316.1665	169.1534	0.5623393	3.42305
8484	-132.5474	-302.5821	170.0347	1.121963	2.556653
8490	-141.7914	-312.1367	170.3453	1.060377	2.400679
8496	-139.4346	-309.44	170.0054	1.242404	2.499863
8502	-132.2089	-302.1424	169.9336	1.259385	2.534088
8508	-136.6675	-306.7686	170.1011	1.156761	2.493572
8514	-133.6614	-304.5214	170.86	1.156761	2.0051
8520	-129.5671	-299.9585	170.3914	0.916529	2.462185
8526	-128.2696	-298.6784	170.4088	1.220467	2.258308
8532	-134.2813	-302.8814	168.6001	0.695652	3.667536
8538	-142.0381	-310.053	168.0149	1.058549	3.795849
8544	-130.0582	-299.5264	169.4682	0.8807668	3.048495
8550	-141.7641	-312.085	170.3209	0.91521	2.507141
8556	-137.536	-306.7599	169.2239	0.4476736	3.448879
8562	-158.8342	-325.5388	166.7046	0.4711709	4.869227
8568	-134.7905	-302.9116	168.1211	0.4364282	4.091299
8574	-156.47	-325.7836	169.3136	0.8194524	3.177103
8580	-147.4727	-315.9918	168.5192	0.8194524	3.642693
8586	-135.5631	-304.6219	169.0588	0.6068574	3.452342
8592	-131.3572	-300.6454	169.2882	0.5687291	3.340213
8598	-147.1058	-316.0147	168.9089	0.8352039	3.406417
8604	-147.555	-317.3381	169.7831	1.554388	2.443667
8610	-159.274	-327.9107	168.6367	0.5399671	3.73639
8616	-162.9758	-332.9215	169.9457	1.033619	2.666335
8622	-160.7215	-330.2709	169.5494	0.7685709	3.067
8628	-125.7516	-295.4423	169.6907	0.6273046	3.067
8634	-144.2978	-312.1999	167.9021	0.595646	4.125325
8640	-134.5208	-304.0375	169.5167	0.5639771	3.208144
8646	-147.0928	-316.3306	169.2378	0.4404514	3.444947
8652	-161.3163	-330.714	169.3977	1.035108	2.998264
8658	-170.6132	-339.1221	168.509	0.5349894	3.812858
8664	-146.9645	-316.3618	169.3974	0.8131004	3.131108
8670	-144.0627	-313.4428	169.3801	0.8303046	3.131108
8676	-140.9111	-308.2408	167.3297	0.5808604	4.45767
8682	-130.5099	-298.0976	167.5877	0.3169958	4.46097
8688	-143.3075	-309.6815	166.374	0.3607576	5.114278
8694	-159.7223	-327.2808	167.5585	0.5467389	4.347849
8700	-148.8135	-317.6908	168.8773	0.4221792	3.665381
8706	-136.55	-306.0364	169.4864	0.7922519	3.090468
8712	-142.9842	-312.192	169.2077	0.4717551	3.444242
8718	-142.2201	-311.2046	168.9844	0.75798	3.407409
8724	-136.0677	-303.5561	167.4884	0.4499043	4.44205
8730	-133.4893	-303.2366	169.7472	0.5274054	3.092866
8736	-138.4477	-307.6173	169.1696	0.908643	3.209578
8742	-145.0967	-313.765	168.6683	0.7332184	3.606185
8748	-139.5756	-308.5225	168.9468	0.6080196	3.517038
8754	-141.6265	-311.2542	169.6277	0.8822802	2.951844
8760	-137.1903	-306.2648	169.0745	0.4576062	3.530256
8766	-155.2728	-324.2303	168.9575	0.9917968	3.285781
8772	-147.487	-317.2855	169.7984	0.8866139	2.846083
8778	-140.0415	-309.1565	169.1151	0.8177325	3.29553
8784	-149.2056	-319.3868	170.1812	1.434982	2.266737
8790	-136.1035	-304.9081	168.8046	0.8511414	3.458117
8796	-128.19	-297.2427	169.0527	0.5976466	3.461299
8802	-132.084	-301.0945	169.0105	0.5490244	3.514281
8808	-133.879	-304.1006	170.2216	0.7986858	2.64112
8814	-133.9417	-303.3924	169.4507	0.7385242	3.143739
8820	-132.5817	-301.2462	168.6645	0.4876699	3.750513
8826	-144.3153	-315.2547	170.9394	0.6570644	2.279362
8832	-143.055	-313.2326	170.1776	0.6353466	2.768295
8838	-141.4627	-311.9687	170.5059	0.8747224	2.416463
8844	-141.4263	-310.7604	169.3341	0.5220459	3.34066
8850	-147.2946	-315.0418	167.7472	0.4211078	4.312221
8856	-133.8496	-301.784	167.9344	0.6219436	4.091961
8862	-159.1506	-328.1928	169.0422	1.252436	3.080935
8868	-145.8158	-314.97	169.1542	1.020625	3.152321
8874	-142.1974	-311.7294	169.5319	0.7224023	3.10498
8880	-152.3331	-321.4164	169.0833	0.8339756	3.304666
8886	-140.5397	-309.285	168.7453	0.6753907	3.595102
8892	-144.4847	-313.797	169.3122	0.6753907	3.26318
8898	-134.5821	-304.6654	170.0833	0.8445729	2.697929
8904	-135.8194	-304.917	169.0976	0.7504478	3.345429
8910	-132.2263	-301.2013	168.975	0.7725454	3.404423
8916	-137.334	-305.8795	168.5455	0.4048481	3.866661
8922	-138.1937	-308.2543	170.0605	0.7436639	2.77362
8928	-121.5831	-291.8005	170.2174	0.968916	2.538237
8934	-127.7525	-298.5435	170.7909	0.9353916	2.195732
8940	-126.3145	-296.5126	170.1981	1.117302	2.457513
8946	-138.6104	-308.5772	169.9668	1.194714	2.55362
8952	-146.968	-316.5661	169.5981	0.8109619	3.012501
8958	-147.503	-317.7407	170.2377	1.310553	2.310189
8964	-139.7128	-310.1535	170.4407	1.310553	2.179575
8970	-147.1245	-317.1809	170.0565	1.543722	2.276978
8976	-149.0168	-318.7602	169.7435	1.082649	2.76025
8982	-143.0329	-313.6426	170.6097	1.266259	2.098214
8988	-140.9423	-311.3598	170.4175	1.092752	2.33441
8994	-154.0549	-322.1444	168.0895	0.7255684	3.944225
9000	-144.2265	-312.6141	168.3876	0.6196744	3.833932
9006	-147.1687	-317.3369	170.1682	0.9112092	2.604586
9012	-150.545	-318.6672	168.1222	0.6566627	3.964982
9018	-145.1378	-315.1361	169.9982	1.146884	2.563846
9024	-149.0855	-317.9729	168.8874	1.0794	3.275473
9030	-151.977	-321.3133	169.3363	0.6305189	3.275473
9036	-146.0217	-315.9302	169.9085	1.216557	2.576276
9042	-136.224	-305.2186	168.9946	0.5887864	3.500359
9048	-138.5941	-308.3075	169.7134	0.7486245	2.980719
9054	-142.0273	-310.7252	168.6979	0.8959761	3.494272
9060	-148.0798	-316.2265	168.1467	0.6849903	3.934717
9066	-139.7457	-309.9474	170.2017	0.5942077	2.778681
9072	-145.2527	-313.9201	168.6674	0.6046655	3.681231
9078	-154.7245	-323.0026	168.2782	0.7160364	3.841475
9084	-148.3996	-316.9421	168.5425	0.6516644	3.726288
9090	-141.6841	-311.6402	169.9561	0.4706491	3.001889
9096	-145.8945	-314.4276	168.5331	0.6680528	3.722203
9102	-139.0705	-309.2345	170.164	0.7912349	2.681127
9108	-138.0665	-307.8077	169.7412	0.7582053	2.958218
9114	-146.918	-314.779	167.861	0.6422723	4.122215
9120	-144.0954	-312.0259	167.9305	0.6204427	4.09504
9126	-148.7968	-318.7242	169.9274	0.5677504	2.960793
9132	-157.4091	-326.0591	168.65	0.6381205	3.671962
9138	-155.2681	-324.4631	169.1951	0.7630301	3.280613
9144	-163.9248	-332.7809	168.8561	0.8272382	3.441989
9150	-160.618	-328.5373	167.9193	0.8272382	3.983467
9156	-153.9551	-322.0401	168.085	0.708788	3.956409
9162	-151.1959	-320.0372	168.8413	0.6626912	3.546641
9168	-142.1043	-308.8711	166.7668	0.3410084	4.907092
9174	-143.0066	-312.257	169.2504	0.4283711	3.44466
9180	-132.8233	-302.1005	169.2772	0.4653084	3.407354
9186	-142.3719	-311.5205	169.1486	0.5889881	3.410254
9192	-134.4961	-303.3389	168.8428	0.444779	3.672248
9198	-139.4149	-308.8571	169.4422	0.7162889	3.162025
9204	-140.744	-310.1827	169.4387	0.7197687	3.162025
9210	-138.2024	-306.7653	168.5629	0.5425265	3.777481
9216	-142.1643	-309.9615	167.7972	0.5651473	4.202268
9222	-146.3038	-313.9278	167.624	0.4094413	4.388401
9228	-156.2638	-322.1846	165.9208	0.490481	5.293203
9234	-148.5332	-316.4364	167.9032	0.5493067	4.15105
9240	-149.7052	-317.9111	168.2059	0.4408492	4.040423
9246	-144.5053	-313.3757	168.8704	0.4482989	3.654256
9252	-142.3627	-311.2987	168.9361	0.3825986	3.654256
9258	-158.8356	-326.9171	168.0815	0.4890599	4.083859
9264	-153.3872	-322.2049	168.8177	0.6074687	3.59248
9270	-163.3884	-331.3102	167.9218	0.7289795	4.038173
9276	-149.9398	-318.8904	168.9506	0.7985334	3.403479
9282	-148.4703	-317.9877	169.5174	0.4047233	3.301819
9288	-154.079	-320.9225	166.8435	0.4446124	4.806551
9294	-157.6628	-326.8496	169.1869	0.2894309	3.562753
9300	-146.4932	-315.5885	169.0953	0.6077578	3.430449
9306	-134.2304	-303.7697	169.5393	0.6077578	3.168762
9312	-142.3741	-312.0081	169.634	0.7613372	3.020736
9318	-154.6864	-324.1642	169.4779	0.9884377	2.978147
9324	-138.7196	-308.506	169.7864	0.9884377	2.791539
9330	-120.1526	-290.1149	169.9623	0.8125208	2.791539
9336	-134.9842	-303.5159	168.5317	0.8515964	3.616779
9342	-144.9304	-313.8942	168.9638	0.8932467	3.3401
9348	-150.1002	-319.7591	169.6589	0.6614161	3.065591
9354	-151.3114	-319.797	168.4856	0.5782737	3.801394
9360	-148.493	-316.4425	167.9495	0.3155063	4.257476
9366	-131.5748	-300.9807	169.4059	0.7785681	3.146564
9372	-137.1084	-305.7035	168.5951	0.5469101	3.756336
9378	-147.369	-317.4614	170.0924	1.259332	2.434694
9384	-140.2518	-310.1426	169.8908	0.7899552	2.848698
9390	-158.3919	-328.6013	170.2094	0.79184	2.652825
9396	-145.8313	-315.6662	169.8348	0.7906616	2.882169
9402	-138.5816	-307.5829	169.0012	0.8895773	3.320257
9408	-137.2832	-306.4072	169.124	0.7668032	3.320257
9414	-129.6411	-297.1844	167.5432	0.5918896	4.33097
9420	-140.835	-308.4989	167.664	0.4711758	4.33097
9426	-145.7171	-314.0631	168.346	0.470827	3.943213
9432	-142.8896	-310.9966	168.107	0.709893	3.943213
9438	-137.6035	-307.1224	169.5189	0.6657368	3.146447
9444	-128.913	-298.3763	169.4634	0.853478	3.067679
9450	-136.1447	-305.9967	169.852	1.263274	2.582341
9456	-143.8706	-313.1108	169.2402	0.5832812	3.359826
9462	-132.3314	-302.0584	169.727	0.7931621	2.94573
9468	-137.8288	-307.6905	169.8617	0.799581	2.8605
9474	-142.759	-311.9896	169.2306	0.6182261	3.344976
9480	-145.1608	-315.1655	170.0047	0.8411086	2.748217
9486	-135.9739	-306.754	170.7801	1.511537	1.818977
9492	-145.1599	-314.6977	169.5378	1.397648	2.693315
9498	-145.5079	-314.8887	169.3808	1.732962	2.583298
9504	-136.7098	-305.2664	168.5567	0.916143	3.564782
9510	-135.2967	-304.443	169.1464	0.6075238	3.400693
9516	-134.9345	-304.9666	170.032	0.6075238	2.873659
9522	-139.1114	-307.7175	168.6061	0.4610657	3.799501
9528	-154.6345	-324.3813	169.7468	0.3557088	3.195215
9534	-149.651	-318.4028	168.7517	0.9898633	3.407883
9540	-157.4542	-327.0516	169.5974	0.5949619	3.141891
9546	-154.3345	-323.9817	169.6472	0.6748307	3.064553
9552	-146.582	-315.7323	169.1504	0.6177127	3.392367
9558	-136.9431	-305.9999	169.0568	0.7113087	3.392367
9564	-140.5206	-309.4992	168.9786	0.636967	3.481586
9570	-135.467	-304.5333	169.0663	0.6184389	3.441174
9576	-135.0999	-304.1345	169.0345	0.5076336	3.524409
9582	-138.3666	-306.9859	168.6193	0.5832264	3.721461
9588	-143.4047	-312.5482	169.1435	0.5396082	3.442134
9594	-143.7719	-312.717	168.945	0.863578	3.368589
9600	-150.7748	-320.5721	169.7972	0.863578	2.86079
9606	-149.6967	-319.2839	169.5872	1.073603	2.86079
9612	-158.8692	-328.011	169.1419	0.8618793	3.253664
9618	-159.6345	-329.4237	169.7892	0.9048099	2.840627
9624	-138.4486	-307.9721	169.5235	1.31986	2.749696
9630	-137.8424	-307.1723	169.3299	1.155066	2.966912
9636	-138.6755	-308.4584	169.7829	0.6539758	2.99583
9642	-137.7431	-306.0314	168.2884	0.4786433	3.971724
9648	-140.5407	-310.47	169.9293	0.8041946	2.816656
9654	-128.8423	-299.0644	170.2221	0.6464657	2.734276
9660	-135.2388	-304.2466	169.0078	0.6693496	3.445614
9666	-140.7	-309.2407	168.5407	0.6292295	3.740271
9672	-142.7878	-312.8575	170.0697	0.8643832	2.69413
9678	-142.629	-312.8039	170.1749	1.31629	2.3465
9684	-148.3001	-317.7631	169.463	1.123888	2.905503
9690	-145.6805	-314.3688	168.6883	0.5794315	3.683744
9696	-152.8417	-321.3644	168.5227	0.7839627	3.661216
9702	-151.0549	-319.5775	168.5227	0.7839627	3.661216
9708	-154.9107	-323.4392	168.5285	0.7781627	3.661216
9714	-147.4289	-315.0799	167.651	0.5993439	4.265757
9720	-146.3996	-315.4882	169.0885	0.9157368	3.253341
9726	-148.5836	-317.4349	168.8513	0.9157368	3.392961
9732	-149.4877	-319.0069	169.5192	0.9157368	2.996989
9738	-145.4661	-314.2733	168.8072	0.7583367	3.510767
9744	-149.9308	-319.4672	169.5365	1.015497	2.926569
9750	-150.5764	-319.9432	169.3668	0.930423	3.07939
9756	-146.2607	-315.2843	169.0236	0.9883273	3.248831
9762	-134.7322	-303.819	169.0868	1.001115	3.203869
9768	-129.173	-299.6011	170.4281	1.164876	2.281587
9774	-129.5904	-300.058	170.4676	0.8123842	2.479707
9780	-146.3854	-316.9832	170.5979	1.148074	2.183011
9786	-134.9218	-303.9381	169.0162	0.8870389	3.31292
9792	-146.5005	-314.8837	168.3831	1.257164	3.467153
9798	-146.2409	-315.1756	168.9347	1.257164	3.142139
9804	-131.1015	-301.3978	170.2964	0.8360984	2.571676
9810	-122.5642	-292.4897	169.9254	1.227817	2.558778
9816	-137.8029	-307.2766	169.4737	1.062021	2.936388
9822	-171.7366	-339.7106	167.974	1.031082	3.83524
9828	-172.0789	-340.4613	168.3824	0.8582381	3.699428
9834	-139.6134	-308.6938	169.0804	0.5276936	3.485977
9840	-138.3076	-308.5614	170.2538	0.8653684	2.579917
9846	-139.266	-308.0997	168.8337	0.584973	3.596231
9852	-144.037	-314.7731	170.7361	1.03049	2.169624
9858	-139.9375	-310.3943	170.4568	1.38876	2.118133
9864	-140.0228	-310.986	170.9633	1.727655	1.534178
9870	-144.1426	-315.217	171.0744	1.616542	1.534178
9876	-138.3302	-307.935	169.6048	1.092202	2.838849
9882	-137.8102	-308.1605	170.3503	0.6309599	2.665153
9888	-127.7019	-297.6274	169.9255	1.112331	2.630256
9894	-132.0893	-300.8935	168.8042	1.012871	3.363637
9900	-125.9323	-295.2416	169.3093	0.6423398	3.284436
9906	-141.5543	-311.4275	169.8733	0.8761291	2.807007
9912	-154.6269	-322.798	168.1711	0.7463326	3.885586
9918	-160.7545	-330.2753	169.5208	0.909874	2.999548
9924	-140.1747	-309.2544	169.0797	0.8897355	3.273916
9930	-146.5562	-316.2107	169.6544	1.085639	2.812682
9936	-151.9357	-321.4906	169.5549	1.085639	2.873054
9942	-154.5159	-325.1881	170.6722	1.017056	2.21973
9948	-146.9642	-317.0062	170.042	1.017056	2.617139
9954	-139.316	-309.0687	169.7526	0.5792991	3.058657
9960	-142.9193	-311.6702	168.7509	0.5076831	3.68906
9966	-137.498	-306.5224	169.0243	0.4822356	3.545152
9972	-138.5666	-308.8399	170.2733	0.7512223	2.638503
9978	-144.416	-313.2727	168.8567	0.8096422	3.451935
9984	-135.9844	-306.7131	170.7287	0.8096422	2.316512
9990	-129.3212	-299.7507	170.4295	0.8188301	2.499536
9996	-141.3269	-310.3747	169.0477	0.9128998	3.279111
10002	-141.5765	-310.5113	168.9348	0.7915391	3.416841
10008	-135.4096	-304.3876	168.9779	0.8596004	3.351585
10014	-148.7145	-317.4073	168.6928	0.6109909	3.662869
10020	-141.5651	-311.9445	170.3794	0.5710294	2.684071
10026	-161.9523	-331.8741	169.9218	1.028661	2.684071
10032	-161.7962	-329.1867	167.3905	0.6393997	4.390424
10038	-152.4938	-319.8622	167.3684	0.7839383	4.321235
10044	-137.7173	-306.7462	169.0289	0.7437702	3.389688
10050	-142.6282	-311.4899	168.8618	0.9108945	3.389688
10056	-150.9264	-319.9982	169.0718	0.6644464	3.411
10062	-159.4956	-329.2786	169.783	0.8304383	2.889468
10068	-157.383	-326.4104	169.0274	0.8304383	3.339665
10074	-157.5998	-326.8392	169.2394	0.7910609	3.237893
10080	-153.0546	-322.216	169.1614	0.8690086	3.237893
10086	-144.4708	-313.6323	169.1614	0.8690086	3.237893
10092	-139.4872	-309.7144	170.2272	1.178818	2.400443
10098	-140.8042	-310.6011	169.7969	1.084642	2.726357
10104	-137.701	-306.7529	169.0519	0.5495101	3.489887
10110	-123.4373	-292.4892	169.0519	0.5495101	3.489887
10116	-132.8797	-302.7276	169.8479	0.8853447	2.81682
10122	-138.4318	-307.451	169.0193	0.5848017	3.488315
10128	-146.4748	-315.167	168.6922	0.5776797	3.68252
10134	-132.5184	-302.0941	169.5756	0.5776797	3.165076
10140	-141.9721	-311.1271	169.1551	0.9213456	3.210686
10146	-135.1613	-303.5914	168.4302	0.5941833	3.82414
10152	-145.478	-314.9547	169.4767	0.5461155	3.242415
10158	-141.4345	-310.7949	169.3604	0.6617062	3.242783
10164	-125.666	-296.2594	170.5934	1.212365	2.144126
10170	-131.1088	-300.0383	168.9295	0.9757938	3.311748
10176	-135.7867	-304.4512	168.6645	0.8066595	3.565723
10182	-123.2562	-293.5317	170.2756	0.7870122	2.614974
10188	-130.2609	-300.3145	170.0536	1.221657	2.482653
10194	-148.0845	-318.463	170.3785	1.568906	2.051135
10200	-133.4398	-304.0266	170.5867	0.9965	2.287826
10206	-143.2194	-312.727	169.5076	1.555611	2.61459
10212	-152.6097	-321.819	169.2092	1.853976	2.61459
10218	-147.5869	-317.3245	169.7376	1.03483	2.792984
10224	-154.1403	-322.292	168.1516	1.304085	3.574729
10230	-143.2305	-312.6842	169.4536	1.686437	2.566966
10236	-156.3081	-326.4625	170.1544	0.9856825	2.566966
10242	-141.3964	-310.8184	169.422	0.9382374	3.041752
10248	-136.6153	-306.4758	169.8605	1.424457	2.476588
10254	-148.0022	-317.7379	169.7357	1.168783	2.712307
10260	-141.1982	-311.0802	169.882	1.0225	2.712307
10266	-142.2682	-312.6561	170.3879	0.7411348	2.573799
10272	-146.7306	-317.0698	170.3392	0.7899092	2.573799
10278	-150.4187	-319.8262	169.4075	0.7426618	3.166948
10284	-131.4388	-301.2604	169.8216	0.9837818	2.772868
10290	-139.7949	-309.5779	169.7829	1.162973	2.686871
10296	-135.7913	-305.5717	169.7804	0.5469249	3.0614
10302	-143.4539	-312.1051	168.6512	0.5469249	3.723976
10308	-139.934	-309.9855	170.0515	0.7330765	2.785557
10314	-140.2513	-309.7314	169.4801	0.4842689	3.276894
10320	-144.7371	-311.1168	166.3796	0.3945245	5.09244
10326	-146.307	-314.967	168.6601	0.5443399	3.720346
10332	-151.1297	-319.949	168.8193	0.586771	3.603591
10338	-141.4281	-308.3823	166.9542	0.6983287	4.602684
10344	-136.0711	-304.9428	168.8717	0.5968602	3.567241
10350	-161.0586	-329.3352	168.2765	0.5893063	3.915139
10356	-157.4211	-325.4227	168.0016	0.6859769	4.017126
10362	-153.6342	-321.7301	168.096	0.6549817	3.980933
10368	-154.8553	-323.2397	168.3844	0.5327315	3.885704
10374	-155.8261	-325.8186	169.9925	0.5859608	2.910613
10380	-164.0577	-332.0874	168.0298	0.667646	4.011504
10386	-144.025	-313.411	169.3861	0.7165438	3.195134
10392	-153.6522	-319.9976	166.3454	0.5717693	5.013078
10398	-142.258	-310.664	168.406	0.4644128	3.912537
10404	-146.0598	-314.248	168.1882	0.546826	3.990042
10410	-139.8296	-308.2117	168.3821	0.5754641	3.862529
10416	-132.0845	-300.6601	168.5757	0.3818724	3.862529
10422	-144.5244	-314.7663	170.2419	1.29912	2.314792
10428	-146.4611	-317.0598	170.5987	1.425703	1.999995
10434	-144.3735	-313.7385	169.365	0.837072	3.13608
10440	-156.8481	-324.9096	168.0615	0.6910143	3.980018
10446	-153.0994	-323.8039	170.7045	1.021302	2.196089
10452	-146.7824	-316.0696	169.2872	0.7430863	3.23795
10458	-148.0874	-317.6046	169.5172	0.744195	3.100768
10464	-139.3394	-310.0942	170.7548	0.9403946	2.215835
10470	-141.3407	-311.4919	170.1512	0.6599204	2.769369
10476	-137.4339	-307.1199	169.686	1.061229	2.808341
10482	-126.9281	-296.8729	169.9448	1.201715	2.562952
10488	-134.5496	-304.9745	170.4249	0.8981146	2.452725
10494	-132.0905	-302.555	170.4645	0.7273142	2.534802
10500	-129.2998	-297.1154	167.8157	0.6968301	4.116952
10506	-142.5154	-311.238	168.7225	0.6110047	3.645637
10512	-144.1333	-312.506	168.3727	0.920868	3.668795
10518	-143.242	-311.9791	168.7371	0.8588784	3.493026
10524	-137.002	-307.5845	170.5825	0.5763761	2.55529
10530	-135.1354	-305.0476	169.9123	0.5763761	2.964714
10536	-154.1224	-323.3895	169.2671	1.556473	2.761817
10542	-137.1029	-307.4998	170.397	1.030917	2.386647
10548	-148.0204	-317.4531	169.4327	0.6765823	3.191171
10554	-142.2973	-312.0495	169.7522	0.7671871	2.946194
10560	-143.8039	-313.312	169.5081	1.011345	2.946194
10566	-139.3752	-308.3386	168.9634	0.8844123	3.345525
10572	-147.4773	-315.5727	168.0954	0.7304304	3.938074
10578	-148.3377	-316.1095	167.7718	0.6243988	4.183084
10584	-135.2512	-305.503	170.2518	0.7378043	2.659989
10590	-156.3378	-324.8971	168.5593	1.06921	3.474032
10596	-139.7379	-309.6086	169.8708	0.8395712	2.830739
10602	-137.4871	-306.7223	169.2353	0.5669673	3.372333
10608	-131.2678	-301.1537	169.886	0.6539471	2.933847
10614	-138.7408	-308.8791	170.1383	0.9850333	2.577344
10620	-139.969	-310.4517	170.4827	0.8116451	2.470727
10626	-148.2992	-317.0316	168.7325	0.8307778	3.512129
10632	-168.8158	-336.7426	167.9268	0.5826022	4.118735
10638	-150.8137	-319.331	168.5173	0.8184452	3.644336
10644	-150.1746	-320.0015	169.8269	0.8464168	2.853201
10650	-145.1615	-314.1779	169.0164	0.7772143	3.377403
10656	-149.9341	-320.026	170.0919	0.9146944	2.649516
10662	-141.4996	-311.0588	169.5592	0.6854618	3.11074
10668	-140.6261	-310.195	169.5689	0.7564305	3.062599
10674	-154.7328	-322.5312	167.7984	0.5458963	4.212549
10680	-151.3095	-320.4263	169.1168	0.8126743	3.297482
10686	-157.6494	-326.3614	168.7121	0.6864073	3.607968
10692	-145.1466	-313.8264	168.6798	0.5364404	3.713519
10698	-144.0466	-312.7752	168.7286	0.487628	3.713519
10704	-145.3371	-314.6747	169.3375	0.8558884	3.141236
10710	-136.0427	-304.5191	168.4764	0.6207162	3.782217
10716	-142.6648	-311.9389	169.274	0.4740086	3.404105
10722	-142.3614	-311.1458	168.7843	0.3139214	3.781589
10728	-148.4615	-317.4314	168.9699	0.3270827	3.666828
10734	-151.5956	-321.3622	169.7666	0.7341958	2.957426
10740	-159.7377	-329.1397	169.402	0.9967155	3.018681
10746	-143.5706	-312.7058	169.1352	0.7572843	3.319277
10752	-131.5612	-300.9445	169.3833	0.7572843	3.172633
10758	-135.1915	-303.9863	168.7948	0.530918	3.650185
10764	-134.1618	-302.7794	168.6176	0.7502851	3.625724
10770	-136.1281	-306.1409	170.0128	0.901071	2.706519
10776	-133.3011	-303.1684	169.8673	0.7776927	2.870344
10782	-145.8104	-315.0228	169.2125	0.5205785	3.412907
10788	-143.1631	-312.1992	169.0361	0.6969121	3.412907
10794	-151.1172	-319.909	168.7919	0.6617293	3.575957
10800	-149.7194	-318.9503	169.2309	0.8032887	3.235662
10806	-152.3917	-321.5795	169.1878	0.4664948	3.458969
10812	-150.8675	-320.421	169.5535	0.9691988	2.944221
10818	-134.5109	-304.1093	169.5984	0.9242737	2.944221
10824	-149.9962	-319.6335	169.6373	0.9772694	2.888752
10830	-147.8333	-316.6617	168.8283	1.101599	3.297219
10836	-151.9321	-321.9428	170.0107	1.420197	2.384756
10842	-160.2669	-329.6494	169.3825	1.011602	3.02146
10848	-176.5112	-346.5498	170.0386	1.396793	2.381892
10854	-168.4303	-338.0064	169.576	0.9292626	2.954703
10860	-147.8051	-316.9872	169.1821	0.9363382	3.185788
10866	-149.9152	-318.8513	168.9361	0.8619596	3.374748
10872	-144.0958	-312.8418	168.746	1.000974	3.404728
10878	-138.1311	-307.6451	169.514	1.311247	2.760782
10884	-141.4917	-311.3679	169.8762	0.8758605	2.805357
10890	-141.8919	-311.8061	169.9142	0.7335463	2.86869
10896	-137.6574	-308.1301	170.4726	0.9764839	2.373201
10902	-140.5075	-310.9209	170.4135	0.862281	2.482365
10908	-142.613	-311.2761	168.6631	0.862281	3.534196
10914	-143.1681	-310.0287	166.8607	0.6050319	4.707356
10920	-152.9769	-321.7018	168.7249	0.7575886	3.559133
10926	-157.6131	-326.4529	168.8398	0.6427264	3.559133
10932	-160.9105	-327.5961	166.6856	0.812433	4.689242
10938	-136.9123	-306.1717	169.2594	0.7628599	3.242714
10944	-132.7141	-302.597	169.8829	0.8447892	2.820203
10950	-133.4368	-302.0728	168.636	0.4958952	3.762221
10956	-138.3485	-307.496	169.1475	0.7402426	3.322076
10962	-141.6608	-310.4933	168.8325	0.6589946	3.553899
10968	-137.6011	-307.393	169.7919	0.9392977	2.818051
10974	-137.72	-308.7895	171.0695	0.8321374	2.081344
10980	-138.8712	-308.7116	169.8404	0.6858235	2.9421
10986	-133.0931	-303.1437	170.0506	0.9285764	2.666421
10992	-141.1107	-311.3482	170.2375	0.7416637	2.666421
10998	-145.7943	-314.8766	169.0823	0.8179311	3.314737
11004	-160.6399	-330.822	170.1821	0.7650776	2.686108
11010	-162.704	-332.7629	170.0589	0.9413169	2.653445
11016	-174.5841	-343.6962	169.1122	0.9163359	3.239014
11022	-153.2386	-323.1058	169.8672	0.9163359	2.786222
11028	-157.7764	-327.5217	169.7453	1.410814	2.557032
11034	-149.4592	-319.4062	169.9469	1.209152	2.557032
11040	-159.2767	-328.3621	169.0854	2.051489	2.56897
11046	-146.5915	-315.6839	169.0924	0.924417	3.245937
11052	-151.2571	-321.0872	169.8301	0.7236186	2.925494
11058	-143.5746	-313.8693	170.2947	0.9871038	2.47861
11064	-154.8925	-323.6839	168.7914	0.7223326	3.540956
11070	-150.2832	-318.9839	168.7008	0.7223326	3.593677
11076	-150.4804	-319.2534	168.773	0.6408747	3.599036
11082	-144.9138	-313.5577	168.6439	0.9330444	3.504135
11088	-147.0118	-316.1471	169.1353	0.5607377	3.434595
11094	-146.1002	-314.8352	168.735	0.6819755	3.597249
11100	-149.7862	-318.6897	168.9035	0.8638184	3.392819
11106	-146.6683	-315.8268	169.1585	0.608826	3.392819
11112	-144.8622	-315.5246	170.6624	1.084057	2.182677
11118	-143.4917	-312.1941	168.7024	0.6561283	3.631129
11124	-148.5711	-317.1161	168.545	0.6561283	3.722226
11130	-142.273	-311.3981	169.1251	0.6182598	3.406847
11136	-143.0948	-312.1741	169.0794	0.6640248	3.406847
11142	-142.0695	-310.72	168.6505	0.4574861	3.77598
11148	-131.1785	-300.3307	169.1522	0.7288146	3.326022
11154	-133.2522	-302.6381	169.3858	0.7655172	3.166233
11160	-145.0105	-313.8228	168.8123	0.6367271	3.578619
11166	-135.7453	-305.4323	169.687	0.5938368	3.08917
11172	-137.769	-307.0185	169.2495	0.730811	3.267512
11178	-143.7184	-313.3097	169.5912	0.678412	3.095851
11184	-147.4357	-317.2195	169.7839	1.059991	2.749409
11190	-132.4358	-302.8398	170.404	0.7659354	2.548424
11196	-134.6859	-303.061	168.3751	0.7659354	3.756928
