Iteration	Posterior	Likelihood	Prior	acrv_sd	gain_loss_neo	part_rate_trans	tree_length
0	-288.3661	-456.8659	168.4998	1.497022	1.759712	0.9949832	1.574978
6	-286.8896	-456.9357	170.046	0.5624853	1.145401	0.9041531	1.617941
12	-279.3129	-448.8066	169.4937	1.191577	1.163503	1.09906	1.401261
18	-277.7344	-447.2257	169.4914	1.022888	0.9462998	1.09906	1.688167
24	-284.8317	-453.4791	168.6474	1.460381	1.576264	1.12704	1.518234
30	-274.491	-443.3997	168.9087	1.365462	2.032747	1.23234	0.9431867
36	-281.0818	-450.6684	169.5866	1.561354	1.122685	0.9358067	1.190063
42	-276.2422	-445.5312	169.289	1.561354	1.399842	1.123047	1.045039
48	-271.3566	-440.1806	168.8239	1.370064	2.095609	1.064242	1.132492
54	-274.1021	-443.4908	169.3887	1.027076	1.298938	1.898727	0.7710733
60	-288.2239	-456.8856	168.6617	2.169074	1.33892	1.151433	1.091714
66	-280.8413	-451.2515	170.4102	1.199071	0.8419544	0.9175564	1.041886
72	-294.1186	-464.025	169.9064	0.7457257	0.9189208	0.6432205	1.926989
78	-289.386	-458.2753	168.8893	1.283712	0.9957021	0.8231569	2.075272
84	-284.821	-452.2518	167.4309	2.15903	0.7128089	0.5566301	2.785799
90	-288.356	-457.5068	169.1509	0.629403	1.362748	1.061592	1.93716
96	-273.9542	-444.7549	170.8007	0.6630524	0.6539514	0.9305125	1.31212
102	-283.9696	-453.6814	169.7118	1.470374	0.768294	1.515953	0.9412446
108	-294.2737	-463.5118	169.2381	1.719049	0.4565249	2.063101	0.85756
114	-291.9302	-460.6425	168.7123	1.050569	1.254629	0.4505794	2.413739
120	-286.3521	-456.8594	170.5073	0.6630542	1.254629	0.6958968	1.263864
126	-291.755	-460.7716	169.0166	0.9978817	1.518443	0.765965	1.878798
132	-284.6542	-454.0815	169.4272	1.083405	0.667831	1.096955	1.878798
138	-293.6184	-463.7533	170.135	1.311573	0.8052544	0.9362233	1.204324
144	-291.877	-462.1459	170.2688	0.310981	1.217666	1.185995	1.373942
150	-297.4179	-466.4891	169.0712	1.257041	1.499491	0.6381	1.762908
156	-288.3255	-456.475	168.1494	2.233552	2.105679	0.9667936	1.039923
162	-277.3538	-446.3513	168.9975	1.91674	1.27155	1.188294	1.039923
168	-274.2765	-444.2005	169.9241	0.8432163	0.8359583	1.119487	1.569843
174	-276.9565	-446.5459	169.5894	0.8150719	1.207307	0.8476627	1.759551
180	-277.9931	-446.561	168.5679	2.083958	0.6098912	0.8476627	1.985415
186	-277.3416	-447.1048	169.7632	1.704677	0.6770114	0.7806529	1.411061
192	-275.4674	-445.6053	170.138	0.7984327	0.6770114	0.8871471	1.723593
198	-290.4854	-460.1108	169.6254	1.04226	0.5371351	0.69469	2.113329
204	-286.2622	-455.5962	169.3339	1.203009	0.7110768	0.6798438	2.113329
210	-286.8971	-456.231	169.3339	1.862704	0.8662548	1.04087	1.275887
216	-282.0948	-453.1295	171.0348	0.1475763	0.8662548	0.8738305	1.420086
222	-276.4892	-445.5189	169.0297	1.439583	1.605651	1.026883	1.294206
228	-278.9087	-448.5173	169.6087	1.137369	0.6433562	1.171493	1.678153
234	-293.5219	-463.1684	169.6464	0.9589705	1.260425	0.6824475	1.697785
240	-271.4951	-441.0347	169.5396	1.41418	0.7936405	0.9806245	1.565192
246	-278.8581	-449.4449	170.5868	0.8728614	0.811824	1.272128	0.8558328
252	-280.8737	-450.7143	169.8406	0.8728614	1.47374	1.044271	1.177506
258	-285.1164	-455.4965	170.3802	1.14435	0.6525843	1.184131	1.038682
264	-278.1174	-445.4354	167.3179	2.146249	1.440674	1.617372	1.720946
270	-275.7992	-444.6029	168.8037	1.749569	1.75362	0.8845597	1.231732
276	-276.9088	-447.084	170.1752	0.5353296	1.613863	1.020603	1.084649
282	-272.9808	-443.0681	170.0873	0.3379119	1.829986	0.8481016	1.311741
288	-273.1008	-443.611	170.5102	0.4698978	1.045602	1.034535	1.311741
294	-290.6457	-461.6178	170.9721	0.2839338	0.7399499	0.8921182	1.443573
300	-278.2444	-449.0134	170.769	0.09349041	1.084565	0.8278585	1.532099
306	-288.3481	-456.4848	168.1367	2.226006	1.387621	0.8210299	1.684371
312	-280.0923	-446.9512	166.8589	2.491493	1.387621	0.8834494	2.319277
318	-290.7188	-457.0697	166.3509	2.491493	1.136904	0.7166656	2.888773
324	-286.6591	-455.7263	169.0672	2.026632	0.9451523	0.7735252	1.503914
330	-282.4069	-452.2468	169.8399	0.5869949	1.211307	0.8582016	1.733723
336	-283.3235	-454.6381	171.3145	0.3935347	0.5367522	1.02005	1.107477
342	-280.3829	-450.5826	170.1997	0.4344364	1.178469	1.450343	1.141031
348	-287.9107	-456.9569	169.0462	1.215213	1.56749	1.450343	1.141031
354	-276.0333	-445.6192	169.5859	1.252685	1.189174	0.927136	1.395963
360	-275.1938	-446.024	170.8302	0.211678	0.66088	0.8473814	1.687322
366	-276.7909	-446.9032	170.1123	0.4324375	1.349416	1.217808	1.273493
372	-294.2391	-463.8032	169.5641	1.206859	1.422366	1.217808	1.009102
378	-286.5334	-456.7873	170.2539	1.436491	0.8910269	0.7627207	1.065841
384	-291.5147	-461.0489	169.5342	0.6590972	1.030346	0.9637418	1.945156
390	-303.2886	-473.0422	169.7535	1.453429	0.779884	1.224081	1.18392
396	-281.23	-451.7959	170.5659	0.4804204	0.8166049	0.8121014	1.604338
402	-285.5209	-454.5074	168.9865	1.06143	1.718508	0.8916445	1.639559
408	-281.2047	-451.3444	170.1397	0.7024782	1.087834	0.7172963	1.625433
414	-289.778	-460.1511	170.3731	0.6522015	0.6973414	0.8307234	1.687536
420	-280.3378	-450.5525	170.2147	0.9626672	0.6651817	0.9349786	1.522446
426	-289.2864	-458.5152	169.2288	1.953848	1.004519	0.9349786	1.261068
432	-295.2341	-465.3441	170.11	0.7673233	0.9312969	0.9339286	1.555905
438	-287.3329	-457.5859	170.2529	0.9968592	0.4720878	0.7630332	1.699316
444	-280.1982	-450.0931	169.8949	1.040989	0.9303162	0.9982518	1.464781
450	-282.3304	-452.0666	169.7362	1.066427	0.9915044	0.664046	1.759619
456	-284.2876	-454.5565	170.269	0.782609	0.9154474	0.7681502	1.561293
462	-286.9843	-456.4911	169.5068	1.162406	1.291614	0.8984578	1.471025
468	-287.4568	-457.1921	169.7353	1.029056	1.005627	0.9954165	1.53904
474	-289.3863	-458.993	169.6068	0.6472679	2.082714	0.978676	1.164598
480	-291.2553	-461.9635	170.7082	0.9471183	0.5896484	0.6039213	1.460227
486	-295.8465	-464.6412	168.7947	1.403596	1.664736	0.7916641	1.63822
492	-293.7051	-463.3896	169.6846	0.8984904	0.7513313	1.42033	1.544253
498	-291.2547	-460.7562	169.5016	0.9070517	0.9501585	0.9202065	1.88315
504	-288.3529	-458.6495	170.2966	0.868592	0.5203167	0.5007309	1.919076
510	-294.6882	-464.3732	169.6849	0.7122565	0.7917396	0.9255598	1.992655
516	-283.7465	-452.0429	168.2964	2.088634	0.7544695	0.6339883	2.215379
522	-290.4098	-460.69	170.2802	0.7094034	0.6913696	0.7904108	1.745046
528	-292.3577	-460.1474	167.7897	2.048061	0.553663	0.7311995	2.609508
534	-286.6723	-457.0218	170.3495	0.4405363	0.7653044	0.9497129	1.724644
540	-302.1266	-471.5054	169.3788	1.391706	0.9373206	0.7229484	1.778727
546	-300.8335	-470.4866	169.6531	0.7399301	0.7046323	0.5773031	2.276782
552	-299.2734	-466.7444	167.4711	2.167989	1.301996	1.092196	2.050141
558	-287.6916	-457.967	170.2753	0.7837795	0.5133713	0.6543012	1.889985
564	-297.5739	-465.8838	168.3098	1.569474	1.21265	0.7271802	2.18893
570	-285.0615	-452.3405	167.279	2.392342	1.036028	0.5806521	2.525339
576	-273.5798	-443.2478	169.668	0.8193102	1.167148	0.5296828	1.947755
582	-278.2464	-447.4145	169.1681	1.574184	1.294233	1.304309	1.072108
588	-278.9142	-447.2246	168.3104	1.897058	1.621355	1.260081	1.305765
594	-285.4152	-453.5264	168.1113	2.33737	1.016992	1.319903	1.524103
600	-285.0653	-452.5962	167.531	2.33737	1.339379	1.574251	1.530103
606	-279.0466	-449.1653	170.1187	0.2846803	1.339379	0.7609182	1.730903
612	-282.6003	-452.5355	169.9351	1.130109	1.180146	0.5595184	1.510275
618	-289.4809	-459.6026	170.1217	0.9918548	1.180146	0.636063	1.415415
624	-283.8843	-453.8952	170.0109	0.1201258	1.696527	1.033278	1.488877
630	-278.4598	-449.2059	170.7462	0.2619256	0.9594656	0.9931944	1.390699
636	-286.6179	-456.613	169.9951	0.4587456	1.616032	0.9931944	1.326233
642	-280.8788	-450.2779	169.3991	1.649086	0.7993588	1.04979	1.438385
648	-289.4891	-458.3725	168.8834	1.228877	1.541925	0.861484	1.729915
654	-299.1447	-468.2334	169.0887	0.8352106	2.17975	0.9810981	1.369475
660	-288.0233	-457.2121	169.1888	1.263661	1.762393	1.109377	1.116937
666	-280.6605	-449.6528	168.9924	1.240725	2.002375	0.8082926	1.378164
672	-292.5362	-462.5222	169.9861	1.212053	1.240698	0.767495	1.191489
678	-291.1365	-461.0053	169.8688	0.8393996	1.240279	0.9311001	1.454644
684	-294.967	-464.9386	169.9715	0.8393996	0.6680242	1.341281	1.490721
690	-290.2949	-459.2798	168.9848	1.934764	1.030264	0.7721864	1.571008
696	-291.4372	-460.9234	169.4862	1.648177	1.12381	0.4188388	1.604091
702	-290.0733	-459.1669	169.0936	1.911162	1.06492	0.6070822	1.604091
708	-280.8671	-450.4832	169.6161	0.5266532	1.564536	0.9399011	1.637546
714	-280.4322	-450.8427	170.4105	0.3764285	1.124902	0.9399011	1.474659
720	-284.2312	-454.2672	170.036	0.1834502	1.817432	1.022572	1.345688
726	-286.8509	-455.6753	168.8244	1.224236	1.652018	1.75821	0.9772525
732	-290.2035	-458.586	168.3824	0.8749574	3.285782	1.465639	0.75661
738	-286.7088	-456.675	169.9662	0.8519813	0.7881905	0.7971094	1.796223
744	-287.3394	-456.6728	169.3334	1.060317	1.29381	0.7663696	1.764728
750	-275.4495	-446.0361	170.5865	0.4116773	1.412677	0.8122352	1.181941
756	-274.2394	-444.2776	170.0381	0.6553768	1.199907	0.8893343	1.526954
762	-282.6117	-452.521	169.9093	0.7338922	1.126258	0.8893343	1.61733
768	-284.308	-453.1774	168.8694	2.019363	1.126258	0.7800236	1.51721
774	-284.0034	-454.6951	170.6917	1.115583	0.3354382	0.6009815	1.428079
780	-288.6416	-458.5425	169.9009	1.178193	0.3106949	1.548748	1.244494
786	-297.7932	-468.0465	170.2533	1.024766	0.4423138	1.358067	1.235219
792	-297.8059	-467.4667	169.6608	0.8498421	1.082421	1.293724	1.447881
798	-296.7639	-465.7405	168.9766	1.218376	1.054343	2.34333	0.7953719
804	-286.4794	-456.5698	170.0904	0.5485983	0.6399086	1.60086	1.442978
810	-289.8786	-458.8282	168.9496	1.287236	1.39861	1.648067	1.128089
816	-289.5034	-459.6281	170.1247	1.437379	0.8299785	0.7675088	1.228975
822	-291.3855	-460.9822	169.5967	1.305721	1.122088	0.7116392	1.560848
828	-289.6869	-459.824	170.1371	0.4762723	1.086604	0.8947033	1.663259
834	-291.3828	-460.9385	169.5557	1.698649	0.7864239	1.102539	1.241657
840	-291.4451	-461.1	169.6549	1.361063	1.141882	0.9880694	1.241657
846	-294.7779	-463.344	168.5661	1.502733	1.349386	1.705699	1.263614
852	-303.1461	-471.0468	167.9008	1.109372	3.181336	1.633587	0.939771
858	-286.8428	-455.6078	168.7649	1.45768	1.832708	1.490539	0.9051044
864	-290.0529	-459.9883	169.9354	0.6988083	1.593929	1.172897	1.029926
870	-287.3738	-457.6595	170.2857	1.269406	0.7342705	0.8540905	1.239514
876	-284.5016	-454.9633	170.4618	0.8703136	0.762857	1.050015	1.239514
882	-293.4622	-463.6183	170.1562	0.8002092	0.8293852	0.9105466	1.589069
888	-291.8456	-461.3377	169.4921	1.261607	0.8676106	0.882615	1.727242
894	-286.5839	-456.9957	170.4118	0.7305003	0.8860616	1.104641	1.251831
900	-277.6889	-446.412	168.7232	1.887402	1.09289	0.6872397	1.806612
906	-279.2966	-449.5002	170.2036	0.6764881	1.274011	0.4726635	1.64202
912	-286.6718	-457.162	170.4902	0.497156	0.6949835	1.305787	1.36344
918	-280.2431	-451.177	170.9339	0.4291709	0.426871	1.711162	0.8051564
924	-268.3006	-438.5575	170.2569	0.6224613	1.34854	0.6962684	1.422793
930	-282.4871	-452.9745	170.4874	0.2974322	0.7981693	1.334565	1.422793
936	-274.5735	-445.1564	170.5829	0.6051234	1.046811	1.074424	1.098514
942	-273.7825	-443.9464	170.1639	0.2343677	1.691749	1.101461	1.226367
948	-276.7619	-446.0385	169.2766	1.882753	1.138387	0.5132331	1.505413
954	-279.7037	-449.5874	169.8837	1.026018	0.4751006	0.5745268	2.058748
960	-296.7636	-466.1365	169.3729	1.61793	0.8242807	0.8590949	1.605074
966	-287.0663	-455.7906	168.7243	2.006298	1.427646	0.8590949	1.352652
972	-287.3871	-456.242	168.8549	2.007504	1.339285	0.7202452	1.424293
978	-289.5498	-459.0886	169.5389	1.103044	1.621394	1.233388	0.9347601
984	-278.7602	-449.3281	170.568	0.378821	1.043003	1.06307	1.317696
990	-275.2907	-444.7986	169.5079	0.67577	1.383771	1.828299	1.022601
996	-276.9446	-446.0573	169.1127	1.104545	1.556833	1.563993	1.086874
1002	-280.2477	-449.4835	169.2358	0.9750522	1.285751	2.035823	0.8740846
1008	-280.4702	-450.1218	169.6516	1.133821	1.952821	0.961545	0.7259343
1014	-277.0107	-445.6073	168.5965	1.680854	1.084278	1.480934	1.481431
1020	-281.2187	-447.9711	166.7524	2.449604	2.165627	0.8505768	1.98775
1026	-305.8212	-474.4312	168.6099	0.9594538	2.303667	1.640514	1.019549
1032	-286.592	-456.2102	169.6182	0.9197826	1.19839	0.801634	1.70426
1038	-287.1152	-456.024	168.9088	1.560484	1.118353	1.332867	1.422089
1044	-292.2811	-460.8436	168.5625	2.038487	1.211406	1.115396	1.417249
1050	-272.7075	-441.2174	168.5098	1.993423	0.8629209	1.129343	1.733103
1056	-288.0743	-455.4766	167.4024	1.65432	1.968625	2.450284	0.9986368
1062	-288.604	-458.9655	170.3615	0.9583804	1.056141	1.050419	0.9858447
1068	-291.9743	-462.052	170.0777	0.6302837	1.686622	1.067694	0.9770882
1074	-289.0987	-458.6205	169.5218	0.99043	1.048455	1.317467	1.454406
1080	-278.8285	-448.9029	170.0743	0.9957945	0.9542405	1.362068	1.025563
1086	-287.8061	-457.7431	169.937	0.5899694	1.709286	1.24987	0.9546561
1092	-285.0812	-454.6134	169.5322	1.157399	1.465049	0.8064289	1.398391
1098	-279.625	-448.0982	168.4732	1.439643	1.653858	2.000326	0.8584263
1104	-289.8203	-459.2831	169.4628	1.129834	0.91623	1.112231	1.644181
1110	-287.8886	-457.154	169.2654	1.44048	0.5690133	1.334433	1.633983
1116	-294.651	-464.9835	170.3325	0.8820012	0.8314206	0.7178257	1.539521
1122	-276.4224	-445.1141	168.6917	1.814604	1.418024	1.13798	1.316362
1128	-281.991	-451.1203	169.1292	1.609118	1.182302	1.324266	1.157052
1134	-289.9407	-460.2727	170.332	0.5951701	1.238004	0.6487843	1.504149
1140	-282.188	-450.0322	167.8442	2.349423	0.5847831	0.9193086	2.251855
1146	-286.3323	-455.834	169.5018	1.060217	0.7157562	0.5292609	2.192268
1152	-281.7722	-451.744	169.9719	0.1299352	1.871982	1.188219	1.268178
1158	-281.0459	-451.7755	170.7296	0.4579187	1.091992	0.92872	1.18845
1164	-285.8238	-455.7512	169.9274	0.790881	1.463588	0.6980658	1.460761
1170	-306.5156	-476.6135	170.0979	1.476661	0.5519023	1.203085	1.051154
1176	-292.0078	-460.927	168.9193	1.208714	1.330327	1.417336	1.459459
1182	-287.1825	-457.1796	169.9971	1.208714	0.5613439	1.198494	1.364907
1188	-280.4053	-451.0643	170.6589	0.9518114	0.6230663	0.9954252	1.156288
1194	-280.8209	-450.5429	169.722	1.287105	0.7494132	1.446244	1.18814
1200	-296.2578	-465.5154	169.2576	1.831502	1.126846	1.128878	1.06571
1206	-303.8191	-472.3244	168.5053	1.860817	1.090185	0.9338728	1.806985
1212	-287.2262	-456.8431	169.6168	1.439618	0.8670587	0.9152007	1.483943
1218	-286.1356	-455.755	169.6194	0.7497768	0.8670587	1.602454	1.483943
1224	-276.3232	-446.0295	169.7063	1.027094	1.206208	1.093858	1.334185
1230	-278.4885	-447.5554	169.0669	1.37179	1.265745	1.347819	1.320012
1236	-280.0448	-448.9377	168.8929	1.84969	1.194472	1.235003	1.220125
1242	-277.4269	-447.1746	169.7477	1.421234	1.11221	1.098583	1.032272
1248	-284.0752	-454.1928	170.1176	1.340536	0.797349	1.098583	1.054959
1254	-280.3265	-450.0024	169.6759	1.340536	1.071462	1.471688	0.8380808
1260	-271.7999	-442.0151	170.2151	1.371196	0.9793649	1.040417	0.7768701
1266	-275.2623	-445.1124	169.8501	1.20067	1.149231	0.9891336	1.205109
1272	-293.0975	-463.1736	170.076	1.075412	1.073899	0.963415	1.205109
1278	-284.0629	-453.5091	169.4462	1.166179	1.635429	0.963415	1.205109
1284	-286.8912	-457.1411	170.2498	0.5264214	1.91795	0.963415	0.7812813
1290	-280.9206	-451.2971	170.3764	1.010611	0.9023331	0.9043389	1.200668
1296	-290.3096	-458.5	168.1904	1.631063	1.991768	1.856784	0.7789982
1302	-285.9566	-456.277	170.3205	1.118727	0.7664946	1.238521	0.9645648
1308	-292.9216	-463.1007	170.1791	0.7308015	0.9111292	1.215675	1.330532
1314	-280.3498	-450.5085	170.1587	0.7852562	1.332297	0.9481811	1.177929
1320	-285.2519	-454.8855	169.6336	1.198449	1.365907	0.9463167	1.247274
1326	-291.7486	-461.7146	169.9659	0.2860018	0.8974122	1.067323	1.925269
1332	-283.5172	-453.6056	170.0883	0.6826087	1.01207	0.8451924	1.639159
1338	-278.0916	-446.975	168.8834	0.5063395	2.811281	1.551027	0.8981567
1344	-276.6896	-446.3382	169.6486	0.316276	2.123235	1.549907	0.848365
1350	-278.8011	-446.9344	168.1334	1.605658	1.998301	1.79264	0.9472977
1356	-288.4967	-456.8556	168.3589	1.605658	1.998301	1.70782	0.7793898
1362	-276.8606	-446.7637	169.9031	0.976448	0.7359623	1.921138	0.8605146
1368	-279.4389	-449.8728	170.4339	1.131281	0.817511	0.8939975	1.126966
1374	-288.5864	-456.0051	167.4187	1.055431	3.287258	2.184203	0.8418265
1380	-290.6804	-457.5576	166.8772	1.917915	3.901987	1.62966	0.5571837
1386	-283.8117	-453.1991	169.3874	1.493848	1.643778	1.051368	0.845979
1392	-278.6347	-447.9026	169.2679	1.569575	1.344485	0.7368157	1.426848
1398	-279.3599	-450.0939	170.734	0.3836007	0.9510478	0.6384119	1.581942
1404	-288.9238	-459.3295	170.4056	0.3453359	1.170668	1.05031	1.382469
1410	-280.0218	-448.7514	168.7296	1.760434	1.303201	0.874103	1.613311
1416	-288.3214	-458.2631	169.9417	1.269791	0.9941104	0.8406923	1.322924
1422	-295.3351	-465.5024	170.1672	0.3345387	1.177088	1.20729	1.44885
1428	-293.5144	-463.694	170.1796	0.3676305	1.177088	1.618397	1.068168
1434	-297.8381	-467.3664	169.5283	0.7908447	1.654105	1.610208	0.8384811
1440	-291.3026	-459.9828	168.6802	1.55367	1.506048	1.306659	1.332926
1446	-284.9397	-454.2705	169.3308	1.133234	1.217392	0.752503	1.777457
1452	-287.6588	-456.881	169.2223	0.6540592	2.07254	1.15314	1.340965
1458	-294.6308	-463.1092	168.4784	1.435292	1.729885	1.345114	1.393618
1464	-285.4651	-454.5478	169.0826	1.683761	1.368743	0.7649892	1.441892
1470	-285.2718	-454.4056	169.1338	1.818408	0.8354188	1.236504	1.339988
1476	-272.2705	-442.3462	170.0757	1.319776	1.0076	0.7987438	1.19387
1482	-269.7679	-439.143	169.3751	1.319776	1.643095	0.8857612	1.194977
1488	-281.8276	-451.0263	169.1987	0.9676211	1.610954	1.32567	1.293658
1494	-275.9845	-445.4996	169.515	0.9917771	0.9413554	1.271308	1.572863
1500	-281.9062	-452.3216	170.4154	0.753996	0.7120978	0.8496006	1.559978
1506	-288.2677	-458.5091	170.2415	0.8463272	0.8544777	0.8228351	1.538799
1512	-278.743	-449.1984	170.4554	1.086812	0.8754319	1.056464	0.9357285
1518	-277.2376	-447.1607	169.9231	1.124426	1.232658	0.9787186	1.145441
1524	-283.3436	-451.6127	168.2691	1.44167	3.061777	0.9936695	0.9621327
1530	-285.3912	-454.8495	169.4583	0.9846444	1.080732	0.6555423	1.950721
1536	-290.4673	-460.5342	170.0669	0.9326942	0.7457247	1.084719	1.487863
1542	-312.7554	-481.9923	169.237	0.7158472	0.6627619	0.9192078	2.363622
1548	-291.5481	-461.8263	170.2782	0.5959648	1.390897	0.5459366	1.509983
1554	-294.4466	-463.0339	168.5872	0.8707916	1.979822	2.09178	0.9446841
1560	-290.0382	-458.9277	168.8895	2.109192	1.151285	0.6610607	1.505454
1566	-290.5601	-459.5369	168.9769	1.376786	1.95712	0.8545257	1.275153
1572	-298.6273	-468.1799	169.5526	0.5258414	1.643794	1.588914	1.117993
1578	-296.0057	-466.2139	170.2083	0.8564722	1.381591	0.7018125	1.244527
1584	-294.6701	-464.6655	169.9954	1.588657	0.7068884	1.20739	0.9024932
1590	-282.0152	-451.4701	169.4548	1.588657	0.8195363	1.635735	0.9077952
1596	-281.6494	-452.1808	170.5314	1.043674	0.7626622	0.7286796	1.304176
1602	-286.7583	-456.5777	169.8194	1.530648	1.110894	1.058904	0.8855879
1608	-295.1074	-465.1111	170.0036	1.241475	0.7287613	0.9754884	1.395777
1614	-294.7283	-464.4561	169.7278	0.4653055	1.335104	1.835564	1.051631
1620	-292.6517	-463.4204	170.7687	0.3389716	1.065473	0.7258649	1.43849
1626	-291.8336	-461.0914	169.2578	1.313252	1.413761	1.314374	1.114572
1632	-293.4352	-461.9772	168.542	1.901344	1.290488	1.353144	1.292453
1638	-284.375	-454.9046	170.5296	0.8400683	0.6212136	1.399888	1.005517
1644	-285.211	-455.7973	170.5863	0.206146	0.9950366	1.286336	1.30075
1650	-283.5004	-453.2746	169.7742	0.797405	1.314441	1.164063	1.322803
1656	-289.7194	-459.4417	169.7223	1.166398	0.3789608	1.159127	1.696271
1662	-285.5849	-454.8329	169.2479	1.558333	1.077548	0.9614993	1.479341
1668	-296.7216	-467.1809	170.4593	0.3975974	0.6217278	0.9522626	1.767529
1674	-285.2075	-454.6921	169.4846	1.620147	0.8190439	0.9849955	1.429993
1680	-273.4475	-443.2256	169.7782	1.620147	0.9618431	0.9382759	1.108389
1686	-293.4769	-462.5736	169.0967	1.620147	1.139745	1.683078	0.8626636
1692	-293.6544	-463.0277	169.3733	0.9797796	1.332121	1.895069	0.8172758
1698	-287.8869	-457.7297	169.8428	0.7460371	1.618581	0.7512419	1.408706
1704	-288.1537	-457.1792	169.0256	1.203071	2.394216	0.9828454	0.9451455
1710	-290.1048	-458.6216	168.5168	0.9995277	2.140967	2.091463	0.694481
1716	-277.2626	-447.3074	170.0448	0.9995277	1.068504	1.349493	0.9487215
1722	-284.1551	-453.7357	169.5806	0.9935719	1.78697	1.267922	0.7974536
1728	-291.2067	-461.6505	170.4438	0.479836	0.8362252	1.374604	1.25006
1734	-298.3827	-469.2357	170.853	0.5630223	0.8362252	0.5677142	1.497702
1740	-297.2672	-465.9156	168.6484	1.877548	0.7161066	1.648189	1.440788
1746	-303.8383	-473.5909	169.7526	1.661285	0.2149286	1.331832	1.021981
1752	-292.978	-463.0731	170.0951	0.9421241	1.076284	0.9302802	1.325037
1758	-303.0761	-473.4514	170.3753	0.1651788	0.8398344	0.7768715	1.964858
1764	-300.2143	-470.075	169.8607	1.329679	0.6730771	0.5757748	1.766272
1770	-299.3907	-468.6793	169.2887	1.529203	0.9127111	0.7234078	1.762487
1776	-294.1446	-463.619	169.4744	1.040792	1.022968	1.154703	1.592341
1782	-293.4887	-462.3909	168.9022	1.099758	0.5918053	1.209898	2.184395
1788	-275.1289	-445.2274	170.0985	0.9691044	1.108589	0.5672363	1.555402
1794	-300.4237	-470.5583	170.1346	1.371013	0.3107102	0.6272221	1.625522
1800	-295.0915	-465.3644	170.2728	0.7373981	0.9283294	0.7084965	1.625522
1806	-299.3613	-469.3362	169.9749	1.123032	0.7507922	1.083395	1.410108
1812	-290.3637	-459.0449	168.6813	1.843721	0.8190068	0.9946906	1.841495
1818	-284.3262	-454.2942	169.9679	0.5717039	1.140077	0.7972305	1.746783
1824	-281.246	-448.8533	167.6073	2.01644	2.617498	1.077011	1.258
1830	-287.2505	-457.9854	170.735	0.5665573	0.8832505	0.9407982	1.258
1836	-291.5538	-461.0827	169.5289	0.8267655	1.385867	1.03968	1.531969
1842	-286.4396	-454.8762	168.4366	2.107318	1.385867	1.011227	1.410957
1848	-288.0002	-458.8064	170.8061	0.3687425	0.8208967	0.8183851	1.501824
1854	-278.1995	-448.0399	169.8404	1.003983	1.012821	0.8183851	1.604927
1860	-285.5342	-454.8808	169.3467	1.50002	0.6306694	0.5210607	2.061333
1866	-283.3947	-451.6326	168.2378	2.326984	0.4689476	1.534432	1.638789
1872	-285.4904	-455.6463	170.1559	0.9969334	0.4363045	0.9613422	1.638789
1878	-284.0932	-454.1289	170.0357	0.9969334	1.197428	0.8839807	1.268608
1884	-276.2966	-446.3896	170.0931	0.8512504	1.193338	0.6828146	1.498736
1890	-287.6528	-457.9074	170.2546	0.4532432	1.205467	1.218973	1.253606
1896	-294.7496	-465.6858	170.9362	0.5012584	0.9577902	0.8613442	1.145978
1902	-295.0068	-463.5981	168.5913	1.563488	2.095873	1.255421	0.9883029
1908	-282.9903	-452.0454	169.0551	1.430814	1.145012	1.79351	0.9883029
1914	-284.1142	-454.1119	169.9977	0.7231768	1.145012	1.549196	0.9977033
1920	-285.4773	-454.2728	168.7955	1.498325	1.5065	1.549196	1.073009
1926	-293.9745	-465.0146	171.0401	0.7192294	0.6836992	0.8406414	1.114228
1932	-280.8346	-449.2343	168.3997	2.03053	1.504992	1.369441	1.114228
1938	-282.4671	-452.4362	169.9691	1.194953	0.9745079	0.870145	1.352955
1944	-288.5813	-458.6112	170.0299	0.7585327	1.321367	0.9027815	1.352955
1950	-299.8575	-467.8343	167.9767	1.70968	2.095622	0.437764	1.978472
1956	-285.3891	-454.4743	169.0852	2.237831	0.5287974	0.9161719	1.50957
1962	-285.2653	-455.7294	170.464	0.9729751	0.6415575	1.240433	1.077393
1968	-270.9135	-441.2487	170.3352	0.9832147	0.8523019	1.160759	1.077393
1974	-287.8774	-458.3617	170.4843	1.309843	0.7721221	0.8745194	0.9683309
1980	-292.1853	-462.2106	170.0253	1.237064	0.5277001	1.286004	1.268288
1986	-297.3631	-464.7601	167.397	1.402359	2.829174	2.257701	0.7296664
1992	-275.2533	-444.8064	169.5531	0.6821117	1.87944	1.08746	1.235589
1998	-276.3406	-445.8176	169.4771	0.9020114	1.03547	1.08213	1.732661
2004	-283.6003	-453.8937	170.2933	0.8926725	1.041235	1.08213	1.098431
2010	-284.3989	-453.5695	169.1706	0.8986941	1.787021	1.575825	1.017996
2016	-281.7578	-452.3784	170.6205	0.4633461	0.9251026	1.060793	1.30393
2022	-274.8927	-444.9701	170.0774	1.05764	1.002569	0.932259	1.30393
2028	-279.2899	-449.3611	170.0712	1.156435	0.8639408	0.82541	1.424271
2034	-279.2721	-449.6355	170.3634	0.1967849	0.8639408	0.7691351	1.940838
2040	-280.8102	-450.8086	169.9984	0.8477261	0.6422477	0.7844913	1.878488
2046	-286.72	-455.4758	168.7559	1.741333	2.060528	0.8361249	1.090825
2052	-285.7607	-455.339	169.5784	1.248786	0.7446208	1.17058	1.553143
2058	-289.2117	-458.2733	169.0617	0.8129391	1.362362	0.5427336	2.217075
2064	-281.8475	-451.3377	169.4902	1.657964	1.12512	0.7471229	1.343907
2070	-280.3622	-449.2294	168.8671	1.385886	1.697068	1.195636	1.264992
2076	-286.4362	-456.6681	170.232	1.084418	0.8643469	1.054907	1.164055
2082	-293.3151	-463.8719	170.5569	0.697168	1.314979	0.6890742	1.147954
2088	-291.1242	-460.5843	169.4602	1.143888	0.7204847	1.300403	1.637608
2094	-283.7745	-453.7636	169.9891	0.5223356	0.9811331	0.8818939	1.817724
2100	-294.3627	-462.8773	168.5146	1.449031	1.540477	1.693509	1.210283
2106	-282.7117	-451.2132	168.5015	1.451033	1.212678	2.116946	1.124292
2112	-277.4525	-446.9011	169.4486	1.372675	1.45321	1.359286	0.7507254
2118	-283.151	-452.6082	169.4572	1.361293	1.367987	1.452837	0.7361235
2124	-286.7244	-456.5906	169.8662	1.248848	0.9413323	1.208909	1.138289
2130	-281.049	-451.2729	170.2239	0.8572809	0.8543313	1.34635	1.122869
2136	-279.9162	-449.4553	169.5392	1.38344	0.939925	1.561362	0.9883248
2142	-290.3951	-459.6472	169.2521	1.395018	0.8102544	1.109781	1.68182
2148	-287.4753	-458.3428	170.8675	1.098884	0.4434571	0.727939	1.185276
2154	-274.6534	-444.1296	169.4763	1.765666	0.7304558	0.727939	1.58341
2160	-271.0139	-440.0076	168.9937	1.971152	1.061299	0.6790169	1.58341
2166	-285.4022	-453.7887	168.3864	2.290519	0.8713569	1.289503	1.484665
2172	-282.0037	-452.3948	170.3911	0.9567054	0.5166328	1.173656	1.296382
2178	-286.5483	-455.5317	168.9835	0.7360286	2.060833	1.86242	0.829439
2184	-281.7007	-451.1611	169.4605	0.8925613	2.060833	1.202423	0.8617934
2190	-292.3103	-461.9705	169.6602	1.15005	1.609559	0.6369957	1.330836
2196	-283.1159	-452.9962	169.8803	0.6738393	1.973107	0.5919523	1.314619
2202	-300.2739	-469.884	169.6101	0.817204	0.4001428	0.628144	2.354968
2208	-296.9742	-465.6413	168.6672	1.157598	1.555121	0.3759021	2.239437
2214	-288.3293	-457.5869	169.2576	1.239897	1.555121	0.3759021	1.791451
2220	-277.716	-446.7215	169.0055	1.908576	0.7930147	0.5061853	1.926372
2226	-290.2747	-457.7488	167.4742	2.394508	1.181014	0.5306774	2.341845
2232	-273.5348	-441.6155	168.0807	2.169353	1.04202	1.242584	1.705912
2238	-273.5066	-442.1214	168.6148	2.169353	1.108309	1.350047	1.158643
2244	-272.9801	-442.1693	169.1892	1.903263	1.014376	1.281616	1.023653
2250	-276.1944	-446.0745	169.8801	1.35241	0.9595318	0.9953043	1.206281
2256	-283.9141	-453.1594	169.2453	0.6299846	2.332887	1.362818	0.9678299
2262	-288.0056	-456.9774	168.9718	1.406353	1.138363	1.670103	1.207205
2268	-287.2368	-457.5429	170.3061	0.8503869	1.056627	1.027581	1.160093
2274	-284.5251	-453.2216	168.6965	1.890545	1.056627	1.027581	1.608055
2280	-287.4057	-457.4865	170.0809	0.1882529	1.164564	0.839662	1.887402
2286	-282.5306	-453.0343	170.5037	0.514524	1.164564	0.5742199	1.545727
2292	-282.0713	-452.2662	170.1948	1.210582	0.8212	0.8386193	1.306694
2298	-280.2485	-451.1361	170.8877	0.6048244	0.4706533	1.043632	1.306694
2304	-292.2527	-461.8838	169.6312	1.036239	0.6485006	0.6966076	2.053621
2310	-291.5988	-462.7117	171.113	0.6454104	0.5849794	0.6487487	1.348223
2316	-288.1387	-457.9011	169.7623	0.8143462	1.009609	0.6942875	1.882071
2322	-288.7122	-458.9957	170.2835	0.700358	0.8232074	0.4355371	1.907069
2328	-292.3337	-460.6811	168.3474	1.603884	0.8605629	0.5717073	2.465277
2334	-287.2165	-456.4244	169.208	1.609146	1.544046	0.5521202	1.43922
2340	-287.5013	-457.1835	169.6822	0.5518415	1.342404	1.249304	1.497464
2346	-284.9024	-453.1548	168.2524	1.851336	1.022482	1.094084	1.922923
2352	-289.6246	-459.0802	169.4556	1.068138	1.51728	0.724354	1.549032
2358	-293.7263	-463.2292	169.503	0.60205	1.552594	0.5228631	1.96047
2364	-297.6853	-468.1021	170.4168	0.05521886	0.7373429	1.070335	1.879677
2370	-292.9537	-463.4821	170.5284	0.1586651	0.7373429	0.8552901	1.879677
2376	-307.5771	-477.2437	169.6666	0.2997582	1.193964	0.5529165	2.257045
2382	-295.2033	-465.3768	170.1735	0.5987538	1.193964	0.664945	1.63775
2388	-294.4427	-464.6062	170.1635	0.3648174	1.193964	0.6360968	1.829515
2394	-302.1845	-472.4285	170.2439	1.182856	1.193964	0.6360968	1.146669
2400	-295.2938	-465.0895	169.7957	0.3010675	2.019426	0.5515678	1.660765
2406	-287.5747	-458.086	170.5113	0.5587743	0.8839767	0.6963127	1.62296
2412	-293.8807	-463.7578	169.8771	1.667119	0.5014337	0.7241903	1.501112
2418	-288.1478	-457.9673	169.8195	1.289329	0.463561	0.6787565	1.859069
2424	-294.0506	-463.3001	169.2495	1.691119	0.6179548	0.4870662	2.028831
2430	-295.0727	-462.9455	167.8728	1.566786	1.550884	0.8431254	2.188976
2436	-292.2442	-462.1878	169.9436	1.01195	1.284612	0.3859995	1.642654
2442	-290.2359	-458.5809	168.345	0.8426121	1.294761	0.3969755	2.779094
2448	-275.7931	-445.9835	170.1904	0.9845976	0.6322323	0.642275	1.755646
2454	-283.3389	-453.8815	170.5426	0.8957171	0.7307894	1.196033	1.041603
2460	-284.4624	-454.2008	169.7385	0.8957171	0.9758295	1.759891	1.041603
2466	-272.5941	-440.5983	168.0042	1.657942	0.9663686	2.988447	0.7613123
2472	-286.5466	-455.1915	168.6449	1.522723	1.654911	1.551891	1.060476
2478	-280.7665	-450.09	169.3235	0.5719933	2.113414	1.366805	1.115532
2484	-301.5302	-469.0701	167.5398	1.802361	2.113414	1.221675	1.665021
2490	-292.2974	-460.2546	167.9572	1.220571	3.128537	1.595721	0.8319284
2496	-287.4965	-457.1607	169.6642	1.116361	1.593459	1.271377	0.7473769
2502	-295.3682	-465.1215	169.7534	1.460014	1.284851	0.8639116	1.051713
2508	-289.4738	-458.0327	168.5589	1.460014	2.016416	1.367805	1.075616
2514	-288.2	-456.3065	168.1065	1.150405	2.553856	1.025272	1.616733
2520	-284.2858	-454.6209	170.3351	1.150405	0.800461	0.9209633	1.187929
2526	-283.4274	-452.8552	169.4278	1.598525	1.302733	0.5877072	1.427364
2532	-283.6746	-453.0165	169.3419	1.111681	1.302733	0.5877072	1.840977
2538	-288.2792	-457.9089	169.6297	0.8763035	1.413907	0.8183777	1.564671
2544	-283.4081	-453.8532	170.445	0.8763035	1.173431	0.5042583	1.36119
2550	-282.6878	-453.5651	170.8773	0.8763035	0.9265301	0.7061255	1.025713
2556	-285.7148	-455.8158	170.1009	1.005046	0.5557149	0.6179293	1.862692
2562	-278.1969	-448.6758	170.4789	1.186218	0.7398296	0.7291733	1.247637
2568	-286.0793	-455.2569	169.1776	1.693782	1.332414	0.8686508	1.305286
2574	-289.4204	-458.6575	169.2371	0.6841497	1.6202	1.031837	1.693569
2580	-281.6897	-451.4114	169.7218	1.314831	0.8815872	1.039069	1.393169
2586	-278.4091	-447.7836	169.3745	1.009132	2.038092	0.6044663	1.396279
2592	-284.6185	-453.4018	168.7833	1.446486	1.605367	1.138475	1.396279
2598	-279.1598	-449.9882	170.8285	0.2753351	0.750439	0.7972444	1.619702
2604	-273.2373	-443.5924	170.3551	1.294165	0.7460425	0.5812744	1.375255
2610	-273.8732	-443.4756	169.6024	1.24184	1.320681	0.9366913	1.281156
2616	-272.2954	-442.1965	169.9012	1.329508	0.9845345	1.079747	1.111598
2622	-277.2403	-446.3347	169.0943	1.890573	0.4315164	1.746479	1.157057
2628	-281.1597	-450.4741	169.3144	0.7181496	1.563634	1.362664	1.405181
2634	-281.9515	-452.2116	170.2601	0.7943169	1.199662	1.39975	0.7050493
2640	-267.6849	-437.0212	169.3363	1.912356	0.9510167	1.166029	1.045633
2646	-278.1199	-448.1856	170.0657	0.4107497	1.201564	0.972637	1.623792
2652	-276.5236	-443.9621	167.4384	2.386898	1.201564	0.735932	2.225221
2658	-274.7378	-441.9344	167.1966	2.386898	0.7169485	1.273775	2.341655
2664	-279.9198	-447.361	167.4412	2.386898	1.409168	1.231945	1.757069
2670	-273.3566	-443.7139	170.3573	0.4482447	0.9154485	0.972705	1.591647
2676	-276.6873	-446.4253	169.738	1.268394	1.088231	1.187531	1.123269
2682	-285.5763	-453.7133	168.137	1.321477	3.138483	1.189352	0.9660942
2688	-293.5718	-461.855	168.2832	1.543779	1.986495	1.878288	0.7462157
2694	-291.7161	-460.8127	169.0966	1.402495	1.781078	1.285027	0.8759798
2700	-280.3699	-450.3088	169.9389	1.269857	0.9441997	0.9857167	1.2473
2706	-287.4577	-456.7586	169.3009	1.269857	1.18615	1.382667	1.2473
2712	-296.6047	-466.0282	169.4235	1.179016	0.71534	0.7687683	2.008733
2718	-298.6015	-468.3573	169.7557	1.541306	1.122454	0.8588636	1.12682
2724	-291.0169	-460.4213	169.4043	1.416241	1.129944	1.007948	1.392722
2730	-285.9149	-455.8227	169.9078	1.416241	0.6785778	0.8046786	1.501252
2736	-286.1994	-455.3635	169.164	1.23118	1.628742	0.8244862	1.493477
2742	-289.0218	-458.4978	169.476	0.7938857	2.063622	1.026029	1.122573
2748	-282.8764	-451.7764	168.9	1.290703	1.877782	0.4777493	1.732421
2754	-282.3948	-452.7362	170.3414	0.6043419	0.797166	0.4389522	1.947604
2760	-287.8125	-457.166	169.3535	1.280015	0.5735955	0.364206	2.331163
2766	-291.165	-460.8173	169.6523	1.022781	0.8141105	0.8743167	1.824348
2772	-290.6452	-459.3694	168.7242	1.965624	1.19285	0.8743167	1.546007
2778	-283.8749	-454.6265	170.7515	0.403494	0.6606699	0.6016671	1.78059
2784	-295.1946	-464.5771	169.3826	1.334097	1.148536	0.5398459	1.796906
2790	-280.6972	-450.0074	169.3102	1.160187	1.170671	1.673441	1.094336
2796	-289.4677	-460.2697	170.802	0.8181683	0.8701372	0.8230955	1.094336
2802	-296.0292	-466.5584	170.5292	0.7654361	0.4190486	0.9621201	1.539171
2808	-292.5033	-462.1767	169.6734	1.151687	0.4685181	1.410899	1.539171
2814	-291.1368	-459.1205	167.9838	2.238301	1.273766	0.8094359	1.866935
2820	-292.658	-462.5225	169.8645	1.467031	0.9222443	0.4480908	1.585709
2826	-288.127	-458.1155	169.9885	0.9595394	0.9222443	0.9503074	1.497863
2832	-287.6414	-457.6387	169.9973	1.261628	0.7370149	0.757931	1.544359
2838	-290.0687	-460.4324	170.3637	1.024134	0.8609176	0.6982747	1.400943
2844	-287.2725	-456.6415	169.3689	0.9312753	0.9157374	0.766728	2.081258
2850	-292.3874	-462.0382	169.6507	1.461157	1.363708	0.7984786	1.135262
2856	-297.1514	-465.4362	168.2848	1.461157	2.099521	1.449119	1.185203
2862	-294.1342	-463.18	169.0458	0.8420189	2.051067	1.449119	1.094812
2868	-281.8928	-451.5179	169.6251	1.648174	0.7411301	0.985327	1.35682
2874	-290.1343	-460.0753	169.9411	1.53849	0.982279	0.9092824	1.040444
2880	-286.9162	-457.9675	171.0513	0.4932119	0.4769227	0.9733472	1.318765
2886	-281.416	-451.874	170.458	1.06138	0.621107	0.6571699	1.503063
2892	-288.0651	-457.7559	169.6908	1.323519	0.2585174	1.680244	1.145857
2898	-294.145	-464.3982	170.2532	0.6462881	0.5090038	1.677729	1.254605
2904	-279.8263	-449.8572	170.0309	0.7859252	1.47929	1.086091	1.040398
2910	-289.5581	-459.5905	170.0323	0.3598813	0.9626746	1.11718	1.749916
2916	-288.219	-458.142	169.923	0.8918627	0.6256511	0.9761892	1.777854
2922	-282.2705	-452.1679	169.8974	0.3745322	1.572714	0.852729	1.601713
2928	-287.3436	-457.8286	170.485	1.309157	0.5837983	0.6356314	1.330908
2934	-290.9495	-459.8678	168.9183	0.604345	2.298222	1.313345	1.348508
2940	-289.112	-455.9148	166.8028	2.025662	2.91654	1.728872	1.194896
2946	-283.1678	-451.5296	168.3618	1.160295	2.389956	1.746468	0.8858735
2952	-282.2147	-452.2348	170.0201	1.160295	1.182297	0.8906233	1.149633
2958	-287.4119	-457.8317	170.4197	1.296097	0.6167965	1.08414	0.9786045
2964	-285.7661	-456.4128	170.6467	0.673075	0.8164356	1.027762	1.22499
2970	-282.6768	-452.4804	169.8036	0.9117407	1.235719	1.506796	0.9551406
2976	-285.879	-454.883	169.0039	1.27498	1.259051	1.345657	1.451857
2982	-289.5537	-458.7987	169.245	1.561159	0.7233242	1.793989	1.080556
2988	-278.7852	-448.0552	169.27	1.309547	1.686326	0.7873891	1.339178
2994	-286.6336	-455.4693	168.8357	1.248118	1.882465	1.448003	1.046834
3000	-287.6538	-456.6738	169.02	1.719442	1.4799	0.6460521	1.472513
3006	-294.2774	-463.3418	169.0644	1.719442	1.081425	1.04434	1.430357
3012	-293.9156	-461.366	167.4504	2.184937	1.266033	0.7637039	2.288814
3018	-290.5179	-460.896	170.3781	0.4238598	0.7147613	0.6847208	1.931776
3024	-299.1964	-468.4628	169.2665	0.8961694	0.6162277	0.5527279	2.487625
3030	-292.9505	-462.7689	169.8184	0.8961694	0.6957126	0.5527279	2.089501
3036	-294.2532	-464.7439	170.4907	0.4884391	0.9717277	0.6546681	1.655418
3042	-285.9104	-455.331	169.4206	0.8796987	1.392192	0.6546681	1.841037
3048	-300.069	-468.7315	168.6625	1.915038	1.462257	1.31679	1.063879
3054	-300.6522	-469.8559	169.2037	1.351534	1.462257	1.11003	1.26498
3060	-294.6846	-464.7381	170.0535	0.7095391	1.321847	1.11003	1.20315
3066	-298.1829	-467.5578	169.3749	0.9058493	1.306641	0.8037238	1.808568
3072	-295.7157	-465.79	170.0742	0.7511832	1.430959	0.543083	1.520003
3078	-301.9982	-470.9704	168.9722	1.194224	1.353102	1.276497	1.520003
3084	-290.6684	-460.0911	169.4226	1.633477	0.6651701	1.472735	1.191759
3090	-288.6991	-459.271	170.5719	1.2257	0.5203815	0.9631281	1.087842
3096	-290.8385	-461.032	170.1935	1.017275	0.8949914	0.696228	1.511663
3102	-293.3848	-463.166	169.7812	0.1783144	1.537328	0.5778623	2.030351
3108	-293.971	-464.6389	170.668	0.4128783	0.7670446	0.7783665	1.638463
3114	-296.6334	-466.5532	169.9197	0.8080663	1.123296	0.7783665	1.638463
3120	-284.1273	-455.0296	170.9023	0.9540304	0.7037874	0.4386554	1.355568
3126	-281.2985	-451.5674	170.2689	1.395476	0.6254632	0.8799121	1.208156
3132	-290.3091	-459.1157	168.8066	1.946635	0.8361837	0.6268909	1.925058
3138	-279.2125	-448.7357	169.5232	0.9080232	0.8440421	0.6562942	2.114382
3144	-281.4074	-450.4291	169.0217	1.794413	1.01868	1.476597	1.096595
3150	-292.2397	-462.7988	170.5591	0.8387065	0.8115711	0.8918248	1.277141
3156	-286.8405	-455.7631	168.9226	1.988887	1.1031	0.9593042	1.380582
3162	-294.8589	-464.6845	169.8256	1.054032	0.8109662	0.5542533	1.905369
3168	-282.8285	-451.8112	168.9827	1.76938	0.8182752	0.5775269	1.970818
3174	-301.1892	-470.9893	169.8001	0.6189645	1.126075	0.6248343	1.957057
3180	-291.6807	-461.0009	169.3203	0.5330985	1.435959	0.6960114	2.085276
3186	-296.726	-466.758	170.032	0.6777851	1.435959	0.7578061	1.441614
3192	-294.711	-464.1817	169.4708	1.746484	0.7316982	0.8874391	1.482483
3198	-291.75	-461.0406	169.2906	1.746484	1.273158	0.605005	1.427933
3204	-288.0211	-456.2757	168.2547	2.033794	0.874511	0.4939471	2.292298
3210	-295.8828	-461.3449	165.4621	2.526446	1.172164	1.034182	3.188918
3216	-298.3883	-466.2186	167.8303	1.802241	0.871167	1.224184	2.246784
3222	-309.0088	-475.1087	166.0999	2.636828	0.5949817	1.437579	2.831645
3228	-305.8582	-471.9242	166.066	2.636828	1.635902	0.9114626	2.562952
3234	-298.7699	-463.4958	164.7259	2.778779	1.280415	0.9978524	3.432708
3240	-305.6515	-470.1469	164.4954	2.778779	1.657061	1.649668	2.972678
3246	-298.5352	-464.1837	165.6485	2.778779	0.6903941	1.431045	2.972678
3252	-295.3197	-462.2665	166.9468	2.343886	1.963381	1.369697	1.686056
3258	-282.3569	-449.0268	166.6699	2.343886	2.03489	2.030125	1.354538
3264	-286.4381	-456.0012	169.5631	1.296441	1.61373	1.099446	0.8473496
3270	-290.9539	-460.2732	169.3194	0.7971166	1.12323	1.542623	1.526698
3276	-276.2972	-446.6243	170.3271	1.230731	0.5690776	0.8598482	1.349698
3282	-275.14	-445.4958	170.3558	0.5423585	0.9914511	1.622343	0.8943624
3288	-284.9127	-454.6783	169.7656	0.4458768	0.9914511	1.768341	1.38249
3294	-280.7825	-450.5026	169.7202	0.9610989	1.121342	1.291208	1.284639
3300	-279.1785	-448.2932	169.1147	1.843107	0.7271509	0.6109483	1.868234
3306	-278.9664	-449.6265	170.6601	0.7759627	0.7189138	0.6646872	1.494436
3312	-287.3592	-457.473	170.1138	0.8269037	0.6967547	1.491145	1.249739
3318	-291.4549	-462.346	170.891	0.663635	0.6967547	0.7993115	1.313607
3324	-290.0183	-460.0004	169.982	0.8468932	1.225635	0.8928031	1.402268
3330	-278.0922	-447.9161	169.8239	1.148661	1.602305	0.8928031	0.9636936
3336	-277.8059	-446.8012	168.9952	1.256059	1.738731	1.632341	0.7992511
3342	-278.6422	-447.2124	168.5702	1.917878	1.738731	1.23509	0.9828531
3348	-292.2068	-462.5546	170.3478	0.6277757	1.219559	1.285947	0.9301141
3354	-286.7712	-456.3237	169.5525	1.16741	1.219559	1.541611	0.9301141
3360	-285.4871	-455.8847	170.3976	0.7134753	0.5978899	1.708138	0.9748987
3366	-285.6421	-455.9001	170.258	1.19697	0.4843928	1.191834	1.208582
3372	-283.1799	-453.0934	169.9135	1.655872	0.953877	0.7397018	1.14035
3378	-274.9982	-445.2131	170.2148	1.154652	0.9466635	0.9450089	1.141956
3384	-298.0779	-467.0055	168.9276	0.5959651	1.507895	1.931639	1.398869
3390	-299.2623	-469.5476	170.2854	1.150531	0.5864251	1.075596	1.262701
3396	-289.1338	-458.7975	169.6637	0.799137	1.308393	1.352434	1.262701
3402	-288.8692	-458.8925	170.0233	0.4950279	1.308393	1.304402	1.256554
3408	-279.9966	-449.7083	169.7117	1.254384	0.8565428	1.304402	1.256554
3414	-281.6511	-451.8325	170.1814	0.5845372	1.235168	1.065207	1.308157
3420	-280.1217	-450.2264	170.1046	0.64652	1.042111	0.7344655	1.710797
3426	-292.1522	-461.2891	169.1368	1.431589	0.9058027	1.366129	1.482934
3432	-294.8196	-463.9707	169.1511	1.732305	0.4657667	1.163399	1.677486
3438	-296.8941	-466.9761	170.0819	1.163489	0.8361559	1.101717	1.20895
3444	-290.9998	-461.0617	170.0618	0.4440112	1.940427	0.8388616	1.171756
3450	-275.3337	-444.9642	169.6305	0.8996463	1.564638	0.8143133	1.443603
3456	-281.3253	-451.398	170.0727	0.6877269	1.435363	0.7873112	1.379957
3462	-280.6215	-450.5054	169.8839	1.819509	0.4564182	1.217114	0.9680874
3468	-284.7407	-455.5585	170.8177	0.300572	1.148739	1.090934	1.053449
3474	-282.7949	-452.9778	170.183	1.030948	1.051454	0.8198858	1.291433
3480	-289.0109	-459.6488	170.6379	0.6966274	0.5252565	0.770293	1.610223
3486	-295.7665	-465.2793	169.5129	1.743698	0.810432	0.9140025	1.373676
3492	-290.1385	-459.3158	169.1773	1.815156	0.7013322	1.010691	1.578843
3498	-304.5286	-472.8066	168.278	1.556423	2.130564	1.290185	1.223517
3504	-290.6127	-460.376	169.7632	0.6527526	1.28695	0.6080563	1.863282
3510	-294.7589	-463.6289	168.87	0.6907661	1.534587	0.6651926	2.235456
3516	-303.4523	-472.6448	169.1926	0.7939883	0.6570629	0.6929069	2.48809
3522	-308.7784	-477.2351	168.4568	1.070481	1.345598	0.4910128	2.480908
3528	-302.1117	-471.7883	169.6767	0.5950204	1.994874	0.6784059	1.453647
3534	-297.7004	-467.6423	169.942	0.8461896	0.8338685	0.3998497	2.054854
3540	-286.5067	-456.7913	170.2846	0.3437555	1.189617	1.037486	1.472344
3546	-283.0819	-453.0145	169.9325	0.9932378	0.9668144	1.037486	1.414537
3552	-285.584	-455.203	169.619	1.078746	1.425724	0.9691058	1.292088
3558	-284.1665	-454.0625	169.896	1.078746	1.553047	0.8305111	1.067821
3564	-290.0686	-460.6768	170.6082	0.235369	0.6508599	0.8980846	1.797011
3570	-293.1026	-463.0075	169.9049	0.9042284	1.420879	0.872282	1.283934
3576	-296.6602	-466.3404	169.6802	0.6417868	1.420879	0.4994357	1.913415
3582	-285.4229	-454.4845	169.0616	0.5905817	1.527197	0.8696548	2.046845
3588	-294.6824	-464.4813	169.7989	1.675307	0.803758	0.6506334	1.414419
3594	-294.6384	-463.9942	169.3558	1.466389	1.234655	1.178963	1.165785
3600	-295.207	-464.9318	169.7249	1.103159	0.7844148	1.124901	1.558122
3606	-286.8332	-457.2571	170.4239	0.9445016	0.8196424	1.093057	1.122989
3612	-291.9639	-462.5431	170.5792	1.08289	0.3854891	0.3767944	1.702122
3618	-277.3307	-447.178	169.8473	1.454058	0.9026005	0.5162904	1.572218
3624	-288.5597	-458.8855	170.3257	0.8278639	0.8491171	0.7169755	1.572218
3630	-286.3031	-455.6336	169.3304	1.669179	0.9191153	0.7169755	1.633701
3636	-294.0917	-462.9574	168.8657	0.7985081	1.43992	0.9477316	2.041551
3642	-296.3382	-465.8267	169.4884	0.4233062	1.44279	0.8531549	1.937551
3648	-294.1316	-462.135	168.0034	1.930949	0.7836627	0.5772405	2.519432
3654	-294.3539	-461.0067	166.6528	2.060386	2.352189	0.6434489	2.343009
3660	-287.0206	-457.1791	170.1585	0.9572668	0.7961931	0.9236128	1.485241
3666	-283.2233	-452.9536	169.7303	0.9795753	1.652167	1.240695	0.8137514
3672	-274.7529	-445.0824	170.3295	0.1951909	1.258993	1.224478	1.355082
3678	-276.9797	-446.6671	169.6874	1.412685	0.8171823	1.508587	0.9850938
3684	-272.3703	-441.3807	169.0104	1.432714	1.681317	1.168127	1.137874
3690	-275.6104	-445.3311	169.7207	0.5214517	1.666117	1.309018	1.202338
3696	-285.0763	-454.2621	169.1858	1.07331	1.237942	1.967692	0.9479102
3702	-276.8043	-446.5981	169.7938	0.4929706	1.57522	1.24208	1.290445
3708	-288.3308	-455.1626	166.8318	2.365423	2.322	0.5994236	2.073904
3714	-289.7583	-457.4976	167.7393	2.365423	1.162398	1.166879	1.77688
3720	-282.5782	-452.8716	170.2934	0.3967541	1.142053	0.9849104	1.500832
3726	-284.1648	-453.7937	169.6289	1.709088	1.183423	0.5127726	1.333352
3732	-285.9293	-455.2214	169.2921	1.438326	1.278571	1.257246	1.139822
3738	-292.9376	-462.0358	169.0982	1.339802	1.31035	1.18061	1.418106
3744	-283.6066	-453.3156	169.7089	1.13827	1.13729	1.079612	1.308889
3750	-270.4601	-439.7416	169.2815	1.220937	1.53811	1.118678	1.242601
3756	-287.7684	-457.4388	169.6704	1.215868	1.298638	1.238832	0.9917486
3762	-289.6404	-459.0778	169.4374	0.2165582	1.361234	0.9004619	2.128776
3768	-285.2122	-456.1133	170.9011	0.06872807	1.145288	0.6621252	1.53057
3774	-292.8373	-462.887	170.0498	0.02584807	1.50329	0.9874932	1.692275
3780	-286.1895	-457.1019	170.9124	0.08597724	1.09773	1.134295	1.169212
3786	-281.038	-451.5285	170.4906	0.09215979	1.915742	0.8979748	1.067996
3792	-295.4767	-464.3514	168.8747	0.9775586	1.915742	0.9440372	1.617844
3798	-294.1984	-461.9744	167.776	2.050029	1.915742	0.6066072	1.872903
3804	-284.1578	-453.5092	169.3515	0.7269785	1.397958	0.655523	1.98692
3810	-287.4016	-456.4567	169.0551	1.730318	0.8371451	1.051756	1.605162
3816	-287.909	-457.9945	170.0855	0.728491	1.373115	1.014718	1.19883
3822	-290.3447	-460.1331	169.7884	0.728491	1.373115	1.246923	1.253598
3828	-291.9855	-462.8887	170.9032	0.3051493	1.259635	0.7974103	1.140128
3834	-289.2399	-459.4002	170.1603	1.175567	0.9064797	0.9928479	1.164744
3840	-286.1919	-454.5242	168.3323	2.131677	1.053886	0.7735058	1.874702
3846	-286.7694	-457.7731	171.0037	0.5693136	0.6664207	0.8077544	1.314072
3852	-288.0384	-458.4181	170.3798	0.5693136	0.6664207	1.359844	1.371351
3858	-288.1865	-457.7743	169.5878	0.8398319	1.566427	0.9444433	1.421125
3864	-294.9543	-464.0188	169.0644	1.144336	2.193631	1.161001	0.9470107
3870	-311.5252	-480.9574	169.4322	1.253266	0.2684428	0.7012409	2.111781
3876	-305.0443	-474.1754	169.1311	1.739096	0.5144101	0.5099508	2.111781
3882	-301.3499	-470.85	169.5001	1.756079	0.3643924	0.5776264	1.845696
3888	-286.9632	-457.5406	170.5774	0.38701	1.074936	0.565333	1.656116
3894	-276.5096	-446.9191	170.4094	0.2495988	1.086832	1.441097	1.206667
3900	-281.4329	-451.5379	170.1051	1.313567	0.8290818	0.8312831	1.295645
3906	-275.1353	-444.3747	169.2394	1.229386	1.553858	1.218034	1.174054
3912	-282.9312	-452.3486	169.4174	1.268181	0.8413496	1.783698	1.096532
3918	-282.5167	-452.1973	169.6806	0.718528	1.379438	1.783698	0.8421198
3924	-278.6858	-447.6432	168.9574	1.935646	0.846141	1.817785	0.8403802
3930	-290.6995	-459.3562	168.6567	1.572094	1.796852	1.366141	1.058009
3936	-292.8967	-461.5806	168.684	1.120399	0.8063196	0.9176807	2.373359
3942	-283.5572	-452.8224	169.2653	1.692979	0.8120328	1.481336	1.149163
3948	-288.8176	-457.0031	168.1855	1.692979	1.332076	1.572412	1.529134
3954	-291.2897	-460.6857	169.396	1.402493	1.332076	0.579058	1.583202
3960	-292.5759	-460.2882	167.7124	1.916122	2.333248	1.126488	1.390361
3966	-293.4527	-463.0954	169.6427	1.18285	1.314717	1.291966	0.9835995
3972	-285.6336	-455.6979	170.0643	0.7303584	1.627703	0.9010959	1.105514
3978	-286.1428	-454.7843	168.6415	1.78351	1.65294	0.6966052	1.550113
3984	-286.8536	-456.2061	169.3525	1.223214	1.036525	0.7441121	1.830211
3990	-304.7554	-473.9027	169.1473	1.188963	1.100909	0.6745531	1.995942
3996	-315.0192	-484.5762	169.5569	1.188963	1.100909	1.301483	1.239421
4002	-298.732	-467.6618	168.9298	1.183148	1.23704	0.7154607	2.027738
4008	-300.857	-471.2564	170.3994	0.1663355	0.7363489	0.7154607	2.055418
4014	-288.6661	-458.2915	169.6254	0.5756638	1.059661	0.7154607	2.085648
4020	-288.7861	-458.6934	169.9074	1.601934	0.5955217	0.6479017	1.533277
4026	-281.8035	-450.9951	169.1916	1.808525	0.9654023	0.918338	1.450032
4032	-292.8084	-462.2134	169.4051	1.310169	1.528742	0.9561639	1.207483
4038	-300.1192	-469.7976	169.6784	0.7133259	1.317572	1.286494	1.366149
4044	-278.4564	-448.255	169.7987	0.6402569	1.721276	1.168522	1.108824
4050	-289.4397	-460.1878	170.7481	0.5845476	0.6114606	1.43044	1.019957
4056	-290.5739	-460.0017	169.4277	1.290784	1.828795	0.9464205	0.9607509
4062	-283.702	-451.3713	167.6693	2.23748	1.397758	1.470353	1.537054
4068	-283.9609	-452.8106	168.8496	1.814595	1.438115	0.9228503	1.346836
4074	-278.3227	-448.6146	170.2919	0.585358	1.041678	0.979084	1.439185
4080	-279.5798	-448.8332	169.2534	1.790718	0.9652636	0.9874461	1.36235
4086	-287.5349	-457.1558	169.6209	0.8288099	0.7841688	0.8213561	2.031914
4092	-275.5493	-445.3429	169.7935	0.9815117	0.7841688	0.4960251	2.031914
4098	-275.7296	-445.9093	170.1797	0.7708636	0.732639	1.25313	1.406093
4104	-276.0787	-446.6166	170.5379	0.8625275	0.8442143	0.9314487	1.215188
4110	-281.4756	-452.2014	170.7258	0.1004572	0.8442143	0.9459078	1.647125
4116	-283.9555	-454.9574	171.0018	0.02675176	0.800795	0.6492842	1.744094
4122	-280.6586	-450.7234	170.0648	0.5016402	1.331632	0.863983	1.544634
4128	-276.2791	-446.3864	170.1073	1.293895	0.986882	0.8515281	1.161014
4134	-283.9494	-454.3286	170.3793	0.6746981	0.7709013	0.7299455	1.68966
4140	-284.7546	-455.0355	170.2809	1.15263	0.6040526	0.6437547	1.586927
4146	-279.8327	-449.9766	170.1438	1.307846	0.6676235	0.6437547	1.533413
4152	-290.8491	-459.7545	168.9054	1.300592	0.7765342	1.518766	1.727627
4158	-282.2696	-452.4239	170.1543	1.04615	0.6782912	1.206735	1.284012
4164	-288.3569	-458.0567	169.6998	1.310566	1.009062	0.7990743	1.499464
4170	-285.6038	-453.2243	167.6205	2.544776	1.009062	0.6629121	2.176363
4176	-288.9486	-455.8808	166.9322	2.544776	0.7274076	0.8812971	2.647696
4182	-286.4048	-453.7346	167.3298	2.544776	1.215456	1.626843	1.575755
4188	-291.2109	-460.7964	169.5856	0.4627925	2.108444	1.095644	1.22257
4194	-278.3706	-449.5684	171.1978	0.3297695	0.8090974	0.795927	1.251169
4200	-295.137	-462.7367	167.5997	2.050444	1.129567	0.9271248	2.260762
4206	-302.3011	-470.7229	168.4218	1.279423	1.596024	1.456935	1.561513
4212	-285.5872	-454.0147	168.4276	2.097609	0.3918323	1.102206	1.984068
4218	-295.3046	-462.4284	167.1237	2.350977	1.298909	1.462375	1.914487
4224	-297.09	-465.2221	168.1322	2.350977	1.140878	1.591497	1.182348
4230	-291.507	-462.0429	170.5358	0.8963694	0.8336355	0.5548274	1.497134
4236	-285.839	-455.8125	169.9735	0.7609773	0.8889556	1.222267	1.47881
4242	-284.0411	-454.739	170.6978	0.413973	0.6581697	1.261143	1.32629
4248	-284.2253	-453.9733	169.7481	0.8492831	2.070878	0.6984485	1.117205
4254	-296.4318	-465.9411	169.5094	1.224047	1.561201	1.114393	1.019678
4260	-287.0316	-457.3397	170.3082	0.884711	0.9069993	1.020026	1.262831
4266	-290.0182	-459.377	169.3588	1.030455	1.22871	1.499877	1.265892
4272	-298.1651	-468.7121	170.5469	0.3093264	1.149689	1.09107	1.282168
4278	-295.7042	-466.1944	170.4902	0.3093264	1.359032	1.181667	1.074646
4284	-300.8721	-470.3741	169.502	0.2241026	1.441721	0.6991832	2.162874
4290	-295.4626	-464.2345	168.7718	1.062221	1.230286	2.194134	1.145734
4296	-291.9668	-461.1874	169.2206	0.6269117	1.41763	2.194134	0.9599684
4302	-283.564	-452.8566	169.2926	0.9484733	1.219214	2.214739	0.6664083
4308	-282.1963	-452.2634	170.0672	0.5302793	1.513401	1.094207	1.202403
4314	-290.6797	-459.63	168.9503	0.8807331	2.781314	1.094207	0.939027
4320	-286.2673	-456.2739	170.0066	1.466508	0.7082869	1.417421	0.7782481
4326	-289.1786	-458.14	168.9614	1.296135	0.8444963	2.329493	0.9798007
4332	-290.3018	-460.1723	169.8705	0.5555577	0.8444963	1.961853	1.166639
4338	-283.1489	-452.9051	169.7562	1.270727	0.6513356	1.543109	1.166639
4344	-290.7028	-460.9443	170.2415	0.6350633	0.9930251	1.011614	1.452053
4350	-285.8493	-456.1857	170.3364	0.6432104	0.9930251	0.9085461	1.452053
4356	-292.6608	-463.0931	170.4323	0.5752758	0.9930251	0.9568756	1.393227
4362	-287.6384	-458.7067	171.0683	0.658845	0.6581988	0.9568756	1.057484
4368	-294.6928	-463.5649	168.8721	1.344116	0.96641	1.750742	1.411968
4374	-291.0774	-461.4251	170.3478	0.8844269	0.8131926	0.732499	1.528753
4380	-295.6111	-464.8819	169.2708	1.075155	1.156321	0.732499	1.913516
4386	-290.2905	-460.0665	169.7759	0.5215196	1.156321	1.058117	1.722323
4392	-288.4997	-458.8526	170.3529	0.7073481	0.4315079	0.5828611	1.966326
4398	-285.9658	-456.0443	170.0785	1.328366	0.8212306	0.8370463	1.306766
4404	-295.6679	-465.2449	169.577	0.8192313	1.454412	0.9289447	1.535704
4410	-283.8859	-453.8341	169.9482	0.36726	1.454412	0.8017935	1.686477
4416	-283.9298	-453.3529	169.423	1.162965	1.115992	1.105988	1.507534
4422	-275.1334	-445.224	170.0907	0.4182393	1.502152	1.105988	1.275577
4428	-276.7052	-446.2527	169.5475	1.118847	0.9215247	0.7726018	1.827301
4434	-281.4882	-450.8172	169.329	1.285428	1.047372	0.6987784	1.827301
4440	-272.2989	-443.1225	170.8236	0.8554203	0.6596974	0.5642014	1.42715
4446	-290.2587	-459.0504	168.7917	0.9948911	2.854908	1.065303	0.9603438
4452	-288.2751	-458.1859	169.9109	1.390862	0.5129101	1.509381	1.045015
4458	-279.7102	-449.3353	169.6251	1.326351	1.35974	1.135727	0.9702026
4464	-286.2864	-454.5553	168.2689	1.060666	1.915904	2.261437	0.9589618
4470	-277.529	-447.3173	169.7884	0.7951731	1.625051	0.6312124	1.499723
4476	-274.479	-444.4451	169.9661	0.5826532	1.414826	0.8622054	1.499723
4482	-280.4361	-450.6623	170.2262	0.7901128	0.8504266	0.8622054	1.565435
4488	-281.64	-451.6572	170.0172	0.7970343	1.020249	0.895179	1.565435
4494	-274.6608	-444.3395	169.6787	1.653719	0.8497979	0.5467437	1.565435
4500	-276.856	-446.57	169.7141	0.5586459	1.252291	0.5332326	2.032759
4506	-295.2747	-465.0528	169.7781	1.322181	0.8745699	0.442855	1.787531
4512	-302.4031	-472.9368	170.5337	1.480925	0.456285	0.7827865	1.088093
4518	-299.3287	-469.935	170.6063	0.8055405	0.7285186	0.7827865	1.416083
4524	-306.4789	-477.1979	170.719	0.760131	0.5723307	1.247319	1.084782
4530	-277.6325	-447.422	169.7895	1.105595	1.520227	1.128449	0.8734164
4536	-277.5767	-446.8546	169.2778	1.391928	1.520227	1.40055	0.8161275
4542	-289.8776	-459.5861	169.7086	0.7952738	1.406313	1.601282	0.9031101
4548	-295.2421	-465.2822	170.0402	0.7952738	1.183969	1.184738	1.192572
4554	-276.4355	-445.3826	168.9472	1.543627	1.612923	1.12021	1.192572
4560	-268.3353	-437.4004	169.0651	1.473999	1.452991	0.704617	1.596549
4566	-282.7789	-452.4255	169.6466	1.132586	1.452991	1.203629	0.9859799
4572	-281.2908	-451.1149	169.8241	1.132586	0.6819574	1.780414	0.984658
4578	-286.1949	-455.7473	169.5524	0.8145963	1.568888	1.154002	1.301529
4584	-289.2259	-459.0289	169.803	0.9993725	1.31976	0.5736786	1.592957
4590	-288.8652	-458.377	169.5119	1.118194	1.298265	0.5736786	1.731157
4596	-293.9528	-462.8859	168.933	1.118194	0.9870854	0.5736786	2.321228
4602	-294.0755	-464.0791	170.0036	1.12451	1.010391	0.6708094	1.506375
4608	-296.5498	-466.0392	169.4894	0.96125	1.443192	1.28792	1.218678
4614	-297.2476	-465.6841	168.4365	2.376566	0.9571298	0.691686	1.757009
4620	-297.8393	-466.3246	168.4853	2.022447	1.045779	0.8069769	1.82738
4626	-295.0554	-464.5099	169.4545	1.975278	0.723656	0.9948799	1.234941
4632	-279.197	-448.5179	169.3209	1.568655	1.305891	0.7783439	1.383153
4638	-292.3936	-462.618	170.2244	1.025987	0.7020309	0.8482525	1.507733
4644	-294.9033	-463.7943	168.891	1.001606	1.936425	0.9598667	1.563908
4650	-301.4381	-471.366	169.9279	0.9429286	1.031287	1.208369	1.270709
4656	-294.8816	-462.9317	168.0501	1.787497	1.700807	1.933121	0.9690144
4662	-298.66	-465.6127	166.9527	1.801933	3.192806	1.869782	0.9519487
4668	-302.5052	-469.9639	167.4586	0.9689135	2.371737	3.025822	0.6309975
4674	-284.0363	-453.8688	169.8325	0.6005806	1.855551	1.43765	0.6533628
4680	-287.416	-455.8802	168.4642	1.406627	2.237406	1.348929	1.0612
4686	-283.0808	-452.8018	169.721	0.8557892	1.114729	1.183757	1.456713
4692	-287.6261	-457.8254	170.1993	0.474141	1.18661	0.8990917	1.544338
4698	-280.3328	-449.4992	169.1665	1.946428	1.115856	1.332871	0.8357901
4704	-282.0575	-450.3981	168.3406	0.5908473	2.715663	2.131848	0.8357901
4710	-287.4062	-458.2029	170.7967	0.7233075	0.9876277	1.11244	0.75682
4716	-289.1216	-456.9165	167.7949	2.26247	1.137454	0.5368627	2.244832
4722	-304.015	-470.2527	166.2377	2.26247	1.35114	0.3629471	3.179916
4728	-283.8889	-454.3609	170.472	0.7177562	1.26085	0.757508	1.190352
4734	-286.5331	-456.1661	169.6329	0.6210914	1.251159	1.046745	1.695065
4740	-288.5696	-457.8416	169.272	0.8594351	1.345464	0.6521336	1.987434
4746	-287.8314	-458.1427	170.3113	1.361166	0.6265074	0.6750137	1.368358
4752	-291.7602	-461.616	169.8558	0.4415705	1.01184	1.147429	1.760702
4758	-296.691	-465.3596	168.6686	1.427479	2.698379	0.9842734	0.8303904
4764	-288.8884	-459.1441	170.2556	0.5723337	0.9978037	1.378079	1.192121
4770	-280.3081	-450.666	170.3579	0.2823326	0.9978037	0.7502042	1.80821
4776	-292.7294	-462.2724	169.543	0.7387043	1.305399	1.634326	1.179859
4782	-294.559	-465.4363	170.8773	0.5469784	0.8090316	0.8308799	1.307321
4788	-281.7069	-452.1082	170.4013	0.4496322	1.151301	0.491211	1.735252
4794	-288.8059	-458.7745	169.9686	1.132564	1.098255	0.6585823	1.469815
4800	-287.1211	-457.1814	170.0603	1.132564	0.7167627	0.8117709	1.567327
4806	-288.2939	-457.6541	169.3602	0.7544566	2.134735	0.5665133	1.567327
4812	-279.6859	-448.9076	169.2217	1.35126	1.064001	0.9035041	1.701817
4818	-281.2086	-451.1031	169.8944	0.4337373	0.9371869	1.026523	1.874328
4824	-287.2796	-457.3618	170.0822	1.27685	0.8312243	0.70841	1.437917
4830	-274.6393	-444.3992	169.7599	1.099846	1.413184	0.7733651	1.329005
4836	-279.4503	-448.4388	168.9885	0.522686	2.752147	1.241388	1.127436
4842	-285.8736	-456.4814	170.6077	0.651852	0.8435973	0.987662	1.286193
4848	-292.9544	-462.6331	169.6787	1.295976	1.526481	0.5721038	1.312602
4854	-291.6778	-461.5866	169.9088	0.8748107	1.735667	0.5721038	1.312602
4860	-289.5243	-459.7828	170.2585	1.122828	1.02419	0.5721038	1.377505
4866	-294.4261	-462.2629	167.8368	2.094277	0.4737167	0.3831526	2.797417
4872	-300.67	-468.0598	167.3898	1.158703	0.6224482	0.7265954	3.354644
4878	-287.8882	-457.4211	169.5329	1.158703	0.6884911	0.2939944	2.276456
4884	-291.6023	-462.6956	171.0933	0.929656	0.5026809	0.7295123	1.105875
4890	-290.2464	-460.7732	170.5267	0.1368901	0.9670559	0.7223776	1.832478
4896	-278.0359	-449.0397	171.0038	0.1111656	0.8313381	0.915083	1.466359
4902	-307.4413	-477.4017	169.9604	1.240798	0.5095031	0.8262886	1.673287
4908	-320.6644	-490.2076	169.5432	0.9641916	0.5641503	0.8363898	2.112523
4914	-292.3477	-463.3975	171.0498	0.2124368	0.6208199	1.068094	1.385624
4920	-295.2456	-465.3096	170.0639	1.078847	1.02666	0.692559	1.466688
4926	-286.6082	-456.4326	169.8244	0.9874102	1.174577	0.6303074	1.647975
4932	-286.4799	-456.3974	169.9175	0.7023642	0.9693454	0.7937356	1.811866
4938	-288.5961	-458.4761	169.88	1.004392	0.9682466	0.8494294	1.585647
4944	-288.4806	-459.1307	170.65	0.3661689	0.7000573	0.9788626	1.585647
4950	-281.3992	-450.7552	169.3559	1.47802	1.061631	1.427164	1.086126
4956	-279.731	-448.3408	168.6098	1.660018	1.076418	1.407162	1.547976
4962	-272.4863	-442.0218	169.5355	1.346969	0.8016235	1.08959	1.53168
4968	-286.5748	-457.1203	170.5454	0.2066956	0.8016235	0.7439127	1.869266
4974	-280.9726	-450.3671	169.3945	0.5197544	1.723773	0.7439127	1.833937
4980	-278.725	-448.8208	170.0958	1.155952	1.199247	0.6008675	1.31931
4986	-289.189	-459.1988	170.0097	1.078056	0.8842834	0.7375379	1.579896
4992	-285.3865	-456.0544	170.668	1.482904	0.4089285	0.7375379	1.018187
4998	-289.9519	-458.1433	168.1914	1.045917	2.647899	1.729938	0.9972498
5004	-282.1549	-450.3491	168.1942	1.701284	2.366614	1.257842	1.026188
5010	-276.9208	-446.0799	169.1592	1.080034	2.270695	1.250444	0.716396
5016	-301.2974	-469.8354	168.538	0.7747045	2.696078	1.263415	1.312131
5022	-276.2332	-446.2518	170.0186	1.131491	0.7178036	1.309176	1.210213
5028	-284.6592	-455.4176	170.7584	0.5025051	0.6803734	1.450356	1.011947
5034	-291.2648	-459.8618	168.5971	2.036133	1.332338	1.084285	1.323542
5040	-286.4584	-456.6449	170.1865	0.3710367	0.8905707	0.753606	1.935336
5046	-287.3695	-458.0047	170.6352	0.8092286	0.9063032	0.5623917	1.427475
5052	-296.6924	-467.4886	170.7962	0.4688581	1.068894	0.8710984	1.19112
5058	-303.1204	-471.8114	168.691	1.559868	1.196744	1.758441	1.19112
5064	-283.9527	-453.1498	169.1971	1.210365	1.26043	1.661408	1.082005
5070	-279.9206	-449.2754	169.3548	0.4422396	1.74148	1.37192	1.454839
5076	-288.6556	-458.3556	169.7	0.984867	0.7775066	1.412646	1.454839
5082	-294.2083	-461.696	167.4877	1.965431	1.285	1.997791	1.562872
5088	-288.5145	-459.041	170.5265	1.27284	0.5990916	0.7212303	1.24668
5094	-298.1184	-467.659	169.5405	0.7643705	0.9849759	1.090175	1.81389
5100	-292.9731	-462.8779	169.9048	1.125743	1.113207	0.9645231	1.272727
5106	-286.9463	-456.3762	169.4298	1.052329	1.051928	0.8817951	1.789085
5112	-295.3746	-463.31	167.9354	1.958251	1.887397	0.5046855	1.912839
5118	-282.1228	-450.6553	168.5325	0.9880662	2.071874	0.720951	1.912839
5124	-281.978	-451.5038	169.5258	0.7804246	2.071874	0.6977228	1.361659
5130	-287.3432	-457.1116	169.7684	0.7301512	1.549364	1.519455	0.8477348
5136	-288.3697	-458.7476	170.3779	0.9011223	0.8240235	1.498706	0.7813331
5142	-287.3415	-457.111	169.7695	0.6245589	1.899161	0.8696097	1.270493
5148	-294.6415	-464.598	169.9565	0.9539736	0.9911918	0.8696097	1.534691
5154	-300.2409	-469.6653	169.4244	1.622057	1.211231	0.6034423	1.468263
5160	-286.5944	-457.2359	170.6415	0.4947148	0.6183922	0.9245208	1.590349
5166	-292.1412	-462.5463	170.4051	1.054647	0.7904145	0.9263572	1.213777
5172	-290.4611	-460.5604	170.0993	1.183713	1.015856	0.8799092	1.213589
5178	-292.7938	-462.7546	169.9608	1.505521	0.7090759	0.7668461	1.400303
5184	-280.1121	-448.8718	168.7597	1.293398	1.566846	0.8027081	1.796139
5190	-278.4731	-448.3179	169.8447	1.193909	1.148336	0.8854983	1.302199
5196	-290.1375	-459.8447	169.7072	0.4720419	1.333266	0.7772238	1.878728
5202	-298.8049	-468.5801	169.7751	0.5844639	1.286129	0.6425785	1.878728
5208	-292.438	-462.1818	169.7438	0.05392299	1.699332	0.6425785	1.996221
5214	-290.9693	-460.9165	169.9471	0.2798132	1.328499	0.8531476	1.796977
5220	-279.7512	-450.0964	170.3453	1.08651	0.6871592	0.8531476	1.37551
5226	-279.5628	-449.3665	169.8037	1.170991	0.8566956	0.6530219	1.740861
5232	-281.1629	-451.3287	170.1658	0.5869247	0.9949508	0.6530219	1.79959
5238	-291.2381	-459.7854	168.5473	0.7309458	1.849458	0.4971605	2.341994
5244	-295.7192	-464.571	168.8518	0.7007745	1.558877	0.9116435	2.065456
5250	-281.9392	-451.8833	169.944	0.9316444	0.8935339	0.8324375	1.658074
5256	-284.84	-454.9635	170.1235	0.9784006	0.7922516	0.9885565	1.449384
5262	-288.0093	-457.5696	169.5603	0.7821134	1.020375	1.667519	1.335775
5268	-287.3163	-457.4452	170.1289	0.1064903	1.876995	1.396469	0.9513397
5274	-294.2766	-463.7302	169.4536	0.1200517	1.876995	1.433754	1.48683
5280	-286.7345	-456.8536	170.1191	1.27466	0.7175106	0.7436454	1.467744
5286	-297.4029	-465.9729	168.5701	1.386838	1.669558	0.6574958	1.897198
5292	-288.0084	-455.9215	167.9132	1.974541	1.669558	1.837071	1.042768
5298	-288.1825	-455.5553	167.3728	1.920451	1.778231	1.377312	1.791894
5304	-274.4502	-442.6247	168.1744	2.014512	0.9627996	1.855747	1.353913
5310	-282.5379	-451.9096	169.3717	1.468372	1.249027	0.8631459	1.39881
5316	-286.6862	-456.5971	169.9109	0.6273542	1.236356	1.241114	1.348762
5322	-286.2845	-456.2405	169.9559	1.047646	1.160748	0.9119728	1.299171
5328	-292.4354	-461.353	168.9176	1.643475	0.7964323	1.267606	1.640031
5334	-290.1703	-459.6043	169.434	1.643475	0.8137508	1.008331	1.43699
5340	-287.4599	-456.6172	169.1573	1.286252	0.9154003	1.327755	1.596726
5346	-276.4554	-444.9482	168.4927	2.220189	0.4290048	0.7859782	2.062872
5352	-291.56	-459.0098	167.4499	2.220189	0.8456703	1.556246	2.021804
5358	-282.0979	-451.9109	169.813	0.5505003	1.393799	0.8109345	1.686791
5364	-291.3585	-461.7441	170.3856	0.6011026	1.063321	1.123551	1.218
5370	-279.5234	-449.4598	169.9364	1.49065	0.729247	1.123551	1.1209
5376	-278.343	-448.2412	169.8982	0.9669154	1.414874	0.9384211	1.18615
5382	-295.9907	-464.2142	168.2235	1.446806	3.737694	0.6771464	0.8675725
5388	-290.4143	-458.7818	168.3675	0.4105513	3.737694	1.445654	1.000947
5394	-276.9701	-447.1195	170.1494	1.028044	0.9515814	1.42064	0.8501385
5400	-293.7045	-463.6026	169.898	0.8808272	0.8408201	1.503794	1.259286
5406	-296.6949	-467.2958	170.6009	1.116321	0.8408201	0.9919825	0.8487174
5412	-307.909	-476.5151	168.6061	0.7172678	3.954789	0.8758347	0.8859838
5418	-293.6057	-464.1208	170.5151	0.3820516	0.9939895	0.9348425	1.493829
5424	-306.1089	-474.514	168.4051	0.9056666	2.585058	1.933492	0.7180683
5430	-287.7612	-458.3568	170.5956	1.001195	0.547138	1.280956	0.9547377
5436	-289.1908	-458.3007	169.1099	1.008903	1.631097	0.9031811	1.637203
5442	-281.0379	-449.7605	168.7225	1.72032	1.265345	0.7360463	1.770965
5448	-300.0198	-469.5279	169.5081	1.108579	1.17619	0.9283805	1.572109
5454	-270.6975	-441.639	170.9415	0.5577266	0.7298244	1.126283	1.050939
5460	-278.7553	-449.4652	170.7099	0.4344534	0.7298244	0.7009309	1.673756
5466	-281.8039	-451.9616	170.1577	0.9683178	0.6787544	0.7663063	1.673756
5472	-287.7844	-457.6935	169.9091	0.9352424	1.101713	0.5797411	1.712289
5478	-285.0753	-453.7949	168.7196	1.863401	1.165466	0.7841216	1.707809
5484	-285.009	-454.1839	169.175	0.5969497	2.144475	1.157289	1.373192
5490	-288.9501	-457.6877	168.7377	2.130632	0.5009395	0.7287944	1.973776
5496	-289.047	-458.1032	169.0562	1.432364	0.8741678	1.955323	1.090023
5502	-284.8627	-454.9963	170.1335	1.509913	0.982431	0.9248923	0.8488489
5508	-295.9058	-465.3283	169.4225	0.5177731	1.524156	0.7783956	1.917127
5514	-279.4379	-449.5735	170.1357	0.6453196	1.56386	0.5527686	1.452301
5520	-278.1658	-448.8006	170.6348	0.9801146	0.4163699	1.415116	0.8645516
5526	-278.9986	-449.563	170.5644	0.9801146	0.4514209	1.18805	1.148759
5532	-274.4597	-443.9894	169.5297	1.350315	0.7964232	0.6874241	1.823754
5538	-276.5393	-447.2415	170.7022	0.02296755	1.144443	1.162639	1.334537
5544	-285.5946	-456.1203	170.5256	0.01773878	1.675023	1.043201	1.164696
5550	-283.3291	-453.1807	169.8516	1.342949	0.847728	1.406031	0.9626185
5556	-274.9732	-445.0165	170.0433	0.9179132	0.9108264	1.080292	1.39715
5562	-282.4552	-452.9361	170.4809	0.8510756	0.8682753	1.125951	1.082455
5568	-276.8572	-447.5408	170.6835	0.452888	1.008035	0.976309	1.26225
5574	-280.2586	-450.934	170.6755	0.3680093	0.4876713	0.563188	1.972662
5580	-283.6117	-454.3194	170.7077	0.3325945	0.5575269	0.594121	1.922592
5586	-287.097	-457.8122	170.7151	1.025358	0.5648776	0.9418269	1.130276
5592	-300.0743	-469.6264	169.5521	0.9431134	1.335122	1.509765	1.073925
5598	-291.7463	-460.9342	169.1879	1.143213	1.335122	1.618263	1.124921
5604	-281.9757	-452.6707	170.695	0.6425698	0.9521118	0.9054234	1.199597
5610	-277.6768	-448.0495	170.3726	0.8454153	0.9816707	0.5738261	1.533013
5616	-283.1571	-453.2959	170.1388	0.9555821	1.228839	0.524411	1.478734
5622	-277.3643	-447.9371	170.5727	1.126621	0.720811	0.5119096	1.408801
5628	-286.347	-455.441	169.094	1.694254	0.5896594	0.7160895	1.993226
5634	-285.5456	-454.1127	168.5672	1.152411	0.8158593	0.6345455	2.597864
5640	-274.1461	-444.118	169.9719	1.174075	1.022142	1.060826	1.170359
5646	-277.8186	-447.4872	169.6686	1.487245	0.9443499	0.5962503	1.589679
5652	-278.9717	-447.6611	168.6894	1.394683	1.673736	0.9647128	1.589679
5658	-289.5287	-459.6179	170.0892	1.089786	0.6899891	0.8197768	1.589679
5664	-285.9398	-456.0682	170.1284	1.107593	0.5519421	0.7517473	1.680777
5670	-293.278	-462.178	168.9	1.346767	1.124282	1.537353	1.431473
5676	-280.2816	-450.8883	170.6067	0.3828589	0.9134236	1.537353	0.971521
5682	-281.7331	-452.5672	170.8341	0.4544748	0.5365668	1.490434	1.060383
5688	-277.3132	-448.1526	170.8394	0.9568182	0.6801445	0.6528817	1.247946
5694	-283.7384	-452.5277	168.7892	1.665167	1.014043	1.192043	1.615861
5700	-281.6582	-451.144	169.4858	1.369846	1.014043	1.460872	1.078855
5706	-283.5515	-452.6975	169.1459	0.9898534	1.898363	1.348316	1.078855
5712	-283.05	-452.9706	169.9206	0.4343162	1.802054	1.213316	1.078855
5718	-276.6076	-446.9847	170.377	0.8426001	0.8564742	1.185656	1.140899
5724	-274.5436	-445.6893	171.1457	0.5370398	0.8278908	0.5023393	1.34872
5730	-293.0019	-460.4785	167.4767	2.316012	0.9725341	0.7033302	2.41217
5736	-291.6768	-459.1838	167.5069	2.316012	0.8180473	0.8343438	2.407062
5742	-279.0109	-448.8231	169.8122	0.6296317	1.394468	0.6543812	1.741559
5748	-283.7761	-454.3196	170.5435	0.7284936	0.7408333	1.12147	1.247497
5754	-291.6952	-461.1439	169.4488	1.004172	1.018487	1.836317	1.099924
5760	-284.2141	-454.1172	169.9031	0.6558312	1.600151	1.218897	1.052585
5766	-291.29	-461.7594	170.4694	0.1577609	1.144534	1.272454	1.325022
5772	-298.9084	-469.1839	170.2755	0.6996403	1.197485	1.298442	0.9404968
5778	-279.6002	-448.8056	169.2054	1.08077	1.474853	1.71976	0.9404968
5784	-275.4007	-445.5122	170.1116	1.460419	0.6163183	1.224297	0.9827755
5790	-279.4283	-449.7596	170.3314	1.460419	0.3792415	1.08145	1.037948
5796	-275.0709	-445.5222	170.4512	1.330482	0.5923573	1.123713	0.8864892
5802	-284.0758	-452.8698	168.7941	1.864699	2.173273	0.7382768	0.9356007
5808	-288.809	-458.8718	170.0627	1.006952	1.083203	0.7082608	1.467381
5814	-290.3747	-459.9033	169.5286	1.686702	0.9448192	1.023509	1.209392
5820	-285.8074	-455.1595	169.3521	1.018199	2.286921	1.023509	0.8335625
5826	-287.7309	-456.9853	169.2544	1.611129	0.906647	1.10007	1.458751
5832	-278.9954	-448.9566	169.9612	0.9486384	0.906647	1.209137	1.339374
5838	-284.2951	-453.0262	168.7311	1.578637	1.476952	1.008916	1.524732
5844	-290.653	-460.524	169.8709	0.4879701	1.407127	1.442267	1.194517
5850	-284.5924	-453.4885	168.8961	1.159215	1.884401	1.442267	1.07757
5856	-286.1008	-455.8539	169.7531	1.033028	0.7272063	1.302496	1.497731
5862	-294.9143	-465.0599	170.1455	1.168699	0.974264	0.8354243	1.259635
5868	-281.5194	-451.8998	170.3804	0.9183399	0.8960419	1.187641	1.029299
5874	-284.557	-454.6523	170.0953	0.3057676	1.712908	1.187641	1.132547
5880	-287.2848	-457.4221	170.1372	0.1617144	1.51106	1.722149	0.8862222
5886	-290.4695	-459.9292	169.4597	1.452109	0.8684792	1.637426	0.9942037
5892	-294.2176	-463.783	169.5655	1.452109	1.152533	0.8256878	1.363589
5898	-297.337	-466.529	169.192	1.197882	2.042151	0.401492	1.542847
5904	-285.7833	-455.5024	169.7191	0.6854819	0.9961574	0.8810484	1.881217
5910	-279.8467	-448.4419	168.5951	2.129166	0.9961574	0.5613648	1.881217
5916	-290.3303	-460.4062	170.0759	0.8490086	0.8427046	1.072962	1.482277
5922	-288.0009	-456.8937	168.8928	1.774898	0.9569755	0.6191696	1.907019
5928	-285.9292	-456.0875	170.1583	0.6979922	0.984806	1.38729	1.170853
5934	-284.161	-453.6786	169.5176	0.7202103	1.810876	1.398672	1.005689
5940	-280.4704	-450.1116	169.6412	0.5460015	1.849993	0.8543581	1.478823
5946	-281.5857	-451.874	170.2883	0.7897708	1.078139	1.138865	1.111505
5952	-283.8199	-453.7877	169.9678	0.5559104	1.271769	0.8499139	1.628565
5958	-281.5475	-450.4321	168.8846	1.774228	1.271769	1.267288	1.199353
5964	-294.1254	-463.0116	168.8862	0.8729847	1.760425	1.57806	1.309673
5970	-283.5562	-452.0636	168.5074	0.8729847	1.897536	2.008469	1.165452
5976	-283.3472	-451.1788	167.8315	1.834516	1.70224	1.865187	1.191399
5982	-293.9251	-463.316	169.3909	1.620896	1.219784	0.8702543	1.278934
5988	-293.1384	-462.8413	169.703	1.343252	1.453757	0.9280114	0.9939541
5994	-291.5466	-460.2203	168.6736	1.426248	1.726698	1.663046	0.9528886
6000	-279.7905	-449.486	169.6955	0.8503443	1.949278	1.023495	0.9515431
6006	-291.3438	-460.0752	168.7314	1.444857	1.949278	1.316476	1.028946
6012	-284.3493	-453.4724	169.1231	1.01639	1.435885	1.147301	1.576908
6018	-292.0567	-461.8588	169.8021	1.040842	0.7992804	1.49189	1.249704
6024	-285.2007	-453.5258	168.3251	1.040842	2.84174	1.49189	0.964019
6030	-286.5924	-455.2441	168.6517	1.040842	2.109015	1.730474	0.964019
6036	-295.5406	-464.4831	168.9425	0.314445	2.655403	1.730474	0.9709957
6042	-307.1659	-476.9851	169.8192	1.011855	0.8371132	0.3905851	2.030492
6048	-301.9189	-471.8558	169.9368	1.537905	0.4534219	0.3905851	1.808972
6054	-282.6135	-452.5548	169.9413	1.065036	0.6848075	0.3929844	2.008726
6060	-291.0249	-460.1113	169.0864	1.679667	1.19519	0.6662741	1.64037
6066	-295.3862	-463.1511	167.7649	1.974496	1.19519	0.7677637	2.264054
6072	-291.591	-461.2516	169.6606	0.5675269	1.055946	0.8697879	1.967689
6078	-291.1386	-460.7334	169.5948	1.599699	1.055946	0.7898253	1.327793
6084	-290.7723	-459.0431	168.2708	2.224594	1.341093	0.5599418	1.805734
6090	-293.698	-463.6278	169.9297	0.8129676	1.625587	0.6992078	1.32335
6096	-291.7266	-460.5947	168.8681	1.533894	1.125811	1.597566	1.258632
6102	-288.1665	-456.4503	168.2838	1.837422	1.545959	0.9249834	1.676
6108	-284.246	-454.3281	170.0821	0.6308354	1.056661	0.7439361	1.720827
6114	-281.9741	-452.0806	170.1065	1.271439	0.522725	0.5738618	1.720827
6120	-276.0155	-446.0736	170.0581	1.154348	1.13755	0.8223385	1.219356
6126	-288.1582	-458.4045	170.2463	1.059648	1.194095	1.09524	0.7930999
6132	-281.5705	-450.6169	169.0464	1.629429	1.564217	1.188167	1.000876
6138	-283.1081	-453.0977	169.9896	1.200957	1.195181	1.188167	0.8212173
6144	-285.982	-456.4704	170.4884	1.095757	0.8327891	0.9491303	1.044383
6150	-285.6962	-456.049	170.3528	1.081951	1.041684	0.5255563	1.35832
6156	-287.2721	-456.4262	169.1541	1.372585	1.458121	1.311713	1.119102
6162	-292.6557	-463.4264	170.7707	0.3171641	0.7992274	0.7907666	1.601949
6168	-285.4386	-454.3731	168.9345	1.74211	1.189106	0.7858637	1.622925
6174	-292.0025	-461.4084	169.406	1.439606	1.189106	1.193117	1.172155
6180	-301.094	-470.5308	169.4368	0.9534246	1.189106	0.7352362	1.85952
6186	-289.2873	-458.4096	169.1223	1.465417	0.9396973	0.8732386	1.799635
6192	-299.1345	-469.1307	169.9961	1.451981	0.9562598	0.9005347	1.102511
6198	-296.9066	-466.7541	169.8476	1.451981	0.9786671	0.9659784	1.156968
6204	-290.1542	-460.1176	169.9634	1.093597	0.702847	1.621422	1.024118
6210	-284.1973	-453.7169	169.5196	1.377123	0.9341674	1.30143	1.252577
6216	-277.7403	-447.6609	169.9205	0.6162707	1.621016	0.7673772	1.434688
6222	-280.6903	-450.7256	170.0353	1.387968	1.025307	0.9695849	0.9941697
6228	-286.5851	-457.0683	170.4832	1.184875	0.8515153	0.5264623	1.322639
6234	-281.3436	-450.8106	169.467	0.5628328	1.318384	0.6282152	2.087952
6240	-292.238	-461.468	169.23	1.618704	1.052459	0.7882429	1.594887
6246	-287.5299	-457.2613	169.7314	1.415907	1.124225	0.72711	1.361167
6252	-286.5574	-457.0532	170.4957	0.9374501	0.6052223	1.036407	1.284673
6258	-279.0041	-449.2176	170.2135	0.5498742	1.264689	1.227891	1.148587
6264	-283.3238	-453.1585	169.8347	0.6241248	1.176711	1.052238	1.596586
6270	-288.1234	-458.3461	170.2227	0.8953399	0.6032665	1.072696	1.503535
6276	-270.5686	-440.273	169.7045	1.503918	1.00156	0.8649545	1.299856
6282	-282.242	-451.7416	169.4996	1.342056	0.5547167	1.358741	1.524699
6288	-277.542	-447.5772	170.0352	1.033585	1.12198	0.8238997	1.348416
6294	-285.0546	-454.9405	169.8859	1.403461	1.247012	0.736651	1.133096
6300	-290.7528	-460.7965	170.0437	1.230353	0.8960345	0.9018219	1.302124
6306	-299.3628	-468.5906	169.2277	1.624546	0.8960345	1.155415	1.43466
6312	-285.8429	-454.0917	168.2489	2.130646	0.8301745	0.9849437	1.939585
6318	-279.8434	-449.5538	169.7103	1.026315	1.014859	1.046837	1.514554
6324	-282.6027	-452.4847	169.882	0.8882868	0.7276746	0.6131308	1.992958
6330	-279.0677	-449.6793	170.6116	0.743117	0.7276746	0.9977848	1.29151
6336	-278.2993	-448.1492	169.8498	0.6874374	0.9644868	1.913537	0.9970449
6342	-283.3981	-451.5558	168.1577	2.03281	0.8451384	1.281751	1.856427
6348	-281.2276	-451.0955	169.8678	1.250017	0.9414039	0.8544973	1.427115
6354	-285.2984	-455.0463	169.7479	1.093999	1.344417	1.222446	1.008164
6360	-276.419	-445.8307	169.4117	1.375584	1.392569	1.419335	0.7954973
6366	-294.1826	-463.6887	169.5061	1.042569	0.3385946	2.379959	0.9800763
6372	-284.079	-454.4129	170.3339	1.042569	0.2281075	1.153321	1.242858
6378	-286.3125	-456.4241	170.1115	1.216917	0.9079211	0.650842	1.44738
6384	-284.2892	-453.5726	169.2834	0.4046926	2.071841	1.509053	1.203257
6390	-281.9505	-452.0669	170.1164	1.132906	0.582048	0.7831258	1.632345
6396	-288.8386	-458.689	169.8505	0.9567854	1.115953	0.9442787	1.462656
6402	-285.939	-454.0657	168.1268	2.215403	1.492189	1.143628	1.386475
6408	-292.1481	-461.7642	169.6161	0.4462226	1.539687	1.074599	1.615061
6414	-293.9756	-463.8913	169.9156	0.1985671	1.135424	1.048053	1.870662
6420	-285.5532	-454.7293	169.1761	1.22422	1.225533	0.4801064	2.000677
6426	-296.1496	-466.0023	169.8527	0.5206084	1.962953	0.9295871	1.191322
6432	-286.2007	-456.6295	170.4287	0.8318003	0.7960659	0.4936643	1.693505
6438	-293.3999	-463.6026	170.2027	0.8318003	0.5535493	0.4315299	2.037222
6444	-291.5283	-460.7017	169.1734	0.8176345	0.6167304	0.5772313	2.578994
6450	-302.2925	-471.4157	169.1232	1.683565	1.535204	0.8057258	1.25205
6456	-290.3123	-460.4292	170.1169	1.2304	0.7467172	0.7660797	1.465142
6462	-294.3439	-464.4895	170.1457	0.6585142	0.8399162	1.104513	1.550847
6468	-287.086	-457.3954	170.3094	0.6237788	0.8152093	0.9696215	1.57294
6474	-294.7444	-464.2489	169.5045	1.702855	0.8904853	0.88131	1.37613
6480	-296.2558	-465.0912	168.8354	2.104342	0.5560769	0.7983875	1.852767
6486	-291.7229	-461.2073	169.4844	0.4808482	2.318869	0.9218643	1.294158
6492	-291.887	-462.7922	170.9052	0.5513838	0.5101147	1.071874	1.294158
6498	-294.1784	-464.7657	170.5872	0.464227	1.105482	1.010751	1.223102
6504	-299.1213	-468.5986	169.4772	0.9222293	1.481001	1.389653	1.143923
6510	-286.5437	-457.0022	170.4586	0.5258573	1.122317	0.7939811	1.437328
6516	-297.0416	-465.3847	168.3432	2.252221	1.122317	0.7770061	1.734241
6522	-290.084	-457.4007	167.3167	2.239013	0.931493	0.4538745	2.7395
6528	-283.0531	-451.6665	168.6133	2.11199	0.931493	0.9138208	1.680313
6534	-276.6958	-446.1675	169.4717	0.2328513	1.872893	0.9407901	1.751612
6540	-278.5736	-448.2048	169.6312	0.8456169	0.7965786	0.7855642	2.029718
6546	-284.346	-453.5614	169.2155	1.639809	1.007455	1.221621	1.29213
6552	-285.3507	-453.9233	168.5725	1.230347	2.245285	1.145567	1.29213
6558	-277.2802	-447.125	169.8448	0.693439	1.416357	1.213357	1.22921
6564	-284.6797	-454.4969	169.8172	1.356362	0.8549842	1.131104	1.22921
6570	-284.4953	-455.483	170.9877	0.2396719	0.5319654	1.073716	1.461299
6576	-291.2355	-461.4943	170.2588	0.851405	0.8795263	0.8790375	1.461299
6582	-291.8435	-461.415	169.5715	1.107659	1.717346	0.9908932	1.053899
6588	-287.1935	-456.6416	169.4481	1.047704	1.521197	1.135181	1.247547
6594	-288.5408	-456.9034	168.3626	1.691101	1.566077	1.364247	1.385677
6600	-281.0367	-450.6408	169.6041	1.840635	0.9028677	0.8581831	1.190257
6606	-287.6984	-458.2655	170.5671	0.7834247	1.112931	0.8581831	1.087329
6612	-293.8478	-463.3751	169.5272	0.6761185	2.235987	0.8581831	1.204008
6618	-282.5508	-453.4851	170.9343	0.5996158	0.6622275	0.9174342	1.259469
6624	-282.3499	-452.4977	170.1479	0.7212854	1.396773	0.5455875	1.509788
6630	-284.6826	-454.2234	169.5408	1.328828	1.443454	0.7329913	1.330421
6636	-288.2594	-456.066	167.8066	2.123906	1.505126	1.591419	1.348495
6642	-287.6593	-457.8519	170.1926	0.372484	1.321453	0.7338197	1.647596
6648	-298.6972	-467.6208	168.9236	1.527861	1.127707	0.3542713	2.11388
6654	-283.9602	-453.5185	169.5583	0.8126688	1.127707	0.4756595	2.08703
6660	-287.6184	-457.2589	169.6405	0.9077403	0.8123536	0.6120449	2.08703
6666	-293.4283	-461.8892	168.4609	2.006694	0.9255726	0.5808123	2.08703
6672	-302.4279	-471.7991	169.3712	0.4970262	1.131931	1.208015	1.931345
6678	-304.3147	-474.5449	170.2302	0.2235832	1.215001	0.9814222	1.624252
6684	-303.002	-474.138	171.1361	0.531686	0.4949626	0.9525344	1.22581
6690	-297.0878	-464.929	167.8412	2.128791	1.664295	1.003882	1.650081
6696	-300.2778	-469.6254	169.3476	1.535354	1.082055	1.003882	1.384395
6702	-287.3865	-456.0792	168.6927	1.172121	2.004969	1.433494	1.164312
6708	-286.6279	-455.0937	168.4658	1.23788	2.264612	1.386815	1.158935
6714	-285.33	-455.6497	170.3198	0.5710305	0.7286549	0.8212013	1.768445
6720	-289.8091	-460.5819	170.7728	0.8312055	0.5570222	0.8212013	1.350951
6726	-285.7342	-455.5402	169.8059	0.7985374	1.00588	0.963474	1.678089
6732	-283.597	-453.4104	169.8134	1.51675	0.7935478	1.180913	1.100963
6738	-288.6225	-458.845	170.2226	0.8963107	1.083521	1.180913	1.028729
6744	-287.2739	-456.1235	168.8496	1.149231	1.751784	1.480386	1.197956
6750	-290.3354	-459.9269	169.5915	0.5604264	2.418049	1.109477	0.8687285
6756	-285.6501	-455.7188	170.0687	1.043114	1.074765	1.107343	1.112618
6762	-293.3334	-464.3625	171.0291	0.8148435	0.5001982	0.9026924	1.112618
6768	-298.7635	-468.4388	169.6753	0.8148435	0.765039	1.663016	1.421416
6774	-294.3084	-464.123	169.8146	1.35711	0.772447	0.5532874	1.730251
6780	-290.8036	-460.2497	169.4461	1.874049	0.9039558	0.8570226	1.294607
6786	-289.8968	-459.105	169.2082	1.1149	1.441978	0.6667215	1.784284
6792	-292.4144	-460.0664	167.652	1.905887	1.882581	1.032141	1.784284
6798	-282.8019	-452.9862	170.1843	1.392941	0.5097227	1.08413	1.182871
6804	-289.3866	-459.6209	170.2343	0.3100257	1.475471	1.083471	1.285557
6810	-287.1067	-457.6541	170.5473	1.031895	0.5866607	0.9326357	1.262251
6816	-285.1812	-455.7277	170.5465	1.20409	0.5479687	1.29764	0.7455808
6822	-287.0795	-456.2594	169.1799	1.884596	0.8983516	1.697438	0.6915157
6828	-287.4747	-456.788	169.3133	1.535487	0.9787172	1.834759	0.6882043
6834	-292.7814	-463.2364	170.455	0.6955143	0.8020643	0.7219458	1.604454
6840	-292.2272	-461.7939	169.5667	1.175551	1.140022	1.034531	1.425063
6846	-286.7706	-456.9811	170.2105	1.175551	1.140022	0.645024	1.22038
6852	-284.0045	-454.4417	170.4372	0.5629251	1.140022	0.645024	1.524684
6858	-287.7597	-458.3246	170.5649	0.4289806	1.014181	0.8411799	1.476359
6864	-295.9796	-464.9569	168.9773	1.007675	1.743839	0.8411799	1.704304
6870	-289.5037	-459.9041	170.4004	1.033894	0.5183391	1.401824	1.017287
6876	-289.034	-459.1004	170.0664	1.02298	0.786564	1.685918	0.8324365
6882	-293.3254	-462.863	169.5376	1.326075	1.442702	0.8791307	1.215516
6888	-282.8967	-453.2207	170.3241	1.326075	0.7482422	0.7742961	1.215516
6894	-282.5016	-451.226	168.7245	1.910628	0.8002105	0.9093882	1.837031
6900	-295.5941	-465.4929	169.8988	1.374977	0.829376	0.9093882	1.349135
6906	-300.2718	-469.0478	168.7759	0.9196595	0.9318052	1.22867	2.164105
6912	-297.7557	-467.6664	169.9107	0.5000726	0.9318052	0.5135104	2.164105
6918	-296.914	-466.5796	169.6656	0.3974279	0.880491	0.5459089	2.398755
6924	-294.5581	-463.0929	168.5348	1.639073	0.7890823	0.8908414	2.16425
6930	-292.9339	-462.6747	169.7408	0.6209561	1.663962	1.032758	1.333371
6936	-301.2705	-470.0245	168.754	1.507806	0.9853085	0.5049114	2.231494
6942	-293.2284	-463.3513	170.1228	0.4577845	1.282269	0.9748036	1.487107
6948	-289.1008	-459.8184	170.7176	0.2183164	0.8102834	0.7939041	1.700983
6954	-293.4792	-463.5354	170.0562	0.2183164	1.562957	0.7208104	1.700983
6960	-278.4558	-448.8124	170.3565	0.6681929	0.765822	0.7480844	1.700983
6966	-287.5471	-457.796	170.2489	0.825412	0.9258693	0.9378763	1.408279
6972	-288.7984	-458.9386	170.1403	1.0785	1.304951	0.8387548	1.051936
6978	-301.707	-470.5699	168.8629	1.550982	1.819509	0.8638489	1.315572
6984	-289.75	-459.609	169.859	0.5151062	1.311972	0.9736149	1.619023
6990	-298.1189	-468.0521	169.9332	1.426168	0.8122493	1.174825	1.062592
6996	-289.3129	-458.6936	169.3807	1.406949	1.613224	0.9676393	1.062592
7002	-288.8735	-458.2614	169.3879	1.612238	0.8432796	0.8455622	1.594597
7008	-285.7366	-456.0884	170.3518	1.106291	0.7806493	0.6023859	1.480656
7014	-299.19	-469.4766	170.2867	0.7262193	1.052406	0.5957755	1.61544
7020	-296.1251	-467.1902	171.065	0.7735689	1.070292	0.702133	0.769995
7026	-282.0051	-451.2014	169.1963	1.64371	1.620079	0.708836	1.239745
7032	-277.9315	-447.3831	169.4516	1.445782	1.297809	0.9738422	1.224511
7038	-283.8091	-453.8883	170.0792	1.458743	0.6382721	0.9728175	1.227296
7044	-279.6593	-448.6558	168.9965	1.068034	2.346597	1.233539	0.8911107
7050	-297.707	-466.0064	168.2994	0.9244916	2.952477	1.788532	0.6508602
7056	-293.6917	-461.441	167.7493	1.226045	3.423483	1.747885	0.4393118
7062	-286.914	-455.6266	168.7127	1.185427	1.823468	1.453505	1.252244
7068	-284.0534	-452.7349	168.6815	1.8885	1.723155	1.216298	0.9313857
7074	-285.4604	-454.4804	169.02	1.219277	1.127266	2.269994	0.7321787
7080	-282.5053	-449.9836	167.4783	1.264562	3.390822	1.927009	0.7318993
7086	-280.2484	-449.1789	168.9305	1.15236	1.542515	2.026188	0.7318993
7092	-282.8327	-451.6353	168.8026	1.233122	1.825638	1.373969	1.201603
7098	-289.4349	-459.5302	170.0953	0.6793965	1.259556	0.8975968	1.414854
7104	-278.3192	-447.7872	169.468	0.6126181	1.387492	1.465057	1.417092
7110	-283.6833	-453.5117	169.8284	0.8993053	1.161901	0.729169	1.646368
7116	-293.1936	-462.1828	168.9892	1.107541	1.679081	0.9024256	1.622245
7122	-299.8679	-467.29	167.4221	1.514843	2.212331	2.559994	0.7766413
7128	-285.1695	-454.8559	169.6865	0.5812716	2.26097	1.141006	0.8408401
7134	-282.6261	-452.1215	169.4953	1.369335	1.245333	1.451622	0.837788
7140	-283.0965	-452.5605	169.4641	1.369335	1.126449	1.600205	0.837788
7146	-281.3492	-450.6692	169.3201	1.136513	0.9841317	1.910423	1.059513
7152	-294.2245	-463.7843	169.5598	1.529862	1.031824	1.253802	1.036448
7158	-286.8372	-455.9231	169.086	1.816437	1.309017	1.29314	0.9066108
7164	-289.4329	-457.4618	168.0289	1.865052	1.58524	1.736933	1.197353
7170	-286.7896	-455.8712	169.0817	2.077636	0.75807	1.277058	1.197353
7176	-292.6517	-461.6794	169.0276	1.465456	1.543331	1.435652	0.9544388
7182	-299.2627	-468.8261	169.5634	0.7412369	1.216634	1.435652	1.394736
7188	-288.8393	-459.4484	170.6091	0.7412369	0.8273649	0.8602815	1.328759
7194	-283.087	-452.7236	169.6366	1.218077	0.9864105	0.8895413	1.564702
7200	-287.9339	-458.3437	170.4099	1.022524	0.8574118	0.8895413	1.212576
7206	-282.2312	-451.6753	169.4442	0.8023049	1.921723	1.238024	1.059582
7212	-281.9723	-451.9508	169.9786	1.134935	1.16721	1.162198	0.969579
7218	-285.011	-455.3072	170.2963	1.173233	0.4906213	0.8695531	1.452607
7224	-289.7211	-459.792	170.0709	0.7416956	1.202395	0.8695531	1.450318
7230	-283.008	-453.0268	170.0188	1.006266	1.089547	0.8695531	1.372467
7236	-285.6372	-456.3367	170.6996	0.1183112	1.089547	0.5088325	1.788905
7242	-295.5957	-466.101	170.5053	0.5670117	1.112476	0.5508812	1.561189
7248	-293.3537	-463.0329	169.6792	0.9237776	0.9765641	0.3194655	2.136176
7254	-288.6104	-457.8558	169.2454	1.140201	0.6722744	0.7422504	2.194322
7260	-292.1126	-462.1551	170.0425	1.140201	0.6523416	1.504668	1.059233
7266	-283.1346	-451.7322	168.5976	1.582248	1.677635	1.284971	1.266122
7272	-283.9777	-453.7428	169.7651	1.582248	0.9192014	1.284971	0.8477978
7278	-284.5409	-454.8327	170.2918	0.3463638	0.9192014	0.7571404	1.85884
7284	-278.4752	-448.3655	169.8903	0.7678423	0.9629571	0.9959099	1.647215
7290	-288.3098	-459.0167	170.7068	0.5129605	0.8102009	0.8222689	1.472941
7296	-279.1049	-449.0329	169.928	0.3057309	1.005633	0.7024311	2.108198
7302	-289.4878	-459.1512	169.6634	1.534703	0.6847758	0.9811737	1.45886
7308	-287.6365	-458.5811	170.9446	0.558501	0.4093912	0.9811737	1.367774
7314	-291.7638	-461.1491	169.3853	1.699646	1.149193	0.6036578	1.485355
7320	-283.5269	-452.4685	168.9416	1.752421	1.529994	0.5295298	1.558344
7326	-283.5778	-453.2579	169.6801	1.261429	0.966463	1.255177	1.226814
7332	-292.8667	-461.434	168.5673	1.261429	2.535501	1.255177	0.9645603
7338	-296.2393	-465.1922	168.9529	1.784424	1.033067	0.9338413	1.584062
7344	-295.4211	-465.1399	169.7188	1.364442	1.125767	0.7080756	1.424775
7350	-296.9529	-464.3595	167.4066	2.435697	1.125767	0.9433176	2.128263
7356	-280.8223	-451.273	170.4507	0.414158	1.087653	0.9433176	1.440996
7362	-276.1929	-446.3808	170.1879	0.6950725	1.225684	1.057738	1.225308
7368	-277.7738	-446.033	168.2592	2.17741	0.7279684	0.9765516	1.972869
7374	-289.3687	-458.9005	169.5317	1.18141	0.9232238	0.808768	1.768673
7380	-276.3432	-446.4954	170.1521	0.2403116	1.807208	0.808768	1.384967
7386	-278.5955	-448.4985	169.903	0.8474958	0.6420579	1.623183	1.336975
7392	-293.612	-463.9304	170.3185	0.4420042	0.6420579	1.045108	1.757895
7398	-296.7995	-466.6053	169.8058	0.9478801	1.41624	0.8326362	1.363878
7404	-296.1457	-465.3451	169.1994	1.566567	0.8386532	1.929657	0.8675745
7410	-287.8499	-457.7356	169.8857	0.8743209	1.45825	0.92667	1.250364
7416	-285.333	-454.5836	169.2506	1.288787	1.972111	0.768655	1.180091
7422	-282.749	-452.6221	169.8731	1.141909	1.663054	0.6106441	1.139763
7428	-293.1499	-463.1476	169.9977	0.5879104	0.9072867	1.217307	1.579544
7434	-279.4901	-449.4229	169.9327	1.153249	0.6937893	0.9461705	1.562666
7440	-277.7048	-448.617	170.9122	1.049701	0.5479667	0.9308217	0.938263
7446	-288.1402	-458.1839	170.0437	1.267201	0.7280425	1.443983	0.9212104
7452	-292.1939	-461.0427	168.8489	1.825589	1.139122	0.7390339	1.693426
7458	-294.7179	-464.276	169.5581	0.8949552	1.581716	1.152917	1.221317
7464	-286.6307	-456.3518	169.7211	0.8949552	0.9320247	0.9758999	1.713412
7470	-274.5682	-444.6281	170.0599	0.6335431	1.222092	1.230237	1.242613
7476	-284.5472	-454.5483	170.0011	0.429687	1.155645	0.9786081	1.684738
7482	-287.5706	-457.414	169.8434	0.5213808	0.9426424	0.5725621	2.148567
7488	-284.3316	-454.7278	170.3962	0.5257295	1.535869	0.7093272	1.235878
7494	-290.705	-459.2817	168.5767	1.515828	2.063233	1.26708	1.06418
7500	-282.1617	-451.0525	168.8908	1.392425	1.868231	1.459147	0.8342186
7506	-277.9116	-446.371	168.4594	1.120314	2.265099	1.764846	0.911733
7512	-277.5081	-446.329	168.8209	1.839824	0.9326362	1.645301	1.161814
7518	-283.1339	-452.5802	169.4463	0.9082847	1.698028	1.283255	1.100184
7524	-288.4111	-457.0304	168.6193	1.385854	1.975694	0.7530375	1.608282
7530	-282.6152	-451.5074	168.8922	2.021901	0.5503535	0.7328898	1.917688
7536	-283.4181	-453.5426	170.1245	0.9693208	0.998593	1.141266	1.1662
7542	-276.2586	-446.0856	169.8269	1.212531	0.9232978	1.457786	0.9916745
7548	-291.7787	-461.9605	170.1817	1.212531	0.8920706	0.9828294	1.134628
7554	-289.1357	-458.4978	169.3621	1.736267	1.157184	1.027715	1.122634
7560	-289.9433	-459.5138	169.5705	0.6411976	1.272939	1.355632	1.485014
7566	-292.0603	-461.6668	169.6065	0.876514	1.26386	1.050582	1.516942
7572	-296.3666	-465.9178	169.5512	1.187937	0.5312079	1.355278	1.614858
7578	-284.8528	-454.9339	170.0811	0.7175927	0.5312079	0.8163873	1.948383
7584	-293.5148	-463.2325	169.7177	0.4985889	1.56619	0.5628777	1.849372
7590	-282.3981	-452.6651	170.267	0.6480788	1.615112	1.013062	0.8824093
7596	-283.5538	-454.1791	170.6253	0.2833952	0.697804	1.257488	1.459719
7602	-292.071	-461.6559	169.585	0.5554401	0.7115049	1.192493	2.036578
7608	-291.1061	-461.1441	170.038	0.977202	1.125997	0.8135222	1.395635
7614	-289.2188	-460.0273	170.8085	0.8235887	0.6469493	1.070629	1.049159
7620	-284.674	-455.5144	170.8404	0.6612519	0.6469493	1.123676	1.120955
7626	-281.6088	-452.3198	170.711	0.2707138	0.8540614	0.8166212	1.621253
7632	-277.5956	-446.8565	169.2609	0.5025487	1.984081	0.9697409	1.621253
7638	-283.8147	-454.2194	170.4047	1.016577	0.6958971	0.9542594	1.296711
7644	-282.9469	-452.5049	169.558	1.309121	1.167665	1.126684	1.228764
7650	-278.2742	-447.418	169.1438	1.40453	1.729026	1.104159	1.060576
7656	-276.4789	-446.0814	169.6025	1.765231	0.5549451	0.9518056	1.434578
7662	-292.4052	-460.3302	167.925	2.369522	1.456361	0.9518056	1.592289
7668	-300.2774	-467.2442	166.9668	2.369522	1.715624	1.260218	1.881129
7674	-292.3924	-459.3358	166.9434	2.369522	1.378502	1.478338	1.961006
7680	-286.7434	-456.8094	170.066	0.7224289	1.59018	0.8344153	1.200312
7686	-273.8733	-444.4484	170.5751	0.900996	0.8714383	0.7906316	1.247421
7692	-285.5738	-454.8932	169.3194	1.7111	1.022597	0.7906316	1.480495
7698	-293.9008	-463.527	169.6262	1.66269	1.022597	0.7882271	1.279591
7704	-285.4668	-454.3014	168.8345	1.904952	1.003788	0.8932934	1.633141
7710	-286.8294	-455.8163	168.9869	1.259859	1.574595	0.9607463	1.53967
7716	-287.6808	-457.6299	169.9491	1.112597	1.208513	0.5888227	1.469797
7722	-286.8955	-456.2457	169.3503	1.041057	1.634617	0.8544136	1.469797
7728	-284.8716	-455.7008	170.8292	1.118703	0.5568998	0.8611687	1.017146
7734	-292.0376	-462.4694	170.4318	0.7948061	1.419068	0.6524834	1.11576
7740	-282.0962	-451.7543	169.6581	1.162827	1.247896	0.7730401	1.483326
7746	-292.4465	-461.5502	169.1037	1.42078	1.879714	1.173398	0.8757318
7752	-290.3739	-458.6937	168.3198	1.710277	1.563747	1.979892	0.841221
7758	-289.6149	-458.3161	168.7012	1.100434	1.80822	1.979892	0.8506857
7764	-288.9603	-458.9613	170.001	1.168889	0.5602704	0.5038487	1.894568
7770	-289.245	-459.3842	170.1392	0.4526356	0.8623713	0.6073234	2.028907
7776	-300.3398	-470.9954	170.6556	0.6371465	0.8425086	0.8621407	1.361256
7782	-313.0265	-480.8439	167.8174	2.033058	0.4386306	1.060029	2.438975
7788	-309.1923	-478.1689	168.9766	1.191501	0.5867048	0.6680087	2.426958
7794	-289.4718	-459.7137	170.242	1.344009	0.5225983	0.7607926	1.431264
7800	-287.9126	-457.6184	169.7058	1.60615	0.9332258	1.169124	0.9980303
7806	-310.239	-478.2312	167.9921	1.716657	1.414132	2.166755	1.123224
7812	-300.8859	-469.3359	168.45	2.137577	1.300157	1.376026	1.142543
7818	-298.483	-468.6104	170.1274	0.6624129	1.171478	1.299943	1.142543
7824	-289.5418	-459.8944	170.3526	0.1963388	1.341482	1.100187	1.37085
7830	-289.854	-459.517	169.663	0.5263074	1.670205	0.9572671	1.520011
7836	-292.8631	-463.174	170.3109	0.1158409	1.530014	1.384615	1.082096
7842	-296.8445	-465.4232	168.5787	1.031534	2.299439	1.563932	1.057257
7848	-285.1889	-455.2666	170.0778	0.8106608	1.472683	1.003061	1.057257
7854	-285.0958	-454.7573	169.6615	1.432818	0.8559473	0.4750192	1.78213
7860	-295.8299	-465.2663	169.4364	1.596769	0.8824904	0.6921495	1.653575
7866	-288.8207	-458.4486	169.6279	0.6799011	0.9969664	0.5826337	2.143717
7872	-287.5382	-455.3219	167.7837	1.743105	2.158672	0.8593171	1.76418
7878	-289.0945	-457.5029	168.4084	1.250735	2.158672	1.801029	0.8786265
7884	-284.7968	-453.8364	169.0396	1.486417	1.282063	1.078612	1.449965
7890	-274.9012	-445.3625	170.4613	0.9809726	0.8125411	0.6942702	1.39866
7896	-301.0063	-471.9921	170.9858	0.65148	0.3858583	1.149791	1.117717
7902	-289.8721	-459.8872	170.0151	1.673619	0.5949668	1.019229	1.085393
7908	-282.3001	-452.4033	170.1032	0.6102662	1.54507	1.135075	1.033586
7914	-288.7393	-456.9516	168.2123	0.6992946	3.525294	1.667576	0.7374276
7920	-284.2029	-453.0976	168.8947	1.100877	2.72877	1.021066	0.8801904
7926	-296.3793	-466.6241	170.2448	1.027241	0.6346272	1.682363	0.7810915
7932	-296.493	-465.3676	168.8746	1.399626	1.935936	1.150876	1.103441
7938	-290.691	-461.0454	170.3544	1.201195	0.7064756	1.010777	1.125798
7944	-290.9175	-460.1887	169.2712	1.050791	0.893562	0.6395395	2.164621
7950	-290.9689	-461.1612	170.1923	0.2721791	1.525315	0.6260084	1.658107
7956	-289.9309	-460.1742	170.2433	0.8574061	0.487615	0.9614311	1.658107
7962	-282.7464	-452.8854	170.139	0.5409475	1.106815	0.7994401	1.669371
7968	-278.0672	-447.3942	169.327	1.541689	1.043617	1.394126	1.101153
7974	-281.103	-450.2929	169.1899	1.275463	1.524021	1.330945	1.101153
7980	-286.1267	-456.0545	169.9278	1.604066	0.7935716	0.9790026	1.101153
7986	-284.2952	-454.2114	169.9162	1.060927	0.8411027	1.36546	1.208662
7992	-290.4069	-460.6992	170.2923	1.34138	0.4080704	1.155873	1.11159
7998	-288.5628	-457.6747	169.1119	1.96131	1.327313	0.9453118	1.068344
8004	-285.4609	-455.1472	169.6863	0.6642023	1.843459	1.192528	1.068344
8010	-287.767	-458.2239	170.4569	0.800753	1.035481	1.110665	1.008495
8016	-290.1498	-460.0102	169.8604	0.800753	1.680696	0.8393816	1.234072
8022	-281.7728	-452.3172	170.5444	0.638634	0.712916	1.328956	1.168707
8028	-291.73	-460.4368	168.7069	1.295446	1.615068	1.317737	1.426694
8034	-297.8993	-467.3211	169.4218	0.908488	1.454989	1.178413	1.395973
8040	-287.8253	-457.5879	169.7625	0.3774045	1.31173	0.8415581	1.875878
8046	-283.661	-454.056	170.3951	0.3887294	1.465414	0.8285534	1.305846
8052	-284.6917	-455.2143	170.5225	0.3378874	0.8033749	0.7592807	1.782929
8058	-291.6164	-462.5269	170.9106	0.4407397	1.12881	0.7687394	1.153148
8064	-282.4628	-453.0847	170.6218	0.4204853	0.7734542	1.224873	1.325365
8070	-288.2977	-457.8087	169.5109	1.4549	1.067055	1.010459	1.325365
8076	-290.9319	-460.9171	169.9852	0.441087	1.527362	0.8727092	1.504208
8082	-282.8373	-452.8071	169.9698	1.598706	0.7509715	0.9796862	1.104415
8088	-286.1915	-455.5209	169.3293	0.8223315	1.673204	1.462985	1.141333
8094	-284.5815	-454.0693	169.4878	0.4698623	1.822854	1.689775	0.9841156
8100	-288.5355	-457.9035	169.368	0.5684124	1.723152	1.890205	0.8865739
8106	-282.9288	-451.6079	168.6791	1.723938	1.282596	1.618369	1.105869
8112	-286.5272	-456.7496	170.2225	0.9501044	0.8630447	0.9834478	1.344332
8118	-292.6627	-463.0744	170.4117	0.7130842	0.8325701	1.115067	1.301075
8124	-292.1966	-461.1436	168.947	1.94958	1.097777	1.000907	1.363707
8130	-285.2085	-454.5385	169.3299	1.096875	1.732811	1.229342	1.053938
8136	-290.7846	-460.5111	169.7265	1.173893	0.8915661	1.198505	1.367179
8142	-298.6541	-469.2397	170.5856	1.173893	0.7186537	0.8031169	1.118994
8148	-289.173	-458.8661	169.6931	0.7236204	2.083565	0.9451491	1.045907
8154	-294.0091	-464.5505	170.5414	0.5464761	0.8468874	1.112107	1.321947
8160	-285.7559	-456.1962	170.4403	0.8274404	0.897351	0.8452029	1.351554
8166	-285.5971	-455.5254	169.9283	0.9207109	0.874878	1.254394	1.37667
8172	-292.8976	-462.4564	169.5588	1.171965	1.664554	1.246086	0.7624959
8178	-291.9235	-460.5022	168.5786	1.171965	2.066742	1.747759	0.921209
8184	-285.4091	-455.1381	169.729	1.157564	0.7974958	1.729923	0.9965338
8190	-266.4209	-437.2381	170.8171	0.7701408	0.7581051	0.751344	1.279338
8196	-276.8997	-446.8215	169.9218	0.8342021	0.705552	0.5574637	2.053088
