Iteration	Posterior	Likelihood	Prior	acrv_sd	tree_length
0	-123.9291	-295.1065	171.1774	0.3365974	2.331997
6	-130.886	-301.8073	170.9213	0.5493128	2.359567
12	-113.3055	-284.3487	171.0432	1.122724	1.904911
18	-119.6973	-289.9952	170.2978	0.01822442	3.068143
24	-130.4995	-301.4882	170.9887	0.1213742	2.585586
30	-121.7304	-293.3919	171.6614	0.126227	2.155912
36	-113.5641	-284.6564	171.0923	0.3369017	2.385821
42	-110.669	-282.1244	171.4555	0.2500519	2.209205
48	-111.9111	-283.2456	171.3345	0.4073626	2.185687
54	-114.8219	-286.0076	171.1857	0.534368	2.199782
60	-107.2082	-279.0811	171.8728	0.534368	1.738563
66	-112.9406	-284.5	171.5595	0.6512264	1.874434
72	-115.6626	-286.427	170.7645	1.545626	1.806216
78	-101.1309	-273.7741	172.6433	0.2080461	1.412761
84	-100.0199	-270.3853	170.3654	2.066476	1.72123
90	-97.67651	-268.1989	170.5224	0.5054922	2.636392
96	-91.32801	-263.47	172.142	0.09023653	1.85973
102	-100.3873	-271.6762	171.2889	0.1915136	2.35333
108	-94.04862	-266.1933	172.1447	0.04156121	1.891073
114	-106.6857	-278.0283	171.3425	0.01870665	2.428703
120	-103.6223	-276.0336	172.4113	0.4169713	1.430512
126	-90.08683	-261.4667	171.3798	0.5588341	2.056919
132	-94.02463	-265.7307	171.7061	0.4189563	1.932517
138	-96.5776	-267.7308	171.1532	0.4213352	2.293407
144	-95.67131	-267.4894	171.8181	0.643315	1.700365
150	-105.5887	-277.1652	171.5765	0.05154337	2.259132
156	-107.3149	-278.8388	171.5238	0.07438818	2.278223
162	-102.4657	-274.5953	172.1296	0.04806523	1.896943
168	-101.7199	-273.641	171.9211	0.07031833	2.021974
174	-96.6467	-268.9618	172.3151	0.4126686	1.506692
180	-104.8284	-275.368	170.5395	0.1368364	2.851345
186	-105.9092	-278.057	172.1478	0.07778949	1.864265
192	-110.8257	-281.4518	170.6261	0.3496728	2.668494
198	-109.0244	-280.6871	171.6628	0.4847652	1.917354
204	-111.475	-283.2151	171.7401	0.2459543	2.025525
210	-117.4491	-288.186	170.7369	0.03559891	2.792961
216	-111.688	-283.396	171.708	0.06435433	2.165894
222	-105.7597	-276.5474	170.7877	0.2711923	2.617265
228	-98.2561	-269.4566	171.2005	0.2236998	2.389
234	-102.2282	-274.0007	171.7725	0.09300627	2.105045
240	-109.958	-280.8809	170.9229	0.3585535	2.478834
246	-99.83639	-270.5238	170.6874	0.5340956	2.516308
252	-111.3033	-280.7856	169.4823	2.447001	2.063102
258	-126.3343	-293.78	167.4457	2.447001	3.319157
264	-107.6137	-278.3549	170.7412	0.5258592	2.487818
270	-111.1618	-281.6065	170.4447	0.6547197	2.59221
276	-104.2371	-275.4578	171.2206	0.1724386	2.40863
282	-113.1019	-285.0069	171.9051	0.5977557	1.67091
288	-108.0038	-279.9441	171.9403	0.5581766	1.674038
294	-107.9773	-279.2567	171.2794	0.3586573	2.252654
300	-107.6357	-279.7638	172.1282	0.2619027	1.750577
306	-100.2187	-271.7609	171.5422	0.2619027	2.145209
312	-100.6332	-272.0713	171.4381	0.1107104	2.30979
318	-108.1238	-278.9954	170.8716	0.6772716	2.30979
324	-105.7374	-277.4416	171.7042	0.1762293	2.095258
330	-104.8011	-276.0518	171.2508	0.0274529	2.480819
336	-97.00973	-269.1256	172.1159	0.05502429	1.901513
342	-106.901	-278.7067	171.8057	0.06648883	2.100683
348	-106.0363	-278.1234	172.0871	0.06648883	1.913219
354	-93.03783	-265.5291	172.4912	0.0128694	1.670004
360	-92.51525	-263.6103	171.0951	0.1166837	2.522349
366	-101.0849	-272.2417	171.1568	0.3986745	2.305576
372	-103.1767	-273.8936	170.7169	0.671897	2.411315
378	-104.6118	-275.9742	171.3624	0.0264387	2.411315
384	-108.6286	-280.3053	171.6768	0.06592613	2.185142
390	-109.6581	-280.5421	170.884	0.1081561	2.658433
396	-103.9349	-275.1096	171.1746	0.3030301	2.355102
402	-99.34349	-270.5865	171.243	0.1109458	2.433304
408	-104.4134	-276.393	171.9796	0.1433848	1.933917
414	-105.5736	-277.7583	172.1847	0.4181723	1.598838
420	-123.8285	-295.1564	171.3279	1.082226	1.736515
426	-122.8641	-293.2176	170.3535	0.2331073	2.905659
432	-106.8283	-277.3106	170.4823	0.4900627	2.670604
438	-119.8203	-290.7884	170.9681	0.0848582	2.620955
444	-117.2932	-287.8883	170.5951	0.1225182	2.826319
450	-126.2385	-297.0904	170.8519	0.3045801	2.556788
456	-122.1988	-293.1374	170.9386	0.2178936	2.556788
462	-124.5593	-294.721	170.1617	0.2963047	2.983115
468	-120.9077	-292.3281	171.4204	0.2963047	2.201967
474	-136.2432	-306.9032	170.66	0.376203	2.631304
480	-127.4645	-299.3884	171.9239	0.6405709	1.626644
486	-116.2519	-288.5642	172.3123	0.1106922	1.727505
492	-111.1016	-282.1856	171.084	0.04273352	2.575228
498	-112.2028	-284.1898	171.987	0.5381305	1.654961
504	-107.0697	-278.5293	171.4596	0.258568	2.201018
510	-110.5701	-281.9025	171.3323	0.2070721	2.315818
516	-116.6293	-288.4859	171.8566	0.08070442	2.057835
522	-109.6793	-280.9941	171.3149	0.8771736	1.887148
528	-112.769	-284.7636	171.9946	0.4676407	1.699799
534	-107.9575	-278.8315	170.874	1.631651	1.668907
540	-125.2677	-295.0003	169.7327	2.085083	2.136309
546	-105.5725	-276.5699	170.9974	0.4660543	2.364113
552	-101.6982	-273.061	171.3628	0.09955308	2.364826
558	-111.6887	-282.7432	171.0544	1.053243	1.944242
564	-117.5513	-285.4474	167.8961	2.386473	3.088111
570	-118.8553	-288.8874	170.0321	0.3021314	3.057288
576	-102.8749	-273.9307	171.0559	0.0805801	2.569218
582	-110.382	-282.1057	171.7238	0.04010609	2.171388
588	-106.0384	-276.7749	170.7365	0.3084796	2.625841
594	-113.5331	-286.0909	172.5578	0.1854179	1.495146
600	-122.9916	-293.9441	170.9526	0.6108971	2.300471
606	-131.8523	-302.8049	170.9526	0.6108971	2.300471
612	-128.4076	-298.9612	170.5536	0.4342634	2.661058
618	-124.3394	-294.7243	170.3849	0.1416476	2.941892
624	-112.8062	-284.8537	172.0474	0.2222728	1.834064
630	-113.4803	-284.6242	171.144	0.7803121	2.066398
636	-112.2791	-283.7486	171.4695	0.1745175	2.248816
642	-103.8198	-275.171	171.3512	0.292869	2.248816
648	-113.0159	-284.9088	171.8929	0.6737603	1.625098
654	-108.8021	-279.4962	170.6941	0.1923208	2.723344
660	-96.49006	-267.417	170.9269	0.8029205	2.193478
666	-95.68787	-267.2765	171.5886	0.1411984	2.193478
672	-95.85502	-267.4193	171.5643	0.1654971	2.193478
678	-107.4722	-278.8631	171.391	0.1654971	2.304936
684	-98.98256	-270.2727	171.2901	0.7830286	1.967425
690	-107.6886	-278.4543	170.7658	0.2119946	2.667277
696	-110.0008	-281.6434	171.6426	0.0147761	2.240252
702	-98.95332	-271.0327	172.0794	0.01150727	1.955517
708	-94.98722	-266.826	171.8388	0.03035491	2.102697
714	-106.8952	-277.8159	170.9207	0.228556	2.561233
720	-107.371	-278.9185	171.5475	0.1632759	2.205768
726	-108.0379	-279.449	171.4111	0.1143842	2.32471
732	-103.4422	-275.4301	171.9879	0.08973704	1.964448
738	-114.7351	-286.0622	171.3271	0.01644299	2.439824
744	-107.6269	-279.3175	171.6906	0.3294082	2.002938
750	-119.536	-291.5737	172.0377	0.1955564	1.859063
756	-115.2186	-286.0268	170.8082	0.3373678	2.563585
762	-108.8851	-280.5107	171.6256	0.2248448	2.114947
768	-106.5205	-278.5714	172.0509	0.03329525	1.960005
774	-112.0964	-283.9017	171.8053	0.1100536	2.072323
780	-120.3653	-291.6612	171.2959	0.6193845	2.072323
786	-121.6159	-292.8244	171.2085	0.01853875	2.512803
792	-116.1649	-288.0527	171.8879	1.376221	1.065143
798	-118.9558	-290.6959	171.74	0.4118857	1.914383
804	-121.0581	-291.639	170.5809	0.359529	2.690243
810	-120.0841	-291.7601	171.676	0.1390142	2.138078
816	-130.465	-301.2881	170.8231	0.4194971	2.50308
822	-142.5486	-311.9697	169.4211	0.3366652	3.398403
828	-134.7833	-304.8402	170.0569	0.4112586	2.977024
834	-126.5198	-297.3944	170.8747	1.690059	1.626494
840	-125.4302	-296.32	170.8899	0.3337813	2.514953
846	-109.2722	-280.3208	171.0485	0.1750985	2.514953
852	-118.1835	-289.1573	170.9738	0.1703755	2.564437
858	-115.5229	-287.1471	171.6242	0.1273572	2.179391
864	-111.5897	-282.5193	170.9296	0.07874821	2.648476
870	-115.8049	-287.6715	171.8666	0.1036752	2.035996
876	-106.3226	-278.0532	171.7306	0.1542747	2.092379
882	-109.0155	-281.0403	172.0248	0.7292552	1.487003
888	-113.4823	-285.4963	172.014	0.9848862	1.295728
894	-115.9602	-286.7348	170.7746	1.01045	2.157613
900	-127.3895	-299.1577	171.7682	0.6048507	1.762473
906	-120.6839	-291.657	170.9731	1.145282	1.937022
912	-119.0192	-289.8332	170.814	1.067959	2.094279
918	-110.418	-281.9944	171.5764	0.3883023	2.039677
924	-114.8052	-285.4712	170.666	1.656335	1.797751
930	-117.775	-289.129	171.354	0.3604121	2.203428
936	-106.8388	-277.1726	170.3338	0.03651362	3.035699
942	-108.8268	-279.6942	170.8675	0.3060684	2.546165
948	-105.4048	-277.3779	171.9731	0.02121719	2.020037
954	-107.3034	-277.9798	170.6764	0.3478843	2.638648
960	-103.21	-275.3577	172.1478	0.04584416	1.88608
966	-106.2407	-278.2961	172.0553	0.1383045	1.88608
972	-113.7383	-284.3139	170.5756	0.05785447	2.877331
978	-116.5005	-287.8757	171.3752	0.03545715	2.397551
984	-113.9733	-285.8209	171.8476	0.08446827	2.061266
990	-115.2749	-287.318	172.0432	0.2629595	1.808933
996	-112.9503	-284.624	171.6736	0.2632126	2.058103
1002	-117.2901	-289.2135	171.9234	0.5429503	1.696862
1008	-116.4213	-289.25	172.8286	0.02960762	1.407411
1014	-116.6068	-288.7714	172.1646	0.02914142	1.886026
1020	-124.7148	-294.9815	170.2667	0.04685871	3.069615
1026	-110.4526	-282.1722	171.7196	0.005336589	2.196638
1032	-109.4628	-281.667	172.2042	0.0586683	1.838777
1038	-111.9113	-283.8058	171.8945	0.1943005	1.956924
1044	-108.2034	-279.177	170.9736	0.4310072	2.401363
1050	-115.8562	-286.3947	170.5385	1.430778	2.036651
1056	-106.1879	-277.5386	171.3506	0.6508144	2.015303
1062	-102.2721	-274.4166	172.1445	0.1526916	1.815127
1068	-102.2188	-274.2161	171.9973	0.2998678	1.815127
1074	-104.8917	-276.4548	171.5631	0.7054998	1.83484
1080	-105.103	-276.7154	171.6124	0.3068727	2.069683
1086	-121.8496	-293.7784	171.9288	0.03860567	2.03791
1092	-109.3531	-281.0076	171.6546	0.1040142	2.174836
1098	-110.1701	-281.0553	170.8851	0.1694292	2.619949
1104	-105.0115	-276.5197	171.5082	0.2687763	2.162878
1110	-113.3502	-285.0777	171.7275	0.04950581	2.162878
1116	-119.9316	-291.7844	171.8528	0.6509106	1.670313
1122	-126.9763	-297.6177	170.6414	0.9241936	2.299119
1128	-118.1543	-289.1078	170.9535	0.6120281	2.299119
1134	-110.8181	-280.9756	170.1575	0.7463229	2.712713
1140	-99.85162	-272.0027	172.151	0.2547925	1.739533
1146	-103.9027	-275.2285	171.3258	0.4740424	2.147997
1152	-104.8341	-276.5182	171.6841	0.1157352	2.147997
1158	-113.8511	-285.8907	172.0396	0.1174131	1.910948
1164	-118.7358	-290.0721	171.3364	0.1329878	2.360368
1170	-112.436	-283.7754	171.3394	0.439309	2.161753
1176	-113.9288	-284.5886	170.6599	0.005313117	2.858144
1182	-107.604	-278.2548	170.6507	0.01442211	2.858144
1188	-122.8241	-293.6278	170.8037	0.002568368	2.772365
1194	-119.4905	-290.8966	171.4061	0.002844575	2.398638
1200	-109.7271	-280.708	170.9809	0.09607359	2.606086
1206	-111.5135	-283.2059	171.6924	0.412118	1.946364
1212	-118.8153	-290.6599	171.8446	0.2598778	1.946364
1218	-99.42265	-271.4153	171.9926	0.484612	1.689123
1224	-103.4743	-275.2441	171.7697	0.01877864	2.155358
1230	-115.1125	-286.0661	170.9535	0.1788626	2.571729
1236	-118.2619	-289.1096	170.8477	0.526298	2.420662
1242	-127.5493	-298.6218	171.0725	0.08688196	2.554993
1248	-120.2558	-292.2739	172.0181	0.2165508	1.858087
1254	-120.4433	-290.3372	169.8939	0.6351434	2.940415
1260	-113.6148	-285.8343	172.2195	0.02492937	1.851393
1266	-115.7045	-287.5733	171.8688	0.02393138	2.087191
1272	-123.037	-293.6941	170.6571	0.005009694	2.859982
1278	-114.268	-285.6027	171.3347	0.3773085	2.204972
1284	-113.7976	-285.9555	172.158	0.03848481	1.884158
1290	-110.8913	-282.1104	171.219	0.05930874	2.480742
1296	-115.5792	-287.0296	171.4503	0.4405464	2.088397
1302	-117.4239	-287.4915	170.0677	0.3717554	2.994281
1308	-106.0027	-277.338	171.3354	0.2444656	2.290011
1314	-109.3722	-280.7826	171.4104	0.3584777	2.168138
1320	-121.8668	-292.5361	170.6693	1.51808	1.890303
1326	-113.0865	-284.1169	171.0304	0.8444758	2.098917
1332	-114.5921	-285.7442	171.1522	0.4283326	2.289583
1338	-104.3937	-275.6769	171.2832	0.1031177	2.412907
1344	-101.7366	-272.4972	170.7607	0.3181966	2.604912
1350	-95.13924	-266.5355	171.3963	0.2670431	2.236406
1356	-98.04794	-269.6753	171.6273	0.2051812	2.126672
1362	-105.0435	-275.8162	170.7726	0.06353596	2.754094
1368	-103.0476	-274.105	171.0574	0.05246759	2.585724
1374	-102.052	-273.5823	171.5303	0.01667106	2.311
1380	-97.01875	-268.436	171.4172	0.1297354	2.311
1386	-93.05221	-264.7797	171.7275	0.07705695	2.144934
1392	-93.09855	-264.111	171.0125	0.7488952	2.173003
1398	-103.6555	-276.0641	172.4086	0.7488952	1.16197
1404	-100.9174	-273.0538	172.1364	0.7488952	1.386357
1410	-109.1436	-280.3978	171.2542	0.5340259	2.15552
1416	-112.8116	-284.0287	171.2171	0.05152815	2.486831
1422	-118.1683	-290.0861	171.9178	0.5305732	1.709597
1428	-106.5338	-278.6142	172.0805	0.04125709	1.934776
1434	-105.0134	-276.9081	171.8947	0.227002	1.934776
1440	-128.9176	-300.6407	171.7232	0.3985714	1.934776
1446	-113.3566	-284.4602	171.1036	0.4383303	2.314216
1452	-125.0304	-296.1285	171.0981	0.4438074	2.314216
1458	-111.9778	-283.8835	171.9057	0.3831068	1.8209
1464	-106.7932	-277.7564	170.9633	0.3831068	2.438044
1470	-112.5379	-283.959	171.4211	0.8015803	1.866281
1476	-111.9342	-282.7168	170.7826	0.6262448	2.398701
1482	-117.1377	-288.2871	171.1494	0.2455534	2.407469
1488	-108.2832	-280.1091	171.826	0.146972	2.034221
1494	-103.8547	-275.7676	171.9129	0.07474949	2.024477
1500	-101.3337	-272.3363	171.0025	0.03658926	2.629461
1506	-102.7368	-274.6507	171.9139	0.4057337	1.799618
1512	-105.3243	-277.2189	171.8946	0.2188824	1.940314
1518	-105.026	-276.7042	171.6783	0.4137738	1.954759
1524	-99.54823	-270.7462	171.198	0.4060863	2.274501
1530	-106.0681	-276.9684	170.9002	1.261958	1.907427
1536	-108.6979	-279.5665	170.8686	1.186467	1.979533
1542	-102.5745	-273.6753	171.1008	0.6363642	2.188708
1548	-101.023	-272.7637	171.7407	0.4129171	1.913248
1554	-96.18016	-268.2311	172.0509	0.04349047	1.953161
1560	-105.9087	-278.4279	172.5192	0.1601703	1.542739
1566	-100.4165	-271.2773	170.8608	0.09057013	2.683518
1572	-95.66348	-267.4359	171.7725	0.05774492	2.128177
1578	-97.90484	-269.9012	171.9964	0.04070806	1.99154
1584	-101.4899	-272.3231	170.8332	0.3899775	2.515216
1590	-100.7972	-272.8041	172.0069	0.6000663	1.595879
1596	-93.96167	-265.262	171.3003	0.4626546	2.171954
1602	-108.0846	-278.6828	170.5982	0.6169114	2.520272
1608	-99.87962	-271.8406	171.961	0.1208659	1.961609
1614	-111.2049	-282.2188	171.0139	0.15631	2.548241
1620	-102.59	-273.9011	171.3111	0.2344292	2.311906
1626	-104.5211	-276.0047	171.4836	0.03602924	2.328453
1632	-99.94959	-271.4626	171.513	0.05822254	2.295501
1638	-107.0849	-278.0102	170.9253	0.07327839	2.65449
1644	-97.30585	-268.2207	170.9149	0.08244058	2.655256
1650	-99.55273	-271.8236	172.2709	0.223261	1.67711
1656	-107.3353	-278.1558	170.8205	0.9850267	2.144298
1662	-99.28326	-270.4131	171.1299	0.279407	2.398416
1668	-108.4023	-279.4473	171.0449	0.2406872	2.476191
1674	-108.6471	-279.692	171.0449	0.2406872	2.476191
1680	-117.6988	-289.0691	171.3703	0.1310474	2.340026
1686	-114.7375	-286.1785	171.441	0.5227582	2.040331
1692	-109.568	-280.8938	171.3258	0.08844687	2.395274
1698	-100.2943	-271.5804	171.2861	0.1281269	2.395274
1704	-115.3131	-285.5441	170.2309	1.426478	2.240225
1710	-111.0158	-281.0474	170.0316	0.6009313	2.877888
1716	-107.2448	-279.0424	171.7975	0.1865857	2.026813
1722	-111.4564	-281.0805	169.6241	1.05309	2.850871
1728	-111.8912	-283.646	171.7548	0.160372	2.072419
1734	-111.6937	-282.205	170.5113	0.06187062	2.913762
1740	-110.0805	-281.873	171.7925	0.1631132	2.045704
1746	-100.9626	-272.5059	171.5433	0.3838121	2.064509
1752	-121.8364	-292.5067	170.6703	0.5514039	2.516141
1758	-115.0496	-285.7028	170.6532	0.1796291	2.756124
1764	-123.1583	-294.6941	171.5358	0.1082306	2.248823
1770	-113.4461	-284.3683	170.9222	0.2036089	2.575815
1776	-111.7264	-283.8043	172.0779	0.06365611	1.921354
1782	-116.91	-288.1781	171.268	0.4751616	2.184808
1788	-124.0212	-294.6763	170.6551	1.247331	2.080828
1794	-119.4066	-289.7388	170.3322	0.4784461	2.769701
1800	-112.7576	-284.2855	171.5279	0.1660994	2.216655
1806	-115.2615	-287.1782	171.9167	0.3689311	1.823123
1812	-102.6547	-274.2679	171.6132	0.09325917	2.208583
1818	-99.45176	-271.0535	171.6017	0.04093783	2.249728
1824	-90.44201	-261.9353	171.4933	0.1708322	2.235874
1830	-103.0941	-274.3364	171.2423	0.4218484	2.235874
1836	-100.6108	-272.0346	171.4238	0.4218484	2.118076
1842	-107.4137	-279.2455	171.8318	0.3580287	1.888653
1848	-107.3246	-279.6267	172.3021	0.3434953	1.567633
1854	-117.6938	-288.4042	170.7104	0.4188845	2.573647
1860	-116.2744	-286.8415	170.5671	0.2378437	2.773153
1866	-121.6444	-294.1113	172.4669	0.07953676	1.639688
1872	-115.2185	-286.7391	171.5206	0.4843536	2.012966
1878	-119.7173	-291.2313	171.5139	0.2667924	2.160435
1884	-117.6526	-288.5853	170.9327	0.06577502	2.654551
1890	-115.3634	-286.0893	170.7259	0.3772763	2.589879
1896	-124.3222	-295.5971	171.2749	0.1320529	2.399842
1902	-108.2494	-279.2267	170.9773	0.006602597	2.663496
1908	-101.0663	-271.6251	170.5588	0.07014342	2.880076
1914	-108.8523	-279.4677	170.6155	0.282034	2.716585
1920	-118.5459	-289.1431	170.5971	1.740427	1.787171
1926	-117.1332	-286.9739	169.8408	0.2098049	3.225977
1932	-109.9146	-281.5128	171.5983	0.131305	2.19364
1938	-113.6046	-284.4482	170.8435	0.5431441	2.412664
1944	-113.367	-284.5691	171.2021	0.6798669	2.094271
1950	-113.3095	-285.2751	171.9656	0.8447538	1.444232
1956	-117.9838	-289.535	171.5512	0.6929807	1.851582
1962	-109.1533	-280.8641	171.7108	0.3430691	1.980365
1968	-113.6586	-284.6115	170.9529	0.07209055	2.6382
1974	-121.4354	-292.5544	171.119	0.3315778	2.37228
1980	-116.3985	-287.5491	171.1506	0.1830675	2.446027
1986	-120.9557	-291.2791	170.3234	1.010325	2.446027
1992	-125.2912	-294.042	168.7507	1.842099	2.901911
1998	-118.091	-287.935	169.844	0.5699143	3.009572
2004	-122.4652	-293.076	170.6108	0.7991806	2.397935
2010	-118.0442	-287.6643	169.6201	0.2094336	3.356291
2016	-99.49589	-271.1086	171.6127	0.3397618	2.047805
2022	-105.6494	-277.6385	171.9891	0.2535606	1.852619
2028	-95.97346	-266.9212	170.9477	0.003382657	2.683691
2034	-104.9235	-275.8656	170.9422	0.01568201	2.679543
2040	-107.6725	-278.4518	170.7793	0.2362643	2.644035
2046	-105.3538	-276.1789	170.825	0.1905042	2.644035
2052	-105.6096	-276.8818	171.2722	0.5176802	2.154473
2058	-100.189	-271.8255	171.6364	0.5483309	1.892109
2064	-98.95326	-270.243	171.2897	0.8495075	1.922966
2070	-90.30195	-261.3726	171.0706	0.03980835	2.585362
2076	-96.09307	-266.9205	170.8275	0.03980835	2.735085
2082	-113.6664	-284.1612	170.4948	1.625799	1.935558
2088	-114.9971	-284.2767	169.2796	0.1538803	3.58765
2094	-109.4335	-280.837	171.4034	0.1240527	2.323417
2100	-120.0329	-291.2954	171.2626	0.2146716	2.355372
2106	-108.1595	-278.8624	170.703	0.9431447	2.247498
2112	-114.1478	-284.2218	170.074	0.5982644	2.853817
2118	-115.2573	-284.4974	169.2402	2.111732	2.434578
2124	-118.1232	-289.7857	171.6625	1.404672	1.239357
2130	-109.1444	-280.9964	171.852	0.1296827	2.0284
2136	-112.261	-283.3662	171.1053	0.09169985	2.53158
2142	-113.0258	-284.0419	171.0161	0.1892433	2.52637
2148	-119.0378	-289.0049	169.9672	0.7449021	2.829694
2154	-106.2177	-277.0916	170.8739	0.4229592	2.469124
2160	-105.926	-277.7696	171.8436	0.4229592	1.836216
2166	-97.91592	-268.5797	170.6638	0.6586791	2.453082
2172	-114.9477	-286.8489	171.9012	0.2726911	1.899515
2178	-106.6579	-277.5249	170.867	0.09537001	2.676777
2184	-108.9659	-279.9897	171.0238	1.074086	1.95081
2190	-100.5401	-272.1341	171.594	0.5145664	1.943614
2196	-105.6876	-276.5895	170.9019	0.5124791	2.395171
2202	-104.1146	-275.7756	171.661	0.7312774	1.749023
2208	-103.7453	-274.799	171.0536	0.5675701	2.263488
2214	-109.3302	-281.2634	171.9332	0.5675701	1.672412
2220	-108.7383	-280.0349	171.2965	0.1008684	2.405907
2226	-115.8319	-286.4048	170.573	0.8244319	2.405907
2232	-124.4886	-296.476	171.9874	0.4904997	1.688643
2238	-118.7936	-289.7895	170.9959	0.1349741	2.572681
2244	-105.3066	-276.683	171.3763	0.05473567	2.38464
2250	-118.8557	-290.0707	171.215	1.826121	1.261055
2256	-117.3494	-288.7523	171.4029	1.580114	1.308634
2262	-102.2574	-274.5397	172.2823	0.7271668	1.287096
2268	-104.5757	-276.5515	171.9758	0.1819553	1.910441
2274	-109.2319	-279.7239	170.492	0.6370101	2.573856
2280	-111.7746	-282.1099	170.3353	0.7791393	2.582899
2286	-107.9994	-278.8893	170.89	0.2244405	2.582899
2292	-110.092	-280.0576	169.9656	0.09412055	3.220546
2298	-117.2718	-286.9911	169.7193	0.3404688	3.220546
2304	-117.312	-287.8244	170.5124	0.1198458	2.878081
2310	-112.3876	-284.3279	171.9403	0.385239	1.795519
2316	-108.2971	-280.2187	171.9216	0.3033853	1.864681
2322	-111.809	-283.0864	171.2774	0.6406868	2.070474
2328	-108.6138	-279.6963	171.0825	0.1151659	2.531119
2334	-112.1845	-284.3013	172.1168	0.2981225	1.733118
2340	-109.8647	-281.6479	171.7832	0.103259	2.091307
2346	-103.9437	-275.4996	171.5559	0.6221602	1.896624
2352	-106.8374	-278.4287	171.5912	0.562569	1.9131
2358	-95.70651	-266.7878	171.0813	0.5179175	2.277614
2364	-95.97262	-266.9309	170.9582	0.3686797	2.450282
2370	-119.4126	-291.5255	172.1129	0.1083789	1.867263
2376	-110.5983	-282.8242	172.2259	0.04660775	1.832158
2382	-99.58689	-270.889	171.3021	0.02067261	2.452889
2388	-100.6489	-271.534	170.8851	0.09577764	2.665375
2394	-97.21737	-268.3515	171.1342	0.3293103	2.36411
2400	-100.5948	-272.3074	171.7126	0.01035119	2.197915
2406	-100.7096	-272.2404	171.5309	0.01218313	2.313502
2412	-108.4694	-280.7119	172.2425	0.2606319	1.670693
2418	-106.0375	-277.7171	171.6796	0.09879655	2.161947
2424	-104.9103	-276.9898	172.0795	0.02567844	1.945913
2430	-113.282	-284.6533	171.3712	0.1314918	2.339183
2436	-107.6818	-278.3292	170.6474	0.3021098	2.684665
2442	-119.2232	-289.8484	170.6252	0.3526814	2.667202
2448	-116.3967	-287.3098	170.9131	0.3371062	2.498341
2454	-107.8274	-279.4519	171.6245	0.1723108	2.149939
2460	-101.53	-273.4222	171.8922	0.1664474	1.977143
2466	-122.2958	-292.7402	170.4444	0.8277288	2.484659
2472	-109.8012	-281.4183	171.6171	0.3262607	2.053829
2478	-118.041	-288.9533	170.9123	0.8338023	2.182939
2484	-103.5694	-275.0366	171.4671	0.2789353	2.182939
2490	-119.9301	-290.333	170.4029	0.9525723	2.432331
2496	-109.2108	-281.1772	171.9664	0.1781082	1.919396
2502	-106.8334	-278.8399	172.0064	0.01363701	2.002895
2508	-97.31327	-269.0198	171.7065	0.04044221	2.182387
2514	-108.2564	-280.6304	172.374	0.1401767	1.662817
2520	-118.5311	-290.0409	171.5098	1.004373	1.662817
2526	-103.5971	-274.4963	170.8992	0.3147781	2.520945
2532	-114.8918	-286.6605	171.7687	0.3953674	1.906154
2538	-107.9893	-279.772	171.7828	0.1144802	2.084219
2544	-120.8961	-292.6536	171.7575	0.1397112	2.084219
2550	-118.5844	-289.4939	170.9096	0.4930929	2.402589
2556	-117.8092	-288.9367	171.1276	0.3366738	2.363627
2562	-106.947	-278.3663	171.4193	0.044965	2.363627
2568	-106.0677	-278.2066	172.1389	0.00480067	1.919908
2574	-117.9884	-288.6885	170.7	0.008654241	2.831748
2580	-125.6463	-295.3258	169.6795	0.2743988	3.283096
2586	-123.8305	-295.6324	171.802	0.01900618	2.134204
2592	-127.5306	-299.2568	171.7262	0.3044728	1.995827
2598	-118.8617	-290.1538	171.2921	0.8604309	1.913979
2604	-121.0065	-292.0586	171.0521	1.086986	1.923043
2610	-128.6269	-299.4679	170.841	0.4811871	2.453259
2616	-124.0816	-294.8905	170.8089	0.259683	2.611274
2622	-117.1597	-288.2913	171.1316	0.3092233	2.378434
2628	-122.7887	-294.0539	171.2652	0.1756101	2.378434
2634	-114.5883	-285.6218	171.0335	0.407351	2.378434
2640	-120.0596	-291.2969	171.2372	0.3051802	2.313918
2646	-131.0602	-301.9824	170.9222	0.620203	2.313918
2652	-133.5878	-303.6156	170.0278	0.6124839	2.873227
2658	-129.5119	-298.7399	169.228	0.4841827	3.425092
2664	-124.8278	-295.461	170.6332	0.4841827	2.581049
2670	-129.9615	-300.0216	170.0601	0.1449919	3.134274
2676	-114.9601	-285.7507	170.7907	0.3384936	2.573746
2682	-126.9446	-297.5311	170.5866	0.5138535	2.591566
2688	-108.1207	-277.7527	169.632	2.097799	2.193489
2694	-115.1595	-286.0437	170.8843	1.732762	1.588544
2700	-118.9248	-290.3132	171.3884	0.1196951	2.335753
2706	-115.0637	-285.9068	170.8431	1.740386	1.612933
2712	-107.5284	-278.7294	171.201	0.2246882	2.388031
2718	-106.7572	-277.6224	170.8652	0.6022524	2.3616
2724	-110.5857	-282.0761	171.4904	0.6383754	1.930018
2730	-117.3554	-288.5269	171.1715	0.4934596	2.235378
2736	-123.0531	-293.4519	170.3988	0.6811745	2.604196
2742	-122.7564	-294.9495	172.1931	0.09056467	1.824473
2748	-127.5929	-298.8122	171.2194	1.116145	1.788596
2754	-126.5658	-297.4212	170.8554	1.339927	1.884893
2760	-102.7382	-274.8748	172.1366	0.234909	1.763578
2766	-107.486	-279.4902	172.0042	0.1511347	1.91209
2772	-115.1404	-286.4797	171.3393	0.3279391	2.233906
2778	-117.2576	-287.6038	170.3462	1.221887	2.297497
2784	-115.5103	-287.0527	171.5424	0.02568385	2.297497
2790	-121.8338	-293.9621	172.1283	0.2036186	1.791076
2796	-118.1347	-289.5726	171.438	0.4551429	2.086945
2802	-120.0962	-291.2416	171.1455	0.08772937	2.508989
2808	-120.5922	-292.4201	171.8279	0.635201	1.699156
2814	-115.8051	-286.2254	170.4203	0.4956241	2.705256
2820	-108.6879	-280.44	171.7521	0.07765546	2.128439
2826	-109.2088	-280.5042	171.2955	0.2454562	2.314839
2832	-107.4053	-277.1554	169.7502	0.5653783	3.068466
2838	-108.9498	-280.031	171.0811	0.3062684	2.412213
2844	-110.8534	-282.5772	171.7237	0.1398835	2.106317
2850	-111.9905	-283.3845	171.3939	0.5406253	2.059643
2856	-114.2438	-285.9642	171.7204	0.7847323	1.669242
2862	-114.5207	-285.8205	171.2997	1.397397	1.529557
2868	-106.289	-278.1711	171.8821	0.3055421	1.890148
2874	-109.47	-280.7546	171.2846	0.9415411	1.863924
2880	-102.9844	-274.5271	171.5427	0.4126906	2.045868
2886	-117.2364	-288.1798	170.9433	1.768407	1.518702
2892	-107.6437	-278.8495	171.2058	1.503259	1.520731
2898	-103.5892	-273.7431	170.1539	1.503259	2.240413
2904	-92.02389	-263.0782	171.0543	0.1316691	2.538442
2910	-97.04622	-268.8368	171.7906	0.2378187	1.997343
2916	-101.683	-272.698	171.015	0.2989693	2.458394
2922	-112.3328	-282.2641	169.9313	1.10774	2.629545
2928	-102.2123	-273.9746	171.7623	0.389876	1.914206
2934	-112.6092	-282.9428	170.3336	0.4573759	2.781696
2940	-118.3956	-289.6121	171.2165	0.2027953	2.392098
2946	-114.0713	-285.1376	171.0663	0.5229078	2.283989
2952	-105.5414	-277.0343	171.4929	0.2768095	2.167611
2958	-101.831	-273.658	171.827	0.05833736	2.092065
2964	-108.1594	-278.0471	169.8876	0.01060569	3.31588
2970	-110.9481	-282.6889	171.7407	0.00232177	2.184902
2976	-111.8618	-282.3407	170.4788	0.002108668	2.969341
2982	-113.4168	-285.0219	171.6051	0.00607077	2.269927
2988	-123.4489	-293.5606	170.1116	0.1048427	3.127518
2994	-123.1137	-293.1957	170.0819	0.3718933	2.985637
3000	-130.3942	-300.499	170.1048	1.002683	2.587169
3006	-123.7808	-293.7217	169.941	0.4902006	2.999227
3012	-115.1184	-287.271	172.1526	0.3913022	1.641527
3018	-109.8716	-280.5321	170.6605	0.2798015	2.690327
3024	-105.1984	-276.4021	171.2037	0.475165	2.226411
3030	-112.2278	-283.6091	171.3814	0.297493	2.226411
3036	-109.086	-280.4695	171.3834	0.4717749	2.111805
3042	-98.35968	-269.322	170.9623	1.529194	1.679007
3048	-100.943	-273.3649	172.4218	0.6415967	1.242469
3054	-102.6697	-273.7846	171.1149	0.2575192	2.421663
3060	-109.179	-280.6875	171.5085	0.06182566	2.296091
3066	-106.1514	-278.539	172.3876	0.09927641	1.68228
3072	-98.42216	-269.7346	171.3124	0.09927641	2.39688
3078	-98.2076	-270.0113	171.8037	0.04968061	2.113022
3084	-113.6885	-284.5122	170.8237	0.2376536	2.615727
3090	-116.4962	-288.1223	171.6261	0.1154448	2.185861
3096	-112.6363	-283.6133	170.9769	0.1633342	2.566838
3102	-119.6192	-290.5848	170.9656	0.532036	2.342396
3108	-107.2508	-278.6247	171.3739	0.1398651	2.332168
3114	-124.0036	-295.3161	171.3124	0.201302	2.332168
3120	-112.2822	-283.5783	171.2962	0.7021224	2.017411
3126	-130.1541	-301.4877	171.3336	0.7668894	1.949058
3132	-117.925	-288.7837	170.8587	0.274012	2.571536
3138	-114.4479	-286.2538	171.8059	0.1938368	2.016447
3144	-112.3563	-284.1725	171.8162	0.183551	2.016447
3150	-101.4393	-273.3687	171.9294	0.07030693	2.016447
3156	-94.70253	-266.9382	172.2357	0.3579316	1.605567
3162	-105.0014	-275.6005	170.5991	0.504892	2.589324
3168	-98.65905	-269.6431	170.9841	0.1199546	2.589324
3174	-112.8619	-283.6808	170.8189	0.6588395	2.355044
3180	-117.3271	-288.8083	171.4812	0.2698438	2.179695
3186	-118.2711	-290.0189	171.7478	0.2588542	2.011853
3192	-115.0009	-285.9327	170.9317	0.3067111	2.505715
3198	-104.8786	-276.7107	171.8321	0.06854171	2.081964
3204	-98.27203	-269.1004	170.8284	0.06060191	2.721815
3210	-92.43946	-264.1067	171.6672	0.2478135	2.072502
3216	-98.87321	-270.3279	171.4547	0.5479505	2.014487
3222	-110.1572	-280.709	170.5518	0.3643601	2.705112
3228	-102.1241	-273.4052	171.2811	0.01379356	2.470402
3234	-111.7056	-282.8014	171.0958	0.01799904	2.583264
3240	-102.3505	-273.9622	171.6116	0.3205867	2.061159
3246	-102.683	-274.4236	171.7406	0.3938467	1.926214
3252	-110.8232	-282.4489	171.6257	0.7112948	1.787576
3258	-97.43147	-269.4473	172.0158	0.09420188	1.942645
3264	-102.2515	-274.2959	172.0444	0.06560074	1.942645
3270	-105.7592	-277.3601	171.6009	0.1769479	2.162308
3276	-105.6749	-276.6987	171.0238	0.125569	2.561215
3282	-103.1521	-274.029	170.8769	0.2724296	2.561215
3288	-110.0133	-280.3785	170.3652	0.8067737	2.547167
3294	-112.7313	-282.6397	169.9084	0.2854308	3.140992
3300	-110.199	-281.6221	171.4231	0.2173474	2.25113
3306	-105.8844	-277.2934	171.409	0.1143036	2.326075
3312	-98.5229	-270.1434	171.6205	0.1911353	2.140297
3318	-105.8127	-277.2732	171.4605	0.3510849	2.140297
3324	-105.7124	-276.3826	170.6702	0.2064603	2.729334
3330	-114.2488	-286.4713	172.2225	0.3330552	1.63307
3336	-107.3831	-279.3637	171.9806	0.3330552	1.803718
3342	-116.5231	-287.466	170.9429	1.370752	1.803718
3348	-111.4525	-282.771	171.3185	0.3750297	2.216951
3354	-105.4966	-276.947	171.4503	0.4095217	2.108774
3360	-101.2167	-272.0365	170.8198	0.1576312	2.667482
3366	-119.01	-290.7886	171.7786	0.06179762	2.121478
3372	-111.9679	-283.3555	171.3876	0.1195848	2.336372
3378	-96.13262	-268.3518	172.2192	0.1921211	1.735716
3384	-91.64644	-262.9971	171.3507	0.4765169	2.130127
3390	-94.54453	-266.1634	171.6188	0.2083861	2.130127
3396	-89.8687	-261.5064	171.6377	0.1894773	2.130127
3402	-95.64361	-267.7213	172.0777	0.4473726	1.654995
3408	-92.51447	-264.6199	172.1055	0.1399344	1.850732
3414	-100.9649	-272.2208	171.256	0.3062445	2.301266
3420	-102.5771	-274.6048	172.0277	0.129663	1.910683
3426	-102.0727	-272.9666	170.894	0.7117879	2.273405
3432	-113.957	-285.7792	171.8222	0.4839621	1.808904
3438	-118.6065	-288.0735	169.4671	0.8762728	3.051839
3444	-123.8882	-294.9569	171.0687	0.5597677	2.258851
3450	-131.1118	-302.2157	171.1039	0.0653547	2.548834
3456	-131.0689	-301.291	170.2221	0.1319518	3.045424
3462	-117.3766	-288.0449	170.6684	0.1213872	2.782433
3468	-110.77	-282.3051	171.5351	0.3322853	2.103825
3474	-119.8632	-291.1596	171.2965	0.3801422	2.227846
3480	-115.1254	-286.5187	171.3934	0.3601553	2.178114
3486	-112.7007	-284.094	171.3934	0.3601553	2.178114
3492	-115.8913	-287.1813	171.29	0.02045532	2.460643
3498	-103.9699	-274.9275	170.9576	0.02254918	2.665839
3504	-103.4412	-275.4964	172.0551	0.2528071	1.807687
3510	-100.4973	-271.363	170.8657	0.3082059	2.545958
3516	-93.21725	-265.4559	172.2386	0.201448	1.715451
3522	-98.9117	-271.7095	172.7978	0.09297348	1.38201
3528	-108.196	-279.537	171.341	0.7132633	1.980078
3534	-115.667	-286.8135	171.1465	1.171206	1.800957
3540	-116.5301	-287.2935	170.7634	1.936645	1.527438
3546	-110.5897	-282.198	171.6083	0.4509682	1.976738
3552	-109.5727	-280.874	171.3013	0.9961748	1.814915
3558	-113.3703	-284.503	171.1326	0.240863	2.420972
3564	-118.3024	-289.7273	171.425	0.189394	2.267888
3570	-114.7218	-285.9906	171.2687	0.345626	2.267888
3576	-110.5016	-281.2575	170.7559	0.0551478	2.769461
3582	-108.9739	-280.6994	171.7255	0.1665216	2.087656
3588	-102.9167	-274.4613	171.5446	0.4635696	2.010832
3594	-119.7596	-290.398	170.6384	0.8850268	2.32601
3600	-102.2308	-273.6333	171.4025	0.4823524	2.09238
3606	-107.9674	-279.8666	171.8993	0.1273878	1.998525
3612	-107.7054	-279.4959	171.7905	0.002652913	2.152329
3618	-97.26533	-268.5209	171.2556	0.001530165	2.49402
3624	-100.1183	-271.315	171.1967	0.001092089	2.531079
3630	-95.01805	-266.3173	171.2992	0.004881779	2.464605
3636	-102.3254	-272.8584	170.5329	0.1713212	2.834449
3642	-98.6714	-269.7317	171.0603	0.3809451	2.378192
3648	-95.28794	-265.9923	170.7043	0.4181929	2.577867
3654	-100.6445	-272.3265	171.682	0.3261434	2.010825
3660	-107.0135	-278.9397	171.9262	0.4362901	1.769829
3666	-108.6295	-280.2905	171.661	0.2795242	2.055655
3672	-113.3831	-283.8229	170.4399	0.2445541	2.846478
3678	-114.5889	-285.9409	171.352	0.2170988	2.296845
3684	-105.5564	-276.3994	170.843	0.1685158	2.646479
3690	-114.9688	-286.2907	171.3219	0.1685158	2.347022
3696	-113.0702	-283.2363	170.1661	1.327463	2.345031
3702	-102.3645	-274.0432	171.6787	0.4018949	1.962414
3708	-107.6764	-279.7652	172.0888	0.2189336	1.807862
3714	-121.2152	-291.975	170.7598	0.2915642	2.621886
3720	-111.2757	-283.6983	172.4227	0.02142696	1.712604
3726	-113.5973	-284.0228	170.4255	0.3761628	2.775169
3732	-120.1005	-291.8454	171.7449	0.8050033	1.637199
3738	-115.9998	-288.3881	172.3882	0.1062477	1.676877
3744	-124.9888	-296.2205	171.2317	0.5933543	2.131514
3750	-130.6977	-301.4851	170.7875	1.767642	1.633418
3756	-135.9097	-306.4478	170.5381	0.8385938	2.418978
3762	-115.3643	-286.6008	171.2365	0.6066756	2.11966
3768	-112.7406	-284.438	171.6974	0.1457811	2.11966
3774	-125.2545	-295.6466	170.3921	0.1247447	2.947715
3780	-122.9981	-293.3892	170.3911	0.5882792	2.666302
3786	-108.2264	-279.0456	170.8191	0.1602404	2.666302
3792	-105.9984	-276.341	170.3426	0.8694958	2.522154
3798	-116.4112	-289.0848	172.6737	0.1353165	1.445316
3804	-113.6714	-285.5606	171.8892	0.3595799	1.848449
3810	-114.2007	-284.7355	170.5348	0.3595799	2.718507
3816	-105.5731	-276.6345	171.0613	0.02997043	2.597198
3822	-99.36777	-270.7485	171.3807	0.08774696	2.360947
3828	-100.1384	-271.5312	171.3928	0.9139461	1.808553
3834	-106.2594	-278.2076	171.9482	0.6065962	1.633678
3840	-98.98348	-270.3685	171.385	0.3552625	2.186716
3846	-96.66245	-268.8622	172.1997	0.3552625	1.63351
3852	-106.1541	-277.3857	171.2316	0.6240871	2.111493
3858	-113.0268	-284.2287	171.2019	0.4977568	2.212969
3864	-104.5209	-276.0718	171.5509	0.4639459	2.006387
3870	-104.7645	-275.9678	171.2033	0.3669214	2.296129
3876	-105.1139	-276.473	171.3591	0.077532	2.381128
3882	-113.5997	-283.4718	169.8721	0.9171501	2.782734
3888	-107.9133	-276.9488	169.0355	0.5988497	3.470646
3894	-115.4366	-285.929	170.4924	0.1318044	2.882936
3900	-121.1379	-292.07	170.9322	0.4792281	2.397054
3906	-126.5385	-297.5533	171.0147	0.2653667	2.479642
3912	-117.0755	-288.4897	171.4142	0.5077901	2.067925
3918	-99.03477	-270.4294	171.3946	0.5180103	2.074108
3924	-111.2657	-282.3635	171.0978	0.3926128	2.346996
3930	-114.7267	-286.1934	171.4668	0.02363532	2.346996
3936	-111.381	-283.4366	172.0556	0.6123163	1.551199
3942	-109.1588	-281.2106	172.0518	0.1697772	1.867024
3948	-111.1995	-282.8157	171.6161	0.9799778	1.603758
3954	-103.6512	-274.962	171.3107	1.287746	1.602047
3960	-105.5731	-276.5645	170.9914	0.2031952	2.533039
3966	-113.6632	-284.6689	171.0057	0.04419279	2.622823
3972	-115.2035	-287.0387	171.8351	0.1691106	2.013445
3978	-114.2574	-284.8637	170.6063	0.9275511	2.31937
3984	-109.4301	-280.7786	171.3485	0.1853665	2.31937
3990	-107.2185	-278.2516	171.033	0.2641308	2.468957
3996	-112.1345	-281.8507	169.7162	0.6628505	3.030449
4002	-106.5353	-278.411	171.8757	0.1511317	1.998409
4008	-106.9942	-278.1284	171.1342	0.6522936	2.156693
4014	-101.5939	-272.62	171.0261	0.3841989	2.397729
4020	-98.99014	-270.6618	171.6717	0.2867755	2.043841
4026	-104.3961	-274.6178	170.2217	0.7313234	2.682506
4032	-108.1902	-279.5695	171.3793	1.236689	1.589312
4038	-106.2518	-277.5259	171.2741	1.236689	1.665195
4044	-109.9232	-281.5809	171.6577	0.1652173	2.132912
4050	-98.17323	-268.583	170.4098	0.6765161	2.600321
4056	-100.936	-272.8547	171.9187	0.9579178	1.39309
4062	-101.438	-272.6989	171.2609	0.5920419	2.113295
4068	-109.8957	-281.2817	171.386	1.047808	1.71984
4074	-107.6345	-278.9591	171.3245	0.3669829	2.218231
4080	-102.5896	-273.0515	170.4619	0.7667166	2.511827
4086	-116.1695	-287.189	171.0195	0.1143778	2.570803
4092	-122.4134	-293.5398	171.1264	0.2166229	2.440144
4098	-123.6626	-294.8777	171.2151	0.2766657	2.34617
4104	-104.7058	-276.1234	171.4177	0.1237887	2.3145
4110	-115.5698	-287.4676	171.8978	0.03433304	2.061219
4116	-108.5214	-280.0517	171.5303	0.7526287	1.824949
4122	-107.9757	-280.1644	172.1887	0.09424508	1.824949
4128	-108.6173	-280.0612	171.4439	0.9592817	1.741397
4134	-113.1776	-283.5295	170.3519	0.8143024	2.550731
4140	-117.3384	-288.7454	171.407	0.9021273	1.806877
4146	-125.6032	-294.749	169.1458	2.25118	2.406153
4152	-116.5621	-286.4148	169.8527	1.116807	2.67236
4158	-116.3917	-286.7936	170.402	1.231251	2.255769
4164	-123.8362	-295.6551	171.8188	0.1316916	2.049067
4170	-124.0144	-295.762	171.7476	0.2029826	2.049067
4176	-126.3093	-297.2854	170.9761	0.7864668	2.172213
4182	-148.1528	-318.2034	170.0506	1.188657	2.505186
4188	-148.8374	-318.5529	169.7155	0.6567376	3.034537
4194	-128.9382	-298.5622	169.624	0.2357497	3.338554
4200	-120.3406	-291.7114	171.3709	0.02688814	2.405666
4206	-118.0305	-289.1813	171.1508	0.2470165	2.405666
4212	-120.0124	-290.3758	170.3634	0.5582391	2.701782
4218	-110.4806	-281.5058	171.0252	0.1411395	2.550656
4224	-126.4361	-298.3496	171.9134	0.2586311	1.900738
4230	-111.5627	-283.184	171.6213	0.2493224	2.1017
4236	-114.5233	-285.5155	170.9922	0.2508898	2.502826
4242	-123.7769	-295.1966	171.4197	0.2830007	2.211017
4248	-122.7683	-293.3523	170.584	0.4522067	2.631255
4254	-103.8716	-275.3819	171.5103	0.1579337	2.233254
4260	-108.2919	-277.514	169.2221	0.7073899	3.297449
4266	-107.6948	-279.4076	171.7128	0.08535856	2.149088
4272	-114.2746	-285.8146	171.54	0.1618972	2.211509
4278	-107.1903	-279.3973	172.207	0.08857809	1.816254
4284	-130.236	-300.88	170.644	0.1520913	2.778564
4290	-111.3348	-282.0787	170.7439	0.5111412	2.495344
4296	-114.8757	-285.6127	170.737	0.07093337	2.771327
4302	-113.0614	-285.3754	172.314	0.07730508	1.749715
4308	-102.2195	-274.3889	172.1693	0.02696527	1.884257
4314	-112.789	-281.6412	168.8522	2.366486	2.518027
4320	-102.1658	-272.6595	170.4937	0.6674121	2.553894
4326	-112.6192	-283.235	170.6158	0.5453054	2.553894
4332	-104.166	-276.011	171.845	0.05393613	2.083127
4338	-119.7276	-291.2881	171.5605	0.01326299	2.293872
4344	-116.5849	-288.3647	171.7798	0.007386877	2.156224
4350	-113.7203	-284.4724	170.7521	0.01052197	2.798971
4356	-124.7021	-295.9942	171.2921	0.004523147	2.469283
4362	-106.9217	-278.21	171.2883	0.008336966	2.469283
4368	-108.2294	-279.3187	171.0893	0.02520093	2.582846
4374	-105.9329	-277.5514	171.6185	0.1037287	2.19841
4380	-113.5231	-284.9746	171.4516	0.3413828	2.152484
4386	-116.4471	-287.9224	171.4752	0.3177012	2.152484
4392	-114.3514	-286.7193	172.3679	0.1097056	1.688875
4398	-111.7241	-283.0524	171.3283	0.3284141	2.240665
4404	-108.905	-280.4615	171.5565	0.06254049	2.264884
4410	-105.5091	-276.8333	171.3242	0.2947953	2.264884
4416	-109.2716	-280.2068	170.9352	0.5112388	2.374893
4422	-117.0236	-288.1886	171.1651	0.5112388	2.22805
4428	-138.3499	-309.6911	171.3411	0.5112388	2.113657
4434	-130.7459	-301.9605	171.2146	0.1273452	2.44081
4440	-124.2604	-294.3728	170.1124	0.2239494	3.056015
4446	-125.8795	-296.6068	170.7273	0.5796771	2.462812
4452	-114.6206	-285.1712	170.5506	0.05914238	2.891717
4458	-112.8347	-284.0419	171.2072	0.009223209	2.519441
4464	-112.0279	-283.616	171.5881	0.07670945	2.235454
4470	-114.519	-285.9545	171.4356	0.07670945	2.3331
4476	-108.6574	-280.4599	171.8026	0.4031285	1.877859
4482	-99.65837	-270.6563	170.9979	0.6566215	2.242085
4488	-103.6891	-274.5363	170.8473	0.5775726	2.388578
4494	-105.1522	-276.4461	171.2939	0.1309741	2.388578
4500	-107.7227	-279.6385	171.9158	0.02514602	2.055381
4506	-117.71	-287.8717	170.1616	0.02543796	3.145011
4512	-107.4936	-278.3369	170.8433	0.1610865	2.650901
4518	-101.2608	-273.3058	172.0451	0.1610865	1.877553
4524	-94.66162	-266.4521	171.7905	0.2061272	2.0185
4530	-94.6331	-265.8952	171.2621	0.4805395	2.1852
4536	-102.0813	-273.2403	171.159	0.2436191	2.40258
4542	-106.2341	-276.8248	170.5908	0.4209759	2.64637
4548	-107.2991	-278.0575	170.7585	0.45045	2.524141
4554	-111.1344	-283.066	171.9316	0.2874291	1.868764
4560	-120.7546	-291.6332	170.8786	0.1424433	2.640647
4566	-112.9061	-283.3897	170.4837	0.05201313	2.936397
4572	-110.7833	-281.6188	170.8355	0.3621592	2.531158
4578	-117.2816	-288.0488	170.7672	0.4304438	2.531158
4584	-111.1447	-282.4607	171.316	0.09135096	2.399652
4590	-105.015	-276.9504	171.9354	0.3961924	1.791324
4596	-123.349	-295.8188	172.4698	0.4197841	1.382946
4602	-111.6063	-282.4965	170.8902	0.4707002	2.428913
4608	-107.9794	-278.9257	170.9463	0.4145888	2.428913
4614	-104.4416	-275.7418	171.3002	0.06070219	2.428913
4620	-109.6781	-279.9663	170.2882	0.5230649	2.769303
4626	-106.0982	-277.8596	171.7614	0.4352509	1.884017
4632	-113.1217	-284.38	171.2582	0.5341215	2.152853
4638	-111.7091	-283.9024	172.1933	0.219969	1.73431
4644	-111.8445	-282.1198	170.2753	0.5763433	2.744646
4650	-115.5497	-285.8732	170.3235	0.5763433	2.715166
4656	-108.1657	-278.3102	170.1446	0.5621142	2.832968
4662	-116.337	-285.9871	169.6502	1.515906	2.55081
4668	-107.2436	-279.103	171.8594	0.5902063	1.708717
4674	-121.9273	-293.9492	172.0219	0.5902063	1.592112
4680	-114.4671	-285.0843	170.6172	1.273598	2.088459
4686	-121.1511	-291.4309	170.2797	0.1259726	3.014508
4692	-108.809	-279.9607	171.1517	0.5694415	2.199107
4698	-122.27	-293.6054	171.3354	0.9206458	1.84343
4704	-124.938	-295.8436	170.9056	0.2425875	2.56191
4710	-115.766	-286.7625	170.9964	0.1517671	2.56191
4716	-103.3919	-274.9459	171.554	0.677135	1.860513
4722	-111.7054	-282.4993	170.7939	0.3872898	2.541416
4728	-113.1164	-283.7748	170.6584	0.1127448	2.793768
4734	-116.8364	-287.4545	170.618	0.6664349	2.476907
4740	-116.223	-287.3086	171.0855	0.2587452	2.439364
4746	-115.6229	-286.3775	170.7546	0.03562651	2.782109
4752	-113.9324	-285.2085	171.2761	0.2042713	2.353386
4758	-113.7723	-284.9925	171.2203	0.2601049	2.353386
4764	-101.214	-272.5172	171.3031	0.1772199	2.353386
4770	-96.3166	-268.2765	171.9599	0.7497632	1.520246
4776	-102.9454	-274.3798	171.4345	0.09222766	2.323932
4782	-113.3492	-284.674	171.3248	0.6855051	2.009403
4788	-123.6303	-293.9437	170.3133	0.5383285	2.74463
4794	-106.2832	-278.3464	172.0633	0.1733645	1.856741
4800	-113.8462	-284.5386	170.6924	1.42127	1.940194
4806	-111.3319	-282.2108	170.8789	0.1890665	2.611648
4812	-108.413	-280.1304	171.7174	0.1106502	2.129599
4818	-114.4273	-285.4377	171.0104	0.2613909	2.484878
4824	-108.7502	-279.8905	171.1403	0.1314788	2.484878
4830	-119.7971	-289.6803	169.8832	0.5016027	3.027015
4836	-106.21	-277.5422	171.3321	0.654815	2.024927
4842	-100.2452	-271.8846	171.6394	0.3475906	2.024927
4848	-108.0839	-278.3471	170.2632	0.1706594	2.997636
4854	-112.2915	-282.7141	170.4225	1.538182	2.042325
4860	-102.3378	-274.4357	172.0979	0.2364562	1.789431
4866	-100.5704	-272.3702	171.7998	0.1795714	2.029998
4872	-105.5035	-277.5874	172.0838	0.2365036	1.799111
4878	-99.82156	-271.5151	171.6935	0.09972795	2.152268
4884	-105.6355	-276.7938	171.1583	0.7410775	2.08284
4890	-121.894	-291.5475	169.6535	1.395207	2.623562
4896	-107.8271	-278.912	171.0849	0.7309563	2.137554
4902	-101.1104	-272.0333	170.9229	0.398599	2.453704
4908	-114.4542	-285.3984	170.9442	0.3772879	2.453704
4914	-121.0295	-292.4149	171.3854	0.9246589	1.80624
4920	-107.2109	-278.5673	171.3564	1.026475	1.755613
4926	-106.6635	-278.3653	171.7018	1.041979	1.494724
4932	-112.7987	-283.8251	171.0264	1.868068	1.37913
4938	-108.3761	-279.8465	171.4704	0.3645119	2.125073
4944	-113.4516	-283.9921	170.5405	0.6185305	2.555182
4950	-119.0537	-291.3833	172.3296	0.1134408	1.713339
4956	-120.4415	-291.285	170.8436	0.5717458	2.394596
4962	-118.0799	-289.4687	171.3888	0.0265455	2.394596
4968	-111.5129	-282.5572	171.0443	0.1144521	2.555367
4974	-115.6171	-287.701	172.0839	0.4637768	1.638764
4980	-106.4585	-278.0372	171.5788	0.325605	2.079532
4986	-111.7581	-281.8536	170.0955	0.5010238	2.899697
4992	-123.098	-293.6159	170.5179	0.07862338	2.899697
4998	-107.1695	-278.1862	171.0168	0.2301833	2.500386
5004	-106.602	-277.6833	171.0813	0.1656311	2.500386
5010	-103.4032	-274.6142	171.211	0.5191429	2.193296
5016	-109.0265	-279.6365	170.6101	1.187352	2.149563
5022	-115.1249	-286.1909	171.066	0.7300634	2.150443
5028	-114.3506	-284.5702	170.2197	0.8976511	2.58109
5034	-114.9961	-286.2002	171.204	0.1034037	2.462514
5040	-108.3665	-279.2765	170.9099	0.465206	2.419943
5046	-115.4627	-286.7957	171.333	0.07161351	2.401361
5052	-116.065	-286.9607	170.8957	0.1858155	2.603268
5058	-119.5989	-289.8483	170.2493	0.4234345	2.853531
5064	-116.5563	-287.1056	170.5493	0.1234912	2.853531
5070	-104.8217	-276.3959	171.5743	0.05121917	2.260754
5076	-105.8839	-275.8517	169.9679	0.7358476	2.83475
5082	-116.4549	-288.9085	172.4537	0.2122192	1.5527
5088	-100.9083	-271.9611	171.0528	0.03108157	2.601821
5094	-96.38954	-268.7369	172.3474	0.02567666	1.762479
5100	-116.3969	-287.135	170.738	0.5571224	2.470224
5106	-121.386	-293.6647	172.2788	0.3170938	1.603927
5112	-119.0134	-291.5683	172.5549	0.01426099	1.623285
5118	-105.1874	-276.707	171.5196	0.139402	2.239215
5124	-114.3868	-282.0998	167.713	2.541079	3.105137
5130	-109.8103	-280.3641	170.5538	0.3850769	2.691181
5136	-104.2263	-275.6259	171.3996	0.03911733	2.379795
5142	-104.2194	-275.6836	171.4642	0.05932935	2.325955
5148	-116.1145	-287.1419	171.0274	0.4265287	2.37016
5154	-102.5051	-274.0056	171.5005	0.03811247	2.316295
5160	-108.7537	-280.146	171.3923	0.1463394	2.316295
5166	-122.3229	-291.6755	169.3526	1.591057	2.688239
5172	-113.3235	-284.3459	171.0224	0.7563943	2.161701
5178	-120.1583	-290.2274	170.0691	0.4293059	2.958819
5184	-112.9203	-283.0179	170.0976	1.207628	2.463901
5190	-118.8328	-290.3704	171.5376	0.2864593	2.132205
5196	-118.0535	-290.0752	172.0217	0.1870126	1.875813
5202	-112.1287	-282.8153	170.6866	0.4672818	2.558401
5208	-112.917	-283.7967	170.8796	0.2625448	2.565658
5214	-113.975	-282.6505	168.6755	0.587309	3.686584
5220	-113.4483	-284.1336	170.6853	0.9041389	2.283854
5226	-112.4803	-282.9965	170.5162	0.2260175	2.811388
5232	-120.6543	-291.1676	170.5134	0.1813168	2.840235
5238	-123.3958	-293.3396	169.9438	0.4748177	3.006782
5244	-121.8369	-292.8099	170.973	0.2343632	2.525093
5250	-121.5773	-292.8472	171.2699	0.1334926	2.402126
5256	-122.111	-292.6078	170.4968	0.2291583	2.821234
5262	-132.1	-302.7372	170.6372	0.08878896	2.821234
5268	-123.2454	-293.1743	169.9289	0.3383277	3.097276
5274	-131.9557	-302.7001	170.7444	0.06010961	2.773438
5280	-119.4492	-289.8473	170.3982	0.5364589	2.693813
5286	-106.9511	-278.6802	171.7291	0.6231271	1.77699
5292	-116.3397	-286.6432	170.3035	0.7867945	2.597854
5298	-119.9175	-290.8496	170.9321	0.1574488	2.598269
5304	-107.261	-278.5132	171.2522	0.3117892	2.300128
5310	-111.0517	-282.8159	171.7643	0.2562152	2.002631
5316	-115.1482	-285.6128	170.4646	0.3401229	2.773292
5322	-108.9313	-280.1308	171.1995	0.3361002	2.318229
5328	-110.2415	-282.1158	171.8742	0.4617492	1.78827
5334	-128.403	-298.8841	170.4811	0.1829738	2.858809
5340	-127.4496	-297.4194	169.9697	0.637957	2.892923
5346	-123.3192	-294.6835	171.3643	0.04507497	2.398337
5352	-121.1492	-292.4758	171.3266	0.05381678	2.416606
5358	-113.9845	-284.4921	170.5076	0.6070605	2.582729
5364	-105.8939	-276.7022	170.8083	0.4584547	2.488026
5370	-109.0499	-280.3166	171.2667	0.212027	2.354403
5376	-108.6517	-279.4871	170.8354	0.5138145	2.436237
5382	-106.0615	-276.2045	170.143	0.1506952	3.081523
5388	-114.9134	-285.8996	170.9862	0.3694396	2.432249
5394	-124.2149	-296.8132	172.5983	0.1229777	1.511583
5400	-121.3111	-291.9737	170.6626	0.2607029	2.700741
5406	-130.776	-302.2371	171.4611	0.02271598	2.351206
5412	-120.4227	-291.3863	170.9636	0.01067516	2.669434
5418	-115.9785	-286.8014	170.8229	0.1513605	2.669434
5424	-108.0484	-279.7512	171.7028	0.1776881	2.09526
5430	-106.5715	-277.7384	171.1669	0.1672854	2.445722
5436	-117.6184	-287.1742	169.5558	0.4686788	3.241392
5442	-118.7722	-288.6148	169.8426	0.1819198	3.241392
5448	-110.1999	-282.0359	171.836	0.01435564	2.114965
5454	-119.9822	-290.1327	170.1505	0.4717942	2.884129
5460	-125.2268	-296.4457	171.2189	0.3578007	2.291989
5466	-117.3353	-287.579	170.2437	0.6011752	2.74878
5472	-124.5231	-295.7982	171.2751	0.7674163	1.987958
5478	-117.9017	-288.0149	170.1132	1.160733	2.483492
5484	-114.3774	-285.5995	171.2222	0.2060308	2.386448
5490	-99.09797	-270.4097	171.3118	0.116439	2.386448
5496	-96.31443	-267.6485	171.3341	0.3976363	2.192255
5502	-96.26387	-268.8107	172.5468	0.07421972	1.585603
5508	-104.9895	-274.6649	169.6754	0.4334575	3.191441
5514	-101.7026	-273.0146	171.312	0.3078758	2.264347
5520	-116.4187	-286.295	169.8763	0.3245985	3.136791
5526	-106.6238	-278.2122	171.5884	0.3560191	2.053096
5532	-102.062	-273.9145	171.8525	0.09192891	2.053096
5538	-118.7525	-289.6377	170.8852	0.9956649	2.09499
5544	-113.3087	-284.6335	171.3249	0.5486686	2.099801
5550	-115.2346	-286.0222	170.7876	1.085949	2.099801
5556	-122.8897	-293.7996	170.9099	0.933089	2.119834
5562	-112.6005	-282.3477	169.7472	0.7180536	2.978787
5568	-122.3058	-291.9911	169.6854	0.7346177	3.005953
5574	-110.1113	-280.2393	170.1281	0.5264429	2.864587
5580	-101.4832	-273.3975	171.9143	0.0273424	2.054948
5586	-115.1619	-285.6588	170.497	0.04915849	2.930087
5592	-97.24793	-268.634	171.3861	0.05717161	2.376904
5598	-97.41638	-267.7307	170.3143	1.128931	2.376904
5604	-99.5795	-269.0147	169.4352	0.2404037	3.446519
5610	-100.2023	-271.7848	171.5825	0.1081971	2.218737
5616	-94.63652	-266.2818	171.6452	0.06814926	2.204113
5622	-103.0931	-274.6043	171.5112	0.398868	2.075756
5628	-115.18	-285.5275	170.3475	0.5971163	2.687671
5634	-115.1976	-285.2898	170.0922	0.8524124	2.687671
5640	-104.0592	-275.0509	170.9917	0.3554757	2.437547
5646	-116.6993	-286.9766	170.2773	0.1227299	3.017902
5652	-119.3681	-291.1115	171.7434	0.03273919	2.163429
5658	-112.6216	-284.2436	171.622	0.1540823	2.163429
5664	-129.4118	-299.3653	169.9536	1.002107	2.680876
5670	-117.3642	-289.1411	171.777	0.08887809	2.104826
5676	-110.8042	-283.0579	172.2537	0.1385343	1.74908
5682	-103.1842	-273.9508	170.7666	1.452324	1.86883
5688	-89.62236	-260.6945	171.0722	0.5207416	2.281635
5694	-100.6439	-272.0386	171.3947	0.4500915	2.11866
5700	-104.7539	-276.1898	171.436	0.08973045	2.324558
5706	-116.0061	-287.0802	171.074	0.3355679	2.398193
5712	-109.4314	-280.6191	171.1877	1.184338	1.763163
5718	-108.8069	-279.2703	170.4634	1.184338	2.246438
5724	-104.2891	-273.8855	169.5964	2.295996	2.087387
5730	-99.11431	-270.1271	171.0127	0.2084725	2.516458
5736	-99.6226	-271.353	171.7304	0.2066316	2.057959
5742	-98.807	-269.469	170.662	0.1193399	2.787532
5748	-91.99953	-264.1928	172.1933	0.2501156	1.713092
5754	-94.29504	-266.5664	172.2713	0.1720881	1.713092
5760	-94.24439	-265.3959	171.1516	0.437621	2.284025
5766	-105.6052	-276.9759	171.3707	0.5008583	2.101099
5772	-106.1768	-277.4848	171.308	0.2511872	2.303188
5778	-115.3539	-284.8569	169.503	2.068692	2.295205
5784	-112.4846	-283.6001	171.1155	0.04198774	2.556174
5790	-106.6027	-279.0471	172.4444	0.08478845	1.652036
5796	-93.05761	-265.2194	172.1618	0.01421947	1.898047
5802	-93.98781	-266.0736	172.0858	0.09020778	1.898047
5808	-105.6214	-276.8423	171.2209	0.1664416	2.412267
5814	-108.1492	-279.7662	171.617	0.464243	1.962017
5820	-110.8773	-281.7757	170.8984	0.1903761	2.598794
5826	-109.0546	-280.5425	171.4879	0.161839	2.24518
5832	-111.6603	-283.1632	171.5028	0.1468721	2.24518
5838	-105.4451	-276.7438	171.2987	0.1118361	2.397605
5844	-124.9234	-295.3217	170.3984	0.4366926	2.754772
5850	-117.6646	-288.0754	170.4108	0.3152139	2.821229
5856	-113.2932	-284.9674	171.6741	0.7336611	1.738159
5862	-110.3689	-281.9614	171.5924	1.25236	1.417789
5868	-114.0471	-285.1865	171.1394	1.407033	1.639701
5874	-112.1937	-283.5634	171.3697	0.9070532	1.829174
5880	-114.9272	-286.4804	171.5532	0.7235495	1.829174
5886	-108.9789	-280.3817	171.4028	0.7235495	1.931644
5892	-116.649	-287.7995	171.1505	0.7235495	2.099471
5898	-127.2135	-298.6191	171.4056	0.7055707	1.941889
5904	-120.8463	-292.3636	171.5173	0.5938623	1.941889
5910	-107.0407	-278.3272	171.2865	0.1977951	2.35091
5916	-99.22623	-270.996	171.7698	0.1548534	2.066175
5922	-104.1139	-276.1873	172.0734	0.5628032	1.574541
5928	-102.3906	-274.2576	171.867	0.4482999	1.802582
5934	-99.08705	-271.0601	171.973	0.5013116	1.691204
5940	-107.5324	-279.2827	171.7503	0.3407831	1.955405
5946	-116.8501	-289.1646	172.3144	0.2150124	1.651885
5952	-116.0467	-286.4474	170.4007	0.1327445	2.937733
5958	-111.5688	-281.9428	170.374	0.159438	2.937733
5964	-102.3725	-272.3453	169.9729	0.2484308	3.12466
5970	-107.7657	-278.5269	170.7612	0.2484308	2.647692
5976	-117.768	-287.5293	169.7613	1.199656	2.677636
5982	-116.878	-287.6764	170.7984	0.5561663	2.432903
5988	-125.1659	-296.4681	171.3023	0.4495209	2.179243
5994	-112.6154	-283.3569	170.7415	0.1518896	2.719103
6000	-120.2186	-291.5204	171.3019	0.9934097	1.816447
6006	-114.1778	-285.6682	171.4904	0.1423789	2.256081
6012	-116.077	-287.8815	171.8045	0.5546215	1.772188
6018	-109.5916	-280.1848	170.5932	0.4220723	2.644191
6024	-125.9875	-296.6199	170.6324	1.023889	2.240952
6030	-120.5964	-292.0073	171.4109	0.2855308	2.215094
6036	-116.8195	-287.6921	170.8726	0.6110459	2.35128
6042	-117.6258	-288.8691	171.2433	0.2690332	2.333057
6048	-122.4019	-294.3294	171.9274	0.06212471	2.0232
6054	-111.6349	-283.4052	171.7702	0.5190027	1.820604
6060	-102.8806	-274.7012	171.8206	0.2043444	1.99967
6066	-110.6426	-281.545	170.9025	0.6695645	2.29499
6072	-103.803	-274.9407	171.1377	0.434317	2.29499
6078	-105.2178	-275.841	170.6232	0.2144174	2.753189
6084	-108.3084	-279.1248	170.8165	0.6186672	2.382065
6090	-110.8444	-282.2047	171.3603	0.1872297	2.310622
6096	-113.9182	-285.8825	171.9642	0.2882696	1.845855
6102	-114.6163	-285.4907	170.8743	0.5011115	2.419751
6108	-115.3068	-286.2008	170.8939	0.05600913	2.684393
6114	-123.9577	-295.7126	171.7549	0.00824069	2.17184
6120	-112.7986	-284.0215	171.2229	0.05487719	2.481122
6126	-114.4215	-285.6776	171.2561	0.02166581	2.481122
6132	-129.13	-297.2887	168.1586	1.289776	3.578968
6138	-119.0291	-289.9698	170.9407	0.09292666	2.632867
6144	-116.4925	-286.5596	170.0671	0.01127851	3.20952
6150	-99.83678	-271.845	172.0082	0.01054583	2.003787
6156	-107.1102	-279.1705	172.0603	0.08064081	1.921835
6162	-101.0477	-271.2895	170.2418	0.3622223	2.895129
6168	-95.46432	-267.4791	172.0148	0.09651106	1.94179
6174	-114.6585	-286.5842	171.9257	0.1856152	1.94179
6180	-114.1496	-284.9204	170.7707	0.7324982	2.338869
6186	-112.3289	-281.9205	169.5915	0.6655995	3.103304
6192	-130.0547	-301.5235	171.4689	0.5868192	1.979118
6198	-112.5967	-283.5297	170.9331	1.714102	1.566479
6204	-112.8202	-284.1749	171.3546	1.502133	1.408529
6210	-108.8024	-278.6846	169.8822	0.7205975	2.895901
6216	-115.3189	-285.7268	170.4079	0.1948569	2.895901
6222	-121.3386	-291.9126	170.574	0.9556376	2.322034
6228	-121.4913	-293.2097	171.7183	0.2633548	2.028432
6234	-102.8898	-274.0852	171.1954	0.8906939	1.958718
6240	-110.7568	-281.4718	170.715	0.8906939	2.273447
6246	-111.6068	-282.909	171.3023	0.7026659	2.012985
6252	-107.9138	-279.4785	171.5647	0.2710527	2.124539
6258	-116.2061	-287.3796	171.1735	0.1532193	2.450405
6264	-113.5673	-284.3698	170.8025	0.5242067	2.450405
6270	-120.7701	-291.5603	170.7902	0.6179459	2.399104
6276	-108.9265	-279.8546	170.9281	0.4800317	2.399104
6282	-108.8991	-280.1838	171.2847	0.1235184	2.399104
6288	-106.3763	-277.6641	171.2878	0.1647996	2.371014
6294	-98.13062	-270.2229	172.0923	0.5296866	1.584949
6300	-101.3263	-273.4609	172.1346	0.1205273	1.844051
6306	-114.0679	-285.5279	171.46	0.4947413	2.046294
6312	-114.6777	-285.7012	171.0235	0.5076338	2.321115
6318	-114.6218	-286.3492	171.7274	0.3449912	1.967955
6324	-109.2343	-280.0494	170.8151	0.2744122	2.598344
6330	-110.4898	-281.3033	170.8135	0.3517752	2.55129
6336	-101.6649	-273.7163	172.0514	0.3814765	1.720519
6342	-100.2742	-270.6855	170.4113	1.671002	1.961299
6348	-101.9675	-273.4517	171.4842	0.8117865	1.815955
6354	-91.08385	-263.109	172.0252	0.09383334	1.936612
6360	-85.80645	-257.9881	172.1816	0.05237085	1.858554
6366	-84.93257	-256.8692	171.9366	0.4198789	1.774025
6372	-92.27217	-264.463	172.1908	0.1010628	1.818773
6378	-102.4089	-274.4516	172.0428	0.164686	1.87666
6384	-96.83505	-268.9784	172.1434	0.2067683	1.778437
6390	-94.1715	-265.8054	171.6339	0.7162896	1.778437
6396	-95.87261	-267.4396	171.567	0.3035827	2.10171
6402	-97.7522	-269.5937	171.8415	0.3033181	1.919185
6408	-110.8137	-282.272	171.4582	0.6934771	1.914525
6414	-110.6779	-281.9773	171.2994	0.08082209	2.416733
6420	-106.0482	-277.5516	171.5035	0.1981444	2.211722
6426	-101.787	-272.7168	170.9298	0.1078453	2.630413
6432	-106.8657	-277.0406	170.1749	0.6685985	2.749648
6438	-105.9933	-275.4564	169.4631	2.366143	2.128767
6444	-111.8717	-281.0366	169.165	2.311094	2.356116
6450	-107.8073	-279.2039	171.3966	0.07950904	2.356116
6456	-98.06641	-269.484	171.4176	0.5233133	2.05544
6462	-96.39619	-268.5861	172.1899	0.2210779	1.73593
6468	-99.42007	-270.8631	171.443	0.01396011	2.368208
6474	-112.8952	-284.9131	172.0179	0.04665306	1.973169
6480	-118.9046	-289.2561	170.3515	1.233643	2.28658
6486	-124.0812	-295.9184	171.8372	1.233643	1.23624
6492	-130.8885	-302.3316	171.4431	1.233643	1.544646
6498	-110.3976	-281.8627	171.4651	1.157682	1.584348
6504	-124.6571	-295.8904	171.2333	0.9953726	1.862202
6510	-114.9785	-286.0123	171.0338	0.409416	2.376942
6516	-129.3675	-298.3001	168.9327	0.208204	3.757018
6522	-114.5396	-284.9373	170.3977	0.7454344	2.565069
6528	-108.1071	-279.5972	171.4901	0.3317552	2.133613
6534	-105.9577	-276.3955	170.4379	0.1427585	2.909273
6540	-112.5255	-284.2311	171.7056	0.24197	2.051004
6546	-120.1709	-291.5941	171.4232	0.1201904	2.313273
6552	-124.6378	-294.4732	169.8355	0.06748833	3.313094
6558	-121.4012	-291.0546	169.6534	0.2495701	3.313094
6564	-121.0275	-291.832	170.8045	0.104155	2.709758
6570	-111.0432	-282.7922	171.749	0.04798	2.149868
6576	-110.8702	-281.8781	171.0079	0.0135338	2.640395
6582	-121.6539	-293.4753	171.8214	0.04138534	2.106864
6588	-105.8188	-277.4238	171.605	0.4674235	1.967899
6594	-113.6369	-284.2551	170.6182	0.1476517	2.797014
6600	-111.1339	-281.7706	170.6367	0.07201562	2.831728
6606	-117.694	-289.6187	171.9247	0.3898877	1.803094
6612	-118.3654	-288.5819	170.2165	0.6820659	2.715944
6618	-120.825	-292.7815	171.9565	0.05483001	2.008732
6624	-110.7852	-282.1295	171.3443	0.2647208	2.271327
6630	-118.2842	-290.0493	171.7651	0.1949824	2.042747
6636	-118.2368	-290.0827	171.8459	0.1987926	1.986466
6642	-108.9376	-279.1906	170.253	1.784792	1.991111
6648	-108.4634	-280.0949	171.6315	0.489172	1.935498
6654	-110.131	-281.9273	171.7963	0.03049648	2.130391
6660	-110.9903	-281.6985	170.7082	0.01581036	2.822437
6666	-107.0325	-278.259	171.2264	0.03727333	2.48992
6672	-118.4586	-289.9564	171.4978	0.2910471	2.155123
6678	-107.9211	-279.142	171.2209	0.07650419	2.468785
6684	-110.6999	-281.0726	170.3727	0.7205833	2.595992
6690	-115.4814	-286.4254	170.944	0.1492993	2.595992
6696	-115.565	-286.7663	171.2014	0.06607365	2.487585
6702	-121.6286	-294.107	172.4784	0.03816698	1.66111
6708	-113.8303	-285.6043	171.7741	0.08569234	2.108831
6714	-120.6935	-291.7191	171.0255	0.6354839	2.237918
6720	-119.9716	-290.5721	170.6005	0.958891	2.303048
6726	-121.8338	-291.1746	169.3408	1.674309	2.644281
6732	-117.8172	-287.5313	169.7142	0.7455961	2.982069
6738	-126.2679	-296.4332	170.1653	1.481324	2.247145
6744	-106.3232	-277.8859	171.5628	0.2825279	2.11831
6750	-116.045	-287.2756	171.2306	0.8809593	1.941641
6756	-119.7449	-290.12	170.3751	1.237218	2.269166
6762	-120.4383	-291.6275	171.1893	1.03408	1.865828
6768	-123.4284	-293.5231	170.0947	1.869868	2.039772
6774	-128.6938	-298.3254	169.6316	1.076298	2.832199
6780	-125.6758	-296.0666	170.3908	0.3977582	2.783166
6786	-115.9696	-287.5928	171.6233	0.105619	2.194084
6792	-113.0869	-284.2439	171.157	0.06942072	2.513207
6798	-117.3011	-288.2938	170.9927	0.09830725	2.597408
6804	-112.0162	-283.7575	171.7413	0.1931607	2.05969
6810	-107.7642	-279.582	171.8178	0.09626365	2.073148
6816	-104.0617	-275.6006	171.539	0.2688733	2.142779
6822	-110.866	-282.7279	171.8619	0.1448535	2.011744
6828	-110.466	-281.9058	171.4398	0.1843586	2.261621
6834	-120.2205	-291.4442	171.2237	0.07058623	2.470768
6840	-112.0223	-283.2557	171.2334	0.06086221	2.470768
6846	-122.3814	-292.3964	170.015	0.2175521	3.11798
6852	-113.9117	-284.5378	170.6261	0.02259938	2.868118
6858	-118.4837	-289.6638	171.1801	0.03349919	2.521193
6864	-119.7654	-290.8122	171.0468	0.5479435	2.28043
6870	-108.7316	-280.6565	171.9249	0.0928086	2.004489
6876	-115.207	-284.7949	169.5878	0.671907	3.101759
6882	-119.4661	-289.7415	170.2754	0.359941	2.876214
6888	-114.9192	-284.9299	170.0107	0.6246665	2.876214
6894	-103.1623	-274.1815	171.0192	0.225847	2.501558
6900	-113.6876	-285.1786	171.4909	0.3851664	2.098103
6906	-114.9207	-284.0004	169.0798	0.7988967	3.327414
6912	-115.5219	-286.7638	171.242	0.3860415	2.259128
6918	-105.1753	-276.3086	171.1333	0.09099673	2.514528
6924	-96.1918	-267.74	171.5482	0.03502755	2.287799
6930	-110.1004	-281.5039	171.4035	0.04814707	2.371598
6936	-101.8659	-272.8564	170.9905	0.4611143	2.371598
6942	-99.66506	-271.3793	171.7142	0.3954598	1.942878
6948	-113.4267	-284.4144	170.9878	0.8072869	2.151095
6954	-107.9604	-279.723	171.7626	0.03250849	2.151095
6960	-108.0954	-280.1266	172.0312	0.004830242	1.992255
6966	-116.7296	-288.4732	171.7436	0.1367065	2.09532
6972	-109.2139	-280.6049	171.3909	0.291846	2.223881
6978	-112.2506	-283.9508	171.7001	0.9710893	1.548744
6984	-119.9139	-291.2713	171.3574	1.360476	1.514097
6990	-106.1539	-277.0285	170.8746	1.239754	1.939761
6996	-117.3155	-287.9083	170.5927	0.7216525	2.458143
7002	-114.264	-285.1683	170.9043	0.04275497	2.686148
7008	-108.8897	-279.7249	170.8352	0.4795015	2.457976
7014	-126.7773	-297.7299	170.9526	0.3156718	2.487046
7020	-122.3526	-292.4989	170.1463	0.3156718	2.980745
7026	-118.3067	-288.7264	170.4196	0.0423237	2.980745
7032	-115.5781	-285.4328	169.8547	0.533903	3.024764
7038	-127.3791	-297.1767	169.7976	0.1941385	3.260735
7044	-132.0803	-301.0749	168.9946	0.3997673	3.610372
7050	-115.2524	-286.3276	171.0752	0.5592931	2.254958
7056	-112.981	-284.1763	171.1954	0.1889669	2.414149
7062	-106.4971	-277.3265	170.8294	0.2590547	2.59897
7068	-100.9447	-272.4194	171.4747	0.4084437	2.093476
7074	-89.58087	-261.8876	172.3067	0.04583804	1.776755
7080	-109.2859	-281.2896	172.0037	0.3162457	1.79938
7086	-104.1051	-276.262	172.1569	0.470885	1.580689
7092	-99.67648	-271.1954	171.519	0.02965382	2.309949
7098	-110.9238	-283.0486	172.1248	0.2998104	1.726308
7104	-113.4746	-284.1609	170.6863	0.2161083	2.713572
7110	-119.0219	-290.0572	171.0353	0.5584744	2.281076
7116	-104.8526	-276.6133	171.7608	0.2952661	1.978896
7122	-98.77007	-271.2815	172.5114	0.02768348	1.644947
7128	-98.35452	-269.3332	170.9786	0.4650664	2.376632
7134	-107.8922	-278.8708	170.9786	0.4650664	2.376632
7140	-109.445	-280.4897	171.0446	1.034307	1.963543
7146	-111.3798	-282.8184	171.4386	0.6403727	1.963543
7152	-118.1322	-289.2888	171.1566	0.1222648	2.480418
7158	-128.2668	-298.1342	169.8674	0.03224054	3.315062
7164	-121.5211	-291.5727	170.0516	0.5424509	2.901171
7170	-122.9988	-294.3411	171.3422	1.212361	1.633794
7176	-110.6223	-281.8599	171.2376	0.1165554	2.433163
7182	-108.6877	-280.402	171.7144	0.688651	1.741516
7188	-113.0675	-284.9651	171.8976	0.3869391	1.823845
7194	-110.7052	-281.9117	171.2065	0.3869391	2.281278
7200	-115.1165	-286.5359	171.4194	0.1740814	2.281278
7206	-116.0409	-287.5995	171.5586	0.7713309	1.792445
7212	-118.4182	-289.6591	171.2408	0.4440856	2.222494
7218	-124.6316	-295.8147	171.1831	1.06444	1.849299
7224	-121.0098	-291.8467	170.8369	0.398046	2.507865
7230	-130.9881	-302.7639	171.7758	0.6023189	1.758954
7236	-123.788	-294.178	170.3899	0.6023189	2.658376
7242	-118.8128	-289.8786	171.0658	0.5442266	2.270673
7248	-108.0852	-279.4799	171.3947	0.613273	2.01095
7254	-109.9859	-281.0491	171.0632	0.5553842	2.265183
7260	-117.8792	-288.9335	171.0542	0.1800935	2.508274
7266	-96.28942	-267.6137	171.3243	0.6767061	2.015613
7272	-93.42503	-264.966	171.541	0.1407805	2.224546
7278	-100.3692	-271.9047	171.5356	0.1461547	2.224546
7284	-106.9978	-278.9939	171.9961	0.1387383	1.925932
7290	-101.9921	-273.323	171.3309	0.1598639	2.346764
7296	-108.341	-279.1877	170.8467	0.4793954	2.450791
7302	-113.1007	-284.3619	171.2612	0.09368796	2.432696
7308	-111.8444	-283.0839	171.2395	0.09467435	2.445726
7314	-118.2406	-289.7637	171.5232	0.2922424	2.137834
7320	-104.4901	-275.5053	171.0152	0.2418358	2.494097
7326	-106.6029	-278.678	172.0751	0.00920011	1.959922
7332	-118.7927	-289.4774	170.6847	0.05099631	2.815318
7338	-119.7319	-291.0973	171.3654	0.08116052	2.37483
7344	-131.2545	-300.9653	169.7107	1.130627	2.750934
7350	-112.3878	-282.2882	169.9004	0.2991454	3.137595
7356	-111.8698	-282.6451	170.7752	0.3234467	2.592641
7362	-117.6715	-289.173	171.5015	0.05348701	2.305885
7368	-113.792	-284.9437	171.1516	0.5511626	2.210964
7374	-112.0074	-284.0322	172.0248	0.4290783	1.705667
7380	-114.1794	-285.1699	170.9905	0.4290783	2.391886
7386	-112.4129	-282.8333	170.4204	1.598917	2.003394
7392	-119.5423	-290.0359	170.4935	1.792504	1.822815
7398	-116.1859	-286.4756	170.2897	1.083534	2.42116
7404	-116.501	-287.0571	170.5561	0.8193301	2.419776
7410	-121.1841	-291.6989	170.5148	1.045519	2.30247
7416	-120.2132	-289.5297	169.3165	1.815535	2.571956
7422	-116.1724	-286.995	170.8226	1.815535	1.573123
7428	-113.4996	-284.0408	170.5411	0.7448873	2.475946
7434	-117.5346	-289.5513	172.0167	0.7460489	1.48045
7440	-105.9248	-276.8477	170.9228	0.5071401	2.385329
7446	-102.4628	-274.4145	171.9517	0.008717061	2.042522
7452	-106.2732	-277.3298	171.0566	0.05554228	2.584288
7458	-113.4733	-284.841	171.3677	0.5205309	2.090153
7464	-122.0481	-292.1433	170.0952	1.14584	2.504095
7470	-113.6841	-284.7216	171.0375	0.2035389	2.504095
7476	-117.3922	-288.415	171.0228	0.2182003	2.504095
7482	-110.224	-281.2296	171.0056	0.09781809	2.589717
7488	-111.0119	-282.0732	171.0613	0.04211219	2.589717
7494	-117.676	-288.3131	170.637	0.2674028	2.712323
7500	-105.2201	-276.1732	170.9532	0.5754031	2.322717
7506	-104.7503	-276.3332	171.583	0.07747983	2.238277
7512	-107.8959	-279.8732	171.9773	0.09885048	1.965444
7518	-101.6756	-273.6514	171.9759	0.1564157	1.927644
7524	-92.86197	-264.8506	171.9886	0.116788	1.945776
7530	-103.3056	-275.1603	171.8547	0.1081839	2.040885
7536	-100.5731	-271.3271	170.754	0.1543413	2.709935
7542	-108.3831	-280.2938	171.9107	0.286488	1.883659
7548	-104.7521	-276.6676	171.9156	0.09258945	2.010831
7554	-103.0835	-274.8374	171.7539	0.2542728	2.010831
7560	-96.32625	-267.6229	171.2967	0.1151361	2.396802
7566	-111.557	-283.3477	171.7907	0.08054678	2.101297
7572	-132.6742	-300.8481	168.1739	0.9857141	3.746229
7578	-132.0849	-302.2412	170.1562	0.01689402	3.153294
7584	-131.356	-302.476	171.1201	0.1560484	2.482153
7590	-110.7373	-282.3359	171.5986	0.1412654	2.186999
7596	-122.7943	-292.9409	170.1466	0.05928987	3.133797
7602	-123.2597	-294.9833	171.7237	0.9606679	1.539071
7608	-113.4105	-284.7141	171.3036	0.4539681	2.175463
7614	-112.2126	-283.4617	171.249	0.4434864	2.217596
7620	-117.835	-288.2547	170.4197	0.4381565	2.740841
7626	-115.0722	-286.2843	171.2121	0.1917569	2.401838
7632	-120.5671	-290.341	169.7739	0.8641725	2.874571
7638	-115.7323	-286.9823	171.25	0.5964417	2.117551
7644	-108.3959	-280.115	171.7191	0.1273525	2.117551
7650	-110.6359	-281.5567	170.9208	0.3334734	2.495823
7656	-106.3532	-278.759	172.4058	0.1248948	1.650953
7662	-113.7298	-285.2813	171.5514	0.1034032	2.241874
7668	-112.3005	-283.8391	171.5386	0.04908927	2.284998
7674	-110.304	-281.9175	171.6135	0.01845881	2.256609
7680	-112.5574	-284.5831	172.0257	0.01635553	1.988241
7686	-111.9647	-283.2815	171.3168	0.002847525	2.454834
7692	-104.6422	-276.3073	171.6652	0.00146345	2.234291
7698	-115.9395	-286.5827	170.6432	0.06401992	2.832643
7704	-114.2269	-284.721	170.4941	0.5762055	2.610213
7710	-116.5828	-287.538	170.9552	0.1150877	2.610213
7716	-120.9081	-290.7786	169.8705	0.2721532	3.171422
7722	-113.9775	-284.4383	170.4608	0.20101	2.860184
7728	-107.9582	-278.6718	170.7136	0.2731944	2.661715
7734	-126.9663	-298.5003	171.534	0.5815178	1.938975
7740	-116.4349	-286.1872	169.7522	1.28887	2.628247
7746	-96.23324	-268.0512	171.818	0.3384334	1.911327
7752	-101.0938	-273.0934	171.9996	0.452229	1.707118
7758	-114.7708	-286.2439	171.4731	0.5095527	2.027768
7764	-107.5176	-278.3256	170.808	0.6372673	2.375648
7770	-98.45486	-269.579	171.1241	0.4973553	2.263311
7776	-107.8726	-279.1597	171.2871	0.3344284	2.263311
7782	-107.2894	-278.082	170.7926	0.5432482	2.444701
7788	-113.3217	-284.3141	170.9924	1.407839	1.743457
7794	-108.3379	-279.3549	171.017	0.2156726	2.509324
7800	-101.0497	-272.2096	171.1599	0.709101	2.102784
7806	-114.3587	-285.8619	171.5032	0.3657786	2.102784
7812	-112.7981	-283.2851	170.4869	0.3335834	2.763656
7818	-127.5592	-298.1574	170.5982	0.2905983	2.721911
7824	-116.6747	-285.6846	169.0099	0.2283989	3.700737
7830	-110.4224	-282.4447	172.0223	0.04413802	1.971943
7836	-118.1674	-290.1264	171.959	0.334355	1.81776
7842	-111.1532	-282.2243	171.0711	0.334355	2.400829
7848	-101.9056	-273.757	171.8514	0.2289849	1.962608
7854	-102.172	-273.5184	171.3464	0.158526	2.337772
7860	-107.1046	-278.1037	170.9991	0.7844351	2.158583
7866	-97.93154	-269.0505	171.119	0.6645661	2.158583
7872	-101.1902	-273.2616	172.0714	0.3370076	1.737754
7878	-102.6558	-273.2912	170.6354	0.5772658	2.521767
7884	-103.3615	-275.5704	172.2088	0.1623324	1.763786
7890	-108.7269	-281.3177	172.5908	0.1146141	1.523443
7896	-115.7815	-287.7117	171.9302	0.4120741	1.783893
7902	-110.7547	-282.8286	172.0739	0.2683854	1.783893
7908	-113.4386	-284.6972	171.2585	1.432478	1.534111
7914	-108.0773	-278.9668	170.8895	0.3457518	2.50768
7920	-112.156	-283.5761	171.42	0.02266936	2.377265
7926	-103.3826	-275.0193	171.6367	0.05950314	2.215198
7932	-108.1232	-280.7044	172.5811	0.1489196	1.505005
7938	-123.4075	-294.2109	170.8034	0.4748196	2.480837
7944	-123.4854	-293.9948	170.5094	0.3703925	2.727442
7950	-138.7835	-308.3417	169.5582	0.05765364	3.481448
7956	-124.5196	-294.5857	170.0661	0.2219241	3.084902
7962	-122.7298	-294.1313	171.4015	0.2188947	2.264032
7968	-130.8282	-301.1749	170.3467	0.0337427	3.02966
7974	-113.7174	-286.3557	172.6383	0.02426678	1.555147
7980	-103.6608	-274.9901	171.3293	0.005791465	2.445159
7986	-105.6078	-277.9311	172.3234	0.01806228	1.784503
7992	-113.7202	-285.3918	171.6716	0.4779757	1.91596
7998	-121.7239	-292.2004	170.4766	0.2729797	2.806902
8004	-109.5144	-280.9542	171.4398	0.6959207	1.925346
8010	-126.2317	-297.8956	171.664	0.3439567	2.010989
8016	-117.1104	-288.4852	171.3747	0.6332002	2.010989
8022	-116.7367	-287.3195	170.5828	0.9978769	2.289491
8028	-102.5447	-273.5007	170.956	0.1454844	2.59089
8034	-110.1108	-282.3921	172.2813	0.487844	1.475618
8040	-105.5924	-276.7032	171.1108	0.1940085	2.464177
8046	-103.2159	-274.4747	171.2589	1.708972	1.320861
8052	-118.7968	-289.7235	170.9267	1.426471	1.776365
8058	-115.2267	-286.9502	171.7235	0.3433292	1.971679
8064	-114.7864	-286.0048	171.2184	0.01694179	2.507661
8070	-106.1397	-277.8101	171.6705	0.1719685	2.120175
8076	-111.891	-282.0432	170.1522	0.5761227	2.819789
8082	-118.9905	-290.5481	171.5576	0.4184522	2.032155
8088	-108.1254	-279.1824	171.057	0.4068717	2.363871
8094	-117.2239	-289.544	172.3201	0.1271309	1.710388
8100	-106.8358	-278.7303	171.8944	0.0464792	2.055447
8106	-107.4046	-278.3726	170.968	0.3326763	2.466764
8112	-115.9565	-287.4176	171.4611	1.362752	1.433884
8118	-115.5498	-286.4816	170.9318	0.3073582	2.505255
8124	-125.781	-295.9176	170.1366	1.102532	2.505255
8130	-128.5421	-300.0484	171.5063	0.467729	2.033491
8136	-109.7966	-279.4155	169.6189	0.4541573	3.212687
8142	-110.8345	-282.1782	171.3437	0.2811072	2.261175
8148	-107.6477	-278.8681	171.2203	0.05127499	2.484963
8154	-119.8546	-290.3722	170.5176	1.280487	2.149124
8160	-103.6475	-275.5019	171.8544	0.365792	1.867959
8166	-112.8925	-284.0699	171.1774	0.05749027	2.50793
8172	-114.0824	-285.216	171.1335	0.2139333	2.437386
8178	-107.5386	-279.0308	171.4922	0.04578495	2.316704
8184	-100.5778	-272.1051	171.5273	0.8479475	1.760914
8190	-90.87916	-262.4192	171.54	0.07808812	2.265498
8196	-97.94338	-269.86	171.9166	0.02877398	2.052471
8202	-93.10858	-265.1215	172.0129	0.07133994	1.959971
8208	-112.0208	-283.0391	171.0183	0.3497186	2.424445
8214	-103.6802	-274.51	170.8298	0.5294605	2.429922
8220	-112.429	-284.3164	171.8874	0.322151	1.875264
8226	-113.5697	-285.568	171.9982	0.6617756	1.557016
8232	-110.3491	-281.9163	171.5672	0.4248657	2.021555
8238	-103.4775	-275.4205	171.943	0.07766594	2.002495
8244	-106.7044	-277.8802	171.1757	0.2723847	2.37384
8250	-112.1741	-282.9239	170.7498	0.04647578	2.778453
8256	-111.1259	-281.1173	169.9914	0.6102534	2.89656
8262	-100.0455	-271.4759	171.4304	0.2872274	2.201393
8268	-112.3081	-283.7634	171.4554	0.510963	2.03861
8274	-110.1904	-280.8612	170.6708	0.1134506	2.785779
8280	-126.366	-298.0589	171.6929	0.1134506	2.143716
8286	-123.5888	-293.9127	170.3238	0.780531	2.58911
8292	-115.3241	-285.754	170.4299	0.6419566	2.609241
8298	-115.68	-286.8058	171.1258	0.029821	2.557305
8304	-112.6735	-284.4453	171.7717	0.04745201	2.135373
8310	-115.304	-285.5902	170.2862	1.167942	2.370022
8316	-111.2061	-282.6607	171.4546	0.2753247	2.193407
8322	-104.2201	-275.7885	171.5684	1.293339	1.40465
8328	-106.3828	-277.0815	170.6987	0.991333	2.219185
8334	-96.04979	-266.8555	170.8057	0.7119176	2.329717
8340	-99.81984	-271.7657	171.9459	0.09731769	1.987487
8346	-94.98716	-266.5742	171.5871	0.1931279	2.160786
8352	-104.4676	-275.2811	170.8135	0.966719	2.160786
8358	-114.884	-286.001	171.117	1.212884	1.792498
8364	-118.8001	-288.9572	170.1571	0.8874852	2.62608
8370	-118.5711	-288.7479	170.1768	0.1564678	3.057883
8376	-113.1058	-284.3584	171.2526	0.7931175	1.985798
8382	-103.7908	-275.0172	171.2264	0.08654849	2.459047
8388	-110.2584	-280.8906	170.6322	0.3244181	2.680309
8394	-107.2275	-278.2911	171.0636	0.2799642	2.43984
8400	-103.1787	-273.2303	170.0516	0.6635474	2.827835
8406	-102.2721	-273.4501	171.178	0.07738788	2.495086
8412	-100.5439	-269.682	169.1381	2.249517	2.412085
8418	-94.99052	-266.2207	171.2302	0.1573847	2.412085
8424	-102.1595	-273.3236	171.1641	0.2235274	2.412085
8430	-97.11964	-268.1234	171.0037	0.7964153	2.147784
8436	-102.7581	-275.7867	173.0286	0.1491607	1.144039
8442	-112.405	-284.7296	172.3246	0.04753628	1.763135
8448	-103.9429	-275.7142	171.7713	0.1215727	2.087123
8454	-113.1391	-284.4677	171.3287	0.5641459	2.087123
8460	-110.2366	-282.0151	171.7786	0.1142362	2.087123
8466	-110.1431	-281.8368	171.6937	0.04655673	2.186719
8472	-111.1216	-282.2916	171.17	0.2958198	2.362596
8478	-129.5966	-300.5286	170.932	0.5338755	2.362596
8484	-121.9197	-292.9019	170.9822	0.2672332	2.498814
8490	-127.9085	-299.0825	171.174	0.03658515	2.523111
8496	-126.9204	-298.0415	171.121	0.0895105	2.523111
8502	-129.145	-299.744	170.5991	0.2473415	2.747856
8508	-135.5305	-306.2159	170.6853	0.04899037	2.816168
8514	-116.3925	-287.8322	171.4398	0.3393205	2.161499
8520	-116.4985	-287.2837	170.7852	0.3412072	2.575467
8526	-117.2345	-287.8854	170.6509	0.4754631	2.575467
8532	-103.5223	-275.9416	172.4193	0.1957467	1.58999
8538	-116.0106	-288.1367	172.1261	0.7807824	1.369368
8544	-114.8914	-286.7622	171.8707	0.6842649	1.633517
8550	-108.1866	-280.2566	172.07	0.1999953	1.833856
8556	-102.585	-275.0424	172.4574	0.08231188	1.64452
8562	-105.1373	-277.2326	172.0953	0.09726319	1.886835
8568	-114.6304	-286.7772	172.1468	0.04571712	1.886835
8574	-105.0108	-277.1801	172.1693	0.02319884	1.886835
8580	-103.9022	-274.6966	170.7944	0.09572537	2.721124
8586	-102.9977	-274.4925	171.4948	0.001114215	2.343533
8592	-101.8194	-272.9248	171.1055	0.2478973	2.433655
8598	-106.966	-278.2229	171.2569	0.1011592	2.430698
8604	-102.1299	-273.9415	171.8116	0.1928141	2.013314
8610	-105.6138	-277.3457	171.7319	0.08471093	2.137059
8616	-103.3743	-273.7237	170.3494	0.444794	2.779722
8622	-99.25532	-271.4373	172.182	0.1784825	1.771252
8628	-112.7487	-284.2456	171.497	0.2085835	2.209178
8634	-106.842	-278.4448	171.6028	0.01032438	2.268668
8640	-104.4472	-276.447	171.9998	0.0006313637	2.016006
8646	-97.2871	-269.7188	172.4317	0.1019552	1.648846
8652	-109.9975	-282.4449	172.4474	0.005733613	1.706195
8658	-111.9981	-283.4164	171.4184	0.0005827721	2.392284
8664	-99.43952	-271.602	172.1625	0.003221514	1.905029
8670	-110.0917	-280.6498	170.5581	0.01843007	2.911736
8676	-118.1006	-289.5069	171.4063	0.4933493	2.082666
8682	-115.0276	-286.7658	171.7382	0.1614353	2.082666
8688	-117.6854	-289.4375	171.7522	0.2898507	1.98827
8694	-123.7002	-294.9132	171.2129	0.04078387	2.496159
8700	-123.2365	-294.4629	171.2264	0.02733938	2.496159
8706	-118.6473	-289.1362	170.4889	0.5674276	2.618823
8712	-100.0902	-271.5251	171.435	0.4002112	2.12493
8718	-108.0535	-278.9764	170.923	0.1303156	2.620725
8724	-106.594	-277.4264	170.8324	0.2133496	2.62537
8730	-112.3533	-283.5011	171.1478	0.5521446	2.21283
8736	-109.5706	-280.3467	170.7761	0.8915021	2.233642
8742	-108.6281	-280.2745	171.6464	0.02125649	2.233642
8748	-109.0267	-281.2282	172.2015	0.01126829	1.873034
8754	-107.046	-279.0546	172.0086	0.1964883	1.878284
8760	-105.6368	-276.6896	171.0528	0.7042685	2.175832
8766	-111.8066	-283.3701	171.5635	0.3939921	2.044455
8772	-116.1334	-287.881	171.7476	0.6532032	1.743081
8778	-111.4238	-282.3495	170.9256	0.4010443	2.450434
8784	-101.4877	-272.2668	170.7791	0.4087841	2.537246
8790	-109.2488	-281.5182	172.2695	0.04368121	1.804108
8796	-104.7932	-276.0971	171.3039	0.09608063	2.404272
8802	-103.6732	-273.9044	170.2312	1.037626	2.486697
8808	-124.242	-294.5373	170.2953	1.294902	2.283363
8814	-124.3744	-296.5454	172.1711	0.3850786	1.632685
8820	-126.6342	-297.8748	171.2406	0.4582351	2.2135
8826	-113.3803	-285.1785	171.7983	0.2313618	1.996538
8832	-118.0965	-288.4385	170.342	0.3296065	2.854255
8838	-116.638	-287.0912	170.4532	0.2184087	2.854255
8844	-112.8132	-284.2929	171.4797	0.2184087	2.213997
8850	-117.6817	-288.3733	170.6916	0.3159385	2.648946
8856	-111.1991	-281.4521	170.253	0.5569616	2.77013
8862	-117.0078	-289.1167	172.1089	0.07564245	1.892239
8868	-113.5166	-285.3231	171.8065	0.07627554	2.093714
8874	-112.8524	-284.1	171.2476	0.2966514	2.312703
8880	-107.0434	-279.302	172.2586	0.03082885	1.820452
8886	-106.031	-278.3089	172.2779	0.01159655	1.820452
8892	-112.305	-283.7436	171.4386	0.004354812	2.377123
8898	-108.8674	-279.7073	170.8398	0.0789417	2.703528
8904	-119.8088	-290.1336	170.3248	0.3035342	2.880462
8910	-111.2564	-282.554	171.2976	1.477225	1.471286
8916	-121.0907	-291.4107	170.3199	1.477225	2.149747
8922	-117.0096	-287.5551	170.5455	0.3182322	2.737279
8928	-105.0508	-276.2577	171.2069	0.433406	2.251244
8934	-110.1918	-280.3516	170.1599	0.3429734	2.956176
8940	-122.6899	-293.1577	170.4678	0.03501172	2.956176
8946	-118.784	-290.297	171.513	0.6554803	1.90319
8952	-110.541	-281.6142	171.0732	0.6286616	2.211573
8958	-125.4456	-296.6084	171.1628	0.8433349	2.012189
8964	-123.5478	-294.8236	171.2758	0.2325255	2.335644
8970	-108.4913	-279.857	171.3656	0.6323701	2.017602
8976	-106.4135	-278.5887	172.1752	0.2313572	1.739027
8982	-109.6057	-281.1503	171.5447	0.2633131	2.142686
8988	-110.033	-281.0338	171.0008	0.1539273	2.557848
8994	-106.7711	-278.8727	172.1016	0.06355957	1.90538
9000	-116.5843	-287.8098	171.2255	0.3999471	2.260764
9006	-107.1337	-278.0904	170.9567	0.3177917	2.48319
9012	-125.0229	-294.9517	169.9288	0.8155946	2.810038
9018	-123.5536	-293.3906	169.837	0.3333507	3.154924
9024	-125.8346	-297.7697	171.9351	0.01079453	2.05214
9030	-131.2736	-302.2858	171.0123	0.04208448	2.620063
9036	-137.2368	-307.7409	170.5041	0.02418478	2.940871
9042	-114.2588	-286.3867	172.1279	0.0928721	1.867609
9048	-112.7385	-284.1686	171.4301	0.277943	2.207561
9054	-116.1565	-287.565	171.4085	0.5733906	2.028305
9060	-105.2158	-276.6223	171.4065	0.1167585	2.326122
9066	-98.60509	-270.8384	172.2333	0.03620887	1.834157
9072	-100.339	-271.5611	171.2221	0.01929248	2.503833
9078	-99.46282	-271.2821	171.8193	0.8699267	1.53542
9084	-100.7379	-271.1817	170.4438	1.285065	2.194062
9090	-102.845	-274.8866	172.0416	0.6215493	1.554721
9096	-107.2347	-277.7025	170.4678	0.3639335	2.756804
9102	-109.7081	-281.7665	172.0584	0.2320033	1.819837
9108	-99.02919	-269.9871	170.9579	0.6496441	2.272226
9114	-105.387	-276.1455	170.7584	0.04517462	2.77398
9120	-106.6053	-277.8559	171.2507	0.05767546	2.46194
9126	-98.02784	-270.2677	172.2399	0.1271053	1.766723
9132	-107.801	-279.0354	171.2344	0.290334	2.325183
9138	-108.4441	-279.6783	171.2342	0.2904997	2.325183
9144	-114.4663	-286.6479	172.1816	0.2157913	1.745457
9150	-118.4531	-289.8405	171.3873	0.4270107	2.138527
9156	-110.6953	-281.7956	171.1003	0.4270107	2.323553
9162	-102.6265	-273.8933	171.2668	0.1391575	2.400482
9168	-110.4514	-281.4966	171.0452	0.6108309	2.241083
9174	-106.268	-277.8347	171.5667	0.0893994	2.241083
9180	-105.4402	-276.6109	171.1706	1.085061	1.843672
9186	-108.2818	-280.0358	171.7541	0.1810176	2.059284
9192	-104.7738	-276.3247	171.5509	0.1349189	2.2219
9198	-114.0788	-285.8059	171.7271	0.1136398	2.121257
9204	-111.5518	-282.6644	171.1125	0.1312948	2.502336
9210	-110.9093	-282.7657	171.8563	0.4128473	1.834403
9216	-115.3439	-286.5313	171.1874	1.081808	1.834403
9222	-109.5188	-280.3776	170.8588	0.5774933	2.381341
9228	-110.1787	-282.1031	171.9245	0.5072846	1.721306
9234	-123.602	-294.0767	170.4747	0.392928	2.734865
9240	-123.0473	-293.7023	170.655	0.4316784	2.600076
9246	-134.7604	-305.4828	170.7224	0.3643155	2.600076
9252	-122.8314	-294.1456	171.3142	0.3037968	2.265541
9258	-120.6893	-292.0474	171.3581	0.5580382	2.071805
9264	-115.5153	-286.5031	170.9878	0.07877392	2.612518
9270	-109.1417	-280.728	171.5862	0.2721541	2.109734
9276	-112.8578	-284.5984	171.7406	0.4597532	1.881501
9282	-102.6749	-274.1972	171.5223	0.004188424	2.324064
9288	-114.8623	-286.3179	171.4557	0.07080901	2.324064
9294	-119.1103	-289.8262	170.7158	0.04847947	2.797915
9300	-105.0136	-275.7558	170.7423	0.04576675	2.783484
9306	-103.8485	-275.2696	171.4211	0.03258532	2.370338
9312	-110.5507	-281.7893	171.2386	0.1042675	2.440237
9318	-116.8475	-288.3732	171.5257	0.02771505	2.306883
9324	-120.0893	-291.6283	171.539	0.01443951	2.306883
9330	-122.6437	-294.6159	171.9722	0.6211131	1.605772
9336	-117.2669	-288.4586	171.1917	0.6316289	2.132683
9342	-103.9849	-275.7756	171.7907	0.02888412	2.135104
9348	-109.3619	-280.4305	171.0687	0.04380403	2.584099
9354	-114.344	-286.9283	172.5844	0.03290318	1.588355
9360	-115.4281	-286.2501	170.8219	0.3016269	2.577233
9366	-119.745	-290.0453	170.3003	0.05978901	3.041828
9372	-110.5761	-281.0172	170.4411	0.3798776	2.763397
9378	-111.9734	-283.295	171.3217	0.7833824	1.94601
9384	-106.984	-279.0413	172.0573	0.1323678	1.888781
9390	-105.285	-276.9865	171.7015	0.1684079	2.102182
9396	-117.0165	-288.4944	171.4779	0.4236431	2.081393
9402	-110.8977	-281.1902	170.2925	0.5154712	2.771317
9408	-106.2024	-277.882	171.6795	0.1082981	2.155801
9414	-110.7972	-282.2191	171.4219	0.05629727	2.354747
9420	-110.0137	-281.1277	171.1141	0.4580273	2.294937
9426	-105.2233	-275.6315	170.4082	0.4254758	2.755649
9432	-111.7049	-282.4739	170.769	0.7886436	2.30417
9438	-109.9406	-281.0879	171.1474	0.5006366	2.246262
9444	-109.2333	-280.5366	171.3033	0.4006947	2.210182
9450	-119.6139	-290.958	171.3441	0.1354932	2.353898
9456	-115.328	-286.8142	171.4862	0.9684879	1.705081
9462	-110.893	-282.2588	171.3657	0.5449056	2.075401
9468	-111.5742	-282.9908	171.4167	0.309777	2.195672
9474	-104.0301	-275.3305	171.3003	0.4260831	2.195672
9480	-98.12311	-269.7589	171.6358	0.09058995	2.195672
9486	-107.6754	-278.9908	171.3153	0.4110866	2.195672
9492	-114.0104	-286.0258	172.0154	0.3178152	1.790211
9498	-111.7137	-281.6752	169.9615	0.5916111	2.925885
9504	-116.7087	-287.1963	170.4876	0.8134573	2.466504
9510	-116.5086	-287.4547	170.9461	0.3550001	2.466504
9516	-107.2265	-277.9741	170.7477	0.08476243	2.756378
9522	-114.6013	-285.5868	170.9855	1.067215	1.981128
9528	-109.3162	-279.4041	170.0879	0.7334187	2.763144
9534	-109.6593	-280.0475	170.3882	0.3428455	2.818134
9540	-115.4853	-287.6988	172.2135	0.09479245	1.80748
9546	-118.6863	-289.9235	171.2373	0.2957444	2.319899
9552	-115.3356	-285.7057	170.3701	0.2957444	2.857709
9558	-116.8456	-288.1546	171.309	0.2957444	2.274063
9564	-117.9332	-288.6972	170.7641	0.413429	2.543695
9570	-123.2778	-293.9903	170.7124	0.4650646	2.543695
9576	-113.2453	-283.8965	170.6512	0.4650646	2.58175
9582	-115.6351	-287.1641	171.5291	1.069224	1.602188
9588	-94.18438	-265.5781	171.3937	0.6799482	1.967063
9594	-98.0888	-269.7143	171.6255	0.1801873	2.144151
9600	-97.81881	-269.1297	171.3109	0.07538967	2.41291
9606	-91.14938	-263.3854	172.236	0.196892	1.720507
9612	-110.5378	-282.0193	171.4815	1.247006	1.50617
9618	-110.3717	-282.2922	171.9205	0.2165377	1.924458
9624	-110.4075	-282.637	172.2295	0.7424768	1.317494
9630	-110.2029	-281.5771	171.3742	0.277158	2.244113
9636	-103.4742	-275.0996	171.6254	0.02594256	2.244113
9642	-96.0653	-267.7875	171.7222	0.05392395	2.163445
9648	-88.15354	-260.4312	172.2776	0.03849314	1.80205
9654	-109.5796	-281.6818	172.1022	0.3547001	1.70354
9660	-105.563	-277.2845	171.7215	0.2199691	2.055051
9666	-100.7664	-272.3669	171.6004	0.1157332	2.202311
9672	-103.2496	-275.2664	172.0168	0.4336377	1.708121
9678	-118.8437	-290.4878	171.644	0.4164476	1.975928
9684	-103.1535	-275.0483	171.8948	0.07775743	2.034482
9690	-102.5788	-274.1282	171.5495	0.01614467	2.2991
9696	-107.2429	-279.2855	172.0425	0.01768742	1.976082
9702	-114.9177	-287.1083	172.1906	0.1414797	1.791002
9708	-116.1775	-287.4443	171.2667	0.7504907	2.004795
9714	-115.4671	-287.6074	172.1402	0.7504907	1.382081
9720	-121.7262	-293.2066	171.4804	0.3422235	2.133137
9726	-115.6114	-287.127	171.5156	0.3974354	2.073802
9732	-122.7638	-294.5241	171.7603	0.127554	2.090377
9738	-119.8686	-290.8923	171.0237	0.8641629	2.090377
9744	-103.0479	-274.1319	171.084	0.1533084	2.506416
9750	-116.9023	-288.0903	171.188	0.04927053	2.506416
9756	-116.0388	-287.3238	171.285	0.1716185	2.368478
9762	-132.4617	-302.7489	170.2872	0.3852671	2.853691
9768	-106.3305	-277.7541	171.4237	0.3492769	2.165503
9774	-104.0454	-274.8335	170.7882	0.04381337	2.756665
9780	-98.35637	-269.7271	171.3707	0.0557534	2.38756
9786	-103.8904	-274.7234	170.833	0.2973641	2.573006
9792	-104.3243	-276.7127	172.3884	0.1205871	1.666523
9798	-108.007	-279.3425	171.3355	0.6228691	2.043886
