Iteration	Posterior	Likelihood	Prior	acrv_sd	tree_length
0	-1600.8	-1762.89	162.0894	1.349314	6.912992
6	-1596.238	-1755.434	159.1959	1.160471	8.561058
12	-1591.048	-1750.806	159.7586	1.173914	8.254783
18	-1585.608	-1745.399	159.7913	1.141177	8.254783
24	-1584.303	-1746	161.6965	1.039002	7.291213
30	-1590.7	-1752.061	161.3618	1.114719	7.430149
36	-1585.697	-1748.694	162.9965	1.017945	6.602101
42	-1608.938	-1768.562	159.6236	1.0018	8.418116
48	-1598.255	-1759.868	161.6128	1.127996	7.288386
54	-1600.64	-1761.472	160.8318	1.191348	7.672937
60	-1596.472	-1755.847	159.3749	1.191348	8.449597
66	-1601.006	-1763.594	162.5879	0.9735446	6.846824
72	-1592.617	-1752.957	160.3405	1.36391	7.843288
78	-1588.275	-1748.318	160.0438	1.418537	7.972486
84	-1598.541	-1752.225	153.6837	1.568864	11.24951
90	-1593.416	-1753.317	159.9011	1.366004	8.076586
96	-1599.993	-1758.695	158.7023	1.376597	8.708352
102	-1588.706	-1749.548	160.8415	1.109256	7.711615
108	-1590.71	-1748.579	157.8687	1.249507	9.217056
114	-1591.891	-1750.123	158.2326	1.262616	9.017618
120	-1588.038	-1746.266	158.2276	1.267661	9.017618
126	-1591.204	-1751.703	160.4981	1.367546	7.757118
132	-1592.304	-1752.79	160.4861	1.245182	7.828913
138	-1587.793	-1747.909	160.1164	1.176344	8.062907
144	-1586.833	-1745.545	158.7123	1.311999	8.737302
150	-1596.236	-1757.009	160.773	1.359232	7.614549
156	-1597.743	-1759.901	162.1572	1.330892	6.886349
162	-1594.636	-1754.611	159.9746	1.26612	8.090633
168	-1599.881	-1758.174	158.2931	1.161206	9.039254
174	-1592.879	-1753.525	160.6466	1.161206	7.788043
180	-1595.302	-1756.468	161.1655	1.033149	7.579015
186	-1589.71	-1749.24	159.5305	1.21366	8.354986
192	-1604.572	-1766.496	161.9247	1.21366	7.074724
198	-1599.065	-1761.275	162.2102	1.306611	6.870881
204	-1599.584	-1760.189	160.6044	1.160096	7.811178
210	-1596.655	-1755.635	158.9795	1.184216	8.663359
216	-1599.831	-1759.86	160.029	1.135417	8.131268
222	-1592.162	-1751.772	159.6102	1.135417	8.354191
228	-1594.224	-1753.641	159.4172	1.328431	8.354191
234	-1586.776	-1746.392	159.616	1.129697	8.354191
240	-1596.009	-1756.583	160.5732	0.9483283	7.940909
246	-1595.555	-1754.084	158.5286	1.221097	8.88285
252	-1597.394	-1755.809	158.4149	1.385999	8.855734
258	-1604.588	-1765.112	160.5238	1.314917	7.771504
264	-1606.799	-1767.038	160.2392	1.134958	8.019496
270	-1609.65	-1764.632	154.9817	1.280085	10.72084
276	-1601.94	-1763.096	161.1563	1.077732	7.560067
282	-1591.846	-1755.145	163.2992	1.292724	6.289065
288	-1581.481	-1741.935	160.4536	1.082584	7.933095
294	-1611.596	-1770.499	158.9021	1.226815	8.68179
300	-1592.383	-1751.328	158.9444	1.233222	8.655947
306	-1587.142	-1743.416	156.2739	1.330215	10.01568
312	-1603.78	-1761.886	158.1062	1.53129	8.942279
318	-1600.827	-1757.635	156.8076	1.210561	9.79761
324	-1595.049	-1754.505	159.4564	1.192123	8.405842
330	-1582.879	-1742.536	159.657	1.092104	8.352376
336	-1587.688	-1746.025	158.3376	1.299306	8.942623
342	-1593.867	-1754.321	160.4535	1.337753	7.796883
348	-1588.758	-1749.399	160.6412	1.15001	7.796883
354	-1594.241	-1754.15	159.9095	1.265363	8.125732
360	-1586.545	-1748.149	161.6038	1.28112	7.211007
366	-1590.103	-1749.686	159.5823	1.076026	8.40064
372	-1599.738	-1759.24	159.5014	1.076026	8.443624
378	-1612.776	-1770.221	157.4452	1.33504	9.395659
384	-1608.947	-1767.041	158.0939	1.403525	9.016465
390	-1595.713	-1754.065	158.3524	1.089933	9.045622
396	-1602.774	-1762.255	159.4809	1.098508	8.442585
402	-1600.573	-1760.079	159.5057	1.057433	8.451224
408	-1589.601	-1744.386	154.7858	1.246011	10.8414
414	-1601.669	-1761.563	159.8937	1.373958	8.076287
420	-1593.968	-1753.079	159.1104	1.249276	8.559323
426	-1598.053	-1758.001	159.948	1.036248	8.227245
432	-1586.127	-1745.317	159.1905	1.031583	8.632361
438	-1592.245	-1749.694	157.4484	1.302866	9.410955
444	-1587.019	-1748.309	161.2896	1.071438	7.492069
450	-1606.292	-1769.463	163.1712	1.125432	6.449292
456	-1591.238	-1751.082	159.8439	1.283946	8.150763
462	-1580.234	-1740.312	160.0783	1.049604	8.150763
468	-1587.76	-1746.065	158.3048	1.114037	9.058044
474	-1589.405	-1748.67	159.2654	1.139191	8.535439
480	-1607.173	-1766.234	159.0616	1.301498	8.557481
486	-1602.839	-1764.187	161.3471	1.016426	7.490692
492	-1592.033	-1753.367	161.3335	1.025543	7.493125
498	-1589.756	-1752.091	162.3354	1.090846	6.919698
504	-1593.759	-1755.607	161.8474	1.181839	7.133394
510	-1595.976	-1755.16	159.1835	1.208813	8.541998
516	-1597.593	-1756.777	159.1835	1.208813	8.541998
522	-1590.471	-1749.856	159.3848	1.053121	8.517757
528	-1597.104	-1755.135	158.0305	1.313638	9.097554
534	-1589.823	-1751.455	161.6319	1.360142	7.153427
540	-1591.612	-1753.536	161.9235	1.042843	7.167228
546	-1588.132	-1749.819	161.6866	1.010531	7.311826
552	-1600.436	-1761.876	161.4402	1.010531	7.443986
558	-1600.931	-1761.026	160.0944	1.322677	7.996588
564	-1594.028	-1754.713	160.685	1.226503	7.732623
570	-1595.571	-1751.143	155.5722	1.096985	10.5071
576	-1582.843	-1742.163	159.3201	1.150666	8.500322
582	-1598.849	-1757.506	158.6579	1.290381	8.777621
588	-1609.02	-1771.539	162.5185	0.9993319	6.87035
594	-1601.813	-1764.079	162.2658	1.079008	6.963609
600	-1605.217	-1763.993	158.7765	1.290705	8.714525
606	-1604.926	-1765.026	160.0993	1.333969	7.987971
612	-1600.695	-1761.774	161.0783	1.329504	7.466997
618	-1591.13	-1749.323	158.1927	1.329504	9.003343
624	-1593.305	-1752.708	159.4028	1.354207	8.348147
630	-1594.65	-1753.356	158.7061	1.216985	8.790938
636	-1588.619	-1749.963	161.3437	1.216985	7.385013
642	-1587.084	-1747.844	160.7593	1.255113	7.677562
648	-1595.042	-1749.268	154.2259	1.327747	11.09191
654	-1603.01	-1761.972	158.962	1.269475	8.627393
660	-1601.058	-1761.316	160.2586	1.068938	8.044343
666	-1604.774	-1761.603	156.829	1.19603	9.793993
672	-1608.277	-1769.691	161.4142	1.200291	7.356192
678	-1592.724	-1753.305	160.581	1.192551	7.806309
684	-1588.826	-1747.118	158.2925	1.158464	9.041041
690	-1591.36	-1752.01	160.6505	1.291906	7.716069
696	-1590.696	-1749.94	159.2433	1.228318	8.499845
702	-1588.04	-1746.613	158.5725	1.250853	8.843802
708	-1595.901	-1755.823	159.922	1.241981	8.131522
714	-1581.54	-1742.659	161.1194	1.083363	7.576786
720	-1597.751	-1757.493	159.7422	1.406383	8.139723
726	-1591.541	-1751.568	160.0267	1.121866	8.139723
732	-1591.901	-1751.99	160.0884	1.060163	8.139723
738	-1597.191	-1757.309	160.1182	1.030367	8.139723
744	-1590.238	-1749.46	159.2217	1.191435	8.5309
750	-1607.923	-1767.779	159.8558	1.081285	8.252367
756	-1597.695	-1757.706	160.0111	1.367473	8.017142
762	-1586.989	-1747.019	160.0301	1.367473	8.007035
768	-1596.893	-1758.959	162.0658	1.170392	7.022098
774	-1601.173	-1759.444	158.2715	0.9988626	9.136619
780	-1593.749	-1751.264	157.515	1.303325	9.375533
786	-1598.353	-1757.741	159.3887	1.236519	8.418251
792	-1605.413	-1766.54	161.1271	1.113448	7.55656
798	-1598.983	-1760.754	161.7707	0.965485	7.290875
804	-1603.645	-1765.192	161.5474	1.349341	7.204636
810	-1589.427	-1749.514	160.0864	1.261934	8.033291
816	-1591.515	-1751.938	160.4229	1.225046	7.873418
822	-1588.912	-1749.241	160.3287	1.037816	8.023565
828	-1591.349	-1750.68	159.3312	1.059954	8.542615
834	-1612.106	-1772.176	160.07	1.411375	7.96232
840	-1599.336	-1759.778	160.4421	1.149642	7.903408
846	-1615.569	-1774.948	159.3785	1.311995	8.383551
852	-1611.074	-1772.98	161.9069	1.008076	7.194856
858	-1602.213	-1757.654	155.4416	1.260338	10.48985
864	-1612.757	-1772.25	159.4928	1.284571	8.337341
870	-1599.388	-1759.68	160.2916	1.182454	7.966227
876	-1589.135	-1748.765	159.6298	1.376965	8.215247
882	-1597.618	-1756.32	158.7011	1.17173	8.817576
888	-1598.229	-1758.891	160.6613	1.17173	7.774534
894	-1602.309	-1763.397	161.0885	1.192895	7.534724
900	-1591.249	-1750.954	159.705	1.401428	8.162187
906	-1590.327	-1748.531	158.2034	1.328314	8.99829
912	-1609.23	-1766.417	157.1866	1.172906	9.617701
918	-1596.889	-1757.413	160.5233	1.172906	7.84767
924	-1593.737	-1755.512	161.775	1.180074	7.173295
930	-1589.619	-1750.745	161.1256	1.186927	7.518051
936	-1603.394	-1764.575	161.1814	1.131046	7.518051
942	-1594.169	-1755.518	161.3499	0.9625902	7.518051
948	-1591.841	-1750.892	159.0506	1.360189	8.532173
954	-1607.623	-1768.208	160.5847	1.087075	7.860686
960	-1588.791	-1749.481	160.6904	1.109817	7.792111
966	-1591.827	-1754.242	162.4152	1.089335	6.8775
972	-1586.818	-1749.243	162.4259	1.078637	6.8775
978	-1594.754	-1757.143	162.3892	1.115313	6.8775
984	-1596.164	-1758.046	161.8818	1.115313	7.150699
990	-1585.999	-1748.145	162.1458	1.169209	6.979609
996	-1592.095	-1751.535	159.4395	1.169209	8.42702
1002	-1587.934	-1748.206	160.2719	1.188638	7.973419
1008	-1599.602	-1758.366	158.7639	1.188638	8.775339
1014	-1587.654	-1748.227	160.5731	1.234947	7.787925
1020	-1593.885	-1754.993	161.1083	1.231487	7.503445
1026	-1591.94	-1751.938	159.9982	1.228679	8.098017
1032	-1590.031	-1750.209	160.1779	1.209873	8.01225
1038	-1591.204	-1751.667	160.4637	1.361206	7.778903
1044	-1595.624	-1756.205	160.581	1.361206	7.71618
1050	-1594.722	-1755.427	160.7049	1.237298	7.71618
1056	-1606.921	-1767.79	160.8694	1.072824	7.71618
1062	-1597.142	-1757.217	160.0741	1.298161	8.020501
1068	-1592.584	-1754.32	161.7357	1.298161	7.130936
1074	-1591.05	-1753.212	162.162	1.149614	6.981466
1080	-1593.09	-1752.97	159.8801	1.402954	8.068051
1086	-1580.634	-1741.987	161.3528	1.188861	7.395242
1092	-1595.223	-1753.215	157.9923	1.071341	9.245931
1098	-1590.191	-1749.506	159.3151	1.347376	8.398426
1104	-1589.115	-1747.759	158.6443	1.335453	8.76089
1110	-1585.761	-1746.7	160.9391	1.036094	7.698536
1116	-1599.639	-1761.885	162.2457	1.271154	6.870875
1122	-1602.455	-1763.995	161.5396	1.271154	7.25083
1128	-1601.339	-1756.701	155.362	1.198434	10.56415
1134	-1600.522	-1759.391	158.8691	1.270127	8.676306
1140	-1605.125	-1768.604	163.4788	1.272796	6.202281
1146	-1610.538	-1770.825	160.2873	1.184797	7.967251
1152	-1616.979	-1777.011	160.0327	1.248355	8.069142
1158	-1609.369	-1770.296	160.9272	1.120987	7.659501
1164	-1586.46	-1742.741	156.2812	1.350811	10.00097
1170	-1590.35	-1748.233	157.8826	1.383034	9.139128
1176	-1599.168	-1755.493	156.3253	1.318701	9.994669
1182	-1599.847	-1761.291	161.444	1.344267	7.262874
1188	-1619.089	-1778.126	159.0371	1.40822	8.513833
1194	-1592.744	-1751.123	158.3792	1.292005	8.924423
1200	-1594.619	-1755.247	160.6273	1.288591	7.730283
1206	-1610.316	-1766.141	155.8247	1.295417	10.27022
1212	-1601.753	-1763.774	162.0213	1.196735	7.031841
1218	-1586.968	-1745.643	158.6749	1.050814	8.895587
1224	-1589.207	-1748.002	158.7951	1.050814	8.831843
1230	-1599.379	-1758.208	158.8291	1.177749	8.746541
1236	-1596.176	-1756.603	160.4269	1.050908	7.964193
1242	-1587.762	-1744.805	157.0426	1.340039	9.605509
1248	-1585.723	-1743.161	157.4375	1.301991	9.417153
1254	-1584.356	-1741.3	156.9435	1.301991	9.67783
1260	-1583.764	-1745.144	161.3807	1.07883	7.439247
1266	-1594.693	-1754.481	159.788	1.07883	8.289755
1272	-1597.156	-1755.996	158.8399	1.260163	8.69709
1278	-1590.85	-1749.69	158.8399	1.260163	8.69709
1284	-1590.224	-1748.837	158.6138	1.18934	8.854545
1290	-1618.587	-1777.849	159.2619	1.337637	8.431898
1296	-1595.381	-1755.76	160.3795	1.129763	7.947438
1302	-1608.241	-1768.07	159.8289	1.269477	8.16648
1308	-1611.761	-1775.323	163.5619	1.095088	6.253733
1314	-1592.916	-1749.335	156.419	1.321396	9.94393
1320	-1597.572	-1757.563	159.991	1.437832	7.990324
1326	-1593.907	-1754.126	160.219	1.209836	7.990324
1332	-1598.367	-1759.056	160.689	1.209836	7.739395
1338	-1596.188	-1757.564	161.377	1.161187	7.397113
1344	-1590.698	-1750.759	160.0607	1.165931	8.098119
1350	-1593.541	-1754.51	160.9695	1.045401	7.67732
1356	-1590.414	-1748.199	157.7854	1.160997	9.307897
1362	-1587.03	-1745.362	158.3315	1.089206	9.057073
1368	-1586.62	-1745.761	159.1414	1.1757	8.58192
1374	-1592.972	-1749.034	156.0626	1.24099	10.17376
1380	-1592.855	-1754.783	161.9287	1.24099	7.057869
1386	-1590.828	-1749.744	158.9158	1.160361	8.70981
1392	-1592.967	-1751.978	159.0115	1.064643	8.70981
1398	-1591.235	-1749.845	158.6099	1.067806	8.921009
1404	-1588.228	-1747.449	159.2214	1.36585	8.438393
1410	-1590.774	-1748.103	157.3287	1.303182	9.473999
1416	-1583.501	-1740.897	157.3958	1.261528	9.460535
1422	-1588.414	-1746.337	157.9226	1.188398	9.220851
1428	-1595.306	-1753.404	158.0988	1.309727	9.063506
1434	-1588.408	-1747.384	158.9757	1.42129	8.539487
1440	-1597.582	-1754.993	157.4118	1.317559	9.422525
1446	-1589.76	-1750.982	161.2217	1.045128	7.542529
1452	-1594.904	-1755.781	160.8767	1.390073	7.542529
1458	-1608.322	-1771.152	162.8299	1.19761	6.59506
1464	-1609.193	-1767.117	157.9241	1.270153	9.176878
1470	-1597.498	-1752.614	155.116	1.407325	10.58365
1476	-1594.632	-1753.595	158.9633	1.26125	8.631075
1482	-1586.328	-1749.364	163.0366	1.22223	6.469821
1488	-1592.125	-1753.178	161.0532	1.334792	7.477619
1494	-1583.413	-1740.569	157.1555	1.362953	9.533822
1500	-1586.285	-1748.435	162.15	1.294138	6.91007
1506	-1581.034	-1740.482	159.4475	1.336297	8.3339
1512	-1592.081	-1753.486	161.4053	1.246059	7.336362
1518	-1589.534	-1751.315	161.7803	1.246059	7.134955
1524	-1594.982	-1756.745	161.7628	1.246059	7.144394
1530	-1601.316	-1762.213	160.8969	1.070692	7.70261
1536	-1594.983	-1753.96	158.9771	1.108257	8.704916
1542	-1593.337	-1752.449	159.1121	1.467649	8.442413
1548	-1594.244	-1753.44	159.196	1.383738	8.442413
1554	-1599.704	-1759.408	159.7032	1.048692	8.350859
1560	-1581.822	-1743.791	161.9694	1.245925	7.033331
1566	-1594.073	-1754.002	159.9291	1.160082	8.171378
1572	-1603.06	-1766.926	163.866	1.134798	6.066656
1578	-1591.168	-1751.813	160.6448	1.060965	7.842557
1584	-1587.311	-1743.809	156.4982	1.384214	9.869148
1590	-1605.643	-1766.767	161.1238	1.167439	7.529448
1596	-1596.605	-1756.243	159.6381	1.125591	8.344619
1602	-1592.842	-1752.738	159.8961	1.009183	8.269298
1608	-1596.757	-1756.943	160.1859	1.527229	7.838599
1614	-1592.87	-1753.998	161.1285	1.199091	7.509955
1620	-1585.534	-1744.207	158.673	1.274976	8.77774
1626	-1590.416	-1753.361	162.9446	1.47277	6.383862
1632	-1587.899	-1746.522	158.6235	1.665988	8.596562
1638	-1595.06	-1755.41	160.3502	1.334759	7.853637
1644	-1590.941	-1748.89	157.949	1.13819	9.233458
1650	-1590.39	-1748.171	157.7815	1.305746	9.233458
1656	-1592.097	-1749.967	157.8703	1.504209	9.081516
1662	-1606.595	-1768.927	162.3311	1.048432	6.944855
1668	-1603.561	-1762.121	158.5598	1.286243	8.831784
1674	-1601.738	-1761.537	159.7994	1.023663	8.313017
1680	-1595.587	-1759.194	163.6075	1.023663	6.267787
1686	-1599.347	-1760.404	161.0571	1.165445	7.566237
1692	-1595.775	-1752.072	156.2974	1.203784	10.06983
1698	-1597.94	-1759.071	161.1307	1.270999	7.470252
1704	-1594.975	-1753.043	158.0681	1.426878	9.017766
1710	-1588.259	-1749.66	161.4012	1.148762	7.390783
1716	-1588.66	-1748.365	159.7051	1.076708	8.334959
1722	-1588.73	-1748.292	159.5625	1.219372	8.334959
1728	-1590.179	-1749.057	158.8774	1.187496	8.715751
1734	-1600.446	-1760.462	160.016	1.266362	8.068458
1740	-1611.858	-1772.756	160.898	1.274097	7.593237
1746	-1601.104	-1761.363	160.2592	1.158883	7.996049
1752	-1600.001	-1760.759	160.758	1.258963	7.676237
1758	-1587.56	-1748.469	160.9082	1.10873	7.676237
1764	-1591.651	-1750.982	159.3312	1.323922	8.402353
1770	-1587.427	-1747.471	160.0441	1.170566	8.104516
1776	-1601.157	-1760.011	158.8543	1.294722	8.671143
1782	-1602.29	-1760.202	157.9123	1.089964	9.278378
1788	-1610.626	-1770.902	160.2755	1.165943	7.983602
1794	-1599.017	-1758.165	159.1479	1.106724	8.615092
1800	-1593.783	-1756.803	163.0203	0.9745333	6.612716
1806	-1589.519	-1751.085	161.5663	1.086704	7.3355
1812	-1590.225	-1750.842	160.6178	1.050174	7.862747
1818	-1587.586	-1747.718	160.1316	1.305746	7.985802
1824	-1586.315	-1746.05	159.7349	1.065719	8.324952
1830	-1596.728	-1758.4	161.6723	1.039253	7.304063
1836	-1590.531	-1746.284	155.7525	1.164223	10.37709
1842	-1586.741	-1745.405	158.6635	1.180619	8.832797
1848	-1590.869	-1749.773	158.9038	1.225941	8.681379
1854	-1607.358	-1768.254	160.8957	0.9559226	7.764633
1860	-1585.62	-1742.932	157.3122	1.52862	9.363667
1866	-1582.461	-1743.839	161.3784	1.148289	7.403271
1872	-1583.021	-1740.912	157.8906	1.072179	9.299234
1878	-1585.461	-1743.407	157.9459	1.280623	9.159783
1884	-1590.259	-1749.5	159.2413	1.44663	8.384902
1890	-1585.022	-1744.432	159.4091	1.214082	8.419293
1896	-1578.723	-1737.776	159.053	1.201748	8.615005
1902	-1590.436	-1750.325	159.8889	1.105469	8.22184
1908	-1588.796	-1749.89	161.0942	1.069832	7.597532
1914	-1598.761	-1756.501	157.7403	1.250391	9.284452
1920	-1586.998	-1747.491	160.4935	1.198301	7.849974
1926	-1582.742	-1743.378	160.6362	1.055607	7.849974
1932	-1585.938	-1744.39	158.452	1.373216	8.842828
1938	-1585.029	-1743.824	158.7947	1.14816	8.780467
1944	-1583.779	-1742.574	158.7947	1.14816	8.780467
1950	-1585.97	-1747.012	161.042	1.232723	7.538278
1956	-1584.107	-1745.266	161.1588	1.041293	7.578234
1962	-1589.656	-1750.94	161.2841	1.261564	7.393076
1968	-1586.129	-1746.447	160.318	0.9966096	8.051253
1974	-1599.343	-1756.118	156.7756	1.50578	9.658866
1980	-1599.003	-1756.666	157.6631	1.120332	9.393937
1986	-1604.641	-1762.096	157.455	1.328512	9.393937
1992	-1592.105	-1752.194	160.0889	1.23891	8.044232
1998	-1594.209	-1754.499	160.2901	1.037638	8.044232
2004	-1591.872	-1750.633	158.7609	1.18545	8.778615
2010	-1592.151	-1751.198	159.0465	1.152786	8.644452
2016	-1591.681	-1748.706	157.0255	1.357472	9.605319
2022	-1600.943	-1759.647	158.7043	1.397051	8.696426
2028	-1600.826	-1761.826	160.9996	0.9816901	7.695277
2034	-1588.053	-1750.082	162.0293	1.285572	6.979718
2040	-1597.039	-1758.368	161.3298	1.062948	7.475031
2046	-1589.316	-1751.272	161.9565	1.046303	7.147648
2052	-1587.889	-1749.712	161.8226	0.9944035	7.247482
2058	-1596.447	-1755.609	159.1618	0.9944035	8.66734
2064	-1590.828	-1750.739	159.9106	1.279551	8.117562
2070	-1596.118	-1757.681	161.5625	1.235148	7.257883
2076	-1591.035	-1752.81	161.7743	1.023292	7.257883
2082	-1599.034	-1756.72	157.6864	1.023292	9.432895
2088	-1593.314	-1752.262	158.9477	1.262111	8.638893
2094	-1590.137	-1751.322	161.1854	1.118042	7.522915
2100	-1585.498	-1745.871	160.3731	1.371053	7.82205
2106	-1596.181	-1754.496	158.3149	1.441133	8.879506
2112	-1592.176	-1748.925	156.749	1.297369	9.782749
2118	-1588.277	-1749.909	161.6325	0.9995014	7.346747
2124	-1593.281	-1752.752	159.4706	1.260495	8.361927
2130	-1599.061	-1757.162	158.1008	1.293479	9.071069
2136	-1602.907	-1759.306	156.399	1.214971	10.01049
2142	-1586.367	-1743.736	157.3692	1.200574	9.506743
2148	-1598.489	-1755.79	157.301	1.268778	9.506743
2154	-1592.549	-1748.485	155.9365	1.171705	10.27649
2160	-1597.922	-1754.835	156.9129	1.312011	9.688663
2166	-1599.943	-1759.521	159.5784	1.284346	8.291934
2172	-1600.213	-1758.135	157.9218	1.284346	9.170558
2178	-1595.948	-1755.934	159.9863	1.178126	8.131291
2184	-1594.606	-1755.699	161.0935	1.216672	7.519292
2190	-1597.85	-1756.521	158.6705	1.216672	8.80998
2196	-1599.693	-1759.444	159.7505	1.216672	8.236316
2202	-1601.122	-1763.134	162.0113	1.216672	7.026495
2208	-1589.819	-1749.95	160.1312	1.190102	8.047705
2214	-1591.266	-1751.045	159.7792	1.083846	8.291759
2220	-1588.473	-1748.442	159.9691	1.216708	8.119902
2226	-1596.276	-1757.419	161.1436	1.1308	7.538443
2232	-1603.686	-1765.295	161.6088	1.157639	7.274597
2238	-1590.659	-1751.843	161.1832	1.053976	7.558402
2244	-1592.083	-1752.221	160.1379	1.362277	7.952274
2250	-1593.375	-1753.79	160.4149	1.121318	7.933037
2256	-1596.576	-1757.576	161.0001	1.327666	7.509873
2262	-1616.862	-1777.937	161.0747	1.253015	7.509873
2268	-1605.351	-1764.579	159.2274	1.253015	8.495181
2274	-1593.699	-1755.578	161.8791	1.246703	7.081497
2280	-1595.662	-1756.017	160.3544	1.246703	7.898427
2286	-1599.528	-1760.192	160.6639	1.095614	7.813838
2292	-1600.264	-1762.282	162.0172	1.327492	6.963655
2298	-1581.173	-1743.426	162.2532	1.091435	6.963655
2304	-1585.52	-1747.581	162.0609	1.168376	7.025781
2310	-1600.421	-1762.457	162.0359	1.376029	6.927438
2316	-1596.928	-1758.931	162.004	1.376029	6.944623
2322	-1597.336	-1757.022	159.6864	1.304949	8.223478
2328	-1593.641	-1750.491	156.8496	1.304949	9.725767
2334	-1589.778	-1749.159	159.3809	1.244291	8.418244
2340	-1583.787	-1743.786	159.9994	1.244291	8.089065
2346	-1598.296	-1758.194	159.8974	1.346253	8.089065
2352	-1611.203	-1771.346	160.1429	1.012968	8.135863
2358	-1595.916	-1756.625	160.7094	1.044098	7.817049
2364	-1583.61	-1742.739	159.1283	1.157328	8.598621
2370	-1589.102	-1750.602	161.5001	1.036708	7.397817
2376	-1591.177	-1749.742	158.5651	1.424401	8.755742
2382	-1592.224	-1753.259	161.0353	1.076438	7.625504
2388	-1608.4	-1769.364	160.9643	1.053106	7.676012
2394	-1600.178	-1760.442	160.2634	1.097214	8.026708
2400	-1605.741	-1766.075	160.3336	1.208308	7.930008
2406	-1612.251	-1771.876	159.6256	1.249018	8.285581
2412	-1596.954	-1757.72	160.7662	1.217741	7.693883
2418	-1592.807	-1753.807	161.0003	1.477697	7.429388
2424	-1601.08	-1762.647	161.5665	1.07265	7.342952
2430	-1595.781	-1755.099	159.318	1.136348	8.509022
2436	-1596.328	-1755.028	158.7002	1.087093	8.862957
2442	-1592.405	-1753.841	161.4358	1.043435	7.428691
2448	-1579.923	-1741.231	161.3081	1.171161	7.428691
2454	-1588.394	-1745.413	157.0192	1.319351	9.628753
2460	-1587.105	-1742.525	155.4202	1.319351	10.47013
2466	-1592.914	-1753.103	160.1885	1.208927	8.007096
2472	-1597.201	-1757.811	160.6097	1.352036	7.705743
2478	-1594.155	-1755.253	161.0972	1.226213	7.512214
2484	-1586.206	-1746.622	160.4153	1.447674	7.758559
2490	-1585.191	-1747.169	161.9782	1.140854	7.085093
2496	-1579.904	-1742.277	162.3731	1.189485	6.846191
2502	-1590.699	-1750.851	160.1515	1.22877	8.016235
2508	-1595.873	-1756.923	161.0501	1.321127	7.486596
2514	-1592.713	-1752.059	159.3454	1.053302	8.538596
2520	-1582.592	-1743.822	161.2301	1.167501	7.472447
2526	-1582.134	-1740.958	158.8233	1.354028	8.656094
2532	-1583.427	-1747.146	163.7194	1.144781	6.141065
2538	-1590.386	-1751.176	160.7908	1.164973	7.708933
2544	-1590.831	-1750.841	160.0094	1.139219	8.139716
2550	-1593.771	-1755.4	161.6295	1.121389	7.282981
2556	-1595.883	-1757.147	161.2635	1.472149	7.291132
2562	-1589.711	-1751.371	161.6601	1.427315	7.102127
2568	-1587.948	-1745.446	157.4982	1.530463	9.264378
2574	-1582.922	-1742.824	159.9017	1.328221	8.096376
2580	-1586.019	-1745.287	159.2687	1.176564	8.513831
2586	-1587.349	-1747.876	160.5275	1.168048	7.848022
2592	-1593.842	-1752.235	158.3931	1.372247	8.874553
2598	-1583.726	-1740.303	156.5765	1.251583	9.897758
2604	-1595.7	-1756.821	161.1206	1.04945	7.594301
2610	-1590.121	-1748.979	158.8583	1.231238	8.702705
2616	-1587.025	-1748.615	161.59	1.27637	7.220956
2622	-1594.34	-1752.394	158.0532	1.300868	9.092302
2628	-1590.969	-1750.057	159.0876	1.213016	8.590664
2634	-1590.942	-1754.263	163.3209	1.134175	6.36336
2640	-1587.253	-1746.246	158.9926	1.145443	8.676974
2646	-1584.31	-1746.639	162.3298	1.343704	6.786349
2652	-1589.191	-1748.335	159.1448	1.343704	8.490885
2658	-1590.894	-1751.272	160.3785	0.9820908	8.026734
2664	-1590.197	-1748.939	158.7414	1.273722	8.742169
2670	-1596.762	-1759.779	163.0163	1.179583	6.503887
2676	-1587.778	-1749.609	161.8314	1.294463	7.081436
2682	-1594.424	-1755.839	161.4158	1.100812	7.408675
2688	-1585.986	-1743.44	157.4541	1.321368	9.398187
2694	-1580.293	-1741.391	161.0985	1.242459	7.502807
2700	-1585.462	-1747.509	162.0472	1.048704	7.09755
2706	-1586.953	-1748.503	161.5495	1.365608	7.194789
2712	-1604.366	-1758.596	154.2302	1.388066	11.05808
2718	-1615.194	-1775.552	160.3583	1.282247	7.877374
2724	-1620.418	-1780.822	160.4035	1.274023	7.857633
2730	-1594.511	-1755.887	161.3767	1.129799	7.414097
2736	-1590.355	-1753.021	162.6665	1.139096	6.715043
2742	-1585.221	-1746.489	161.2675	1.227626	7.420182
2748	-1583.881	-1744.968	161.0867	1.408433	7.420182
2754	-1589.549	-1751.081	161.5323	1.094148	7.349748
2760	-1592.005	-1753.471	161.4662	1.369342	7.237517
2766	-1590.215	-1752.819	162.6034	1.374151	6.622056
2772	-1586.395	-1746.913	160.518	1.109264	7.884461
2778	-1599.754	-1757.993	158.2392	1.286543	9.001463
2784	-1593.935	-1755.054	161.1193	1.15086	7.540744
2790	-1598.878	-1761.928	163.0494	1.215884	6.466284
2796	-1605.269	-1768.155	162.8859	1.355564	6.479207
2802	-1610.794	-1768.903	158.1085	1.443758	8.98744
2808	-1609.053	-1771.554	162.5016	1.159	6.793332
2814	-1605.384	-1763.709	158.3244	1.264794	8.967883
2820	-1604.454	-1760.838	156.3835	1.377226	9.933206
2826	-1610.672	-1772.139	161.467	1.166017	7.34623
2832	-1595.716	-1755.969	160.2528	1.143517	8.007664
2838	-1601.068	-1762.757	161.6886	1.335266	7.136297
2844	-1595.128	-1756.376	161.2483	1.028503	7.537159
2850	-1587.276	-1748.469	161.1926	1.029066	7.5667
2856	-1595.269	-1756.479	161.2094	1.076701	7.532192
2862	-1601.958	-1763.21	161.2515	1.034621	7.532192
2868	-1611.474	-1766.303	154.8291	1.259334	10.81176
2874	-1599.411	-1756.929	157.5177	1.238254	9.408467
2880	-1596.2	-1757.635	161.4345	0.9827641	7.461909
2886	-1591.497	-1752.785	161.2875	1.129743	7.461909
2892	-1586.022	-1745.021	158.9997	1.088104	8.703627
2898	-1595.707	-1752.431	156.7235	1.268863	9.811239
2904	-1588.455	-1749.546	161.0909	1.106838	7.579508
2910	-1602.024	-1763.842	161.8188	1.053049	7.217993
2916	-1605.726	-1766.359	160.6328	1.251814	7.746985
2922	-1595.691	-1756.85	161.1591	1.126517	7.532459
2928	-1590.141	-1749.875	159.7333	1.041865	8.338498
2934	-1610.978	-1771.702	160.7239	1.130586	7.763069
2940	-1604.193	-1762.826	158.6332	1.218487	8.828821
2946	-1604.559	-1765.531	160.9715	1.218487	7.58362
2952	-1602.654	-1759.842	157.1879	1.368906	9.513602
2958	-1609.233	-1766.298	157.0652	1.413046	9.555072
2964	-1602.519	-1759.551	157.0313	1.264541	9.651246
2970	-1603.755	-1762.457	158.703	1.325253	8.735221
2976	-1611.171	-1769.939	158.7688	1.259381	8.735221
2982	-1605.902	-1764.661	158.7592	1.269044	8.735221
2988	-1604.851	-1764.992	160.1412	1.179466	8.048039
2994	-1617.391	-1777.328	159.9376	1.548935	7.959557
3000	-1607.141	-1765.889	158.7483	1.294205	8.727612
3006	-1603.458	-1764.295	160.8366	1.364541	7.577655
3012	-1592.352	-1753.373	161.0207	1.114036	7.613206
3018	-1593.54	-1754.553	161.0131	1.121648	7.613206
3024	-1588.439	-1749.673	161.2346	1.188114	7.459016
3030	-1593.925	-1753.683	159.758	0.9987429	8.348306
3036	-1599.857	-1758.304	158.4464	1.324202	8.871762
3042	-1593.605	-1752.295	158.6902	1.206432	8.804999
3048	-1588.481	-1747.114	158.6331	1.39392	8.735844
3054	-1605.961	-1769.489	163.5279	1.123904	6.256529
3060	-1601.799	-1763.638	161.8387	1.038438	7.215181
3066	-1609.898	-1770.246	160.3481	1.038438	8.01288
3072	-1599.955	-1759.027	159.0722	1.184769	8.613834
3078	-1600.298	-1759.603	159.3053	1.242481	8.459375
3084	-1596.271	-1756.14	159.8694	1.362308	8.095424
3090	-1599.786	-1760.622	160.8369	1.332273	7.594775
3096	-1600.036	-1759.271	159.2346	1.193755	8.522861
3102	-1602.038	-1762.893	160.8542	1.099706	7.709931
3108	-1607.574	-1769.406	161.8318	1.067564	7.203233
3114	-1615.005	-1770.985	155.9801	1.313806	10.17886
3120	-1597.795	-1754.888	157.0928	1.201394	9.65215
3126	-1590.474	-1748.25	157.776	1.291907	9.243632
3132	-1598.234	-1760.783	162.5485	1.291907	6.696232
3138	-1585.155	-1744.597	159.442	1.202467	8.408003
3144	-1590.615	-1748.478	157.8627	1.474818	9.101056
3150	-1607.809	-1768.564	160.7547	1.279697	7.666914
3156	-1608.516	-1768.081	159.5653	1.279697	8.301363
3162	-1593.584	-1755.203	161.6196	1.201777	7.245102
3168	-1597.598	-1759.262	161.6646	1.030852	7.312737
3174	-1600.805	-1762.593	161.788	0.9793935	7.274095
3180	-1605.59	-1767.253	161.6628	1.011104	7.324297
3186	-1594.631	-1752.166	157.5349	1.15919	9.441153
3192	-1592.629	-1751.473	158.8446	1.322872	8.661362
3198	-1589.133	-1748.698	159.5651	1.192366	8.347913
3204	-1595.747	-1755.275	159.5281	1.091138	8.421434
3210	-1595.229	-1756.116	160.8878	1.254405	7.609236
3216	-1599.404	-1758.924	159.5207	1.254405	8.338534
3222	-1594.667	-1756.6	161.933	1.1023	7.130171
3228	-1603.864	-1763.522	159.6584	0.9990779	8.401081
3234	-1597.018	-1756.812	159.7939	1.173085	8.236425
3240	-1593.655	-1753.449	159.7944	1.172626	8.236425
3246	-1588.598	-1750.225	161.6274	1.2527	7.213599
3252	-1588.584	-1745.908	157.324	1.234078	9.51292
3258	-1588.676	-1748.921	160.2452	1.234078	7.963443
3264	-1594.8	-1757.112	162.3123	1.031507	6.964129
3270	-1602.106	-1762.517	160.4105	1.110246	7.941319
3276	-1598.344	-1757.653	159.3091	1.355327	8.397364
3282	-1597.904	-1758.547	160.6431	1.140546	7.800955
3288	-1590.844	-1748.268	157.4244	1.230946	9.461612
3294	-1589.58	-1749.791	160.2111	1.204984	7.997161
3300	-1599.114	-1758.543	159.429	1.431088	8.293326
3306	-1596.859	-1757.614	160.7545	1.11594	7.75454
3312	-1595.485	-1754.01	158.5255	0.9898308	9.006999
3318	-1595.999	-1755.32	159.3206	1.293565	8.424119
3324	-1585.508	-1744.238	158.7301	1.491417	8.632663
3330	-1585.359	-1744.778	159.4196	1.323377	8.355604
3336	-1585.181	-1744.067	158.8857	1.315973	8.643177
3342	-1585.582	-1745.967	160.3854	1.2313	7.890105
3348	-1591.442	-1751.903	160.4612	1.155481	7.890105
3354	-1617.778	-1778.266	160.4876	1.129118	7.890105
3360	-1612.695	-1775.021	162.3257	1.089153	6.925852
3366	-1594.46	-1756.667	162.2072	1.187184	6.936881
3372	-1580.665	-1739.609	158.9434	1.3318	8.604141
3378	-1581.547	-1740.504	158.9574	1.317845	8.604141
3384	-1590.892	-1751.646	160.7543	1.128447	7.747986
3390	-1598.728	-1757.669	158.9413	1.128447	8.713183
3396	-1600.523	-1760.875	160.3524	1.174593	7.937996
3402	-1599.993	-1752.284	152.291	1.38306	12.07413
3408	-1603.396	-1755.687	152.291	1.38306	12.07413
3414	-1608.102	-1763.779	155.6771	1.452651	10.26515
3420	-1609.412	-1766.865	157.4527	1.08875	9.521718
3426	-1613.302	-1772.36	159.0576	1.132877	8.649125
3432	-1599.044	-1754.329	155.2846	1.335875	10.53266
3438	-1597.296	-1756.59	159.2939	1.180806	8.498205
3444	-1608.3	-1770.335	162.035	1.243418	6.999331
3450	-1605.307	-1766.435	161.1278	1.243418	7.486604
3456	-1595.174	-1751.31	156.1359	1.403703	10.0496
3462	-1602.065	-1761.658	159.5933	1.300015	8.275619
3468	-1595.041	-1757.037	161.996	1.252224	7.015582
3474	-1593.436	-1752.077	158.6418	1.218946	8.824015
3480	-1602.834	-1763.007	160.1731	1.264067	7.985885
3486	-1609.345	-1770.284	160.9382	1.042761	7.695464
3492	-1597.49	-1756.96	159.4701	1.219352	8.384057
3498	-1598.94	-1758.581	159.6411	1.219352	8.293133
3504	-1591.091	-1750.374	159.2831	1.213649	8.486516
3510	-1587.203	-1747.416	160.2134	1.25026	7.971745
3516	-1580.916	-1741.129	160.2134	1.25026	7.971745
3522	-1596.365	-1757.297	160.9319	1.072152	7.683142
3528	-1591.617	-1749.908	158.2914	1.361853	8.933967
3534	-1585.782	-1745.293	159.5112	1.262559	8.339264
3540	-1600.173	-1757.215	157.0424	1.385535	9.581577
3546	-1609.558	-1769.284	159.7266	1.071407	8.326342
3552	-1586.886	-1744.011	157.1245	1.200603	9.63584
3558	-1593.531	-1755.404	161.8731	1.106435	7.160159
3564	-1601.8	-1760.093	158.2936	1.391226	8.917209
3570	-1597.896	-1752.643	154.7473	1.391226	10.78546
3576	-1596.587	-1752.23	155.6438	1.334902	10.3445
3582	-1597.176	-1752.8	155.6243	1.354443	10.3445
3588	-1592.381	-1747.913	155.5327	1.354443	10.39263
3594	-1583.944	-1745.248	161.3046	1.170237	7.431039
3600	-1586.893	-1745.334	158.4403	1.27329	8.90199
3606	-1598.78	-1758.278	159.4978	1.254828	8.350513
3612	-1601.142	-1760.414	159.272	1.480587	8.350513
3618	-1598.429	-1758.686	160.2578	1.205538	7.971924
3624	-1596.165	-1751.477	155.3128	1.32522	10.52344
3630	-1591.58	-1749.797	158.217	1.48172	8.909843
3636	-1601.412	-1761.729	160.317	1.39758	7.837814
3642	-1601.598	-1762.205	160.6071	1.300526	7.734668
3648	-1603.009	-1763.838	160.8291	0.9857994	7.784249
3654	-1596.425	-1755.985	159.5596	1.295311	8.296102
3660	-1604.055	-1762.704	158.6484	1.482588	8.680698
3666	-1594.359	-1753.611	159.2528	1.115915	8.554494
3672	-1598.187	-1757.162	158.9744	1.204229	8.655424
3678	-1600.764	-1758.947	158.1823	1.204229	9.075155
3684	-1601.391	-1757.485	156.094	1.401233	10.07297
3690	-1598.319	-1757.374	159.0552	1.401233	8.507925
3696	-1601.748	-1758.201	156.4522	1.401233	9.884401
3702	-1596.462	-1756.258	159.7958	1.211776	8.214809
3708	-1596.263	-1756.708	160.4447	1.149888	7.901874
3714	-1589.721	-1750.143	160.4222	1.145466	7.916258
3720	-1599.967	-1760.718	160.7512	1.077776	7.776741
3726	-1590.744	-1750.837	160.0928	1.24596	8.038354
3732	-1597.293	-1758.281	160.9884	1.055055	7.662077
3738	-1604.133	-1764.986	160.8525	1.127439	7.696005
3744	-1597.05	-1755.011	157.9612	1.37649	9.10098
3750	-1601.787	-1762.687	160.9003	1.058111	7.707559
3756	-1597.237	-1760.301	163.0642	1.113698	6.513647
3762	-1600.645	-1761.613	160.9675	1.005373	7.699781
3768	-1601.077	-1761.529	160.4525	1.194854	7.873731
3774	-1595.921	-1755.367	159.446	1.474811	8.260985
3780	-1597.422	-1756.346	158.924	1.188648	8.690445
3786	-1606.393	-1765.387	158.9947	1.117911	8.690445
3792	-1607.731	-1766.145	158.4133	1.390729	8.854062
3798	-1595.514	-1755.957	160.4431	1.246906	7.85096
3804	-1586.983	-1744.485	157.5025	1.37196	9.345902
3810	-1609.207	-1767.125	157.9182	1.473517	9.072385
3816	-1607.959	-1764.394	156.4349	1.279655	9.957544
3822	-1600.791	-1754.356	153.5652	1.30663	11.44864
3828	-1595.741	-1754.384	158.6422	1.461022	8.695405
3834	-1594.98	-1753.61	158.6308	1.196453	8.841763
3840	-1585.795	-1745.945	160.1499	1.016618	8.130186
3846	-1593.171	-1751.083	157.912	1.356908	9.137361
3852	-1599.006	-1757.468	158.462	1.106673	8.978748
3858	-1591.116	-1750.239	159.1234	1.338407	8.505058
3864	-1586.495	-1746.523	160.0286	1.100879	8.149899
3870	-1587.717	-1747.748	160.0311	1.098427	8.149899
3876	-1585.393	-1747.734	162.3408	1.145099	6.887523
3882	-1602.563	-1761.678	159.1152	1.308916	8.525091
3888	-1601.971	-1758.482	156.5114	1.263242	9.925882
3894	-1599.946	-1759.338	159.3914	1.263242	8.402596
3900	-1596.352	-1755.792	159.4405	1.214172	8.402596
3906	-1602.66	-1756.829	154.1684	1.412845	11.07746
3912	-1603.049	-1762.638	159.5891	1.202025	8.330003
3918	-1601.336	-1761.069	159.7327	1.058436	8.330003
3924	-1599.784	-1758.752	158.9686	1.287962	8.614083
3930	-1602.909	-1763.353	160.4448	1.012111	7.975365
3936	-1594.424	-1753.504	159.0794	1.347067	8.523848
3942	-1586.873	-1747.347	160.4731	1.369871	7.769236
3948	-1590	-1748.993	158.9936	1.223901	8.634789
3954	-1597.316	-1754.719	157.403	1.13742	9.522236
3960	-1588.953	-1750.39	161.4364	1.401897	7.236026
3966	-1592.474	-1754.03	161.5562	1.282087	7.236026
3972	-1589.501	-1750.472	160.9712	1.072255	7.662069
3978	-1597.838	-1758.031	160.1935	1.327993	7.940921
3984	-1592.825	-1750.155	157.3298	1.075794	9.593379
3990	-1599.01	-1754.35	155.3398	1.200928	10.57451
3996	-1595.313	-1757.848	162.5348	1.129318	6.791429
4002	-1585.285	-1746.107	160.8213	1.31099	7.614532
4008	-1585.786	-1745.266	159.4797	1.305796	8.332989
4014	-1584.24	-1743.43	159.1894	1.432755	8.41985
4020	-1590.092	-1749.46	159.3675	1.229148	8.433434
4026	-1581.456	-1744.229	162.7734	1.075029	6.691881
4032	-1579.174	-1739.858	160.6841	1.092695	7.804622
4038	-1590.267	-1750.102	159.8353	1.219793	8.18952
4044	-1592.142	-1752.085	159.9428	1.112321	8.18952
4050	-1598.842	-1758.89	160.0478	1.007265	8.18952
4056	-1603.705	-1763.448	159.7427	1.312418	8.18952
4062	-1595.244	-1753.142	157.8983	1.269432	9.19087
4068	-1596.352	-1756.005	159.6527	1.187306	8.303986
4074	-1605.613	-1765.152	159.5392	1.300887	8.303986
4080	-1611.507	-1771.17	159.6631	1.176941	8.303986
4086	-1608.489	-1772.663	164.1744	1.057822	5.940414
4092	-1613.138	-1776.603	163.4654	1.028175	6.342488
4098	-1608.014	-1766.621	158.6078	1.294419	8.801996
4104	-1597.18	-1754.641	157.4617	1.294419	9.408398
4110	-1589.42	-1746.605	157.1847	1.315292	9.543565
4116	-1601.558	-1762.754	161.1957	1.315292	7.411682
4122	-1592.948	-1754.451	161.5028	1.123098	7.350058
4128	-1594.479	-1755.49	161.0116	1.10207	7.624505
4134	-1585.651	-1743.435	157.7843	1.233499	9.270165
4140	-1590.838	-1750.259	159.421	1.215137	8.412447
4146	-1591.554	-1748.545	156.9911	1.261138	9.674266
4152	-1598.242	-1756.23	157.9885	1.169587	9.195974
4158	-1612.723	-1770.322	157.5983	1.559763	9.195974
4164	-1608.588	-1762.685	154.0966	1.358542	11.1435
4170	-1598.806	-1759.895	161.0883	1.134671	7.565989
4176	-1601.667	-1762.475	160.8082	1.226425	7.666766
4182	-1598.502	-1758.851	160.3492	1.05119	8.005496
4188	-1597.563	-1755.379	157.8158	1.116571	9.315286
4194	-1602.623	-1763.969	161.3462	1.233424	7.37486
4200	-1592.142	-1752.364	160.2218	1.136397	8.027986
4206	-1590.537	-1751.474	160.9365	1.135801	7.646613
4212	-1600.698	-1761.342	160.644	0.9932604	7.879119
4218	-1587.491	-1748.947	161.4564	1.078565	7.398811
4224	-1592.847	-1753.358	160.5117	1.213786	7.832015
4230	-1593.814	-1754.44	160.6265	1.322447	7.712602
4236	-1587.743	-1748.623	160.8796	1.069346	7.712602
4242	-1589.858	-1750.552	160.6945	1.130592	7.77881
4248	-1593.941	-1754.368	160.4271	0.9284847	8.029392
4254	-1598.993	-1760.22	161.2263	1.396337	7.351777
4260	-1595.634	-1757.327	161.693	1.131538	7.243411
4266	-1593.344	-1756.37	163.0254	1.275791	6.446823
4272	-1592.268	-1753.088	160.8195	1.18821	7.681152
4278	-1592.937	-1748.01	155.0737	1.465052	10.57553
4284	-1594.05	-1756.113	162.063	1.112892	7.054553
4290	-1588.38	-1748.652	160.2718	1.131167	8.004143
4296	-1593.095	-1752.487	159.3916	1.20936	8.431134
4302	-1591.995	-1752.531	160.536	1.04487	7.909213
4308	-1603.611	-1765.981	162.3695	1.142272	6.873622
4314	-1609.3	-1768.77	159.4699	1.133789	8.429663
4320	-1602.005	-1764.533	162.5273	1.103817	6.809237
4326	-1597.098	-1756.06	158.9625	1.182245	8.673378
4332	-1610.068	-1771.131	161.0622	1.229828	7.529021
4338	-1611.029	-1771.193	160.1642	1.407849	7.913935
4344	-1604.946	-1765.684	160.7374	1.482926	7.567423
4350	-1617.626	-1777.43	159.8036	1.351925	8.136009
4356	-1593.934	-1756.475	162.5408	1.269987	6.712233
4362	-1603.918	-1766.792	162.8742	0.9660605	6.69628
4368	-1600.739	-1759.83	159.0919	1.433676	8.471201
4374	-1593.687	-1750.282	156.5943	1.206988	9.911841
4380	-1600.36	-1758.161	157.8002	1.337248	9.206916
4386	-1602.517	-1766.001	163.4834	0.933456	6.384096
4392	-1597.942	-1760.308	162.3665	0.9568754	6.975107
4398	-1595.138	-1751.95	156.8125	1.206535	9.79717
4404	-1591.78	-1752.402	160.6218	1.180361	7.791062
4410	-1594.505	-1751.321	156.8157	1.249951	9.772604
4416	-1597.667	-1757.684	160.0169	1.193747	8.106677
4422	-1595.682	-1757.6	161.9184	1.365919	6.996139
4428	-1584.788	-1744.504	159.7155	1.383759	8.165998
4434	-1597.781	-1759.487	161.7055	1.166209	7.218097
4440	-1595.462	-1755.977	160.5153	1.133488	7.872951
4446	-1595.246	-1755.762	160.5153	1.133488	7.872951
4452	-1592.966	-1754.718	161.7517	1.052143	7.254509
4458	-1589.99	-1751.818	161.8287	1.276661	7.092474
4464	-1592.08	-1753.435	161.3547	1.121799	7.430157
4470	-1592.28	-1754.14	161.8606	1.153729	7.141453
4476	-1601.978	-1763.157	161.1791	1.11435	7.528272
4482	-1588.554	-1748.989	160.435	1.31663	7.818066
4488	-1596.274	-1753.971	157.6972	1.183335	9.342684
4494	-1604.227	-1765.022	160.7951	1.099303	7.741755
4500	-1591.914	-1750.382	158.4677	1.276031	8.885993
4506	-1586.948	-1744.394	157.4463	1.177381	9.47828
4512	-1596.819	-1759.223	162.404	1.203359	6.822059
4518	-1584.958	-1746.663	161.7058	0.8700231	7.376893
4524	-1587.111	-1744.076	156.9642	1.201299	9.72001
4530	-1601.346	-1759.195	157.8485	1.024742	9.346518
4536	-1591.673	-1752.088	160.4159	1.229119	7.874998
4542	-1588.572	-1749.951	161.379	1.459843	7.235732
4548	-1594.501	-1752.961	158.4596	1.38578	8.832159
4554	-1615.154	-1775.26	160.1062	1.19038	8.060844
4560	-1597.862	-1758.183	160.3209	1.071448	8.009807
4566	-1612.141	-1774.169	162.0276	1.034359	7.115805
4572	-1602.469	-1763.456	160.9876	1.178323	7.596527
4578	-1597.619	-1756.687	159.0677	1.448145	8.476334
4584	-1613.879	-1770.87	156.9919	1.551208	9.520813
4590	-1603.537	-1765.364	161.8269	1.296745	7.082654
4596	-1612.679	-1771.944	159.2642	1.112471	8.550287
4602	-1594.755	-1753.153	158.3972	1.400849	8.857228
4608	-1597.181	-1756.735	159.5533	1.473459	8.204591
4614	-1597.646	-1756.083	158.4374	1.277148	8.901457
4620	-1586.996	-1749.154	162.1581	1.128924	6.994686
4626	-1588.759	-1745.246	156.4862	1.261464	9.940124
4632	-1589.216	-1747.276	158.0606	1.330443	9.072779
4638	-1593.964	-1754.377	160.4122	1.040434	7.977643
4644	-1582.719	-1742.77	160.0512	1.289163	8.037513
4650	-1585.374	-1746.173	160.7986	1.34438	7.608824
4656	-1584.441	-1747.046	162.6056	1.315177	6.652791
4662	-1593.47	-1752.077	158.6064	1.360899	8.767509
4668	-1592.229	-1751.095	158.8657	1.101625	8.767509
4674	-1600.939	-1757.798	156.8594	1.101625	9.827733
4680	-1594.932	-1756.72	161.7874	1.233164	7.138059
4686	-1599.285	-1761.2	161.9146	1.105989	7.138059
4692	-1590.573	-1750.721	160.1479	1.298854	7.980791
4698	-1576.44	-1738.082	161.6424	1.229546	7.217976
4704	-1582.631	-1744.848	162.2164	1.16867	6.941888
4710	-1591.379	-1752.316	160.9363	1.125535	7.652204
4716	-1594.816	-1753.659	158.8433	1.221321	8.715902
4722	-1603.782	-1767.923	164.1414	1.210311	5.875154
4728	-1591.284	-1752.363	161.0793	1.152934	7.561053
4734	-1579.468	-1738.6	159.1322	1.308713	8.516167
4740	-1578.955	-1736.605	157.6504	1.291275	9.310389
4746	-1584.848	-1742.446	157.5978	1.244349	9.362936
4752	-1591.389	-1749.117	157.7288	1.210461	9.311618
4758	-1586.687	-1747.911	161.224	1.009768	7.560211
4764	-1599.146	-1758.03	158.8844	0.9851717	8.819348
4770	-1597.914	-1756.946	159.0318	1.045483	8.709175
4776	-1601.889	-1760.541	158.6522	1.425089	8.709175
4782	-1598.396	-1757.356	158.9603	1.117044	8.709175
4788	-1593.337	-1756.149	162.8122	1.068698	6.674351
4794	-1590.77	-1751.609	160.839	1.231044	7.647838
4800	-1597.116	-1756.749	159.6331	1.174869	8.321071
4806	-1584.911	-1744.288	159.3778	1.226677	8.429261
4812	-1589.867	-1746.611	156.7435	1.324056	9.771611
4818	-1593.444	-1753.945	160.5014	1.226501	7.830697
4824	-1590.366	-1751.666	161.2999	1.074984	7.484627
4830	-1588.638	-1749.621	160.9829	1.148386	7.615059
4836	-1582.088	-1743.808	161.7204	1.104926	7.24298
4842	-1575.19	-1734.067	158.8774	1.323033	8.643865
4848	-1576.666	-1738.164	161.4979	1.241267	7.289258
4854	-1586.715	-1748.347	161.6326	1.069914	7.308941
4860	-1589.496	-1748.394	158.8974	1.356324	8.61559
4866	-1595.596	-1757.631	162.0356	1.234269	7.003968
4872	-1602.222	-1761.984	159.7623	1.395062	8.135032
4878	-1598.065	-1759.018	160.9534	1.24556	7.578843
4884	-1599.531	-1759.084	159.5536	1.353001	8.268572
4890	-1601.176	-1764.141	162.9654	1.224914	6.506923
4896	-1595.515	-1756.694	161.1786	1.227491	7.467922
4902	-1606.903	-1767.17	160.2667	1.335129	7.89801
4908	-1605.215	-1760.73	155.5158	1.110495	10.52958
4914	-1599.398	-1757.939	158.5413	1.025317	8.979831
4920	-1590.733	-1748.602	157.869	1.272014	9.204989
4926	-1592.416	-1750.761	158.3449	1.272014	8.953184
4932	-1606.251	-1765.124	158.8723	1.228499	8.696732
4938	-1609.323	-1768.259	158.9365	1.164227	8.696732
4944	-1601.099	-1762.553	161.4544	1.080369	7.398943
4950	-1620.67	-1776.924	156.2541	1.357262	10.01183
4956	-1600.515	-1760.839	160.3238	1.356292	7.856239
4962	-1589.185	-1751.642	162.4573	1.082201	6.858638
4968	-1594.512	-1756.9	162.3878	1.151678	6.858638
4974	-1588.24	-1749.078	160.8389	1.350315	7.584053
4980	-1594.926	-1750.934	156.0082	1.455988	10.08927
4986	-1590.228	-1746.707	156.4786	1.211346	9.970494
4992	-1592.218	-1748.644	156.4264	1.228987	9.988692
4998	-1592.676	-1753.772	161.0957	1.11552	7.572262
5004	-1594.833	-1753.488	158.6549	1.11552	8.871894
5010	-1604.278	-1762.935	158.6576	1.592888	8.617262
5016	-1588.415	-1747.778	159.3624	1.103341	8.502977
5022	-1599.314	-1759.166	159.8525	1.103341	8.242339
5028	-1589.885	-1748.229	158.3435	1.225913	8.978342
5034	-1590.847	-1750.665	159.818	1.348167	8.130378
5040	-1588.988	-1746.646	157.658	1.348167	9.276277
5046	-1591.442	-1751.245	159.8034	1.179332	8.228042
5052	-1594.695	-1752.512	157.8165	1.325692	9.2044
5058	-1591.281	-1750.169	158.8881	1.145154	8.732557
5064	-1599.469	-1759.5	160.0315	1.216979	8.086517
5070	-1591.505	-1753.328	161.8228	1.170707	7.152627
5076	-1589.055	-1749.368	160.3134	1.124514	7.985485
5082	-1592.31	-1752.66	160.3501	1.085601	7.986685
5088	-1603.543	-1766.039	162.496	1.343929	6.696475
5094	-1596.063	-1759.014	162.9511	1.141284	6.559949
5100	-1596.617	-1757.728	161.1105	1.242561	7.496307
5106	-1591.914	-1751.936	160.0218	1.287034	8.054355
5112	-1605.241	-1762.89	157.6488	1.298138	9.307602
5118	-1606.797	-1767.487	160.6896	1.225785	7.730532
5124	-1610.433	-1771.395	160.9616	1.010767	7.700066
5130	-1603.525	-1761.622	158.0979	1.033898	9.209907
5136	-1596.058	-1755.849	159.7905	1.300599	8.170326
5142	-1591.384	-1750.335	158.951	1.21075	8.664371
5148	-1596.11	-1755.301	159.191	0.9707985	8.664371
5154	-1591.238	-1750.492	159.2544	1.280052	8.466499
5160	-1587	-1746.14	159.1408	1.393632	8.466499
5166	-1594.664	-1753.694	159.0297	1.147723	8.656039
5172	-1583.983	-1745.726	161.7433	1.099656	7.233521
5178	-1601.198	-1763.115	161.9167	1.113889	7.132694
5184	-1597.246	-1754.883	157.6372	1.402785	9.258414
5190	-1601.054	-1758.201	157.1473	1.366563	9.536283
5196	-1586.487	-1745.937	159.4503	1.053377	8.482851
5202	-1592.183	-1753.332	161.1488	1.142557	7.529387
5208	-1592.045	-1752.57	160.5245	1.230084	7.816445
5214	-1594.181	-1754.122	159.9411	1.230084	8.127708
5220	-1601.005	-1762.636	161.6312	1.10573	7.29044
5226	-1596.926	-1758.597	161.6707	1.250273	7.191636
5232	-1596.657	-1755.284	158.6268	1.188284	8.848209
5238	-1589.393	-1749.164	159.771	1.234358	8.215991
5244	-1601.492	-1758.291	156.7983	1.191214	9.812725
5250	-1594.832	-1755.673	160.8405	1.120158	7.706341
5256	-1597.354	-1755.672	158.318	1.340617	8.931102
5262	-1595.816	-1751.755	155.9391	1.261004	10.22817
5268	-1599.711	-1755.857	156.1469	1.053164	10.22817
5274	-1605.972	-1767.034	161.0626	1.363896	7.456989
5280	-1595.001	-1754.594	159.594	1.529388	8.153174
5286	-1589.467	-1747.561	158.0932	1.127884	9.162664
5292	-1591.555	-1753.271	161.7161	1.251255	7.166676
5298	-1595.522	-1755.364	159.8427	1.067698	8.266525
5304	-1595.277	-1753.926	158.6482	1.05781	8.905977
5310	-1595.522	-1754.385	158.8624	1.208088	8.712796
5316	-1591.22	-1753.943	162.7229	1.074391	6.719505
5322	-1591.545	-1752.397	160.8524	1.3928	7.554105
5328	-1607.984	-1769.892	161.9079	1.101255	7.144226
5334	-1599.4	-1758.776	159.3754	1.339984	8.370284
5340	-1606.409	-1766.071	159.6619	1.053551	8.370284
5346	-1594.665	-1753.077	158.4111	1.243937	8.933009
5352	-1594.07	-1749.674	155.6043	1.311302	10.37767
5358	-1598.649	-1758.577	159.9286	1.264564	8.115973
5364	-1589.869	-1750.615	160.7462	1.146899	7.742457
5370	-1578.207	-1737.923	159.7164	1.15791	8.28573
5376	-1577.447	-1736.145	158.6976	1.209303	8.799546
5382	-1588.189	-1748.793	160.6041	1.209303	7.785059
5388	-1593.286	-1751.714	158.4274	1.375081	8.854912
5394	-1597.058	-1758.561	161.5029	1.107197	7.358523
5400	-1589.265	-1750.805	161.5404	1.069673	7.358523
5406	-1596.045	-1755.606	159.5603	1.069673	8.415702
5412	-1602.864	-1762.242	159.3778	1.202505	8.442106
5418	-1598.944	-1761.419	162.4751	1.006975	6.889623
5424	-1595.182	-1754.368	159.1858	1.214396	8.537783
5430	-1593.365	-1755.199	161.8338	1.152011	7.156747
5436	-1593.484	-1753.603	160.1193	1.160015	8.070067
5442	-1587.715	-1745.434	157.7184	1.234125	9.304627
5448	-1596.632	-1756.628	159.9954	1.290541	8.066548
5454	-1599.87	-1760.375	160.5053	1.119669	7.885667
5460	-1596.299	-1756.846	160.5463	1.170754	7.836519
5466	-1598.525	-1758.93	160.4051	1.31191	7.836519
5472	-1600.936	-1761.617	160.6802	1.036809	7.836519
5478	-1598.985	-1758.229	159.2445	1.352345	8.433322
5484	-1592.984	-1755.097	162.1126	0.9836595	7.097352
5490	-1583.789	-1744.104	160.3149	1.121677	7.986233
5496	-1590.944	-1749.692	158.7482	1.293247	8.728203
5502	-1618.938	-1776.108	157.1706	1.077204	9.676614
5508	-1621.137	-1782.734	161.5967	1.252211	7.230313
5514	-1606.468	-1765.589	159.1211	1.121761	8.621351
5520	-1603.369	-1764.007	160.6385	1.344685	7.694268
5526	-1605.383	-1766.1	160.7173	1.265895	7.694268
5532	-1607.179	-1768.279	161.0997	1.088065	7.584855
5538	-1612.689	-1773.804	161.1143	1.073414	7.584855
5544	-1609.834	-1771.386	161.5517	1.162728	7.302552
5550	-1599.592	-1761.399	161.8069	1.135165	7.180285
5556	-1599.534	-1760.223	160.6887	1.135165	7.779442
5562	-1611.751	-1773.131	161.3801	1.243031	7.351525
5568	-1598.794	-1759.199	160.405	1.154138	7.920795
5574	-1587.992	-1747.249	159.2574	1.197021	8.509011
5580	-1603.656	-1765.009	161.3531	1.385708	7.289434
5586	-1605.219	-1765.159	159.9399	1.253391	8.115924
5592	-1591.877	-1750.208	158.3306	1.21762	8.989548
5598	-1582.244	-1740.24	157.9964	1.175201	9.188813
5604	-1598.744	-1761.661	162.9168	1.31312	6.485451
5610	-1596.409	-1760.486	164.0776	1.117318	5.960795
5616	-1602.248	-1761.447	159.1987	1.078089	8.603347
5622	-1596.916	-1754.237	157.3211	1.308519	9.475163
5628	-1598.226	-1758.218	159.9918	1.347168	8.03829
5634	-1591.444	-1751.763	160.3189	1.211519	7.936132
5640	-1609.368	-1772.231	162.8625	1.074367	6.644079
5646	-1604.116	-1766.353	162.2368	0.9877731	7.028316
5652	-1592.015	-1753.929	161.9135	1.132562	7.124349
5658	-1589.216	-1749.515	160.2991	1.132562	7.988819
5664	-1601.988	-1761.997	160.0088	0.9863965	8.221416
5670	-1595.331	-1757.771	162.4408	1.210594	6.798277
5676	-1608.639	-1770.617	161.9785	1.478932	6.902916
5682	-1598.979	-1758.753	159.7735	1.400157	8.126376
5688	-1594.347	-1754.385	160.0381	1.185054	8.099996
5694	-1599.496	-1756.078	156.5821	1.37107	9.831866
5700	-1601.373	-1759.561	158.1878	1.30466	9.019071
5706	-1586.95	-1746.503	159.553	1.30466	8.294621
5712	-1584.039	-1743.641	159.6016	1.055265	8.401414
5718	-1590.065	-1748.171	158.1053	1.445775	8.988046
5724	-1579.756	-1739.908	160.1523	1.219761	8.020598
5730	-1581.922	-1741.809	159.8869	1.13927	8.204944
5736	-1583.065	-1742.527	159.4621	1.148837	8.425836
5742	-1580.958	-1740.214	159.2554	1.3555	8.425836
5748	-1594.497	-1754.433	159.9363	1.264384	8.111994
5754	-1584.775	-1746.807	162.0322	1.212507	7.017482
5760	-1596.097	-1756.625	160.5284	1.005608	7.934246
5766	-1597.7	-1759.018	161.3172	1.162793	7.428312
5772	-1595.865	-1756.924	161.0587	1.421208	7.428312
5778	-1596.558	-1758.214	161.6555	1.198905	7.227401
5784	-1587.157	-1747.185	160.0278	1.483048	7.946584
5790	-1584.198	-1744.247	160.0486	1.193735	8.089794
5796	-1584.716	-1745.147	160.4305	1.318293	7.819543
5802	-1594.241	-1756.678	162.4367	1.117608	6.850654
5808	-1597.074	-1755.238	158.1639	1.307711	9.030128
5814	-1600.356	-1758.48	158.1235	1.176313	9.121006
5820	-1599.212	-1757.138	157.9253	1.18487	9.22132
5826	-1593.666	-1751.584	157.9177	1.313038	9.157547
5832	-1600.677	-1758.677	157.9998	1.231005	9.157547
5838	-1606.837	-1764.835	157.9972	1.23354	9.157547
5844	-1602.927	-1763.154	160.2277	1.262216	7.957752
5850	-1600.877	-1761.501	160.6243	1.042079	7.863587
5856	-1601.246	-1762.098	160.8528	1.398987	7.550534
5862	-1599.759	-1760.219	160.4603	1.033649	7.955613
5868	-1601.444	-1762.421	160.9777	1.396844	7.484819
5874	-1589.741	-1746.782	157.0414	1.293185	9.630815
5880	-1601.29	-1761.672	160.3824	1.631414	7.677889
5886	-1599.095	-1759.511	160.4157	1.205714	7.887586
5892	-1609.847	-1768.621	158.7743	1.14862	8.791027
5898	-1615.493	-1778.003	162.5101	0.9692316	6.891077
5904	-1601.851	-1763.872	162.0209	1.197333	7.031724
5910	-1591.096	-1749.455	158.3587	1.108508	9.03245
5916	-1579.515	-1737.347	157.8323	1.300065	9.209569
5922	-1591.629	-1751.696	160.0668	1.347868	7.997881
5928	-1590.164	-1750.352	160.1884	1.226272	7.997881
5934	-1584.9	-1744.112	159.2118	1.155204	8.555426
5940	-1589.987	-1749.609	159.6223	1.334459	8.241882
5946	-1588.491	-1745.082	156.5912	1.304721	9.862024
5952	-1594.985	-1755.935	160.9497	1.304721	7.549156
5958	-1585.521	-1743.8	158.2789	1.397602	8.921641
5964	-1585.785	-1749.515	163.7304	1.274311	6.064532
5970	-1590.91	-1754.981	164.0712	0.9711909	6.043986
5976	-1581.774	-1743.339	161.5647	0.9711909	7.398328
5982	-1581.445	-1743.225	161.7797	1.052973	7.239042
5988	-1576.124	-1735.968	159.8441	1.191687	8.199829
5994	-1584.69	-1745.736	161.0459	1.191687	7.558148
6000	-1594.226	-1751.181	156.9549	1.205036	9.722892
6006	-1590.551	-1751.101	160.5498	1.126814	7.858122
6012	-1589.497	-1750.148	160.6501	1.168397	7.782329
6018	-1597.987	-1758.386	160.3992	1.168397	7.916321
6024	-1588.228	-1746.332	158.1039	1.291531	9.070458
6030	-1603.643	-1764.504	160.8611	1.30238	7.597836
6036	-1588.968	-1749.298	160.3304	1.263829	7.902094
6042	-1590.237	-1751.577	161.3399	1.077206	7.461991
6048	-1592.728	-1756.183	163.4544	1.136994	6.28939
6054	-1602.626	-1761.521	158.8953	1.646259	8.462694
6060	-1588.293	-1747.519	159.2268	1.314768	8.462694
6066	-1595.641	-1755.168	159.5266	1.169006	8.380797
6072	-1600.085	-1760.72	160.6355	1.098183	7.827621
6078	-1599.607	-1757.893	158.2866	1.207902	9.017996
6084	-1600.427	-1760.222	159.796	1.207902	8.216799
6090	-1593.362	-1752.816	159.4546	1.145515	8.431599
6096	-1588.175	-1749.407	161.2325	1.10173	7.506423
6102	-1596.148	-1754.638	158.4894	1.137063	8.948149
6108	-1586.603	-1745.655	159.0513	1.189366	8.622515
6114	-1599.639	-1758.751	159.1121	1.128569	8.622515
6120	-1592.161	-1752.513	160.3521	1.111161	7.97199
6126	-1602.728	-1762.831	160.1031	1.17535	8.070512
6132	-1601.169	-1761.232	160.0626	1.17535	8.092127
6138	-1589.869	-1750.988	161.1186	1.309238	7.456246
6144	-1599.865	-1758.835	158.9699	1.267634	8.624184
6150	-1594.603	-1756.387	161.7842	1.30406	7.101697
6156	-1590.37	-1752.555	162.1851	1.156028	6.965581
6162	-1590.659	-1752.45	161.791	1.269736	7.116503
6168	-1582.106	-1744.023	161.9168	1.082568	7.149474
6174	-1587.004	-1748.16	161.1558	1.177531	7.506877
6180	-1595.31	-1756.259	160.9481	1.09298	7.663344
6186	-1582.104	-1742.864	160.7597	1.09298	7.764051
6192	-1594.598	-1757.271	162.6729	1.038114	6.766098
6198	-1592.541	-1754.085	161.5437	1.137907	7.320165
6204	-1588.767	-1746.906	158.1398	1.248816	9.07402
6210	-1598.33	-1760.184	161.8539	0.9921377	7.231891
6216	-1605.502	-1763.268	157.7658	1.444406	9.168396
6222	-1592.519	-1754.218	161.699	1.21681	7.194404
6228	-1612.08	-1774.167	162.0867	1.309876	6.935682
6234	-1607.794	-1768.56	160.7658	1.494707	7.545863
6240	-1597.812	-1753.791	155.9792	1.219496	10.22891
6246	-1595.98	-1756.861	160.8807	1.325095	7.575199
6252	-1591.036	-1751.154	160.1188	1.151408	8.074912
6258	-1582.247	-1743.242	160.9945	1.151408	7.607211
6264	-1606.315	-1765.09	158.7752	1.461328	8.624699
6270	-1591.022	-1748.753	157.7304	1.432265	9.193543
6276	-1596.802	-1755.003	158.2012	1.360846	8.982258
6282	-1582.224	-1742.03	159.8059	1.396989	8.110774
6288	-1604.948	-1765.684	160.7363	1.296706	7.66763
6294	-1582.563	-1740.984	158.4216	1.320514	8.886883
6300	-1591.481	-1752.071	160.5898	1.419025	7.680591
6306	-1583.981	-1743.597	159.6162	1.173534	8.330731
6312	-1597.54	-1759.186	161.6459	1.19891	7.23251
6318	-1597.862	-1757.96	160.0977	1.045947	8.142341
6324	-1584.296	-1746.793	162.4973	1.069451	6.84393
6330	-1582.468	-1744.971	162.5025	1.114197	6.817019
6336	-1589.705	-1751.35	161.6452	1.03144	7.322832
6342	-1598.506	-1758.975	160.4694	1.095063	7.917966
6348	-1593.487	-1755.794	162.3066	1.094645	6.933162
6354	-1592.999	-1754.53	161.5311	1.283479	7.248743
6360	-1581.393	-1741.12	159.727	1.17447	8.271305
6366	-1588.625	-1749.355	160.7296	1.267127	7.68705
6372	-1592.111	-1749.872	157.7611	1.145984	9.328652
6378	-1588.408	-1744.147	155.7393	1.445949	10.23598
6384	-1589.66	-1749.895	160.2349	1.123061	8.028142
6390	-1584.76	-1746.078	161.3177	1.119596	7.451165
6396	-1580.905	-1739.499	158.5942	1.153463	8.883912
6402	-1582.367	-1739.732	157.3648	1.29754	9.457897
6408	-1582.049	-1741.44	159.3912	1.344911	8.35927
6414	-1579.475	-1739.814	160.3398	1.085694	7.992146
6420	-1593.168	-1755.247	162.0794	1.021407	7.094933
6426	-1583.043	-1744.002	160.9589	1.136924	7.634055
6432	-1597.199	-1758.914	161.7158	1.48111	7.043195
6438	-1593.786	-1753.988	160.2018	1.691591	7.74227
6444	-1604.063	-1764.057	159.9935	1.203408	8.113968
6450	-1596.731	-1754.562	157.8311	1.201705	9.262221
6456	-1588.733	-1749.018	160.285	1.271522	7.922195
6462	-1593.861	-1754.762	160.9007	1.160219	7.652721
6468	-1589.606	-1747.815	158.2098	1.192906	9.066594
6474	-1594.634	-1750.741	156.1064	1.372515	10.08155
6480	-1600.405	-1762.764	162.3593	1.123573	6.889207
6486	-1598.672	-1759.675	161.0033	1.022192	7.671637
6492	-1590.502	-1749.105	158.6039	1.069711	8.923151
6498	-1590.731	-1750.677	159.9464	1.186846	8.147888
6504	-1580.509	-1740.919	160.4101	1.170367	7.909444
6510	-1587.922	-1748.002	160.0799	1.273984	8.030298
6516	-1596.289	-1753.977	157.6884	1.428583	9.217703
6522	-1592.815	-1755.212	162.397	1.168979	6.844384
6528	-1605.126	-1767.419	162.2929	1.201158	6.883124
6534	-1602.654	-1765.286	162.6319	1.240809	6.678753
6540	-1613.33	-1773.083	159.7529	0.9478877	8.378062
6546	-1613.346	-1773.306	159.9599	1.266668	8.098158
6552	-1599.77	-1761.39	161.6195	1.266668	7.210288
6558	-1607.658	-1767.574	159.9159	1.141758	8.188149
6564	-1600.732	-1761.769	161.0371	1.238423	7.537875
6570	-1597.242	-1756.396	159.1538	1.238423	8.542045
6576	-1590.431	-1750.385	159.9548	1.286	8.090618
6582	-1590.387	-1751.98	161.593	1.082613	7.323364
6588	-1608.671	-1768.765	160.0944	1.329341	7.993068
6594	-1611.131	-1771.215	160.084	1.280317	8.02473
6600	-1599.687	-1760.331	160.6436	1.081357	7.832302
6606	-1610.721	-1772.954	162.2327	1.02711	7.00938
6612	-1596.043	-1754.469	158.4263	1.186902	8.955178
6618	-1603.764	-1764.756	160.9922	1.186982	7.589407
6624	-1591.594	-1753.443	161.8494	1.255322	7.09281
6630	-1587.741	-1746.614	158.8728	1.38041	8.615856
6636	-1586.673	-1746.993	160.3195	1.276895	7.900941
6642	-1589.464	-1749.18	159.7162	1.276895	8.222555
6648	-1588.072	-1747.389	159.3175	1.116187	8.520029
6654	-1590.91	-1752.474	161.564	0.9863411	7.390598
6660	-1592.24	-1753.699	161.4594	1.090849	7.390598
6666	-1594.204	-1754.667	160.463	1.185545	7.873103
6672	-1589.713	-1751.155	161.4428	1.122716	7.382455
6678	-1597.855	-1755.64	157.785	1.261739	9.254831
6684	-1601.062	-1761.377	160.3148	1.313888	7.883721
6690	-1597.425	-1759.236	161.8119	1.190643	7.14779
6696	-1596.191	-1755.952	159.7607	1.13633	8.273668
6702	-1600.581	-1760.528	159.9469	1.256826	8.11033
6708	-1596.448	-1757.191	160.7437	1.238974	7.69456
6714	-1592.993	-1753.643	160.6491	1.160932	7.786818
6720	-1592.612	-1750.895	158.2829	1.338343	8.950923
6726	-1592.068	-1754.279	162.2103	1.228716	6.912808
6732	-1598.169	-1758.756	160.5862	0.9875005	7.913032
6738	-1599.642	-1761.287	161.6445	1.321338	7.167492
6744	-1596.963	-1758.452	161.4884	1.321338	7.25137
6750	-1587.902	-1748.708	160.8065	1.157273	7.704684
6756	-1591.244	-1749.453	158.2087	1.35384	8.981974
6762	-1583.046	-1742.779	159.7337	1.167191	8.271605
6768	-1598.09	-1756.627	158.537	1.20008	8.88952
6774	-1594.522	-1753.785	159.2628	1.356251	8.421533
6780	-1599.358	-1760.519	161.1607	1.180316	7.502786
6786	-1595.752	-1759.066	163.3135	1.141354	6.363488
6792	-1598.195	-1759.211	161.0161	1.533578	7.390955
6798	-1615.536	-1776.597	161.0617	1.487909	7.390955
6804	-1597.245	-1756.234	158.9891	1.487909	8.497014
6810	-1580.759	-1742.485	161.7255	1.189409	7.194877
6816	-1581.079	-1738.203	157.1237	1.253864	9.608143
6822	-1591.539	-1752.344	160.8055	1.253864	7.653541
6828	-1597.28	-1757.868	160.5882	1.156385	7.821813
6834	-1594.311	-1755.557	161.2459	0.9879772	7.560147
6840	-1599.666	-1760.368	160.7021	1.296554	7.685999
6846	-1592.502	-1753.283	160.7804	1.218322	7.685999
6852	-1596.669	-1755.024	158.3541	1.200057	8.986426
6858	-1596.982	-1757.347	160.3653	1.09111	7.975635
6864	-1586.624	-1746.973	160.3484	1.108036	7.975635
6870	-1583.238	-1743.586	160.3484	1.108036	7.975635
6876	-1582.151	-1742.829	160.6782	1.240514	7.728752
6882	-1589.028	-1747.083	158.0551	1.260578	9.112611
6888	-1591.666	-1749.808	158.1419	1.208646	9.09421
6894	-1594.976	-1755.289	160.3129	1.269441	7.908423
6900	-1594.915	-1754.444	159.5292	1.237508	8.343
6906	-1596.823	-1755.881	159.0579	1.237508	8.593412
6912	-1599.841	-1760.236	160.3954	1.113888	7.947432
6918	-1598.854	-1759.137	160.2828	1.226439	7.947432
6924	-1587.952	-1747.716	159.7648	1.302325	8.183125
6930	-1604.077	-1763.766	159.6884	1.026932	8.370308
6936	-1587.806	-1748.384	160.5786	1.132381	7.839768
6942	-1591.009	-1747.565	156.5552	1.371452	9.845832
6948	-1590.089	-1749.389	159.3005	1.038774	8.57015
6954	-1586.555	-1745.975	159.4202	1.21629	8.412255
6960	-1588.303	-1744.496	156.1927	1.539705	9.948111
6966	-1588.818	-1747.43	158.6125	1.335443	8.777777
6972	-1584.245	-1744.899	160.6532	1.317556	7.700924
6978	-1592.656	-1750.054	157.3979	1.277213	9.451166
6984	-1598.597	-1756.81	158.2128	1.312874	9.001476
6990	-1600.958	-1761.083	160.1253	1.286988	7.999154
6996	-1599.154	-1761.935	162.7806	0.9969036	6.730169
7002	-1605.776	-1766.495	160.7188	1.232555	7.711295
7008	-1591.329	-1754.246	162.9167	1.059446	6.622823
7014	-1590.927	-1748.875	157.9476	1.13726	9.234705
7020	-1593.808	-1752.387	158.5794	1.123143	8.907824
7026	-1585.906	-1747.269	161.363	1.123143	7.424996
7032	-1592.042	-1751.733	159.6906	1.268681	8.24051
7038	-1603.126	-1759.276	156.15	1.042095	10.23235
7044	-1596.195	-1756.16	159.965	1.331329	8.060999
7050	-1585.587	-1742.561	156.9743	1.213305	9.708327
7056	-1590.363	-1752.811	162.4483	1.311374	6.739821
7062	-1592.379	-1752.394	160.0149	1.311374	8.045019
7068	-1592.919	-1751.958	159.0386	1.166558	8.641347
7074	-1592.442	-1754.428	161.9862	0.9119864	7.203831
7080	-1587.849	-1747.485	159.6359	1.463639	8.165859
7086	-1588.069	-1747.391	159.322	1.336206	8.400682
7092	-1595.356	-1753.212	157.8557	1.189015	9.255941
7098	-1604.225	-1764.365	160.1403	1.249266	8.011306
7104	-1600.065	-1761.97	161.9046	1.260872	7.060161
7110	-1600.284	-1761.174	160.8899	1.235989	7.617936
7116	-1600.969	-1762.234	161.2649	1.184595	7.444659
7122	-1595.623	-1757.169	161.5462	1.040815	7.370894
7128	-1586.409	-1746.493	160.084	1.129476	8.105139
7134	-1596.385	-1756.522	160.1373	1.317063	7.976733
7140	-1597.042	-1754.922	157.8801	1.562715	9.045357
7146	-1598.6	-1754.85	156.2499	1.182894	10.10579
7152	-1598.199	-1759.914	161.7153	1.363488	7.106795
7158	-1596.03	-1757.159	161.1289	1.168628	7.526056
7164	-1593.392	-1751.985	158.5921	1.138417	8.893032
7170	-1602.185	-1760.54	158.3552	1.375317	8.893032
7176	-1596.39	-1755.9	159.5103	1.198602	8.373716
7182	-1592.964	-1752.48	159.5162	1.198602	8.370614
7188	-1590.381	-1750.386	160.0054	1.248948	8.083356
7194	-1603.274	-1764.55	161.2761	1.303893	7.37467
7200	-1587.293	-1747.753	160.4601	1.129481	7.904577
7206	-1596.911	-1759.411	162.4998	1.079681	6.837061
7212	-1591.327	-1750.015	158.6882	1.079681	8.873219
7218	-1583.605	-1743.803	160.198	1.093993	8.063332
7224	-1591.437	-1751.941	160.5043	1.299604	7.790104
7230	-1595.053	-1756.142	161.0881	1.14107	7.562688
7236	-1594.171	-1752.744	158.5731	1.181129	8.880444
7242	-1594.671	-1757.659	162.9877	1.131057	6.545667
7248	-1588.988	-1749.293	160.3048	1.131057	7.986598
7254	-1599.526	-1759.657	160.1308	1.267685	8.006537
7260	-1588.688	-1751.694	163.0061	1.133785	6.534209
7266	-1587.734	-1747.699	159.965	1.19178	8.135338
7272	-1587.602	-1748.801	161.1988	1.298245	7.419168
7278	-1580.897	-1742.158	161.2611	1.235881	7.419168
7284	-1597.229	-1758.199	160.97	1.196264	7.596323
7290	-1592.107	-1753.463	161.3559	0.9440013	7.524809
7296	-1592.579	-1750.288	157.7099	1.338103	9.254176
7302	-1587.915	-1751.501	163.5856	0.9976111	6.293833
7308	-1609.287	-1769.845	160.558	1.062245	7.888203
7314	-1595.711	-1757.914	162.2028	1.101194	6.985593
7320	-1599.99	-1757.242	157.2521	1.413685	9.456066
7326	-1603.336	-1765.158	161.8215	1.030475	7.2287
7332	-1597.511	-1758.097	160.5862	1.201399	7.798809
7338	-1592.705	-1752.322	159.6165	1.281243	8.273268
7344	-1594.231	-1754.8	160.5688	1.371841	7.717059
7350	-1595.415	-1756.338	160.9232	1.287054	7.572814
7356	-1586.028	-1746.904	160.8766	1.142937	7.67486
7362	-1609.233	-1769.822	160.5891	1.423405	7.678586
7368	-1607.229	-1767.674	160.4447	1.423405	7.755808
7374	-1601.514	-1759.023	157.5088	1.579192	9.233064
7380	-1584.855	-1747.549	162.694	1.161719	6.687948
7386	-1586.019	-1747.813	161.7944	1.159178	7.174101
7392	-1583.278	-1743.353	160.0748	1.159178	8.094225
7398	-1585.795	-1746.681	160.8859	1.095165	7.695422
7404	-1595.852	-1755.921	160.069	1.359656	7.990422
7410	-1591.891	-1752.235	160.3448	1.230309	7.912302
7416	-1586.993	-1747.462	160.4689	1.10623	7.912302
7422	-1595.309	-1755.557	160.2477	1.327419	7.912302
7428	-1588.676	-1747.935	159.2585	1.292708	8.457576
7434	-1599.687	-1758.956	159.2692	1.339258	8.42712
7440	-1583.044	-1741.42	158.3758	1.129874	9.012108
7446	-1593.238	-1753.987	160.7486	1.326272	7.64523
7452	-1590.234	-1752.315	162.081	1.089032	7.057666
7458	-1589.249	-1748.242	158.9924	1.089032	8.706995
7464	-1606.347	-1767.635	161.2878	0.9497511	7.558201
7470	-1604.827	-1765.013	160.186	1.071318	8.08181
7476	-1607.024	-1767.036	160.0116	1.108808	8.154751
7482	-1588.743	-1752.447	163.7035	1.117059	6.164765
7488	-1585.297	-1746.382	161.0849	1.209592	7.527686
7494	-1591.305	-1749.058	157.7528	1.191843	9.308825
7500	-1588.445	-1747.029	158.5838	1.128216	8.90284
7506	-1593.636	-1754.752	161.1159	0.9361548	7.657436
7512	-1600.39	-1761.181	160.7913	1.230863	7.673459
7518	-1604.255	-1764.519	160.2638	1.241425	7.94958
7524	-1600.217	-1762.223	162.0068	0.9246002	7.186026
7530	-1608.234	-1772.475	164.2405	1.216864	5.8174
7536	-1604.13	-1764.841	160.7106	1.235893	7.713926
7542	-1597.363	-1758.151	160.7883	1.158129	7.713926
7548	-1597.451	-1756.233	158.7815	1.156034	8.783309
7554	-1606.866	-1767.924	161.057	1.280358	7.504722
7560	-1597.429	-1757.415	159.9858	1.070336	8.188959
7566	-1598.25	-1757.63	159.3803	1.363979	8.354907
7572	-1598.589	-1760.873	162.2836	1.300648	6.834534
7578	-1606.265	-1767.854	161.5889	1.051023	7.342526
7584	-1592.048	-1752.446	160.3974	1.166109	7.918473
7590	-1600.157	-1759.33	159.1725	1.166109	8.570477
7596	-1592.346	-1753.594	161.2475	1.055207	7.523288
7602	-1601.71	-1757.533	155.8227	1.289297	10.27449
7608	-1588.228	-1748.084	159.8561	1.238921	8.168233
7614	-1583.001	-1741.205	158.2047	1.118106	9.108873
7620	-1596.111	-1755.627	159.5164	1.115481	8.414703
7626	-1594.226	-1751.798	157.5714	1.206115	9.397064
7632	-1605.601	-1764.452	158.8509	1.284512	8.678334
7638	-1604.859	-1763.103	158.2442	1.071185	9.112784
7644	-1590.704	-1750.285	159.5809	1.292369	8.286286
7650	-1585.394	-1748.292	162.898	1.272815	6.517493
7656	-1593.854	-1753.704	159.8502	1.354376	8.109909
7662	-1590.587	-1752.582	161.9954	1.281307	7.000268
7668	-1598.117	-1757.891	159.7742	1.281307	8.189293
7674	-1597.789	-1759.328	161.5388	1.078185	7.354848
7680	-1602.034	-1759.105	157.0719	1.462168	9.52562
7686	-1606.564	-1765.149	158.5851	1.366614	8.775795
7692	-1605.673	-1762.162	156.489	1.239617	9.950129
7698	-1607.123	-1765.413	158.2892	1.239617	8.999858
7704	-1605.896	-1765.35	159.4541	1.374654	8.309987
7710	-1606.832	-1764.159	157.3263	1.264678	9.495559
7716	-1597.684	-1759.581	161.8968	1.240929	7.075054
7722	-1594.807	-1755.371	160.5636	1.391037	7.709548
7728	-1597.815	-1759.466	161.6512	1.391037	7.12643
7734	-1589.602	-1748.831	159.229	1.186947	8.529433
7740	-1594.356	-1754.25	159.8943	1.201458	8.167868
7746	-1599.681	-1761.146	161.4652	1.281835	7.285054
7752	-1600.982	-1756.969	155.9867	1.265531	10.20078
7758	-1604.951	-1761.194	156.2429	1.419399	9.985031
7764	-1599.527	-1759.614	160.0872	1.304878	8.009929
7770	-1595.937	-1759.284	163.3467	1.126437	6.353557
7776	-1590.278	-1752.029	161.7515	1.152592	7.200668
7782	-1592.633	-1754.562	161.9295	0.9745746	7.200668
7788	-1596.612	-1754.897	158.2851	1.224621	9.009958
7794	-1607.003	-1769.308	162.3045	1.022114	6.973394
7800	-1592.175	-1749.914	157.7394	1.160386	9.332485
7806	-1599.954	-1758.977	159.0226	1.297958	8.580067
7812	-1589.464	-1749.974	160.5104	1.062586	7.913416
7818	-1593.527	-1753.758	160.2309	1.342081	7.913416
7824	-1597.269	-1757.979	160.7107	1.12011	7.775744
7830	-1596.427	-1754.225	157.7981	1.251497	9.253335
7836	-1593.052	-1750.806	157.7547	1.294866	9.253335
7842	-1597.671	-1759.273	161.6028	1.065596	7.327228
7848	-1583.876	-1744.39	160.5145	1.191956	7.842182
7854	-1585.358	-1744.043	158.685	1.295704	8.760407
7860	-1592.556	-1750.713	158.1562	1.532561	8.915144
7866	-1586.406	-1745.882	159.4761	1.25215	8.363441
7872	-1592.64	-1751.124	158.4833	1.429452	8.796457
7878	-1592.827	-1752.036	159.2091	1.155992	8.556412
7884	-1590.696	-1751.89	161.1942	0.9269375	7.620507
7890	-1612.66	-1771.474	158.8138	0.8786633	8.913195
7896	-1608.504	-1770.089	161.5849	1.08622	7.325772
