Iteration	Posterior	Likelihood	Prior	acrv_sd	tree_length
0	-1553.062	-1717.64	164.5778	0.4314711	6.062038
6	-1556.771	-1723.074	166.3023	0.1559466	5.267269
12	-1557.54	-1723.811	166.2703	0.375345	5.163655
18	-1553.115	-1718.569	165.4534	0.526399	5.530914
24	-1558.858	-1725.086	166.228	0.526399	5.103422
30	-1565.189	-1731.864	166.6752	0.526399	4.854815
36	-1563.803	-1729.156	165.3528	0.5288703	5.584817
42	-1561.674	-1727.24	165.5653	0.4116554	5.53247
48	-1563.013	-1729.723	166.7097	0.4116554	4.899558
54	-1561.162	-1727.572	166.4102	0.4430763	5.048562
60	-1551.594	-1717.675	166.0812	0.1104388	5.414329
66	-1552.973	-1719.682	166.7092	0.3003651	4.961741
72	-1558.006	-1724.103	166.097	0.4225869	5.233368
78	-1553.32	-1719.794	166.4741	0.2919204	5.096931
84	-1549.917	-1716.03	166.113	0.1736052	5.36201
90	-1554.902	-1720.865	165.963	0.4037446	5.317805
96	-1545.498	-1712.089	166.591	0.2683289	5.045196
102	-1554.162	-1720.284	166.1221	0.3867033	5.239324
108	-1560.995	-1726.338	165.3427	0.2623413	5.736563
114	-1557.295	-1722.677	165.3823	0.3627063	5.65986
120	-1557.245	-1722.977	165.7318	0.3326543	5.48438
126	-1557.89	-1723.824	165.9341	0.2345906	5.427009
132	-1574.179	-1740.683	166.5048	0.02444943	5.228028
138	-1569.472	-1735.782	166.3099	0.1454112	5.268876
144	-1564.873	-1730.435	165.562	0.6012484	5.429999
150	-1560.361	-1726.914	166.5524	0.4880504	4.944585
156	-1547.716	-1714.192	166.4766	0.2039906	5.144293
162	-1553.228	-1719.653	166.4241	0.2564362	5.144293
168	-1554.443	-1720.899	166.4568	0.3389499	5.08046
174	-1551.217	-1717.074	165.8571	0.3520112	5.404717
180	-1559.555	-1726.153	166.5988	0.3536474	4.99351
186	-1570.894	-1735.995	165.1014	0.3593054	5.815583
192	-1559.147	-1723.797	164.6501	0.4195639	6.029114
198	-1573.37	-1738.643	165.273	0.3418856	5.731144
204	-1567.084	-1733.598	166.5134	0.3386543	5.049232
210	-1562.907	-1728.317	165.4102	0.5556585	5.538563
216	-1557.762	-1723.524	165.7613	0.4100624	5.42552
222	-1555.445	-1722.413	166.9676	0.4100624	4.756553
228	-1558.247	-1724.562	166.3145	0.2213008	5.224389
234	-1559.099	-1725.22	166.1216	0.3979779	5.233388
240	-1569.474	-1734.962	165.4879	0.4087598	5.576605
246	-1568.291	-1734.366	166.0747	0.4087598	5.253342
252	-1562.474	-1728.686	166.2116	0.3804224	5.193342
258	-1555.74	-1720.425	164.6848	0.4627935	5.986602
264	-1555.974	-1722.911	166.937	0.3627631	4.800091
270	-1552.741	-1718.189	165.448	0.3324556	5.640388
276	-1552.218	-1718.848	166.6305	0.4781422	4.906603
282	-1557.236	-1723.787	166.5511	0.3721845	5.009686
288	-1546.572	-1713.01	166.4379	0.2310473	5.150732
294	-1561.933	-1727.737	165.8037	0.4770419	5.36526
300	-1556.376	-1723.081	166.7051	0.4369022	4.888059
306	-1556.001	-1722.067	166.0664	0.4017912	5.261775
312	-1558.485	-1724.696	166.2104	0.2935401	5.242013
318	-1553.504	-1719.539	166.0344	0.4695568	5.242013
324	-1560.532	-1726.863	166.3301	0.4664636	5.080001
330	-1549.149	-1715.26	166.1104	0.3535269	5.264112
336	-1553.672	-1719.242	165.5699	0.4168527	5.527097
342	-1560.863	-1726.432	165.5699	0.4168527	5.527097
348	-1552.671	-1718.299	165.6282	0.2749704	5.57304
354	-1570.092	-1736.06	165.9679	0.2193636	5.416752
360	-1560.163	-1726.858	166.6947	0.2193636	5.014804
366	-1556.263	-1723.387	167.124	0.5832523	4.572016
372	-1569.654	-1734.462	164.808	0.3137474	6.000718
378	-1578.822	-1744.047	165.2246	0.4087098	5.721059
384	-1564.249	-1729.862	165.6122	0.359271	5.535485
390	-1558.914	-1724.101	165.1878	0.2764861	5.813599
396	-1566.442	-1733.018	166.5758	0.4945803	4.9279
402	-1561.962	-1728.668	166.7063	0.4945803	4.855244
408	-1555.979	-1721.855	165.8763	0.3588234	5.390361
414	-1553.141	-1719.944	166.8038	0.2867155	4.916677
420	-1560.77	-1726.585	165.8153	0.3820177	5.41124
426	-1563.713	-1729.618	165.9047	0.04991895	5.544754
432	-1556.726	-1722.942	166.2161	0.1224778	5.333348
438	-1550.246	-1715.66	165.4146	0.3863202	5.629172
444	-1552.88	-1718.805	165.925	0.3863202	5.348399
450	-1558.703	-1724.73	166.0264	0.288384	5.346443
456	-1555.702	-1722.304	166.6021	0.2536295	5.047208
462	-1556.369	-1722.055	165.6864	0.2897518	5.532903
468	-1557.631	-1722.989	165.358	0.565508	5.561852
474	-1556.504	-1723.042	166.5374	0.1197109	5.157266
480	-1559.707	-1727.094	167.3871	0.1198467	4.684278
486	-1560.248	-1726.283	166.0353	0.05941509	5.467687
492	-1557.29	-1724.326	167.0352	0.201028	4.835512
498	-1560.164	-1726.808	166.6433	0.1815052	5.064331
504	-1568.787	-1735.188	166.4006	0.3296437	5.116788
510	-1559.258	-1725.495	166.2371	0.3296437	5.207306
516	-1551.934	-1718.526	166.5918	0.1836543	5.091709
522	-1552.781	-1719.841	167.0601	0.2054655	4.819149
528	-1555.984	-1721.741	165.7576	0.3298368	5.471696
534	-1553.8	-1718.729	164.929	0.3824656	5.897148
540	-1568.483	-1734.505	166.0223	0.3061545	5.338949
546	-1568.292	-1734.411	166.1187	0.5336997	5.159884
552	-1559.737	-1726.571	166.8336	0.3341343	4.873704
558	-1552.381	-1718.386	166.0048	0.2600282	5.374006
564	-1553.026	-1718.986	165.9595	0.3053325	5.374006
570	-1556.19	-1721.609	165.4183	0.3332012	5.656285
576	-1563.236	-1729.93	166.6933	0.5082871	4.854828
582	-1552.744	-1718.659	165.9147	0.5656381	5.255068
588	-1556.854	-1723.569	166.715	0.5656381	4.810774
594	-1552.993	-1718.619	165.6257	0.3671449	5.523742
600	-1557.555	-1723.111	165.5557	0.2517816	5.625553
606	-1555.085	-1721.575	166.4899	0.3550493	5.053187
612	-1555.968	-1720.866	164.8973	0.3550493	5.929422
618	-1554.473	-1720.483	166.0092	0.3565493	5.318332
624	-1578.562	-1744.7	166.1374	0.228356	5.318332
630	-1563.077	-1729.673	166.5963	0.3622775	4.990085
636	-1559.317	-1725.259	165.942	0.4546995	5.301252
642	-1561.298	-1727.097	165.7994	0.4178698	5.400246
648	-1558.877	-1724.122	165.2445	0.4864614	5.667524
654	-1559.765	-1724.346	164.581	0.478237	6.034796
660	-1559.452	-1725.839	166.3867	0.4700797	5.046631
666	-1563.705	-1729.718	166.013	0.4810395	5.247492
672	-1570.246	-1736.067	165.8203	0.4810395	5.35386
678	-1563.032	-1729.889	166.8564	0.2269726	4.920689
684	-1552.663	-1718.803	166.1402	0.2459727	5.307069
690	-1561.594	-1727.456	165.8612	0.5249717	5.307069
696	-1567.84	-1732.999	165.1597	0.3824843	5.770991
702	-1566.407	-1733.248	166.8411	0.4616946	4.798382
708	-1570.891	-1737.879	166.9878	0.4299736	4.734183
714	-1574.399	-1740.274	165.8745	0.4188082	5.35829
720	-1566.818	-1732.9	166.0818	0.2243868	5.351192
726	-1570.864	-1736.546	165.682	0.1550869	5.609292
732	-1562.987	-1728.501	165.5147	0.3223856	5.609292
738	-1567.33	-1732.967	165.637	0.3840253	5.508225
744	-1569.838	-1735.82	165.9816	0.4585775	5.277247
750	-1569.669	-1735.278	165.6092	0.3639584	5.534595
756	-1555.581	-1720.389	164.8078	0.4534251	5.924579
762	-1558.063	-1724.031	165.968	0.1280651	5.466984
768	-1563.91	-1729.688	165.7774	0.3980515	5.423247
774	-1549.378	-1716.149	166.7708	0.2622469	4.948693
780	-1551.77	-1717.712	165.9413	0.3097486	5.381584
786	-1556.004	-1721.87	165.8661	0.4673	5.3362
792	-1545.822	-1711.538	165.716	0.3012699	5.510317
798	-1556.815	-1722.563	165.7479	0.7103814	5.267257
804	-1553.451	-1719.275	165.8244	0.2725689	5.466451
810	-1580.338	-1746.307	165.9693	0.3104429	5.36577
816	-1564.402	-1730.723	166.3213	0.3266229	5.162358
822	-1554.071	-1720.449	166.3779	0.2829852	5.155175
828	-1552.545	-1718.084	165.5385	0.2978949	5.609675
834	-1548.001	-1714.159	166.1585	0.07188194	5.392992
840	-1540.58	-1707.401	166.8209	0.4692032	4.805493
846	-1552.042	-1718.115	166.0727	0.2459917	5.34431
852	-1555.735	-1721.9	166.1652	0.3781327	5.220274
858	-1561.272	-1728.105	166.8328	0.2860705	4.900923
864	-1576.833	-1742.953	166.1196	0.1648719	5.363206
870	-1554.23	-1720.502	166.272	0.1894155	5.265504
876	-1554.12	-1720.393	166.272	0.1894155	5.265504
882	-1542.336	-1708.589	166.2536	0.3759729	5.172551
888	-1541.892	-1708.145	166.2536	0.3759729	5.172551
894	-1545.777	-1711.215	165.438	0.4315437	5.591467
900	-1550.816	-1716.874	166.0581	0.267178	5.340688
906	-1554.565	-1721.692	167.1273	0.3962917	4.674932
912	-1559.607	-1725.295	165.6878	0.4391274	5.449963
918	-1562.947	-1728.81	165.8628	0.08030237	5.551085
924	-1551.107	-1717.276	166.1689	0.2224261	5.304218
930	-1548.538	-1714.884	166.3459	0.234431	5.199805
936	-1565.767	-1731.031	165.2641	0.1926512	5.817743
942	-1558.025	-1724.328	166.3032	0.2409033	5.219833
948	-1550.509	-1717.238	166.7288	0.367626	4.913396
954	-1556.455	-1722.352	165.8962	0.2175759	5.45721
960	-1562.298	-1728.5	166.2023	0.1844088	5.306785
966	-1555.249	-1721.323	166.0739	0.3552067	5.283389
972	-1570.998	-1737.557	166.5595	0.1060511	5.152629
978	-1562.318	-1728.285	165.9669	0.01844784	5.527863
984	-1561.221	-1727.794	166.5731	0.04407563	5.179373
990	-1564.528	-1731.097	166.569	0.1161505	5.141786
996	-1558.243	-1723.922	165.6798	0.3891155	5.481913
1002	-1563.406	-1729.298	165.8921	0.1768401	5.481913
1008	-1554.328	-1720.526	166.1985	0.3078822	5.240663
1014	-1564.344	-1729.937	165.5932	0.400357	5.52333
1020	-1564.72	-1730.587	165.8677	0.3626216	5.393059
1026	-1556.22	-1722.223	166.003	0.2272735	5.393059
1032	-1553.038	-1718.974	165.9363	0.4457322	5.30935
1038	-1554.878	-1720.839	165.9616	0.4923998	5.269613
1044	-1559.289	-1725.499	166.2096	0.288701	5.245154
1050	-1557.501	-1723.476	165.9751	0.1934732	5.427039
1056	-1565.239	-1731.039	165.8009	0.367731	5.427039
1062	-1552.653	-1718.454	165.8009	0.367731	5.427039
1068	-1555.812	-1721.852	166.0392	0.367731	5.295602
1074	-1550.354	-1715.878	165.524	0.4286476	5.54585
1080	-1558.196	-1724.124	165.9282	0.3616845	5.360216
1086	-1560.024	-1726.094	166.0701	0.219722	5.360216
1092	-1560.313	-1726.465	166.1522	0.3446766	5.245904
1098	-1567.762	-1733.793	166.0304	0.4592069	5.249952
1104	-1565.49	-1731.378	165.8884	0.2538969	5.441547
1110	-1569.453	-1735.051	165.5982	0.1958384	5.632932
1116	-1553.731	-1720.752	167.0213	0.2134621	4.836361
1122	-1552.827	-1719.051	166.2247	0.1969219	5.287491
1128	-1558.737	-1724.423	165.6859	0.1804761	5.593216
1134	-1565.532	-1732.076	166.5438	0.339566	5.031876
1140	-1570.639	-1735.895	165.2557	0.4349198	5.689671
1146	-1558.611	-1724.022	165.4111	0.2795383	5.689671
1152	-1570.385	-1735.82	165.4345	0.2560897	5.689671
1158	-1565.214	-1731.306	166.0922	0.4660973	5.211997
1164	-1565.68	-1732.72	167.0393	0.176487	4.846925
1170	-1555.641	-1720.707	165.0657	0.3700972	5.829164
1176	-1557.862	-1723.469	165.6072	0.3082984	5.566275
1182	-1555.094	-1721.128	166.0345	0.3672467	5.29848
1188	-1550.465	-1717.047	166.5813	0.2580985	5.056257
1194	-1567.683	-1733.494	165.8105	0.2993037	5.459429
1200	-1559.4	-1725.519	166.1188	0.4623551	5.199356
1206	-1560.318	-1726.009	165.6909	0.2481128	5.553348
1212	-1561.627	-1727.405	165.7779	0.1611174	5.553348
1218	-1557.25	-1723.797	166.5468	0.3669368	5.015002
1224	-1562.564	-1728.317	165.7526	0.2442699	5.52155
1230	-1558.137	-1724.836	166.6993	0.1452736	5.053375
1236	-1570.804	-1737.104	166.2998	0.06243705	5.320309
1242	-1561.409	-1728.06	166.651	0.0898943	5.110883
1248	-1558.934	-1724.573	165.6395	0.4918087	5.447553
1254	-1560.508	-1726.531	166.0223	0.3834714	5.296228
1260	-1565.533	-1732.068	166.5355	0.4922364	4.95164
1266	-1554.764	-1721.088	166.3241	0.5417406	5.041556
1272	-1548.149	-1714.398	166.249	0.3604939	5.183631
1278	-1555.952	-1721.657	165.7052	0.3914392	5.466629
1284	-1562.019	-1728.502	166.4835	0.1311018	5.180845
1290	-1559.563	-1725.685	166.1226	0.209978	5.336668
1296	-1564.461	-1730.833	166.3714	0.2781018	5.161528
1302	-1564.516	-1731.319	166.8029	0.4208407	4.842504
1308	-1573.696	-1739.471	165.7745	0.5518224	5.34013
1314	-1562.217	-1728.02	165.8038	0.3580837	5.430729
1320	-1568.917	-1734.813	165.8965	0.265399	5.430729
1326	-1557.35	-1723.885	166.5356	0.3237765	5.04516
1332	-1549.151	-1715.645	166.4941	0.3652823	5.04516
1338	-1553.049	-1719.128	166.0791	0.4084832	5.251068
1344	-1553.701	-1719.792	166.091	0.3258654	5.290141
1350	-1559.687	-1725.759	166.0721	0.4278296	5.244264
1356	-1557.686	-1723.901	166.2144	0.4887039	5.131803
1362	-1568.124	-1734.576	166.4525	0.2290433	5.143789
1368	-1559.892	-1725.18	165.2882	0.1453846	5.830372
1374	-1561.466	-1726.504	165.038	0.4396331	5.806281
1380	-1557.898	-1723.738	165.8403	0.3613886	5.408834
1386	-1564.046	-1729.631	165.5843	0.6173032	5.408834
1392	-1565.849	-1731.566	165.717	0.4846799	5.408834
1398	-1560.677	-1726.556	165.8793	0.362871	5.386497
1404	-1564.925	-1732.191	167.2654	0.2303794	4.690509
1410	-1560.102	-1726.416	166.3133	0.3406739	5.159047
1416	-1555.643	-1720.671	165.028	0.4241478	5.820251
1422	-1566.864	-1732.576	165.7115	0.1889765	5.574493
1428	-1573.917	-1740.495	166.5779	0.3588756	5.00218
1434	-1557.479	-1723.098	165.6192	0.2537285	5.589643
1440	-1558.495	-1724.994	166.4993	0.1338391	5.170548
1446	-1565.751	-1733.082	167.3313	0.2807961	4.625359
1452	-1564.513	-1730.806	166.2935	0.1066335	5.299382
1458	-1560.517	-1726.535	166.0175	0.3826265	5.299382
1464	-1561.284	-1728.101	166.8177	0.115759	5.004059
1470	-1557.155	-1724.362	167.2062	0.134333	4.777334
1476	-1560.966	-1727.26	166.2948	0.4709521	5.097115
1482	-1563.656	-1730.559	166.9029	0.2953975	4.856668
1488	-1557.944	-1723.313	165.369	0.327181	5.686582
1494	-1553.178	-1719.85	166.6725	0.2779756	4.994593
1500	-1554.89	-1720.795	165.9046	0.2896323	5.41292
1506	-1565.397	-1731.607	166.2105	0.4034542	5.181189
1512	-1559.524	-1724.95	165.4257	0.4191787	5.605055
1518	-1558.434	-1724.922	166.4883	0.2161687	5.13105
1524	-1558.373	-1724.65	166.2766	0.265753	5.22081
1530	-1563.543	-1730.18	166.6362	0.3844434	4.955551
1536	-1559.726	-1725.326	165.6002	0.439663	5.497905
1542	-1564.574	-1729.715	165.1412	0.4284161	5.755962
1548	-1563.634	-1729.597	165.9632	0.3196701	5.36408
1554	-1558.014	-1723.484	165.4705	0.3075457	5.641692
1560	-1553.497	-1718.868	165.3713	0.3075457	5.696116
1566	-1566.975	-1732.334	165.3584	0.3235313	5.694423
1572	-1551.117	-1717.055	165.9378	0.477774	5.29084
1578	-1560.821	-1726.065	165.2448	0.5115674	5.653617
1584	-1551.834	-1718.009	166.1748	0.2563191	5.282283
1590	-1559.42	-1725.252	165.8325	0.2168283	5.492682
1596	-1550.167	-1716.33	166.1634	0.5769924	5.111175
1602	-1553.982	-1719.5	165.5178	0.4710457	5.525943
1608	-1553.295	-1718.222	164.9274	0.3535656	5.913806
1614	-1556.474	-1723.193	166.7184	0.2284663	4.996574
1620	-1552.399	-1718.924	166.525	0.4219188	4.996574
1626	-1555.473	-1721.895	166.4226	0.2554859	5.145698
1632	-1555.048	-1720.714	165.6661	0.4187988	5.473095
1638	-1555	-1720.434	165.434	0.3071254	5.661939
1644	-1549.467	-1716.265	166.7976	0.230499	4.95144
1650	-1556.836	-1722.818	165.9818	0.2594745	5.386986
1656	-1555.509	-1721.046	165.5379	0.349705	5.581583
1662	-1556.928	-1722.398	165.47	0.3775797	5.603557
1668	-1545.623	-1712.953	167.3294	0.4277455	4.543972
1674	-1563.604	-1729.157	165.5537	0.4597292	5.512403
1680	-1562.256	-1728.365	166.1095	0.4597292	5.205935
1686	-1555.388	-1720.295	164.9073	0.5030417	5.843113
1692	-1553.85	-1718.96	165.1104	0.4643931	5.753129
1698	-1557.296	-1723.24	165.9441	0.4643931	5.294778
1704	-1551.852	-1718.528	166.6762	0.3501344	4.952387
1710	-1551.122	-1717.277	166.1547	0.1779399	5.336606
1716	-1549.449	-1715.035	165.5862	0.4649963	5.491674
1722	-1565.573	-1731.409	165.8354	0.2157896	5.491674
1728	-1560.851	-1725.793	164.9427	0.3918852	5.884526
1734	-1571.746	-1737.116	165.3701	0.1375245	5.789903
1740	-1568.143	-1734.428	166.2857	0.2949919	5.199606
1746	-1557.511	-1723.586	166.0755	0.4757738	5.215873
1752	-1550.596	-1716.98	166.3842	0.4097732	5.081448
1758	-1552.514	-1718.115	165.6014	0.2127086	5.621933
1764	-1541.315	-1708.043	166.7273	0.4517187	4.867396
1770	-1546.391	-1712.63	166.2392	0.4517187	5.138542
1776	-1546.264	-1712.989	166.7257	0.3091903	4.947653
1782	-1560.411	-1725.637	165.2263	0.2271294	5.819561
1788	-1552.455	-1718.999	166.5432	0.1983868	5.110485
1794	-1544.307	-1711.016	166.7093	0.2631137	4.982399
1800	-1551.489	-1716.681	165.1914	0.4077843	5.739756
1806	-1553.016	-1719.477	166.4613	0.49035	4.993929
1812	-1566.236	-1731.927	165.6903	0.5391342	5.393523
1818	-1562.152	-1728.903	166.7504	0.2279579	4.97907
1824	-1547.814	-1714.097	166.2829	0.4152013	5.134574
1830	-1553.83	-1720.799	166.9694	0.3469084	4.790838
1836	-1557.537	-1724.346	166.8096	0.243802	4.937329
1842	-1553.677	-1719.575	165.898	0.1119402	5.514337
1848	-1565.235	-1732.111	166.8763	0.4399479	4.790858
1854	-1550.944	-1716.807	165.8625	0.4953754	5.322703
1860	-1560.616	-1726.429	165.8133	0.1505758	5.539678
1866	-1548.12	-1713.95	165.8301	0.1338112	5.539678
1872	-1550.055	-1716.607	166.5521	0.2425544	5.081076
1878	-1549.406	-1715.336	165.9303	0.4342449	5.31904
1884	-1554.126	-1720.011	165.8853	0.3601674	5.384663
1890	-1555.331	-1720.08	164.7491	0.4571501	5.95462
1896	-1565.223	-1730.671	165.4476	0.233908	5.69466
1902	-1558.961	-1726.026	167.0646	0.08911998	4.881514
1908	-1560.668	-1727.329	166.6603	0.2851643	4.997385
1914	-1563.089	-1729.884	166.7943	0.402346	4.857562
1920	-1559.178	-1725.801	166.6226	0.3960915	4.956664
1926	-1562.089	-1727.304	165.2144	0.4413623	5.708758
1932	-1559.023	-1726.07	167.0468	0.2407508	4.806865
1938	-1555.065	-1720.293	165.2281	0.5303633	5.652431
1944	-1549.683	-1715.663	165.9803	0.2938813	5.368873
1950	-1545.778	-1712.62	166.8416	0.4206987	4.820967
1956	-1572.715	-1738.871	166.156	0.3629505	5.233748
1962	-1560.06	-1726.48	166.4203	0.1871894	5.184769
1968	-1560.381	-1726.921	166.5403	0.06715016	5.184769
1974	-1557.642	-1724.512	166.8699	0.1171203	4.974296
1980	-1552.933	-1719.223	166.2907	0.2263567	5.23476
1986	-1558.758	-1725.015	166.2567	0.2604178	5.23476
1992	-1558.413	-1725.412	166.9981	0.1841725	4.865623
1998	-1561.894	-1727.917	166.0229	0.2411797	5.374442
2004	-1564.615	-1730.651	166.0365	0.2275728	5.374442
2010	-1568.362	-1734.128	165.766	0.4197322	5.417601
2016	-1570.649	-1737.164	166.5146	0.3612708	5.036015
2022	-1566.054	-1732.795	166.741	0.3393525	4.922385
2028	-1557.985	-1723.938	165.9525	0.1539875	5.461231
2034	-1557.577	-1723.901	166.3238	0.3431967	5.151799
2040	-1550.515	-1716.62	166.1043	0.3431967	5.273208
2046	-1564.192	-1728.857	164.6651	0.3151244	6.077859
2052	-1554.246	-1720.24	165.9932	0.3160295	5.34952
2058	-1546.445	-1713.076	166.6301	0.2979807	5.007006
2064	-1549.632	-1715.808	166.1753	0.3241069	5.244527
2070	-1558.023	-1723.403	165.3803	0.4460794	5.615167
2076	-1563.367	-1729.086	165.7189	0.5002393	5.399187
2082	-1554.389	-1720.299	165.9101	0.4622334	5.314706
2088	-1551.416	-1718.273	166.8569	0.4331856	4.805451
2094	-1565.649	-1732.306	166.657	0.3692328	4.95248
2100	-1563.295	-1729.99	166.6954	0.3307967	4.95248
2106	-1559.687	-1725.721	166.0338	0.4626905	5.246126
2112	-1561.957	-1728.258	166.3017	0.4626905	5.097875
2118	-1561.808	-1727.05	165.2418	0.3182127	5.76122
2124	-1556.581	-1723.536	166.955	0.3493111	4.797526
2130	-1558.001	-1722.987	164.9861	0.3493111	5.884054
2136	-1563.162	-1728.807	165.6458	0.3605943	5.516275
2142	-1558.351	-1724.162	165.8117	0.3242356	5.444999
2148	-1559.422	-1725.992	166.5698	0.1612458	5.116334
2154	-1571.383	-1737.866	166.4828	0.309899	5.082186
2160	-1562.528	-1728.435	165.9072	0.309899	5.400332
2166	-1548.75	-1715.581	166.8307	0.2244542	4.936402
2172	-1553.062	-1720.001	166.9394	0.2083026	4.884882
2178	-1555.865	-1721.006	165.1407	0.3695983	5.788447
2184	-1555.489	-1721.61	166.1212	0.1804202	5.353735
2190	-1562.535	-1728.336	165.8011	0.5005527	5.353735
2196	-1563.205	-1728.915	165.7097	0.2996362	5.514671
2202	-1560.073	-1725.707	165.634	0.3753918	5.514671
2208	-1554.275	-1720.373	166.0978	0.4571709	5.213819
2214	-1561.12	-1728.656	167.5358	0.4779362	4.399538
2220	-1556.579	-1723.076	166.4971	0.4241504	5.010827
2226	-1560.339	-1726.034	165.6949	0.4241504	5.454342
2232	-1562.823	-1729.104	166.2811	0.3901949	5.149438
2238	-1561.13	-1726.312	165.1821	0.4827646	5.703798
2244	-1567.784	-1733.433	165.6489	0.4058796	5.48971
2250	-1563.288	-1729.71	166.4222	0.3902837	5.071209
2256	-1559.06	-1724.824	165.7634	0.4207705	5.41846
2262	-1552.732	-1718.518	165.7861	0.3131422	5.465227
2268	-1564.525	-1731.132	166.6071	0.3367755	4.998271
2274	-1552.567	-1717.925	165.3583	0.3220125	5.695317
2280	-1550.008	-1716.666	166.6584	0.3220125	4.977955
2286	-1555.08	-1721.018	165.938	0.1569168	5.46762
2292	-1558.847	-1724.824	165.977	0.4186895	5.301797
2298	-1569.089	-1733.629	164.5401	0.3982417	6.100665
2304	-1560.016	-1726.173	166.1565	0.4332433	5.19456
2310	-1572.667	-1738.823	166.1565	0.4332433	5.19456
2316	-1567.236	-1733.431	166.1943	0.3813743	5.202357
2322	-1576.548	-1742.185	165.637	0.2720451	5.569803
2328	-1558.466	-1723.837	165.3704	0.3953864	5.648464
2334	-1563.438	-1728.982	165.5443	0.590321	5.445733
2340	-1563.559	-1729.332	165.7729	0.5871088	5.321516
2346	-1566.405	-1732.246	165.8403	0.5197422	5.321516
2352	-1562.613	-1728.932	166.3188	0.354543	5.148288
2358	-1563.507	-1730.34	166.8324	0.3271208	4.878257
2364	-1568.192	-1734.171	165.9784	0.2659072	5.3853
2370	-1566.264	-1733.355	167.0919	0.07074891	4.876556
2376	-1560.737	-1727.977	167.2404	0.4569623	4.577534
2382	-1550.516	-1717.581	167.065	0.3626716	4.728599
2388	-1546.359	-1712.752	166.3932	0.2183088	5.182555
2394	-1552.362	-1718.496	166.1338	0.3761707	5.238711
2400	-1557.26	-1723.619	166.3592	0.2983787	5.157006
2406	-1556.926	-1723.825	166.8995	0.1747243	4.925792
2412	-1554.554	-1720.906	166.3525	0.1067478	5.266715
2418	-1564.898	-1729.784	164.8856	0.3007021	5.965496
2424	-1557.155	-1722.594	165.4397	0.279818	5.673813
2430	-1562.397	-1728.806	166.4088	0.3321527	5.110845
2436	-1561.864	-1727.078	165.2142	0.531633	5.659394
2442	-1565.044	-1730.449	165.405	0.4492123	5.599916
2448	-1553.513	-1720.216	166.703	0.3507812	4.937159
2454	-1554.04	-1721.284	167.2441	0.3529573	4.633788
2460	-1554.8	-1720.876	166.0756	0.2301076	5.351469
2466	-1565.892	-1732.636	166.7442	0.2301076	4.981327
2472	-1557.213	-1723.902	166.6886	0.4140404	4.909958
2478	-1565.838	-1732.068	166.2303	0.3052795	5.224547
2484	-1562.081	-1728.616	166.5355	0.4825465	4.957017
2490	-1563.683	-1728.295	164.6123	0.5499088	5.978631
2496	-1559.758	-1725.622	165.8648	0.558719	5.286451
2502	-1562.778	-1728.754	165.9766	0.2582493	5.390547
2508	-1554.23	-1719.368	165.1377	0.3648341	5.792652
2514	-1558.931	-1725.432	166.5013	0.2397408	5.110785
2520	-1550.469	-1716.774	166.3054	0.4356649	5.110785
2526	-1551.971	-1717.642	165.6708	0.2118311	5.584313
2532	-1558.809	-1725.998	167.1896	0.3078319	4.689572
2538	-1548.196	-1714.869	166.6731	0.2416583	5.014399
2544	-1550.439	-1716.851	166.4123	0.2513245	5.153659
2550	-1552.498	-1717.64	165.1421	0.5988447	5.662078
2556	-1552.746	-1718.377	165.6314	0.5805115	5.4032
2562	-1543.895	-1709.633	165.7383	0.35214	5.470088
2568	-1557.414	-1723.447	166.0325	0.3980442	5.282567
2574	-1549.526	-1715.75	166.2241	0.4169359	5.166199
2580	-1555.178	-1721.047	165.8689	0.3368855	5.406546
2586	-1549.662	-1715.042	165.3798	0.4847743	5.594237
2592	-1554.994	-1721.557	166.563	0.1652308	5.117881
2598	-1555.676	-1722.688	167.0116	0.2670354	4.811888
2604	-1560.181	-1726.071	165.8901	0.4541313	5.330241
2610	-1552.887	-1719.263	166.3758	0.4541313	5.061509
2616	-1556.392	-1723.458	167.0658	0.375618	4.720912
2622	-1556.948	-1723.791	166.8428	0.09673872	5.000631
2628	-1568.851	-1735.391	166.5403	0.2811021	5.066237
2634	-1558.452	-1724.505	166.053	0.1486337	5.408855
2640	-1541.571	-1707.715	166.1433	0.05827484	5.408855
2646	-1551.555	-1718.305	166.7506	0.231885	4.976803
2652	-1542.927	-1708.905	165.9779	0.4560792	5.280657
2658	-1552.06	-1718.317	166.2565	0.3958605	5.159897
2664	-1561.218	-1727.741	166.5232	0.06876312	5.193372
2670	-1567.192	-1733.787	166.5947	0.2585542	5.048561
2676	-1558.516	-1723.588	165.0719	0.2593635	5.886349
2682	-1558.722	-1725.174	166.4522	0.2862713	5.112221
2688	-1565.001	-1729.854	164.8528	0.5401811	5.852579
2694	-1562.311	-1728.672	166.3617	0.2634506	5.174977
2700	-1568.2	-1734.896	166.6956	0.3557304	4.938484
2706	-1572.182	-1737.974	165.7925	0.3557304	5.438256
2712	-1565.411	-1731.169	165.7584	0.3021087	5.48653
2718	-1573.32	-1738.914	165.5939	0.4665953	5.48653
2724	-1560.791	-1725.614	164.8223	0.4752863	5.904725
2730	-1557.326	-1724.204	166.8787	0.3784716	4.823862
2736	-1557.514	-1723.909	166.3946	0.1945986	5.194879
2742	-1571.349	-1736.968	165.6196	0.4818541	5.463992
2748	-1562.634	-1727.574	164.9399	0.4510253	5.85371
2754	-1555.137	-1721.448	166.3115	0.3356935	5.162762
2760	-1551.473	-1718.336	166.8624	0.3129481	4.869437
2766	-1565.141	-1731.291	166.1496	0.4171086	5.207325
2772	-1551.554	-1718.025	166.4708	0.09591834	5.207325
2778	-1546.631	-1712.94	166.3093	0.2574202	5.207325
2784	-1560.423	-1727.271	166.8482	0.4246255	4.815129
2790	-1560.718	-1726.17	165.4528	0.4646182	5.565214
2796	-1569.818	-1734.644	164.826	0.6385645	5.813454
2802	-1562.901	-1728.688	165.7867	0.4161611	5.408182
2808	-1572.317	-1738.895	166.5784	0.1922734	5.09436
2814	-1573.528	-1739.573	166.045	0.2985715	5.330567
2820	-1574.241	-1740.711	166.4707	0.05506376	5.229953
2826	-1572.925	-1738.841	165.916	0.04775077	5.539742
2832	-1548.832	-1714.567	165.7357	0.03687498	5.644734
2838	-1551.296	-1717.658	166.3623	0.03568352	5.300577
2844	-1546.948	-1712.588	165.6395	0.06992103	5.67933
2850	-1549.729	-1715.788	166.0595	0.158694	5.399743
2856	-1561.007	-1727.981	166.9741	0.3734657	4.773388
2862	-1560.336	-1726.834	166.4972	0.5925207	4.917148
2868	-1553.145	-1718.452	165.3068	0.5061257	5.62257
2874	-1576.764	-1743.694	166.9301	0.3491419	4.81153
2880	-1570.276	-1735.499	165.2225	0.326368	5.767336
2886	-1561.473	-1727.547	166.0731	0.2942258	5.317471
2892	-1557.612	-1724.2	166.5888	0.5281702	4.901994
2898	-1561.401	-1727.367	165.9654	0.4401516	5.296369
2904	-1549.606	-1715.027	165.4207	0.2618623	5.6941
2910	-1554.046	-1721.093	167.0471	0.4434152	4.693449
2916	-1559.442	-1725.229	165.7866	0.3143241	5.464287
2922	-1557.463	-1723.559	166.0966	0.4984841	5.191643
2928	-1554.661	-1720.357	165.6959	0.3859155	5.474812
2934	-1554.226	-1721.104	166.8774	0.2895934	4.874099
2940	-1555.597	-1721.929	166.3313	0.2496558	5.199425
2946	-1555.179	-1721.158	165.9782	0.2327211	5.403715
2952	-1560.781	-1726.564	165.7836	0.427384	5.403715
2958	-1554.101	-1720.433	166.3317	0.2372811	5.206038
2964	-1541.163	-1707.62	166.4571	0.2372811	5.136667
2970	-1540.415	-1707.468	167.053	0.4785462	4.670507
2976	-1546.905	-1713.156	166.2507	0.3190242	5.205674
2982	-1556.423	-1723.754	167.3314	0.2865319	4.622119
2988	-1550.376	-1716.224	165.8485	0.1887164	5.499331
2994	-1548.297	-1714.819	166.5221	0.3655083	5.029493
3000	-1552.718	-1717.769	165.0506	0.293267	5.879445
3006	-1557.087	-1722.804	165.7176	0.5044799	5.397558
3012	-1559.051	-1724.768	165.7174	0.2831797	5.519519
3018	-1560.559	-1727.362	166.8033	0.2289743	4.949099
3024	-1571.753	-1737.754	166.0015	0.317982	5.343896
3030	-1555.159	-1720.581	165.4224	0.3810352	5.627798
3036	-1551.891	-1718.397	166.5061	0.4511476	4.99083
3042	-1557.784	-1723.04	165.2563	0.3196627	5.75245
3048	-1554.313	-1719.978	165.6656	0.4654278	5.44774
3054	-1557.086	-1721.575	164.4889	0.3947389	6.130482
3060	-1558.171	-1724.147	165.9753	0.3949871	5.31582
3066	-1563.756	-1729.303	165.5465	0.3013246	5.603399
3072	-1558.166	-1724.275	166.1082	0.2780185	5.307029
3078	-1563.81	-1730.372	166.562	0.4242051	4.974716
3084	-1564.717	-1730.27	165.5523	0.3253792	5.587009
3090	-1556.145	-1722.371	166.2266	0.2207782	5.273274
3096	-1560.122	-1726.438	166.3162	0.3920527	5.12896
3102	-1557.426	-1722.782	165.3561	0.2738114	5.722909
3108	-1562.53	-1728.109	165.5789	0.3442574	5.562031
3114	-1558.794	-1725.621	166.8276	0.2510572	4.923293
3120	-1562.463	-1729.109	166.6464	0.3126824	4.989814
3126	-1570.265	-1736.352	166.0871	0.1820675	5.371622
3132	-1562.039	-1727.953	165.9131	0.3019133	5.40148
3138	-1571.723	-1737.855	166.1323	0.518092	5.161026
3144	-1571.887	-1738.267	166.3793	0.219175	5.189773
3150	-1561.184	-1726.765	165.581	0.3441521	5.560971
3156	-1555.612	-1721.622	166.0097	0.2680891	5.366883
3162	-1562.46	-1728.334	165.8737	0.2680891	5.441785
3168	-1556.418	-1722.53	166.1122	0.5196531	5.171268
3174	-1547.516	-1713.886	166.3699	0.2619429	5.171268
3180	-1551.273	-1717.526	166.253	0.5521931	5.075257
3186	-1552.172	-1719.317	167.1449	0.4780621	4.619267
3192	-1556.063	-1721.524	165.4601	0.5733468	5.501398
3198	-1553.896	-1720.008	166.112	0.2869271	5.300024
3204	-1553.198	-1719.297	166.0988	0.3001261	5.300024
3210	-1556.937	-1724.307	167.3702	0.144622	4.679888
3216	-1553.783	-1720.271	166.4879	0.4419332	5.006071
3222	-1566.555	-1732.913	166.3575	0.1543463	5.237654
3228	-1560.335	-1727.1	166.7648	0.2816746	4.941208
3234	-1553.077	-1719.408	166.3303	0.4168994	5.10736
3240	-1550.936	-1717.229	166.2924	0.3657087	5.156717
3246	-1565.777	-1731.139	165.3615	0.4749612	5.609661
3252	-1560.067	-1725.838	165.7704	0.3973365	5.427503
3258	-1564.102	-1729.517	165.4152	0.3807406	5.631902
3264	-1555.625	-1721.417	165.792	0.3559748	5.43837
3270	-1556.81	-1722.532	165.7219	0.426099	5.43837
3276	-1559.936	-1725.85	165.9138	0.3791482	5.35852
3282	-1568.248	-1734.21	165.9625	0.4161746	5.311192
3288	-1549.598	-1715.61	166.0118	0.3668826	5.311192
3294	-1554.513	-1720.718	166.2057	0.492674	5.134452
3300	-1549.726	-1715.723	165.9977	0.6305185	5.173305
3306	-1548.354	-1714.398	166.0442	0.428712	5.259165
3312	-1552.072	-1718.164	166.0924	0.4517297	5.219786
3318	-1551.856	-1718.906	167.0503	0.2511412	4.799114
3324	-1553.567	-1719.72	166.1524	0.1056066	5.377797
3330	-1550.669	-1716.773	166.104	0.1539896	5.377797
3336	-1563.833	-1729.942	166.1096	0.2793961	5.305522
3342	-1564.546	-1730.412	165.866	0.3346271	5.409395
3348	-1559.691	-1726.765	167.0738	0.1170273	4.860823
3354	-1554.487	-1721.227	166.7401	0.3093471	4.939571
3360	-1562.476	-1728.691	166.2156	0.4427663	5.156573
3366	-1566.998	-1733.704	166.7054	0.151793	5.046385
3372	-1567.526	-1733.099	165.5728	0.2981425	5.590729
3378	-1553.947	-1719.712	165.7654	0.4570127	5.397369
3384	-1561.271	-1728.117	166.8454	0.3404823	4.863579
3390	-1560.496	-1727.053	166.5566	0.2702214	5.063231
3396	-1556.555	-1722.576	166.0201	0.5319965	5.215389
3402	-1555.079	-1721.165	166.0863	0.2433074	5.338311
3408	-1556.062	-1720.562	164.5008	0.4175804	6.111564
3414	-1554.528	-1720.689	166.1609	0.2789703	5.277406
3420	-1558.95	-1725.042	166.0918	0.3823263	5.258476
3426	-1551.973	-1717.456	165.4831	0.4477093	5.557851
3432	-1554.405	-1719.945	165.5396	0.3116916	5.601517
3438	-1544.964	-1711.122	166.1581	0.2594029	5.289799
3444	-1547.736	-1713.32	165.5845	0.2395563	5.616471
3450	-1545.701	-1710.331	164.6296	0.2395563	6.138338
3456	-1549.064	-1714.461	165.397	0.5107595	5.57051
3462	-1544.278	-1709.373	165.0949	0.4196132	5.786135
3468	-1561.634	-1727.516	165.8825	0.2674969	5.437284
3474	-1560.625	-1725.438	164.8129	0.1682834	6.077328
3480	-1548.916	-1715.51	166.5945	0.344788	5.000774
3486	-1552.472	-1718.393	165.9208	0.4032599	5.341332
3492	-1557.396	-1722.587	165.1913	0.4032599	5.742297
3498	-1555.052	-1721.189	166.1371	0.251839	5.305571
3504	-1558.565	-1725.416	166.8507	0.4131087	4.820166
3510	-1559.355	-1725.871	166.5163	0.4131087	5.006257
3516	-1558.77	-1724.56	165.7906	0.4131087	5.407705
3522	-1552.781	-1718.67	165.8887	0.2582766	5.438935
3528	-1554.989	-1720.863	165.8744	0.3812316	5.379093
3534	-1550.906	-1716.86	165.9539	0.3722508	5.340174
3540	-1544.617	-1710.59	165.9731	0.4703536	5.275462
3546	-1537.511	-1702.547	165.0357	0.4475157	5.803244
3552	-1547.805	-1712.386	164.5811	0.4540705	6.047915
3558	-1555.905	-1722.28	166.3754	0.4540705	5.06176
3564	-1548.894	-1715.267	166.3731	0.4599631	5.059747
3570	-1544.246	-1710.313	166.0665	0.3432217	5.294055
3576	-1560.816	-1726.547	165.731	0.5247579	5.379006
3582	-1557.406	-1723.228	165.822	0.2867211	5.459997
3588	-1551.648	-1717.843	166.1951	0.3192107	5.236304
3594	-1557.705	-1724.644	166.9391	0.125501	4.931118
3600	-1560.89	-1727.228	166.3374	0.1025317	5.277379
3606	-1551.461	-1717.678	166.2178	0.2485423	5.262803
3612	-1550.995	-1716.604	165.609	0.2993002	5.570201
3618	-1563.651	-1730.154	166.5033	0.2612	5.097774
3624	-1559.425	-1725.067	165.6423	0.2612	5.572822
3630	-1566.994	-1733.979	166.9846	0.3386183	4.786963
3636	-1559.199	-1726.264	167.0641	0.3386183	4.742551
3642	-1566.121	-1732.049	165.9277	0.4420209	5.316134
3648	-1570.037	-1736.268	166.2311	0.1116485	5.331057
3654	-1567.53	-1733.381	165.8513	0.4914048	5.331057
3660	-1561.884	-1727.018	165.1338	0.461927	5.741641
3666	-1559.642	-1726.593	166.9511	0.3170633	4.81772
3672	-1567.425	-1733.139	165.7133	0.2536512	5.537987
3678	-1557.319	-1724.472	167.1533	0.2356494	4.750242
3684	-1552.757	-1719.331	166.5746	0.3317163	5.019115
3690	-1556.274	-1723.146	166.8718	0.03484713	5.018916
3696	-1567.394	-1733.878	166.4838	0.08521337	5.206066
3702	-1573.875	-1739.27	165.3945	0.1629328	5.762626
3708	-1573.786	-1740.344	166.558	0.1587076	5.124261
3714	-1563.333	-1729.264	165.9307	0.3214666	5.381015
3720	-1562.488	-1728.705	166.2163	0.5685232	5.086549
3726	-1558.043	-1724.038	165.9949	0.3348856	5.338185
3732	-1562.09	-1728.38	166.2896	0.1344468	5.286156
3738	-1568.186	-1733.693	165.5063	0.09955585	5.736085
3744	-1565.851	-1731.435	165.5842	0.09704291	5.6948
3750	-1551.754	-1717.405	165.6509	0.09092606	5.661559
3756	-1555.546	-1722	166.4541	0.09092606	5.219319
3762	-1547.153	-1712.48	165.3265	0.3011887	5.724167
3768	-1552.893	-1718.057	165.164	0.5444022	5.67992
3774	-1554.154	-1719.951	165.7972	0.2677372	5.484079
3780	-1552.107	-1717.943	165.8365	0.2230179	5.487079
3786	-1558.124	-1724.199	166.0744	0.3689375	5.275501
3792	-1555.372	-1720.789	165.4174	0.5859495	5.517988
3798	-1563.399	-1729.837	166.4373	0.4404305	5.034989
3804	-1559.937	-1724.663	164.7256	0.3772259	6.011024
3810	-1565.4	-1731.247	165.8469	0.364707	5.40333
3816	-1552.837	-1719.184	166.3473	0.179081	5.229615
3822	-1546.701	-1713.355	166.6539	0.3545806	4.962325
3828	-1551.223	-1717.067	165.8439	0.2621336	5.461474
3834	-1556.778	-1723.365	166.5871	0.5727104	4.878131
3840	-1555.968	-1722.505	166.5371	0.4281327	4.986393
3846	-1551.808	-1718.014	166.2059	0.5226498	5.1177
3852	-1554.693	-1720.392	165.6986	0.2435354	5.551646
3858	-1552.852	-1717.657	164.8045	0.2675922	6.027811
3864	-1555.777	-1721.481	165.704	0.3904051	5.467899
3870	-1551.349	-1718.13	166.7808	0.3904051	4.87179
3876	-1560.449	-1725.115	164.666	0.4839715	5.985331
3882	-1562.903	-1727.578	164.6754	0.3871835	6.032984
3888	-1566.379	-1731.481	165.1022	0.4827588	5.747567
3894	-1560.497	-1725.855	165.3584	0.3753419	5.666024
3900	-1556.661	-1721.865	165.2036	0.5872297	5.634722
3906	-1553.74	-1718.576	164.836	0.4093626	5.93323
3912	-1554.746	-1720.444	165.6988	0.1404692	5.608121
3918	-1563.273	-1729.525	166.2517	0.3201884	5.204442
3924	-1560.174	-1726.366	166.1923	0.32302	5.23576
3930	-1555.295	-1720.197	164.9022	0.3990784	5.902696
3936	-1546.428	-1712.922	166.4944	0.272439	5.096521
3942	-1556.303	-1722.695	166.3923	0.1911937	5.19804
3948	-1566.084	-1732.355	166.2708	0.1911937	5.265197
3954	-1562.348	-1727.418	165.0705	0.543679	5.731571
3960	-1570.247	-1736.439	166.1927	0.2959692	5.25048
3966	-1558.708	-1724.868	166.16	0.409574	5.205743
3972	-1562.442	-1728.576	166.1338	0.4357745	5.205743
3978	-1553.776	-1718.764	164.9885	0.5727313	5.760562
3984	-1550.633	-1716.312	165.6793	0.2314584	5.568876
3990	-1544.457	-1710.302	165.8453	0.3098586	5.434444
3996	-1554.726	-1720.52	165.7943	0.3608726	5.434444
4002	-1560.039	-1725.433	165.3935	0.2085432	5.738166
4008	-1557.51	-1724.116	166.6057	0.4044624	4.961416
4014	-1564.703	-1731.065	166.3621	0.4741669	5.057987
4020	-1546.754	-1713.685	166.9316	0.3704045	4.798807
4026	-1554.711	-1719.907	165.196	0.4073071	5.737478
4032	-1560.25	-1726.857	166.6068	0.1342542	5.110799
4038	-1553.96	-1720.292	166.3321	0.2900315	5.176642
4044	-1557.492	-1723.205	165.713	0.1447076	5.598018
4050	-1553.804	-1720.001	166.1979	0.3125243	5.238456
4056	-1572.13	-1737.694	165.564	0.4223836	5.527297
4062	-1572.058	-1738.722	166.6634	0.4531032	4.902254
4068	-1556.707	-1723.52	166.8124	0.3040882	4.902254
4074	-1556.907	-1722.733	165.8264	0.4416459	5.372216
4080	-1555.134	-1721.423	166.2893	0.5070964	5.080088
4086	-1558.733	-1724.974	166.2406	0.555821	5.080088
4092	-1564.494	-1730.034	165.5403	0.5057183	5.494491
4098	-1564.199	-1729.971	165.7717	0.274299	5.494491
4104	-1565.644	-1731.279	165.6348	0.2225698	5.598171
4110	-1572.093	-1739.183	167.0895	0.3345582	4.730643
4116	-1560.992	-1728.259	167.2677	0.3345582	4.63088
4122	-1561.542	-1729.001	167.4592	0.2978537	4.543995
4128	-1551.361	-1717.995	166.6332	0.1685167	5.077167
4134	-1555.813	-1720.68	164.8665	0.3068294	5.972573
4140	-1554.915	-1720.821	165.9053	0.495956	5.298753
4146	-1555.133	-1720.885	165.7516	0.3401579	5.469349
4152	-1554.117	-1720.677	166.5602	0.2099807	5.094667
4158	-1542.165	-1708.92	166.7549	0.1321805	5.029775
4164	-1543.449	-1709.729	166.2802	0.4361085	5.124478
4170	-1550.666	-1715.503	164.8366	0.3143346	5.98477
4176	-1549.84	-1716.523	166.6829	0.2213461	5.020283
4182	-1558.397	-1724.02	165.6231	0.5085092	5.447426
4188	-1553.204	-1718.877	165.673	0.4597494	5.446766
4194	-1551.989	-1718.177	166.1881	0.4597494	5.16241
4200	-1561.645	-1727.698	166.053	0.2992021	5.325828
4206	-1554.19	-1718.753	164.563	0.3329275	6.12375
4212	-1569.502	-1735.184	165.6819	0.5163575	5.410696
4218	-1571.442	-1738.139	166.6967	0.5163575	4.848422
4224	-1562.891	-1728.126	165.2357	0.5163575	5.655971
4230	-1563.363	-1728.315	164.9518	0.3195921	5.919019
4236	-1565.668	-1731.709	166.0409	0.382762	5.286375
4242	-1565.347	-1730.829	165.4818	0.3218383	5.627652
4248	-1563.849	-1729.859	166.0101	0.413922	5.286179
4254	-1558.251	-1724.005	165.7541	0.5305401	5.363117
4260	-1550.96	-1716.804	165.8437	0.4311455	5.368493
4266	-1560.393	-1726.317	165.9248	0.4491405	5.31383
4272	-1581.684	-1747.157	165.4728	0.6197211	5.468907
4278	-1585.988	-1750.605	164.6167	0.7305459	5.877615
4284	-1547.405	-1713.316	165.911	0.374312	5.3627
4290	-1550.523	-1716.651	166.1278	0.3098799	5.278647
4296	-1556.212	-1722.494	166.2825	0.3098799	5.193108
4302	-1551.689	-1716.747	165.0573	0.341127	5.8496
4308	-1557.984	-1724.188	166.2047	0.3321779	5.223805
4314	-1553.403	-1719.678	166.2745	0.262351	5.223805
4320	-1554.184	-1720.502	166.3175	0.2193736	5.223805
4326	-1552.945	-1718.935	165.9904	0.3811627	5.315162
4332	-1553.91	-1719.963	166.0532	0.323732	5.312161
4338	-1553.687	-1720.555	166.8675	0.2130782	4.922258
4344	-1553.414	-1719.552	166.1376	0.2875167	5.285601
4350	-1563.49	-1729.497	166.007	0.4180951	5.285601
4356	-1568.027	-1734.545	166.5177	0.3581836	5.036033
4362	-1551.643	-1716.904	165.2618	0.3581836	5.728337
4368	-1560.136	-1725.24	165.1036	0.5965196	5.684429
4374	-1559.628	-1724.86	165.2324	0.2583289	5.799144
4380	-1560.987	-1727.193	166.2054	0.4463025	5.160287
4386	-1557.148	-1724.25	167.1015	0.2521823	4.769943
4392	-1551.812	-1717.297	165.4858	0.4788772	5.539224
4398	-1557.75	-1724.477	166.7276	0.4114964	4.889662
4404	-1553.9	-1719.811	165.9105	0.2109128	5.452998
4410	-1561.186	-1727.23	166.0444	0.3424885	5.3067
4416	-1555.024	-1721.423	166.3992	0.2532865	5.159841
4422	-1550.896	-1717.033	166.1378	0.3283081	5.262952
4428	-1559.747	-1725.91	166.1631	0.4067132	5.205595
4434	-1549.976	-1716.051	166.075	0.4948241	5.205595
4440	-1560.775	-1726.23	165.4553	0.2696689	5.670835
4446	-1550.955	-1716.871	165.9158	0.4078348	5.341592
4452	-1554.858	-1721.347	166.4885	0.3102616	5.078778
4458	-1557.953	-1723.984	166.0311	0.2446407	5.367973
4464	-1570.457	-1735.256	164.7987	0.1791387	6.079154
4470	-1576.068	-1741.7	165.6327	0.4572811	5.470329
4476	-1560.218	-1726.096	165.8782	0.3988863	5.367283
4482	-1555.758	-1721.534	165.776	0.340367	5.455808
4488	-1550.604	-1715.135	164.5306	0.51259	6.043519
4494	-1547.013	-1711.661	164.6478	0.4738138	6.000799
4500	-1572.44	-1736.724	164.2847	0.4236622	6.225833
4506	-1566.424	-1731.043	164.6196	0.4095625	6.05118
4512	-1568.068	-1733.224	165.1559	0.3132396	5.810963
4518	-1553.938	-1719.612	165.6735	0.3036683	5.532382
4524	-1547.722	-1712.244	164.5212	0.4387665	6.088887
4530	-1559.625	-1724.792	165.1668	0.4387665	5.736285
4536	-1566.797	-1732.834	166.0374	0.3345395	5.314952
4542	-1566.214	-1732.204	165.9899	0.3820149	5.314952
4548	-1547.499	-1712.575	165.0761	0.3820149	5.816958
4554	-1551.162	-1716.587	165.4243	0.3123155	5.664411
4560	-1558.042	-1723.427	165.3849	0.2777278	5.704992
4566	-1559.821	-1726.07	166.2495	0.366598	5.180012
4572	-1570.681	-1735.548	164.8669	0.317989	5.966278
4578	-1570.67	-1736.573	165.9036	0.2153436	5.45439
4584	-1574.097	-1739.869	165.7719	0.3470084	5.45439
4590	-1561.074	-1726.32	165.2459	0.3470084	5.743187
4596	-1559.389	-1725.201	165.8122	0.3619704	5.423972
4602	-1560.954	-1727.723	166.7693	0.4673933	4.835288
4608	-1557.119	-1722.25	165.1306	0.4960463	5.724709
4614	-1545.713	-1712.127	166.4143	0.245581	5.155758
4620	-1557.468	-1723.439	165.9717	0.4699487	5.276428
4626	-1563.466	-1729.586	166.1206	0.408886	5.227902
4632	-1557.621	-1722.893	165.2719	0.4475483	5.673852
4638	-1562.175	-1727.61	165.4352	0.2842709	5.673852
4644	-1553.151	-1718.761	165.6101	0.4347366	5.495134
4650	-1562.587	-1728.197	165.6101	0.4347366	5.495134
4656	-1567.021	-1732.545	165.5247	0.39862	5.561933
4662	-1554.117	-1720.215	166.0978	0.3111758	5.294471
4668	-1556.817	-1722.771	165.9544	0.4546064	5.294471
4674	-1553.013	-1719.219	166.2065	0.2146698	5.287764
4680	-1553.91	-1720.021	166.1116	0.3807608	5.24843
4686	-1556.501	-1722.171	165.6703	0.2987195	5.536845
4692	-1560.549	-1725.927	165.3777	0.1829337	5.760869
4698	-1555.57	-1721.05	165.4797	0.5224132	5.518642
4704	-1546.336	-1712.946	166.61	0.1093394	5.122799
4710	-1555.725	-1721.98	166.2549	0.2204319	5.257849
4716	-1547.881	-1714.882	167.0006	0.425412	4.729567
4722	-1553.924	-1719.917	165.9923	0.3780144	5.315809
4728	-1557.263	-1722.633	165.3704	0.5856628	5.543966
4734	-1547.492	-1713.406	165.9139	0.324596	5.388547
4740	-1552.479	-1718.497	166.0178	0.2743073	5.358993
4746	-1550.88	-1716.059	165.1789	0.3475772	5.77954
4752	-1552.61	-1718.224	165.6139	0.218583	5.611849
4758	-1556.736	-1723.114	166.3786	0.2100977	5.19518
4764	-1557.185	-1723.34	166.1543	0.4343571	5.19518
4770	-1556.201	-1722.268	166.0666	0.5220901	5.19518
4776	-1564.597	-1730.885	166.2884	0.4387228	5.118492
4782	-1559.853	-1725.725	165.872	0.3733876	5.384708
4788	-1550.171	-1716.666	166.4951	0.3126477	5.073819
4794	-1550.551	-1717.227	166.6757	0.2721329	4.996065
4800	-1559.41	-1725.407	165.9968	0.4629489	5.266449
4806	-1563.759	-1728.765	165.0065	0.2599245	5.921726
4812	-1569.458	-1735.945	166.487	0.4296165	5.013367
4818	-1547.661	-1714.249	166.5871	0.328983	5.01369
4824	-1556.811	-1722.687	165.876	0.2059785	5.474696
4830	-1569.89	-1736.392	166.5015	0.2049264	5.129958
4836	-1560.258	-1726.453	166.1951	0.2049264	5.299441
4842	-1563.428	-1729.133	165.7052	0.2767614	5.529709
4848	-1556.319	-1721.991	165.6726	0.3132967	5.527583
4854	-1554.844	-1720.699	165.8552	0.2445319	5.464977
4860	-1555.259	-1721.406	166.1478	0.3245213	5.259502
4866	-1555.222	-1722.09	166.8687	0.4678692	4.779534
4872	-1554.504	-1720.49	165.9862	0.2549619	5.387059
4878	-1559.807	-1725.823	166.0168	0.2243889	5.387059
4884	-1555.852	-1722.449	166.5973	0.320318	5.01284
4890	-1553.18	-1719.566	166.3856	0.14772	5.225788
4896	-1556.718	-1723.293	166.5752	0.1558074	5.116362
4902	-1559.132	-1725.301	166.169	0.2082439	5.311996
4908	-1559.809	-1726.32	166.5114	0.4613522	4.982208
4914	-1553.428	-1719.444	166.0154	0.3234345	5.333179
4920	-1565.848	-1731.099	165.2505	0.3234345	5.75359
4926	-1561.117	-1726.756	165.6393	0.2250074	5.594384
4932	-1565.881	-1731.484	165.6033	0.2554758	5.597387
4938	-1548.971	-1715.513	166.5414	0.4268851	4.984659
4944	-1564.21	-1730.216	166.0061	0.3819278	5.306038
4950	-1562.696	-1729.165	166.4698	0.2077771	5.145976
4956	-1564.546	-1730.953	166.4069	0.1473241	5.214211
4962	-1557.902	-1723.831	165.929	0.2730386	5.408616
4968	-1557.814	-1723.689	165.875	0.3270911	5.408616
4974	-1560.764	-1726.135	165.3714	0.4673635	5.60838
4980	-1562.646	-1727.825	165.1782	0.4317377	5.733865
4986	-1550.675	-1717.258	166.5831	0.2446355	5.062728
4992	-1551.801	-1718.217	166.4154	0.1451769	5.210695
4998	-1554.601	-1720.75	166.1494	0.09840501	5.383419
5004	-1553.934	-1720.691	166.7569	0.2108692	4.984948
5010	-1570.329	-1735.774	165.4449	0.3939138	5.608346
5016	-1570.805	-1736.349	165.5436	0.2198484	5.649718
5022	-1569.942	-1735.473	165.5307	0.4350365	5.538639
5028	-1576.225	-1742.83	166.6049	0.3284049	5.004141
5034	-1561.093	-1727.667	166.5736	0.06253688	5.168901
5040	-1557.084	-1723.44	166.3557	0.2804091	5.168901
5046	-1567.285	-1732.683	165.3981	0.4618551	5.596736
5052	-1571.624	-1736.608	164.9843	0.4467668	5.831767
5058	-1558.064	-1724.42	166.3553	0.3971619	5.104491
5064	-1560.075	-1726.05	165.9749	0.4940749	5.261334
5070	-1556.286	-1722.345	166.0598	0.241022	5.354149
5076	-1548.334	-1715.736	167.4023	0.4529837	4.488814
5082	-1554.127	-1720.189	166.0624	0.3978236	5.266206
5088	-1544.205	-1710.224	166.0192	0.5078092	5.22928
5094	-1548.106	-1714.489	166.3822	0.3067366	5.139687
5100	-1552.942	-1719.295	166.3536	0.3353312	5.139687
5106	-1547.525	-1713.331	165.8056	0.3353312	5.442253
5112	-1561.556	-1727.854	166.2987	0.1386143	5.278846
5118	-1562.432	-1728.643	166.2111	0.1079267	5.344139
5124	-1565.651	-1732.009	166.358	0.3830927	5.110765
5130	-1544.806	-1711.077	166.2712	0.4118735	5.142895
5136	-1551.97	-1718.599	166.6284	0.421824	4.939134
5142	-1552.181	-1718.678	166.4972	0.3721304	5.039671
5148	-1565.186	-1731.112	165.9268	0.4135454	5.332352
5154	-1563.837	-1730.429	166.5916	0.2490097	5.055599
5160	-1573.27	-1738.341	165.0712	0.4332713	5.791623
5166	-1570.824	-1734.034	163.21	0.4332713	6.802657
5172	-1550.819	-1717.233	166.4144	0.1851919	5.189115
5178	-1551.797	-1718.07	166.2732	0.3263827	5.189115
5184	-1560.111	-1726.417	166.3064	0.194322	5.243817
5190	-1550.55	-1716.133	165.5836	0.2797515	5.59487
5196	-1570.114	-1734.54	164.4266	0.2632851	6.235837
5202	-1555.794	-1721.841	166.0467	0.2820932	5.338757
5208	-1554.846	-1721.692	166.8463	0.3765135	4.842979
5214	-1554.343	-1721.449	167.1066	0.324036	4.726951
5220	-1557.972	-1724.533	166.5616	0.2773816	5.056498
5226	-1557.104	-1723.621	166.5167	0.3222389	5.056498
5232	-1539.89	-1706.221	166.3308	0.443568	5.092311
5238	-1545.14	-1710.403	165.2626	0.4227351	5.692569
5244	-1538.909	-1704.935	166.0261	0.3989946	5.285558
5250	-1557.899	-1723.287	165.3884	0.5445088	5.556695
5256	-1557.307	-1724.786	167.4786	0.5016042	4.418414
5262	-1551.782	-1717.483	165.7013	0.3092622	5.513994
5268	-1551.919	-1718.437	166.5186	0.1437108	5.154405
5274	-1548.989	-1715.064	166.0749	0.4086331	5.253312
5280	-1551.872	-1718.857	166.9853	0.09992556	4.919647
5286	-1550.528	-1716.563	166.0353	0.07382575	5.459769
5292	-1561.024	-1727.416	166.3925	0.2406916	5.170506
5298	-1559.814	-1726.299	166.4849	0.3777977	5.043317
5304	-1557.622	-1723.809	166.1867	0.3994966	5.196523
5310	-1558.06	-1723.863	165.8033	0.4824299	5.362483
5316	-1550.903	-1716.855	165.9523	0.3334406	5.362483
5322	-1555.571	-1721.491	165.9203	0.3740869	5.357701
5328	-1551.118	-1717.038	165.9203	0.3740869	5.357701
5334	-1556.032	-1722.483	166.4509	0.1520956	5.187267
5340	-1568.892	-1735.028	166.1352	0.5045866	5.166872
5346	-1557.004	-1724.243	167.2396	0.1527161	4.748366
5352	-1552.991	-1718.97	165.9782	0.08180879	5.486815
5358	-1559.836	-1724.844	165.0085	0.465974	5.808039
5364	-1553.723	-1719.499	165.7761	0.380986	5.433406
5370	-1565.348	-1730.741	165.3926	0.4203094	5.622573
5376	-1568.555	-1734.739	166.1843	0.4132464	5.190275
5382	-1564.894	-1731.466	166.5722	0.1256254	5.134726
5388	-1564.203	-1730.896	166.6932	0.2883195	4.977355
5394	-1560.584	-1727.75	167.1659	0.3574418	4.675093
5400	-1561.372	-1726.437	165.0653	0.6121798	5.696842
5406	-1561.337	-1728.059	166.7227	0.3126217	4.947433
5412	-1563.871	-1729.015	165.1438	0.5158984	5.70658
5418	-1553.213	-1718.875	165.6621	0.2358769	5.575897
5424	-1553.722	-1719.599	165.8764	0.3857307	5.375499
5430	-1570.609	-1736.444	165.8348	0.3062878	5.442207
5436	-1572.051	-1737.228	165.1765	0.2050565	5.85884
5442	-1568.321	-1734.082	165.761	0.2103538	5.535541
5448	-1562.081	-1728.524	166.4427	0.2992364	5.110275
5454	-1565.759	-1730.706	164.9461	0.3867158	5.885489
5460	-1549.157	-1714.978	165.8214	0.280306	5.46384
5466	-1549.258	-1715.297	166.0387	0.1782716	5.400386
5472	-1555.214	-1720.953	165.7388	0.4781723	5.400386
5478	-1558.277	-1724.555	166.2784	0.4449214	5.120602
5484	-1555.978	-1722.257	166.2784	0.4449214	5.120602
5490	-1560.577	-1727.813	167.2354	0.1063631	4.776599
5496	-1559.679	-1725.555	165.8767	0.3806851	5.378128
5502	-1554.545	-1721.101	166.5563	0.4454377	4.966077
5508	-1556.431	-1723.055	166.6243	0.3774374	4.966077
5514	-1562.807	-1728.436	165.6292	0.3843981	5.51232
5520	-1558.775	-1724.854	166.079	0.280037	5.322057
5526	-1544.125	-1710.881	166.756	0.280037	4.94701
5532	-1543.067	-1709.272	166.2047	0.2599797	5.263731
5538	-1552.433	-1718.907	166.4745	0.3024807	5.090902
5544	-1558.412	-1723.32	164.9076	0.272177	5.969027
5550	-1559.338	-1724.668	165.3296	0.35733	5.691663
5556	-1556.316	-1722.861	166.5447	0.3214444	5.04141
5562	-1546.342	-1712.276	165.934	0.4570695	5.304367
5568	-1552.188	-1717.645	165.4575	0.4432167	5.57435
5574	-1545.829	-1711.661	165.8326	0.3366382	5.426692
5580	-1553.292	-1718.362	165.0695	0.3985812	5.811503
5586	-1546.953	-1712.069	165.1166	0.3985812	5.785736
5592	-1562.827	-1728.575	165.7481	0.1403226	5.581139
5598	-1548.886	-1714.441	165.5554	0.3330385	5.581139
5604	-1556.986	-1722.548	165.5622	0.3330385	5.577361
5610	-1562.323	-1727.533	165.2103	0.3074544	5.784368
5616	-1569.053	-1734.75	165.6964	0.4812304	5.422045
5622	-1557.194	-1723.336	166.1413	0.362087	5.242305
5628	-1560.53	-1726.138	165.6078	0.4286043	5.499771
5634	-1563.753	-1729.382	165.6294	0.4008295	5.503217
5640	-1567.577	-1733.343	165.7654	0.2647779	5.503217
5646	-1554.065	-1720.887	166.8214	0.3310464	4.882234
5652	-1552.425	-1718.18	165.7548	0.3019809	5.488564
5658	-1565.577	-1729.92	164.343	0.6296372	6.081993
5664	-1556.621	-1722.87	166.2496	0.2178321	5.262209
5670	-1557.426	-1724.229	166.8028	0.229571	4.949077
5676	-1559.997	-1725.933	165.9369	0.1636566	5.464503
5682	-1558.529	-1724.426	165.8972	0.2541013	5.436566
5688	-1568.175	-1734.182	166.0062	0.369181	5.313009
5694	-1560.674	-1727.041	166.3664	0.3234187	5.139194
5700	-1561.547	-1728.249	166.7015	0.3234187	4.953225
5706	-1550.696	-1717.147	166.4508	0.2595404	5.127816
5712	-1561.891	-1727.274	165.3824	0.4100228	5.633809
5718	-1565.858	-1732.589	166.7313	0.2340604	4.986289
5724	-1573.502	-1737.278	163.7766	0.3759509	6.527366
5730	-1564.561	-1731.284	166.7238	0.3576099	4.921771
5736	-1561.189	-1726.631	165.4418	0.3576099	5.629993
5742	-1560.997	-1725.614	164.6176	0.4096096	6.052259
5748	-1564.118	-1730.767	166.6484	0.2970057	4.99738
5754	-1557.737	-1724.277	166.5401	0.130579	5.149802
5760	-1551.18	-1717.98	166.7996	0.2111011	4.961081
5766	-1561.49	-1727.515	166.0252	0.3294008	5.324508
5772	-1549.471	-1714.834	165.3626	0.2502075	5.732317
5778	-1558.047	-1723.425	165.3781	0.3582513	5.664601
5784	-1561.137	-1726.498	165.3609	0.3343627	5.687121
5790	-1547.662	-1712.657	164.9948	0.3303524	5.88969
5796	-1546.383	-1711.403	165.0204	0.3047397	5.88969
5802	-1550.413	-1716.551	166.138	0.2638571	5.298432
5808	-1542.925	-1708.752	165.8275	0.2985152	5.450492
5814	-1544.309	-1710.197	165.8875	0.3039102	5.414486
5820	-1549.821	-1715.903	166.0819	0.1095094	5.414486
5826	-1556.789	-1723.502	166.7139	0.1733781	5.029665
5832	-1552.254	-1718.085	165.8303	0.337352	5.427586
5838	-1552.997	-1718.708	165.7107	0.4568919	5.427586
5844	-1557.17	-1723.113	165.943	0.2055807	5.438056
5850	-1558.974	-1725.645	166.6718	0.2023381	5.036976
5856	-1553.425	-1718.864	165.439	0.3539175	5.633543
5862	-1565.59	-1731.742	166.1521	0.375699	5.228841
5868	-1568.2	-1734.676	166.4759	0.2030721	5.145184
5874	-1572.366	-1737.624	165.2583	0.4640775	5.672255
5880	-1571.951	-1737.437	165.4861	0.5620151	5.493349
5886	-1563.038	-1727.904	164.8657	0.5620151	5.833577
5892	-1557.678	-1724.093	166.4146	0.4374693	5.049227
5898	-1560.325	-1725.225	164.8997	0.4261445	5.889279
5904	-1552.49	-1719.151	166.661	0.3108117	4.982738
5910	-1569.372	-1736.072	166.6995	0.1213285	5.066538
5916	-1566.329	-1733.779	167.4502	0.118298	4.649829
5922	-1554.91	-1721.439	166.5289	0.4444976	4.981858
5928	-1555.58	-1721.342	165.7621	0.4882142	5.38203
5934	-1550.016	-1715.481	165.4648	0.4351415	5.574794
5940	-1549.784	-1715.903	166.1192	0.3871418	5.24069
5946	-1559.394	-1724.8	165.4053	0.3501828	5.654091
5952	-1561.975	-1728.832	166.8575	0.157966	4.95846
5958	-1563.966	-1730.397	166.4312	0.2515304	5.143103
5964	-1561.559	-1727.483	165.9242	0.3700351	5.357782
5970	-1551.222	-1716.693	165.4707	0.3076755	5.641535
5976	-1554.154	-1720.308	166.1537	0.3155155	5.261195
5982	-1559.367	-1725.399	166.0315	0.3121081	5.330583
5988	-1561.516	-1728.718	167.201	0.2110376	4.737344
5994	-1553.031	-1719.35	166.3196	0.2952429	5.180672
6000	-1545.846	-1712.131	166.2855	0.4821133	5.096083
6006	-1558.149	-1724.922	166.7729	0.1084537	5.032962
6012	-1553.107	-1719.017	165.9092	0.2252989	5.445796
6018	-1561.812	-1728.016	166.2046	0.2936192	5.245205
6024	-1556.439	-1721.571	165.1318	0.4179808	5.766838
6030	-1559.357	-1726.048	166.691	0.2971231	4.973647
6036	-1553.239	-1719.452	166.2126	0.1945786	5.295455
6042	-1557.684	-1723.993	166.3093	0.097964	5.295455
6048	-1562.375	-1728.639	166.264	0.1432707	5.295455
6054	-1575.853	-1741.474	165.621	0.01642555	5.718825
6060	-1565.891	-1732.409	166.5187	0.08374714	5.187575
6066	-1563.369	-1729.642	166.2732	0.3291697	5.187575
6072	-1550.253	-1716.47	166.2174	0.25864	5.257458
6078	-1548.168	-1715.128	166.9604	0.3328922	4.803689
6084	-1549.091	-1716.042	166.9513	0.1743335	4.897127
6090	-1549.273	-1716.077	166.8048	0.2917706	4.913316
6096	-1552.908	-1718.015	165.107	0.5279014	5.720199
6102	-1556.917	-1723.291	166.3741	0.262414	5.16867
6108	-1552.482	-1718.91	166.4275	0.3465534	5.092511
6114	-1560.97	-1727.457	166.4873	0.5282855	4.95839
6120	-1563.015	-1729.145	166.1299	0.5427092	5.148728
6126	-1563.33	-1728.618	165.2875	0.30419	5.743886
6132	-1554.099	-1718.903	164.804	0.4207715	5.944515
6138	-1563.464	-1729.924	166.4595	0.4207715	5.03359
6144	-1567.525	-1734.198	166.6733	0.399807	4.926407
6150	-1568.762	-1735.495	166.733	0.3400365	4.926407
6156	-1563.375	-1729.148	165.773	0.2284455	5.519035
6162	-1565.9	-1732.221	166.3204	0.2244699	5.21939
6168	-1575.393	-1741.573	166.18	0.3138124	5.24765
6174	-1569.901	-1736.455	166.5536	0.1124849	5.152343
6180	-1570.439	-1736.021	165.5822	0.335415	5.565076
6186	-1572.557	-1738.53	165.9731	0.2945706	5.372444
6192	-1562.323	-1728.522	166.1998	0.3322236	5.226506
6198	-1557.356	-1722.453	165.0976	0.2634093	5.870089
6204	-1560.77	-1726.626	165.8561	0.4431463	5.355036
6210	-1577.485	-1743.419	165.9346	0.04271745	5.532256
6216	-1570.595	-1737.744	167.1488	0.1136607	4.820902
6222	-1567.517	-1733.748	166.2315	0.09639408	5.339242
6228	-1564.876	-1730.459	165.5823	0.4919671	5.478979
6234	-1565.232	-1731.117	165.8855	0.2885833	5.424044
6240	-1558.504	-1725.64	167.136	0.06158075	4.85708
6246	-1556.3	-1722.613	166.3128	0.2512201	5.208781
6252	-1568.488	-1733.968	165.4803	0.4201353	5.574516
6258	-1574.792	-1740.941	166.149	0.4151174	5.208756
6264	-1564.519	-1730.24	165.7209	0.3455722	5.483252
6270	-1561.326	-1727.577	166.2507	0.4309423	5.14368
6276	-1553.96	-1720.02	166.0601	0.4309423	5.249162
6282	-1552.952	-1718.95	165.9975	0.4933419	5.249254
6288	-1556.04	-1722.209	166.1696	0.3212855	5.249254
6294	-1559.376	-1725.606	166.2303	0.4314019	5.154756
6300	-1552.985	-1719.393	166.4077	0.1179158	5.230033
6306	-1551.491	-1718.31	166.8191	0.114839	5.003742
6312	-1541.626	-1707.966	166.3395	0.2740357	5.181423
6318	-1540.902	-1707.228	166.3264	0.2870857	5.181423
6324	-1546.652	-1713.198	166.5453	0.3189159	5.042467
6330	-1550.067	-1716.524	166.4572	0.4454653	5.021111
6336	-1547.307	-1713.939	166.6317	0.2558469	5.029529
6342	-1560.558	-1727.367	166.8096	0.4587598	4.817616
6348	-1554.505	-1721.051	166.5458	0.3949638	4.999999
6354	-1554.18	-1720.449	166.2697	0.4127791	5.143223
6360	-1576.711	-1742.74	166.0297	0.3205821	5.326902
6366	-1568.236	-1734.468	166.2325	0.3998242	5.171003
6372	-1559.079	-1725.311	166.2325	0.3998242	5.171003
6378	-1572.848	-1739.203	166.3552	0.482394	5.057229
6384	-1561.345	-1728.025	166.6803	0.419972	4.911262
6390	-1572.201	-1738.704	166.5029	0.59737	4.911262
6396	-1545.462	-1712.053	166.5904	0.4656555	4.93586
6402	-1547.263	-1713.594	166.3305	0.2599237	5.194194
6408	-1558.934	-1725.097	166.1628	0.5449017	5.129298
6414	-1563.49	-1729.643	166.1524	0.2794791	5.281858
6420	-1555.819	-1721.744	165.9249	0.3909568	5.345896
6426	-1550.489	-1717.146	166.6568	0.277607	5.003515
6432	-1559.352	-1726.003	166.6505	0.4804356	4.894178
6438	-1559.727	-1725.478	165.7508	0.3763534	5.449841
6444	-1558.067	-1723.003	164.9357	0.4046344	5.881392
6450	-1563.079	-1728.755	165.6758	0.4025333	5.476726
6456	-1563.006	-1728.592	165.5859	0.2508042	5.609508
6462	-1560.086	-1726.484	166.3978	0.3890188	5.085435
6468	-1552.693	-1719.118	166.4251	0.519081	4.998101
6474	-1551.11	-1716.66	165.5496	0.4680769	5.510107
6480	-1560.017	-1725.543	165.5258	0.4918108	5.510107
6486	-1549.405	-1715.549	166.1439	0.3859239	5.227722
6492	-1552.299	-1718.097	165.7979	0.1937556	5.524376
6498	-1558.496	-1725.024	166.5279	0.225899	5.103749
6504	-1545.755	-1711.075	165.3206	0.3980318	5.674325
6510	-1549.169	-1715.451	166.2813	0.1745822	5.268553
6516	-1556.152	-1720.545	164.3931	0.4003897	6.179542
6522	-1555.652	-1721.547	165.8951	0.3063681	5.408946
6528	-1558.663	-1723.35	164.6866	0.5420241	5.942373
6534	-1562.661	-1728.337	165.6763	0.440337	5.455655
6540	-1562.56	-1729.364	166.8041	0.3286187	4.893185
6546	-1545.015	-1710.974	165.959	0.419994	5.31102
6552	-1551.012	-1717.222	166.2102	0.1688623	5.31102
6558	-1561.622	-1727.559	165.9377	0.4412798	5.31102
6564	-1556.887	-1722.954	166.0673	0.3117221	5.31102
6570	-1555.416	-1721.252	165.8356	0.3117221	5.438766
6576	-1553.674	-1719.835	166.1608	0.3662758	5.229219
6582	-1570.622	-1735.324	164.7018	0.4521156	5.983177
6588	-1565.98	-1732.023	166.043	0.4521156	5.246915
6594	-1570.029	-1735.525	165.4959	0.3400488	5.609944
6600	-1584.713	-1749.15	164.4373	0.4561594	6.125115
6606	-1563.843	-1729.751	165.9076	0.2051776	5.457787
6612	-1561.566	-1728.167	166.6008	0.1532682	5.103554
6618	-1559.406	-1725.007	165.601	0.4969042	5.465969
6624	-1557.633	-1723.261	165.6285	0.2340736	5.595329
6630	-1558.826	-1726.012	167.186	0.1902023	4.757416
6636	-1547.201	-1712.832	165.6314	0.4558799	5.471783
6642	-1555.413	-1721.219	165.8067	0.5479807	5.32443
6648	-1558.811	-1724.681	165.8704	0.1369548	5.515752
6654	-1554.614	-1720.696	166.0823	0.1693027	5.381314
6660	-1557.039	-1723.402	166.3626	0.3263598	5.139649
6666	-1561.647	-1726.605	164.9576	0.3405185	5.904417
6672	-1550.447	-1717.132	166.6851	0.05488382	5.111409
6678	-1554.013	-1720.036	166.0231	0.4196948	5.275823
6684	-1551.775	-1718.646	166.8707	0.3801512	4.82737
6690	-1571.212	-1736.8	165.5887	0.4371495	5.505591
6696	-1566.202	-1731.558	165.3554	0.5364021	5.579252
6702	-1584.708	-1751.379	166.6708	0.3607939	4.949487
6708	-1564.335	-1729.629	165.2939	0.2478282	5.771205
6714	-1564.9	-1730.947	166.0463	0.3924059	5.278073
6720	-1586.176	-1751.867	165.6911	0.5491249	5.387585
6726	-1561.269	-1726.767	165.4985	0.3517678	5.602102
6732	-1560.307	-1726.87	166.5626	0.3104514	5.037576
6738	-1556.233	-1722.213	165.9802	0.5332185	5.2368
6744	-1558.358	-1723.777	165.4183	0.4850896	5.57289
6750	-1560.308	-1726.325	166.0177	0.3794516	5.301039
6756	-1556.941	-1722.018	165.0767	0.3158184	5.852832
6762	-1565.627	-1731.668	166.0409	0.4240036	5.263583
6768	-1555.667	-1722.163	166.4961	0.1632373	5.156079
6774	-1565.692	-1732.773	167.0813	0.1700336	4.82712
6780	-1551.448	-1718.285	166.8377	0.4135816	4.82712
6786	-1550.403	-1716.662	166.2589	0.4084174	5.151614
6792	-1544.635	-1711.426	166.7905	0.2733961	4.931513
6798	-1552.733	-1718.124	165.3918	0.3098896	5.683582
6804	-1554.174	-1720.231	166.0574	0.2187003	5.367773
6810	-1540.608	-1706.857	166.2491	0.215018	5.26404
6816	-1551.778	-1717.896	166.118	0.3460938	5.26404
6822	-1550.655	-1715.889	165.234	0.5203938	5.654709
6828	-1552.856	-1719.604	166.7475	0.5203938	4.817839
6834	-1545.35	-1710.686	165.3364	0.3828364	5.673943
6840	-1545.332	-1710.847	165.5145	0.3828364	5.576235
6846	-1562.399	-1728.276	165.8779	0.27244	5.437078
6852	-1554.244	-1719.985	165.7409	0.4094944	5.437078
6858	-1559.397	-1724.921	165.5235	0.3272542	5.601789
6864	-1560.92	-1726.693	165.7733	0.2027474	5.532998
6870	-1552.815	-1719.121	166.3052	0.06378539	5.316575
6876	-1560.296	-1726.62	166.324	0.2377503	5.210057
6882	-1555.391	-1721.461	166.0698	0.5909948	5.155275
6888	-1548.621	-1715.055	166.4344	0.3607699	5.080766
6894	-1555.075	-1721.558	166.4821	0.2870041	5.095233
6900	-1556.759	-1723.243	166.4835	0.2765908	5.100212
6906	-1548.167	-1714.022	165.8546	0.4293474	5.36345
6912	-1551.644	-1718.385	166.7406	0.4970399	4.834726
6918	-1555.567	-1720.171	164.6044	0.5186372	6.000014
6924	-1552.86	-1719.171	166.3109	0.5410652	5.049286
6930	-1549.971	-1716.377	166.4057	0.3958316	5.077267
6936	-1556.715	-1723.222	166.5062	0.4124865	5.012256
6942	-1563.182	-1728.209	165.027	0.3328371	5.870699
6948	-1567.956	-1732.956	164.9999	0.5303608	5.77751
6954	-1586.274	-1752.661	166.3875	0.3712999	5.100941
6960	-1561.448	-1727.1	165.652	0.4963379	5.438209
6966	-1555.111	-1720.587	165.4762	0.2806689	5.653323
6972	-1557.88	-1722.644	164.7637	0.3704521	5.993943
6978	-1562.81	-1728.071	165.2605	0.5500738	5.62386
6984	-1562.509	-1728.697	166.1873	0.3819533	5.205892
6990	-1564.545	-1730.647	166.1021	0.4672379	5.205892
6996	-1558.688	-1726.135	167.4471	0.3910314	4.498449
7002	-1557.679	-1724.124	166.4447	0.4379282	5.032254
7008	-1563.644	-1730.053	166.4088	0.1967179	5.185845
7014	-1552.111	-1718.093	165.9825	0.1491632	5.44739
7020	-1561.168	-1727.772	166.6041	0.2837534	5.029385
7026	-1559.133	-1724.622	165.4895	0.3690738	5.597527
7032	-1559.076	-1724.869	165.7931	0.3844566	5.422089
7038	-1565.789	-1731.557	165.7676	0.4099886	5.422089
7044	-1561.575	-1727.124	165.5495	0.5622215	5.458334
7050	-1560.496	-1726.521	166.0247	0.3374654	5.320313
7056	-1551.301	-1716.851	165.5504	0.3856477	5.554943
7062	-1562.311	-1727.709	165.3976	0.2733253	5.700464
7068	-1563.845	-1728.548	164.7038	0.4657942	5.974612
7074	-1552.138	-1717.936	165.7982	0.4058239	5.407521
7080	-1561.77	-1726.954	165.1836	0.668077	5.601294
7086	-1571.372	-1736.529	165.1574	0.6942754	5.601294
7092	-1572.818	-1738.129	165.3116	0.3735022	5.69269
7098	-1557.962	-1724.568	166.6065	0.3735022	4.978192
