Iteration	Posterior	Likelihood	Prior	acrv_sd	tree_length
0	-103.5672	-273.7161	170.1489	1.400246	2.309615
6	-109.8214	-279.9429	170.1215	1.400246	2.32709
12	-105.8618	-276.8164	170.9545	1.375279	1.792561
18	-111.6962	-282.516	170.8198	0.4253744	2.501526
24	-102.9541	-272.7924	169.8384	1.625201	2.364031
30	-111.7236	-279.616	167.8924	2.348363	3.113089
36	-111.8434	-279.9928	168.1494	2.091305	3.113089
42	-94.5766	-266.2738	171.6972	0.7614453	1.70231
48	-94.07046	-264.4855	170.4151	2.045607	1.700868
54	-97.34964	-268.016	170.6663	1.623313	1.820317
60	-103.1573	-273.7276	170.5702	1.76611	1.788026
66	-100.626	-272.5774	171.9513	0.3409602	1.818496
72	-96.05513	-267.1463	171.0912	0.9659241	1.978194
78	-110.3541	-280.8081	170.4541	1.137319	2.282615
84	-104.4199	-274.5158	170.0959	1.893028	2.023618
90	-90.32353	-262.0414	171.7179	0.8093007	1.653471
96	-100.9969	-270.401	169.4041	1.602258	2.649688
102	-87.27044	-257.7346	170.4642	1.019436	2.351336
108	-91.0164	-260.812	169.7956	0.8992992	2.840117
114	-96.45436	-268.3172	171.8629	0.5114673	1.761583
120	-110.4651	-281.6778	171.2127	0.8177793	1.995941
126	-108.3688	-279.6253	171.2565	0.3873747	2.248914
132	-106.4899	-278.0132	171.5233	0.3553804	2.096398
138	-103.6342	-273.7275	170.0932	1.086987	2.542012
144	-93.91313	-264.5897	170.6766	1.367919	1.986595
150	-99.81674	-271.2745	171.4578	0.2727606	2.193007
156	-92.31832	-263.0109	170.6926	0.822446	2.331324
162	-97.85729	-269.3687	171.5114	0.8196332	1.791701
168	-91.80464	-261.8045	169.9999	1.064735	2.613727
174	-102.1756	-272.7742	170.5985	2.039896	1.572882
180	-109.7766	-279.9284	170.1518	1.006586	2.55559
186	-107.7457	-278.1638	170.4181	0.7371952	2.557526
192	-109.2349	-278.7995	169.5646	2.133159	2.214189
198	-106.9988	-279.1586	172.1598	0.5881289	1.491565
204	-98.3759	-269.3613	170.9854	0.2492205	2.508108
210	-113.3254	-283.4403	170.115	0.1280166	3.111749
216	-110.6989	-282.1166	171.4177	0.08815769	2.337208
222	-112.0312	-280.8157	168.7846	1.651832	2.996106
228	-108.5789	-279.7511	171.1722	1.033701	1.87775
234	-104.2793	-275.2404	170.9611	0.2679158	2.511574
240	-101.011	-271.8291	170.818	0.6954846	2.332314
246	-114.5356	-284.2259	169.6904	1.351124	2.628017
252	-113.1974	-283.9206	170.7233	1.18773	2.075162
258	-111.6737	-280.0512	168.3775	2.410737	2.783367
264	-110.5117	-279.1471	168.6354	2.268117	2.712882
270	-114.4585	-280.7077	166.2492	2.422458	4.026228
276	-107.8775	-274.2585	166.381	2.422458	3.950859
282	-97.36886	-268.3371	170.9682	1.165641	1.926587
288	-103.2142	-274.3968	171.1826	1.110535	1.817893
294	-89.43975	-260.5734	171.1337	1.159501	1.817893
300	-93.1867	-264.4199	171.2332	0.928426	1.907792
306	-86.21633	-257.6236	171.4073	0.928426	1.788443
312	-94.37091	-265.682	171.3111	0.5051153	2.137317
318	-99.41545	-270.262	170.8466	0.9696073	2.137317
324	-94.79336	-265.8662	171.0728	1.393638	1.696763
330	-106.3624	-278.2109	171.8485	0.4009412	1.847964
336	-106.4385	-277.4273	170.9889	1.018142	2.011597
342	-101.9401	-271.451	169.5109	1.624883	2.569641
348	-96.19092	-267.4481	171.2572	0.8684631	1.932137
354	-91.24741	-262.778	171.5306	0.5950637	1.932137
360	-99.26687	-270.5211	171.2543	0.9252072	1.895707
366	-98.45149	-269.0993	170.6478	1.406285	1.980204
372	-100.3214	-270.3647	170.0433	1.267506	2.460416
378	-107.2743	-279.0088	171.7345	0.374903	1.943095
384	-119.8958	-291.3768	171.481	0.07143074	2.307493
390	-92.35947	-264.0177	171.6582	0.341405	2.016537
396	-100.189	-271.5543	171.3653	0.7072516	1.967842
402	-104.7463	-276.4416	171.6954	0.292829	2.024107
408	-101.0664	-272.9031	171.8367	1.175504	1.284875
414	-105.6569	-276.8626	171.2057	1.420097	1.582093
420	-105.9755	-276.269	170.2935	0.8360841	2.573503
426	-107.2156	-277.9577	170.7421	0.3874286	2.573503
432	-122.0073	-293.3837	171.3764	1.822155	1.125478
438	-107.8313	-278.208	170.3767	1.331808	2.207244
444	-98.5228	-270.2445	171.7217	0.09445124	2.137336
450	-109.2702	-279.4028	170.1326	1.804106	2.058182
456	-110.4809	-281.5126	171.0317	0.9556126	2.024684
462	-108.7257	-278.6496	169.9239	1.659463	2.287722
468	-99.96719	-271.5809	171.6137	0.7268049	1.785109
474	-104.7417	-275.3278	170.5861	1.352459	2.05698
480	-91.88124	-263.5232	171.642	0.4088019	1.982415
486	-94.00143	-265.7039	171.7025	0.1382177	2.121315
492	-87.34911	-258.4677	171.1186	0.3695005	2.348485
498	-90.08981	-261.1656	171.0758	0.6597457	2.189752
504	-98.18685	-268.9764	170.7896	0.9058447	2.215707
510	-95.81183	-266.6748	170.8629	0.8324963	2.215707
516	-95.61792	-265.9232	170.3053	0.8324963	2.568379
522	-101.3406	-273.808	172.4674	0.7138161	1.140972
528	-109.1131	-279.4198	170.3067	1.408399	2.203021
534	-102.6552	-271.3807	168.7255	2.099092	2.76117
540	-104.4941	-273.2511	168.757	2.4335	2.535599
546	-88.13032	-258.9591	170.8288	1.065438	2.086206
552	-92.7823	-264.5563	171.774	0.790545	1.626621
558	-96.46612	-267.2211	170.755	1.305979	1.975614
564	-106.7232	-275.7046	168.9813	1.773507	2.803685
570	-100.5244	-271.0226	170.4983	1.061264	2.302982
576	-93.68229	-265.3059	171.6236	0.5591256	1.893483
582	-87.8171	-259.8543	172.0372	0.6727158	1.520037
588	-90.72866	-260.3155	169.5868	1.616894	2.527378
594	-93.43738	-265.1457	171.7083	0.4394471	1.917217
600	-108.8223	-279.3031	170.4809	0.8903555	2.422398
606	-94.70117	-266.0887	171.3875	0.8650724	1.845812
612	-96.31493	-267.8023	171.4874	0.2716059	2.174569
618	-100.0054	-271.6358	171.6304	0.1230234	2.178187
624	-95.86831	-267.0773	171.209	0.5443851	2.178187
630	-93.86554	-264.916	171.0504	1.322671	1.762442
636	-92.45369	-263.4434	170.9897	0.9539458	2.053602
642	-96.00192	-268.1025	172.1006	0.1697946	1.833607
648	-98.30656	-269.2806	170.9741	1.297723	1.832627
654	-106.7649	-277.4426	170.6777	0.3967986	2.607614
660	-104.9775	-273.8643	168.8867	1.977334	2.737038
666	-94.84181	-265.3362	170.4943	0.3697411	2.737038
672	-90.657	-261.9945	171.3375	0.8418156	1.895826
678	-91.22876	-262.1633	170.9346	0.7493395	2.223153
684	-100.2072	-270.3579	170.1507	1.262532	2.395904
690	-89.02151	-259.6612	170.6397	1.157778	2.149502
696	-96.48007	-267.7577	171.2776	0.7639025	1.988607
702	-96.13313	-266.408	170.2749	0.6849236	2.678346
708	-98.99256	-269.8226	170.8301	1.359691	1.888717
714	-101.3503	-270.3971	169.0468	1.820635	2.735003
720	-91.39788	-263.0654	171.6675	0.8220654	1.680377
726	-92.1395	-263.479	171.3395	1.167744	1.667769
732	-101.4813	-272.9041	171.4228	0.9860678	1.73742
738	-102.5749	-274.8714	172.2965	0.2971033	1.60557
744	-98.20558	-268.9962	170.7906	1.091199	2.094385
750	-90.9953	-261.7253	170.73	0.6494184	2.417231
756	-103.001	-274.0898	171.0888	0.6534112	2.185474
762	-87.90673	-259.5928	171.6861	1.027701	1.517177
768	-99.17137	-271.0036	171.8322	0.4611047	1.817816
774	-99.91066	-270.9337	171.0231	1.225682	1.848445
780	-91.29856	-262.5618	171.2632	0.985504	1.848445
786	-94.86882	-265.8906	171.0218	1.226969	1.848445
792	-113.731	-284.4165	170.6855	1.346126	1.995205
798	-107.3556	-278.0509	170.6953	0.9532458	2.245933
804	-100.706	-272.3468	171.6408	1.323945	1.323389
810	-86.55385	-258.3786	171.8248	0.7053111	1.651426
816	-97.32657	-268.5806	171.254	0.8122415	1.972031
822	-106.7316	-275.6893	168.9577	1.832293	2.782309
828	-105.2568	-276.3856	171.1288	0.8780722	2.011676
834	-96.73528	-268.5491	171.8138	0.9854579	1.452737
840	-87.19224	-258.1425	170.9503	0.8645536	2.138213
846	-91.39912	-262.3301	170.931	0.8838331	2.138213
852	-105.6757	-276.2378	170.5621	0.8669127	2.38594
858	-106.0643	-274.9225	168.8583	1.80369	2.860074
864	-105.1676	-276.7419	171.5743	0.4811336	1.979262
870	-104.0294	-272.6039	168.5745	0.5843821	3.746645
876	-98.64867	-267.8537	169.205	1.849267	2.620098
882	-95.35914	-264.539	169.1799	1.547551	2.820373
888	-83.53987	-255.2664	171.7265	0.6750928	1.742493
894	-91.66859	-263.1056	171.437	0.9646545	1.742493
900	-92.10856	-263.7148	171.6062	1.342239	1.336382
906	-102.3014	-271.1619	168.8604	1.910682	2.793772
912	-128.2782	-298.6256	170.3474	0.6255157	2.670275
918	-120.3763	-289.9592	169.5829	1.792054	2.420076
924	-115.1093	-286.8324	171.7231	0.7668287	1.680131
930	-102.8258	-274.2714	171.4456	1.249348	1.53121
936	-97.26999	-268.3993	171.1293	0.1736864	2.465313
942	-91.2027	-262.7185	171.5158	0.4638793	2.029754
948	-88.50533	-259.3656	170.8603	1.11939	2.029754
954	-104.4936	-274.897	170.4034	0.6561687	2.616817
960	-92.22103	-263.8214	171.6004	0.6380044	1.855511
966	-89.53986	-261.3872	171.8474	0.3910674	1.855511
972	-98.99482	-269.172	170.1772	0.2776798	2.985028
978	-102.2589	-274.4678	172.2089	0.2272359	1.718197
984	-96.20681	-268.2119	172.0051	0.4495769	1.705141
990	-104.5963	-276.0272	171.4309	0.5810831	2.008311
996	-116.5987	-287.7523	171.1536	0.8583691	2.008311
1002	-96.71959	-268.7021	171.9825	0.5965207	1.616125
1008	-101.1519	-273.6674	172.5155	0.464936	1.310731
1014	-94.64543	-266.1054	171.4599	1.206671	1.552154
1020	-102.7003	-274.0146	171.3143	1.221766	1.647156
1026	-110.6131	-282.8894	172.2764	0.6703516	1.337771
1032	-113.5649	-282.7206	169.1558	1.811879	2.673504
1038	-100.9653	-272.9598	171.9945	1.074345	1.237962
1044	-101.2935	-271.2075	169.914	1.005455	2.703115
1050	-111.199	-280.7876	169.5886	2.060468	2.245595
1056	-109.1791	-280.7956	171.6165	0.8711537	1.68174
1062	-101.9086	-271.7136	169.8049	1.300752	2.588298
1068	-113.2249	-283.1912	169.9663	1.107566	2.608016
1074	-108.0798	-279.3776	171.2978	0.7666358	1.973285
1080	-111.4543	-282.6041	171.1499	0.5779505	2.194777
1086	-109.83	-281.4391	171.609	0.4473443	1.978672
1092	-86.86154	-258.3283	171.4668	0.3675778	2.125469
1098	-89.51197	-261.0363	171.5244	0.6010673	1.932282
1104	-89.57102	-259.8049	170.2339	1.691235	2.065845
1110	-102.1712	-273.6825	171.5113	0.4138553	2.065845
1116	-104.0887	-275.3806	171.2919	0.6332043	2.065845
1122	-97.84879	-269.2764	171.4276	0.6393647	1.971571
1128	-97.0937	-268.1165	171.0228	1.336203	1.772303
1134	-93.50221	-263.706	170.2038	1.888063	1.954857
1140	-87.33197	-259.0343	171.7023	1.05188	1.486892
1146	-93.56251	-264.6461	171.0835	1.11114	1.885357
1152	-99.55203	-270.1224	170.5703	1.683059	1.845246
1158	-93.3257	-264.2176	170.8919	1.540962	1.720502
1164	-100.4955	-272.5783	172.0828	0.232081	1.80287
1170	-101.3575	-272.9223	171.5648	0.5097959	1.96649
1176	-102.6802	-273.5581	170.8779	0.05831142	2.692857
1182	-94.26913	-266.4989	172.2298	0.3533327	1.613178
1188	-93.41769	-265.154	171.7363	0.1168658	2.11312
1194	-92.70439	-264.1435	171.4391	0.6098902	1.983575
1200	-85.12097	-256.2084	171.0875	1.10919	1.884022
1206	-81.24753	-253.0617	171.8141	1.10919	1.356402
1212	-87.37657	-258.8967	171.5202	0.8006488	1.798784
1218	-88.84307	-259.7307	170.8876	1.804222	1.533481
1224	-92.08808	-262.335	170.2469	1.751071	2.017631
1230	-93.60684	-264.0657	170.4589	1.65852	1.937687
1236	-92.43848	-263.3365	170.898	1.240425	1.923498
1242	-86.34864	-256.2979	169.9493	2.189137	1.923498
1248	-90.80893	-261.2417	170.4327	1.705706	1.923498
1254	-98.7257	-269.5931	170.8674	1.175518	1.987651
1260	-94.31373	-264.3231	170.0093	1.632949	2.249946
1266	-87.89049	-259.1973	171.3068	1.269927	1.617813
1272	-103.3749	-272.5333	169.1583	1.495824	2.864824
1278	-95.58046	-265.4907	169.9102	1.905439	2.137666
1284	-92.15251	-263.8718	171.7193	0.1030989	2.133287
1290	-99.82513	-272.0477	172.2226	0.5822618	1.448453
1296	-98.33241	-268.4157	170.0832	1.561556	2.248335
1302	-89.55996	-260.396	170.836	1.102422	2.05707
1308	-94.83416	-266.2447	171.4105	0.511463	2.067926
1314	-103.9534	-275.5641	171.6107	0.5969131	1.87652
1320	-90.03428	-261.15	171.1158	1.134882	1.847133
1326	-91.42054	-263.3045	171.884	1.153061	1.264429
1332	-98.20698	-269.845	171.638	0.2425481	2.09518
1338	-97.44618	-268.9583	171.5121	0.1725755	2.222639
1344	-95.79416	-265.7606	169.9664	1.404357	2.422708
1350	-84.56767	-256.4107	171.843	0.6267696	1.694424
1356	-95.80042	-267.8266	172.0261	0.5736038	1.601127
1362	-93.96104	-265.1084	171.1473	0.3704942	2.329565
1368	-104.9556	-276.1498	171.1942	0.3236053	2.329565
1374	-105.2062	-275.7544	170.5483	0.1438853	2.841774
1380	-101.5729	-271.9675	170.3945	0.8697594	2.489538
1386	-101.4459	-272.4977	171.0518	1.225049	1.829144
1392	-106.7778	-277.3777	170.5999	1.637667	1.856112
1398	-106.4263	-278.4247	171.9984	0.5233389	1.657375
1404	-95.46442	-266.5457	171.0813	1.112108	1.886205
1410	-99.12382	-269.968	170.8441	0.9705665	2.13829
1416	-90.81055	-261.9019	171.0914	0.7233373	2.13829
1422	-93.41601	-264.9558	171.5398	1.324917	1.402355
1428	-103.6284	-274.5225	170.8941	0.1334115	2.63665
1434	-119.7761	-290.3583	170.5821	0.4453438	2.63665
1440	-118.997	-289.6403	170.6433	0.3842203	2.63665
1446	-112.6766	-283.9688	171.2922	0.3370477	2.258302
1452	-119.7614	-289.4847	169.7233	1.4236	2.562731
1458	-107.1463	-278.225	171.0787	1.242865	1.798244
1464	-101.5648	-273.0244	171.4596	0.5390509	2.017155
1470	-118.8426	-289.2607	170.4181	1.270188	2.220347
1476	-104.2698	-274.6817	170.4119	1.286518	2.213784
1482	-100.9683	-271.8501	170.8819	0.5364029	2.392721
1488	-103.8418	-274.417	170.5753	0.6652822	2.504372
1494	-105.5266	-277.606	172.0793	0.3522706	1.721402
1500	-96.70809	-268.0628	171.3547	0.1418796	2.343056
1506	-87.55817	-259.1346	171.5765	0.6975653	1.831074
1512	-104.0747	-275.9693	171.8946	0.6585187	1.634887
1518	-99.94159	-268.6903	168.7487	1.358138	3.19266
1524	-97.44864	-266.8514	169.4028	1.358138	2.799999
1530	-95.86486	-266.3174	170.4525	1.358138	2.140914
1536	-101.7231	-272.8023	171.0792	1.358138	1.717347
1542	-111.5381	-282.5866	171.0485	1.685625	1.50197
1548	-104.9182	-276.6926	171.7744	0.939047	1.517409
1554	-117.0518	-287.5591	170.5073	0.8439106	2.435012
1560	-100.6483	-272.7999	172.1517	0.29441	1.711205
1566	-89.25594	-261.4474	172.1915	0.2289063	1.729322
1572	-90.86601	-262.0936	171.2276	1.081007	1.807236
1578	-91.93806	-263.4516	171.5135	1.430216	1.340164
1584	-99.86703	-270.7337	170.8667	0.8192107	2.221862
1590	-91.93724	-262.0265	170.0893	1.600563	2.219315
1596	-104.9507	-274.4902	169.5395	1.224451	2.798174
1602	-106.5253	-277.1732	170.648	1.311563	2.043121
1608	-98.98857	-270.3121	171.3235	0.9073755	1.860682
1614	-110.8976	-282.0962	171.1985	1.333472	1.65003
1620	-101.9465	-272.3808	170.4343	1.164859	2.277626
1626	-101.8459	-273.1011	171.2552	0.3152818	2.295985
1632	-113.267	-282.8574	169.5905	1.563595	2.558279
1638	-98.13276	-269.5933	171.4606	0.5707093	1.995422
1644	-95.61651	-266.6916	171.0751	0.9952617	1.96931
1650	-87.54012	-258.884	171.3439	1.535302	1.391075
1656	-89.64316	-260.3765	170.7334	1.535882	1.834375
1662	-92.46912	-264.5737	172.1046	0.7250422	1.429497
1668	-95.55821	-267.167	171.6088	0.7918977	1.743156
1674	-92.3317	-263.9405	171.6088	0.7918977	1.743156
1680	-92.64827	-264.217	171.5687	1.298085	1.400771
1686	-96.22142	-267.8306	171.6091	1.116657	1.508198
1692	-102.4872	-273.9064	171.4191	0.2685018	2.220737
1698	-99.54739	-270.8031	171.2557	0.4319147	2.220737
1704	-105.2686	-275.5042	170.2356	1.977997	1.872483
1710	-94.49001	-265.3142	170.8242	0.891709	2.202479
1716	-93.8771	-265.9309	172.0538	0.7038698	1.484275
1722	-96.61852	-267.4412	170.8227	0.303714	2.57545
1728	-91.19412	-263.1769	171.9827	0.1585026	1.921598
1734	-97.707	-268.7417	171.0347	0.08083881	2.582178
1740	-92.39695	-264.5538	172.1568	0.07505795	1.859997
1746	-99.01438	-270.2351	171.2207	0.06179178	2.478161
1752	-94.08567	-265.255	171.1694	0.1728512	2.440665
1758	-95.11851	-266.1577	171.0392	1.512533	1.635847
1764	-87.65669	-259.4182	171.7615	0.3898341	1.914781
1770	-87.82603	-259.1876	171.3616	0.6093877	2.035553
1776	-83.25392	-255.0568	171.8029	0.2678711	1.969038
1782	-86.25243	-257.347	171.0945	0.9709697	1.972555
1788	-89.67192	-260.9921	171.3201	1.234301	1.633914
1794	-88.32755	-257.5512	169.2237	2.218589	2.377541
1800	-90.64928	-262.3467	171.6974	0.9165605	1.590781
1806	-102.4799	-274.1412	171.6613	0.9165605	1.61698
1812	-89.73284	-260.6578	170.925	1.139792	1.973052
1818	-97.25534	-268.9724	171.717	0.4781581	1.885026
1824	-97.96515	-268.6161	170.6509	0.2092136	2.739446
1830	-103.1991	-273.3045	170.1054	0.760082	2.736169
1836	-100.0465	-268.993	168.9465	1.480739	3.001581
1842	-105.164	-274.8093	169.6453	1.140953	2.784537
1848	-109.7191	-280.8288	171.1097	1.594052	1.524623
1854	-116.8535	-288.6778	171.8243	0.9639378	1.461091
1860	-109.1224	-278.378	169.2556	1.758248	2.64508
1866	-98.75719	-269.6731	170.9159	1.528976	1.712073
1872	-93.21709	-265.4077	172.1907	0.5449581	1.500852
1878	-100.4552	-270.8861	170.4309	0.07294787	2.955587
1884	-93.33488	-264.9238	171.5889	0.8767438	1.69734
1890	-87.71201	-259.062	171.35	1.11571	1.69734
1896	-95.40181	-265.1671	169.7652	1.613806	2.417478
1902	-109.9082	-281.2713	171.3631	0.04583225	2.398614
1908	-98.7609	-270.2591	171.4982	0.1052772	2.274859
1914	-101.465	-272.4875	171.0225	0.5152638	2.316876
1920	-99.77622	-269.4377	169.6615	1.77897	2.378698
1926	-98.98915	-270.8747	171.8855	0.3986713	1.824072
1932	-89.32344	-261.2084	171.885	0.2506515	1.925399
1938	-90.7891	-261.0915	170.3024	1.612188	2.072813
1944	-83.632	-255.0042	171.3722	1.497831	1.398256
1950	-87.85304	-259.3577	171.5047	0.8135916	1.800548
1956	-91.00479	-262.5508	171.546	0.4168969	2.040867
1962	-94.58105	-266.4792	171.8982	0.7598556	1.558475
1968	-100.9561	-271.7266	170.7705	0.6118342	2.4154
1974	-105.5266	-275.0304	169.5038	2.08064	2.287076
1980	-102.6536	-273.6071	170.9536	1.367186	1.798835
1986	-105.4714	-276.7613	171.2898	1.030916	1.798835
1992	-88.69787	-258.7781	170.0802	1.640676	2.199268
1998	-85.52009	-257.0487	171.5286	0.2142438	2.185059
2004	-92.10883	-263.3629	171.2541	1.037094	1.81925
2010	-103.0076	-273.7497	170.7421	1.282481	1.999901
2016	-109.5279	-280.9202	171.3923	1.266473	1.557936
2022	-99.0347	-269.996	170.9613	0.6918336	2.242983
2028	-108.4572	-280.1366	171.6793	0.4624415	1.92125
2034	-94.6693	-266.4602	171.7909	0.3508322	1.92125
2040	-101.9593	-272.2804	170.3211	0.6781907	2.654042
2046	-102.2165	-272.1782	169.9618	1.130734	2.596477
2052	-95.84368	-267.47	171.6263	1.055655	1.540794
2058	-84.28728	-255.4835	171.1962	1.513025	1.520564
2064	-88.61423	-260.0787	171.4645	1.653364	1.196365
2070	-97.79095	-267.8499	170.059	1.320868	2.416975
2076	-98.53937	-268.0319	169.4925	0.6778527	3.154943
2082	-98.47602	-268.5893	170.1133	2.019793	1.927084
2088	-108.8779	-277.3428	168.4649	0.5114269	3.851743
2094	-86.41656	-256.585	170.1684	1.574024	2.185305
2100	-90.3918	-261.406	171.0142	1.949482	1.32422
2106	-95.35795	-266.2773	170.9194	1.191022	1.942407
2112	-101.2535	-271.307	170.0536	1.127349	2.541582
2118	-95.57319	-266.2804	170.7072	1.127349	2.125343
2124	-94.77019	-266.8963	172.1262	1.174128	1.030543
2130	-90.65122	-262.7302	172.079	0.6029981	1.540803
2136	-91.13536	-263.1338	171.9984	0.4719694	1.694011
2142	-99.05087	-270.1643	171.1135	0.3932824	2.336623
2148	-107.5884	-277.5289	169.9406	1.566188	2.336623
2154	-114.883	-281.7735	166.8905	2.168986	3.803911
2160	-106.9618	-277.0252	170.0635	2.168986	1.859599
2166	-101.8959	-273.1286	171.2327	1.419397	1.562861
2172	-112.5508	-283.1752	170.6244	1.548178	1.900397
2178	-109.8322	-281.2125	171.3803	0.499095	2.095977
2184	-107.1235	-278.9737	171.8502	0.6985161	1.63801
2190	-94.91599	-265.9451	171.0291	1.529044	1.63121
2196	-104.691	-275.7885	171.0975	0.8309263	2.063668
2202	-101.7076	-270.3498	168.6422	1.682343	3.063055
2208	-96.09067	-268.1106	172.0199	0.8568181	1.392983
2214	-94.67222	-266.0526	171.3803	1.180404	1.629373
2220	-96.48447	-268.0673	171.5829	0.4120609	2.019646
2226	-99.34405	-269.4689	170.1249	0.9892592	2.583076
2232	-99.54137	-270.2344	170.693	0.3588509	2.621581
2238	-96.22747	-267.6358	171.4084	1.576278	1.30731
2244	-97.48456	-269.1259	171.6414	1.343255	1.30731
2250	-102.4446	-272.5714	170.1268	1.107342	2.508386
2256	-89.77195	-260.4757	170.7037	1.107342	2.14067
2262	-90.19055	-261.7592	171.5686	0.6397475	1.876041
2268	-90.15572	-261.1349	170.9792	0.9923609	2.035153
2274	-93.19275	-264.2056	171.0129	0.829279	2.120353
2280	-92.45875	-263.3982	170.9394	0.902749	2.120353
2286	-104.4993	-274.5003	170.001	1.069804	2.609868
2292	-108.9451	-279.4478	170.5026	1.101625	2.274372
2298	-104.8196	-275.6409	170.8212	0.7375855	2.303436
2304	-96.89901	-267.7202	170.8212	0.7375855	2.303436
2310	-107.8225	-278.5349	170.7124	0.8464359	2.303436
2316	-105.0629	-276.1215	171.0586	1.479985	1.645312
2322	-103.8079	-273.6898	169.8819	0.6879234	2.915812
2328	-105.2047	-275.4064	170.2017	1.708414	2.075744
2334	-102.4327	-273.3335	170.9008	1.195003	1.952222
2340	-107.5247	-279.1352	171.6105	0.7839426	1.747547
2346	-99.98309	-270.4952	170.5121	1.339031	2.114504
2352	-104.8498	-275.2633	170.4135	1.237551	2.244325
2358	-110.0213	-280.6976	170.6762	0.6404585	2.456707
2364	-105.9284	-276.918	170.9896	0.9638115	2.047162
2370	-113.8899	-285.8707	171.9808	0.9041829	1.386582
2376	-100.1944	-270.3243	170.1298	1.246325	2.419308
2382	-119.4837	-287.5497	168.066	0.7959546	3.917352
2388	-116.293	-287.7794	171.4865	0.3116503	2.149094
2394	-99.82162	-270.8066	170.985	0.4408816	2.387891
2400	-88.09921	-260.3661	172.2668	0.1610375	1.72403
2406	-95.52021	-267.5447	172.0245	0.1148362	1.922882
2412	-96.48546	-267.6095	171.1241	1.177078	1.812382
2418	-91.0663	-262.1604	171.0941	0.830283	2.066308
2424	-94.68015	-266.6055	171.9254	0.5782347	1.670363
2430	-91.39936	-262.5871	171.1878	1.235291	1.727425
2436	-92.97208	-264.0236	171.0515	0.8590678	2.075414
2442	-91.41839	-262.9898	171.5714	0.3392354	2.075414
2448	-94.54191	-265.04	170.4981	0.6503745	2.561732
2454	-95.75306	-267.3329	171.5798	0.1368322	2.201996
2460	-96.32907	-267.9432	171.6141	0.5809931	1.885058
2466	-102.6735	-272.4448	169.7713	1.551458	2.452894
2472	-106.8542	-277.7149	170.8606	1.422995	1.824463
2478	-103.0916	-272.6493	169.5577	0.4625755	3.243898
2484	-106.3324	-277.2962	170.9638	0.9379629	2.081244
2490	-106.9291	-278.4106	171.4815	0.8621486	1.78294
2496	-109.6769	-281.0554	171.3785	0.8220149	1.88138
2502	-113.1887	-285.1371	171.9483	0.7093079	1.558759
2508	-111.6294	-282.9934	171.364	1.278752	1.569732
2514	-105.1537	-277.3385	172.1847	0.4579875	1.569732
2520	-107.0635	-277.6275	170.564	1.213079	2.16279
2526	-103.8119	-274.3376	170.5257	1.251444	2.16279
2532	-92.79404	-263.8012	171.0072	0.7618333	2.168039
2538	-95.86955	-267.7035	171.8339	0.4041349	1.855743
2544	-90.09573	-261.0937	170.998	0.8770208	2.098817
2550	-105.685	-276.9131	171.228	0.8770208	1.946005
2556	-110.3243	-280.482	170.1577	0.8770208	2.632205
2562	-102.8296	-274.7266	171.897	0.4946075	1.749483
2568	-103.5062	-275.2357	171.7295	0.933489	1.554833
2574	-109.3526	-279.2329	169.8803	1.065229	2.687102
2580	-121.8927	-293.191	171.2983	1.15398	1.706846
2586	-111.6444	-281.3281	169.6837	0.5009761	3.146445
2592	-107.3046	-278.7143	171.4097	0.7610495	1.901653
2598	-110.4214	-281.9541	171.5327	0.5190982	1.981712
2604	-117.2569	-287.9411	170.6842	1.351764	1.992279
2610	-119.4223	-288.9106	169.4882	0.8036282	3.082589
2616	-109.4684	-280.0079	170.5396	0.9082654	2.374017
2622	-106.2844	-276.1073	169.8229	1.211123	2.632633
2628	-93.84777	-263.9732	170.1254	0.9085557	2.632633
2634	-93.50397	-263.5504	170.0464	1.292628	2.442644
2640	-97.54629	-268.817	171.2707	1.05394	1.79611
2646	-95.1927	-266.4727	171.28	1.04465	1.79611
2652	-99.09669	-270.1817	171.085	0.5385811	2.261978
2658	-93.93878	-265.0281	171.0893	1.09069	1.895357
2664	-90.63924	-261.2252	170.5859	0.8863135	2.358547
2670	-100.321	-272.2365	171.9155	0.5636474	1.687779
2676	-86.35502	-256.8836	170.5286	1.191265	2.199927
2682	-84.15138	-255.5132	171.3618	1.087148	1.709191
2688	-91.48066	-261.7429	170.2622	1.366913	2.258387
2694	-95.6652	-267.2648	171.5996	0.08802868	2.220727
2700	-97.79066	-270.1655	172.3749	0.7276279	1.209493
2706	-90.51872	-261.399	170.8803	0.4395867	2.454731
2712	-97.73202	-268.846	171.114	0.2544275	2.424168
2718	-95.47718	-266.8368	171.3597	1.335119	1.531317
2724	-96.90558	-268.0075	171.1019	1.489434	1.607249
2730	-105.7779	-276.9503	171.1724	1.386823	1.630472
2736	-98.0596	-269.6419	171.5823	0.9794112	1.62869
2742	-99.33716	-270.9408	171.6037	1.391023	1.299156
2748	-96.21649	-267.125	170.9085	1.582838	1.67908
2754	-100.8945	-270.9484	170.054	0.9007086	2.681483
2760	-100.7929	-271.8724	171.0795	0.6028141	2.224148
2766	-98.79825	-270.8695	172.0713	0.85128	1.356996
2772	-98.76675	-269.4057	170.639	1.250984	2.089005
2778	-102.9425	-272.6489	169.7064	1.855264	2.301611
2784	-104.4819	-275.8941	171.4123	0.1494107	2.301611
2790	-108.1912	-278.9836	170.7925	0.5178488	2.460704
2796	-111.3553	-283.6897	172.3344	0.2794849	1.590861
2802	-111.394	-281.8907	170.4967	1.470432	2.038097
2808	-121.954	-291.7881	169.8341	0.7014836	2.936435
2814	-104.5479	-275.582	171.0341	0.7993421	2.126056
2820	-99.12801	-270.417	171.289	0.3661195	2.241729
2826	-102.7224	-273.7752	171.0528	0.6627784	2.202721
2832	-105.5062	-276.6589	171.1527	0.7750398	2.064136
2838	-85.7143	-256.8223	171.108	1.161696	1.834092
2844	-92.96761	-263.7947	170.8271	1.360273	1.890334
2850	-108.4164	-280.6225	172.2061	0.590287	1.45492
2856	-104.757	-277.2427	172.4857	0.4849204	1.318607
2862	-106.1368	-277.498	171.3612	1.238364	1.601258
2868	-97.95032	-269.3588	171.4085	1.11157	1.65859
2874	-109.3303	-280.4538	171.1236	1.162889	1.822511
2880	-105.2835	-276.1974	170.9139	1.137403	1.982044
2886	-91.63119	-263.0588	171.4276	1.399985	1.43107
2892	-85.47126	-257.6336	172.1624	0.8913531	1.250595
2898	-96.87669	-266.7165	169.8398	2.039737	2.095856
2904	-115.859	-285.8697	170.0107	0.822254	2.756053
2910	-106.4458	-277.6176	171.1719	1.138723	1.805855
2916	-98.91473	-270.8937	171.9789	0.5975866	1.61796
2922	-110.9249	-281.5132	170.5882	0.4942253	2.602674
2928	-99.50498	-268.6601	169.1551	1.937085	2.59666
2934	-107.8972	-277.0673	169.1701	1.735803	2.711448
2940	-111.9845	-282.9266	170.9421	0.9339133	2.098159
2946	-106.4627	-278.1639	171.7011	1.381886	1.226023
2952	-107.1234	-277.6806	170.5572	0.8974726	2.369672
2958	-105.9582	-277.3702	171.4121	0.07594665	2.348529
2964	-98.34848	-269.8232	171.4747	0.01328252	2.348529
2970	-105.6534	-276.4825	170.8292	0.07734233	2.711057
2976	-108.9652	-280.9337	171.9684	0.05047283	2.003683
2982	-113.9506	-284.0549	170.1043	0.534454	2.874162
2988	-120.6119	-290.8099	170.198	1.066907	2.489173
2994	-113.9248	-285.3535	171.4287	1.066907	1.676051
3000	-106.0538	-277.7828	171.7289	0.5223214	1.846737
3006	-89.52799	-261.8728	172.3448	0.6836013	1.271591
3012	-91.61435	-262.8598	171.2455	0.5847742	2.128135
3018	-91.58572	-261.9267	170.341	1.824807	1.904987
3024	-94.51434	-264.6418	170.1274	1.978756	1.945247
3030	-94.26643	-265.7329	171.4664	0.9698997	1.718085
3036	-116.1754	-286.3038	170.1284	1.595498	2.197335
3042	-107.3116	-278.0439	170.7323	0.947257	2.225959
3048	-121.7626	-289.8926	168.13	2.308711	2.99473
3054	-105.3325	-274.9655	169.633	1.726738	2.42965
3060	-106.6409	-277.3947	170.7538	1.386821	1.921987
3066	-121.9686	-293.0037	171.0352	1.386821	1.728183
3072	-116.8144	-287.3775	170.5631	0.7848921	2.437044
3078	-117.7171	-288.268	170.5509	1.111056	2.237283
3084	-126.9605	-297.6131	170.6527	1.588732	1.853474
3090	-108.1774	-278.8646	170.6872	0.7003241	2.412144
3096	-101.6864	-273.7197	172.0333	0.7694435	1.450093
3102	-106.228	-277.2975	171.0696	0.4643127	2.319348
3108	-102.9641	-273.9523	170.9882	0.1323737	2.579062
3114	-107.2888	-278.6863	171.3975	1.531716	1.351716
3120	-102.527	-272.6991	170.1721	1.449641	2.263167
3126	-99.76725	-270.9198	171.1525	1.00799	1.908571
3132	-99.44253	-269.4695	170.0269	1.346751	2.420862
3138	-92.03571	-263.5048	171.4691	0.7902496	1.841157
3144	-92.31153	-264.4097	172.0981	0.1612202	1.841157
3150	-90.3943	-262.3158	171.9215	0.3378949	1.841157
3156	-82.45512	-254.7465	172.2914	0.5027013	1.456661
3162	-90.75695	-260.3369	169.5799	0.8140683	3.021515
3168	-95.25896	-266.3825	171.1236	0.8140683	2.057599
3174	-102.0785	-271.1504	169.0719	2.013019	2.601182
3180	-89.86814	-260.5069	170.6387	1.491287	1.92918
3186	-86.0092	-256.0334	170.0242	1.844269	2.103111
3192	-102.1096	-273.2081	171.0985	1.446363	1.640819
3198	-106.5591	-277.4835	170.9245	1.240139	1.905778
3204	-104.0744	-275.5136	171.4392	0.5387729	2.030867
3210	-97.03348	-267.8462	170.8127	1.444113	1.842921
3216	-101.9285	-272.4207	170.4922	1.764547	1.842921
3222	-99.48625	-271.5252	172.0389	0.9695589	1.287917
3228	-95.2095	-265.9445	170.735	0.7122918	2.374378
3234	-100.2906	-270.1657	169.8751	1.671817	2.311054
3240	-101.6516	-272.5943	170.9428	1.232439	1.89858
3246	-96.26057	-267.3168	171.0562	1.118995	1.89858
3252	-89.98176	-260.8739	170.8921	1.11936	2.008625
3258	-96.96577	-267.3569	170.3911	1.620335	2.008625
3264	-108.2798	-278.9994	170.7197	1.291791	2.008625
3270	-112.1387	-282.8871	170.7484	0.8688408	2.266057
3276	-107.4438	-278.0485	170.6047	0.2515381	2.741832
3282	-100.0053	-269.6171	169.6118	1.22164	2.755748
3288	-109.7585	-280.634	170.8755	1.382756	1.84194
3294	-97.68565	-269.0191	171.3335	0.5647005	2.083615
3300	-100.9976	-272.6808	171.6832	0.6214578	1.809991
3306	-89.6023	-261.7994	172.1971	0.2188941	1.732363
3312	-92.30268	-263.7261	171.4234	0.6197391	1.987506
3318	-91.35749	-262.7675	171.41	0.6582231	1.970745
3324	-100.1732	-271.1968	171.0237	0.587245	2.270092
3330	-89.27481	-260.2936	171.0188	0.6580407	2.227726
3336	-90.35052	-261.406	171.0555	0.6580407	2.204022
3342	-101.7893	-272.5121	170.7228	0.990678	2.204022
3348	-121.2267	-292.766	171.5393	0.8981425	1.717275
3354	-112.1394	-280.6797	168.5403	2.29973	2.751738
3360	-118.4109	-288.5106	170.0997	1.060488	2.554455
3366	-103.3903	-272.9647	169.5745	1.39685	2.671251
3372	-107.8712	-280.1083	172.2371	0.1495427	1.752985
3378	-112.2129	-282.1111	169.8982	1.410343	2.461821
3384	-101.3479	-271.9678	170.6198	1.736467	1.774152
3390	-103.0947	-274.0885	170.9939	0.729861	2.197425
3396	-99.31366	-270.7134	171.3997	0.6097196	2.009992
3402	-103.6226	-274.1068	170.4842	1.119164	2.27492
3408	-113.4601	-282.2778	168.8178	1.82063	2.874366
3414	-96.67637	-268.7185	172.0422	0.9726368	1.282725
3420	-97.20476	-267.75	170.5452	0.3825406	2.698007
3426	-103.821	-273.3745	169.5535	2.106931	2.238308
3432	-105.3492	-275.8795	170.5303	1.665333	1.884706
3438	-84.55925	-255.1724	170.6132	1.582477	1.884706
3444	-90.33231	-261.4912	171.1589	0.9636514	1.934227
3450	-88.70212	-259.6343	170.9322	1.190309	1.934227
3456	-97.82149	-269.2689	171.4474	0.681686	1.929833
3462	-92.47956	-263.3463	170.8668	1.262281	1.929833
3468	-92.94811	-263.7765	170.8284	0.4580098	2.475677
3474	-89.06709	-259.3591	170.292	1.838013	1.929206
3480	-93.26831	-263.7609	170.4926	2.011338	1.670113
3486	-94.08377	-265.6055	171.5218	0.2894966	2.140542
3492	-94.14926	-266.76	172.6107	0.300868	1.365662
3498	-94.57564	-266.1638	171.5881	0.9842778	1.620943
3504	-97.63939	-268.8028	171.1634	1.32274	1.682813
3510	-91.33801	-262.5134	171.1754	0.3530498	2.322806
3516	-86.92521	-258.4746	171.5494	0.4164278	2.03894
3522	-95.63477	-267.6945	172.0598	0.7430139	1.450047
3528	-96.7082	-268.2977	171.5895	1.085303	1.546094
3534	-99.00026	-269.4073	170.4071	1.085303	2.345759
3540	-103.8965	-275.4763	171.5799	1.556369	1.180478
3546	-107.2946	-278.6349	171.3403	0.9735851	1.803592
3552	-102.0426	-272.5302	170.4875	1.044548	2.320493
3558	-109.2057	-280.2592	171.0535	0.8812973	2.059436
3564	-108.0094	-278.2284	170.2189	0.5928122	2.769018
3570	-102.7494	-274.1122	171.3627	1.002805	1.76771
3576	-101.0129	-272.8688	171.8559	0.3657587	1.866964
3582	-108.8829	-280.2998	171.4169	0.1247294	2.314393
3588	-104.3225	-275.4201	171.0977	1.286173	1.754924
3594	-103.2386	-272.9943	169.7557	1.841418	2.278946
3600	-105.9336	-276.768	170.8344	1.499457	1.789763
3606	-94.09819	-265.6397	171.5415	0.9209175	1.699649
3612	-96.36931	-268.043	171.6737	0.220765	2.086049
3618	-97.13338	-267.5776	170.4442	0.3936352	2.753066
3624	-99.73714	-270.0923	170.3552	0.4826882	2.753066
3630	-96.31471	-267.6377	171.323	0.6965341	2.003264
3636	-85.15021	-255.5903	170.4401	1.053943	2.344722
3642	-91.12532	-262.0422	170.9169	1.181687	1.950386
3648	-88.30702	-259.4071	171.1001	1.011003	1.941949
3654	-103.3377	-275.2576	171.9199	0.5673639	1.682
3660	-92.11965	-263.5774	171.4577	1.029562	1.682
3666	-89.22903	-258.9594	169.7303	2.102143	2.12668
3672	-94.11304	-264.994	170.881	0.9881508	2.102703
3678	-100.4	-272.0304	171.6304	0.54364	1.899368
3684	-101.0476	-272.6217	171.5741	0.599947	1.899368
3690	-100.6893	-271.5518	170.8626	0.599947	2.364717
3696	-85.9546	-256.9856	171.031	0.566843	2.27848
3702	-84.82565	-255.8698	171.0441	0.8446884	2.089749
3708	-95.52129	-265.9816	170.4604	1.521066	2.0286
3714	-99.53329	-270.6566	171.1233	0.9342394	1.977869
3720	-112.4183	-284.8672	172.4489	0.08397248	1.649389
3726	-98.57432	-268.7598	170.1855	1.217376	2.402437
3732	-110.2894	-281.2671	170.9776	0.554691	2.32033
3738	-107.9054	-278.4305	170.5251	0.9073954	2.383728
3744	-93.52395	-265.1124	171.5885	0.8380996	1.724949
3750	-92.46989	-263.7209	171.251	1.110305	1.770656
3756	-91.39474	-261.3449	169.9502	2.036352	2.025194
3762	-90.84794	-261.2147	170.3668	1.619803	2.025194
3768	-89.50896	-260.9048	171.3958	0.5907497	2.025194
3774	-98.05817	-269.332	171.2739	1.553804	1.430982
3780	-90.4919	-261.5288	171.0369	1.232357	1.834373
3786	-90.94139	-262.2544	171.3131	0.956188	1.834373
3792	-93.92897	-264.4343	170.5053	1.563739	1.970167
3798	-89.06773	-261.2632	172.1954	0.6782681	1.395373
3804	-95.49876	-266.3384	170.8396	1.640482	1.687101
3810	-100.4633	-272.2878	171.8245	0.664945	1.680432
3816	-96.47754	-267.968	171.4904	0.6750966	1.905149
3822	-92.71593	-265.2855	172.5695	0.1656904	1.501141
3828	-97.64996	-269.465	171.8151	0.6457495	1.700764
3834	-105.8816	-277.8609	171.9793	0.4832993	1.699528
3840	-102.5622	-272.1853	169.6231	2.117751	2.186318
3846	-98.82157	-266.9887	168.1671	2.117751	3.086762
3852	-118.2273	-284.1839	165.9566	2.366199	4.224696
3858	-108.431	-278.5458	170.1148	0.4240968	2.93446
3864	-108.5978	-280.2909	171.6931	1.08554	1.468388
3870	-102.1559	-271.0603	168.9044	1.863314	2.795855
3876	-101.2362	-272.0879	170.8517	0.9389412	2.153967
3882	-121.3409	-291.0581	169.7172	1.163709	2.726723
3888	-121.1214	-290.6919	169.5706	0.6906901	3.100847
3894	-108.4995	-279.2483	170.7487	0.3409212	2.598224
3900	-95.47057	-266.6548	171.1842	0.3776433	2.30148
3906	-91.91859	-263.855	171.9364	0.5538887	1.679865
3912	-93.07308	-264.3008	171.2277	1.100896	1.7934
3918	-93.4687	-265.6833	172.2146	1.100896	1.015679
3924	-91.46974	-262.0169	170.5472	1.100896	2.246214
3930	-95.42425	-265.4026	169.9783	1.669786	2.246214
3936	-99.70662	-270.3284	170.6218	0.9726889	2.280618
3942	-98.72873	-270.2247	171.496	0.4571515	2.047342
3948	-93.99424	-265.9522	171.9579	0.4680569	1.725371
3954	-98.88035	-270.9167	172.0364	0.7323158	1.475962
3960	-101.0461	-271.244	170.198	1.033243	2.51023
3966	-96.639	-269.0888	172.4498	0.1413975	1.607297
3972	-91.84323	-263.4815	171.6382	0.9530075	1.607297
3978	-90.85937	-261.2879	170.4285	2.010497	1.716165
3984	-90.33237	-261.3036	170.9712	1.46782	1.716165
3990	-108.8825	-278.6172	169.7347	1.058295	2.780422
3996	-98.11145	-266.9243	168.8129	1.803912	2.88744
4002	-93.29759	-263.6147	170.3171	0.8195387	2.569083
4008	-87.05579	-258.1584	171.1026	1.408079	1.665283
4014	-102.4484	-273.209	170.7606	1.447533	1.876217
4020	-100.8117	-272.1747	171.3631	0.8386955	1.880539
4026	-108.199	-279.3442	171.1451	0.4409916	2.285976
4032	-101.6276	-271.924	170.2964	1.689732	2.025497
4038	-93.61593	-264.6674	171.0515	1.689732	1.49664
4044	-105.3804	-276.0454	170.665	1.615278	1.826782
4050	-108.8266	-279.0265	170.1999	1.083884	2.477332
4056	-117.0727	-283.0992	166.0265	2.428509	4.149651
4062	-114.8303	-281.401	166.5707	2.428509	3.838579
4068	-112.0215	-282.9079	170.8864	0.9099129	2.150289
4074	-97.37579	-268.1517	170.7759	1.845809	1.585086
4080	-88.04111	-258.2828	170.2417	1.442191	2.223169
4086	-88.6844	-259.8379	171.1535	0.9056311	1.976843
4092	-104.047	-273.4141	169.367	0.98577	3.046188
4098	-109.8824	-279.3381	169.4557	1.116355	2.914453
4104	-101.05	-271.6822	170.6322	0.3471449	2.666335
4110	-92.79388	-263.3114	170.5175	0.9222994	2.379121
4116	-107.6527	-277.4705	169.8178	2.186322	2.013501
4122	-103.8357	-274.3936	170.5579	0.8332556	2.409873
4128	-111.2372	-281.99	170.7528	0.8332556	2.286036
4134	-113.1154	-282.6503	169.5349	0.8194191	3.045273
4140	-109.7999	-281.2164	171.4165	0.5088184	2.065713
4146	-109.4703	-277.0372	167.5669	2.274803	3.34912
4152	-101.8868	-273.117	171.2302	0.8902	1.935646
4158	-108.4354	-279.7135	171.2781	0.8423066	1.935646
4164	-98.51313	-269.3205	170.8073	0.1701224	2.667483
4170	-110.0027	-282.659	172.6563	0.2361925	1.380694
4176	-113.2051	-283.1316	169.9266	1.227886	2.558044
4182	-114.7612	-285.9064	171.1452	1.295387	1.715051
4188	-98.58229	-269.0183	170.436	1.044536	2.353279
4194	-104.1539	-274.18	170.0261	0.6902142	2.827099
4200	-101.9585	-273.6105	171.652	0.4398013	1.954922
4206	-96.67346	-267.0492	170.3758	1.716035	1.954922
4212	-100.135	-271.3338	171.1988	0.6699915	2.102917
4218	-110.9332	-282.132	171.1988	0.6699915	2.102917
4224	-99.9789	-271.6804	171.7015	1.02805	1.505376
4230	-99.55356	-270.4692	170.9156	0.9807308	2.084788
4236	-99.0878	-270.4389	171.3512	0.9850853	1.788101
4242	-103.1981	-274.788	171.5899	1.072629	1.555201
4248	-92.88872	-263.9891	171.1003	1.23856	1.786255
4254	-102.0509	-271.9145	169.8636	1.618207	2.352502
4260	-90.75683	-259.5021	168.7453	2.044296	2.782537
4266	-87.70454	-259.2887	171.5842	0.1488381	2.191396
4272	-88.99681	-261.3259	172.3291	0.4784593	1.446377
4278	-95.17886	-267.1158	171.9369	0.7490696	1.537836
4284	-86.90141	-257.0203	170.1189	1.375765	2.344315
4290	-94.7994	-266.8113	172.0119	0.8990634	1.366198
4296	-100.6078	-271.573	170.9652	0.6182244	2.287691
4302	-104.0348	-274.3967	170.3618	0.6569845	2.641993
4308	-102.2031	-272.8434	170.6403	0.753163	2.408391
4314	-88.39229	-259.346	170.9537	0.7259488	2.225898
4320	-111.5346	-281.6443	170.1097	0.6171664	2.820702
4326	-102.2823	-272.1182	169.8358	0.8910367	2.820702
4332	-95.18736	-264.8684	169.681	2.061783	2.185057
4338	-94.27425	-266.0156	171.7414	0.8000127	1.643312
4344	-92.60231	-263.3802	170.7779	0.8000127	2.291217
4350	-99.25676	-270.6361	171.3793	0.2379008	2.266045
4356	-92.14936	-263.6356	171.4863	0.1309774	2.266045
4362	-93.33883	-262.8245	169.4856	1.016571	2.956548
4368	-103.0068	-274.1174	171.1106	1.179021	1.820347
4374	-99.99292	-271.8599	171.867	0.6034672	1.693926
4380	-86.8014	-258.2083	171.4069	1.299763	1.522493
4386	-92.68473	-262.036	169.3513	1.994221	2.438582
4392	-86.39815	-258.5042	172.1061	0.4093971	1.661875
4398	-88.81455	-259.7065	170.892	0.5628504	2.369571
4404	-91.86392	-262.6948	170.8309	0.9505313	2.159971
4410	-93.33204	-265.5899	172.2579	0.8370333	1.215952
4416	-91.79497	-262.5699	170.7749	0.7710701	2.311637
4422	-98.6698	-268.5646	169.8948	1.420826	2.457385
4428	-99.82332	-269.4948	169.6715	1.420826	2.59658
4434	-96.18007	-267.2392	171.0591	1.432345	1.679033
4440	-99.29282	-270.3116	171.0188	1.379434	1.744892
4446	-87.91869	-258.4937	170.575	1.379434	2.046458
4452	-92.529	-263.1946	170.6656	0.8344615	2.340861
4458	-89.01455	-260.8009	171.7864	0.6016529	1.752002
4464	-80.20481	-251.9645	171.7597	1.22697	1.305645
4470	-91.58764	-262.4713	170.8837	1.431316	1.802806
4476	-86.55313	-257.6101	171.057	0.6597792	2.201925
4482	-76.51781	-247.2348	170.717	1.913432	1.578718
4488	-86.45082	-256.9341	170.4833	1.608883	1.954646
4494	-99.66635	-269.3646	169.6983	0.5949187	3.081813
4500	-87.0187	-258.5002	171.4815	0.4612532	2.054204
4506	-92.70124	-263.2601	170.5588	1.383935	2.054204
4512	-95.02326	-266.6181	171.5948	0.2395464	2.125461
4518	-92.05971	-263.8511	171.7913	0.06397819	2.111733
4524	-95.57671	-266.5927	171.016	0.3581017	2.420581
4530	-89.08458	-260.6968	171.6122	0.9721332	1.612327
4536	-91.57878	-263.2272	171.6484	0.3693218	2.004478
4542	-100.9536	-271.2159	170.2623	1.671512	2.060123
4548	-93.99385	-265.7113	171.7174	1.070228	1.461577
4554	-86.81607	-257.9323	171.1163	1.032652	1.916419
4560	-101.845	-273.9317	172.0867	0.420979	1.66747
4566	-103.7953	-274.7872	170.9919	0.5656083	2.30427
4572	-105.1287	-274.8047	169.676	1.823485	2.341266
4578	-102.1647	-272.4815	170.3168	0.6923953	2.64793
4584	-105.9601	-278.4941	172.534	0.1058125	1.571845
4590	-98.50095	-269.76	171.2591	0.8204103	1.963171
4596	-110.3506	-279.977	169.6265	0.8546514	2.969224
4602	-98.36857	-268.8147	170.4461	0.9266939	2.421411
4608	-101.4723	-272.5228	171.0504	0.3223944	2.421411
4614	-98.87132	-269.9146	171.0433	0.4614882	2.337856
4620	-101.0863	-269.8249	168.7386	2.169954	2.709788
4626	-104.5049	-274.7182	170.2133	1.341312	2.3061
4632	-116.2755	-286.7078	170.4323	1.439403	2.100993
4638	-114.1361	-285.2198	171.0838	1.247409	1.791615
4644	-92.48657	-264.3754	171.8889	0.7519349	1.571137
4650	-86.07915	-257.7069	171.6278	1.330055	1.328918
4656	-90.42965	-260.6538	170.2241	0.6918879	2.705223
4662	-98.22752	-269.2488	171.0213	1.328429	1.778702
4668	-90.65926	-262.4424	171.7831	0.6819181	1.697773
4674	-98.9443	-271.0655	172.1212	0.6819181	1.449828
4680	-103.3621	-274.8947	171.5326	1.270485	1.449828
4686	-107.3552	-276.862	169.5068	0.695071	3.136218
4692	-106.3699	-277.3373	170.9674	0.6071897	2.293376
4698	-106.8084	-277.6845	170.8762	1.378842	1.844149
4704	-108.1977	-277.3686	169.1709	1.777297	2.685487
4710	-110.3559	-278.9595	168.6036	2.344568	2.685487
4716	-99.87132	-270.5705	170.6991	1.884647	1.612699
4722	-104.5635	-274.4588	169.8953	1.919226	2.138387
4728	-103.7684	-274.2877	170.5193	0.4581476	2.667506
4734	-97.20025	-268.7461	171.5459	0.2764389	2.13331
4740	-109.2638	-280.0683	170.8044	0.4804553	2.476649
4746	-103.924	-274.4399	170.5159	0.4246567	2.690142
4752	-103.1471	-273.8749	170.7278	1.25838	2.025424
4758	-106.7293	-277.1054	170.376	1.492786	2.102879
4764	-106.2455	-277.8288	171.5833	0.2855342	2.102879
4770	-110.7646	-281.3813	170.6166	1.970824	1.610034
4776	-98.58145	-267.8344	169.253	0.6345642	3.322191
4782	-82.07464	-253.1618	171.0872	1.126702	1.872287
4788	-88.54608	-259.2956	170.7495	1.235946	2.025932
4794	-81.19029	-253.5624	172.3722	0.6155265	1.304845
4800	-81.52517	-251.7328	170.2077	1.052687	2.492001
4806	-98.86247	-268.936	170.0735	1.666439	2.186909
4812	-98.28105	-269.6669	171.3859	1.021978	1.738104
4818	-89.42358	-260.9777	171.5541	1.021978	1.618291
4824	-89.17916	-261.2012	172.022	0.6047547	1.581413
4830	-92.12557	-263.3315	171.2059	0.8598953	1.972367
4836	-97.59825	-268.7579	171.1596	1.483395	1.56953
4842	-93.99296	-265.2832	171.2902	1.17617	1.696836
4848	-94.18237	-261.9807	167.7983	1.920935	3.420967
4854	-89.86599	-260.4873	170.6213	1.45277	1.966829
4860	-90.41562	-262.6815	172.2659	0.5985807	1.402546
4866	-87.811	-259.6662	171.8552	0.6071836	1.69963
4872	-100.0091	-271.7839	171.7747	0.9837675	1.483632
4878	-102.0359	-272.2652	170.2293	1.458878	2.220382
4884	-85.59771	-256.2928	170.695	1.756241	1.707522
4890	-95.05863	-265.316	170.2574	1.543817	2.147114
4896	-94.14467	-265.1758	171.0311	1.064427	1.952421
4902	-91.3305	-262.6919	171.3614	1.064427	1.725501
4908	-96.49702	-266.8133	170.3163	1.644928	2.041993
4914	-97.92143	-269.702	171.7806	0.7789135	1.630278
4920	-89.3632	-261.4161	172.0529	1.137907	1.132407
4926	-83.71149	-255.1825	171.4711	1.15147	1.584513
4932	-91.08466	-263.4236	172.339	0.6295213	1.320331
4938	-87.34322	-258.0286	170.6854	1.034496	2.199879
4944	-89.75285	-260.6953	170.9425	0.6316666	2.293624
4950	-108.7906	-281.2173	172.4267	0.3294812	1.485363
4956	-104.491	-275.1929	170.7019	1.071502	2.165186
4962	-103.4477	-275.4908	172.0431	0.3624803	1.739702
4968	-102.7448	-273.8349	171.0901	0.5289233	2.264877
4974	-106.6841	-277.6295	170.9454	1.036267	2.028472
4980	-102.2272	-274.5379	172.3107	0.2804973	1.607327
4986	-96.90414	-266.4753	169.5712	1.448814	2.64128
4992	-110.6145	-280.6272	170.0126	1.007349	2.64128
4998	-101.4107	-272.1553	170.7446	0.9200584	2.235535
5004	-103.6564	-275.159	171.5026	0.5760182	1.963797
5010	-95.75499	-265.4928	169.7378	1.469875	2.524904
5016	-108.0988	-278.071	169.9722	0.7941836	2.796687
5022	-97.32613	-267.6109	170.2847	1.524769	2.141683
5028	-101.6719	-271.5869	169.915	1.76461	2.225907
5034	-113.0257	-283.5689	170.5433	0.6630155	2.52577
5040	-104.333	-275.2544	170.9214	0.6306405	2.307766
5046	-104.0828	-275.2926	171.2097	0.254844	2.363418
5052	-94.38105	-265.4674	171.0863	0.5585504	2.248282
5058	-95.74587	-264.9548	169.209	2.049769	2.493016
5064	-94.16701	-264.5679	170.4009	0.8578123	2.493016
5070	-94.64352	-266.0829	171.4394	0.08031682	2.328382
5076	-97.12481	-267.0028	169.878	0.1697955	3.227615
5082	-116.633	-287.8886	171.2556	0.5058933	2.172936
5088	-101.8729	-273.109	171.2361	0.1644453	2.403922
5094	-96.4435	-267.3978	170.9543	0.121859	2.606562
5100	-110.6666	-280.3704	169.7038	1.0483	2.805373
5106	-103.9054	-274.9821	171.0766	0.4905907	2.298081
5112	-107.6963	-279.141	171.4447	0.1225225	2.298081
5118	-107.7406	-278.2718	170.5313	0.6139865	2.563743
5124	-107.1918	-278.2256	171.0337	0.4854394	2.328707
5130	-101.1355	-271.8516	170.7161	0.4702283	2.538194
5136	-93.11583	-264.4281	171.3123	0.2655973	2.291258
5142	-97.04179	-267.7496	170.7078	1.080257	2.155678
5148	-103.885	-274.9328	171.0477	0.6691514	2.201851
5154	-101.092	-271.5991	170.5071	0.7383979	2.501307
5160	-101.3166	-271.8657	170.5491	0.9576948	2.33662
5166	-95.66252	-265.1534	169.4909	1.354263	2.748633
5172	-99.96998	-271.2576	171.2876	0.369136	2.240646
5178	-94.75827	-265.5981	170.8398	0.8358001	2.228519
5184	-96.54829	-267.1521	170.6038	0.7488752	2.434064
5190	-107.8803	-278.0931	170.2127	0.9835011	2.532036
5196	-119.8592	-290.5647	170.7055	1.12923	2.125213
5202	-113.0583	-283.6182	170.5599	0.6110606	2.547791
5208	-115.0674	-286.1285	171.0611	0.4615837	2.326462
5214	-97.84092	-267.7517	169.9108	0.7918047	2.83544
5220	-110.2001	-281.2554	171.0553	1.369518	1.726207
5226	-88.60671	-260.4733	171.8666	0.5139627	1.757201
5232	-91.64004	-263.6479	172.0078	0.8033123	1.44367
5238	-96.70639	-267.3626	170.6562	0.91977	2.292459
5244	-96.92462	-268.5052	171.5806	0.1931551	2.164959
5250	-96.72813	-267.6495	170.9214	1.416055	1.787246
5256	-89.38924	-260.1951	170.8059	1.091802	2.083924
5262	-102.3959	-274.4849	172.089	0.6939576	1.465101
5268	-109.2926	-280.3992	171.1066	1.886771	1.300194
5274	-111.0006	-282.11	171.1094	1.07405	1.892971
5280	-98.89556	-270.4933	171.5978	0.9905825	1.609385
5286	-100.2933	-271.3415	171.0481	1.158038	1.877554
5292	-114.6682	-285.8145	171.1463	1.162675	1.806987
5298	-104.851	-275.8689	171.0178	0.7594135	2.162703
5304	-102.2588	-273.2224	170.9636	1.230946	1.885436
5310	-86.68457	-257.8142	171.1296	0.3394009	2.360573
5316	-91.0479	-261.0776	170.0297	0.9704249	2.653538
5322	-97.10388	-267.6915	170.5876	1.485406	1.96754
5328	-102.8035	-274.6972	171.8937	0.6462529	1.644335
5334	-103.87	-273.6501	169.78	0.9049299	2.846138
5340	-102.4309	-272.1478	169.7169	0.9049299	2.884397
5346	-104.8404	-275.3986	170.5581	0.9502562	2.335576
5352	-119.6546	-287.4924	167.8378	2.117078	3.282512
5358	-123.963	-294.3848	170.4218	0.6324818	2.620087
5364	-110.1826	-281.4678	171.2852	1.407548	1.532795
5370	-112.7518	-283.7217	170.9699	0.8217618	2.15332
5376	-116.2822	-287.0713	170.7891	1.002518	2.15332
5382	-129.4682	-301.0625	171.5942	0.2366769	2.127703
5388	-113.9625	-284.6789	170.7164	0.9238083	2.251279
5394	-105.592	-277.6065	172.0144	1.104385	1.19552
5400	-99.6902	-270.1296	170.4394	1.128434	2.297669
5406	-101.2444	-271.1006	169.8562	0.6867263	2.932044
5412	-110.1167	-281.1757	171.059	0.6867263	2.183151
5418	-109.4806	-280.1069	170.6264	1.048741	2.228822
5424	-102.5357	-273.6553	171.1197	0.683559	2.145781
5430	-121.1839	-291.9878	170.8039	0.2092807	2.645479
5436	-113.3629	-282.7161	169.3533	0.4896269	3.348432
5442	-101.9284	-269.649	167.7206	1.424961	3.75429
5448	-103.2072	-273.7617	170.5545	1.334563	2.089594
5454	-98.9963	-268.3262	169.3299	1.161862	2.96282
5460	-91.99251	-264.0987	172.1062	0.651855	1.483959
5466	-97.39401	-268.417	171.0229	0.2753766	2.46823
5472	-97.81893	-269.7815	171.9626	0.7162632	1.543102
5478	-90.21292	-260.7469	170.5339	1.778768	1.804396
5484	-88.98443	-260.0449	171.0605	0.9794087	1.989686
5490	-94.71413	-266.4031	171.6889	0.4154947	1.946422
5496	-87.3633	-258.5872	171.2239	0.7098157	2.060171
5502	-96.64908	-267.6279	170.9788	0.4106559	2.410887
5508	-102.5218	-271.8315	169.3097	0.4919442	3.372684
5514	-106.6641	-276.9974	170.3334	0.9759318	2.461341
5520	-114.5446	-284.9751	170.4305	1.79194	1.866438
5526	-100.5365	-271.7194	171.1828	0.6520572	2.125105
5532	-100.6359	-272.4005	171.7646	1.020673	1.46339
5538	-109.0661	-278.9409	169.8748	1.28706	2.553418
5544	-108.0866	-279.36	171.2734	0.4226787	2.215282
5550	-106.6609	-278.1745	171.5135	0.5421141	1.979155
5556	-103.7344	-275.2163	171.4819	1.163138	1.568018
5562	-102.5366	-274.1754	171.6389	0.5634349	1.880174
5568	-105.1528	-275.1922	170.0394	1.369462	2.398649
5574	-95.44881	-266.0265	170.5777	1.675246	1.845545
5580	-98.34538	-270.154	171.8086	0.4424107	1.846874
5586	-90.04456	-262.0563	172.0117	0.224116	1.857287
5592	-99.38959	-271.0677	171.6781	0.2682012	2.051857
5598	-89.90525	-260.9229	171.0176	0.9286756	2.051857
5604	-110.8226	-279.5693	168.7468	1.486636	3.117444
5610	-114.8281	-284.0213	169.1932	1.730351	2.700622
5616	-109.0454	-280.5633	171.5179	0.8074893	1.795632
5622	-104.2923	-275.0201	170.7278	1.168504	2.084805
5628	-95.53667	-267.0384	171.5017	0.9806431	1.685482
5634	-101.418	-272.2869	170.8689	0.8509675	2.199911
5640	-94.53296	-265.4352	170.9022	0.8176479	2.199911
5646	-95.36236	-266.0635	170.7011	0.5395691	2.504302
5652	-98.53433	-270.1757	171.6414	0.1438653	2.15751
5658	-92.67935	-263.5912	170.9118	0.8733673	2.15751
5664	-88.12224	-258.0296	169.9074	0.9410943	2.746583
5670	-96.14985	-267.2232	171.0733	0.8123547	2.091835
5676	-104.5618	-276.8539	172.2921	0.8123547	1.207783
5682	-99.22982	-270.478	171.2482	1.251495	1.673181
5688	-106.0964	-275.652	169.5556	1.292605	2.746724
5694	-110.9159	-281.9795	171.0636	1.065908	1.929525
5700	-114.4665	-286.1475	171.681	0.4485107	1.929525
5706	-98.57003	-270.3432	171.7732	1.13954	1.364796
5712	-94.71272	-265.0442	170.3314	1.976326	1.807824
5718	-108.6519	-278.2551	169.6032	1.328495	2.695587
5724	-112.3686	-281.179	168.8104	2.121282	2.695587
5730	-111.8698	-280.7056	168.8359	1.043595	3.326936
5736	-108.4612	-278.8559	170.3947	1.037072	2.38417
5742	-113.6287	-284.4911	170.8624	0.7984256	2.238001
5748	-101.8328	-273.6153	171.7825	0.4763843	1.841502
5754	-95.24498	-266.0535	170.8085	0.7806489	2.284041
5760	-94.61952	-266.586	171.9664	0.6146697	1.61464
5766	-97.84326	-268.0727	170.2295	1.998596	1.862606
5772	-85.22906	-256.6954	171.4663	1.187601	1.561487
5778	-90.93883	-262.0476	171.1088	1.553415	1.555396
5784	-93.80242	-263.9589	170.1565	1.099379	2.494802
5790	-99.12427	-270.2707	171.1464	1.345095	1.678965
5796	-89.02334	-261.4172	172.3939	0.1668759	1.629365
5802	-93.31171	-264.8014	171.4896	1.575738	1.240847
5808	-94.49006	-264.6335	170.1434	0.9208348	2.613938
5814	-104.5795	-276.4188	171.8393	0.1576266	2.018276
5820	-99.47142	-269.7038	170.2324	0.9034021	2.569602
5826	-103.85	-274.9107	171.0607	0.6906511	2.179521
5832	-94.9526	-266.4008	171.4482	0.7221302	1.90189
5838	-100.8117	-270.9664	170.1547	0.8549359	2.647658
5844	-107.6819	-277.0285	169.3466	1.065664	3.010554
5850	-96.46935	-265.3596	168.8903	2.117551	2.648771
5856	-103.2387	-272.6132	169.3746	1.123536	2.959021
5862	-99.4543	-271.0544	171.6001	1.356966	1.329554
5868	-110.9979	-280.9718	169.9739	1.540189	2.331952
5874	-102.2123	-273.1846	170.9724	0.5904342	2.300893
5880	-92.56355	-263.7599	171.1963	0.9699244	1.904665
5886	-101.6788	-272.8752	171.1963	0.9699244	1.904665
5892	-101.2776	-272.3918	171.1142	1.515469	1.579299
5898	-107.4535	-275.7823	168.3288	1.668555	3.257424
5904	-103.734	-273.1141	169.3801	1.94101	2.453925
5910	-107.4628	-277.8745	170.4117	1.605076	2.005085
5916	-101.9217	-273.9132	171.9915	0.9214744	1.364574
5922	-105.3195	-275.6729	170.3534	1.304025	2.240231
5928	-98.46535	-268.9281	170.4628	1.418984	2.09441
5934	-95.74916	-266.5475	170.7983	1.535646	1.789658
5940	-97.28077	-265.9599	168.6791	1.944013	2.883607
5946	-106.2987	-275.7145	169.4158	1.84866	2.489437
5952	-102.3952	-273.7246	171.3294	0.9982503	1.794057
5958	-94.20787	-265.3992	171.1913	1.136302	1.794057
5964	-104.3805	-273.7144	169.3339	1.446313	2.788238
5970	-103.5264	-274.6628	171.1364	0.7310219	2.10381
5976	-110.936	-280.7306	169.7946	2.010698	2.144434
5982	-100.4553	-269.2451	168.7898	1.95213	2.811516
5988	-97.48025	-268.2095	170.7293	1.697375	1.724912
5994	-102.4655	-272.9939	170.5284	1.563346	1.954964
6000	-101.3553	-272.6465	171.2912	1.171394	1.69951
6006	-106.4693	-278.6117	172.1424	0.7716633	1.363742
6012	-106.4141	-278.3033	171.8892	1.087713	1.313544
6018	-116.2893	-288.2555	171.9662	1.016203	1.30909
6024	-101.5093	-271.1933	169.6841	1.327606	2.646414
6030	-96.67509	-267.984	171.309	0.8287779	1.923964
6036	-96.06359	-267.8769	171.8133	1.419129	1.09462
6042	-95.17401	-266.1695	170.9955	0.7946322	2.154315
6048	-87.91894	-259.5631	171.6442	0.7946322	1.716312
6054	-96.49244	-268.4542	171.9617	1.234543	1.127499
6060	-94.47706	-266.2106	171.7335	1.234543	1.320699
6066	-96.651	-266.2781	169.6271	1.532695	2.554694
6072	-88.49342	-260.2602	171.7668	1.128661	1.378371
6078	-98.22879	-270.5822	172.3534	0.3697088	1.510215
6084	-100.4367	-270.7922	170.3555	0.7805003	2.56948
6090	-103.5816	-274.9388	171.3571	0.9789635	1.788205
6096	-106.5161	-278.0701	171.554	1.328195	1.388761
6102	-113.8508	-284.0355	170.1847	1.510612	2.215813
6108	-105.8809	-276.7443	170.8634	0.1669413	2.634898
6114	-117.791	-289.6975	171.9065	0.003602194	2.075774
6120	-114.7014	-285.1249	170.4235	0.001083704	3.003169
6126	-117.3022	-288.6355	171.3333	0.008214264	2.441081
6132	-115.6694	-287	171.3306	0.1675282	2.342126
6138	-106.3968	-277.0191	170.6222	0.08695887	2.831451
6144	-108.7816	-278.352	169.5704	0.6158083	3.145508
6150	-108.7306	-279.1347	170.4041	0.5872512	2.658949
6156	-94.73365	-266.068	171.3344	0.289576	2.261727
6162	-98.41073	-268.2362	169.8254	1.352272	2.54357
6168	-96.54011	-267.2229	170.6828	1.711833	1.747397
6174	-93.0775	-264.5384	171.4609	1.254751	1.515795
6180	-91.39541	-260.2381	168.8427	2.202486	2.625749
6186	-91.81555	-262.5393	170.7237	1.188859	2.074131
6192	-96.00926	-267.1384	171.1292	1.162814	1.818717
6198	-98.42213	-270.1931	171.771	0.7690355	1.644284
6204	-100.7089	-271.6039	170.895	1.587159	1.685665
6210	-116.5117	-287.8669	171.3552	0.9348543	1.820064
6216	-107.8527	-278.8916	171.0389	0.7934217	2.126772
6222	-120.8333	-291.7846	170.9512	1.056019	2.011443
6228	-111.9323	-283.3544	171.4222	1.000767	1.72751
6234	-92.99363	-264.6816	171.688	0.828937	1.660822
6240	-94.58973	-265.491	170.9012	1.426324	1.794112
6246	-102.2837	-273.6865	171.4028	1.146765	1.637404
6252	-100.5367	-272.2917	171.7551	1.146765	1.373355
6258	-90.65274	-262.3342	171.6815	1.220343	1.373355
6264	-94.02662	-265.6937	171.6671	0.8649314	1.650036
6270	-108.5162	-278.8079	170.2917	0.6922345	2.663497
6276	-101.1911	-272.2911	171.1	1.393629	1.677455
6282	-102.4067	-273.7127	171.306	1.393629	1.527702
6288	-99.03305	-270.6004	171.5674	1.239764	1.446723
6294	-93.0865	-264.8916	171.8051	1.167708	1.316888
6300	-91.03942	-262.7995	171.76	0.8937357	1.561607
6306	-92.06508	-263.4217	171.3567	0.8690137	1.864231
6312	-103.1463	-273.0079	169.8616	1.902517	2.171201
6318	-92.84959	-261.4298	168.5803	1.337437	3.304422
6324	-92.48581	-264.4809	171.995	0.7106527	1.523203
6330	-92.50317	-262.9247	170.4216	1.599229	2.002424
6336	-93.30653	-265.7702	172.4637	0.6130189	1.231367
6342	-98.17841	-268.3246	170.1462	1.741704	2.090336
6348	-89.53926	-261.2666	171.7273	0.7470327	1.691185
6354	-91.87312	-262.1462	170.2731	0.7284674	2.65263
6360	-86.32238	-257.1468	170.8244	1.741305	1.625774
6366	-86.84757	-257.661	170.8135	1.926787	1.497372
6372	-93.88025	-266.2627	172.3825	0.3006575	1.539955
6378	-112.0441	-282.099	170.0549	0.7647452	2.764194
6384	-105.6577	-276.1198	170.4621	1.570067	1.994834
6390	-97.8932	-269.6684	171.7752	0.5982198	1.762221
6396	-97.33321	-268.3113	170.9781	1.918215	1.377693
6402	-101.7352	-273.4368	171.7015	0.4573718	1.909648
6408	-102.646	-273.7863	171.1404	1.01854	1.909648
6414	-119.0955	-290.23	171.1345	0.5279887	2.236962
6420	-110.195	-280.4216	170.2267	0.697467	2.700249
6426	-113.337	-283.7134	170.3764	1.652112	1.99728
6432	-103.957	-273.7769	169.8199	1.89351	2.204122
6438	-102.4436	-272.9069	170.4634	1.86226	1.795457
6444	-108.891	-279.9667	171.0757	1.36078	1.717994
6450	-107.7031	-279.4978	171.7946	0.6418431	1.717994
6456	-101.3704	-272.1076	170.7372	1.033729	2.166829
6462	-89.43834	-260.7645	171.3261	0.6384688	2.039768
6468	-96.24486	-268.2165	171.9717	0.02714235	2.017065
6474	-94.75157	-266.5853	171.8337	0.1650721	2.017065
6480	-92.13783	-263.0773	170.9395	1.059319	2.017065
6486	-94.82417	-266.8217	171.9975	0.3597073	1.773517
6492	-98.76757	-270.6424	171.8749	0.851021	1.508128
6498	-86.61711	-256.1878	169.5707	1.549446	2.57934
6504	-86.03612	-257.6123	171.5762	0.6299994	1.87755
6510	-95.56909	-266.2451	170.676	0.6176984	2.471127
6516	-102.3901	-273.4019	171.0118	0.6176984	2.258164
6522	-97.85983	-268.9539	171.094	1.552851	1.566689
6528	-106.4616	-278.0692	171.6076	0.8761531	1.684477
6534	-110.6102	-280.9174	170.3073	0.4948636	2.774886
6540	-105.8256	-277.4464	171.6207	0.3338813	2.04637
6546	-126.2979	-297.3173	171.0195	0.5660556	2.286371
6552	-103.9477	-274.4455	170.4979	0.4017156	2.71531
6558	-101.668	-271.9989	170.331	0.5686048	2.71531
6564	-105.1317	-275.1607	170.029	0.8705678	2.71531
6570	-100.2698	-271.3509	171.0811	0.3284998	2.398219
6576	-106.4798	-276.5671	170.0873	0.469419	2.923728
6582	-119.7064	-291.1437	171.4373	0.0066144	2.376485
6588	-105.4899	-277.6523	172.1624	0.1814874	1.782808
6594	-107.8472	-276.7448	168.8976	2.110765	2.648427
6600	-100.735	-271.6135	170.8785	0.6548326	2.319691
6606	-107.381	-278.3014	170.9204	1.703765	1.583339
6612	-96.51378	-267.2004	170.6866	0.6654192	2.434484
6618	-96.69594	-268.4167	171.7208	0.9342087	1.560701
6624	-99.89665	-271.1395	171.2429	1.360423	1.598521
6630	-97.25856	-267.8951	170.6366	1.499247	1.925267
6636	-99.52492	-270.0436	170.5187	1.61709	1.925267
6642	-104.4533	-275.567	171.1136	0.9361342	1.983083
6648	-104.324	-274.7959	170.4719	0.9114448	2.414774
6654	-100.902	-272.9518	172.0498	0.6995174	1.490562
6660	-100.6302	-271.5853	170.9551	0.5921625	2.310822
6666	-103.2887	-274.9903	171.7015	0.5289209	1.86095
6672	-97.95926	-268.5857	170.6265	1.635436	1.839418
6678	-99.40947	-269.2419	169.8324	1.039381	2.732324
6684	-103.9431	-273.1544	169.2113	1.636531	2.746994
6690	-95.5084	-266.0906	170.5822	1.414251	2.018654
6696	-96.4448	-267.6073	171.1625	0.09962726	2.490894
6702	-89.53904	-260.9234	171.3844	0.3677727	2.179011
6708	-90.66056	-262.1663	171.5058	1.093679	1.601328
6714	-101.457	-271.6156	170.1586	0.4042413	2.920015
6720	-99.32567	-269.8484	170.5228	1.442232	2.039501
6726	-104.0124	-273.6722	169.6598	2.138742	2.148816
6732	-95.58311	-266.4763	170.8932	1.141889	1.992902
6738	-108.0867	-277.4649	169.3782	1.572792	2.683749
6744	-105.2914	-277.1908	171.8994	0.6851871	1.612149
6750	-105.3112	-275.9182	170.607	1.272749	2.095712
6756	-101.2651	-273.659	172.3939	0.7231145	1.197043
6762	-105.084	-276.8037	171.7197	0.8098565	1.651796
6768	-112.564	-283.5891	171.025	0.8290496	2.112551
6774	-112.7383	-279.7413	167.003	2.276978	3.676628
6780	-104.5772	-273.2264	168.6492	1.67703	3.062085
6786	-98.18846	-269.8849	171.6964	0.2175855	2.073191
6792	-100.9336	-273.2003	172.2667	0.1507598	1.731352
6798	-99.01556	-269.0634	170.0478	0.1293286	3.150917
6804	-98.18955	-269.3501	171.1605	0.9047463	1.972722
6810	-93.17835	-264.5974	171.4191	1.207972	1.58122
6816	-94.78422	-266.3942	171.61	1.128489	1.498713
6822	-98.38911	-269.5555	171.1664	1.312293	1.688104
6828	-99.89609	-271.2487	171.3526	1.234377	1.610394
6834	-98.01066	-268.9992	170.9885	0.3357555	2.451946
6840	-102.4864	-273.3917	170.9053	0.3998393	2.463948
6846	-108.1684	-279.6678	171.4994	0.9452796	1.712185
6852	-103.6937	-273.0652	169.3715	0.6189575	3.261512
6858	-100.756	-270.6577	169.9017	0.8248284	2.820918
6864	-101.1233	-270.7837	169.6605	1.335962	2.655808
6870	-105.247	-277.4142	172.1672	0.435602	1.59889
6876	-109.5384	-277.3841	167.8457	2.309762	3.163787
6882	-96.36039	-265.0487	168.6883	1.897742	2.906025
6888	-95.45038	-266.0358	170.5854	1.437832	2.000775
6894	-97.52428	-269.0419	171.5176	0.505667	2.000775
6900	-104.0898	-275.1569	171.0671	0.9561899	2.000775
6906	-100.6256	-270.6346	170.0089	1.601506	2.270406
6912	-99.64138	-269.0544	169.413	1.820861	2.508546
6918	-104.7001	-276.3445	171.6443	0.7490186	1.748279
6924	-93.08134	-264.1959	171.1146	0.4248075	2.315814
6930	-98.40541	-267.1911	168.7857	1.524766	3.071494
6936	-94.34811	-266.107	171.7588	0.5504592	1.806753
6942	-95.16814	-266.9754	171.8073	0.3850705	1.886951
6948	-96.64544	-268.1981	171.5527	0.6396593	1.886951
6954	-92.1446	-263.7292	171.5846	0.6513903	1.857176
6960	-93.83563	-265.7865	171.9508	0.4673614	1.730847
6966	-102.6862	-274.5129	171.8267	0.3479045	1.899001
6972	-99.06437	-270.3607	171.2963	0.6631873	2.04313
6978	-101.4826	-272.7379	171.2554	1.390096	1.567708
6984	-98.60756	-268.5652	169.9577	1.785401	2.184894
6990	-106.3217	-276.8374	170.5157	1.785401	1.812409
6996	-92.93936	-264.0226	171.0832	1.217874	1.812409
7002	-99.07503	-270.2489	171.1739	1.091814	1.836804
7008	-90.2502	-261.6928	171.4426	1.072569	1.66213
7014	-100.2567	-271.5647	171.308	0.6598306	2.037637
7020	-100.4123	-271.0027	170.5904	0.6598306	2.498344
7026	-99.77103	-268.3228	168.5518	0.870399	3.594215
7032	-98.97363	-268.0007	169.027	1.62062	2.868748
7038	-110.4368	-280.0668	169.63	0.5959381	3.121885
7044	-118.6309	-287.2839	168.653	0.9290567	3.501172
7050	-106.0801	-274.4479	168.3678	1.123341	3.554121
7056	-97.22405	-265.8018	168.5777	0.9134163	3.554121
7062	-105.2212	-275.6274	170.4062	1.351016	2.17568
7068	-97.60481	-268.9827	171.3779	1.235551	1.591154
7074	-104.604	-276.333	171.729	0.9464055	1.545639
7080	-109.2323	-280.3336	171.1012	0.7154503	2.137018
7086	-122.5266	-292.5227	169.9961	1.73835	2.190457
7092	-106.4455	-277.9514	171.5059	0.1687855	2.229068
7098	-99.97367	-271.4678	171.4942	0.09855149	2.281754
7104	-112.5333	-282.4211	169.8878	0.4898946	3.031295
7110	-113.7278	-284.8687	171.1409	1.29544	1.718079
7116	-105.6077	-275.9712	170.3635	1.405104	2.168328
7122	-98.19251	-269.4774	171.2849	1.316487	1.599937
7128	-93.90751	-264.6154	170.7079	1.412668	1.935574
7134	-87.97968	-259.4524	171.4727	0.6478124	1.935574
7140	-94.27394	-265.1879	170.914	1.206576	1.935574
7146	-103.654	-275.3523	171.6983	0.81153	1.665921
7152	-114.3347	-283.0662	168.7315	0.6617017	3.61102
7158	-90.0858	-260.787	170.7012	1.057808	2.174544
7164	-90.12265	-260.564	170.4414	1.510521	2.048178
7170	-88.63318	-259.6707	171.0375	0.9143896	2.048178
7176	-92.28953	-264.4463	172.1568	0.6968444	1.410986
7182	-90.62262	-262.2691	171.6465	0.8882009	1.648132
7188	-92.14341	-263.8641	171.7207	0.6899985	1.736097
7194	-109.4053	-280.2791	170.8738	1.752703	1.581587
7200	-122.5281	-292.789	170.2609	1.46615	2.195286
7206	-109.4943	-279.7208	170.2265	1.437838	2.235791
7212	-111.1474	-279.0019	167.8546	1.554456	3.60186
7218	-109.6379	-280.8837	171.2459	0.7145102	2.042547
7224	-101.7563	-272.5206	170.7642	0.6544299	2.392475
7230	-114.0733	-285.1639	171.0906	1.246502	1.787502
7236	-112.8904	-283.8734	170.9831	1.246502	1.861556
7242	-103.5871	-274.303	170.7159	1.546113	1.839326
7248	-99.29856	-268.3149	169.0163	1.682334	2.83783
7254	-109.6109	-280.2117	170.6007	1.128833	2.193638
7260	-104.7095	-276.1211	171.4116	0.5478527	2.043191
7266	-96.79071	-267.7617	170.971	1.396619	1.766271
7272	-87.10954	-259.3203	172.2108	0.4603138	1.548857
7278	-88.63455	-258.6088	169.9742	0.7694392	2.810497
7284	-101.4997	-271.2188	169.7191	1.024544	2.810497
7290	-107.1275	-277.1083	169.9808	1.253806	2.508077
7296	-115.4484	-285.0209	169.5725	0.8818762	2.985298
7302	-109.639	-280.8147	171.1757	0.4537549	2.258175
7308	-104.8586	-276.6012	171.7426	0.7759095	1.659688
7314	-105.0266	-275.2426	170.216	0.6202239	2.754042
7320	-81.96907	-252.7484	170.7793	1.053365	2.126572
7326	-83.43718	-255.3644	171.9272	0.2760316	1.879522
7332	-95.62762	-267.905	172.2774	0.1931524	1.69386
7338	-94.90893	-266.8889	171.98	0.490611	1.69386
7344	-100.4742	-271.0985	170.6242	1.391299	2.005927
7350	-111.1824	-282.8032	171.6208	0.2901615	2.07516
7356	-98.0561	-270.0053	171.9492	0.4960003	1.71179
7362	-106.9958	-279.2013	172.2055	0.1593851	1.768187
7368	-100.4692	-271.1126	170.6434	0.8752333	2.329053
7374	-97.7604	-269.829	172.0686	1.001159	1.23715
7380	-92.98093	-264.1448	171.1638	0.3341211	2.342213
7386	-89.06794	-259.8542	170.7863	1.276322	1.974508
7392	-97.94038	-269.5469	171.6065	0.7223978	1.793199
7398	-92.40096	-263.4298	171.0289	0.8397921	2.103
7404	-91.26352	-260.8572	169.5937	1.345034	2.691279
7410	-95.21996	-263.8682	168.6483	2.171329	2.764213
7416	-100.1994	-270.5279	170.3285	1.930029	1.841746
7422	-96.42168	-266.6652	170.2435	0.5607589	2.773552
7428	-99.03718	-269.1824	170.1452	0.7436323	2.721872
7434	-105.606	-276.8921	171.2861	1.682666	1.320125
7440	-103.3702	-273.2674	169.8972	1.011129	2.709932
7446	-112.2544	-284.0674	171.8131	0.1054194	2.070231
7452	-108.8468	-278.4161	169.5693	0.778393	3.04923
7458	-106.2254	-276.0343	169.8089	2.112092	2.068606
7464	-104.3929	-274.3965	170.0036	1.582126	2.28623
7470	-96.97058	-267.4575	170.4869	1.098835	2.28623
7476	-97.60425	-268.5214	170.9172	0.6423249	2.303009
7482	-102.5052	-273.4305	170.9253	0.7435644	2.232821
7488	-107.5011	-278.3208	170.8198	0.8491567	2.232821
7494	-111.957	-282.4095	170.4525	1.003854	2.368609
7500	-106.3748	-276.358	169.9832	1.725602	2.20705
7506	-102.495	-271.6544	169.1594	2.085559	2.501625
7512	-116.4768	-288.2705	171.7937	0.5540735	1.780076
7518	-119.4056	-290.4054	170.9998	0.8873583	2.090838
7524	-121.9801	-292.7755	170.7954	1.431103	1.863639
7530	-116.0313	-287.0868	171.0554	0.6189689	2.229278
7536	-116.1581	-283.3835	167.2254	2.100498	3.65008
7542	-105.6632	-275.8146	170.1514	0.6102494	2.799541
7548	-102.5225	-274.1723	171.6498	0.203875	2.112824
7554	-102.2557	-272.6234	170.3676	0.7184372	2.600445
7560	-105.8386	-276.5226	170.684	0.7184372	2.402731
7566	-102.9841	-272.2674	169.2833	1.770965	2.620115
7572	-108.1129	-280.1529	172.04	0.7226617	1.480527
7578	-103.1541	-274.0713	170.9172	0.4097203	2.450297
7584	-96.77474	-268.5665	171.7918	0.4143892	1.877546
7590	-91.17132	-263.0856	171.9142	0.648171	1.628172
7596	-91.75983	-262.4534	170.6936	0.648171	2.440945
7602	-100.5615	-272.9808	172.4193	0.6271179	1.256664
7608	-95.65911	-265.8328	170.1737	1.671465	2.118391
7614	-109.1454	-279.8566	170.7112	1.063083	2.164632
7620	-102.4414	-271.5469	169.1055	1.483483	2.90426
7626	-92.52757	-263.9283	171.4007	0.9000738	1.812648
7632	-96.96654	-268.3253	171.3588	0.8466404	1.878059
7638	-93.25025	-264.2192	170.969	0.8286127	2.149453
7644	-95.82193	-267.5625	171.7406	0.621679	1.77002
7650	-95.28877	-265.1654	169.8767	1.413459	2.473377
7656	-98.28759	-270.3492	172.0616	1.007354	1.237838
7662	-90.13147	-262.285	172.1536	0.2893824	1.713416
7668	-102.5799	-273.8384	171.2585	0.9182442	1.897558
7674	-102.9826	-274.8964	171.9139	0.4348883	1.779398
7680	-106.4388	-276.7083	170.2696	1.308626	2.291053
7686	-101.9578	-273.518	171.5602	0.5766128	1.924614
7692	-98.64396	-269.6722	171.0283	0.1869225	2.520226
7698	-100.6832	-270.8065	170.1233	1.091918	2.520226
7704	-98.98175	-268.6847	169.7029	1.515552	2.518177
7710	-95.4906	-266.3163	170.8257	1.515552	1.784591
7716	-93.19415	-263.0437	169.8495	1.886416	2.189519
7722	-100.1801	-270.6815	170.5015	0.5255847	2.636917
7728	-99.58575	-270.432	170.8463	0.954951	2.147079
7734	-106.2123	-275.9312	169.7189	0.954951	2.8529
7740	-118.8279	-288.1657	169.3377	1.676208	2.645017
7746	-100.1315	-270.9579	170.8263	1.422756	1.848197
7752	-108.4326	-278.3855	169.9529	1.788248	2.186166
7758	-103.3981	-274.5001	171.102	1.116521	1.86912
7764	-97.59339	-267.5347	169.9413	1.300632	2.503501
7770	-104.037	-274.553	170.516	1.333972	2.11525
7776	-111.1254	-281.9677	170.8423	1.007623	2.11525
7782	-109.6221	-281.4232	171.8012	0.7768395	1.616897
7788	-102.477	-274.349	171.872	0.692136	1.626885
7794	-108.8778	-279.7137	170.8359	1.251253	1.958017
7800	-104.98	-275.6565	170.6765	0.9394417	2.266881
7806	-114.246	-284.787	170.5411	0.8909259	2.384051
7812	-134.0734	-304.6245	170.5511	0.3247565	2.72984
7818	-136.4116	-306.7892	170.3775	1.131926	2.334901
7824	-105.6587	-273.941	168.2823	1.453978	3.410981
7830	-114.6121	-284.1039	169.4918	0.950036	2.992813
7836	-111.8975	-281.1743	169.2768	1.487611	2.797841
7842	-104.0186	-274.8661	170.8475	1.122288	2.036303
7848	-101.3662	-272.2231	170.8569	1.284537	1.921478
7854	-91.8262	-263.6782	171.852	0.2894521	1.921478
7860	-88.10689	-259.2354	171.1285	1.143921	1.83216
7866	-88.70225	-259.5661	170.8638	1.408652	1.83216
7872	-89.51578	-260.796	171.2802	0.9922322	1.83216
7878	-93.647	-264.4801	170.8331	1.384572	1.869706
7884	-103.9008	-275.245	171.3442	0.9878685	1.790981
7890	-100.933	-271.788	170.855	1.557349	1.734962
7896	-101.3225	-272.1523	170.8298	1.582565	1.734962
7902	-97.97733	-268.816	170.8387	1.408557	1.849449
7908	-107.591	-278.5016	170.9106	1.336649	1.849449
7914	-101.3904	-270.667	169.2767	2.211988	2.348121
7920	-93.79992	-266.4361	172.6361	0.2663974	1.372796
7926	-95.25255	-266.5682	171.3156	0.54385	2.109001
7932	-101.3948	-272.6685	171.2737	0.8872589	1.908271
7938	-99.06797	-265.0365	165.9685	2.499429	4.142301
7944	-97.04521	-267.9917	170.9465	0.5992822	2.311749
7950	-87.56699	-259.4541	171.8871	0.132625	2.003136
7956	-89.13208	-260.907	171.7749	0.06125061	2.124285
7962	-89.19289	-260.2035	171.0106	0.6841952	2.216137
7968	-93.98094	-264.8529	170.872	0.4022836	2.483287
7974	-98.12127	-267.6277	169.5065	1.818817	2.45131
7980	-96.81894	-266.7544	169.9354	1.818817	2.177647
7986	-84.22237	-255.9104	171.688	0.9966359	1.5388
7992	-89.32706	-260.6213	171.2942	1.32955	1.583591
7998	-86.79935	-258.7526	171.9532	0.477242	1.722196
8004	-95.76381	-267.3596	171.5958	1.050441	1.567161
8010	-105.4761	-274.1578	168.6817	1.617088	3.078467
8016	-102.8813	-274.2606	171.3793	1.021794	1.742863
8022	-112.3192	-282.6928	170.3736	1.194496	2.297525
8028	-93.19162	-264.5885	171.3969	0.7767286	1.89969
8034	-104.2939	-275.4032	171.1093	0.746233	2.111608
8040	-94.20003	-266.3953	172.1953	0.746233	1.341952
8046	-92.3041	-263.7326	171.4285	0.6567506	1.959294
8052	-97.15071	-268.3408	171.1901	1.105873	1.815965
8058	-87.89587	-259.2086	171.3127	1.260084	1.620651
8064	-88.2201	-258.8832	170.6631	1.628562	1.818966
8070	-96.13913	-268.0287	171.8895	1.066779	1.330124
8076	-94.8506	-263.943	169.0924	2.16354	2.494767
8082	-97.60512	-266.9582	169.3531	1.90288	2.494767
8088	-108.3357	-279.5542	171.2184	0.4224063	2.250874
8094	-95.77823	-267.1636	171.3854	0.8467678	1.859782
8100	-92.76103	-264.2605	171.4995	0.949896	1.708881
8106	-100.8943	-273.017	172.1227	0.4852374	1.595139
8112	-107.3115	-277.5362	170.2248	1.869486	1.953277
8118	-114.1446	-285.1308	170.9862	0.6523808	2.25236
8124	-100.4958	-271.1147	170.6189	1.147435	2.169773
8130	-104.8758	-275.1506	170.2748	2.051791	1.794802
8136	-98.41598	-269.7426	171.3266	0.9999404	1.794802
8142	-106.3935	-277.9407	171.5472	0.214143	2.173047
8148	-116.0089	-287.1929	171.184	0.1054883	2.473773
8154	-111.4306	-283.2441	171.8135	0.5307678	1.782548
8160	-107.4518	-277.8757	170.4239	0.8161708	2.504669
8166	-101.1279	-271.2387	170.1108	1.288136	2.404922
8172	-95.6792	-267.3035	171.6243	0.728116	1.776855
8178	-96.78737	-266.1043	169.3169	2.078293	2.4073
8184	-117.5596	-286.7935	169.2339	2.099289	2.44635
8190	-115.6536	-286.9075	171.2539	1.238398	1.678425
8196	-108.4804	-278.8814	170.401	1.928979	1.792421
8202	-89.9305	-259.2484	169.3179	1.921248	2.505242
8208	-101.9674	-273.6747	171.7073	1.267847	1.314984
8214	-98.10597	-267.4293	169.3233	1.267847	2.902923
8220	-93.41197	-265.2233	171.8113	0.8923397	1.524715
8226	-102.4435	-273.4901	171.0467	1.558262	1.597361
8232	-103.7265	-274.236	170.5095	1.191361	2.212214
8238	-107.7789	-276.7243	168.9454	1.930047	2.730071
8244	-90.20169	-262.1676	171.9659	1.225228	1.132118
8250	-94.12982	-264.4024	170.2726	1.005139	2.481148
8256	-91.90914	-262.6786	170.7694	1.390202	1.909147
8262	-98.11781	-267.3169	169.1991	2.088937	2.474684
8268	-107.419	-278.6169	171.1979	1.37338	1.621767
8274	-110.2524	-281.5464	171.294	0.4547521	2.181214
8280	-110.7499	-281.8916	171.1417	0.4164913	2.303822
8286	-108.6552	-280.19	171.5348	0.262603	2.149595
8292	-92.64106	-264.3038	171.6627	0.6517467	1.803197
8298	-94.64322	-265.9641	171.3208	0.2734498	2.280745
8304	-101.3522	-272.4062	171.0541	0.9613119	2.006033
8310	-108.1747	-279.957	171.7823	0.7713733	1.634478
8316	-99.76999	-271.688	171.918	0.8533659	1.473912
8322	-111.9821	-282.6475	170.6654	1.332634	2.017591
8328	-120.1603	-290.6666	170.5063	0.7842205	2.473115
8334	-105.1384	-276.6495	171.5111	0.847545	1.772551
8340	-104.2121	-275.813	171.601	1.009084	1.59361
8346	-100.9094	-272.4296	171.5202	0.7022159	1.866481
8352	-106.1061	-277.2171	171.111	1.113595	1.864943
8358	-106.7388	-277.0538	170.315	1.761213	1.965376
8364	-117.5902	-288.8766	171.2864	0.5926416	2.096188
8370	-123.3495	-292.46	169.1105	0.7597773	3.332352
8376	-138.1608	-306.4537	168.2929	1.377909	3.449336
8382	-119.8223	-289.496	169.6736	1.69701	2.422771
8388	-102.3229	-273.9414	171.6185	0.6555123	1.831092
8394	-106.6482	-277.7213	171.0731	0.8521351	2.065792
8400	-102.8078	-272.5559	169.7481	1.400375	2.561762
8406	-101.3744	-271.9985	170.6241	1.056849	2.225034
8412	-88.8559	-259.5994	170.7435	1.14625	2.08917
8418	-88.4542	-259.8099	171.3557	0.5340466	2.08917
8424	-94.485	-266.0302	171.5452	0.2223612	2.168967
8430	-95.83544	-267.0117	171.1762	0.9900119	1.904678
8436	-101.6098	-272.4769	170.8672	0.2327302	2.591881
8442	-93.74168	-265.4114	171.6697	0.03622672	2.208934
8448	-100.171	-271.6891	171.5181	0.1878674	2.208934
8454	-104.7199	-275.8458	171.1259	0.5799955	2.208934
8460	-98.70858	-270.2636	171.555	0.7511815	1.808907
8466	-105.9508	-276.0516	170.1008	1.697859	2.148788
8472	-102.3289	-273.0695	170.7406	1.26026	2.015664
8478	-104.7949	-276.0458	171.2509	0.7726685	2.000589
8484	-104.1905	-275.7937	171.6032	0.3380803	2.055169
8490	-103.7529	-274.7133	170.9604	0.9921665	2.047751
8496	-104.9049	-274.8027	169.8978	0.6539754	2.926681
8502	-108.4568	-278.6513	170.1945	0.2208576	3.00871
8508	-101.614	-273.1556	171.5415	0.6982515	1.854567
8514	-104.6857	-275.914	171.2282	0.968218	1.884152
8520	-103.4799	-273.874	170.3942	1.153255	2.310712
8526	-99.96783	-268.3566	168.3888	1.33066	3.42087
8532	-112.9157	-284.2609	171.3451	0.7502427	1.952511
8538	-105.6609	-276.1975	170.5366	1.995028	1.65031
8544	-98.52492	-268.7919	170.267	1.738213	2.012783
8550	-91.72462	-262.1257	170.4011	1.755498	1.911194
8556	-89.43869	-260.7819	171.3432	1.229181	1.620944
8562	-91.13895	-262.6445	171.5055	1.06687	1.620944
8568	-88.9145	-260.2507	171.3362	0.6702484	2.011979
8574	-88.16295	-260.834	172.6711	0.07682249	1.491629
8580	-100.3983	-271.8107	171.4123	0.02229309	2.382372
8586	-93.63753	-264.8497	171.2122	0.02799759	2.504636
8592	-92.20588	-262.9833	170.7774	0.6542187	2.384276
8598	-87.79248	-258.833	171.0405	0.402614	2.377014
8604	-97.33991	-268.7951	171.4552	1.037904	1.677871
8610	-95.67268	-267.6041	171.9314	0.6607138	1.606684
8616	-97.03149	-267.6373	170.6058	1.351893	2.044298
8622	-113.4668	-284.0796	170.6127	1.367356	2.02948
8628	-99.09537	-270.5743	171.4789	0.501183	2.02948
8634	-105.1153	-276.5248	171.4095	0.1116561	2.327468
8640	-118.5493	-290.7051	172.1559	0.74181	1.376609
8646	-105.5552	-277.2244	171.6692	0.01506116	2.222937
8652	-108.9603	-280.6418	171.6815	0.002758391	2.222937
8658	-104.0883	-275.7721	171.6838	0.0004656845	2.222937
8664	-108.1876	-279.7436	171.556	0.000710605	2.304783
8670	-104.9375	-276.3578	171.4204	0.003344428	2.389286
8676	-90.35892	-262.8404	172.4814	0.04206033	1.656138
8682	-96.66248	-267.8873	171.2249	0.05237403	2.481442
8688	-101.0803	-271.6687	170.5885	0.9134575	2.339684
8694	-98.97471	-270.1652	171.1905	0.3114366	2.339684
8700	-104.315	-275.6073	171.2923	0.2096065	2.339684
8706	-109.9211	-280.9537	171.0326	0.8751703	2.077288
8712	-105.6456	-276.9052	171.2595	0.5232521	2.159085
8718	-97.15342	-268.8157	171.6623	0.6547278	1.801408
8724	-87.9007	-258.9884	171.0877	0.3814549	2.360492
8730	-88.68295	-260.1926	171.5096	0.9507697	1.701089
8736	-96.59923	-268.8517	172.2524	0.08649993	1.786222
8742	-110.7014	-282.5026	171.8012	0.2265937	1.997734
8748	-114.9255	-287.0605	172.135	0.6308878	1.478085
8754	-99.65104	-270.9587	171.3077	1.351264	1.557822
8760	-103.9587	-275.3827	171.424	0.8350528	1.841352
8766	-103.2976	-274.4042	171.1066	0.8350528	2.054945
8772	-100.6042	-271.8892	171.285	0.5861437	2.101363
8778	-90.96249	-262.1226	171.1602	1.004696	1.905621
8784	-94.61092	-265.9926	171.3817	0.6700089	1.981784
8790	-98.47325	-270.3958	171.9225	1.008852	1.350025
8796	-100.0953	-270.7869	170.6916	0.7943755	2.349855
8802	-94.77274	-266.1285	171.3557	0.1715282	2.323569
8808	-103.6409	-274.2284	170.5875	0.9397046	2.323569
8814	-109.5837	-281.7522	172.1685	0.4715007	1.571727
8820	-110.1617	-280.1503	169.9886	1.747801	2.189181
8826	-95.98343	-267.4865	171.5031	0.7756167	1.827885
8832	-94.45169	-265.4466	170.9949	0.9570377	2.048124
8838	-96.59435	-267.198	170.6036	0.9570377	2.302262
8844	-90.65838	-262.0031	171.3448	1.120003	1.697979
8850	-98.29271	-268.9216	170.6289	1.416311	1.98611
8856	-94.64571	-265.5247	170.879	1.011452	2.088681
8862	-95.49314	-266.8634	171.3703	1.011452	1.756421
8868	-96.88828	-268.615	171.7268	0.6488081	1.760717
8874	-99.14311	-270.1208	170.9777	1.649743	1.58093
8880	-89.5103	-261.8842	172.3739	0.06811235	1.714063
8886	-85.39425	-257.12	171.7257	0.7162922	1.714063
8892	-82.70793	-252.5312	169.8233	1.810808	2.255208
8898	-87.67823	-259.4371	171.7589	0.8801984	1.572427
8904	-90.5989	-261.3654	170.7665	1.872524	1.572427
8910	-96.57304	-268.1683	171.5953	1.202317	1.454023
8916	-99.85442	-269.7755	169.921	1.809451	2.193041
8922	-96.41437	-267.7495	171.3351	1.089069	1.726654
8928	-100.347	-271.0911	170.7441	1.680033	1.726654
8934	-95.84993	-266.6999	170.85	0.9892291	2.122294
8940	-94.34797	-265.6495	171.3015	0.3096119	2.269952
8946	-93.18815	-264.1709	170.9827	0.7979477	2.160459
8952	-103.956	-275.2989	171.343	0.140449	2.351434
8958	-93.46555	-264.6976	171.232	1.387865	1.58643
8964	-99.38405	-269.7407	170.3567	1.313855	2.231766
8970	-107.2442	-278.3054	171.0612	1.122674	1.892724
8976	-105.2275	-276.6021	171.3746	1.030954	1.739703
8982	-108.1549	-278.7252	170.5703	1.947357	1.660331
8988	-103.9499	-274.3683	170.4184	1.090236	2.335405
8994	-95.86831	-267.1151	171.2468	0.2054365	2.371249
9000	-94.2136	-265.5385	171.3249	0.1273409	2.371249
9006	-96.09227	-267.4783	171.386	0.734699	1.935475
9012	-97.07874	-267.8979	170.8191	0.6716448	2.346763
9018	-103.2128	-273.989	170.7762	0.1916408	2.673407
9024	-109.1635	-281.7893	172.6258	0.02407643	1.564474
9030	-100.8651	-272.3707	171.5056	0.05587404	2.301766
9036	-98.17317	-270.6151	172.4419	0.0487749	1.679558
9042	-90.37333	-262.2563	171.883	0.1230187	2.012291
9048	-88.67097	-260.0645	171.3935	0.8830701	1.829315
9054	-82.81891	-254.706	171.8871	0.8642444	1.489056
9060	-82.60557	-253.6634	171.0578	0.8187783	2.097793
9066	-100.4523	-270.3784	169.926	0.3578592	3.087345
9072	-103.0444	-272.5147	169.4703	0.6658049	3.17526
9078	-96.8945	-266.9869	170.0924	1.045392	2.568386
9084	-95.69931	-265.1267	169.4274	1.377408	2.773268
9090	-90.95372	-262.298	171.3443	0.8332036	1.897065
9096	-90.13785	-261.4259	171.288	0.4476482	2.18968
