Iteration	Posterior	Likelihood	Prior	gain_loss_ratio	tree_length
0	-423.8789	-593.4006	169.5217	1.469569	2.715228
6	-411.5953	-580.9337	169.3384	2.138843	2.463064
12	-418.1185	-587.2568	169.1383	1.733421	2.801374
18	-419.5339	-589.0795	169.5456	1.617636	2.615836
24	-422.1149	-591.4985	169.3835	1.549451	2.754054
30	-424.5261	-593.6756	169.1495	1.549451	2.896253
36	-428.7907	-598.6218	169.831	1.420399	2.553034
42	-431.7939	-601.364	169.5701	1.556943	2.635237
48	-437.21	-606.5959	169.3859	1.620479	2.712543
54	-426.3859	-595.6318	169.2459	1.775936	2.712543
60	-429.7545	-599.2327	169.4782	1.775936	2.569266
66	-432.6047	-601.9248	169.3201	1.642628	2.740434
72	-431.7311	-601.7019	169.9708	1.706574	2.298145
78	-423.1397	-592.728	169.5883	1.575169	2.613596
84	-419.0122	-588.4619	169.4497	1.454923	2.7677
90	-429.4661	-598.6105	169.1443	1.980321	2.665947
96	-428.3616	-597.5494	169.1879	1.858934	2.703396
102	-439.977	-608.89	168.913	1.923581	2.836978
108	-440.4567	-609.7876	169.331	1.460138	2.836978
114	-434.3929	-602.4625	168.0696	2.001586	3.301153
120	-437.977	-607.1848	169.2077	1.750181	2.7499
126	-443.6831	-613.1039	169.4208	1.516725	2.7499
132	-429.4402	-598.5483	169.1081	1.763717	2.803308
138	-426.6049	-595.3357	168.7308	1.530504	3.157595
144	-436.0443	-605.2711	169.2268	2.372354	2.415134
150	-423.3648	-592.8677	169.503	1.32651	2.810042
156	-420.6412	-589.9547	169.3135	2.02286	2.538931
162	-437.0534	-606.925	169.8716	1.608294	2.41775
168	-434.3389	-604.0077	169.6688	1.452677	2.634565
174	-424.4898	-593.7037	169.2139	1.524679	2.871225
180	-424.0591	-593.537	169.478	1.305752	2.837454
186	-426.1451	-596.2898	170.1447	1.305752	2.425675
192	-426.4287	-596.0512	169.6225	1.305752	2.749459
198	-435.7859	-605.3122	169.5262	1.589378	2.643825
204	-427.0179	-596.2378	169.2199	2.281455	2.4648
210	-428.8788	-598.6916	169.8128	1.654041	2.428494
216	-428.5506	-598.5789	170.0283	1.654041	2.291778
222	-425.0352	-593.5743	168.5391	1.623347	3.220475
228	-435.3288	-604.5164	169.1876	1.635152	2.825359
234	-436.2589	-605.268	169.0091	1.715365	2.889554
240	-438.0118	-606.244	168.2323	2.010319	3.200673
246	-434.5182	-603.0702	168.552	1.826631	3.104614
252	-429.8741	-599.3488	169.4747	1.826631	2.543636
258	-433.5993	-603.2254	169.6261	1.593763	2.579576
264	-442.4067	-611.5319	169.1252	1.682703	2.837037
270	-427.2251	-596.3001	169.0751	1.952577	2.722996
276	-425.1048	-594.948	169.8432	1.848316	2.299427
282	-423.9121	-593.1411	169.229	1.771569	2.725258
288	-440.745	-609.7107	168.9657	1.771569	2.885493
294	-430.1754	-598.6959	168.5205	1.459132	3.32151
300	-429.4814	-598.5794	169.098	2.497918	2.434862
306	-437.5735	-606.8506	169.2771	1.783054	2.689524
312	-434.1361	-603.587	169.4509	2.010294	2.459724
318	-427.566	-597.4866	169.9206	1.569975	2.409105
324	-418.9658	-587.7426	168.7768	2.24221	2.758375
330	-426.212	-595.2495	169.0375	1.928889	2.758375
336	-426.3135	-595.3822	169.0687	1.804556	2.805282
342	-429.0751	-597.962	168.8869	1.855744	2.888338
348	-439.0277	-608.8666	169.8389	1.436029	2.538891
354	-448.3251	-616.7035	168.3784	1.709062	3.269501
360	-451.3767	-620.0821	168.7054	1.760229	3.048102
366	-439.077	-608.8713	169.7943	1.526228	2.513817
372	-448.8658	-617.9599	169.0941	1.418633	3.003641
378	-431.7865	-601.4565	169.67	1.701485	2.491186
384	-434.0408	-603.4031	169.3624	1.571586	2.754459
390	-429.0754	-598.4557	169.3803	1.552177	2.754459
396	-431.8716	-601.2567	169.3851	1.559688	2.747305
402	-435.4402	-604.985	169.5449	1.544188	2.658106
408	-441.0718	-610.3203	169.2486	1.772215	2.712922
414	-433.671	-602.9196	169.2486	1.772215	2.712922
420	-433.6202	-603.1352	169.515	1.759112	2.555677
426	-430.4415	-600.3256	169.8842	1.577878	2.427479
432	-422.0906	-591.1562	169.0656	2.590315	2.411016
438	-434.7473	-603.7581	169.0108	2.441964	2.516562
444	-433.8809	-603.2052	169.3243	1.686133	2.713726
450	-432.8378	-602.7937	169.9559	1.5286	2.41103
456	-441.1231	-610.1679	169.0448	1.560294	2.953303
462	-421.1457	-589.6466	168.5009	2.488919	2.808222
468	-434.3564	-603.9601	169.6036	2.228291	2.248337
474	-431.9964	-601.2676	169.2711	2.351947	2.39729
480	-435.7639	-605.3528	169.5889	1.404589	2.711788
486	-422.3434	-592.1448	169.8014	1.388593	2.590262
492	-443.6608	-612.1045	168.4438	2.472367	2.850643
498	-444.0895	-613.0892	168.9997	1.818587	2.839718
504	-443.5392	-612.4844	168.9452	1.693938	2.939772
510	-441.1614	-609.5865	168.4251	1.936296	3.123587
516	-428.219	-597.7504	169.5314	1.714378	2.570333
522	-426.5335	-596.3764	169.8429	1.643414	2.415613
528	-423.5824	-593.263	169.6806	1.559687	2.565251
534	-430.5178	-600.2556	169.7378	1.139995	2.778414
540	-450.0866	-618.4344	168.3478	2.209464	3.033674
546	-446.5869	-616.1394	169.5525	1.409546	2.731217
552	-446.0223	-615.5206	169.4983	1.672658	2.614106
558	-449.3724	-619.4151	170.0427	1.576715	2.327763
564	-429.8739	-598.9615	169.0876	1.850934	2.769008
570	-422.0958	-591.1464	169.0505	1.893559	2.769008
576	-428.5085	-598.673	170.1646	1.515259	2.286409
582	-447.8827	-616.236	168.3533	2.295104	2.98906
588	-433.2216	-602.6712	169.4497	1.77258	2.588802
594	-430.7507	-600.1162	169.3655	1.432561	2.83186
600	-433.0575	-602.1434	169.0859	1.453733	2.988546
606	-437.8291	-607.5378	169.7087	1.594965	2.527555
612	-428.1515	-597.1143	168.9629	2.515119	2.511323
618	-439.8183	-609.4391	169.6208	1.835229	2.447589
624	-433.8065	-602.3575	168.5509	1.763513	3.138451
630	-441.9379	-610.6902	168.7524	1.290686	3.280058
636	-431.3276	-600.9821	169.6546	1.573655	2.57342
642	-429.2854	-598.3995	169.114	1.867861	2.74384
648	-434.3421	-602.9687	168.6266	1.945855	2.998264
654	-431.7986	-601.1246	169.3259	1.708145	2.700584
660	-430.9793	-600.4351	169.4558	1.196097	2.915783
666	-438.2343	-607.5471	169.3129	2.032925	2.53407
672	-434.001	-603.7245	169.7235	1.478337	2.585744
678	-432.9641	-601.7571	168.793	1.547832	3.111006
684	-442.1461	-611.2504	169.1043	2.179122	2.588399
690	-455.819	-625.4846	169.6655	2.383801	2.12798
696	-437.7963	-607.1242	169.328	2.009875	2.536778
702	-434.4338	-604.2996	169.8658	1.047566	2.756456
708	-438.2885	-608.4443	170.1558	1.047566	2.57801
714	-429.6004	-599.5759	169.9755	2.039056	2.108152
720	-446.7596	-617.1823	170.4228	1.313036	2.244246
726	-432.6137	-601.7903	169.1766	1.341424	2.998468
732	-436.4776	-606.11	169.6324	1.394228	2.691202
738	-442.4126	-611.659	169.2465	1.814689	2.691202
744	-447.5698	-617.133	169.5632	2.126618	2.327329
750	-446.9238	-616.2531	169.3293	1.340306	2.907217
756	-433.8742	-603.6439	169.7698	1.341473	2.637808
762	-430.1503	-600.0981	169.9478	1.178776	2.626008
768	-434.6912	-604.0375	169.3463	1.390323	2.867884
774	-412.0486	-581.0704	169.0218	1.916998	2.774211
780	-430.8008	-600.0233	169.2224	1.916998	2.651209
786	-436.2572	-605.4209	169.1637	1.875128	2.709586
792	-428.7542	-597.3458	168.5916	1.75536	3.11859
798	-435.0746	-604.4204	169.3458	1.66797	2.710613
804	-425.8847	-595.5962	169.7115	1.918895	2.344354
810	-424.5391	-594.5066	169.9676	1.65644	2.32913
816	-437.6125	-607.6473	170.0348	2.083594	2.044606
822	-417.0788	-587.0292	169.9504	1.527503	2.415188
828	-420.1218	-589.8347	169.7129	1.789021	2.415188
834	-435.2459	-604.6993	169.4534	1.54435	2.714186
840	-429.0314	-599.3301	170.2987	1.362121	2.293464
846	-429.5853	-599.396	169.8107	1.362121	2.600208
852	-444.4021	-613.1305	168.7285	2.139137	2.838891
858	-427.032	-596.3491	169.3172	2.059534	2.517488
864	-428.7551	-597.9605	169.2054	1.660275	2.800648
870	-421.284	-590.5422	169.2582	1.660275	2.768469
876	-431.0641	-599.9368	168.8727	1.801508	2.925654
882	-428.1826	-596.6697	168.4871	1.592771	3.267772
888	-442.9337	-611.0329	168.0992	2.520428	3.035989
894	-428.7529	-598.1187	169.3658	2.326775	2.349933
900	-430.0072	-599.0049	168.9977	2.085584	2.70167
906	-429.8079	-598.9151	169.1072	1.344256	3.038449
912	-423.7376	-593.443	169.7054	1.748432	2.442599
918	-430.3954	-599.4131	169.0178	1.730117	2.87633
924	-424.7584	-593.8536	169.0952	2.328007	2.519625
930	-426.1832	-596.1558	169.9726	1.265471	2.557887
936	-429.508	-597.8913	168.3833	1.818272	3.209225
942	-427.8441	-597.6819	169.8379	1.648668	2.41578
948	-427.7134	-597.2626	169.5492	1.56017	2.646306
954	-431.5977	-600.6796	169.082	1.737352	2.833486
960	-429.854	-599.2766	169.4225	1.709893	2.640179
966	-442.4646	-611.7218	169.2573	1.89738	2.640179
972	-431.4639	-601.5128	170.0488	1.376184	2.443275
978	-423.6828	-592.5853	168.9025	1.333501	3.166657
984	-417.0906	-586.6349	169.5443	1.501689	2.682812
990	-414.8302	-583.9345	169.1044	2.156537	2.599803
996	-426.3307	-595.7562	169.4256	1.813846	2.581137
1002	-425.6219	-596.2183	170.5964	1.181679	2.215234
1008	-427.5354	-597.0484	169.5131	2.215966	2.312736
1014	-440.9904	-609.4312	168.4408	1.938161	3.11326
1020	-446.8678	-616.4515	169.5837	1.563765	2.622946
1026	-436.7506	-605.3372	168.5866	1.952718	3.018693
1032	-433.4972	-603.3752	169.878	1.582554	2.428618
1038	-443.8109	-612.7933	168.9824	2.11589	2.695606
1044	-436.5614	-605.093	168.5317	2.324217	2.867546
1050	-421.2059	-590.847	169.6411	1.438863	2.659678
1056	-434.625	-602.9555	168.3305	1.555256	3.380303
1062	-438.031	-607.1632	169.1322	1.676075	2.836445
1068	-427.7191	-596.9013	169.1822	1.424868	2.947097
1074	-425.8412	-595.3886	169.5474	1.455496	2.707613
1080	-442.1449	-610.7594	168.6145	1.708493	3.129917
1086	-431.5695	-601.5582	169.9888	1.708493	2.285581
1092	-431.8569	-600.954	169.0971	1.92913	2.721826
1098	-438.7169	-608.1131	169.3962	1.755462	2.631271
1104	-448.9237	-618.4249	169.5011	1.159327	2.910351
1110	-435.9772	-604.7728	168.7956	1.677151	3.038684
1116	-451.6042	-620.9608	169.3566	2.132726	2.454791
1122	-435.7013	-605.0246	169.3233	1.780229	2.662666
1128	-437.1478	-606.6489	169.5011	1.783577	2.550817
1134	-450.3992	-619.8538	169.4546	1.750299	2.598037
1140	-458.6761	-627.3421	168.666	1.42985	3.252046
1146	-448.4779	-617.1439	168.666	1.42985	3.252046
1152	-440.9649	-609.7017	168.7368	2.530104	2.644487
1158	-430.057	-599.9253	169.8683	1.692794	2.371249
1164	-432.9654	-602.2137	169.2482	1.839641	2.676652
1170	-435.8331	-604.7902	168.9571	1.839641	2.854389
1176	-432.9229	-602.2375	169.3146	1.749902	2.684585
1182	-436.7787	-604.4165	167.6378	1.772397	3.669196
1188	-421.7179	-590.9871	169.2693	1.891479	2.635925
1194	-419.3848	-588.3611	168.9763	1.891479	2.815333
1200	-435.5532	-605.2207	169.6675	1.572119	2.566273
1206	-430.483	-600.4303	169.9474	1.759895	2.282659
1212	-425.8516	-595.7244	169.8728	1.695803	2.366683
1218	-432.4561	-601.8444	169.3883	1.949483	2.531193
1224	-442.1254	-611.3653	169.2399	2.062061	2.564271
1230	-430.9382	-600.078	169.1399	3.032073	2.15879
1236	-435.6737	-603.9533	168.2796	1.80762	3.276057
1242	-441.8138	-610.9493	169.1355	1.659723	2.843453
1248	-442.8543	-611.8536	168.9993	1.938293	2.776748
1254	-446.6249	-615.7992	169.1743	2.085944	2.592601
1260	-442.2869	-611.4023	169.1154	1.849632	2.752733
1266	-435.2481	-603.9091	168.661	2.040993	2.929031
1272	-431.6248	-600.3384	168.7137	2.129216	2.852829
1278	-444.9618	-614.0121	169.0503	2.129216	2.64709
1284	-439.013	-607.7675	168.7545	2.930563	2.450421
1290	-445.6522	-614.6767	169.0245	1.94483	2.757955
1296	-432.9641	-602.31	169.3459	1.72606	2.678435
1302	-417.9916	-587.4028	169.4113	1.846719	2.57213
1308	-424.8896	-594.7092	169.8196	1.359159	2.596487
1314	-426.8409	-596.545	169.704	1.916803	2.350244
1320	-425.7588	-595.1789	169.4201	2.265005	2.346751
1326	-439.9189	-608.6489	168.73	2.029012	2.893454
1332	-430.2302	-599.81	169.5798	1.946493	2.412729
1338	-430.1741	-598.7178	168.5437	2.456155	2.797491
1344	-425.7613	-595.289	169.5277	1.979599	2.427776
1350	-420.8001	-590.6739	169.8738	1.706424	2.360019
1356	-425.3187	-593.7691	168.4504	1.854178	3.150742
1362	-425.8775	-594.5695	168.692	2.025158	2.918348
1368	-418.7965	-588.8488	170.0523	1.35407	2.45443
1374	-427.807	-596.8088	169.0018	1.709145	2.897341
1380	-420.0215	-590.3871	170.3656	1.67569	2.059981
1386	-421.2646	-590.2634	168.9988	1.566369	2.97762
1392	-430.0956	-598.7898	168.6942	1.535524	3.176529
1398	-435.818	-604.0008	168.1827	1.645227	3.418502
1404	-436.7993	-606.2062	169.4069	1.831953	2.582834
1410	-434.4768	-603.2935	168.8166	1.319792	3.22539
1416	-432.1753	-601.3851	169.2098	1.538786	2.865743
1422	-430.1529	-599.642	169.4891	1.547897	2.690299
1428	-432.2599	-601.7307	169.4708	1.50144	2.728051
1434	-420.3972	-589.6551	169.2579	2.210007	2.477058
1440	-427.2768	-596.1942	168.9174	1.642868	2.984308
1446	-427.7915	-596.9663	169.1748	2.042367	2.614834
1452	-447.3977	-616.1381	168.7404	2.262518	2.770606
1458	-446.158	-615.2737	169.1157	1.64853	2.861613
1464	-441.8982	-612.0905	170.1924	1.665956	2.179124
1470	-434.7896	-604.1956	169.4059	2.080295	2.451061
1476	-435.468	-603.4065	167.9385	1.863266	3.447824
1482	-415.0998	-584.2799	169.1802	1.547569	2.878753
1488	-418.5527	-587.8677	169.315	1.327136	2.923528
1494	-430.0514	-599.0071	168.9557	1.648672	2.958142
1500	-428.139	-597.055	168.916	1.593426	3.01234
1506	-430.711	-600.0944	169.3834	1.571897	2.741427
1512	-433.7001	-602.3465	168.6465	1.967877	2.975029
1518	-434.3134	-603.3984	169.085	1.883829	2.753144
1524	-415.6902	-585.5594	169.8692	1.304736	2.598288
1530	-414.0586	-582.9414	168.8828	1.762624	2.940323
1536	-426.3348	-595.716	169.3812	1.599916	2.72697
1542	-421.64	-591.5059	169.8659	1.497437	2.485896
1548	-430.5762	-599.8664	169.2902	1.55371	2.808524
1554	-427.9341	-597.0869	169.1527	1.421177	2.966936
1560	-441.3063	-610.7252	169.4189	1.160549	2.959172
1566	-436.89	-606.1999	169.3099	2.116537	2.49244
1572	-434.3572	-603.7973	169.4401	2.101456	2.418502
1578	-438.0372	-606.8537	168.8166	2.731733	2.501367
1584	-421.6395	-591.4009	169.7614	1.844357	2.353737
1590	-423.5604	-592.9423	169.3819	1.660312	2.692719
1596	-439.3512	-608.3605	169.0093	1.825046	2.830441
1602	-444.61	-614.1191	169.5091	1.825046	2.523094
1608	-450.7382	-619.1887	168.4505	1.82076	3.16806
1614	-441.65	-610.5488	168.8987	1.82076	2.899706
1620	-441.8511	-610.0417	168.1906	2.405408	3.034447
1626	-428.3987	-598.0957	169.697	1.679442	2.486714
1632	-421.8266	-591.4391	169.6125	1.944186	2.39333
1638	-429.9324	-597.7576	167.8252	1.802136	3.545171
1644	-427.2158	-596.0565	168.8407	1.802136	2.944593
1650	-430.2781	-599.7347	169.4566	1.368767	2.813466
1656	-442.1796	-611.2217	169.0421	1.368767	3.063276
1662	-420.1509	-589.7497	169.5988	1.900262	2.425812
1668	-424.9372	-593.9244	168.9872	1.825051	2.843881
1674	-430.4868	-598.8707	168.3839	1.762856	3.237836
1680	-436.0278	-605.4211	169.3934	1.422602	2.82067
1686	-434.4542	-603.9741	169.5198	1.492437	2.70319
1692	-436.7279	-606.2174	169.4896	1.890895	2.499436
1698	-427.8315	-597.0412	169.2097	1.890895	2.6729
1704	-444.8293	-614.3805	169.5512	1.696169	2.568219
1710	-431.2747	-600.5664	169.2917	2.047999	2.539388
1716	-427.4932	-596.8645	169.3714	2.039274	2.494228
1722	-440.1344	-609.0387	168.9043	2.107763	2.747571
1728	-440.8187	-610.7444	169.9257	1.658928	2.354286
1734	-426.4251	-595.6796	169.2545	1.478846	2.87264
1740	-421.3026	-590.5836	169.281	1.893392	2.627655
1746	-434.0055	-603.332	169.3265	2.0461	2.518677
1752	-424.9897	-594.5557	169.566	1.768616	2.518677
1758	-444.6898	-613.6625	168.9727	2.018338	2.751443
1764	-451.7159	-620.846	169.1301	1.730959	2.8077
1770	-448.0367	-616.9437	168.9071	1.791979	2.909993
1776	-441.5474	-610.5872	169.0398	1.791979	2.829611
1782	-428.7315	-597.4872	168.7557	2.08007	2.85204
1788	-430.8704	-600.2328	169.3624	1.685063	2.690931
1794	-428.4675	-597.4376	168.97	1.941175	2.793094
1800	-421.5208	-590.6775	169.1567	2.204422	2.54304
1806	-417.5275	-586.753	169.2255	1.651081	2.793494
1812	-420.1607	-589.164	169.0033	1.88924	2.800103
1818	-416.0814	-585.0486	168.9671	1.88924	2.822075
1824	-424.174	-593.3047	169.1307	1.932237	2.699591
1830	-436.2861	-605.419	169.1329	1.929613	2.699591
1836	-435.0144	-603.9315	168.9172	2.043323	2.772515
1842	-429.1334	-597.8698	168.7365	2.049828	2.87898
1848	-425.9629	-595.2319	169.269	1.452365	2.87898
1854	-418.82	-588.1429	169.323	1.48683	2.826569
1860	-432.9597	-602.4365	169.4768	1.778569	2.56865
1866	-421.4875	-591.2914	169.804	1.422448	2.56865
1872	-437.3785	-606.4278	169.0494	1.928589	2.751285
1878	-432.9547	-602.2606	169.3058	1.55554	2.797994
1884	-452.1685	-620.0688	167.9003	1.623208	3.594938
1890	-442.6875	-612.2571	169.5696	1.51544	2.659369
1896	-429.6102	-599.3616	169.7514	1.324226	2.659369
1902	-431.3065	-600.0363	168.7298	2.094834	2.860305
1908	-435.3628	-604.2985	168.9358	1.782848	2.897526
1914	-444.4863	-613.0648	168.5786	1.749662	3.129353
1920	-438.9425	-609.0316	170.0891	1.780828	2.179358
1926	-441.0212	-610.1294	169.1082	1.552001	2.919729
1932	-438.4968	-607.3189	168.8221	2.045072	2.829476
1938	-436.1018	-605.1637	169.0618	1.588996	2.927092
1944	-443.4611	-613.442	169.9809	1.706979	2.29145
1950	-427.2348	-597.0877	169.8529	1.174367	2.687156
1956	-420.7788	-589.7623	168.9835	2.155671	2.674819
1962	-422.5229	-591.2664	168.7436	1.411471	3.21654
1968	-432.3561	-601.0009	168.6449	1.593432	3.174035
1974	-419.2409	-587.9001	168.6592	1.845828	3.030581
1980	-419.7986	-589.3981	169.5995	1.36498	2.728553
1986	-424.3611	-593.5556	169.1945	1.870473	2.69318
1992	-413.0551	-582.534	169.479	1.623889	2.653438
1998	-423.4285	-591.7277	168.2992	1.651298	3.346943
2004	-416.534	-585.6027	169.0687	2.466393	2.468514
2010	-418.3986	-587.2822	168.8836	1.743906	2.949862
2016	-437.0843	-606.3753	169.291	1.387888	2.902744
2022	-433.6897	-602.6446	168.955	1.363737	3.118129
2028	-421.2045	-591.2399	170.0354	1.556309	2.344435
2034	-425.0694	-593.68	168.6106	1.987911	2.986332
2040	-434.7947	-603.9866	169.1918	1.88574	2.686646
2046	-445.8408	-614.039	168.1982	1.88574	3.283824
2052	-451.6781	-621.2111	169.533	2.026299	2.399499
2058	-448.5272	-617.3812	168.854	2.712461	2.486789
2064	-438.043	-606.9184	168.8754	1.836115	2.90567
2070	-436.0913	-605.0829	168.9916	1.792167	2.858785
2076	-443.0664	-612.4716	169.4052	1.344632	2.858785
2082	-439.8679	-609.6213	169.7534	1.429978	2.595571
2088	-442.1235	-610.7026	168.5791	1.803902	3.100402
2094	-443.6114	-612.0543	168.4429	1.97426	3.09364
2100	-468.0154	-636.399	168.3835	1.701833	3.270321
2106	-442.1119	-611.274	169.1621	2.044882	2.621347
2112	-441.2081	-610.5973	169.3892	2.044882	2.480111
2118	-447.5702	-616.7889	169.2187	1.94549	2.638458
2124	-450.6087	-619.9135	169.3048	1.428674	2.870884
2130	-434.0153	-603.0819	169.0667	1.68573	2.870884
2136	-455.1469	-624.1667	169.0198	1.737891	2.870884
2142	-436.2957	-605.3814	169.0857	1.637352	2.885895
2148	-433.0719	-602.2516	169.1797	1.38326	2.972456
2154	-427.6052	-596.262	168.6569	2.53618	2.690805
2160	-437.394	-606.2627	168.8687	2.210082	2.718012
2166	-430.8766	-600.3082	169.4316	1.857947	2.553395
2172	-425.8365	-594.6611	168.8246	2.158708	2.770622
2178	-417.4889	-587.4233	169.9344	1.610742	2.376686
2184	-421.7684	-591.516	169.7476	1.818774	2.376686
2190	-435.7468	-605.0307	169.284	2.215722	2.457804
2196	-439.081	-608.7854	169.7044	1.496452	2.587062
2202	-439.0847	-607.8328	168.7481	2.562207	2.622446
2208	-441.4844	-611.1527	169.6683	1.500367	2.607148
2214	-434.1125	-603.8038	169.6913	1.711424	2.472267
2220	-433.8672	-604.1096	170.2424	1.556686	2.211562
2226	-427.5424	-597.9105	170.3681	1.116028	2.402468
2232	-434.5621	-604.2501	169.6879	1.166362	2.79287
2238	-436.1866	-605.2627	169.0761	1.434265	3.005505
2244	-425.5853	-595.1022	169.5169	1.278909	2.82966
2250	-453.7346	-622.6822	168.9476	1.284406	3.168158
2256	-437.0631	-605.7926	168.7295	1.665916	3.084274
2262	-423.2541	-593.0565	169.8023	2.028653	2.226416
2268	-429.5118	-598.8598	169.3479	1.663778	2.711637
2274	-422.8691	-591.8765	169.0074	2.157266	2.659312
2280	-421.3379	-591.2722	169.9344	1.137806	2.659312
2286	-424.2336	-593.9408	169.7072	1.40765	2.637232
2292	-426.4353	-595.3904	168.955	2.096108	2.722442
2298	-428.5377	-597.5317	168.994	1.192851	3.19384
2304	-427.7242	-597.0653	169.3412	1.944375	2.563222
2310	-430.9563	-600.1594	169.2031	2.090362	2.572473
2316	-429.0494	-597.3744	168.325	2.558728	2.882613
2322	-428.713	-598.0404	169.3274	1.861372	2.616171
2328	-417.2672	-587.2355	169.9683	1.2196	2.588409
2334	-418.0458	-586.9944	168.9486	1.887177	2.834404
2340	-419.9516	-589.1896	169.238	1.564069	2.834404
2346	-414.6287	-583.8571	169.2284	1.516588	2.866991
2352	-427.4382	-596.4542	169.016	1.749304	2.866991
2358	-425.1192	-594.2451	169.126	1.749304	2.800238
2364	-430.7592	-598.5398	167.7806	1.85521	3.544018
2370	-420.2448	-589.7034	169.4586	1.650666	2.650916
2376	-415.3081	-584.6245	169.3165	1.809564	2.650916
2382	-442.8506	-611.2816	168.431	2.268212	2.955286
2388	-433.6718	-602.7835	169.1117	1.564331	2.910769
2394	-438.0692	-607.6741	169.6049	2.267945	2.226943
2400	-429.3832	-598.9496	169.5664	2.589004	2.089583
2406	-433.6439	-603.288	169.6441	1.518259	2.611779
2412	-428.4402	-597.8543	169.4142	1.291484	2.884506
2418	-432.4678	-600.6118	168.1439	2.21327	3.153432
2424	-429.7248	-598.2825	168.5578	1.924262	3.050585
2430	-436.5576	-606.085	169.5274	1.812379	2.518607
2436	-435.155	-604.8543	169.6993	2.299256	2.149582
2442	-432.769	-601.3204	168.5515	1.802258	3.117738
2448	-432.8243	-602.2678	169.4435	1.218423	2.909983
2454	-433.6427	-602.746	169.1033	1.774157	2.800619
2460	-436.027	-604.7605	168.7334	1.789411	3.015804
2466	-436.5172	-605.565	169.0478	1.9353	2.748731
2472	-440.7929	-610.585	169.7922	1.512636	2.523091
2478	-432.4051	-601.9132	169.5081	1.435133	2.743485
2484	-430.4568	-600.111	169.6542	1.451603	2.644232
2490	-436.6503	-607.0308	170.3805	1.443111	2.191086
2496	-451.0554	-620.2857	169.2303	2.434857	2.382102
2502	-432.7161	-601.4954	168.7792	1.979764	2.888893
2508	-438.6699	-607.2047	168.5347	1.805975	3.125756
2514	-430.3788	-599.8776	169.4988	2.132788	2.365027
2520	-417.064	-586.672	169.608	1.463495	2.665749
2526	-426.6476	-596.2236	169.576	1.994059	2.389565
2532	-421.7252	-590.7276	169.0024	1.988506	2.748697
2538	-429.1982	-598.8407	169.6425	1.953214	2.369448
2544	-425.1258	-595.0205	169.8947	1.284475	2.594736
2550	-417.8219	-587.7361	169.9142	1.526185	2.43876
2556	-429.0579	-598.137	169.0791	1.721714	2.843703
2562	-433.9394	-602.8456	168.9063	2.027534	2.787269
2568	-441.9213	-610.6966	168.7753	1.700152	3.038388
2574	-430.7087	-599.6553	168.9467	1.78818	2.888095
2580	-431.1315	-600.0385	168.9071	1.405753	3.122714
2586	-433.2126	-602.5235	169.3109	1.601926	2.768808
2592	-430.4131	-600.2123	169.7992	1.852647	2.325079
2598	-425.5899	-594.3879	168.798	1.90604	2.91572
2604	-423.8731	-593.4239	169.5508	1.55687	2.647178
2610	-434.9145	-604.4664	169.5519	1.943959	2.431714
2616	-434.1169	-604.3249	170.208	1.321672	2.37598
2622	-436.9152	-605.585	168.6698	2.311892	2.789626
2628	-433.4169	-603.3272	169.9103	1.151637	2.665693
2634	-428.6739	-597.5469	168.873	1.780998	2.936371
2640	-427.2967	-596.8762	169.5796	1.591134	2.6099
2646	-424.3128	-592.0951	167.7823	1.806164	3.568032
2652	-444.0206	-612.007	167.9864	1.579826	3.568032
2658	-427.4392	-597.7415	170.3023	1.579826	2.1589
2664	-423.9213	-592.7503	168.829	2.332816	2.682025
2670	-430.5869	-599.6682	169.0813	2.332816	2.525922
2676	-433.4497	-602.4856	169.0359	1.956703	2.744801
2682	-447.0917	-617.3028	170.2112	0.87179	2.652183
2688	-436.3303	-606.3529	170.0227	1.4149	2.436474
2694	-440.745	-610.3329	169.5879	1.566569	2.618758
2700	-437.8501	-607.8132	169.9631	1.505303	2.420247
2706	-433.0345	-602.6288	169.5943	1.27549	2.784605
2712	-433.9561	-603.6741	169.718	2.678007	1.944583
2718	-439.2961	-608.7548	169.4587	1.969221	2.476683
2724	-434.8417	-603.4086	168.5668	1.773663	3.123633
2730	-425.2762	-595.4017	170.1254	1.752213	2.172266
2736	-421.2004	-590.4189	169.2185	2.095118	2.560436
2742	-422.4925	-592.7731	170.2806	1.423039	2.267762
2748	-421.6749	-590.8184	169.1435	1.978482	2.6674
2754	-420.5904	-590.1059	169.5155	1.454111	2.727945
2760	-432.0117	-601.3293	169.3176	2.217361	2.435819
2766	-427.3564	-596.7393	169.3829	1.728567	2.654286
2772	-423.1725	-593.1064	169.9338	1.61943	2.371979
2778	-429.8652	-600.0292	170.164	1.435299	2.334808
2784	-432.3499	-602.5988	170.2489	1.379112	2.314838
2790	-432.7481	-602.8673	170.1192	1.334468	2.424234
2796	-445.5067	-615.2562	169.7496	1.682823	2.451857
2802	-431.8724	-600.8099	168.9375	1.625456	2.981809
2808	-446.7221	-615.9037	169.1817	2.499125	2.3815
2814	-433.1937	-602.5059	169.3122	1.787894	2.665322
2820	-435.8617	-604.6918	168.8301	1.982265	2.856816
2826	-437.6883	-606.8192	169.1309	1.884856	2.724481
2832	-422.2453	-591.7742	169.5289	1.598756	2.636872
2838	-425.6451	-594.9539	169.3088	1.495821	2.830045
2844	-425.4607	-595.4747	170.014	1.495821	2.393736
2850	-421.8635	-591.5396	169.6761	1.600137	2.54485
2856	-427.4466	-597.2001	169.7535	1.58713	2.504054
2862	-422.4708	-592.4005	169.9297	1.58713	2.393336
2868	-416.3054	-585.7629	169.4576	1.867963	2.531823
2874	-419.7719	-589.7875	170.0156	1.326479	2.494133
2880	-431.1134	-600.7911	169.6777	1.264049	2.740506
2886	-430.2601	-599.7481	169.488	1.457351	2.742912
2892	-427.6736	-595.9698	168.2962	2.1533	3.091904
2898	-421.0861	-590.5604	169.4744	1.736219	2.59355
2904	-424.257	-592.5847	168.3277	1.811229	3.245814
2910	-424.8441	-593.9945	169.1504	1.935754	2.685592
2916	-428.9002	-597.6268	168.7265	2.020902	2.899684
2922	-427.6367	-597.7819	170.1452	1.384265	2.377579
2928	-418.3178	-588.2855	169.9677	1.57298	2.377579
2934	-429.1874	-597.8026	168.6153	2.457345	2.75332
2940	-423.8663	-593.4198	169.5534	1.67507	2.578623
2946	-420.5556	-590.1722	169.6167	1.605716	2.578623
2952	-437.7214	-606.2585	168.5371	1.302521	3.399874
2958	-434.7582	-603.7179	168.9597	1.463126	3.058845
2964	-442.8568	-611.6026	168.7458	1.69833	3.057028
2970	-441.2948	-609.4085	168.1137	1.983437	3.284224
2976	-432.7083	-602.5425	169.8342	1.325211	2.607711
2982	-435.8289	-605.7207	169.8918	1.52295	2.454692
2988	-437.4691	-606.0292	168.5601	1.933624	3.044396
2994	-433.1202	-601.3215	168.2013	1.576205	3.44467
3000	-425.7419	-595.7214	169.9795	1.930099	2.16599
3006	-423.2533	-593.5144	170.2611	1.612734	2.16599
3012	-419.1098	-588.2493	169.1394	1.526784	2.915051
3018	-426.387	-596.3941	170.0071	1.601637	2.33584
3024	-435.2818	-604.9179	169.6361	1.279014	2.757026
3030	-426.2488	-595.2023	168.9535	1.881268	2.83454
3036	-427.8801	-597.7282	169.8482	1.881268	2.277907
3042	-424.5522	-594.7313	170.1791	1.588709	2.233309
3048	-435.9518	-605.5389	169.5871	1.888266	2.439725
3054	-428.131	-597.0868	168.9558	2.768838	2.396811
3060	-431.4817	-600.5389	169.0571	2.096359	2.659637
3066	-430.3104	-599.4427	169.1323	2.096359	2.613227
3072	-450.6657	-618.8741	168.2084	2.067653	3.186295
3078	-428.0179	-597.1711	169.1532	1.895296	2.705301
3084	-424.6197	-594.4757	169.856	1.907181	2.258501
3090	-436.9097	-606.2379	169.3282	1.304678	2.92869
3096	-446.0179	-615.7185	169.7006	1.864314	2.381244
3102	-433.2004	-602.6888	169.4884	1.864314	2.514563
3108	-448.5528	-617.0711	168.5182	1.501048	3.299637
3114	-447.0022	-616.4696	169.4674	1.770251	2.579066
3120	-436.1957	-605.631	169.4353	2.033137	2.457395
3126	-435.7479	-604.8058	169.0579	2.009035	2.704108
3132	-416.2585	-585.4582	169.1997	2.016237	2.613003
3138	-421.6559	-590.7736	169.1177	1.932177	2.707595
3144	-431.5001	-600.7886	169.2885	1.94103	2.597657
3150	-427.2089	-596.8161	169.6072	1.816695	2.466309
3156	-426.5949	-595.6652	169.0702	1.60473	2.913307
3162	-428.0736	-597.4414	169.3678	1.733888	2.66066
3168	-447.2547	-616.3824	169.1277	1.218943	3.099057
3174	-429.7882	-599.278	169.4898	1.607779	2.655836
3180	-435.5843	-605.3619	169.7775	1.355367	2.62476
3186	-443.0756	-612.6498	169.5742	1.905201	2.438626
3192	-432.6322	-601.7781	169.146	2.098106	2.603886
3198	-437.0325	-606.2673	169.2348	1.909072	2.647803
3204	-431.1577	-600.6638	169.5061	1.427755	2.749006
3210	-436.6121	-606.344	169.732	1.427755	2.610132
3216	-429.4666	-598.6212	169.1546	2.260879	2.51597
3222	-427.9016	-597.6236	169.722	1.518533	2.563332
3228	-420.0612	-588.7914	168.7302	2.050392	2.882489
3234	-419.424	-588.3425	168.9185	1.681838	2.962403
3240	-430.8963	-599.9369	169.0406	1.625942	2.919444
3246	-426.6399	-595.8899	169.25	1.401883	2.919444
3252	-424.5568	-594.4121	169.8552	1.319558	2.598058
3258	-430.7126	-600.3156	169.6031	1.219616	2.812554
3264	-415.5731	-584.9787	169.4057	1.806916	2.597246
3270	-422.8808	-592.3061	169.4253	1.844401	2.564672
3276	-437.8906	-608.0662	170.1756	1.166029	2.492248
3282	-415.4788	-584.6773	169.1985	2.081696	2.57979
3288	-424.6275	-594.6974	170.07	1.596983	2.298475
3294	-419.4703	-588.7438	169.2736	1.508089	2.844458
3300	-427.7974	-596.7393	168.9419	2.027392	2.765607
3306	-425.6975	-595.2388	169.5412	1.921482	2.450516
3312	-423.1803	-592.3728	169.1925	2.344533	2.450516
3318	-426.7282	-595.5846	168.8565	2.251547	2.705005
3324	-417.3999	-587.2194	169.8195	1.977752	2.243083
3330	-421.0696	-589.7213	168.6517	1.595298	3.16893
3336	-426.7488	-595.9119	169.1631	1.168027	3.107922
3342	-426.5279	-595.9476	169.4196	1.748271	2.620749
3348	-427.1935	-596.319	169.1254	1.748271	2.801137
3354	-427.4948	-596.6427	169.1479	2.241049	2.530074
3360	-438.1201	-606.2572	168.1371	2.179277	3.173892
3366	-418.8544	-588.2573	169.4029	1.581949	2.723833
3372	-423.1249	-592.2063	169.0814	2.004117	2.692209
3378	-417.8888	-587.0569	169.1681	1.584251	2.865539
3384	-426.6606	-595.2073	168.5467	2.381142	2.831235
3390	-435.269	-604.5029	169.2339	2.111253	2.542589
3396	-431.0383	-599.9149	168.8766	1.816841	2.915168
3402	-434.8967	-603.7368	168.84	1.779431	2.957073
3408	-437.2646	-606.0717	168.8071	1.816777	2.957073
3414	-439.0724	-608.597	169.5245	1.644815	2.613544
3420	-428.8112	-598.3745	169.5633	1.810663	2.497136
3426	-420.6312	-589.7312	169.1001	2.405766	2.478325
3432	-427.5591	-596.6235	169.0644	1.333527	3.070219
3438	-444.2046	-614.0668	169.8622	1.333527	2.585373
3444	-431.7426	-600.8089	169.0663	1.764485	2.8283
3450	-432.7351	-601.8195	169.0844	2.029801	2.677087
3456	-433.5553	-602.1421	168.5867	2.029801	2.97942
3462	-424.6408	-594.3272	169.6863	2.046101	2.291505
3468	-429.0053	-598.2833	169.278	1.899935	2.625989
3474	-422.5962	-590.8322	168.2361	1.990001	3.208595
3480	-437.4471	-605.658	168.211	2.345078	3.050571
3486	-421.4726	-591.1207	169.6481	1.471511	2.636362
3492	-415.1215	-584.2265	169.105	2.017316	2.67089
3498	-424.0853	-593.0307	168.9454	1.918554	2.819882
3504	-432.3301	-601.4947	169.1646	1.334104	3.009918
3510	-429.9252	-599.1121	169.1869	1.681461	2.800242
3516	-415.2981	-584.0565	168.7584	1.743266	3.025393
3522	-435.1707	-604.436	169.2653	1.204433	3.025393
3528	-433.8161	-603.3633	169.5472	1.942966	2.43519
3534	-434.0052	-604.1937	170.1884	1.900216	2.045853
3540	-436.1219	-605.0646	168.9427	1.205806	3.216689
3546	-428.9655	-598.6608	169.6952	1.924722	2.3515
3552	-426.9197	-597.2506	170.3309	1.314212	2.302448
3558	-418.6506	-588.132	169.4814	1.343405	2.813225
3564	-422.9398	-592.1475	169.2077	1.63506	2.813225
3570	-431.8427	-600.6705	168.8278	1.738004	2.986578
3576	-444.5275	-613.8275	169.3	1.133031	3.046867
3582	-431.862	-600.9268	169.0648	1.253683	3.116253
3588	-428.8482	-597.9277	169.0795	1.005469	3.253558
3594	-425.1527	-594.848	169.6953	1.281172	2.71951
3600	-423.7937	-593.6296	169.8359	1.517752	2.492784
3606	-423.6118	-593.2521	169.6404	1.47252	2.640555
3612	-429.9311	-598.9215	168.9904	2.026705	2.736331
3618	-421.4577	-590.9308	169.4731	2.149425	2.37262
3624	-438.0585	-607.8791	169.8206	1.665123	2.417253
3630	-430.0636	-598.7608	168.6972	1.872389	2.993932
3636	-431.9386	-601.5609	169.6223	1.506189	2.632188
3642	-432.6488	-601.8267	169.1779	2.480566	2.392892
3648	-443.4221	-612.476	169.0539	2.609453	2.409339
3654	-443.3907	-613.7038	170.3131	1.215209	2.375191
3660	-426.4733	-595.5517	169.0783	1.984058	2.704541
3666	-428.9404	-597.4762	168.5358	2.62694	2.723032
3672	-434.4023	-603.8512	169.449	1.093033	2.981443
3678	-450.5766	-619.8587	169.2821	1.382595	2.911168
3684	-440.6201	-609.564	168.9439	1.965558	2.796295
3690	-429.085	-597.7063	168.6213	2.198754	2.874299
3696	-434.6433	-603.3707	168.7274	1.50622	3.173097
3702	-425.1496	-594.9668	169.8172	1.595087	2.459613
3708	-428.449	-597.0121	168.5632	2.429089	2.798446
3714	-422.5491	-592.2306	169.6815	1.731174	2.467261
3720	-436.7146	-606.21	169.4954	1.81797	2.535511
3726	-428.2097	-598.7601	170.5504	1.345395	2.141319
3732	-440.5366	-610.0501	169.5136	1.729377	2.573036
3738	-428.3588	-598.0148	169.656	1.442161	2.648602
3744	-431.4121	-601.387	169.9749	1.376588	2.489382
3750	-441.5904	-611.3692	169.7788	1.185521	2.725818
3756	-436.6015	-605.6054	169.004	1.224518	3.16944
3762	-438.4424	-607.7421	169.2997	1.446867	2.863529
3768	-438.747	-607.9322	169.1852	1.385052	2.968153
3774	-432.104	-601.2918	169.1878	1.625207	2.830771
3780	-436.71	-605.5632	168.8532	2.223528	2.720851
3786	-435.8511	-605.9306	170.0794	1.323822	2.455724
3792	-451.5859	-621.7721	170.1862	1.595264	2.224884
3798	-439.4435	-608.13	168.6865	2.455989	2.710373
3804	-429.7471	-598.8485	169.1014	1.713645	2.834584
3810	-439.5591	-609.5997	170.0406	1.530265	2.356513
3816	-427.4003	-596.8892	169.4889	1.292987	2.838353
3822	-439.5232	-609.0105	169.4873	1.294605	2.838353
3828	-427.7598	-596.92	169.1602	2.032755	2.62885
3834	-430.2498	-599.205	168.9552	1.143776	3.245554
3840	-430.4323	-600.7966	170.3643	1.530417	2.148307
3846	-444.1949	-613.6261	169.4312	2.649685	2.148307
3852	-430.1731	-598.7084	168.5354	1.611331	3.229174
3858	-424.1943	-593.3057	169.1114	1.417922	2.993628
3864	-419.8709	-589.6982	169.8274	1.492326	2.512998
3870	-422.2337	-591.7608	169.5271	1.700548	2.580715
3876	-422.9589	-592.1668	169.2079	2.058954	2.585712
3882	-417.801	-587.6346	169.8336	1.430011	2.545761
3888	-420.2816	-589.1871	168.9055	1.747169	2.934952
3894	-417.2607	-586.4379	169.1772	1.528876	2.891066
3900	-434.5113	-603.5238	169.0125	1.708836	2.891066
3906	-436.1248	-604.9891	168.8643	1.988124	2.833057
3912	-416.9982	-586.1993	169.2012	1.604664	2.834084
3918	-422.935	-592.4388	169.5038	1.383327	2.776262
3924	-426.5635	-596.3531	169.7896	1.426241	2.575302
3930	-414.1266	-583.1432	169.0167	1.838562	2.818773
3936	-430.346	-598.7704	168.4244	2.012937	3.085104
3942	-423.4963	-591.9903	168.4941	2.012937	3.043479
3948	-413.2493	-583.1858	169.9365	1.497436	2.441642
3954	-432.4829	-602.1205	169.6376	1.680744	2.523103
3960	-416.2402	-586.1535	169.9134	1.384515	2.523103
3966	-425.8238	-595.4323	169.6085	1.211814	2.813939
3972	-428.5609	-597.5344	168.9735	1.8843	2.820823
3978	-424.6871	-594.5973	169.9102	2.085243	2.125646
3984	-433.2176	-602.4531	169.2356	1.191199	3.050983
3990	-434.3952	-603.1681	168.7729	1.2309	3.302362
3996	-427.1779	-596.9165	169.7386	1.575877	2.519872
4002	-432.025	-600.6557	168.6308	2.359773	2.790295
4008	-430.2752	-599.4579	169.1827	1.730535	2.775891
4014	-434.9489	-603.8275	168.8786	1.730535	2.960049
4020	-439.3388	-608.3442	169.0053	1.763984	2.865556
4026	-434.4872	-602.7309	168.2437	2.751618	2.844856
4032	-420.5514	-589.7741	169.2227	2.059094	2.57649
4038	-425.5603	-594.6841	169.1238	1.583292	2.892875
4044	-442.0366	-611.444	169.4073	1.95325	2.517302
4050	-439.8817	-608.657	168.7753	1.44336	3.179796
4056	-440.8894	-610.2647	169.3753	1.907927	2.561474
4062	-450.1665	-618.9075	168.7411	1.797489	3.006932
4068	-434.0542	-602.9586	168.9045	1.882704	2.86353
4074	-425.2045	-593.7767	168.5722	1.576467	3.22637
4080	-422.4235	-591.8645	169.441	1.372889	2.820595
4086	-427.9582	-597.1262	169.168	1.372889	2.985511
4092	-414.8375	-584.4758	169.6383	2.122431	2.281619
4098	-429.7337	-598.9565	169.2228	1.501219	2.879102
4104	-422.1896	-591.2269	169.0372	2.228376	2.605158
4110	-432.7954	-602.7076	169.9122	1.551007	2.425453
4116	-446.4373	-615.7299	169.2926	2.19029	2.465313
4122	-438.0065	-607.2992	169.2926	2.19029	2.465313
4128	-438.3839	-607.2226	168.8387	1.823992	2.934221
4134	-415.141	-584.6253	169.4844	1.635651	2.64349
4140	-423.1182	-592.0093	168.8911	2.414029	2.604419
4146	-436.3121	-605.6242	169.3121	2.115139	2.491754
4152	-440.1167	-608.5799	168.4633	1.736664	3.204686
4158	-429.7429	-599.9468	170.2039	2.117342	1.912709
4164	-429.4713	-599.1704	169.6991	2.07706	2.266755
4170	-425.1244	-594.4956	169.3712	1.808538	2.617661
4176	-430.3544	-599.6325	169.2781	1.808538	2.675111
4182	-444.721	-613.8224	169.1015	1.535063	2.933302
4188	-438.434	-607.8578	169.4239	1.419278	2.804049
4194	-435.6891	-604.6125	168.9233	1.738034	2.929083
4200	-435.1323	-603.0865	167.9542	2.859161	2.972638
4206	-435.0181	-603.4816	168.4635	1.87485	3.132252
4212	-439.8537	-609.1282	169.2745	1.319489	2.952372
4218	-441.6788	-610.8855	169.2067	1.991049	2.621872
4224	-440.6547	-609.6778	169.0231	1.966778	2.747381
4230	-450.6799	-620.0115	169.3316	1.943849	2.569447
4236	-439.8596	-609.3093	169.4497	1.471089	2.758386
4242	-436.481	-605.4656	168.9846	1.87736	2.817706
4248	-427.8523	-596.6646	168.8123	1.969264	2.874271
4254	-446.6271	-616.2377	169.6106	1.791784	2.477976
4260	-436.0661	-604.6807	168.6147	1.443801	3.274563
4266	-441.1595	-610.216	169.0565	1.727537	2.854241
4272	-431.9383	-600.6766	168.7384	1.584253	3.123488
4278	-420.2589	-589.7221	169.4632	1.393973	2.794796
4284	-425.8015	-595.1752	169.3738	1.656631	2.699788
4290	-421.5503	-589.9862	168.4358	1.656631	3.263568
4296	-433.4691	-603.136	169.6669	1.613067	2.543235
4302	-420.4487	-590.1468	169.6982	1.272978	2.722648
4308	-424.4616	-593.3045	168.8429	2.012075	2.833731
4314	-430.1268	-599.5177	169.3908	1.587667	2.72798
4320	-422.9564	-592.7971	169.8407	1.335774	2.597384
4326	-430.3593	-599.9986	169.6393	1.500454	2.625036
4332	-428.3687	-597.8887	169.52	1.629391	2.625036
4338	-438.0784	-608.2308	170.1524	1.384539	2.372905
4344	-428.9702	-597.7121	168.7419	1.575063	3.12642
4350	-421.6015	-591.5293	169.9278	1.126186	2.670433
4356	-427.9264	-597.4031	169.4767	1.856117	2.526328
4362	-419.3307	-588.5309	169.2002	1.993307	2.624714
4368	-433.9063	-603.2587	169.3525	1.414583	2.850127
4374	-432.6526	-602.984	170.3314	1.333972	2.289901
4380	-432.458	-602.0364	169.5784	1.479738	2.674526
4386	-444.7714	-614.0206	169.2492	2.340227	2.416955
4392	-431.5897	-600.4866	168.8969	1.706652	2.961918
4398	-435.7308	-604.9815	169.2507	1.633209	2.788044
4404	-419.6031	-588.9848	169.3817	1.767896	2.633383
4410	-417.0863	-585.9605	168.8742	1.767896	2.942695
4416	-434.457	-604.4141	169.9571	1.562392	2.390473
4422	-436.8704	-606.5322	169.6618	1.562392	2.575378
4428	-447.1891	-616.7881	169.599	1.647039	2.566127
4434	-447.0235	-616.2572	169.2336	2.052092	2.573332
4440	-451.2187	-620.5022	169.2835	2.196372	2.467929
4446	-454.5673	-624.5055	169.9382	1.933758	2.190755
4452	-455.8937	-624.5852	168.6915	1.680565	3.099045
4458	-449.8345	-619.0497	169.2152	1.857331	2.687451
4464	-435.802	-604.8078	169.0058	2.020533	2.730082
4470	-428.0069	-597.0711	169.0642	2.083285	2.661956
4476	-431.711	-600.5332	168.8222	1.705605	3.007397
4482	-438.4321	-607.4655	169.0334	2.244408	2.599518
4488	-438.9536	-607.4884	168.5349	2.131168	2.959841
4494	-453.0013	-621.0696	168.0683	2.344988	3.135726
4500	-450.5326	-619.4596	168.9269	2.189282	2.692687
4506	-446.7222	-616.0407	169.3185	1.652869	2.73571
4512	-438.9144	-607.4729	168.5585	1.36975	3.349198
4518	-432.7632	-601.5347	168.7715	2.320107	2.723512
4524	-435.0096	-604.0524	169.0428	1.737107	2.857392
4530	-434.5259	-602.8464	168.3204	2.459348	2.931266
4536	-428.7737	-598.9417	170.168	1.482663	2.303717
4542	-430.0371	-599.2255	169.1884	2.251148	2.49976
4548	-421.1273	-591.0256	169.8982	1.439663	2.49976
4554	-435.9846	-605.8173	169.8326	1.875456	2.291071
4560	-432.5166	-602.2793	169.7627	1.921303	2.310407
4566	-421.8905	-590.581	168.6905	2.140074	2.861443
4572	-434.5521	-604.0168	169.4647	2.095719	2.40598
4578	-420.2058	-590.287	170.0812	1.404273	2.40598
4584	-438.9062	-608.5732	169.6671	1.914264	2.375075
4590	-431.9562	-600.9225	168.9662	1.805646	2.866924
4596	-443.6555	-613.5016	169.8461	1.348481	2.58644
4602	-423.3693	-592.638	169.2687	1.348481	2.93901
4608	-425.4151	-595.2196	169.8045	2.256336	2.103217
4614	-425.7945	-595.0578	169.2633	2.354839	2.400824
4620	-441.0355	-610.3956	169.3601	1.163153	2.992984
4626	-434.4502	-603.5157	169.0654	1.611255	2.912577
4632	-435.2311	-604.5566	169.3255	1.722175	2.693116
4638	-429.7015	-598.4163	168.7147	1.660232	3.096161
4644	-436.6034	-605.7706	169.1672	1.560616	2.879283
4650	-429.8475	-598.9362	169.0887	1.597859	2.905985
4656	-432.416	-602.1152	169.6993	1.712363	2.466708
4662	-421.058	-590.6568	169.5988	2.079498	2.329532
4668	-428.9428	-598.528	169.5851	1.53067	2.641027
4674	-433.4935	-603.1019	169.6084	2.381012	2.166625
4680	-417.8965	-587.3041	169.4076	2.25106	2.361795
4686	-426.9793	-596.9158	169.9365	2.019905	2.14423
4692	-439.6837	-609.2164	169.5327	1.472151	2.707005
4698	-442.6171	-612.2496	169.6325	1.913035	2.397618
4704	-429.1588	-598.8566	169.6978	1.628188	2.515361
4710	-426.9302	-596.8073	169.8772	1.712507	2.354409
4716	-423.6615	-593.6902	170.0287	1.68707	2.272348
4722	-417.8777	-586.9123	169.0346	1.956923	2.745453
4728	-428.241	-597.9066	169.6657	1.917846	2.374021
4734	-427.3717	-596.187	168.8152	1.452834	3.150732
4740	-422.2722	-591.6305	169.3583	1.667005	2.703473
4746	-421.8422	-590.5532	168.7109	1.432651	3.223919
4752	-426.1468	-594.4581	168.3113	1.731941	3.296981
4758	-436.5415	-606.2808	169.7393	1.404438	2.619327
4764	-429.2003	-598.2801	169.0798	1.424935	3.0086
4770	-425.6232	-595.6041	169.9809	1.587252	2.360877
4776	-429.9874	-599.0873	169.0999	1.587252	2.905082
4782	-437.4017	-607.1215	169.7198	1.448653	2.605428
4788	-438.3175	-608.3693	170.0517	1.575315	2.322838
4794	-454.5566	-622.8686	168.312	2.12269	3.097476
4800	-439.6734	-608.308	168.6346	1.776918	3.081497
4806	-432.2055	-601.8034	169.598	1.674851	2.551096
4812	-435.3339	-604.7674	169.4335	1.521467	2.739419
4818	-432.8244	-602.9733	170.149	1.0647	2.571629
4824	-451.4064	-620.1054	168.699	1.476223	3.206619
4830	-437.475	-607.125	169.6499	1.700631	2.504193
4836	-433.4815	-603.3761	169.8946	1.458641	2.49079
4842	-447.245	-616.9539	169.7089	1.71729	2.457874
4848	-449.0656	-618.2993	169.2337	1.882438	2.662687
4854	-440.4644	-609.6419	169.1775	2.145401	2.560129
4860	-427.8691	-596.6503	168.7812	1.688075	3.041422
4866	-421.7822	-591.024	169.2418	2.023141	2.583352
4872	-424.9047	-594.3038	169.3991	1.915687	2.542487
4878	-427.0198	-596.3969	169.3771	1.85264	2.590115
4884	-437.2637	-606.0311	168.7674	2.031002	2.86983
4890	-432.8824	-602.2177	169.3353	1.614835	2.746677
4896	-427.7193	-597.5774	169.8581	1.700965	2.373083
4902	-445.8407	-616.0808	170.2402	1.715511	2.118836
4908	-426.0607	-594.9188	168.858	1.777199	2.947448
4914	-427.8188	-597.5381	169.7194	1.347885	2.665049
4920	-426.4605	-595.0452	168.5847	2.24715	2.872724
4926	-425.9579	-595.6713	169.7134	1.584376	2.530706
4932	-422.1774	-591.0763	168.8988	1.827463	2.896086
4938	-429.6698	-599.0444	169.3745	1.839487	2.598816
4944	-419.8783	-589.2312	169.3529	2.101795	2.47311
4950	-424.2219	-593.7252	169.5033	2.09864	2.380056
4956	-438.1025	-607.294	169.1915	1.743983	2.763192
4962	-434.2742	-603.2247	168.9505	2.115872	2.715199
4968	-444.1584	-613.5949	169.4365	1.482584	2.759835
4974	-421.8765	-591.5739	169.6974	1.476867	2.602772
4980	-443.3247	-613.0551	169.7304	1.441937	2.602772
4986	-433.4975	-603.4316	169.9341	1.441937	2.475973
4992	-427.397	-596.3693	168.9723	1.93807	2.793348
4998	-433.33	-602.6355	169.3055	1.564168	2.793348
5004	-432.156	-601.5576	169.4016	1.631956	2.696459
5010	-430.0985	-599.9193	169.8208	1.187825	2.698677
5016	-427.8063	-597.8677	170.0614	1.180911	2.554291
5022	-424.1976	-594.1584	169.9608	1.183727	2.614944
5028	-424.2105	-593.4048	169.1943	1.681692	2.795602
5034	-434.8206	-603.7279	168.9073	2.0449	2.777747
5040	-429.0284	-599.4908	170.4624	1.271159	2.244938
5046	-422.2917	-591.3236	169.0319	1.496146	2.997005
5052	-427.0757	-597.5542	170.4784	1.098261	2.34378
5058	-421.8188	-590.7934	168.9746	1.459262	3.052134
5064	-418.6371	-589.0949	170.4578	1.459262	2.130892
5070	-433.9273	-603.5393	169.612	1.58845	2.591362
5076	-431.12	-600.2733	169.1534	2.118532	2.588829
5082	-430.9612	-600.7683	169.8071	1.452734	2.548824
5088	-419.4399	-589.2504	169.8105	1.503117	2.517202
5094	-429.0665	-598.6927	169.6262	1.392487	2.696028
5100	-423.844	-593.442	169.5981	1.452536	2.678219
5106	-427.5419	-596.4663	168.9245	2.291969	2.64325
5112	-431.8232	-600.3986	168.5753	1.477523	3.278998
5118	-443.956	-612.06	168.1039	1.750331	3.409196
5124	-434.072	-603.9581	169.8861	1.927115	2.22806
5130	-435.4497	-604.4039	168.9543	1.367825	3.116218
5136	-434.229	-603.7438	169.5148	2.693322	2.072314
5142	-428.2556	-597.3329	169.0774	2.109006	2.640697
5148	-435.4322	-604.6664	169.2342	1.35694	2.954875
5154	-416.1887	-585.2454	169.0567	1.949649	2.735743
5160	-423.9572	-593.6621	169.7048	2.196183	2.199874
5166	-427.4667	-595.899	168.4322	2.001953	3.085989
5172	-427.8708	-597.1656	169.2949	1.760251	2.691046
5178	-421.2471	-590.5686	169.3215	1.286104	2.9436
5184	-430.1888	-600.0163	169.8275	1.63774	2.428582
5190	-434.57	-603.6902	169.1201	1.751344	2.802699
5196	-433.6705	-602.8929	169.2224	2.061843	2.575247
5202	-430.4692	-599.8385	169.3692	1.86914	2.586096
5208	-428.5857	-598.0572	169.4716	1.86914	2.522447
5214	-436.794	-605.7014	168.9074	1.934124	2.834858
5220	-425.1305	-594.0128	168.8823	1.417422	3.130817
5226	-433.2674	-602.1021	168.8348	2.245975	2.721047
5232	-426.5172	-595.6217	169.1045	1.883545	2.741359
5238	-421.2967	-590.4012	169.1045	1.883545	2.741359
5244	-425.6713	-595.8224	170.1511	1.448517	2.335044
5250	-420.6209	-589.9094	169.2885	1.759645	2.695274
5256	-429.5537	-598.7073	169.1536	1.69525	2.812927
5262	-421.8681	-592.2265	170.3584	1.426838	2.215392
5268	-422.9256	-592.1622	169.2366	2.308804	2.440617
5274	-447.905	-617.7015	169.7965	1.697567	2.413923
5280	-438.4221	-608.2489	169.8268	1.360695	2.591086
5286	-448.4672	-617.4798	169.0126	1.360695	3.085516
5292	-448.3122	-617.4237	169.1116	1.199498	3.120103
5298	-440.2995	-610.2854	169.9859	1.174575	2.605025
5304	-435.5251	-604.5735	169.0485	1.781054	2.83023
5310	-460.955	-629.7417	168.7868	1.775992	2.990923
5316	-453.808	-623.1748	169.3668	1.848462	2.598755
5322	-450.051	-619.0342	168.9833	1.557676	2.991763
5328	-449.0535	-617.3108	168.2573	1.349836	3.536608
5334	-450.9257	-620.2531	169.3274	1.723813	2.691035
5340	-447.7711	-617.2736	169.5025	1.935129	2.467464
5346	-432.1142	-601.8086	169.6944	1.716496	2.467464
5352	-430.7297	-600.6295	169.8998	1.385391	2.531047
5358	-434.9126	-604.0593	169.1467	1.788431	2.766447
5364	-435.2549	-604.2624	169.0075	1.462107	3.030843
5370	-431.4198	-599.9462	168.5264	2.739574	2.677599
5376	-419.2174	-589.1519	169.9345	2.10252	2.100333
5382	-433.4982	-602.7946	169.2964	2.836176	2.147154
5388	-432.9773	-601.6596	168.6823	2.557831	2.665043
5394	-434.2292	-604.2765	170.0472	1.441693	2.404968
5400	-434.6671	-603.9032	169.2361	1.529737	2.85493
5406	-431.4444	-600.406	168.9616	2.020216	2.75728
5412	-427.0039	-596.1388	169.1349	2.189411	2.564212
5418	-431.1417	-600.7275	169.5858	1.664936	2.564212
5424	-427.1896	-597.371	170.1814	1.126765	2.512979
5430	-437.0104	-606.0458	169.0354	1.715002	2.873854
5436	-420.6323	-590.2775	169.6452	1.494971	2.624569
5442	-423.7161	-593.4482	169.7321	1.648863	2.482129
5448	-446.2229	-614.8281	168.6051	1.926804	3.02091
5454	-440.0145	-609.1101	169.0956	1.926804	2.723945
5460	-434.8281	-604.0273	169.1992	2.083805	2.578245
5466	-444.7428	-613.8895	169.1467	1.692417	2.818672
5472	-446.7259	-615.861	169.1351	1.746725	2.796092
5478	-441.548	-611.2936	169.7456	1.607163	2.49752
5484	-439.7424	-609.247	169.5046	1.607163	2.647075
5490	-440.8372	-609.7145	168.8773	1.607163	3.027932
5496	-436.1743	-604.6429	168.4686	1.739634	3.199967
5502	-425.7994	-595.335	169.5356	1.398712	2.747881
5508	-433.8264	-602.9767	169.1503	2.140311	2.579616
5514	-430.3528	-600.1541	169.8013	1.827267	2.337885
5520	-431.6877	-601.7939	170.1063	1.452563	2.361087
5526	-440.406	-609.4574	169.0514	1.96146	2.73282
5532	-440.3739	-610.2201	169.8462	1.091625	2.741578
5538	-439.6758	-608.5625	168.8867	1.358031	3.161996
5544	-449.0567	-618.2543	169.1976	1.662978	2.803893
5550	-444.7473	-613.0594	168.3121	1.74466	3.289806
5556	-451.264	-619.9456	168.6816	2.781044	2.562979
5562	-435.5635	-604.9376	169.3741	1.906463	2.562979
5568	-438.6644	-608.2728	169.6084	1.642275	2.562979
5574	-433.1766	-602.6808	169.5042	1.166855	2.904009
5580	-437.0717	-605.7315	168.6598	1.91066	2.996476
5586	-428.9611	-598.6354	169.6743	1.136579	2.819118
5592	-439.489	-609.7375	170.2486	1.573491	2.197533
5598	-448.3806	-617.1088	168.7282	1.573491	3.135457
5604	-429.7012	-598.8885	169.1872	1.672988	2.804702
5610	-431.5808	-600.3144	168.7336	2.204419	2.803359
5616	-424.1377	-593.3714	169.2337	1.899978	2.653286
5622	-433.2052	-601.9975	168.7923	1.510132	3.132328
5628	-429.8185	-600.0104	170.1919	1.45657	2.304161
5634	-436.5584	-605.966	169.4076	1.681574	2.665111
5640	-439.4762	-608.2911	168.8149	1.618718	3.058951
5646	-449.426	-618.8223	169.3963	1.271104	2.907318
5652	-449.4653	-618.4808	169.0155	2.147453	2.659258
5658	-444.2565	-612.9846	168.7282	2.312044	2.753925
5664	-437.1168	-606.1829	169.0661	1.943996	2.732961
5670	-445.3943	-614.471	169.0767	2.299436	2.545291
5676	-435.9378	-604.9821	169.0443	1.720471	2.865494
5682	-433.3383	-602.5356	169.1973	1.552754	2.865494
5688	-430.1885	-599.4816	169.293	2.057104	2.533791
5694	-442.195	-610.7928	168.5978	2.457501	2.763906
5700	-432.1191	-601.2409	169.1218	1.770173	2.791489
5706	-435.4505	-604.816	169.3656	1.770173	2.642109
5712	-448.4809	-617.961	169.4802	1.846815	2.529227
5718	-443.7402	-613.1038	169.3636	1.872434	2.587808
5724	-441.9031	-610.5345	168.6314	2.067898	2.933311
5730	-433.7192	-603.3744	169.6552	1.648064	2.530583
5736	-426.3614	-596.4134	170.052	1.229182	2.530583
5742	-423.6416	-593.0776	169.436	2.094074	2.424948
5748	-426.9072	-596.1494	169.2422	2.19658	2.493707
5754	-429.5359	-599.2066	169.6707	1.656753	2.516026
5760	-432.1178	-601.3467	169.2288	1.869195	2.672747
5766	-439.4906	-607.4611	167.9705	1.991054	3.364697
5772	-445.7688	-614.6259	168.8571	1.827716	2.921168
5778	-435.6652	-605.0769	169.4117	1.270073	2.898585
5784	-437.6717	-606.5147	168.843	1.442457	3.140039
5790	-419.9697	-589.2475	169.2778	2.270315	2.434001
5796	-429.1262	-599.0291	169.9028	2.270315	2.030998
5802	-427.5482	-597.0065	169.4582	1.778989	2.579971
5808	-435.3071	-605.2845	169.9774	1.224247	2.579971
5814	-430.72	-600.0037	169.2837	1.720904	2.719435
5820	-441.1345	-611.2118	170.0772	1.450817	2.380542
5826	-430.6551	-600.477	169.822	1.728081	2.380542
5832	-430.1777	-599.5361	169.3584	1.580654	2.751758
5838	-439.2611	-608.6054	169.3443	2.841583	2.113294
5844	-428.3303	-597.8268	169.4966	1.746028	2.574354
5850	-426.7248	-596.2871	169.5623	1.746028	2.533493
5856	-435.8383	-604.4759	168.6376	2.167988	2.879631
5862	-432.0386	-602.3773	170.3386	1.130549	2.41195
5868	-429.4619	-599.2257	169.7637	2.221927	2.148037
5874	-425.4114	-595.5678	170.1564	1.880604	2.078207
5880	-438.6219	-607.2729	168.651	2.125563	2.892578
5886	-436.4309	-606.4087	169.9778	1.207808	2.589715
5892	-428.0451	-597.0622	169.0171	1.797534	2.840437
5898	-426.1317	-595.5988	169.4671	1.51913	2.720184
5904	-421.5891	-590.2291	168.64	2.106617	2.908699
5910	-424.0465	-593.3585	169.312	2.106617	2.496229
5916	-430.4707	-599.955	169.4843	2.003341	2.442432
5922	-434.2538	-603.2046	168.9508	1.922183	2.814712
5928	-434.2755	-603.2675	168.9921	1.504998	3.015915
5934	-426.57	-595.275	168.7051	2.186543	2.82953
5940	-435.2282	-604.6923	169.464	1.427306	2.774923
5946	-432.5113	-601.415	168.9038	1.741433	2.939046
5952	-432.86	-602.1212	169.2612	1.650559	2.772034
5958	-441.2131	-610.7058	169.4928	1.402114	2.772034
5964	-439.2222	-608.2678	169.0455	1.163753	3.180331
5970	-423.6153	-592.8447	169.2294	1.492071	2.880315
5976	-429.6603	-599.2851	169.6249	1.541811	2.610089
5982	-423.0655	-592.8516	169.7861	1.576252	2.489963
5988	-435.8631	-605.1956	169.3325	1.601935	2.755616
5994	-424.2854	-594.607	170.3216	1.375882	2.270335
6000	-432.5022	-600.9767	168.4746	2.059009	3.031977
6006	-426.8473	-596.2217	169.3745	1.311352	2.896847
6012	-424.7581	-594.3208	169.5627	1.236435	2.827052
6018	-435.3951	-604.5249	169.1298	1.922846	2.705086
6024	-422.2075	-591.6545	169.4469	1.819722	2.564673
6030	-440.2821	-609.5015	169.2194	2.085905	2.564673
6036	-434.4494	-604.1357	169.6863	1.536874	2.574877
6042	-452.6517	-621.2261	168.5744	1.788951	3.11108
6048	-450.2897	-619.1713	168.8816	1.787903	2.927536
6054	-442.2974	-610.8377	168.5402	1.705093	3.175839
6060	-436.059	-606.0763	170.0173	1.288514	2.516086
6066	-431.016	-599.6381	168.622	1.840132	3.055778
6072	-439.6426	-609.2347	169.5921	1.632561	2.578619
6078	-435.1097	-603.7052	168.5955	1.76104	3.113264
6084	-432.0226	-600.6688	168.6462	1.828525	3.047417
6090	-435.1375	-605.0435	169.906	1.828525	2.270319
6096	-436.7085	-607.185	170.4765	1.130933	2.324309
6102	-426.9862	-596.3019	169.3156	1.669229	2.728402
6108	-438.7225	-607.2685	168.5459	2.194763	2.92178
6114	-431.3473	-600.4917	169.1444	2.107567	2.599994
6120	-429.3236	-598.3438	169.0202	2.116837	2.671931
6126	-441.873	-611.0283	169.1553	1.763386	2.774747
6132	-428.0685	-597.6801	169.6116	1.625809	2.570315
6138	-419.9124	-589.2561	169.3438	1.928024	2.570315
6144	-423.773	-592.8893	169.1164	2.052012	2.645918
6150	-422.815	-591.7577	168.9427	2.079646	2.738396
6156	-423.5508	-592.9877	169.4369	1.452197	2.777067
6162	-418.6364	-588.3409	169.7045	1.641388	2.503649
6168	-432.5314	-602.3537	169.8223	1.764456	2.359801
6174	-431.8726	-600.6596	168.7871	1.804239	2.975748
6180	-431.3458	-601.0282	169.6824	1.421447	2.644423
6186	-435.1036	-603.4674	168.3638	1.32888	3.486334
6192	-422.8987	-592.3198	169.4211	1.661721	2.667864
6198	-419.9927	-588.9727	168.98	2.395269	2.558357
6204	-424.393	-593.3824	168.9893	1.551271	2.991683
6210	-423.7595	-592.9792	169.2197	1.740346	2.747961
6216	-433.9114	-603.1537	169.2423	2.070234	2.558533
6222	-436.9289	-605.2776	168.3488	1.84749	3.214523
6228	-416.6059	-585.7497	169.1438	1.553546	2.897411
6234	-430.0727	-598.0254	167.9527	1.755618	3.494884
6240	-419.1071	-588.2371	169.13	1.534238	2.916557
6246	-429.3791	-598.8225	169.4435	1.461535	2.7677
6252	-430.1462	-599.6887	169.5425	1.53711	2.66359
6258	-433.523	-602.8729	169.3498	1.857516	2.604374
6264	-425.1118	-594.5898	169.478	1.317674	2.830423
6270	-437.0864	-607.0425	169.9561	1.703357	2.309416
6276	-432.5479	-601.0744	168.5265	1.703357	3.184899
6282	-440.1242	-609.1988	169.0747	1.874427	2.764415
6288	-431.8425	-600.9282	169.0858	2.04059	2.670659
6294	-443.5882	-612.2437	168.6555	1.835405	3.038264
6300	-443.2279	-612.9172	169.6893	1.681353	2.490469
6306	-431.5882	-600.5441	168.9559	1.681353	2.940149
6312	-450.8928	-619.2065	168.3136	1.761102	3.280284
6318	-455.4852	-624.3912	168.906	1.713502	2.952797
6324	-439.3639	-609.579	170.2151	2.095569	1.917337
6330	-431.0215	-599.7159	168.6944	1.879683	2.991781
6336	-428.8747	-598.4357	169.561	1.879683	2.460775
6342	-425.908	-594.7112	168.8033	1.733011	3.003979
6348	-424.034	-593.1212	169.0871	1.539609	2.939402
6354	-420.0757	-589.4993	169.4236	2.027046	2.467969
6360	-419.0625	-586.8365	167.7739	1.973248	3.488618
6366	-423.0759	-591.7238	168.6479	1.631633	3.15144
6372	-433.3433	-602.2627	168.9195	1.454513	3.087735
6378	-427.8102	-596.9582	169.148	2.57696	2.365315
6384	-436.0048	-605.8699	169.8651	1.731937	2.350982
6390	-455.827	-624.8179	168.9909	1.48618	3.02719
6396	-457.0382	-626.1092	169.0709	1.479617	2.982876
6402	-437.7045	-606.7708	169.0663	1.913716	2.748733
6408	-427.9063	-596.9643	169.058	2.138062	2.637861
6414	-430.7742	-600.3622	169.588	1.879425	2.443953
6420	-438.7182	-608.5758	169.8576	2.027658	2.191258
6426	-442.6665	-611.4774	168.811	2.215472	2.750695
6432	-449.5259	-618.6077	169.0818	1.557533	2.932581
6438	-444.6387	-613.6357	168.997	2.366073	2.562016
6444	-421.306	-590.6596	169.3536	1.660866	2.709816
6450	-435.0983	-604.747	169.6487	1.670352	2.522028
6456	-427.9452	-596.9845	169.0392	1.684035	2.888392
6462	-441.4473	-610.0314	168.5841	2.243638	2.874807
6468	-431.4322	-600.1973	168.7651	1.728926	3.029039
6474	-430.115	-598.9159	168.801	1.406008	3.185594
6480	-416.203	-585.5158	169.3128	2.070623	2.514431
6486	-429.2928	-598.5911	169.2983	1.777348	2.679605
6492	-435.1898	-605.1544	169.9646	1.302681	2.540326
6498	-438.6345	-608.5886	169.9541	1.313557	2.540326
6504	-436.7653	-605.2746	168.5093	2.186997	2.947693
6510	-444.6192	-613.9006	169.2814	2.200616	2.467109
6516	-431.6458	-601.6401	169.9943	2.200616	2.007582
6522	-437.1568	-606.3742	169.2174	2.065616	2.576367
6528	-447.057	-615.9622	168.9053	1.91313	2.847104
6534	-417.7697	-587.5502	169.7805	1.49904	2.538257
6540	-423.9601	-593.7352	169.775	1.582169	2.493466
6546	-433.0636	-602.8897	169.8262	1.730656	2.376421
6552	-436.4436	-605.8103	169.3667	2.110649	2.459864
6558	-447.6347	-617.0295	169.3947	2.034517	2.482117
6564	-414.6362	-583.595	168.9588	1.533506	3.019902
6570	-420.3724	-589.4486	169.0762	1.513107	2.960834
6576	-419.5096	-588.9017	169.3921	1.649365	2.692593
6582	-420.0432	-590.1143	170.0711	1.752347	2.207362
6588	-415.3578	-585.2021	169.8443	1.295527	2.619241
6594	-436.4717	-605.6699	169.1982	1.535627	2.874571
6600	-435.64	-604.4204	168.7804	2.043464	2.855611
6606	-433.6313	-602.4491	168.8178	1.361825	3.200713
6612	-423.1272	-592.6554	169.5283	1.529472	2.676745
6618	-429.9321	-600.0738	170.1417	1.417229	2.359874
6624	-450.4407	-619.0815	168.6408	1.442325	3.259942
6630	-452.7675	-621.0049	168.2374	1.890974	3.258008
6636	-440.7489	-609.7164	168.9674	1.509762	3.028021
6642	-437.4182	-606.6168	169.1987	1.224903	3.053215
6648	-433.0701	-601.8018	168.7317	1.748059	3.038806
6654	-446.5913	-616.7963	170.2051	1.611578	2.203018
6660	-441.5872	-609.7005	168.1132	1.965141	3.293691
6666	-435.2659	-604.8587	169.5928	1.992425	2.379827
6672	-439.0735	-607.4511	168.3776	2.215733	3.012792
6678	-443.1371	-612.2886	169.1515	2.429664	2.434357
6684	-437.5311	-607.4161	169.885	1.565158	2.434357
6690	-446.6116	-615.7363	169.1247	2.118436	2.606628
6696	-437.3076	-606.031	168.7235	2.060169	2.881612
6702	-448.914	-618.4304	169.5163	1.258289	2.842241
6708	-434.6889	-603.5705	168.8816	1.518502	3.074428
6714	-431.2584	-599.4648	168.2063	1.887916	3.277909
6720	-429.0626	-597.9223	168.8597	1.887916	2.887893
6726	-433.0284	-602.5402	169.5119	1.695096	2.593188
6732	-430.7891	-599.5479	168.7588	1.960692	2.91106
6738	-431.738	-600.8878	169.1498	1.960692	2.672873
6744	-425.4784	-594.8356	169.3572	1.355324	2.881626
6750	-424.7088	-593.9493	169.2405	1.477984	2.881626
6756	-424.6945	-593.4131	168.7186	1.879973	2.9771
6762	-431.1747	-600.815	169.6403	1.569341	2.584711
6768	-442.1339	-611.2977	169.1638	1.556405	2.883687
6774	-427.3219	-597.549	170.227	1.441515	2.290847
6780	-419.0877	-588.4278	169.34	1.93164	2.570691
6786	-428.3389	-597.3942	169.0553	1.891425	2.767219
6792	-439.3177	-608.072	168.7543	1.736399	3.031533
6798	-451.1925	-619.9252	168.7327	2.125968	2.842923
6804	-432.9223	-602.7221	169.7999	1.440082	2.560804
6810	-430.5202	-599.9428	169.4226	1.658468	2.668735
6816	-436.7525	-605.4317	168.6792	1.670346	3.11189
6822	-427.7097	-596.91	169.2003	1.82617	2.71336
6828	-434.5792	-603.7261	169.1468	2.111862	2.596295
6834	-434.8262	-604.3769	169.5507	1.646655	2.596295
6840	-430.3397	-598.4483	168.1085	1.780333	3.390882
6846	-423.6934	-593.3394	169.646	1.623764	2.550135
6852	-441.7421	-610.7986	169.0566	1.730237	2.852744
6858	-436.1382	-605.0917	168.9535	2.278986	2.631747
6864	-436.6511	-605.9266	169.2756	1.862219	2.647708
6870	-423.3921	-592.7344	169.3424	1.755174	2.664608
6876	-420.3417	-590.9397	170.598	1.113351	2.257814
6882	-425.4107	-595.0089	169.5982	1.337766	2.745349
6888	-450.9877	-620.0528	169.0651	1.748724	2.837548
6894	-440.7828	-610.5483	169.7655	2.327612	2.091492
6900	-435.1327	-604.7872	169.6545	1.50293	2.614206
6906	-436.223	-606.2351	170.0121	1.279751	2.524613
6912	-432.7104	-601.0344	168.324	1.608398	3.355373
6918	-438.7054	-608.1705	169.4651	1.899378	2.510153
6924	-440.7679	-610.1025	169.3346	2.561473	2.253699
6930	-437.0713	-606.1806	169.1093	2.561473	2.397207
6936	-422.3943	-591.4387	169.0444	1.690791	2.881584
6942	-425.6497	-594.5931	168.9433	1.74274	2.914485
6948	-429.3231	-598.5463	169.2232	1.390416	2.942189
6954	-421.9796	-591.2651	169.2854	2.050999	2.541716
6960	-421.6579	-590.9719	169.314	2.017006	2.541716
6966	-420.5889	-589.8421	169.2532	1.556686	2.829349
6972	-427.7426	-596.7516	169.009	1.314949	3.113964
6978	-421.7734	-590.8925	169.1191	1.810344	2.771481
6984	-424.8909	-594.394	169.5031	1.691087	2.600862
6990	-420.9303	-590.6063	169.6761	1.691087	2.493224
6996	-431.0136	-600.6618	169.6481	2.017835	2.331035
7002	-423.8364	-593.5183	169.6819	1.797169	2.430174
7008	-437.1278	-605.4285	168.3007	2.026292	3.152066
7014	-442.7151	-611.5209	168.8058	1.618023	3.064761
7020	-445.1936	-613.6444	168.4508	2.082181	3.034619
7026	-442.5332	-612.3694	169.8362	1.484939	2.511798
7032	-435.2239	-604.6773	169.4534	1.557279	2.706846
7038	-428.4758	-596.8262	168.3504	2.274064	3.000898
7044	-423.1351	-592.4959	169.3608	1.585213	2.747725
7050	-425.6687	-595.0787	169.41	1.477954	2.778673
7056	-431.6683	-600.0686	168.4002	2.665031	2.788492
7062	-429.8626	-599.3168	169.4542	1.467662	2.757648
7068	-439.9874	-608.1952	168.2078	1.978173	3.231275
7074	-432.9406	-602.0025	169.0619	2.02975	2.690925
7080	-439.0475	-607.8197	168.7722	2.065977	2.849158
7086	-436.2442	-605.6168	169.3727	1.962679	2.533894
7092	-447.4851	-616.7804	169.2953	1.864023	2.634543
7098	-450.5481	-620.0557	169.5077	1.242635	2.856778
7104	-427.4017	-597.2341	169.8324	1.64275	2.422625
7110	-437.8784	-607.5497	169.6713	1.500343	2.605295
7116	-432.0691	-601.5341	169.4649	2.071259	2.41868
7122	-436.4479	-606.5997	170.1518	1.43523	2.3426
7128	-435.825	-605.9908	170.1658	1.548119	2.266001
7134	-432.5813	-601.9245	169.3432	1.697076	2.696099
7140	-422.4816	-591.6534	169.1718	1.725474	2.785311
7146	-438.5315	-608.2185	169.687	1.349067	2.684274
7152	-432.5361	-601.7986	169.2626	1.738959	2.722474
7158	-426.4031	-594.9553	168.5522	2.263184	2.884603
7164	-427.6305	-597.3188	169.6882	2.078856	2.272746
7170	-414.7445	-584.7103	169.9658	1.563508	2.38435
7176	-415.1157	-585.9049	170.7892	1.350608	1.980331
7182	-416.9835	-587.1789	170.1954	1.421018	2.323438
7188	-418.8974	-588.7367	169.8392	1.161194	2.703525
7194	-431.0329	-600.255	169.2221	1.471433	2.89648
7200	-429.5103	-598.7331	169.2228	1.668907	2.785269
7206	-439.8333	-608.9672	169.1339	1.919933	2.704076
7212	-444.0278	-613.6047	169.5769	1.860392	2.461362
7218	-443.6359	-612.1949	168.559	2.124551	2.948588
7224	-443.8644	-613.2786	169.4142	1.426545	2.805695
7230	-441.3207	-609.9313	168.6107	1.565798	3.209427
7236	-447.6165	-616.8567	169.2402	1.977793	2.608105
7242	-438.7089	-608.0179	169.309	1.731039	2.69838
7248	-427.0845	-597.3672	170.2827	1.251347	2.372029
7254	-433.5577	-602.9646	169.4069	1.461965	2.789728
7260	-422.858	-592.5838	169.7258	1.448687	2.601668
7266	-434.8963	-603.3391	168.4428	1.881147	3.14136
7272	-418.7271	-588.2227	169.4956	1.764297	2.564881
7278	-443.0086	-612.616	169.6075	1.634788	2.567816
7284	-443.7453	-613.5861	169.8408	1.625327	2.427306
7290	-459.5235	-629.4259	169.9024	1.797686	2.289989
7296	-434.7131	-603.4678	168.7548	1.709319	3.045762
7302	-427.8866	-597.4924	169.6058	1.519444	2.634724
7308	-433.7774	-603.2345	169.4571	1.615298	2.671748
7314	-429.1073	-598.4111	169.3039	1.843983	2.640055
7320	-424.5331	-594.2213	169.6882	1.488465	2.601738
7326	-425.0863	-593.8322	168.7459	1.545098	3.140542
7332	-441.6917	-611.4513	169.7597	2.188035	2.168592
7338	-430.2343	-599.5646	169.3303	1.899794	2.593732
7344	-441.5372	-610.4066	168.8694	2.346859	2.650356
7350	-435.4654	-605.2538	169.7884	1.457828	2.55748
7356	-435.2575	-603.3218	168.0643	2.286894	3.165502
7362	-437.6232	-607.1007	169.4775	1.585827	2.675844
7368	-418.9012	-587.9808	169.0795	1.585827	2.918181
7374	-421.5606	-591.0101	169.4495	1.505137	2.738956
7380	-413.9745	-584.3143	170.3398	1.05811	2.456648
7386	-410.5442	-579.8494	169.3052	1.783679	2.671896
7392	-414.2839	-583.598	169.3141	1.436204	2.860925
7398	-420.3243	-589.512	169.1877	1.995138	2.631443
7404	-425.8835	-595.189	169.3055	1.227102	2.98792
7410	-410.0849	-579.778	169.6931	1.160125	2.793469
7416	-424.6418	-594.5357	169.8939	1.615753	2.399378
7422	-421.8457	-590.9251	169.0794	2.261665	2.562355
7428	-422.405	-592.1367	169.7317	1.282953	2.696113
7434	-430.1735	-599.5578	169.3843	1.572047	2.7408
7440	-440.2866	-609.6073	169.3207	1.490277	2.825984
7446	-431.3167	-600.5893	169.2726	2.214693	2.465439
7452	-445.4268	-615.2619	169.8351	1.994356	2.224003
7458	-450.1762	-618.9441	168.7678	1.894819	2.939737
7464	-440.8779	-610.1129	169.235	1.347182	2.960054
7470	-455.8838	-624.7812	168.8974	1.961338	2.826808
7476	-439.8981	-609.1887	169.2906	1.961338	2.585616
7482	-435.8324	-605.2741	169.4417	1.750658	2.605786
7488	-439.2196	-607.6988	168.4792	2.017126	3.050262
7494	-436.9036	-606.5396	169.6359	1.646514	2.543471
7500	-440.8677	-610.4457	169.578	1.226494	2.823712
7506	-434.4843	-603.506	169.0217	1.663111	2.910411
7512	-432.2985	-601.0812	168.7827	1.900772	2.927652
7518	-432.3395	-601.6938	169.3543	1.428628	2.840918
7524	-432.7617	-603.1815	170.4198	1.670827	2.027044
7530	-428.141	-597.6273	169.4863	1.899877	2.496604
7536	-423.2793	-593.2356	169.9562	1.632627	2.350117
7542	-420.6226	-589.5181	168.8955	2.368165	2.623884
7548	-434.8428	-604.9454	170.1025	1.675295	2.23173
7554	-435.5032	-604.4168	168.9136	1.790575	2.90682
7560	-437.5127	-605.785	168.2722	2.077596	3.143449
7566	-439.6078	-608.6171	169.0093	1.717874	2.888075
7572	-433.5236	-602.8655	169.3419	1.468399	2.825614
7578	-424.485	-594.0569	169.5719	1.600385	2.609354
7584	-425.008	-595.2504	170.2424	1.64706	2.157737
7590	-428.4618	-598.3024	169.8406	1.639524	2.419323
7596	-433.8584	-603.6202	169.7618	0.9964835	2.850829
