Iteration	Posterior	Likelihood	Prior	tree_length
0	-188.897	-356.4751	167.578	4.644474
6	-190.5875	-360.3409	169.7533	3.401003
12	-189.8836	-359.0977	169.2141	3.714757
18	-198.1121	-367.6548	169.5427	3.524118
24	-201.8065	-372.2828	170.4763	2.97215
30	-192.3122	-362.1616	169.8494	3.344609
36	-182.9048	-351.7592	168.8544	3.921714
42	-188.8051	-357.7655	168.9603	3.860935
48	-191.4931	-360.3907	168.8975	3.896966
54	-189.2157	-358.2971	169.0814	3.791303
60	-186.2396	-355.7067	169.4672	3.568077
66	-180.9467	-350.4895	169.5427	3.524079
72	-187.2569	-357.1179	169.861	3.337779
78	-202.242	-371.8421	169.6001	3.490621
84	-199.1905	-368.8663	169.6758	3.446421
90	-189.9071	-358.9276	169.0205	3.826369
96	-193.0491	-361.8043	168.7551	3.978523
102	-182.4162	-351.2585	168.8423	3.928626
108	-182.5667	-352.9777	170.411	3.011312
114	-182.7248	-350.9258	168.201	4.293733
120	-190.185	-360.3083	170.1233	3.182871
126	-199.9576	-370.0809	170.1233	3.182871
132	-199.2797	-367.9089	168.6292	4.050481
138	-193.2701	-362.1665	168.8963	3.897656
144	-188.885	-356.8851	168	4.40726
150	-200.8054	-370.2862	169.4808	3.56013
156	-203.8382	-372.954	169.1158	3.77147
162	-202.0948	-371.8082	169.7134	3.424431
168	-196.7298	-365.4545	168.7247	3.995927
174	-193.6922	-362.4169	168.7247	3.995927
180	-185.5253	-354.7346	169.2094	3.717465
186	-190.8142	-360.7761	169.9619	3.27837
192	-203.1049	-370.7174	167.6125	4.625118
198	-196.5459	-366.4718	169.9258	3.299626
204	-200.4235	-370.2367	169.8132	3.365911
210	-195.1281	-364.3205	169.1923	3.727312
216	-185.7142	-355.8412	170.127	3.180685
222	-187.8608	-357.8748	170.0139	3.24763
228	-183.3373	-351.8789	168.5416	4.100397
234	-178.8696	-348.8805	170.0109	3.249432
240	-186.3666	-355.0465	168.68	4.021489
246	-186.7624	-356.3563	169.5939	3.49425
252	-178.8785	-348.4724	169.5939	3.49425
258	-175.0691	-345.2245	170.1554	3.163849
264	-183.4692	-352.3534	168.8842	3.904606
270	-180.3335	-350.8546	170.5211	2.945182
276	-183.3822	-353.6614	170.2793	3.090118
282	-187.6335	-356.8007	169.1672	3.741849
288	-177.3312	-347.3276	169.9963	3.258045
294	-192.5963	-361.9819	169.3856	3.61547
300	-195.5768	-363.7811	168.2042	4.291901
306	-183.4683	-353.8905	170.4222	3.004618
312	-196.6232	-365.3406	168.7174	4.000117
318	-198.8156	-367.2219	168.4062	4.177361
324	-195.8789	-365.1648	169.2859	3.673212
330	-220.6618	-389.1305	168.4688	4.141825
336	-211.7823	-380.6865	168.9042	3.893158
342	-220.5129	-388.1077	167.5948	4.635058
348	-200.5978	-368.1926	167.5948	4.635058
354	-189.1801	-357.2969	168.1168	4.341333
360	-203.9489	-372.9516	169.0027	3.836593
366	-196.5037	-366.1067	169.603	3.488937
372	-191.5433	-360.6831	169.1398	3.757615
378	-188.7695	-358.2537	169.4842	3.558175
384	-192.5407	-361.4913	168.9506	3.866546
390	-194.5084	-364.9459	170.4374	2.995477
396	-190.2042	-358.6684	168.4642	4.1444
402	-184.7638	-355.0533	170.2895	3.084001
408	-187.9307	-356.5946	168.6639	4.03063
414	-190.4135	-359.2037	168.7903	3.958429
420	-176.5442	-345.7193	169.175	3.737321
426	-184.757	-353.4242	168.6672	4.028755
432	-186.0369	-355.1516	169.1147	3.772097
438	-185.9266	-353.8378	167.9111	4.457348
444	-182.0185	-352.2118	170.1933	3.141314
450	-188.9842	-358.5401	169.5559	3.516428
456	-202.7989	-372.3548	169.5559	3.516428
462	-203.5082	-371.4495	167.9413	4.44035
468	-200.8917	-369.7957	168.904	3.893269
474	-204.2144	-373.62	169.4056	3.603824
480	-205.7963	-376.2674	170.4711	2.975232
486	-191.9803	-361.6935	169.7132	3.42451
492	-195.5552	-365.7093	170.154	3.164644
498	-190.6335	-359.9048	169.2714	3.68164
504	-183.9347	-352.9746	169.0399	3.815165
510	-186.8393	-355.5755	168.7362	3.989356
516	-185.3239	-354.3723	169.0484	3.810308
522	-195.4622	-363.4082	167.946	4.437715
528	-188.3383	-358.0869	169.7486	3.403803
534	-191.9075	-361.0877	169.1802	3.734333
540	-198.9934	-368.9732	169.9798	3.267787
546	-189.6362	-358.3927	168.7566	3.977701
552	-189.4884	-359.1728	169.6844	3.441349
558	-192.6617	-361.9951	169.3334	3.645737
564	-192.6163	-361.9874	169.3711	3.623852
570	-191.8762	-361.7033	169.827	3.357752
576	-178.814	-348.6994	169.8854	3.323432
582	-186.1248	-355.5848	169.4601	3.572205
588	-185.1333	-354.6541	169.5208	3.536849
594	-186.9847	-355.9144	168.9297	3.878531
600	-199.5952	-368.8428	169.2477	3.695351
606	-187.8806	-356.2241	168.3435	4.212992
612	-190.5631	-359.3531	168.7899	3.958619
618	-197.4063	-366.0572	168.6508	4.038118
624	-179.4728	-348.8684	169.3956	3.609667
630	-186.3765	-355.4263	169.0498	3.809513
636	-184.02	-354.1521	170.1321	3.177662
642	-180.2139	-350.097	169.8831	3.324782
648	-179.5667	-350.8322	171.2655	2.488805
654	-187.0876	-356.1184	169.0308	3.820442
660	-184.0496	-353.5345	169.4849	3.557747
666	-176.6112	-346.2606	169.6494	3.461839
672	-190.6416	-360.886	170.2444	3.110911
678	-182.76	-352.7261	169.9661	3.275878
684	-180.72	-350.5888	169.8688	3.333233
690	-181.4932	-351.3619	169.8688	3.333233
696	-179.1493	-348.8018	169.6525	3.460024
702	-188.6587	-358.8472	170.1885	3.144145
708	-183.9507	-354.1393	170.1885	3.144145
714	-189.3303	-359.4858	170.1555	3.163772
720	-181.2001	-351.9573	170.7571	2.802312
726	-176.3015	-346.9412	170.6397	2.873595
732	-185.0576	-354.4233	169.3658	3.626958
738	-187.5439	-357.5479	170.004	3.253512
744	-189.3953	-357.7643	168.369	4.198518
750	-191.6325	-360.0014	168.369	4.198518
756	-201.1983	-369.8491	168.6508	4.038135
762	-191.1004	-359.2897	168.1893	4.300349
768	-193.3005	-364.112	170.8115	2.769149
774	-191.7595	-362.0524	170.2929	3.081997
780	-185.2633	-353.2943	168.031	4.38978
786	-190.2154	-360.3057	170.0903	3.202442
792	-184.036	-354.1263	170.0903	3.202442
798	-176.7786	-347.1806	170.4021	3.016697
804	-176.3313	-345.7556	169.4243	3.592986
810	-184.9954	-353.9557	168.9603	3.860942
816	-190.856	-359.1866	168.3306	4.220292
822	-180.2963	-349.7093	169.413	3.599572
828	-196.6099	-364.669	168.0591	4.373947
834	-189.67	-359.7148	170.0448	3.229384
840	-187.946	-357.6478	169.7018	3.431175
846	-188.449	-358.5204	170.0713	3.213678
852	-184.1098	-353.4311	169.3213	3.652702
858	-191.152	-359.9366	168.7846	3.961659
864	-178.5876	-348.0524	169.4649	3.569413
870	-202.5228	-371.4495	168.9267	3.880246
876	-197.037	-365.2032	168.1662	4.313394
882	-183.5478	-352.5547	169.0069	3.834182
888	-194.244	-363.2509	169.0069	3.834182
894	-188.3327	-357.3396	169.0069	3.834182
900	-194.9993	-365.931	170.9317	2.695577
906	-185.9651	-355.2195	169.2544	3.691466
912	-196.96	-366.2144	169.2544	3.691466
918	-180.1923	-349.4095	169.2172	3.712948
924	-191.529	-361.5043	169.9753	3.27047
930	-190.395	-359.6675	169.2725	3.680954
936	-187.5022	-356.7748	169.2725	3.680954
942	-192.5231	-361.4343	168.9112	3.889117
948	-205.8387	-374.0079	168.1692	4.311713
954	-191.2157	-359.9318	168.7161	4.000859
960	-174.9727	-345.4732	170.5004	2.957618
966	-182.7985	-352.4634	169.6649	3.452783
972	-189.5745	-359.5006	169.9261	3.299479
978	-191.3421	-360.0055	168.6634	4.030961
984	-199.679	-367.4575	167.7785	4.531952
990	-188.6617	-359.5072	170.8455	2.748406
996	-180.5385	-350.9641	170.4257	3.002536
1002	-180.8351	-350.6817	169.8466	3.346256
1008	-186.8763	-356.7229	169.8466	3.346256
1014	-181.7985	-351.1232	169.3246	3.65079
1020	-177.9613	-348.8259	170.8646	2.736696
1026	-184.7181	-353.9604	169.2423	3.698439
1032	-183.4816	-351.9173	168.4357	4.160628
1038	-192.3481	-361.2351	168.887	3.903039
1044	-198.1247	-366.9948	168.8701	3.912722
1050	-192.7828	-361.4517	168.6689	4.027802
1056	-191.6821	-360.6529	168.9708	3.854944
1062	-188.5806	-357.8689	169.2884	3.671801
1068	-188.2376	-356.689	168.4515	4.151672
1074	-188.6211	-357.8577	169.2366	3.70174
1080	-188.8282	-358.786	169.9578	3.280779
1086	-186.4995	-354.2717	167.7722	4.535526
1092	-201.2612	-370.7282	169.467	3.568178
1098	-195.7455	-364.5886	168.8431	3.928189
1104	-194.0247	-364.5794	170.5547	2.924927
1110	-187.1573	-356.3245	169.1672	3.74185
1116	-179.6015	-349.5394	169.9379	3.292498
1122	-177.4969	-346.382	168.8852	3.904076
1128	-196.9915	-364.8783	167.8867	4.471086
1134	-185.4164	-355.2999	169.8834	3.324591
1140	-187.9631	-355.5567	167.5936	4.635731
1146	-188.5407	-357.9378	169.3971	3.608778
1152	-190.5865	-360.1972	169.6107	3.484447
1158	-185.5053	-355.5524	170.0471	3.228
1164	-173.3385	-342.3502	169.0117	3.831392
1170	-186.7378	-355.2648	168.527	4.108718
1176	-198.2621	-367.398	169.1359	3.759902
1182	-195.4859	-365.4836	169.9977	3.25724
1188	-197.9641	-367.1283	169.1642	3.743557
1194	-186.108	-356.8493	170.7413	2.811928
1200	-189.7929	-358.6111	168.8182	3.942442
1206	-174.4497	-345.2787	170.829	2.758509
1212	-166.3933	-337.2547	170.8614	2.738675
1218	-181.4071	-351.7093	170.3022	3.076419
1224	-176.7271	-345.7505	169.0233	3.824708
1230	-185.0732	-354.0393	168.9661	3.857636
1236	-186.8589	-355.4279	168.569	4.084792
1242	-181.0775	-350.9949	169.9175	3.304558
1248	-181.8593	-351.8117	169.9523	3.284
1254	-190.0045	-358.7513	168.7468	3.9833
1260	-177.7887	-347.8336	170.0448	3.229365
1266	-177.2051	-346.5694	169.3642	3.627844
1272	-192.4464	-361.9829	169.5366	3.527675
1278	-195.9319	-364.4605	168.5286	4.107769
1284	-205.2897	-373.8183	168.5286	4.107769
1290	-200.5893	-368.9813	168.392	4.185427
1296	-194.063	-362.878	168.8149	3.944326
1302	-203.6834	-372.4866	168.8032	3.951034
1308	-187.8497	-357.8525	170.0028	3.254209
1314	-183.533	-353.5087	169.9758	3.270189
1320	-188.2678	-358.6658	170.398	3.019101
1326	-202.7507	-371.3974	168.6467	4.040455
1332	-196.7817	-365.9116	169.1299	3.76334
1338	-187.9217	-356.0362	168.1145	4.342611
1344	-189.0579	-359.2989	170.241	3.112948
1350	-185.7234	-355.7222	169.9988	3.256582
1356	-184.3621	-354.6933	170.3312	3.059072
1362	-184.21	-353.2122	169.0022	3.836878
1368	-191.2615	-361.2599	169.9984	3.256794
1374	-192.9168	-362.0482	169.1314	3.76248
1380	-177.8135	-347.5531	169.7395	3.409096
1386	-195.729	-365.7126	169.9836	3.265547
1392	-189.5448	-359.5284	169.9836	3.265547
1398	-182.1518	-352.6265	170.4748	2.973062
1404	-185.8783	-355.7357	169.8573	3.339945
1410	-204.1801	-374.5844	170.4043	3.015331
1416	-200.8429	-369.11	168.2672	4.256255
1422	-179.6775	-349.0709	169.3934	3.610911
1428	-180.1269	-350.483	170.3561	3.044207
1434	-183.2285	-353.4216	170.1931	3.141413
1440	-189.1196	-359.247	170.1274	3.180448
1446	-182.452	-351.0224	168.5704	4.084004
1452	-186.9879	-356.6105	169.6226	3.477512
1458	-195.5565	-363.9654	168.4089	4.175861
1464	-185.569	-354.5899	169.0209	3.826114
1470	-190.8346	-360.9306	170.096	3.199052
1476	-199.0702	-368.775	169.7048	3.429451
1482	-184.8902	-354.7942	169.9039	3.312528
1488	-179.1975	-349.1015	169.9039	3.312528
1494	-172.0505	-341.2734	169.2229	3.709647
1500	-185.1513	-355.0786	169.9273	3.298771
1506	-186.2299	-357.2478	171.0179	2.642579
1512	-180.7402	-350.4615	169.7214	3.419736
1518	-176.0333	-345.7533	169.72	3.420548
1524	-187.2069	-357.6241	170.4172	3.007616
1530	-183.9771	-353.1508	169.1737	3.738059
1536	-190.2053	-359.5355	169.3302	3.64758
1542	-187.8941	-357.2243	169.3302	3.64758
1548	-176.8493	-346.8181	169.9688	3.27429
1554	-179.4863	-349.0978	169.6116	3.483937
1560	-186.9856	-355.3139	168.3284	4.221565
1566	-183.1791	-352.6264	169.4474	3.579582
1572	-182.7748	-351.6672	168.8924	3.899922
1578	-184.6144	-354.3552	169.7408	3.40835
1584	-193.2424	-362.7807	169.5383	3.526655
1590	-196.8552	-367.0222	170.167	3.156954
1596	-190.9392	-361.1061	170.167	3.156954
1602	-190.7926	-360.9596	170.167	3.156954
1608	-178.9263	-348.833	169.9067	3.31091
1614	-180.4378	-349.2007	168.7629	3.974091
1620	-181.5522	-350.6543	169.1021	3.779369
1626	-184.023	-353.749	169.726	3.417012
1632	-195.7795	-365.6423	169.8628	3.336738
1638	-194.916	-364.7788	169.8628	3.336738
1644	-179.3918	-348.9167	169.5249	3.534471
1650	-168.8533	-337.9726	169.1192	3.769495
1656	-170.0812	-339.9133	169.8321	3.354785
1662	-170.0113	-338.8966	168.8853	3.903965
1668	-172.0527	-342.1012	170.0485	3.227214
1674	-169.0785	-338.2214	169.1429	3.755862
1680	-184.9759	-355.4179	170.4421	2.992692
1686	-172.5481	-341.6974	169.1492	3.752189
1692	-179.5716	-349.0364	169.4649	3.569411
1698	-173.7175	-343.1824	169.4649	3.569411
1704	-186.3342	-355.7991	169.4649	3.569411
1710	-180.9695	-350.0617	169.0922	3.78507
1716	-180.4886	-349.6269	169.1383	3.758512
1722	-193.6329	-362.236	168.6031	4.06534
1728	-182.3846	-351.0976	168.713	4.002621
1734	-188.4744	-358.8516	170.3772	3.031601
1740	-181.9574	-352.118	170.1606	3.160732
1746	-194.6596	-364.8202	170.1606	3.160732
1752	-184.3788	-354.3436	169.9648	3.276663
1758	-182.1481	-351.0868	168.9388	3.873322
1764	-183.5316	-351.9711	168.4394	4.158495
1770	-179.7407	-349.6116	169.871	3.33194
1776	-184.6354	-354.5064	169.871	3.33194
1782	-197.1085	-366.9794	169.871	3.33194
1788	-187.6877	-356.4438	168.7561	3.977965
1794	-193.4306	-360.8848	167.4542	4.713779
1800	-184.2434	-352.8685	168.6251	4.052783
1806	-181.4261	-350.3458	168.9196	3.884287
1812	-191.7646	-361.8502	170.0855	3.205283
1818	-195.2343	-365.0837	169.8494	3.344617
1824	-188.982	-358.4016	169.4196	3.595713
1830	-186.3924	-355.812	169.4196	3.595713
1836	-187.6111	-357.0307	169.4196	3.595713
1842	-188.7551	-359.1607	170.4057	3.014539
1848	-183.3224	-352.8026	169.4802	3.560498
1854	-187.0352	-356.1627	169.1274	3.764784
1860	-183.1294	-352.7788	169.6494	3.461828
1866	-189.3284	-358.9779	169.6494	3.461828
1872	-179.1236	-349.5502	170.4266	3.001971
1878	-182.6735	-352.1928	169.5193	3.537742
1884	-187.9643	-357.4836	169.5193	3.537742
1890	-197.1047	-367.4435	170.3388	3.054574
1896	-194.8768	-365.9063	171.0295	2.635417
1902	-193.0893	-362.123	169.0337	3.818768
1908	-203.4738	-372.6755	169.2018	3.72188
1914	-203.5814	-371.9101	168.3287	4.22137
1920	-188.1909	-357.4178	169.2269	3.707358
1926	-182.359	-351.9768	169.6177	3.480339
1932	-176.2585	-346.3219	170.0634	3.218368
1938	-178.9995	-349.4508	170.4514	2.98711
1944	-173.0519	-343.6115	170.5596	2.921945
1950	-179.6743	-350.234	170.5596	2.921945
1956	-200.789	-371.3486	170.5596	2.921945
1962	-177.3996	-347.9592	170.5596	2.921945
1968	-177.0766	-347.4621	170.3855	3.026584
1974	-186.2209	-356.0356	169.8147	3.364987
1980	-187.2829	-356.3472	169.0643	3.801166
1986	-186.5195	-355.972	169.4525	3.576586
1992	-187.1306	-356.683	169.5524	3.518461
1998	-186.833	-356.5601	169.727	3.416428
2004	-188.9123	-360.1105	171.1982	2.530791
2010	-183.714	-353.4989	169.785	3.382455
2016	-187.0802	-356.2536	169.1734	3.738252
2022	-193.3818	-362.6996	169.3178	3.654739
2028	-188.6813	-357.2737	168.5924	4.071439
2034	-192.3594	-361.7562	169.3968	3.608978
2040	-197.0261	-367.574	170.5479	2.929008
2046	-202.5741	-372.3383	169.7642	3.394648
2052	-186.0086	-355.4306	169.4219	3.594354
2058	-195.241	-364.8633	169.6223	3.477673
2064	-186.1464	-356.409	170.2627	3.100016
2070	-203.7516	-372.4155	168.6639	4.030647
2076	-193.9579	-362.5033	168.5454	4.098191
2082	-199.9472	-369.6965	169.7493	3.403373
2088	-193.923	-362.4678	168.5449	4.098522
2094	-185.1461	-354.2726	169.1264	3.765337
2100	-193.255	-361.1646	167.9096	4.458236
2106	-181.6668	-350.5188	168.8521	3.923041
2112	-192.8968	-361.6115	168.7147	4.001628
2118	-185.1259	-353.8406	168.7147	4.001628
2124	-176.8764	-346.8061	169.9298	3.297293
2130	-185.5249	-355.4547	169.9298	3.297293
2136	-175.8353	-345.9771	170.1418	3.171937
2142	-186.0801	-355.7198	169.6396	3.467543
2148	-184.3722	-352.8067	168.4344	4.161341
2154	-188.9438	-358.0741	169.1302	3.763162
2160	-192.4139	-361.5442	169.1302	3.763162
2166	-195.5409	-364.6712	169.1302	3.763162
2172	-186.6746	-356.9945	170.3199	3.065864
2178	-186.2901	-356.2735	169.9834	3.265656
2184	-185.2641	-355.2475	169.9834	3.265656
2190	-195.4018	-364.3944	168.9926	3.842379
2196	-206.1764	-375.4519	169.2754	3.679277
2202	-198.4724	-367.3606	168.8882	3.902306
2208	-186.3275	-355.8933	169.5658	3.510663
2214	-186.1111	-354.4281	168.317	4.228022
2220	-186.4689	-355.5793	169.1105	3.774546
2226	-179.9839	-349.0944	169.1105	3.774546
2232	-178.146	-349.1112	170.9652	2.675038
2238	-181.2871	-351.0286	169.7415	3.407969
2244	-191.1735	-360.5281	169.3546	3.633453
2250	-196.3963	-365.5892	169.1929	3.726989
2256	-196.6804	-365.9168	169.2364	3.701863
2262	-187.5831	-356.531	168.9479	3.868067
2268	-186.4923	-355.7567	169.2644	3.685677
2274	-202.1941	-372.2512	170.0571	3.222138
2280	-190.0647	-358.8683	168.8036	3.95078
2286	-193.8117	-363.951	170.1393	3.173371
2292	-183.2178	-352.9966	169.7788	3.386072
2298	-186.4514	-356.2302	169.7788	3.386072
2304	-198.8853	-370.3457	171.4604	2.366033
2310	-172.2928	-342.6718	170.3789	3.030539
2316	-183.5286	-353.3205	169.7919	3.378369
2322	-187.5167	-357.0617	169.545	3.52275
2328	-181.2832	-350.8282	169.545	3.52275
2334	-201.8875	-370.6567	168.7692	3.970475
2340	-177.611	-347.3206	169.7095	3.426679
2346	-193.4179	-362.6145	169.1966	3.724854
2352	-191.3269	-360.9559	169.629	3.473745
2358	-185.6316	-355.2606	169.629	3.473745
2364	-177.8264	-347.4555	169.629	3.473745
2370	-195.0306	-365.7423	170.7117	2.829892
2376	-186.8827	-356.7238	169.8411	3.349505
2382	-186.9685	-356.7318	169.7633	3.395162
2388	-179.4317	-349.0999	169.6682	3.450868
2394	-184.6825	-353.8886	169.2062	3.719328
2400	-186.637	-355.8431	169.2062	3.719328
2406	-192.7658	-361.5559	168.7901	3.958522
2412	-186.1781	-356.6145	170.4364	2.99612
2418	-190.2086	-359.1311	168.9225	3.882627
2424	-188.3466	-358.228	169.8814	3.325802
2430	-188.9458	-357.6523	168.7064	4.00636
2436	-175.355	-346.0994	170.7444	2.810026
2442	-191.1972	-360.852	169.6547	3.458718
2448	-187.0727	-356.7274	169.6547	3.458718
2454	-189.8795	-359.756	169.8765	3.328691
2460	-185.7712	-354.3046	168.5334	4.105071
2466	-172.1059	-342.4122	170.3062	3.074014
2472	-181.3593	-350.0642	168.7049	4.007222
2478	-190.1384	-360.8368	170.6984	2.837999
2484	-198.876	-367.4491	168.5731	4.082461
2490	-193.0401	-363.2002	170.16	3.16108
2496	-192.9337	-363.2119	170.2782	3.090735
2502	-198.3209	-367.7424	169.4215	3.594628
2508	-192.039	-360.6818	168.6428	4.042695
2514	-193.5005	-363.256	169.7555	3.399727
2520	-191.8841	-361.9041	170.02	3.244057
2526	-197.4698	-366.8842	169.4145	3.598701
2532	-198.9493	-368.6818	169.7324	3.413253
2538	-175.2379	-346.4183	171.1805	2.541861
2544	-177.4431	-346.6489	169.2058	3.719557
2550	-174.1643	-342.6254	168.4611	4.146198
2556	-185.4248	-355.4023	169.9774	3.269191
2562	-189.4674	-358.82	169.3526	3.634596
2568	-184.5268	-353.8794	169.3526	3.634596
2574	-176.1271	-346.3926	170.2654	3.098367
2580	-180.8278	-350.831	170.0031	3.254018
2586	-181.2934	-351.4064	170.113	3.189011
2592	-189.9489	-360.3423	170.3934	3.021875
2598	-186.2579	-357.328	171.0701	2.610302
2604	-178.4129	-348.2114	169.7984	3.374561
2610	-190.6106	-360.2714	169.6608	3.455197
2616	-189.3532	-359.0597	169.7065	3.428421
2622	-193.5834	-362.2236	168.6401	4.044212
2628	-193.0413	-361.212	168.1707	4.310844
2634	-210.4707	-378.7602	168.2895	4.243621
2640	-204.3397	-374.4556	170.1159	3.187301
2646	-199.3632	-369.1665	169.8033	3.371673
2652	-196.8311	-368.3637	171.5326	2.320149
2658	-189.9055	-361.1339	171.2283	2.512017
2664	-179.8398	-349.16	169.3202	3.653378
2670	-195.9473	-364.1707	168.2234	4.28104
2676	-186.1314	-355.8215	169.6901	3.438022
2682	-187.083	-356.9736	169.8906	3.320366
2688	-182.2671	-352.1577	169.8906	3.320366
2694	-180.2076	-349.6742	169.4666	3.568409
2700	-185.0641	-354.8792	169.815	3.364807
2706	-192.5032	-362.6268	170.1235	3.182748
2712	-184.0251	-353.8006	169.7755	3.388023
2718	-185.4305	-356.0884	170.658	2.862512
2724	-185.2963	-354.8234	169.5271	3.533176
2730	-185.8816	-355.7811	169.8995	3.315123
2736	-185.0421	-354.9416	169.8995	3.315123
2742	-192.0612	-361.254	169.1927	3.72709
2748	-197.6193	-366.3109	168.6916	4.014829
2754	-194.9308	-363.6224	168.6916	4.014829
2760	-197.7282	-367.4802	169.752	3.401765
2766	-193.0768	-362.1786	169.1018	3.779549
2772	-195.2967	-365.516	170.2192	3.125877
2778	-185.4892	-355.3857	169.8964	3.316945
2784	-187.2679	-356.9828	169.7149	3.423502
2790	-184.6988	-353.6411	168.9424	3.871243
2796	-185.406	-354.6723	169.2663	3.684555
2802	-192.8721	-361.929	169.0569	3.80539
2808	-196.0987	-364.7093	168.6106	4.061089
2814	-188.4618	-357.1196	168.6578	4.034156
2820	-169.8791	-340.2904	170.4113	3.011124
2826	-176.0911	-344.8059	168.7147	4.001622
2832	-183.7952	-352.9366	169.1414	3.756696
2838	-179.4305	-347.5446	168.1141	4.342837
2844	-192.2602	-360.3744	168.1141	4.342837
2850	-175.6106	-344.5987	168.9881	3.844974
2856	-182.8134	-352.6134	169.8	3.373612
2862	-189.3417	-358.9376	169.5959	3.493088
2868	-182.0463	-352.3797	170.3334	3.057791
2874	-198.7206	-367.7179	168.9973	3.839708
2880	-201.4009	-372.2788	170.8779	2.7286
2886	-178.1126	-347.8089	169.6963	3.434427
2892	-178.7435	-349.459	170.7155	2.827609
2898	-196.8703	-367.1592	170.2889	3.084382
2904	-188.3712	-357.7003	169.3291	3.648206
2910	-190.4212	-360.4348	170.0136	3.247835
2916	-203.8319	-373.8455	170.0136	3.247835
2922	-197.4282	-366.3417	168.9135	3.887818
2928	-196.7658	-365.7222	168.9564	3.863168
2934	-181.8027	-350.4808	168.6781	4.022534
2940	-171.9968	-342.412	170.4153	3.008776
2946	-180.6784	-349.3553	168.6769	4.023214
2952	-198.1782	-367.5031	169.3249	3.650649
2958	-196.6055	-365.3512	168.7457	3.983926
2964	-190.1992	-360.2012	170.0019	3.254736
2970	-189.9255	-358.2551	168.3296	4.220854
2976	-188.0519	-357.7991	169.7472	3.404589
2982	-181.7506	-351.6153	169.8647	3.335633
2988	-184.0111	-353.3764	169.3654	3.627189
2994	-185.9173	-355.5308	169.6135	3.48279
3000	-196.7445	-366.3461	169.6016	3.489769
3006	-187.8351	-357.8993	170.0642	3.217936
3012	-183.6897	-353.236	169.5463	3.522015
3018	-186.6592	-357.0457	170.3865	3.02599
3024	-187.7674	-358.3087	170.5413	2.933025
3030	-204.2578	-373.8073	169.5496	3.520104
3036	-201.5318	-369.4223	167.8905	4.468951
3042	-196.1276	-365.7434	169.6158	3.481473
3048	-180.7953	-349.5091	168.7138	4.00218
3054	-195.4187	-365.5677	170.149	3.167628
3060	-189.7041	-358.28	168.5759	4.080842
3066	-188.283	-359.2724	170.9894	2.660136
3072	-187.1241	-355.3143	168.1902	4.299837
3078	-191.4336	-360.2616	168.828	3.936831
3084	-188.9114	-357.7058	168.7944	3.956069
3090	-184.9508	-354.4424	169.4915	3.553896
3096	-188.3451	-357.8366	169.4915	3.553896
3102	-187.2481	-357.0026	169.7545	3.40033
3108	-198.3105	-368.5971	170.2867	3.085693
3114	-216.2735	-386.1072	169.8337	3.353828
3120	-189.6245	-358.6956	169.0711	3.797248
3126	-186.8295	-357.4065	170.577	2.911452
3132	-182.5168	-352.2215	169.7047	3.429501
3138	-192.2688	-359.9754	167.7067	4.572316
3144	-185.9878	-356.144	170.1562	3.163329
3150	-190.5328	-360.247	169.7142	3.423951
3156	-189.5263	-359.788	170.2617	3.100558
3162	-188.9419	-359.191	170.2491	3.108074
3168	-187.1002	-356.8048	169.7045	3.429587
3174	-189.7965	-358.2763	168.4798	4.135552
3180	-188.8771	-357.9434	169.0663	3.799993
3186	-192.2611	-361.8607	169.5996	3.49093
3192	-193.2518	-362.8514	169.5996	3.49093
3198	-187.2824	-357.0701	169.7876	3.380904
3204	-202.936	-371.1059	168.17	4.311273
3210	-186.5523	-356.6676	170.1153	3.187624
3216	-190.2806	-359.8362	169.5556	3.516612
3222	-185.4244	-354.9799	169.5556	3.516612
3228	-191.1018	-359.4199	168.3181	4.227384
3234	-194.0566	-364.4726	170.416	3.008337
3240	-198.4537	-367.7227	169.269	3.683034
3246	-192.288	-360.3966	168.1086	4.345945
3252	-191.2493	-360.704	169.4547	3.575302
3258	-201.6125	-370.7302	169.1177	3.770364
3264	-193.8407	-362.535	168.6943	4.013309
3270	-195.8337	-363.8143	167.9806	4.418203
3276	-203.9598	-371.9404	167.9806	4.418203
3282	-199.8249	-368.6186	168.7937	3.956462
3288	-196.7854	-365.4996	168.7143	4.001896
3294	-183.1127	-352.8736	169.7608	3.396612
3300	-189.3507	-358.9995	169.6489	3.46216
3306	-186.5899	-356.278	169.6881	3.439223
3312	-189.919	-359.0141	169.0952	3.783361
3318	-191.4031	-360.4692	169.0661	3.800098
3324	-187.4664	-356.882	169.4156	3.598051
3330	-186.0288	-355.6691	169.6403	3.467185
3336	-188.4974	-357.4909	168.9934	3.84191
3342	-181.4893	-350.1675	168.6782	4.022507
3348	-185.3222	-354.0004	168.6782	4.022507
3354	-192.206	-361.6104	169.4044	3.604522
3360	-201.6835	-370.8183	169.1348	3.760525
3366	-186.8809	-357.335	170.4541	2.985458
3372	-186.9709	-356.2078	169.2369	3.701578
3378	-187.1617	-357.6079	170.4462	2.99024
3384	-212.2533	-381.5054	169.252	3.692822
3390	-201.2324	-370.536	169.3035	3.663022
3396	-182.6117	-352.1664	169.5547	3.517087
3402	-190.4431	-358.9191	168.476	4.137722
3408	-184.3573	-354.178	169.8206	3.361514
3414	-188.9916	-359.5682	170.5766	2.91172
3420	-186.2835	-355.7693	169.4858	3.557244
3426	-190.1282	-359.614	169.4858	3.557244
3432	-189.424	-358.441	169.017	3.828386
3438	-190.8811	-360.0722	169.1911	3.728051
3444	-177.4663	-347.8361	170.3699	3.035965
3450	-180.9903	-351.3601	170.3699	3.035965
3456	-182.8249	-351.7175	168.8926	3.899794
3462	-191.6941	-361.8761	170.182	3.148037
3468	-185.7202	-355.9022	170.182	3.148037
3474	-201.3851	-369.5809	168.1958	4.296654
3480	-201.1608	-371.3989	170.2381	3.114661
3486	-204.8616	-373.5084	168.6468	4.040398
3492	-195.2407	-365.2133	169.9726	3.272062
3498	-210.0751	-380.0552	169.9801	3.267619
3504	-203.4869	-372.944	169.4571	3.57395
3510	-202.0678	-371.8276	169.7598	3.397224
3516	-197.5075	-366.4457	168.9381	3.873667
3522	-189.9637	-359.7457	169.782	3.384205
3528	-187.9019	-357.5979	169.696	3.43457
3534	-202.8873	-372.7268	169.8395	3.35041
3540	-186.2296	-356.2476	170.018	3.245254
3546	-188.1265	-358.3711	170.2446	3.110752
3552	-188.4315	-357.7213	169.2898	3.670959
3558	-188.8967	-357.8571	168.9604	3.860914
3564	-182.536	-351.8652	169.3292	3.648153
3570	-191.5058	-361.4254	169.9196	3.303303
3576	-185.7761	-355.0026	169.2265	3.70758
3582	-192.875	-361.626	168.751	3.980889
3588	-195.9404	-363.9919	168.0515	4.378209
3594	-200.8112	-369.3996	168.5884	4.073736
3600	-204.0885	-373.7015	169.613	3.483097
3606	-189.3282	-358.7729	169.4447	3.581114
3612	-180.4816	-350.0616	169.58	3.502366
3618	-182.2146	-351.3183	169.1036	3.778491
3624	-203.38	-373.2666	169.8865	3.322767
3630	-184.9429	-353.6088	168.6659	4.029491
3636	-175.1138	-344.5847	169.4709	3.565872
3642	-182.5715	-352.583	170.0115	3.249058
3648	-193.2347	-363.0265	169.7918	3.378451
3654	-187.8917	-355.1431	167.2514	4.827054
3660	-190.3896	-360.1131	169.7234	3.418521
3666	-181.9788	-351.7437	169.7649	3.394235
3672	-194.3794	-364.1443	169.7649	3.394235
3678	-188.7444	-358.3248	169.5804	3.502135
3684	-184.3377	-353.9181	169.5804	3.502135
3690	-189.6135	-358.4709	168.8574	3.919985
3696	-171.6287	-340.922	169.2933	3.668966
3702	-176.259	-346.1818	169.9228	3.301433
3708	-196.5878	-366.2562	169.6684	3.450752
3714	-201.9023	-369.569	167.6667	4.594759
3720	-188.6197	-358.6912	170.0715	3.213611
3726	-182.7365	-351.5579	168.8214	3.940582
3732	-185.7766	-356.1085	170.3319	3.058675
3738	-189.8762	-359.7426	169.8664	3.334623
3744	-185.8743	-355.0599	169.1856	3.7312
3750	-195.3634	-365.699	170.3356	3.05649
3756	-205.6304	-375.8451	170.2147	3.128608
3762	-190.4675	-360.1668	169.6992	3.4327
3768	-183.8535	-354.1176	170.264	3.09919
3774	-183.0948	-352.5697	169.4749	3.563591
3780	-179.2213	-348.4798	169.2585	3.689071
3786	-171.7334	-341.4884	169.7549	3.400074
3792	-180.8535	-350.8682	170.0147	3.247188
3798	-186.0604	-356.7669	170.7065	2.833058
3804	-179.1753	-347.9857	168.8103	3.946945
3810	-178.5638	-348.6633	170.0994	3.197031
3816	-174.6651	-344.7646	170.0994	3.197031
3822	-181.0949	-351.3244	170.2295	3.119771
3828	-190.669	-360.2032	169.5342	3.529079
3834	-176.4989	-346.0238	169.5248	3.53451
3840	-175.5044	-345.9011	170.3966	3.019942
3846	-184.6605	-354.3391	169.6786	3.444786
3852	-181.7958	-351.5167	169.7209	3.420026
3858	-189.2667	-358.2965	169.0298	3.820986
3864	-194.4256	-362.2296	167.8039	4.517675
3870	-182.9272	-352.8523	169.925	3.300113
3876	-189.323	-359.2481	169.925	3.300113
3882	-194.4785	-363.1089	168.6304	4.04979
3888	-191.065	-360.435	169.37	3.624482
3894	-185.2777	-354.38	169.1024	3.779209
3900	-172.9835	-343.2689	170.2853	3.086492
3906	-179.2064	-347.309	168.1026	4.349347
3912	-183.381	-353.3879	170.0068	3.251842
3918	-173.5025	-342.6019	169.0994	3.780939
3924	-179.4911	-349.9408	170.4498	2.988071
3930	-180.5098	-351.0176	170.5078	2.953183
3936	-181.2277	-351.4873	170.2596	3.101834
3942	-191.9614	-361.4359	169.4745	3.56378
3948	-186.7629	-354.2298	167.4669	4.706661
3954	-186.1991	-355.1248	168.9256	3.880843
3960	-190.8706	-360.2493	169.3787	3.619428
3966	-189.0341	-357.2631	168.229	4.277846
3972	-182.9352	-351.7077	168.7724	3.968641
3978	-191.6431	-362.3075	170.6644	2.858631
3984	-192.1955	-360.9271	168.7316	3.991993
3990	-190.8849	-360.0468	169.1618	3.744917
3996	-196.029	-365.1109	169.0819	3.791015
4002	-192.2459	-361.5455	169.2996	3.665269
4008	-189.3844	-359.4176	170.0331	3.236287
4014	-192.2982	-361.1793	168.8812	3.906358
4020	-191.1884	-360.1668	168.9785	3.850516
4026	-189.3274	-358.3457	169.0183	3.827616
4032	-202.8853	-373.1533	170.268	3.096804
4038	-182.3542	-351.5868	169.2326	3.704069
4044	-181.0955	-350.5135	169.418	3.596648
4050	-191.2272	-361.65	170.4228	3.004274
4056	-206.5832	-377.3066	170.7234	2.822784
4062	-205.4738	-375.2614	169.7876	3.380915
4068	-205.333	-372.5403	167.2073	4.851623
4074	-189.1837	-357.5873	168.4036	4.178851
4080	-179.9854	-350.3691	170.3837	3.0277
4086	-190.6349	-359.122	168.4872	4.131366
4092	-194.2374	-363.9684	169.731	3.414114
4098	-188.4824	-357.2621	168.7797	3.964492
4104	-192.2977	-361.0586	168.7608	3.975266
4110	-191.9422	-361.4709	169.5287	3.532267
4116	-204.4065	-373.17	168.7635	3.973722
4122	-187.7713	-357.5134	169.7421	3.407609
4128	-183.3409	-352.6071	169.2662	3.684648
4134	-195.5593	-365.6432	170.084	3.206194
4140	-204.8757	-373.071	168.1953	4.29694
4146	-196.4936	-365.2556	168.762	3.974601
4152	-202.5716	-372.9121	170.3405	3.053521
4158	-192.8327	-362.1791	169.3464	3.638157
4164	-191.4742	-359.3342	167.8601	4.486108
4170	-184.4537	-354.4616	170.008	3.251173
4176	-187.9433	-359.0927	171.1494	2.56117
4182	-187.9631	-357.6215	169.6584	3.456584
4188	-182.3811	-352.0395	169.6584	3.456584
4194	-182.9871	-351.5587	168.5716	4.083272
4200	-173.606	-342.4231	168.8171	3.943047
4206	-177.5285	-347.5665	170.038	3.233401
4212	-169.8746	-339.9126	170.038	3.233401
4218	-184.0074	-353.6975	169.69	3.438073
4224	-186.2908	-355.1761	168.8854	3.903944
4230	-192.7177	-362.4597	169.742	3.407637
4236	-182.4059	-353.0709	170.665	2.858223
4242	-176.7572	-347.6194	170.8622	2.738204
4248	-191.7387	-360.8623	169.1236	3.766972
4254	-186.1878	-356.0195	169.8317	3.355035
4260	-191.7516	-361.5833	169.8317	3.355035
4266	-187.0275	-355.8447	168.8172	3.943004
4272	-184.1982	-353.6254	169.4273	3.59126
4278	-190.6923	-359.3653	168.6731	4.025424
4284	-180.6534	-350.9177	170.2643	3.099045
4290	-189.386	-357.8642	168.4782	4.136451
4296	-186.4858	-356.2323	169.7465	3.40504
4302	-177.9854	-348.8857	170.9002	2.714903
4308	-182.0037	-352.1325	170.1288	3.179594
4314	-187.7	-357.8181	170.1181	3.185966
4320	-184.4422	-353.573	169.1308	3.762824
4326	-184.3456	-353.8491	169.5035	3.546929
4332	-187.9849	-357.4884	169.5035	3.546929
4338	-190.8581	-360.3616	169.5035	3.546929
4344	-189.9186	-359.562	169.6435	3.465303
4350	-186.0084	-354.8861	168.8777	3.908333
4356	-186.5769	-354.8629	168.2861	4.245551
4362	-181.7778	-351.7902	170.0125	3.24851
4368	-193.1802	-362.3114	169.1313	3.762564
4374	-193.5369	-362.3229	168.786	3.96085
4380	-195.0576	-364.5266	169.4691	3.566972
4386	-189.486	-357.7084	168.2224	4.281579
4392	-190.3508	-360.0414	169.6906	3.437769
4398	-185.0363	-355.5119	170.4756	2.972548
4404	-185.4273	-355.2384	169.8111	3.367129
4410	-192.2211	-362.0322	169.8111	3.367129
4416	-189.8232	-358.9116	169.0883	3.7873
4422	-191.2103	-360.5374	169.327	3.649413
4428	-202.2327	-371.7421	169.5094	3.54347
4434	-184.9465	-354.2803	169.3337	3.645537
4440	-176.7054	-346.1297	169.4243	3.592977
4446	-185.6721	-355.7912	170.1191	3.185366
4452	-184.1841	-353.833	169.6489	3.462133
4458	-185.6114	-355.2133	169.6019	3.48961
4464	-185.5106	-354.1879	168.6773	4.02302
4470	-180.4724	-350.1925	169.7201	3.420456
4476	-196.0442	-367.6552	171.611	2.270031
4482	-186.8598	-356.8438	169.984	3.265326
4488	-179.3084	-349.9956	170.6872	2.844784
4494	-177.807	-347.3324	169.5254	3.534206
4500	-177.7256	-346.1303	168.4047	4.178239
4506	-183.9362	-354.5688	170.6326	2.877867
4512	-177.5796	-347.5545	169.9749	3.270713
4518	-184.4379	-354.6001	170.1621	3.159844
4524	-177.7618	-347.0737	169.3119	3.658176
4530	-199.6398	-366.9355	167.2958	4.802303
4536	-220.064	-386.9977	166.9337	5.003916
4542	-179.836	-349.7	169.864	3.336004
4548	-168.9925	-339.7022	170.7096	2.83118
4554	-182.1198	-350.7892	168.6694	4.027509
4560	-174.2515	-343.4705	169.219	3.711893
4566	-179.7596	-348.9786	169.219	3.711893
4572	-179.7007	-350.245	170.5443	2.931199
4578	-174.4033	-344.348	169.9447	3.288507
4584	-192.981	-362.7828	169.8018	3.372581
4590	-190.7866	-360.6698	169.8832	3.324729
4596	-186.8363	-356.6378	169.8015	3.372765
4602	-181.9829	-352.322	170.3391	3.05438
4608	-194.6508	-364.0312	169.3804	3.618481
4614	-202.446	-372.3154	169.8694	3.332868
4620	-187.9645	-358.3843	170.4198	3.00606
4626	-185.8892	-355.8731	169.9839	3.265381
4632	-187.2461	-356.2212	168.9751	3.852421
4638	-185.4038	-354.1938	168.79	3.958592
4644	-186.7968	-357.2827	170.4859	2.966383
4650	-189.976	-360.1557	170.1797	3.149402
4656	-209.2781	-378.144	168.8659	3.915121
4662	-175.4772	-344.2006	168.7234	3.996681
4668	-185.1874	-354.7871	169.5997	3.490837
4674	-193.368	-364.0271	170.6591	2.861801
4680	-203.3631	-372.8985	169.5354	3.528348
4686	-190.4703	-360.7818	170.3115	3.070872
4692	-183.1709	-353.0225	169.8516	3.343299
4698	-187.2246	-356.1383	168.9137	3.887725
4704	-191.9999	-362.373	170.3731	3.034042
4710	-186.2162	-354.9807	168.7645	3.973157
4716	-202.1068	-370.0796	167.9728	4.422579
4722	-192.0324	-361.6511	169.6187	3.479773
4728	-192.8087	-363.0268	170.2181	3.126552
4734	-184.9168	-355.693	170.7762	2.790696
4740	-181.1489	-351.9339	170.785	2.785329
4746	-192.7865	-362.6575	169.871	3.331915
4752	-183.583	-352.8903	169.3073	3.660842
4758	-189.1384	-359.07	169.9316	3.29624
4764	-179.7007	-349.0381	169.3375	3.643362
4770	-185.5162	-354.5597	169.0435	3.813086
4776	-185.3958	-354.6787	169.2829	3.674942
4782	-176.4336	-347.0734	170.6398	2.873489
4788	-180.3537	-350.6463	170.2927	3.082126
4794	-191.0585	-359.6764	168.618	4.056869
4800	-204.8237	-373.4417	168.618	4.056869
4806	-194.1411	-362.5887	168.4476	4.153839
4812	-196.85	-366.4693	169.6192	3.479465
4818	-189.4789	-359.4237	169.9448	3.288451
4824	-187.3929	-356.2166	168.8237	3.939316
4830	-195.1248	-363.7686	168.6438	4.042125
4836	-201.7307	-370.7965	169.0658	3.800292
4842	-191.0666	-360.4149	169.3483	3.637056
4848	-195.7744	-364.0593	168.2849	4.246215
4854	-198.2811	-367.9153	169.6342	3.470703
4860	-201.7526	-371.6619	169.9093	3.309374
4866	-202.8827	-372.792	169.9093	3.309374
4872	-189.7054	-359.6231	169.9177	3.304444
4878	-186.9687	-356.1496	169.1809	3.73393
4884	-184.6449	-353.8257	169.1809	3.73393
4890	-176.0945	-345.698	169.6035	3.488649
4896	-177.1472	-348.319	171.1718	2.547231
4902	-182.0012	-352.2318	170.2306	3.119114
4908	-181.4985	-351.628	170.1295	3.179192
4914	-198.4323	-367.0621	168.6299	4.050077
4920	-193.2917	-361.1446	167.8529	4.490124
4926	-198.7136	-367.7015	168.9879	3.845107
4932	-187.681	-357.7487	170.0677	3.215854
4938	-190.1332	-359.7204	169.5872	3.498134
4944	-197.7557	-367.3502	169.5945	3.493913
4950	-188.3643	-357.4268	169.0624	3.802223
4956	-177.9235	-347.8607	169.9372	3.292949
4962	-202.1121	-369.4976	167.3855	4.752213
4968	-175.5502	-346.0914	170.5412	2.933083
4974	-175.0767	-344.3093	169.2326	3.704066
4980	-174.3428	-344.9057	170.5629	2.919974
4986	-173.2171	-344.493	171.2759	2.482282
4992	-177.891	-349.1942	171.3033	2.465125
4998	-177.0049	-348.2166	171.2117	2.522394
5004	-170.9974	-342.5366	171.5392	2.315931
5010	-176.7964	-347.0035	170.2071	3.133099
5016	-179.1193	-346.7004	167.5811	4.642751
5022	-177.6901	-347.241	169.5509	3.519311
5028	-180.3802	-349.4809	169.1007	3.780156
5034	-172.8603	-342.8089	169.9486	3.286202
5040	-182.0118	-352.334	170.3222	3.064454
5046	-178.9413	-348.4877	169.5465	3.521915
5052	-181.496	-350.519	169.023	3.824907
5058	-188.6373	-356.8959	168.2586	4.261125
5064	-189.1555	-358.7971	169.6415	3.466439
5070	-188.8287	-358.6279	169.7992	3.374124
5076	-185.8465	-356.0376	170.1911	3.142611
5082	-188.4606	-358.2212	169.7605	3.396791
5088	-183.3585	-351.1228	167.7643	4.539924
5094	-184.7827	-354.4032	169.6205	3.478708
5100	-189.8378	-359.2841	169.4463	3.580192
5106	-208.1246	-378.5345	170.4098	3.012026
5112	-192.0921	-360.7214	168.6293	4.050413
5118	-193.0368	-362.0608	169.024	3.824316
5124	-189.7447	-359.9093	170.1646	3.158398
5130	-198.135	-366.3863	168.2513	4.265252
5136	-194.6039	-364.8802	170.2763	3.091885
5142	-193.3677	-361.6033	168.2356	4.274117
5148	-184.8445	-354.8394	169.9949	3.258855
5154	-193.4927	-363.2122	169.7195	3.420819
5160	-194.541	-363.8518	169.3108	3.658822
5166	-200.991	-369.5508	168.5598	4.090004
5172	-191.3289	-361.4374	170.1085	3.191688
5178	-192.811	-362.9194	170.1085	3.191688
5184	-188.6285	-357.8721	169.2436	3.697718
5190	-198.0064	-366.2805	168.274	4.252361
5196	-184.7489	-354.0038	169.255	3.691129
5202	-185.9954	-355.5469	169.5515	3.519
5208	-175.9902	-345.5301	169.5398	3.525766
5214	-185.2592	-353.6371	168.3779	4.193439
5220	-180.2698	-349.4961	169.2263	3.707708
5226	-178.2731	-347.8956	169.6226	3.477519
5232	-200.8759	-370.7287	169.8529	3.342573
5238	-195.6517	-364.318	168.6663	4.029271
5244	-204.6647	-374.286	169.6213	3.478253
5250	-205.394	-374.5786	169.1846	3.731776
5256	-200.8232	-369.8666	169.0434	3.813184
5262	-188.6943	-357.7377	169.0434	3.813184
5268	-175.3622	-345.1589	169.7967	3.375592
5274	-185.6099	-354.7359	169.1259	3.765643
5280	-189.8693	-358.8939	169.0245	3.82402
5286	-184.1018	-353.1264	169.0245	3.82402
5292	-188.6881	-358.1177	169.4297	3.589867
5298	-185.3862	-355.0238	169.6376	3.468717
5304	-209.9433	-377.7511	167.8078	4.515521
5310	-200.8321	-370.8159	169.9837	3.265468
5316	-187.7923	-357.9197	170.1274	3.180465
5322	-187.5164	-355.5623	168.0459	4.3814
5328	-198.9778	-366.9411	167.9633	4.427966
5334	-200.9359	-370.5392	169.6034	3.488717
5340	-184.0561	-354.1283	170.0722	3.213171
5346	-182.4088	-352.481	170.0722	3.213171
5352	-195.0343	-365.1947	170.1603	3.16092
5358	-192.5852	-362.5446	169.9594	3.27983
5364	-198.8008	-367.3444	168.5435	4.099274
5370	-209.3599	-378.4905	169.1306	3.762924
5376	-210.9367	-379.7978	168.8611	3.917858
5382	-179.0614	-348.36	169.2986	3.665862
5388	-181.7881	-350.1421	168.354	4.207021
5394	-178.9674	-348.1011	169.1337	3.761162
5400	-193.0876	-362.418	169.3304	3.647477
5406	-191.6716	-360.3973	168.7258	3.995322
5412	-194.8312	-364.9667	170.1356	3.175603
5418	-184.1087	-353.5389	169.4302	3.58954
5424	-187.8978	-357.6432	169.7454	3.405673
5430	-200.7315	-370.4769	169.7454	3.405673
5436	-190.1001	-358.8413	168.7412	3.986495
5442	-190.7992	-360.2107	169.4114	3.600453
5448	-208.6361	-378.0475	169.4114	3.600453
5454	-219.9074	-389.2011	169.2937	3.66871
5460	-190.0601	-359.2584	169.1983	3.723871
5466	-183.0471	-352.9764	169.9293	3.297579
5472	-180.3598	-350.2891	169.9293	3.297579
5478	-195.1169	-363.7662	168.6493	4.038964
5484	-188.8939	-358.4498	169.5559	3.516436
5490	-184.158	-353.6623	169.5044	3.546437
5496	-185.0914	-355.6401	170.5487	2.928542
5502	-195.4627	-365.2123	169.7496	3.403195
5508	-202.1129	-373.2736	171.1607	2.554162
5514	-188.3186	-357.4489	169.1304	3.763075
5520	-200.3102	-369.5605	169.2503	3.693799
5526	-192.0437	-361.294	169.2503	3.693799
5532	-196.2138	-364.569	168.3552	4.206365
5538	-177.8904	-348.6479	170.7576	2.802026
5544	-184.9011	-354.5617	169.6606	3.455316
5550	-183.4755	-352.7386	169.2631	3.686422
5556	-186.051	-355.6011	169.55	3.51983
5562	-176.709	-345.8485	169.1395	3.757818
5568	-190.94	-361.3614	170.4214	3.005079
5574	-177.2563	-345.8797	168.6234	4.05377
5580	-199.2464	-367.8481	168.6017	4.066137
5586	-196.7691	-365.402	168.6329	4.048362
5592	-199.8311	-369.6815	169.8504	3.34405
5598	-188.6288	-357.9036	169.2748	3.679659
5604	-179.7712	-349.2675	169.4963	3.551111
5610	-196.3157	-366.4685	170.1528	3.165362
5616	-187.3085	-356.701	169.3925	3.611417
5622	-193.9111	-362.8836	168.9724	3.853973
5628	-196.1614	-365.3257	169.1643	3.743512
5634	-187.3293	-356.4936	169.1643	3.743512
5640	-198.0504	-367.5286	169.4782	3.561657
5646	-199.6758	-368.463	168.7872	3.9602
5652	-185.738	-354.7698	169.0318	3.819821
5658	-185.2329	-355.0641	169.8313	3.355271
5664	-181.3096	-351.5195	170.2099	3.13142
5670	-176.6134	-345.5552	168.9418	3.871574
5676	-187.8415	-356.6	168.7585	3.976599
5682	-207.5406	-375.605	168.0644	4.370957
5688	-197.8094	-367.5144	169.705	3.429327
5694	-184.523	-353.8783	169.3552	3.633057
5700	-190.428	-360.2873	169.8593	3.338795
5706	-188.769	-358.4439	169.6749	3.446955
5712	-193.4185	-362.4818	169.0634	3.801666
5718	-190.8206	-359.2827	168.4622	4.145584
5724	-193.2241	-361.6863	168.4622	4.145584
5730	-202.9845	-370.8399	167.8554	4.488754
5736	-211.9986	-381.5508	169.5522	3.518571
5742	-187.9478	-357.9427	169.9949	3.25887
5748	-191.8432	-362.0683	170.2251	3.122369
5754	-197.5372	-365.6476	168.1104	4.344937
5760	-200.5197	-369.032	168.5123	4.117051
5766	-190.6619	-359.5771	168.9153	3.886803
5772	-186.5542	-356.0719	169.5177	3.538694
5778	-189.0604	-359.1872	170.1269	3.180772
5784	-183.271	-353.2926	170.0216	3.243115
5790	-192.0997	-360.9521	168.8524	3.922844
5796	-183.9518	-353.196	169.2442	3.69734
5802	-208.8598	-376.9047	168.0449	4.381913
5808	-199.9839	-368.9255	168.9416	3.871692
5814	-190.9317	-359.4395	168.5079	4.119585
5820	-192.2414	-361.5229	169.2815	3.675765
5826	-189.2057	-358.341	169.1352	3.760265
5832	-174.0636	-343.5553	169.4917	3.553789
5838	-186.5973	-356.089	169.4917	3.553789
5844	-185.7678	-354.024	168.2562	4.26245
5850	-193.7949	-362.7743	168.9794	3.849986
5856	-190.3969	-359.3763	168.9794	3.849986
5862	-185.4955	-355.4091	169.9136	3.306854
5868	-176.2509	-346.2636	170.0127	3.248396
5874	-180.2216	-349.3804	169.1587	3.746707
5880	-193.2474	-363.8931	170.6456	2.869979
5886	-185.4523	-355.1243	169.6719	3.448665
5892	-206.1308	-374.7602	168.6294	4.050369
5898	-199.0398	-368.0687	169.0288	3.821552
5904	-191.1948	-360.4212	169.2264	3.707654
5910	-202.1075	-371.3967	169.2892	3.671325
5916	-189.3204	-357.8633	168.5429	4.099639
5922	-192.6279	-361.0381	168.4102	4.17511
5928	-181.4941	-351.5965	170.1024	3.195269
5934	-191.4765	-362.0398	170.5632	2.919776
5940	-203.6497	-373.3457	169.696	3.434566
5946	-196.0295	-365.2777	169.2482	3.695024
5952	-199.6794	-368.4861	168.8067	3.949033
5958	-201.5758	-369.8508	168.275	4.251794
5964	-190.7085	-360.8315	170.123	3.183045
5970	-192.8249	-362.9479	170.123	3.183045
5976	-190.0326	-359.4929	169.4602	3.572111
5982	-193.5887	-362.0236	168.4349	4.161099
5988	-181.8702	-351.2357	169.3655	3.627129
5994	-176.0577	-345.3979	169.3402	3.641772
6000	-185.6666	-355.0068	169.3402	3.641772
6006	-180.2613	-350.6353	170.374	3.033512
6012	-185.1948	-355.2307	170.0359	3.234625
6018	-185.7077	-354.3316	168.6238	4.053517
6024	-182.3102	-351.7195	169.4093	3.601685
6030	-193.8572	-363.5608	169.7036	3.430115
6036	-211.1892	-378.7179	167.5287	4.672108
6042	-190.1082	-359.5207	169.4125	3.599808
6048	-182.883	-352.9215	170.0385	3.233114
6054	-187.7654	-357.2492	169.4838	3.55838
6060	-197.5184	-367.5592	170.0408	3.231739
6066	-198.5092	-368.1704	169.6612	3.454946
6072	-187.6887	-357.0757	169.387	3.614662
6078	-194.5105	-363.3686	168.8581	3.919567
6084	-207.3393	-374.8635	167.5242	4.674599
6090	-203.7983	-372.8711	169.0728	3.796246
6096	-200.6526	-370.1188	169.4663	3.568594
6102	-192.5629	-362.1026	169.5398	3.525821
6108	-199.485	-369.0248	169.5398	3.525821
6114	-196.1097	-365.875	169.7653	3.393973
6120	-190.7117	-360.1556	169.4439	3.581578
6126	-194.6984	-364.1423	169.4439	3.581578
6132	-193.8631	-362.4166	168.5535	4.093595
6138	-200.4315	-370.165	169.7335	3.412647
6144	-191.9365	-361.67	169.7335	3.412647
6150	-201.3448	-370.9566	169.6118	3.483806
6156	-193.694	-363.333	169.639	3.46791
6162	-193.1258	-363.8449	170.7191	2.825391
6168	-188.7498	-357.8159	169.0661	3.800114
6174	-195.0388	-364.8914	169.8527	3.342688
6180	-195.9134	-364.9264	169.0129	3.830699
6186	-205.4216	-376.077	170.6554	2.864081
6192	-195.8185	-366.4739	170.6554	2.864081
6198	-173.9775	-345.2819	171.3044	2.464445
6204	-171.6646	-342.665	171.0004	2.65335
6210	-176.1843	-345.8549	169.6705	3.449502
6216	-182.5954	-353.5651	170.9697	2.672234
6222	-180.8312	-350.1812	169.3501	3.636058
6228	-190.6995	-359.8111	169.1116	3.773882
6234	-190.2617	-360.384	170.1223	3.183498
6240	-181.7466	-351.3964	169.6498	3.46161
6246	-185.9403	-356.1814	170.2411	3.112863
6252	-186.952	-355.1588	168.2068	4.29046
6258	-187.0065	-355.847	168.8405	3.92964
6264	-205.6192	-374.6987	169.0795	3.792364
6270	-201.484	-369.9729	168.4889	4.130384
6276	-208.599	-376.4109	167.8119	4.513205
6282	-195.5014	-364.3775	168.8761	3.909249
6288	-204.7307	-372.0939	167.3632	4.764644
6294	-210.206	-379.5495	169.3435	3.639879
6300	-197.0088	-366.8058	169.797	3.375384
6306	-197.2593	-366.7365	169.4772	3.562214
6312	-192.1922	-361.9051	169.7129	3.424713
6318	-184.1299	-353.9192	169.7893	3.379929
6324	-197.9053	-366.9269	169.0215	3.825743
6330	-186.9169	-356.8995	169.9826	3.266139
6336	-176.9442	-346.9687	170.0245	3.241381
6342	-185.5726	-354.4229	168.8503	3.924048
6348	-187.3134	-356.652	169.3386	3.642721
6354	-176.9033	-347.7785	170.8752	2.730249
6360	-181.0959	-351.1041	170.0082	3.251023
6366	-196.3296	-365.5386	169.2091	3.717662
6372	-195.0756	-364.8939	169.8183	3.36288
6378	-188.2577	-358.609	170.3513	3.047102
6384	-188.9621	-358.4528	169.4907	3.554388
6390	-192.411	-361.2182	168.8072	3.948728
6396	-177.6528	-346.9926	169.3398	3.642038
6402	-185.7709	-356.6791	170.9082	2.710014
6408	-179.3918	-348.9826	169.5908	3.496056
6414	-192.5517	-362.8139	170.2622	3.100284
6420	-188.5329	-358.9659	170.433	2.998157
6426	-185.3624	-355.3481	169.9857	3.264342
6432	-183.3301	-353.3158	169.9857	3.264342
6438	-176.4599	-346.3889	169.9291	3.29772
6444	-174.0658	-343.9973	169.9314	3.296333
6450	-190.0825	-359.7132	169.6308	3.472736
6456	-186.6077	-356.197	169.5893	3.496948
6462	-200.1623	-368.4112	168.2489	4.266623
6468	-185.8256	-355.156	169.3304	3.647445
6474	-179.6243	-348.355	168.7307	3.99248
6480	-175.1398	-344.5563	169.4165	3.597511
6486	-191.4496	-360.9087	169.459	3.572802
6492	-216.6372	-384.3139	167.6767	4.589133
6498	-192.5349	-362.1515	169.6166	3.481013
6504	-180.5847	-351.1187	170.534	2.937383
6510	-176.9478	-345.8652	168.9174	3.885588
6516	-178.3427	-348.401	170.0583	3.221411
6522	-189.608	-358.2396	168.6316	4.049088
6528	-185.0666	-353.6982	168.6316	4.049088
6534	-181.9327	-350.869	168.9363	3.874726
6540	-188.1819	-357.9396	169.7578	3.3984
6546	-184.8712	-354.8632	169.9919	3.26064
6552	-192.4751	-362.7035	170.2284	3.120437
6558	-189.7636	-360.1635	170.3999	3.017991
6564	-186.3952	-355.6771	169.2819	3.675531
6570	-181.8923	-352.0086	170.1164	3.186996
6576	-192.5248	-362.393	169.8683	3.333531
6582	-195.783	-364.8248	169.0418	3.814096
6588	-196.5246	-365.5664	169.0418	3.814096
6594	-201.773	-371.1495	169.3765	3.620704
6600	-187.4179	-357.3899	169.972	3.27243
6606	-191.0429	-359.5856	168.5428	4.099721
6612	-193.5551	-363.969	170.4138	3.009626
6618	-198.2728	-367.3871	169.1144	3.772294
6624	-201.5028	-370.9454	169.4426	3.582363
6630	-193.8141	-363.2567	169.4426	3.582363
6636	-200.647	-369.3622	168.7152	4.001357
6642	-185.6958	-355.7441	170.0483	3.227325
6648	-188.6509	-359.456	170.8051	2.773051
6654	-182.5163	-352.3003	169.7841	3.382988
6660	-186.1638	-355.3355	169.1717	3.739227
6666	-192.2771	-361.4488	169.1717	3.739227
6672	-192.6776	-361.9622	169.2846	3.673973
6678	-179.5957	-349.1833	169.5876	3.497942
6684	-187.1973	-357.2672	170.0699	3.214516
6690	-197.1959	-367.0262	169.8303	3.355821
6696	-196.6625	-365.6212	168.9587	3.861889
6702	-207.2757	-375.926	168.6503	4.038428
6708	-198.9866	-366.8939	167.9073	4.4595
6714	-187.364	-355.6372	168.2732	4.252832
6720	-197.0684	-365.9377	168.8693	3.913175
6726	-188.77	-358.6806	169.9105	3.30864
6732	-205.6986	-374.9417	169.2431	3.69801
6738	-209.0282	-376.7957	167.7676	4.53812
6744	-198.4931	-367.6504	169.1572	3.747575
6750	-187.5487	-358.1765	170.6278	2.88078
6756	-199.2138	-368.9946	169.7808	3.384908
6762	-187.9025	-357.8783	169.9758	3.270152
6768	-186.6398	-356.6157	169.9758	3.270152
6774	-185.2881	-354.9312	169.6432	3.465482
6780	-197.0788	-367.5175	170.4386	2.994757
6786	-195.857	-365.6864	169.8294	3.356373
6792	-193.5618	-362.2621	168.7003	4.00987
6798	-186.6767	-355.328	168.6514	4.037801
6804	-191.2936	-360.9948	169.7011	3.431587
6810	-189.9193	-358.4366	168.5173	4.114216
6816	-191.7754	-360.2927	168.5173	4.114216
6822	-191.6705	-362.5256	170.855	2.742584
6828	-199.1753	-369.4828	170.3075	3.073277
6834	-191.3398	-361.9438	170.6039	2.895194
6840	-208.9922	-377.8315	168.8393	3.930348
6846	-202.3442	-371.8423	169.4981	3.550082
6852	-193.44	-362.3603	168.9203	3.883906
6858	-192.103	-361.863	169.7601	3.397069
6864	-191.1041	-361.0986	169.9946	3.259087
6870	-185.5177	-354.2889	168.7712	3.96936
6876	-185.7295	-355.3793	169.6498	3.461583
6882	-184.1175	-353.7961	169.6786	3.444746
6888	-179.7142	-349.5224	169.8081	3.368866
6894	-189.9334	-359.7416	169.8081	3.368866
6900	-182.8188	-351.8573	169.0385	3.816013
6906	-192.7683	-362.509	169.7408	3.408383
6912	-189.5872	-359.0618	169.4746	3.563754
6918	-200.8357	-370.6075	169.7718	3.390169
6924	-196.5701	-364.6267	168.0566	4.375336
6930	-195.0412	-364.1991	169.1579	3.747221
6936	-208.6869	-377.8292	169.1423	3.756172
6942	-193.5951	-362.1206	168.5255	4.109544
6948	-189.0369	-358.0233	168.9864	3.845967
6954	-189.1716	-359.2643	170.0927	3.201026
6960	-198.8136	-368.4367	169.6232	3.477161
6966	-199.8123	-368.9298	169.1175	3.770516
6972	-200.181	-368.9303	168.7493	3.981893
6978	-193.5942	-362.3434	168.7493	3.981893
6984	-195.9284	-363.8355	167.9071	4.459613
6990	-210.1215	-378.4947	168.3732	4.196138
6996	-194.7843	-364.3866	169.6023	3.489343
7002	-178.5465	-348.779	170.2325	3.117962
7008	-189.9564	-360.1383	170.1819	3.1481
7014	-189.6887	-358.9444	169.2557	3.690712
7020	-198.2285	-367.4315	169.2031	3.721121
7026	-192.6768	-361.7467	169.0699	3.797935
7032	-200.2473	-369.0791	168.8317	3.934698
7038	-198.91	-368.5871	169.6771	3.445631
7044	-203.2323	-372.6089	169.3766	3.620678
7050	-203.7002	-372.1944	168.4942	4.127357
7056	-194.01	-363.1812	169.1712	3.739545
7062	-198.4841	-367.1201	168.636	4.04655
7068	-191.3462	-361.2801	169.9339	3.294881
7074	-185.9881	-355.5724	169.5843	3.499881
7080	-210.4644	-378.9419	168.4774	4.136892
7086	-198.5333	-367.0179	168.4846	4.132802
7092	-192.2982	-361.4509	169.1527	3.750183
7098	-193.7402	-363.286	169.5457	3.522328
7104	-195.312	-363.4909	168.1789	4.306224
7110	-196.6233	-366.4488	169.8256	3.358633
7116	-182.5367	-351.8634	169.3266	3.649635
7122	-177.0481	-346.328	169.2798	3.676739
7128	-191.0907	-358.2886	167.1979	4.856905
7134	-186.4732	-355.7262	169.253	3.692257
7140	-196.9026	-366.1556	169.253	3.692257
7146	-189.3551	-358.6081	169.253	3.692257
7152	-179.8811	-349.8368	169.9558	3.281988
7158	-181.7655	-350.7009	168.9353	3.875285
7164	-182.9511	-352.6379	169.6868	3.439973
7170	-187.5345	-356.9598	169.4253	3.592393
7176	-189.6282	-358.8381	169.2099	3.717177
7182	-190.6738	-359.4319	168.758	3.97687
7188	-182.821	-351.5685	168.7475	3.982884
7194	-188.0031	-356.3257	168.3226	4.224814
7200	-197.867	-366.095	168.228	4.278444
