Iteration	Posterior	Likelihood	Prior	tree_length
0	-1039.025	-1209.887	170.8618	2.738455
6	-1033.324	-1204.186	170.8618	2.738455
12	-1031.907	-1202.905	170.9982	2.654708
18	-1033.077	-1204.16	171.0838	2.601837
24	-1028.215	-1198.625	170.4104	3.011684
30	-1040.382	-1211.251	170.8698	2.73356
36	-1027.67	-1197.852	170.1821	3.147941
42	-1036.677	-1207.464	170.7871	2.784057
48	-1033.487	-1204.25	170.7623	2.799136
54	-1044.797	-1215.095	170.2976	3.079182
60	-1048.196	-1218.493	170.2976	3.079182
66	-1044.876	-1215.322	170.4465	2.99005
72	-1041.156	-1211.52	170.3636	3.039751
78	-1041.395	-1211.759	170.3636	3.039751
84	-1046.633	-1216.7	170.0669	3.216289
90	-1036.888	-1206.552	169.6649	3.45281
96	-1031.795	-1202.453	170.6576	2.862728
102	-1038.837	-1209.316	170.479	2.970521
108	-1039.818	-1210.957	171.1394	2.567367
114	-1022.468	-1193.225	170.7574	2.802117
120	-1032.017	-1202.775	170.7574	2.802117
126	-1032.012	-1202.452	170.4406	2.99356
132	-1039.202	-1210.062	170.8598	2.73966
138	-1047.257	-1218.394	171.1376	2.56852
144	-1036.675	-1207.408	170.7327	2.81717
150	-1035.173	-1206.236	171.0634	2.61446
156	-1029.474	-1200.538	171.0634	2.61446
162	-1039.826	-1210.31	170.4849	2.966959
168	-1035.423	-1206.129	170.7056	2.833639
174	-1048.311	-1219.229	170.9183	2.703797
180	-1040.285	-1211.226	170.9411	2.689825
186	-1032.145	-1202.98	170.8343	2.755223
192	-1029.329	-1199.958	170.6288	2.880148
198	-1033.59	-1203.985	170.3949	3.020968
204	-1041.457	-1211.995	170.5371	2.935512
210	-1034.096	-1204.14	170.0434	3.230192
216	-1041.743	-1212.134	170.3906	3.023564
222	-1026.987	-1197.468	170.4807	2.969461
228	-1028.46	-1199.487	171.0269	2.637044
234	-1026.665	-1198.135	171.4705	2.359617
240	-1026.07	-1196.899	170.829	2.758461
246	-1027.917	-1198.419	170.5019	2.956708
252	-1031.517	-1202.538	171.021	2.640663
258	-1030.821	-1201.233	170.4121	3.010662
264	-1036.282	-1206.694	170.4121	3.010662
270	-1034.226	-1204.656	170.4305	2.999631
276	-1036.063	-1206.614	170.5507	2.927335
282	-1036.706	-1207.861	171.1556	2.557346
288	-1039.666	-1210.428	170.7619	2.799363
294	-1046.602	-1217.367	170.7646	2.797748
300	-1033.792	-1204.864	171.0726	2.608793
306	-1036.179	-1207.145	170.9669	2.673986
312	-1051.12	-1221.998	170.8782	2.728376
318	-1059.878	-1230.585	170.707	2.83276
324	-1035.086	-1205.537	170.4513	2.987176
330	-1050.474	-1221.254	170.7802	2.788224
336	-1048.564	-1219.345	170.7802	2.788224
342	-1024.106	-1195.009	170.9024	2.713596
348	-1030.222	-1200.588	170.3661	3.038199
354	-1036.592	-1207.209	170.6167	2.887476
360	-1039.498	-1211.017	171.5197	2.328375
366	-1035.028	-1206.277	171.2493	2.498926
372	-1041.506	-1212.427	170.9209	2.70225
378	-1036.554	-1206.916	170.3624	3.040451
384	-1038.311	-1208.578	170.2673	3.097273
390	-1036.015	-1206.869	170.854	2.743206
396	-1032.121	-1203.28	171.1588	2.555352
402	-1032.128	-1202.585	170.4566	2.983952
408	-1048.058	-1218.214	170.156	3.163484
414	-1037.139	-1207.89	170.7512	2.805881
420	-1042.904	-1213.004	170.0998	3.196832
426	-1031.527	-1202.201	170.6736	2.853051
432	-1030.309	-1200.982	170.6736	2.853051
438	-1034.35	-1205.204	170.854	2.743221
444	-1033.164	-1203.909	170.7451	2.809641
450	-1035.416	-1206.162	170.7451	2.809641
456	-1034.001	-1204.342	170.341	3.053219
462	-1026.637	-1197.396	170.7585	2.80147
468	-1040.414	-1211.65	171.2364	2.507008
474	-1029.016	-1200.28	171.2646	2.489351
480	-1030.677	-1201.83	171.1527	2.559135
486	-1047.451	-1218.945	171.4944	2.344462
492	-1031.546	-1202.774	171.2282	2.512092
498	-1044.445	-1215.22	170.7749	2.791455
504	-1044.396	-1215.916	171.5204	2.327936
510	-1043.468	-1214.266	170.7977	2.777578
516	-1046.365	-1217.171	170.8058	2.772634
522	-1033.807	-1204.209	170.4021	3.016694
528	-1031.768	-1202.261	170.4925	2.96239
534	-1030.801	-1201.186	170.3846	3.027133
540	-1029.868	-1200.752	170.8838	2.724977
546	-1042.825	-1213.499	170.6734	2.853171
552	-1050.984	-1221.525	170.5407	2.933357
558	-1044.192	-1214.373	170.1813	3.148435
564	-1039.351	-1210.262	170.9114	2.708046
570	-1039.282	-1210.082	170.7998	2.776279
576	-1039.411	-1210.309	170.8978	2.716374
582	-1031.305	-1201.749	170.4439	2.991565
588	-1038.251	-1208.92	170.6686	2.856038
594	-1039.239	-1209.805	170.5659	2.918192
600	-1041.165	-1211.563	170.3981	3.019084
606	-1048.906	-1219.917	171.0107	2.647015
612	-1033.735	-1204.173	170.4379	2.99522
618	-1037.128	-1208.644	171.5155	2.331074
624	-1041.419	-1213.023	171.6048	2.274027
630	-1032.847	-1202.853	170.0068	3.251849
636	-1043.238	-1213.647	170.409	3.012539
642	-1037.749	-1208.53	170.7814	2.787488
648	-1032.458	-1203.24	170.7814	2.787488
654	-1023.352	-1193.644	170.292	3.082502
660	-1030.997	-1201.461	170.4647	2.979085
666	-1026.57	-1197.233	170.663	2.859474
672	-1032.283	-1203.195	170.9119	2.707741
678	-1038.407	-1208.707	170.3001	3.077706
684	-1044.875	-1216.224	171.349	2.436379
690	-1041.309	-1211.673	170.3644	3.039257
696	-1036.255	-1206.709	170.4549	2.984973
702	-1041.853	-1213.131	171.2783	2.480796
708	-1032.768	-1203.68	170.9115	2.708021
714	-1027.677	-1198.588	170.9115	2.708021
720	-1025.614	-1196.522	170.9076	2.710357
726	-1034.203	-1204.991	170.7882	2.783401
732	-1028.061	-1198.609	170.5482	2.928863
738	-1025.256	-1196.373	171.1169	2.581327
744	-1040.413	-1210.904	170.4912	2.963147
750	-1030.782	-1201.226	170.4438	2.991637
756	-1037.967	-1208.917	170.95	2.684362
762	-1025.277	-1195.919	170.6421	2.872123
768	-1023.643	-1194.425	170.7821	2.787076
774	-1025.92	-1196.702	170.7821	2.787076
780	-1038.176	-1209.385	171.2091	2.524023
786	-1041.145	-1212.104	170.9585	2.679151
792	-1034.353	-1205.438	171.0854	2.600861
798	-1030.064	-1200.979	170.9153	2.705645
804	-1038.023	-1208.938	170.9153	2.705645
810	-1054.831	-1225.585	170.7548	2.80372
816	-1047.9	-1219.029	171.1294	2.573622
822	-1038.67	-1209.44	170.7693	2.794879
828	-1041.651	-1212.501	170.8498	2.745771
834	-1036.982	-1207.539	170.5569	2.923618
840	-1059.485	-1230.39	170.9051	2.711921
846	-1052.106	-1222.103	169.9969	3.257688
852	-1054.489	-1225.187	170.6986	2.837873
858	-1042.176	-1212.959	170.7837	2.786129
864	-1039.166	-1209.558	170.3914	3.023069
870	-1031.063	-1201.538	170.4745	2.973186
876	-1020.91	-1191.415	170.5042	2.955326
882	-1039.423	-1210.325	170.9013	2.714274
888	-1040.141	-1210.151	170.0096	3.250214
894	-1042.011	-1212.62	170.6095	2.891827
900	-1032.787	-1203.899	171.1116	2.584638
906	-1030.144	-1200.745	170.6011	2.89691
912	-1040.643	-1211.469	170.8253	2.760748
918	-1061.358	-1232.062	170.7042	2.834466
924	-1058.765	-1229.734	170.9695	2.672384
930	-1043.775	-1214.525	170.7503	2.806442
936	-1035.957	-1206.707	170.7503	2.806442
942	-1025.577	-1196.53	170.953	2.682524
948	-1029.409	-1200.717	171.3082	2.462055
954	-1037.899	-1208.085	170.1864	3.145434
960	-1041.973	-1212.829	170.8556	2.742217
966	-1054.628	-1225.539	170.9103	2.708723
972	-1037.768	-1208.308	170.5402	2.933681
978	-1033.224	-1203.833	170.6084	2.892521
984	-1032.952	-1203.146	170.1942	3.140759
990	-1029.125	-1200.34	171.2154	2.520082
996	-1045.103	-1215.259	170.1561	3.163424
1002	-1043.614	-1213.807	170.1923	3.141904
1008	-1026.36	-1196.434	170.0739	3.212146
1014	-1039.049	-1209.068	170.0185	3.244964
1020	-1043.946	-1214.678	170.7315	2.817896
1026	-1036.437	-1207.241	170.8044	2.773477
1032	-1032.784	-1203.394	170.6094	2.891905
1038	-1038.586	-1209.356	170.7693	2.794895
1044	-1040.283	-1210.932	170.6493	2.867729
1050	-1030.904	-1201.87	170.9656	2.674766
1056	-1029.755	-1200.244	170.4888	2.964631
1062	-1037.235	-1207.567	170.3313	3.059035
1068	-1037.139	-1208.327	171.1885	2.536847
1074	-1041.053	-1211.788	170.7353	2.815556
1080	-1032.547	-1203.584	171.0362	2.631262
1086	-1033.911	-1204.856	170.9451	2.687371
1092	-1030.463	-1201.472	171.0093	2.647891
1098	-1028.472	-1199.481	171.0093	2.647891
1104	-1034.507	-1205.306	170.7984	2.777173
1110	-1033.894	-1204.692	170.7984	2.777173
1116	-1038.561	-1209.302	170.7411	2.81207
1122	-1045.907	-1216.464	170.5569	2.923573
1128	-1034.962	-1205.43	170.4682	2.977001
1134	-1036.84	-1208.061	171.2209	2.516676
1140	-1038.298	-1209.236	170.9378	2.691827
1146	-1033.117	-1204.054	170.9378	2.691827
1152	-1043.06	-1213.652	170.592	2.902435
1158	-1033.382	-1203.957	170.5749	2.912734
1164	-1034.767	-1205.084	170.3174	3.067332
1170	-1032.981	-1203.687	170.7065	2.83308
1176	-1046.885	-1217.596	170.7114	2.830123
1182	-1032.548	-1203.423	170.8752	2.73021
1188	-1042.946	-1214.087	171.1412	2.566289
1194	-1058.777	-1228.552	169.7757	3.38787
1200	-1038.097	-1208.436	170.3387	3.054605
1206	-1042.787	-1213.48	170.6932	2.841161
1212	-1039.641	-1210.544	170.9022	2.713671
1218	-1030.222	-1200.602	170.3803	3.029704
1224	-1044.651	-1215.276	170.6247	2.882617
1230	-1052.96	-1223.96	170.9999	2.653643
1236	-1046.39	-1217.001	170.6115	2.890657
1242	-1043.252	-1213.812	170.56	2.921735
1248	-1039.047	-1209.741	170.694	2.840658
1254	-1031.597	-1202.433	170.836	2.754194
1260	-1031.773	-1202.609	170.836	2.754194
1266	-1038.425	-1208.841	170.4159	3.00842
1272	-1037.885	-1208.558	170.673	2.853378
1278	-1042.611	-1213.191	170.5798	2.909763
1284	-1048.605	-1219.126	170.5213	2.945075
1290	-1044.972	-1215.479	170.5068	2.953797
1296	-1034.737	-1205.666	170.9293	2.697093
1302	-1033.862	-1204.523	170.6612	2.860551
1308	-1031.694	-1202.271	170.5767	2.911644
1314	-1037.045	-1207.958	170.9132	2.706977
1320	-1039.788	-1210.443	170.6548	2.864449
1326	-1034.019	-1204.797	170.7784	2.789358
1332	-1029.906	-1200.748	170.8419	2.750626
1338	-1040.965	-1211.843	170.8771	2.729043
1344	-1057.146	-1227.536	170.3896	3.024153
1350	-1049.173	-1219.633	170.4597	2.98211
1356	-1048.135	-1218.72	170.5849	2.906691
1362	-1034.029	-1204.784	170.7545	2.803884
1368	-1046.49	-1217.428	170.9379	2.691819
1374	-1053.865	-1223.939	170.0745	3.211807
1380	-1050.602	-1221.12	170.5182	2.946919
1386	-1037.843	-1208.916	171.0724	2.608929
1392	-1034.785	-1205.492	170.7069	2.832843
1398	-1024.911	-1195.618	170.7069	2.832843
1404	-1022.432	-1193.951	171.5188	2.328924
1410	-1030.555	-1201.387	170.8312	2.757141
1416	-1034.531	-1205.671	171.14	2.567001
1422	-1033.021	-1203.256	170.2349	3.116582
1428	-1024.624	-1195.607	170.9831	2.663978
1434	-1034.212	-1205.178	170.9659	2.674597
1440	-1030.613	-1200.998	170.3841	3.027457
1446	-1032.438	-1203.06	170.6222	2.884147
1452	-1041.861	-1212.188	170.3272	3.061465
1458	-1038.545	-1208.913	170.3672	3.037567
1464	-1043.644	-1213.945	170.3009	3.07721
1470	-1034.373	-1204.744	170.3708	3.035441
1476	-1038.494	-1209.284	170.7895	2.782605
1482	-1054.615	-1224.753	170.1376	3.174414
1488	-1038.185	-1208.393	170.2077	3.132721
1494	-1042.078	-1212.505	170.4274	3.001521
1500	-1031.998	-1202.16	170.1613	3.16033
1506	-1031.177	-1201.689	170.512	2.950662
1512	-1030.841	-1200.887	170.0457	3.228852
1518	-1027.507	-1198.496	170.9896	2.660007
1524	-1037.824	-1207.995	170.1713	3.154404
1530	-1028.332	-1199.136	170.8042	2.773592
1536	-1042.573	-1213.377	170.8042	2.773592
1542	-1040.178	-1210.643	170.4651	2.978838
1548	-1036.736	-1207.686	170.95	2.684363
1554	-1033.287	-1204.056	170.7694	2.794797
1560	-1037.827	-1208.807	170.9803	2.665732
1566	-1044.263	-1215.243	170.9803	2.665732
1572	-1037.434	-1207.343	169.9093	3.309347
1578	-1031.609	-1202.639	171.0302	2.634985
1584	-1038.4	-1209.461	171.0613	2.615767
1590	-1037.58	-1208.46	170.8798	2.727426
1596	-1029.639	-1200.305	170.666	2.857647
1602	-1022.894	-1193.568	170.6736	2.853044
1608	-1021.77	-1192.289	170.5187	2.946651
1614	-1028.506	-1199.435	170.9294	2.697034
1620	-1038.324	-1209.253	170.9294	2.697034
1626	-1023.263	-1193.88	170.6169	2.887369
1632	-1041.222	-1211.688	170.4656	2.978579
1638	-1042.316	-1212.781	170.4656	2.978579
1644	-1047.392	-1218.256	170.8643	2.736931
1650	-1036.905	-1207.748	170.8433	2.749745
1656	-1055.322	-1226.165	170.8433	2.749745
1662	-1036.926	-1207.207	170.2812	3.088932
1668	-1030.391	-1201.214	170.8232	2.762014
1674	-1030.467	-1200.884	170.417	3.007738
1680	-1017.298	-1187.511	170.2127	3.129762
1686	-1018.349	-1189.555	171.2067	2.525522
1692	-1024.301	-1195.069	170.7684	2.795428
1698	-1024.598	-1195.415	170.8169	2.765878
1704	-1026.324	-1196.875	170.551	2.927166
1710	-1048.581	-1218.733	170.1513	3.166279
1716	-1027.547	-1197.682	170.1356	3.17557
1722	-1049.449	-1219.639	170.1899	3.143339
1728	-1041.389	-1211.881	170.4921	2.962603
1734	-1046.341	-1216.379	170.0382	3.233284
1740	-1039.539	-1210.013	170.4741	2.973447
1746	-1042.549	-1213.187	170.6375	2.87492
1752	-1044.182	-1214.854	170.6714	2.85438
1758	-1034.585	-1205.278	170.6933	2.841056
1764	-1040.968	-1211.58	170.6121	2.890289
1770	-1040.905	-1211.517	170.6121	2.890289
1776	-1022.725	-1193.755	171.0301	2.635034
1782	-1046.563	-1217.541	170.9778	2.667295
1788	-1047.046	-1217.852	170.8065	2.77222
1794	-1031.416	-1202.606	171.1899	2.535999
1800	-1040.968	-1211.952	170.9845	2.663164
1806	-1042.519	-1213.303	170.7842	2.785809
1812	-1035.147	-1205.438	170.2904	3.083464
1818	-1030.852	-1201.668	170.8163	2.766222
1824	-1036.11	-1206.707	170.5971	2.899301
1830	-1032.797	-1203.601	170.8033	2.774162
1836	-1035.791	-1206.594	170.8033	2.774162
1842	-1035.609	-1206.057	170.4481	2.989047
1848	-1033.053	-1204.039	170.986	2.662198
1854	-1036.428	-1207.427	170.999	2.654189
1860	-1036.386	-1207.363	170.9768	2.667902
1866	-1040.156	-1210.258	170.1022	3.1954
1872	-1036.715	-1207.144	170.4283	3.000981
1878	-1037.462	-1208.276	170.8147	2.767228
1884	-1054.407	-1224.492	170.0851	3.20551
1890	-1038.159	-1208.854	170.6942	2.840513
1896	-1035.597	-1206.613	171.0161	2.64366
1902	-1035.468	-1206.484	171.0161	2.64366
1908	-1054.72	-1224.788	170.0681	3.215605
1914	-1048.234	-1218.631	170.397	3.019697
1920	-1052.317	-1222.714	170.397	3.019697
1926	-1037.594	-1208.207	170.6127	2.889916
1932	-1035.849	-1206.007	170.1578	3.162389
1938	-1041.623	-1211.958	170.3355	3.056516
1944	-1040.144	-1210.703	170.5592	2.922236
1950	-1051.128	-1221.939	170.8111	2.769406
1956	-1040.573	-1211.384	170.8111	2.769406
1962	-1042.844	-1213.692	170.8473	2.747281
1968	-1033.115	-1203.902	170.787	2.784093
1974	-1025.987	-1197.066	171.0793	2.604645
1980	-1030.615	-1201.695	171.0793	2.604645
1986	-1036.72	-1206.742	170.0218	3.242969
1992	-1047.625	-1217.709	170.0837	3.20637
1998	-1043.682	-1213.689	170.0068	3.251852
2004	-1055.514	-1225.914	170.4009	3.017384
2010	-1039.223	-1209.611	170.3873	3.025525
2016	-1037.017	-1207.404	170.3873	3.025525
2022	-1038.718	-1209.004	170.286	3.08611
2028	-1042.851	-1213.956	171.1043	2.589173
2034	-1042.693	-1213.624	170.9313	2.69587
2040	-1027.873	-1198.518	170.6456	2.869974
2046	-1026.088	-1196.914	170.8258	2.760451
2052	-1033.556	-1204.333	170.7768	2.790316
2058	-1030.311	-1201.018	170.7068	2.83288
2064	-1026.767	-1197.473	170.7068	2.83288
2070	-1027.716	-1198.591	170.8751	2.730323
2076	-1043.025	-1214.182	171.157	2.556459
2082	-1042.242	-1212.158	169.9159	3.305493
2088	-1047.583	-1218.304	170.7214	2.824002
2094	-1037.019	-1208.183	171.1634	2.552464
2100	-1050.302	-1221.301	170.9984	2.654594
2106	-1044.278	-1215.101	170.823	2.762139
2112	-1045.491	-1216.236	170.7444	2.810025
2118	-1050.749	-1221.46	170.7106	2.830586
2124	-1044.898	-1215.211	170.3135	3.069654
2130	-1042.043	-1213.181	171.1382	2.568153
2136	-1046.822	-1217.275	170.4531	2.986047
2142	-1033.328	-1203.781	170.4531	2.986047
2148	-1039.728	-1210.572	170.8434	2.749714
2154	-1033.646	-1204.126	170.4802	2.969811
2160	-1042.152	-1213.221	171.069	2.611026
2166	-1036.077	-1206.498	170.4208	3.005445
2172	-1038.988	-1209.368	170.3799	3.029958
2178	-1037.01	-1207.614	170.6044	2.894941
2184	-1033.636	-1204.334	170.6976	2.838479
2190	-1030.631	-1201.339	170.7082	2.832033
2196	-1038.843	-1209.94	171.0969	2.593762
2202	-1040.23	-1211.425	171.1945	2.533136
2208	-1034.273	-1205.872	171.599	2.277762
2214	-1035.987	-1206.968	170.9813	2.665144
2220	-1033.577	-1204.973	171.3953	2.407235
2226	-1030.58	-1200.691	170.1108	3.190301
2232	-1023.703	-1194.34	170.637	2.875201
2238	-1041.88	-1212.696	170.816	2.76639
2244	-1033.349	-1204.274	170.9247	2.699915
2250	-1049.388	-1220.464	171.0759	2.606732
2256	-1033.696	-1204.605	170.9094	2.709298
2262	-1035.363	-1206.544	171.1813	2.541334
2268	-1030.483	-1201.186	170.7034	2.834969
2274	-1035.023	-1205.668	170.6448	2.870491
2280	-1028.218	-1199.117	170.8991	2.715628
2286	-1028.36	-1198.712	170.3518	3.046763
2292	-1036.366	-1206.717	170.3518	3.046763
2298	-1047.094	-1217.638	170.5444	2.931119
2304	-1049.942	-1221.039	171.0976	2.59329
2310	-1044.881	-1215.5	170.6191	2.886019
2316	-1050.25	-1220.87	170.6191	2.886019
2322	-1055.833	-1226.355	170.5218	2.944736
2328	-1058.114	-1228.784	170.67	2.855231
2334	-1041.394	-1212.542	171.1481	2.561996
2340	-1036.971	-1207.836	170.8649	2.736516
2346	-1041.54	-1212.398	170.8583	2.740572
2352	-1049.779	-1219.718	169.9397	3.291461
2358	-1054.519	-1224.459	169.9397	3.291461
2364	-1034.136	-1204.417	170.2807	3.08926
2370	-1033.478	-1203.895	170.4163	3.008146
2376	-1033.004	-1203.723	170.7193	2.825307
2382	-1018.731	-1189.183	170.4523	2.986558
2388	-1016.99	-1187.024	170.034	3.235757
2394	-1029.517	-1199.398	169.8807	3.326217
2400	-1035.313	-1206.067	170.7541	2.804116
2406	-1026.722	-1197.221	170.4989	2.95851
2412	-1017.818	-1188.484	170.6659	2.857676
2418	-1026.696	-1197.982	171.285	2.47656
2424	-1031.177	-1202.01	170.8329	2.75607
2430	-1031.619	-1202.178	170.5593	2.922154
2436	-1039.467	-1210.189	170.722	2.823641
2442	-1039.607	-1210.542	170.9351	2.693488
2448	-1035.944	-1206.632	170.6879	2.844347
2454	-1030.138	-1200.493	170.3556	3.044524
2460	-1034.549	-1205.618	171.0691	2.610952
2466	-1038.888	-1209.742	170.8537	2.743404
2472	-1033.179	-1204.033	170.8537	2.743404
2478	-1031.07	-1201.727	170.6569	2.863137
2484	-1035.907	-1206.647	170.7403	2.812509
2490	-1038.868	-1209.56	170.6929	2.841346
2496	-1033.702	-1204.451	170.7495	2.806968
2502	-1028.968	-1199.102	170.1342	3.176416
2508	-1034.106	-1204.746	170.64	2.873366
2514	-1030.372	-1201.124	170.7519	2.805494
2520	-1030.71	-1201.593	170.8824	2.725812
2526	-1023.513	-1193.802	170.2882	3.084808
2532	-1024.22	-1194.809	170.5892	2.904103
2538	-1025.928	-1196.691	170.7631	2.798654
2544	-1029.076	-1200.212	171.1366	2.569116
2550	-1022.521	-1193.059	170.5382	2.934896
2556	-1020.42	-1191.188	170.7682	2.795534
2562	-1017.018	-1187.983	170.965	2.67515
2568	-1033.478	-1204.563	171.0846	2.601372
2574	-1034.749	-1205.01	170.2604	3.101345
2580	-1030.785	-1201.076	170.2912	3.083006
2586	-1033.354	-1204.78	171.4264	2.387563
2592	-1032.552	-1203.088	170.5365	2.935927
2598	-1040.126	-1211.12	170.9939	2.657368
2604	-1029.84	-1200.21	170.3703	3.035714
2610	-1033.866	-1204.446	170.5801	2.909626
2616	-1032.186	-1203.093	170.9072	2.710646
2622	-1037.612	-1208.64	171.0283	2.636154
2628	-1043.004	-1213.56	170.5555	2.924417
2634	-1039.156	-1209.178	170.0223	3.242669
2640	-1029.288	-1200.219	170.9306	2.696272
2646	-1037.706	-1208.637	170.9306	2.696272
2652	-1050.346	-1221.101	170.7547	2.803764
2658	-1042.302	-1212.627	170.3248	3.062926
2664	-1048.799	-1219.385	170.5855	2.90633
2670	-1037.143	-1207.356	170.2134	3.129374
2676	-1037.461	-1208.023	170.5619	2.920613
2682	-1026.146	-1197.266	171.1201	2.579379
2688	-1033.165	-1204.104	170.9383	2.691539
2694	-1045.496	-1216.902	171.4062	2.400348
2700	-1034.958	-1205.562	170.604	2.895169
2706	-1024.679	-1195.283	170.604	2.895169
2712	-1031.071	-1201.287	170.2164	3.127578
2718	-1041.149	-1212.209	171.0598	2.616699
2724	-1043.035	-1213.402	170.3674	3.037474
2730	-1035.77	-1205.955	170.1841	3.146783
2736	-1039.31	-1210.624	171.3136	2.458632
2742	-1036.996	-1207.373	170.3769	3.031734
2748	-1040.671	-1211.048	170.3769	3.031734
2754	-1035.287	-1205.664	170.3769	3.031734
2760	-1040.216	-1210.837	170.6216	2.884524
2766	-1046.783	-1217.674	170.8914	2.720305
2772	-1048.239	-1218.81	170.5711	2.915035
2778	-1049.489	-1220.06	170.5711	2.915035
2784	-1047.124	-1217.318	170.1944	3.140636
2790	-1052.786	-1223.308	170.5223	2.944475
2796	-1049.585	-1220.275	170.6899	2.843143
2802	-1037.676	-1208.689	171.0135	2.645303
2808	-1045.46	-1215.058	169.5983	3.491696
2814	-1040.883	-1211.622	170.7387	2.813508
2820	-1034.079	-1205.009	170.9297	2.696837
2826	-1024.925	-1195.396	170.4709	2.975393
2832	-1038.539	-1209.01	170.4709	2.975393
2838	-1030.728	-1201.721	170.9935	2.657624
2844	-1030.807	-1201.964	171.1577	2.555996
2850	-1035.608	-1206.608	171.0004	2.653372
2856	-1044.788	-1215.811	171.0228	2.639541
2862	-1036.752	-1207.406	170.6536	2.865165
2868	-1034.888	-1205.748	170.86	2.739544
2874	-1046.696	-1216.952	170.2561	3.103925
2880	-1036.169	-1207.27	171.1018	2.590709
2886	-1037.634	-1208.265	170.6311	2.878775
2892	-1037.125	-1207.939	170.814	2.767635
2898	-1034.397	-1205.224	170.8273	2.759526
2904	-1048.351	-1219.178	170.8273	2.759526
2910	-1026.101	-1196.932	170.8305	2.757581
2916	-1030.157	-1200.877	170.7194	2.825263
2922	-1032.806	-1203.525	170.7194	2.825263
2928	-1038.511	-1209.136	170.6254	2.882242
2934	-1033.749	-1204.296	170.5476	2.929201
2940	-1034.468	-1204.784	170.3156	3.068422
2946	-1033.616	-1203.931	170.3156	3.068422
2952	-1024.144	-1195.208	171.0644	2.613863
2958	-1013.555	-1184.37	170.8151	2.766995
2964	-1025.721	-1196.997	171.2761	2.482155
2970	-1023.928	-1195.008	171.08	2.604198
2976	-1043.532	-1214.508	170.9759	2.668451
2982	-1048.759	-1219.652	170.8928	2.719479
2988	-1040.374	-1210.848	170.4743	2.973317
2994	-1041.567	-1212.084	170.517	2.947658
3000	-1028.322	-1199.075	170.7526	2.805079
3006	-1026.965	-1197.755	170.7898	2.782407
3012	-1028.574	-1199.415	170.8409	2.751185
3018	-1046.048	-1216.889	170.8409	2.751185
3024	-1032.041	-1202.739	170.6984	2.838005
3030	-1042.502	-1213.592	171.0904	2.597747
3036	-1047.705	-1218.735	171.0308	2.634606
3042	-1041.489	-1211.758	170.2688	3.096347
3048	-1042.282	-1212.461	170.1793	3.149649
3054	-1035.887	-1206.684	170.7967	2.778191
3060	-1031.079	-1201.785	170.7053	2.833789
3066	-1031.832	-1202.267	170.4356	2.996558
3072	-1033.374	-1203.802	170.4282	3.001038
3078	-1028.926	-1200.007	171.0804	2.603958
3084	-1037.395	-1208.369	170.9745	2.669278
3090	-1024.656	-1195.63	170.9745	2.669278
3096	-1033.113	-1203.885	170.7717	2.793441
3102	-1026.58	-1197.352	170.7717	2.793441
3108	-1041.436	-1212.111	170.675	2.852194
3114	-1043.346	-1214.021	170.675	2.852194
3120	-1032.746	-1203.367	170.6208	2.884985
3126	-1035.998	-1206.428	170.4301	2.99988
3132	-1035.208	-1205.369	170.1604	3.160856
3138	-1029.285	-1200.059	170.774	2.792023
3144	-1034.877	-1205.748	170.8706	2.733028
3150	-1034.469	-1205.097	170.6283	2.880477
3156	-1035.877	-1207.073	171.1953	2.532605
3162	-1043.205	-1213.929	170.7247	2.822003
3168	-1037.805	-1208.773	170.9684	2.673043
3174	-1032.418	-1202.63	170.2113	3.130601
3180	-1040.793	-1211.004	170.2113	3.130601
3186	-1041.823	-1211.887	170.0641	3.217991
3192	-1038.262	-1208.455	170.1929	3.141558
3198	-1042.723	-1213.584	170.8602	2.739408
3204	-1033.144	-1203.928	170.7841	2.785856
3210	-1033.243	-1203.326	170.0834	3.206543
3216	-1023.796	-1194.858	171.0622	2.615189
3222	-1022.961	-1193.57	170.6087	2.89231
3228	-1033.546	-1204.155	170.6087	2.89231
3234	-1044.211	-1214.82	170.6087	2.89231
3240	-1039.677	-1210.338	170.6619	2.860152
3246	-1033.076	-1204.057	170.9812	2.665164
3252	-1037.227	-1208.057	170.8302	2.757736
3258	-1039.908	-1210.738	170.8302	2.757736
3264	-1023.179	-1194.001	170.8212	2.763234
3270	-1039.069	-1210.427	171.3583	2.430553
3276	-1035.726	-1206.592	170.8656	2.736104
3282	-1041.058	-1211.573	170.5152	2.948722
3288	-1030.19	-1200.921	170.7306	2.818443
3294	-1041.298	-1212.219	170.9208	2.70228
3300	-1043.436	-1214.829	171.3931	2.408645
3306	-1035.008	-1205.985	170.9771	2.667673
3312	-1040.478	-1211.274	170.7964	2.778403
3318	-1047.972	-1218.164	170.1919	3.142151
3324	-1038.886	-1209.175	170.2884	3.084666
3330	-1033.914	-1204.522	170.6079	2.892794
3336	-1039.628	-1210.314	170.6862	2.845366
3342	-1053.693	-1224.139	170.4459	2.990392
3348	-1041.012	-1211.902	170.8893	2.721579
3354	-1045.556	-1216.656	171.0999	2.591868
3360	-1029.027	-1199.342	170.315	3.068785
3366	-1037.534	-1208.493	170.9584	2.679185
3372	-1026.058	-1196.603	170.5453	2.930574
3378	-1027.123	-1197.867	170.7439	2.810345
3384	-1036.025	-1206.493	170.4678	2.977244
3390	-1035.333	-1205.562	170.2294	3.119837
3396	-1036.919	-1207.614	170.6957	2.839623
3402	-1045.311	-1215.342	170.0309	3.237599
3408	-1033.787	-1203.924	170.1369	3.174846
3414	-1049.638	-1220.419	170.7813	2.787579
3420	-1037.198	-1207.899	170.7013	2.836253
3426	-1044.798	-1215.951	171.1529	2.558976
3432	-1029.463	-1200.208	170.745	2.809659
3438	-1034.154	-1204.938	170.7847	2.785523
3444	-1028.197	-1198.972	170.7749	2.791494
3450	-1046.798	-1217.077	170.2786	3.090512
3456	-1038.913	-1209.395	170.4818	2.968816
3462	-1025.799	-1196.455	170.6559	2.863785
3468	-1035.183	-1206.159	170.9756	2.668597
3474	-1035.908	-1206.86	170.9514	2.683492
3480	-1041.517	-1212.333	170.816	2.766428
3486	-1038.827	-1209.559	170.7314	2.817965
3492	-1039.594	-1210.776	171.1824	2.540678
3498	-1026.834	-1198.122	171.2885	2.47438
3504	-1041.048	-1212.196	171.1478	2.562177
3510	-1024.401	-1194.908	170.5074	2.953418
3516	-1031.481	-1202.237	170.7554	2.803354
3522	-1042.084	-1212.133	170.049	3.226882
3528	-1031.989	-1202.887	170.8978	2.716389
3534	-1035.548	-1205.85	170.3016	3.076809
3540	-1036.804	-1206.963	170.1585	3.162
3546	-1043.632	-1214.287	170.6558	2.863796
3552	-1051.929	-1223.349	171.4203	2.391452
3558	-1028.013	-1198.352	170.3398	3.053975
3564	-1037.894	-1208.725	170.8311	2.757198
3570	-1031.139	-1201.743	170.6047	2.894756
3576	-1028.185	-1199.206	171.021	2.640646
3582	-1030.481	-1200.912	170.4307	2.999529
3588	-1027.71	-1198.141	170.4307	2.999529
3594	-1035.67	-1206.741	171.0705	2.610105
3600	-1040.634	-1211.992	171.3587	2.43028
3606	-1027.913	-1198.249	170.3364	3.055995
3612	-1021.487	-1191.9	170.4129	3.010186
3618	-1028.756	-1199.072	170.3161	3.068129
3624	-1026.773	-1197.786	171.0133	2.645409
3630	-1041.208	-1211.425	170.2173	3.12704
3636	-1044.467	-1214.795	170.3279	3.061098
3642	-1050.797	-1220.709	169.9118	3.30787
3648	-1053.289	-1223.657	170.368	3.03707
3654	-1049.515	-1220.908	171.3928	2.408788
3660	-1039.52	-1210.219	170.6993	2.837438
3666	-1033.607	-1203.711	170.1045	3.194034
3672	-1035.666	-1206.08	170.4138	3.009684
3678	-1039.204	-1210.06	170.8564	2.741752
3684	-1033.862	-1204.854	170.9916	2.658768
3690	-1035.319	-1206.114	170.7946	2.779496
3696	-1040.895	-1211.647	170.7518	2.805532
3702	-1050.957	-1222.022	171.0656	2.613124
3708	-1046.64	-1217.231	170.5912	2.902906
3714	-1038.874	-1209.749	170.8753	2.730183
3720	-1035.297	-1206.166	170.869	2.734036
3726	-1035.382	-1206.458	171.0756	2.606904
3732	-1041.104	-1212.04	170.9367	2.692507
3738	-1039.348	-1209.269	169.9215	3.302182
3744	-1039.769	-1210.35	170.5811	2.908969
3750	-1049.915	-1220.497	170.5811	2.908969
3756	-1030.535	-1200.969	170.434	2.997558
3762	-1047.444	-1218.079	170.6345	2.876718
3768	-1029.63	-1201.035	171.4049	2.40119
3774	-1025.952	-1196.344	170.3922	3.022611
3780	-1033.901	-1204.254	170.3536	3.045738
3786	-1034.091	-1204.236	170.1444	3.170346
3792	-1047.8	-1217.945	170.1444	3.170346
3798	-1045.005	-1215.546	170.5414	2.932934
3804	-1053.75	-1224.822	171.0723	2.608967
3810	-1051.212	-1221.775	170.563	2.919907
3816	-1032.647	-1203.21	170.563	2.919907
3822	-1033.826	-1204.321	170.495	2.960907
3828	-1041.63	-1211.832	170.2021	3.136096
3834	-1027.557	-1198.351	170.7941	2.77978
3840	-1032.91	-1203.704	170.7941	2.77978
3846	-1035.066	-1205.866	170.7996	2.776441
3852	-1033.575	-1204.338	170.7622	2.799232
3858	-1033.245	-1203.45	170.2053	3.134164
3864	-1041.633	-1212.234	170.6009	2.897045
3870	-1050.776	-1221.4	170.624	2.883089
3876	-1031.704	-1202.249	170.5448	2.93088
3882	-1026.882	-1197.43	170.5477	2.929147
3888	-1031.953	-1202.645	170.6921	2.841804
3894	-1023.305	-1193.997	170.6921	2.841804
3900	-1025.46	-1196.219	170.7582	2.801653
3906	-1039.367	-1209.697	170.3293	3.060235
3912	-1036.607	-1207.169	170.5624	2.920268
3918	-1033.505	-1204.323	170.8183	2.764997
3924	-1030.98	-1201.911	170.9309	2.696085
3930	-1024.036	-1194.523	170.4871	2.965634
3936	-1024.593	-1195.144	170.5509	2.92722
3942	-1036.731	-1207.153	170.4217	3.004896
3948	-1045.203	-1215.581	170.3779	3.031173
3954	-1031.006	-1202.204	171.1979	2.531
3960	-1036.083	-1206.542	170.4594	2.982299
3966	-1036.323	-1206.783	170.4594	2.982299
3972	-1035.022	-1205.871	170.8495	2.745966
3978	-1035.786	-1206.255	170.4685	2.976813
3984	-1040.842	-1212.016	171.1735	2.546167
3990	-1030.151	-1200.95	170.7991	2.776703
3996	-1025.66	-1196.086	170.4256	3.002587
4002	-1026.094	-1196.698	170.6045	2.894865
4008	-1029.039	-1199.964	170.9246	2.699958
4014	-1033.581	-1204.003	170.4217	3.004905
4020	-1035.388	-1206.308	170.9196	2.703001
4026	-1045.482	-1215.633	170.1501	3.166987
4032	-1052.636	-1223.097	170.4607	2.981513
4038	-1061.4	-1232.548	171.148	2.562028
4044	-1044.56	-1214.906	170.3461	3.050223
4050	-1037.086	-1208.18	171.0947	2.59509
4056	-1045.61	-1216.563	170.9531	2.682434
4062	-1044.304	-1214.749	170.4454	2.990673
4068	-1045.853	-1216.596	170.7436	2.810526
4074	-1050.99	-1221.734	170.7436	2.810526
4080	-1045.127	-1215.977	170.85	2.745638
4086	-1046.962	-1218.761	171.7987	2.148743
4092	-1045.224	-1216.091	170.8667	2.735457
4098	-1055.009	-1225.875	170.8667	2.735457
4104	-1032.612	-1202.867	170.2543	3.104972
4110	-1030.356	-1201.367	171.0108	2.646963
4116	-1028.248	-1199.2	170.9522	2.682993
4122	-1030.841	-1201.717	170.8759	2.729818
4128	-1028.539	-1198.686	170.1464	3.169165
4134	-1037.796	-1208.664	170.8686	2.734277
4140	-1038.898	-1209.855	170.9569	2.680094
4146	-1044.659	-1214.988	170.3297	3.060026
4152	-1055.887	-1226.982	171.0949	2.594981
4158	-1051.345	-1221.938	170.5932	2.901713
4164	-1042.316	-1212.245	169.9283	3.298201
4170	-1028.579	-1199.471	170.8921	2.71987
4176	-1042.107	-1212.223	170.1163	3.18705
4182	-1037.83	-1208.561	170.7313	2.81803
4188	-1036.413	-1207.076	170.6633	2.859282
4194	-1041.579	-1212.155	170.5763	2.911885
4200	-1049.439	-1220.192	170.7532	2.80471
4206	-1051.65	-1222.581	170.9315	2.695752
4212	-1051.366	-1222.742	171.376	2.419375
4218	-1055.42	-1226.07	170.6504	2.867075
4224	-1056.065	-1226.688	170.6234	2.883435
4230	-1041.085	-1211.708	170.6234	2.883435
4236	-1030.008	-1200.887	170.8789	2.727942
4242	-1024.908	-1195.429	170.5202	2.945726
4248	-1026.023	-1196.761	170.7374	2.814279
4254	-1033.141	-1203.984	170.8431	2.749845
4260	-1028.235	-1199.078	170.8431	2.749845
4266	-1036.592	-1207.551	170.9591	2.678767
4272	-1030.339	-1200.609	170.2695	3.095962
4278	-1032.823	-1203.693	170.8698	2.733556
4284	-1038.531	-1208.625	170.0944	3.200015
4290	-1031.103	-1201.605	170.5021	2.956593
4296	-1039.402	-1210.175	170.7736	2.792284
4302	-1039.187	-1209.96	170.7736	2.792284
4308	-1039.717	-1210.191	170.4734	2.973901
4314	-1044.763	-1215.771	171.008	2.648689
4320	-1057.406	-1227.515	170.1087	3.19152
4326	-1045.672	-1216.424	170.7524	2.805175
4332	-1045.059	-1216.028	170.9686	2.67295
4338	-1030.343	-1201.001	170.6574	2.862837
4344	-1034.033	-1204.691	170.6574	2.862837
4350	-1039.75	-1209.759	170.0096	3.250201
4356	-1043.903	-1214.257	170.3532	3.045938
4362	-1046.548	-1217.858	171.3104	2.460662
4368	-1048.267	-1219.311	171.0434	2.626847
4374	-1048.56	-1219.2	170.64	2.873374
4380	-1040.413	-1211.049	170.636	2.875795
4386	-1029.342	-1200.48	171.1376	2.568493
4392	-1040.198	-1211.086	170.8878	2.722544
4398	-1045.872	-1216.604	170.7318	2.817729
4404	-1058.649	-1229.483	170.8338	2.755523
4410	-1045.811	-1216.526	170.7148	2.828024
4416	-1042.314	-1213.029	170.7148	2.828024
4422	-1045.546	-1216.261	170.7148	2.828024
4428	-1032.485	-1203.2	170.7148	2.828024
4434	-1026.514	-1196.944	170.4297	3.000118
4440	-1035.893	-1206.353	170.4595	2.982201
4446	-1043.232	-1213.692	170.4595	2.982201
4452	-1037.259	-1207.574	170.3153	3.068609
4458	-1039.794	-1210.736	170.9421	2.68919
4464	-1037.981	-1208.599	170.6185	2.886383
4470	-1027.772	-1198.375	170.603	2.895774
4476	-1035.285	-1205.887	170.603	2.895774
4482	-1036.607	-1207.21	170.603	2.895774
4488	-1036.357	-1206.96	170.603	2.895774
4494	-1051.11	-1221.893	170.7822	2.787044
4500	-1033.542	-1204.325	170.7822	2.787044
4506	-1055.408	-1225.759	170.3515	3.046934
4512	-1037.147	-1207.601	170.4539	2.985561
4518	-1040.691	-1211.665	170.9743	2.669404
4524	-1031.612	-1202.241	170.6293	2.879856
4530	-1029.621	-1200.56	170.9388	2.691256
4536	-1033.894	-1204.56	170.6652	2.858121
4542	-1035.818	-1206.483	170.6652	2.858121
4548	-1029.544	-1199.951	170.4066	3.013998
4554	-1040.482	-1211.281	170.7992	2.776666
4560	-1038.58	-1209.61	171.0299	2.635151
4566	-1032.262	-1203.292	171.0299	2.635151
4572	-1027.396	-1198.192	170.7959	2.778692
4578	-1030.131	-1201.424	171.2926	2.471798
4584	-1032.413	-1203.219	170.8061	2.772445
4590	-1032.27	-1203.231	170.9602	2.678108
4596	-1039.846	-1211.269	171.4233	2.389524
4602	-1033.458	-1204.323	170.8651	2.736417
4608	-1036.162	-1206.059	169.8969	3.316678
4614	-1045.099	-1215.667	170.5676	2.917163
4620	-1046.367	-1216.934	170.5676	2.917163
4626	-1042.313	-1212.36	170.0474	3.22782
4632	-1029.262	-1200.085	170.8221	2.762692
4638	-1032.387	-1203.18	170.7927	2.780629
4644	-1021.466	-1192.339	170.8737	2.731143
4650	-1024.683	-1195.67	170.9867	2.661777
4656	-1032.865	-1203.929	171.0639	2.61415
4662	-1023.026	-1193.354	170.3288	3.060535
4668	-1030.2	-1200.492	170.2923	3.08232
4674	-1032.58	-1203.546	170.9668	2.674009
4680	-1041.73	-1212.777	171.0463	2.625066
4686	-1042.558	-1213.605	171.0463	2.625066
4692	-1039.787	-1210.53	170.7429	2.81097
4698	-1055.394	-1226.147	170.7528	2.804905
4704	-1059.858	-1230.693	170.8358	2.754351
4710	-1052.1	-1222.675	170.5757	2.912275
4716	-1050.752	-1220.867	170.1144	3.18819
4722	-1044.814	-1214.632	169.8171	3.363591
4728	-1034.655	-1205.175	170.52	2.945837
4734	-1032.871	-1203.385	170.5139	2.949507
4740	-1051.145	-1221.199	170.0543	3.223791
4746	-1047.079	-1218.302	171.2237	2.514914
4752	-1052.646	-1224.016	171.3698	2.423337
4758	-1042.744	-1213.173	170.4287	3.000739
4764	-1043.066	-1213.567	170.5017	2.956873
4770	-1048.072	-1218.782	170.7098	2.831069
4776	-1028.012	-1199.094	171.0817	2.603169
4782	-1031.006	-1201.93	170.9238	2.700465
4788	-1037.948	-1208.872	170.9238	2.700465
4794	-1028.852	-1199.366	170.5146	2.949112
4800	-1032.88	-1203.422	170.5416	2.932827
4806	-1036.42	-1207.324	170.9038	2.712708
4812	-1032.195	-1203.212	171.0168	2.643217
4818	-1024.861	-1195.901	171.04	2.62893
4824	-1027.893	-1198.725	170.8314	2.757037
4830	-1033.836	-1204.667	170.8314	2.757037
4836	-1030.805	-1201.615	170.81	2.770071
4842	-1039.219	-1209.73	170.511	2.951258
4848	-1036.8	-1207.66	170.8598	2.73966
4854	-1035.412	-1205.855	170.4432	2.991998
4860	-1024.108	-1194.307	170.199	3.137903
4866	-1040.905	-1211.165	170.2597	3.101805
4872	-1037.244	-1208.417	171.173	2.546513
4878	-1031.66	-1202.419	170.7589	2.801198
4884	-1022.67	-1193.604	170.9338	2.6943
4890	-1032.443	-1203.745	171.3015	2.466262
4896	-1037.192	-1207.799	170.6072	2.893202
4902	-1034.3	-1204.762	170.4627	2.980313
4908	-1037.891	-1208.354	170.4627	2.980313
4914	-1029.236	-1200.151	170.9147	2.706054
4920	-1028.246	-1199.16	170.9147	2.706054
4926	-1039.185	-1209.748	170.5627	2.920102
4932	-1039.629	-1210.499	170.8696	2.733653
4938	-1037.724	-1208.218	170.4936	2.961708
4944	-1034.791	-1206.134	171.3427	2.440361
4950	-1033.849	-1204.716	170.8672	2.73513
4956	-1046.796	-1217.426	170.6299	2.879471
4962	-1043.469	-1214.177	170.7079	2.832193
4968	-1039.037	-1209.497	170.4593	2.982343
4974	-1043.706	-1213.841	170.1351	3.175877
4980	-1045.18	-1214.803	169.6223	3.477646
4986	-1028.817	-1199.058	170.2419	3.112412
4992	-1032.611	-1203.032	170.421	3.005309
4998	-1025.265	-1195.75	170.4845	2.967196
5004	-1040.348	-1210.546	170.1985	3.138226
5010	-1037.02	-1207.422	170.4022	3.016597
5016	-1027.545	-1197.825	170.28	3.08967
5022	-1039.563	-1210.655	171.0915	2.597098
5028	-1041.298	-1211.025	169.7274	3.416224
5034	-1042.766	-1213.66	170.8937	2.718934
5040	-1027.819	-1197.901	170.0819	3.207398
5046	-1027.05	-1197.812	170.7626	2.798987
5052	-1030.38	-1200.697	170.3168	3.067733
5058	-1031.526	-1201.716	170.1901	3.143185
5064	-1032.639	-1203.191	170.5521	2.926485
5070	-1048.979	-1219.817	170.8375	2.753318
5076	-1029.442	-1200.081	170.6396	2.873621
5082	-1030.383	-1201.023	170.6396	2.873621
5088	-1031.252	-1202.048	170.7965	2.778301
5094	-1025.197	-1195.993	170.7965	2.778301
5100	-1030.059	-1200.855	170.7965	2.778301
5106	-1026.448	-1196.995	170.5469	2.929611
5112	-1027.255	-1197.862	170.6075	2.893018
5118	-1019.409	-1190.131	170.7219	2.823735
5124	-1034.034	-1204.861	170.8269	2.759755
5130	-1026.89	-1197.363	170.4725	2.974436
5136	-1028.676	-1199.436	170.7608	2.800033
5142	-1028.468	-1199.139	170.6714	2.854343
5148	-1030.308	-1201.476	171.1677	2.549773
5154	-1036.535	-1206.953	170.4174	3.007477
5160	-1038.601	-1209.018	170.4174	3.007477
5166	-1036.074	-1206.916	170.8424	2.750294
5172	-1032.684	-1203.776	171.0913	2.597204
5178	-1040.684	-1211.079	170.3952	3.020797
5184	-1044.003	-1214.416	170.413	3.010158
5190	-1048.055	-1218.468	170.413	3.010158
5196	-1046.123	-1216.91	170.7871	2.78407
5202	-1043.61	-1214.584	170.974	2.669596
5208	-1039.42	-1210.259	170.8386	2.752629
5214	-1023.322	-1194.383	171.0611	2.615888
5220	-1033.394	-1204.157	170.7631	2.798644
5226	-1038.002	-1208.572	170.5702	2.915567
5232	-1035.629	-1205.805	170.1766	3.151259
5238	-1033.637	-1204.258	170.6213	2.884724
5244	-1050.494	-1221.062	170.5678	2.91703
5250	-1034.101	-1204.385	170.2838	3.087433
5256	-1036.501	-1207.368	170.8668	2.735389
5262	-1040.506	-1211.847	171.3416	2.441077
5268	-1036.954	-1207.739	170.7849	2.785385
5274	-1030.225	-1201.261	171.036	2.631405
5280	-1033.703	-1204.087	170.384	3.027537
5286	-1035.144	-1205.999	170.8541	2.743119
5292	-1039.766	-1210.184	170.4179	3.007203
5298	-1048.685	-1219.35	170.6654	2.857987
5304	-1037.764	-1208.832	171.0682	2.611484
5310	-1043.141	-1214.279	171.1372	2.568723
5316	-1051.961	-1222.061	170.1	3.196713
5322	-1034.97	-1205.098	170.1281	3.18005
5328	-1028.059	-1198.786	170.7265	2.820928
5334	-1037.191	-1207.812	170.6214	2.884653
5340	-1050.861	-1221.124	170.2622	3.100284
5346	-1037.753	-1208.136	170.3827	3.028276
5352	-1042.784	-1212.931	170.1467	3.169008
5358	-1056.474	-1227.375	170.9008	2.714535
5364	-1063.382	-1233.651	170.2692	3.096114
5370	-1040.909	-1211.318	170.4094	3.012316
5376	-1051.606	-1221.925	170.319	3.066385
5382	-1048.213	-1218.101	169.8887	3.321491
5388	-1037.536	-1208.513	170.9768	2.667897
5394	-1038.244	-1208.887	170.6435	2.87127
5400	-1050.672	-1221.022	170.35	3.047836
5406	-1047.92	-1218.882	170.9629	2.676445
5412	-1038.874	-1209.617	170.7433	2.810734
5418	-1033.388	-1203.821	170.4323	2.998537
5424	-1034.531	-1205.476	170.9455	2.687113
5430	-1045.064	-1215.683	170.6187	2.88625
5436	-1043.313	-1214.16	170.8465	2.747778
5442	-1041.046	-1212.028	170.982	2.664685
5448	-1044.891	-1215.867	170.977	2.667776
5454	-1033.513	-1204.529	171.0163	2.643581
5460	-1026.543	-1197.629	171.086	2.600484
5466	-1043.091	-1213.901	170.8103	2.769873
5472	-1037.589	-1208.336	170.7469	2.808542
5478	-1046.053	-1216.491	170.4384	2.994915
5484	-1044.767	-1214.693	169.9259	3.299617
5490	-1033.757	-1204.746	170.9889	2.660451
5496	-1036.756	-1207.775	171.019	2.641885
5502	-1038.18	-1208.697	170.517	2.947658
5508	-1035.979	-1206.235	170.2559	3.10404
5514	-1034.16	-1205.51	171.3499	2.435859
5520	-1036.844	-1207.27	170.4256	3.002585
5526	-1039.507	-1210.479	170.9719	2.670911
5532	-1041.108	-1212.048	170.9404	2.690255
5538	-1031.342	-1202.282	170.9404	2.690255
5544	-1030.043	-1200.336	170.2929	3.081984
5550	-1035.679	-1206.215	170.5366	2.93583
5556	-1033.957	-1204.493	170.5366	2.93583
5562	-1024.383	-1194.676	170.2923	3.082322
5568	-1029.767	-1200.29	170.5225	2.94431
5574	-1035.874	-1206.804	170.9305	2.696309
5580	-1043.735	-1214.326	170.5912	2.902871
5586	-1031.166	-1201.583	170.4174	3.007519
5592	-1030.985	-1202.173	171.1885	2.536865
5598	-1038.879	-1209.521	170.642	2.872178
5604	-1033.095	-1203.737	170.642	2.872178
5610	-1022.761	-1193.235	170.4735	2.973792
5616	-1030.928	-1201.233	170.3046	3.074972
5622	-1039.245	-1209.55	170.3046	3.074972
5628	-1044.307	-1214.668	170.3611	3.041222
5634	-1040.022	-1210.848	170.8261	2.760225
5640	-1040.72	-1211.367	170.6476	2.868792
5646	-1036.139	-1206.735	170.5954	2.90037
5652	-1037.768	-1208.554	170.786	2.784716
5658	-1034.769	-1205.555	170.786	2.784716
5664	-1037.311	-1207.612	170.3017	3.076729
5670	-1048.984	-1220.16	171.1756	2.544887
5676	-1035.925	-1206.791	170.8657	2.736066
5682	-1034.426	-1205.242	170.8161	2.766362
5688	-1046.694	-1217.473	170.7792	2.788879
5694	-1046.76	-1217.25	170.4898	2.964
5700	-1042.09	-1212.982	170.8919	2.719986
5706	-1040.607	-1211.275	170.6678	2.856561
5712	-1039.437	-1209.83	170.3936	3.021772
5718	-1037.135	-1207.529	170.3936	3.021772
5724	-1034.245	-1205.266	171.0212	2.64055
5730	-1030.978	-1201.565	170.5872	2.905318
5736	-1042.579	-1213.167	170.5872	2.905318
5742	-1053.879	-1224.944	171.0652	2.613332
5748	-1056.249	-1227.061	170.8126	2.768523
5754	-1051.118	-1221.939	170.8215	2.763066
5760	-1037.94	-1208.776	170.8357	2.754404
5766	-1028.998	-1199.801	170.8033	2.774139
5772	-1037.162	-1208.283	171.1209	2.578875
5778	-1032.254	-1202.771	170.517	2.947618
5784	-1044.933	-1215.951	171.0184	2.642287
5790	-1036.967	-1207.611	170.6441	2.870914
5796	-1044.536	-1215.154	170.618	2.886716
5802	-1050.118	-1220.594	170.4756	2.972559
5808	-1045.081	-1216.321	171.2395	2.505016
5814	-1039.007	-1209.252	170.245	3.110554
5820	-1029.333	-1200.165	170.8321	2.756612
5826	-1025.418	-1196.33	170.9121	2.707608
5832	-1025.985	-1197.109	171.1232	2.577419
5838	-1038.135	-1209.34	171.2055	2.526276
5844	-1030.261	-1200.586	170.3253	3.062605
5850	-1034.082	-1205.251	171.1683	2.549441
5856	-1034.853	-1205.503	170.6495	2.867664
5862	-1024.499	-1195.408	170.9093	2.709314
5868	-1031.993	-1202.594	170.6011	2.896936
5874	-1028.363	-1198.835	170.4721	2.974637
5880	-1023.383	-1193.996	170.6139	2.889156
5886	-1026.238	-1196.852	170.6139	2.889156
5892	-1036.128	-1206.412	170.2839	3.087328
5898	-1031.289	-1201.941	170.6517	2.866296
5904	-1038.709	-1209.61	170.9015	2.714121
5910	-1023.837	-1194.739	170.9015	2.714121
5916	-1029.566	-1199.949	170.3824	3.028452
5922	-1026.389	-1196.985	170.5957	2.900162
5928	-1025.967	-1197.115	171.1481	2.561981
5934	-1040.591	-1211.207	170.6163	2.887725
5940	-1041.257	-1211.616	170.3594	3.042253
5946	-1038.126	-1208.758	170.6324	2.878017
5952	-1040.155	-1210.871	170.7164	2.827075
5958	-1038.133	-1208.849	170.7164	2.827075
5964	-1038.912	-1210.053	171.141	2.566387
5970	-1033.619	-1204.575	170.9556	2.680892
5976	-1026.275	-1197.378	171.1027	2.590158
5982	-1036.446	-1206.808	170.3619	3.040715
5988	-1047.129	-1217.327	170.1977	3.13867
5994	-1036.397	-1207.497	171.1001	2.591787
6000	-1031.455	-1201.986	170.5317	2.938782
6006	-1032.696	-1204.022	171.3263	2.450704
6012	-1032.579	-1203.615	171.036	2.631381
6018	-1045.122	-1216.163	171.0411	2.628272
6024	-1041.522	-1211.84	170.3173	3.067381
6030	-1045.573	-1216.512	170.9391	2.691043
6036	-1047.992	-1218.303	170.3105	3.071464
6042	-1047.739	-1218.447	170.7074	2.832554
6048	-1039.942	-1210.45	170.5081	2.953017
6054	-1042.232	-1213.241	171.0086	2.648325
6060	-1044.339	-1215.228	170.8893	2.721599
6066	-1036.365	-1206.818	170.4537	2.985721
6072	-1035.1	-1205.492	170.392	3.022692
6078	-1030.396	-1200.673	170.2765	3.091752
6084	-1038.759	-1209.726	170.9675	2.673613
6090	-1031.963	-1202.83	170.8671	2.735209
6096	-1033.062	-1203.929	170.8671	2.735209
6102	-1048.253	-1219.048	170.7949	2.779296
6108	-1056.213	-1226.672	170.4592	2.9824
6114	-1045.224	-1216.199	170.9754	2.668723
6120	-1027.735	-1198.736	171.0012	2.652832
6126	-1042.082	-1212.483	170.4016	3.016939
6132	-1034.376	-1204.965	170.5884	2.904561
6138	-1034.776	-1205.951	171.175	2.545273
6144	-1034.467	-1205.474	171.0064	2.649671
6150	-1033.834	-1204.32	170.4863	2.96613
6156	-1031.074	-1201.55	170.4759	2.972382
6162	-1038.33	-1208.964	170.6343	2.876831
6168	-1038.27	-1208.974	170.7036	2.834808
6174	-1035.405	-1206.395	170.9898	2.65986
6180	-1037.699	-1208.397	170.6981	2.838154
6186	-1029.01	-1199.047	170.0371	3.233948
6192	-1039.935	-1210.211	170.2761	3.091995
6198	-1033.595	-1203.935	170.3403	3.05369
6204	-1036.164	-1206.808	170.6439	2.871009
6210	-1036.083	-1206.979	170.8963	2.717285
6216	-1040.228	-1211.144	170.916	2.70526
6222	-1049.387	-1220.354	170.9674	2.673657
6228	-1044.7	-1215.371	170.6708	2.854736
6234	-1055.336	-1226.007	170.6708	2.854736
6240	-1043.505	-1213.915	170.4101	3.0119
6246	-1042.099	-1213.118	171.0196	2.641544
6252	-1046.791	-1217.699	170.9082	2.710024
6258	-1041.564	-1212.445	170.8809	2.726765
6264	-1035.477	-1205.996	170.5189	2.946518
6270	-1031.274	-1202.045	170.77	2.794447
6276	-1035.081	-1206.282	171.2012	2.528949
6282	-1025.381	-1195.88	170.4988	2.958583
6288	-1027.533	-1198.348	170.8147	2.767188
6294	-1037.385	-1207.554	170.1691	3.155719
6300	-1028.045	-1198.7	170.6544	2.864638
6306	-1025.41	-1195.729	170.3196	3.066014
6312	-1024.441	-1194.929	170.4882	2.96498
6318	-1034.198	-1204.252	170.0541	3.22389
6324	-1042.615	-1213.236	170.6212	2.884744
6330	-1046.675	-1217.01	170.3348	3.056942
6336	-1050.793	-1222.082	171.2895	2.473737
6342	-1049.719	-1220.303	170.5838	2.907361
6348	-1058.417	-1229.166	170.7492	2.807122
6354	-1042.421	-1213.366	170.9457	2.686986
6360	-1046.036	-1216.981	170.9457	2.686986
6366	-1039.723	-1210.231	170.5075	2.953365
6372	-1035.341	-1206.378	171.0376	2.630426
6378	-1039.061	-1209.467	170.4061	3.014263
6384	-1037.091	-1207.543	170.4521	2.986697
6390	-1041.895	-1213.019	171.1234	2.577341
6396	-1046.361	-1217.484	171.1234	2.577341
6402	-1057.564	-1228.017	170.4529	2.986216
6408	-1053.365	-1223.882	170.5168	2.947772
6414	-1048.463	-1219.144	170.6814	2.848321
6420	-1041.357	-1211.919	170.5617	2.92068
6426	-1047.481	-1218.518	171.0364	2.631133
6432	-1050.323	-1221.296	170.9732	2.670096
6438	-1043.191	-1213.727	170.5361	2.936133
6444	-1050.067	-1220.674	170.6067	2.893511
6450	-1051.529	-1222.571	171.0413	2.62814
6456	-1045.56	-1216.376	170.8151	2.766938
6462	-1029.7	-1200.616	170.9153	2.705672
6468	-1038.387	-1208.124	169.7366	3.410842
6474	-1039.664	-1210.656	170.9919	2.658567
6480	-1037.169	-1207.328	170.1594	3.161458
6486	-1037.76	-1208.077	170.3168	3.067726
6492	-1035.359	-1205.875	170.5166	2.947898
6498	-1031.518	-1201.952	170.4337	2.997713
6504	-1038.601	-1209.532	170.9317	2.695588
6510	-1044.553	-1214.507	169.9538	3.283124
6516	-1037.558	-1208.308	170.7493	2.807075
6522	-1037.124	-1207.855	170.7309	2.818236
6528	-1044.504	-1215.235	170.7309	2.818236
6534	-1050.225	-1220.719	170.4938	2.961624
6540	-1034.122	-1205.12	170.9979	2.654866
6546	-1038.053	-1208.519	170.4661	2.978286
6552	-1022.855	-1193.602	170.7471	2.808415
6558	-1016.539	-1187.297	170.7575	2.802072
6564	-1029.51	-1200.72	171.2104	2.523176
6570	-1027.775	-1198.302	170.5266	2.941853
6576	-1026.918	-1197.404	170.4859	2.966337
6582	-1035.313	-1205.826	170.5127	2.950241
6588	-1027.13	-1197.833	170.703	2.835195
6594	-1029.13	-1200.103	170.9733	2.670054
6600	-1046.611	-1217.223	170.6117	2.890477
6606	-1038.715	-1209.165	170.4504	2.987698
6612	-1041.887	-1212.311	170.4247	3.003117
6618	-1029.661	-1200.416	170.755	2.803615
6624	-1039.6	-1210.573	170.9738	2.669755
6630	-1045.936	-1216.3	170.3639	3.039542
6636	-1043.751	-1214.309	170.5582	2.92279
6642	-1066.741	-1237.446	170.7057	2.833545
6648	-1055.571	-1226.276	170.7057	2.833545
6654	-1042.745	-1213.636	170.8912	2.720463
6660	-1034.613	-1205.03	170.4173	3.00757
6666	-1030.199	-1200.925	170.7255	2.821504
6672	-1033.596	-1204.142	170.5465	2.929844
6678	-1039.296	-1210.049	170.7523	2.805218
6684	-1032.28	-1203.057	170.7764	2.79059
6690	-1041.548	-1212.56	171.0115	2.6465
6696	-1053.325	-1224.186	170.8614	2.738696
6702	-1042.837	-1213.443	170.6068	2.893442
6708	-1045.277	-1214.898	169.6216	3.478093
6714	-1045.737	-1216.671	170.9343	2.694006
6720	-1042.422	-1212.774	170.352	3.046656
6726	-1049.556	-1220.278	170.7215	2.823982
6732	-1037.676	-1207.702	170.0256	3.240734
6738	-1042.363	-1213.081	170.7179	2.826161
6744	-1027.743	-1198.606	170.8634	2.737458
6750	-1039.801	-1210.301	170.4999	2.95794
6756	-1041.157	-1211.877	170.7203	2.824672
6762	-1034.202	-1204.922	170.7203	2.824672
6768	-1042.786	-1213.221	170.4345	2.997254
6774	-1053.712	-1224.676	170.9635	2.676092
6780	-1037.402	-1207.752	170.3505	3.047567
6786	-1025.906	-1196.6	170.6941	2.840626
6792	-1027.065	-1197.556	170.4907	2.963496
6798	-1047.53	-1218.315	170.7854	2.785056
6804	-1045.382	-1216.309	170.9275	2.698189
6810	-1039.221	-1210.071	170.8493	2.746091
6816	-1030.499	-1200.789	170.29	3.083695
6822	-1026.734	-1198.076	171.3425	2.440464
6828	-1027.527	-1198.604	171.0767	2.606225
6834	-1023.839	-1194.481	170.6416	2.872429
6840	-1027.711	-1198.256	170.5444	2.931142
6846	-1048.554	-1218.945	170.3916	3.02298
6852	-1040.457	-1211.528	171.0711	2.609681
6858	-1037.362	-1208.029	170.6661	2.857571
6864	-1041.56	-1212.183	170.6232	2.883553
6870	-1040.074	-1210.657	170.5836	2.907477
6876	-1032.461	-1203.356	170.8958	2.717628
6882	-1033.011	-1203.598	170.5874	2.905171
6888	-1034.993	-1206.007	171.0135	2.645264
6894	-1031.628	-1202.243	170.6146	2.888729
6900	-1039.586	-1209.945	170.3583	3.042868
6906	-1039.704	-1210.122	170.4183	3.006949
6912	-1038.842	-1209.788	170.9464	2.686564
6918	-1039.841	-1210.493	170.6516	2.866356
6924	-1030.556	-1201.426	170.8709	2.732884
6930	-1038.281	-1208.645	170.3641	3.039422
6936	-1040.628	-1211.625	170.9972	2.655355
6942	-1036.567	-1207.214	170.6468	2.869267
6948	-1024.551	-1195.273	170.7221	2.823577
6954	-1036.681	-1207.671	170.99	2.659755
6960	-1024.911	-1195.444	170.533	2.938015
6966	-1025.521	-1196.054	170.533	2.938015
6972	-1037.072	-1207.869	170.7967	2.778165
6978	-1030.329	-1200.543	170.214	3.129013
6984	-1027.774	-1197.988	170.214	3.129013
6990	-1038.496	-1209.031	170.5347	2.936978
6996	-1036.009	-1206.684	170.6757	2.851753
7002	-1040.758	-1211.203	170.4448	2.991025
7008	-1035.541	-1206.636	171.0955	2.594605
7014	-1032.648	-1203.339	170.6911	2.842427
7020	-1030.648	-1201.701	171.0527	2.621078
7026	-1023.338	-1194.206	170.8679	2.734697
7032	-1031.068	-1201.176	170.1086	3.191632
7038	-1030.104	-1200.222	170.1178	3.186139
7044	-1026.309	-1196.748	170.4388	2.994633
7050	-1025.276	-1195.621	170.3451	3.050819
7056	-1030.291	-1200.701	170.4091	3.012442
7062	-1036.708	-1207.129	170.4206	3.005591
7068	-1038.094	-1208.484	170.3894	3.024265
7074	-1033.269	-1204.127	170.8585	2.740442
7080	-1040.934	-1211.611	170.6766	2.851186
7086	-1034.752	-1205.428	170.6766	2.851186
7092	-1025.068	-1195.848	170.7799	2.788439
7098	-1033.106	-1203.786	170.6801	2.849078
7104	-1039.942	-1211.018	171.0754	2.607063
7110	-1032.457	-1202.895	170.4384	2.994887
7116	-1028.679	-1199.117	170.4384	2.994887
7122	-1039.206	-1209.903	170.6977	2.838386
7128	-1024.701	-1195.233	170.5325	2.938332
7134	-1037.643	-1207.915	170.2726	3.094117
7140	-1023.782	-1194.596	170.8137	2.767851
7146	-1029.607	-1200.716	171.1093	2.586084
7152	-1039.764	-1210.045	170.2813	3.088908
7158	-1049.285	-1219.505	170.2205	3.125114
7164	-1049.111	-1220.008	170.897	2.716905
7170	-1042.234	-1212.89	170.656	2.863704
7176	-1034.588	-1204.944	170.3556	3.044529
7182	-1039.459	-1209.962	170.503	2.956073
7188	-1030.15	-1201.014	170.8639	2.737143
7194	-1028.563	-1199.066	170.5031	2.955991
7200	-1034.692	-1204.814	170.1216	3.183901
7206	-1055.513	-1226.503	170.9896	2.659977
7212	-1054.708	-1225.143	170.4352	2.996829
7218	-1032.46	-1203.156	170.6965	2.839154
7224	-1045.371	-1216.222	170.851	2.745036
7230	-1027.201	-1197.797	170.5953	2.900408
7236	-1035.382	-1206.399	171.0176	2.642732
7242	-1020.787	-1191.617	170.8305	2.757549
7248	-1033.275	-1203.707	170.4317	2.99891
7254	-1037.301	-1208.012	170.7113	2.830175
7260	-1029.853	-1200.483	170.6304	2.879168
7266	-1042.245	-1212.842	170.5964	2.89978
7272	-1030.697	-1201.731	171.033	2.633233
7278	-1033.259	-1203.716	170.4571	2.983643
7284	-1044.668	-1214.783	170.1148	3.18793
7290	-1036.793	-1207.277	170.4835	2.967781
7296	-1024.441	-1195.121	170.6803	2.848968
7302	-1022.97	-1193.993	171.0228	2.639569
7308	-1024.899	-1195.186	170.2876	3.085161
7314	-1036.131	-1206.481	170.3496	3.048123
7320	-1039.945	-1210.869	170.9235	2.700604
7326	-1045.593	-1215.738	170.1453	3.169823
7332	-1045.593	-1216.224	170.6305	2.879147
7338	-1037.126	-1207.606	170.4798	2.970041
7344	-1032.357	-1202.705	170.3479	3.049123
7350	-1029.371	-1200.022	170.6518	2.86622
7356	-1026.253	-1197.143	170.8909	2.720595
7362	-1031.066	-1201.488	170.4219	3.004782
7368	-1036.547	-1207.374	170.8275	2.759427
7374	-1039.248	-1210.075	170.8275	2.759427
7380	-1030.345	-1200.885	170.5398	2.933899
7386	-1035.287	-1205.827	170.5398	2.933899
7392	-1028.641	-1199.65	171.0097	2.647627
7398	-1030.54	-1200.901	170.3604	3.041628
7404	-1036.447	-1206.503	170.0567	3.222365
7410	-1035.605	-1206.219	170.6139	2.889156
7416	-1041.874	-1212.786	170.9124	2.70746
7422	-1040.18	-1210.647	170.4669	2.977756
7428	-1053.144	-1223.458	170.3139	3.069424
7434	-1047.254	-1217.92	170.6658	2.857736
7440	-1025.434	-1196.1	170.6658	2.857736
7446	-1038.044	-1209.012	170.9679	2.673356
7452	-1035.495	-1206.405	170.9105	2.708625
7458	-1034.162	-1205.247	171.0852	2.601005
7464	-1031.336	-1202.06	170.7238	2.822561
7470	-1030.122	-1200.845	170.7238	2.822561
7476	-1035.44	-1206.397	170.9574	2.679827
7482	-1043.163	-1213.509	170.3461	3.050186
7488	-1029.093	-1199.738	170.6452	2.870228
7494	-1028.837	-1199.3	170.4622	2.980601
7500	-1025.536	-1195.969	170.4325	2.998464
7506	-1033.639	-1204.469	170.8296	2.758105
7512	-1026.716	-1197.634	170.9174	2.704402
7518	-1035.307	-1205.923	170.616	2.887895
7524	-1038.662	-1208.914	170.2521	3.106338
7530	-1036.137	-1206.603	170.4665	2.978025
7536	-1036.209	-1206.676	170.4665	2.978025
7542	-1031.202	-1201.912	170.71	2.830963
7548	-1025.573	-1196.567	170.9933	2.657741
7554	-1034.691	-1204.868	170.1767	3.151164
7560	-1037.793	-1208.744	170.9504	2.684095
7566	-1049.763	-1220.387	170.6236	2.883316
7572	-1044.919	-1215.693	170.7748	2.791539
7578	-1042.65	-1213.926	171.2757	2.482396
7584	-1038.438	-1208.704	170.2659	3.098097
7590	-1037.479	-1207.89	170.4107	3.011485
7596	-1029.089	-1199.905	170.8167	2.766004
7602	-1033.868	-1204.08	170.2122	3.130046
7608	-1035.822	-1206.959	171.1378	2.568385
7614	-1030.859	-1201.664	170.805	2.773153
7620	-1042.062	-1213.116	171.054	2.620266
7626	-1037.093	-1207.822	170.729	2.819412
7632	-1023.481	-1194.232	170.7512	2.805909
7638	-1024.923	-1196.298	171.3756	2.419634
7644	-1037.379	-1208.789	171.4101	2.397907
7650	-1058.77	-1229.149	170.3786	3.030759
7656	-1036.194	-1206.952	170.7577	2.801962
7662	-1038.828	-1209.56	170.732	2.81759
7668	-1034.712	-1205.415	170.703	2.835168
7674	-1041.347	-1212.05	170.703	2.835168
7680	-1058.005	-1229.391	171.386	2.413085
7686	-1043.279	-1213.687	170.4073	3.013531
7692	-1040.707	-1211.557	170.8504	2.745426
7698	-1046.48	-1217.545	171.0649	2.613571
7704	-1040.032	-1210.611	170.5785	2.91055
7710	-1027.722	-1198.722	170.9998	2.653737
7716	-1037.795	-1208.799	171.0036	2.651379
7722	-1045.308	-1215.455	170.1468	3.168952
7728	-1037.963	-1208.167	170.2033	3.135389
7734	-1033.5	-1204.245	170.7455	2.809352
7740	-1041.799	-1211.939	170.1396	3.173192
7746	-1038.903	-1210.015	171.1114	2.58476
7752	-1029.612	-1200.692	171.0799	2.604271
7758	-1037.535	-1208.614	171.0799	2.604271
7764	-1034.138	-1205.224	171.0863	2.600323
7770	-1038.72	-1209.614	170.8939	2.718772
7776	-1040.947	-1211.556	170.6091	2.892059
7782	-1039.905	-1211.207	171.3023	2.465714
7788	-1033.688	-1204.492	170.8034	2.774109
7794	-1036.082	-1206.859	170.7776	2.789856
7800	-1034.672	-1205.449	170.7776	2.789856
7806	-1030.355	-1201.402	171.0465	2.624925
7812	-1026.197	-1196.744	170.547	2.929576
7818	-1033.792	-1204.538	170.7455	2.809372
7824	-1027.477	-1198.056	170.5795	2.909954
7830	-1026.416	-1196.995	170.5795	2.909954
7836	-1038.864	-1209.573	170.7094	2.831281
7842	-1030.64	-1200.993	170.3531	3.046019
7848	-1017.912	-1188.497	170.5859	2.906126
7854	-1033.919	-1204.452	170.5326	2.938273
7860	-1029.162	-1199.694	170.5326	2.938273
7866	-1023.681	-1194.444	170.7627	2.79893
7872	-1037.816	-1208.578	170.7627	2.79893
7878	-1025.483	-1196.245	170.7627	2.79893
7884	-1037.109	-1207.872	170.7627	2.79893
7890	-1037.454	-1208.567	171.1127	2.583949
7896	-1029.51	-1200.635	171.1248	2.576467
7902	-1033.248	-1203.771	170.5225	2.944326
7908	-1036.901	-1207.537	170.6367	2.875359
7914	-1035.763	-1206.415	170.6518	2.866255
7920	-1028.254	-1198.812	170.5581	2.922861
7926	-1031.61	-1202.576	170.9661	2.674477
7932	-1036.148	-1206.73	170.5813	2.908877
7938	-1038.775	-1210.408	171.6336	2.255519
7944	-1024.509	-1194.861	170.352	3.046677
7950	-1018.735	-1189.801	171.0656	2.613103
7956	-1020.105	-1191.157	171.0515	2.621799
7962	-1029.434	-1200.108	170.6735	2.853076
7968	-1029.131	-1200.099	170.9689	2.67277
7974	-1035.277	-1205.594	170.3169	3.067676
7980	-1033.521	-1203.693	170.1725	3.153689
7986	-1029.173	-1200.044	170.871	2.732796
7992	-1041.266	-1211.668	170.4027	3.016327
7998	-1032.737	-1203.28	170.5431	2.931911
8004	-1048.614	-1218.819	170.205	3.134343
8010	-1030.472	-1201.594	171.1219	2.57825
8016	-1032.844	-1203.827	170.9828	2.664193
8022	-1035.872	-1206.752	170.8799	2.727337
8028	-1046.338	-1217.184	170.8459	2.748147
8034	-1043.66	-1214.644	170.984	2.663456
8040	-1036.11	-1207.094	170.984	2.663456
8046	-1044.903	-1215.887	170.984	2.663456
8052	-1033.566	-1204.14	170.5733	2.913714
8058	-1046.915	-1217.05	170.1347	3.17613
8064	-1038.575	-1208.779	170.2035	3.135228
8070	-1030.723	-1201.269	170.5466	2.929782
8076	-1028.324	-1199.409	171.0859	2.600562
8082	-1028.691	-1199.342	170.6513	2.866531
8088	-1031.48	-1202.808	171.3275	2.449903
8094	-1033.259	-1204.206	170.9471	2.686156
8100	-1048.693	-1218.669	169.9753	3.270451
8106	-1038.699	-1209.331	170.6317	2.878409
8112	-1047.423	-1218.258	170.8353	2.754621
8118	-1038.268	-1209.159	170.8912	2.72041
8124	-1038.348	-1209.185	170.837	2.753569
8130	-1032.916	-1204.069	171.1535	2.558611
8136	-1033.291	-1203.599	170.3085	3.072639
8142	-1046.665	-1216.812	170.1475	3.168552
8148	-1041.565	-1211.984	170.4189	3.006574
8154	-1029.285	-1200.048	170.7636	2.798352
8160	-1040.874	-1210.795	169.9214	3.302231
8166	-1025.576	-1196.56	170.9839	2.663497
8172	-1032.019	-1202.646	170.627	2.881252
8178	-1035.786	-1206.656	170.8697	2.733627
8184	-1041.15	-1212.02	170.8697	2.733627
8190	-1041.044	-1211.217	170.1737	3.152966
8196	-1033.484	-1204.644	171.1602	2.554466
8202	-1037.267	-1208.445	171.1786	2.543039
8208	-1034.897	-1205.85	170.9528	2.68262
8214	-1031.687	-1202.64	170.9528	2.68262
8220	-1038.661	-1209.504	170.8429	2.750018
8226	-1035.299	-1206.049	170.75	2.806655
8232	-1032.542	-1202.901	170.3592	3.042374
8238	-1031.861	-1202.414	170.5533	2.925759
8244	-1025.96	-1196.704	170.7438	2.81042
8250	-1027.437	-1198.46	171.0233	2.639247
8256	-1019.671	-1190.904	171.2335	2.508815
8262	-1027.032	-1197.33	170.2987	3.078544
8268	-1023.378	-1193.816	170.4374	2.99552
8274	-1032.807	-1203.233	170.4269	3.001789
8280	-1034.068	-1204.185	170.1163	3.187022
8286	-1040.288	-1210.681	170.3926	3.022348
8292	-1038.587	-1209.794	171.2066	2.525572
8298	-1038.688	-1208.743	170.0558	3.222896
8304	-1044.662	-1215.257	170.5954	2.900382
8310	-1035.488	-1206.314	170.8262	2.76017
8316	-1033.209	-1203.616	170.4064	3.014098
8322	-1043.212	-1213.048	169.8357	3.352697
8328	-1038.75	-1209.14	170.3905	3.023611
8334	-1034.333	-1205.161	170.8273	2.759496
8340	-1034.674	-1205.847	171.1734	2.546275
8346	-1048.272	-1218.393	170.1212	3.184107
8352	-1041.538	-1211.629	170.0912	3.201897
8358	-1045.356	-1215.442	170.0857	3.205166
8364	-1045.441	-1216.384	170.9425	2.688955
8370	-1038.339	-1208.776	170.4367	2.995907
8376	-1032.691	-1203.977	171.2861	2.475869
8382	-1032.201	-1203.335	171.1348	2.570253
8388	-1030.536	-1201.546	171.0097	2.647644
8394	-1043.339	-1214.535	171.1962	2.532087
8400	-1052.996	-1223.229	170.233	3.117677
8406	-1047.025	-1217.917	170.8924	2.719693
8412	-1043.187	-1213.457	170.2704	3.095423
8418	-1039.716	-1210.602	170.8861	2.723548
8424	-1038.108	-1208.522	170.4139	3.009597
8430	-1038.09	-1208.779	170.6888	2.843811
8436	-1036.215	-1207.138	170.9235	2.700606
8442	-1047.237	-1218.426	171.1887	2.53672
8448	-1044.319	-1215.508	171.1889	2.536621
8454	-1047.225	-1217.557	170.332	3.05861
8460	-1050.25	-1221.231	170.9806	2.665553
8466	-1036.362	-1207.224	170.8615	2.738633
8472	-1036.929	-1207.46	170.5314	2.938974
8478	-1049.955	-1220.327	170.372	3.034724
8484	-1047.025	-1217.355	170.3296	3.060045
8490	-1040.429	-1211.635	171.2069	2.525408
8496	-1046.992	-1218.535	171.5428	2.313674
8502	-1039.247	-1210.239	170.9922	2.658427
8508	-1043.585	-1213.743	170.1584	3.162053
8514	-1046.681	-1217.297	170.6158	2.888003
8520	-1038.605	-1209.221	170.6158	2.888003
8526	-1041.31	-1211.925	170.6158	2.888003
8532	-1054.338	-1224.88	170.5417	2.93277
8538	-1046.992	-1218.034	171.042	2.627707
8544	-1051.985	-1222.352	170.3673	3.037532
8550	-1068.037	-1238.529	170.4922	2.962562
8556	-1049.347	-1220.039	170.6922	2.84178
8562	-1052.79	-1223.48	170.6893	2.843485
8568	-1043.806	-1214.011	170.2042	3.134804
8574	-1051.543	-1222.528	170.9848	2.662947
8580	-1040.36	-1211.597	171.2368	2.506747
8586	-1039.352	-1210.589	171.2368	2.506747
8592	-1033.315	-1204.604	171.2885	2.474396
8598	-1033.444	-1203.795	170.3504	3.047602
8604	-1040.296	-1210.826	170.5302	2.939708
8610	-1038.865	-1210.049	171.1846	2.53927
8616	-1029.413	-1200.563	171.1499	2.560836
8622	-1035.744	-1206.938	171.1946	2.53303
8628	-1026.591	-1197.552	170.9613	2.677427
8634	-1032.641	-1203.457	170.8159	2.766449
8640	-1024.035	-1194.851	170.8159	2.766449
8646	-1032.239	-1202.795	170.5558	2.924286
8652	-1039.361	-1210.566	171.205	2.526584
8658	-1030.885	-1201.298	170.4135	3.009822
8664	-1041.132	-1212.037	170.9055	2.711667
8670	-1037.95	-1208.235	170.2849	3.086722
8676	-1041.54	-1212.91	171.37	2.423202
8682	-1026.938	-1198.324	171.3859	2.413155
8688	-1037.014	-1208.146	171.132	2.571998
8694	-1030.303	-1200.751	170.4484	2.988876
8700	-1035.822	-1206.692	170.8702	2.733289
8706	-1040.535	-1211.268	170.7333	2.816776
8712	-1040.49	-1210.903	170.4136	3.009769
8718	-1036.251	-1206.664	170.4136	3.009769
8724	-1029.775	-1200.387	170.6112	2.890795
8730	-1028.98	-1199.887	170.9068	2.710885
8736	-1034.885	-1205.791	170.9068	2.710885
8742	-1030.125	-1201.198	171.0722	2.609
8748	-1034.6	-1205.618	171.0184	2.642256
8754	-1035.401	-1206.038	170.6371	2.875113
8760	-1041.257	-1211.894	170.6371	2.875113
8766	-1038.786	-1209.668	170.8811	2.726605
8772	-1038.319	-1209.196	170.8776	2.728751
8778	-1033.697	-1204.575	170.8776	2.728751
8784	-1043.809	-1214.771	170.9619	2.67704
8790	-1034.519	-1205.85	171.3308	2.44783
8796	-1037.74	-1208.921	171.1813	2.541341
8802	-1041.695	-1212.034	170.3393	3.054231
8808	-1033.678	-1203.949	170.2716	3.094657
8814	-1040.441	-1211.496	171.055	2.619636
8820	-1032.219	-1203.278	171.0595	2.616898
8826	-1026.931	-1197.616	170.6847	2.846314
8832	-1039.761	-1210.446	170.6847	2.846314
8838	-1042.692	-1213.79	171.0982	2.592938
8844	-1045.916	-1217.014	171.0982	2.592938
8850	-1036.941	-1207.898	170.9573	2.679866
8856	-1035.641	-1206.43	170.7884	2.783229
8862	-1040.908	-1211.242	170.3336	3.05767
8868	-1033.599	-1204.392	170.793	2.780468
8874	-1032.609	-1203.235	170.6262	2.881717
8880	-1028.465	-1199.053	170.5871	2.905356
8886	-1025.612	-1196.217	170.6048	2.894657
8892	-1018.62	-1189.918	171.2976	2.468694
8898	-1030.464	-1201.272	170.8079	2.771363
8904	-1027.016	-1198.022	171.0052	2.65038
8910	-1038.994	-1210.204	171.2093	2.523897
8916	-1041.329	-1212.678	171.3494	2.436123
8922	-1043.443	-1214.374	170.9306	2.696307
8928	-1052.83	-1222.424	169.5938	3.494306
8934	-1056.046	-1226.826	170.7798	2.78848
8940	-1054.493	-1224.563	170.0695	3.214792
8946	-1052.166	-1222.518	170.3525	3.046381
8952	-1047.159	-1217.926	170.7672	2.796149
8958	-1059.004	-1229.771	170.7672	2.796149
8964	-1025.917	-1196.317	170.4005	3.017625
8970	-1023.1	-1194.081	170.9815	2.665022
8976	-1031.997	-1202.811	170.8139	2.767682
8982	-1040.384	-1211.555	171.171	2.547758
8988	-1036.624	-1207.565	170.9408	2.69001
8994	-1038.468	-1208.585	170.1172	3.186483
9000	-1039.414	-1209.699	170.285	3.08671
9006	-1041.773	-1212.756	170.9832	2.66395
9012	-1040.461	-1210.853	170.3918	3.022836
9018	-1031.876	-1202.791	170.9151	2.705785
9024	-1033.262	-1204.102	170.8405	2.751481
9030	-1026.409	-1197.597	171.1877	2.537334
9036	-1034.523	-1205.314	170.7914	2.781427
9042	-1032.149	-1202.941	170.7914	2.781427
9048	-1036.525	-1207.774	171.249	2.499135
9054	-1027.272	-1198.444	171.172	2.54713
9060	-1032.45	-1203.481	171.0313	2.634288
9066	-1032.217	-1203.153	170.9364	2.692734
9072	-1037.005	-1207.618	170.6132	2.889617
9078	-1046.07	-1217.021	170.9515	2.683433
9084	-1055.952	-1226.507	170.5553	2.924568
9090	-1052.222	-1223.055	170.8328	2.756148
9096	-1039.429	-1209.949	170.5199	2.945908
9102	-1043.363	-1214.613	171.2499	2.49855
9108	-1029.389	-1200.073	170.6841	2.846652
9114	-1050.525	-1221.008	170.4832	2.967985
9120	-1030.411	-1201.016	170.6043	2.894952
9126	-1041.46	-1212.083	170.6224	2.884029
9132	-1039.507	-1210.728	171.2213	2.516386
9138	-1043.2	-1213.719	170.5188	2.946549
9144	-1038.06	-1209.087	171.0273	2.636784
9150	-1030.863	-1201.412	170.5488	2.928464
9156	-1047.042	-1217.591	170.5488	2.928464
9162	-1049.346	-1219.858	170.5124	2.950393
9168	-1063.363	-1233.907	170.5434	2.931713
9174	-1034.476	-1205.102	170.6258	2.881952
9180	-1028.21	-1199.572	171.3624	2.427951
9186	-1043.829	-1214.153	170.3236	3.063671
9192	-1055.618	-1226.64	171.0212	2.640548
9198	-1036.844	-1207.526	170.6825	2.847626
9204	-1041.945	-1212.593	170.6484	2.86829
9210	-1054.095	-1224.98	170.8848	2.724331
9216	-1049.09	-1219.103	170.0124	3.248535
9222	-1049.408	-1220.258	170.8501	2.745609
9228	-1027.631	-1198.107	170.4759	2.972384
9234	-1039.607	-1210.422	170.8152	2.766881
9240	-1031.931	-1202.113	170.1818	3.148149
9246	-1045.99	-1216.957	170.9669	2.67399
9252	-1048.933	-1218.803	169.8696	3.332741
9258	-1033.051	-1203.893	170.8424	2.750315
9264	-1037.166	-1207.677	170.5105	2.951539
9270	-1043.59	-1213.974	170.384	3.027514
9276	-1054.571	-1224.76	170.1888	3.143968
9282	-1034.178	-1204.619	170.4416	2.992977
9288	-1036.285	-1207.576	171.2914	2.472565
9294	-1042.044	-1212.377	170.3322	3.058491
9300	-1039.58	-1210.028	170.4482	2.989042
9306	-1043.123	-1213.716	170.5931	2.901725
9312	-1032.98	-1203.26	170.2801	3.089637
9318	-1028.992	-1199.942	170.9494	2.684749
9324	-1032.669	-1203.244	170.5751	2.912601
9330	-1021.26	-1192.272	171.0116	2.646473
9336	-1032.695	-1203.438	170.7428	2.810998
9342	-1037.148	-1207.559	170.4112	3.011225
9348	-1032.263	-1202.771	170.5074	2.953411
9354	-1032.634	-1203.029	170.395	3.020925
9360	-1045.716	-1216.725	171.0093	2.647898
9366	-1030.878	-1201.535	170.6562	2.863561
9372	-1028.909	-1199.565	170.6562	2.863561
9378	-1032.526	-1203.533	171.0064	2.649685
9384	-1039.828	-1210.252	170.4245	3.003246
9390	-1040.326	-1210.751	170.4245	3.003246
9396	-1030.013	-1200.513	170.4994	2.958257
9402	-1040.859	-1211.406	170.5474	2.929342
9408	-1040.057	-1210.942	170.8857	2.723826
9414	-1037.957	-1208.842	170.8855	2.723899
9420	-1033.735	-1204.513	170.7782	2.789461
9426	-1032.517	-1203.334	170.8171	2.765734
9432	-1025.694	-1196.511	170.8171	2.765734
9438	-1040.577	-1211.763	171.1859	2.538485
9444	-1029.994	-1200.561	170.567	2.917527
9450	-1036.749	-1207.499	170.7499	2.806697
9456	-1033.169	-1204.461	171.2929	2.471617
9462	-1033.605	-1203.962	170.3576	3.043307
9468	-1029.131	-1199.214	170.0833	3.206586
9474	-1032.817	-1203.719	170.9016	2.714063
9480	-1040.647	-1211.309	170.6614	2.860405
9486	-1043.153	-1213.767	170.6141	2.889045
9492	-1045.241	-1215.764	170.5228	2.944133
9498	-1023.94	-1194.701	170.761	2.799964
9504	-1031.035	-1202.15	171.115	2.582502
9510	-1021.641	-1192.207	170.5663	2.917946
9516	-1035.454	-1205.675	170.2212	3.124696
9522	-1024.495	-1195.535	171.0394	2.629329
9528	-1036.168	-1206.793	170.6248	2.88261
9534	-1040.26	-1211.18	170.9202	2.702666
9540	-1028.714	-1199.596	170.882	2.726091
9546	-1029.23	-1199.955	170.725	2.82185
9552	-1035.622	-1206.227	170.6049	2.894591
9558	-1042.007	-1212.612	170.6049	2.894591
9564	-1045.207	-1215.379	170.1714	3.154308
9570	-1037.133	-1207.793	170.6601	2.86122
9576	-1035.238	-1205.748	170.5106	2.951494
9582	-1039.686	-1210.209	170.5231	2.943973
9588	-1037.525	-1208.47	170.9455	2.687132
9594	-1030	-1201.024	171.0246	2.638414
9600	-1035.722	-1206.545	170.8229	2.762234
9606	-1030.445	-1201.26	170.8149	2.76707
9612	-1045.644	-1216.333	170.6887	2.843874
9618	-1041.381	-1211.832	170.4508	2.987448
9624	-1038.678	-1208.868	170.1898	3.143369
9630	-1046.198	-1217.179	170.9811	2.665228
9636	-1044.569	-1215.8	171.2306	2.510617
9642	-1049.695	-1220.353	170.6582	2.86235
9648	-1044.153	-1214.811	170.6582	2.86235
9654	-1048.687	-1219.603	170.9161	2.70516
9660	-1049.196	-1219.794	170.5983	2.898578
9666	-1052.137	-1222.735	170.5983	2.898578
9672	-1053.137	-1223.777	170.6404	2.873162
9678	-1047.514	-1217.649	170.1353	3.175737
9684	-1051.865	-1222.728	170.8629	2.737739
9690	-1043.211	-1214.074	170.8629	2.737739
9696	-1035.826	-1206.441	170.615	2.888517
9702	-1038.325	-1209.278	170.9531	2.682476
9708	-1039.236	-1209.69	170.4546	2.985164
9714	-1026.596	-1197.706	171.1105	2.58531
9720	-1042.646	-1212.908	170.2625	3.100095
9726	-1029.965	-1200.694	170.729	2.819412
9732	-1029.592	-1200.531	170.9389	2.691186
9738	-1039.494	-1210.241	170.748	2.807864
9744	-1040.005	-1210.819	170.8143	2.767456
9750	-1040.084	-1210.348	170.2636	3.099439
9756	-1029.829	-1200.756	170.9269	2.698539
9762	-1036.381	-1206.66	170.2792	3.090155
9768	-1026.801	-1197.493	170.6915	2.842189
9774	-1032.305	-1203.035	170.73	2.818789
9780	-1031.601	-1202.298	170.697	2.838831
9786	-1024.539	-1194.899	170.3597	3.042051
9792	-1026.82	-1197.758	170.9378	2.691874
9798	-1027.12	-1197.526	170.4059	3.014367
9804	-1035.105	-1204.687	169.582	3.501181
9810	-1027.835	-1198.886	171.0513	2.621932
9816	-1037.453	-1207.796	170.343	3.052066
9822	-1029.374	-1199.364	169.9897	3.261956
9828	-1033.473	-1204.668	171.1955	2.5325
9834	-1032.988	-1204.474	171.4859	2.349843
9840	-1030.571	-1201.108	170.5365	2.935896
9846	-1034.13	-1205.032	170.9015	2.714102
9852	-1035.257	-1205.969	170.7121	2.829652
9858	-1035.202	-1205.692	170.4903	2.963731
9864	-1022.52	-1193.461	170.9415	2.689555
9870	-1036.917	-1207.429	170.512	2.950684
9876	-1026.919	-1197.806	170.8869	2.723051
9882	-1035.761	-1206.081	170.3191	3.066313
9888	-1038.386	-1208.578	170.1925	3.141785
9894	-1032.858	-1203.296	170.4386	2.994756
9900	-1026.77	-1197.441	170.6714	2.85439
9906	-1032.645	-1203.241	170.5959	2.900067
9912	-1036.884	-1207.566	170.6823	2.847758
9918	-1037.582	-1208.264	170.6823	2.847758
9924	-1021.542	-1192.42	170.8773	2.728933
9930	-1026.244	-1196.657	170.4132	3.010036
9936	-1025.771	-1195.859	170.0877	3.203963
9942	-1035.693	-1206.69	170.9968	2.655555
9948	-1031.475	-1202.057	170.5823	2.908279
9954	-1033.103	-1203.685	170.5823	2.908279
9960	-1039.225	-1208.983	169.7584	3.398037
9966	-1032.71	-1203.691	170.9804	2.665697
9972	-1025.372	-1196.343	170.9719	2.670897
9978	-1030.785	-1201.756	170.9719	2.670897
9984	-1027.107	-1197.538	170.4316	2.998959
9990	-1052.889	-1223.158	170.2695	3.095911
9996	-1032.596	-1202.865	170.2695	3.095911
10002	-1035.298	-1205.858	170.5597	2.921922
10008	-1037.987	-1208.192	170.2052	3.13426
10014	-1028.031	-1198.687	170.6562	2.86356
10020	-1022.58	-1192.874	170.2939	3.081389
10026	-1028.041	-1198.319	170.2781	3.090796
10032	-1031.357	-1202.293	170.9361	2.692929
10038	-1028.199	-1198.429	170.2299	3.11956
10044	-1026	-1196.612	170.6116	2.890573
10050	-1043.5	-1214.17	170.6698	2.855331
10056	-1051.129	-1221.748	170.6192	2.885991
10062	-1053.378	-1224.854	171.4753	2.356582
10068	-1035.2	-1206.437	171.2367	2.50677
10074	-1031.489	-1202.755	171.2657	2.48868
10080	-1038.949	-1209.896	170.9468	2.68633
10086	-1035.92	-1206.45	170.5306	2.93947
10092	-1051.51	-1222.35	170.84	2.751758
10098	-1042.888	-1213.925	171.0373	2.630614
10104	-1031.988	-1202.54	170.5517	2.926764
10110	-1031.215	-1201.948	170.7329	2.817018
10116	-1032.374	-1203.13	170.7555	2.80326
10122	-1021.909	-1192.624	170.7142	2.828378
10128	-1030.241	-1200.025	169.784	3.383025
10134	-1030.915	-1201.844	170.9292	2.697159
10140	-1026.474	-1197.411	170.9364	2.692704
10146	-1026.038	-1196.529	170.4909	2.963358
10152	-1034.944	-1205.554	170.6102	2.891417
10158	-1031.636	-1202.782	171.1462	2.563189
10164	-1027.579	-1198.553	170.974	2.669586
10170	-1041.862	-1212.214	170.352	3.046657
10176	-1028.727	-1199.326	170.5987	2.898391
10182	-1025.307	-1196.424	171.1174	2.581054
10188	-1022.013	-1193.13	171.1174	2.581054
10194	-1015.78	-1186.658	170.8774	2.728885
10200	-1014.811	-1185.838	171.0268	2.637087
10206	-1027.308	-1198.118	170.8104	2.769824
10212	-1021.644	-1192.563	170.9193	2.70321
10218	-1029.491	-1200.466	170.9751	2.668953
10224	-1029.582	-1200.264	170.6826	2.847604
10230	-1040.653	-1211.119	170.466	2.978292
10236	-1028.332	-1199.266	170.9341	2.694142
10242	-1022.022	-1192.267	170.2451	3.110471
10248	-1028.042	-1198.587	170.5452	2.930675
10254	-1030.009	-1200.846	170.8374	2.753328
10260	-1021.665	-1192.706	171.0409	2.628344
10266	-1031.555	-1202.736	171.1812	2.541392
10272	-1022.461	-1193.006	170.545	2.930777
10278	-1022.636	-1193.505	170.8689	2.734085
10284	-1023.461	-1194.581	171.1194	2.57982
10290	-1017.976	-1188.884	170.908	2.710159
10296	-1037.918	-1208.803	170.8848	2.724349
