Iteration	Posterior	Likelihood	Prior	gain_loss_ratio	tree_length
0	-2827.8	-2994.729	166.9288	1.649895	4.138971
6	-2827.223	-2993.694	166.4706	1.941708	4.252813
12	-2830.063	-2996.997	166.9339	1.706592	4.106892
18	-2845.36	-3012.456	167.0959	1.684813	4.025697
24	-2824.931	-2991.812	166.8814	1.722718	4.128499
30	-2836.591	-3003.758	167.1668	2.287157	3.690921
36	-2838.772	-3004.976	166.2041	2.287157	4.241835
42	-2827.304	-2994.931	167.6265	1.879173	3.621462
48	-2838.26	-3005.737	167.4771	2.036349	3.630275
54	-2833.343	-3000.289	166.9461	1.696766	4.104995
60	-2830.902	-2997.758	166.8556	1.696766	4.156446
66	-2825.304	-2992.01	166.7064	1.781127	4.19838
72	-2824.18	-2990.379	166.1983	1.693829	4.529393
78	-2832.673	-2999.706	167.0327	1.650503	4.079508
84	-2825.959	-2993.138	167.1796	1.657129	3.992206
90	-2829.982	-2996.865	166.8831	1.774373	4.101325
96	-2833.743	-3000.638	166.8949	1.761086	4.101325
102	-2815.896	-2982.57	166.6745	1.952481	4.131823
108	-2817.37	-2984.501	167.1313	2.011425	3.842025
114	-2828.132	-2994.566	166.4338	1.860804	4.313218
120	-2831.295	-2997.896	166.6012	1.672336	4.313218
126	-2824.675	-2991.362	166.6874	1.884851	4.157548
132	-2838.743	-3005.149	166.4058	2.021145	4.251257
138	-2834.487	-3001.086	166.599	1.797217	4.251257
144	-2828.078	-2994.788	166.7102	1.63879	4.268772
150	-2831.982	-2998.795	166.8133	1.779922	4.138279
156	-2835.335	-3001.963	166.6276	1.99415	4.138279
162	-2821.524	-2987.894	166.3701	1.747644	4.405495
168	-2832.482	-2999.156	166.6732	2.047781	4.086599
174	-2822.233	-2989.066	166.8326	1.898121	4.068414
180	-2833.759	-3000.434	166.6749	1.701683	4.256499
186	-2822.115	-2989.044	166.9293	1.75322	4.085719
192	-2823.532	-2990.055	166.5224	1.958439	4.215333
198	-2830.84	-2998.194	167.354	1.841977	3.797665
204	-2821.939	-2988.825	166.8859	1.779795	4.097029
210	-2816.048	-2983.101	167.0526	1.889811	3.946795
216	-2824.752	-2991.901	167.1489	1.781406	3.946021
222	-2826.642	-2993.321	166.6789	1.900024	4.154918
228	-2819.365	-2985.979	166.615	1.738667	4.271644
234	-2833.318	-3000.008	166.6897	1.829275	4.183797
240	-2832.596	-2999.335	166.7385	1.735547	4.203169
246	-2814.503	-2981.216	166.7129	1.995079	4.089309
252	-2818.385	-2985.059	166.6737	1.87489	4.170282
258	-2823.258	-2990.531	167.2734	1.87489	3.827535
264	-2827.052	-2993.972	166.92	1.608644	4.165354
270	-2844.803	-3011.515	166.7127	1.550378	4.313387
276	-2826.946	-2993.515	166.5691	1.846076	4.243892
282	-2826.191	-2992.233	166.0426	1.853441	4.537308
288	-2832.119	-2998.671	166.552	1.680171	4.336979
294	-2829.645	-2996.315	166.6697	2.028942	4.097613
300	-2826.003	-2992.962	166.9588	1.934624	3.978378
306	-2834.607	-3001.723	167.1164	1.754295	3.978378
312	-2831.03	-2998.122	167.0917	1.771774	3.983658
318	-2848.436	-3015.007	166.5718	1.787804	4.271334
324	-2837.488	-3004.322	166.8343	2.097816	3.97082
330	-2830.559	-2997.449	166.8896	2.031622	3.97082
336	-2827.919	-2994.605	166.6858	1.669541	4.266722
342	-2827.175	-2993.916	166.7411	1.661443	4.239579
348	-2835.92	-3003.172	167.2527	1.800359	3.876926
354	-2828.775	-2995.706	166.931	1.839336	4.04141
360	-2827.394	-2994.065	166.6705	1.758077	4.230352
366	-2834.894	-3002.127	167.2328	1.578441	4.002978
372	-2822.761	-2989.764	167.0024	1.716592	4.062743
378	-2832.016	-2998.759	166.7426	1.746921	4.195085
384	-2829.609	-2996.574	166.965	1.504467	4.194651
390	-2831.95	-2998.831	166.8801	1.504467	4.242782
396	-2836.905	-3003.645	166.7399	1.656557	4.242782
402	-2825.918	-2992.207	166.2893	1.642316	4.504468
408	-2832.165	-2999.26	167.0957	1.727742	4.003773
414	-2824.953	-2992.183	167.2299	1.6426	3.971007
420	-2821.369	-2988.566	167.1975	1.742554	3.937981
426	-2826.675	-2993.523	166.8477	1.488251	4.269807
432	-2826.761	-2994.266	167.505	1.926005	3.668445
438	-2824.77	-2991.636	166.8656	2.083325	3.95979
444	-2828.588	-2995.194	166.6054	1.731245	4.280794
450	-2842.154	-3009.315	167.1615	1.839906	3.909314
456	-2844.973	-3011.848	166.8748	1.839906	4.073187
462	-2834.939	-3001.733	166.794	1.897861	4.090508
468	-2827.24	-2994.052	166.8119	1.877254	4.090508
474	-2832.653	-2999.41	166.7569	1.712207	4.204636
480	-2830.713	-2997.661	166.9486	1.611839	4.147457
486	-2830.222	-2996.97	166.7479	1.551212	4.293028
492	-2848.622	-3015.795	167.1738	1.786919	3.928965
498	-2843.658	-3010.33	166.6712	1.612816	4.304252
504	-2843.217	-3010.315	167.0985	1.612816	4.061587
510	-2832.884	-2999.805	166.9214	1.657541	4.139199
516	-2833.005	-3000.186	167.1815	1.7981	3.918883
522	-2843.826	-3010.854	167.0284	2.029637	3.892258
528	-2830.974	-2997.988	167.0135	1.860515	3.983737
534	-2824.645	-2991.544	166.899	1.993784	3.983737
540	-2815.098	-2982.194	167.0964	1.949431	3.892317
546	-2841.64	-3008.628	166.9882	2.016049	3.921896
552	-2826.96	-2993.596	166.6362	1.750217	4.253802
558	-2834.331	-3000.614	166.2824	1.968703	4.346222
564	-2826.166	-2993.121	166.9545	1.793581	4.050973
570	-2827.414	-2994.277	166.8626	1.969763	4.016164
576	-2837.224	-3003.771	166.5465	1.818072	4.270579
582	-2829.795	-2997.145	167.3504	1.982649	3.729816
588	-2828.299	-2995.553	167.2537	1.63799	3.959783
594	-2823.057	-2989.779	166.7213	1.803688	4.178621
600	-2831.98	-2998.901	166.9212	1.803688	4.064859
606	-2828.009	-2995.107	167.0986	1.84558	3.942492
612	-2822.517	-2988.888	166.3711	1.84558	4.356116
618	-2820.711	-2987.798	167.0863	1.673413	4.0371
624	-2829.849	-2996.277	166.4275	1.846424	4.323844
630	-2831.126	-2998.142	167.0156	1.846424	3.989543
636	-2838.218	-3005.136	166.9189	1.654342	4.142275
642	-2837.658	-3004.539	166.8812	1.695989	4.142275
648	-2835.003	-3001.837	166.8337	1.848034	4.092569
654	-2825.2	-2991.883	166.6832	1.777824	4.213212
660	-2825.606	-2992.741	167.1344	1.857842	3.915891
666	-2825.773	-2992.416	166.6425	1.849113	4.200752
672	-2819.408	-2986.165	166.7575	1.719173	4.200752
678	-2826.854	-2993.565	166.7116	1.770559	4.200752
684	-2829.081	-2996.356	167.2755	1.48567	4.027934
690	-2824.408	-2991.068	166.6599	1.728351	4.251421
696	-2814.986	-2981.596	166.6099	1.757727	4.264913
702	-2815.83	-2982.791	166.9609	1.814922	4.036603
708	-2830.633	-2997.042	166.4096	1.946955	4.284807
714	-2823.124	-2990.257	167.1331	2.005028	3.844061
720	-2825.496	-2992.689	167.1932	1.934503	3.844061
726	-2827.5	-2994.285	166.7852	1.89267	4.098052
732	-2807.359	-2973.956	166.597	1.89267	4.205087
738	-2824.313	-2991.05	166.7369	1.766458	4.188459
744	-2831.189	-2997.884	166.6943	2.03855	4.079009
750	-2851.789	-3018.129	166.3396	1.924017	4.335497
756	-2836.585	-3003.387	166.8018	1.950052	4.060499
762	-2830.111	-2996.745	166.6337	1.755674	4.252426
768	-2824.241	-2991.657	167.4154	1.696835	3.836468
774	-2825.108	-2991.579	166.4716	1.950803	4.247834
780	-2824.085	-2991.205	167.1206	1.89066	3.907453
786	-2829.949	-2996.602	166.653	1.830806	4.20384
792	-2824.059	-2990.879	166.8203	1.594876	4.229127
798	-2826.539	-2993.739	167.2004	1.868757	3.872545
804	-2833.149	-2999.813	166.6639	1.74981	4.238287
810	-2833.991	-3001.329	167.3386	1.741084	3.857806
816	-2829.389	-2996.684	167.2948	1.790415	3.857806
822	-2832.234	-2999.348	167.1137	1.820685	3.94632
828	-2837.47	-3004.396	166.9266	1.712066	4.108263
834	-2827.899	-2994.804	166.9051	1.736022	4.108263
840	-2823.733	-2990.517	166.7845	1.641675	4.225149
846	-2818.759	-2985.649	166.8897	1.641675	4.165445
852	-2831.907	-2998.575	166.6677	2.202922	4.016751
858	-2840.861	-3007.624	166.7633	1.901402	4.106244
864	-2834.074	-3001.159	167.0852	1.96394	3.891623
870	-2833.821	-3000.819	166.9985	1.890066	3.977615
876	-2839.057	-3005.669	166.6118	1.895553	4.195239
882	-2839.459	-3006.003	166.5442	1.895553	4.233595
888	-2847.367	-3014.265	166.8981	1.702139	4.129555
894	-2842.203	-3009.142	166.9388	1.784343	4.064588
900	-2829.486	-2996.209	166.7225	1.88188	4.139077
906	-2823.512	-2990.133	166.6214	1.690741	4.292337
912	-2831.316	-2997.949	166.6331	1.701024	4.280517
918	-2833.322	-2999.722	166.3998	1.92939	4.298847
924	-2831.509	-2998.003	166.494	1.833021	4.292864
930	-2823.841	-2990.115	166.2738	1.757333	4.454916
936	-2831.982	-2998.644	166.6619	1.734335	4.247274
942	-2850.655	-3017.323	166.6686	1.726786	4.247274
948	-2833.802	-3000.464	166.6627	1.726786	4.25061
954	-2830.242	-2996.983	166.7411	1.640064	4.25061
960	-2846.981	-3013.307	166.3251	1.947431	4.332341
966	-2837.764	-3004.504	166.7402	1.618727	4.262119
972	-2830.008	-2996.986	166.9775	1.648577	4.111937
978	-2824.999	-2991.781	166.7827	1.567741	4.264654
984	-2823.374	-2990.413	167.0387	1.831253	3.983937
990	-2825.447	-2992.176	166.7286	2.082031	4.038708
996	-2820.315	-2986.969	166.6538	1.652567	4.293564
1002	-2829.239	-2995.971	166.7316	1.839328	4.154993
1008	-2843.098	-3009.782	166.6844	1.980832	4.112392
1014	-2839.697	-3006.541	166.8444	1.900559	4.060474
1020	-2840.722	-3007.441	166.7192	2.078948	4.045534
1026	-2835.928	-3002.814	166.8856	1.881292	4.046479
1032	-2838.883	-3005.307	166.4241	1.692326	4.403038
1038	-2840.531	-3006.896	166.3648	2.04483	4.26323
1044	-2839.935	-3007.265	167.3297	1.853401	3.805926
1050	-2830.242	-2997.25	167.0075	1.65699	4.090506
1056	-2838.285	-3005.292	167.0075	1.65699	4.090506
1062	-2821.621	-2988.398	166.7775	1.660561	4.219396
1068	-2833.205	-2999.867	166.6616	1.789926	4.219396
1074	-2832.098	-2998.854	166.7567	1.853717	4.13358
1080	-2840.36	-3007.22	166.8599	1.807087	4.098116
1086	-2825.978	-2992.737	166.7588	1.736216	4.191357
1092	-2825.513	-2992.276	166.763	1.731458	4.191357
1098	-2828.296	-2995.485	167.1895	1.56617	4.034208
1104	-2829.216	-2996.034	166.8171	1.833029	4.109479
1110	-2836.419	-3003.247	166.8276	1.821074	4.109479
1116	-2832.361	-2999.018	166.6571	1.786962	4.223422
1122	-2841.584	-3008.188	166.6044	1.776106	4.25875
1128	-2831.125	-2998.113	166.9878	1.538289	4.163777
1134	-2833.811	-3000.901	167.0892	1.927752	3.907091
1140	-2847.378	-3014.883	167.5059	1.584016	3.843536
1146	-2844.475	-3011.471	166.997	1.584016	4.134499
1152	-2836.827	-3004.429	167.6016	1.804696	3.673624
1158	-2827.787	-2994.475	166.6884	1.628854	4.286207
1164	-2819.137	-2986.123	166.9863	1.631249	4.115918
1170	-2826.175	-2993.129	166.9531	1.667726	4.115918
1176	-2824.055	-2990.62	166.5644	1.843406	4.247848
1182	-2830.528	-2997.777	167.2496	1.822132	3.867691
1188	-2823.193	-2990.524	167.3308	1.966299	3.749174
1194	-2824.616	-2991.374	166.7585	1.783153	4.167765
1200	-2818.252	-2984.92	166.6683	1.885936	4.167913
1206	-2818.639	-2985.392	166.7525	1.879415	4.123253
1212	-2825.029	-2991.934	166.9049	1.722626	4.115181
1218	-2833.777	-3000.126	166.3486	1.722626	4.430233
1224	-2826.798	-2993.844	167.0464	1.46258	4.170783
1230	-2820.799	-2987.607	166.8072	1.722575	4.170783
1236	-2834.83	-3001.69	166.8604	1.784322	4.109239
1242	-2832.369	-2999.255	166.8858	1.704168	4.135518
1248	-2829.612	-2996.011	166.3997	1.704777	4.410472
1254	-2824.074	-2991.158	167.0848	1.753706	3.996764
1260	-2826.525	-2993.004	166.4795	1.87079	4.282413
1266	-2832.89	-2999.401	166.511	1.621202	4.390447
1272	-2840.145	-3007.388	167.2432	1.857128	3.853773
1278	-2841.824	-3008.829	167.0052	1.94943	3.9446
1284	-2832.811	-2999.187	166.3766	1.883802	4.334231
1290	-2835.457	-3002.763	167.3064	1.887478	3.802282
1296	-2833.445	-2999.684	166.2384	1.679563	4.514115
1302	-2825.388	-2992.062	166.6736	1.890693	4.162519
1308	-2833.197	-3000.034	166.8371	1.68283	4.174132
1314	-2821.265	-2988.476	167.2109	1.700045	3.95212
1320	-2827.319	-2993.813	166.4945	1.728373	4.344964
1326	-2825.149	-2991.984	166.835	1.731524	4.150425
1332	-2836.891	-3003.707	166.816	1.838125	4.107565
1338	-2843.856	-3010.879	167.0233	1.881662	3.967609
1344	-2837.223	-3003.757	166.5336	2.00404	4.186975
1350	-2839.812	-3006.821	167.0096	1.585341	4.126612
1356	-2835.879	-3002.737	166.8583	1.752321	4.126612
1362	-2832.472	-2999.828	167.3552	1.752321	3.842524
1368	-2838.594	-3005.257	166.663	1.823007	4.202064
1374	-2829.361	-2996.316	166.9559	1.738853	4.077879
1380	-2831.261	-2997.823	166.5625	1.938037	4.202494
1386	-2819.692	-2987.006	167.314	1.683111	3.901797
1392	-2826.617	-2993.313	166.6956	1.711655	4.239648
1398	-2830.301	-2996.839	166.5376	1.609559	4.381472
1404	-2823.347	-2990.395	167.0479	1.744436	4.022537
1410	-2814.777	-2981.922	167.1457	1.744436	3.966683
1416	-2822.877	-2989.952	167.0754	1.945855	3.906104
1422	-2831.33	-2997.878	166.5479	1.617648	4.371447
1428	-2821.381	-2988.025	166.6438	1.8601	4.194564
1434	-2831.759	-2998.353	166.5939	2.144024	4.086293
1440	-2833.972	-3000.522	166.5502	1.720558	4.317452
1446	-2838.015	-3004.796	166.7805	1.810597	4.14154
1452	-2833.549	-3000.333	166.7837	1.867235	4.111511
1458	-2826.914	-2993.655	166.7408	1.613086	4.264747
1464	-2832.809	-2999.487	166.6784	1.681648	4.264747
1470	-2833.009	-2999.588	166.5784	1.793554	4.264747
1476	-2833.356	-3000.279	166.9228	1.887069	4.022355
1482	-2836.674	-3003.509	166.8349	1.989638	4.022355
1488	-2831.782	-2998.692	166.9098	1.902173	4.022355
1494	-2819.987	-2986.939	166.9518	1.855422	4.021537
1500	-2832.386	-2998.762	166.3756	1.855422	4.348747
1506	-2845.067	-3011.351	166.2841	1.961463	4.348747
1512	-2836.441	-3003.101	166.6602	1.539548	4.348747
1518	-2835.46	-3002.648	167.187	1.565483	4.03596
1524	-2830.926	-2997.398	166.4717	1.640792	4.402516
1530	-2830.43	-2997.077	166.647	1.83643	4.204455
1536	-2824.821	-2991.77	166.9494	1.78623	4.057581
1542	-2837.788	-3004.597	166.8089	1.614852	4.225231
1548	-2819.83	-2986.595	166.7653	1.811029	4.149969
1554	-2827.965	-2994.436	166.4711	1.606149	4.420723
1560	-2817.73	-2984.873	167.1433	1.875007	3.902201
1566	-2831.3	-2998.284	166.9844	1.820262	4.020478
1572	-2824.707	-2991.715	167.0076	1.771653	4.031766
1578	-2824.429	-2991.001	166.5727	1.875554	4.227249
1584	-2831.586	-2998.014	166.4279	2.045228	4.227249
1590	-2839.395	-3006.434	167.0395	1.749164	4.02494
1596	-2836.82	-3003.847	167.0268	1.855093	3.978863
1602	-2837.225	-3003.982	166.7566	1.729352	4.196064
1608	-2829.568	-2996.189	166.6208	1.729352	4.273064
1614	-2834.207	-3000.749	166.5418	1.671906	4.346998
1620	-2828.356	-2994.823	166.4675	1.717945	4.365531
1626	-2821.031	-2987.498	166.4675	1.717945	4.365531
1632	-2824.524	-2990.518	165.9947	1.833636	4.573936
1638	-2823.292	-2990.296	167.0034	1.938517	3.950947
1644	-2820.65	-2987.797	167.1469	1.857081	3.90905
1650	-2822.138	-2988.981	166.8432	1.957626	4.033174
1656	-2835.415	-3002.454	167.0392	1.930395	3.934425
1662	-2829.17	-2996.153	166.9832	1.659522	4.103048
1668	-2818.107	-2984.882	166.7752	1.794468	4.152642
1674	-2821.841	-2988.486	166.6446	1.828238	4.20991
1680	-2834.028	-3000.786	166.7574	1.799335	4.16028
1686	-2838.353	-3005.505	167.1523	1.780923	3.944316
1692	-2827.008	-2994.072	167.0638	1.881924	3.944316
1698	-2830.136	-2996.762	166.6258	1.839998	4.214713
1704	-2828.758	-2995.751	166.9927	1.68846	4.082718
1710	-2833.739	-3000.67	166.9316	1.629458	4.147968
1716	-2829.865	-2996.626	166.7613	1.662686	4.227484
1722	-2824.39	-2990.962	166.5725	1.875368	4.227484
1728	-2828.114	-2995.252	167.138	2.014596	3.836597
1734	-2842.689	-3009.44	166.7515	1.914086	4.106738
1740	-2854.716	-3021.363	166.6477	1.846414	4.199132
1746	-2852.269	-3018.312	166.0423	1.844776	4.541759
1752	-2827.627	-2993.998	166.3714	1.726859	4.415216
1758	-2829.909	-2996.72	166.8111	1.741537	4.158913
1764	-2819.963	-2986.671	166.7083	1.774458	4.200691
1770	-2825.763	-2992.404	166.6417	1.736779	4.257445
1776	-2823.584	-2990.396	166.8122	1.63191	4.214499
1782	-2830.956	-2997.92	166.9645	1.801778	4.041151
1788	-2814.884	-2981.79	166.9067	1.868707	4.040699
1794	-2830.621	-2997.598	166.977	1.644127	4.114532
1800	-2842.357	-3008.932	166.5747	1.706477	4.310784
1806	-2826.373	-2992.911	166.5381	1.747341	4.310784
1812	-2832.361	-2999.231	166.8701	1.388216	4.310784
1818	-2830.523	-2996.986	166.4636	1.833499	4.309813
1824	-2824.69	-2991.448	166.7582	1.833499	4.142754
1830	-2835.493	-3002.481	166.9877	1.724924	4.066857
1836	-2842.675	-3009.854	167.1787	1.724924	3.957748
1842	-2824.359	-2991.368	167.0089	1.698033	4.068528
1848	-2830.102	-2996.725	166.6228	1.910492	4.181672
1854	-2833.473	-3000.406	166.9337	1.910492	4.004603
1860	-2839.397	-3006.379	166.9824	1.903344	3.980259
1866	-2833.697	-3000.642	166.9452	1.893262	4.006549
1872	-2826.901	-2993.863	166.9625	1.873216	4.006549
1878	-2842.077	-3009.308	167.2307	1.66827	3.957242
1884	-2831.511	-2998.52	167.0086	1.919721	3.957242
1890	-2826.417	-2993.44	167.0229	1.579802	4.121956
1896	-2821.046	-2988.138	167.092	1.883795	3.927244
1902	-2837.594	-3003.977	166.3828	1.883795	4.330738
1908	-2840.569	-3006.742	166.1734	1.592076	4.59543
1914	-2831.669	-2998.241	166.5724	1.69234	4.319278
1920	-2828.559	-2995.192	166.6334	1.695396	4.28319
1926	-2820.559	-2987.324	166.7645	1.695396	4.208891
1932	-2817.123	-2983.775	166.6513	1.695396	4.273057
1938	-2817.417	-2984.116	166.6994	1.642299	4.273057
1944	-2822.185	-2988.887	166.7023	1.639099	4.273057
1950	-2830.946	-2997.741	166.7954	1.639099	4.220282
1956	-2820.513	-2987.389	166.876	1.639099	4.174577
1962	-2816.655	-2983.275	166.6198	1.928528	4.174577
1968	-2828.147	-2995.579	167.4322	1.775456	3.786337
1974	-2823.41	-2990.577	167.1663	2.023701	3.815907
1980	-2821.279	-2987.956	166.6779	1.941574	4.135182
1986	-2817.652	-2984.225	166.5735	1.864202	4.232417
1992	-2817.872	-2984.437	166.5655	1.999468	4.171018
1998	-2829.989	-2997.065	167.0764	1.623686	4.068549
2004	-2825.653	-2993	167.3466	2.015642	3.715873
2010	-2826.661	-2993.577	166.9157	1.966061	3.987678
2016	-2831.622	-2998.286	166.6639	1.950021	4.139005
2022	-2819.377	-2986.23	166.852	2.099076	3.96008
2028	-2826.108	-2993.259	167.1513	1.764432	3.953293
2034	-2825.061	-2992.02	166.9585	2.145212	3.877237
2040	-2830.666	-2998.048	167.3817	1.655652	3.877237
2046	-2827.668	-2994.611	166.9422	1.663497	4.124284
2052	-2827.23	-2994.148	166.9178	1.90838	4.014691
2058	-2819.129	-2986.515	167.3858	2.035243	3.683674
2064	-2828.507	-2994.5	165.9926	2.049861	4.470969
2070	-2823.642	-2990.875	167.2333	2.183279	3.700992
2076	-2825.889	-2992.777	166.8883	2.272442	3.858252
2082	-2846.412	-3013.675	167.2624	1.947369	3.797888
2088	-2832.733	-2999.21	166.4766	2.062488	4.191444
2094	-2830.642	-2997.799	167.1572	1.765374	3.949388
2100	-2826.209	-2993.547	167.3382	1.586142	3.938639
2106	-2821.689	-2988.596	166.9066	1.925559	4.012684
2112	-2812.185	-2979.342	167.1565	1.643162	4.012684
2118	-2811.283	-2978.045	166.7625	1.569125	4.275344
2124	-2818.241	-2984.879	166.6378	1.705914	4.275344
2130	-2819.845	-2986.388	166.5426	1.825464	4.269109
2136	-2825.495	-2992.268	166.7729	1.752552	4.175058
2142	-2832.364	-2999.058	166.6943	1.636271	4.279032
2148	-2829.297	-2996.174	166.8773	1.636271	4.175263
2154	-2837.099	-3004.134	167.0348	1.773984	4.015039
2160	-2856.235	-3022.865	166.6298	1.800596	4.232101
2166	-2837.336	-3004.24	166.9038	1.800596	4.076339
2172	-2839.824	-3006.108	166.2841	1.800596	4.427522
2178	-2846.648	-3013.244	166.5954	1.854051	4.22501
2184	-2844.691	-3010.888	166.1973	1.748758	4.502249
2190	-2826.866	-2994.056	167.1901	1.631315	3.999663
2196	-2823.679	-2990.416	166.7375	1.68911	4.227409
2202	-2819.969	-2986.643	166.6747	1.922903	4.146135
2208	-2828.89	-2995.822	166.9316	1.946637	3.988074
2214	-2852.835	-3019.645	166.81	1.985554	4.03857
2220	-2842.633	-3009.573	166.9396	1.789655	4.061462
2226	-2831.82	-2998.773	166.9526	1.833657	4.03191
2232	-2826.906	-2994.065	167.1596	1.758464	3.951577
2238	-2826.937	-2993.572	166.6345	1.758346	4.250665
2244	-2823.385	-2989.895	166.5104	1.634645	4.383864
2250	-2819.877	-2986.955	167.0783	1.654435	4.051468
2256	-2825.633	-2992.004	166.3704	1.812114	4.373097
2262	-2828.782	-2995.34	166.5581	1.621207	4.363865
2268	-2825.625	-2992.97	167.3452	1.609691	3.92222
2274	-2825.343	-2992.051	166.7077	1.942308	4.117878
2280	-2830.493	-2997.467	166.9735	1.442875	4.222753
2286	-2834.163	-3000.704	166.5407	1.688269	4.339238
2292	-2841.553	-3008.72	167.1666	1.588117	4.035672
2298	-2839.357	-3005.94	166.583	1.898079	4.210343
2304	-2848.197	-3014.81	166.6127	2.044746	4.12252
2310	-2836.749	-3003.196	166.4465	1.739141	4.366691
2316	-2815.948	-2983.044	167.0959	1.739141	3.997841
2322	-2809.882	-2977.043	167.1618	1.68487	3.988016
2328	-2811.689	-2978.378	166.6882	1.657538	4.271544
2334	-2815.528	-2982.341	166.8123	1.798538	4.129461
2340	-2826.481	-2993.263	166.7826	1.615365	4.23984
2346	-2816.383	-2983.123	166.7396	1.531028	4.308341
2352	-2826.566	-2993.478	166.9127	1.5017	4.225824
2358	-2839.558	-3006.353	166.795	1.738571	4.169582
2364	-2835.629	-3002.32	166.6905	1.738571	4.228905
2370	-2822.95	-2989.659	166.7092	2.001163	4.088501
2376	-2820.166	-2986.677	166.5109	1.920225	4.240413
2382	-2828.637	-2995.63	166.9924	1.674268	4.090155
2388	-2835.416	-3002.328	166.9124	1.763446	4.090155
2394	-2828.937	-2996.037	167.0999	1.937116	3.896328
2400	-2826.372	-2993.688	167.3167	1.937116	3.771669
2406	-2818.712	-2985.992	167.2801	1.953699	3.784568
2412	-2833.897	-3000.283	166.3865	1.570161	4.487014
2418	-2831.179	-2998.244	167.0645	1.755228	4.007613
2424	-2830.349	-2997.184	166.8351	1.840671	4.095426
2430	-2846.003	-3012.655	166.6525	1.651513	4.294879
2436	-2836.137	-3002.93	166.7929	1.499455	4.294879
2442	-2842.496	-3009.435	166.9385	1.955662	3.979663
2448	-2843.815	-3010.564	166.7485	1.955471	4.088197
2454	-2842.65	-3009.146	166.496	1.902243	4.257658
2460	-2825.753	-2993.344	167.5916	1.735757	3.714804
2466	-2819.452	-2986.558	167.1065	1.697766	4.013008
2472	-2828.349	-2995.153	166.8043	2.095487	3.989068
2478	-2831.488	-2998.415	166.9275	1.904083	4.011308
2484	-2834.509	-3001.198	166.6886	1.934333	4.132646
2490	-2860.653	-3027.525	166.8723	1.922304	4.033822
2496	-2839.548	-3006.485	166.9371	1.847556	4.033822
2502	-2829.579	-2996.252	166.6724	1.829225	4.193629
2508	-2825.828	-2992.705	166.8769	1.607472	4.190459
2514	-2825.305	-2992.054	166.7486	1.771183	4.179433
2520	-2822.498	-2989.247	166.7486	1.771183	4.179433
2526	-2822.913	-2989.306	166.3931	1.903984	4.315032
2532	-2825.807	-2992.63	166.8226	1.760773	4.142622
2538	-2827.565	-2994.206	166.6414	1.760773	4.245484
2544	-2825.811	-2992.493	166.682	1.715362	4.245484
2550	-2824.028	-2990.74	166.7116	1.746843	4.212728
2556	-2824.009	-2990.882	166.8737	1.568364	4.212728
2562	-2837.121	-3003.748	166.6273	1.88311	4.192561
2568	-2838.523	-3005.48	166.9571	1.833444	4.029496
2574	-2839.396	-3005.791	166.3945	1.811616	4.359729
2580	-2830.316	-2996.498	166.1816	1.590991	4.591381
2586	-2823.742	-2990.25	166.5083	1.931441	4.236431
2592	-2828.909	-2995.911	167.0024	1.871029	3.984859
2598	-2838.477	-3005.257	166.7804	1.871029	4.111496
2604	-2845.14	-3011.913	166.7723	2.02235	4.042285
2610	-2829.577	-2996.67	167.0933	1.718276	4.009993
2616	-2843.136	-3010.052	166.9163	1.729177	4.105357
2622	-2848.064	-3014.634	166.5702	1.804946	4.263711
2628	-2834.61	-3001.21	166.6	1.900872	4.199335
2634	-2827.617	-2994.362	166.7447	1.835477	4.149434
2640	-2842.185	-3009.092	166.9068	1.713004	4.119037
2646	-2836.231	-3003.244	167.0125	1.57509	4.130355
2652	-2826.36	-2993.249	166.8885	1.71118	4.130355
2658	-2838.631	-3005.541	166.9101	2.057294	3.946749
2664	-2826.194	-2993.085	166.8909	1.655135	4.157816
2670	-2845.547	-3012.106	166.5586	1.779301	4.283073
2676	-2849.759	-3015.791	166.0311	1.678763	4.630851
2682	-2845.499	-3012.35	166.8508	1.785383	4.114162
2688	-2841.512	-3008.473	166.9609	1.758574	4.064987
2694	-2845.486	-3012.232	166.746	2.006344	4.064987
2700	-2843.156	-3010.113	166.9578	1.418881	4.244569
2706	-2833.652	-3000.496	166.8445	1.539302	4.244569
2712	-2832.368	-2999.043	166.6754	1.831533	4.190775
2718	-2830.079	-2996.365	166.2866	1.678561	4.487489
2724	-2827.883	-2994.663	166.7796	1.793376	4.150681
2730	-2825.946	-2992.812	166.8654	1.953556	4.022468
2736	-2820.694	-2987.427	166.7331	1.858319	4.144726
2742	-2829.601	-2996.341	166.7399	1.847499	4.146213
2748	-2833.757	-3001.071	167.3137	1.980112	3.752227
2754	-2828.537	-2995.156	166.6182	1.920774	4.179234
2760	-2825.736	-2992.636	166.9003	1.778394	4.089511
2766	-2839.43	-3006.197	166.7666	1.54199	4.287292
2772	-2836.469	-3003.794	167.3257	1.54199	3.969186
2778	-2826.374	-2993.235	166.8611	1.667027	4.168587
2784	-2827.071	-2993.71	166.6393	1.720195	4.267228
2790	-2827.953	-2994.515	166.5625	1.96315	4.190288
2796	-2827.694	-2994.192	166.4979	1.766194	4.324037
2802	-2833.683	-3000.254	166.5706	1.807989	4.261956
2808	-2840.092	-3006.162	166.0697	1.727521	4.584633
2814	-2839.17	-3005.682	166.5116	1.707944	4.34569
2820	-2831.287	-2997.642	166.3549	1.707944	4.434102
2826	-2829.579	-2996.751	167.1724	2.167455	3.743614
2832	-2830.353	-2997.361	167.0082	1.703541	4.066095
2838	-2817.908	-2984.742	166.8335	1.863521	4.085002
2844	-2828.147	-2995.128	166.9818	1.635826	4.116078
2850	-2829.275	-2995.889	166.6142	1.678462	4.302712
2856	-2834.772	-3001.741	166.9694	1.777335	4.050674
2862	-2820.097	-2987.112	167.0154	1.740826	4.042926
2868	-2828.672	-2996.055	167.3824	2.096259	3.656139
2874	-2828.344	-2995.154	166.8104	1.95621	4.05259
2880	-2827.977	-2995.148	167.1713	1.821987	3.912683
2886	-2822.967	-2989.451	166.4835	1.867745	4.281666
2892	-2829.626	-2996.384	166.7578	1.506273	4.311109
2898	-2842.583	-3009.42	166.8369	1.720457	4.154964
2904	-2834.473	-3002.028	167.5549	1.506382	3.856842
2910	-2827.875	-2994.979	167.1034	1.685888	4.020857
2916	-2822.127	-2989.208	167.0809	1.785861	3.982665
2922	-2833.544	-3000.118	166.5741	1.75867	4.284668
2928	-2825.113	-2991.733	166.6202	1.945767	4.16593
2934	-2823.601	-2990.409	166.8083	1.73087	4.16593
2940	-2821.279	-2988.303	167.0237	1.501814	4.16273
2946	-2826.715	-2993.859	167.1438	1.471749	4.110504
2952	-2822.962	-2989.606	166.6439	1.873416	4.187948
2958	-2828.993	-2995.911	166.9182	1.47785	4.235357
2964	-2832.039	-2999.035	166.9964	1.882119	3.98276
2970	-2833.891	-3001.009	167.1175	1.879835	3.914572
2976	-2827.895	-2994.807	166.9119	1.970196	3.987821
2982	-2821.994	-2988.495	166.5014	1.647552	4.382308
2988	-2824.286	-2990.654	166.3681	1.731913	4.41453
2994	-2833.728	-3000.041	166.3131	1.966101	4.330116
3000	-2828.506	-2995.849	167.3436	1.864961	3.792085
3006	-2832.431	-2999.775	167.3438	1.864808	3.792085
3012	-2832.698	-2999.802	167.1037	1.604284	4.063077
3018	-2828	-2994.779	166.7789	1.79388	4.150801
3024	-2831.714	-2998.605	166.8916	1.667929	4.150801
3030	-2835.78	-3002.622	166.8419	1.873956	4.075014
3036	-2831.07	-2997.855	166.7853	1.905588	4.091665
3042	-2840.917	-3008.108	167.1911	1.987356	3.81933
3048	-2836.349	-3003.304	166.9556	1.689961	4.103081
3054	-2836.493	-3003.698	167.2051	1.933547	3.837712
3060	-2830.713	-2997.652	166.9391	1.73159	4.091142
3066	-2832.304	-2998.993	166.6896	1.88693	4.155292
3072	-2828.879	-2995.841	166.9613	1.847395	4.020086
3078	-2827.228	-2994.383	167.1554	2.038445	3.815037
3084	-2823.456	-2990.14	166.6841	1.626339	4.289964
3090	-2822.046	-2988.673	166.6267	1.785538	4.241391
3096	-2829.572	-2996.339	166.7672	1.87164	4.11873
3102	-2833.923	-3001.112	167.1889	1.625508	4.003352
3108	-2835.771	-3002.522	166.7513	1.687591	4.220391
3114	-2842.001	-3009.291	167.2899	1.586449	3.966144
3120	-2839.66	-3006.394	166.7343	1.882961	4.131832
3126	-2834.747	-3002.006	167.2592	1.935753	3.8055
3132	-2829.487	-2996.518	167.0308	1.924965	3.941905
3138	-2827.591	-2994.292	166.7017	1.807535	4.187815
3144	-2852.298	-3018.982	166.684	1.652356	4.276599
3150	-2846.573	-3013.623	167.0496	1.706814	4.040834
3156	-2846.466	-3012.727	166.2614	1.742921	4.469148
3162	-2842.552	-3009.965	167.4137	1.812546	3.77814
3168	-2832.353	-2999.193	166.8394	1.721622	4.152941
3174	-2828.255	-2995.023	166.768	1.686649	4.211379
3180	-2844.628	-3011.812	167.1846	1.795403	3.918497
3186	-2827.843	-2994.633	166.7898	1.759804	4.161802
3192	-2835.868	-3002.657	166.7898	1.759804	4.161802
3198	-2844.348	-3011.629	167.2818	1.856215	3.832044
3204	-2846.264	-3013.703	167.4389	1.898644	3.7203
3210	-2837.04	-3003.683	166.6432	1.728565	4.260795
3216	-2833.236	-2999.577	166.3411	1.632074	4.480585
3222	-2821.201	-2987.789	166.5876	1.82795	4.242401
3228	-2833.146	-3000.374	167.2279	1.957026	3.813044
3234	-2835.088	-3002.006	166.9183	1.80533	4.065705
3240	-2826.926	-2993.757	166.8312	1.905185	4.065705
3246	-2831.239	-2997.87	166.6307	1.905185	4.179768
3252	-2832.494	-2999.805	167.3111	1.883087	3.801734
3258	-2837.618	-3004.71	167.0917	1.877873	3.930366
3264	-2837.739	-3004.85	167.1111	1.56827	4.077773
3270	-2835.045	-3001.692	166.6469	1.947817	4.149758
3276	-2830.716	-2997.266	166.5496	1.644501	4.356617
3282	-2826.68	-2993.185	166.5044	1.793804	4.306479
3288	-2825.552	-2992.6	167.0476	1.793804	3.99768
3294	-2820.514	-2987.406	166.8919	1.650759	4.159513
3300	-2820.436	-2987.328	166.8919	1.650759	4.159513
3306	-2822.579	-2989.304	166.7248	1.650759	4.254323
3312	-2815.979	-2982.503	166.5238	1.722332	4.331515
3318	-2822.387	-2989.088	166.7006	1.834484	4.175033
3324	-2828.834	-2995.498	166.6637	1.876743	4.175033
3330	-2825.308	-2992.054	166.7457	1.74311	4.195284
3336	-2835.764	-3003.451	167.6869	1.550935	3.756955
3342	-2830.873	-2998.581	167.7084	1.641855	3.69623
3348	-2831.955	-2999.379	167.4236	1.853335	3.751831
3354	-2830.821	-2997.246	166.4248	1.778845	4.358967
3360	-2827.333	-2993.976	166.6425	1.583223	4.335884
3366	-2831.17	-2998.314	167.1438	1.958304	3.860744
3372	-2836.457	-3003.219	166.7626	1.777774	4.168177
3378	-2835.754	-3002.502	166.7477	1.794604	4.168177
3384	-2844.975	-3011.873	166.8975	1.921767	4.019696
3390	-2829.473	-2996.762	167.2891	1.706376	3.904083
3396	-2830.388	-2996.676	166.2878	1.6809	4.485605
3402	-2830.83	-2997.806	166.9764	1.857421	4.006474
3408	-2825.337	-2992.546	167.2091	1.843409	3.880254
3414	-2838.332	-3004.943	166.6114	2.032752	4.129
3420	-2824.187	-2990.851	166.6642	1.569343	4.330868
3426	-2822.949	-2989.676	166.7273	1.624903	4.26623
3432	-2822.403	-2989.557	167.1542	1.76599	3.950804
3438	-2825.916	-2992.969	167.053	1.881272	3.950804
3444	-2855.229	-3022.372	167.1434	1.837504	3.920876
3450	-2822.943	-2989.723	166.7801	1.854109	4.120068
3456	-2820.543	-2987.153	166.61	1.581506	4.355122
3462	-2821.042	-2987.759	166.717	1.604132	4.28286
3468	-2831.451	-2998.071	166.6201	1.710794	4.28286
3474	-2834.805	-3001.232	166.4274	1.805173	4.344349
3480	-2836.836	-3003.95	167.1142	1.809584	3.951658
3486	-2838.836	-3006.033	167.1973	2.028708	3.795643
3492	-2832.288	-2999.182	166.8941	2.026893	3.970558
3498	-2835.309	-3002.595	167.2855	1.690506	3.914297
3504	-2846.676	-3013.471	166.7948	1.726344	4.175916
3510	-2839.607	-3006.309	166.7018	1.841856	4.170635
3516	-2833.975	-3000.742	166.767	1.76791	4.170635
3522	-2825.826	-2992.394	166.5684	1.747064	4.293746
3528	-2841.955	-3008.663	166.7079	1.777741	4.199248
3534	-2830.813	-2998.156	167.3435	1.795823	3.827023
3540	-2832.833	-2999.421	166.5884	2.087233	4.11614
3546	-2822.129	-2989.127	166.9984	1.947312	3.949518
3552	-2823.569	-2990.502	166.9335	1.947312	3.986642
3558	-2825.439	-2991.81	166.3712	1.886243	4.336071
3564	-2833.556	-3000.819	167.2632	1.749046	3.897018
3570	-2826.84	-2994.003	167.1635	1.857498	3.899329
3576	-2833.72	-3000.741	167.0218	1.730281	4.044654
3582	-2832.172	-2998.66	166.4883	1.792256	4.316404
3588	-2824.425	-2991.06	166.6355	1.605944	4.328011
3594	-2821.555	-2988.016	166.4605	2.2463	4.114866
3600	-2829.546	-2996.597	167.0514	1.935018	3.925154
3606	-2834.413	-3001.588	167.1747	1.726643	3.959158
3612	-2832.095	-2999.152	167.0574	1.859508	3.959158
3618	-2835.125	-3001.433	166.3081	1.69736	4.465839
3624	-2841.56	-3008.198	166.6383	1.700114	4.277994
3630	-2833.648	-3000.265	166.6164	1.945927	4.167994
3636	-2819.165	-2985.818	166.6523	1.821206	4.209023
3642	-2827.118	-2993.777	166.6596	1.737495	4.246949
3648	-2832.394	-2998.958	166.5638	1.815822	4.261887
3654	-2841.954	-3008.635	166.6814	1.963394	4.122575
3660	-2842.06	-3008.895	166.8342	1.633599	4.201143
3666	-2849.639	-3016.132	166.4932	1.76989	4.324797
3672	-2844.642	-3010.946	166.3044	1.76989	4.431391
3678	-2831.101	-2998.246	167.1457	1.995765	3.841353
3684	-2828.318	-2995.243	166.9247	1.780799	4.074408
3690	-2820.469	-2987.568	167.099	1.864256	3.932955
3696	-2820.32	-2987.19	166.8699	1.687161	4.153224
3702	-2822.001	-2989.107	167.106	1.753207	3.984895
3708	-2826.735	-2992.939	166.2042	1.753207	4.496149
3714	-2835.986	-3002.688	166.7024	1.96574	4.109512
3720	-2837.126	-3003.773	166.6462	2.032081	4.109512
3726	-2834.921	-3001.609	166.6878	1.546409	4.329516
3732	-2828.976	-2995.72	166.7433	2.034184	4.053147
3738	-2828.169	-2995.531	167.3618	1.676384	3.877889
3744	-2834.311	-3000.896	166.5856	1.94013	4.188348
3750	-2821.855	-2988.514	166.6589	1.866288	4.182944
3756	-2824.706	-2991.161	166.4544	1.869874	4.297069
3762	-2828.319	-2995.457	167.1384	1.863673	3.910676
3768	-2834.235	-3001.149	166.9134	1.83756	4.052334
3774	-2831.703	-2998.193	166.49	1.868182	4.277774
3780	-2836.425	-3003.348	166.9227	1.846546	4.042568
3786	-2834.793	-3001.299	166.506	1.857299	4.274046
3792	-2837.963	-3005.08	167.1173	1.857299	3.925955
3798	-2835.713	-3002.83	167.1173	1.857299	3.925955
3804	-2845.643	-3011.883	166.2395	2.024183	4.343897
3810	-2837.498	-3004.355	166.8564	1.622825	4.194137
3816	-2838.366	-3005.238	166.8714	1.909641	4.040609
3822	-2839.066	-3005.59	166.5248	1.800417	4.291655
3828	-2824.821	-2991.716	166.8946	1.616896	4.175507
3834	-2832.337	-2998.829	166.4915	1.923271	4.249928
3840	-2823.563	-2990.135	166.5712	1.787839	4.271658
3846	-2832.446	-2999.58	167.1345	1.64946	4.021944
3852	-2830.084	-2997.556	167.4723	1.58292	3.863434
3858	-2831.712	-2999.196	167.484	1.831394	3.728053
3864	-2832.587	-2999.445	166.8584	2.038705	3.985284
3870	-2842.019	-3008.901	166.8825	1.850517	4.063508
3876	-2826.708	-2993.183	166.4748	1.551867	4.446872
3882	-2824.443	-2990.509	166.0651	1.750209	4.575817
3888	-2815.224	-2981.953	166.7287	1.990301	4.082599
3894	-2812.519	-2979.096	166.5778	1.810881	4.256428
3900	-2827.926	-2994.422	166.4962	1.90451	4.256428
3906	-2831.066	-2997.748	166.6815	1.694419	4.256428
3912	-2835.865	-3002.856	166.9912	1.883177	3.985251
3918	-2833.988	-3000.904	166.9163	1.749804	4.094852
3924	-2831.517	-2998.159	166.643	1.655642	4.298138
3930	-2817.925	-2985.072	167.1472	1.681755	3.998018
3936	-2829.317	-2996.221	166.9045	1.957922	3.998018
3942	-2824.968	-2992.166	167.198	2.028079	3.795553
3948	-2831.614	-2998.295	166.6807	1.732892	4.237332
3954	-2837.638	-3004.445	166.8074	2.145469	3.963726
3960	-2849.377	-3016.229	166.8519	1.845078	4.083635
3966	-2825.154	-2992.131	166.9768	1.70424	4.083635
3972	-2830.65	-2996.765	166.1154	1.947768	4.450519
3978	-2823.32	-2989.869	166.5497	1.684506	4.336109
3984	-2820.756	-2987.669	166.9128	1.776496	4.083335
3990	-2823.77	-2989.814	166.0439	1.768435	4.578632
3996	-2818.596	-2985.551	166.955	1.726323	4.084778
4002	-2815.757	-2982.843	167.0856	1.853274	3.946078
4008	-2814.371	-2981.457	167.0856	1.853274	3.946078
4014	-2823.539	-2990.038	166.4991	1.952259	4.231535
4020	-2829.791	-2996.65	166.8588	1.791121	4.10675
4026	-2858.246	-3024.95	166.7037	1.735119	4.223175
4032	-2835.633	-3003.001	167.3674	1.865884	3.77793
4038	-2839.496	-3005.586	166.0903	1.865884	4.504433
4044	-2828.897	-2995.71	166.8129	1.829044	4.113863
4050	-2834.98	-3001.813	166.8332	1.805926	4.113863
4056	-2832.565	-2998.855	166.2895	1.836927	4.406486
4062	-2835.172	-3002.335	167.1626	1.850204	3.903526
4068	-2840.176	-3007.526	167.35	1.772167	3.835321
4074	-2840.261	-3007.102	166.8405	1.718392	4.153979
4080	-2836.689	-3003.644	166.9548	1.683693	4.106735
4086	-2844.24	-3011.376	167.1361	1.872911	3.90737
4092	-2828.266	-2995.101	166.8352	1.733585	4.149267
4098	-2844.36	-3011.157	166.7975	1.734325	4.170337
4104	-2841.4	-3008.231	166.8309	1.910269	4.063388
4110	-2836.479	-3003.136	166.6571	1.910269	4.162298
4116	-2841.177	-3008.762	167.5843	1.691481	3.741985
4122	-2830.264	-2996.965	166.7004	1.780187	4.202286
4128	-2835.873	-3002.906	167.0331	1.780187	4.012865
4134	-2840.829	-3008.009	167.1805	1.872956	3.881889
4140	-2829.158	-2995.932	166.7743	1.872956	4.114032
4146	-2839.361	-3006.049	166.6881	2.029254	4.086989
4152	-2842.774	-3009.518	166.744	1.672359	4.232305
4158	-2835.486	-3001.759	166.2728	1.672359	4.498434
4164	-2828.027	-2994.965	166.9379	1.721333	4.09707
4170	-2833.693	-3000.937	167.2441	1.99165	3.786745
4176	-2840.791	-3007.626	166.8353	1.892001	4.069856
4182	-2831.226	-2997.92	166.6938	1.685045	4.254294
4188	-2815.94	-2982.411	166.471	1.655791	4.395212
4194	-2830.03	-2997.171	167.141	1.567052	4.061411
4200	-2825.018	-2991.381	166.3628	1.861335	4.35306
4206	-2829.801	-2997.045	167.2437	1.832574	3.865825
4212	-2829.817	-2996.991	167.174	1.886011	3.879116
4218	-2827.618	-2995.172	167.5531	1.886011	3.660556
4224	-2829.623	-2996.549	166.9265	2.24195	3.850401
4230	-2843.849	-3010.806	166.9576	2.039176	3.928267
4236	-2840.312	-3007.062	166.7498	1.89435	4.117385
4242	-2834.528	-3001.582	167.0539	1.828239	3.976746
4248	-2834.573	-3001.41	166.8362	1.828081	4.101053
4254	-2842.548	-3009.43	166.8825	2.083725	3.949958
4260	-2836.763	-3003.732	166.9691	1.8903	3.994348
4266	-2834.848	-3001.614	166.7657	2.012338	4.050888
4272	-2835.653	-3002.133	166.48	1.846334	4.294222
4278	-2832.374	-2999.156	166.7821	1.635707	4.229613
4284	-2831.619	-2998.381	166.7626	1.771333	4.171416
4290	-2833.065	-2999.926	166.861	1.499901	4.256034
4296	-2827.286	-2993.979	166.6936	1.681878	4.256034
4302	-2826.436	-2992.882	166.4459	1.934985	4.270063
4308	-2826.041	-2992.517	166.4759	1.738934	4.350155
4314	-2824.469	-2991.307	166.8385	1.715735	4.156463
4320	-2830.653	-2998.035	167.3821	1.739349	3.833681
4326	-2835.946	-3002.835	166.8893	1.699629	4.135844
4332	-2832.902	-2999.496	166.5939	1.699629	4.303408
4338	-2836.227	-3002.837	166.6094	1.682406	4.303408
4344	-2825.434	-2992.551	167.1171	1.727353	3.991732
4350	-2831.38	-2998.297	166.9163	1.795432	4.071823
4356	-2830.706	-2997.422	166.7153	1.611105	4.280183
4362	-2828.995	-2995.626	166.6311	1.659205	4.302993
4368	-2843.691	-3010.757	167.0657	1.506467	4.136388
4374	-2832.137	-2998.87	166.7332	1.736551	4.205673
4380	-2830.966	-2997.874	166.9078	1.751691	4.098781
4386	-2824.458	-2991.771	167.3121	1.702268	3.892996
4392	-2829.993	-2996.603	166.6097	1.702268	4.293116
4398	-2830.717	-2997.876	167.1585	1.538581	4.066463
4404	-2832.497	-2999.64	167.1427	1.561044	4.063577
4410	-2825.799	-2992.826	167.0269	2.160122	3.830921
4416	-2822.591	-2989.628	167.0364	1.609855	4.098511
4422	-2838.969	-3005.42	166.4513	1.598146	4.43601
4428	-2841.334	-3008.498	167.1633	1.829378	3.913538
4434	-2833.359	-3000.2	166.841	1.791726	4.116577
4440	-2825.162	-2992.608	167.4456	1.574001	3.883458
4446	-2827.569	-2994.234	166.665	1.585353	4.322074
4452	-2831.356	-2998.176	166.8201	2.098886	3.978418
4458	-2824.721	-2991.533	166.8124	1.779255	4.139116
4464	-2832.06	-2998.872	166.8124	1.779255	4.139116
4470	-2838.105	-3004.572	166.467	1.738737	4.355318
4476	-2838.819	-3006.161	167.3422	1.536619	3.962606
4482	-2831.93	-2998.552	166.6216	1.679927	4.297776
4488	-2828.337	-2994.795	166.4574	1.738303	4.360956
4494	-2829.145	-2995.618	166.4735	1.643056	4.400321
4500	-2815.887	-2982.637	166.7505	1.720822	4.20385
4506	-2820.503	-2987.571	167.0686	1.554851	4.109077
4512	-2827.71	-2994.174	166.4643	1.98522	4.235314
4518	-2825.113	-2991.81	166.6971	1.71857	4.235314
4524	-2823.265	-2989.88	166.6155	1.744	4.268626
4530	-2824.898	-2991.782	166.8835	1.895079	4.040844
4536	-2825.776	-2992.085	166.3087	2.032204	4.30098
4542	-2828.931	-2995.731	166.8	1.726298	4.17295
4548	-2820.401	-2987.055	166.6537	1.955888	4.14199
4554	-2829.648	-2996.115	166.4669	1.750844	4.349267
4560	-2824.137	-2990.693	166.5561	1.762651	4.292852
4566	-2823.938	-2991.132	167.194	1.532177	4.049612
4572	-2831.511	-2997.829	166.3174	1.660009	4.479633
4578	-2836.039	-3003.312	167.2734	1.753324	3.888948
4584	-2834.072	-3000.634	166.5616	1.786824	4.277644
4590	-2825.589	-2992.453	166.8636	1.768332	4.115479
4596	-2823.602	-2990.356	166.7548	1.89245	4.115479
4602	-2822.836	-2989.47	166.6338	1.882089	4.189372
4608	-2840.051	-3006.479	166.4278	1.882273	4.306025
4614	-2852.121	-3019.291	167.1703	1.995059	3.827541
4620	-2846.101	-3013.444	167.3429	1.995059	3.728048
4626	-2840.312	-3007.282	166.9699	1.729285	4.074759
4632	-2840.412	-3006.944	166.5322	1.732513	4.321614
4638	-2839.239	-3006.064	166.8253	1.653432	4.195931
4644	-2840.342	-3007.447	167.1048	1.830097	3.946707
4650	-2836.057	-3002.223	166.166	1.731985	4.528276
4656	-2826.86	-2993.761	166.9011	1.878502	4.039025
4662	-2828.824	-2995.276	166.4521	1.601414	4.433881
4668	-2827.318	-2993.794	166.4765	1.676066	4.381742
4674	-2840.837	-3007.909	167.0725	1.676066	4.043558
4680	-2837.252	-3003.383	166.13	1.785301	4.521837
4686	-2834.449	-3001.409	166.9602	1.783556	4.052795
4692	-2821.299	-2987.867	166.5676	1.665006	4.335936
4698	-2811.359	-2978.143	166.7842	1.80704	4.141181
4704	-2825.409	-2992.755	167.3463	1.875635	3.78519
4710	-2818.751	-2985.704	166.9525	1.825525	4.036059
4716	-2820.387	-2986.933	166.5464	1.861564	4.249075
4722	-2830.123	-2997.138	167.015	2.068404	3.881313
4728	-2828.14	-2995.435	167.2951	1.743909	3.881313
4734	-2828.909	-2995.588	166.6794	1.68234	4.263786
4740	-2828.656	-2995.523	166.8673	1.69415	4.151153
4746	-2837.73	-3005.171	167.4408	1.609405	3.867512
4752	-2834.541	-3001.072	166.5314	1.641887	4.368282
4758	-2829.273	-2996.193	166.9198	1.641887	4.1482
4764	-2828.157	-2995.078	166.9209	1.483606	4.230781
4770	-2843.039	-3009.752	166.713	1.822175	4.17407
4776	-2843.185	-3009.9	166.7152	1.61801	4.276677
4782	-2844.113	-3010.749	166.6354	1.57582	4.343737
4788	-2845.554	-3012.059	166.5059	1.694978	4.355503
4794	-2820.739	-2988.02	167.281	1.570424	3.979685
4800	-2830.433	-2997.345	166.9125	1.638201	4.15427
4806	-2832.332	-2999.435	167.1034	1.715737	4.005517
4812	-2836.124	-3003.579	167.4549	1.602592	3.863053
4818	-2829.257	-2995.861	166.6033	1.902764	4.196513
4824	-2843.29	-3009.252	165.962	1.853029	4.582816
4830	-2829.825	-2996.694	166.869	1.858287	4.06734
4836	-2831.287	-2998.505	167.2172	1.879061	3.857741
4842	-2828.211	-2994.992	166.7815	2.096923	4.001423
4848	-2831.264	-2998.326	167.0613	1.77094	4.001423
4854	-2838.948	-3005.859	166.9114	1.859027	4.042806
4860	-2837.55	-3004.117	166.5672	1.850852	4.2426
4866	-2836.382	-3003.002	166.6202	1.790477	4.2426
4872	-2833.239	-2999.732	166.4933	2.073509	4.176721
4878	-2839.236	-3006.566	167.3295	1.63268	3.919157
4884	-2859.086	-3026.36	167.274	1.875763	3.826754
4890	-2832.908	-2999.907	166.9993	1.748709	4.048121
4896	-2833.772	-3000.653	166.8813	1.860675	4.059131
4902	-2841.924	-3009.131	167.2067	1.875175	3.865705
4908	-2842.383	-3009.012	166.6284	1.689598	4.288981
4914	-2822.629	-2989.788	167.1593	1.74933	3.956392
4920	-2820.93	-2987.852	166.9229	1.72292	4.104797
4926	-2826.264	-2993.357	167.0931	1.668939	4.035505
4932	-2831.179	-2998.347	167.1678	1.892975	3.879214
4938	-2823.609	-2990.294	166.6842	1.687082	4.258696
4944	-2828.081	-2995.099	167.0185	1.798739	4.011839
4950	-2822.264	-2989.162	166.8987	1.810808	4.074113
4956	-2828.12	-2995.065	166.9456	1.805012	4.050274
4962	-2834.091	-3000.685	166.5938	1.793336	4.256148
4968	-2825.254	-2992.273	167.0195	1.99439	3.914431
4974	-2826.335	-2993.566	167.2315	1.750479	3.914431
4980	-2829.714	-2996.479	166.7652	2.040642	4.037576
4986	-2835.767	-3002.309	166.5426	1.826109	4.268791
4992	-2841.531	-3008.747	167.216	1.841561	3.877197
4998	-2841.895	-3009.237	167.342	1.324753	4.077554
5004	-2845.717	-3012.68	166.9638	1.533127	4.18016
5010	-2835.48	-3001.638	166.1576	1.756103	4.520915
5016	-2841.797	-3007.939	166.142	1.774504	4.520464
5022	-2838.359	-3005.055	166.6957	1.456357	4.372687
5028	-2848.463	-3015.088	166.6249	1.790941	4.239729
5034	-2853.766	-3020.495	166.7282	1.827882	4.162628
5040	-2840.238	-3006.852	166.6147	1.663779	4.309972
5046	-2837.939	-3004.58	166.641	1.634808	4.309972
5052	-2834.595	-3001.165	166.5704	2.002851	4.166606
5058	-2849.46	-3016.011	166.5511	1.843547	4.255345
5064	-2850.261	-3017.196	166.9352	1.815943	4.05075
5070	-2843.344	-3010.399	167.055	1.903835	3.938516
5076	-2837.65	-3004.361	166.7112	1.903835	4.134688
5082	-2833.652	-3000.426	166.7749	1.830695	4.134688
5088	-2845.706	-3012.868	167.1627	1.300541	4.192876
5094	-2842.912	-3009.382	166.4698	1.700896	4.372884
5100	-2832.788	-2999.834	167.0453	1.808388	3.991657
5106	-2822.309	-2989.487	167.1781	1.808388	3.915678
5112	-2825.479	-2992.149	166.6695	1.857268	4.18135
5118	-2832.813	-2999.698	166.8849	1.61628	4.18135
5124	-2827.716	-2994.796	167.08	1.588714	4.084785
5130	-2830.112	-2997.29	167.1783	1.883896	3.877716
5136	-2838.296	-3005.078	166.782	1.918322	4.08727
5142	-2835.979	-3002.895	166.9157	1.625503	4.159033
5148	-2815.985	-2982.753	166.7677	2.007258	4.052168
5154	-2828.695	-2995.698	167.0034	1.79884	4.020413
5160	-2826.238	-2992.924	166.6857	2.043511	4.081508
5166	-2824.509	-2991.501	166.9913	1.993496	3.931037
5172	-2826.376	-2992.94	166.5644	1.569551	4.387133
5178	-2828.978	-2995.656	166.6773	1.646659	4.283309
5184	-2841.716	-3009.029	167.3129	1.559018	3.967453
5190	-2827.67	-2995.035	167.3649	1.77649	3.824598
5196	-2825.501	-2992.421	166.9208	1.88996	4.022116
5202	-2831.941	-2998.376	166.435	1.853901	4.315905
5208	-2833.063	-3000.287	167.2245	1.820634	3.882859
5214	-2824.86	-2992.093	167.2322	1.500438	4.044733
5220	-2823.973	-2990.785	166.8121	1.431873	4.32006
5226	-2825.34	-2992.096	166.756	1.491266	4.32006
5232	-2826.572	-2993.707	167.1351	1.694827	3.998168
5238	-2824.652	-2991.861	167.209	1.923235	3.840543
5244	-2820.736	-2987.995	167.2594	1.865019	3.840543
5250	-2830.256	-2997.417	167.1607	1.979763	3.840543
5256	-2830.82	-2997.811	166.9911	1.854624	3.99949
5262	-2829.79	-2996.956	167.1654	1.764051	3.9454
5268	-2835.734	-3002.667	166.9335	1.865828	4.026813
5274	-2835.18	-3001.789	166.6087	1.658712	4.315936
5280	-2844.023	-3010.659	166.636	1.760378	4.248774
5286	-2847.898	-3014.466	166.5683	1.679543	4.328093
5292	-2830.641	-2997.259	166.6175	1.656454	4.312132
5298	-2831.526	-2998.235	166.709	1.647422	4.264992
5304	-2829.788	-2997.056	167.2675	1.699789	3.919842
5310	-2824.623	-2991.241	166.6177	1.961493	4.159705
5316	-2826.925	-2993.605	166.6801	1.877788	4.16521
5322	-2827.626	-2994.359	166.7335	1.731962	4.207856
5328	-2843.183	-3010.211	167.0281	1.57388	4.122088
5334	-2829.525	-2995.586	166.0605	1.637177	4.635583
5340	-2827.157	-2993.377	166.2199	1.929264	4.400544
5346	-2835.325	-3002.395	167.0696	1.739279	4.012821
5352	-2828.164	-2995.074	166.9101	1.788772	4.078726
5358	-2828.337	-2995.64	167.3036	1.788772	3.853553
5364	-2818.282	-2984.74	166.4577	1.873504	4.293434
5370	-2812.452	-2979.022	166.5701	1.745833	4.293434
5376	-2817.612	-2984.384	166.7717	1.694331	4.205359
5382	-2821.546	-2988.431	166.8855	1.879253	4.047529
5388	-2828.086	-2994.982	166.8961	1.989514	3.987452
5394	-2817.856	-2984.131	166.2753	1.600439	4.533876
5400	-2817.906	-2985.063	167.1573	1.677649	3.994335
5406	-2827.513	-2994.607	167.0938	1.748414	3.994335
5412	-2834.075	-3001.198	167.1225	1.716315	3.994335
5418	-2826.186	-2992.827	166.6412	1.92745	4.162926
5424	-2826.098	-2992.689	166.5906	1.92745	4.191652
5430	-2829.494	-2996.43	166.9359	1.962693	3.977748
5436	-2821.346	-2988.226	166.8796	1.684494	4.149116
5442	-2826.786	-2993.255	166.4689	1.721923	4.362707
5448	-2843.294	-3009.679	166.3848	2.012702	4.267199
5454	-2833.563	-3000.229	166.6656	1.691052	4.267199
5460	-2836.364	-3003.755	167.3913	1.511571	3.947888
5466	-2822.926	-2989.487	166.5601	1.98075	4.183158
5472	-2828.195	-2995.219	167.0241	1.753753	4.031399
5478	-2817.403	-2984.611	167.2078	1.871759	3.866804
5484	-2821.095	-2987.582	166.4871	1.644682	4.391855
5490	-2819.939	-2986.871	166.9314	1.795686	4.06308
5496	-2829.197	-2996.003	166.8055	1.920863	4.072676
5502	-2837.522	-3004.177	166.6547	1.762692	4.237009
5508	-2832.17	-2998.949	166.7792	1.875993	4.109756
5514	-2829.391	-2996.197	166.8055	1.613067	4.228047
5520	-2831.771	-2998.296	166.5242	1.930107	4.228047
5526	-2830.122	-2997.391	167.2685	1.968049	3.784196
5532	-2835.841	-3003.226	167.3851	1.791141	3.805512
5538	-2833.419	-3000.529	167.1099	1.793437	3.962262
5544	-2833.317	-3000.501	167.1844	1.709761	3.962262
5550	-2866.097	-3033.506	167.4084	1.561671	3.911336
5556	-2846.568	-3013.223	166.6546	1.656477	4.291106
5562	-2841.53	-3007.719	166.1891	1.652027	4.555815
5568	-2844.807	-3011.899	167.0921	1.606295	4.068687
5574	-2834.428	-3001.387	166.9591	1.75335	4.068687
5580	-2843.188	-3009.877	166.6884	1.774058	4.212167
5586	-2834.282	-3001.416	167.1344	1.672992	4.009846
5592	-2835.099	-3001.974	166.8753	2.04394	3.973112
5598	-2832.654	-2999.73	167.076	1.800109	3.97828
5604	-2837.883	-3004.26	166.3771	1.738281	4.406259
5610	-2828.727	-2995.371	166.6444	1.7043	4.272429
5616	-2830.386	-2996.843	166.4571	1.879299	4.290897
5622	-2823.321	-2990.255	166.934	1.733011	4.09334
5628	-2827.538	-2994.2	166.6618	1.802551	4.212945
5634	-2828.2	-2995.375	167.1757	1.802551	3.919989
5640	-2828.037	-2994.428	166.3909	1.820625	4.357285
5646	-2823.962	-2990.93	166.9688	1.644132	4.119184
5652	-2831.597	-2998.164	166.5666	1.767725	4.284352
5658	-2826.957	-2993.481	166.5243	1.926958	4.229524
5664	-2835.597	-3002.755	167.1585	1.926958	3.867729
5670	-2831.14	-2997.618	166.4783	1.813718	4.311355
5676	-2823.28	-2989.674	166.3937	1.813718	4.35918
5682	-2823.84	-2990.611	166.7706	1.813718	4.145592
5688	-2837.041	-3003.772	166.7309	1.859064	4.145592
5694	-2823.77	-2990.659	166.8897	1.943837	4.013381
5700	-2829.752	-2996.639	166.8873	1.5446	4.217512
5706	-2819.561	-2986.286	166.725	1.714322	4.221654
5712	-2829.74	-2996.517	166.7772	1.656458	4.221654
5718	-2833.205	-2999.677	166.4723	1.845508	4.298992
5724	-2832.291	-2999.225	166.9335	1.774988	4.072316
5730	-2828.582	-2995.033	166.451	1.827334	4.320036
5736	-2829.517	-2996.295	166.7771	1.820756	4.138388
5742	-2832.866	-2999.603	166.7375	2.126122	4.01278
5748	-2833.593	-3000.883	167.2893	1.989565	3.761676
5754	-2837.475	-3004.125	166.6495	1.656175	4.294158
5760	-2848.148	-3015.367	167.2189	1.879519	3.856536
5766	-2830.792	-2997.222	166.4308	1.762592	4.363722
5772	-2825.393	-2992.551	167.1583	1.794931	3.933821
5778	-2832.787	-2999.581	166.7945	1.594151	4.244167
5784	-2840.067	-3007.02	166.9529	1.657792	4.12115
5790	-2838.295	-3005.126	166.8314	1.842296	4.096734
5796	-2836.724	-3003.661	166.9374	1.72254	4.096734
5802	-2833.768	-3000.498	166.7307	1.784763	4.182748
5808	-2831.496	-2998.046	166.5506	2.133693	4.115761
5814	-2824.387	-2991.068	166.6805	1.713396	4.247347
5820	-2835.218	-3001.784	166.5657	1.836348	4.250635
5826	-2834.784	-3001.791	167.0071	1.936403	3.949888
5832	-2826.523	-2992.944	166.4202	1.922083	4.290851
5838	-2835.296	-3001.872	166.5755	1.7985	4.263885
5844	-2833.811	-3000.216	166.4054	1.7902	4.364264
5850	-2822.369	-2989.05	166.6809	1.704744	4.251545
5856	-2827.529	-2994.597	167.0679	1.691536	4.038216
5862	-2838.534	-3005.626	167.0924	1.746431	3.996151
5868	-2831.173	-2998.316	167.1429	1.857539	3.911127
5874	-2830.489	-2997.308	166.8184	1.956018	4.048093
5880	-2838.626	-3005.875	167.249	1.957545	3.800631
5886	-2833.317	-2999.727	166.4106	1.983574	4.266565
5892	-2832.939	-2999.575	166.6361	1.689602	4.284639
5898	-2824.453	-2991.268	166.8148	1.809414	4.122627
5904	-2833.955	-3000.432	166.4764	1.795447	4.321518
5910	-2825.641	-2991.707	166.0657	1.731916	4.584653
5916	-2820.037	-2986.686	166.6491	1.661022	4.291923
5922	-2824.487	-2991.846	167.3584	1.663263	3.886611
5928	-2825.667	-2992.917	167.2501	1.591802	3.986082
5934	-2813.025	-2979.673	166.6481	1.590579	4.328859
5940	-2819.478	-2985.831	166.3535	1.784892	4.39622
5946	-2821.769	-2987.978	166.2094	1.950489	4.39622
5952	-2821.483	-2988.477	166.9938	1.79033	4.030159
5958	-2831.275	-2998.43	167.1559	1.610371	4.030159
5964	-2824.397	-2991.512	167.1144	1.903762	3.904513
5970	-2819.869	-2987.028	167.1589	1.665624	3.999625
5976	-2823.868	-2990.822	166.954	1.665624	4.11647
5982	-2825.829	-2992.511	166.6821	1.630231	4.289083
5988	-2825.008	-2991.544	166.5359	1.704911	4.333472
5994	-2822.067	-2988.344	166.2767	1.749432	4.457257
6000	-2821.508	-2988.55	167.0421	1.845276	3.974964
6006	-2827.054	-2993.921	166.8665	1.494378	4.255895
6012	-2835.061	-3001.771	166.7101	1.579586	4.299563
6018	-2827.228	-2993.761	166.5328	1.801387	4.286637
6024	-2822.61	-2989.7	167.0907	1.793938	3.972995
6030	-2833.684	-3000.096	166.4119	1.946776	4.28359
6036	-2841.172	-3007.893	166.7202	1.599292	4.28359
6042	-2832.463	-2999.02	166.5566	1.632385	4.358954
6048	-2835.11	-3002.06	166.9496	1.748094	4.076768
6054	-2835.73	-3002.403	166.6728	1.837312	4.189408
6060	-2851.408	-3018.173	166.7648	1.669792	4.221837
6066	-2829.892	-2996.547	166.6551	1.79238	4.221837
6072	-2837.473	-3004.22	166.7472	2.186307	3.978993
6078	-2841.318	-3008.33	167.0124	1.871334	3.978993
6084	-2846.173	-3012.999	166.8259	1.871334	4.085458
6090	-2843.17	-3009.987	166.8168	1.871334	4.090635
6096	-2827.246	-2993.742	166.4969	1.977184	4.220736
6102	-2832.253	-2999.115	166.8619	2.089094	3.959177
6108	-2834.408	-3001.186	166.7784	1.574159	4.263703
6114	-2833.253	-3000.231	166.9787	1.802955	4.032429
6120	-2828.924	-2995.854	166.93	1.748147	4.087929
6126	-2834.757	-3001.443	166.6859	1.589939	4.307835
6132	-2829.953	-2996.456	166.5026	1.793156	4.307835
6138	-2826.52	-2993.4	166.8798	1.912416	4.034397
6144	-2836.002	-3003.002	166.9997	1.851772	3.996009
6150	-2822.573	-2989.574	167.0009	1.743644	4.049791
6156	-2833.332	-3000.388	167.0563	1.830375	3.974308
6162	-2823.55	-2990.238	166.688	1.835499	4.181683
6168	-2829.778	-2996.939	167.1611	1.885559	3.886723
6174	-2825.238	-2992.146	166.9076	1.801351	4.073822
6180	-2842.222	-3009.612	167.3897	1.543452	3.931783
6186	-2832.809	-2999.343	166.5338	1.576982	4.400475
6192	-2828.139	-2995.238	167.0994	1.73965	3.995608
6198	-2826.454	-2993.804	167.3508	1.794932	3.823296
6204	-2823.77	-2991.094	167.3236	1.543658	3.969496
6210	-2827.047	-2993.703	166.6562	1.733578	4.250875
6216	-2837.779	-3004.5	166.7213	1.661281	4.250875
6222	-2830.893	-2997.601	166.7076	1.676373	4.250875
6228	-2844.551	-3010.922	166.3707	1.934737	4.312749
6234	-2833.089	-2999.7	166.6107	1.659407	4.314476
6240	-2834.821	-3001.439	166.6175	1.659407	4.310604
6246	-2836.049	-3002.406	166.3577	1.726483	4.423165
6252	-2840.722	-3007.711	166.9892	1.609084	4.125797
6258	-2843.857	-3010.684	166.8264	1.676928	4.18319
6264	-2848.771	-3015.279	166.5086	1.739531	4.331394
6270	-2841.58	-3008.588	167.008	1.739531	4.047824
6276	-2859.219	-3025.96	166.7414	1.870976	4.133725
6282	-2849.999	-3016.273	166.2742	1.957221	4.356407
6288	-2835.528	-3002.733	167.2042	1.964374	3.823029
6294	-2837.015	-3004.289	167.2741	1.88311	3.823029
6300	-2837.739	-3004.308	166.5696	2.044248	4.14729
6306	-2836.226	-3003.615	167.3889	1.707838	3.846002
6312	-2839.104	-3005.182	166.0779	1.80586	4.54095
6318	-2834.077	-3000.874	166.797	1.752577	4.16136
6324	-2830.388	-2997.722	167.3346	1.633264	3.91593
6330	-2830.918	-2998.256	167.3378	1.62974	3.91593
6336	-2822.405	-2989.094	166.6884	1.640113	4.280428
6342	-2828.356	-2995.308	166.9513	1.568753	4.168473
6348	-2838.457	-3005.163	166.7057	1.865737	4.156631
6354	-2825.432	-2992.115	166.683	1.925616	4.140046
6360	-2839.147	-3005.951	166.8045	1.790812	4.137778
6366	-2835.429	-3002.138	166.7093	1.772621	4.20102
6372	-2835.162	-3001.851	166.6886	1.796025	4.20102
6378	-2826.012	-2993.085	167.073	1.715736	4.022867
6384	-2821.801	-2988.83	167.0292	1.637232	4.088375
6390	-2826.914	-2993.809	166.8948	1.765232	4.099299
6396	-2823.604	-2990.034	166.4298	1.737883	4.376735
6402	-2835.419	-3002.322	166.9027	1.824304	4.065082
6408	-2830.251	-2997.154	166.9027	1.824304	4.065082
6414	-2830.067	-2997.232	167.1651	1.534075	4.065082
6420	-2828.747	-2995.43	166.6828	1.9163	4.144722
6426	-2821.783	-2988.25	166.4676	1.840091	4.304309
6432	-2830.21	-2997.1	166.8893	1.739553	4.115475
6438	-2841.254	-3007.872	166.6185	1.899972	4.189281
6444	-2833.67	-3000.468	166.7987	1.701679	4.186241
6450	-2838.855	-3005.516	166.6606	1.7564	4.236805
6456	-2837.012	-3003.343	166.3303	1.934055	4.33591
6462	-2850.319	-3017.246	166.928	1.676688	4.125606
6468	-2836.574	-3003.511	166.9374	1.860765	4.027122
6474	-2839.772	-3006.655	166.8834	1.836405	4.070039
6480	-2838.856	-3006.2	167.3441	1.616949	3.919036
6486	-2836.85	-3003.562	166.7121	1.711059	4.230644
6492	-2830.117	-2996.578	166.4612	1.998651	4.230644
6498	-2836.001	-3002.693	166.6914	1.911062	4.1424
6504	-2830.201	-2997.15	166.9494	1.653224	4.125548
6510	-2848.598	-3015.422	166.8242	1.792907	4.125548
6516	-2848.088	-3014.934	166.846	1.964065	4.028416
6522	-2843.157	-3010.022	166.8646	1.711486	4.143803
6528	-2830.387	-2997.014	166.6273	1.824951	4.221342
6534	-2825.679	-2991.96	166.2812	1.845102	4.407098
6540	-2812.588	-2979.555	166.9663	1.845102	4.018383
6546	-2827.113	-2993.193	166.0799	1.861638	4.512353
6552	-2827.395	-2994.206	166.8106	1.861638	4.098949
6558	-2841.612	-3008.014	166.4016	1.78316	4.36992
6564	-2831.557	-2998.438	166.8809	1.944121	4.018234
6570	-2840.95	-3007.841	166.891	1.913511	4.027507
6576	-2845.488	-3012.224	166.7353	1.691348	4.227547
6582	-2837.676	-3004.993	167.3168	2.215005	3.637709
6588	-2831.987	-2999.628	167.6403	2.092434	3.508099
6594	-2823.184	-2990.314	167.1297	1.859215	3.917863
6600	-2832.778	-2999.455	166.6776	1.903319	4.154034
6606	-2826.573	-2993.8	167.2277	1.791038	3.896005
6612	-2830.418	-2997.217	166.7986	1.735764	4.168965
6618	-2829.215	-2995.98	166.7648	1.677337	4.217943
6624	-2828.179	-2994.673	166.494	1.582381	4.42011
6630	-2833.054	-2999.236	166.1815	1.933646	4.42011
6636	-2819.37	-2986.211	166.8417	1.665155	4.180587
6642	-2826.259	-2993.308	167.0488	1.683869	4.053102
6648	-2829.522	-2996.242	166.7196	1.627271	4.269371
6654	-2827.621	-2994.891	167.2702	1.83923	3.847266
6660	-2825.448	-2992.279	166.8319	1.927518	4.054354
6666	-2826.177	-2993.048	166.871	1.808036	4.091299
6672	-2821.919	-2988.739	166.8202	1.730872	4.159144
6678	-2820.108	-2986.516	166.4074	1.760726	4.377859
6684	-2838.597	-3005.293	166.6966	1.67494	4.257875
6690	-2837.068	-3003.765	166.6974	1.906703	4.141169
6696	-2844.087	-3010.792	166.7044	1.675967	4.252886
6702	-2834.177	-3000.75	166.573	1.740919	4.294261
6708	-2841.029	-3007.681	166.6522	1.788147	4.225614
6714	-2841.046	-3007.769	166.7227	1.941938	4.109492
6720	-2835.115	-3001.929	166.8145	1.802074	4.12647
6726	-2825.75	-2992.729	166.9787	1.855402	4.006187
6732	-2840.225	-3007.175	166.9495	1.832144	4.034448
6738	-2828.293	-2995.276	166.9826	1.832144	4.015575
6744	-2829.303	-2996.398	167.0956	1.650051	4.043841
6750	-2835.738	-3002.011	166.2728	1.740656	4.463846
6756	-2850.67	-3016.905	166.2356	1.664316	4.523405
6762	-2844.063	-3011.061	166.998	1.758807	4.043749
6768	-2839.7	-3006.634	166.9343	1.755528	4.081731
6774	-2840.51	-3007.042	166.5321	1.784298	4.295573
6780	-2838.558	-3005.654	167.0959	1.548067	4.097132
6786	-2838.961	-3006.07	167.109	1.533931	4.097132
6792	-2836.91	-3003.594	166.6842	2.012817	4.097132
6798	-2819.026	-2985.986	166.96	2.012817	3.939618
6804	-2827.715	-2994.949	167.2343	2.012817	3.782051
6810	-2827.539	-2994.289	166.749	1.967009	4.082321
6816	-2825.071	-2991.866	166.7957	1.912562	4.082321
6822	-2827.522	-2994.399	166.8765	1.681678	4.152319
6828	-2843.2	-3009.557	166.3567	1.903905	4.335644
6834	-2829.56	-2996.189	166.6291	1.841358	4.212157
6840	-2813.03	-2979.543	166.5133	1.789531	4.303629
6846	-2823.337	-2990.445	167.1082	1.781566	3.969254
6852	-2829.73	-2996.883	167.1527	1.731558	3.969254
6858	-2828.162	-2995.244	167.0826	1.816073	3.966437
6864	-2832.966	-3000.062	167.096	1.516382	4.113868
6870	-2829.168	-2995.945	166.7766	1.68942	4.205087
6876	-2832.503	-2999.123	166.6201	1.613605	4.332728
6882	-2834.121	-3000.826	166.7057	1.751615	4.213664
6888	-2828.618	-2995.443	166.8247	1.824682	4.109345
6894	-2818.03	-2984.689	166.6589	1.87853	4.176893
6900	-2828.411	-2995.01	166.5982	1.878154	4.211535
6906	-2835.334	-3002.342	167.0084	1.636008	4.100889
6912	-2846.4	-3013.367	166.9669	1.968212	3.95731
6918	-2842.589	-3009.498	166.9088	1.689851	4.129772
6924	-2844.387	-3011.105	166.7176	1.606068	4.281524
6930	-2830.188	-2996.719	166.5311	1.572889	4.404148
6936	-2832.388	-2998.979	166.5907	1.843062	4.233114
6942	-2827.897	-2995.021	167.1245	1.843062	3.928955
6948	-2828.443	-2995.965	167.522	1.961323	3.641057
6954	-2845.806	-3011.94	166.1338	2.088389	4.373279
6960	-2830.283	-2996.621	166.338	1.650481	4.472894
6966	-2833.685	-3000.204	166.5188	1.702336	4.344474
6972	-2828.732	-2995.548	166.8155	2.017614	4.019951
6978	-2823.749	-2990.249	166.5001	1.627559	4.393305
6984	-2824.32	-2991.147	166.8264	1.639008	4.202748
6990	-2821.153	-2987.896	166.7431	1.639008	4.250026
6996	-2833.605	-3000.643	167.0384	1.836429	3.981517
7002	-2834.697	-3001.714	167.0167	1.787775	4.018379
7008	-2842.088	-3008.863	166.775	1.599423	4.252466
7014	-2838.01	-3004.299	166.2884	1.563207	4.545829
7020	-2831.274	-2997.708	166.4337	1.637044	4.425856
7026	-2819.483	-2986.031	166.5476	1.6868	4.336085
7032	-2827.393	-2993.737	166.3444	1.917299	4.336085
7038	-2825.302	-2992.183	166.8805	1.843613	4.068102
7044	-2823.58	-2990.652	167.0729	1.813642	3.973249
7050	-2816.074	-2983.078	167.0042	1.892333	3.973249
7056	-2826.704	-2993.668	166.9642	1.692069	4.097102
7062	-2828.357	-2995.436	167.0789	1.5664	4.097102
7068	-2837.998	-3004.941	166.943	1.698451	4.105898
7074	-2829.68	-2996.422	166.742	1.698451	4.220087
7080	-2827.708	-2994.649	166.9406	1.866598	4.02237
7086	-2842.493	-3009.501	167.0075	1.468473	4.189729
7092	-2824.484	-2990.792	166.3085	1.777765	4.425127
7098	-2824.048	-2990.893	166.8449	1.754609	4.13306
