Iteration	Posterior	Likelihood	Prior	acrv_sd	tree_length
0	-1785.466	-1956.32	170.8537	1.181465	1.992855
6	-1782.926	-1953.715	170.7889	1.246208	1.992855
12	-1785.011	-1955.915	170.9038	1.227474	1.9283
18	-1792.808	-1962.876	170.0676	1.712458	2.160892
24	-1783.526	-1953.298	169.7722	1.712458	2.350653
30	-1765.527	-1936.293	170.7656	1.249273	2.006356
36	-1767.662	-1938.224	170.5617	1.453187	2.006356
42	-1765.101	-1935.961	170.8603	1.190111	1.982684
48	-1764.18	-1934.813	170.6324	1.399911	1.994714
54	-1778.871	-1949.139	170.2686	1.60858	2.097425
60	-1774.856	-1945.46	170.6042	1.175987	2.160773
66	-1767.484	-1937.868	170.3843	1.34184	2.195841
72	-1769.761	-1940.075	170.3146	1.510914	2.131228
78	-1772.608	-1943.344	170.7367	1.227645	2.039926
84	-1768.644	-1939.319	170.6749	1.289417	2.039926
90	-1768.293	-1939.384	171.0913	1.242436	1.789844
96	-1783.46	-1954.058	170.5987	1.446704	1.986019
102	-1778.963	-1948.948	169.9848	1.588182	2.294366
108	-1774.683	-1945.49	170.8068	1.340156	1.917754
114	-1777.128	-1947.553	170.4251	1.327051	2.178982
120	-1784.867	-1955.441	170.5737	1.257952	2.127229
126	-1775.006	-1945.671	170.6649	1.254049	2.069942
132	-1769.183	-1940.161	170.9777	1.254049	1.860063
138	-1774.241	-1943.859	169.6183	1.696506	2.457872
144	-1780.504	-1950.755	170.251	1.331813	2.288103
150	-1777.402	-1948.066	170.6643	1.421197	1.959144
156	-1779.039	-1949.835	170.796	1.302555	1.950355
162	-1776.264	-1946.801	170.537	1.307637	2.118741
168	-1776.585	-1947.107	170.5216	1.389149	2.075343
174	-1774.227	-1944.78	170.5529	1.357831	2.075343
180	-1765.809	-1936.127	170.3178	1.39646	2.203547
186	-1774.976	-1944.933	169.9571	1.595359	2.307468
192	-1771.48	-1941.449	169.9683	1.584175	2.307468
198	-1777.476	-1948.015	170.5387	1.216419	2.177075
204	-1764.129	-1934.497	170.368	1.548931	2.071237
210	-1767.762	-1938.171	170.4087	1.34199	2.179941
216	-1775.762	-1945.103	169.3408	1.74584	2.600096
222	-1777.519	-1947.276	169.757	1.442262	2.530135
228	-1773.568	-1944.084	170.5154	1.442262	2.04438
234	-1766.677	-1936.949	170.2715	1.445772	2.201595
240	-1781.394	-1951.041	169.6466	1.583935	2.510628
246	-1774.782	-1944.789	170.0073	1.6133	2.263862
252	-1779.443	-1949.641	170.1988	1.565157	2.171326
258	-1776.325	-1946.376	170.0506	1.370263	2.39107
264	-1773.777	-1944.584	170.8064	1.167691	2.033485
270	-1768.973	-1939.816	170.8431	1.318938	1.907555
276	-1777.748	-1948.657	170.9092	1.318938	1.862568
282	-1767.699	-1938.785	171.0861	1.305095	1.749771
288	-1776.153	-1946.552	170.3986	1.267007	2.234963
294	-1781.058	-1951.315	170.2575	1.652631	2.075709
300	-1770.894	-1940.657	169.7634	1.652631	2.394106
306	-1773.057	-1942.406	169.3487	1.773174	2.578246
312	-1773.064	-1943.606	170.5419	1.581486	1.933669
318	-1781.652	-1951.991	170.3389	1.290325	2.258321
324	-1776.773	-1946.803	170.0306	1.59862	2.258321
330	-1776.557	-1946.045	169.4878	1.65704	2.564016
336	-1771.212	-1940.891	169.679	1.65704	2.444543
342	-1772.861	-1942.218	169.3571	1.65704	2.644899
348	-1786.655	-1957.183	170.5279	1.280004	2.142718
354	-1771.529	-1941.641	170.1124	1.483395	2.279754
360	-1771.958	-1942.583	170.6245	1.390484	2.006261
366	-1766.865	-1937.038	170.173	1.743104	2.071776
372	-1774.612	-1943.702	169.0909	1.743104	2.755434
378	-1762.107	-1933.123	171.0157	1.14004	1.911805
384	-1773.113	-1943.66	170.5465	1.538016	1.959817
390	-1760.48	-1930.874	170.3943	1.439635	2.125701
396	-1762.312	-1933.001	170.689	1.439635	1.930116
402	-1778.332	-1949.291	170.9585	1.353945	1.804562
408	-1791.725	-1962.055	170.3293	1.473563	2.146014
414	-1782.69	-1953.497	170.8071	1.450227	1.842564
420	-1791.295	-1961.22	169.9248	1.610118	2.318676
426	-1777.154	-1947.693	170.5383	1.384945	2.067065
432	-1795.575	-1965.696	170.1202	1.317235	2.38057
438	-1790.901	-1961.36	170.4594	1.540813	2.016151
444	-1781.9	-1951.22	169.3206	1.648752	2.672467
450	-1786.923	-1957.765	170.8421	1.482106	1.796411
456	-1782.126	-1952.567	170.4414	1.32089	2.172407
462	-1781.268	-1951.473	170.2049	1.555801	2.17348
468	-1782.261	-1951.523	169.2625	1.797899	2.61634
474	-1783.209	-1953.336	170.1264	1.529397	2.241251
480	-1772.692	-1942.614	169.922	1.59404	2.33068
486	-1783.617	-1953.547	169.9308	1.552993	2.351222
492	-1785.472	-1955.582	170.1102	1.395245	2.337455
498	-1785.781	-1956.102	170.3209	1.456813	2.162404
504	-1790.918	-1961.126	170.2079	1.535568	2.184647
510	-1783.904	-1954.413	170.5095	1.400066	2.076091
516	-1777.432	-1947.203	169.7709	1.66253	2.383104
522	-1795.716	-1965.91	170.1942	1.420482	2.267685
528	-1780.162	-1950.243	170.0816	1.533092	2.267685
534	-1780.553	-1950.342	169.7893	1.533092	2.453121
540	-1780.31	-1950.983	170.6739	1.372055	1.985656
546	-1783.158	-1952.748	169.5909	1.544067	2.570153
552	-1780.439	-1950.648	170.2085	1.544067	2.178729
558	-1784.764	-1954.986	170.2221	1.447225	2.232566
564	-1786.394	-1956.506	170.1123	1.557042	2.232566
570	-1784.824	-1955.206	170.3813	1.433169	2.138429
576	-1771.211	-1941.267	170.0554	1.671621	2.195314
582	-1770.483	-1941.18	170.698	1.506864	1.878454
588	-1771.98	-1942.795	170.8143	1.360531	1.898843
594	-1767.794	-1938.346	170.552	1.512309	1.973346
600	-1772.863	-1942.892	170.0289	1.48504	2.332033
606	-1781.751	-1952.128	170.3769	1.351671	2.194264
612	-1784.964	-1955.695	170.7309	1.506329	1.85636
618	-1779.652	-1949.786	170.1341	1.57993	2.203704
624	-1783.523	-1954.705	171.1815	1.121708	1.810972
630	-1774.562	-1945.251	170.6882	1.327166	2.006027
636	-1782.377	-1952.985	170.6075	1.4886	1.951996
642	-1788.247	-1958.879	170.6318	1.494025	1.932019
648	-1777.944	-1948.641	170.6966	1.245389	2.054697
654	-1778.536	-1949.023	170.4869	1.218019	2.209604
660	-1779.894	-1950.221	170.327	1.412928	2.186912
666	-1782.203	-1952.855	170.6522	1.424846	1.964792
672	-1784.347	-1954.899	170.5526	1.424846	2.031243
678	-1794.409	-1965.068	170.6588	1.119515	2.161976
684	-1777.397	-1947.93	170.5334	1.449293	2.027774
690	-1786.658	-1956.691	170.0326	1.825218	2.110102
696	-1780.725	-1950.413	169.6872	1.757397	2.376087
702	-1776.574	-1946.537	169.9629	1.481697	2.376087
708	-1780.445	-1950.929	170.4839	1.459138	2.05403
714	-1774.725	-1944.537	169.8128	1.877896	2.218747
720	-1786.274	-1956.83	170.5566	1.111673	2.233244
726	-1771.578	-1942.002	170.424	1.411718	2.124536
732	-1774.988	-1945.327	170.3383	1.497432	2.124536
738	-1769.588	-1940.417	170.8296	1.216598	1.985454
744	-1776.169	-1947.043	170.874	1.269313	1.920171
750	-1785.858	-1956.692	170.8338	1.379566	1.87266
756	-1797.455	-1968.255	170.7998	1.340757	1.922091
762	-1783.561	-1953.316	169.7553	1.606889	2.428072
768	-1787.184	-1956.001	168.8173	1.924382	2.811694
774	-1779.154	-1949.305	170.1516	1.627191	2.161719
780	-1781.836	-1951.609	169.7737	1.627191	2.403696
786	-1776.486	-1946.415	169.9287	1.585004	2.332176
792	-1780.84	-1951.425	170.5853	1.309663	2.085738
798	-1774.546	-1944.253	169.7076	1.823136	2.321321
804	-1783.901	-1953.932	170.0312	1.559055	2.283332
810	-1770.587	-1941.41	170.8234	1.215457	1.990393
816	-1776.313	-1947.233	170.9203	1.255672	1.898084
822	-1774.087	-1943.989	169.902	1.665667	2.297778
828	-1771.506	-1941.71	170.2034	1.36425	2.297778
834	-1775.938	-1946.153	170.2141	1.395578	2.270898
840	-1769.326	-1939.918	170.5922	1.610746	1.879767
846	-1774.392	-1944.341	169.9495	1.534403	2.351171
852	-1770.713	-1940.486	169.7731	1.49964	2.484256
858	-1765.896	-1935.89	169.9943	1.636326	2.25747
864	-1762.343	-1933.259	170.9158	1.138485	1.980059
870	-1760.996	-1931.911	170.9157	1.251163	1.904285
876	-1769.92	-1940.722	170.8022	1.235687	1.991005
882	-1772.696	-1943.377	170.681	1.356915	1.991005
888	-1773.777	-1944.388	170.6111	1.426827	1.991005
894	-1783.669	-1953.685	170.0153	1.426827	2.377618
900	-1783.184	-1953.659	170.4748	1.527365	2.014854
906	-1791.957	-1963.06	171.1029	1.134133	1.856431
912	-1788.458	-1958.71	170.2526	1.47184	2.19698
918	-1779.497	-1949.587	170.0904	1.351025	2.378059
924	-1773.631	-1944.514	170.8829	1.432378	1.802646
930	-1775.466	-1946.175	170.7093	1.605958	1.802646
936	-1771.427	-1941.568	170.1413	1.373816	2.331321
942	-1784.055	-1954.947	170.8919	1.357034	1.84832
948	-1772.936	-1942.827	169.8908	1.510479	2.403475
954	-1781.718	-1952.996	171.2781	1.191388	1.694623
960	-1782.616	-1952.853	170.2371	1.408442	2.247859
966	-1778.193	-1948.268	170.0744	1.421903	2.343239
972	-1788.64	-1959.175	170.5348	1.454863	2.023162
978	-1795.497	-1966.13	170.6327	1.425396	1.977516
984	-1788.53	-1959.143	170.6126	1.350736	2.040596
990	-1788.712	-1959.124	170.4112	1.554552	2.038984
996	-1795.637	-1964.903	169.2662	1.921902	2.537077
1002	-1772.909	-1943.371	170.4621	1.407526	2.10234
1008	-1783.577	-1953.644	170.0677	1.740588	2.142481
1014	-1767.237	-1937.496	170.2594	1.54891	2.142481
1020	-1776.86	-1947.249	170.3888	1.419437	2.142481
1026	-1779.568	-1949.387	169.8196	1.450097	2.486159
1032	-1779.459	-1950.02	170.5617	1.33547	2.084236
1038	-1767.988	-1938.139	170.1506	1.482346	2.255969
1044	-1776.367	-1946.013	169.6459	1.474536	2.579133
1050	-1768.18	-1938.203	170.0232	1.474536	2.342334
1056	-1783.688	-1953.614	169.9258	1.474536	2.404039
1062	-1771.177	-1941.144	169.9674	1.524406	2.3461
1068	-1779.066	-1949.243	170.1775	1.524406	2.211517
1074	-1768.161	-1937.94	169.779	1.647714	2.387411
1080	-1772.608	-1943.189	170.5808	1.515223	1.952086
1086	-1773.017	-1943.97	170.9536	1.142406	1.952086
1092	-1777.745	-1949.006	171.2607	1.093868	1.775371
1098	-1775.067	-1945.503	170.4364	1.494489	2.062066
1104	-1767.739	-1937.623	169.8837	1.412036	2.469879
1110	-1783.591	-1953.804	170.2137	1.28455	2.342013
1116	-1775.979	-1946.887	170.9078	1.32553	1.859017
1122	-1778.283	-1948.874	170.5903	1.198532	2.155157
1128	-1783.785	-1953.533	169.7483	1.454462	2.527994
1134	-1782.843	-1953.336	170.4932	1.441665	2.059443
1140	-1778.998	-1949.491	170.4932	1.441665	2.059443
1146	-1779.497	-1950.113	170.6154	1.31947	2.059443
1152	-1787	-1957.112	170.112	1.460494	2.294681
1158	-1782.314	-1952.806	170.4919	1.540296	1.994788
1164	-1782.378	-1953.275	170.897	1.150977	1.984269
1170	-1769.34	-1938.567	169.2267	1.668139	2.718231
1176	-1783.624	-1953.361	169.7374	1.48127	2.518071
1182	-1764.267	-1935.159	170.892	1.378419	1.833541
1188	-1766.152	-1936.593	170.4408	1.378419	2.135335
1194	-1779.634	-1949.42	169.786	1.710921	2.342849
1200	-1773.63	-1943.981	170.3511	1.463474	2.138358
1206	-1774.263	-1944.555	170.2919	1.519783	2.140248
1212	-1764.095	-1934.932	170.8372	1.379206	1.870526
1218	-1772.219	-1942.591	170.3721	1.307176	2.226145
1224	-1783.503	-1954.085	170.5815	1.184038	2.17028
1230	-1774.317	-1945.053	170.736	1.231296	2.037987
1236	-1764.889	-1935.722	170.8327	1.291124	1.933358
1242	-1770.582	-1941.141	170.5594	1.325446	2.092372
1248	-1769.319	-1938.835	169.5164	1.645878	2.553142
1254	-1771.074	-1941.205	170.1314	1.575252	2.208492
1260	-1776.299	-1945.84	169.541	1.890456	2.384382
1266	-1781.836	-1951.944	170.1077	1.957645	1.972692
1272	-1776.649	-1947.192	170.5428	1.396812	2.056302
1278	-1786.263	-1957.271	171.0082	1.100215	1.943769
1284	-1782.796	-1953.949	171.1531	1.197286	1.778255
1290	-1785.681	-1956.395	170.7142	1.416213	1.928943
1296	-1789.982	-1960.766	170.7835	1.27393	1.977963
1302	-1804.348	-1973.371	169.0227	1.864581	2.722808
1308	-1787.35	-1957.866	170.5157	1.58901	1.946241
1314	-1784.308	-1954.494	170.1858	1.371319	2.304523
1320	-1785.804	-1956.13	170.3254	1.231737	2.304523
1326	-1784.064	-1954.815	170.751	1.334291	1.959268
1332	-1796.452	-1967.195	170.7436	1.397192	1.921926
1338	-1782.12	-1953.001	170.8805	1.351346	1.860037
1344	-1787.951	-1958.684	170.7326	1.209342	2.054719
1350	-1779.501	-1949.962	170.461	1.525476	2.025268
1356	-1782.388	-1952.695	170.3071	1.679313	2.025268
1362	-1787.137	-1956.743	169.6067	1.50558	2.58423
1368	-1784.619	-1954.293	169.6738	1.696592	2.422964
1374	-1782.067	-1951.859	169.7916	1.799105	2.283037
1380	-1773.975	-1943.851	169.8759	1.512565	2.411522
1386	-1773.598	-1943.991	170.3933	1.586216	2.029887
1392	-1785.552	-1955.942	170.3903	1.589152	2.029887
1398	-1783.942	-1954.599	170.6569	1.343501	2.016012
1404	-1771.407	-1942.361	170.9537	1.434386	1.751987
1410	-1771.924	-1942.466	170.5423	1.50988	1.981455
1416	-1775.648	-1946.262	170.6145	1.551661	1.904708
1422	-1778.253	-1948.857	170.6041	1.369857	2.033577
1428	-1770.685	-1941.105	170.4205	1.381443	2.146612
1434	-1775.886	-1946.106	170.2199	1.381443	2.276205
1440	-1764.983	-1935.087	170.1043	1.466948	2.295479
1446	-1785.118	-1955.867	170.7489	1.388473	1.924193
1452	-1781.576	-1951.512	169.9354	1.470409	2.400564
1458	-1774.537	-1944.598	170.061	1.468429	2.322156
1464	-1782.343	-1952.767	170.4245	1.542311	2.038269
1470	-1767.579	-1937.929	170.3499	1.494881	2.118657
1476	-1768.693	-1938.757	170.0644	1.407408	2.358849
1482	-1771.2	-1940.945	169.7445	1.575145	2.454843
1488	-1768.291	-1937.782	169.4901	1.580515	2.609996
1494	-1774.24	-1944.572	170.3326	1.356229	2.219983
1500	-1770.521	-1940.794	170.2726	1.41626	2.219983
1506	-1780.19	-1950.462	170.2719	1.41626	2.220407
1512	-1777.523	-1947.449	169.9266	1.569375	2.343465
1518	-1779.866	-1949.737	169.871	1.558433	2.385677
1524	-1790	-1960.625	170.6249	1.363141	2.024208
1530	-1770.599	-1941.414	170.815	1.248471	1.973919
1536	-1772.543	-1943.139	170.5961	1.513005	1.943271
1542	-1773.915	-1945.019	171.1038	1.372241	1.689952
1548	-1780.635	-1950.818	170.1832	1.354579	2.316845
1554	-1778.629	-1949.625	170.9955	1.081901	1.96459
1560	-1779.079	-1949.754	170.675	1.402404	1.96459
1566	-1775.485	-1946.048	170.5628	1.352093	2.072614
1572	-1781.086	-1951.708	170.6219	1.646631	1.834862
1578	-1769.382	-1939.804	170.4229	1.536725	2.043042
1584	-1773.069	-1943.121	170.052	1.363695	2.394325
1590	-1775.558	-1946.358	170.7999	1.460785	1.840255
1596	-1774.435	-1944.56	170.125	1.794909	2.069259
1602	-1776.233	-1946.296	170.0639	1.465025	2.322498
1608	-1781.105	-1950.92	169.815	1.393529	2.524357
1614	-1785.563	-1956.357	170.7938	1.419247	1.872825
1620	-1778.683	-1948.697	170.0137	1.71447	2.194542
1626	-1780.629	-1951.427	170.7979	1.382877	1.894814
1632	-1769.985	-1940.456	170.471	1.359252	2.128147
1638	-1773.858	-1943.364	169.5059	1.746296	2.497119
1644	-1769.369	-1940.23	170.8611	1.105889	2.038171
1650	-1772.178	-1942.97	170.7926	1.218391	2.008923
1656	-1778.389	-1948.997	170.6081	1.218391	2.130627
1662	-1778.732	-1949.177	170.4449	1.261927	2.208381
1668	-1784.307	-1955.181	170.8738	1.50539	1.758161
1674	-1773.341	-1943.595	170.2545	1.50539	2.174004
1680	-1775.477	-1946.158	170.6811	1.377248	1.977356
1686	-1781.964	-1951.811	169.8478	1.567767	2.394417
1692	-1767.451	-1937.209	169.7582	1.657377	2.394417
1698	-1761.427	-1932.182	170.755	1.425654	1.894902
1704	-1763.267	-1933.901	170.6334	1.425654	1.97686
1710	-1773.398	-1944.142	170.7448	1.113989	2.109469
1716	-1780.827	-1950.947	170.1202	1.580954	2.212032
1722	-1771.637	-1942.026	170.3886	1.195104	2.287498
1728	-1773.542	-1943.344	169.8026	1.678105	2.353192
1734	-1779.798	-1948.984	169.1868	1.656222	2.749907
1740	-1781.822	-1951.008	169.1868	1.656222	2.749907
1746	-1785.117	-1955.027	169.9099	1.663239	2.294263
1752	-1783.058	-1953.368	170.3097	1.663239	2.034229
1758	-1773.035	-1943.051	170.0156	1.582624	2.278197
1764	-1779.72	-1950.32	170.6004	1.582624	1.893295
1770	-1790.558	-1961.343	170.7852	1.406988	1.887087
1776	-1786.352	-1956.646	170.2942	1.406988	2.211996
1782	-1783.997	-1954.094	170.0971	1.257395	2.432967
1788	-1776.671	-1945.942	169.2714	1.797991	2.610769
1794	-1778.409	-1948.861	170.4517	1.24642	2.213994
1800	-1775.926	-1946.592	170.6662	1.387937	1.980165
1806	-1776.66	-1946.921	170.2611	1.377442	2.25233
1812	-1775.733	-1944.957	169.2243	1.969085	2.533818
1818	-1770.41	-1940.334	169.9236	1.52896	2.371016
1824	-1771.173	-1941.611	170.4382	1.463197	2.081515
1830	-1770.145	-1939.492	169.3468	1.825097	2.547178
1836	-1777.449	-1948.378	170.9287	1.117675	1.985321
1842	-1774.861	-1945.657	170.7965	1.178516	2.032867
1848	-1774.312	-1945.121	170.8091	1.503231	1.804638
1854	-1774.477	-1944.514	170.0362	1.581816	2.26554
1860	-1772.148	-1942.108	169.9601	1.426294	2.41282
1866	-1769.587	-1939.893	170.3064	1.51966	2.130892
1872	-1764.145	-1934.155	170.0104	1.483161	2.345008
1878	-1764.503	-1934.73	170.2276	1.48457	2.204899
1884	-1767.87	-1938.415	170.5446	1.2901	2.125207
1890	-1768.84	-1938.932	170.0916	1.571279	2.236698
1896	-1770.064	-1940.451	170.3868	1.543864	2.06217
1902	-1788.693	-1959.521	170.8275	1.47461	1.811712
1908	-1774.551	-1945.06	170.509	1.49035	2.0167
1914	-1783.4	-1953.544	170.1445	1.57609	2.19947
1920	-1789.267	-1959.113	169.8458	1.737925	2.287489
1926	-1790.251	-1960.164	169.9135	1.670225	2.287489
1932	-1791.747	-1962.108	170.3604	1.339192	2.213033
1938	-1786.254	-1956.148	169.8944	1.539089	2.383127
1944	-1782.822	-1952.818	169.9959	1.437557	2.383127
1950	-1779.971	-1950.717	170.7453	1.332359	1.964396
1956	-1794.357	-1964.179	169.8217	1.332359	2.558271
1962	-1766.865	-1937.3	170.4341	1.332359	2.169684
1968	-1771.491	-1942.55	171.0588	1.372938	1.721288
1974	-1759.656	-1929.804	170.1485	1.68105	2.128619
1980	-1768.646	-1938.565	169.9188	1.619473	2.31652
1986	-1776.605	-1946.606	170.0008	1.537545	2.31652
1992	-1771.552	-1941.97	170.4179	1.520552	2.057033
1998	-1774.63	-1944.953	170.3227	1.412636	2.1899
2004	-1775.713	-1946.193	170.4799	1.347978	2.129659
2010	-1783.634	-1953.939	170.3049	1.487339	2.152924
2016	-1781.235	-1952.027	170.7918	1.408219	1.881739
2022	-1782.053	-1952.164	170.1108	1.400522	2.333709
2028	-1779.882	-1950.828	170.9455	1.07684	2.001426
2034	-1782.279	-1952.736	170.4565	1.494428	2.048813
2040	-1774.295	-1944.99	170.6955	1.366152	1.97514
2046	-1770.97	-1941.819	170.8488	1.322372	1.901303
2052	-1782.974	-1952.683	169.7091	1.65835	2.424794
2058	-1782.172	-1952.512	170.3408	1.623187	2.040163
2064	-1772.325	-1942.998	170.6732	1.26329	2.058341
2070	-1770.326	-1940.526	170.1999	1.356474	2.305006
2076	-1778.591	-1949.234	170.6426	1.411992	1.979886
2082	-1782.791	-1953.545	170.7547	1.411992	1.904386
2088	-1775.747	-1946.413	170.6658	1.488272	1.912896
2094	-1782.347	-1952.637	170.2902	1.404104	2.21645
2100	-1772.278	-1942.358	170.0797	1.614629	2.21645
2106	-1772.56	-1942.34	169.78	1.614629	2.407669
2112	-1769.036	-1938.816	169.78	1.614629	2.407669
2118	-1774.688	-1944.638	169.9503	1.377371	2.449793
2124	-1770.907	-1940.701	169.7936	1.647804	2.378081
2130	-1783.299	-1953.324	170.0254	1.523877	2.309547
2136	-1769.989	-1940.227	170.2375	1.541635	2.161499
2142	-1772.94	-1942.945	170.0052	1.483063	2.34836
2148	-1774.961	-1944.97	170.0089	1.47939	2.34836
2154	-1776.56	-1947.294	170.7333	1.421261	1.912617
2160	-1773.587	-1943.766	170.1788	1.568267	2.182279
2166	-1773.909	-1944.019	170.1106	1.540574	2.244262
2172	-1768.74	-1938.428	169.6873	1.586907	2.483334
2178	-1765.974	-1936.577	170.6021	1.416767	2.003686
2184	-1762.323	-1932.831	170.5081	1.28864	2.150029
2190	-1765.321	-1935.59	170.2688	1.527935	2.150029
2196	-1769.052	-1938.333	169.281	1.629647	2.708535
2202	-1765.877	-1935.58	169.7035	1.629647	2.446353
2208	-1766.75	-1936.983	170.2326	1.441982	2.229138
2214	-1778.514	-1949.116	170.6027	1.611268	1.872187
2220	-1771.415	-1941.636	170.2207	1.411392	2.256507
2226	-1776.552	-1946.708	170.1554	1.348287	2.338536
2232	-1779.428	-1949.634	170.2063	1.644316	2.11482
2238	-1768.217	-1938.452	170.2349	1.644316	2.09606
2244	-1778.245	-1949.132	170.8865	1.26847	1.912322
2250	-1776.974	-1947.334	170.3601	1.545801	2.078501
2256	-1769.55	-1939.212	169.662	1.514689	2.544214
2262	-1776.385	-1946.869	170.4839	1.395511	2.095925
2268	-1777.066	-1947.803	170.7374	1.347043	1.959859
2274	-1785.565	-1955.726	170.1611	1.545497	2.208495
2280	-1788.453	-1958.844	170.3912	1.444484	2.124615
2286	-1773.695	-1944.305	170.6099	1.200925	2.140792
2292	-1781.174	-1950.26	169.086	1.61204	2.838194
2298	-1782.468	-1951.624	169.1568	1.686267	2.749859
2304	-1774.863	-1945.325	170.4615	1.401712	2.106548
2310	-1772.228	-1942.847	170.6188	1.401712	2.002589
2316	-1784.267	-1954.871	170.6043	1.408732	2.007574
2322	-1777.226	-1947.719	170.4933	1.51972	2.007574
2328	-1779.872	-1950.345	170.473	1.468918	2.054785
2334	-1796.012	-1966.479	170.4664	1.282718	2.180956
2340	-1783.7	-1954.295	170.5944	1.28017	2.099121
2346	-1784.017	-1954.576	170.5593	1.315298	2.099121
2352	-1780.973	-1951.402	170.4292	1.315298	2.183982
2358	-1775.502	-1946.476	170.974	1.249057	1.866009
2364	-1773.955	-1944.179	170.224	1.158217	2.415508
2370	-1774.623	-1945.584	170.9608	1.203355	1.90611
2376	-1781.6	-1952.638	171.0385	1.264339	1.811214
2382	-1784.372	-1955.306	170.9344	1.36846	1.811214
2388	-1779.312	-1949.812	170.4997	1.360697	2.108416
2394	-1787.034	-1956.991	169.9564	1.470431	2.387301
2400	-1790.235	-1960.7	170.4654	1.488339	2.046971
2406	-1778.742	-1949.306	170.5635	1.224614	2.155626
2412	-1774.98	-1945.097	170.1167	1.523191	2.251495
2418	-1785.341	-1954.952	169.611	1.704612	2.457415
2424	-1784.76	-1954.111	169.3512	1.593	2.687946
2430	-1773.212	-1943.15	169.9385	1.676867	2.267258
2436	-1771.266	-1941.166	169.8997	1.715661	2.267258
2442	-1788.385	-1959.334	170.9483	1.437856	1.753324
2448	-1780.927	-1950.592	169.6649	1.806269	2.359231
2454	-1774.126	-1944.53	170.404	1.440959	2.118492
2460	-1772.432	-1943.028	170.596	1.262404	2.109703
2466	-1780.131	-1951.112	170.9812	1.231088	1.873387
2472	-1781.812	-1952.213	170.401	1.524979	2.065263
2478	-1773.469	-1944.011	170.5418	1.364681	2.078126
2484	-1789.289	-1959.752	170.463	1.612494	1.965874
2490	-1768.487	-1938.877	170.3895	1.437942	2.129943
2496	-1772.243	-1942.832	170.5886	1.354756	2.05382
2502	-1768.626	-1938.469	169.8425	1.57239	2.394829
2508	-1774.721	-1944.588	169.8674	1.599735	2.361801
2514	-1762.723	-1933.718	170.9948	1.27487	1.834087
2520	-1764.263	-1934.926	170.663	1.541542	1.878656
2526	-1764.422	-1935.178	170.7557	1.541542	1.815066
2532	-1765.468	-1936.21	170.7414	1.496846	1.855664
2538	-1773.647	-1944.034	170.3865	1.348691	2.190016
2544	-1768.892	-1939.185	170.2935	1.530703	2.13209
2550	-1777.541	-1947.849	170.3079	1.438276	2.182892
2556	-1782.13	-1951.561	169.4316	1.655121	2.600017
2562	-1769.586	-1940.084	170.4982	1.26442	2.172184
2568	-1773.664	-1943.906	170.2423	1.59144	2.125869
2574	-1777.16	-1947.957	170.7967	1.396075	1.886642
2580	-1779.475	-1949.722	170.2465	1.442588	2.21978
2586	-1792.231	-1962.603	170.372	1.507894	2.095631
2592	-1782.624	-1953.634	171.01	1.169656	1.895544
2598	-1776.158	-1946.218	170.0596	1.408525	2.361158
2604	-1779.919	-1950.068	170.1488	1.322068	2.359418
2610	-1769.484	-1939.826	170.3417	1.524713	2.104492
2616	-1776.534	-1947.047	170.5132	1.353125	2.104492
2622	-1783.681	-1953.614	169.9332	1.624161	2.304349
2628	-1769.988	-1940.081	170.0939	1.458128	2.30779
2634	-1785.582	-1955.923	170.3406	1.211388	2.30779
2640	-1782.973	-1953.665	170.6923	1.355845	1.984181
2646	-1782.185	-1952.42	170.2353	1.355845	2.282739
2652	-1772.879	-1942.745	169.8654	1.70915	2.293406
2658	-1770.412	-1940.454	170.0418	1.6669	2.207133
2664	-1771.418	-1942.56	171.1422	1.063902	1.877577
2670	-1775.064	-1945.804	170.7397	1.497015	1.856676
2676	-1775.021	-1945.453	170.4318	1.497015	2.063423
2682	-1775.764	-1946.37	170.6058	1.297826	2.080007
2688	-1774.67	-1944.378	169.7083	1.689549	2.405642
2694	-1774.102	-1944.911	170.8094	1.443349	1.845694
2700	-1776.334	-1946.307	169.9733	1.610286	2.287599
2706	-1773.965	-1944.322	170.3571	1.610286	2.03793
2712	-1782.384	-1952.586	170.2022	1.593759	2.150496
2718	-1779.959	-1949.756	169.797	1.413618	2.52308
2724	-1778.699	-1947.598	168.8988	1.780164	2.849755
2730	-1768.622	-1939.311	170.6892	1.320272	2.009944
2736	-1779.518	-1950.491	170.9735	1.036042	2.009944
2742	-1769.6	-1939.489	169.889	1.597167	2.349709
2748	-1764.845	-1935.109	170.2646	1.597167	2.10751
2754	-1769.836	-1940.325	170.4896	1.446619	2.0585
2760	-1779.024	-1949.851	170.8264	1.410098	1.856858
2766	-1774.031	-1944.46	170.4294	1.481447	2.075253
2772	-1771.599	-1941.204	169.6056	1.49782	2.589716
2778	-1772.44	-1943.039	170.5989	1.461644	1.975857
2784	-1766.463	-1936.512	170.0489	1.461644	2.334204
2790	-1776.876	-1947.517	170.6404	1.51398	1.912736
2796	-1785.969	-1955.391	169.422	1.742216	2.551957
2802	-1793.943	-1964.41	170.4673	1.454981	2.067724
2808	-1795.555	-1965.523	169.9677	1.408713	2.41912
2814	-1770.407	-1940.817	170.4103	1.504863	2.072439
2820	-1775.55	-1946.855	171.3057	1.14264	1.70962
2826	-1783.61	-1953.585	169.9752	1.44336	2.392519
2832	-1789.486	-1960.144	170.658	1.195395	2.112999
2838	-1783.763	-1954.187	170.4237	1.385241	2.14203
2844	-1785.782	-1956.106	170.3236	1.398867	2.198263
2850	-1783.61	-1954.066	170.4558	1.622776	1.963783
2856	-1797.668	-1967.961	170.2935	1.622776	2.071677
2862	-1785.167	-1955.834	170.6665	1.475075	1.921378
2868	-1786.848	-1956.277	169.4285	1.812819	2.503889
2874	-1798.777	-1968.733	169.9554	1.64439	2.277254
2880	-1784.011	-1953.85	169.8394	1.82785	2.233897
2886	-1780.321	-1950.788	170.4669	1.281595	2.181345
2892	-1778.841	-1949.043	170.2015	1.549532	2.179701
2898	-1791.229	-1961.756	170.527	1.498388	1.999376
2904	-1779.294	-1950.106	170.8124	1.474813	1.822001
2910	-1779.091	-1949.244	170.1525	1.404534	2.304587
2916	-1784.13	-1954.17	170.0399	1.627423	2.233843
2922	-1784.075	-1953.618	169.543	1.856668	2.404501
2928	-1775.085	-1944.709	169.6245	1.652034	2.481909
2934	-1767.774	-1938.181	170.4074	1.537719	2.052668
2940	-1771.687	-1942.463	170.7764	1.298555	1.966193
2946	-1769.457	-1940.075	170.6179	1.261582	2.095885
2952	-1779.237	-1948.906	169.6688	1.579611	2.499449
2958	-1782.154	-1952.908	170.7542	1.274718	1.997037
2964	-1764.156	-1934.827	170.6709	1.42353	1.953124
2970	-1764.182	-1934.953	170.7712	1.274546	1.98577
2976	-1782.991	-1953.486	170.4954	1.471647	2.038143
2982	-1786.677	-1956.954	170.2776	1.473247	2.179877
2988	-1783.863	-1954.203	170.3397	1.521234	2.108032
2994	-1779.037	-1949.284	170.2467	1.609927	2.110852
3000	-1772.825	-1942.689	169.8644	1.569757	2.382644
3006	-1775.718	-1945.786	170.0684	1.310463	2.417614
3012	-1771.211	-1941.302	170.0912	1.800326	2.087984
3018	-1770.378	-1940.54	170.1622	1.463284	2.260739
3024	-1774.735	-1945.387	170.6519	1.463284	1.939178
3030	-1770.672	-1941.062	170.3903	1.463284	2.112899
3036	-1768.626	-1938.884	170.2571	1.556188	2.139187
3042	-1763.099	-1933.351	170.2519	1.556188	2.142623
3048	-1760.859	-1931.08	170.2217	1.709648	2.061766
3054	-1771.55	-1941.721	170.1708	1.761816	2.06088
3060	-1773.995	-1944.243	170.2473	1.548465	2.150614
3066	-1779.01	-1949.025	170.015	1.440047	2.369461
3072	-1773.712	-1944.249	170.5368	1.342932	2.095741
3078	-1776.889	-1947.091	170.2021	1.680746	2.093665
3084	-1771.509	-1941.21	169.7013	1.525889	2.512762
3090	-1767.602	-1938.391	170.7888	1.335325	1.933131
3096	-1786.409	-1957.365	170.9556	1.320311	1.829777
3102	-1783.823	-1953.766	169.9426	1.490583	2.383279
3108	-1786.182	-1956.388	170.2067	1.49925	2.208915
3114	-1792.98	-1963.566	170.5858	1.183403	2.167917
3120	-1787.317	-1958.388	171.0715	1.183403	1.844222
3126	-1784.751	-1955.104	170.3523	1.562259	2.072816
3132	-1793.313	-1963.988	170.6756	1.356574	1.994859
3138	-1798.447	-1968.746	170.2991	1.598623	2.083932
3144	-1773.65	-1943.697	170.0468	1.469994	2.330208
3150	-1776.468	-1947.43	170.9624	1.172376	1.925997
3156	-1775.733	-1946.754	171.0208	1.113933	1.925997
3162	-1780.793	-1952.131	171.3371	1.040189	1.759515
3168	-1776.056	-1946.483	170.4271	1.534165	2.04195
3174	-1777.067	-1947.964	170.8973	1.442874	1.785348
3180	-1781.375	-1951.686	170.3111	1.374783	2.221904
3186	-1777.675	-1948.319	170.6442	1.30244	2.051611
3192	-1782.265	-1952.611	170.3464	1.492566	2.122449
3198	-1774.053	-1944.831	170.778	1.252985	1.995595
3204	-1782.973	-1953.672	170.6986	1.407947	1.944985
3210	-1772.969	-1943.488	170.5182	1.447859	2.038769
3216	-1764.472	-1934.96	170.4881	1.490427	2.030537
3222	-1769.446	-1939.29	169.8439	1.370884	2.520486
3228	-1767.291	-1937.484	170.1934	1.587494	2.160322
3234	-1769.287	-1939.317	170.0296	1.587494	2.266105
3240	-1764.514	-1934.497	169.9831	1.631713	2.267623
3246	-1764.623	-1934.504	169.8817	1.470073	2.434648
3252	-1769.844	-1940.58	170.7359	1.210164	2.052053
3258	-1786.521	-1956.896	170.3746	1.373318	2.181721
3264	-1792.319	-1963.053	170.7336	1.381067	1.93956
3270	-1775.641	-1945.138	169.4971	1.770813	2.487281
3276	-1772.448	-1942.116	169.668	1.599899	2.487281
3282	-1768.19	-1938.669	170.4785	1.655162	1.926699
3288	-1783.712	-1954.478	170.7662	1.367445	1.926699
3294	-1770.707	-1940.796	170.0895	1.522548	2.269364
3300	-1778.007	-1947.808	169.8011	1.542433	2.439839
3306	-1772.09	-1942.304	170.2133	1.499276	2.204643
3312	-1780.299	-1950.962	170.6627	1.469734	1.92752
3318	-1784.185	-1954.631	170.4458	1.561	2.011739
3324	-1781.707	-1951.973	170.2658	1.249348	2.331293
3330	-1784.486	-1954.954	170.4676	1.455254	2.067375
3336	-1784.049	-1953.475	169.4257	1.808139	2.508552
3342	-1779.642	-1949.906	170.2643	1.529496	2.151949
3348	-1780.36	-1950.892	170.5322	1.318486	2.114801
3354	-1776.718	-1947.469	170.751	1.338892	1.956182
3360	-1771.162	-1941.37	170.2077	1.521007	2.194203
3366	-1781.193	-1952.401	171.2083	1.311798	1.658562
3372	-1776.875	-1947.055	170.1795	1.472878	2.243493
3378	-1773.662	-1944.127	170.465	1.2782	2.184823
3384	-1770.172	-1940.438	170.2662	1.474475	2.186456
3390	-1772.119	-1942.444	170.3248	1.256817	2.288837
3396	-1776.895	-1946.664	169.7683	1.813362	2.288837
3402	-1770.762	-1941.671	170.9091	1.363523	1.832027
3408	-1766.389	-1936.683	170.2942	1.605736	2.082467
3414	-1782.728	-1953.555	170.8268	1.386212	1.872849
3420	-1769.69	-1940.58	170.8907	1.323441	1.872096
3426	-1761.312	-1932.044	170.732	1.354541	1.958415
3432	-1768.831	-1939.192	170.3612	1.24347	2.274111
3438	-1769.581	-1940.938	171.3563	1.297257	1.561773
3444	-1763.941	-1934.755	170.814	1.453602	1.835505
3450	-1767.26	-1937.913	170.6531	1.212163	2.105201
3456	-1765.56	-1936.086	170.5262	1.25953	2.157182
3462	-1779.351	-1949.89	170.5385	1.371565	2.075749
3468	-1778.238	-1948.165	169.9274	1.371565	2.467828
3474	-1777.032	-1947.151	170.1187	1.180227	2.467828
3480	-1772.815	-1944.066	171.2507	1.243244	1.67727
3486	-1769.487	-1939.31	169.8233	1.797682	2.26363
3492	-1778.873	-1948.725	169.8516	1.390604	2.503355
3498	-1769.554	-1940.24	170.6862	1.543716	1.861362
3504	-1763.64	-1933.629	169.9889	1.561363	2.308869
3510	-1764.747	-1934.458	169.7111	1.561363	2.484431
3516	-1771.996	-1942.839	170.8429	1.21048	1.980683
3522	-1774.428	-1945.194	170.7662	1.154435	2.068843
3528	-1772.363	-1942.697	170.3335	1.519661	2.113176
3534	-1783.09	-1953.651	170.5606	1.331068	2.087894
3540	-1788.847	-1957.781	168.934	1.985361	2.7032
3546	-1780.847	-1951.118	170.2712	1.400044	2.231324
3552	-1786.5	-1956.35	169.8498	1.407483	2.493904
3558	-1775.932	-1946.399	170.4668	1.40842	2.098667
3564	-1778.355	-1948.892	170.5367	1.40842	2.052625
3570	-1774.995	-1945.237	170.2429	1.502482	2.183403
3576	-1779.322	-1949.321	169.9997	1.655287	2.24178
3582	-1775.952	-1945.986	170.0335	1.631668	2.235224
3588	-1787.569	-1957.2	169.6315	1.649054	2.479392
3594	-1776.641	-1947.485	170.8437	1.362239	1.877701
3600	-1775.878	-1946.613	170.7344	1.318388	1.98104
3606	-1784.121	-1954.312	170.191	1.150049	2.441434
3612	-1786.369	-1956.227	169.8578	1.704392	2.30128
3618	-1789.026	-1959.118	170.0919	1.256356	2.436889
3624	-1778.662	-1949.413	170.751	1.256356	2.011356
3630	-1777.049	-1948.11	171.0607	1.26449	1.795746
3636	-1770.797	-1941.63	170.8339	1.362398	1.884285
3642	-1766.847	-1937.483	170.6358	1.470488	1.945174
3648	-1767.948	-1938.684	170.7359	1.249494	2.02599
3654	-1774.039	-1944.667	170.628	1.43975	1.971034
3660	-1777.59	-1946.892	169.302	1.823548	2.575983
3666	-1781.415	-1952.005	170.5894	1.608421	1.883203
3672	-1779.006	-1948.57	169.5638	1.482797	2.624825
3678	-1778.036	-1948.646	170.6097	1.361496	2.035413
3684	-1789.868	-1959.425	169.5572	1.631555	2.53672
3690	-1790.25	-1961.416	171.1665	1.210882	1.759446
3696	-1783.904	-1954.104	170.2003	1.332903	2.319782
3702	-1774.253	-1944.843	170.5899	1.087105	2.227579
3708	-1778.143	-1948.886	170.7422	1.431664	1.899533
3714	-1782.893	-1952.213	169.3206	1.765409	2.600462
3720	-1784.395	-1954.414	170.0198	1.487095	2.336543
3726	-1781.238	-1951.651	170.4131	1.400129	2.139266
3732	-1778.75	-1948.38	169.6301	1.619967	2.498421
3738	-1784.307	-1954.529	170.2224	1.364487	2.28546
3744	-1775.727	-1946.388	170.6613	1.364487	1.999095
3750	-1775.468	-1945.587	170.119	1.544267	2.236454
3756	-1769.875	-1939.694	169.8194	1.576683	2.406712
3762	-1785.367	-1954.248	168.8811	1.87205	2.8047
3768	-1783.155	-1952.154	168.9986	1.813369	2.768857
3774	-1779.179	-1948.912	169.7337	1.333006	2.61242
3780	-1774.486	-1945.383	170.8974	1.241386	1.923248
3786	-1770.087	-1940.988	170.9014	1.414917	1.801896
3792	-1761.967	-1932.506	170.5395	1.572588	1.941238
3798	-1772.896	-1942.905	170.0091	1.590724	2.277213
3804	-1776.943	-1946.6	169.6574	1.467034	2.576675
3810	-1778.114	-1947.998	169.8839	1.423777	2.462382
3816	-1777.646	-1948.443	170.797	1.249418	1.985292
3822	-1777.36	-1947.815	170.4551	1.47844	2.060298
3828	-1761.339	-1931.833	170.4932	1.327986	2.134069
3834	-1764.618	-1934.746	170.1278	1.763243	2.088272
3840	-1774.422	-1944.986	170.5638	1.327307	2.088272
3846	-1773.669	-1944.007	170.3374	1.553659	2.088272
3852	-1778.806	-1949.58	170.7742	1.396022	1.902006
3858	-1775.802	-1945.735	169.9332	1.32492	2.493429
3864	-1779.515	-1949.537	170.0218	1.517959	2.315594
3870	-1767.918	-1938.719	170.801	1.333488	1.926177
3876	-1787.295	-1956.545	169.2501	1.574172	2.761372
3882	-1784.564	-1954.009	169.4442	1.741411	2.538677
3888	-1777.811	-1947.529	169.7175	1.779606	2.342722
3894	-1767.401	-1938.106	170.7051	1.22318	2.063778
3900	-1770.632	-1941.498	170.8666	1.438486	1.809686
3906	-1768.033	-1938.726	170.6935	1.286279	2.029715
3912	-1772.657	-1943.435	170.7785	1.184056	2.041081
3918	-1765.684	-1936.23	170.5452	1.44034	2.025869
3924	-1771.222	-1941.676	170.4538	1.444969	2.08323
3930	-1766.577	-1936.663	170.086	1.45438	2.315214
3936	-1776.213	-1946.26	170.0472	1.752313	2.148188
3942	-1780.738	-1951.13	170.3923	1.38706	2.161309
3948	-1773.607	-1943.775	170.1683	1.38706	2.305667
3954	-1771.48	-1940.204	168.724	1.85469	2.910441
3960	-1774.105	-1944.65	170.5453	1.685265	1.860885
3966	-1768.977	-1939.493	170.5166	1.553266	1.9696
3972	-1783.475	-1954.125	170.6495	1.420396	1.9696
3978	-1785.137	-1955.198	170.061	1.542236	2.274996
3984	-1773.404	-1943.597	170.1927	1.593541	2.156832
3990	-1781.333	-1951.579	170.2453	1.540973	2.156832
3996	-1786.183	-1956.866	170.6825	1.427414	1.942707
4002	-1777.98	-1948.275	170.2953	1.318209	2.268423
4008	-1781.175	-1951.246	170.0717	1.543339	2.267464
4014	-1763.973	-1934.769	170.7963	1.388145	1.892297
4020	-1771.683	-1942.56	170.8774	1.154189	1.995232
4026	-1764.262	-1933.691	169.4291	1.594018	2.639329
4032	-1772.928	-1943.762	170.8349	1.293836	1.930072
4038	-1767.732	-1938.538	170.8059	1.447243	1.845414
4044	-1769.96	-1940.733	170.7728	1.410008	1.893438
4050	-1776.412	-1946.571	170.159	1.631607	2.153985
4056	-1792.342	-1962.169	169.8273	1.651525	2.354386
4062	-1774.767	-1945.18	170.4135	1.367794	2.160063
4068	-1774.845	-1944.756	169.9114	1.406506	2.455924
4074	-1771.792	-1942.3	170.5078	1.280281	2.155634
4080	-1776.019	-1946.569	170.5505	1.462884	2.007367
4086	-1776.035	-1946.271	170.2358	1.512625	2.1814
4092	-1783.593	-1954.02	170.4274	1.604187	1.995194
4098	-1776.841	-1947.589	170.748	1.283593	1.995194
4104	-1779.499	-1949.984	170.4847	1.452361	2.057982
4110	-1774.673	-1945.172	170.4983	1.379939	2.096722
4116	-1773.862	-1944.765	170.9038	1.379939	1.824389
4122	-1782.442	-1953.518	171.0759	1.347008	1.727531
4128	-1776.012	-1946.829	170.8171	1.358418	1.898376
4134	-1765.568	-1935.129	169.5605	1.711267	2.484852
4140	-1764.183	-1934.464	170.2807	1.399068	2.225814
4146	-1776.153	-1946.547	170.394	1.311794	2.208996
4152	-1772.227	-1942.71	170.4831	1.296001	2.161486
4158	-1782.61	-1953.093	170.4831	1.296001	2.161486
4164	-1782.69	-1952.728	170.0373	1.419083	2.368594
4170	-1775.693	-1945.063	169.3698	1.802	2.54727
4176	-1781.656	-1951.688	170.0322	1.585777	2.26555
4182	-1770.165	-1940.645	170.4798	1.35575	2.124688
4188	-1773.529	-1944.109	170.58	1.35575	2.05881
4194	-1776.3	-1946.016	169.7163	1.421822	2.568171
4200	-1772.147	-1942.691	170.5445	1.555042	1.9497
4206	-1782.852	-1952.965	170.1135	1.462314	2.292542
4212	-1793.615	-1964.327	170.7124	1.413835	1.931735
4218	-1798.767	-1969.731	170.9637	1.413835	1.75934
4224	-1777.741	-1947.651	169.9098	1.699463	2.271151
4230	-1776.799	-1947.292	170.493	1.426834	2.069339
4236	-1781.632	-1952.495	170.8628	1.319333	1.893906
4242	-1791.503	-1961.985	170.4817	1.238554	2.199695
4248	-1787.243	-1956.984	169.7416	1.484668	2.513311
4254	-1768.997	-1939.543	170.5462	1.503836	1.982911
4260	-1786.079	-1955.629	169.55	1.65222	2.528284
4266	-1782.924	-1953.016	170.0917	1.710829	2.146262
4272	-1779.991	-1949.692	169.7019	1.792803	2.344267
4278	-1776.227	-1946.265	170.0376	1.507532	2.312146
4284	-1772.195	-1942.756	170.5603	1.370428	2.062123
4290	-1775.621	-1945.672	170.051	1.59409	2.248168
4296	-1779.759	-1950.431	170.6716	1.207563	2.096117
4302	-1784.156	-1953.917	169.7613	1.350632	2.584419
4308	-1785.269	-1954.789	169.5202	1.481691	2.65242
4314	-1788.614	-1958.422	169.808	1.481691	2.473645
4320	-1787.194	-1957.385	170.1914	1.397981	2.283881
4326	-1786.275	-1956.528	170.2527	1.438168	2.218657
4332	-1776.815	-1947.589	170.7738	1.2181	2.021672
4338	-1782.733	-1953.422	170.6897	1.407687	1.951175
4344	-1788.497	-1958.815	170.3181	1.40832	2.195644
4350	-1774.038	-1944.052	170.0139	1.439112	2.370734
4356	-1774.197	-1944.681	170.4838	1.466893	2.048986
4362	-1777.172	-1947.977	170.8046	1.315495	1.935845
4368	-1778.319	-1948.773	170.454	1.118408	2.294759
4374	-1783.097	-1953.152	170.0543	1.309537	2.427061
4380	-1775.962	-1946.077	170.1148	1.598299	2.204274
4386	-1783.066	-1953.972	170.9059	1.089599	2.019286
4392	-1779.608	-1950.358	170.75	1.22236	2.034593
4398	-1776.486	-1946.975	170.4886	1.514476	2.01421
4404	-1779.365	-1950.544	171.1794	1.181855	1.770724
4410	-1777.955	-1948.637	170.6821	1.291295	2.033959
4416	-1776.715	-1947.557	170.8418	1.293432	1.925657
4422	-1784.189	-1954.689	170.5003	1.539288	1.989857
4428	-1775.385	-1945.949	170.5644	1.383917	2.050555
4434	-1774.824	-1945.286	170.4618	1.486439	2.050555
4440	-1770.481	-1940.69	170.2092	1.255805	2.363147
4446	-1773.09	-1943.12	170.0299	1.661897	2.218057
4452	-1778.303	-1949.065	170.7617	1.504263	1.836596
4458	-1783.666	-1953.733	170.0668	1.546657	2.268437
4464	-1800.031	-1970.508	170.4764	1.091836	2.297393
4470	-1776.539	-1947.204	170.665	1.536332	1.880858
4476	-1778.215	-1948.162	169.9465	1.461709	2.399049
4482	-1783.535	-1953.96	170.4249	1.441669	2.104353
4488	-1776.463	-1946.984	170.521	1.324204	2.118333
4494	-1782.743	-1953.003	170.26	1.451351	2.205458
4500	-1806.02	-1974.853	168.8328	1.568421	3.017172
4506	-1787.622	-1956.697	169.075	1.549193	2.882957
4512	-1770.272	-1940.715	170.4434	1.491352	2.059508
4518	-1781.387	-1951.465	170.0787	1.528065	2.272751
4524	-1770.628	-1939.995	169.3672	1.714041	2.603409
4530	-1774.676	-1943.687	169.0117	1.870211	2.726152
4536	-1770	-1940.425	170.4252	1.488797	2.073184
4542	-1774.291	-1944.06	169.7693	1.56257	2.447149
4548	-1788.865	-1958.399	169.5341	1.56257	2.593866
4554	-1782.642	-1952.499	169.8569	1.646265	2.338876
4560	-1790.212	-1960.179	169.9671	1.460567	2.386805
4566	-1780.758	-1951.147	170.3898	1.460567	2.115005
4572	-1779.212	-1949.73	170.5185	1.386778	2.078959
4578	-1784.514	-1955.216	170.7021	1.203132	2.078959
4584	-1783.199	-1953.672	170.4736	1.431626	2.078959
4590	-1773.759	-1943.822	170.063	1.470783	2.319434
4596	-1776.831	-1946.825	169.994	1.539719	2.319434
4602	-1783.33	-1952.911	169.5811	1.753234	2.445652
4608	-1775.645	-1944.93	169.2857	1.90101	2.537966
4614	-1780.479	-1950.711	170.232	1.405144	2.253235
4620	-1785.101	-1954.823	169.7227	1.812456	2.318552
4626	-1784.004	-1954.206	170.2027	1.343888	2.311241
4632	-1780.228	-1950.672	170.4439	1.668755	1.940913
4638	-1789.79	-1960.404	170.6138	1.387716	2.015236
4644	-1789.747	-1960.945	171.198	1.248177	1.711136
4650	-1787.226	-1957.505	170.2791	1.461644	2.186367
4656	-1787.63	-1958.111	170.4815	1.43441	2.071903
4662	-1784.952	-1956.132	171.1803	1.29039	1.693761
4668	-1771.435	-1941.869	170.4346	1.548906	2.027224
4674	-1761.778	-1932.558	170.78	1.209931	2.02297
4680	-1780.748	-1950.798	170.0499	1.490241	2.315328
4686	-1775.069	-1945.906	170.8371	1.31457	1.914514
4692	-1787.568	-1957.918	170.3495	1.214316	2.300254
4698	-1766.332	-1936.374	170.0422	1.332146	2.420437
4704	-1772.973	-1943.293	170.3202	1.536018	2.111145
4710	-1776.686	-1946.872	170.1863	1.536018	2.198352
4716	-1775.648	-1946.345	170.6965	1.557999	1.844486
4722	-1778.118	-1948.245	170.1274	1.53245	2.238664
4728	-1777.946	-1947.911	169.9657	1.635604	2.27625
4734	-1781.073	-1951.265	170.1918	1.57194	2.171462
4740	-1779.313	-1949.629	170.3156	1.478403	2.151757
4746	-1784.726	-1955.461	170.7355	1.339474	1.966211
4752	-1780.801	-1951.497	170.6968	1.516697	1.872558
4758	-1771.958	-1942.197	170.2388	1.391587	2.257579
4764	-1775.874	-1946.112	170.2388	1.391587	2.257579
4770	-1771.572	-1941.831	170.2585	1.488089	2.182604
4776	-1774.775	-1944.845	170.0701	1.676481	2.182604
4782	-1770.221	-1940.316	170.0944	1.676481	2.166814
4788	-1768.86	-1939.046	170.1854	1.587379	2.165569
4794	-1785.082	-1955.212	170.1297	1.52172	2.244051
4800	-1774.219	-1944.297	170.0776	1.499901	2.29151
4806	-1781.477	-1950.941	169.4639	1.324615	2.783157
4812	-1778.257	-1947.851	169.5942	1.783627	2.418281
4818	-1768.667	-1938.901	170.234	1.351805	2.286174
4824	-1772.358	-1942.853	170.495	1.428446	2.066988
4830	-1777.05	-1947.442	170.3925	1.599988	2.021286
4836	-1769.533	-1939.468	169.9347	1.599988	2.318811
4842	-1770.274	-1941.327	171.0538	1.206141	1.840773
4848	-1765.051	-1935.062	170.0107	1.528993	2.315666
4854	-1770.785	-1941.228	170.4422	1.169636	2.269521
4860	-1774.263	-1943.973	169.7105	1.67013	2.416478
4866	-1775.902	-1946.16	170.2582	1.806164	1.973309
4872	-1765.341	-1935.863	170.5222	1.397028	2.069739
4878	-1770.731	-1941.481	170.7502	1.168989	2.069739
4884	-1768.1	-1938.182	170.0819	1.660533	2.18532
4890	-1771.192	-1941.159	169.9671	1.689743	2.24057
4896	-1770.238	-1940.757	170.5188	1.324391	2.11965
4902	-1783.145	-1953.807	170.6619	1.312004	2.033572
4908	-1776.434	-1946.217	169.7834	1.601163	2.414003
4914	-1780.993	-1951.623	170.6303	1.425678	1.97891
4920	-1781.404	-1951.856	170.4527	1.425678	2.096623
4926	-1796.599	-1966.591	169.9917	1.336283	2.44964
4932	-1776.297	-1946.742	170.4442	1.196802	2.250795
4938	-1778.467	-1949.588	171.1204	1.205828	1.795032
4944	-1791.366	-1961.841	170.4755	1.196742	2.230652
4950	-1783.37	-1954.138	170.7672	1.250406	2.004518
4956	-1776.516	-1947.243	170.7269	1.304899	1.995074
4962	-1775.284	-1945.668	170.3846	1.304899	2.219567
4968	-1773.641	-1944.587	170.9459	1.325541	1.83285
4974	-1777.705	-1947.38	169.6749	1.797881	2.358195
4980	-1787.846	-1958.44	170.5939	1.329776	2.066827
4986	-1769.446	-1940.603	171.1575	1.081109	1.855384
4992	-1769.684	-1940.056	170.3722	1.414872	2.15628
4998	-1781.973	-1952.625	170.652	1.415141	1.971427
5004	-1784.708	-1954.718	170.01	1.555685	2.299022
5010	-1773.281	-1943.687	170.4054	1.339991	2.183404
5016	-1782.158	-1952.284	170.1259	1.284228	2.397891
5022	-1776.495	-1946.258	169.7632	1.646891	2.397891
5028	-1777.186	-1947.497	170.3109	1.646891	2.044278
5034	-1780.083	-1950.759	170.6768	1.281013	2.044278
5040	-1775.881	-1946.316	170.435	1.436438	2.101153
5046	-1780.517	-1951.179	170.6622	1.526214	1.88965
5052	-1774.111	-1944.848	170.7377	1.252231	2.022985
5058	-1772.523	-1943.177	170.6545	1.479105	1.926776
5064	-1777.809	-1948.354	170.5449	1.595688	1.922029
5070	-1778.326	-1949.09	170.7649	1.25133	2.00544
5076	-1775.123	-1946.057	170.9342	1.402472	1.78778
5082	-1779	-1948.953	169.9525	1.512866	2.362887
5088	-1770.71	-1941.878	171.1679	1.169837	1.787034
5094	-1780.721	-1950.977	170.2557	1.263369	2.328773
5100	-1779.185	-1950.11	170.9246	1.305081	1.861455
5106	-1774.903	-1945.348	170.4457	1.275472	2.199105
5112	-1776.833	-1947.815	170.982	1.242617	1.864942
5118	-1780.196	-1950.824	170.6285	1.303984	2.061007
5124	-1780.002	-1950.753	170.7515	1.540387	1.818782
5130	-1784.001	-1954.117	170.1158	1.581595	2.214413
5136	-1793.731	-1963.37	169.6392	1.63098	2.485848
5142	-1780.499	-1950.651	170.1521	1.558151	2.206128
5148	-1779.597	-1949.952	170.3545	1.295714	2.244868
5154	-1771.163	-1942.218	171.0545	1.295714	1.778412
5160	-1776.958	-1947.263	170.3046	1.476597	2.160107
5166	-1795.238	-1964.572	169.3338	1.693662	2.636647
5172	-1781.271	-1951.509	170.2382	1.257264	2.343801
5178	-1772.847	-1942.788	169.9418	1.420829	2.427846
5184	-1778.434	-1948.891	170.4569	1.420829	2.097029
5190	-1771.94	-1942.397	170.4569	1.420829	2.097029
5196	-1785.981	-1953.687	167.7063	1.888522	3.493702
5202	-1790.115	-1960.656	170.5409	1.281564	2.133203
5208	-1793.286	-1963.462	170.1758	1.646711	2.133203
5214	-1791.799	-1962.182	170.3836	1.466056	2.115476
5220	-1788.048	-1957.433	169.3852	1.497614	2.72558
5226	-1779.198	-1949.356	170.1579	1.546429	2.209955
5232	-1778.116	-1948.276	170.1593	1.544999	2.209955
5238	-1770.372	-1940.586	170.2135	1.450492	2.235958
5244	-1770.211	-1940.42	170.2096	1.449569	2.239119
5250	-1769.004	-1939.168	170.165	1.546007	2.205679
5256	-1770.15	-1940.257	170.1071	1.603845	2.205679
5262	-1769.258	-1939.534	170.2765	1.573672	2.115081
5268	-1771.863	-1942.959	171.0961	1.24616	1.783886
5274	-1770.774	-1941.059	170.2845	1.462706	2.182199
5280	-1762.537	-1932.707	170.1695	1.469542	2.252041
5286	-1777.409	-1947.543	170.1337	1.289845	2.389387
5292	-1786.248	-1956.171	169.9233	1.786576	2.206373
5298	-1790.021	-1960.353	170.3314	1.515705	2.117144
5304	-1771.522	-1942.068	170.5465	1.413816	2.042606
5310	-1767.511	-1938.052	170.5407	1.419638	2.042606
5316	-1767.919	-1938.373	170.4537	1.506595	2.042606
5322	-1772.951	-1943.108	170.1573	1.624495	2.159717
5328	-1778.568	-1949.458	170.8904	1.407905	1.814356
5334	-1766.945	-1937.552	170.6077	1.353618	2.041949
5340	-1772.358	-1942.435	170.0767	1.567181	2.248949
5346	-1775.915	-1946.681	170.7655	1.297242	1.974391
5352	-1777.878	-1948.786	170.9083	1.161524	1.969638
5358	-1783.374	-1953.439	170.0652	1.600924	2.2346
5364	-1787.695	-1958.173	170.4778	1.387688	2.105096
5370	-1792.861	-1963.539	170.6782	1.466879	1.919014
5376	-1774.347	-1944.708	170.3616	1.515433	2.097501
5382	-1775.501	-1946.423	170.9219	1.383613	1.809394
5388	-1772.015	-1942.337	170.3223	1.435765	2.175141
5394	-1772.059	-1943.432	171.3731	1.243421	1.588928
5400	-1768.856	-1939.706	170.8507	1.499952	1.778101
5406	-1777.139	-1947.81	170.6706	1.420306	1.955503
5412	-1778.295	-1948.881	170.5863	1.415072	2.015351
5418	-1784.722	-1954.665	169.9431	1.784476	2.194931
5424	-1783.712	-1952.838	169.1255	1.810377	2.693038
5430	-1770.935	-1940.886	169.9517	1.66444	2.266743
5436	-1776.165	-1946.6	170.4342	1.423316	2.110275
5442	-1781.927	-1952.769	170.842	1.159177	2.015508
5448	-1788.756	-1959.417	170.6614	1.339752	2.015508
5454	-1774.37	-1944.728	170.3589	1.642283	2.015508
5460	-1774.775	-1945.044	170.2688	1.379987	2.245749
5466	-1780.915	-1951.262	170.3475	1.368044	2.202687
5472	-1775.757	-1946.158	170.4007	1.553009	2.046957
5478	-1780.342	-1950.793	170.4513	1.512748	2.040127
5484	-1774.574	-1944.504	169.9304	1.699407	2.257961
5490	-1774.645	-1944.754	170.1087	1.521121	2.257961
5496	-1772.508	-1942.523	170.0146	1.518495	2.319826
5502	-1765.885	-1936.601	170.7158	1.2594	2.032719
5508	-1764.01	-1934.752	170.7411	1.24558	2.025119
5514	-1777.307	-1947.545	170.2387	1.506762	2.183316
5520	-1768.71	-1939.302	170.5918	1.342484	2.059832
5526	-1773.389	-1944.522	171.1333	1.203227	1.787877
5532	-1778.142	-1948.02	169.8783	1.605013	2.351518
5538	-1775.427	-1946.052	170.6254	1.450821	1.965348
5544	-1772.996	-1942.526	169.5298	1.62386	2.558502
5550	-1780.646	-1950.624	169.9781	1.484785	2.364476
5556	-1784.15	-1954.891	170.741	1.382157	1.933781
5562	-1786.099	-1956.05	169.9512	1.546432	2.342436
5568	-1772.547	-1942.948	170.4013	1.425344	2.130524
5574	-1778.724	-1948.879	170.1543	1.672333	2.130524
5580	-1776.222	-1946.029	169.8072	1.638878	2.375113
5586	-1779.15	-1949.006	169.8562	1.682706	2.316122
5592	-1784.299	-1954.71	170.4107	1.336909	2.181954
5598	-1784.597	-1954.963	170.3664	1.381169	2.181954
5604	-1782.82	-1953.135	170.3159	1.508243	2.132116
5610	-1781.458	-1951.039	169.5818	1.805068	2.412552
5616	-1775.356	-1945.184	169.8279	1.485464	2.458808
5622	-1780.124	-1949.949	169.825	1.652016	2.355527
5628	-1778.707	-1948.017	169.3103	1.790471	2.591321
5634	-1775.618	-1946.331	170.7121	1.491146	1.879516
5640	-1785.747	-1956.532	170.7849	1.418322	1.879516
5646	-1768.115	-1938.378	170.2635	1.569277	2.126459
5652	-1777.722	-1948.486	170.7631	1.323896	1.958108
5658	-1770.541	-1941.086	170.5447	1.530839	1.96585
5664	-1768.939	-1940.019	171.0798	1.238727	1.800407
5670	-1767.748	-1938.552	170.8043	1.176689	2.028923
5676	-1772.385	-1942.734	170.3496	1.312324	2.237338
5682	-1772.644	-1943.484	170.8395	1.232995	1.967873
5688	-1779.099	-1949.932	170.8332	1.348376	1.894299
5694	-1772.008	-1942.493	170.4841	1.432913	2.07117
5700	-1777.509	-1947.858	170.3489	1.432913	2.159757
5706	-1777.489	-1948.531	171.0423	1.029257	1.968465
5712	-1786.783	-1956.684	169.9005	1.662501	2.300743
5718	-1781.481	-1952.435	170.954	1.249655	1.879235
5724	-1790.735	-1959.892	169.1563	1.577248	2.816654
5730	-1775.495	-1946.344	170.8493	1.21822	1.971236
5736	-1777.311	-1947.986	170.6754	1.21822	2.086626
5742	-1771.353	-1941.689	170.3367	1.59854	2.059163
5748	-1786.786	-1957.1	170.314	1.552536	2.104405
5754	-1771.636	-1942.106	170.4705	1.403693	2.09937
5760	-1771.684	-1942.127	170.4426	1.496529	2.056613
5766	-1768.911	-1939.463	170.5524	1.386731	2.056613
5772	-1767.985	-1938.28	170.2949	1.386731	2.224615
5778	-1767.35	-1937.568	170.2182	1.580538	2.148682
5784	-1770.011	-1939.964	169.9531	1.541283	2.344453
5790	-1776.264	-1945.658	169.3936	1.763975	2.556068
5796	-1775.9	-1945.814	169.9143	1.34431	2.493069
5802	-1769.55	-1940.128	170.5779	1.299041	2.097581
5808	-1772.79	-1943.137	170.3473	1.529573	2.097581
5814	-1773.468	-1943.708	170.2393	1.637622	2.097581
5820	-1790.876	-1960.998	170.1216	1.415744	2.317139
5826	-1778.4	-1949.269	170.8694	1.312926	1.893761
5832	-1766.624	-1937.168	170.5438	1.269395	2.139297
5838	-1767.38	-1937.856	170.4755	1.444267	2.069414
5844	-1780.407	-1951.032	170.6254	1.177305	2.146144
5850	-1779.34	-1950.491	171.1511	1.177305	1.793551
5856	-1775.632	-1945.707	170.075	1.443395	2.329193
5862	-1776.509	-1946.97	170.4612	1.475157	2.058461
5868	-1781.01	-1951.439	170.4291	1.432359	2.107714
5874	-1779.547	-1949.664	170.1169	1.432359	2.309552
5880	-1775.506	-1945.494	169.9882	1.619404	2.272194
5886	-1783.946	-1953.924	169.9784	1.734317	2.20456
5892	-1768.905	-1939.103	170.1978	1.667088	2.105482
5898	-1775.301	-1945.566	170.2648	1.556107	2.134248
5904	-1784.725	-1955.727	171.0026	1.387039	1.750855
5910	-1780.319	-1950.981	170.6626	1.087352	2.180402
5916	-1775.115	-1945.726	170.6108	1.315549	2.065018
5922	-1768.548	-1939.38	170.832	1.208773	1.989091
5928	-1775.664	-1946.667	171.0033	1.270168	1.831448
5934	-1780.413	-1950.89	170.4766	1.574477	1.982204
5940	-1770.784	-1941.142	170.3573	1.356951	2.203566
5946	-1775.082	-1945.136	170.054	1.483007	2.31735
5952	-1781.819	-1952.436	170.6166	1.609111	1.864185
5958	-1778.906	-1949.161	170.2551	1.426308	2.224756
5964	-1779.957	-1950.193	170.2353	1.499526	2.190237
5970	-1789.957	-1960.695	170.7381	1.401986	1.922388
5976	-1774.223	-1945.166	170.9428	1.297546	1.854186
5982	-1771.181	-1942.231	171.0506	1.292422	1.783354
5988	-1767.376	-1937.96	170.5841	1.607144	1.887716
5994	-1767.073	-1937.169	170.0959	1.486079	2.288653
6000	-1776.136	-1945.27	169.1332	1.597577	2.818327
6006	-1778.191	-1948.081	169.8902	1.597577	2.348706
6012	-1771.95	-1941.594	169.6436	1.677196	2.454156
6018	-1774.668	-1944.677	170.0084	1.407897	2.393974
6024	-1774.029	-1943.273	169.2443	1.601277	2.748341
6030	-1768.126	-1938.262	170.1365	1.549297	2.221937
6036	-1774.324	-1944.138	169.8138	1.48928	2.465256
6042	-1780.983	-1951.399	170.4166	1.594535	2.008878
6048	-1781.677	-1952.503	170.8257	1.204858	1.99594
6054	-1780.71	-1950.888	170.1779	1.596492	2.164584
6060	-1777.745	-1948.645	170.8995	1.262338	1.90768
6066	-1783.924	-1954.681	170.7569	1.262338	2.00349
6072	-1785.197	-1954.841	169.644	1.551754	2.532363
6078	-1777.24	-1947.63	170.3907	1.52649	2.071115
6084	-1776.839	-1947.417	170.5786	1.426949	2.012588
6090	-1770.157	-1940.917	170.7601	1.321851	1.961532
6096	-1772.259	-1943.437	171.1781	1.118582	1.815484
6102	-1780.352	-1950.997	170.6447	1.514056	1.909747
6108	-1784.571	-1954.382	169.8102	1.514056	2.451959
6114	-1767.265	-1938.224	170.9593	1.2768	1.857132
6120	-1778.141	-1948.408	170.2678	1.517625	2.15736
6126	-1767.963	-1937.882	169.9186	1.536056	2.369723
6132	-1770.676	-1941.063	170.3877	1.409103	2.149998
6138	-1783.765	-1954.085	170.3207	1.409103	2.193474
6144	-1791.26	-1961.199	169.9389	1.811226	2.180297
6150	-1775.197	-1945.844	170.6472	1.553021	1.881596
6156	-1776.29	-1946.603	170.3129	1.343451	2.240874
6162	-1771.576	-1942.208	170.6316	1.35903	2.022516
6168	-1778.774	-1949.905	171.1315	1.246664	1.758925
6174	-1772.151	-1942.78	170.6287	1.418054	1.985078
6180	-1774.719	-1944.728	170.0089	1.547503	2.304982
6186	-1778.702	-1949.171	170.4694	1.2901	2.17425
6192	-1768.161	-1938.585	170.4245	1.638932	1.973911
6198	-1768.829	-1938.591	169.7616	1.339982	2.590811
6204	-1768.545	-1938.718	170.1737	1.623947	2.149395
6210	-1766.11	-1936.861	170.7505	1.088242	2.122621
6216	-1777.258	-1947.322	170.0644	1.774321	2.122621
6222	-1774.758	-1945.066	170.3079	1.573424	2.094667
6228	-1773.603	-1943.726	170.1225	1.587081	2.206591
6234	-1775.225	-1946.011	170.7859	1.437857	1.865557
6240	-1774.603	-1945.617	171.0141	1.090856	1.946057
6246	-1767.376	-1938.245	170.8686	1.293875	1.907236
6252	-1763.505	-1933.042	169.5362	1.744024	2.479592
6258	-1779.056	-1949.503	170.4474	1.353952	2.146996
6264	-1768.339	-1938.57	170.2313	1.476774	2.207532
6270	-1776.152	-1946.517	170.3654	1.476774	2.120369
6276	-1772.741	-1942.751	170.0098	1.511091	2.327604
6282	-1776.412	-1946.658	170.2467	1.285976	2.320136
6288	-1780.003	-1950.037	170.0338	1.409196	2.377091
6294	-1766.757	-1936.968	170.2116	1.409196	2.263757
6300	-1769.46	-1940.341	170.8812	1.226723	1.944052
6306	-1769.693	-1940.32	170.6276	1.290574	2.070457
6312	-1772.298	-1942.809	170.5113	1.414959	2.065128
6318	-1772.401	-1943.127	170.7262	1.199995	2.065128
6324	-1776.714	-1947.521	170.8062	1.394479	1.881258
6330	-1780.66	-1950.709	170.0493	1.582804	2.256514
6336	-1779.347	-1950.108	170.7612	1.370043	1.928338
6342	-1789.642	-1960.037	170.3952	1.495484	2.088507
6348	-1784.291	-1954.455	170.1644	1.495484	2.238641
6354	-1785.135	-1955.058	169.9234	1.613183	2.317599
6360	-1791.483	-1961.483	169.9999	1.541239	2.314744
6366	-1787.725	-1958.936	171.2109	1.062483	1.831527
6372	-1779.683	-1949.807	170.1244	1.434337	2.303481
6378	-1776.519	-1946.801	170.2817	1.406919	2.220087
6384	-1783.429	-1953.798	170.3688	1.438737	2.142968
6390	-1792.397	-1962.766	170.3688	1.438737	2.142968
6396	-1778.727	-1948.623	169.8959	1.676833	2.294561
6402	-1784.89	-1955.749	170.8584	1.35583	1.872051
6408	-1775.943	-1946.139	170.1957	1.465984	2.23749
6414	-1776.858	-1947.31	170.4519	1.403526	2.111641
6420	-1775.536	-1945.582	170.0454	1.586168	2.256815
6426	-1778.563	-1948.825	170.2625	1.499735	2.172464
6432	-1780.962	-1951.751	170.7891	1.206214	2.019409
6438	-1787.181	-1957.895	170.7141	1.357102	1.968736
6444	-1786.682	-1957.216	170.5337	1.357102	2.088422
6450	-1766.502	-1937.309	170.8071	1.254639	1.975056
6456	-1770.683	-1940.744	170.0605	1.533828	2.280722
6462	-1770.732	-1941.11	170.3774	1.621451	2.017034
6468	-1762.368	-1931.924	169.5561	1.751211	2.46261
6474	-1771.958	-1942.229	170.2709	1.4863	2.17572
6480	-1775.929	-1946.071	170.1427	1.769972	2.074037
6486	-1779.215	-1949.658	170.4433	1.430033	2.09994
6492	-1775.357	-1944.772	169.4142	1.766807	2.541522
6498	-1769.458	-1939.774	170.3154	1.551024	2.104468
6504	-1777.339	-1947.401	170.0611	1.377597	2.379792
6510	-1772.835	-1942.488	169.6534	1.705045	2.430482
6516	-1770.283	-1939.803	169.5195	1.609108	2.574097
6522	-1762.286	-1932.784	170.4971	1.430547	2.064194
6528	-1769.922	-1940.345	170.4225	1.523963	2.051731
6534	-1755.518	-1925.956	170.4386	1.507929	2.051731
6540	-1761.489	-1931.314	169.8247	1.354154	2.542883
6546	-1763.037	-1933.196	170.1588	1.519199	2.226966
6552	-1762.078	-1931.28	169.2019	1.610758	2.768457
6558	-1765.373	-1934.829	169.4558	1.762184	2.518489
6564	-1795.509	-1965.914	170.4055	1.493375	2.083119
6570	-1783.329	-1953.701	170.3718	1.399073	2.166822
6576	-1774.425	-1945.259	170.8341	1.349807	1.892679
6582	-1779.735	-1950.82	171.085	1.204666	1.820309
6588	-1782.683	-1952.872	170.189	1.64063	2.128568
6594	-1781.715	-1952.248	170.5337	1.477999	2.008515
6600	-1777.136	-1947.733	170.5975	1.42292	2.002704
6606	-1776.892	-1947.086	170.1942	1.512869	2.208193
6612	-1778.768	-1948.153	169.3844	1.612682	2.655406
6618	-1782.611	-1953.529	170.9175	1.387892	1.809436
6624	-1772.99	-1943.105	170.1153	1.736328	2.114145
6630	-1777.654	-1948.547	170.8938	1.334369	1.862511
6636	-1785.82	-1955.574	169.7544	1.733543	2.348569
6642	-1771.016	-1941.176	170.1596	1.479413	2.252046
6648	-1782.421	-1953.204	170.7832	1.227409	2.009218
6654	-1785.284	-1955.829	170.5459	1.630143	1.898053
6660	-1773.448	-1943.981	170.5329	1.585124	1.937265
6666	-1778.125	-1947.922	169.797	1.601486	2.405191
6672	-1793.746	-1964.025	170.2789	1.357498	2.253735
6678	-1775.379	-1945.853	170.4737	1.444213	2.070599
6684	-1776.645	-1947.277	170.6328	1.285108	2.070599
6690	-1780.602	-1950.9	170.2978	1.620114	2.070599
6696	-1781.454	-1951.468	170.0136	1.667284	2.225078
6702	-1784.265	-1954.871	170.6063	1.3587	2.03952
6708	-1774.577	-1944.967	170.3901	1.423743	2.138833
6714	-1774.794	-1944.642	169.848	1.551996	2.404249
6720	-1774.002	-1944.822	170.8203	1.236965	1.978096
6726	-1784.085	-1953.879	169.7942	1.658977	2.370655
6732	-1779.344	-1949.39	170.0453	1.516501	2.301549
6738	-1777.34	-1947.605	170.2658	1.475987	2.185693
6744	-1783.87	-1954.011	170.1409	1.522042	2.236689
6750	-1781.165	-1950.723	169.5578	1.572265	2.573201
6756	-1771.412	-1941.259	169.8464	1.573628	2.391615
6762	-1766.255	-1936.942	170.687	1.18604	2.100138
6768	-1770.172	-1940.477	170.3049	1.3897	2.216253
6774	-1782.504	-1952.215	169.7107	1.70126	2.396707
6780	-1784.196	-1954.853	170.6574	1.204588	2.107384
6786	-1785.765	-1956.155	170.3905	1.319777	2.206145
6792	-1782.816	-1953.295	170.479	1.48442	2.040521
6798	-1772.949	-1943.151	170.2023	1.342768	2.312182
6804	-1771.13	-1941.075	169.9456	1.531732	2.355344
6810	-1781.74	-1951.997	170.2567	1.427878	2.222709
6816	-1779.792	-1950.176	170.3847	1.299871	2.222709
6822	-1774.86	-1945.559	170.6984	1.44337	1.921248
6828	-1768.789	-1939.252	170.4634	1.520034	2.027275
6834	-1772.586	-1943.008	170.4223	1.354178	2.163178
6840	-1778.86	-1949.169	170.3093	1.46722	2.163178
6846	-1787.592	-1958.039	170.447	1.636371	1.960575
6852	-1783.652	-1953.764	170.1122	1.320787	2.383429
6858	-1784.259	-1954.629	170.3696	1.492214	2.107456
6864	-1775.341	-1945.709	170.3675	1.399362	2.169437
6870	-1773.405	-1944.316	170.9107	1.067718	2.030605
6876	-1774.908	-1945.328	170.42	1.601779	2.001783
6882	-1770.42	-1940.994	170.5736	1.46845	1.988239
6888	-1774.594	-1944.423	169.8286	1.435322	2.489774
6894	-1785.138	-1954.911	169.7731	1.490877	2.489774
6900	-1788.058	-1958.088	170.0302	1.433649	2.363842
6906	-1792.432	-1963.084	170.6519	1.353254	2.012851
6912	-1784.976	-1955.548	170.5718	1.166585	2.18795
6918	-1785.872	-1955.597	169.7244	1.399527	2.576976
6924	-1774.248	-1944.821	170.5728	1.333888	2.078029
6930	-1772.451	-1943.169	170.7181	1.462965	1.894641
6936	-1766.254	-1936.059	169.8047	1.670649	2.356558
6942	-1774.574	-1944.835	170.2606	1.277948	2.316392
6948	-1771.221	-1942.148	170.9269	1.274001	1.881145
6954	-1792.775	-1963.684	170.9096	1.301434	1.874187
6960	-1778.907	-1949.72	170.8129	1.200709	2.007224
6966	-1779.442	-1950.077	170.6357	1.401969	1.991156
6972	-1776.548	-1946.617	170.0695	1.491857	2.301843
6978	-1766.596	-1936.579	169.9832	1.491857	2.356781
6984	-1772.599	-1942.253	169.6547	1.723053	2.418311
6990	-1763.279	-1932.983	169.7038	1.673928	2.418311
6996	-1774.319	-1945.324	171.0056	1.169954	1.898343
7002	-1773.138	-1943.943	170.8043	1.415337	1.868342
7008	-1779.314	-1949.478	170.1643	1.495949	2.238366
7014	-1782.182	-1952.606	170.4238	1.402566	2.130672
7020	-1790.856	-1961.296	170.4397	1.386686	2.130672
7026	-1783.73	-1954.425	170.6948	1.490727	1.891608
7032	-1770.687	-1941.126	170.4388	1.273847	2.204592
7038	-1776.32	-1946.326	170.0056	1.406668	2.396493
7044	-1773.675	-1944.055	170.3805	1.403622	2.158245
7050	-1772.47	-1942.7	170.2307	1.403622	2.255065
7056	-1773.822	-1944.05	170.2277	1.406619	2.255065
7062	-1778.674	-1948.872	170.1981	1.530632	2.194152
7068	-1782.845	-1952.33	169.4854	1.642078	2.574808
7074	-1772.844	-1942.461	169.617	1.510462	2.574808
7080	-1776.533	-1946.33	169.7968	1.531786	2.449226
7086	-1779.325	-1949.348	170.0221	1.315844	2.44337
7092	-1764.09	-1934.979	170.8894	1.386824	1.829596
7098	-1774.177	-1944.118	169.9409	1.78221	2.197834
7104	-1777.458	-1947.24	169.782	1.78221	2.299999
7110	-1778.347	-1947.474	169.1275	1.899724	2.636795
7116	-1786.483	-1956.72	170.237	1.557272	2.15163
7122	-1782.515	-1952.037	169.5221	1.383743	2.711463
7128	-1778.505	-1948.96	170.4554	1.495224	2.049039
7134	-1774.884	-1945.418	170.5334	1.398759	2.061201
7140	-1782.388	-1953.043	170.6547	1.423838	1.963826
7146	-1776.08	-1945.476	169.3958	1.307437	2.835045
7152	-1776.555	-1945.491	168.9361	1.748392	2.846436
7158	-1774.959	-1944.82	169.8614	1.59153	2.370781
7164	-1785.29	-1955.459	170.1684	1.457453	2.260505
7170	-1778.835	-1949.704	170.869	1.266676	1.925357
7176	-1777.305	-1948.047	170.7418	1.329024	1.969007
7182	-1783.117	-1953.126	170.0092	1.545661	2.305957
7188	-1777.279	-1947.686	170.4068	1.324341	2.192597
7194	-1783.327	-1953.697	170.3703	1.530017	2.082211
7200	-1774.563	-1945.066	170.5028	1.397527	2.082211
7206	-1784.332	-1954.341	170.0091	1.64941	2.239488
7212	-1774.297	-1944.544	170.2467	1.499573	2.182808
7218	-1773.343	-1943.242	169.8993	1.593453	2.345529
7224	-1771.053	-1940.685	169.6314	1.861351	2.345529
7230	-1785.177	-1955.029	169.8521	1.7365	2.284377
7236	-1780.324	-1951.235	170.9106	1.081515	2.021502
7242	-1770.997	-1941.935	170.9386	1.257705	1.884238
7248	-1775.04	-1945.976	170.9363	1.260064	1.884238
7254	-1775.001	-1945.084	170.083	1.392396	2.356548
7260	-1775.541	-1946.538	170.9966	1.357758	1.775519
7266	-1775.54	-1945.367	169.827	1.73576	2.300926
7272	-1775.256	-1945.876	170.6204	1.332612	2.04741
7278	-1777.999	-1948.415	170.4161	1.284792	2.21219
7284	-1773.961	-1944.017	170.0557	1.508759	2.29981
7290	-1777.077	-1946.965	169.8877	1.431431	2.455177
7296	-1779.216	-1949.897	170.6813	1.360097	1.98871
7302	-1772.5	-1943.111	170.6109	1.430482	1.98871
7308	-1776.496	-1946.966	170.4698	1.470171	2.056021
7314	-1788.857	-1960.108	171.2507	1.117353	1.76595
7320	-1777.019	-1947.499	170.4806	1.525069	2.012517
7326	-1788.159	-1958.54	170.381	1.481085	2.107307
7332	-1789.265	-1959.427	170.1621	1.481085	2.249385
7338	-1778.062	-1948.347	170.2854	1.481085	2.169718
7344	-1782.558	-1953.555	170.9975	1.211858	1.875373
7350	-1785.862	-1955.313	169.4511	1.623503	2.607528
7356	-1790.364	-1959.488	169.1235	1.951121	2.607528
7362	-1803.098	-1972.004	168.9065	1.826885	2.816714
7368	-1783.921	-1953.294	169.3726	1.533712	2.711185
7374	-1779.931	-1949.478	169.5473	1.583259	2.572846
7380	-1793.332	-1963.6	170.2674	1.698096	2.039146
7386	-1793.503	-1963.752	170.2486	1.716936	2.039146
7392	-1782.161	-1952.076	169.9148	1.57037	2.350338
7398	-1788.076	-1958.471	170.3954	1.434486	2.12836
7404	-1793.249	-1963.723	170.4739	1.340455	2.138524
7410	-1786.512	-1956.596	170.0844	1.56425	2.245856
7416	-1780.258	-1949.89	169.6312	1.700112	2.447528
7422	-1773.333	-1942.376	169.0435	1.500947	2.931107
7428	-1774.15	-1942.566	168.416	2.013962	2.999973
7434	-1786.982	-1955.809	168.8272	2.013962	2.751056
7440	-1788.196	-1957.169	168.9732	1.867954	2.751056
7446	-1783.848	-1952.766	168.9176	1.747014	2.858489
7452	-1772.914	-1943.891	170.9767	1.239988	1.870373
7458	-1772.817	-1943.131	170.3146	1.349346	2.236019
7464	-1774.758	-1945.546	170.7875	1.349346	1.924564
7470	-1785.627	-1956.193	170.5652	1.589071	1.912795
7476	-1778.39	-1948.412	170.0221	1.513968	2.317943
7482	-1777.429	-1947.995	170.5655	1.207053	2.165717
7488	-1778.39	-1947.77	169.3802	1.531184	2.708081
7494	-1779.903	-1949.417	169.5148	1.567912	2.602542
7500	-1774.279	-1943.916	169.637	1.445655	2.602542
7506	-1774.706	-1944.779	170.0736	1.348954	2.39004
7512	-1784.802	-1954.817	170.0157	1.377298	2.408656
7518	-1777.547	-1948.475	170.9288	1.317985	1.849808
7524	-1764.293	-1935.214	170.9216	1.317985	1.854732
7530	-1766.389	-1936.267	169.8777	1.668159	2.311675
7536	-1772.538	-1942.193	169.6551	1.77959	2.382335
7542	-1767.762	-1938.473	170.7106	1.320794	1.995381
7548	-1775.898	-1946.293	170.3949	1.3108	2.209052
7554	-1776.527	-1947.014	170.4875	1.419423	2.07787
7560	-1779.464	-1949.684	170.2203	1.486582	2.208326
7566	-1786.701	-1956.86	170.1589	1.547926	2.208326
7572	-1789.654	-1960.322	170.6681	1.224559	2.087233
7578	-1784.806	-1955.628	170.8223	1.095742	2.070541
7584	-1782.578	-1953.252	170.6741	1.682401	1.774005
7590	-1781.382	-1951.708	170.3255	1.554965	2.095257
7596	-1772.34	-1942.866	170.5257	1.449807	2.032547
7602	-1780.517	-1951.759	171.2423	1.110852	1.776346
7608	-1782.623	-1953.257	170.6337	1.283599	2.070983
7614	-1775.849	-1946.32	170.4708	1.446587	2.070983
7620	-1782.23	-1951.689	169.459	1.854281	2.458855
7626	-1778.46	-1948.196	169.7358	1.544552	2.479467
7632	-1783.236	-1953.252	170.0163	1.350786	2.425004
7638	-1777.471	-1948.175	170.7039	1.337312	1.988775
7644	-1785.369	-1956.182	170.8125	1.267143	1.963054
7650	-1772.689	-1943.102	170.4122	1.522985	2.059181
7656	-1776.032	-1946.265	170.2333	1.378375	2.26958
7662	-1774.983	-1945.517	170.5333	1.198806	2.191963
7668	-1779.848	-1950.644	170.7954	1.299891	1.952574
7674	-1787.788	-1958.274	170.4863	1.342007	2.129411
7680	-1782.822	-1952.752	169.9305	1.532074	2.364677
7686	-1782.896	-1953.454	170.5576	1.304086	2.107534
7692	-1785.8	-1956.934	171.1338	1.140792	1.830684
7698	-1780.446	-1950.405	169.9589	1.613112	2.295021
7704	-1769.768	-1940.657	170.8883	1.331126	1.868471
7710	-1769.321	-1940.232	170.9117	1.287613	1.882217
7716	-1769.707	-1940.366	170.6585	1.423551	1.961459
7722	-1768.714	-1939.024	170.3103	1.316659	2.259799
7728	-1761.47	-1932.335	170.8656	1.295723	1.907997
7734	-1773.502	-1943.11	169.6083	1.584623	2.534114
7740	-1769.676	-1940.882	171.206	1.111883	1.800839
7746	-1772.768	-1943.552	170.7839	1.119905	2.079891
7752	-1773.936	-1944.597	170.6612	1.600924	1.839276
7758	-1764.693	-1935.238	170.5455	1.538989	1.959807
7764	-1764.406	-1934.793	170.387	1.611057	2.017563
7770	-1762.274	-1932.84	170.5658	1.432234	2.017563
7776	-1779.328	-1949.589	170.2601	1.432234	2.217685
7782	-1790.39	-1960.334	169.9438	1.455289	2.404827
7788	-1786.912	-1957.618	170.7064	1.335955	1.988012
7794	-1784.457	-1954.768	170.3114	1.453103	2.170993
7800	-1779.954	-1950.167	170.2133	1.453103	2.234447
7806	-1794.614	-1965.118	170.5045	1.223193	2.194845
7812	-1788.627	-1959.167	170.5401	1.417038	2.044672
7818	-1779.15	-1949.766	170.6167	1.460833	1.964491
7824	-1771.855	-1941.811	169.9561	1.687751	2.248964
7830	-1771.498	-1941.351	169.8529	1.663529	2.330445
7836	-1776.497	-1947.43	170.9326	1.260421	1.886516
7842	-1779.316	-1949.717	170.4014	1.299459	2.212238
7848	-1771.596	-1942.129	170.5335	1.376749	2.07566
7854	-1765.499	-1935.566	170.0669	1.551032	2.265596
7860	-1770.377	-1941.336	170.9582	1.460271	1.730674
7866	-1769.43	-1939.933	170.5028	1.310099	2.139489
7872	-1767.033	-1937.482	170.4493	1.494803	2.053342
7878	-1773.382	-1943.934	170.5527	1.10793	2.238144
7884	-1779.776	-1949.973	170.1967	1.341701	2.316451
7890	-1781.23	-1951.609	170.379	1.434354	2.139158
7896	-1782.867	-1953.927	171.0602	1.263429	1.796815
7902	-1775.464	-1946.056	170.5919	1.346957	2.056812
7908	-1773.358	-1943.823	170.4651	1.49469	2.042951
7914	-1770.015	-1940.239	170.2235	1.473553	2.214634
7920	-1774.57	-1945.265	170.6948	1.473553	1.903262
7926	-1781.747	-1952.552	170.8052	1.363094	1.903262
7932	-1796.437	-1966.362	169.9243	1.656151	2.289632
7938	-1777.964	-1948.305	170.341	1.569166	2.075713
7944	-1771.647	-1942.094	170.4471	1.475931	2.067237
7950	-1772.121	-1942.907	170.7861	1.330685	1.938082
7956	-1769.854	-1940.18	170.3269	1.506348	2.126198
7962	-1768.622	-1939.157	170.5353	1.295545	2.127736
7968	-1774.19	-1942.925	168.7348	1.77003	2.954997
7974	-1769.328	-1939.51	170.1816	1.52062	2.211315
7980	-1771.763	-1942.192	170.4291	1.429226	2.109759
7986	-1780.629	-1950.971	170.3414	1.398919	2.186704
7992	-1780.522	-1950.911	170.3885	1.398919	2.156086
7998	-1771.876	-1940.928	169.052	1.878846	2.696149
8004	-1764.788	-1935.384	170.5959	1.604274	1.881632
8010	-1773.596	-1944.128	170.5316	1.53157	1.974095
8016	-1779.193	-1949.578	170.3855	1.463867	2.115622
8022	-1775.826	-1946.321	170.4952	1.463867	2.043416
8028	-1763.908	-1934.333	170.4248	1.534321	2.043416
8034	-1769.975	-1940.292	170.317	1.518678	2.124596
8040	-1769.591	-1940.024	170.433	1.385895	2.135531
8046	-1764.642	-1935.431	170.7881	1.179549	2.037712
8052	-1768.947	-1939.251	170.3041	1.287618	2.282371
8058	-1767.775	-1938.323	170.5474	1.299604	2.117198
8064	-1771.813	-1941.864	170.0508	1.503173	2.306537
8070	-1779.633	-1950.49	170.8576	1.166962	1.999913
8076	-1775.703	-1946.058	170.355	1.360202	2.202923
8082	-1770.938	-1941.525	170.5867	1.232204	2.135547
8088	-1775.315	-1946.289	170.9744	1.315891	1.819861
8094	-1794.451	-1964.342	169.8912	1.632012	2.326131
8100	-1784.183	-1954.393	170.2101	1.313085	2.326131
8106	-1780.653	-1951.305	170.6516	1.156741	2.142416
8112	-1786.298	-1956.615	170.3167	1.468753	2.15734
8118	-1779.98	-1949.512	169.5323	1.643231	2.544945
8124	-1773.319	-1944.071	170.7513	1.327128	1.963903
8130	-1777.635	-1948.446	170.8114	1.327128	1.923401
8136	-1781.78	-1952.744	170.9649	1.066803	1.995177
8142	-1782.695	-1952.65	169.9555	1.453036	2.398902
8148	-1777.846	-1948.349	170.503	1.63976	1.92056
8154	-1779.27	-1948.703	169.4326	1.738788	2.547485
8160	-1778.32	-1947.644	169.3243	1.706551	2.634604
8166	-1766.288	-1936.107	169.8189	1.604283	2.389631
8172	-1768.721	-1938.648	169.9274	1.490896	2.392701
8178	-1760.821	-1930.929	170.108	1.490896	2.277809
8184	-1764.757	-1935.073	170.3157	1.302273	2.26554
8190	-1778.021	-1947.505	169.4837	1.74261	2.513281
8196	-1785.812	-1955.296	169.4837	1.74261	2.513281
8202	-1798.426	-1969.002	170.5769	1.62939	1.877476
8208	-1777.177	-1947.114	169.9373	1.620648	2.303996
8214	-1778.946	-1948.497	169.5515	1.635254	2.537942
8220	-1778.78	-1949.395	170.6148	1.232063	2.117276
8226	-1784.27	-1954.789	170.5195	1.347651	2.104006
8232	-1779.194	-1949.475	170.2805	1.520867	2.146983
8238	-1777.407	-1947.117	169.7104	1.690678	2.403595
8244	-1776.992	-1946.487	169.4953	1.624658	2.579447
8250	-1773.015	-1942.561	169.5464	1.719053	2.488801
8256	-1775.9	-1945.343	169.4429	1.82892	2.484817
8262	-1774.085	-1944.929	170.8444	1.285725	1.92909
8268	-1774.26	-1944.496	170.2362	1.265496	2.339824
8274	-1769.133	-1938.713	169.5798	1.77807	2.430827
8280	-1778.375	-1948.257	169.882	1.507894	2.410645
8286	-1762.32	-1932.809	170.4896	1.423219	2.07395
8292	-1791.394	-1961.454	170.0599	1.343122	2.402345
8298	-1771.415	-1941.755	170.34	1.54762	2.090519
