Iteration	Posterior	Likelihood	Prior	part_rate_trans	tree_length
0	-294.5871	-465.751	171.1639	1.030923	1.885246
6	-293.6921	-465.3971	171.705	1.201709	1.369545
12	-287.5168	-458.1044	170.5876	3.014252	0.6470098
18	-283.88	-455.3792	171.4992	1.907081	0.9217369
24	-287.4124	-458.3146	170.9022	2.575559	0.8390273
30	-282.1783	-453.2471	171.0688	2.23461	1.02747
36	-284.634	-456.3074	171.6734	1.832482	0.8030438
42	-290.3118	-460.8919	170.5801	2.987754	0.711638
48	-281.5541	-453.197	171.6429	1.83616	0.8373917
54	-291.335	-462.3743	171.0394	2.391399	0.8945286
60	-291.4551	-462.3563	170.9012	2.331663	1.094233
66	-305.0255	-475.3669	170.3414	3.086216	0.8981058
72	-293.3986	-464.7777	171.3791	1.90159	1.04941
78	-298.1371	-469.9311	171.794	1.377984	1.149186
84	-312.3957	-483.4846	171.0889	1.004063	1.954127
90	-290.3278	-461.8709	171.543	1.417721	1.326564
96	-295.9145	-467.3869	171.4724	1.647248	1.194803
102	-310.714	-481.6866	170.9726	2.271123	1.084209
108	-289.1558	-460.3123	171.1565	1.493169	1.564603
114	-287.8896	-458.9697	171.08	0.9030069	2.027542
120	-288.8902	-460.2859	171.3956	1.568508	1.323826
126	-303.4244	-474.0384	170.614	2.816249	0.8951305
132	-298.7921	-469.972	171.1799	2.254353	0.8905112
138	-278.218	-449.596	171.3781	1.579792	1.32889
144	-298.9862	-469.6843	170.6981	2.926662	0.5862993
150	-294.5092	-466.1766	171.6674	1.84282	0.7972687
156	-293.5539	-465.3825	171.8286	1.589051	0.9092087
162	-282.4121	-454.2535	171.8413	1.122684	1.323951
168	-286.3411	-458.0957	171.7546	1.354188	1.204092
174	-286.3145	-457.8395	171.525	1.136838	1.555683
180	-295.4884	-466.8585	171.3701	1.310155	1.542061
186	-295.2857	-466.8738	171.5881	1.105916	1.531894
192	-301.6653	-473.2545	171.5891	1.50714	1.214787
198	-300.7667	-472.3532	171.5864	1.241742	1.430613
204	-289.5596	-461.2932	171.7337	1.395794	1.186366
210	-280.6538	-452.2946	171.6408	1.488646	1.186366
216	-291.0333	-462.7498	171.7165	1.39004	1.206027
222	-286.279	-458.1687	171.8897	1.247424	1.179703
228	-282.9808	-454.5071	171.5263	1.610869	1.179703
234	-276.1373	-447.6511	171.5138	1.927693	0.8822442
240	-288.785	-459.7876	171.0026	2.042412	1.257809
246	-282.0181	-453.6974	171.6793	1.282432	1.325798
252	-299.1119	-470.3997	171.2878	1.572626	1.405726
258	-297.3494	-468.8502	171.5008	1.355683	1.408728
264	-296.6328	-467.582	170.9492	1.921883	1.397387
270	-296.4618	-467.459	170.9972	1.921883	1.359745
276	-287.1888	-458.6578	171.4691	1.692633	1.158252
282	-294.2981	-465.3529	171.0547	2.049084	1.208365
288	-283.2444	-454.3395	171.0952	1.805192	1.374523
294	-285.2275	-456.6305	171.403	1.152511	1.633157
300	-292.8782	-464.1848	171.3066	1.720839	1.272368
306	-281.9128	-452.5853	170.6725	1.949052	1.585231
312	-278.4017	-450.0585	171.6568	1.296029	1.332901
318	-284.751	-456.6055	171.8545	0.9171666	1.473681
324	-295.8477	-466.9167	171.069	0.6344443	2.210508
330	-295.0286	-466.6748	171.6463	0.943126	1.608636
336	-280.9452	-452.3528	171.4076	1.181783	1.608636
342	-281.0145	-452.4957	171.4812	1.451442	1.349027
348	-290.0706	-461.6782	171.6076	1.86635	0.8436818
354	-283.2066	-454.9534	171.7468	1.267929	1.28278
360	-289.6599	-461.4396	171.7797	1.423143	1.121617
366	-294.4517	-465.9163	171.4646	1.245052	1.520257
372	-287.7995	-459.1188	171.3192	1.482474	1.450859
378	-285.9381	-457.5658	171.6277	1.173998	1.450859
384	-287.5946	-459.0065	171.4119	1.138918	1.636514
390	-292.9062	-464.4746	171.5684	1.098331	1.552054
396	-301.1487	-472.9136	171.7649	0.9638571	1.506003
402	-292.3246	-463.7418	171.4172	1.280263	1.52933
408	-294.1456	-465.6288	171.4832	1.167239	1.564063
414	-279.0894	-450.5253	171.436	1.591171	1.272611
420	-280.8364	-452.0734	171.237	1.89646	1.182866
426	-278.7469	-450.4843	171.7374	0.9913046	1.50602
432	-287.5566	-458.7383	171.1816	0.8856577	1.971359
438	-295.4477	-466.2087	170.7611	1.390189	1.914815
444	-290.3349	-461.7752	171.4403	1.234817	1.545909
450	-300.4664	-472.1693	171.7028	0.9674514	1.549439
456	-294.6573	-465.8802	171.2229	1.721026	1.34
462	-280.5332	-451.9861	171.4529	1.463954	1.361515
468	-276.8398	-448.1475	171.3077	1.622516	1.350915
474	-297.3652	-468.4192	171.054	1.957219	1.285676
480	-287.0945	-458.5743	171.4798	1.163513	1.569317
486	-275.908	-447.3658	171.4578	1.262936	1.511978
492	-285.3021	-456.5036	171.2015	1.254948	1.703856
498	-290.3702	-462.0143	171.6441	1.349623	1.299915
504	-282.1574	-453.7709	171.6135	1.380295	1.299915
510	-278.5702	-450.2367	171.6665	1.221924	1.383858
516	-283.1997	-454.5327	171.333	1.158813	1.678772
522	-299.2295	-470.4525	171.223	1.061139	1.824135
528	-280.1374	-451.3414	171.204	1.1175	1.798296
534	-293.0788	-464.7565	171.6777	1.465519	1.174381
540	-291.1502	-462.959	171.8088	1.578514	0.9422277
546	-294.5763	-465.3659	170.7896	2.330523	1.194387
552	-294.2222	-465.8369	171.6147	1.51153	1.189144
558	-292.3557	-462.9806	170.6249	2.540719	1.154805
564	-292.6901	-463.6497	170.9596	2.413727	0.9570341
570	-290.7684	-462.5143	171.7459	1.625164	0.9594028
576	-294.713	-466.0224	171.3094	1.637642	1.337507
582	-287.936	-460.0084	172.0725	1.394043	0.8527442
588	-286.7513	-458.3279	171.5766	1.822	0.9301076
594	-288.3026	-459.7022	171.3996	1.825227	1.101645
600	-294.4226	-465.9453	171.5227	1.222019	1.494005
606	-292.9791	-464.4792	171.5001	1.269667	1.47512
612	-288.2698	-459.6505	171.3807	1.441404	1.435269
618	-296.9296	-468.3566	171.4271	1.436127	1.403548
624	-287.4662	-458.3275	170.8613	2.727634	0.673622
630	-280.7819	-452.3322	171.5504	1.697729	1.080145
636	-284.6083	-456.4425	171.8342	1.442439	1.053231
642	-292.1738	-463.3478	171.1739	1.516308	1.534677
648	-287.194	-458.4586	171.2646	1.050542	1.802689
654	-301.0712	-472.8602	171.789	1.195592	1.307343
660	-292.0053	-463.1351	171.1298	1.377682	1.667587
666	-297.038	-468.3293	171.2913	1.663457	1.331356
672	-290.1413	-461.7953	171.654	1.555007	1.116037
678	-283.9744	-455.5031	171.5288	1.859784	0.9409008
684	-298.9004	-469.503	170.6026	2.806806	0.9183432
690	-283.1416	-454.4908	171.3492	1.908306	1.071354
696	-296.1624	-467.413	171.2506	1.611894	1.404102
702	-306.5625	-477.5995	171.037	1.643747	1.541689
708	-302.1511	-473.9451	171.794	0.981527	1.470751
714	-299.0782	-470.3399	171.2617	1.182882	1.712261
720	-283.0351	-454.2209	171.1858	1.25879	1.712261
726	-291.3995	-462.3995	170.9999	2.091916	1.218562
732	-301.7243	-472.7116	170.9873	2.104566	1.218562
738	-300.1539	-471.4894	171.3355	1.766911	1.209588
744	-286.3339	-458.4562	172.1223	0.9167813	1.262763
750	-283.1558	-454.8806	171.7248	1.66224	0.9425409
756	-279.7102	-451.2329	171.5228	1.745523	1.061176
762	-278.8424	-450.1704	171.328	1.919597	1.080628
768	-276.6717	-448.1833	171.5117	1.583212	1.21597
774	-274.4232	-445.8484	171.4251	1.486265	1.365812
780	-284.7982	-456.4451	171.6469	1.522388	1.151552
786	-296.6102	-468.3334	171.7231	1.304186	1.272454
792	-294.4049	-466.1614	171.7565	1.059968	1.439579
798	-298.7992	-470.5087	171.7095	1.118775	1.43052
804	-306.0918	-477.5468	171.455	1.275798	1.504445
810	-293.0697	-465.0338	171.9641	1.265076	1.097634
816	-289.2682	-460.6338	171.3656	1.839655	1.119374
822	-294.7798	-466.1667	171.3869	0.8541954	1.853708
828	-299.1393	-470.3018	171.1624	1.163058	1.795562
834	-296.5484	-468.0401	171.4917	1.694993	1.13609
840	-287.8471	-459.2197	171.3727	1.502143	1.394487
846	-279.8156	-451.1655	171.3499	1.187128	1.646417
852	-283.8649	-454.9779	171.113	1.157603	1.833427
858	-284.0675	-455.6845	171.617	1.198624	1.440194
864	-279.7656	-451.0728	171.3072	1.221847	1.652154
870	-280.1434	-451.4797	171.3363	1.153761	1.680015
876	-277.3871	-449.4152	172.0281	1.165657	1.129731
882	-290.2114	-461.4251	171.2137	1.746479	1.327024
888	-285.5388	-456.8038	171.265	1.544438	1.44499
894	-279.6901	-451.276	171.5859	1.324435	1.366648
900	-281.9069	-453.2963	171.3894	1.621918	1.285567
906	-278.6387	-450.2988	171.6601	1.351202	1.285567
912	-276.6099	-448.0502	171.4403	1.787989	1.098445
918	-278.9269	-450.3711	171.4442	1.787989	1.094861
924	-297.619	-468.5412	170.9223	2.413113	0.9959043
930	-299.2942	-470.4202	171.126	2.010959	1.179852
936	-299.9749	-470.9774	171.0024	2.010754	1.284055
942	-291.541	-462.7741	171.2331	1.581545	1.441004
948	-296.2716	-467.3084	171.0367	1.241744	1.828018
954	-292.664	-463.7335	171.0696	1.280469	1.778491
960	-281.6848	-453.2667	171.5819	1.33386	1.3624
966	-288.5979	-460.1364	171.5385	1.335802	1.394925
972	-295.6736	-467.2479	171.5743	1.695894	1.059352
978	-290.308	-461.801	171.493	1.790806	1.046457
984	-291.5784	-463.4229	171.8445	1.176231	1.277872
990	-288.3684	-459.9553	171.5869	1.417395	1.29133
996	-272.3087	-443.4271	171.1184	1.761035	1.390867
1002	-270.2403	-441.9213	171.6809	1.455953	1.179921
1008	-281.5901	-453.1454	171.5553	1.455953	1.285643
1014	-286.1261	-457.4249	171.2987	1.6122	1.366208
1020	-286.4464	-457.9786	171.5322	1.301275	1.426492
1026	-289.5199	-461.0307	171.5108	1.088181	1.6017
1032	-281.3759	-452.8556	171.4798	1.378824	1.407127
1038	-279.6159	-451.1057	171.4898	1.597649	1.222247
1044	-290.1971	-461.9905	171.7934	1.350775	1.173544
1050	-302.2208	-473.5869	171.3661	1.881909	1.080235
1056	-292.6032	-464.0708	171.4676	1.626063	1.217027
1062	-288.3079	-459.7994	171.4914	1.631613	1.1919
1068	-297.8715	-468.9946	171.1231	1.631613	1.486497
1074	-283.4108	-455.0261	171.6153	1.102692	1.513997
1080	-282.8503	-454.233	171.3826	1.347012	1.505314
1086	-277.2317	-448.8393	171.6076	1.385371	1.30055
1092	-290.6202	-461.8991	171.2789	1.761017	1.26204
1098	-299.8648	-471.5117	171.6468	1.488047	1.181652
1104	-275.7952	-447.2551	171.4599	1.804729	1.064635
1110	-285.2864	-456.8943	171.608	1.414961	1.276084
1116	-290.0816	-461.9025	171.8209	1.277653	1.212872
1122	-280.9848	-452.8799	171.8951	1.314877	1.115175
1128	-297.9781	-469.4933	171.5152	1.808412	1.007654
1134	-291.3679	-462.706	171.3381	2.185622	0.7788111
1140	-289.8212	-461.1392	171.318	1.936523	1.0741
1146	-294.0662	-465.1221	171.0559	1.986466	1.260029
1152	-283.9197	-455.1677	171.248	2.043774	1.038804
1158	-288.19	-459.6271	171.4371	1.629102	1.240142
1164	-277.8433	-449.4571	171.6138	1.339105	1.332855
1170	-275.0495	-446.553	171.5035	1.433113	1.345854
1176	-279.4624	-451.1241	171.6617	0.9599324	1.585169
1182	-279.4306	-451.1234	171.6927	0.8711849	1.627063
1188	-292.5263	-463.7227	171.1964	1.434838	1.57814
1194	-287.9378	-459.7046	171.7668	1.211548	1.312386
1200	-280.1212	-451.7136	171.5924	1.385925	1.312386
1206	-275.0793	-446.7856	171.7062	1.201351	1.36882
1212	-289.5753	-461.8119	172.2365	0.7469501	1.308236
1218	-306.5674	-478.2735	171.7062	0.7469501	1.70621
1224	-285.1686	-456.8516	171.683	0.9191427	1.599405
1230	-287.4301	-459.271	171.8409	0.8131068	1.561464
1236	-278.4603	-449.7073	171.247	0.8437296	1.955641
1242	-282.6169	-453.9234	171.3066	0.7841535	1.955641
1248	-273.5777	-445.4367	171.859	0.9950544	1.410648
1254	-276.0793	-447.9041	171.8248	1.500066	1.006366
1260	-279.2035	-450.8652	171.6617	1.565105	1.099777
1266	-296.7534	-468.615	171.8616	0.8904934	1.488444
1272	-287.1734	-457.751	170.5775	0.8443548	2.390436
1278	-279.763	-451.6372	171.8742	0.7478887	1.584838
1284	-287.2659	-458.6414	171.3755	1.407646	1.465027
1290	-289.0116	-460.4649	171.4532	1.140182	1.605716
1296	-296.7187	-467.9063	171.1876	1.763888	1.334002
1302	-292.3955	-463.9022	171.5067	1.581552	1.221572
1308	-295.25	-466.8342	171.5842	0.9928113	1.617621
1314	-291.4418	-463.1328	171.691	1.583449	1.055353
1320	-290.4303	-462.223	171.7927	1.341791	1.182019
1326	-292.6784	-463.8659	171.1875	1.722278	1.36712
1332	-296.8855	-468.7272	171.8416	1.282537	1.190933
1338	-287.2104	-458.6663	171.4559	1.789553	1.082584
1344	-280.2964	-452.0175	171.7211	1.636433	0.9734124
1350	-291.095	-462.4837	171.3887	1.801676	1.132811
1356	-302.9663	-474.2826	171.3163	1.813129	1.186392
1362	-288.0837	-459.5409	171.4572	1.123048	1.615247
1368	-288.8219	-459.6908	170.8689	1.141175	2.009562
1374	-288.6335	-460.0237	171.3902	1.05506	1.711775
1380	-294.1102	-465.5216	171.4113	0.9457182	1.773621
1386	-280.6654	-452.4924	171.8271	1.185779	1.284316
1392	-290.5756	-461.854	171.2784	1.062315	1.785009
1398	-295.0862	-466.3395	171.2533	1.08738	1.785009
1404	-293.1804	-464.5439	171.3635	1.637967	1.293596
1410	-283.4203	-455.1452	171.7249	1.465767	1.132531
1416	-280.7857	-452.3932	171.6075	1.458541	1.240277
1422	-294.2993	-465.7443	171.445	1.358031	1.449834
1428	-302.4398	-473.5581	171.1182	1.880663	1.29574
1434	-297.164	-468.1714	171.0074	1.831267	1.42251
1440	-294.0366	-465.3248	171.2882	1.66781	1.330355
1446	-285.6327	-457.6438	172.0111	1.272698	1.046393
1452	-292.0707	-463.9263	171.8556	1.426677	1.047927
1458	-292.6299	-464.0171	171.3872	2.007525	0.934293
1464	-289.2441	-460.325	171.0809	1.911604	1.300942
1470	-283.9018	-455.2962	171.3944	1.482098	1.393219
1476	-279.2195	-450.5751	171.3556	1.509179	1.402313
1482	-283.8359	-455.1893	171.3533	2.100829	0.8675002
1488	-294.4842	-465.1118	170.6276	2.722433	0.981018
1494	-283.1455	-454.0788	170.9333	2.433927	0.9633638
1500	-286.3441	-457.1252	170.7811	2.824921	0.6375358
1506	-288.3166	-459.711	171.3943	1.997543	0.9373587
1512	-280.7904	-451.97	171.1797	1.782558	1.325388
1518	-284.3411	-455.3867	171.0456	1.782558	1.430621
1524	-287.5508	-459.0923	171.5415	1.607037	1.169822
1530	-299.6686	-471.2875	171.6188	1.545726	1.155715
1536	-300.8977	-472.0626	171.1649	1.840555	1.290385
1542	-298.4083	-469.9869	171.5786	1.282434	1.405222
1548	-290.5374	-462.0292	171.4918	1.876398	0.9624044
1554	-291.7822	-463.5936	171.8114	1.593237	0.9235169
1560	-283.2441	-454.8029	171.5587	1.481477	1.261817
1566	-296.903	-468.7888	171.8859	1.473732	0.9712546
1572	-309.1478	-480.7896	171.6418	1.883143	0.7769793
1578	-295.1382	-466.42	171.2818	1.687715	1.319549
1584	-301.9882	-473.4073	171.4191	0.9016977	1.7988
1590	-297.517	-469.0079	171.491	1.484935	1.314381
1596	-289.4122	-460.6618	171.2497	1.726227	1.314381
1602	-288.403	-459.6419	171.2389	1.558191	1.454404
1608	-291.5619	-462.9251	171.3632	1.558191	1.357889
1614	-298.7446	-469.7483	171.0038	2.386133	0.9394792
1620	-281.3509	-452.8372	171.4862	1.903675	0.9394792
1626	-291.3809	-462.8092	171.4283	1.961633	0.9394792
1632	-307.218	-478.9714	171.7535	1.468565	1.104158
1638	-303.2503	-474.0017	170.7514	2.486398	1.089676
1644	-294.0336	-465.5268	171.4932	1.449093	1.341324
1650	-283.8576	-455.203	171.3454	1.632092	1.313056
1656	-284.5584	-455.7106	171.1522	2.396983	0.7415171
1662	-277.6835	-448.8885	171.205	2.090356	1.035296
1668	-286.6875	-458.2342	171.5466	1.7569	1.027371
1674	-282.522	-454.0674	171.5455	1.181251	1.507499
1680	-294.0493	-465.8255	171.7762	0.8507069	1.581307
1686	-283.15	-454.7605	171.6105	1.348538	1.327899
1692	-293.69	-465.1111	171.4211	0.9923636	1.734207
1698	-289.9637	-461.4591	171.4953	1.732425	1.098927
1704	-287.7378	-459.5675	171.8297	0.9477218	1.469317
1710	-280.8421	-452.5598	171.7177	1.059705	1.469317
1716	-287.5202	-458.7305	171.2103	1.420512	1.578479
1722	-270.0911	-441.8121	171.721	1.582959	1.026979
1728	-272.8959	-444.1997	171.3038	2.082235	0.9436051
1734	-278.7853	-450.233	171.4476	1.896616	0.9869413
1740	-277.3026	-448.9981	171.6955	1.282355	1.312755
1746	-280.4636	-452.1826	171.7189	1.233647	1.333112
1752	-289.6353	-460.9999	171.3645	2.049259	0.9135047
1758	-287.1788	-457.9873	170.8085	2.605283	0.9135047
1764	-281.1504	-452.095	170.9446	2.605283	0.7404508
1770	-275.1578	-446.0471	170.8893	2.571645	0.8593952
1776	-281.9712	-453.677	171.7057	1.340025	1.257222
1782	-297.7772	-469.2253	171.4481	1.471254	1.359566
1788	-293.8075	-465.22	171.4125	1.647243	1.245579
1794	-289.3226	-461.0977	171.7751	1.096981	1.396639
1800	-285.5687	-457.1711	171.6023	1.562983	1.15506
1806	-284.8378	-456.6377	171.8	0.9903281	1.459549
1812	-284.5912	-456.0351	171.4439	1.326833	1.474391
1818	-278.268	-450.0556	171.7876	1.416871	1.120162
1824	-274.6966	-446.2856	171.589	0.9647539	1.63442
1830	-277.4505	-448.4689	171.0184	1.220698	1.855061
1836	-287.3614	-458.4585	171.0971	1.475795	1.620583
1842	-280.4874	-451.7177	171.2302	1.556884	1.46197
1848	-287.8059	-459.5346	171.7287	1.416336	1.17284
1854	-289.3575	-460.6955	171.338	1.808161	1.171848
1860	-277.0525	-448.4637	171.4112	1.954272	0.9652384
1866	-275.3136	-446.7685	171.455	1.33629	1.458815
1872	-282.4549	-454.2437	171.7888	1.275818	1.2415
1878	-286.7664	-458.5153	171.7489	1.362791	1.201669
1884	-298.7218	-470.1322	171.4104	1.44064	1.412984
1890	-281.5611	-453.1379	171.5768	1.416881	1.299939
1896	-291.5353	-462.5358	171.0005	1.865847	1.401077
1902	-283.2106	-454.4174	171.2068	1.712078	1.35989
1908	-289.6487	-461.2001	171.5514	1.712078	1.065768
1914	-290.9259	-462.6436	171.7177	1.198917	1.361711
1920	-293.9237	-465.4643	171.5406	1.301595	1.419767
1926	-291.7234	-463.0441	171.3206	1.20544	1.6543
1932	-294.8838	-466.2814	171.3977	0.8128122	1.874605
1938	-309.7406	-480.503	170.7623	0.919082	2.224774
1944	-296.2406	-467.7644	171.5237	1.016069	1.644445
1950	-299.2493	-470.3801	171.1308	1.198658	1.792812
1956	-291.6533	-463.6739	172.0205	1.18054	1.123212
1962	-296.4363	-468.2716	171.8353	1.498346	0.9975988
1968	-296.6629	-468.4597	171.7968	1.151252	1.336765
1974	-300.2648	-471.5555	171.2907	1.951349	1.085765
1980	-296.0512	-467.1733	171.1221	1.941908	1.241961
1986	-292.245	-463.614	171.369	1.733161	1.209789
1992	-292.7655	-464.4208	171.6553	1.733161	0.9410429
1998	-280.2624	-451.9948	171.7325	1.152106	1.386877
2004	-284.1644	-455.8117	171.6473	1.237318	1.386877
2010	-291.2822	-462.6613	171.3792	1.778212	1.162037
2016	-281.8728	-453.5217	171.6489	1.509716	1.160984
2022	-276.3624	-448.0697	171.7074	1.631086	0.9927987
2028	-270.6156	-442.3087	171.6931	1.492898	1.13672
2034	-280.7764	-452.4635	171.6871	1.498927	1.13672
2040	-278.014	-449.9498	171.9358	1.31968	1.073212
2046	-274.6474	-446.0863	171.4389	1.31968	1.483571
2052	-283.5431	-455.2167	171.6736	1.084997	1.483571
2058	-284.3413	-456.0113	171.67	1.40338	1.234097
2064	-284.5429	-455.8271	171.2842	1.356883	1.57097
2070	-277.1439	-448.3209	171.177	1.479727	1.55943
2076	-292.2236	-463.9103	171.6867	0.9700852	1.55943
2082	-282.1494	-453.7051	171.5556	1.113072	1.550608
2088	-275.6206	-447.4826	171.862	1.153884	1.281853
2094	-293.3469	-464.5101	171.1631	1.30598	1.694902
2100	-279.1284	-450.5781	171.4497	1.545207	1.298949
2106	-280.1878	-451.691	171.5031	1.010292	1.663337
2112	-289.9296	-461.3961	171.4664	0.9250208	1.749609
2118	-293.4164	-464.6846	171.2682	1.315035	1.613086
2124	-290.891	-462.1142	171.2232	1.097703	1.798731
2130	-287.7459	-458.8842	171.1383	1.884007	1.276562
2136	-295.5972	-467.5655	171.9683	1.092198	1.244969
2142	-299.9229	-471.6362	171.7133	0.9421817	1.560346
2148	-293.4359	-464.8176	171.3816	1.005765	1.752439
2154	-279.6447	-450.955	171.3103	1.408006	1.513799
2160	-287.1637	-458.294	171.1303	1.697191	1.431151
2166	-294.8872	-466.0353	171.1481	1.697191	1.417392
2172	-295.4915	-467.1951	171.7037	1.424263	1.187676
2178	-295.8708	-467.4521	171.5813	1.315415	1.377358
2184	-297.8758	-469.1529	171.2771	1.593406	1.397851
2190	-296.4254	-467.817	171.3916	1.533083	1.355279
2196	-289.659	-461.2555	171.5965	1.533083	1.186226
2202	-291.0256	-462.2218	171.1962	2.180699	0.9532731
2208	-277.6677	-449.3726	171.7048	1.404991	1.203249
2214	-300.9787	-472.4294	171.4506	1.696138	1.171329
2220	-299.3539	-470.8447	171.4908	1.813419	1.026748
2226	-296.9855	-468.6639	171.6784	1.572859	1.077187
2232	-281.5287	-453.3706	171.8419	1.350005	1.13143
2238	-286.704	-457.992	171.288	1.415422	1.524891
2244	-282.7543	-454.1522	171.3979	1.296903	1.531268
2250	-300.7975	-472.1582	171.3607	1.648284	1.287535
2256	-287.5646	-459.0735	171.5089	1.500032	1.287535
2262	-288.4734	-459.7625	171.2891	1.500032	1.460428
2268	-280.3474	-451.6657	171.3183	1.185848	1.669977
2274	-275.608	-447.3014	171.6934	1.13956	1.426919
2280	-278.3817	-449.99	171.6084	1.902598	0.7962061
2286	-277.6378	-448.8032	171.1653	2.272515	0.8864508
2292	-284.1691	-456.0606	171.8915	1.546318	0.8864508
2298	-283.4256	-454.6686	171.2429	2.29702	0.755459
2304	-285.1006	-456.723	171.6224	1.559171	1.140638
2310	-278.6722	-450.2574	171.5851	1.875286	0.8600382
2316	-276.2264	-447.6751	171.4487	2.011774	0.8600382
2322	-283.4697	-454.6343	171.1646	2.011774	1.145279
2328	-288.8875	-459.8576	170.9701	1.903509	1.395439
2334	-276.5122	-447.9909	171.4788	1.770853	1.078715
2340	-288.8293	-460.4861	171.6568	1.7407	0.9313104
2346	-289.7946	-461.1867	171.3921	1.744105	1.180556
2352	-294.9436	-466.7176	171.774	1.146261	1.358825
2358	-289.6002	-461.0527	171.4525	1.116837	1.623162
2364	-292.4779	-464.1702	171.6923	1.507195	1.124572
2370	-277.6641	-449.0677	171.4036	1.261866	1.552972
2376	-281.442	-452.9608	171.5188	1.177902	1.529922
2382	-282.5899	-454.0454	171.4555	1.472382	1.352773
2388	-294.3299	-465.6086	171.2787	1.218598	1.674836
2394	-300.4384	-471.8376	171.3992	1.73982	1.178081
2400	-288.853	-460.0421	171.1891	1.318359	1.667599
2406	-287.9483	-459.3949	171.4466	1.003815	1.708141
2412	-294.02	-465.4049	171.3849	1.105624	1.679676
2418	-289.0395	-460.1335	171.094	1.431603	1.654632
2424	-297.268	-468.8416	171.5736	0.6927571	1.836356
2430	-286.5058	-458.2677	171.7619	1.059174	1.436055
2436	-283.5148	-454.9644	171.4496	1.427792	1.392477
2442	-287.4681	-459.1674	171.6994	1.427792	1.188344
2448	-291.7351	-463.2874	171.5524	1.103353	1.560179
2454	-282.9386	-454.4752	171.5366	0.9623863	1.673665
2460	-280.1442	-451.527	171.3828	1.142343	1.654983
2466	-284.9188	-456.0908	171.172	0.9907705	1.907001
2472	-293.6852	-465.2566	171.5714	1.356705	1.352605
2478	-288.5315	-460.2423	171.7108	1.029573	1.497253
2484	-279.2927	-450.6196	171.3269	1.280076	1.595866
2490	-274.5399	-446.2701	171.7302	1.053623	1.464468
2496	-287.5319	-459.0657	171.5338	1.433329	1.321411
2502	-284.0784	-455.9194	171.841	0.8750181	1.515476
2508	-282.2939	-453.4776	171.1836	1.253877	1.717249
2514	-275.6933	-447.2352	171.542	1.274771	1.439365
2520	-281.7113	-453.1372	171.4259	1.582049	1.288353
2526	-299.1186	-470.7362	171.6177	1.300081	1.360803
2532	-294.3515	-465.7416	171.39	1.348052	1.498985
2538	-278.2424	-449.8213	171.5789	1.348052	1.353515
2544	-283.6469	-455.1845	171.5375	1.299855	1.423501
2550	-294.0548	-465.021	170.9662	2.492271	0.8623782
2556	-284.09	-455.7029	171.613	1.673858	1.043531
2562	-281.9863	-453.1297	171.1434	1.767539	1.366195
2568	-271.7768	-442.9553	171.1785	1.953511	1.184159
2574	-275.1701	-446.5322	171.3621	1.72709	1.220836
2580	-290.7612	-462.4476	171.6865	1.255233	1.341785
2586	-282.8429	-454.1381	171.2953	1.647585	1.340871
2592	-293.8398	-465.356	171.5162	0.9004329	1.731934
2598	-295.5095	-467.1225	171.613	0.9804758	1.605704
2604	-282.74	-454.4553	171.7152	1.100637	1.44003
2610	-292.6724	-464.038	171.3656	1.100637	1.696966
2616	-280.8583	-452.3484	171.4901	1.553606	1.258914
2622	-293.7029	-465.5719	171.869	1.029125	1.376266
2628	-295.6966	-467.1892	171.4926	1.544391	1.264471
2634	-282.579	-454.2504	171.6714	1.253357	1.355244
2640	-284.2321	-455.3467	171.1146	1.645743	1.482218
2646	-287.9254	-459.0759	171.1505	2.21605	0.9640756
2652	-282.4516	-454.4	171.9484	1.32996	1.051654
2658	-294.6356	-465.8746	171.239	2.155345	0.9347496
2664	-298.3804	-469.851	171.4706	1.696247	1.153704
2670	-292.2622	-463.6835	171.4213	2.007096	0.8972155
2676	-295.6866	-466.955	171.2683	2.027564	1.034791
2682	-288.6816	-459.8956	171.2139	2.147291	0.9695716
2688	-290.1063	-461.4942	171.3879	1.277781	1.552842
2694	-295.4573	-466.8916	171.4344	1.788134	1.103756
2700	-289.7294	-460.8779	171.1484	2.074051	1.103756
2706	-285.6946	-457.2629	171.5683	1.120053	1.536104
2712	-281.9358	-453.3609	171.4251	0.9476309	1.762687
2718	-289.2262	-460.3067	171.0805	1.251208	1.791236
2724	-299.9056	-471.3653	171.4598	1.045634	1.669064
2730	-302.1706	-473.5315	171.3609	1.682079	1.259527
2736	-288.6978	-460.0637	171.366	1.704681	1.23644
2742	-297.4422	-468.3807	170.9385	2.132179	1.23644
2748	-302.5418	-473.6416	171.0998	2.01012	1.203193
2754	-298.2125	-470.0842	171.8717	1.497389	0.9614344
2760	-300.3941	-471.6103	171.2162	1.107011	1.797113
2766	-298.3447	-469.9509	171.6062	1.342536	1.336182
2772	-294.1428	-465.3573	171.2145	1.275735	1.679881
2778	-286.422	-457.8347	171.4127	1.460511	1.39572
2784	-291.6046	-463.4936	171.889	1.535911	0.9011411
2790	-293.2772	-464.3614	171.0842	2.383738	0.8509594
2796	-293.7306	-465.4956	171.7651	1.366181	1.18481
2802	-296.5388	-468.0769	171.5382	1.506463	1.258157
2808	-295.1875	-466.5291	171.3416	1.729091	1.236417
2814	-295.2191	-466.5834	171.3643	1.88222	1.081609
2820	-295.3538	-467.1418	171.7881	1.240697	1.271277
2826	-289.6652	-461.1064	171.4412	1.386338	1.431109
2832	-293.0602	-464.3723	171.3121	1.447291	1.482994
2838	-295.9931	-466.6347	170.6417	2.888758	0.7692821
2844	-288.6293	-460.1668	171.5375	1.890703	0.8973793
2850	-296.4327	-468.2423	171.8096	1.515877	1.005775
2856	-288.79	-460.1318	171.3418	1.378056	1.512672
2862	-288.1289	-459.1158	170.9869	0.7664295	2.178266
2868	-283.6923	-454.9732	171.281	1.069423	1.778277
2874	-291.2576	-462.7166	171.459	0.9572175	1.732249
2880	-290.0739	-461.4559	171.382	1.034207	1.732249
2886	-291.334	-462.4485	171.1145	1.392058	1.668256
2892	-292.4678	-463.4786	171.0108	0.9016819	2.074202
2898	-311.7301	-483.6498	171.9197	1.299945	1.106385
2904	-291.8668	-463.0961	171.2293	1.305523	1.648
2910	-292.3893	-463.4018	171.0125	1.11001	1.934255
2916	-293.0055	-464.4334	171.4279	1.288842	1.514997
2922	-296.6562	-468.0114	171.3552	0.9468113	1.811793
2928	-289.2013	-460.9068	171.7055	0.6669601	1.76288
2934	-293.8918	-465.1468	171.255	1.550553	1.447924
2940	-299.0091	-470.1591	171.15	1.550553	1.527018
2946	-296.2606	-467.415	171.1544	2.012625	1.153547
2952	-300.9868	-472.3455	171.3588	2.012625	0.9590346
2958	-307.0875	-478.2874	171.1999	1.848321	1.255136
2964	-285.1948	-456.8833	171.6885	1.446432	1.181594
2970	-297.6624	-469.0255	171.3632	1.396187	1.482981
2976	-290.2051	-461.5065	171.3014	1.457929	1.482981
2982	-292.0063	-463.6035	171.5972	1.701967	1.031667
2988	-300.7408	-472.338	171.5972	1.701967	1.031667
2994	-294.2832	-465.5807	171.2975	1.50277	1.451973
3000	-286.0569	-457.8055	171.7486	1.606018	0.9764097
3006	-286.128	-458.064	171.936	1.017076	1.332713
3012	-282.7195	-454.3455	171.626	1.181874	1.446187
3018	-288.0196	-459.6437	171.6242	1.232401	1.408696
3024	-277.7285	-449.6246	171.8962	1.371633	1.061672
3030	-305.7844	-477.3551	171.5707	1.177727	1.491237
3036	-296.9812	-468.5252	171.544	1.165736	1.52017
3042	-286.9449	-458.7004	171.7554	1.35503	1.202686
3048	-287.1418	-458.895	171.7532	1.314548	1.238889
3054	-299.8056	-471.2113	171.4057	2.011127	0.9101981
3060	-286.434	-457.7687	171.3347	1.787535	1.192554
3066	-287.0981	-458.6091	171.511	1.402196	1.364395
3072	-285.7846	-457.5808	171.7962	1.226652	1.276108
3078	-288.2052	-459.7484	171.5432	1.515041	1.246809
3084	-298.6924	-469.9846	171.2923	1.608877	1.373895
3090	-294.7942	-466.2518	171.4576	1.608877	1.239928
3096	-295.5324	-466.8828	171.3504	2.033438	0.9459137
3102	-294.1231	-465.3534	171.2303	1.904469	1.181756
3108	-290.7846	-462.7662	171.9816	1.252339	1.09328
3114	-283.9382	-455.3278	171.3896	1.844328	1.09328
3120	-281.891	-453.1861	171.2951	1.830223	1.189917
3126	-290.9713	-462.412	171.4407	1.837494	1.051793
3132	-287.7418	-459.2271	171.4852	1.79295	1.051793
3138	-302.7248	-474.2563	171.5315	1.557363	1.221069
3144	-303.4486	-474.5779	171.1292	1.894594	1.275334
3150	-289.1015	-460.7419	171.6404	1.443915	1.224946
3156	-288.1919	-459.6688	171.4769	1.511023	1.304665
3162	-296.3707	-467.8176	171.4468	1.837363	1.046062
3168	-298.0918	-469.2395	171.1476	1.05405	1.880601
3174	-292.1561	-463.7167	171.5605	1.235241	1.455391
3180	-289.637	-461.2239	171.5869	1.256501	1.418859
3186	-292.3495	-463.8502	171.5007	1.005362	1.668576
3192	-304.8184	-476.7288	171.9104	1.141593	1.252001
3198	-286.2392	-458.206	171.9669	1.141593	1.204412
3204	-286.3973	-457.7768	171.3796	1.560738	1.342913
3210	-283.2022	-454.525	171.3228	1.560738	1.387662
3216	-273.8872	-445.4611	171.5739	1.560738	1.18191
3222	-281.9406	-453.31	171.3694	1.374663	1.494506
3228	-284.9649	-456.1318	171.1669	1.133688	1.812791
3234	-287.097	-458.7078	171.6108	1.16481	1.47072
3240	-287.7254	-459.5182	171.7929	1.164068	1.329634
3246	-288.6941	-460.3334	171.6394	1.296282	1.346626
3252	-281.681	-453.3641	171.6831	1.485913	1.151759
3258	-280.9103	-452.3585	171.4482	1.703817	1.166772
3264	-290.0216	-461.5267	171.5052	1.876875	0.9478331
3270	-285.1771	-457.1396	171.9625	1.385662	0.9829505
3276	-299.3994	-470.8369	171.4375	1.618412	1.248782
3282	-289.6763	-461.037	171.3606	1.966827	1.003817
3288	-287.9676	-459.3826	171.415	1.486752	1.373437
3294	-289.8951	-461.4116	171.5165	1.425161	1.341818
3300	-287.9964	-459.1654	171.169	1.931207	1.211442
3306	-289.1641	-460.9155	171.7514	1.489073	1.087198
3312	-292.8657	-464.3727	171.507	1.289015	1.455231
3318	-265.5528	-437.2668	171.714	1.235611	1.335466
3324	-275.6803	-447.0712	171.3909	1.842331	1.093871
3330	-282.8476	-454.0703	171.2227	1.966435	1.133871
3336	-278.3756	-449.6971	171.3215	1.51489	1.424274
3342	-288.3013	-459.4499	171.1486	1.639465	1.461244
3348	-284.8271	-456.5384	171.7113	1.478257	1.133537
3354	-297.1007	-468.5914	171.4907	1.677534	1.152454
3360	-287.2593	-458.5694	171.3101	1.347306	1.558927
3366	-290.3931	-461.9644	171.5713	1.464341	1.265621
3372	-292.2866	-463.6659	171.3793	1.464341	1.418653
3378	-290.8356	-461.7715	170.9358	1.843093	1.468184
3384	-288.5852	-460.1451	171.5599	1.508701	1.238121
3390	-282.7923	-454.7941	172.0018	0.9824192	1.307607
3396	-284.4716	-455.9877	171.5161	1.35712	1.395744
3402	-291.7934	-463.3737	171.5803	1.478402	1.246412
3408	-285.9097	-457.3355	171.4258	1.309658	1.50094
3414	-285.2935	-456.975	171.6815	1.126533	1.44603
3420	-290.9779	-462.2655	171.2875	0.8394364	1.931244
3426	-294.8002	-465.5144	170.7142	0.8955488	2.270851
3432	-303.3635	-474.7008	171.3373	1.214123	1.6361
3438	-303.8314	-475.6325	171.8011	1.222736	1.275354
3444	-300.0029	-471.5967	171.5938	1.36688	1.326625
3450	-297.8712	-469.1275	171.2563	1.891561	1.170399
3456	-299.8274	-471.0989	171.2715	1.876314	1.170399
3462	-293.6714	-465.167	171.4957	1.879328	0.9552502
3468	-292.0931	-463.8533	171.7602	1.404577	1.155541
3474	-295.8528	-467.4648	171.612	1.458125	1.236897
3480	-299.2424	-470.6833	171.4408	1.544242	1.30696
3486	-304.2938	-475.71	171.4162	1.179189	1.604295
3492	-311.7343	-483.1912	171.4569	1.587068	1.258706
3498	-300.4044	-471.8823	171.4779	1.587068	1.241209
3504	-312.005	-482.8125	170.8075	2.276429	1.225221
3510	-295.0892	-466.2822	171.193	2.158609	0.9794575
3516	-297.5517	-469.0407	171.4891	1.923318	0.9150852
3522	-291.0061	-462.634	171.6279	1.497439	1.189936
3528	-285.4068	-456.503	171.0961	1.466623	1.627902
3534	-286.7489	-458.4115	171.6626	1.475522	1.178892
3540	-309.4493	-480.5225	171.0731	2.227845	1.029868
3546	-289.7953	-461.0316	171.2364	2.032448	1.060678
3552	-292.0755	-463.2671	171.1915	1.175013	1.767027
3558	-291.499	-463.2632	171.7642	1.084816	1.414542
3564	-286.667	-458.1895	171.5225	1.57917	1.210178
3570	-287.5859	-458.7556	171.1697	1.992625	1.157717
3576	-292.2991	-463.7725	171.4734	1.596099	1.237368
3582	-281.0109	-452.6886	171.6777	1.538808	1.109206
3588	-284.4232	-455.748	171.3248	1.282789	1.595378
3594	-294.6456	-465.7559	171.1102	2.43245	0.7513644
3600	-283.1346	-454.3321	171.1975	2.081343	1.051157
3606	-289.4848	-460.1778	170.693	2.724962	0.908897
3612	-295.297	-466.9754	171.6784	1.667338	0.9854416
3618	-295.9985	-467.4988	171.5004	1.830989	0.9999365
3624	-293.9143	-465.4124	171.4981	1.826372	1.006789
3630	-287.4594	-458.9551	171.4958	1.735678	1.095541
3636	-300.7981	-472.6581	171.86	1.491113	0.9799486
3642	-289.2295	-460.2261	170.9966	2.109309	1.20662
3648	-290.2656	-461.2814	171.0158	2.252754	1.060955
3654	-280.4152	-451.7374	171.3222	1.072273	1.747484
3660	-280.9831	-452.3516	171.3685	1.072273	1.714938
3666	-284.8477	-456.2758	171.4281	1.60957	1.263902
3672	-283.7895	-455.4552	171.6656	1.132673	1.453473
3678	-285.6414	-457.4958	171.8544	0.7669069	1.585416
3684	-284.8783	-456.4983	171.62	1.152306	1.473176
3690	-287.9792	-459.5027	171.5236	1.097732	1.585416
3696	-300.2409	-471.6852	171.4443	1.289509	1.502207
3702	-294.6067	-466.1843	171.5776	1.436361	1.283456
3708	-287.6835	-458.9831	171.2996	1.804045	1.208504
3714	-281.4972	-452.9714	171.4742	1.626157	1.211329
3720	-285.2016	-456.5769	171.3754	1.680926	1.248444
3726	-294.3408	-466.0802	171.7394	1.320972	1.245024
3732	-283.2861	-455.096	171.8099	1.282076	1.218467
3738	-288.0954	-459.8625	171.7671	1.499545	1.062738
3744	-296.1907	-467.9219	171.7312	1.410534	1.175742
3750	-278.8101	-450.6281	171.818	1.252156	1.236807
3756	-283.2018	-455.2588	172.0571	1.160421	1.108334
3762	-289.3077	-460.6959	171.3882	1.686639	1.232932
3768	-285.3918	-456.5864	171.1947	1.725171	1.359149
3774	-281.7253	-453.4771	171.7519	1.214109	1.322376
3780	-284.4736	-455.9305	171.457	0.944752	1.742421
3786	-295.373	-467.1319	171.7589	1.228086	1.305417
3792	-291.6239	-462.981	171.3571	1.598412	1.330761
3798	-286.4929	-457.7033	171.2104	2.076115	1.043795
3804	-300.5224	-471.6883	171.1659	1.694465	1.405769
3810	-306.4696	-477.6473	171.1777	1.404653	1.613759
3816	-311.7477	-483.3209	171.5732	1.404653	1.312793
3822	-303.2384	-474.7235	171.4851	1.523678	1.287689
3828	-297.9053	-469.3121	171.4068	1.73574	1.175011
3834	-291.5586	-463.511	171.9524	1.1139	1.240044
3840	-289.173	-460.3747	171.2017	1.894547	1.214771
3846	-289.7123	-460.914	171.2017	1.894547	1.214771
3852	-283.4963	-454.7848	171.2885	1.314499	1.598733
3858	-286.2362	-457.3507	171.1144	1.633925	1.49128
3864	-285.3011	-456.6407	171.3396	1.485175	1.433218
3870	-291.838	-463.3262	171.4882	1.589316	1.230633
3876	-287.4671	-459.0835	171.6164	1.57362	1.133097
3882	-287.3828	-458.9034	171.5206	1.604858	1.189831
3888	-288.6842	-459.986	171.3019	1.930242	1.094927
3894	-301.8525	-473.6885	171.836	1.347631	1.138856
3900	-302.205	-473.1611	170.956	2.008339	1.323643
3906	-302.0109	-473.3221	171.3112	1.653155	1.323643
3912	-292.1033	-463.4054	171.3021	1.908948	1.114215
3918	-288.0133	-459.2422	171.2289	1.251523	1.686861
3924	-288.1586	-459.68	171.5214	1.494056	1.282209
3930	-290.3177	-462.1244	171.8067	0.9780201	1.463802
3936	-298.3349	-470.2076	171.8727	1.164654	1.264154
3942	-296.2055	-467.3924	171.1869	2.33126	0.7863892
3948	-300.2379	-471.387	171.149	2.2284	0.9526953
3954	-299.4242	-471.0453	171.6211	1.258998	1.390356
3960	-294.8102	-466.0939	171.2837	1.454758	1.498746
3966	-287.6933	-459.3476	171.6543	0.929101	1.612958
3972	-289.561	-461.1759	171.6149	0.9622889	1.617472
3978	-290.4357	-461.7886	171.353	0.9002341	1.845387
3984	-290.885	-462.281	171.3959	1.284116	1.542224
3990	-287.6013	-459.32	171.7187	1.619105	0.9934239
3996	-294.9766	-466.3593	171.3827	1.619105	1.293373
4002	-287.9973	-459.5184	171.5211	1.619105	1.177056
4008	-294.8602	-466.0888	171.2285	1.653628	1.388768
4014	-288.4053	-459.5929	171.1876	1.836368	1.275201
4020	-285.3509	-456.6235	171.2726	1.833259	1.206587
4026	-282.4932	-453.9512	171.4579	1.07856	1.646824
4032	-280.028	-451.355	171.327	1.07856	1.739691
4038	-281.2392	-452.8848	171.6456	1.04967	1.530935
4044	-291.557	-462.7713	171.2143	1.480979	1.530935
4050	-291.4407	-462.7148	171.2741	1.421179	1.530935
4056	-281.7806	-453.3557	171.5751	1.636711	1.113515
4062	-279.0507	-450.5348	171.4841	1.922065	0.9219461
4068	-283.9751	-455.3608	171.3856	1.766206	1.166885
4074	-285.0999	-456.7037	171.6038	1.387849	1.301616
4080	-278.6696	-450.2319	171.5623	1.600943	1.156913
4086	-277.533	-448.4067	170.8737	2.660533	0.7638283
4092	-279.9426	-451.4284	171.4859	1.726543	1.112949
4098	-276.575	-448.1731	171.5981	1.733282	0.9999456
4104	-283.6563	-455.4016	171.7453	1.011991	1.484579
4110	-277.3796	-448.6188	171.2392	2.016405	1.073148
4116	-281.4857	-452.9961	171.5104	1.745171	1.073148
4122	-287.4825	-458.8985	171.416	1.653358	1.237485
4128	-287.3087	-459.2146	171.9059	1.183173	1.2209
4134	-281.7641	-453.1268	171.3627	1.058344	1.728874
4140	-286.3977	-458.0607	171.6631	1.038494	1.526285
4146	-281.3459	-452.7237	171.3778	1.314239	1.533367
4152	-284.0061	-455.7298	171.7236	1.054932	1.468486
4158	-289.4082	-461.0016	171.5934	1.185101	1.468486
4164	-295.1002	-466.8759	171.7758	1.44863	1.102012
4170	-292.1231	-463.416	171.2929	1.528837	1.435559
4176	-302.7445	-474.0367	171.2922	1.528837	1.436107
4182	-307.8913	-479.7938	171.9025	1.456799	0.9716053
4188	-293.9565	-465.4125	171.456	1.433507	1.383015
4194	-294.8564	-466.1084	171.252	1.967013	1.10695
4200	-291.2197	-462.7752	171.5555	1.359636	1.362861
4206	-289.7388	-461.1603	171.4214	1.743721	1.155208
4212	-297.746	-469.5508	171.8048	1.131035	1.346497
4218	-297.3426	-468.3943	171.0518	2.153689	1.119238
4224	-284.5269	-455.9004	171.3735	1.928949	1.028453
4230	-289.0711	-460.6684	171.5973	1.589245	1.136215
4236	-280.2809	-452.0106	171.7297	1.589245	1.012273
4242	-287.5126	-458.8547	171.3421	1.872515	1.110971
4248	-280.4566	-452.2336	171.777	1.12171	1.375799
4254	-286.2504	-458.3692	172.1188	0.9544048	1.234276
4260	-285.2601	-456.518	171.2579	1.772596	1.269826
4266	-303.5399	-474.7255	171.1856	1.692429	1.391997
4272	-302.0934	-473.3706	171.2772	2.100794	0.9520963
4278	-292.0112	-463.7467	171.7355	1.64252	0.9520963
4284	-301.4515	-472.116	170.6645	2.724522	0.9403968
4290	-293.5029	-464.5537	171.0507	2.198937	1.078661
4296	-289.9142	-461.5187	171.6045	1.733026	0.9937077
4302	-292.5173	-463.7531	171.2358	1.959558	1.128325
4308	-287.881	-459.1959	171.3149	1.919919	1.092467
4314	-281.6032	-452.74	171.1367	1.999663	1.180349
4320	-304.7048	-476.3612	171.6564	1.534635	1.132245
4326	-292.526	-463.8146	171.2887	1.792645	1.227457
4332	-290.0623	-461.1834	171.1211	1.445635	1.625018
4338	-290.6042	-462.1276	171.5234	1.619934	1.174279
4344	-287.5742	-459.136	171.5618	1.608446	1.150703
4350	-296.8827	-468.227	171.3442	1.846014	1.132914
4356	-290.5031	-462.5148	172.0117	1.182393	1.129458
4362	-289.2855	-460.6986	171.4132	1.509497	1.356913
4368	-284.7743	-456.1414	171.3671	1.839682	1.118044
4374	-276.2081	-447.6887	171.4806	1.196219	1.544654
4380	-279.7173	-451.3222	171.6049	1.71991	1.00644
4386	-286.6856	-458.4264	171.7408	1.530733	1.058093
4392	-286.7994	-458.2412	171.4418	1.258439	1.527293
4398	-293.7533	-464.9994	171.2461	1.9025	1.169716
4404	-293.155	-464.2452	171.0902	2.111731	1.122463
4410	-298.4993	-469.4622	170.9629	2.38015	0.9881204
4416	-297.3383	-468.37	171.0317	2.495262	0.7742047
4422	-291.3545	-462.6802	171.3257	1.89151	1.108559
4428	-283.6422	-454.9549	171.3127	1.836787	1.168975
4434	-283.6585	-454.5898	170.9312	2.282001	1.11219
4440	-284.4721	-455.6873	171.2152	2.282001	0.8143358
4446	-288.8879	-459.9095	171.0216	2.445337	0.8521759
4452	-285.9564	-456.7989	170.8425	2.590481	0.8920647
4458	-287.4155	-458.5056	171.0901	2.533384	0.5906999
4464	-289.2996	-459.8164	170.5168	2.919872	0.8877803
4470	-295.3731	-467.0925	171.7194	1.614876	0.9969956
4476	-288.7216	-460.1487	171.4271	1.383337	1.444193
4482	-294.9282	-466.2617	171.3336	0.963379	1.815303
4488	-291.8798	-463.069	171.1892	0.963379	1.913922
4494	-297.7385	-468.7761	171.0376	1.049924	1.957762
4500	-303.6265	-474.2736	170.6471	1.239766	2.091046
4506	-297.0445	-468.6815	171.637	0.8885181	1.654703
4512	-291.8098	-463.6258	171.816	1.221211	1.2643
4518	-294.9664	-466.3376	171.3712	1.252223	1.583874
4524	-291.7166	-462.7375	171.0208	1.411779	1.720711
4530	-287.2413	-458.5328	171.2916	1.373639	1.553201
4536	-294.7076	-466.3199	171.6122	1.5768	1.134012
4542	-286.0006	-457.2721	171.2715	1.955456	1.099711
4548	-282.9222	-454.4754	171.5532	1.815957	0.9613415
4554	-299.4579	-470.8911	171.4332	1.056703	1.680103
4560	-292.0199	-463.5642	171.5442	1.056703	1.600268
4566	-278.9649	-450.2843	171.3194	1.339575	1.557758
4572	-277.6034	-448.8243	171.2209	1.87416	1.215859
4578	-289.4778	-460.0616	170.5837	2.825996	0.9180114
4584	-281.5422	-452.996	171.4539	1.730252	1.138381
4590	-301.1663	-472.6702	171.5038	1.730252	1.093107
4596	-306.7603	-478.2447	171.4844	1.677384	1.158153
4602	-300.7149	-472.3231	171.6083	1.531277	1.177623
4608	-301.1448	-472.6012	171.4564	1.683135	1.177623
4614	-300.4572	-472.1273	171.6701	1.712234	0.9475392
4620	-290.4669	-461.8662	171.3992	1.845428	1.083344
4626	-294.0112	-465.5574	171.5461	1.504892	1.25283
4632	-295.8234	-467.7816	171.9582	1.008318	1.321955
4638	-288.6077	-459.7693	171.1616	1.429592	1.607351
4644	-289.8845	-461.3625	171.4781	1.771685	1.078595
4650	-304.9497	-475.5906	170.6409	2.488186	1.1867
4656	-293.7435	-464.9123	171.1688	1.716789	1.386089
4662	-285.4408	-457.234	171.7932	0.8693702	1.555117
4668	-289.2436	-460.843	171.5995	1.437366	1.264593
4674	-293.8523	-465.2362	171.384	1.308398	1.5331
4680	-297.585	-469.2511	171.6661	0.7170659	1.755399
4686	-294.2343	-465.6212	171.3869	1.408124	1.455952
4692	-285.1656	-456.6194	171.4537	1.566907	1.277944
4698	-280.8844	-452.3592	171.4748	1.8425	1.013903
4704	-290.9195	-462.5861	171.6666	1.234461	1.373925
4710	-284.9552	-455.9404	170.9853	1.710357	1.530666
4716	-294.3413	-465.6723	171.331	1.792562	1.191453
4722	-295.2872	-466.3556	171.0684	2.245512	1.017264
4728	-286.0192	-457.1735	171.1543	2.245512	0.928774
4734	-290.7428	-461.8653	171.1225	2.28157	0.9241646
4740	-285.9109	-456.8362	170.9253	2.585281	0.7967854
4746	-282.973	-453.866	170.893	2.469234	0.9685088
4752	-273.9167	-445.24	171.3234	1.290257	1.591003
4758	-285.8592	-457.2077	171.3485	1.563258	1.365538
4764	-291.2922	-462.8394	171.5473	1.215155	1.480694
4770	-295.4831	-466.3777	170.8946	1.498064	1.748766
4776	-284.8174	-456.2891	171.4717	0.9209921	1.748766
4782	-290.524	-461.844	171.3201	0.707043	1.998214
4788	-294.0233	-465.4812	171.4579	1.224038	1.540852
4794	-285.8435	-457.2725	171.429	1.50249	1.349909
4800	-296.7308	-468.1294	171.3986	1.42008	1.437866
4806	-301.3554	-472.758	171.4025	1.377443	1.467397
4812	-302.4288	-474.1102	171.6814	1.341481	1.276089
4818	-289.2871	-460.5004	171.2133	1.920612	1.182527
4824	-284.5222	-455.8881	171.3659	1.636089	1.293176
4830	-284.3907	-456.1342	171.7435	1.026922	1.474672
4836	-293.7041	-464.9796	171.2755	1.494923	1.474672
4842	-281.2822	-452.9185	171.6363	1.494923	1.184866
4848	-279.894	-451.561	171.667	1.459423	1.188975
4854	-292.0853	-463.7508	171.6655	0.8424024	1.667316
4860	-286.0239	-457.3869	171.363	1.492212	1.409722
4866	-287.4668	-458.5769	171.1101	2.210085	1.011042
4872	-296.6809	-468.1168	171.4359	1.258327	1.531733
4878	-301.9737	-473.6566	171.6829	1.085513	1.476178
4884	-291.5884	-462.869	171.2806	1.391237	1.54828
4890	-299.5696	-471.0079	171.4383	1.357089	1.455671
4896	-296.4085	-467.9532	171.5447	1.893442	0.886133
4902	-294.6199	-466.3084	171.6884	1.323939	1.284729
4908	-298.6044	-470.4075	171.803	0.9030748	1.522888
4914	-289.9613	-461.6106	171.6493	1.351842	1.293876
4920	-286.6217	-458.0259	171.4042	1.196839	1.600172
4926	-296.1212	-467.4614	171.3402	1.124519	1.697996
4932	-290.3429	-461.7716	171.4287	1.424966	1.410922
4938	-291.9362	-463.6861	171.7499	1.424966	1.146579
4944	-294.7158	-466.1383	171.4225	1.288999	1.518906
4950	-306.2877	-477.8573	171.5697	1.052598	1.584695
4956	-297.7977	-469.1582	171.3605	1.719327	1.228722
4962	-288.3809	-459.7312	171.3504	1.729462	1.228722
4968	-293.7546	-464.9195	171.1649	1.877509	1.260015
4974	-282.8473	-453.8841	171.0368	2.122633	1.160215
4980	-280.5288	-452.0355	171.5068	1.652704	1.160215
4986	-286.849	-458.5799	171.7308	1.428609	1.160215
4992	-298.9563	-470.3522	171.3959	1.361956	1.484138
4998	-289.0235	-460.4117	171.3882	1.807712	1.127822
5004	-295.05	-466.2355	171.1855	2.075221	1.068321
5010	-284.7199	-456.225	171.5051	1.504409	1.287082
5016	-294.9327	-466.0204	171.0877	2.219026	1.02431
5022	-297.7587	-468.6021	170.8434	1.829803	1.54732
5028	-300.1375	-471.481	171.3435	1.663258	1.289339
5034	-292.1736	-463.5221	171.3485	1.663258	1.28527
5040	-287.1155	-458.5991	171.4836	1.528792	1.284707
5046	-293.8249	-465.2126	171.3876	1.78881	1.145213
5052	-287.6523	-458.7405	171.0882	1.107031	1.884999
5058	-286.1572	-458.0696	171.9123	1.107031	1.279015
5064	-285.5388	-457.1857	171.6469	1.372399	1.279015
5070	-289.432	-461.1567	171.7247	1.331687	1.248376
5076	-282.0669	-453.5593	171.4924	1.53865	1.269358
5082	-288.0481	-459.3737	171.3256	2.066768	0.9368081
5088	-289.3804	-460.7845	171.4041	1.782195	1.136453
5094	-285.7025	-457.0422	171.3397	1.097211	1.717639
5100	-289.9362	-461.4816	171.5454	1.135793	1.541392
5106	-289.0663	-460.392	171.3257	1.411796	1.499407
5112	-295.5561	-467.2727	171.7165	1.285904	1.292839
5118	-296.0961	-467.9758	171.8797	1.130756	1.286302
5124	-297.544	-469.1244	171.5804	1.074521	1.560748
5130	-300.4317	-471.7227	171.2911	1.505246	1.454981
5136	-295.0867	-466.4397	171.353	1.290872	1.568877
5142	-308.4356	-480.3567	171.9211	0.6516936	1.620642
5148	-304.3095	-475.6751	171.3656	1.27224	1.573285
5154	-296.0287	-467.2886	171.2599	1.456515	1.515219
5160	-305.011	-476.1453	171.1343	1.42934	1.627283
5166	-294.9443	-466.8896	171.9453	0.8763201	1.435658
5172	-308.8543	-480.7223	171.868	0.981984	1.413823
5178	-299.0678	-470.3415	171.2737	0.8094521	1.960696
5184	-300.3596	-471.4859	171.1263	1.637473	1.479672
5190	-303.9913	-475.4883	171.4969	1.284349	1.466419
5196	-301.7442	-473.2867	171.5425	1.23881	1.466419
5202	-291.226	-462.687	171.461	1.414762	1.393747
5208	-296.3366	-467.5341	171.1975	1.513064	1.519586
5214	-314.5803	-486.1407	171.5604	1.150124	1.519586
5220	-300.1419	-471.5812	171.4393	1.556026	1.298604
5226	-296.6486	-468.116	171.4674	1.572331	1.262231
5232	-302.4434	-473.8604	171.417	1.368941	1.462862
5238	-287.7725	-459.5572	171.7847	0.9449052	1.505343
5244	-304.833	-476.8399	172.0069	1.079718	1.222954
5250	-293.2164	-464.9578	171.7415	1.278886	1.278178
5256	-302.473	-473.8352	171.3622	1.524488	1.385247
5262	-290.0044	-461.4729	171.4685	0.8419495	1.805971
5268	-288.1682	-459.4134	171.2452	1.923534	1.152063
5274	-288.8268	-459.8308	171.004	2.164722	1.152063
5280	-297.0242	-468.8258	171.8016	1.430791	1.094685
5286	-300.7542	-471.7928	171.0386	2.260792	1.031388
5292	-296.0409	-467.6097	171.5688	1.52748	1.214768
5298	-285.8261	-457.2961	171.47	1.212546	1.540376
5304	-303.1087	-474.2983	171.1896	1.623983	1.441801
5310	-289.2463	-460.7805	171.5343	1.690877	1.101315
5316	-293.0237	-464.2272	171.2035	1.973593	1.144668
5322	-282.8748	-454.4828	171.6081	1.452106	1.245203
5328	-284.2597	-455.5683	171.3087	1.431042	1.497783
5334	-297.1656	-468.7773	171.6117	1.621375	1.094081
5340	-292.248	-463.6836	171.4356	1.753782	1.133666
5346	-294.4779	-466.2378	171.7599	1.43103	1.132323
5352	-291.1161	-462.2711	171.155	1.46918	1.583343
5358	-291.8986	-463.1586	171.26	1.191105	1.707646
5364	-285.8523	-457.1986	171.3463	1.718475	1.241349
5370	-285.8196	-457.3028	171.4832	1.318197	1.451125
5376	-290.5497	-462.2979	171.7482	1.318197	1.239977
5382	-280.8671	-452.2635	171.3964	1.624975	1.277344
5388	-296.5446	-467.5466	171.0019	2.132554	1.181998
5394	-294.1907	-465.8986	171.7079	1.37815	1.223444
5400	-281.6881	-453.1673	171.4792	1.32769	1.446895
5406	-284.8842	-456.3319	171.4476	1.350914	1.453296
5412	-293.5272	-464.8385	171.3113	1.246062	1.631814
5418	-289.7154	-461.3782	171.6629	1.562705	1.10094
5424	-279.7566	-451.5087	171.7521	1.331222	1.225729
5430	-284.7459	-456.2285	171.4826	1.346318	1.430062
5436	-290.3508	-461.6424	171.2916	1.872097	1.156467
5442	-283.0311	-453.8795	170.8483	2.652061	0.8102106
5448	-289.3231	-461.1111	171.788	1.614755	0.9256485
5454	-296.0763	-467.6438	171.5675	1.044168	1.592448
5460	-298.4626	-469.8102	171.3476	1.347073	1.531411
5466	-291.6103	-463.2366	171.6264	1.50438	1.185233
5472	-294.5976	-465.9214	171.3238	1.703131	1.272811
5478	-292.5717	-463.9175	171.3458	0.8852082	1.86059
5484	-290.7778	-462.2101	171.4323	1.013145	1.711618
5490	-290.0065	-460.8408	170.8343	2.154279	1.304112
5496	-285.254	-456.9165	171.6625	1.622634	1.045122
5502	-286.6687	-458.0508	171.382	1.903124	1.045122
5508	-281.6433	-452.9851	171.3418	1.616862	1.328236
5514	-287.0221	-457.6999	170.6778	2.801502	0.8370439
5520	-287.3555	-458.6789	171.3233	2.156003	0.8370439
5526	-286.2603	-457.3694	171.1091	2.382324	0.821795
5532	-293.9479	-465.109	171.1611	2.3303	0.821795
5538	-287.7358	-459.1958	171.46	1.984464	0.8788444
5544	-290.4992	-461.9019	171.4027	1.908422	1.019945
5550	-274.1413	-445.8601	171.7188	1.474204	1.130469
5556	-281.3865	-453.1086	171.7221	1.474204	1.127462
5562	-278.0838	-449.8011	171.7173	1.348237	1.240746
5568	-272.3317	-443.6247	171.293	1.981467	1.055355
5574	-277.8062	-449.1163	171.3101	1.958636	1.060736
5580	-279.5771	-451.4711	171.894	1.18977	1.225424
5586	-288.2296	-459.5602	171.3307	1.575818	1.369704
5592	-290.3004	-461.9655	171.6651	1.261595	1.353734
5598	-295.904	-467.0297	171.1257	2.153602	1.050758
5604	-302.7518	-474.4062	171.6544	1.829827	0.8309555
5610	-290.9418	-461.9674	171.0256	1.865601	1.381693
5616	-278.8946	-450.062	171.1674	1.723804	1.381693
5622	-285.9949	-457.0104	171.0156	2.31386	1.001869
5628	-287.27	-458.9328	171.6627	1.475377	1.178846
5634	-292.1444	-464.0523	171.9079	1.475377	0.9465433
5640	-289.3173	-461.1932	171.8759	1.02749	1.372093
5646	-297.3615	-468.8407	171.4792	1.393411	1.396207
5652	-292.2151	-464.0772	171.862	1.394061	1.072657
5658	-288.9075	-460.1905	171.2829	1.811837	1.216074
5664	-291.9907	-463.6951	171.7044	1.610208	1.016502
5670	-293.6857	-464.8994	171.2137	2.063932	1.052338
5676	-279.4848	-451.2918	171.807	1.537954	0.9862659
5682	-278.1521	-449.6045	171.4524	1.703659	1.163205
5688	-282.2277	-453.3544	171.1267	1.758227	1.386581
5694	-284.9221	-456.2699	171.3478	1.811566	1.160321
5700	-274.1564	-445.5042	171.3478	1.811566	1.160321
5706	-278.4389	-450.1767	171.7378	1.121381	1.406661
5712	-290.5984	-461.7743	171.1759	1.042252	1.869346
5718	-286.245	-457.5374	171.2924	0.8024592	1.952861
5724	-286.5535	-458.1184	171.5649	1.377508	1.341193
5730	-295.2199	-466.399	171.1792	1.46845	1.566143
5736	-301.5421	-473.216	171.6739	1.073917	1.491657
5742	-279.8334	-451.4303	171.5969	1.677087	1.055788
5748	-282.6936	-454.3503	171.6567	1.236574	1.380078
5754	-284.0115	-454.9722	170.9607	2.178719	1.177701
5760	-292.818	-464.3858	171.5678	1.869944	0.8865684
5766	-283.2358	-454.204	170.9681	2.53999	0.8000369
5772	-282.0923	-453.048	170.9558	2.09361	1.254206
5778	-296.4155	-467.5391	171.1236	2.09361	1.108531
5784	-300.3653	-471.3799	171.0146	2.341055	0.9753242
5790	-294.8852	-466.3212	171.436	1.798487	1.092766
5796	-284.4821	-455.6338	171.1517	1.798487	1.33504
5802	-280.4648	-451.4777	171.0129	1.945176	1.328732
5808	-293.3504	-464.7491	171.3988	1.110443	1.666342
5814	-289.5215	-460.5111	170.9897	1.110443	1.949324
5820	-295.3433	-467.1779	171.8346	1.005411	1.42151
5826	-290.3812	-461.8998	171.5186	0.9488336	1.696084
5832	-298.3726	-469.8177	171.4451	1.022334	1.696084
5838	-306.3317	-477.4787	171.147	1.43427	1.614563
5844	-295.8454	-467.4201	171.5747	1.153867	1.506155
5850	-295.9859	-467.4563	171.4704	1.267975	1.498747
5856	-296.5547	-468.1843	171.6296	1.057913	1.536722
5862	-294.8722	-466.0699	171.1977	1.162433	1.771512
5868	-297.2433	-468.5255	171.2822	1.287686	1.622763
5874	-300.0357	-471.7019	171.6662	1.307748	1.315948
5880	-297.2406	-468.6663	171.4257	1.498391	1.355753
5886	-309.0719	-480.5946	171.5228	1.381527	1.371414
5892	-301.1374	-473.2943	172.157	1.107006	1.065259
5898	-295.5026	-467.0661	171.5635	1.919275	0.8327098
5904	-296.2516	-468.1656	171.914	1.398731	1.018416
5910	-285.5306	-456.7365	171.2059	1.239929	1.711377
5916	-292.5107	-463.9141	171.4034	1.440687	1.418375
5922	-287.2059	-458.4119	171.2059	1.453084	1.557746
5928	-277.434	-448.9245	171.4905	1.68768	1.143703
5934	-289.41	-460.4882	171.0782	1.78907	1.400414
5940	-294.0919	-465.3463	171.2544	1.27789	1.649821
5946	-278.2806	-449.6674	171.3868	1.868416	1.073457
5952	-273.6942	-444.7844	171.0902	2.252193	0.9888214
5958	-290.0354	-461.5677	171.5324	1.842454	0.9554193
5964	-281.0672	-452.6653	171.5981	1.629187	1.099385
5970	-280.2426	-451.8484	171.6059	1.475614	1.227306
5976	-279.7331	-451.3097	171.5767	1.600385	1.144656
5982	-286.5367	-458.2066	171.6699	1.28119	1.334311
5988	-276.6721	-448.42	171.7479	1.363637	1.201786
5994	-282.8779	-454.9501	172.0721	1.016907	1.220946
6000	-297.2523	-468.6183	171.3661	1.615115	1.31011
6006	-295.5646	-467.0782	171.5137	1.48744	1.293911
6012	-300.4156	-472.0539	171.6384	1.394023	1.268256
6018	-296.4655	-467.7742	171.3087	1.390474	1.528085
6024	-296.5229	-468.1111	171.5882	1.395112	1.308343
6030	-291.6473	-463.2235	171.5761	0.9959296	1.621192
6036	-285.4636	-457.2733	171.8097	1.248844	1.246606
6042	-304.003	-475.7117	171.7087	1.108491	1.439007
6048	-296.4537	-468.0488	171.5951	1.320642	1.362402
6054	-294.4813	-465.9819	171.5006	1.576643	1.230926
6060	-294.8879	-466.7976	171.9097	1.221592	1.184735
6066	-295.5513	-466.7167	171.1654	1.426532	1.606764
6072	-286.8663	-458.1875	171.3212	0.9985555	1.799534
6078	-297.6397	-469.4754	171.8357	1.422835	1.070413
6084	-282.3092	-453.5937	171.2846	2.121466	0.9220486
6090	-285.5708	-457.1641	171.5933	1.499137	1.218068
6096	-284.3937	-455.9038	171.5101	1.182512	1.532945
6102	-300.0995	-471.6318	171.5323	1.552288	1.224667
6108	-294.9694	-466.2509	171.2815	1.776309	1.247174
6114	-287.5652	-458.6777	171.1124	2.311502	0.9022223
6120	-291.6289	-462.635	171.0061	2.525067	0.7682421
6126	-293.1101	-464.7084	171.5982	1.793525	0.937483
6132	-288.2965	-459.179	170.8826	2.50921	0.937483
6138	-288.4378	-459.6682	171.2305	2.147229	0.952432
6144	-292.0117	-463.8494	171.8377	1.069953	1.36879
6150	-299.3509	-469.5432	170.1923	3.339385	0.76754
6156	-292.9774	-464.1447	171.1674	2.355021	0.7806191
6162	-282.6929	-453.5399	170.847	2.717929	0.7164157
6168	-281.1429	-451.7458	170.603	2.744401	0.9837659
6174	-284.2523	-455.3336	171.0813	2.20875	1.040475
6180	-290.6633	-462.0693	171.406	1.50769	1.364035
6186	-281.9837	-453.5358	171.5521	1.063003	1.589933
6192	-289.1042	-459.8223	170.7182	2.689689	0.9200488
6198	-293.0023	-463.9253	170.923	2.176383	1.212143
6204	-291.9344	-463.4297	171.4953	1.578664	1.233633
6210	-282.7842	-454.2131	171.4289	1.488193	1.361301
6216	-285.4666	-457.0259	171.5593	1.621936	1.140991
6222	-291.0853	-462.1379	171.0526	2.015773	1.238324
6228	-283.8124	-455.614	171.8016	1.370922	1.148688
6234	-286.7321	-458.1209	171.3887	1.055134	1.712768
6240	-294.0504	-466.0495	171.9992	1.130104	1.186528
6246	-279.0777	-450.7249	171.6472	1.260507	1.36872
6252	-266.5371	-438.3081	171.7709	1.260507	1.269046
6258	-275.8354	-447.1888	171.3534	1.664759	1.280021
6264	-271.8881	-443.3947	171.5066	1.532261	1.262967
6270	-275.6528	-447.3025	171.6497	1.550736	1.123734
6276	-273.9255	-445.5994	171.6738	1.618371	1.038371
6282	-292.3233	-463.9448	171.6215	1.511273	1.183489
6288	-288.5135	-460.3996	171.8861	0.9927269	1.391385
6294	-292.5824	-464.0765	171.4941	1.365069	1.406696
6300	-296.5268	-467.9685	171.4417	1.566347	1.288244
6306	-301.6471	-472.9654	171.3183	1.891823	1.114994
6312	-290.5868	-462.2966	171.7098	1.436972	1.17131
6318	-283.3337	-454.8648	171.5311	1.436972	1.320686
6324	-296.4302	-468.23	171.7998	1.393707	1.129959
6330	-290.0604	-461.5032	171.4428	2.005086	0.8748466
6336	-300.3345	-471.5933	171.2589	2.104701	0.9671505
6342	-288.7117	-460.522	171.8102	1.417658	1.098801
6348	-271.7392	-443.6158	171.8766	1.442852	1.011787
6354	-294.0729	-465.4171	171.3441	1.248657	1.606166
6360	-290.3047	-461.4668	171.1621	1.422501	1.61208
6366	-272.8369	-444.095	171.2581	1.207749	1.697235
6372	-292.328	-463.6121	171.2841	2.215632	0.8110684
6378	-282.6216	-453.9834	171.3618	1.754496	1.197681
6384	-291.2572	-462.8833	171.626	1.072559	1.52849
6390	-296.1115	-467.2057	171.0942	0.8023034	2.084702
6396	-276.933	-448.8071	171.8741	0.8422034	1.515267
6402	-276.4552	-447.9499	171.4946	1.376486	1.397394
6408	-288.0104	-459.626	171.6157	1.039366	1.560686
6414	-297.101	-468.5269	171.426	1.798121	1.102301
6420	-285.6911	-457.012	171.321	1.41646	1.499487
6426	-280.7791	-452.2874	171.5083	1.596049	1.20793
6432	-307.6736	-478.8084	171.1348	1.981671	1.197567
6438	-301.1682	-472.2026	171.0344	2.158382	1.130645
6444	-296.0956	-467.2241	171.1285	2.238589	0.9635068
6450	-309.5935	-481.0024	171.4089	1.564641	1.316238
6456	-293.9268	-465.4525	171.5257	1.645667	1.149706
6462	-290.0946	-461.0426	170.948	2.369686	1.01355
6468	-295.1164	-465.7734	170.657	2.757453	0.9127956
6474	-288.6011	-459.9741	171.373	2.041417	0.9127956
6480	-286.9901	-458.3762	171.3861	1.904357	1.040081
6486	-290.4081	-461.7351	171.327	1.077058	1.740801
6492	-288.4639	-459.782	171.3182	1.35261	1.549091
6498	-289.311	-461.0449	171.734	1.151798	1.385944
6504	-296.7986	-468.1223	171.3237	1.299659	1.583921
6510	-296.253	-467.686	171.433	1.607561	1.261501
6516	-299.0742	-470.3515	171.2772	1.817049	1.216496
6522	-295.3826	-466.8682	171.4856	1.437856	1.356284
6528	-296.7876	-467.9326	171.145	1.542554	1.53666
6534	-292.1317	-463.9991	171.8674	0.9873666	1.410089
6540	-288.4388	-459.9168	171.478	1.056108	1.648557
6546	-290.1092	-461.479	171.3698	1.535428	1.370679
6552	-284.9187	-456.596	171.6773	1.570064	1.080828
6558	-291.6954	-463.1882	171.4928	1.570243	1.242836
6564	-295.8658	-467.0511	171.1853	1.342934	1.65277
6570	-293.9826	-465.6045	171.6219	1.476313	1.213132
6576	-298.6594	-470.1509	171.4915	1.266747	1.483797
6582	-305.4159	-477.1145	171.6986	1.314848	1.283824
6588	-296.022	-467.6712	171.6492	0.955469	1.597536
6594	-310.6088	-482.5029	171.8941	1.43976	0.9974065
6600	-301.0292	-472.566	171.5368	1.508194	1.257865
6606	-303.6834	-474.8651	171.1816	1.728556	1.36678
6612	-296.1639	-467.8898	171.7259	1.056915	1.465249
6618	-296.6311	-467.9026	171.2716	1.502811	1.471632
6624	-297.4345	-469.0186	171.5841	1.502811	1.222752
6630	-290.0798	-461.3674	171.2876	2.010269	1.0329
6636	-290.1259	-461.3667	171.2409	2.240361	0.8346723
6642	-299.2473	-470.9237	171.6764	1.831658	0.8000892
6648	-285.5341	-456.9458	171.4118	1.826265	1.089459
6654	-285.5947	-457.1409	171.5463	0.8324651	1.758518
6660	-295.4888	-466.8045	171.3157	1.542125	1.407728
6666	-289.6776	-460.8222	171.1446	1.601109	1.493254
6672	-303.7592	-474.904	171.1448	1.131982	1.829218
6678	-295.4798	-467.3314	171.8516	1.138507	1.302879
6684	-299.3214	-470.9523	171.6308	1.152812	1.464627
6690	-287.6893	-459.313	171.6236	1.009246	1.576941
6696	-281.2914	-453.2815	171.9901	1.214535	1.120012
6702	-287.6531	-459.3661	171.713	1.319213	1.268429
6708	-289.2692	-460.4307	171.1616	2.082552	1.083847
6714	-296.0319	-467.4154	171.3834	1.615007	1.296111
6720	-290.3824	-461.7707	171.3883	1.39711	1.463245
6726	-281.2772	-452.6392	171.3621	2.116555	0.8379109
6732	-283.0711	-454.2774	171.2063	2.272287	0.8379109
6738	-282.6054	-454.3863	171.7809	1.687391	0.8505195
6744	-278.1391	-449.4011	171.2619	1.662808	1.355278
6750	-288.3507	-460.0685	171.7178	1.088778	1.447166
6756	-275.1619	-446.9555	171.7936	0.8833337	1.544532
6762	-285.5918	-457.2736	171.6818	1.230695	1.364927
6768	-288.6196	-460.2027	171.583	1.238314	1.435856
6774	-294.4299	-466.0281	171.5982	1.261	1.406681
6780	-293.4059	-464.5151	171.1092	2.130403	1.08803
6786	-291.1728	-462.3358	171.163	2.197629	0.9702111
6792	-295.7328	-466.512	170.7792	2.852671	0.5579374
6798	-282.5638	-453.0586	170.4949	2.871716	0.9640378
6804	-284.6062	-456.1811	171.5748	1.773939	0.9823671
6810	-298.2425	-469.2461	171.0037	1.773939	1.469186
6816	-296.4457	-468.1098	171.6642	1.614834	1.051029
6822	-291.6123	-462.8507	171.2384	1.525492	1.479597
6828	-287.8074	-459.2319	171.4246	1.339283	1.479597
6834	-284.3747	-455.4517	171.077	2.122903	1.124205
6840	-281.9654	-453.6625	171.6971	1.010042	1.522087
6846	-285.4091	-457.4215	172.0124	1.051996	1.241687
6852	-285.4211	-457.0311	171.6099	0.9767168	1.610643
6858	-277.5652	-448.7457	171.1805	1.719729	1.374648
6864	-288.7882	-459.9816	171.1934	0.8684883	1.974967
6870	-286.3873	-457.7904	171.4031	0.6587922	1.974967
6876	-282.9992	-454.3012	171.302	1.112588	1.733381
6882	-294.605	-466.2331	171.628	1.112588	1.497087
6888	-287.805	-459.2628	171.4577	1.375428	1.426756
6894	-291.5749	-463.223	171.6481	1.432269	1.228239
6900	-304.5314	-476.0036	171.4723	1.432269	1.371234
6906	-292.5212	-463.7438	171.2226	1.53851	1.481705
6912	-291.6494	-462.8963	171.2469	2.141525	0.9410598
6918	-291.8015	-463.0017	171.2002	1.760596	1.326516
6924	-296.1028	-467.431	171.3281	1.056199	1.754591
6930	-289.2337	-460.6259	171.3922	1.517556	1.367095
6936	-287.1585	-458.6005	171.442	1.719837	1.158156
6942	-280.9798	-452.1266	171.1468	1.780604	1.353145
6948	-279.065	-450.7484	171.6834	1.282601	1.322346
6954	-280.9111	-452.3982	171.4871	1.573159	1.245125
6960	-294.7525	-466.4186	171.6661	1.544734	1.114384
6966	-297.4163	-469.1369	171.7206	1.215816	1.34601
6972	-286.7861	-458.5232	171.7371	1.59393	1.000261
6978	-291.6328	-462.687	171.0541	1.11083	1.905546
6984	-296.6076	-468.101	171.4934	0.771867	1.837097
6990	-292.5097	-464.1831	171.6734	0.771867	1.711762
6996	-294.5712	-465.2948	170.7236	1.358425	1.961467
7002	-293.432	-464.9834	171.5514	1.455949	1.288873
7008	-286.4783	-457.7644	171.2862	1.663589	1.335376
7014	-295.42	-466.7834	171.3634	1.735564	1.21251
7020	-282.2075	-453.7358	171.5283	1.683201	1.113766
7026	-308.7589	-479.9531	171.1942	1.873814	1.238678
7032	-294.9767	-466.5158	171.5391	1.231021	1.474837
7038	-287.9046	-459.5397	171.6352	1.249391	1.386904
7044	-279.0385	-450.3454	171.3069	1.229559	1.646865
7050	-281.2931	-453.0503	171.7572	1.314147	1.23586
7056	-278.682	-450.5618	171.8798	1.314147	1.129559
7062	-288.0019	-459.9281	171.9263	0.7273562	1.561733
7068	-295.613	-467.0933	171.4803	1.1548	1.575285
7074	-305.7678	-476.5154	170.7476	0.8938922	2.250492
7080	-301.2576	-472.7352	171.4776	1.48132	1.328008
7086	-306.6866	-478.3771	171.6904	1.39601	1.22312
7092	-303.4766	-474.9372	171.4606	1.409106	1.398464
7098	-285.377	-456.658	171.281	1.63006	1.366107
7104	-287.4805	-458.6654	171.1849	2.061578	1.081672
7110	-279.1406	-450.8134	171.6728	1.471074	1.173826
7116	-287.1333	-458.9857	171.8525	1.108983	1.326002
7122	-292.5851	-464.0514	171.4663	0.7807259	1.849609
7128	-277.709	-448.974	171.2649	1.210164	1.690638
7134	-276.303	-447.1073	170.8043	1.29604	1.94919
7140	-303.3072	-474.0521	170.7449	0.9514259	2.215118
7146	-288.1907	-459.7013	171.5106	1.67119	1.140472
7152	-288.4496	-459.8824	171.4328	1.831392	1.06508
7158	-288.6801	-460.1795	171.4993	1.552235	1.252368
7164	-285.5545	-457.4993	171.9448	1.106819	1.252368
7170	-285.4982	-457.2283	171.7301	1.118099	1.415168
7176	-292.1024	-463.5395	171.4371	1.118099	1.633394
7182	-301.3842	-472.9525	171.5683	0.9159933	1.684095
7188	-299.0883	-470.3359	171.2476	1.88705	1.181854
7194	-297.3887	-469.1843	171.7956	1.109509	1.370749
7200	-290.877	-462.4381	171.5612	1.714185	1.054496
7206	-289.6343	-460.9328	171.2985	1.714185	1.284442
7212	-281.7997	-453.4507	171.651	1.189526	1.421127
7218	-291.8792	-463.2824	171.4032	1.745354	1.169792
7224	-288.8804	-460.8951	172.0147	1.183074	1.126136
7230	-289.515	-460.7076	171.1926	1.258448	1.707705
7236	-293.5651	-464.9793	171.4142	1.548751	1.324795
7242	-303.1567	-474.7983	171.6416	1.638691	1.049804
7248	-304.8436	-476.3012	171.4576	1.696055	1.165307
7254	-295.7531	-467.3993	171.6462	1.41411	1.245059
7260	-295.1685	-466.3614	171.1928	2.000784	1.129893
7266	-285.3292	-456.5809	171.2516	2.011127	1.066407
7272	-293.9478	-465.3824	171.4346	1.57804	1.284514
7278	-291.5084	-463.2006	171.6922	0.9755384	1.551323
7284	-282.9013	-454.173	171.2717	1.023474	1.816534
7290	-292.8547	-464.5569	171.7023	1.378048	1.228282
7296	-289.3261	-460.6022	171.2762	1.526393	1.45023
7302	-280.1529	-451.6205	171.4676	2.045225	0.7937028
7308	-297.2041	-468.5607	171.3566	2.160781	0.7875224
7314	-291.9898	-463.3849	171.3951	1.643301	1.26331
7320	-303.2348	-474.6615	171.4266	1.69478	1.193286
7326	-290.07	-461.1131	171.0431	2.051491	1.216212
7332	-283.0971	-454.3462	171.249	1.706623	1.330642
7338	-271.3218	-442.9625	171.6407	1.453021	1.216917
7344	-277.5021	-448.9245	171.4224	1.7054	1.187795
7350	-278.7088	-449.7999	171.0911	1.064522	1.911853
7356	-282.4991	-454.0677	171.5685	1.627555	1.127704
7362	-285.023	-456.6124	171.5894	1.627555	1.10879
7368	-284.8355	-456.4044	171.5689	1.73802	1.024094
7374	-287.2309	-459.1298	171.899	1.247911	1.171229
7380	-281.4901	-453.0919	171.6019	1.24347	1.417384
7386	-281.0808	-452.8536	171.7729	1.24347	1.281492
7392	-296.1821	-467.8452	171.6631	1.171747	1.425499
7398	-297.5859	-469.2927	171.7068	1.127993	1.425499
7404	-289.4781	-461.0886	171.6105	1.181748	1.458103
7410	-299.5197	-470.7921	171.2724	1.277774	1.636977
7416	-297.1942	-468.7919	171.5977	1.165141	1.48037
7422	-295.8337	-467.3638	171.5302	1.118303	1.565509
7428	-303.054	-474.2111	171.1571	1.247144	1.740623
7434	-282.7091	-454.2509	171.5418	1.318512	1.405772
7440	-300.8796	-472.1941	171.3145	1.140705	1.704755
7446	-287.4495	-459.1004	171.6509	1.480825	1.184414
7452	-278.2641	-450.0437	171.7796	1.177656	1.3294
7458	-288.3691	-459.9561	171.587	1.531385	1.195866
7464	-289.0177	-460.654	171.6363	1.332379	1.320209
7470	-285.4094	-456.8328	171.4234	1.219721	1.569453
7476	-283.8894	-455.5165	171.6271	1.219721	1.416251
7482	-290.0588	-462.0062	171.9473	1.105227	1.251567
7488	-291.1097	-462.6741	171.5645	1.262885	1.431242
7494	-307.1047	-478.3296	171.2249	1.912483	1.179507
7500	-310.3053	-480.9688	170.6635	1.663281	1.794636
7506	-293.1704	-464.5479	171.3774	1.542827	1.358822
7512	-295.6881	-467.5268	171.8387	1.325003	1.15645
7518	-299.6774	-471.3701	171.6926	1.220267	1.364632
7524	-295.8676	-467.5431	171.6755	1.528332	1.120682
7530	-298.2303	-469.6335	171.4032	1.495969	1.375471
7536	-302.0823	-473.5294	171.4472	1.451978	1.375471
7542	-295.4588	-466.808	171.3492	1.549932	1.375471
7548	-297.9733	-469.5598	171.5865	1.310591	1.377111
7554	-292.4098	-464.1845	171.7747	1.305755	1.228186
7560	-285.4544	-457.1626	171.7081	1.073153	1.466403
7566	-280.9758	-452.4185	171.4427	1.609167	1.252097
7572	-281.5938	-453.2001	171.6063	1.451807	1.246957
7578	-296.9636	-467.8725	170.9089	2.3436	1.076073
7584	-303.1629	-474.7113	171.5485	1.395094	1.340314
7590	-299.6022	-470.3986	170.7964	1.338516	1.925875
7596	-288.5152	-459.6472	171.132	1.867638	1.295132
7602	-292.0589	-463.8715	171.8126	1.256297	1.237893
7608	-298.641	-469.7027	171.0617	1.431369	1.677887
7614	-290.9596	-462.6006	171.641	1.223444	1.402569
7620	-286.7128	-458.4325	171.7198	1.530056	1.078522
7626	-286.5138	-457.9201	171.4063	1.577665	1.307817
7632	-295.6809	-467.161	171.4801	0.7442655	1.865146
7638	-288.9349	-460.3288	171.394	1.33471	1.506032
7644	-293.0534	-464.212	171.1586	2.242093	0.9278633
7650	-293.4862	-464.8948	171.4086	1.763809	1.148822
7656	-285.4775	-456.7796	171.3021	1.496376	1.453324
7662	-297.0304	-468.8968	171.8663	1.487532	0.97716
7668	-301.4121	-472.5856	171.1735	1.899205	1.234745
7674	-299.867	-470.6396	170.7726	2.066899	1.42189
7680	-298.6301	-470.1579	171.5278	1.638411	1.154234
7686	-290.5138	-462.0417	171.5278	1.638411	1.154234
7692	-299.9283	-471.5136	171.5853	1.443725	1.271021
7698	-310.6765	-481.4604	170.7839	1.531152	1.802788
7704	-288.4078	-459.5174	171.1096	1.141902	1.84653
7710	-286.5763	-458.1068	171.5305	1.367074	1.376685
7716	-280.4472	-451.2623	170.8151	2.40763	1.103577
7722	-288.2908	-459.8045	171.5137	1.902768	0.9105142
7728	-293.0366	-464.2507	171.214	2.009786	1.102542
7734	-290.361	-461.3962	171.0352	2.326097	0.9695079
7740	-287.0794	-458.1343	171.0549	2.251186	1.0249
7746	-279.8796	-450.6079	170.7283	2.251186	1.311454
7752	-279.4756	-450.7165	171.2408	1.782259	1.275955
7758	-290.4861	-462.4655	171.9795	1.40269	0.9477174
7764	-293.2016	-464.7756	171.574	1.782586	0.9743118
7770	-299.6178	-471.5244	171.9066	1.05962	1.322142
7776	-306.1014	-477.5347	171.4333	1.21576	1.565066
7782	-297.0013	-468.8007	171.7995	0.9057253	1.523586
7788	-294.668	-465.8509	171.1829	1.349273	1.649886
7794	-295.7575	-467.1315	171.374	1.223136	1.603039
7800	-285.6883	-457.1354	171.4472	1.071045	1.659922
7806	-282.3139	-453.8937	171.5798	1.421474	1.293788
7812	-288.1528	-459.349	171.1962	1.922971	1.195252
7818	-298.1875	-469.6288	171.4413	1.189354	1.578572
7824	-295.8309	-467.4419	171.611	1.197781	1.445498
7830	-291.4663	-463.1827	171.7164	1.092318	1.445498
7836	-294.6132	-465.708	171.0948	1.384603	1.687616
7842	-297.145	-468.5936	171.4486	1.604757	1.25086
7848	-293.4201	-464.6039	171.1838	1.152222	1.788282
7854	-280.8382	-452.3618	171.5236	1.365427	1.383413
7860	-280.0507	-451.2436	171.1929	1.696536	1.383107
7866	-285.3474	-456.8475	171.5001	1.614454	1.199198
7872	-277.9538	-449.9396	171.9858	0.976592	1.325228
7878	-284.7036	-456.2266	171.523	1.146249	1.550218
7884	-288.8116	-460.3314	171.5198	1.047215	1.624843
7890	-278.5376	-450.1956	171.658	1.10748	1.478364
7896	-286.0818	-457.5749	171.4931	1.27244	1.478364
7902	-286.3632	-457.561	171.1978	1.091095	1.82086
7908	-280.0823	-451.5183	171.436	1.845239	1.048877
7914	-274.2501	-446.3462	172.0961	1.185156	1.048877
7920	-290.8033	-462.4585	171.6551	0.8224557	1.68887
7926	-282.427	-454.2249	171.7979	1.344823	1.174824
7932	-280.1756	-451.3449	171.1693	1.935597	1.20741
7938	-288.0869	-459.2487	171.1618	2.052125	1.111534
7944	-281.5328	-453.1316	171.5988	1.702729	1.029293
7950	-283.9048	-455.6657	171.7609	1.196314	1.329424
7956	-279.4007	-451.1922	171.7915	1.302512	1.216723
7962	-273.4481	-445.1261	171.678	1.434124	1.201229
7968	-281.3034	-453.2224	171.919	1.024161	1.340617
7974	-280.5299	-451.9864	171.4565	1.257557	1.516976
7980	-286.5707	-457.9536	171.3829	1.415175	1.453602
7986	-287.0632	-458.8805	171.8173	1.100165	1.361041
7992	-287.4211	-458.8081	171.3871	1.278032	1.553283
7998	-282.3132	-453.9964	171.6832	1.103814	1.462061
8004	-287.8586	-459.2239	171.3652	2.058681	0.9022708
8010	-289.3458	-460.4131	171.0673	1.570929	1.573026
8016	-299.9003	-471.5026	171.6023	1.471391	1.233879
8022	-305.7206	-476.5461	170.8255	2.310388	1.180807
8028	-302.4383	-473.7942	171.3559	1.634894	1.302309
8034	-287.0953	-458.4209	171.3256	1.363824	1.535307
8040	-282.9171	-454.2749	171.3578	1.607261	1.323109
8046	-292.7812	-463.9661	171.1849	2.223784	0.9191608
8052	-288.8076	-459.9973	171.1897	1.8318	1.277222
8058	-291.8263	-462.5913	170.765	2.294333	1.245908
8064	-286.1473	-457.5724	171.4251	1.969465	0.9345037
8070	-293.7065	-465.2986	171.5921	0.9471258	1.644881
8076	-289.8149	-461.8588	172.044	0.6684851	1.518178
8082	-283.827	-455.4713	171.6443	0.8629843	1.667761
8088	-291.2848	-462.8766	171.5919	0.7183813	1.806114
8094	-292.8995	-464.7766	171.8771	1.039263	1.361903
8100	-281.7822	-452.9082	171.1261	2.385014	0.7960778
8106	-293.8564	-465.025	171.1686	2.048378	1.108787
8112	-280.4654	-451.8631	171.3977	1.838257	1.091409
8118	-292.4965	-463.836	171.3395	1.954488	1.036616
8124	-287.128	-458.5753	171.4473	1.843817	1.039446
8130	-284.4045	-455.7717	171.3672	1.912019	1.050858
8136	-286.3311	-457.6058	171.2746	1.809759	1.224882
8142	-287.5384	-458.9521	171.4137	1.857422	1.058484
8148	-282.3067	-454.0084	171.7017	1.569469	1.058484
8154	-284.2138	-455.3894	171.1756	1.931834	1.205283
8160	-291.027	-462.6102	171.5832	1.391492	1.315362
8166	-285.1859	-456.5895	171.4035	1.391492	1.455972
8172	-288.4173	-459.4228	171.0056	1.606966	1.591794
8178	-291.6089	-462.8535	171.2446	1.656654	1.373821
8184	-300.5409	-471.7146	171.1737	1.664759	1.422712
8190	-283.8055	-455.3479	171.5424	1.900746	0.8803956
8196	-283.8339	-455.1219	171.2881	1.475606	1.479746
8202	-301.6851	-473.0057	171.3206	1.414716	1.501059
8208	-300.0703	-471.0084	170.9381	2.064383	1.292814
8214	-281.4383	-453.2611	171.8227	1.542189	0.9657612
8220	-282.0429	-453.5864	171.5434	1.426238	1.319395
8226	-288.1998	-459.6963	171.4965	1.591998	1.221393
8232	-294.184	-465.1211	170.9371	2.197501	1.181935
8238	-290.8417	-461.4459	170.6042	2.878378	0.8329175
8244	-308.9271	-480.1061	171.179	0.8949088	1.966919
8250	-292.1445	-463.1997	171.0552	1.158144	1.872632
8256	-289.7935	-460.839	171.0456	1.016761	1.97469
8262	-293.7809	-465.2515	171.4706	1.465072	1.346597
8268	-296.6453	-467.9314	171.2861	1.680727	1.321706
8274	-292.076	-463.3151	171.2391	1.651217	1.38241
8280	-291.5245	-462.6357	171.1111	1.663514	1.471427
8286	-280.4986	-451.9046	171.406	1.663514	1.237375
8292	-284.1736	-455.8696	171.696	1.351524	1.255718
8298	-292.2105	-463.63	171.4196	1.459383	1.391278
8304	-300.6039	-472.3587	171.7548	1.278024	1.26789
8310	-281.8682	-453.482	171.6139	1.162669	1.470012
8316	-277.3825	-448.7319	171.3494	2.025071	0.9557949
8322	-276.0951	-447.2547	171.1595	2.128065	1.042794
8328	-287.2994	-458.8414	171.542	1.507226	1.254287
8334	-287.5371	-459.3357	171.7986	1.451163	1.078564
8340	-285.9096	-457.597	171.6874	1.009911	1.529443
8346	-298.8383	-469.8469	171.0086	0.8236373	2.12681
8352	-291.9025	-462.9949	171.0924	1.05093	1.920209
8358	-304.5165	-476.084	171.5675	1.101676	1.550236
8364	-296.7972	-467.9215	171.1243	1.702778	1.431469
8370	-289.1161	-460.6348	171.5187	1.608287	1.188525
8376	-300.227	-471.3774	171.1503	1.814349	1.323408
8382	-296.8677	-467.6601	170.7925	2.070629	1.403632
8388	-285.7036	-457.1163	171.4127	1.450378	1.403632
8394	-297.1178	-468.4446	171.3267	1.308159	1.575475
8400	-285.8492	-457.1692	171.32	0.9069159	1.863383
8406	-284.9148	-456.4801	171.5653	1.498733	1.241997
8412	-290.2812	-461.2395	170.9583	2.277266	1.09177
8418	-285.2285	-456.3361	171.1076	2.277266	0.9448516
8424	-280.9179	-452.1699	171.2521	2.046402	1.032308
8430	-283.2756	-454.4999	171.2242	1.454375	1.543292
8436	-286.8599	-458.4493	171.5894	1.454375	1.258854
8442	-291.7183	-463.1679	171.4495	2.04283	0.8205781
8448	-282.275	-453.6901	171.4151	1.824488	1.088028
8454	-301.2407	-472.5819	171.3412	1.514881	1.409035
8460	-298.5775	-470.2104	171.6328	1.592178	1.101444
8466	-303.5734	-475.4745	171.9011	1.106796	1.288399
8472	-287.7721	-459.0305	171.2584	0.8315804	1.956116
8478	-288.6164	-459.8182	171.2018	1.520616	1.510735
8484	-297.4779	-468.633	171.1551	2.133712	1.04167
8490	-292.8882	-464.9147	172.0265	1.269213	1.034949
8496	-286.5386	-457.4734	170.9349	2.352202	1.043288
8502	-295.7715	-467.1226	171.3511	1.860542	1.113653
8508	-306.2443	-477.7396	171.4953	1.274256	1.475294
8514	-291.687	-462.6879	171.0009	2.042878	1.258828
8520	-294.1393	-465.5071	171.3679	0.9655752	1.790028
8526	-302.221	-473.5121	171.291	0.7888636	1.962903
8532	-306.4375	-478.1338	171.6963	0.7760618	1.692584
8538	-310.4211	-481.5688	171.1477	1.324665	1.692584
8544	-294.268	-464.9851	170.7171	2.515205	1.094778
8550	-301.0899	-471.8428	170.7529	2.540973	1.036705
8556	-287.1447	-458.3336	171.1889	2.104998	1.036705
8562	-299.2067	-470.6541	171.4473	1.204596	1.562969
8568	-288.4083	-460.2618	171.8535	0.9722071	1.432505
8574	-291.6504	-463.1217	171.4714	0.7786578	1.84755
8580	-286.4765	-457.9531	171.4766	1.147806	1.583149
8586	-290.2939	-461.6157	171.3218	1.847792	1.151244
8592	-290.7366	-462.6984	171.9618	1.275035	1.090572
8598	-277.7399	-449.4957	171.7557	1.293731	1.254119
8604	-301.3412	-472.4577	171.1166	1.926614	1.259326
8610	-294.6905	-466.3917	171.7012	1.441467	1.174896
8616	-284.1289	-455.5194	171.3905	1.441467	1.427656
8622	-297.0944	-468.5436	171.4492	1.519064	1.320558
8628	-306.7518	-477.886	171.1341	1.644847	1.468163
8634	-298.5098	-470.1392	171.6294	1.338301	1.320956
8640	-284.3662	-455.8553	171.4891	1.618685	1.204941
8646	-289.5386	-460.9775	171.4389	1.088597	1.653243
8652	-289.4765	-461.3763	171.8998	0.8303438	1.50497
8658	-308.8996	-480.3652	171.4656	0.8657998	1.791469
8664	-285.8149	-457.2663	171.4514	1.339865	1.458845
8670	-289.6325	-460.9772	171.3447	1.526265	1.397471
8676	-283.7358	-455.2879	171.5522	1.526265	1.229896
8682	-275.9479	-447.3491	171.4012	1.825647	1.099804
8688	-273.2515	-444.6834	171.4319	1.236277	1.551003
8694	-276.1098	-447.7297	171.6198	1.236277	1.409039
8700	-278.0107	-449.6503	171.6396	1.70217	0.9894369
8706	-292.2859	-463.532	171.2461	1.337305	1.612968
8712	-286.2937	-458.1462	171.8525	1.337305	1.133323
8718	-304.1943	-475.1234	170.9291	2.263863	1.130521
8724	-296.2594	-467.4927	171.2333	2.263863	0.8144526
8730	-284.4162	-455.967	171.5508	1.580079	1.185114
8736	-280.9487	-452.3958	171.4471	1.77504	1.104087
8742	-297.528	-468.7939	171.266	1.639683	1.370339
8748	-295.7608	-467.267	171.5062	1.731762	1.089512
8754	-287.7099	-459.4463	171.7364	1.399665	1.180623
8760	-290.8944	-462.094	171.1997	2.021781	1.104703
8766	-279.5419	-451.4317	171.8898	1.102849	1.30085
8772	-279.9033	-451.4907	171.5873	0.9462132	1.648931
8778	-286.8468	-458.9121	172.0653	0.8002813	1.401664
8784	-286.2544	-457.9003	171.6459	1.336758	1.308943
8790	-285.3176	-457.231	171.9135	0.9572851	1.397644
8796	-286.9351	-459.0852	172.1501	1.00917	1.160363
8802	-301.2681	-472.4985	171.2303	1.024455	1.844294
8808	-283.16	-454.8562	171.6963	1.028795	1.508754
8814	-279.8328	-450.8715	171.0388	1.257901	1.815495
8820	-290.8434	-461.8069	170.9634	1.235855	1.882234
8826	-291.3172	-463.0528	171.7356	1.093404	1.42993
8832	-285.3522	-456.9555	171.6033	0.9330708	1.646916
8838	-290.7864	-461.9657	171.1793	0.9330708	1.941074
8844	-292.8764	-464.0923	171.2159	1.082667	1.814147
8850	-291.9462	-463.6193	171.6732	0.7653072	1.716559
8856	-303.011	-474.544	171.533	0.9212968	1.705405
8862	-305.3916	-476.6467	171.2551	1.458546	1.517308
8868	-305.9116	-477.3	171.3884	1.353166	1.4964
8874	-288.0801	-459.5171	171.4371	1.304494	1.4964
8880	-277.723	-449.2175	171.4945	1.304494	1.452933
8886	-284.2357	-455.7595	171.5238	0.9091832	1.720471
8892	-287.7814	-459.4406	171.6592	1.607871	1.062344
8898	-287.1337	-458.5782	171.4445	1.816271	1.068324
