Iteration	Posterior	Likelihood	Prior	acrv_sd	part_rate_trans	tree_length
0	-333.8898	-504.0071	170.1173	1.25429	1.27715	1.565316
6	-332.731	-501.8424	169.1114	2.114545	1.323663	1.637361
12	-344.9789	-514.4008	169.4219	1.53073	0.9647086	2.070971
18	-338.4425	-508.4855	170.043	1.53073	0.5384904	1.941195
24	-338.8427	-508.5611	169.7184	1.274293	0.5701714	2.300848
30	-336.9977	-506.6586	169.6609	1.287501	1.155082	1.947065
36	-337.748	-505.1586	167.4106	2.319784	1.050439	2.787843
42	-336.4214	-506.7487	170.3274	0.9444747	0.9543449	1.863885
48	-328.8574	-499.162	170.3046	0.8999708	1.071995	1.829353
54	-333.4939	-503.0287	169.5347	1.45012	1.657954	1.569663
60	-338.3356	-508.8849	170.5493	1.147134	1.116494	1.442298
66	-345.8818	-516.8068	170.925	0.8286063	1.05928	1.442298
72	-338.4459	-508.901	170.4551	1.344211	1.008335	1.446307
78	-334.4402	-504.3672	169.9271	1.183208	0.9463203	1.978524
84	-331.5361	-500.8789	169.3428	1.331459	0.985236	2.238885
90	-338.5972	-508.9521	170.3549	1.313206	0.7412868	1.737007
96	-332.948	-502.2689	169.3209	1.330914	0.7808443	2.383599
102	-335.9029	-505.8761	169.9731	0.9782427	0.799482	2.179856
108	-335.4519	-504.8941	169.4422	1.272412	0.7337327	2.373687
114	-339.9057	-509.98	170.0743	0.8849501	0.4890707	2.373687
120	-325.03	-495.0478	170.0177	0.7650494	1.328437	1.941847
126	-327.5867	-497.5085	169.9217	1.399922	1.643198	1.323269
132	-332.0999	-501.112	169.0121	1.525961	2.021279	1.630381
138	-324.4867	-494.781	170.2943	1.525961	0.7391221	1.630381
144	-329.342	-497.9663	168.6243	2.148214	1.192509	2.039468
150	-327.404	-496.6037	169.1997	1.161578	0.8975137	2.493013
156	-329.2978	-498.4482	169.1504	1.538543	1.119916	2.14208
162	-331.681	-501.9481	170.2671	1.182174	0.921225	1.764232
168	-328.2222	-497.2335	169.0113	1.639029	0.684164	2.445539
174	-336.3213	-506.0077	169.6864	1.235468	0.7104404	2.256372
180	-346.4956	-515.8705	169.3748	1.992512	0.7713117	1.923336
186	-342.0218	-511.9167	169.8948	0.9730523	1.56609	1.719746
192	-356.7996	-526.9503	170.1506	0.9967758	1.1659	1.803983
198	-354.1441	-523.5587	169.4146	1.185786	0.940957	2.314562
204	-336.1332	-505.3855	169.2523	1.273515	0.5686646	2.59525
210	-333.2017	-501.8514	168.6497	1.152511	0.5684388	3.035492
216	-326.0419	-496.4315	170.3897	1.183005	0.7353023	1.80768
222	-336.8328	-507.3329	170.5002	1.273269	0.9554659	1.505875
228	-339.2408	-508.3245	169.0837	1.431509	0.5543241	2.61068
234	-340.7477	-510.5041	169.7564	1.20327	0.8656931	2.131319
240	-343.6374	-512.8808	169.2434	1.493673	0.6429492	2.416882
246	-341.795	-510.8135	169.0185	1.793348	1.361215	1.900075
252	-340.39	-510.4636	170.0737	1.083322	1.212423	1.765004
258	-330.9039	-501.0771	170.1732	0.9445419	1.401633	1.659098
264	-345.0275	-514.3946	169.3671	1.749881	0.9428412	1.976376
270	-343.938	-514.0654	170.1274	0.9895969	0.9428412	1.976376
276	-342.0704	-511.029	168.9586	1.403202	0.5685787	2.696405
282	-343.4884	-513.3649	169.8765	1.409572	0.7705047	1.978535
288	-349.4063	-519.1694	169.7631	1.3	0.7507102	2.138849
294	-333.5389	-503.6116	170.0727	1.449587	0.8557242	1.759032
300	-322.899	-492.228	169.3289	1.777885	0.65909	2.170063
306	-322.672	-492.0433	169.3713	1.777885	0.6096905	2.174621
312	-335.3191	-505.8946	170.5755	1.135084	1.371223	1.227038
318	-337.5133	-507.8249	170.3116	0.9608989	1.059293	1.791153
324	-331.79	-501.9145	170.1244	1.094205	1.232141	1.707874
330	-338.204	-507.3228	169.1189	1.596423	0.5217591	2.506577
336	-341.4862	-510.4641	168.9778	1.600843	0.6583642	2.506577
342	-334.0698	-504.6194	170.5496	1.323433	0.5791285	1.706918
348	-327.1934	-496.7069	169.5135	1.265825	0.9106669	2.219233
354	-328.3003	-495.9405	167.6402	2.048598	0.9376605	2.881571
360	-341.6354	-508.9594	167.324	2.086504	1.088025	2.958754
366	-338.3107	-508.1855	169.8748	1.309003	0.7570803	2.055437
372	-333.576	-504.3423	170.7663	1.020384	1.052833	1.421893
378	-334.1145	-503.8483	169.7338	1.326979	0.7726157	2.126107
384	-328.7556	-499.2495	170.4939	1.002505	0.9886369	1.68359
390	-337.0205	-506.8018	169.7813	1.17226	0.7797671	2.191226
396	-336.7521	-506.817	170.0649	1.425965	0.9518664	1.713582
402	-333.6118	-504.4834	170.8715	0.8338553	1.376541	1.226935
408	-351.8699	-521.3816	169.5117	1.068394	1.085036	2.235284
414	-343.9185	-514.3297	170.4112	0.8155478	0.8765516	1.947153
420	-338.3318	-508.6315	170.2997	0.771781	1.01091	1.961217
426	-342.2033	-511.8515	169.6482	1.468657	0.6744469	2.153528
432	-330.4255	-499.6532	169.2277	1.468657	1.019897	2.202235
438	-344.2422	-514.0682	169.8259	1.041822	1.097036	2.039627
444	-337.4147	-507.8792	170.4645	0.9745754	1.335725	1.471346
450	-331.8774	-501.3949	169.5175	1.581935	0.9752671	1.966394
456	-335.1198	-504.6146	169.4948	1.6408	0.6070531	2.18513
462	-338.2439	-508.039	169.7952	0.917074	1.059321	2.166389
468	-334.2594	-504.5643	170.3049	1.009277	0.4486802	2.17204
474	-343.3601	-511.8309	168.4708	1.718771	0.4424716	2.878197
480	-336.9547	-507.4856	170.5309	1.036047	0.6893706	1.84326
486	-340.4384	-510.2653	169.8269	1.102104	0.6449295	2.293778
492	-342.682	-510.3404	167.6585	1.336016	0.5697314	3.511574
498	-344.397	-514.6602	170.2632	1.304263	0.6104739	1.89676
504	-353.3057	-524.2374	170.9317	0.9434235	0.9939207	1.399
510	-346.2489	-516.4163	170.1674	1.280021	0.9764475	1.726834
516	-340.8853	-509.9392	169.0539	1.058229	0.7662637	2.728284
522	-348.6312	-517.5152	168.884	0.9787123	0.7930916	2.863815
528	-354.0701	-524.6905	170.6204	0.9810636	0.6203217	1.866867
534	-356.8035	-526.0388	169.2353	1.459318	0.9650741	2.238767
540	-324.1939	-493.618	169.4241	1.604841	0.819636	2.116146
546	-322.4121	-492.7778	170.3658	1.30721	0.9529594	1.582022
552	-335.5146	-505.5616	170.047	1.390251	1.575522	1.284402
558	-331.0172	-501.3884	170.3711	0.9573414	0.8512476	1.895547
564	-332.1197	-501.4881	169.3684	1.605328	1.368696	1.783832
570	-342.5651	-512.2314	169.6664	1.363669	0.8284103	2.109698
576	-349.1233	-518.613	169.4896	1.73469	1.102433	1.794674
582	-343.4634	-510.7021	167.2387	2.345418	1.480287	2.61388
588	-335.7893	-504.2714	168.4821	1.706333	1.05416	2.503124
594	-336.0673	-506.5802	170.513	0.8775119	0.7570132	1.917379
600	-333.8463	-504.1955	170.3492	1.291108	0.988103	1.580207
606	-331.9923	-500.3496	168.3573	1.923109	1.076267	2.431561
612	-327.6565	-498.1197	170.4633	1.284404	0.619925	1.766284
618	-317.0136	-486.6705	169.657	1.223867	0.7826168	2.236341
624	-328.4524	-497.5784	169.126	0.8623658	0.7461825	2.816031
630	-343.5333	-512.7841	169.2508	1.667726	0.4224777	2.441458
636	-337.0087	-504.0948	167.086	1.273474	0.3038441	4.030961
642	-350.5476	-516.8233	166.2758	1.988995	0.4107365	4.024028
648	-347.9018	-516.4532	168.5514	1.095133	0.4973564	3.170642
654	-329.7501	-499.7967	170.0466	1.162053	0.9103854	1.936611
660	-348.3085	-518.3391	170.0306	1.322503	1.023583	1.759914
666	-340.9752	-510.2678	169.2926	1.570025	0.9139107	2.16314
672	-331.661	-502.0925	170.4315	0.8591299	0.6580482	2.050319
678	-346.8581	-516.0132	169.1551	1.62829	0.3890948	2.546823
684	-329.6692	-499.178	169.5088	1.726458	0.6456021	2.095002
690	-345.4726	-515.7051	170.2325	1.562132	1.271683	1.240088
696	-340.8865	-511.8126	170.9262	0.7653852	1.46849	1.159716
702	-337.1418	-508.2094	171.0676	1.13985	0.9918983	1.124755
708	-345.9308	-515.6324	169.7017	1.201083	1.668956	1.621452
714	-345.9174	-513.8545	167.9371	1.154852	0.5399126	3.472086
720	-350.5231	-518.3269	167.8038	1.48028	0.7148101	3.256536
726	-352.5082	-520.6715	168.1633	1.48028	0.6168291	3.101358
732	-344.1806	-512.0824	167.9018	0.7991955	0.7504805	3.577202
738	-338.817	-509.0823	170.2652	0.9690905	0.7073877	2.054911
744	-337.6177	-506.0156	168.3979	1.964985	0.7450064	2.586917
750	-330.3082	-499.6883	169.3801	0.8640963	0.536381	2.788024
756	-330.5999	-499.8446	169.2447	1.163431	0.5896337	2.654983
762	-333.459	-503.1381	169.679	0.895292	0.4234316	2.654983
768	-336.5006	-504.5461	168.0456	1.435772	0.4616772	3.289503
774	-335.8921	-505.4109	169.5188	1.650082	0.5544826	2.197625
780	-335.4833	-504.7187	169.2354	1.374656	0.6999183	2.46095
786	-334.9626	-501.9815	167.0189	1.990943	0.9004	3.308815
792	-328.9244	-498.587	169.6625	1.467809	0.5494888	2.22578
798	-336.8152	-505.7457	168.9306	1.614188	0.3376077	2.725859
804	-336.6501	-506.2743	169.6242	1.748206	0.9816062	1.775758
810	-352.2673	-522.3759	170.1086	0.7417776	0.7384642	2.284258
816	-361.7257	-532.4969	170.7712	0.4343795	0.7778097	2.02728
822	-336.8442	-507.582	170.7378	1.477008	0.8965705	1.201947
828	-323.1495	-493.7969	170.6474	1.041804	1.001259	1.534493
834	-337.67	-507.4598	169.7898	1.454516	0.997586	1.853094
840	-327.1796	-496.2088	169.0292	1.644103	0.578353	2.497444
846	-339.0259	-508.5399	169.514	1.829174	1.291907	1.57536
852	-341.831	-511.9866	170.1556	1.185951	0.4604892	2.14654
858	-336.9869	-505.9373	168.9504	1.894614	0.8508753	2.215401
864	-339.0332	-508.4388	169.4056	1.438017	1.063296	2.077878
870	-333.4009	-503.3374	169.9365	1.296811	0.6926478	2.065318
876	-336.1315	-506.5265	170.395	0.7795651	1.005713	1.895126
882	-323.3514	-493.5503	170.1989	1.594994	1.078728	1.396212
888	-328.2154	-496.5733	168.3578	1.533011	0.5389764	3.000035
894	-329.8147	-498.083	168.2684	1.190855	0.5517521	3.249373
900	-328.143	-496.3282	168.1852	1.600878	0.5299301	3.068198
906	-329.7483	-499.6419	169.8936	1.538021	0.5299301	2.041765
912	-325.4908	-495.3146	169.8238	1.538021	0.6647776	1.998551
918	-321.5162	-490.7353	169.2191	1.369484	1.053523	2.250083
924	-330.9468	-500.8046	169.8578	1.229084	0.6544284	2.186051
930	-328.9769	-498.0493	169.0724	1.133978	0.4318416	2.874483
936	-322.9323	-494.0231	171.0908	0.8764632	0.6041551	1.621657
942	-333.1963	-503.6098	170.4135	1.198494	0.7884012	1.743379
948	-325.2726	-495.5285	170.2559	1.16617	1.452484	1.394741
954	-332.6463	-502.0652	169.419	1.279135	1.48548	1.892909
960	-342.1194	-511.1915	169.0721	1.398933	1.078069	2.309644
966	-340.3362	-510.5818	170.2456	1.129593	0.7120494	1.957991
972	-338.723	-509.1934	170.4705	0.9307268	0.9197765	1.798681
978	-331.8348	-500.8819	169.0471	1.666569	0.9087958	2.262674
984	-323.6407	-494.3026	170.662	0.8618416	1.209677	1.50243
990	-333.2285	-503.5975	170.369	1.375675	0.6696582	1.733561
996	-330.7995	-500.3786	169.5791	1.375675	1.459603	1.733561
1002	-327.1741	-496.7183	169.5442	1.311933	1.459603	1.802286
1008	-328.9061	-498.5331	169.627	1.585374	0.587375	2.148036
1014	-329.4516	-500.1386	170.6869	1.102532	0.7658196	1.633311
1020	-335.3201	-505.6593	170.3392	1.278578	1.593086	1.114331
1026	-335.6048	-505.8125	170.2078	1.189854	1.159518	1.63196
1032	-342.1667	-512.383	170.2162	1.148347	1.358049	1.510567
1038	-337.857	-508.597	170.74	1.148347	0.8472034	1.500925
1044	-345.8891	-515.3275	169.4385	1.290716	0.5101558	2.505144
1050	-339.4803	-508.4546	168.9743	1.508439	0.5886343	2.609545
1056	-332.8789	-503.0085	170.1296	1.128366	0.777821	1.992431
1062	-350.1461	-520.0888	169.9427	1.42359	1.106397	1.69236
1068	-354.9715	-523.9715	169	1.379414	1.526857	2.078262
1074	-340.4859	-511.5968	171.1108	0.5224252	1.308176	1.341998
1080	-341.207	-512.4633	171.2563	0.6349397	1.050194	1.341998
1086	-341.3201	-510.5331	169.213	1.614761	0.6397539	2.361533
1092	-325.5252	-494.8021	169.2769	1.614761	0.6397539	2.320941
1098	-328.6835	-498.9755	170.292	1.049297	0.7067153	1.984263
1104	-325.9883	-496.3938	170.4055	0.9802971	0.662162	1.984263
1110	-334.659	-503.6953	169.0364	1.358833	0.7947211	2.535976
1116	-343.0015	-511.0106	168.0091	1.331328	0.7050181	3.228982
1122	-338.3395	-508.6084	170.2689	1.01176	0.7221751	2.014379
1128	-335.0278	-505.0883	170.0605	1.341286	0.5439051	2.052276
1134	-336.195	-505.3051	169.1101	1.062505	0.7066464	2.727758
1140	-337.8117	-507.027	169.2153	1.343703	0.746731	2.46361
1146	-345.4663	-514.4454	168.9791	1.588253	0.7718701	2.442527
1152	-344.3982	-515.1317	170.7335	0.6409656	1.062411	1.717702
1158	-340.0301	-510.8856	170.8555	0.6389294	0.9740016	1.695357
1164	-337.1459	-507.0815	169.9356	1.362439	0.5516703	2.115406
1170	-346.7739	-517.3474	170.5735	1.259126	0.8846269	1.514621
1176	-338.905	-508.2976	169.3926	1.787164	0.7115908	2.088096
1182	-356.1396	-525.9759	169.8363	0.6651876	0.7568277	2.493263
1188	-343.4725	-513.885	170.4125	1.114288	0.9615984	1.681213
1194	-330.8328	-500.0877	169.2549	1.352542	1.811382	1.730432
1200	-334.7531	-504.3079	169.5548	1.492804	0.5959287	2.249136
1206	-337.3239	-507.2214	169.8975	0.839581	0.7175356	2.369723
1212	-346.6536	-515.3121	168.6585	1.790227	0.4581622	2.71084
1218	-347.5713	-515.0193	167.448	1.224949	0.3783199	3.80864
1224	-355.3705	-524.8035	169.433	0.6199858	0.6954118	2.807605
1230	-355.3643	-521.6575	166.2932	2.076917	0.6546638	3.823906
1236	-344.3654	-513.7101	169.3447	1.044739	0.898903	2.474469
1242	-338.2169	-507.9963	169.7794	1.504966	1.092031	1.760154
1248	-336.1824	-506.3424	170.16	1.631647	1.368497	1.159602
1254	-330.9758	-500.5253	169.5495	1.227254	0.5307788	2.462451
1260	-326.7921	-496.3164	169.5243	1.099155	0.8756778	2.341433
1266	-328.5102	-498.7839	170.2738	1.580036	0.6550239	1.666621
1272	-326.2051	-494.4497	168.2446	1.54663	0.4952953	3.085784
1278	-327.8141	-496.9603	169.1462	1.13535	0.5031219	2.785506
1284	-332.0282	-501.2569	169.2288	1.210532	0.387515	2.759809
1290	-343.2976	-512.4249	169.1273	1.241885	0.3524676	2.823876
1296	-335.4282	-504.2197	168.7915	1.041579	0.3355097	3.155997
1302	-335.7155	-503.9358	168.2203	1.362162	0.5861571	3.155997
1308	-342.2093	-511.084	168.8747	0.7618064	0.5254108	3.159941
1314	-323.9129	-494.2547	170.3418	1.117208	0.7209809	1.895345
1320	-329.8596	-499.7906	169.9311	1.15405	1.175228	1.840471
1326	-328.0428	-497.425	169.3822	1.694966	0.5544558	2.256829
1332	-327.1235	-495.6043	168.4808	1.746189	0.5945098	2.763077
1338	-337.0833	-505.3905	168.3071	1.817218	0.6156833	2.812701
1344	-343.3082	-510.1977	166.8895	1.817218	0.5323038	3.700364
1350	-349.6689	-517.6728	168.0039	1.919527	0.6987718	2.884171
1356	-339.6766	-507.5681	167.8915	1.706638	1.251735	2.745716
1362	-342.4575	-512.2688	169.8114	1.092724	1.417299	1.798383
1368	-343.9053	-510.7916	166.8863	2.111949	0.8281861	3.358101
1374	-341.7067	-509.456	167.7493	1.652621	0.4245241	3.358101
1380	-340.7853	-510.6484	169.8631	1.351387	0.4711405	2.222033
1386	-344.8725	-514.2472	169.3747	1.80819	0.502781	2.222033
1392	-331.32	-500.7561	169.4361	1.699121	0.7818399	2.071167
1398	-330.9202	-501.1674	170.2472	1.386357	0.856456	1.680073
1404	-332.6339	-502.6416	170.0077	1.184563	0.8712209	1.973903
1410	-320.5772	-491.0546	170.4775	1.207876	0.6352627	1.798925
1416	-329.084	-497.9513	168.8673	1.207876	0.6352627	2.830677
1422	-319.1947	-489.3205	170.1258	1.387966	0.5965555	1.942434
1428	-323.7638	-494.3153	170.5515	1.195764	1.069625	1.439272
1434	-323.9912	-494.8625	170.8713	0.5284546	1.069625	1.694711
1440	-337.7355	-507.5737	169.8383	1.399148	0.7681238	2.012586
1446	-330.6963	-499.9109	169.2146	1.506445	0.7874684	2.335504
1452	-323.5116	-492.665	169.1534	1.436864	0.7441009	2.445616
1458	-328.9773	-498.5543	169.577	1.840594	0.9141611	1.791227
1464	-327.7954	-498.0853	170.2899	1.227025	0.8148252	1.791227
1470	-330.8401	-499.4404	168.6004	1.553637	0.6630907	2.765752
1476	-326.8808	-496.4778	169.597	1.354111	0.8825392	2.125943
1482	-321.0496	-490.4384	169.3888	1.119382	0.6741122	2.540709
1488	-329.5703	-499.3395	169.7692	1.048325	0.5602411	2.418298
1494	-329.0811	-499.957	170.8759	0.849263	1.169122	1.379248
1500	-329.9778	-499.4362	169.4583	1.336737	0.7701525	2.299336
1506	-330.3022	-500.0811	169.7789	1.132628	0.7309329	2.249859
1512	-328.6107	-497.4471	168.8364	1.606695	0.914231	2.431172
1518	-337.3344	-506.3884	169.0539	1.421542	0.5487733	2.638649
1524	-333.2486	-503.0313	169.7827	1.207306	0.5186484	2.33541
1530	-335.6062	-505.9878	170.3815	1.335597	0.7904131	1.667544
1536	-337.4155	-506.9109	169.4954	1.904225	0.6643129	1.973608
1542	-346.9492	-517.0525	170.1033	1.05641	0.8530109	2.00779
1548	-330.7515	-500.901	170.1494	0.9422884	0.8543762	2.052002
1554	-331.9329	-500.5604	168.6275	1.41885	0.4516866	2.959048
1560	-335.659	-505.3071	169.6481	1.820739	0.9080442	1.759778
1566	-338.8607	-506.8435	167.9829	2.052874	1.035872	2.609401
1572	-343.1967	-512.3304	169.1337	1.040759	1.145467	2.45467
1578	-340.6892	-509.3926	168.7034	2.142655	1.145467	2.021892
1584	-346.0228	-514.2495	168.2267	1.866581	0.5349855	2.88049
1590	-331.0526	-501.2371	170.1844	0.5857939	0.8917309	2.237293
1596	-330.7553	-500.0373	169.282	1.116809	0.7581098	2.556488
1602	-330.0395	-498.4017	168.3621	2.017456	0.8135543	2.533957
1608	-340.2932	-509.7479	169.4547	1.710702	1.679206	1.41793
1614	-329.9159	-500.9093	170.9934	0.9601281	0.918071	1.397044
1620	-340.8984	-509.8983	168.9999	1.991411	2.092386	1.225428
1626	-345.4283	-515.1836	169.7553	1.118998	2.23076	1.207344
1632	-340.1521	-510.1027	169.9506	1.118998	1.330541	1.743537
1638	-342.8299	-512.5701	169.7402	1.229575	1.275781	1.850641
1644	-347.707	-517.7784	170.0713	0.8791455	0.9921367	2.054294
1650	-344.7298	-513.2348	168.5049	2.218419	1.307708	1.995569
1656	-329.1639	-497.6983	168.5344	2.218419	0.8305781	2.287732
1662	-339.1385	-509.5168	170.3784	0.698292	0.5428271	2.264603
1668	-333.3176	-502.9796	169.662	0.8314274	1.100861	2.280728
1674	-323.741	-493.8136	170.0726	0.9353405	1.415709	1.727025
1680	-321.0447	-491.6941	170.6494	1.018777	1.167745	1.424605
1686	-322.0832	-492.7628	170.6796	0.7893538	1.013054	1.685738
1692	-338.9248	-508.8028	169.8779	0.8386768	0.657198	2.420774
1698	-338.2778	-507.8337	169.5559	0.8971376	0.9090796	2.428151
1704	-345.0656	-515.5804	170.5148	0.8762384	0.8696139	1.840293
1710	-330.4767	-500.625	170.1483	1.272305	0.7877089	1.876083
1716	-334.2445	-503.8861	169.6416	1.131774	0.5965507	2.423228
1722	-331.4048	-501.0748	169.67	1.307523	0.7017507	2.226116
1728	-342.8298	-512.4813	169.6515	1.398337	0.4060034	2.368919
1734	-356.5819	-525.9228	169.3409	0.9070751	0.3666808	2.888702
1740	-343.2542	-512.772	169.5178	1.555886	0.6723798	2.18292
1746	-340.9001	-511.1276	170.2275	1.384133	0.4949132	1.945013
1752	-330.6437	-499.8173	169.1735	1.384133	0.5568858	2.582803
1758	-330.3871	-498.7909	168.4038	2.112225	1.301367	2.136566
1764	-332.3067	-502.4268	170.1201	0.9398884	1.33038	1.750373
1770	-324.0414	-493.8581	169.8166	1.314374	0.6037863	2.19026
1776	-328.6113	-498.0482	169.4369	1.078601	0.5725644	2.599235
1782	-333.7553	-502.8283	169.073	1.365422	0.6496239	2.599235
1788	-338.5714	-508.0557	169.4843	1.170931	0.8816563	2.317405
1794	-336.8736	-504.6749	167.8013	1.572674	0.4408584	3.364944
1800	-333.6942	-503.1361	169.4419	0.9181263	0.653237	2.645411
1806	-333.3586	-501.7199	168.3614	1.646741	0.653237	2.86046
1812	-340.542	-510.4251	169.8831	1.147407	0.7457743	2.163336
1818	-336.4948	-505.4055	168.9108	1.010941	0.8570469	2.789125
1824	-333.0421	-503.5891	170.547	0.4669521	0.7103771	2.197046
1830	-327.8596	-497.0394	169.1798	1.700918	0.9913719	2.100749
1836	-332.4113	-502.1198	169.7084	1.428445	1.023586	1.908596
1842	-332.8632	-503.3008	170.4375	1.144637	0.5481844	1.928963
1848	-332.9456	-502.3964	169.4508	1.427204	0.4418287	2.454726
1854	-323.6009	-493.4317	169.8308	0.9242655	0.5647823	2.454726
1860	-334.1806	-503.8024	169.6218	1.158738	0.5392862	2.454726
1866	-334.9045	-503.2552	168.3506	1.539128	0.4426993	3.058361
1872	-328.2556	-495.9512	167.6957	2.19178	0.4426993	3.059728
1878	-346.8693	-515.2226	168.3533	0.9003742	0.3885263	3.46603
1884	-334.9928	-503.0033	168.0105	0.818512	0.8132376	3.46603
1890	-355.4831	-523.7726	168.2895	0.636017	0.5562803	3.559546
1896	-346.4847	-515.3548	168.8702	1.340186	0.8083279	2.642073
1902	-341.0025	-509.7917	168.7893	1.51511	0.8945319	2.530365
1908	-349.7	-519.7303	170.0303	0.7224291	0.9939859	2.1825
1914	-338.0255	-506.6795	168.654	1.660065	0.5574134	2.732509
1920	-333.1369	-502.8219	169.685	1.076138	1.348877	1.942667
1926	-334.7922	-504.7502	169.9581	0.9025948	0.9462023	2.143403
1932	-337.337	-505.8087	168.4717	1.941019	0.6400476	2.62103
1938	-338.7274	-506.8529	168.1255	1.282099	0.5118814	3.303379
1944	-345.5503	-516.2861	170.7358	1.055815	0.8374714	1.579724
1950	-333.8743	-503.7902	169.9159	1.447766	0.8878081	1.846574
1956	-343.3238	-512.6619	169.3381	1.638734	1.52939	1.668524
1962	-344.2855	-514.3723	170.0868	1.546946	0.8723877	1.668524
1968	-334.6429	-505.2043	170.5614	1.188766	1.303005	1.251012
1974	-344.5884	-515.159	170.5706	1.37296	1.176398	1.194509
1980	-336.5863	-506.9202	170.3339	1.307337	1.103431	1.494035
1986	-333.1042	-503.1919	170.0877	1.25634	0.7457107	1.956302
1992	-336.7056	-506.0101	169.3045	1.13161	0.8847384	2.454083
1998	-333.7482	-504.1153	170.3672	1.162055	0.9684281	1.674599
2004	-335.9462	-506.5835	170.6373	0.8919367	0.9684281	1.674599
2010	-327.9067	-498.4443	170.5376	0.8880813	0.5244225	2.049347
2016	-324.2913	-494.2692	169.9779	1.667801	0.6168045	1.839016
2022	-332.0569	-501.8567	169.7998	1.758056	0.9350199	1.67801
2028	-339.0733	-509.3962	170.3229	0.626965	0.9641957	2.073166
2034	-343.9907	-512.8963	168.9056	1.422243	1.495808	2.132436
2040	-342.902	-511.7783	168.8763	1.184372	0.6653179	2.821241
2046	-335.2384	-505.6387	170.4003	1.396413	0.9813279	1.468886
2052	-347.5773	-517.7669	170.1896	1.011601	1.363135	1.626777
2058	-348.5694	-517.9121	169.3427	0.8495269	1.220127	2.396484
2064	-334.722	-504.1132	169.3912	1.754077	0.960918	1.945242
2070	-326.0261	-496.1381	170.112	1.532994	1.035278	1.542068
2076	-329.7189	-500.0529	170.334	1.244363	0.7034937	1.825699
2082	-338.1629	-506.032	167.8691	1.852702	0.8503452	2.914428
2088	-332.0251	-501.6009	169.5758	1.25862	0.5271824	2.428468
2094	-342.8274	-512.0909	169.2634	1.6665	1.130555	1.975924
2100	-333.1601	-502.7481	169.588	1.774789	0.8072759	1.902057
2106	-333.9798	-504.1674	170.1876	1.162943	0.819574	1.902057
2112	-340.0187	-510.6926	170.674	0.9910119	0.5051271	1.902057
2118	-347.5755	-517.0923	169.5168	0.8599245	0.6004267	2.667642
2124	-339.2843	-508.4054	169.1211	1.137068	0.718983	2.667642
2130	-341.3761	-510.6507	169.2746	1.23408	0.4685173	2.667642
2136	-343.8862	-512.7201	168.8339	1.458981	0.6646142	2.679777
2142	-337.5212	-506.4878	168.9666	1.789202	0.5732423	2.448969
2148	-343.8554	-514.5496	170.6941	0.9132818	0.4767467	1.96005
2154	-336.0748	-506.2691	170.1943	1.043107	0.7442314	2.028476
2160	-322.1239	-492.081	169.9571	0.8376515	0.6506095	2.375551
2166	-332.4041	-501.7648	169.3608	1.538898	0.6032131	2.339082
2172	-338.1087	-508.5877	170.479	1.125711	0.6954099	1.813086
2178	-338.1784	-508.7202	170.5418	1.290816	0.4675238	1.813086
2184	-337.4109	-506.209	168.7982	1.135269	0.7665349	2.837029
2190	-338.7718	-508.5835	169.8117	1.087628	0.5897522	2.347834
2196	-341.1636	-509.317	168.1534	1.818929	0.6597515	2.878165
2202	-336.1158	-504.851	168.7352	1.524458	0.5744868	2.755346
2208	-343.5351	-512.5712	169.0361	1.524458	0.8359288	2.406469
2214	-343.2012	-512.1275	168.9263	1.712455	0.6389651	2.481126
2220	-336.2025	-506.6207	170.4181	0.9712809	1.21484	1.597854
2226	-336.617	-507.114	170.497	1.268095	0.9674016	1.50317
2232	-337.0315	-506.9199	169.8884	1.539376	0.7138619	1.921325
2238	-335.7689	-504.9392	169.1702	1.366532	0.3159914	2.743978
2244	-334.4061	-503.4029	168.9969	1.366532	0.463489	2.759777
2250	-329.9943	-499.6966	169.7023	1.315834	0.4801455	2.342017
2256	-339.1128	-509.1681	170.0552	1.315834	1.194897	1.625617
2262	-346.6313	-515.9703	169.339	0.8404384	0.7496875	2.697183
2268	-358.7498	-526.54	167.7902	1.922969	1.215945	2.697183
2274	-347.9594	-516.278	168.3186	1.315834	0.5455435	3.149253
2280	-332.8819	-502.3553	169.4735	1.277859	0.5455435	2.46915
2286	-332.461	-501.8676	169.4066	1.277859	0.3628457	2.624413
2292	-322.7253	-491.6018	168.8766	1.292717	0.3695708	2.934479
2298	-342.6383	-512.0873	169.4489	0.9227546	0.8979689	2.486197
2304	-348.3932	-517.3274	168.9342	1.402663	1.446396	2.158799
2310	-335.5116	-505.205	169.6935	1.371078	1.155044	1.868376
2316	-329.6738	-499.6877	170.014	1.1507	0.7211619	2.091729
2322	-326.2484	-496.1457	169.8973	1.374724	0.9763617	1.848659
2328	-332.3545	-501.7123	169.3578	1.969764	0.9720794	1.813413
2334	-341.4837	-511.3444	169.8608	1.08426	0.6231085	2.297482
2340	-350.1991	-520.8985	170.6994	1.171845	1.016001	1.384798
2346	-332.0919	-502.0916	169.9998	0.6122291	1.005315	2.26599
2352	-329.6317	-500.1148	170.4831	1.114306	0.5895047	1.890645
2358	-327.9276	-498.4271	170.4994	1.035161	0.7572343	1.81881
2364	-342.9864	-511.643	168.6566	1.436389	0.8737523	2.67406
2370	-358.3125	-527.7589	169.4463	1.590827	0.7516434	2.155172
2376	-346.3853	-516.09	169.7047	1.35408	0.7516434	2.141055
2382	-331.1047	-501.5226	170.4179	1.024123	0.9066456	1.779464
2388	-337.5399	-507.2752	169.7353	1.502615	0.4911936	2.19394
2394	-329.8879	-499.348	169.4601	1.200468	0.9025438	2.300694
2400	-344.1746	-513.7838	169.6092	1.007166	0.8201113	2.381201
2406	-343.4362	-512.7902	169.354	1.667226	0.8671179	2.090047
2412	-337.4878	-505.8806	168.3928	1.667226	0.7620287	2.762739
2418	-343.4738	-511.9889	168.5151	1.707548	0.5712767	2.779895
2424	-325.5254	-494.6602	169.1349	1.707548	0.3022687	2.564105
2430	-330.0294	-496.7818	166.7524	1.658111	0.4733482	3.904828
2436	-327.2028	-493.984	166.7812	1.756753	0.3458582	3.904828
2442	-341.8099	-508.775	166.9651	1.756753	0.4434062	3.742954
2448	-342.8958	-510.6559	167.7601	1.756753	0.8230119	3.053948
2454	-342.8412	-512.3189	169.4777	1.612283	0.5953261	2.222244
2460	-341.2514	-508.0501	166.7987	1.802532	0.9313117	3.530036
2466	-345.6974	-512.7938	167.0964	1.854786	1.208535	3.161253
2472	-348.0324	-516.4076	168.3752	1.944725	0.8978551	2.518598
2478	-342.6654	-511.2204	168.5551	1.474718	0.7753583	2.77305
2484	-345.3205	-514.6921	169.3715	0.8340274	0.5995621	2.77305
2490	-328.6955	-499.0032	170.3078	0.8133624	0.6793463	2.147578
2496	-327.0984	-495.1651	168.0667	1.520586	0.5591378	3.169175
2502	-332.2203	-500.8893	168.669	1.746939	0.6163368	2.633712
2508	-333.662	-502.3046	168.6426	1.594562	0.7309794	2.673185
2514	-331.7376	-500.6595	168.9219	1.539491	0.7681429	2.511281
2520	-326.5059	-496.0083	169.5024	1.6083	0.7681429	2.096293
2526	-337.4526	-507.1925	169.7399	1.318625	1.08298	1.921452
2532	-334.7656	-502.492	167.7264	1.776472	1.006199	2.95244
2538	-339.2312	-508.203	168.9719	1.805321	1.006199	2.1587
2544	-339.1222	-508.6441	169.5218	1.887541	0.848657	1.84206
2550	-338.0503	-506.4592	168.4089	2.089596	1.843945	1.783811
2556	-334.2422	-504.9062	170.6639	0.9154581	1.234812	1.44132
2562	-333.125	-503.8151	170.6901	0.9581233	0.8136403	1.700058
2568	-332.5992	-502.0447	169.4455	1.604631	1.078325	1.930261
2574	-330.7562	-500.7347	169.9785	1.230989	1.078325	1.82161
2580	-334.179	-502.2891	168.11	1.912572	0.8679829	2.720814
2586	-329.2606	-499.2034	169.9428	1.522938	1.146794	1.591793
2592	-350.0032	-519.1602	169.157	1.133709	0.5465581	2.753439
2598	-351.5549	-519.6461	168.0912	1.885877	0.77502	2.805374
2604	-337.8154	-506.4972	168.6818	1.440101	0.6846427	2.772183
2610	-346.7341	-515.3873	168.6532	0.8413778	0.6068043	3.195881
2616	-327.6338	-497.6386	170.0048	0.8413778	0.6653487	2.333568
2622	-351.4196	-516.3304	164.9108	2.074609	0.3915234	4.757007
2628	-343.2715	-508.595	165.3235	1.957854	0.5091157	4.525231
2634	-358.8043	-527.0331	168.2289	1.42611	0.5091157	3.158676
2640	-339.0544	-507.7242	168.6698	1.649335	0.6982744	2.642884
2646	-335.0418	-503.0476	168.0059	1.649335	0.3050024	3.279352
2652	-330.8167	-499.2864	168.4697	1.949593	0.5761323	2.65639
2658	-338.5265	-507.7016	169.1751	1.082253	0.503695	2.799926
2664	-333.9913	-501.2883	167.297	1.522865	0.594549	3.598718
2670	-321.8546	-491.1851	169.3304	1.199765	0.3412801	2.732512
2676	-320.1556	-489.9363	169.7806	1.596809	0.781738	1.909475
2682	-326.9568	-496.5542	169.5974	1.73335	0.8704374	1.880906
2688	-342.265	-511.6363	169.3713	0.9926762	0.8083472	2.546912
2694	-340.2961	-508.0008	167.7047	1.401361	0.5595681	3.452343
2700	-347.945	-517.5288	169.5838	1.354182	1.290247	1.862471
2706	-345.4525	-514.879	169.4265	0.8814337	1.092308	2.404113
2712	-343.4287	-511.0565	167.6277	0.9504831	0.6370186	3.714084
2718	-345.9911	-515.0582	169.0671	1.570677	0.6370186	2.482961
2724	-348.469	-516.7154	168.2463	1.347921	1.350739	2.687448
2730	-342.4179	-512.7211	170.3032	1.295152	1.162852	1.481568
2736	-333.6516	-503.3748	169.7232	1.30349	0.8439137	2.101689
2742	-333.6281	-503.6609	170.0328	1.576088	0.4952471	1.946646
2748	-335.6156	-503.6975	168.0819	1.648466	0.6521356	3.028404
2754	-351.4376	-520.6621	169.2246	1.000667	0.5762436	2.775282
2760	-338.4057	-506.6431	168.2374	1.19081	0.404955	3.354158
2766	-360.2555	-528.7209	168.4653	1.235874	0.7611058	2.980532
2772	-340.406	-509.1437	168.7376	1.98573	1.448631	1.900764
2778	-339.8879	-509.2536	169.3657	1.627912	0.9444814	2.057288
2784	-350.2793	-520.16	169.8807	1.30154	0.7960439	2.030689
2790	-351.8558	-520.2564	168.4006	1.521007	0.6969839	2.886344
2796	-339.9703	-509.5664	169.5961	1.627844	1.132162	1.774261
2802	-335.6993	-505.6461	169.9468	1.249267	1.35736	1.63463
2808	-326.4877	-497.076	170.5883	0.837476	0.7902284	1.870845
2814	-337.0586	-506.2211	169.1625	1.535898	0.6884437	2.41256
2820	-348.6773	-515.2801	166.6028	1.7338	0.348145	4.018735
2826	-345.6416	-513.4254	167.7838	1.242158	0.3943783	3.59528
2832	-347.0968	-517.1166	170.0198	1.409051	1.019932	1.709289
2838	-345.1795	-514.9822	169.8027	1.712603	0.9334416	1.709289
2844	-348.3922	-516.9854	168.5932	1.234526	0.3370093	3.158305
2850	-342.1348	-512.2454	170.1106	0.9171665	1.052882	1.962398
2856	-350.8702	-520.4729	169.6027	1.54123	0.7341713	2.096814
2862	-332.5899	-502.9564	170.3664	0.9934457	0.5465593	2.078156
2868	-347.1125	-516.0102	168.8977	1.359245	0.5790143	2.754232
2874	-352.9555	-522.4308	169.4753	1.611079	1.23958	1.795241
2880	-331.724	-501.776	170.0521	1.214589	0.6586541	2.065733
2886	-329.0374	-499.7863	170.7489	1.104686	0.6586541	1.664204
2892	-334.0499	-504.087	170.0371	1.494104	1.346208	1.392513
2898	-326.1205	-495.5262	169.4057	1.849469	0.8644055	1.936203
2904	-343.5626	-512.6771	169.1145	1.140643	0.9206767	2.544722
2910	-335.9216	-506.236	170.3144	1.244138	0.8765034	1.718967
2916	-321.4902	-491.6065	170.1164	1.244138	0.3662863	2.195428
2922	-322.718	-492.3097	169.5916	1.236156	0.7368778	2.299711
2928	-323.9169	-493.3071	169.3902	1.236156	0.6936438	2.454647
2934	-314.1518	-483.8669	169.7151	1.446134	0.490715	2.243759
2940	-318.7792	-488.4067	169.6275	1.774845	0.5142807	2.071462
2946	-318.773	-488.5051	169.7321	1.496674	0.5109088	2.187111
2952	-323.964	-493.3348	169.3708	1.412283	0.8109727	2.280875
2958	-323.0785	-492.732	169.6535	1.395775	0.4121698	2.365389
2964	-319.006	-488.3911	169.3851	1.360971	0.715339	2.365389
2970	-318.6598	-488.6918	170.032	1.246852	0.4558258	2.190299
2976	-326.9895	-496.4742	169.4847	1.517482	0.8933355	2.085364
2982	-327.8139	-497.304	169.4901	1.400605	1.043171	2.060077
2988	-342.1778	-511.1718	168.994	1.752153	0.5705143	2.456708
2994	-332.1619	-501.6839	169.522	1.079883	0.4732095	2.607247
3000	-338.5916	-508.4781	169.8865	1.424477	0.7584759	1.969885
3006	-330.8952	-498.3765	167.4812	1.958165	0.8255789	3.09863
3012	-323.9621	-492.8396	168.8775	1.668079	0.9291688	2.356947
3018	-327.9528	-497.9019	169.9491	0.9278908	0.5977483	2.356947
3024	-335.1567	-503.2245	168.0679	1.875465	0.5584467	2.956815
3030	-342.6634	-513.297	170.6336	1.202545	0.6399306	1.689978
3036	-334.5714	-504.4459	169.8745	0.8127511	0.5180271	2.526414
3042	-343.7306	-513.1955	169.4648	1.059605	0.4465239	2.671476
3048	-333.9247	-503.6215	169.6968	1.427759	0.7601809	2.092449
3054	-327.6652	-496.9669	169.3018	1.795327	0.5299138	2.25978
3060	-325.2445	-495.978	170.7335	1.035012	0.5299138	1.814255
3066	-327.2977	-495.7464	168.4487	1.460221	0.4979903	3.013787
3072	-327.2874	-495.7499	168.4625	1.460221	0.4979903	3.005518
3078	-325.7595	-494.1548	168.3953	1.771239	0.4781726	2.870524
3084	-327.2778	-497.4401	170.1623	1.032931	0.6730884	2.103219
3090	-337.1216	-506.6809	169.5592	1.738653	0.6730884	2.035537
3096	-341.2385	-507.916	166.6774	1.126459	0.4014224	4.291288
3102	-336.0609	-504.0214	167.9604	1.106157	0.324011	3.612539
3108	-331.4265	-497.9366	166.5102	2.062493	0.501963	3.795185
3114	-328.9632	-498.6673	169.7041	1.195795	0.4970461	2.406191
3120	-325.3479	-494.4944	169.1466	1.493809	0.7104677	2.435246
3126	-325.1286	-494.5307	169.4021	1.638271	0.9598715	2.016096
3132	-327.1843	-497.4336	170.2493	1.239871	0.4387165	2.064035
3138	-339.9974	-510.4238	170.4265	1.239871	0.7638209	1.722429
3144	-327.7137	-498.2653	170.5516	1.196848	0.9815917	1.505013
3150	-344.5124	-514.5631	170.0508	1.337423	0.6430701	1.995434
3156	-336.7152	-505.2972	168.582	1.666664	1.332228	2.289311
3162	-336.962	-504.7479	167.7858	1.470571	0.6181675	3.329814
3168	-340.8854	-510.4728	169.5874	1.124266	0.3149947	2.637144
3174	-337.1587	-506.4177	169.259	1.179391	0.5491497	2.661274
3180	-334.4763	-504.1882	169.7119	0.9789192	0.4607623	2.559838
3186	-331.4946	-500.0906	168.596	0.9371575	0.6372463	3.154935
3192	-330.8794	-500.053	169.1736	1.056779	0.4054243	2.875918
3198	-336.5394	-504.1779	167.6386	1.520373	0.5134409	3.448411
3204	-342.7293	-511.6158	168.8865	1.204856	0.6291454	2.824563
3210	-327.5786	-495.6502	168.0717	1.40424	0.4915829	3.27506
3216	-323.1686	-492.3999	169.2313	1.103061	0.6825693	2.643168
3222	-325.6868	-495.037	169.3502	1.431969	1.265913	1.984207
3228	-332.5261	-502.7369	170.2108	0.9804985	1.132403	1.796788
3234	-333.4641	-502.693	169.2289	1.676293	0.7210709	2.260268
3240	-330.8124	-500.0332	169.2209	1.545806	0.85953	2.260268
3246	-333.4764	-503.4191	169.9427	1.113978	0.967628	2.000099
3252	-336.8237	-507.066	170.2423	1.492722	1.305225	1.26177
3258	-332.6774	-503.3979	170.7205	1.068582	1.314343	1.208713
3264	-338.4473	-507.3775	168.9302	1.404621	0.8641593	2.530354
3270	-340.3616	-509.9017	169.5401	1.647632	1.645985	1.426358
3276	-342.0801	-512.05	169.9699	1.30786	1.754941	1.268
3282	-336.7697	-506.5398	169.7701	1.213668	1.05234	1.992215
3288	-319.5821	-489.816	170.2339	1.213668	0.58857	1.992215
3294	-318.0761	-487.3282	169.2521	1.071131	0.58857	2.707812
3300	-325.0815	-492.7094	167.6279	1.701301	0.5222554	3.343428
3306	-324.6046	-491.5946	166.99	2.050397	0.689652	3.414646
3312	-325.655	-492.7814	167.1263	1.854946	0.7487796	3.414646
3318	-328.8521	-497.8766	169.0245	1.078248	0.4654386	2.916785
3324	-346.9578	-513.848	166.8902	1.767801	0.7460001	3.604777
3330	-327.82	-497.2046	169.3846	1.510272	0.6838687	2.290715
3336	-345.9558	-514.2452	168.2895	1.380336	0.9464682	2.887753
3342	-337.0185	-506.9071	169.8886	1.055374	0.97996	2.066658
3348	-329.4663	-498.3608	168.8945	2.070967	0.6468015	2.269255
3354	-331.4997	-501.3781	169.8784	1.41953	0.5716708	2.102371
3360	-338.4841	-508.7312	170.2472	1.19327	0.5515493	2.021586
3366	-332.1374	-501.7437	169.6063	1.574219	0.617629	2.149091
3372	-340.5629	-509.4731	168.9102	1.591847	0.9451886	2.374393
3378	-345.647	-514.1082	168.4611	1.591847	0.6117966	2.85839
3384	-334.6725	-504.7347	170.0622	0.9773523	0.5500657	2.283752
3390	-335.0765	-504.8903	169.8138	1.403552	0.4537832	2.23139
3396	-329.6135	-496.8585	167.245	1.887007	0.7054841	3.351636
3402	-332.9992	-502.5143	169.515	0.8893973	0.6679698	2.608902
3408	-346.2615	-516.0194	169.7579	1.127295	0.7860823	2.231275
3414	-346.0514	-514.4286	168.3772	1.466902	0.6958422	2.933834
3420	-356.5123	-526.0729	169.5606	1.368207	1.101099	1.996354
3426	-342.1715	-512.0558	169.8844	1.446838	1.152676	1.68439
3432	-335.7544	-505.1167	169.3622	1.083523	0.4751504	2.702225
3438	-329.7771	-500.4042	170.6271	1.083523	0.5701824	1.826404
3444	-332.0844	-502.4285	170.3441	1.06312	0.8735943	1.826404
3450	-335.4019	-505.6504	170.2485	1.408661	1.162112	1.437438
3456	-340.7798	-511.0716	170.2918	1.607622	0.5226326	1.728135
3462	-334.4925	-504.9002	170.4077	1.138503	0.796698	1.783506
3468	-338.3336	-506.7967	168.4631	1.838303	0.9419654	2.502628
3474	-328.7074	-498.5166	169.8092	1.449951	0.8374046	1.951745
3480	-347.906	-514.1014	166.1953	1.301103	0.3479195	4.494937
3486	-352.1417	-521.467	169.3253	1.08738	0.9871048	2.404397
3492	-327.3759	-497.6579	170.282	0.7045371	0.8957322	2.094053
3498	-332.4997	-502.275	169.7753	1.142683	1.932733	1.413242
3504	-322.7211	-491.6911	168.97	1.622236	0.7620706	2.43306
3510	-333.2238	-501.8271	168.6033	1.87558	0.8754148	2.43306
3516	-352.0379	-521.0897	169.0518	0.8357708	0.9120231	2.776441
3522	-355.4907	-524.0348	168.544	1.826055	0.5837603	2.681991
3528	-342.6184	-512.6971	170.0788	1.109104	0.6647143	2.113521
3534	-335.1995	-504.1445	168.9451	1.686045	0.274186	2.711784
3540	-325.5225	-495.5703	170.0478	1.288093	1.031672	1.766333
3546	-342.9377	-512.5999	169.6623	1.502178	1.039771	1.87887
3552	-352.2117	-521.7119	169.5002	1.809393	0.5971158	2.077987
3558	-357.1648	-526.3323	169.1674	1.107519	0.701941	2.667823
3564	-343.3303	-511.698	168.3678	1.478344	0.5353336	3.029043
3570	-349.3878	-519.3793	169.9915	1.36954	0.5316333	2.087201
3576	-349.5691	-520.0241	170.455	0.6521833	1.001719	1.9434
3582	-343.4283	-512.5452	169.117	1.778094	1.128122	2.000835
3588	-334.8824	-504.9386	170.0562	1.101077	1.807079	1.323673
3594	-333.1202	-503.3239	170.2037	1.24264	1.793084	1.088205
3600	-323.9774	-493.3674	169.3899	1.307142	0.8552542	2.307565
3606	-326.1458	-494.9611	168.8152	1.652851	0.8606104	2.449172
3612	-319.7549	-489.0394	169.2844	1.387371	0.9828763	2.241991
3618	-326.3834	-495.9058	169.5223	0.9517439	0.7278241	2.528498
3624	-333.0515	-502.9221	169.8706	1.528714	1.095258	1.676796
3630	-337.7373	-504.8708	167.1335	2.243824	0.6721968	3.226618
3636	-325.1946	-495.3059	170.1112	1.037213	0.705503	2.112652
3642	-326.9202	-496.5345	169.6144	0.9889811	0.7575955	2.428882
3648	-330.7409	-500.0617	169.3208	1.475593	1.128329	2.066108
3654	-330.065	-500.7162	170.6512	1.041712	0.8102047	1.670687
3660	-333.5017	-501.945	168.4433	2.095576	0.9441816	2.351695
3666	-330.2613	-498.3027	168.0413	1.931444	0.5823129	2.924688
3672	-333.7298	-503.5854	169.8556	0.5965598	0.3235899	2.790963
3678	-335.313	-505.3016	169.9886	1.119874	1.259745	1.76585
3684	-325.6529	-494.3849	168.732	1.742252	0.7592243	2.508792
3690	-337.6518	-505.979	168.3272	1.394523	0.7416219	2.979941
3696	-344.9141	-514.2128	169.2987	1.083285	0.659049	2.62832
3702	-345.3785	-514.8364	169.4579	0.9353824	0.6229838	2.643546
3708	-337.7634	-507.5195	169.7561	0.7435124	0.6555238	2.557611
3714	-335.598	-504.5163	168.9183	1.421362	0.7164994	2.618977
3720	-325.8086	-495.1283	169.3197	1.076801	0.8431517	2.504941
3726	-342.8923	-509.7558	166.8635	2.154595	0.6452639	3.453699
3732	-333.7399	-502.572	168.8321	1.389214	0.5765001	2.777516
3738	-329.0019	-499.5918	170.5899	1.077424	0.7328462	1.743508
3744	-337.5033	-507.0276	169.5243	1.690786	1.321435	1.646821
3750	-335.9627	-506.0861	170.1235	1.291817	1.441616	1.408427
3756	-333.5495	-503.0215	169.472	1.853557	1.441616	1.477131
3762	-329.1252	-499.0822	169.957	1.404884	1.315995	1.543815
3768	-332.1245	-500.5938	168.4693	1.835391	0.8927642	2.531275
3774	-345.4316	-513.9298	168.4982	2.047731	0.8927642	2.379812
3780	-348.6409	-517.3777	168.7368	1.661348	0.6008226	2.654212
3786	-343.4414	-513.5561	170.1147	0.935025	0.5174915	2.29807
3792	-339.2836	-509.7384	170.4548	0.9968478	1.237382	1.535584
3798	-340.3274	-510.9735	170.6461	1.045208	1.191619	1.388188
3804	-351.9431	-520.0161	168.073	1.164129	0.6811799	3.304063
3810	-341.5068	-510.0849	168.5781	1.658853	0.6700152	2.710766
3816	-337.2636	-506.546	169.2824	1.807507	0.5909879	2.225096
3822	-341.4088	-508.7734	167.3646	1.27522	0.6072507	3.695688
3828	-333.2043	-503.1576	169.9533	1.27522	0.6961344	2.066131
3834	-335.9094	-505.7368	169.8274	1.203505	0.7629524	2.151863
3840	-336.9691	-506.1996	169.2305	1.474079	0.6337485	2.443096
3846	-331.9771	-501.848	169.8709	1.225688	0.7303148	2.130348
3852	-327.1701	-497.9053	170.7352	0.7574381	0.9081634	1.743081
3858	-332.1907	-501.8499	169.6592	1.164334	1.026099	2.115456
3864	-338.4038	-509.2261	170.8223	0.8661823	0.7347919	1.727266
3870	-346.8382	-515.9815	169.1433	1.515901	1.352229	2.008647
3876	-333.479	-502.2039	168.7248	1.307277	0.4647694	2.959746
3882	-334.7244	-503.3087	168.5843	1.307277	0.381349	3.093885
3888	-328.3991	-497.4622	169.0631	1.592627	0.6785827	2.445656
3894	-342.8468	-510.9746	168.1278	1.895085	1.152884	2.544748
3900	-332.1969	-502.2853	170.0884	0.9319543	0.664575	2.222502
3906	-333.9604	-501.8784	167.918	2.106233	0.6398671	2.858773
3912	-333.1993	-502.8916	169.6923	0.9425382	1.064206	2.213384
3918	-337.6861	-507.0254	169.3393	1.590457	0.674413	2.274411
3924	-341.6103	-512.0576	170.4474	1.410971	0.8239187	1.540595
3930	-337.4406	-507.3189	169.8783	1.119943	1.257339	1.843772
3936	-333.1838	-503.419	170.2352	0.916197	1.257339	1.737477
3942	-327.8485	-498.4637	170.6152	1.245217	1.047633	1.368469
3948	-321.5026	-492.1744	170.6717	1.282131	1.35301	1.024112
3954	-324.8298	-495.3809	170.5511	1.068648	1.35301	1.316912
3960	-340.63	-510.0814	169.4514	1.299695	0.6114795	2.427841
3966	-333.0094	-502.9613	169.9519	1.712385	1.084588	1.490905
3972	-334.5067	-504.698	170.1914	1.338661	1.084588	1.590305
3978	-334.6579	-504.634	169.976	1.21839	1.127987	1.797693
3984	-332.8933	-503.6582	170.7648	1.198495	0.9680576	1.349995
3990	-319.8953	-489.7198	169.8244	1.198495	0.8071653	2.128244
3996	-334.3826	-504.2581	169.8755	1.290405	1.411892	1.617054
4002	-325.1778	-495.5594	170.3817	1.013755	0.9820537	1.759391
4008	-337.6208	-508.4356	170.8148	1.399257	0.9651774	1.14274
4014	-330.6199	-499.5328	168.913	1.678631	1.131489	2.197837
4020	-329.5448	-499.5594	170.0146	1.438123	0.8262138	1.827715
4026	-328.3087	-498.8297	170.521	0.8047016	1.076579	1.741996
4032	-328.4886	-498.5804	170.0918	1.241724	0.7713927	1.946101
4038	-329.7763	-500.0909	170.3146	0.9319799	1.082467	1.793091
4044	-327.4436	-498.0432	170.5996	1.144684	1.019304	1.479828
4050	-341.1581	-511.3609	170.2029	1.281073	0.6093004	1.953937
4056	-338.2357	-509.1172	170.8815	1.104768	0.7190278	1.523513
4062	-325.0229	-494.4564	169.4334	1.58368	0.7416146	2.174738
4068	-318.3501	-487.7744	169.4243	1.476025	0.8346817	2.190086
4074	-335.1423	-506.1921	171.0498	0.7909518	1.130804	1.31786
4080	-333.2646	-504.1209	170.8563	1.077375	1.044095	1.312842
4086	-326.2584	-496.0375	169.7791	1.080236	1.30801	1.9039
4092	-328.0185	-499.3785	171.3601	0.5180424	0.9268285	1.448412
4098	-342.7743	-512.8511	170.0768	1.192126	1.370126	1.572438
4104	-328.932	-498.7899	169.8579	1.192126	1.588977	1.572438
4110	-332.7974	-501.8077	169.0102	1.173072	1.588977	2.165921
4116	-338.7371	-508.0196	169.2825	1.666427	1.451092	1.743624
4122	-327.591	-497.5377	169.9467	1.109424	1.055076	1.941892
4128	-322.1624	-491.6002	169.4378	1.008132	0.8053727	2.497639
4134	-323.21	-492.6235	169.4135	1.387999	0.9066948	2.207465
4140	-335.6505	-504.5002	168.8497	1.139441	0.5619558	2.927082
4146	-337.6432	-506.9283	169.285	0.9304135	0.3356734	2.927082
4152	-333.9155	-502.3905	168.475	1.36832	0.3356734	3.149796
4158	-333.7189	-502.5083	168.7894	1.380189	0.5527339	2.823462
4164	-327.9334	-497.6785	169.7451	1.380189	0.6212048	2.182693
4170	-336.9574	-506.4413	169.4839	1.101348	0.8403131	2.388105
4176	-337.4101	-506.5645	169.1543	1.101348	1.239856	2.343753
4182	-325.2212	-494.6462	169.425	1.318888	1.093947	2.123214
4188	-330.7037	-500.7823	170.0786	1.318888	1.311275	1.520881
4194	-336.3134	-505.5329	169.2195	1.318888	1.268979	2.143064
4200	-330.5315	-499.3515	168.82	1.491535	0.700197	2.646371
4206	-335.1767	-501.6574	166.4808	2.009804	0.5221544	3.830826
4212	-341.3875	-510.5783	169.1908	1.652784	1.092608	2.058539
4218	-334.3834	-503.656	169.2726	1.663969	0.6925039	2.258449
4224	-327.2772	-495.0267	167.7495	1.873022	0.5087558	3.178151
4230	-325.6258	-494.5489	168.9231	1.586403	0.554418	2.614145
4236	-346.0363	-514.8963	168.86	1.653194	0.6653079	2.543055
4242	-327.7114	-496.57	168.8587	1.554825	0.8301218	2.502479
4248	-328.4629	-496.8896	168.4267	1.468998	0.4120027	3.073131
4254	-329.9828	-498.6393	168.6565	1.58481	0.5648664	2.772432
4260	-335.0764	-505.2962	170.2198	1.496545	0.9129659	1.579556
4266	-335.2765	-505.8474	170.5708	1.338602	0.7093237	1.587261
4272	-340.1981	-509.1207	168.9225	1.780209	0.6242774	2.450215
4278	-327.436	-496.6562	169.2202	1.652081	0.711479	2.287495
4284	-329.9407	-499.5341	169.5934	1.316336	0.5229746	2.383605
4290	-340.0757	-508.0807	168.005	1.374891	0.4066267	3.381563
4296	-339.6796	-508.6293	168.9497	1.361081	0.5054482	2.766287
4302	-340.9606	-510.3171	169.3566	1.744459	0.6560068	2.175836
4308	-340.082	-509.972	169.89	1.391347	0.5233652	2.144782
4314	-351.3338	-519.437	168.1032	1.462757	0.5233652	3.203027
4320	-344.2348	-514.2617	170.0269	1.109988	0.4607525	2.278594
4326	-335.9879	-503.1018	167.1139	1.676943	0.380925	3.739181
4332	-339.3211	-509.6273	170.3062	0.9661801	1.184958	1.703272
4338	-336.4617	-507.3011	170.8394	1.001528	0.8807723	1.511281
4344	-337.0778	-507.1257	170.0479	1.126811	1.204828	1.757943
4350	-340.4142	-510.1629	169.7487	1.126811	0.6502468	2.324508
4356	-337.6393	-506.0677	168.4283	1.818792	0.4313159	2.850107
4362	-334.4039	-504.6946	170.2906	1.338416	0.5111114	1.922325
4368	-320.5461	-490.8863	170.3402	0.7406434	0.5111114	2.282216
4374	-325.9837	-495.0663	169.0826	1.177028	0.7202861	2.665987
4380	-321.8849	-492.5148	170.6299	0.8789078	0.4287506	2.057648
4386	-334.12	-504.7157	170.5956	0.8458376	1.059602	1.672186
4392	-339.5933	-509.805	170.2117	1.272405	1.016919	1.672186
4398	-343.1739	-513.4121	170.2382	1.461226	0.8015934	1.672186
4404	-343.8003	-513.8847	170.0844	0.8203073	0.6328144	2.317005
4410	-343.1481	-512.6492	169.5011	1.574079	0.7769163	2.113838
4416	-338.0619	-507.8533	169.7914	1.574079	0.6614566	1.998305
4422	-332.5111	-502.6077	170.0965	1.503346	0.6614566	1.839791
4428	-339.749	-508.04	168.2911	1.330213	0.6913328	3.070214
4434	-326.5028	-496.9153	170.4125	0.8795455	0.7401234	1.994813
4440	-340.3867	-509.5475	169.1608	1.501213	0.6428365	2.464152
4446	-352.8788	-522.2164	169.3376	1.377033	1.260162	2.033018
4452	-331.1946	-501.0406	169.8459	1.404597	1.019346	1.833935
4458	-333.2222	-502.2315	169.0093	1.541502	0.7521479	2.46531
4464	-343.8549	-513.0933	169.2384	0.9375604	0.867411	2.626827
4470	-348.584	-517.7308	169.1468	0.9531973	0.6058576	2.833476
4476	-345.0187	-514.2725	169.2538	0.9531973	0.7555461	2.676662
4482	-332.9168	-501.4339	168.517	1.543405	0.62596	2.84528
4488	-337.7585	-506.4659	168.7074	1.543405	0.62596	2.729271
4494	-332.4627	-502.0703	169.6076	1.404309	1.152454	1.90597
4500	-336.5513	-506.3442	169.7929	1.708081	1.152454	1.56189
4506	-334.0803	-503.9622	169.8818	1.708081	0.9797505	1.622921
4512	-327.8231	-497.795	169.972	1.524692	1.048549	1.640562
4518	-334.5067	-504.5362	170.0295	1.286465	1.229208	1.640562
4524	-339.1829	-509.5973	170.4144	1.067962	1.296458	1.468264
4530	-326.9257	-496.3745	169.4489	1.349716	1.296458	1.952715
4536	-334.2994	-504.5068	170.2073	1.08249	1.686994	1.313638
4542	-332.2293	-500.681	168.4517	1.751298	1.385199	2.284641
4548	-336.6884	-506.7149	170.0265	1.624867	1.367477	1.27942
4554	-337.4967	-507.7213	170.2246	0.956797	1.110529	1.818766
4560	-338.7518	-507.4577	168.706	0.9719988	0.5787383	3.103564
4566	-336.5071	-506.214	169.7069	1.511932	1.544884	1.479692
4572	-331.817	-500.4324	168.6154	1.917141	1.439953	2.034518
4578	-328.7936	-497.496	168.7025	1.585327	0.4156175	2.83495
4584	-326.2909	-494.9788	168.6879	1.533224	0.3867672	2.89284
4590	-344.8035	-514.277	169.4736	1.171382	0.7532202	2.405408
4596	-340.5701	-511.2783	170.7082	0.920613	0.8017017	1.722201
4602	-342.0781	-510.9235	168.8454	1.454193	0.8017017	2.591
4608	-341.4507	-508.8812	167.4304	1.723931	0.6615778	3.36427
4614	-326.8034	-496.639	169.8356	1.520385	1.2291	1.611776
4620	-341.4617	-510.3292	168.8674	1.026213	0.4686197	3.040516
4626	-334.2166	-502.3419	168.1253	1.812057	0.4474065	3.02703
4632	-329.0465	-498.5812	169.5347	1.051494	0.5966053	2.54039
4638	-333.183	-502.056	168.873	1.044365	0.5641801	2.969003
4644	-333.771	-502.5403	168.7693	0.8651208	0.369011	3.253825
4650	-335.2051	-504.5089	169.3038	1.522451	0.6586485	2.350519
4656	-330.5184	-499.6569	169.1385	1.540175	0.9842963	2.236668
4662	-348.637	-516.4908	167.8538	1.407299	0.5659261	3.35777
4668	-355.047	-523.6574	168.6104	1.407299	0.9789055	2.655672
4674	-324.504	-494.7303	170.2263	1.126535	1.180137	1.649337
4680	-323.2977	-493.685	170.3873	0.7019132	1.246946	1.788158
4686	-320.2965	-491.0987	170.8022	0.8292353	0.6864278	1.800821
4692	-352.0092	-522.3929	170.3837	1.130354	0.9271838	1.714622
4698	-348.7736	-519.6591	170.8856	1.112806	0.5704113	1.623564
4704	-343.0413	-513.5301	170.4888	1.166577	0.761981	1.731429
4710	-332.0497	-501.6457	169.5961	0.9941327	0.6241855	2.520726
4716	-344.8962	-512.0665	167.1703	1.754516	0.7731138	3.433487
4722	-342.0004	-512.3405	170.34	0.7043812	0.7731138	2.136466
4728	-344.7477	-513.879	169.1313	1.74276	0.6909301	2.299497
4734	-349.3004	-519.2026	169.9021	1.022298	0.6066434	2.321137
4740	-357.5394	-526.5647	169.0252	1.489987	0.6261224	2.566174
4746	-333.1805	-501.6804	168.4999	1.201571	0.5213866	3.123747
4752	-337.3447	-505.5943	168.2496	1.776588	0.7826601	2.770788
4758	-348.8894	-519.1531	170.2637	1.470182	0.612168	1.78128
4764	-334.1361	-503.7103	169.5742	1.576179	0.784878	2.059186
4770	-342.2345	-513.0751	170.8406	1.004355	0.608323	1.70614
4776	-344.351	-512.4489	168.0979	1.995495	0.6563202	2.806809
4782	-344.7027	-513.7231	169.0204	1.582872	0.803042	2.400289
4788	-346.8101	-515.7649	168.9548	1.506957	0.8312312	2.471579
4794	-334.9214	-504.2616	169.3402	1.506957	0.4777133	2.451542
4800	-335.696	-504.6063	168.9103	1.209909	0.6279835	2.807707
4806	-337.5429	-506.4183	168.8754	1.508982	0.3366943	2.8242
4812	-326.8686	-494.4067	167.5381	1.601616	0.6011076	3.40835
4818	-325.6165	-495.1923	169.5758	1.706856	0.8998833	1.893631
4824	-324.0096	-491.9108	167.9011	1.959919	0.8170701	2.850292
4830	-338.1269	-506.3501	168.2232	1.638027	0.4665718	3.06113
4836	-343.5258	-513.5346	170.0087	0.9048282	0.8503506	2.17137
4842	-319.3219	-488.8427	169.5209	1.465317	0.6809063	2.234
4848	-323.8089	-493.8745	170.0656	0.8141503	0.4928454	2.421544
4854	-343.0635	-512.2811	169.2176	1.304224	0.4535244	2.668779
4860	-334.6792	-504.0455	169.3662	1.283694	0.5420899	2.534656
4866	-342.8948	-511.2936	168.3989	1.979093	0.814078	2.534656
4872	-346.5718	-515.0096	168.4378	1.511436	0.7280867	2.850804
4878	-335.1832	-504.6377	169.4544	1.079327	0.879273	2.396025
4884	-333.3908	-501.77	168.3793	2.045942	0.6547796	2.604215
4890	-331.6177	-501.7588	170.141	0.4343265	0.6304015	2.526099
4896	-330.0653	-498.6628	168.5974	1.883879	0.7244403	2.526099
4902	-341.4606	-509.0689	167.6083	1.883879	0.8683331	3.041591
4908	-335.1615	-504.3173	169.1558	1.479123	0.6515208	2.475696
4914	-337.2126	-507.1674	169.9548	0.8964493	0.4915167	2.440309
4920	-335.5146	-504.6112	169.0965	1.29704	0.4472406	2.751262
4926	-330.9963	-500.5727	169.5764	1.29704	0.6907711	2.29996
4932	-349.3483	-518.7741	169.4258	1.634473	0.9930915	1.980659
4938	-357.5797	-524.6343	167.0546	1.736455	0.4514165	3.698359
4944	-354.0779	-523.449	169.3711	1.624642	1.154014	1.91587
4950	-348.6185	-517.7916	169.173	1.6099	0.9154819	2.21379
4956	-343.5139	-513.825	170.3111	0.8362293	0.5510782	2.21379
4962	-334.9456	-503.8152	168.8696	1.69992	0.5510782	2.579081
4968	-344.1983	-512.5358	168.3375	1.545054	0.7496151	2.878127
4974	-342.8311	-513.0264	170.1952	1.082905	0.9645933	1.85255
4980	-333.924	-502.896	168.9719	1.223379	0.7087868	2.712527
4986	-334.9862	-503.0343	168.0481	2.339982	0.7184706	2.587789
4992	-332.1663	-503.0136	170.8473	0.8808231	0.6905919	1.730497
4998	-332.9694	-503.2525	170.2831	1.148095	0.9874819	1.730497
5004	-333.1097	-502.9871	169.8774	1.553838	0.9874819	1.730497
5010	-330.7843	-501.5447	170.7605	0.9829922	0.9874819	1.50435
5016	-330.8729	-500.0675	169.1947	1.445093	0.6214046	2.491493
5022	-325.159	-495.5694	170.4104	1.303623	0.7792174	1.677728
5028	-334.2745	-502.9687	168.6942	1.11218	0.4844266	3.083254
5034	-327.508	-496.2871	168.7791	1.596797	0.3918213	2.795828
5040	-334.053	-503.1882	169.1352	1.431166	0.9530279	2.328566
5046	-332.15	-502.0888	169.9388	1.040811	0.9482412	2.064052
5052	-339.0511	-508.8978	169.8467	1.473222	0.6742049	2.020188
5058	-351.771	-519.9363	168.1653	1.663593	0.6630408	2.962732
5064	-337.4292	-507.2132	169.784	1.663593	0.8856699	1.790182
5070	-335.6711	-505.6178	169.9467	1.337714	0.5546538	2.122396
5076	-342.4354	-511.8059	169.3706	1.592919	1.640521	1.598032
5082	-348.3683	-518.9543	170.586	1.374323	0.843899	1.448926
5088	-343.5271	-512.8022	169.2751	1.67063	0.843899	2.154625
5094	-336.3001	-505.9003	169.6001	1.697655	0.8958558	1.886065
5100	-329.4956	-499.7883	170.2927	1.337643	1.085949	1.515334
5106	-332.1917	-501.0294	168.8377	1.337643	1.063784	2.505294
5112	-335.6757	-505.8894	170.2136	1.337643	0.7774563	1.7933
5118	-347.6783	-515.3786	167.7003	1.117036	0.6937166	3.542534
5124	-344.6907	-513.8148	169.1241	1.039505	0.7331005	2.717066
5130	-329.1983	-499.176	169.9777	1.039505	0.5784153	2.279885
5136	-329.2921	-499.4371	170.145	1.011471	0.8087141	2.039348
5142	-329.605	-499.0798	169.4749	1.602356	0.5216016	2.277835
5148	-328.0847	-497.6744	169.5897	1.602356	0.5115878	2.210408
5154	-330.4675	-500.3601	169.8926	1.033338	0.5115878	2.380518
5160	-343.7516	-513.053	169.3014	1.322449	0.9335468	2.304368
5166	-341.0711	-510.3897	169.3186	1.322449	0.8107409	2.371512
5172	-336.8106	-506.3791	169.5685	1.242813	0.546564	2.430793
5178	-349.0789	-514.9146	165.8357	2.089428	0.5764495	4.123169
5184	-344.5926	-512.335	167.7423	2.256697	1.057488	2.618718
5190	-336.967	-507.8924	170.9254	0.9008591	0.8544541	1.541763
5196	-330.9315	-500.7097	169.7782	1.242112	0.8391504	2.109028
5202	-332.1395	-501.7839	169.6444	1.080957	0.8887023	2.268072
5208	-336.3656	-505.1728	168.8072	1.254702	0.8787579	2.69011
5214	-328.8761	-499.0996	170.2235	1.254444	0.8787579	1.773873
5220	-330.5391	-500.6698	170.1307	1.049389	1.496004	1.545155
5226	-332.5649	-502.9534	170.3885	0.9772353	1.301368	1.551793
5232	-360.5782	-530.7454	170.1672	1.040111	0.6837327	2.088264
5238	-346.5727	-516.4562	169.8836	1.285621	0.7643436	2.060299
5244	-336.5374	-507.0098	170.4724	1.157058	0.6696481	1.813784
5250	-350.7711	-520.8776	170.1065	0.9466008	0.5351227	2.284655
5256	-341.2872	-511.3017	170.0144	0.691822	0.6600334	2.425514
5262	-329.9618	-499.6212	169.6594	1.279773	0.6936461	2.256036
5268	-327.8592	-498.2314	170.3722	0.8319566	0.6524365	2.11089
5274	-337.749	-506.3664	168.6174	1.323934	0.6524365	2.901339
5280	-332.3438	-502.051	169.7072	1.180047	0.7735766	2.238044
5286	-333.7342	-503.9433	170.2091	1.180047	0.9279181	1.80139
5292	-333.1404	-503.0015	169.8612	1.189104	0.7095935	2.173976
5298	-339.4551	-508.8989	169.4437	1.000314	0.8394666	2.477509
5304	-338.8346	-508.5013	169.6667	0.5832903	1.0335	2.477509
5310	-337.2602	-506.9367	169.6764	0.8253337	0.6851872	2.537816
5316	-340.4904	-510.5057	170.0154	1.028413	0.7521556	2.150529
5322	-343.995	-514.824	170.829	0.8677846	0.7512891	1.709756
5328	-337.0156	-507.245	170.2294	1.397337	0.8213989	1.709756
5334	-326.1614	-496.3055	170.1441	1.046495	0.8213989	2.008304
5340	-327.356	-497.4171	170.0611	1.232429	1.143265	1.717787
5346	-334.959	-505.5125	170.5535	1.232429	1.081979	1.399872
5352	-327.2303	-497.2533	170.0231	1.232429	0.724928	2.029261
5358	-323.9208	-492.6587	168.7379	1.13316	0.5764412	2.989449
5364	-336.3522	-501.6638	165.3116	1.71625	0.4147028	4.720323
5370	-326.2919	-494.6502	168.3582	1.662401	0.703716	2.822221
5376	-329.6103	-499.2586	169.6483	1.637411	1.124513	1.73644
5382	-336.9471	-506.4115	169.4644	1.479217	0.5449444	2.348208
5388	-339.1465	-507.6499	168.5034	1.217766	0.6360024	3.043548
5394	-338.595	-507.4197	168.8247	1.326958	0.4120665	2.919484
5400	-342.1068	-511.7865	169.6797	1.270124	0.7013826	2.244215
5406	-343.1621	-512.1463	168.9842	1.506227	0.7695504	2.492261
5412	-342.5399	-512.5402	170.0003	1.336914	0.7695504	1.944838
5418	-337.525	-507.6284	170.1034	1.172424	0.8309586	1.944838
5424	-327.4603	-498.7001	171.2398	0.7375168	0.493907	1.693396
5430	-339.9548	-510.1896	170.2348	1.477611	0.7588313	1.693396
5436	-345.9117	-517.0421	171.1304	0.9887628	1.14602	1.064164
5442	-332.0837	-502.7261	170.6424	0.8531853	1.769604	1.064164
5448	-329.7919	-499.6666	169.8747	1.286383	1.88654	1.255634
5454	-339.2475	-508.2078	168.9603	1.186037	0.4866992	2.877588
5460	-328.3322	-498.9427	170.6104	0.94282	1.20641	1.482759
5466	-332.7224	-503.4397	170.7173	1.548044	0.8519854	1.196823
5472	-343.9684	-511.3408	167.3724	1.798645	0.5337426	3.429466
5478	-341.2017	-508.1782	166.9765	1.702442	0.5619099	3.699295
5484	-330.8349	-500.4915	169.6566	1.65464	0.8376045	1.916427
5490	-345.6176	-514.2017	168.5841	1.234104	0.4298756	3.108701
5496	-344.0433	-512.572	168.5287	1.234104	0.4949643	3.102947
5502	-331.2861	-501.4653	170.1792	1.530681	0.3900855	1.949442
5508	-331.1025	-501.9094	170.8069	1.007753	0.6606997	1.690486
5514	-331.0768	-501.6222	170.5453	0.9335443	0.9964428	1.690486
5520	-329.4998	-499.6809	170.1811	1.03285	0.712016	2.065265
5526	-334.948	-503.2408	168.2928	1.162612	0.6692375	3.182084
5532	-334.892	-503.6662	168.7742	1.777521	0.5829913	2.570294
5538	-334.3923	-502.6887	168.2964	1.371082	0.450384	3.186115
5544	-344.3923	-511.9656	167.5732	1.505193	0.450384	3.532192
5550	-337.0743	-506.05	168.9757	1.089421	0.438207	2.955876
5556	-324.9189	-493.552	168.6331	1.224499	0.5328618	3.023642
5562	-331.5694	-498.7676	167.1982	2.19618	1.112016	2.954001
5568	-336.5512	-504.5545	168.0033	1.860389	0.9733102	2.753619
5574	-330.3592	-497.9058	167.5466	1.860389	0.5493391	3.281668
5580	-341.7223	-508.4688	166.7465	1.931775	0.5493391	3.706943
5586	-360.588	-529.8684	169.2804	1.973675	0.7567422	2.009078
5592	-344.1619	-513.4081	169.2462	1.130192	1.139883	2.330541
5598	-331.4878	-500.9745	169.4867	1.128281	0.7696673	2.413943
5604	-334.9649	-504.57	169.6051	1.210696	0.730045	2.311715
5610	-330.9031	-499.6856	168.7825	1.64444	0.685466	2.58414
5616	-332.9992	-502.6672	169.668	1.300582	0.9136778	2.094076
5622	-328.2714	-499.0663	170.7949	1.099691	0.9136778	1.445895
5628	-337.1416	-507.2443	170.1027	1.155541	0.6850402	2.053854
5634	-338.2787	-508.0789	169.8002	0.7027897	1.966712	1.694491
5640	-335.1504	-506.1477	170.9972	0.5692809	0.8658717	1.720855
5646	-335.5515	-505.1725	169.621	0.4423243	0.8227405	2.723584
5652	-329.4335	-498.2384	168.8049	1.528181	0.5795224	2.707304
5658	-332.4018	-502.6641	170.2624	1.188176	0.5981815	1.983786
5664	-327.6641	-497.0979	169.4339	1.564947	1.565534	1.626762
5670	-326.0058	-495.8247	169.8189	1.2432	0.7621077	2.132093
5676	-335.8791	-505.7199	169.8407	1.248746	1.06104	1.915314
5682	-338.9254	-509.6446	170.7192	1.491414	0.622478	1.426829
5688	-316.9449	-487.0574	170.1125	1.178078	0.7575428	1.984189
5694	-326.8765	-496.7026	169.8262	1.397957	0.7414569	2.039094
5700	-330.3593	-500.5873	170.228	1.04245	0.7354648	2.012358
5706	-333.7272	-503.3185	169.5913	1.55151	0.7354648	2.096663
5712	-334.0588	-503.7792	169.7204	1.524852	1.381681	1.581313
5718	-338.8138	-509.1178	170.3041	0.941766	0.7048017	2.04901
5724	-340.9606	-511.6155	170.6549	0.6181015	1.021577	1.816955
5730	-325.689	-495.8865	170.1975	0.986482	0.7963677	2.029309
5736	-332.485	-501.6195	169.1345	0.986482	0.4791761	2.897513
5742	-329.9656	-499.2936	169.328	1.380027	0.5784547	2.475654
5748	-330.0495	-499.3586	169.3091	1.021159	0.6339651	2.675595
5754	-334.8559	-504.5798	169.7239	0.9539675	0.6412089	2.455233
5760	-324.4068	-495.0401	170.6333	0.7158011	0.9728553	1.797983
5766	-333.8203	-504.2044	170.3841	1.03169	0.9061563	1.797983
5772	-336.5752	-506.6328	170.0577	1.086011	1.169031	1.804394
5778	-317.9264	-488.3035	170.3771	1.086011	0.8496508	1.804394
5784	-320.46	-490.8717	170.4116	0.9771054	1.112169	1.672271
5790	-333.923	-504.2782	170.3553	1.035091	1.004125	1.747502
5796	-331.2715	-501.8097	170.5382	1.150308	1.524448	1.112416
5802	-326.5742	-497.0921	170.5179	1.150308	1.337945	1.289812
5808	-322.5711	-493.1511	170.58	0.9027876	0.805919	1.820989
5814	-322.321	-492.2693	169.9483	1.316698	0.8415825	1.944986
5820	-320.3313	-490.4073	170.076	0.852862	0.4882167	2.393493
5826	-323.8051	-494.1588	170.3538	1.262424	0.8200086	1.718184
5832	-331.3888	-500.323	168.9342	1.32261	0.8015543	2.617571
5838	-326.351	-495.5563	169.2053	1.32261	0.4782495	2.649803
5844	-327.4681	-497.058	169.5899	1.173392	0.5780011	2.441243
5850	-334.1593	-503.7899	169.6305	1.27181	0.4389541	2.441243
5856	-336.21	-505.8019	169.5918	1.493004	0.4389541	2.325764
5862	-349.046	-519.84	170.794	0.4509258	0.6673621	2.074301
5868	-344.7431	-514.6509	169.9078	1.125834	1.384191	1.731103
5874	-334.3136	-504.6273	170.3137	1.338296	1.29679	1.33612
5880	-342.8973	-512.4954	169.5981	1.282529	0.7961459	2.227744
5886	-334.0493	-503.5334	169.4842	1.416255	1.152657	1.980853
5892	-333.6922	-504.4836	170.7914	0.2164274	0.9110081	2.070008
5898	-339.9858	-510.0432	170.0574	1.132561	1.084283	1.83093
5904	-337.4434	-506.8138	169.3704	1.739174	1.0126	1.934466
5910	-339.8795	-509.247	169.3675	1.785408	0.6319142	2.15776
5916	-339.6098	-509.7885	170.1787	1.317995	0.9489791	1.711509
5922	-348.0927	-517.6879	169.5952	1.040081	1.901506	1.646617
5928	-355.6602	-525.3482	169.688	1.040081	1.435312	1.90661
5934	-354.2881	-523.4708	169.1827	1.612027	1.368643	1.90661
5940	-334.7657	-504.9646	170.1989	1.051368	0.9492634	1.882032
5946	-336.4564	-506.763	170.3066	0.9531996	0.7991778	1.976905
5952	-329.3016	-497.7239	168.4223	2.120479	0.554774	2.593323
5958	-323.0286	-492.3558	169.3272	1.542629	0.9105664	2.160668
5964	-328.2262	-499.0667	170.8405	0.7502162	0.5613677	1.91425
5970	-343.9085	-510.8757	166.9672	1.922421	0.7397746	3.473528
5976	-334.2796	-504.4126	170.133	1.206795	0.7397746	1.96315
5982	-326.6242	-496.2368	169.6126	1.69846	1.058226	1.765085
5988	-334.4722	-503.7702	169.2981	1.518622	1.392572	1.875441
5994	-333.5605	-503.2766	169.7161	1.167069	1.360944	1.85164
6000	-330.6565	-501.407	170.7505	0.7279088	0.9128714	1.749713
6006	-329.8341	-499.3304	169.4963	1.812541	0.6310573	2.056115
6012	-324.5935	-493.535	168.9414	1.845198	1.153229	2.056115
6018	-329.9321	-498.5596	168.6275	0.9518589	0.5460432	3.181625
6024	-330.3418	-498.3054	167.9637	1.673143	0.4609923	3.198007
6030	-334.849	-504.8092	169.9602	1.362753	0.6593708	2.027988
6036	-340.7868	-509.2932	168.5064	1.521349	0.578042	2.89406
6042	-349.8199	-518.9067	169.0868	1.649961	1.295038	1.995084
6048	-345.509	-515.3238	169.8147	1.689501	1.143166	1.566303
6054	-336.8119	-507.0293	170.2174	1.269116	0.7213151	1.876429
6060	-341.652	-510.9952	169.3432	1.269116	0.5790075	2.535074
6066	-335.4575	-505.0356	169.5781	1.269116	0.5790075	2.387697
6072	-333.0338	-503.5949	170.5611	1.320407	1.130616	1.284922
6078	-338.6944	-508.5656	169.8712	1.274038	0.5524795	2.214243
6084	-330.9295	-500.9395	170.01	1.286547	0.5751516	2.100991
6090	-334.3115	-503.8882	169.5768	1.576312	0.7186414	2.100991
6096	-329.9335	-497.5685	167.6351	1.989216	0.6845624	3.072462
6102	-332.03	-499.3209	167.2909	2.188616	0.5569703	3.234292
6108	-333.8432	-503.3983	169.5551	1.194933	1.192732	2.054191
6114	-332.4886	-503.0587	170.5701	0.9777357	1.01949	1.624592
6120	-328.1999	-497.5792	169.3794	1.66216	1.013351	1.979673
6126	-328.5228	-498.7468	170.2239	1.338923	0.6671316	1.861277
6132	-325.2233	-495.2477	170.0244	1.04643	0.752127	2.132927
6138	-322.2925	-491.661	169.3686	1.704651	1.168884	1.853002
6144	-319.1258	-489.0421	169.9163	1.406156	1.069173	1.749486
6150	-321.9142	-491.0798	169.1656	1.392644	0.5811273	2.567394
6156	-317.3393	-487.1755	169.8361	1.258905	0.8991048	2.020147
6162	-313.507	-483.7867	170.2797	0.8314963	1.062836	1.899415
6168	-323.3543	-493.7484	170.3941	1.225995	0.6913671	1.805256
6174	-327.0171	-496.927	169.9099	0.9440822	0.905101	2.174487
6180	-318.6815	-488.1999	169.5184	0.8933651	0.820199	2.509762
6186	-326.2295	-495.0939	168.8645	1.447903	1.145374	2.367731
6192	-340.3542	-510.5596	170.2054	0.8505955	0.9526913	2.010479
6198	-332.8701	-503.1241	170.254	1.301078	0.9688469	1.655808
6204	-325.1543	-494.8577	169.7034	1.352986	1.062208	1.936901
6210	-332.529	-502.1312	169.6022	1.317502	0.6623262	2.28858
6216	-329.2928	-500.1771	170.8843	1.064899	0.698272	1.566247
6222	-317.33	-485.5843	168.2543	1.531968	0.4803946	3.097633
6228	-317.2122	-485.1245	167.9123	1.531968	0.8223481	3.097633
6234	-326.8533	-494.9246	168.0713	1.779004	0.8497235	2.836996
6240	-323.9514	-493.7593	169.808	1.239059	0.6992907	2.182781
6246	-326.5537	-493.7315	167.1778	1.770295	0.5231632	3.565682
6252	-330.9507	-498.5693	167.6186	1.513969	0.5107202	3.465434
6258	-320.1556	-489.8561	169.7005	1.268411	0.8160184	2.157686
6264	-333.7583	-502.1086	168.3503	1.268411	0.5280951	3.168965
6270	-327.8736	-497.417	169.5433	1.158257	1.498327	1.881793
6276	-323.6781	-493.9244	170.2463	1.321257	0.51259	1.96274
6282	-321.3628	-491.5511	170.1882	1.165242	0.5009477	2.112324
6288	-321.0296	-491.4606	170.431	1.165242	0.4920598	1.957265
6294	-333.7525	-502.596	168.8435	1.882618	0.4920598	2.518363
6300	-323.1306	-492.543	169.4124	1.831415	0.6094335	2.11312
6306	-323.7548	-493.292	169.5372	1.143614	0.5149898	2.532281
6312	-336.6875	-505.0772	168.3897	1.66962	0.5229736	2.908288
6318	-335.4556	-506.2788	170.8232	0.8296356	0.9071111	1.62993
6324	-328.3529	-498.6291	170.2762	1.475851	0.8079437	1.62993
6330	-336.3246	-507.3946	171.07	0.7988126	0.6911309	1.62993
6336	-340.0093	-509.1445	169.1351	1.427137	0.9636766	2.324411
6342	-334.7762	-504.4582	169.682	1.561869	1.017266	1.839949
6348	-338.4675	-508.6828	170.2154	0.8503611	1.195381	1.839949
6354	-334.8553	-505.4913	170.636	0.8159623	1.124999	1.61768
6360	-339.7953	-510.1997	170.4044	1.044467	1.139033	1.609754
6366	-351.8363	-522.2916	170.4552	1.535255	0.9248124	1.362739
6372	-328.689	-498.3299	169.6409	1.428703	0.5270116	2.279285
6378	-328.6339	-499.0726	170.4387	0.9225209	0.6198757	2.02881
6384	-356.7382	-525.1341	168.396	1.430058	1.187195	2.645459
6390	-353.3387	-524.1865	170.8478	0.9035981	0.7843166	1.647377
6396	-348.8297	-518.2521	169.4224	1.375515	1.642026	1.715542
6402	-319.8307	-489.6066	169.7759	1.300839	0.5628031	2.251692
6408	-328.0376	-497.9873	169.9497	1.555633	0.6714521	1.897524
6414	-326.2925	-496.1969	169.9044	1.049021	0.7290639	2.22404
6420	-326.1812	-494.8674	168.6861	1.994894	0.5863951	2.487603
6426	-334.4586	-503.3085	168.8499	0.7710828	0.4625216	3.206492
6432	-320.2571	-490.8476	170.5905	1.100041	0.6740433	1.768394
6438	-335.5722	-505.5542	169.982	1.705571	0.7193165	1.738782
6444	-326.8785	-496.8471	169.9686	0.7993289	0.6988759	2.362015
6450	-322.9572	-492.5633	169.6061	1.553841	0.8381878	2.017509
6456	-325.776	-495.5195	169.7434	1.637326	0.7950164	1.898199
6462	-338.3975	-507.1711	168.7736	1.363748	1.1301	2.487577
6468	-342.0592	-512.6221	170.5629	0.9518774	1.034895	1.637364
6474	-336.8156	-506.3738	169.5582	1.522082	0.793572	2.099615
6480	-326.1886	-495.6521	169.4635	0.995722	0.4335683	2.719439
6486	-323.3187	-493.2024	169.8838	0.5862919	0.4815809	2.683365
6492	-330.6839	-497.3863	166.7024	1.375459	0.7054746	3.962419
6498	-337.3093	-505.9398	168.6305	1.089353	0.3947511	3.18805
6504	-342.9955	-512.2227	169.2272	1.417533	0.7155705	2.429313
6510	-339.3951	-507.3216	167.9266	1.57715	0.7838773	3.085152
6516	-347.9033	-516.995	169.0917	1.24249	0.6652075	2.653987
6522	-339.9959	-509.3034	169.3075	1.845656	0.5410001	2.216519
6528	-325.7985	-495.859	170.0605	1.306933	1.159995	1.653356
6534	-336.9798	-506.9985	170.0187	1.393784	1.223238	1.574855
6540	-345.0719	-513.8088	168.7368	1.724508	1.223238	2.22273
6546	-336.9895	-506.0696	169.0801	1.188089	1.057508	2.451022
6552	-353.2341	-522.5762	169.3421	1.444077	1.26287	1.98354
6558	-350.6024	-519.4728	168.8703	1.331669	1.357756	2.302826
6564	-344.422	-513.8759	169.4539	1.539172	0.5480556	2.314705
6570	-323.4633	-494.1544	170.6912	1.087481	0.670494	1.709024
6576	-331.7443	-502.384	170.6396	0.7400034	1.001208	1.757022
6582	-330.8142	-500.4876	169.6735	0.8948672	0.6659556	2.508302
6588	-327.5519	-497.4823	169.9304	1.097288	0.861354	2.089588
6594	-347.3687	-516.0785	168.7098	1.779338	0.6972748	2.538157
6600	-328.768	-498.5877	169.8197	0.8048064	0.5674798	2.534652
6606	-321.4368	-491.7485	170.3117	1.291222	0.6357679	1.85532
6612	-326.0216	-494.6072	168.5857	2.046272	0.4548472	2.600004
6618	-337.3561	-507.0431	169.6869	1.209177	0.6972365	2.281368
6624	-341.1949	-511.436	170.2412	1.129843	0.6508513	2.001703
6630	-338.3175	-508.5038	170.1863	1.238611	0.5969832	2.001703
6636	-340.9509	-510.1992	169.2483	1.448617	0.6247236	2.453585
6642	-344.0866	-513.9066	169.82	1.057936	0.7980755	2.228212
6648	-351.5225	-521.6284	170.1059	0.9487813	0.62136	2.228212
6654	-336.5764	-505.892	169.3156	1.623535	0.6905358	2.258091
6660	-340.9286	-511.855	170.9264	1.196446	0.7651515	1.384236
6666	-344.511	-515.1825	170.6715	1.203487	0.7268058	1.599645
6672	-341.7246	-511.5016	169.777	1.040524	1.308793	1.931675
6678	-325.7096	-495.7564	170.0468	1.189628	0.5486398	2.157622
6684	-329.5238	-498.8738	169.35	1.058898	0.8076687	2.51939
6690	-332.4266	-501.7564	169.3298	1.565951	0.5981256	2.344791
6696	-324.3046	-493.7966	169.4921	1.699744	0.6395107	2.127447
6702	-328.0354	-496.3266	168.2912	1.171923	0.5559484	3.24459
6708	-334.3742	-500.9598	166.5856	1.591132	0.5042679	4.0209
6714	-333.0948	-499.8735	166.7786	1.232067	0.252487	4.25851
6720	-314.8007	-484.3559	169.5553	1.232067	0.4096123	2.531583
6726	-327.6201	-495.9811	168.3609	1.038533	0.4871526	3.322721
6732	-326.5323	-495.8884	169.3561	1.144539	0.6684557	2.54896
6738	-337.616	-507.4134	169.7974	1.193842	1.13913	1.928921
6744	-325.37	-494.4029	169.0329	1.151704	0.5270392	2.829952
6750	-332.9044	-500.3182	167.4138	1.811339	0.4591254	3.44147
6756	-330.0281	-500.3585	170.3304	1.272648	0.792227	1.746921
6762	-337.9873	-507.1232	169.1359	1.220544	0.698068	2.619988
6768	-341.9334	-512.0202	170.0868	1.220544	0.5745518	2.094316
6774	-343.9274	-511.5555	167.6281	1.877381	0.3994616	3.31193
6780	-334.6642	-504.6531	169.9889	1.497439	0.6713339	1.910487
6786	-345.3322	-515.2014	169.8692	1.561855	0.6126699	1.987137
6792	-344.6341	-512.7752	168.1411	1.42596	0.4241316	3.26106
6798	-333.713	-502.919	169.206	1.222686	0.429691	2.740533
6804	-335.2374	-505.4031	170.1657	1.7071	0.7751111	1.565895
6810	-336.9113	-507.3388	170.4275	1.209326	0.4121859	1.983564
6816	-333.3754	-503.4303	170.0549	1.095576	0.7428785	2.086773
6822	-331.9369	-501.2415	169.3046	1.67881	0.7275456	2.205653
6828	-330.5523	-500.0332	169.481	1.40426	0.5287375	2.395433
6834	-331.1085	-500.3563	169.2477	1.143329	0.7746739	2.551027
6840	-330.7575	-499.9613	169.2037	1.385408	0.8152353	2.401493
6846	-322.9444	-492.4835	169.5391	1.171519	0.9077768	2.265322
6852	-329.6296	-499.7019	170.0724	1.145207	0.878842	1.951808
6858	-345.947	-515.0291	169.0821	1.517396	0.7770503	2.419029
6864	-356.3652	-525.6371	169.2719	0.6176825	0.8262857	2.827374
6870	-351.1721	-520.4862	169.3142	1.577988	0.9420024	2.125589
6876	-337.7604	-506.8305	169.0701	1.884229	0.5265285	2.353083
6882	-338.4124	-507.8308	169.4184	1.478355	0.515087	2.396794
6888	-347.2596	-517.1315	169.872	1.024234	1.010235	2.078172
6894	-345.0295	-514.8038	169.7743	1.042162	1.843424	1.557153
6900	-338.3044	-508.9812	170.6768	1.108812	0.777365	1.62772
6906	-348.1697	-518.6888	170.5191	1.355583	0.6883856	1.62772
6912	-339.2637	-510.1596	170.8958	0.6230811	1.304895	1.433953
6918	-325.9889	-496.5068	170.5179	1.211088	0.7656047	1.676768
6924	-322.5442	-493.732	171.1878	0.6989047	0.8118945	1.528482
6930	-319.3339	-489.36	170.0262	1.211341	0.9740412	1.873868
6936	-320.1556	-490.6152	170.4596	1.347806	0.9740412	1.466279
6942	-322.5829	-491.9943	169.4114	1.236797	0.5560688	2.52702
6948	-320.9515	-491.0204	170.0688	1.547282	1.210491	1.431832
6954	-322.9426	-493.4022	170.4597	0.9860212	0.8694445	1.802722
6960	-325.3666	-494.6408	169.2742	0.9556616	0.7136953	2.688303
6966	-321.4213	-491.8569	170.4356	1.367349	0.6339774	1.717626
6972	-330.5036	-500.7826	170.279	1.330254	0.4444863	1.980433
6978	-324.5814	-494.8523	170.2709	1.453222	0.9456785	1.549798
6984	-316.9122	-487.3013	170.389	1.011483	1.368955	1.475362
6990	-332.0241	-501.9177	169.8936	1.397842	0.6315751	2.067238
6996	-332.1866	-502.1191	169.9325	1.036528	0.8691684	2.122969
7002	-341.2937	-510.8055	169.5118	1.160018	0.7194301	2.40979
7008	-343.575	-513.8485	170.2735	1.146809	1.004124	1.726477
7014	-343.3512	-513.2085	169.8574	1.437	1.034222	1.793391
7020	-340.1739	-510.3789	170.2051	0.8902767	1.233278	1.793391
7026	-344.2808	-513.3303	169.0495	2.019467	0.9598037	1.997107
7032	-340.2386	-510.6557	170.4171	1.270342	1.280865	1.320497
7038	-347.4295	-517.4265	169.9971	1.062645	0.7364306	2.150397
7044	-340.9806	-510.8131	169.8325	1.320724	0.826953	2.029436
7050	-337.4993	-507.4189	169.9196	1.320724	0.6948136	2.059241
7056	-339.41	-508.3451	168.9351	0.9541241	0.9311046	2.763787
7062	-325.1875	-495.5228	170.3353	1.012557	0.8299249	1.896827
7068	-323.4514	-492.9426	169.4912	1.144546	0.4301215	2.612942
7074	-332.1939	-502.6439	170.45	1.325414	0.8188393	1.605075
7080	-323.2023	-493.5439	170.3416	1.166359	0.7277494	1.857382
7086	-325.1969	-494.9915	169.7946	0.6921808	1.033417	2.328079
7092	-330.9116	-501.4265	170.5149	0.8823853	0.7727341	1.902103
7098	-328.3635	-494.284	165.9205	1.493477	0.5736136	4.414287
7104	-327.691	-493.5567	165.8657	1.237963	0.2803271	4.753039
7110	-325.8722	-494.5739	168.7018	1.673533	0.7253967	2.591399
7116	-321.3857	-491.0753	169.6896	1.48753	1.071814	1.848327
7122	-338.0065	-507.4465	169.44	1.430996	1.024641	2.085273
7128	-320.5665	-490.4768	169.9102	1.495336	1.339801	1.49352
7134	-328.5422	-497.4402	168.898	1.797043	0.5084863	2.527479
7140	-325.1348	-495.2694	170.1346	0.8514406	0.8620125	2.11652
7146	-330.1628	-498.9021	168.7393	1.557572	0.5731993	2.733364
7152	-328.3939	-497.532	169.1381	1.391321	0.4820645	2.646523
7158	-342.6918	-511.345	168.6532	1.263563	0.4951034	3.010798
7164	-342.9483	-513.1166	170.1683	1.280311	1.05545	1.670041
7170	-346.2342	-514.6461	168.4119	1.360592	0.9671185	2.81295
7176	-345.8585	-516.8811	171.0226	0.9485961	0.9052165	1.393293
7182	-333.9171	-504.7121	170.795	0.6055504	1.150862	1.636078
7188	-322.5961	-493.2213	170.6252	1.182527	0.9641053	1.473595
7194	-320.733	-491.2113	170.4783	1.182527	0.9880203	1.565265
7200	-329.6362	-498.9569	169.3207	1.516792	0.9340114	2.166428
7206	-324.995	-495.997	171.0019	0.8576833	0.8152638	1.546042
7212	-337.1973	-507.0458	169.8486	1.108677	0.9316253	2.089718
7218	-338.3148	-508.4191	170.1043	0.8699996	0.4307588	2.401063
7224	-338.1223	-507.9738	169.8515	0.9445475	0.7645426	2.302319
7230	-329.3829	-499.357	169.9741	1.033063	0.5117589	2.328848
7236	-329.6239	-500.1711	170.5472	1.033063	0.9139765	1.67702
7242	-326.9233	-497.3464	170.4232	1.228845	0.8422509	1.67702
7248	-327.8877	-498.3985	170.5108	1.27503	0.9911779	1.469671
7254	-328.0445	-497.0102	168.9657	1.368658	0.4751559	2.770379
7260	-325.3741	-496.2038	170.8297	1.029833	0.9027018	1.480799
7266	-327.3483	-497.2397	169.8914	1.576177	0.623769	1.955223
7272	-336.8948	-506.246	169.3511	1.47297	0.7737536	2.278453
7278	-336.6067	-507.0533	170.4466	1.187409	0.8924514	1.654036
7284	-327.5499	-496.3721	168.8222	1.58639	0.9653322	2.420708
7290	-339.3266	-509.7575	170.4309	1.31182	1.334705	1.230696
7296	-344.2984	-513.8405	169.5421	1.273622	1.26161	1.964621
7302	-337.316	-507.5986	170.2827	1.398696	0.7153487	1.745939
7308	-337.4551	-506.056	168.6009	1.400598	0.648229	2.867485
7314	-342.2147	-511.2819	169.0672	1.502608	0.5285896	2.59279
7320	-332.061	-501.78	169.719	1.959717	0.8495414	1.652748
7326	-336.9715	-506.5408	169.5693	1.141309	1.060405	2.166744
7332	-335.6625	-504.6161	168.9537	1.404471	0.6093411	2.673615
7338	-334.9388	-504.7343	169.7955	1.200769	0.6044121	2.276645
7344	-338.7313	-508.814	170.0827	1.591153	0.9841316	1.558537
7350	-336.8295	-507.2811	170.4516	0.9236647	1.089881	1.697697
7356	-336.0234	-505.4809	169.4575	1.015119	1.026795	2.341272
7362	-335.8012	-505.6616	169.8604	1.051343	0.5876869	2.341272
7368	-338.1545	-508.4222	170.2677	0.672567	0.5592136	2.341272
7374	-318.7852	-488.2386	169.4535	1.514584	0.573822	2.314249
7380	-329.58	-499.9292	170.3492	1.357072	0.9346287	1.571059
7386	-330.1339	-500.2422	170.1082	1.555568	0.8622892	1.654289
7392	-323.5001	-493.0558	169.5558	1.303289	1.137572	2.018512
7398	-321.9415	-492.8451	170.9036	0.8731727	0.7596898	1.646834
7404	-328.5098	-497.3744	168.8645	1.666093	0.5824078	2.583734
7410	-318.863	-489.0251	170.162	1.468627	0.6239898	1.844382
7416	-324.6369	-495.3258	170.6889	0.9321532	0.9170872	1.645618
7422	-328.7844	-498.705	169.9206	1.457847	0.3033467	2.2245
7428	-341.8779	-510.7874	168.9095	1.43828	0.392831	2.812347
7434	-324.1053	-493.244	169.1387	0.9529056	0.6489996	2.812347
7440	-330.975	-498.7783	167.8032	1.73421	0.7880487	3.062511
7446	-325.6395	-494.0877	168.4482	1.73421	0.6602827	2.750124
7452	-326.2717	-493.5942	167.3226	2.343951	0.823157	2.964094
7458	-329.2711	-497.0386	167.7674	1.36829	0.39874	3.528896
7464	-336.3832	-505.9636	169.5804	1.754727	0.6886748	2.000387
7470	-321.7326	-491.876	170.1434	1.36829	0.498162	2.00969
7476	-326.112	-493.5996	167.4875	1.374252	0.498162	3.630343
7482	-322.9899	-493.5109	170.521	0.8057657	0.8101884	1.92447
7488	-318.7049	-489.1596	170.4547	1.485387	0.9416338	1.389128
7494	-313.2026	-484.4984	171.2958	0.7250198	0.9049854	1.354442
7500	-321.77	-492.305	170.535	0.8035801	1.03625	1.761232
7506	-328.6814	-496.6671	167.9857	1.707851	0.9820915	2.851814
7512	-311.5201	-481.9528	170.4327	1.273279	1.366666	1.234767
7518	-320.8357	-491.4688	170.6331	0.7893219	1.007214	1.722792
7524	-339.1462	-508.7066	169.5604	1.667789	0.8245666	1.981115
7530	-340.587	-510.2992	169.7122	1.802051	1.236795	1.489273
7536	-333.5825	-503.5608	169.9783	1.305971	1.762986	1.255955
7542	-335.6342	-505.3656	169.7314	0.9324372	0.58837	2.497095
7548	-339.5367	-508.1706	168.6339	0.7345632	0.6126246	3.267019
7554	-331.0383	-501.2819	170.2436	0.7163575	0.5174686	2.355273
7560	-345.5811	-515.5598	169.9787	0.8057371	1.14983	2.059805
7566	-338.368	-508.5906	170.2226	0.8057371	1.042954	1.96869
7572	-344.9139	-514.5994	169.6855	1.927153	0.849809	1.699607
7578	-336.5218	-507.0264	170.5046	1.158005	1.180401	1.419182
7584	-333.8576	-503.9803	170.1227	1.351138	1.157538	1.57804
7590	-348.1933	-516.9408	168.7474	1.835067	1.631238	1.872386
7596	-346.836	-515.8576	169.0216	2.131726	1.818962	1.317321
7602	-354.9284	-526.0454	171.117	0.6503969	0.9111817	1.543304
7608	-348.775	-518.9725	170.1975	0.9700459	1.789262	1.329708
7614	-336.7915	-507.281	170.4895	1.544799	0.6149892	1.564929
7620	-356.7122	-524.9571	168.2449	1.334476	0.7590399	3.054793
7626	-338.0429	-506.9221	168.8792	1.334476	0.4783157	2.841905
7632	-328.7548	-497.2827	168.5279	1.40349	0.5598062	2.963151
7638	-332.6279	-503.2132	170.5853	1.103314	0.5598062	1.848664
7644	-331.6825	-501.0516	169.3691	1.468503	0.5598062	2.405902
7650	-329.8431	-500.5242	170.6811	1.084266	0.9775573	1.495374
7656	-328.0411	-498.582	170.5409	0.8058823	0.8527971	1.882048
7662	-339.7511	-510.127	170.3759	1.061146	1.327335	1.479231
7668	-338.7497	-508.3886	169.6389	1.341304	1.318086	1.814357
7674	-338.6468	-508.8197	170.173	1.388317	0.6595494	1.867544
7680	-343.9483	-514.5272	170.5789	0.8695421	0.8332442	1.825812
7686	-344.7641	-513.7172	168.9531	0.8841296	0.8332442	2.854954
7692	-333.7994	-502.4312	168.6318	1.611236	0.4901731	2.816856
7698	-339.0421	-508.2961	169.254	1.330135	0.4901731	2.607703
7704	-344.0045	-514.5041	170.4995	1.284579	0.7013173	1.683316
7710	-340.2082	-510.3841	170.1758	1.047598	0.7013173	2.06609
7716	-345.7272	-514.721	168.9938	1.233194	1.128956	2.432008
7722	-342.5693	-510.967	168.3977	1.415187	0.7523541	2.91858
7728	-346.9471	-517.1175	170.1705	1.011858	1.20539	1.752235
7734	-339.5952	-508.817	169.2218	1.609691	1.29879	1.929028
7740	-341.4125	-510.6815	169.269	1.609691	1.018319	2.084363
7746	-327.4939	-496.8442	169.3503	1.796437	0.9918146	1.923433
7752	-333.2032	-504.1214	170.9181	0.7834308	1.113156	1.440919
7758	-333.6289	-503.2418	169.6129	1.074376	1.113156	2.147612
7764	-332.3876	-502.4642	170.0766	1.36779	1.687023	1.18465
7770	-327.4087	-497.4415	170.0328	1.455552	1.202194	1.53442
7776	-325.3019	-495.5009	170.199	0.9652497	1.748064	1.365075
7782	-324.9646	-495.1324	170.1679	1.667767	1.037494	1.395809
7788	-323.5229	-492.8814	169.3585	1.813508	1.452083	1.583402
7794	-326.5809	-496.9055	170.3246	1.284024	0.7677696	1.760142
7800	-330.3232	-501.252	170.9288	0.7945333	1.223838	1.337446
7806	-317.7317	-487.6361	169.9044	1.509529	0.6797862	1.953601
7812	-332.4627	-503.7513	171.2886	1.001155	0.9301059	1.106181
7818	-331.657	-500.8888	169.2318	1.312687	1.712618	1.8427
7824	-328.516	-498.6374	170.1214	1.494	0.7245888	1.785509
7830	-331.1388	-500.5898	169.451	1.203345	0.7245888	2.417545
7836	-337.5039	-507.569	170.065	1.41704	0.8252823	1.808106
7842	-332.2181	-502.2567	170.0387	1.41704	0.8516308	1.808106
7848	-349.3423	-518.2416	168.8993	1.15666	0.7762369	2.756539
7854	-338.5718	-508.1243	169.5525	1.642924	0.7762369	2.035074
7860	-334.6742	-503.1645	168.4904	1.642924	0.7762369	2.709215
7866	-330.0273	-499.6964	169.6691	1.38678	0.6758737	2.192202
7872	-330.6409	-499.0306	168.3897	1.293201	0.7475803	2.999654
7878	-334.9892	-504.9587	169.9695	1.26182	0.5364887	2.168826
7884	-339.9576	-510.5811	170.6234	0.939175	0.8760643	1.716419
7890	-327.5959	-497.8336	170.2377	1.403227	0.9382326	1.616057
7896	-334.3192	-504.0773	169.7581	1.43622	0.8282063	2.001283
7902	-332.2596	-503.5438	171.2842	0.7214476	0.9230522	1.352145
7908	-338.4499	-509.2797	170.8298	0.5079353	1.191037	1.652344
7914	-331.5192	-501.7112	170.192	1.058146	1.434012	1.539192
7920	-333.4787	-503.3523	169.8736	1.194025	1.86351	1.35022
7926	-337.8134	-508.0444	170.231	1.05329	1.418615	1.52525
7932	-335.2113	-504.6559	169.4445	1.241252	0.8215079	2.336266
7938	-341.6607	-510.9244	169.2638	1.455722	0.8194968	2.31609
7944	-339.1306	-509.2841	170.1535	1.482717	0.715006	1.777693
7950	-332.0855	-502.1815	170.096	1.134968	0.8260514	1.978237
7956	-337.7984	-507.2284	169.43	0.9646293	0.8785039	2.484037
7962	-345.0888	-515.5752	170.4864	0.9424607	0.955059	1.754871
7968	-340.1365	-506.9043	166.7678	2.321927	1.189169	3.090347
7974	-334.8789	-505.3184	170.4395	1.052149	0.9942786	1.682934
7980	-354.569	-524.6119	170.043	0.8465241	0.8564486	2.183031
7986	-359.5525	-529.9337	170.3812	0.7130988	1.138728	1.859185
7992	-351.9202	-522.2737	170.3535	0.8789511	1.024377	1.842926
7998	-362.0066	-531.9189	169.9122	1.338768	1.344336	1.604333
8004	-336.6237	-506.966	170.3423	1.282324	0.7237102	1.779685
8010	-324.2701	-494.6364	170.3663	1.251646	1.518857	1.179981
8016	-330.8727	-500.6225	169.7498	1.156476	0.8366645	2.18494
8022	-335.1817	-505.0102	169.8285	0.9397574	0.7524202	2.327735
8028	-335.6997	-506.3118	170.6121	1.094096	0.8790549	1.611649
8034	-343.713	-513.7587	170.0457	0.9811515	0.5965899	2.262065
8040	-345.0965	-515.0236	169.9271	0.8036365	0.8926634	2.262065
8046	-335.0803	-505.2158	170.1355	1.23847	0.75242	1.93163
8052	-345.8064	-516.5514	170.745	0.7088596	1.094362	1.638364
8058	-352.1467	-521.4431	169.2964	1.344236	0.9251787	2.298995
8064	-340.576	-510.7052	170.1291	1.344236	0.4564842	2.062727
8070	-336.2379	-506.2763	170.0384	0.838396	1.053074	2.062727
8076	-332.4426	-501.9836	169.541	1.610589	0.6211349	2.16563
8082	-344.4223	-514.9609	170.5386	0.7561492	0.8406234	1.925551
8088	-333.9335	-504.08	170.1464	1.527765	0.6664873	1.785009
8094	-322.233	-491.1168	168.8839	1.328826	0.5696446	2.78695
8100	-338.7155	-507.9819	169.2664	1.445286	0.8146917	2.324122
8106	-342.017	-511.7334	169.7164	1.255249	1.182498	1.91287
8112	-344.8112	-515.0807	170.2695	0.988133	0.8648812	1.934246
8118	-341.456	-511.1442	169.6882	1.43939	0.4679351	2.279934
8124	-342.2363	-511.1162	168.88	1.533066	0.4367196	2.745795
8130	-342.1929	-510.6805	168.4877	1.659639	0.4819132	2.879916
8136	-345.8453	-514.7001	168.8548	1.510263	0.7496931	2.582648
8142	-343.476	-512.1844	168.7084	1.915359	0.7189499	2.440385
8148	-339.0766	-508.135	169.0584	1.22811	0.7472349	2.632806
8154	-344.3957	-512.804	168.4083	1.513735	1.111677	2.632806
8160	-346.1757	-516.3562	170.1805	1.102253	1.307147	1.608238
8166	-342.2365	-512.0196	169.783	0.8696292	1.307147	2.042929
8172	-332.403	-503.2131	170.8101	1.42416	1.031556	1.063526
8178	-332.0194	-502.4086	170.3891	1.404875	1.012714	1.447041
8184	-326.2093	-496.8189	170.6096	1.404875	0.6167102	1.578192
8190	-333.8338	-502.5958	168.762	1.675426	1.266966	2.209956
8196	-331.8787	-500.1809	168.3022	2.242532	1.058358	2.275113
8202	-335.674	-506.03	170.356	0.6433031	1.715664	1.516278
8208	-330.9079	-501.4273	170.5194	0.6400513	1.064547	1.865343
8214	-329.2665	-499.0635	169.797	1.180336	0.8108339	2.155588
8220	-348.0204	-517.8246	169.8042	1.143995	1.085205	1.993997
8226	-346.4191	-516.665	170.2459	1.143995	0.730092	1.935917
8232	-337.0015	-507.7961	170.7946	0.6639332	0.807874	1.836286
8238	-335.9406	-506.0491	170.1085	1.204921	0.4223958	2.189606
8244	-330.1148	-499.063	168.9482	1.594383	0.6972192	2.504883
8250	-330.5875	-501.0111	170.4236	0.6322458	0.5863016	2.250038
8256	-331.3938	-500.793	169.3993	1.082131	0.728989	2.52321
8262	-328.3574	-497.809	169.4516	1.18655	0.5036205	2.565937
8268	-327.935	-496.9008	168.9659	1.436556	0.4591783	2.738565
8274	-322.0842	-491.1079	169.0237	1.522101	0.6356182	2.541288
8280	-329.6225	-499.2557	169.6332	1.670463	1.306098	1.593828
8286	-331.9797	-501.6658	169.686	1.504981	1.033942	1.864716
8292	-331.943	-501.9818	170.0388	1.41948	0.935798	1.747779
8298	-331.4948	-501.2652	169.7704	1.294584	1.329111	1.747779
8304	-323.1157	-493.7342	170.6185	1.539861	0.7338488	1.380897
8310	-325.0397	-493.5618	168.5221	1.539861	0.5714304	2.877375
8316	-344.7362	-513.6789	168.9427	1.890809	0.7243534	2.304016
8322	-334.3302	-503.6087	169.2785	1.355013	0.9243684	2.304016
8328	-329.945	-499.439	169.494	1.515456	0.6738878	2.223518
8334	-329.3107	-496.5569	167.2462	2.058342	0.5728241	3.328168
8340	-332.2902	-502.4407	170.1505	1.222184	0.5728241	2.052396
8346	-330.1015	-499.8736	169.7722	0.9844611	0.5728241	2.44868
8352	-339.8846	-508.9531	169.0685	0.9372553	0.5793846	2.906582
8358	-340.0861	-509.5762	169.4901	0.9175502	0.5043164	2.707705
8364	-335.8371	-505.1398	169.3027	1.62041	0.8479081	2.166765
8370	-334.3828	-504.7103	170.3275	0.9384755	0.6848493	2.04888
8376	-336.1276	-506.5197	170.3921	1.271901	0.6848493	1.779353
8382	-340.1511	-510.6934	170.5423	1.061123	0.7633776	1.766805
8388	-344.8879	-514.9118	170.0239	1.087741	1.280534	1.749092
8394	-334.5487	-504.4187	169.87	1.769888	1.296522	1.345981
8400	-337.1346	-506.7114	169.5768	1.369331	1.296522	1.85262
8406	-340.9517	-511.8049	170.8533	0.8936467	0.8603308	1.595647
8412	-343.8302	-513.9712	170.1409	0.9505545	0.8538068	2.052528
8418	-349.5605	-519.8768	170.3163	0.8319822	1.136603	1.823596
8424	-353.7205	-521.6341	167.9136	1.560197	0.4457004	3.303341
8430	-347.572	-514.5986	167.0266	1.341624	0.5273978	3.898083
8436	-345.9587	-515.3649	169.4062	1.249965	0.6245328	2.479307
8442	-340.7105	-511.1217	170.4112	0.9936113	0.9033408	1.807529
8448	-330.1959	-499.3728	169.1769	1.745477	0.7534164	2.228398
8454	-334.6952	-502.7718	168.0766	1.745477	0.8103109	2.877994
8460	-343.4552	-512.9129	169.4577	1.504337	0.5354143	2.342541
8466	-344.0857	-513.2667	169.181	1.504337	0.5492592	2.50811
8472	-348.0726	-517.5667	169.4941	0.7652583	0.6879507	2.686034
8478	-341.2732	-511.1931	169.9199	0.7322353	1.047436	2.213023
8484	-327.567	-497.8978	170.3308	1.147786	1.047436	1.654325
8490	-328.2326	-497.5994	169.3668	1.17306	0.579558	2.579756
8496	-330.1586	-499.0651	168.9065	1.493877	0.4778239	2.728399
8502	-336.2412	-506.5199	170.2787	0.7723772	0.8046345	2.111456
8508	-332.0652	-501.8612	169.7961	1.056776	0.6508556	2.338563
8514	-338.7726	-506.5114	167.7388	2.157742	0.6558323	2.926341
8520	-336.2902	-505.6305	169.3404	1.580221	0.5465638	2.361764
8526	-331.9574	-502.6274	170.67	0.9314401	0.622771	1.865206
8532	-336.1913	-506.7751	170.5838	1.07887	0.5615455	1.865206
8538	-345.9483	-515.8982	169.95	1.340296	0.9339679	1.865206
8544	-334.286	-505.0345	170.7485	0.6338074	0.841929	1.865206
8550	-333.1035	-502.7605	169.657	1.307936	1.050709	2.005824
8556	-328.4033	-498.1586	169.7552	1.251674	0.6659316	2.230284
8562	-322.7385	-491.6727	168.9342	1.805636	0.6982181	2.380231
8568	-330.4158	-499.3632	168.9474	1.622049	0.4162819	2.662387
8574	-329.4927	-497.6428	168.1501	1.40419	0.6029106	3.162745
8580	-332.7008	-503.0096	170.3087	1.120762	0.6301722	1.976462
8586	-347.9427	-518.3095	170.3669	1.031877	0.7734924	1.900622
8592	-324.3806	-493.7746	169.394	1.775139	0.5978887	2.169336
8598	-315.4411	-485.7629	170.3218	0.9819716	1.035891	1.785692
8604	-339.7321	-509.4397	169.7076	1.329254	0.9879541	1.999726
8610	-328.0322	-497.9441	169.9119	1.180077	0.9584806	1.982638
8616	-335.5019	-506.4214	170.9195	0.9964612	0.8038967	1.512625
8622	-338.2966	-508.5854	170.2888	0.9964612	1.089111	1.761567
8628	-339.1984	-509.3343	170.1359	0.8811755	0.5995872	2.266383
8634	-333.5456	-503.4622	169.9166	0.9861852	0.8681976	2.166773
8640	-327.2384	-497.7708	170.5323	0.8774884	0.8706898	1.826618
8646	-328.1946	-498.1058	169.9112	1.572858	0.8092913	1.817781
8652	-349.3972	-519.3808	169.9836	1.379822	0.9757409	1.786068
8658	-333.5828	-503.4956	169.9128	1.254431	0.9757409	1.920399
8664	-339.4083	-508.3466	168.9384	1.814948	0.8174971	2.295778
8670	-338.8072	-508.105	169.2978	1.984774	1.043789	1.794958
8676	-332.8151	-503.4233	170.6082	1.048771	1.066521	1.509932
8682	-338.528	-508.6117	170.0836	1.042468	1.125469	1.846492
8688	-340.471	-510.3709	169.8999	1.298703	0.6622295	2.1081
8694	-350.7784	-521.4116	170.6332	0.9445198	0.8582815	1.718329
8700	-336.5464	-505.2552	168.7088	1.497364	0.6240243	2.757776
8706	-326.1446	-495.4544	169.3098	1.170644	0.6085678	2.598635
8712	-335.8551	-505.1697	169.3146	1.311329	0.6886249	2.458047
8718	-330.1337	-500.4995	170.3658	1.00829	0.8500058	1.86534
8724	-330.6183	-500.9583	170.3401	1.584402	0.4725016	1.745755
8730	-321.5752	-491.9274	170.3522	1.431487	0.6313499	1.733081
8736	-325.0093	-493.7266	168.7172	1.184298	0.5072081	3.012692
8742	-323.0409	-492.3527	169.3118	1.152683	0.5895065	2.620278
8748	-321.7102	-490.7738	169.0636	1.654493	0.48224	2.529488
8754	-318.6307	-488.6675	170.0368	1.472928	0.7945829	1.810201
8760	-320.6439	-490.0451	169.4012	0.9545344	0.4892235	2.748744
8766	-331.3578	-502.3575	170.9997	0.6557612	1.296512	1.333615
8772	-321.5168	-491.6585	170.1418	1.146966	0.6637903	2.047761
8778	-331.7956	-501.875	170.0794	1.310037	0.4511925	2.121357
8784	-327.7922	-496.5924	168.8001	1.204605	0.7216498	2.820987
8790	-326.9432	-496.6489	169.7056	1.204605	0.6225731	2.320034
8796	-325.8912	-495.7294	169.8381	0.707099	0.8053918	2.435377
8802	-325.717	-496.9294	171.2124	0.4853889	0.9063442	1.59792
8808	-318.0091	-487.8255	169.8164	1.438309	1.000513	1.843982
8814	-330.5941	-500.5865	169.9925	0.941317	0.7240225	2.239976
8820	-325.8802	-496.3498	170.4696	1.056461	0.5249068	1.982295
8826	-339.8357	-509.1184	169.2827	1.385714	0.4088451	2.605898
8832	-347.2829	-516.893	169.61	0.6632064	0.6026872	2.72979
8838	-339.3135	-506.7869	167.4734	1.803574	0.7831239	3.220353
8844	-330.52	-499.4093	168.8893	1.289686	0.6228795	2.775046
8850	-348.3258	-517.6107	169.2849	0.806755	0.5977071	2.843463
8856	-329.8455	-498.9698	169.1242	1.182023	0.3774144	2.84694
8862	-332.6723	-502.2435	169.5711	1.456688	0.5235586	2.308179
8868	-341.5708	-509.8195	168.2487	1.375547	0.6505175	3.092818
8874	-348.5164	-516.8859	168.3695	1.461539	0.4542879	3.086495
8880	-337.9798	-507.874	169.8941	1.140613	0.4286358	2.364167
8886	-328.8193	-498.8842	170.0649	1.162919	0.8330576	1.975625
8892	-332.1192	-500.2111	168.0919	1.848962	0.7624682	2.834995
8898	-332.2745	-499.9525	167.6781	1.842475	0.932503	2.986111
8904	-329.6191	-498.3303	168.7112	1.15502	0.4204594	3.085673
8910	-334.1313	-504.6259	170.4946	1.059556	0.7833151	1.787231
8916	-341.3953	-511.8634	170.468	1.091632	0.7785143	1.786753
8922	-343.7097	-513.2742	169.5646	1.669582	0.7932118	1.998037
8928	-336.5873	-503.9765	167.3891	2.098091	0.6750701	3.159751
8934	-339.2153	-505.3117	166.0964	1.452367	0.3363711	4.472006
8940	-341.9895	-507.2079	165.2183	1.780424	0.313988	4.792825
8946	-348.63	-513.4839	164.854	1.894076	0.260427	4.962345
8952	-337.247	-503.3497	166.1028	1.281385	0.2146482	4.632825
8958	-343.5994	-511.2925	167.6931	1.829928	0.4924948	3.246684
8964	-344.8466	-514.4956	169.649	0.9888507	0.5422881	2.542051
8970	-340.4847	-511.0063	170.5217	0.8806565	0.9272097	1.792751
8976	-341.471	-511.5861	170.1152	1.392105	1.005493	1.663808
8982	-353.7139	-521.8747	168.1608	1.873281	1.015866	2.622775
8988	-347.4091	-516.4239	169.0148	2.05682	0.6000014	2.231048
8994	-334.0948	-501.4578	167.363	1.68648	0.4076413	3.573883
9000	-340.2587	-508.6425	168.3838	1.45259	1.101447	2.691836
9006	-334.8257	-502.4672	167.6414	1.45259	0.3413759	3.586531
9012	-337.1441	-505.6396	168.4955	1.45259	0.3413759	3.084014
9018	-338.0366	-506.6172	168.5806	1.620797	0.4175556	2.886139
9024	-335.7296	-502.5659	166.8364	1.269806	0.5240077	4.049902
9030	-342.1518	-511.1176	168.9658	1.549359	0.6312131	2.563034
9036	-330.3888	-499.3545	168.9657	1.440458	0.9018627	2.462149
9042	-324.9742	-495.6687	170.6944	1.510276	0.8220041	1.272947
9048	-324.4596	-494.5374	170.0779	1.026531	1.054373	1.909734
9054	-335.2273	-504.5611	169.3338	1.511315	0.8010313	2.247494
9060	-332.4976	-501.7406	169.2431	1.448579	0.9544809	2.247494
9066	-335.2244	-504.0751	168.8508	1.31383	0.8561819	2.640796
9072	-329.7632	-499.2916	169.5284	1.476794	0.7643316	2.167745
9078	-336.3092	-506.3241	170.015	1.107626	0.7643316	2.090987
9084	-336.7753	-506.7107	169.9354	1.293028	0.7739605	2.014644
9090	-336.7729	-507.6958	170.9229	1.034652	0.8849876	1.419506
9096	-331.4234	-501.7176	170.2942	0.8130679	1.122266	1.861594
9102	-333.873	-503.0217	169.1487	1.958697	0.4815736	2.284155
9108	-334.2209	-503.5837	169.3628	1.602082	0.5321443	2.342791
9114	-343.8847	-513.2494	169.3647	1.477017	0.6553274	2.342791
9120	-329.9252	-499.3357	169.4105	0.8911791	0.8757116	2.543768
9126	-327.7024	-497.132	169.4297	1.10265	0.6450739	2.543768
9132	-328.1133	-497.6522	169.5389	0.8272684	0.6867697	2.620966
9138	-340.5708	-509.7167	169.1459	1.412573	1.077966	2.253727
9144	-333.4303	-503.5391	170.1088	1.443424	1.176869	1.50574
9150	-342.6883	-511.9224	169.234	1.534855	2.04175	1.444052
9156	-334.5619	-504.7172	170.1553	1.123176	0.7883148	1.971689
9162	-332.776	-503.4274	170.6514	0.7275477	0.7030863	1.961469
9168	-341.7112	-512.0494	170.3382	1.052556	0.5719538	2.041032
9174	-343.8694	-513.4971	169.6278	1.433932	1.057968	1.936166
9180	-332.747	-503.253	170.506	1.109098	0.7248577	1.785501
9186	-342.3265	-511.0149	168.6883	1.594157	0.558523	2.751134
9192	-329.4502	-498.7514	169.3012	1.15062	0.5678446	2.641454
9198	-329.9526	-500.508	170.5554	1.517497	0.5678446	1.57121
9204	-323.0638	-493.0553	169.9915	1.787798	0.6434084	1.72768
9210	-338.3137	-504.3836	166.0699	1.787798	0.3993661	4.261966
9216	-326.2997	-494.3665	168.0668	1.147217	0.5516293	3.39381
9222	-331.0687	-500.8694	169.8007	1.638933	0.8326801	1.83224
9228	-342.5914	-512.3231	169.7317	0.6932349	0.717146	2.565696
9234	-335.1409	-504.0577	168.9169	1.353022	0.4188642	2.843836
9240	-339.1637	-507.9023	168.7386	1.344653	0.6054858	2.843836
9246	-336.2701	-506.4611	170.191	1.344653	0.8307199	1.767106
9252	-334.3499	-504.6576	170.3076	1.344653	0.8449222	1.674929
9258	-340.3119	-510.7294	170.4175	1.326587	0.984634	1.50604
9264	-320.1346	-489.321	169.1864	1.244175	0.5938287	2.638527
9270	-337.6427	-504.9262	167.2834	1.638466	0.5196334	3.582971
9276	-337.275	-506.4929	169.2179	1.302161	0.5196334	2.629106
9282	-343.3272	-512.8683	169.5412	1.532191	0.6519454	2.19641
9288	-330.6667	-500.9677	170.301	1.090763	0.9986023	1.750384
9294	-338.2082	-508.7927	170.5845	0.8432439	1.196094	1.583559
9300	-330.3262	-500.4251	170.099	1.426571	0.5796878	1.945886
9306	-325.171	-495.4871	170.316	1.076826	0.9409808	1.78976
9312	-340.8685	-511.1175	170.249	1.198576	1.059174	1.668099
9318	-326.6788	-496.4379	169.7591	1.083486	0.5436773	2.412957
9324	-334.1942	-503.4968	169.3026	1.132045	0.7611847	2.532271
9330	-330.9588	-500.4905	169.5316	1.449318	2.322162	1.02778
9336	-322.6494	-492.2824	169.6329	1.507005	0.9740576	1.939987
9342	-331.1705	-500.9154	169.7449	1.088448	1.38513	1.86913
9348	-333.3299	-503.9898	170.6599	0.7863175	0.7722916	1.86913
9354	-328.1904	-497.6549	169.4645	1.49559	0.7177091	2.22711
9360	-327.8966	-498.3898	170.4931	1.019775	0.496019	2.010333
9366	-331.9863	-500.3279	168.3416	1.510354	0.3995599	3.106664
9372	-334.8211	-504.1153	169.2942	1.629402	0.7264014	2.245004
9378	-328.0428	-497.7455	169.7027	1.822046	0.9636963	1.681171
9384	-333.1757	-501.4057	168.23	1.173339	0.6051619	3.250868
9390	-336.3244	-506.7453	170.4209	1.170554	0.8872587	1.68808
9396	-341.4199	-511.0052	169.5853	1.303695	1.272356	1.908004
9402	-331.4266	-501.9738	170.5472	0.949555	1.197562	1.531684
9408	-324.3188	-494.3556	170.0368	0.949555	0.5642352	2.308678
9414	-343.3384	-513.4069	170.0685	1.062122	0.4080244	2.316274
9420	-339.9231	-509.2582	169.3351	1.646139	0.6925226	2.229711
9426	-327.5131	-496.9325	169.4195	1.559588	0.7386402	2.201326
9432	-322.9011	-492.5233	169.6222	1.408146	0.6912506	2.198797
9438	-319.8079	-489.4794	169.6715	1.307308	0.4015655	2.416659
9444	-323.4204	-493.1126	169.6922	1.096037	0.5920993	2.416659
9450	-330.8998	-500.488	169.5882	1.200059	0.5920993	2.416659
9456	-346.6016	-517.5684	170.9668	0.7809444	0.7606317	1.666947
9462	-334.7467	-504.966	170.2193	1.192946	1.477854	1.382545
9468	-349.9291	-518.0073	168.0782	1.405347	0.8242266	3.07312
9474	-346.2723	-514.9634	168.6911	1.353812	0.6721226	2.826679
9480	-336.1059	-503.7542	167.6483	1.519527	0.4650626	3.47147
9486	-336.1394	-505.0539	168.9145	1.438156	0.7300329	2.602559
9492	-337.8014	-506.9487	169.1473	1.650526	1.122992	2.068704
9498	-325.7886	-496.6447	170.8561	1.110315	0.5892375	1.633032
9504	-324.384	-493.3457	168.9617	1.017506	0.4958035	2.972913
9510	-332.344	-501.1605	168.8164	1.234853	0.9564705	2.648813
9516	-329.0002	-499.7234	170.7232	1.055782	1.507602	1.043781
9522	-330.9216	-500.6798	169.7582	1.444111	1.76454	1.321675
9528	-333.0355	-501.7207	168.6852	1.374144	0.9416859	2.652946
9534	-317.2015	-485.5601	168.3585	1.73297	0.4926271	2.90717
9540	-320.8594	-490.9357	170.0763	1.455431	0.7773974	1.806892
9546	-333.6258	-504.0226	170.3968	1.018593	1.307367	1.510473
9552	-335.8224	-506.4671	170.6447	1.069026	1.495687	1.115667
9558	-337.9674	-508.0264	170.059	1.069026	1.486786	1.590167
9564	-337.6508	-508.5583	170.9076	1.089326	0.789349	1.462641
9570	-350.0775	-520.0495	169.972	1.680534	0.7991826	1.707238
9576	-331.7195	-502.6122	170.8927	0.8213694	0.9681951	1.540626
9582	-333.848	-503.8239	169.9759	1.17957	0.9547228	1.942532
9588	-328.2562	-497.4322	169.176	1.27008	1.196916	2.249505
9594	-335.5666	-506.7253	171.1587	0.7696983	0.7848485	1.517568
9600	-326.1319	-497.1027	170.9708	0.8261088	0.568637	1.767699
