Iteration	Posterior	Likelihood	Prior	tree_length
0	-1384.148	-1553.069	168.9217	3.883122
6	-1394.664	-1562.957	168.2928	4.2417
12	-1378.485	-1547.45	168.9657	3.857841
18	-1370.516	-1539.053	168.5372	4.102868
24	-1370.611	-1539.148	168.5372	4.102868
30	-1397.014	-1565.397	168.3822	4.191007
36	-1391.761	-1559.899	168.1378	4.329466
42	-1390.436	-1559.415	168.9785	3.85049
48	-1386.27	-1555.256	168.9866	3.845859
54	-1386.922	-1554.827	167.9052	4.460683
60	-1386.113	-1554.081	167.9676	4.425547
66	-1387.589	-1556.404	168.8152	3.944157
72	-1383.157	-1551.426	168.2685	4.255473
78	-1387.633	-1555.902	168.2685	4.255473
84	-1383.403	-1551.127	167.7234	4.562901
90	-1376.956	-1545.371	168.4155	4.172103
96	-1371.808	-1540.706	168.8976	3.896914
102	-1382.047	-1550.182	168.135	4.331033
108	-1392.871	-1562.384	169.5138	3.540918
114	-1383.182	-1551.755	168.5726	4.082718
120	-1382.524	-1550.927	168.4031	4.179136
126	-1385.667	-1553.285	167.6179	4.62212
132	-1385.648	-1554.291	168.6422	4.043044
138	-1379.204	-1547.846	168.6422	4.043044
144	-1384.155	-1552.639	168.4841	4.133126
150	-1382.828	-1551.729	168.9006	3.895212
156	-1371.939	-1540.76	168.8203	3.941244
162	-1384.979	-1552.442	167.4624	4.70919
168	-1370.735	-1539.879	169.1438	3.755343
174	-1375.688	-1543.516	167.8273	4.504509
180	-1380.998	-1549.772	168.7737	3.967889
186	-1382.546	-1550.906	168.3597	4.203757
192	-1382.003	-1550.426	168.4236	4.167476
198	-1383.217	-1551.519	168.3016	4.236735
204	-1387.411	-1555.606	168.1953	4.296918
210	-1381.85	-1550.695	168.845	3.927089
216	-1372.003	-1540.848	168.845	3.927089
222	-1375.02	-1544.062	169.0424	3.813738
228	-1370.301	-1539.105	168.8039	3.950632
234	-1364.543	-1532.497	167.9542	4.433081
240	-1370.562	-1539.379	168.8169	3.943179
246	-1379.612	-1548.429	168.8169	3.943179
252	-1385.786	-1553.392	167.6061	4.62875
258	-1378.383	-1546.683	168.3002	4.237531
264	-1383.173	-1551	167.8276	4.504379
270	-1388.482	-1556.634	168.1523	4.321263
276	-1387.95	-1556.412	168.4623	4.145506
282	-1387.664	-1556.253	168.5884	4.073742
288	-1379.095	-1546.947	167.8514	4.49095
294	-1397.739	-1564.496	166.7565	5.102218
300	-1382.382	-1550.434	168.052	4.377942
306	-1373.489	-1542.08	168.5912	4.072106
312	-1373.657	-1542.473	168.8158	3.943819
318	-1371.694	-1540.425	168.7317	3.991901
324	-1380.791	-1549.236	168.4451	4.155271
330	-1378.504	-1547.142	168.6379	4.04548
336	-1374.385	-1542.904	168.5192	4.113114
342	-1373.573	-1542.839	169.2665	3.68445
348	-1369.975	-1538.286	168.3112	4.231276
354	-1367.97	-1536.049	168.0791	4.36261
360	-1371.134	-1539.767	168.6323	4.048662
366	-1371.51	-1539.605	168.0954	4.353405
372	-1377.1	-1545.345	168.245	4.26882
378	-1375.339	-1543.56	168.2216	4.282052
384	-1378.248	-1546.964	168.7164	4.000654
390	-1377.651	-1546.625	168.9746	3.852735
396	-1374.064	-1542.379	168.3146	4.229358
402	-1372.697	-1540.732	168.0348	4.387627
408	-1376.058	-1543.746	167.688	4.582804
414	-1382.714	-1550.963	168.2486	4.266761
420	-1381.221	-1549.918	168.6969	4.011811
426	-1382.187	-1550.494	168.3064	4.234039
432	-1366.477	-1535.009	168.5317	4.106046
438	-1373.994	-1542.645	168.6517	4.037608
444	-1381.379	-1549.796	168.4178	4.170798
450	-1384.198	-1553.374	169.1761	3.736707
456	-1380.047	-1548.454	168.4063	4.177328
462	-1374.284	-1542.552	168.2687	4.255379
468	-1382.334	-1551.18	168.8457	3.926698
474	-1385.917	-1554.88	168.9631	3.859346
480	-1375.24	-1543.544	168.3038	4.235489
486	-1369.329	-1537.794	168.4656	4.143646
492	-1379.632	-1548.097	168.4656	4.143646
498	-1375.573	-1543.575	168.0023	4.405975
504	-1377.996	-1546.782	168.7853	3.961268
510	-1368.693	-1537.203	168.5098	4.118501
516	-1370.987	-1539.325	168.3379	4.216136
522	-1379.66	-1547.998	168.3379	4.216136
528	-1379.971	-1548.783	168.8126	3.945668
534	-1396.86	-1564.969	168.1092	4.345638
540	-1394.459	-1563.183	168.7242	3.996232
546	-1404.097	-1572.602	168.5051	4.12114
552	-1388.57	-1556.493	167.9231	4.450609
558	-1382.583	-1551.326	168.743	3.985448
564	-1385.15	-1553.893	168.743	3.985448
570	-1392.375	-1560.585	168.2097	4.288776
576	-1390.229	-1558.158	167.9296	4.446935
582	-1385.148	-1553.76	168.6121	4.060231
588	-1385.076	-1553.989	168.9132	3.887977
594	-1392.082	-1560.094	168.0119	4.400582
600	-1405.755	-1573.708	167.953	4.433758
606	-1393.43	-1561.504	168.0745	4.365215
612	-1392.109	-1560.465	168.3562	4.205757
618	-1388.532	-1556.416	167.8835	4.472922
624	-1391.19	-1559.771	168.581	4.077952
630	-1375.175	-1543.804	168.629	4.050594
636	-1380.055	-1548.856	168.8011	3.952257
642	-1376.054	-1544.016	167.9616	4.428919
648	-1378.005	-1546.924	168.9188	3.884776
654	-1375.953	-1545.037	169.0845	3.789532
660	-1381.526	-1550.932	169.4057	3.6038
666	-1380.32	-1549.726	169.4057	3.6038
672	-1376.964	-1544.658	167.6936	4.579659
678	-1388.54	-1557.413	168.8738	3.910588
684	-1373.358	-1541.173	167.8148	4.511572
690	-1398.275	-1566.553	168.2785	4.249837
696	-1388.28	-1557.021	168.7409	3.98667
702	-1387.663	-1557.183	169.5207	3.536898
708	-1384.326	-1552.775	168.4494	4.15282
714	-1373.721	-1542.114	168.393	4.184884
720	-1385.415	-1554.316	168.9004	3.895309
726	-1383.322	-1551.906	168.5835	4.076489
732	-1393.113	-1561.993	168.8803	3.906875
738	-1376.568	-1544.811	168.2429	4.270025
744	-1379.758	-1549.036	169.2784	3.677576
750	-1388.611	-1557.141	168.5303	4.106829
756	-1367.069	-1536.116	169.0464	3.811462
762	-1384.878	-1552.833	167.955	4.432613
768	-1391.394	-1560.016	168.6222	4.054461
774	-1382.775	-1551.292	168.5173	4.114239
780	-1390.839	-1559.629	168.7894	3.95891
786	-1388.179	-1556.159	167.9794	4.418877
792	-1383.672	-1551.238	167.5662	4.651084
798	-1387.331	-1555.177	167.8457	4.494197
804	-1378.106	-1546.442	168.3365	4.216952
810	-1366.982	-1535.748	168.7655	3.972609
816	-1370.094	-1538.961	168.8663	3.914895
822	-1378.484	-1546.285	167.8009	4.51936
828	-1380.754	-1548.54	167.786	4.527755
834	-1367.458	-1536.176	168.7182	3.999671
840	-1374.478	-1543.197	168.7182	3.999671
846	-1379.973	-1548.691	168.7182	3.999671
852	-1395.912	-1564.176	168.2646	4.257723
858	-1380.482	-1549.348	168.8666	3.914718
864	-1385.576	-1553.8	168.2244	4.280445
870	-1376.955	-1545.141	168.186	4.30223
876	-1372.765	-1541.116	168.3507	4.208895
882	-1383.319	-1551.669	168.3507	4.208895
888	-1380.555	-1549.271	168.7159	4.000967
894	-1381.21	-1550.09	168.8797	3.907194
900	-1383.502	-1552.259	168.7575	3.977164
906	-1383.016	-1551.888	168.8713	3.912039
912	-1375.484	-1544.355	168.8713	3.912039
918	-1377.651	-1545.887	168.2361	4.27384
924	-1372.467	-1540.352	167.8846	4.472277
930	-1376.743	-1545.04	168.2968	4.239467
936	-1376.935	-1545.474	168.5391	4.1018
942	-1385.634	-1554.173	168.5391	4.1018
948	-1378.643	-1547.504	168.8617	3.917539
954	-1376.233	-1544.593	168.3604	4.203412
960	-1383.114	-1551.475	168.3604	4.203412
966	-1382.316	-1551.422	169.1061	3.777079
972	-1383.289	-1552.143	168.8537	3.922091
978	-1386.005	-1554.847	168.8418	3.92893
984	-1375.284	-1543.889	168.6053	4.064071
990	-1381.256	-1549.183	167.9273	4.448261
996	-1368.946	-1536.729	167.7828	4.529532
1002	-1383.615	-1552.708	169.0931	3.784545
1008	-1382.801	-1551.042	168.2409	4.271158
1014	-1373.043	-1541.867	168.8242	3.939017
1020	-1370.848	-1539.551	168.7034	4.008108
1026	-1377.947	-1546.529	168.5819	4.077421
1032	-1391.021	-1559.949	168.9279	3.879567
1038	-1379.608	-1547.889	168.2801	4.248916
1044	-1385.311	-1553.927	168.6163	4.057818
1050	-1393.318	-1561.665	168.3468	4.211082
1056	-1395.041	-1563.097	168.0558	4.375795
1062	-1376.155	-1544.446	168.2916	4.24241
1068	-1387.271	-1555.276	168.0049	4.40448
1074	-1392.734	-1560.739	168.0049	4.40448
1080	-1372.149	-1539.893	167.7439	4.551387
1086	-1377.8	-1546.188	168.3883	4.187565
1092	-1387.934	-1556.712	168.7778	3.965585
1098	-1381.911	-1550.689	168.7778	3.965585
1104	-1383.163	-1552.186	169.0229	3.824994
1110	-1380.521	-1549.544	169.0229	3.824994
1116	-1396.515	-1564.438	167.923	4.450693
1122	-1389.643	-1558.133	168.4892	4.130185
1128	-1376.787	-1545.524	168.7371	3.988861
1134	-1385.589	-1554.182	168.593	4.07111
1140	-1391.604	-1558.78	167.1762	4.869003
1146	-1385.126	-1554.192	169.0665	3.799873
1152	-1396.263	-1565.33	169.0665	3.799873
1158	-1383.462	-1551.609	168.1469	4.324345
1164	-1374.971	-1543.491	168.52	4.11269
1170	-1391.774	-1560.905	169.1311	3.762637
1176	-1384.172	-1552.596	168.4243	4.167097
1182	-1380.39	-1549.065	168.6757	4.023934
1188	-1382.406	-1550.432	168.0264	4.392399
1194	-1390.935	-1558.913	167.9774	4.420021
1200	-1375.129	-1543.049	167.9203	4.452177
1206	-1377.765	-1546.595	168.8299	3.935718
1212	-1381.571	-1549.805	168.2339	4.275117
1218	-1389.081	-1557.498	168.4165	4.171515
1224	-1391.061	-1560.215	169.154	3.749417
1230	-1381.069	-1549.222	168.1532	4.320745
1236	-1386.247	-1555.084	168.837	3.931702
1242	-1383.035	-1551.236	168.2007	4.293871
1248	-1387.647	-1556.748	169.1011	3.779935
1254	-1380.643	-1549.611	168.9679	3.856556
1260	-1374.402	-1543.305	168.9035	3.89355
1266	-1381.353	-1550.257	168.9035	3.89355
1272	-1384.15	-1552.893	168.7431	3.98543
1278	-1384.143	-1553.105	168.9616	3.860215
1284	-1385.12	-1552.889	167.7694	4.537093
1290	-1383.589	-1551.596	168.0071	4.403263
1296	-1389.39	-1558.484	169.0938	3.78413
1302	-1388.297	-1556.848	168.5515	4.094749
1308	-1380.624	-1549.395	168.771	3.96946
1314	-1387.451	-1555.574	168.1228	4.337924
1320	-1395.506	-1564.021	168.5152	4.115439
1326	-1381.837	-1550.609	168.7721	3.968855
1332	-1380.964	-1549.409	168.4446	4.155582
1338	-1388.437	-1557.063	168.6261	4.052224
1344	-1383.323	-1551.843	168.52	4.112696
1350	-1384.16	-1552.714	168.5538	4.093452
1356	-1381.905	-1549.913	168.0081	4.402712
1362	-1386.808	-1554.831	168.0225	4.394578
1368	-1400.642	-1568.856	168.2139	4.286397
1374	-1386.023	-1554.527	168.5039	4.121841
1380	-1383.287	-1551.886	168.5983	4.06809
1386	-1384.867	-1553.413	168.5454	4.098234
1392	-1390.04	-1558.382	168.3418	4.213924
1398	-1378.764	-1547.608	168.8444	3.927444
1404	-1373.631	-1541.904	168.2731	4.252914
1410	-1381.272	-1550.233	168.9605	3.860815
1416	-1394.438	-1563.303	168.8654	3.915388
1422	-1374.257	-1542.763	168.5059	4.120699
1428	-1371.477	-1539.797	168.3198	4.226416
1434	-1374.964	-1543.284	168.3198	4.226416
1440	-1378.881	-1547.232	168.3511	4.208645
1446	-1377.217	-1545.844	168.6261	4.052242
1452	-1364.551	-1532.7	168.1484	4.323484
1458	-1363.659	-1532.371	168.7112	4.003632
1464	-1368.221	-1536.668	168.4474	4.153965
1470	-1371.208	-1539.637	168.4294	4.164184
1476	-1375.885	-1543.724	167.8393	4.497777
1482	-1379.052	-1548.026	168.9746	3.852709
1488	-1371.893	-1540.025	168.132	4.332724
1494	-1385.779	-1553.911	168.132	4.332724
1500	-1384.408	-1552.54	168.132	4.332724
1506	-1394.025	-1562.764	168.7391	3.987694
1512	-1375.107	-1543.607	168.5004	4.123848
1518	-1378.684	-1546.862	168.1778	4.306845
1524	-1377.64	-1545.94	168.3006	4.237278
1530	-1372.667	-1541.166	168.499	4.124637
1536	-1385.16	-1553.478	168.3182	4.227311
1542	-1389.512	-1558.169	168.6569	4.034641
1548	-1379.107	-1547.764	168.6569	4.034641
1554	-1372.827	-1541.484	168.6569	4.034641
1560	-1373.089	-1540.716	167.6275	4.616731
1566	-1383.268	-1550.737	167.4685	4.705782
1572	-1372.773	-1540.924	168.15	4.322546
1578	-1375.613	-1544.064	168.4513	4.151737
1584	-1372.484	-1540.718	168.2345	4.274776
1590	-1372.04	-1540.906	168.8655	3.915348
1596	-1364.233	-1532.843	168.6098	4.061537
1602	-1370.931	-1538.816	167.8845	4.472374
1608	-1380.233	-1548.563	168.3295	4.220895
1614	-1374.009	-1542.338	168.3295	4.220895
1620	-1375.459	-1543.995	168.5355	4.103861
1626	-1371.68	-1540.476	168.7967	3.95477
1632	-1378.845	-1547.359	168.5142	4.115966
1638	-1383.224	-1551.284	168.0607	4.373033
1644	-1377.135	-1545.717	168.5823	4.077206
1650	-1375.259	-1543.842	168.5823	4.077206
1656	-1374.602	-1542.279	167.6765	4.589263
1662	-1374.93	-1543.04	168.11	4.345171
1668	-1375.536	-1544.089	168.5533	4.093722
1674	-1395.608	-1563.822	168.214	4.286334
1680	-1379.34	-1547.735	168.3949	4.183824
1686	-1378.892	-1547.167	168.2752	4.251674
1692	-1395.193	-1563.469	168.2752	4.251674
1698	-1395.266	-1563.674	168.4074	4.176712
1704	-1396.292	-1564.118	167.8259	4.505326
1710	-1392.608	-1560.118	167.5109	4.682054
1716	-1394.538	-1563.343	168.805	3.949996
1722	-1389.942	-1558.735	168.7932	3.956764
1728	-1384.958	-1554.131	169.1726	3.73873
1734	-1378.826	-1547.073	168.2468	4.267797
1740	-1403.062	-1571.197	168.1353	4.330903
1746	-1391.11	-1559.672	168.5612	4.089226
1752	-1404.343	-1572.505	168.1624	4.315548
1758	-1393.59	-1561.821	168.2304	4.277062
1764	-1382.317	-1551.157	168.8395	3.930238
1770	-1372.887	-1541.557	168.6701	4.027114
1776	-1364.142	-1532.573	168.4305	4.163584
1782	-1368.421	-1536.957	168.5363	4.103417
1788	-1368.694	-1537.259	168.5655	4.086762
1794	-1372.852	-1541.14	168.2886	4.244093
1800	-1378.088	-1547.181	169.093	3.784595
1806	-1375.065	-1542.989	167.9239	4.450167
1812	-1369.512	-1537.673	168.1618	4.315914
1818	-1374.35	-1542.322	167.972	4.423037
1824	-1375.353	-1543.518	168.1648	4.314222
1830	-1378.265	-1546.433	168.1686	4.312065
1836	-1389.105	-1557.452	168.3473	4.210835
1842	-1378.397	-1546.744	168.3473	4.210835
1848	-1379.621	-1548.14	168.5199	4.112725
1854	-1376.244	-1544.56	168.316	4.228595
1860	-1384.36	-1553.223	168.8627	3.916958
1866	-1383.696	-1551.327	167.6303	4.615157
1872	-1377.999	-1545.655	167.6558	4.60088
1878	-1396.577	-1564.431	167.8537	4.489707
1884	-1390.679	-1558.463	167.7836	4.529098
1890	-1380.174	-1548.611	168.4379	4.159399
1896	-1391.077	-1559.13	168.0535	4.377064
1902	-1377.056	-1545.123	168.0663	4.36984
1908	-1375.259	-1543.824	168.5655	4.086769
1914	-1391.657	-1559.999	168.3422	4.213724
1920	-1393.586	-1561.788	168.2017	4.293313
1926	-1383.472	-1551.674	168.2017	4.293313
1932	-1386.3	-1554.601	168.3016	4.236763
1938	-1390.287	-1558.427	168.1397	4.328373
1944	-1397.68	-1566.376	168.6966	4.011972
1950	-1381.522	-1550.293	168.7711	3.969402
1956	-1383.498	-1552.269	168.7711	3.969402
1962	-1388.991	-1557.589	168.5985	4.067989
1968	-1380.516	-1549.156	168.6398	4.044411
1974	-1374.473	-1543.137	168.6636	4.0308
1980	-1373.183	-1542.081	168.8974	3.897043
1986	-1378.045	-1546.942	168.8974	3.897043
1992	-1380.11	-1548.716	168.6062	4.063586
1998	-1389.556	-1557.59	168.0337	4.388256
2004	-1380.832	-1548.124	167.2923	4.804268
2010	-1383.698	-1552.013	168.3146	4.229343
2016	-1377.565	-1546.159	168.5945	4.070243
2022	-1386.24	-1554.834	168.5945	4.070243
2028	-1393.481	-1562.392	168.9113	3.889071
2034	-1383.123	-1552.066	168.9436	3.870566
2040	-1390.862	-1558.986	168.1243	4.337119
2046	-1384.952	-1553.785	168.8332	3.933822
2052	-1389.809	-1558.202	168.3924	4.185205
2058	-1383.453	-1551.538	168.0857	4.358918
2064	-1386.474	-1555.335	168.8604	3.918252
2070	-1387.115	-1555.668	168.5531	4.093818
2076	-1379.866	-1548.275	168.4086	4.176027
2082	-1389.597	-1557.948	168.3509	4.208753
2088	-1381.909	-1550.985	169.0766	3.794042
2094	-1387.847	-1556.164	168.317	4.228004
2100	-1386.88	-1554.948	168.0685	4.368602
2106	-1372.133	-1540.203	168.0706	4.367419
2112	-1374.641	-1543.136	168.4948	4.127029
2118	-1380.982	-1550.443	169.4614	3.571404
2124	-1386.295	-1555.416	169.1213	3.768299
2130	-1367.921	-1535.814	167.8926	4.467791
2136	-1383.132	-1551.488	168.3561	4.205812
2142	-1378.832	-1547.188	168.3561	4.205812
2148	-1368.315	-1536.672	168.3561	4.205812
2154	-1393.831	-1562.386	168.5543	4.093152
2160	-1381.799	-1550.354	168.5543	4.093152
2166	-1378.885	-1547.184	168.2991	4.238183
2172	-1392.17	-1561.187	169.017	3.828349
2178	-1381.237	-1550.269	169.0326	3.819388
2184	-1373.891	-1542.214	168.3234	4.224369
2190	-1384.832	-1553.281	168.4493	4.152904
2196	-1384.239	-1552.688	168.4493	4.152904
2202	-1389.238	-1557.687	168.4493	4.152904
2208	-1385.845	-1553.307	167.4612	4.709853
2214	-1382.109	-1550.45	168.3404	4.214737
2220	-1383.227	-1551.484	168.2562	4.262466
2226	-1387.192	-1555.673	168.4816	4.134554
2232	-1378.469	-1546.763	168.2942	4.240922
2238	-1383.858	-1552.273	168.4149	4.172457
2244	-1371.543	-1540.255	168.7122	4.003094
2250	-1371.581	-1539.733	168.1517	4.321616
2256	-1386.557	-1554.709	168.1517	4.321616
2262	-1386.894	-1555.357	168.4625	4.145394
2268	-1391.019	-1559.755	168.736	3.989495
2274	-1388.963	-1557.552	168.5894	4.07314
2280	-1380.827	-1549.416	168.5894	4.07314
2286	-1377.031	-1545.92	168.8893	3.901688
2292	-1384.71	-1553.266	168.5564	4.091958
2298	-1370.914	-1539.471	168.5564	4.091958
2304	-1384.077	-1551.928	167.8507	4.491351
2310	-1391.269	-1559.229	167.9592	4.430268
2316	-1367.372	-1535.885	168.5132	4.116529
2322	-1371.245	-1539.448	168.203	4.292563
2328	-1384.475	-1553.162	168.6873	4.017303
2334	-1376.728	-1544.757	168.0292	4.390803
2340	-1378.689	-1547.79	169.1012	3.779896
2346	-1388.562	-1557.522	168.9605	3.860823
2352	-1380.683	-1548.669	167.9864	4.414913
2358	-1388.195	-1556.276	168.0813	4.361388
2364	-1381.158	-1549.744	168.5861	4.075009
2370	-1391.464	-1559.419	167.9551	4.432561
2376	-1371.8	-1540.421	168.6214	4.054896
2382	-1379.32	-1547.897	168.5769	4.0803
2388	-1369.793	-1538.438	168.6451	4.041407
2394	-1375.087	-1543.419	168.3312	4.219936
2400	-1377.778	-1545.845	168.067	4.369444
2406	-1386.154	-1554.724	168.5701	4.084164
2412	-1387.061	-1555.9	168.8391	3.930478
2418	-1381.348	-1549.345	167.9976	4.408606
2424	-1379.649	-1547.973	168.3244	4.223801
2430	-1393.434	-1562.394	168.9593	3.8615
2436	-1391.574	-1560.626	169.0524	3.80801
2442	-1392.218	-1560.593	168.3751	4.19502
2448	-1380.132	-1548.862	168.7294	3.993215
2454	-1394.407	-1563.137	168.7294	3.993215
2460	-1392.959	-1561.253	168.2938	4.241177
2466	-1382.283	-1550.246	167.9624	4.428487
2472	-1389.302	-1557.642	168.3401	4.214898
2478	-1384.243	-1552.977	168.734	3.99062
2484	-1383.015	-1552.084	169.0694	3.798203
2490	-1373.654	-1541.523	167.8681	4.481554
2496	-1380.049	-1547.917	167.8681	4.481554
2502	-1378.078	-1545.918	167.8401	4.497337
2508	-1380.747	-1549.522	168.7745	3.967466
2514	-1381.223	-1549.498	168.2752	4.251716
2520	-1390.504	-1558.985	168.4805	4.13514
2526	-1379.394	-1547.194	167.8001	4.519838
2532	-1389.273	-1557.401	168.1277	4.335185
2538	-1379.989	-1548.527	168.5382	4.102344
2544	-1383.226	-1551.455	168.2289	4.277913
2550	-1386.893	-1555.701	168.8076	3.948499
2556	-1401.37	-1569.846	168.4763	4.137537
2562	-1392.149	-1560.637	168.4883	4.130733
2568	-1387.737	-1556.225	168.4883	4.130733
2574	-1388.952	-1557.558	168.6063	4.063495
2580	-1391.267	-1559.957	168.69	4.015747
2586	-1384.062	-1552.305	168.2424	4.270309
2592	-1388.908	-1557.172	168.2638	4.258174
2598	-1387.298	-1555.941	168.6433	4.04239
2604	-1399.095	-1566.793	167.6981	4.577135
2610	-1386.227	-1555.543	169.3154	3.656153
2616	-1378.211	-1547.589	169.3781	3.619801
2622	-1386.542	-1555.815	169.273	3.680707
2628	-1376.107	-1544.499	168.3925	4.185186
2634	-1389.926	-1557.98	168.0539	4.376871
2640	-1375.149	-1543.824	168.6749	4.024379
2646	-1388.707	-1557.388	168.6812	4.020779
2652	-1382.348	-1550.244	167.8961	4.465804
2658	-1388.921	-1556.307	167.3862	4.751808
2664	-1393.573	-1562.477	168.9033	3.893692
2670	-1394.398	-1563.224	168.8256	3.938177
2676	-1390.109	-1558.835	168.7261	3.995127
2682	-1389.212	-1557.155	167.9433	4.439204
2688	-1395.716	-1563.348	167.6318	4.61431
2694	-1398.007	-1566.048	168.0407	4.384335
2700	-1394.567	-1563.415	168.8484	3.925146
2706	-1377.822	-1546.258	168.4366	4.160138
2712	-1386.169	-1554.011	167.8413	4.49668
2718	-1382.366	-1550.408	168.0422	4.383443
2724	-1387.373	-1555.836	168.4638	4.144628
2730	-1390.487	-1559.058	168.5717	4.083264
2736	-1384.28	-1552.447	168.1675	4.312676
2742	-1377.707	-1545.84	168.1329	4.332254
2748	-1377.544	-1545.677	168.1329	4.332254
2754	-1377.295	-1545.216	167.9214	4.451546
2760	-1387.263	-1556.176	168.913	3.888104
2766	-1398.74	-1567.048	168.308	4.233103
2772	-1388.037	-1555.781	167.7437	4.551494
2778	-1384.822	-1553.366	168.5435	4.099272
2784	-1392.744	-1560.646	167.902	4.462492
2790	-1386.541	-1555.393	168.852	3.923101
2796	-1400.783	-1569.949	169.1657	3.742672
2802	-1389.928	-1558.617	168.6891	4.016278
2808	-1396.322	-1564.328	168.006	4.403909
2814	-1398.285	-1566.33	168.045	4.381884
2820	-1389.121	-1557.027	167.9058	4.460365
2826	-1391.919	-1560.108	168.1886	4.300719
2832	-1385.953	-1554.482	168.5292	4.107429
2838	-1384.712	-1553.242	168.5292	4.107429
2844	-1381.946	-1550.736	168.79	3.958607
2850	-1386.466	-1554.43	167.9639	4.427632
2856	-1388.287	-1556.795	168.5088	4.119069
2862	-1391.546	-1560.055	168.5088	4.119069
2868	-1395.68	-1563.912	168.2316	4.276378
2874	-1384.836	-1553.068	168.2316	4.276378
2880	-1384.624	-1553.581	168.9568	3.862971
2886	-1380.475	-1548.843	168.3677	4.199223
2892	-1387.285	-1555.653	168.3677	4.199223
2898	-1379.15	-1547.518	168.3677	4.199223
2904	-1377.688	-1546.373	168.6859	4.018096
2910	-1382.991	-1552.259	169.2681	3.68351
2916	-1369.587	-1538.262	168.6756	4.02398
2922	-1382.474	-1551.37	168.8965	3.897596
2928	-1379.279	-1547.352	168.0733	4.365922
2934	-1378.982	-1547.482	168.4993	4.124476
2940	-1374.786	-1542.865	168.0787	4.362876
2946	-1375.724	-1544.492	168.7684	3.970932
2952	-1379.436	-1548.205	168.7684	3.970932
2958	-1380.041	-1548.704	168.6637	4.03078
2964	-1382.753	-1550.95	168.1971	4.29595
2970	-1386.197	-1554.715	168.5173	4.114219
2976	-1382.604	-1550.543	167.939	4.441645
2982	-1388.093	-1556.237	168.1441	4.325896
2988	-1397.261	-1566.037	168.7763	3.9664
2994	-1388.957	-1557.138	168.181	4.305037
3000	-1384.518	-1553.752	169.2338	3.703374
3006	-1384.896	-1553.611	168.7153	4.001274
3012	-1385.18	-1553.415	168.2351	4.274417
3018	-1387.137	-1555.85	168.7131	4.002559
3024	-1380.632	-1549.15	168.5185	4.113522
3030	-1372.392	-1541.314	168.9215	3.883234
3036	-1384.965	-1553.05	168.0847	4.359477
3042	-1378.21	-1546.638	168.4278	4.1651
3048	-1391.159	-1559.963	168.804	3.950544
3054	-1389.771	-1558.107	168.3367	4.216859
3060	-1389.608	-1557.494	167.8861	4.471445
3066	-1374.754	-1543.591	168.8369	3.931757
3072	-1398.752	-1567.596	168.8442	3.927574
3078	-1385.663	-1554.189	168.5261	4.10923
3084	-1380.531	-1548.095	167.564	4.652306
3090	-1385.73	-1554.094	168.3643	4.201159
3096	-1391.193	-1559.276	168.0834	4.360203
3102	-1378.691	-1547.489	168.798	3.953984
3108	-1375.796	-1544.304	168.5074	4.119873
3114	-1371.835	-1539.969	168.1345	4.331353
3120	-1379.278	-1548.679	169.4004	3.606846
3126	-1377.333	-1545.979	168.6459	4.040949
3132	-1380.715	-1549.136	168.4202	4.169409
3138	-1388.929	-1557.559	168.6299	4.050031
3144	-1395.833	-1564.262	168.4284	4.164749
3150	-1381.549	-1549.972	168.4231	4.1678
3156	-1389.544	-1557.692	168.1488	4.323223
3162	-1384.381	-1553.02	168.6393	4.044697
3168	-1378.636	-1547.376	168.7401	3.987116
3174	-1378.43	-1546.969	168.5394	4.101659
3180	-1373.699	-1542.238	168.5394	4.101659
3186	-1379.976	-1549.048	169.0723	3.79656
3192	-1394.389	-1562.741	168.3522	4.208067
3198	-1379.684	-1548.037	168.3522	4.208067
3204	-1388.477	-1556.55	168.0725	4.366346
3210	-1386.948	-1554.712	167.7647	4.53972
3216	-1382.113	-1551.332	169.2189	3.711992
3222	-1382.129	-1550.269	168.1405	4.32794
3228	-1375.782	-1543.794	168.0119	4.400537
3234	-1381.883	-1550.053	168.1699	4.311285
3240	-1385.566	-1554.463	168.8977	3.896902
3246	-1390.771	-1558.36	167.5891	4.638267
3252	-1389.631	-1558.545	168.914	3.88752
3258	-1390.046	-1558.641	168.5955	4.069655
3264	-1391.091	-1559.783	168.6915	4.014918
3270	-1374.498	-1542.591	168.0926	4.35498
3276	-1399.05	-1567.62	168.57	4.084179
3282	-1375.594	-1544.114	168.5201	4.112622
3288	-1374.81	-1543.39	168.5799	4.078538
3294	-1371.008	-1539.856	168.8476	3.925573
3300	-1375.249	-1543.116	167.8673	4.482051
3306	-1375.408	-1543.275	167.8673	4.482051
3312	-1380.556	-1548.082	167.5264	4.673398
3318	-1381.855	-1550.098	168.2435	4.269662
3324	-1392.842	-1562.275	169.4327	3.588127
3330	-1389.998	-1557.748	167.7502	4.54788
3336	-1379.735	-1548.462	168.7273	3.994453
3342	-1384.875	-1553.532	168.6575	4.034287
3348	-1374.259	-1542.077	167.8177	4.509923
3354	-1381.621	-1550.108	168.4867	4.131619
3360	-1375.586	-1544.929	169.3423	3.64055
3366	-1381.568	-1550.157	168.5886	4.073631
3372	-1379.142	-1546.823	167.6807	4.586914
3378	-1383.742	-1552.215	168.4724	4.139769
3384	-1386.132	-1554.043	167.9108	4.457512
3390	-1376.821	-1545.072	168.2511	4.265371
3396	-1378.945	-1546.828	167.8839	4.472682
3402	-1394.038	-1562.56	168.522	4.111562
3408	-1384.182	-1552.178	167.9965	4.40922
3414	-1388.526	-1556.268	167.742	4.552476
3420	-1374.128	-1542.84	168.7122	4.003082
3426	-1400.556	-1569.268	168.7122	4.003082
3432	-1388.179	-1556.215	168.0361	4.386895
3438	-1373.433	-1541.935	168.5017	4.123104
3444	-1385.588	-1554.226	168.6382	4.045301
3450	-1391.96	-1560.714	168.7546	3.978852
3456	-1389.418	-1558.33	168.9126	3.888338
3462	-1398.653	-1566.931	168.2783	4.249924
3468	-1385.503	-1554.34	168.8364	3.932015
3474	-1375.062	-1544.25	169.1873	3.730203
3480	-1383.735	-1552.723	168.9881	3.844989
3486	-1383.161	-1552.149	168.9881	3.844989
3492	-1374.94	-1543.812	168.8719	3.911671
3498	-1378.493	-1547.365	168.8719	3.911671
3504	-1374.165	-1542.387	168.2226	4.281511
3510	-1382.556	-1550.202	167.6459	4.60643
3516	-1374.005	-1542.955	168.9493	3.86724
3522	-1378.187	-1546.694	168.5068	4.120198
3528	-1379.127	-1547.586	168.4593	4.147198
3534	-1381.101	-1549.357	168.2563	4.262397
3540	-1388.685	-1556.935	168.2508	4.265545
3546	-1369.277	-1538.186	168.9096	3.890067
3552	-1372.012	-1540.358	168.3458	4.211643
3558	-1387.745	-1556.312	168.5668	4.086006
3564	-1379.366	-1547.717	168.3509	4.20877
3570	-1386.884	-1554.339	167.4548	4.713479
3576	-1389.766	-1557.22	167.4548	4.713479
3582	-1383.17	-1551.521	168.3517	4.208304
3588	-1381.815	-1549.94	168.1247	4.336841
3594	-1383.559	-1552.366	168.8074	3.948633
3600	-1380.193	-1548.75	168.557	4.091613
3606	-1379.2	-1547.587	168.3876	4.18794
3612	-1383.684	-1552.631	168.9473	3.868413
3618	-1381.318	-1549.245	167.927	4.448414
3624	-1387.247	-1555.596	168.349	4.209867
3630	-1374.116	-1542.224	168.1076	4.346549
3636	-1391.484	-1559.71	168.2255	4.279846
3642	-1380.313	-1548.538	168.2255	4.279846
3648	-1375.47	-1543.514	168.0439	4.38252
3654	-1379.251	-1547.189	167.9377	4.442398
3660	-1389.724	-1558.074	168.3506	4.208959
3666	-1385.465	-1553.816	168.3506	4.208959
3672	-1392.935	-1561.87	168.9356	3.875155
3678	-1385.724	-1553.957	168.233	4.275605
3684	-1385.406	-1553.983	168.5771	4.080185
3690	-1385.691	-1554.075	168.3846	4.189651
3696	-1389.348	-1557.668	168.3197	4.226498
3702	-1390.48	-1558.565	168.0842	4.359734
3708	-1392.247	-1560.101	167.8542	4.489411
3714	-1375.346	-1544.09	168.7441	3.984868
3720	-1371.837	-1540.57	168.7328	3.991284
3726	-1389.8	-1558.437	168.637	4.046009
3732	-1388.318	-1557.372	169.0537	3.807258
3738	-1399.604	-1567.55	167.9467	4.437315
3744	-1388.298	-1557.705	169.4068	3.603162
3750	-1398.444	-1566.65	168.2054	4.291219
3756	-1386.337	-1554.161	167.8248	4.505935
3762	-1380.831	-1549.508	168.677	4.023187
3768	-1389.315	-1557.483	168.1686	4.312027
3774	-1400.572	-1568.093	167.5209	4.676458
3780	-1395.218	-1563.735	168.5171	4.114354
3786	-1391.232	-1559.644	168.4114	4.174439
3792	-1385.702	-1554.187	168.4852	4.13247
3798	-1386.952	-1555.578	168.6265	4.051968
3804	-1383.184	-1551.323	168.1386	4.329009
3810	-1385.981	-1554.917	168.9362	3.874795
3816	-1399.922	-1568.818	168.896	3.897841
3822	-1399.055	-1567.354	168.2992	4.238083
3828	-1389.823	-1558.965	169.1423	3.756211
3834	-1388.148	-1557.158	169.01	3.832365
3840	-1391.738	-1560.58	168.8418	3.928926
3846	-1388.649	-1557.292	168.6432	4.042486
3852	-1384.04	-1552.683	168.6432	4.042486
3858	-1380.807	-1549.67	168.8635	3.916482
3864	-1386.89	-1555.8	168.9102	3.889725
3870	-1383.093	-1551.662	168.5688	4.084907
3876	-1375.645	-1544.385	168.7395	3.987467
3882	-1381.53	-1549.328	167.7982	4.520872
3888	-1381.912	-1550.327	168.4148	4.17248
3894	-1389.188	-1557.866	168.6777	4.022774
3900	-1372.989	-1541.525	168.536	4.103588
3906	-1388.029	-1556.424	168.3958	4.183279
3912	-1382.965	-1552.115	169.1499	3.751832
3918	-1375.904	-1544.863	168.9595	3.861416
3924	-1381.197	-1550.001	168.8034	3.950911
3930	-1367.687	-1536.319	168.6317	4.049044
3936	-1372.814	-1541.483	168.6694	4.027541
3942	-1366.029	-1534.699	168.6694	4.027541
3948	-1372.895	-1541.565	168.6694	4.027541
3954	-1380.164	-1548.34	168.1752	4.308297
3960	-1391.361	-1559.193	167.8319	4.501962
3966	-1387.09	-1555.48	168.3892	4.187054
3972	-1388.241	-1557.201	168.9604	3.860899
3978	-1399.756	-1568.057	168.3011	4.237039
3984	-1376.893	-1545.194	168.3011	4.237039
3990	-1377.796	-1546.097	168.3011	4.237039
3996	-1377.635	-1546.241	168.6068	4.063217
4002	-1383.071	-1550.878	167.8072	4.515862
4008	-1372.44	-1541.544	169.1035	3.778555
4014	-1396.612	-1565.588	168.9753	3.852351
4020	-1376.597	-1545.22	168.6229	4.054022
4026	-1393.954	-1562.708	168.7545	3.978885
4032	-1392.154	-1560.617	168.4629	4.145188
4038	-1381.086	-1549.688	168.6013	4.066347
4044	-1389.309	-1557.716	168.407	4.176931
4050	-1385.423	-1554.219	168.7958	3.95527
4056	-1386.772	-1554.968	168.1959	4.29662
4062	-1384.711	-1552.948	168.2368	4.273463
4068	-1374.098	-1542.581	168.4829	4.133799
4074	-1375.233	-1543.396	168.1628	4.315306
4080	-1379.875	-1548.038	168.1628	4.315306
4086	-1370.357	-1539.231	168.8746	3.910137
4092	-1383.799	-1553.244	169.4456	3.580634
4098	-1373.27	-1541.883	168.6134	4.059453
4104	-1375.196	-1543.318	168.1219	4.338426
4110	-1371.311	-1539.399	168.0884	4.35736
4116	-1375.108	-1543.55	168.4417	4.157202
4122	-1391.755	-1560.222	168.4671	4.142799
4128	-1385.788	-1553.293	167.5054	4.685126
4134	-1384.843	-1553.552	168.7096	4.004586
4140	-1376.932	-1545.364	168.4318	4.162825
4146	-1376.909	-1545.497	168.5876	4.074196
4152	-1382.645	-1550.843	168.198	4.295414
4158	-1384.943	-1553.141	168.198	4.295414
4164	-1382.248	-1550.926	168.6778	4.02274
4170	-1375.569	-1543.916	168.3476	4.210623
4176	-1379.974	-1548.321	168.3476	4.210623
4182	-1375.232	-1543.58	168.3476	4.210623
4188	-1379.422	-1548.65	169.2277	3.706879
4194	-1375.96	-1544.583	168.6239	4.053483
4200	-1383.052	-1551.807	168.7545	3.97891
4206	-1376.257	-1544.994	168.7372	3.98878
4212	-1379.348	-1547.731	168.3827	4.190723
4218	-1362.788	-1531.17	168.3827	4.190723
4224	-1390.567	-1558.943	168.3763	4.19435
4230	-1387.056	-1555.926	168.8703	3.912595
4236	-1383.866	-1551.823	167.9568	4.431619
4242	-1392.529	-1559.979	167.4504	4.715926
4248	-1387.786	-1556.119	168.3329	4.219005
4254	-1390.843	-1558.47	167.6272	4.616893
4260	-1386.572	-1555.042	168.4703	4.140962
4266	-1378.78	-1547.166	168.3859	4.188913
4272	-1376.445	-1544.831	168.3859	4.188913
4278	-1381.17	-1549.44	168.2696	4.25488
4284	-1388.847	-1557.426	168.5792	4.078965
4290	-1389.788	-1557.359	167.5707	4.64859
4296	-1394.88	-1562.863	167.9828	4.416958
4302	-1380.294	-1547.84	167.5464	4.662158
4308	-1393.504	-1560.853	167.3486	4.77279
4314	-1388.848	-1556.915	168.0676	4.369112
4320	-1390.847	-1558.901	168.0536	4.377047
4326	-1391.269	-1559.444	168.1758	4.307981
4332	-1388.132	-1556.699	168.5671	4.085847
4338	-1391.298	-1559.844	168.5458	4.098003
4344	-1382.13	-1549.981	167.8501	4.491683
4350	-1385.142	-1553.64	168.4981	4.12517
4356	-1378.609	-1547.362	168.7534	3.979544
4362	-1388.453	-1556.981	168.5274	4.108483
4368	-1379.558	-1547.91	168.3517	4.208323
4374	-1381.338	-1549.333	167.9943	4.410475
4380	-1373.994	-1542.907	168.9132	3.887991
4386	-1374.781	-1543.332	168.5516	4.094691
4392	-1383.288	-1551.074	167.7867	4.527383
4398	-1375.865	-1544.444	168.5793	4.078907
4404	-1373.786	-1542.365	168.5793	4.078907
4410	-1369.803	-1537.513	167.7103	4.570299
4416	-1382.858	-1550.682	167.824	4.506381
4422	-1378.535	-1546.541	168.0063	4.403722
4428	-1385.731	-1553.943	168.2124	4.287275
4434	-1381.873	-1550.56	168.6868	4.017609
4440	-1370.514	-1539.201	168.6868	4.017609
4446	-1372.656	-1540.821	168.166	4.313534
4452	-1361.23	-1529.792	168.562	4.088783
4458	-1379.26	-1547.822	168.562	4.088783
4464	-1391.161	-1559.977	168.8154	3.94403
4470	-1369.042	-1538.015	168.9727	3.853814
4476	-1375.075	-1544.245	169.1695	3.740494
4482	-1376.046	-1544.511	168.4647	4.144149
4488	-1393.409	-1561.874	168.4647	4.144149
4494	-1386.794	-1554.129	167.335	4.780422
4500	-1389.012	-1556.984	167.972	4.423037
4506	-1398.628	-1566.324	167.6955	4.578589
4512	-1391.683	-1558.974	167.2911	4.804903
4518	-1385.279	-1553.512	168.2329	4.275648
4524	-1386.812	-1554.539	167.727	4.560878
4530	-1369.927	-1538.224	168.2969	4.239412
4536	-1376.862	-1545.553	168.6905	4.015488
4542	-1382.776	-1551.362	168.586	4.075089
4548	-1387.721	-1555.623	167.9019	4.462579
4554	-1369.702	-1538.197	168.4942	4.127337
4560	-1384.946	-1554.587	169.6407	3.46692
4566	-1383.59	-1551.885	168.2952	4.240354
4572	-1392.109	-1559.833	167.7239	4.562662
4578	-1390.29	-1559.203	168.9124	3.888461
4584	-1395.034	-1563.83	168.7958	3.955247
4590	-1400.053	-1568.709	168.6554	4.035514
4596	-1404.087	-1573.185	169.0977	3.78189
4602	-1393.947	-1561.729	167.7823	4.529854
4608	-1389.741	-1558.59	168.8486	3.925027
4614	-1396.294	-1565.148	168.8538	3.922051
4620	-1400.494	-1569.326	168.8319	3.934602
4626	-1392.78	-1561.636	168.8561	3.920755
4632	-1389.346	-1557.679	168.3336	4.218591
4638	-1388.896	-1557.183	168.2866	4.245216
4644	-1379.597	-1547.896	168.299	4.238201
4650	-1383.505	-1551.804	168.299	4.238201
4656	-1378.885	-1547.428	168.5433	4.099389
4662	-1390.338	-1558.573	168.2347	4.274628
4668	-1379.816	-1548.226	168.41	4.17523
4674	-1375.422	-1543.036	167.6139	4.624387
4680	-1380.585	-1549.675	169.0906	3.785988
4686	-1373.876	-1541.824	167.9482	4.436462
4692	-1371.295	-1540.074	168.779	3.964897
4698	-1373.81	-1542.631	168.8203	3.941214
4704	-1376.188	-1545.299	169.1116	3.77387
4710	-1378.241	-1546.135	167.8947	4.466597
4716	-1378.664	-1546.816	168.1519	4.321464
4722	-1385.652	-1554.8	169.1482	3.752768
4728	-1382.345	-1550.693	168.3481	4.210357
4734	-1389.531	-1558.384	168.8522	3.922988
4740	-1388.063	-1556.881	168.8176	3.942812
4746	-1398.319	-1566.961	168.6418	4.043263
4752	-1376.764	-1546.32	169.5564	3.51613
4758	-1381.226	-1549.846	168.6195	4.055984
4764	-1385.392	-1553.178	167.7864	4.527512
4770	-1376.608	-1545.132	168.5246	4.110043
4776	-1388.538	-1556.651	168.1132	4.343342
4782	-1379.679	-1548.48	168.8014	3.952052
4788	-1374.118	-1542.206	168.0882	4.357476
4794	-1370.557	-1539.316	168.7591	3.97628
4800	-1377.435	-1545.446	168.0109	4.401111
4806	-1369.534	-1538.296	168.7614	3.974921
4812	-1370.27	-1539.084	168.8136	3.945068
4818	-1382.87	-1551.065	168.1942	4.297587
4824	-1382.639	-1551.7	169.0602	3.803511
4830	-1393.392	-1562.012	168.6197	4.055864
4836	-1394.834	-1563.836	169.0016	3.837234
4842	-1383.584	-1551.935	168.3512	4.20859
4848	-1392.199	-1560.832	168.633	4.048289
4854	-1383.167	-1551.407	168.2399	4.271725
4860	-1378.395	-1546.355	167.9598	4.429912
4866	-1377.804	-1545.887	168.0825	4.360709
4872	-1380.911	-1549.189	168.2779	4.250157
4878	-1379.724	-1548.959	169.2344	3.703038
4884	-1382.048	-1550.914	168.8662	3.914933
4890	-1378.147	-1547.406	169.2597	3.688388
4896	-1375.769	-1544.205	168.4356	4.160689
4902	-1377.891	-1546.213	168.3227	4.2248
4908	-1382.318	-1551.192	168.8742	3.910344
4914	-1397.564	-1565.649	168.0847	4.359462
4920	-1372.911	-1541.065	168.1538	4.320442
4926	-1389.849	-1558.131	168.2813	4.248239
4932	-1384.769	-1554.132	169.3633	3.62837
4938	-1375.806	-1544.419	168.613	4.059682
4944	-1376.483	-1544.556	168.073	4.366067
4950	-1382.695	-1551.397	168.7022	4.00878
4956	-1371.088	-1540.007	168.9191	3.884593
4962	-1375.401	-1543.497	168.0959	4.35312
4968	-1383.153	-1551.654	168.5013	4.123343
4974	-1387.735	-1556.91	169.1751	3.737285
4980	-1380.759	-1549.251	168.4919	4.128666
4986	-1394.896	-1563.05	168.154	4.32032
4992	-1401.728	-1570.507	168.7787	3.965041
4998	-1395.686	-1564.295	168.6089	4.062058
5004	-1393.373	-1562.101	168.7276	3.994281
5010	-1394.345	-1562.576	168.2309	4.276788
5016	-1378.504	-1546.651	168.147	4.324236
5022	-1394.74	-1562.616	167.8766	4.476798
5028	-1384.051	-1553.12	169.0689	3.798472
5034	-1382.563	-1551.665	169.102	3.779437
5040	-1388.816	-1556.841	168.0254	4.392959
5046	-1379.389	-1548.161	168.7719	3.968916
5052	-1391.464	-1558.911	167.4478	4.717382
5058	-1398.121	-1566.407	168.2856	4.245805
5064	-1395.989	-1564.288	168.2984	4.238562
5070	-1398.561	-1567.032	168.4714	4.140333
5076	-1386.406	-1555.171	168.7653	3.972732
5082	-1381.541	-1550.073	168.5321	4.105817
5088	-1379.172	-1547.643	168.4714	4.140311
5094	-1383.353	-1551.824	168.4714	4.140311
5100	-1384.799	-1553.181	168.3822	4.191013
5106	-1375.665	-1543.995	168.3304	4.220429
5112	-1374.385	-1542.993	168.6088	4.062108
5118	-1370.458	-1539.053	168.5942	4.070425
5124	-1382.585	-1551.121	168.5363	4.103417
5130	-1378.105	-1546.206	168.1013	4.350079
5136	-1380.742	-1549.718	168.9763	3.851759
5142	-1378.899	-1547.435	168.536	4.103594
5148	-1386.822	-1555.387	168.5653	4.08691
5154	-1372.696	-1541.971	169.2746	3.679753
5160	-1369.184	-1537.815	168.6312	4.049338
5166	-1368.915	-1537.546	168.6312	4.049338
5172	-1374.857	-1543.749	168.8922	3.900015
5178	-1375.551	-1544.022	168.4713	4.1404
5184	-1372.781	-1540.699	167.9177	4.453675
5190	-1373.613	-1542.08	168.4676	4.142467
5196	-1379.988	-1548.918	168.9305	3.878065
5202	-1382.271	-1551.176	168.9047	3.892887
5208	-1381.81	-1550.621	168.8106	3.946797
5214	-1385.656	-1553.766	168.1097	4.345331
5220	-1369.621	-1538.061	168.44	4.158172
5226	-1375.169	-1543.609	168.44	4.158172
5232	-1380.412	-1548.56	168.148	4.323685
5238	-1385.285	-1554.2	168.9154	3.886743
5244	-1369.109	-1537.888	168.7791	3.964797
5250	-1369.074	-1537.592	168.5187	4.113425
5256	-1381.822	-1550.203	168.3809	4.191724
5262	-1375.4	-1543.914	168.5136	4.116327
5268	-1375.823	-1544.336	168.5136	4.116327
5274	-1381.674	-1549.752	168.0784	4.363035
5280	-1380.646	-1549.818	169.172	3.739044
5286	-1367.805	-1535.86	168.0548	4.376356
5292	-1372.816	-1541.475	168.6585	4.033763
5298	-1374.103	-1542.761	168.6585	4.033763
5304	-1386.611	-1555.27	168.6585	4.033763
5310	-1382.982	-1551.328	168.3457	4.211715
5316	-1377.086	-1544.973	167.8872	4.470823
5322	-1367.072	-1535.006	167.9342	4.444355
5328	-1380.79	-1548.106	167.3159	4.79109
5334	-1375.846	-1543.906	168.0599	4.373484
5340	-1375.651	-1544.311	168.6593	4.033292
5346	-1366.488	-1535.148	168.6593	4.033292
5352	-1383.234	-1552.518	169.2842	3.674231
5358	-1383.591	-1551.65	168.0587	4.37414
5364	-1379.651	-1548.201	168.5495	4.095904
5370	-1376.805	-1545.279	168.4737	4.138993
5376	-1373.791	-1542.345	168.5535	4.093587
5382	-1402.859	-1572.152	169.2927	3.669315
5388	-1410.317	-1578.61	168.2932	4.241515
5394	-1394.608	-1562.025	167.4165	4.734878
5400	-1393.171	-1561.103	167.9313	4.446012
5406	-1383.849	-1552.303	168.4541	4.150178
5412	-1383.647	-1552.048	168.4015	4.180064
5418	-1371.184	-1539.586	168.4015	4.180064
5424	-1379.508	-1547.909	168.4015	4.180064
5430	-1384.997	-1553.516	168.5187	4.113431
5436	-1380.922	-1548.9	167.9781	4.419611
5442	-1383.827	-1551.559	167.732	4.558103
5448	-1392.608	-1560.34	167.732	4.558103
5454	-1375.506	-1543.912	168.4058	4.177631
5460	-1382.259	-1550.665	168.4058	4.177631
5466	-1380.291	-1548.423	168.1322	4.332621
5472	-1387.638	-1555.77	168.1322	4.332621
5478	-1383.158	-1552.237	169.0787	3.792857
5484	-1391.677	-1560.352	168.675	4.024334
5490	-1385.653	-1554.093	168.4405	4.157873
5496	-1394.867	-1563.427	168.5602	4.089777
5502	-1393.779	-1562.474	168.6949	4.01295
5508	-1385.138	-1553.778	168.6402	4.044171
5514	-1387.766	-1555.621	167.8548	4.489043
5520	-1387.336	-1555.085	167.7486	4.548743
5526	-1381.066	-1550.21	169.1441	3.755147
5532	-1368.623	-1536.975	168.3519	4.208207
5538	-1382.545	-1551.725	169.1799	3.734524
5544	-1375.929	-1544.986	169.0573	3.805197
5550	-1383.422	-1552.38	168.9575	3.862543
5556	-1376.415	-1544.949	168.5335	4.105009
5562	-1388.815	-1557.595	168.7797	3.96446
5568	-1397.849	-1566.444	168.595	4.069952
5574	-1391.217	-1560.163	168.9451	3.86966
5580	-1377.221	-1545.429	168.2086	4.28944
5586	-1380.818	-1549.277	168.4593	4.147229
5592	-1395.99	-1564.693	168.7034	4.008118
5598	-1386.078	-1554.491	168.4132	4.173416
5604	-1381.264	-1550.051	168.7865	3.960583
5610	-1376.712	-1545.208	168.4955	4.126633
5616	-1383.753	-1552.248	168.4955	4.126633
5622	-1388.681	-1558.026	169.3452	3.638858
5628	-1386.084	-1554.671	168.5871	4.074484
5634	-1379.073	-1546.843	167.7698	4.536839
5640	-1381.493	-1549.866	168.3734	4.196029
5646	-1375.465	-1544.37	168.9043	3.8931
5652	-1383.126	-1551.545	168.4188	4.170199
5658	-1375.323	-1543.452	168.1291	4.334373
5664	-1380.626	-1549.572	168.946	3.869188
5670	-1374.009	-1543.042	169.0327	3.819304
5676	-1375.404	-1544.437	169.0327	3.819304
5682	-1378.111	-1546.472	168.3605	4.203318
5688	-1381.13	-1549.106	167.9763	4.420606
5694	-1377.174	-1545.355	168.1812	4.30491
5700	-1389.911	-1558.696	168.7851	3.96138
5706	-1382.98	-1552.03	169.0498	3.809467
5712	-1391.702	-1559.535	167.8326	4.501531
5718	-1385.219	-1553.943	168.724	3.996325
5724	-1380.503	-1549.072	168.5683	4.085192
5730	-1374.784	-1543.302	168.5176	4.114069
5736	-1393.648	-1561.937	168.2893	4.243684
5742	-1388.086	-1556.058	167.9712	4.423503
5748	-1378.881	-1547	168.1188	4.340199
5754	-1388.601	-1557.976	169.3753	3.621398
5760	-1377.892	-1547.314	169.422	3.594331
5766	-1384.485	-1553.3	168.8152	3.944186
5772	-1366.858	-1535.256	168.3981	4.182013
5778	-1376.043	-1544.7	168.6568	4.034722
5784	-1385.685	-1554.342	168.6568	4.034722
5790	-1390.879	-1559.451	168.5718	4.083179
5796	-1392.837	-1561.456	168.6196	4.055945
5802	-1383.431	-1551.744	168.3129	4.230357
5808	-1382.328	-1551.08	168.7521	3.980282
5814	-1378.073	-1546.801	168.7281	3.994012
5820	-1373.307	-1542.035	168.7281	3.994012
5826	-1376.846	-1545.074	168.2285	4.278148
5832	-1380.268	-1549.756	169.4886	3.555581
5838	-1387.291	-1556.184	168.8922	3.900032
5844	-1385.986	-1553.82	167.8333	4.501133
5850	-1376.569	-1545.635	169.0657	3.800334
5856	-1376.09	-1544.407	168.317	4.228006
5862	-1371.85	-1540.025	168.1754	4.308226
5868	-1379.108	-1547.284	168.1754	4.308226
5874	-1387.228	-1555.723	168.4944	4.127253
5880	-1387.356	-1555.845	168.489	4.130331
5886	-1382.973	-1550.884	167.9111	4.457368
5892	-1372.401	-1540.294	167.893	4.46754
5898	-1381.538	-1549.983	168.4455	4.155055
5904	-1385.35	-1554.46	169.1105	3.774546
5910	-1388.969	-1557.763	168.7935	3.956591
5916	-1388.071	-1555.955	167.8847	4.472249
5922	-1391.259	-1560.42	169.1612	3.745304
5928	-1384.817	-1552.91	168.0925	4.355078
5934	-1390.599	-1559.001	168.4019	4.179836
5940	-1384.658	-1552.959	168.3014	4.23683
5946	-1390.182	-1559.201	169.0187	3.827402
5952	-1382.975	-1551.437	168.462	4.145662
5958	-1394.433	-1563.191	168.758	3.976883
5964	-1396.47	-1563.828	167.358	4.767567
5970	-1387.315	-1555.592	168.2768	4.250787
5976	-1385.213	-1553.082	167.8694	4.48083
5982	-1383.482	-1551.621	168.1386	4.329034
5988	-1385.96	-1554.036	168.0767	4.363971
5994	-1394.377	-1562.272	167.8949	4.466485
6000	-1388.971	-1557.546	168.5751	4.081289
6006	-1385.233	-1553.205	167.9712	4.423509
6012	-1387.527	-1555.908	168.3814	4.191452
6018	-1388.482	-1556.863	168.3814	4.191452
6024	-1381.237	-1549.395	168.1577	4.318185
6030	-1383.18	-1552.461	169.281	3.676084
6036	-1372.152	-1541.39	169.2383	3.700781
6042	-1373.015	-1541.563	168.5487	4.09636
6048	-1381.505	-1549.938	168.4326	4.162387
6054	-1390.982	-1559.807	168.8249	3.938583
6060	-1402.109	-1569.788	167.679	4.587864
6066	-1389.567	-1558.972	169.4046	3.604445
6072	-1383.673	-1552.481	168.8075	3.948588
6078	-1387.863	-1556.474	168.6112	4.060713
6084	-1394.79	-1563.607	168.817	3.943132
6090	-1391.62	-1560.268	168.6485	4.039467
6096	-1387.398	-1556.154	168.7565	3.977769
6102	-1383.459	-1552.029	168.5702	4.084099
6108	-1386.957	-1555.975	169.0187	3.82737
6114	-1389.259	-1557.949	168.6904	4.015532
6120	-1389.089	-1558.031	168.942	3.87145
6126	-1387.739	-1556.429	168.6899	4.015799
6132	-1379.542	-1548.235	168.6936	4.013685
6138	-1373.192	-1541.895	168.7037	4.007916
6144	-1382.464	-1550.06	167.5959	4.634432
6150	-1379.666	-1548.605	168.9386	3.873388
6156	-1371.104	-1540.083	168.9788	3.850339
6162	-1374.241	-1543.061	168.8196	3.941663
6168	-1386.409	-1554.619	168.2102	4.288513
6174	-1383.735	-1552.145	168.4102	4.175111
6180	-1394.475	-1562.985	168.5105	4.118108
6186	-1385.285	-1553.996	168.7109	4.003831
6192	-1385.554	-1554.681	169.1271	3.764978
6198	-1377.616	-1546.269	168.6523	4.037267
6204	-1377.021	-1545.369	168.3478	4.210562
6210	-1391.984	-1560.331	168.3478	4.210562
6216	-1404.976	-1573.324	168.3478	4.210562
6222	-1396.34	-1564.577	168.2369	4.273389
6228	-1383.317	-1551.419	168.1015	4.349957
6234	-1386.847	-1555.868	169.0212	3.825953
6240	-1390.503	-1559.106	168.6027	4.065586
6246	-1386.426	-1555.144	168.7172	4.00021
6252	-1385.894	-1554.391	168.4975	4.125497
6258	-1382.178	-1551.176	168.998	3.839285
6264	-1383.481	-1552.38	168.8988	3.89623
6270	-1380.231	-1548.713	168.4816	4.13455
6276	-1392.892	-1561.373	168.4816	4.13455
6282	-1386.288	-1554.631	168.3432	4.21316
6288	-1386.789	-1554.731	167.9425	4.439656
6294	-1393.702	-1562.221	168.5195	4.112985
6300	-1383.951	-1552.519	168.5678	4.085434
6306	-1385.862	-1554.126	168.2643	4.257891
6312	-1390.844	-1559.853	169.0088	3.83305
6318	-1378.886	-1547.159	168.2724	4.253291
6324	-1382.043	-1550.652	168.609	4.061967
6330	-1386.224	-1554.647	168.4229	4.167889
6336	-1382.796	-1550.641	167.8453	4.494394
6342	-1385.598	-1553.96	168.3616	4.202687
6348	-1371.401	-1539.125	167.7239	4.562631
6354	-1380.157	-1548.65	168.4937	4.127665
6360	-1381.584	-1550.698	169.114	3.772484
6366	-1394.897	-1563.808	168.9103	3.889656
6372	-1387.471	-1556.1	168.6293	4.050374
6378	-1388.457	-1557.514	169.0566	3.805559
6384	-1385.002	-1553.831	168.8292	3.936149
6390	-1377.4	-1545.764	168.3641	4.201275
6396	-1376.194	-1544.581	168.3873	4.188116
6402	-1395.593	-1564.098	168.5047	4.121375
6408	-1401.935	-1570.291	168.3555	4.206139
6414	-1376.277	-1544.899	168.6228	4.054124
6420	-1379.608	-1548.429	168.8208	3.940961
6426	-1391.14	-1559.967	168.8278	3.936923
6432	-1386.539	-1555.097	168.5585	4.090765
6438	-1383.548	-1551.557	168.0088	4.402308
6444	-1383.064	-1551.485	168.4211	4.168908
6450	-1393.216	-1562.064	168.8485	3.925083
6456	-1385.99	-1554.602	168.6117	4.06043
6462	-1395.808	-1564.39	168.5814	4.07772
6468	-1386.564	-1554.845	168.2813	4.248224
6474	-1387.8	-1556.704	168.9043	3.893078
6480	-1386.031	-1554.738	168.7069	4.006117
6486	-1383.978	-1553.149	169.1709	3.739685
6492	-1385.663	-1554.766	169.1036	3.778489
6498	-1374.009	-1543.113	169.1036	3.778489
6504	-1391.731	-1559.957	168.226	4.279548
6510	-1389.174	-1556.974	167.7997	4.520044
6516	-1392.846	-1561.011	168.1653	4.313914
6522	-1400.362	-1568.791	168.429	4.164458
6528	-1388.487	-1556.004	167.517	4.678665
6534	-1375.91	-1543.557	167.6475	4.605493
6540	-1376.289	-1544.243	167.9543	4.433039
6546	-1371.977	-1540.589	168.612	4.060242
6552	-1378.544	-1547.324	168.7793	3.964714
6558	-1373.378	-1542.109	168.7309	3.99238
6564	-1385.405	-1554.133	168.7278	3.994168
6570	-1384.298	-1552.107	167.8091	4.514748
6576	-1374.777	-1543.128	168.3509	4.208793
6582	-1390.483	-1558.329	167.8454	4.49436
6588	-1376.379	-1545.044	168.6647	4.030214
6594	-1377.788	-1546.453	168.6647	4.030214
6600	-1378.598	-1546.971	168.3732	4.196115
6606	-1382.289	-1550.422	168.1327	4.332336
6612	-1381.973	-1550.349	168.3764	4.19433
6618	-1378.684	-1547.06	168.3764	4.19433
6624	-1374.186	-1542.552	168.3663	4.200013
6630	-1370.41	-1538.773	168.3626	4.20216
6636	-1383.742	-1552.332	168.5898	4.072907
6642	-1375.977	-1544.567	168.5898	4.072907
6648	-1372.585	-1541.175	168.5898	4.072907
6654	-1385.021	-1553.133	168.1117	4.344194
6660	-1389.746	-1558.299	168.5525	4.094169
6666	-1385.621	-1553.855	168.234	4.275033
6672	-1380.035	-1548.188	168.1527	4.321022
6678	-1368.664	-1537.387	168.7237	3.996529
6684	-1369.257	-1537.95	168.6937	4.013649
6690	-1371.776	-1540.229	168.4532	4.150679
6696	-1388.709	-1556.527	167.8178	4.50986
6702	-1378.034	-1546.783	168.7498	3.9816
6708	-1388	-1556.7	168.7006	4.009704
6714	-1385.731	-1554.355	168.6234	4.053764
6720	-1393.849	-1562.222	168.3729	4.196282
6726	-1384.005	-1552.378	168.3729	4.196282
6732	-1380.638	-1549.011	168.3729	4.196282
6738	-1387.2	-1555.457	168.257	4.262037
6744	-1388.782	-1556.968	168.1866	4.301882
6750	-1394.271	-1563.022	168.7516	3.980532
6756	-1386.829	-1555.314	168.4854	4.132368
6762	-1383.317	-1552.276	168.9595	3.861432
6768	-1376.246	-1544.722	168.4755	4.137976
6774	-1391.731	-1560.093	168.3626	4.20213
6780	-1369.801	-1538.046	168.245	4.268798
6786	-1380.723	-1548.968	168.245	4.268798
6792	-1371.459	-1539.81	168.3514	4.208476
6798	-1375.777	-1544.25	168.4728	4.139549
6804	-1392.732	-1561.391	168.6584	4.03381
6810	-1380.705	-1549.751	169.0458	3.811774
6816	-1393.805	-1562.578	168.7724	3.968633
6822	-1381.727	-1549.664	167.9364	4.443101
6828	-1377.629	-1546.039	168.4094	4.175566
6834	-1381.364	-1550.126	168.7628	3.97415
6840	-1369.513	-1537.594	168.0817	4.361138
6846	-1380.698	-1548.57	167.8712	4.479815
6852	-1389.266	-1557.143	167.8773	4.476411
6858	-1386.206	-1555.316	169.1102	3.774726
6864	-1379.005	-1546.66	167.6552	4.601219
6870	-1381.676	-1549.821	168.1448	4.32551
6876	-1377.664	-1545.684	168.0202	4.395856
6882	-1375.082	-1544.004	168.9222	3.882836
6888	-1381.953	-1550.459	168.5058	4.120745
6894	-1382.503	-1551.038	168.535	4.104164
6900	-1388.3	-1556.608	168.3072	4.233573
6906	-1387.308	-1555.218	167.9099	4.458073
6912	-1406.549	-1574.233	167.6846	4.584693
6918	-1396.412	-1564.938	168.526	4.109262
6924	-1373.949	-1542.967	169.0182	3.827666
6930	-1381.602	-1550.098	168.4954	4.126649
6936	-1370.881	-1539.223	168.3416	4.214032
6942	-1374.53	-1542.651	168.1214	4.338737
6948	-1389.582	-1557.703	168.1214	4.338737
6954	-1372.223	-1540.884	168.6608	4.032421
6960	-1379.511	-1548.171	168.6608	4.032421
6966	-1382.294	-1551.255	168.9607	3.860706
6972	-1375.166	-1543.491	168.3256	4.223135
6978	-1373.894	-1542.475	168.5817	4.077515
6984	-1379.504	-1548.755	169.2501	3.693935
6990	-1375.697	-1544.47	168.7726	3.96854
6996	-1382.711	-1550.749	168.0379	4.385899
7002	-1387.355	-1556.2	168.8455	3.926781
7008	-1386.283	-1555.129	168.8455	3.926781
7014	-1383.573	-1551.956	168.3836	4.190245
7020	-1392.066	-1560.207	168.1409	4.327729
7026	-1389.137	-1557.321	168.1845	4.303041
7032	-1376.933	-1545.283	168.3502	4.209163
7038	-1375.509	-1544.292	168.7833	3.962394
7044	-1385.749	-1554.377	168.6274	4.05146
7050	-1375.739	-1544.558	168.8187	3.942135
7056	-1398.107	-1565.672	167.5654	4.651531
7062	-1405.065	-1573.075	168.0098	4.401749
7068	-1386.476	-1554.696	168.2202	4.282855
7074	-1389.744	-1558.649	168.9048	3.892801
7080	-1387.016	-1555.645	168.6284	4.050902
7086	-1391.895	-1560.726	168.8307	3.935304
7092	-1384.545	-1552.946	168.401	4.180359
7098	-1381.407	-1549.656	168.2487	4.266692
7104	-1373.115	-1541.881	168.7652	3.972745
7110	-1377.322	-1546.144	168.8217	3.940424
7116	-1380.023	-1548.886	168.8628	3.91687
7122	-1388.609	-1557.502	168.8928	3.899687
7128	-1376.773	-1545.294	168.5211	4.112069
7134	-1384.973	-1553.457	168.4843	4.132986
7140	-1387.297	-1556.613	169.316	3.655778
7146	-1396.08	-1564.828	168.7477	3.982807
7152	-1387.739	-1556.736	168.9968	3.839972
7158	-1389.982	-1558.02	168.0378	4.385945
7164	-1390.393	-1558.639	168.2458	4.26835
7170	-1388.553	-1556.168	167.6154	4.623523
7176	-1383.911	-1552.345	168.4339	4.161625
7182	-1389.303	-1558.367	169.064	3.801301
7188	-1381.212	-1550.253	169.0411	3.814488
7194	-1375.217	-1543.773	168.5561	4.092101
7200	-1389.831	-1557.934	168.1026	4.349342
7206	-1385.646	-1553.749	168.1026	4.349342
7212	-1375.768	-1544.194	168.426	4.166113
7218	-1382.031	-1550.423	168.3916	4.185675
7224	-1396.176	-1564.567	168.3916	4.185675
7230	-1384.752	-1553.566	168.8138	3.944952
7236	-1381.739	-1549.98	168.2413	4.27091
7242	-1377.217	-1545.216	167.9986	4.408072
7248	-1371.622	-1539.849	168.2271	4.278968
7254	-1380.509	-1547.87	167.3609	4.765913
7260	-1379.765	-1547.103	167.338	4.778719
7266	-1377.038	-1545.96	168.9229	3.882446
7272	-1373.896	-1541.657	167.7617	4.541425
7278	-1381.326	-1548.657	167.3311	4.782597
7284	-1375.892	-1544.479	168.5871	4.074439
7290	-1393.735	-1562.14	168.4056	4.177744
7296	-1382.79	-1550.983	168.1932	4.29814
7302	-1375.367	-1544.656	169.2892	3.671316
7308	-1379.423	-1547.994	168.5717	4.083257
7314	-1378.434	-1546.894	168.4607	4.146393
7320	-1393.543	-1561.481	167.9384	4.442004
7326	-1380.213	-1548.395	168.1822	4.304332
7332	-1384.431	-1552.912	168.4811	4.134793
7338	-1374.372	-1542.903	168.5309	4.106499
7344	-1396.773	-1565.871	169.0981	3.781695
7350	-1389.058	-1556.535	167.4766	4.701246
7356	-1383.61	-1552.245	168.6348	4.047244
7362	-1385.889	-1554.186	168.2967	4.239529
7368	-1392.579	-1560.876	168.2967	4.239529
7374	-1415.874	-1584.171	168.2967	4.239529
7380	-1393.809	-1561.776	167.9668	4.426004
7386	-1398.858	-1567.709	168.8504	3.923998
7392	-1401.424	-1570.426	169.0021	3.836919
7398	-1390.487	-1558.474	167.987	4.414627
7404	-1388.703	-1556.755	168.0516	4.378148
7410	-1386.152	-1554.776	168.6245	4.053164
7416	-1372.883	-1541.774	168.8909	3.900795
7422	-1370.557	-1539.098	168.5415	4.100419
7428	-1384.289	-1552.644	168.3551	4.206399
7434	-1383.317	-1551.768	168.4508	4.15205
7440	-1386.801	-1555.021	168.2203	4.282773
7446	-1397.904	-1565.992	168.0881	4.357563
7452	-1376.281	-1544.082	167.8009	4.519392
7458	-1380.703	-1549.373	168.6704	4.026952
7464	-1385.109	-1553.103	167.9932	4.41113
7470	-1381.976	-1550.837	168.8612	3.917827
7476	-1385.388	-1552.481	167.0934	4.915089
7482	-1399.171	-1567.363	168.1924	4.298597
7488	-1383.324	-1552.438	169.1135	3.772824
7494	-1388.461	-1556.627	168.1664	4.313286
7500	-1385.177	-1554.08	168.903	3.893862
7506	-1396.571	-1565.613	169.0423	3.813833
7512	-1388.207	-1557.249	169.0423	3.813833
7518	-1380.709	-1549.752	169.0423	3.813833
7524	-1396.154	-1564.842	168.6878	4.017016
7530	-1394.434	-1563.364	168.9291	3.878889
7536	-1379.455	-1547.777	168.3215	4.22547
7542	-1379.347	-1548.508	169.161	3.745389
7548	-1392.615	-1561.408	168.7935	3.95659
7554	-1395.871	-1564.356	168.4853	4.132443
7560	-1392.02	-1560.206	168.1854	4.302565
7566	-1381.426	-1549.763	168.3364	4.217026
7572	-1377.553	-1545.871	168.3184	4.227189
7578	-1379.104	-1547.544	168.4408	4.157749
7584	-1375.875	-1544.195	168.32	4.226325
7590	-1375.926	-1544.67	168.7445	3.984638
7596	-1379.578	-1548.354	168.7758	3.966696
7602	-1380.398	-1549.174	168.7758	3.966696
7608	-1392.597	-1561.229	168.6323	4.048678
7614	-1383.196	-1551.5	168.304	4.235382
7620	-1387.703	-1555.664	167.961	4.429257
7626	-1398.795	-1567.509	168.7146	4.001716
7632	-1378.802	-1547.534	168.7323	3.991582
7638	-1390.41	-1559.509	169.0997	3.780769
7644	-1385.02	-1553.393	168.373	4.196216
7650	-1384.513	-1552.732	168.2192	4.283424
7656	-1393.123	-1561.6	168.4775	4.136852
7662	-1384.597	-1552.868	168.2708	4.2542
7668	-1384.442	-1553.322	168.8801	3.906984
7674	-1379.446	-1547.951	168.5053	4.121047
7680	-1379.581	-1548.208	168.6275	4.05144
7686	-1386.779	-1555.593	168.8141	3.944794
7692	-1382.686	-1551.268	168.582	4.077342
7698	-1380.075	-1548.783	168.7081	4.005429
