Iteration	Posterior	Likelihood	Prior	acrv_sd	part_rate_trans	tree_length
0	-1335.774	-1508.067	172.2932	0.1405184	0.8451223	1.051167
6	-1324.327	-1496.485	172.1582	0.1709836	0.9189195	1.080093
12	-1323.677	-1495.725	172.0482	0.5826585	0.5123632	1.174431
18	-1322.401	-1495.058	172.6574	0.1267632	0.5764876	0.9702149
24	-1319.398	-1491.635	172.237	0.2350067	0.9276394	0.9289752
30	-1318.231	-1490.596	172.3657	0.2606795	0.7163851	0.9884379
36	-1322.2	-1494.477	172.2769	0.1462127	0.9123878	0.9957451
42	-1327.28	-1499.738	172.458	0.04754303	0.7383031	1.08409
48	-1333.729	-1505.905	172.1759	0.1222517	0.9457407	1.08409
54	-1325.636	-1497.896	172.2598	0.1056831	0.8922996	1.071063
60	-1325.571	-1498.037	172.4663	0.05765334	0.6914707	1.110212
66	-1319.796	-1492.309	172.5133	0.05435655	0.7076074	1.054605
72	-1313.88	-1486.198	172.3176	0.2583298	0.6576771	1.093544
78	-1305.584	-1478.027	172.4427	0.009060156	0.7204082	1.149025
84	-1309.202	-1481.903	172.7012	0.02556867	0.5932709	1.01114
90	-1314.289	-1486.71	172.4213	0.2072841	0.8327357	0.85897
96	-1320.613	-1492.534	171.9214	0.4220352	1.117867	0.85897
102	-1312.098	-1484.437	172.3385	0.4010039	0.704096	0.8798258
108	-1319.444	-1492.037	172.5933	0.02741594	0.7575866	0.951831
114	-1322.495	-1495.065	172.57	0.1273462	0.6808992	0.951831
120	-1325.668	-1498.099	172.4308	0.0209858	0.7270167	1.143154
126	-1321.675	-1493.97	172.2948	0.2819371	0.7270167	1.027173
132	-1319.726	-1491.316	171.5898	0.9657507	0.9677779	0.7792613
138	-1329.613	-1499.464	169.8509	2.23763	1.434845	0.7792613
144	-1320.008	-1491.7	171.6913	0.423074	1.434845	0.7414852
150	-1312.723	-1485.073	172.3497	0.2022562	0.6879741	1.087682
156	-1313.29	-1485.799	172.5084	0.02164871	0.7653759	1.03529
162	-1311.302	-1483.606	172.3041	0.03072721	0.7449266	1.228781
168	-1316.738	-1488.895	172.1572	0.1638688	0.8888013	1.115225
174	-1319.585	-1491.757	172.1718	0.4381488	0.7716627	0.9483177
180	-1318.279	-1490.483	172.2036	0.4381488	0.8131731	0.8666335
186	-1317.466	-1489.839	172.3734	0.1108878	0.7535528	1.089695
192	-1321.354	-1493.839	172.485	0.1296585	0.6863977	1.029811
198	-1316.344	-1488.556	172.2114	0.1220155	0.921333	1.07394
204	-1319.739	-1492.073	172.3346	0.1108736	0.5909449	1.264958
210	-1314.695	-1485.641	170.9462	1.822782	0.707652	0.8403701
216	-1321.608	-1493.899	172.2905	0.4371992	0.5939303	1.009574
222	-1312.669	-1485.179	172.5098	0.09111162	0.6170627	1.107841
228	-1322.931	-1495.017	172.086	0.2404047	0.5825805	1.367711
234	-1327.445	-1499.965	172.5195	0.1573146	0.5005429	1.144399
240	-1313.287	-1485.632	172.3457	0.09487292	0.8604635	1.029776
246	-1317.91	-1490.121	172.211	0.1006142	0.8604635	1.149053
252	-1328.898	-1501.424	172.5258	0.09567313	0.7530659	0.9557494
258	-1317.467	-1489.592	172.1249	0.1472213	0.8653378	1.179422
264	-1323.115	-1495.247	172.1315	0.3306662	0.819409	1.048582
270	-1323.241	-1495.365	172.1235	0.3306662	0.8274348	1.048582
276	-1326.895	-1499.159	172.2641	0.1241283	0.728416	1.197351
282	-1327.221	-1499.687	172.4666	0.002663088	0.7082581	1.144274
288	-1324.472	-1496.752	172.2797	0.0902896	0.8549174	1.101539
294	-1324.032	-1496.399	172.3673	0.1609624	0.6966063	1.101539
300	-1329.447	-1501.632	172.1858	0.2174664	0.5976138	1.294102
306	-1328.633	-1500.615	171.9817	0.4402512	0.7076642	1.186242
312	-1326.377	-1498.989	172.6111	0.1305353	0.6227448	0.9663729
318	-1326.202	-1498.512	172.3103	0.1039798	0.9885702	0.925546
324	-1306.029	-1478.534	172.5044	0.03748096	0.7819585	1.007451
330	-1311.102	-1483.4	172.2979	0.2188384	0.5540249	1.236348
336	-1318.477	-1490.801	172.324	0.005546211	0.7412098	1.236348
342	-1324.402	-1496.898	172.4958	0.13461	0.5351305	1.154862
348	-1321.978	-1494.427	172.4488	0.1220868	0.7995663	0.9600312
354	-1325.049	-1497.3	172.2503	0.1267564	0.8026945	1.142296
360	-1322.939	-1495.437	172.4988	0.1201616	0.7034356	1.008807
366	-1312.388	-1484.886	172.4974	0.02816888	0.6782886	1.120662
372	-1323.517	-1495.771	172.2541	0.3895078	0.7505485	0.9349293
378	-1326.084	-1498.193	172.1094	0.4515268	0.8331658	0.9349293
384	-1331.201	-1500.63	169.4284	2.429691	0.8923902	1.489716
390	-1338.545	-1510.675	172.1295	0.1974383	0.7663305	1.217384
396	-1326.911	-1499.256	172.3451	0.248636	0.6548836	1.079636
402	-1321.872	-1494.08	172.2082	0.2236649	0.6353362	1.239306
408	-1314.857	-1487.136	172.2789	0.1650128	0.6232944	1.239306
414	-1314.32	-1486.744	172.4241	0.117224	0.6834145	1.101693
420	-1319.898	-1492.352	172.4543	0.02592464	0.8232225	1.027448
426	-1317.951	-1490.389	172.4385	0.07112721	0.6315335	1.176171
432	-1322.79	-1494.915	172.1249	0.1283463	0.9300044	1.139143
438	-1319.706	-1492.202	172.4968	0.04758247	0.6927333	1.090278
444	-1323.097	-1495.528	172.4315	0.07222471	0.7097302	1.11197
450	-1320.864	-1492.943	172.0787	0.4470187	0.7997359	1.0058
456	-1323.828	-1496.118	172.2891	0.3256291	0.6491716	1.065324
462	-1320.756	-1493.177	172.421	0.1931071	0.684623	1.032082
468	-1326.587	-1498.93	172.3428	0.3255979	0.4523798	1.193863
474	-1318.238	-1490.451	172.2124	0.1682733	0.7564245	1.179707
480	-1315.074	-1487.3	172.2255	0.3577356	0.8190746	0.9260729
486	-1320.886	-1493.2	172.3142	0.2851865	0.8029819	0.9260729
492	-1329.766	-1501.284	171.5182	1.078958	0.65815	1.073382
498	-1327.065	-1499.315	172.2498	0.1413717	0.7366491	1.187798
504	-1325.55	-1498.04	172.4903	0.2102394	0.5485635	1.079224
510	-1320.277	-1492.55	172.2737	0.3370394	0.7129185	1.007565
516	-1320.059	-1492.528	172.469	0.06252158	0.7080026	1.088089
522	-1320.951	-1493.046	172.0947	0.4472523	0.6620124	1.120597
528	-1318.232	-1489.763	171.5305	0.9391466	0.4422891	1.36542
534	-1310.911	-1483.214	172.3029	0.352853	0.6480172	1.027147
540	-1313.944	-1485.725	171.781	0.7410633	0.8652618	0.9422094
546	-1311.88	-1483.616	171.7362	0.8380281	0.914574	0.8250774
552	-1309.494	-1481.87	172.3762	0.2583638	0.8062569	0.8830542
558	-1310.515	-1482.751	172.2361	0.1369436	0.8062569	1.14267
564	-1304.647	-1477.173	172.5266	0.09220718	0.6411321	1.069089
570	-1318.612	-1490.944	172.3321	0.2205995	0.7664708	1.012015
576	-1325.262	-1497.728	172.4661	0.08956997	0.8253228	0.9489394
582	-1317.554	-1490.017	172.4634	0.207632	0.6923137	0.9673554
588	-1317.656	-1489.772	172.1157	0.3599312	0.6137331	1.22061
594	-1326.224	-1498.668	172.4436	0.11065	0.5047019	1.246259
600	-1310.884	-1482.941	172.0567	0.1862325	0.6027252	1.417104
606	-1308.253	-1480.527	172.2732	0.1877269	0.8444949	1.025562
612	-1321.751	-1494.201	172.4491	0.02757486	0.8067297	1.046798
618	-1324.357	-1496.461	172.1038	0.2905603	0.7548562	1.169211
624	-1331.267	-1503.533	172.2659	0.165621	0.5871566	1.279539
630	-1325.203	-1497.585	172.3822	0.02797942	0.7343524	1.173311
636	-1310.198	-1482.694	172.4964	0.01252187	0.6355693	1.173311
642	-1316.726	-1489.196	172.4691	0.0429207	0.7583693	1.059223
648	-1325.772	-1498.272	172.4994	0.2315805	0.6077449	0.9925656
654	-1317.058	-1489.253	172.1948	0.1710709	0.8483381	1.111331
660	-1317.185	-1489.308	172.1237	0.3794462	0.7658454	1.060539
666	-1321.295	-1493.646	172.3505	0.05372716	0.4713405	1.393915
672	-1312.34	-1484.55	172.2098	0.07832269	0.6447119	1.348829
678	-1310.941	-1483.22	172.2795	0.05824756	0.6059	1.340243
684	-1310.969	-1483.24	172.2713	0.1989581	0.473402	1.340243
690	-1316.358	-1488.345	171.9872	0.4258481	0.8976317	1.020445
696	-1318.291	-1490.574	172.2829	0.1477529	0.721863	1.166277
702	-1321.746	-1493.965	172.2185	0.29476	0.875705	0.9404285
708	-1331.705	-1503.922	172.2175	0.08063764	0.9550505	1.075382
714	-1316.895	-1489.303	172.4079	0.01721549	0.6708097	1.21512
720	-1329.048	-1501.392	172.3445	0.1931262	0.8672628	0.9233452
726	-1320.871	-1493.366	172.4953	0.06556147	0.8672628	0.8975498
732	-1313.937	-1486.214	172.2766	0.05136051	0.7696249	1.213714
738	-1322.179	-1494.569	172.3902	0.01425306	0.8602967	1.064541
744	-1312.382	-1484.659	172.2763	0.04042425	0.825062	1.175641
750	-1321.553	-1493.991	172.4386	0.02028338	0.5899429	1.254637
756	-1321.051	-1493.308	172.2577	0.1660032	0.7915232	1.110368
762	-1317.784	-1490.483	172.6994	0.04308186	0.4727954	1.110368
768	-1313.616	-1485.776	172.1596	0.446103	0.6094863	1.110368
774	-1315.142	-1486.021	170.8788	1.832133	0.7864919	0.8141061
780	-1317.227	-1488.165	170.9386	1.693367	0.8770203	0.7989297
786	-1318.016	-1490.041	172.0256	0.7180696	0.6237531	0.9631559
792	-1325.789	-1498.259	172.4701	0.03192296	0.7250192	1.099562
798	-1324.082	-1496.164	172.0825	0.1000385	0.879647	1.243564
804	-1315.95	-1488.244	172.2938	0.1196815	0.8419253	1.073269
810	-1320.952	-1493.398	172.4461	0.1027705	0.791889	0.9904598
816	-1327.961	-1500.222	172.2609	0.04563516	0.9125335	1.106893
822	-1332.12	-1504.587	172.4673	0.005386063	0.8494543	1.009091
828	-1327.347	-1499.935	172.5877	0.03589603	0.842453	0.8533141
834	-1317.166	-1489.495	172.329	0.1898561	0.6725563	1.131863
840	-1317.822	-1489.804	171.9813	0.5415702	0.4398658	1.32495
846	-1317.709	-1489.98	172.2714	0.2566605	0.6912827	1.106624
852	-1321.701	-1494.013	172.3121	0.08793002	0.6854379	1.223962
858	-1310.024	-1482.406	172.3821	0.1862002	0.6518002	1.105922
864	-1317.105	-1489.343	172.2376	0.1862002	0.7564685	1.141823
870	-1316.019	-1488.476	172.4576	0.0816245	0.7344188	1.056103
876	-1313.293	-1485.501	172.2085	0.08419152	1.042178	0.9963843
882	-1309.734	-1481.665	171.9317	0.3868134	1.025706	0.98699
888	-1319.507	-1491.751	172.244	0.1541514	0.6454106	1.259007
894	-1327.593	-1500.199	172.6057	0.07447719	0.6493123	1.001789
900	-1335.839	-1508.323	172.4837	0.05482285	0.6138898	1.166379
906	-1336.726	-1509.308	172.5829	0.02162884	0.647199	1.076744
912	-1328.936	-1501.217	172.2805	0.1787414	0.4374626	1.377381
918	-1327.359	-1498.948	171.589	1.170244	0.6029434	0.9685553
924	-1321.861	-1494.128	172.2668	0.232979	0.7395379	1.088287
930	-1320.946	-1492.891	171.9453	0.1419079	0.6895955	1.469838
936	-1306.869	-1479.367	172.4986	0.07618233	0.4479887	1.276193
942	-1306.772	-1479.056	172.2831	0.03876216	0.7255517	1.255841
948	-1313.132	-1485.49	172.3583	0.08985629	0.6693191	1.196687
954	-1314.968	-1487.496	172.5273	0.1104061	0.8280772	0.8535799
960	-1323.015	-1495.331	172.3156	0.2751119	0.5159803	1.205934
966	-1326.698	-1498.911	172.213	0.07760798	0.6271168	1.360811
972	-1325.436	-1498.07	172.6342	0.101025	0.4440886	1.142629
978	-1320.802	-1492.906	172.1041	0.2509871	0.4407021	1.455362
984	-1313.458	-1485.823	172.3648	0.1958671	0.6200709	1.141407
990	-1318.361	-1490.431	172.0693	0.2282406	0.8305568	1.187502
996	-1317.414	-1489.269	171.855	0.6363041	0.802494	1.0368
1002	-1320.564	-1493.107	172.5429	0.01422804	0.8834227	0.8832982
1008	-1311.431	-1483.772	172.341	0.2128988	0.6110286	1.155419
1014	-1310.4	-1482.851	172.4513	0.0513571	0.7275195	1.096748
1020	-1312.509	-1485.067	172.5581	0.07453153	0.8322735	0.8546769
1026	-1317.56	-1489.988	172.4277	0.04193337	0.7684397	1.089431
1032	-1322.077	-1494.522	172.4457	0.2135399	0.7574106	0.9104074
1038	-1317.993	-1490.506	172.513	0.2135399	0.6932275	0.9068744
1044	-1318.252	-1490.563	172.312	0.208155	0.5658953	1.223486
1050	-1318.912	-1491.002	172.0898	0.4749963	0.6095888	1.147019
1056	-1318.212	-1490.369	172.1571	0.3422165	0.9482736	0.8751568
1062	-1311.663	-1483.866	172.2028	0.171528	1.119649	0.8184951
1068	-1312.156	-1484.205	172.0489	0.4743736	0.8851177	0.9194894
1074	-1311.461	-1483.688	172.2277	0.08361106	0.7626729	1.233646
1080	-1331.511	-1504.058	172.5474	0.1185217	0.5908564	1.072051
1086	-1328.131	-1500.271	172.1402	0.5604525	0.5455037	1.081964
1092	-1322.978	-1495.207	172.2288	0.4077192	0.6272392	1.06548
1098	-1316.307	-1488.675	172.3679	0.04090723	0.6494562	1.24683
1104	-1323.987	-1496.569	172.5814	0.02414174	0.6077629	1.112127
1110	-1328.894	-1501.141	172.2468	0.1438532	0.6192006	1.286829
1116	-1322.715	-1494.964	172.2486	0.1219325	0.6449214	1.282165
1122	-1328.019	-1500.531	172.5118	0.1164545	0.6548808	1.04707
1128	-1333.504	-1505.765	172.2616	0.1861743	0.6543598	1.209818
1134	-1327.272	-1499.718	172.4461	0.1630089	0.5673359	1.145257
1140	-1325.854	-1498.339	172.4852	0.03086014	0.7648568	1.049187
1146	-1330.603	-1502.735	172.1318	0.1787671	0.6594945	1.319115
1152	-1324.697	-1496.996	172.2989	0.01117196	0.7415997	1.252312
1158	-1330.495	-1503.075	172.5799	0.004135336	0.4675773	1.252312
1164	-1322.177	-1494.561	172.3842	0.01339007	0.6985837	1.214893
1170	-1321.059	-1493.331	172.2717	0.09166947	0.644422	1.288498
1176	-1321.528	-1493.628	172.0998	0.3841996	0.7610083	1.082992
1182	-1322.991	-1495.09	172.0986	0.3549698	0.7915676	1.082867
1188	-1335.223	-1507.598	172.3752	0.1799297	0.8340889	0.940169
1194	-1337.565	-1509.775	172.21	0.09178429	0.8751528	1.144743
1200	-1333.228	-1505.262	172.034	0.3282438	0.5871339	1.335686
1206	-1322.539	-1494.86	172.3215	0.2969192	0.7258294	0.9869143
1212	-1315.532	-1487.938	172.4058	0.1587728	0.6143486	1.143027
1218	-1314.093	-1486.313	172.2202	0.01989331	0.6879963	1.352645
1224	-1312.993	-1485.441	172.4485	0.02546192	0.5931729	1.239367
1230	-1327.392	-1499.286	171.8946	0.06805676	0.6765656	1.572302
1236	-1323.967	-1496.139	172.1723	0.1852811	0.677694	1.265884
1242	-1327.065	-1499.36	172.2949	0.1156037	0.6247844	1.265884
1248	-1328.107	-1500.451	172.3442	0.3178256	0.7687101	0.8945567
1254	-1325.802	-1498.25	172.4484	0.04795015	0.8518124	0.9830233
1260	-1324.27	-1496.751	172.4809	0.2974997	0.5684759	0.9842914
1266	-1318.855	-1491.261	172.4059	0.06553685	0.7231866	1.128997
1272	-1325.854	-1498.225	172.3713	0.1472968	0.7406653	1.069695
1278	-1320.377	-1492.431	172.0545	0.3774207	0.7454152	1.144449
1284	-1324.267	-1496.728	172.4608	0.07599153	0.6391318	1.145668
1290	-1329.62	-1502.014	172.3938	0.2138892	0.4643502	1.235288
1296	-1316.278	-1488.854	172.5765	0.09951709	0.4808027	1.162532
1302	-1328.609	-1500.901	172.292	0.05151957	0.7293047	1.234563
1308	-1321.119	-1493.556	172.4372	0.001612039	0.6054868	1.258407
1314	-1317.416	-1490.012	172.5963	0.0003738686	0.5157717	1.200968
1320	-1315.464	-1487.901	172.4367	0.009887895	0.704216	1.167815
1326	-1329.131	-1501.27	172.1399	0.1525614	0.6984678	1.30223
1332	-1318.876	-1491.278	172.402	0.004651198	0.9743691	0.9489184
1338	-1332.645	-1504.618	171.9727	0.5284673	0.994946	0.8157351
1344	-1322.811	-1495.14	172.3289	0.08867436	0.9068161	1.006824
1350	-1324.074	-1496.514	172.44	0.04764756	0.6575115	1.172696
1356	-1318.373	-1490.786	172.4139	0.1339069	0.5553038	1.208958
1362	-1309.453	-1481.847	172.3946	0.2356299	0.6359576	1.06319
1368	-1316.188	-1488.032	171.8439	0.4390363	0.508392	1.458759
1374	-1321.537	-1493.737	172.1995	0.4390363	0.5527957	1.131912
1380	-1330.757	-1503.077	172.3205	0.2134446	0.6316191	1.154873
1386	-1326.803	-1498.864	172.0609	0.5761808	0.6312924	1.06113
1392	-1323.364	-1495.743	172.3792	0.07657377	0.6600295	1.198095
1398	-1336.12	-1508.154	172.0342	0.4128683	0.7789092	1.100564
1404	-1318.907	-1491.126	172.2185	0.2618062	0.7745692	1.073798
1410	-1313.166	-1485.462	172.2969	0.2618062	0.6668842	1.100926
1416	-1307.223	-1479.664	172.4415	0.1962022	0.6931521	1.000425
1422	-1313.709	-1486.062	172.3529	0.2024464	0.6746239	1.096864
1428	-1314.689	-1486.712	172.0234	0.5156906	0.6909031	1.096864
1434	-1312.401	-1484.704	172.3028	0.18478	0.8246871	1.018865
1440	-1316.312	-1488.368	172.0555	0.3900007	0.7101295	1.163552
1446	-1329.508	-1501.665	172.1574	0.264376	0.6041226	1.273586
1452	-1331.41	-1503.767	172.3571	0.04523741	0.7347369	1.179768
1458	-1322.691	-1494.992	172.3011	0.3081055	0.6930685	1.028616
1464	-1331.636	-1503.997	172.3616	0.0492403	0.8914037	1.028616
1470	-1328.521	-1500.754	172.2325	0.1300849	0.6723841	1.266142
1476	-1329.021	-1501.446	172.4258	0.05771531	0.571044	1.249899
1482	-1325.256	-1497.738	172.4819	0.1556615	0.8353967	0.8448396
1488	-1321.288	-1492.371	171.0834	1.639137	0.7504115	0.8448396
1494	-1311.949	-1483.978	172.0296	0.2712808	0.9836256	1.045729
1500	-1308.507	-1480.69	172.1834	0.214039	0.9448158	0.9889467
1506	-1310.29	-1482.54	172.25	0.147484	0.9448158	0.9889467
1512	-1314.185	-1486.372	172.1871	0.1409436	1.026269	0.9767029
1518	-1317.045	-1489.595	172.5498	0.1414107	0.5817703	1.056723
1524	-1322.783	-1495.239	172.4563	0.1596176	0.5817703	1.12627
1530	-1321.673	-1493.834	172.161	0.3959949	0.7679259	1.006364
1536	-1326.14	-1498.445	172.3046	0.05434887	0.5886285	1.337113
1542	-1315.078	-1487.129	172.0509	0.2787134	0.8131623	1.174798
1548	-1313.236	-1485.704	172.4678	0.07838952	0.738738	1.045351
1554	-1323.669	-1495.882	172.213	0.2200905	0.8290167	1.067009
1560	-1332.562	-1504.968	172.406	0.0789159	0.818841	1.027178
1566	-1321.3	-1493.792	172.4914	0.03784038	0.8046487	0.997393
1572	-1324.731	-1496.991	172.2599	0.2174813	0.9334114	0.9168595
1578	-1320.909	-1493.054	172.145	0.3849432	0.9228614	0.869059
1584	-1317.334	-1489.613	172.2795	0.2695086	0.8401611	0.9402181
1590	-1315.568	-1487.578	172.0098	0.594197	0.8401611	0.8791373
1596	-1312.544	-1485.018	172.4747	0.02307704	0.7457699	1.084405
1602	-1315.479	-1487.858	172.3782	0.05456663	0.7800869	1.11251
1608	-1303.991	-1476.407	172.4163	0.1760752	0.6375141	1.097001
1614	-1309.351	-1481.099	171.7484	0.8187278	1.011767	0.692349
1620	-1324.315	-1496.287	171.9717	0.4044149	0.8696222	1.082325
1626	-1326.024	-1498.431	172.4068	0.09883385	0.9436328	0.8732028
1632	-1325.18	-1497.864	172.6842	0.1099413	0.6526471	0.8760708
1638	-1333.976	-1506.278	172.3018	0.02572152	1.152852	0.8357711
1644	-1332.536	-1505.003	172.4675	0.03242627	0.9160747	0.9110374
1650	-1336.235	-1508.112	171.877	0.1439678	1.307587	1.00272
1656	-1327.953	-1500.273	172.3198	0.1650568	0.9028745	0.9417435
1662	-1315.494	-1487.831	172.337	0.1212779	0.7710289	1.097501
1668	-1323.749	-1495.873	172.1232	0.1109408	0.7710289	1.290618
1674	-1320.07	-1492.359	172.2886	0.1053035	0.6112763	1.290618
1680	-1316.878	-1489.339	172.4614	0.09976164	0.6531009	1.111287
1686	-1323.21	-1495.46	172.2492	0.3533227	0.7062959	1.022219
1692	-1320.73	-1493.234	172.504	0.02860569	0.7520321	1.045636
1698	-1321.732	-1494.013	172.2805	0.0961179	0.9247942	1.02948
1704	-1313.172	-1485.601	172.4291	0.06058653	0.9247942	0.9127118
1710	-1316.555	-1488.907	172.3514	0.3541391	0.6461857	0.9793171
1716	-1314.627	-1487.325	172.6979	0.06550703	0.6461857	0.9181652
1722	-1327.276	-1499.656	172.38	0.05817	0.8872877	1.005856
1728	-1316.619	-1489.059	172.4401	0.1509114	0.7568477	0.9833304
1734	-1323.619	-1495.994	172.3747	0.1716813	0.8392731	0.9440278
1740	-1318.732	-1491.198	172.4657	0.0373202	0.8286789	0.9995784
1746	-1319.296	-1491.739	172.4433	0.2527201	0.6356344	0.9995784
1752	-1326.209	-1498.45	172.2404	0.3006482	0.6865193	1.099092
1758	-1317.568	-1489.973	172.4047	0.1307133	0.7443187	1.050314
1764	-1324.01	-1495.768	171.7587	0.4066349	0.9533516	1.195601
1770	-1323.402	-1495.783	172.3804	0.04896727	0.5758285	1.290567
1776	-1315.62	-1487.716	172.0967	0.1583667	1.043039	1.03268
1782	-1321.397	-1493.371	171.9739	0.3195173	1.164035	0.8635928
1788	-1310.97	-1483.043	172.0722	0.7312852	0.600899	0.9238954
1794	-1315.887	-1487.986	172.0987	0.2392808	0.6324893	1.318784
1800	-1324.09	-1496.329	172.239	0.1480971	0.4753136	1.404146
1806	-1319.491	-1491.846	172.3552	0.03330601	0.6106954	1.295494
1812	-1326.65	-1498.76	172.1099	0.6160173	0.5427007	1.060889
1818	-1319.916	-1492.601	172.6846	0.04806028	0.8154985	0.7430601
1824	-1329.182	-1501.415	172.2329	0.1205715	1.092344	0.8772184
1830	-1315.929	-1488.328	172.3988	0.1405332	0.6534535	1.130609
1836	-1330.481	-1502.556	172.0749	0.8051746	0.5337852	0.9134612
1842	-1345.926	-1518.19	172.2645	0.05549903	0.7579224	1.230289
1848	-1326.003	-1498.284	172.2808	0.07361223	0.775015	1.186378
1854	-1323.665	-1495.922	172.2566	0.215095	0.7411596	1.112545
1860	-1315.748	-1488.057	172.3088	0.06753053	0.8214638	1.126174
1866	-1316.735	-1488.891	172.1563	0.1617537	0.8945867	1.112699
1872	-1318.803	-1489.605	170.8015	1.904407	0.6295822	0.9957744
1878	-1318.602	-1491.007	172.4047	0.2284965	0.6458091	1.050981
1884	-1323.239	-1495.561	172.3225	0.01332729	0.543152	1.391272
1890	-1325.739	-1498.04	172.3001	0.11341	0.6796536	1.217401
1896	-1329.416	-1501.407	171.9912	0.5130875	0.5889348	1.217401
1902	-1340.276	-1512.62	172.3443	0.09326552	0.3974536	1.425361
1908	-1328.229	-1500.34	172.1111	0.3060894	0.8101214	1.099387
1914	-1324.185	-1496.421	172.2365	0.05297552	0.61661	1.36999
1920	-1313.7	-1486.183	172.4827	0.06007592	0.6305241	1.148021
1926	-1315.043	-1487.713	172.6699	0.0111947	0.6781305	0.9716053
1932	-1304.375	-1476.881	172.5064	0.002374998	0.8352604	0.9871332
1938	-1313.624	-1486.303	172.6797	0.03207393	0.5105353	1.103889
1944	-1322.167	-1494.277	172.1097	0.3537515	0.517107	1.310614
1950	-1317.624	-1490.054	172.4307	0.08294419	0.7389602	1.075932
1956	-1322.847	-1495.45	172.6029	0.1146923	0.6289829	0.9846116
1962	-1316.372	-1488.554	172.1822	0.1784547	1.01566	0.9538512
1968	-1325.7	-1498.235	172.5353	0.1196687	0.6779891	0.9982987
1974	-1320.048	-1492.654	172.6059	0.0798405	0.7005981	0.9432412
1980	-1313.105	-1485.431	172.3255	0.1098167	0.7350152	1.150605
1986	-1309.985	-1482.339	172.3539	0.1300479	0.6919409	1.145712
1992	-1329.702	-1501.913	172.2108	0.274483	0.7810629	1.063028
1998	-1324.515	-1496.697	172.1826	0.3019006	0.8245609	1.022002
2004	-1316.857	-1489.205	172.3485	0.1151645	0.8264369	1.040363
2010	-1316.507	-1488.796	172.2892	0.341001	0.5590154	1.13382
2016	-1315.718	-1487.961	172.2427	0.06466908	0.6199215	1.353219
2022	-1323.338	-1495.754	172.4165	0.3271208	0.6644899	0.9197679
2028	-1323.083	-1495.477	172.3933	0.02580553	0.7699995	1.133974
2034	-1326.115	-1498.29	172.1752	0.1382919	0.5945431	1.368509
2040	-1315.651	-1487.805	172.1539	0.3246705	0.8335633	1.018995
2046	-1314.121	-1486.454	172.3329	0.210958	0.7754559	1.011938
2052	-1312.791	-1485.155	172.3638	0.1844155	0.7266853	1.054956
2058	-1315.924	-1488.155	172.2304	0.3144725	0.5121159	1.247826
2064	-1334.493	-1506.461	171.9683	0.1178548	0.6506447	1.499935
2070	-1325.149	-1497.653	172.5039	0.183868	0.5841789	1.057695
2076	-1330.624	-1502.938	172.3148	0.3660336	0.6634443	0.986939
2082	-1329.662	-1501.738	172.0758	0.5834326	0.6634443	1.00861
2088	-1329.063	-1501.016	171.953	0.5834326	0.7862435	1.00861
2094	-1316.113	-1488.247	172.1343	0.2641798	0.8254525	1.102467
2100	-1319.836	-1492.13	172.2948	0.1217061	0.8254525	1.085863
2106	-1321.447	-1493.905	172.458	0.2094276	0.4845229	1.166798
2112	-1323.219	-1495.618	172.3997	0.08130562	0.4892146	1.318972
2118	-1323.367	-1495.057	171.6906	0.7546915	0.3947366	1.421454
2124	-1322.383	-1494.604	172.2214	0.1944533	0.6115997	1.272372
2130	-1320.219	-1492.595	172.3768	0.1346333	0.7126281	1.102286
2136	-1323.65	-1496.072	172.4215	0.3137226	0.7540993	0.8245397
2142	-1319.454	-1491.711	172.2566	0.2011763	0.6856094	1.174246
2148	-1320.489	-1492.069	171.5796	1.227758	0.7479843	0.7319345
2154	-1321.322	-1493.583	172.2605	0.3188091	0.9239977	0.8064541
2160	-1322.72	-1494.452	171.7315	1.085653	0.6704551	0.8266647
2166	-1324.485	-1497.113	172.6272	0.09126684	0.6704551	0.9405646
2172	-1330.034	-1502.39	172.356	0.3398936	0.7447256	0.8832504
2178	-1319.482	-1491.696	172.2143	0.3330204	0.7447256	1.038487
2184	-1328.132	-1500.254	172.1218	0.3013976	0.6710616	1.216461
2190	-1316.309	-1488.69	172.3807	0.108238	0.7543731	1.08461
2196	-1316.295	-1488.783	172.4874	0.2819485	0.6208231	0.939136
2202	-1311.522	-1483.428	171.9052	0.805693	0.6869868	0.9308817
2208	-1316.659	-1489.199	172.5407	0.2246761	0.632551	0.9308817
2214	-1333.298	-1505.28	171.9823	0.5800556	0.750359	1.018369
2220	-1324.604	-1496.982	172.3782	0.09207693	0.6324136	1.20937
2226	-1323.624	-1495.733	172.1083	0.1960281	0.9964347	1.030053
2232	-1325.341	-1497.749	172.4073	0.04352818	0.7277404	1.143305
2238	-1327.05	-1499.292	172.2421	0.1617121	0.5952193	1.29563
2244	-1325.782	-1498.201	172.4195	0.04193619	0.4669025	1.35242
2250	-1320.654	-1492.912	172.2581	0.1047141	0.6095852	1.31719
2256	-1313.249	-1485.339	172.0899	0.4214804	0.6401972	1.167125
2262	-1315.043	-1487.567	172.5238	0.08482138	0.5429144	1.167125
2268	-1325.824	-1497.859	172.0356	0.5451445	0.6447405	1.101005
2274	-1323.022	-1494.958	171.9363	0.5629854	0.7246922	1.102436
2280	-1328.624	-1500.274	171.6496	0.6067052	0.5755628	1.427757
2286	-1318.475	-1490.461	171.9863	0.2783469	0.6784213	1.340704
2292	-1324.867	-1497.413	172.5467	0.1123711	0.5038368	1.157216
2298	-1316.269	-1488.67	172.4013	0.03707582	0.7693434	1.117151
2304	-1318.389	-1490.364	171.9745	0.3601728	0.8039351	1.178444
2310	-1324.046	-1496.149	172.1027	0.1830224	0.7684296	1.250206
2316	-1314.012	-1486.485	172.4725	0.0904272	0.6400794	1.121489
2322	-1326.748	-1499.047	172.2991	0.1536724	0.9019129	0.9763261
2328	-1329.227	-1501.104	171.8773	0.529124	0.7833921	1.133336
2334	-1320.399	-1492.8	172.4005	0.3046271	0.6445658	0.9814223
2340	-1313.691	-1486.01	172.3192	0.180607	0.7898322	1.040857
2346	-1310.449	-1482.643	172.1943	0.2313458	0.8412028	1.06258
2352	-1315.046	-1487.347	172.3012	0.01657936	0.987646	1.025559
2358	-1307.614	-1480.197	172.5825	0.08480088	0.6987872	0.9645626
2364	-1312.725	-1484.981	172.256	0.1760884	0.5781182	1.286492
2370	-1324.371	-1496.643	172.2718	0.2249199	0.7055003	1.122183
2376	-1324.678	-1496.925	172.2471	0.2249199	0.6023885	1.233312
2382	-1320.901	-1493.214	172.3138	0.1724889	0.7023803	1.13435
2388	-1323.145	-1495.599	172.4539	0.108257	0.4752418	1.264122
2394	-1324.906	-1497.315	172.4091	0.02108534	0.7003532	1.185458
2400	-1320.15	-1492.245	172.0947	0.03316367	1.031349	1.160421
2406	-1315.684	-1487.896	172.2113	0.1571609	0.9214824	1.040517
2412	-1316.213	-1488.567	172.3539	0.1064845	0.8536506	1.017113
2418	-1317.835	-1489.916	172.0813	0.2925526	0.8098614	1.138709
2424	-1320.555	-1493.047	172.4913	0.2161264	0.7499001	0.8637471
2430	-1313.561	-1485.763	172.2029	0.5911684	0.5716024	0.965012
2436	-1320.411	-1492.639	172.2284	0.1565567	0.9448552	1.001435
2442	-1327.497	-1499.585	172.0879	0.2391057	0.7735762	1.211103
2448	-1325.561	-1497.702	172.1412	0.409482	0.7885884	0.991932
2454	-1336.212	-1508.251	172.0385	0.3921794	0.723709	1.16467
2460	-1329.961	-1502.383	172.4219	0.1679794	0.6190241	1.116132
2466	-1331.74	-1504.008	172.2683	0.1095504	0.8786013	1.072366
2472	-1345.669	-1517.749	172.0799	0.2176309	0.7131488	1.286098
2478	-1336.344	-1508.403	172.0584	0.340135	0.7069304	1.20697
2484	-1329.63	-1501.568	171.9375	0.3785773	0.7848852	1.210767
2490	-1329.792	-1502.275	172.4828	0.02685293	0.8781	0.9417886
2496	-1338.665	-1510.747	172.0819	0.3390462	0.7244854	1.172464
2502	-1330.093	-1502.282	172.1895	0.3390462	0.7708854	1.031401
2508	-1326.898	-1499	172.1017	0.2704493	0.7517435	1.191178
2514	-1323.042	-1495.186	172.1445	0.2490742	0.6627948	1.248375
2520	-1317.056	-1489.31	172.254	0.174355	0.6840786	1.200978
2526	-1327.022	-1499.265	172.2433	0.3239903	0.6840786	1.077051
2532	-1310.485	-1482.932	172.447	0.1252742	0.7543201	1.004638
2538	-1316.964	-1489.303	172.3386	0.04351182	0.7783903	1.159296
2544	-1309.956	-1482.354	172.3977	0.107604	0.7783903	1.046566
2550	-1319.31	-1491.752	172.4419	0.1182927	0.7234735	1.046566
2556	-1318.959	-1491.198	172.2384	0.1653508	1.058122	0.8582556
2562	-1318.33	-1490.765	172.4349	0.1287106	0.8194827	0.9466842
2568	-1305.344	-1477.818	172.4736	0.06110613	0.7490041	1.046514
2574	-1313.819	-1486.003	172.1838	0.1238398	0.7490041	1.248188
2580	-1308.302	-1480.769	172.467	0.08003092	0.8551478	0.9262481
2586	-1312.327	-1484.423	172.0958	0.4854766	0.7176022	1.031901
2592	-1316.183	-1488.548	172.3643	0.299036	0.5626735	1.100506
2598	-1316.258	-1488.332	172.0746	0.1272461	0.5626735	1.479101
2604	-1323.571	-1495.651	172.0803	0.1055186	0.5934078	1.467937
2610	-1316.998	-1489.343	172.3443	0.1363696	0.5705858	1.25266
2616	-1321.397	-1493.694	172.2964	0.04074538	0.7141154	1.25266
2622	-1317.269	-1489.576	172.3071	0.1198021	0.6270442	1.250417
2628	-1321.039	-1493.056	172.0175	0.6175306	0.3971121	1.268482
2634	-1315.638	-1487.789	172.1519	0.5421422	0.5237453	1.108063
2640	-1311.217	-1483.702	172.4851	0.1893787	0.5754797	1.078449
2646	-1312.103	-1484.328	172.2249	0.5377328	0.5998518	0.9682988
2652	-1320.731	-1492.965	172.2333	0.3513626	0.6322651	1.10884
2658	-1317.938	-1490.06	172.1225	0.224944	0.8170486	1.155796
2664	-1328.331	-1500.616	172.2851	0.07397213	0.7148652	1.2337
2670	-1329.225	-1501.741	172.5161	0.05657786	0.8392383	0.9155548
2676	-1327.844	-1500.192	172.3477	0.05154713	0.8582707	1.071303
2682	-1316.584	-1489.012	172.4275	0.1222146	0.8917015	0.8823232
2688	-1323.701	-1496.066	172.3657	0.1435043	0.6681117	1.144445
2694	-1320.98	-1493.196	172.2167	0.03778398	0.6969196	1.334052
2700	-1314.839	-1487.284	172.445	0.1384659	0.6969196	1.049731
2706	-1312.135	-1484.283	172.1471	0.3233922	0.9903389	0.8595342
2712	-1318.651	-1490.864	172.2127	0.2830332	0.7979253	1.036961
2718	-1319.234	-1491.519	172.2854	0.3073862	0.7949485	0.9417557
2724	-1324.342	-1496.627	172.2849	0.1649922	0.9174675	0.9632152
2730	-1320.702	-1492.567	171.8656	0.1313544	1.430536	0.8982223
2736	-1315.516	-1487.536	172.0197	0.2593008	1.076221	0.9757962
2742	-1314.686	-1486.948	172.2612	0.05801566	0.6470626	1.32211
2748	-1325.229	-1497.545	172.3159	0.3151851	0.6167253	1.080382
2754	-1319.03	-1491.372	172.3418	0.1710946	0.7349663	1.080382
2760	-1318.622	-1490.719	172.0971	0.5300499	0.6792357	1.024612
2766	-1320.168	-1492.29	172.1224	0.3574073	0.4666903	1.337971
2772	-1317.913	-1490.177	172.2642	0.09804928	0.6977373	1.245382
2778	-1311.932	-1483.995	172.063	0.09804928	0.6892599	1.413516
2784	-1310.123	-1482.17	172.0466	0.5752262	0.6862324	1.022944
2790	-1313.21	-1485.608	172.3988	0.2225286	0.7712532	0.9365696
2796	-1324.714	-1496.886	172.1724	0.09414701	0.7078246	1.315615
2802	-1315.596	-1487.777	172.1812	0.3342411	0.9241033	0.8845203
2808	-1307.747	-1479.948	172.2005	0.2222136	0.8192422	1.08586
2814	-1314.997	-1487.496	172.499	0.08892677	0.6234477	1.113839
2820	-1321.247	-1493.481	172.2332	0.1634727	0.7457155	1.175153
2826	-1317.253	-1489.591	172.3381	0.01583985	0.8048882	1.160772
2832	-1319.509	-1491.656	172.147	0.3007972	0.7443643	1.131235
2838	-1325.663	-1497.806	172.1429	0.4352627	0.7852566	0.9673084
2844	-1324.268	-1496.805	172.537	0.1270505	0.6539299	1.013188
2850	-1325.301	-1497.726	172.4243	0.1910012	0.5683187	1.1388
2856	-1324.694	-1496.9	172.2058	0.3194086	0.5405144	1.240529
2862	-1323.966	-1496.159	172.1926	0.2341011	0.6409112	1.238963
2868	-1332.225	-1504.501	172.2767	0.05740192	1.007617	0.9894778
2874	-1325.789	-1498.341	172.5523	0.1105527	0.4364343	1.212251
2880	-1329.064	-1501.502	172.4379	0.1157078	0.5944368	1.170233
2886	-1328.507	-1500.723	172.2167	0.1604599	0.8479383	1.101364
2892	-1327.893	-1499.983	172.0907	0.2864833	0.8479383	1.101364
2898	-1322.988	-1495.32	172.3318	0.2308667	0.6277857	1.132753
2904	-1317.765	-1489.849	172.0844	0.1819286	0.9711314	1.089989
2910	-1306.662	-1479.042	172.3801	0.1819286	0.866681	0.8968016
2916	-1319.896	-1492.393	172.4965	0.1819286	0.54768	1.100401
2922	-1320.763	-1492.75	171.987	0.1638498	0.7627151	1.364072
2928	-1326.314	-1498.532	172.2173	0.1638498	0.7035993	1.224557
2934	-1316.396	-1488.617	172.2211	0.2331308	0.9646909	0.9078114
2940	-1326.489	-1498.758	172.2692	0.1306119	0.861926	1.06733
2946	-1313.915	-1486.157	172.2421	0.2419866	0.7603331	1.083571
2952	-1313.769	-1485.838	172.0693	0.197114	1.084642	0.9800648
2958	-1306.694	-1479.413	172.7186	0.09275355	0.5179604	1.001958
2964	-1309.247	-1481.417	172.1706	0.3474715	0.711563	1.097219
2970	-1308.617	-1480.394	171.7761	0.5693409	0.9376481	1.047159
2976	-1309.845	-1481.99	172.1449	0.2997326	0.6138523	1.246627
2982	-1321.721	-1493.921	172.1997	0.1418524	0.8373569	1.142988
2988	-1323.702	-1496.038	172.3357	0.2007035	0.6025859	1.178091
2994	-1312.67	-1485.169	172.4986	0.01911662	0.5701093	1.221967
3000	-1320.937	-1493.244	172.3072	0.1474187	0.8454748	1.030708
3006	-1311.109	-1483.396	172.2874	0.1466184	0.8034674	1.090002
3012	-1328.981	-1501.316	172.3348	0.235164	0.5758466	1.17213
3018	-1323.776	-1496.288	172.512	0.1304112	0.5758466	1.107592
3024	-1317.085	-1489.378	172.293	0.3246739	0.635716	1.075175
3030	-1310.446	-1482.652	172.2058	0.2211537	0.9280837	0.9759803
3036	-1318.276	-1490.693	172.4161	0.3797567	0.572374	0.9623333
3042	-1310.784	-1483.197	172.4132	0.1517829	0.5206726	1.223773
3048	-1316.963	-1489.048	172.0851	0.2785596	0.4946442	1.407365
3054	-1329.408	-1501.307	171.8989	0.8741396	0.5647557	0.9934889
3060	-1321.409	-1493.563	172.1541	0.4463123	0.9057626	0.8025926
3066	-1326.024	-1498.45	172.4264	0.07233164	0.9057626	0.9237195
3072	-1327.491	-1499.787	172.2962	0.06064217	0.7120661	1.237886
3078	-1326.894	-1499.146	172.2514	0.1858946	0.6718226	1.20382
3084	-1315.885	-1487.882	171.9971	0.6014549	0.7206028	1.01207
3090	-1317.816	-1489.655	171.8385	0.4838879	0.8307973	1.165684
3096	-1312.028	-1484.271	172.2433	0.1625132	0.6529675	1.246358
3102	-1320.315	-1492.503	172.1878	0.3407122	0.5753892	1.208285
3108	-1319.587	-1491.597	172.0101	0.1848393	0.5369804	1.503584
3114	-1327.346	-1499.686	172.3398	0.2445719	0.6516617	1.091338
3120	-1325.065	-1497.321	172.2564	0.32929	0.7577293	0.9878151
3126	-1314.361	-1486.535	172.1735	0.4052229	0.6773471	1.072657
3132	-1313.57	-1485.793	172.2228	0.214214	0.8025382	1.088073
3138	-1323	-1495.353	172.3524	0.1772649	0.7309256	1.068423
3144	-1322.723	-1495.079	172.3561	0.1504658	0.8788156	0.9442548
3150	-1316.692	-1488.716	172.0237	0.7647227	0.6016538	0.9392996
3156	-1325.451	-1497.468	172.0174	0.5883913	0.7758063	0.9482687
3162	-1326.52	-1498.983	172.4633	0.1006158	0.7411442	1.025916
3168	-1324.605	-1496.84	172.2346	0.3230446	0.5345057	1.218272
3174	-1340.477	-1512.295	171.8189	0.1329553	0.5830248	1.647964
3180	-1330.98	-1503.008	172.0279	0.1948407	0.9234174	1.171838
3186	-1317.559	-1489.786	172.2268	0.4035588	0.5471359	1.144314
3192	-1328.599	-1501.032	172.4322	0.05351223	0.4448108	1.350726
3198	-1315.724	-1487.952	172.2284	0.03836352	0.597592	1.40262
3204	-1324.452	-1496.749	172.2968	0.418789	0.6000526	1.015546
3210	-1327.209	-1499.43	172.2209	0.184064	0.5812494	1.306065
3216	-1321.77	-1494.288	172.518	0.07835175	0.9127481	0.7987524
3222	-1329.558	-1501.669	172.1111	0.2540926	0.9414315	1.024357
3228	-1325.873	-1498.13	172.2577	0.1670884	0.9414315	0.9644636
3234	-1327.565	-1499.746	172.1808	0.240273	0.9317824	0.9781642
3240	-1335.205	-1507.067	171.8624	0.7726214	0.648534	1.046693
3246	-1323.298	-1495.654	172.3554	0.2829893	0.7335701	0.95841
3252	-1321.806	-1493.795	171.9893	0.2401886	1.046476	1.053878
3258	-1309.873	-1482.324	172.4518	0.155057	0.8534831	0.8601468
3264	-1311.03	-1483.351	172.3213	0.15274	0.6617847	1.180822
3270	-1339.607	-1511.209	171.6016	0.8325251	0.9980285	0.8929987
3276	-1347.851	-1519.465	171.6136	1.05675	0.890061	0.723804
3282	-1317.152	-1489.044	171.8923	0.4417925	1.102112	0.8883892
3288	-1317.594	-1489.946	172.3517	0.2519756	0.5801025	1.138689
3294	-1326.836	-1498.781	171.9448	0.7603088	0.4785277	1.138775
3300	-1314.581	-1486.892	172.3112	0.04905262	0.6243427	1.307345
3306	-1311.187	-1483.425	172.2376	0.2813347	0.7215517	1.08722
3312	-1321.591	-1494.029	172.4382	0.2320047	0.6940603	0.9664468
3318	-1320.588	-1492.528	171.9401	0.5593932	0.6225587	1.192746
3324	-1319.39	-1491.604	172.2142	0.3093042	0.6811278	1.119955
3330	-1312.751	-1485.013	172.2621	0.2504973	0.5731613	1.223698
3336	-1317.896	-1489.999	172.103	0.4629106	0.4750837	1.261153
3342	-1321.902	-1494.125	172.223	0.1877486	0.6417512	1.251616
3348	-1317.083	-1489.031	171.9476	0.385426	0.8527226	1.136923
3354	-1322.196	-1494.415	172.2191	0.2834285	0.60325	1.206685
3360	-1315.522	-1487.655	172.1333	0.1305645	0.9304181	1.129288
3366	-1311.606	-1483.806	172.1998	0.3544449	0.802788	0.9739401
3372	-1318.611	-1490.834	172.2229	0.4769002	0.7580544	0.8631442
3378	-1319.558	-1491.575	172.0165	0.4769002	0.9423466	0.8888576
3384	-1326.632	-1499.124	172.4918	0.0404199	0.814059	0.9849233
3390	-1332.278	-1504.579	172.3011	0.201702	0.9346221	0.8869712
3396	-1327.121	-1499.471	172.3495	0.1067652	0.6279394	1.224982
3402	-1319.442	-1491.88	172.4382	0.09554966	0.4970829	1.269558
3408	-1331.095	-1503.396	172.3004	0.251739	0.4787086	1.269558
3414	-1326.289	-1498.319	172.0298	0.4475132	0.7614541	1.088756
3420	-1320.153	-1492.415	172.262	0.08834467	1.075546	0.9000674
3426	-1317.572	-1489.83	172.2574	0.08275488	1.112448	0.8693278
3432	-1330.589	-1502.603	172.0141	0.2570995	0.8820358	1.165637
3438	-1327.627	-1500	172.3736	0.04888125	0.7638372	1.13646
3444	-1336.849	-1509.284	172.4341	0.05871591	0.7194142	1.113124
3450	-1332.482	-1504.844	172.3615	0.006986704	0.7466386	1.198689
3456	-1330.19	-1502.543	172.3535	0.07985498	0.7175984	1.167661
3462	-1330.711	-1503.057	172.3469	0.3727723	0.6920923	0.915747
3468	-1326.81	-1498.614	171.8041	0.355387	0.7848096	1.339764
3474	-1326.645	-1498.892	172.2469	0.07082993	0.5955342	1.364361
3480	-1322.097	-1494.588	172.491	0.2095527	0.5445807	1.082925
3486	-1323.995	-1496.421	172.4259	0.2095527	0.584846	1.105753
3492	-1326.008	-1498.47	172.4618	0.05702087	0.9428656	0.8585474
3498	-1315.431	-1487.589	172.1574	0.2409414	1.087852	0.8283796
3504	-1324.695	-1497.262	172.5664	0.06027862	0.6802636	1.024078
3510	-1318.219	-1490.488	172.2693	0.1376306	0.6676534	1.233135
3516	-1325.073	-1497.353	172.2793	0.318089	0.5338467	1.184776
3522	-1323.181	-1495.008	171.8272	0.195836	0.6598877	1.540068
3528	-1329.464	-1502.093	172.6293	0.06384868	0.6195289	1.018418
3534	-1322.23	-1494.373	172.1429	0.4420024	0.4990836	1.225179
3540	-1318.209	-1490.829	172.6207	0.1116612	0.721336	0.8679983
3546	-1321.754	-1493.835	172.0804	0.3261721	0.930259	0.9944269
3552	-1321.602	-1493.641	172.0386	0.3046819	0.8668445	1.114968
3558	-1325.584	-1498.069	172.4853	0.1385155	0.5863842	1.114968
3564	-1317.834	-1489.932	172.0986	0.384927	0.5537094	1.264293
3570	-1315.356	-1487.558	172.2012	0.2317484	0.6338793	1.239673
3576	-1319.378	-1491.828	172.4498	0.1392962	0.6053351	1.129182
3582	-1331.893	-1504.269	172.3757	0.135211	0.7187299	1.097164
3588	-1328.19	-1500.394	172.2038	0.3884818	0.7665126	0.9721164
3594	-1316.673	-1489.097	172.424	0.1243449	0.8871177	0.8892344
3600	-1310.217	-1482.75	172.5321	0.02160431	0.701795	1.073196
3606	-1313.006	-1485.038	172.0322	0.3616425	0.936536	1.000942
3612	-1315.813	-1487.937	172.1236	0.2439801	1.037917	0.9226775
3618	-1325.659	-1498.091	172.4321	0.06164261	0.5428599	1.264791
3624	-1321.592	-1493.648	172.0563	0.4192082	0.8700856	0.9856007
3630	-1327.353	-1499.338	171.985	0.3430792	0.7397368	1.238808
3636	-1316.946	-1488.986	172.04	0.4547325	0.8207295	1.015715
3642	-1321.644	-1493.804	172.1598	0.4547325	0.8595131	0.8435219
3648	-1323.283	-1495.693	172.4101	0.06739938	0.7836892	1.067859
3654	-1329.557	-1501.916	172.3592	0.06192733	1.017029	0.8861241
3660	-1322.822	-1495.179	172.3568	0.02382271	0.9624977	0.9880602
3666	-1320.516	-1492.812	172.2961	0.3269013	0.592314	1.110293
3672	-1332.758	-1505.351	172.5939	0.045908	0.6736176	1.017718
3678	-1321.591	-1493.981	172.3897	0.03002041	0.8256686	1.082655
3684	-1320.206	-1492.568	172.3623	0.08284881	0.8556848	1.030007
3690	-1317.02	-1489.189	172.1687	0.3056352	0.8429865	1.013906
3696	-1314.057	-1486.582	172.5249	0.1279301	0.7265298	0.9506888
3702	-1314.192	-1486.693	172.501	0.08130646	0.6645541	1.081297
3708	-1316.64	-1489.093	172.4525	0.09943773	0.6949211	1.081297
3714	-1315.979	-1488.371	172.3922	0.04041764	0.8142128	1.081297
3720	-1311.018	-1483.323	172.3044	0.1547264	0.5123175	1.31798
3726	-1309.098	-1481.528	172.4294	0.06373032	0.492531	1.306514
3732	-1312.893	-1485.187	172.2936	0.1556872	0.4359034	1.38644
3738	-1317.969	-1490.267	172.2986	0.3051864	0.6681448	1.057757
3744	-1319.566	-1491.951	172.385	0.116314	0.8532044	0.9764601
3750	-1316.845	-1489.184	172.3394	0.08991321	0.919362	0.9824226
3756	-1321.278	-1493.537	172.2592	0.1701015	0.919362	0.9824226
3762	-1324.438	-1496.683	172.2448	0.3079421	0.9295048	0.8333793
3768	-1319.893	-1492.268	172.3749	0.1211606	0.4950202	1.302045
3774	-1311.491	-1483.732	172.2405	0.1932055	0.6873818	1.193584
3780	-1311.029	-1483.386	172.3572	0.06807772	0.7174695	1.174866
3786	-1316.393	-1488.907	172.5135	0.127358	0.6523409	1.037362
3792	-1317.438	-1489.971	172.5322	0.03329432	0.7641489	1.001618
3798	-1313.477	-1485.967	172.4898	0.08355191	0.7742741	0.9834984
3804	-1321.245	-1493.821	172.5755	0.1885564	0.5835708	0.9834984
3810	-1326.627	-1498.756	172.1295	0.318606	0.5774561	1.273877
3816	-1320.227	-1492.284	172.0574	0.1886788	0.7795164	1.273877
3822	-1333.49	-1505.259	171.7694	0.4242604	0.6634763	1.408208
3828	-1341.39	-1513.622	172.2323	0.0805715	0.6330063	1.338434
3834	-1323.906	-1496.116	172.2092	0.2273088	0.7231928	1.15999
3840	-1318.733	-1491.038	172.3052	0.2273088	0.6357974	1.152445
3846	-1315.004	-1487.077	172.0727	0.1435134	1.052868	1.060465
3852	-1308.906	-1481.375	172.4687	0.03733047	0.6887028	1.128937
3858	-1311.113	-1483.678	172.5649	0.005040959	0.9139954	0.8313219
3864	-1314.579	-1486.986	172.4075	0.006440252	0.8470434	1.068088
3870	-1319.932	-1492.112	172.1806	0.09744506	1.099199	0.9529382
3876	-1324.165	-1496.48	172.3153	0.02246324	0.7802983	1.1962
3882	-1324.05	-1496.489	172.4389	0.01970324	0.6526031	1.202052
3888	-1321.219	-1493.641	172.4225	0.01611637	0.6726049	1.202052
3894	-1327.913	-1500.079	172.1664	0.1828269	0.6726049	1.276966
3900	-1325.546	-1497.757	172.211	0.207966	0.8344567	1.075152
3906	-1323.169	-1495.585	172.416	0.1107756	0.9662156	0.8198333
3912	-1313.87	-1486.174	172.3043	0.0724773	0.8745839	1.077094
3918	-1324.613	-1496.781	172.1681	0.5086918	0.5717635	1.079748
3924	-1314.787	-1486.993	172.2059	0.2961933	0.6710794	1.148108
3930	-1316.518	-1488.531	172.0132	0.4570521	0.9817813	0.8699589
3936	-1316.504	-1488.806	172.3025	0.1419155	0.980889	0.9006437
3942	-1310.633	-1482.611	171.9777	0.4447137	0.980889	0.9250058
3948	-1311.915	-1484.259	172.3441	0.2445769	0.7211518	1.021276
3954	-1310.47	-1481.785	171.315	1.418628	0.848854	0.6858814
3960	-1315.802	-1487.304	171.502	1.034872	1.072128	0.6306841
3966	-1328.676	-1499.948	171.2723	1.193434	1.143237	0.6306841
3972	-1318.242	-1490.121	171.8796	0.4075479	1.263145	0.7397542
3978	-1339.362	-1510.496	171.1343	1.160225	1.263145	0.7282901
3984	-1327.193	-1498.866	171.6732	0.663625	1.295131	0.5576346
3990	-1307.523	-1479.92	172.3972	0.1739683	0.7864961	0.9732575
3996	-1317.46	-1489.109	171.6491	1.048963	0.6703563	0.9621256
4002	-1315.39	-1487.254	171.8644	0.6098278	0.8939431	0.962364
4008	-1319.042	-1490.424	171.3815	1.386898	0.709394	0.8389529
4014	-1315.337	-1487.76	172.4227	0.04196815	0.7604651	1.101377
4020	-1307.082	-1479.219	172.1373	0.4487028	0.7604651	0.9847027
4026	-1317.764	-1489.683	171.9186	0.1735716	0.6383166	1.504667
4032	-1309.866	-1482.054	172.1884	0.463307	0.5367127	1.134561
4038	-1304.949	-1477.328	172.3788	0.009100686	0.6360125	1.275221
4044	-1306.575	-1478.859	172.2842	0.268494	0.7513905	1.026825
4050	-1312.055	-1484.389	172.3336	0.2403488	0.7346439	1.022461
4056	-1332.031	-1503.952	171.9213	0.5050976	0.9568514	0.9465395
4062	-1321.686	-1493.714	172.0278	0.3540614	0.9758712	0.9731821
4068	-1319.925	-1491.91	171.9857	0.6482057	0.6468107	1.049364
4074	-1322.951	-1495.072	172.121	0.5826015	0.7929777	0.8151827
4080	-1317.957	-1490.455	172.4987	0.2229077	0.7360742	0.8632747
4086	-1314.593	-1486.762	172.1696	0.2229077	1.065213	0.8632747
4092	-1321.726	-1493.931	172.2056	0.3101723	0.882227	0.9307448
4098	-1327.957	-1499.958	172.0011	0.6167107	0.8775471	0.8168158
4104	-1338.716	-1510.939	172.2228	0.33564	0.8599524	0.9084358
4110	-1317.486	-1489.659	172.1733	0.4166928	0.5507688	1.176522
4116	-1328.333	-1500.561	172.2289	0.02556069	1.020846	1.054587
4122	-1326.966	-1499.368	172.4024	0.06960929	0.7351246	1.117685
4128	-1321.007	-1493.482	172.4748	0.02894686	0.4358012	1.343533
4134	-1317.19	-1489.363	172.173	0.1592904	0.6188797	1.334231
4140	-1324.92	-1497.41	172.4896	0.08562712	0.7016057	1.053084
4146	-1327.751	-1499.748	171.9971	0.5781515	0.7016057	1.053084
4152	-1324.568	-1496.597	172.0296	0.2571383	0.6597801	1.337928
4158	-1318.074	-1490.427	172.3529	0.2124105	0.7388903	1.026741
4164	-1330.194	-1502.375	172.1815	0.2303101	0.8907487	1.028348
4170	-1315.29	-1487.663	172.3733	0.1625475	0.7058664	1.086072
4176	-1316.147	-1488.672	172.5251	0.1449496	0.6132354	1.046905
4182	-1331.992	-1504.022	172.0304	0.4344192	0.806494	1.058329
4188	-1319.609	-1491.778	172.1696	0.4344192	0.667892	1.057747
4194	-1313.136	-1485.597	172.4604	0.2041181	0.7382762	0.9255879
4200	-1318.283	-1490.44	172.1566	0.1026893	0.8939964	1.165593
4206	-1315.272	-1487.394	172.1221	0.1841011	0.7034764	1.286908
4212	-1317.663	-1489.581	171.9184	0.3470647	0.744212	1.286908
4218	-1315.164	-1487.578	172.414	0.06720646	0.8372461	1.012779
4224	-1318.788	-1490.998	172.2099	0.3863115	0.8116937	0.9199523
4230	-1315.905	-1487.982	172.0778	0.4427481	0.6391531	1.159987
4236	-1330.518	-1502.78	172.262	0.2332437	0.6644406	1.159987
4242	-1322.246	-1494.148	171.9021	0.5480225	0.6817452	1.184259
4248	-1317.22	-1489.362	172.1424	0.34222	0.6974869	1.140223
4254	-1311.808	-1484.067	172.2599	0.1511959	0.7132224	1.190831
4260	-1315.844	-1488.144	172.2996	0.1329224	0.9180083	0.9805699
4266	-1313.485	-1485.937	172.4517	0.06017096	0.6039416	1.198123
4272	-1307.487	-1479.499	172.0118	0.388794	0.6039416	1.291112
4278	-1311.918	-1484.23	172.3117	0.2248086	0.6117654	1.16999
4284	-1316.661	-1488.911	172.2498	0.3056283	0.6746489	1.096844
4290	-1317.779	-1490.273	172.4935	0.1057698	0.5359742	1.181366
4296	-1317.987	-1489.892	171.9044	0.07955259	0.4200274	1.740807
4302	-1315.948	-1488.285	172.3373	0.2714951	0.5281801	1.179802
4308	-1316.223	-1488.564	172.341	0.3876604	0.5528092	1.04871
4314	-1309.512	-1481.797	172.2852	0.07310641	0.8820549	1.087345
4320	-1314.343	-1486.752	172.4094	0.06167699	0.7464757	1.10826
4326	-1315.819	-1488.04	172.2203	0.07836145	0.7822749	1.227769
4332	-1328.328	-1500.437	172.1087	0.4905365	0.4816917	1.227769
4338	-1317.894	-1490.207	172.3129	0.2037344	1.012439	0.7711936
4344	-1315.473	-1487.867	172.3937	0.288314	0.6217675	1.027106
4350	-1323.511	-1495.411	171.9008	0.5399523	0.8579848	1.032065
4356	-1318.125	-1490.578	172.4525	0.03831751	0.5959787	1.222866
4362	-1316.397	-1488.734	172.3377	0.1992768	0.7742914	1.019849
4368	-1324.344	-1496.312	171.9684	0.3460216	0.8627625	1.144602
4374	-1324.614	-1497.006	172.3917	0.1478897	0.804621	0.9870257
4380	-1311.071	-1483.58	172.5098	0.02476777	0.6819025	1.109263
4386	-1316.575	-1489.149	172.5738	0.01021403	0.5780856	1.157901
4392	-1327.571	-1499.754	172.183	0.08422864	1.116268	0.9462723
4398	-1327.454	-1499.497	172.0432	0.7950645	0.6045908	0.880721
4404	-1332.24	-1503.884	171.6439	0.9251044	0.6386782	1.117202
4410	-1333.54	-1505.815	172.2743	0.3063008	0.5436809	1.190855
4416	-1327.488	-1499.895	172.4075	0.2393723	0.5436809	1.132665
4422	-1331.639	-1503.86	172.2209	0.1126312	0.9031825	1.090662
4428	-1331.517	-1503.725	172.2082	0.3201659	0.9031825	0.893679
4434	-1335.218	-1507.164	171.9459	0.3825198	1.105023	0.8914494
4440	-1330.97	-1503.068	172.0984	0.09909913	1.32213	0.784464
4446	-1326.351	-1498.97	172.6188	0.03466531	0.6482538	1.029178
4452	-1319.521	-1491.744	172.2229	0.1463868	1.113424	0.8327707
4458	-1323.091	-1495.27	172.1784	0.4470922	0.7331869	0.9721736
4464	-1317.784	-1490.343	172.5593	0.04190358	0.7680616	0.96127
4470	-1305.973	-1478.308	172.3355	0.0663176	0.8112294	1.112345
4476	-1301.585	-1474.121	172.5364	0.01842172	0.697117	1.076525
4482	-1304.472	-1476.943	172.4702	0.02532142	0.7586001	1.074547
4488	-1303.887	-1476.185	172.2985	0.2870216	0.6970874	1.047593
4494	-1306.663	-1478.932	172.2688	0.4107275	0.6970874	0.9535462
4500	-1308.403	-1480.691	172.2883	0.0771607	0.8889939	1.074207
4506	-1309.372	-1481.245	171.8733	0.7806207	0.8730216	0.7742532
4512	-1332.399	-1503.778	171.3798	1.23064	0.8172897	0.8980147
4518	-1327.751	-1499.136	171.3842	1.375867	0.8172897	0.6950722
4524	-1324.201	-1496.114	171.9127	0.8954944	0.7494694	0.728308
4530	-1326.264	-1498.274	172.0102	0.7129429	0.8254995	0.7423266
4536	-1326.959	-1498.471	171.5113	1.125188	0.9587925	0.6609851
4542	-1331.526	-1502.291	170.7654	1.694765	1.080759	0.7539985
4548	-1334.671	-1506.752	172.0814	0.2593323	0.9833108	1.007236
4554	-1340.496	-1512.754	172.2578	0.2191334	0.9719426	0.8736945
4560	-1328.12	-1500.605	172.4849	0.07112942	0.6563655	1.112941
4566	-1322.445	-1494.524	172.0787	0.2089086	0.7802562	1.238783
4572	-1320.381	-1492.658	172.2774	0.3996713	0.7148594	0.9373367
4578	-1312.119	-1484.199	172.0793	0.4099574	0.6903773	1.142386
4584	-1317.707	-1490.051	172.3447	0.161716	0.4760579	1.309097
4590	-1317.376	-1489.618	172.2417	0.1445881	0.7762696	1.15745
4596	-1324.298	-1496.816	172.5178	0.2473713	0.7500225	0.790496
4602	-1328.834	-1501.202	172.3685	0.1708198	0.7500225	1.041122
4608	-1316.202	-1487.978	171.7761	0.4773384	0.9099251	1.156801
4614	-1308.653	-1480.921	172.2678	0.3087127	0.8419959	0.9082784
4620	-1319.72	-1491.725	172.0047	0.2643306	1.00632	1.054459
4626	-1328.832	-1501.092	172.2597	0.1715374	0.8253432	1.072256
4632	-1320.084	-1492.565	172.4812	0.1101298	0.6009862	1.131083
4638	-1313.696	-1486.093	172.397	0.1327152	0.6267992	1.162788
4644	-1313.758	-1486.179	172.4205	0.2487634	0.645808	1.016109
4650	-1329.969	-1502.359	172.3899	0.1250041	0.7649295	1.050263
4656	-1335.744	-1508.153	172.4087	0.1400244	0.4298915	1.312201
4662	-1336.514	-1508.431	171.9171	0.1162421	0.6492017	1.540372
4668	-1329.449	-1501.98	172.5314	0.1204768	0.7001039	0.9790314
4674	-1329.113	-1501.362	172.2489	0.1204768	0.9507284	1.011134
4680	-1326.985	-1499.096	172.1113	0.1681721	1.193085	0.8454223
4686	-1335.423	-1507.402	171.9791	0.2241192	1.215862	0.9076314
4692	-1324.468	-1496.818	172.3499	0.3145169	0.6770142	0.9898384
4698	-1336.299	-1508.675	172.3758	0.3346555	0.7978842	0.7997985
4704	-1332.136	-1504.813	172.6775	0.0237511	0.6435335	0.9864272
4710	-1319.86	-1492.03	172.1697	0.2330473	0.9419875	0.9864272
4716	-1329.482	-1501.518	172.0356	0.5627387	0.3830468	1.309956
4722	-1322.327	-1494.709	172.3821	0.1944639	0.5751049	1.167055
4728	-1332.564	-1504.562	171.9982	0.3756827	0.7158617	1.22035
4734	-1327.21	-1499.687	172.4766	0.07823064	0.7038786	1.070246
4740	-1335.958	-1508.043	172.0848	0.3942741	0.7380466	1.108687
4746	-1332.98	-1503.563	170.5828	1.977503	0.6567702	1.108687
4752	-1340.457	-1512.727	172.2708	0.1669109	0.6721051	1.203239
4758	-1328.697	-1500.493	171.7963	0.4330504	0.85517	1.224721
4764	-1329.496	-1501.969	172.4731	0.1258474	0.6446539	1.08436
4770	-1334.08	-1506.334	172.2534	0.2888705	0.7313416	1.056191
4776	-1320.614	-1493.024	172.4102	0.2154452	0.5332862	1.160705
4782	-1320.471	-1492.815	172.3443	0.0853203	0.8682054	1.032884
4788	-1316.308	-1488.884	172.576	0.09170555	0.6109051	1.051405
4794	-1329.399	-1501.597	172.1984	0.260308	0.6569272	1.1983
4800	-1323.463	-1495.714	172.2515	0.260308	0.6488471	1.159176
4806	-1325.445	-1497.489	172.0442	0.2974346	0.7041558	1.257221
4812	-1323.088	-1495.067	171.9789	0.4038112	0.6447878	1.27229
4818	-1315.514	-1487.987	172.4735	0.01268231	0.7905739	1.053118
4824	-1320.676	-1492.796	172.1204	0.460612	0.7542407	0.9960554
4830	-1312.294	-1484.167	171.8736	0.5185467	0.723713	1.198031
4836	-1311.919	-1484.33	172.411	0.07709899	0.7670136	1.073626
4842	-1306.319	-1478.64	172.3212	0.1668227	0.7670136	1.073626
4848	-1311.579	-1483.622	172.0431	0.4771438	0.7184557	1.088859
4854	-1316.672	-1488.923	172.2514	0.2774551	0.600152	1.18676
4860	-1312.919	-1485.136	172.2163	0.2774551	0.600152	1.216807
4866	-1321.719	-1493.924	172.2045	0.1173063	0.7721334	1.216807
4872	-1320.663	-1493.05	172.3877	0.1202365	0.8513065	0.9716659
4878	-1329.965	-1502.044	172.0789	0.2982955	0.8108295	1.134866
4884	-1315.377	-1487.831	172.454	0.1023457	0.7324888	1.041632
4890	-1318.915	-1491.324	172.4091	0.03802038	0.6961636	1.174319
4896	-1316.833	-1488.963	172.1307	0.2670922	0.923817	1.009647
4902	-1323.742	-1495.867	172.1255	0.2670922	0.9289537	1.009647
4908	-1317.736	-1490.121	172.3851	0.1743103	0.5494735	1.204076
4914	-1327.763	-1500.077	172.3138	0.3144553	0.6079412	1.091204
4920	-1324.062	-1496.522	172.4599	0.09729318	0.5941557	1.167337
4926	-1322.611	-1494.822	172.2109	0.1726722	0.594681	1.31245
4932	-1319.917	-1492.492	172.5753	0.01011794	0.4838685	1.237558
4938	-1320.736	-1492.707	171.9711	0.2687113	0.4800477	1.512622
4944	-1333.17	-1505.27	172.1001	0.2470204	0.4717752	1.437741
4950	-1320.764	-1493.009	172.245	0.1163976	0.8576897	1.106871
4956	-1323.147	-1495.375	172.228	0.2522103	0.7388269	1.106871
4962	-1317.873	-1490.345	172.4719	0.03394171	0.9369613	0.8807866
4968	-1319.259	-1491.443	172.1845	0.1866431	0.7510011	1.192693
4974	-1336.918	-1509.416	172.4984	0.01482827	0.6435851	1.162506
4980	-1320.148	-1492.465	172.3177	0.1873645	0.6518324	1.162506
4986	-1316.41	-1488.603	172.1933	0.3932553	0.672911	1.069483
4992	-1321.215	-1493.303	172.0881	0.7226774	0.623369	0.8906491
4998	-1322.079	-1494.14	172.0607	0.4861847	0.7586482	1.025398
5004	-1323.561	-1495.673	172.1118	0.2582591	0.7276132	1.213582
5010	-1327.299	-1499.675	172.3759	0.1093956	0.6124401	1.213582
5016	-1321.771	-1494.096	172.3251	0.2847288	0.5948454	1.119922
5022	-1326.45	-1498.598	172.1477	0.2758598	0.783883	1.11741
5028	-1323.359	-1495.597	172.2384	0.3312488	0.6958385	1.063818
5034	-1319.133	-1491.47	172.337	0.1729677	0.7301782	1.087492
5040	-1313.827	-1486.138	172.3104	0.1574824	0.696452	1.15594
5046	-1314.818	-1487.071	172.2531	0.2147968	0.696452	1.15594
5052	-1315.735	-1487.819	172.0838	0.3396942	0.5515414	1.315036
5058	-1317.288	-1489.754	172.4657	0.07691621	0.5503583	1.217585
5064	-1320	-1492.174	172.1742	0.1817758	0.6436911	1.295129
5070	-1315.18	-1487.386	172.2059	0.6979767	0.5496156	0.8682258
5076	-1314.006	-1486.328	172.3213	0.05237657	0.9152047	1.041548
5082	-1324.098	-1496.402	172.3039	0.1628893	0.8872819	0.9769121
5088	-1315.337	-1487.6	172.2632	0.4662285	0.5808433	1.020782
5094	-1329.547	-1501.672	172.125	0.3614672	0.543776	1.270069
5100	-1327.93	-1500.106	172.1754	0.2227369	0.7494245	1.170599
5106	-1329.031	-1501.197	172.1659	0.3076579	0.7265535	1.124096
5112	-1340.775	-1513.028	172.2527	0.3076579	0.6800228	1.087255
5118	-1323.939	-1496.161	172.2225	0.08725466	0.6800228	1.303137
5124	-1324.14	-1496.437	172.2972	0.0335086	0.5005105	1.428296
5130	-1325.577	-1497.953	172.3759	0.1220424	0.6695168	1.153131
5136	-1319.741	-1492.038	172.2965	0.04715759	0.7221096	1.240503
5142	-1331.1	-1503.342	172.2415	0.03590026	0.6489367	1.353972
5148	-1320.253	-1492.744	172.4912	0.1851723	0.6233725	1.031087
5154	-1314.699	-1486.844	172.1452	0.5213444	0.6233725	1.040569
5160	-1319.943	-1492.19	172.2475	0.2507766	0.7824851	1.049389
5166	-1323.341	-1495.502	172.1607	0.1924048	0.7566038	1.203299
5172	-1319.877	-1492.333	172.4555	0.1482618	0.6390688	1.085025
5178	-1320.288	-1492.578	172.2899	0.4438712	0.6575631	0.9378999
5184	-1322.601	-1494.818	172.217	0.151237	0.7573342	1.189703
5190	-1318.436	-1490.846	172.4095	0.2283001	0.4878153	1.189703
5196	-1317.932	-1490.028	172.0961	0.3010478	0.7376501	1.181742
5202	-1313.824	-1486.088	172.2635	0.2471057	0.561677	1.235081
5208	-1315.434	-1487.77	172.3353	0.2517372	0.4852499	1.235081
5214	-1311.562	-1483.956	172.3941	0.07106252	0.5827333	1.255437
5220	-1315.208	-1487.564	172.3564	0.266797	0.5827333	1.118848
5226	-1319.21	-1491.676	172.4659	0.06767249	0.7109928	1.083456
5232	-1321.726	-1493.842	172.116	0.4136646	0.6822862	1.113398
5238	-1324.576	-1497.019	172.4434	0.2388245	0.7544887	0.8877595
5244	-1320.799	-1493.279	172.4791	0.03411398	0.7378976	1.077307
5250	-1330.834	-1503.361	172.5269	0.0269202	0.4674091	1.277485
5256	-1325.648	-1498.164	172.5165	0.009193608	0.4674091	1.30045
5262	-1323.957	-1496.437	172.4799	0.00335162	0.6210242	1.207946
5268	-1323.498	-1495.604	172.1057	0.2636907	0.7865485	1.163345
5274	-1317.155	-1489.609	172.4535	0.07452979	0.817991	0.9851773
5280	-1322.033	-1492.086	170.053	2.32875	0.7175628	1.212219
5286	-1316.254	-1488.177	171.9234	0.5908925	0.8162937	1.000722
5292	-1318.941	-1491.301	172.3603	0.1034625	0.9313493	0.933843
5298	-1322.136	-1494.522	172.3861	0.08197138	0.8894133	0.9734409
5304	-1313.068	-1485.614	172.5459	0.02941185	0.7414156	1.014471
5310	-1306.525	-1478.922	172.3962	0.009007761	0.7687189	1.147404
5316	-1318.898	-1491.17	172.2725	0.2658349	0.7687189	1.023915
5322	-1309.054	-1481.01	171.9566	0.5223301	0.7958053	1.05505
5328	-1312.849	-1485.068	172.2196	0.5251186	0.6838179	0.8970139
5334	-1321.356	-1493.024	171.6689	0.9904828	0.72383	0.9465548
5340	-1319.804	-1491.738	171.9341	0.5340202	0.8559577	1.007191
5346	-1327.696	-1500.434	172.7375	0.09216531	0.6114154	0.882777
5352	-1339.132	-1511.281	172.1493	0.4817808	0.6549298	1.044343
5358	-1333.428	-1505.774	172.3457	0.1813747	0.660268	1.135475
5364	-1342.376	-1514.892	172.5166	0.04456504	0.5523245	1.20007
5370	-1336.006	-1508.557	172.5514	0.1296717	0.7201633	0.9272758
5376	-1325.899	-1498.183	172.2834	0.3511215	0.6435704	1.051932
5382	-1309.109	-1481.207	172.0974	0.3093619	0.8676473	1.055407
5388	-1311.158	-1483.315	172.1574	0.3979004	0.8346891	0.9393629
5394	-1324.705	-1496.582	171.8761	0.5643908	0.9071664	0.9834533
5400	-1318.113	-1490.44	172.3272	0.1452469	0.8615167	0.9972745
5406	-1324.469	-1496.436	171.9668	0.4496793	1.153142	0.7085862
5412	-1329.998	-1501.815	171.8171	0.6596889	1.042763	0.7845512
5418	-1336.542	-1508.423	171.8817	0.6596889	1.042763	0.6827262
5424	-1320.418	-1492.802	172.3837	0.3322941	0.7538622	0.8487152
5430	-1316.094	-1487.71	171.6161	1.014561	0.6821104	1.018364
5436	-1319.754	-1491.811	172.0571	0.3998155	0.7421678	1.125003
5442	-1313.301	-1485.737	172.4362	0.03287954	0.8955578	0.9660703
5448	-1320.456	-1492.58	172.1249	0.4522272	0.8944606	0.8465787
5454	-1322.227	-1493.775	171.5482	1.079168	0.9542721	0.6874583
5460	-1327.967	-1500.294	172.3272	0.09795629	1.055065	0.8359792
5466	-1323.367	-1495.602	172.2352	0.1499831	1.099891	0.8298544
5472	-1336.052	-1508.259	172.2065	0.2465732	0.8776029	1.000587
5478	-1333.519	-1505.772	172.2536	0.05568489	0.9238636	1.094012
5484	-1315.982	-1488.334	172.3519	0.03483627	0.8374274	1.102197
5490	-1319.595	-1491.656	172.0616	0.2691143	0.8374274	1.152576
5496	-1319.974	-1492.253	172.2794	0.2442148	0.7234853	1.081036
5502	-1316.68	-1488.515	171.8347	0.3032717	0.4982098	1.574502
5508	-1318.446	-1490.487	172.0409	0.1481403	0.7916521	1.310534
5514	-1328.798	-1501.254	172.4569	0.1968366	0.7646634	0.9084672
5520	-1327.148	-1499.247	172.0986	0.1851804	0.710878	1.29918
5526	-1323.351	-1495.373	172.0212	0.3426349	0.8530912	1.108805
5532	-1317.81	-1489.957	172.1471	0.2794521	0.6395495	1.240282
5538	-1324.026	-1496.035	172.0083	0.4804348	0.8101895	1.031813
5544	-1309.538	-1481.948	172.4104	0.115249	0.744174	1.059739
5550	-1324.14	-1496.22	172.0803	0.4532927	0.6680799	1.12264
5556	-1319.038	-1491.481	172.4426	0.06771851	0.7264248	1.090703
5562	-1316.481	-1488.984	172.5031	0.1871752	0.7264248	0.9102487
5568	-1321.837	-1494.038	172.2003	0.2521143	0.88242	0.9964088
5574	-1319.949	-1492.177	172.2287	0.1044497	0.7211421	1.250123
5580	-1307.537	-1479.851	172.3148	0.02658575	0.7326028	1.233615
5586	-1309.526	-1481.924	172.3982	0.1862594	0.8762584	0.8597296
5592	-1315.131	-1487.47	172.3388	0.1188217	0.7536128	1.113997
5598	-1323.029	-1495.342	172.313	0.04583573	0.4864356	1.417432
5604	-1330.541	-1502.407	171.8651	0.5698324	0.4667741	1.373478
5610	-1325.545	-1497.803	172.2577	0.08758651	0.7474845	1.217734
5616	-1309.869	-1482.268	172.3993	0.2362083	0.7474845	0.9468122
5622	-1309.867	-1482.437	172.5698	0.03631407	0.7529677	0.9717864
5628	-1329.027	-1501.328	172.3007	0.01940658	0.7529677	1.234401
5634	-1317.241	-1489.847	172.6054	0.03779789	0.6618164	1.025963
5640	-1331.029	-1503.376	172.3466	0.02914303	0.7020194	1.230419
5646	-1323.444	-1495.854	172.4105	0.04351999	0.8035639	1.071238
5652	-1319.48	-1491.782	172.3018	0.053374	0.9310797	1.044069
5658	-1312.907	-1485.073	172.1668	0.1917917	0.9031752	1.067346
5664	-1311.888	-1484.328	172.4397	0.05651389	0.8229594	1.012029
5670	-1319.015	-1491.424	172.4082	0.2437411	0.6298357	1.048335
5676	-1331.177	-1503.561	172.3847	0.2107612	0.6483554	1.084081
5682	-1322.152	-1494.408	172.2559	0.07773564	0.8842946	1.107918
5688	-1327.387	-1499.459	172.0718	0.7382575	0.6142789	0.9018179
5694	-1322.807	-1494.922	172.1154	0.1063493	0.8036941	1.274025
5700	-1333.502	-1505.936	172.434	0.04264561	0.8502757	1.004305
5706	-1335.382	-1507.792	172.4095	0.06829741	0.5907413	1.238171
5712	-1323.804	-1495.996	172.1925	0.2551926	0.5925587	1.261784
5718	-1314.958	-1487.44	172.4819	0.05064035	0.7723778	1.02601
5724	-1313.954	-1486.273	172.3184	0.07924219	0.7149632	1.200826
5730	-1321.802	-1494.333	172.5311	0.09972808	0.6341296	1.064337
5736	-1324.661	-1497.276	172.6155	0.09579858	0.4494095	1.159116
5742	-1332.983	-1505.257	172.274	0.3588932	0.7719558	0.923373
5748	-1323.722	-1496.099	172.3763	0.193873	0.5932486	1.156743
5754	-1328.64	-1500.992	172.3523	0.1178988	0.756626	1.099791
5760	-1311.425	-1483.387	171.962	0.4343592	0.4967045	1.380264
5766	-1307.7	-1480.201	172.5009	0.080611	0.6326407	1.111351
5772	-1301.746	-1474.216	172.4692	0.1122714	0.6326407	1.111351
5778	-1305.02	-1477.502	172.4812	0.04474358	0.8028747	1.002493
5784	-1305.391	-1477.629	172.238	0.04474358	0.8028747	1.223857
5790	-1325.692	-1498.063	172.3708	0.1030614	0.6146923	1.221363
5796	-1317.957	-1490.357	172.3998	0.01395386	0.6603815	1.233467
5802	-1328.293	-1500.404	172.1108	0.2549386	0.553435	1.359663
5808	-1324.223	-1496.778	172.555	0.1105938	0.635934	1.029315
5814	-1325.111	-1497.544	172.433	0.03805898	0.8808578	0.9791389
5820	-1322.321	-1494.62	172.2995	0.1149917	0.6714209	1.223614
5826	-1323.547	-1495.822	172.2748	0.2697658	0.5535502	1.21319
5832	-1326.99	-1499.029	172.0387	0.3661973	0.7061084	1.202199
5838	-1324.087	-1496.312	172.2253	0.1145528	0.7567246	1.21455
5844	-1320.817	-1493.15	172.3324	0.1524942	0.6947046	1.142449
5850	-1327.737	-1500.129	172.3918	0.09783712	0.7613247	1.077454
5856	-1324.178	-1496.678	172.4999	0.1315953	0.6194831	1.077454
5862	-1321.012	-1493.558	172.5462	0.0596243	0.5061939	1.201358
5868	-1318.482	-1490.953	172.4709	0.1582972	0.7260585	0.975695
5874	-1317.108	-1489.487	172.3785	0.04165248	1.002275	0.9038743
5880	-1314.726	-1487.216	172.4901	0.0348199	0.7455408	1.059105
5886	-1324.016	-1496.258	172.2414	0.2947987	0.73432	1.059105
5892	-1324.17	-1496.543	172.3728	0.03362853	0.9601805	0.9639974
5898	-1316.011	-1488.558	172.5475	0.03587691	0.6555877	1.088639
5904	-1322.112	-1494.468	172.3568	0.1814812	0.8471359	0.944252
5910	-1328.983	-1501.105	172.1218	0.3062105	0.772476	1.123747
5916	-1331.533	-1503.716	172.183	0.3062105	0.8583244	0.983564
5922	-1341.238	-1513.635	172.3978	0.1367959	0.8040946	0.9925891
5928	-1349.682	-1521.877	172.1949	0.2827202	0.9743373	0.8700824
5934	-1333.388	-1505.532	172.1441	0.2492135	0.8817692	1.054799
5940	-1319.939	-1492.123	172.1841	0.2546294	0.5739445	1.284518
5946	-1330.312	-1502.674	172.3616	0.05111985	0.5999039	1.284518
5952	-1322.239	-1494.491	172.2528	0.05144798	0.8034083	1.205132
5958	-1326.995	-1499.151	172.156	0.1041359	0.8679553	1.187496
5964	-1330.062	-1501.967	171.9055	0.7470134	0.8773374	0.7701464
5970	-1325.107	-1497.326	172.2191	0.04274573	0.8665006	1.187301
5976	-1320.075	-1492.265	172.19	0.4423146	0.8112877	0.8798094
5982	-1310.109	-1482.374	172.2646	0.2387057	0.9629841	0.8530347
5988	-1314.26	-1486.354	172.0943	0.2985308	0.8458107	1.088889
5994	-1322.545	-1494.255	171.71	0.8477262	0.6971956	1.073723
6000	-1316.544	-1488.911	172.367	0.08834411	0.5588015	1.283242
6006	-1321.526	-1493.615	172.0894	0.1033307	0.8214183	1.283242
6012	-1319.188	-1491.401	172.2131	0.2643545	0.7848768	1.066855
6018	-1311.822	-1484.195	172.3733	0.05803972	0.6642592	1.215365
6024	-1316.274	-1488.599	172.3249	0.01793116	0.6516721	1.299283
6030	-1323.502	-1495.883	172.3812	0.1445787	0.6092367	1.181578
6036	-1328.087	-1500.365	172.278	0.1401378	0.9981514	0.9107089
6042	-1322.251	-1494.503	172.252	0.1087518	0.9450075	1.025227
6048	-1306.226	-1478.417	172.1916	0.269078	0.6252438	1.223569
6054	-1311.636	-1483.952	172.316	0.299861	0.9087135	0.7774832
6060	-1302.346	-1474.766	172.4197	0.04720779	0.9087135	0.9545766
6066	-1316.912	-1489.151	172.2393	0.258854	0.7899435	1.042283
6072	-1316.291	-1488.53	172.2393	0.258854	0.7899435	1.042283
6078	-1320.75	-1493.182	172.4321	0.06095527	0.7507157	1.084126
6084	-1315.058	-1487.557	172.4984	0.03125496	0.6173524	1.171096
6090	-1314.883	-1487.456	172.5736	0.0007285538	0.6143509	1.13435
6096	-1329.319	-1501.593	172.2745	0.009814143	0.8422784	1.188834
