Iteration	Posterior	Likelihood	Prior	acrv_sd	tree_length
0	-1390.63	-1563.069	172.4391	0.8335197	1.057138
6	-1399.553	-1571.556	172.0031	1.496177	0.8116262
12	-1399.891	-1572.236	172.3449	1.078211	0.9032011
18	-1396.253	-1568.613	172.3608	1.118757	0.836778
24	-1413.719	-1586.009	172.2903	1.01454	1.026065
30	-1404.278	-1576.706	172.4278	0.8689872	1.033887
36	-1404.302	-1576.983	172.6809	0.7812523	0.8579324
42	-1412.428	-1584.903	172.4747	0.9014235	0.9540556
48	-1406.948	-1579.708	172.76	0.6974594	0.8636209
54	-1393.427	-1564.953	171.5256	1.825656	0.9798603
60	-1394.877	-1566.92	172.0424	1.363367	0.922345
66	-1396.871	-1568.932	172.0608	1.363367	0.9019804
72	-1402.387	-1574.6	172.214	1.229503	0.8799665
78	-1409.258	-1580.672	171.4142	1.803866	1.107754
84	-1424.967	-1596.853	171.8861	1.249724	1.180803
90	-1404.845	-1576.946	172.1007	1.348164	0.8737113
96	-1399.018	-1571.191	172.1732	1.169789	0.9882676
102	-1402.846	-1574.895	172.0488	1.223611	1.057317
108	-1400.099	-1572.796	172.6975	0.8036451	0.8092995
114	-1398.728	-1570.747	172.019	1.299087	1.013087
120	-1393.738	-1566.018	172.2805	1.263165	0.7499154
126	-1414.802	-1587.318	172.5154	0.9013682	0.910223
132	-1403.169	-1575.198	172.0289	1.481635	0.7968082
138	-1402.091	-1574.404	172.3134	1.020576	0.9973312
144	-1402.736	-1575.106	172.3694	1.101855	0.8469151
150	-1400.469	-1572.925	172.4556	0.8077787	1.065806
156	-1392.804	-1565.119	172.3141	1.064104	0.951836
162	-1403.929	-1576.227	172.2982	1.13897	0.8871762
168	-1412.049	-1584.447	172.3981	1.027227	0.9007162
174	-1402.475	-1574.758	172.2832	1.027227	1.020628
180	-1401.332	-1572.912	171.5796	1.754259	0.9974463
186	-1402.042	-1574.406	172.3638	1.06974	0.8914287
192	-1415.916	-1588.093	172.1772	1.174805	0.9790894
198	-1404.132	-1576.391	172.2581	1.174805	0.8920792
204	-1407.696	-1579.219	171.5227	1.735752	1.070494
210	-1396.955	-1569.32	172.3649	1.051422	0.9107052
216	-1399.606	-1572.016	172.4097	1.017722	0.8982814
222	-1403.03	-1574.924	171.8937	1.3408	1.092763
228	-1412.993	-1584.895	171.9019	1.567167	0.8496088
234	-1396.874	-1568.963	172.0883	1.384565	0.8449391
240	-1404.388	-1576.259	171.8705	1.557085	0.8981127
246	-1399.743	-1571.802	172.0591	1.20172	1.068227
252	-1396.952	-1569.048	172.096	1.258626	0.9763496
258	-1391.05	-1563.447	172.3964	1.074393	0.8475584
264	-1400.696	-1572.975	172.2784	1.248428	0.7743467
270	-1401.926	-1574.089	172.162	1.175858	0.9933547
276	-1409.113	-1581.287	172.174	1.316657	0.8227252
282	-1411.017	-1583.227	172.2096	1.221718	0.8938962
288	-1410.901	-1583.224	172.3229	1.05451	0.9526766
294	-1419.492	-1589.66	170.1682	2.35708	1.654894
300	-1404.666	-1575.106	170.4397	2.35708	1.454621
306	-1403.569	-1575.738	172.1691	1.019976	1.133922
312	-1402.401	-1575.016	172.6148	0.8763137	0.8221653
318	-1419.921	-1592.357	172.4362	0.987407	0.9025578
324	-1402.255	-1574.741	172.4858	0.9251245	0.9166691
330	-1400.779	-1573.001	172.2227	1.165837	0.9408891
336	-1390.897	-1563.325	172.4273	1.050827	0.8384848
342	-1399.407	-1572.073	172.6656	0.768412	0.8908605
348	-1399.401	-1571.918	172.5175	1.023268	0.7542158
354	-1402.608	-1574.688	172.0802	1.389439	0.848962
360	-1399.168	-1571.042	171.8736	1.388904	1.066617
366	-1398.642	-1570.905	172.2634	1.062835	1.005047
372	-1391.912	-1564.063	172.1506	1.319051	0.8488606
378	-1404.87	-1577.152	172.2814	1.263583	0.7478735
384	-1404.069	-1576.446	172.377	1.064719	0.8820174
390	-1405.209	-1577.893	172.6833	0.7341021	0.9095519
396	-1400.552	-1573.222	172.6704	0.7493483	0.9069189
402	-1403.859	-1576.47	172.611	0.7493483	0.9705245
408	-1400.82	-1573.251	172.4315	0.9288062	0.9705245
414	-1412.999	-1585.365	172.3661	1.070689	0.8876854
420	-1402.174	-1573.872	171.6988	1.651111	0.9812297
426	-1415.769	-1587.793	172.0234	1.432216	0.8658118
432	-1416.39	-1588.133	171.7423	1.566511	1.022183
438	-1403.621	-1575.146	171.5248	1.731761	1.072187
444	-1408.859	-1581.146	172.2867	1.05785	0.9866421
450	-1400.598	-1573.01	172.4121	1.072105	0.8309548
456	-1404.942	-1576.891	171.9493	1.391259	0.990637
462	-1411.745	-1583.265	171.5201	1.764668	1.04549
468	-1407.021	-1578.998	171.9772	1.518739	0.8159687
474	-1410.502	-1582.461	171.9585	1.460448	0.9078029
480	-1395.903	-1568.345	172.4417	0.9353338	0.9531447
486	-1397.796	-1570.292	172.496	0.9353338	0.8938538
492	-1402.112	-1574.263	172.151	1.341959	0.819803
498	-1397.07	-1569.635	172.5649	0.8215751	0.9430903
504	-1399.874	-1572.217	172.3427	1.126371	0.849667
510	-1401.212	-1572.949	171.7363	1.516111	1.076133
516	-1400.421	-1572.6	172.1798	1.244154	0.9021766
522	-1400.897	-1573.318	172.4209	1.106329	0.7738221
528	-1401.673	-1573.783	172.1104	1.335885	0.8767521
534	-1415.004	-1587.386	172.3818	1.055945	0.886584
540	-1402.365	-1574.15	171.7855	1.429874	1.110273
546	-1393.813	-1565.842	172.0287	1.429377	0.8628636
552	-1400.437	-1572.838	172.4011	1.120824	0.781269
558	-1396.979	-1569.475	172.4959	1.034977	0.7686769
564	-1394.365	-1566.965	172.6005	0.8691679	0.8488462
570	-1405.176	-1576.945	171.7688	1.681757	0.8716887
576	-1400.455	-1572.379	171.9243	1.550006	0.8431868
582	-1399.955	-1571.358	171.4029	1.88584	1.04174
588	-1398.605	-1570.943	172.3379	1.055234	0.9359904
594	-1403.456	-1575.284	171.8273	1.575791	0.9252476
600	-1408.124	-1580.006	171.8818	1.612244	0.8184161
606	-1404.794	-1576.97	172.1756	1.284117	0.8608442
612	-1411.643	-1584.049	172.4063	1.141921	0.7430103
618	-1405.808	-1578.152	172.3442	1.141921	0.8284937
624	-1409.136	-1581.079	171.9435	1.44846	0.9372869
630	-1407.548	-1579.731	172.1827	0.9884261	1.149926
636	-1407.174	-1579.416	172.2416	1.241956	0.8318155
642	-1396.464	-1568.776	172.312	0.9969682	1.022083
648	-1401.512	-1573.162	171.6494	1.591313	1.086964
654	-1404.129	-1575.695	171.5655	1.77002	0.9958004
660	-1403.573	-1576.165	172.5925	0.7338293	1.004934
666	-1393.969	-1566.491	172.5219	0.7338293	1.073043
672	-1396.139	-1568.742	172.6027	0.8766062	0.8370499
678	-1403.056	-1575.528	172.4718	0.9416798	0.9138994
684	-1405.882	-1578.522	172.6404	0.6257615	1.063219
690	-1402.187	-1574.357	172.1704	1.143592	1.017149
696	-1403.913	-1575.47	171.5573	1.71509	1.057265
702	-1410.569	-1582.718	172.1491	1.309733	0.8619899
708	-1400.401	-1572.838	172.4364	0.9932221	0.8958014
714	-1402.265	-1574.389	172.1239	1.375803	0.8110567
720	-1405.438	-1577.71	172.2724	1.292836	0.7160177
726	-1405.875	-1578.179	172.3044	1.297554	0.6467338
732	-1401.965	-1574.417	172.4525	1.109884	0.7206438
738	-1406.298	-1578.243	171.9457	1.480248	0.8999736
744	-1395.469	-1567.576	172.1067	1.381003	0.8265227
750	-1406.071	-1578.064	171.9935	1.257391	1.077503
756	-1402.166	-1574.668	172.5029	0.8193488	1.008977
762	-1412.167	-1584.766	172.5996	0.7966074	0.9327506
768	-1405.448	-1577.332	171.8841	1.404258	1.042072
774	-1404.391	-1576.689	172.2972	0.99702	1.036448
780	-1410.052	-1581.555	171.5034	1.797474	1.029991
786	-1403.848	-1575.424	171.5757	1.736651	1.018794
792	-1412.274	-1584.235	171.9611	1.423994	0.9445549
798	-1397.633	-1569.809	172.1758	1.186153	0.9688224
804	-1403.179	-1575.202	172.0232	1.455013	0.8384061
810	-1401.643	-1574.087	172.4442	1.088543	0.7659462
816	-1401.373	-1573.501	172.1278	1.371031	0.8122162
822	-1396.848	-1569.294	172.447	1.053778	0.8097734
828	-1389.724	-1561.911	172.1874	1.292432	0.8364091
834	-1391.812	-1564.002	172.1902	1.289577	0.8364091
840	-1385.322	-1557.708	172.3864	1.173111	0.7253803
846	-1397.426	-1569.643	172.2171	1.173111	0.9391792
852	-1402.96	-1574.961	172.0004	1.483187	0.8317776
858	-1403.179	-1575.528	172.3482	1.085321	0.8914152
864	-1405.34	-1577.31	171.97	1.457252	0.8985296
870	-1403.228	-1575.197	171.9685	1.264504	1.094088
876	-1398.356	-1570.905	172.5492	0.9637821	0.7934919
882	-1407.775	-1579.729	171.9541	1.472461	0.8992663
888	-1404.037	-1576.248	172.2113	1.215275	0.8992663
894	-1397.136	-1569.416	172.2795	1.215275	0.8174667
900	-1404.35	-1576.636	172.286	1.215275	0.8090239
906	-1402.804	-1574.888	172.0836	1.215275	1.031899
912	-1398.644	-1571.08	172.4357	1.02823	0.8558833
918	-1395.093	-1567.231	172.1377	1.281933	0.9070795
924	-1407.965	-1580.425	172.4597	1.096099	0.7312476
930	-1400.338	-1572.415	172.0775	1.422612	0.8106401
936	-1403.5	-1576.136	172.6357	0.7765343	0.9152402
942	-1403.848	-1576.259	172.4116	1.119263	0.7686856
948	-1402.587	-1573.458	170.8716	2.106897	1.312233
954	-1404.388	-1576.373	171.9844	1.44855	0.8920894
960	-1402.88	-1575.243	172.3628	1.070125	0.8920894
966	-1408.527	-1581.098	172.5712	0.9624014	0.7647713
972	-1402.115	-1574.591	172.476	0.7941446	1.059485
978	-1409.983	-1582.409	172.4265	1.043178	0.8488381
984	-1400.692	-1573.261	172.5691	0.8078389	0.9532109
990	-1399.444	-1571.731	172.2869	1.120609	0.9203935
996	-1403.441	-1575.893	172.4528	0.9487677	0.9268939
1002	-1405.666	-1578.461	172.7953	0.6052423	0.9280511
1008	-1405.69	-1577.894	172.2043	1.226167	0.8948448
1014	-1405.288	-1577.858	172.5705	0.7476423	1.013068
1020	-1400.541	-1572.79	172.2486	1.16621	0.912448
1026	-1389.213	-1561.539	172.3263	1.16621	0.8203953
1032	-1389.929	-1562.338	172.4095	1.031112	0.8832524
1038	-1395.938	-1568.236	172.2988	1.173135	0.8460992
1044	-1400.13	-1571.895	171.7646	1.564123	1.002576
1050	-1399.572	-1571.729	172.1569	1.285369	0.8813646
1056	-1403.931	-1575.916	171.9857	1.451068	0.8876607
1062	-1415.899	-1587.83	171.9316	1.237912	1.151398
1068	-1415.772	-1587.872	172.1004	1.237912	0.9929649
1074	-1398.719	-1571.212	172.4925	0.8165726	1.021948
1080	-1402.768	-1574.535	171.7673	1.613806	0.9488671
1086	-1402.065	-1574.426	172.3603	1.198522	0.7264654
1092	-1413.616	-1585.989	172.3726	0.7928704	1.154936
1098	-1398.643	-1571.047	172.404	1.069489	0.8442858
1104	-1395.367	-1567.227	171.8599	1.653788	0.7926091
1110	-1398.744	-1570.629	171.8845	1.506139	0.9387166
1116	-1397.447	-1569.858	172.4117	0.9412453	0.9781057
1122	-1399.718	-1572.275	172.5564	0.9349671	0.8219052
1128	-1410.223	-1582.393	172.17	1.318099	0.8259833
1134	-1416.066	-1588.558	172.4918	0.8849335	0.9534189
1140	-1415.298	-1587.578	172.2796	1.097108	0.9534189
1146	-1416.397	-1588.851	172.4542	0.8499161	1.026783
1152	-1416.234	-1587.695	171.4606	1.955255	0.9112566
1158	-1405.453	-1577.724	172.2707	1.175974	0.8762196
1164	-1412.115	-1584.574	172.4589	1.019288	0.838464
1170	-1408.082	-1580.44	172.3585	1.019288	0.9523094
1176	-1403.532	-1575.867	172.3348	1.043046	0.9523094
1182	-1391.898	-1564.28	172.382	1.05325	0.8893791
1188	-1408.566	-1580.895	172.3287	1.074431	0.925224
1194	-1405.039	-1577.213	172.1741	1.22176	0.9331023
1200	-1393.484	-1565.65	172.1653	1.298892	0.8555579
1206	-1403.749	-1575.678	171.929	1.525441	0.8671407
1212	-1419.927	-1592.611	172.6843	0.8349591	0.7849355
1218	-1409.411	-1581.567	172.1559	1.316117	0.845993
1224	-1413.494	-1585.555	172.0609	1.316117	0.9531295
1230	-1407.092	-1579.122	172.0304	1.487545	0.7867525
1236	-1404.39	-1576.708	172.3179	1.167838	0.8289756
1242	-1408.25	-1580.343	172.0932	1.388268	0.834315
1248	-1408.47	-1580.523	172.0525	1.290629	0.9880529
1254	-1415.898	-1587.626	171.728	1.642396	0.9601105
1260	-1409.504	-1581.935	172.4309	0.8678462	1.032017
1266	-1408.507	-1580.48	171.9728	1.417217	0.9393922
1272	-1409.876	-1581.613	171.7364	1.513856	1.078111
1278	-1408.002	-1579.848	171.8464	1.513856	0.9705595
1284	-1409.012	-1581.14	172.1276	1.269282	0.9319964
1290	-1401.961	-1574.204	172.2427	1.224705	0.8516211
1296	-1412.754	-1585.171	172.4171	0.9555443	0.9577403
1302	-1404.096	-1576.582	172.486	0.9726711	0.8620832
1308	-1397.234	-1569.343	172.1091	1.265549	0.955664
1314	-1405.976	-1578.123	172.1464	1.309843	0.8649997
1320	-1410.58	-1582.613	172.0329	1.468734	0.808552
1326	-1397.15	-1569.188	172.038	1.382319	0.906293
1332	-1410.008	-1582.72	172.7123	0.722152	0.890395
1338	-1400.008	-1572.418	172.4094	0.9652144	0.9556159
1344	-1397.113	-1569.437	172.3235	1.182004	0.803509
1350	-1394.541	-1566.974	172.4325	1.101189	0.7646386
1356	-1397.504	-1569.844	172.3402	1.101189	0.8823396
1362	-1390.498	-1561.954	171.456	1.888796	0.9863661
1368	-1390.3	-1562.775	172.4751	1.008508	0.83173
1374	-1382.207	-1554.383	172.1762	1.331168	0.8009719
1380	-1407.253	-1579.492	172.2398	1.217462	0.8637939
1386	-1411.017	-1583.084	172.0667	1.302317	0.9615322
1392	-1403.178	-1575.338	172.16	1.278122	0.8861205
1398	-1415.81	-1587.868	172.0589	1.425057	0.8312715
1404	-1403.47	-1575.366	171.8961	1.482729	0.9512043
1410	-1405.553	-1577.243	171.6893	1.588781	1.051877
1416	-1399.76	-1571.794	172.0336	1.372493	0.9219993
1422	-1392.919	-1565.35	172.4307	0.8853355	1.015093
1428	-1396.857	-1569.31	172.4537	0.8442651	1.032772
1434	-1392.271	-1564.482	172.2108	1.346825	0.7284012
1440	-1396.553	-1568.707	172.1539	1.346825	0.809792
1446	-1402.531	-1575.078	172.5462	0.7772962	1.007772
1452	-1398.248	-1570.909	172.661	0.7989604	0.860583
1458	-1406.887	-1579.281	172.3943	1.070983	0.854236
1464	-1405.263	-1577.443	172.1801	1.338815	0.7854155
1470	-1409.632	-1581.212	171.5801	1.845677	0.9001342
1476	-1406.09	-1577.817	171.7271	1.655822	0.9468712
1482	-1399.191	-1571.387	172.1958	1.239755	0.889116
1488	-1397.916	-1569.882	171.9655	1.436088	0.92683
1494	-1414.569	-1587.118	172.5485	0.975686	0.778062
1500	-1410.228	-1581.947	171.719	1.617927	0.9943583
1506	-1408.818	-1581.436	172.6186	0.7434348	0.9687885
1512	-1407.189	-1579.458	172.2688	1.074244	0.9881787
1518	-1398.174	-1569.984	171.8095	1.550362	0.9709407
1524	-1410.256	-1582.216	171.96	1.441309	0.927191
1530	-1400.761	-1572.713	171.9515	1.453893	0.9227903
1536	-1398.127	-1570.777	172.6493	0.7398983	0.9402371
1542	-1404.421	-1576.521	172.0999	1.464287	0.7176677
1548	-1408.389	-1580.491	172.1021	1.409557	0.7952799
1554	-1397.649	-1569.705	172.0558	1.505499	0.722388
1560	-1398.859	-1571.047	172.188	1.288598	0.84045
1566	-1392.778	-1565.208	172.4302	0.9375633	0.9628283
1572	-1401.203	-1573.179	171.976	1.383238	0.9716134
1578	-1411.087	-1583.571	172.4839	0.9850888	0.8497246
1584	-1404.507	-1576.889	172.3814	1.09301	0.8430762
1590	-1405.987	-1578.019	172.0319	1.367872	0.9288217
1596	-1410.457	-1582.593	172.1367	1.212487	0.9819296
1602	-1410.351	-1582.55	172.1998	1.096561	1.034348
1608	-1407.033	-1579.06	172.0266	1.482215	0.7991436
1614	-1403.093	-1575.085	171.9925	1.482215	0.8427048
1620	-1407.29	-1579.175	171.885	1.431244	1.014941
1626	-1420.694	-1592.648	171.9537	1.431244	0.9447513
1632	-1410.012	-1582.021	172.0097	1.265868	1.054298
1638	-1418.11	-1590.175	172.0653	1.200232	1.0638
1644	-1405.738	-1578.341	172.6027	0.7662205	0.9615942
1650	-1401.611	-1573.332	171.7213	1.673105	0.9346543
1656	-1402.205	-1574.513	172.3084	1.177705	0.8284871
1662	-1406.879	-1579.191	172.3115	1.177705	0.8246833
1668	-1417.591	-1589.658	172.0674	1.177705	1.082954
1674	-1420.743	-1592.931	172.1879	1.217077	0.9231426
1680	-1419.349	-1590.534	171.1853	1.844408	1.270523
1686	-1412.747	-1584.53	171.7828	1.501058	1.046419
1692	-1414.255	-1586.629	172.3745	0.9729024	0.9837966
1698	-1405.19	-1577.135	171.9457	1.315822	1.067614
1704	-1400.17	-1572.02	171.8503	1.595448	0.8772895
1710	-1410.726	-1582.783	172.0574	1.421257	0.8378852
1716	-1405.129	-1577.066	171.9367	1.421257	0.9729408
1722	-1411.006	-1582.954	171.9481	1.517379	0.8539948
1728	-1419.715	-1591.663	171.9481	1.517379	0.8539948
1734	-1416.728	-1588.771	172.0427	1.326071	0.9617318
1740	-1403.07	-1576.02	172.9495	0.3892685	0.9924426
1746	-1393.068	-1564.933	171.8649	1.578891	0.8796344
1752	-1411.6	-1584.172	172.5714	0.7417205	1.01796
1758	-1410.95	-1583.112	172.1618	1.165036	1.004457
1764	-1413.152	-1585.023	171.8706	1.580869	0.8706354
1770	-1424.017	-1596.101	172.0843	1.256578	0.9903626
1776	-1405.584	-1577.767	172.183	1.318614	0.8086442
1782	-1402.516	-1574.966	172.4501	0.9397377	0.9395023
1788	-1405.608	-1577.704	172.0961	1.321656	0.9091383
1794	-1404.357	-1576.542	172.1852	1.308719	0.8186399
1800	-1398.388	-1570.49	172.1016	1.372906	0.8429901
1806	-1394.916	-1567.115	172.1987	1.202634	0.9272019
1812	-1391.762	-1563.973	172.2109	1.203527	0.9128672
1818	-1408.816	-1581.019	172.2036	1.203527	0.9208557
1824	-1401.701	-1574.42	172.7194	0.7270909	0.8764164
1830	-1392.329	-1564.829	172.4996	0.8389718	0.9926709
1836	-1398.171	-1570.508	172.337	1.031029	0.9625578
1842	-1403.53	-1575.513	171.9832	1.478399	0.8586123
1848	-1400.841	-1573.345	172.5043	0.925691	0.8954451
1854	-1412.209	-1584.355	172.1468	1.070524	1.108487
1860	-1395.054	-1567.376	172.321	1.209895	0.7685568
1866	-1395.883	-1567.921	172.0385	1.482162	0.7829352
1872	-1390.428	-1562.173	171.7447	1.568948	1.017529
1878	-1394.76	-1565.799	171.0395	2.102924	1.175106
1884	-1394.375	-1566.285	171.9099	1.05393	1.324049
1890	-1397.723	-1570.229	172.5059	1.005192	0.7960886
1896	-1397.413	-1569.285	171.872	1.582941	0.8665805
1902	-1394.719	-1566.637	171.9189	1.582941	0.8083338
1908	-1392.135	-1564.526	172.3909	0.831553	1.103775
1914	-1386.232	-1558.143	171.9111	1.49122	0.926049
1920	-1385.959	-1558.537	172.5778	0.9410791	0.7854077
1926	-1396.474	-1568.54	172.0667	1.370246	0.8875432
1932	-1401.446	-1573.28	171.8337	1.490938	1.006617
1938	-1389.844	-1562.091	172.247	1.177974	0.9010372
1944	-1398.226	-1570.586	172.3604	1.102652	0.8568532
1950	-1386.045	-1558.427	172.3822	1.102652	0.8301126
1956	-1380.757	-1552.943	172.1862	1.302006	0.8258656
1962	-1383.222	-1555.651	172.4293	1.058924	0.8258656
1968	-1390.804	-1563.158	172.3545	1.088048	0.8810905
1974	-1390.194	-1562.607	172.4124	0.9966178	0.9187263
1980	-1411.384	-1583.817	172.4336	0.9111287	0.9864519
1986	-1396.617	-1568.67	172.0528	1.397109	0.8724796
1992	-1395.26	-1567.652	172.3918	0.9628672	0.9763187
1998	-1393.958	-1566.359	172.4019	0.9468505	0.9823956
2004	-1404.576	-1575.69	171.1143	2.121154	1.09183
2010	-1401.409	-1572.362	170.9535	2.121154	1.2331
2016	-1404.078	-1576.861	172.7824	0.5638348	0.9849767
2022	-1402.772	-1575.041	172.2696	0.9474449	1.108741
2028	-1402.213	-1574.615	172.4013	1.164059	0.7157023
2034	-1416.313	-1588.702	172.3893	0.9365001	1.005419
2040	-1411.086	-1582.69	171.6047	1.795198	0.9286624
2046	-1411.073	-1583.221	172.1482	1.326131	0.8432296
2052	-1409.778	-1581.503	171.7248	1.673437	0.9304975
2058	-1408.183	-1580.113	171.93	1.430207	0.9706021
2064	-1398.082	-1570.489	172.4073	0.8458083	1.075469
2070	-1412.167	-1584.152	171.9856	1.318199	1.027076
2076	-1411.408	-1583.967	172.5593	0.8264595	0.9438781
2082	-1406.755	-1579	172.2452	1.242504	0.8264869
2088	-1410.939	-1582.692	171.7529	1.784822	0.7587769
2094	-1405.713	-1578.397	172.6837	0.7060986	0.9395856
2100	-1410.88	-1583.16	172.28	1.147607	0.8981455
2106	-1411.319	-1583.369	172.0504	1.377203	0.8981455
2112	-1394.362	-1566.412	172.0504	1.377203	0.8981455
2118	-1407.258	-1579.457	172.1991	1.274285	0.8443732
2124	-1408.545	-1580.784	172.2392	1.272228	0.7955439
2130	-1399.535	-1571.976	172.4409	0.9227714	0.9670242
2136	-1402.949	-1575.292	172.3429	1.14203	0.8300235
2142	-1406.435	-1578.182	171.747	1.618333	0.9653296
2148	-1412.757	-1584.981	172.224	1.090212	1.016969
2154	-1408.967	-1580.916	171.9491	1.538479	0.8266463
2160	-1409.371	-1581.151	171.7794	1.650436	0.8956297
2166	-1400.84	-1573.083	172.2432	1.176853	0.9066122
2172	-1394.135	-1566.458	172.3231	1.040117	0.9675505
2178	-1405.298	-1577.347	172.0488	1.486943	0.7616788
2184	-1422.818	-1594.867	172.0488	1.486943	0.7616788
2190	-1402.345	-1574.042	171.6977	1.724027	0.9046738
2196	-1400.975	-1572.424	171.4494	1.869278	1.012504
2202	-1419.294	-1591.2	171.9059	1.546747	0.8692206
2208	-1409.832	-1581.737	171.9059	1.546747	0.8692206
2214	-1410.816	-1583.63	172.8139	0.6435288	0.8635705
2220	-1413.596	-1586.221	172.625	0.7900765	0.9120782
2226	-1409.702	-1581.28	171.5786	1.785043	0.9671191
2232	-1400.488	-1573.285	172.7967	0.5405484	0.9940182
2238	-1404.309	-1576.781	172.4719	0.9138164	0.9439691
2244	-1404.01	-1576.425	172.4148	1.040348	0.8662664
2250	-1397.642	-1570.362	172.7196	0.7589144	0.8380495
2256	-1403.523	-1575.822	172.2989	1.149057	0.8747968
2262	-1400.744	-1572.789	172.0451	1.477571	0.780264
2268	-1397.919	-1570.366	172.447	0.9581876	0.9229378
2274	-1403.126	-1574.84	171.7146	1.663531	0.9519559
2280	-1396.784	-1569.125	172.3412	1.036939	0.9519559
2286	-1407.35	-1579.763	172.4131	1.006045	0.9075826
2292	-1399.349	-1571.088	171.7388	1.650331	0.9403305
2298	-1397.796	-1570.199	172.403	0.7977257	1.123544
2304	-1401.782	-1573.847	172.0653	1.058241	1.191476
2310	-1405.409	-1577.882	172.4729	0.8416428	1.016647
2316	-1404.191	-1576.49	172.2998	1.169266	0.8496777
2322	-1408.84	-1581.209	172.3689	0.9679962	0.9943937
2328	-1417.647	-1589.927	172.2796	0.9993494	1.051084
2334	-1410.775	-1582.028	171.2527	1.873882	1.188804
2340	-1410.215	-1582.359	172.1438	1.167059	1.020228
2346	-1408.752	-1580.217	171.4644	1.848065	1.018664
2352	-1412.144	-1583.754	171.6105	1.673051	1.046634
2358	-1404.823	-1577.105	172.2822	1.234001	0.7891528
2364	-1402.552	-1574.808	172.2566	1.142987	0.9290063
2370	-1399.991	-1571.6	171.6087	1.757668	0.9642919
2376	-1413.486	-1585.618	172.1321	1.170502	1.028312
2382	-1401.057	-1572.84	171.7827	1.612404	0.9338994
2388	-1401.471	-1574.034	172.5638	0.9035532	0.8516613
2394	-1417.635	-1589.619	171.9843	1.519198	0.8061714
2400	-1396.495	-1569.135	172.6397	0.8043455	0.8793454
2406	-1393.118	-1565.484	172.366	1.055563	0.9048794
2412	-1401.923	-1574.394	172.4715	1.017635	0.8247219
2418	-1412.965	-1585.293	172.328	1.119647	0.8751553
2424	-1410.053	-1582.147	172.0941	1.351728	0.8772125
2430	-1402.291	-1574.316	172.0252	1.351728	0.9532712
2436	-1419.697	-1591.899	172.2016	1.353427	0.7324988
2442	-1402.598	-1574.684	172.0862	1.219215	1.025512
2448	-1406.217	-1578.704	172.4863	0.7664395	1.075767
2454	-1401.314	-1573.227	171.9125	1.420951	0.9978237
2460	-1399.682	-1571.854	172.1728	1.241229	0.9132744
2466	-1397.411	-1569.423	172.0115	1.402525	0.9132744
2472	-1405.261	-1577.129	171.8675	1.439537	1.023933
2478	-1401.629	-1573.771	172.1421	1.273215	0.9118336
2484	-1399.987	-1571.886	171.8986	1.393803	1.038127
2490	-1404.123	-1576.328	172.2056	1.269825	0.8418727
2496	-1404.068	-1576.136	172.0677	1.40768	0.8418727
2502	-1399.036	-1571.674	172.6379	0.8442154	0.8335454
2508	-1401.966	-1573.59	171.6246	1.685598	1.020888
2514	-1409.264	-1581.263	171.9996	1.462702	0.8577783
2520	-1401.123	-1573.274	172.1512	1.355389	0.8020593
2526	-1405.12	-1577.238	172.1182	1.355389	0.8441705
2532	-1403.404	-1575.798	172.3941	0.8349134	1.097753
2538	-1404.56	-1576.863	172.3036	1.137196	0.8830492
2544	-1405.483	-1577.292	171.8085	1.522809	1.000002
2550	-1411.802	-1583.745	171.9436	1.521962	0.8539158
2556	-1413.455	-1585.264	171.8088	1.329658	1.178554
2562	-1407.403	-1578.829	171.4262	1.813784	1.087668
2568	-1414.478	-1586.419	171.9404	1.552816	0.8195588
2574	-1420.439	-1592.474	172.0347	1.30692	0.98958
2580	-1406.463	-1578.98	172.5167	0.9153909	0.8929776
2586	-1404.34	-1576.641	172.3016	1.041158	0.9885022
2592	-1400.775	-1573.223	172.4475	1.039417	0.8274691
2598	-1406.393	-1578.743	172.3499	0.900531	1.077986
2604	-1409.13	-1581.672	172.5416	0.8861279	0.8980037
2610	-1396.993	-1568.929	171.9362	1.513217	0.8730377
2616	-1404.111	-1576.105	171.9935	1.513217	0.8018405
2622	-1412.02	-1583.863	171.8435	1.574232	0.909191
2628	-1402.189	-1574.663	172.4742	0.9841122	0.8626172
2634	-1408.714	-1581.188	172.4742	0.9841122	0.8626172
2640	-1400.13	-1572.501	172.3711	1.133493	0.8047223
2646	-1409.478	-1581.025	171.5468	1.841013	0.9416888
2652	-1413.371	-1586.244	172.8728	0.5505551	0.902935
2658	-1407.535	-1579.972	172.4369	1.090078	0.7741575
2664	-1403.241	-1575.441	172.1997	1.292536	0.8208084
2670	-1399.213	-1571.11	171.8968	1.603452	0.8104641
2676	-1418.869	-1590.679	171.8098	1.603452	0.9141615
2682	-1407.049	-1579.37	172.3214	1.152385	0.8438971
2688	-1397.769	-1569.81	172.0412	1.293302	0.996756
2694	-1405.269	-1577.459	172.1896	1.173946	0.9672058
2700	-1410.152	-1582.602	172.4495	1.103167	0.7360761
2706	-1398.359	-1570.975	172.6162	0.8437183	0.8606217
2712	-1404.216	-1576.12	171.9043	1.64869	0.7356736
2718	-1416.828	-1588.883	172.0551	1.282554	0.9936196
2724	-1409.203	-1581.259	172.0551	1.382268	0.8869684
2730	-1408.62	-1580.533	171.9125	1.193675	1.206349
2736	-1406.42	-1578.761	172.3409	1.03872	0.950371
2742	-1410.099	-1582.297	172.1982	1.295785	0.8185513
2748	-1405.608	-1577.735	172.1275	1.295785	0.9030111
2754	-1401.535	-1573.621	172.0867	1.341676	0.8972158
2760	-1413.795	-1586.121	172.3263	1.188871	0.7904898
2766	-1432.898	-1604.983	172.0852	1.294668	0.9501093
2772	-1407.79	-1579.963	172.1732	1.340374	0.7926361
2778	-1406.327	-1578.531	172.2035	1.255226	0.8620385
2784	-1422.823	-1595.18	172.3564	1.012941	0.9611344
2790	-1415.986	-1588.283	172.2964	1.289473	0.6794756
2796	-1413.641	-1586.016	172.3747	1.101596	0.8407723
2802	-1413.089	-1585.676	172.5872	0.771479	0.9721693
2808	-1406.775	-1579.267	172.4918	0.9325678	0.9017152
2814	-1402.478	-1574.961	172.4838	1.090068	0.7013369
2820	-1394.086	-1566.284	172.1985	1.250869	0.8731501
2826	-1411.761	-1583.888	172.1262	1.360238	0.8281857
2832	-1417.951	-1590.389	172.4379	1.046428	0.830788
2838	-1412.913	-1585.35	172.4369	0.8993019	0.9950226
2844	-1404.882	-1577.411	172.5288	0.7436739	1.057207
2850	-1399.135	-1571.213	172.0774	1.313069	0.9388845
2856	-1404.346	-1576.672	172.3264	1.146207	0.8452594
2862	-1410.555	-1583.12	172.5645	0.9081272	0.8452594
2868	-1398.447	-1570.644	172.197	1.085126	1.048013
2874	-1406.773	-1579.443	172.6693	0.7441567	0.913879
2880	-1401.994	-1574.585	172.591	0.817668	0.9191492
2886	-1413.996	-1586.406	172.4099	1.020731	0.8946829
2892	-1406.749	-1579.067	172.3181	1.126738	0.8784412
2898	-1394.041	-1566.173	172.132	1.218384	0.9806803
2904	-1389.896	-1562.403	172.5068	0.9196534	0.8993508
2910	-1396.805	-1568.835	172.0306	1.503327	0.7642109
2916	-1398.452	-1570.736	172.2838	1.248985	0.7658325
2922	-1392.48	-1564.848	172.3681	0.9726223	0.9905287
2928	-1404.863	-1577.51	172.6468	0.6367326	1.046655
2934	-1402.308	-1574.331	172.0223	1.338898	0.9696039
2940	-1390.288	-1562.748	172.4607	1.084456	0.7476071
2946	-1396.159	-1568.085	171.9265	1.460473	0.942621
2952	-1399.443	-1571.909	172.4659	0.9857631	0.8703968
2958	-1409.176	-1581.619	172.4424	0.9989071	0.8825001
2964	-1416.362	-1588.683	172.3211	0.7898234	1.202276
2970	-1408.409	-1580.23	171.8212	1.218536	1.26222
2976	-1407.15	-1579.66	172.5102	0.8676107	0.9522832
2982	-1403.998	-1575.853	171.854	1.586568	0.883288
2988	-1405.323	-1577.113	171.7902	1.586568	0.9533641
2994	-1406.148	-1577.896	171.7472	1.586568	0.9975188
3000	-1403.91	-1575.625	171.715	1.703147	0.9086548
3006	-1390.787	-1563.144	172.3571	1.061113	0.9086548
3012	-1397.352	-1569.503	172.151	1.338413	0.8243761
3018	-1403.74	-1575.927	172.1871	1.368929	0.7308138
3024	-1398.365	-1570.331	171.9654	1.53992	0.8036912
3030	-1393.707	-1565.8	172.0931	1.326786	0.906746
3036	-1394.065	-1566.5	172.4348	1.098872	0.7645788
3042	-1403.774	-1576.213	172.4391	1.118111	0.7290576
3048	-1408.395	-1580.782	172.3866	1.118111	0.8045583
3054	-1405.509	-1577.839	172.33	1.197182	0.7739196
3060	-1402.643	-1575.131	172.4875	0.9618366	0.8731885
3066	-1397.978	-1570.515	172.5365	0.9618366	0.8128782
3072	-1404.154	-1576.328	172.1739	1.317343	0.8220772
3078	-1408.429	-1580.461	172.032	1.500741	0.7660267
3084	-1398.701	-1570.802	172.1003	1.434199	0.7633854
3090	-1417.131	-1588.879	171.7483	1.497218	1.082564
3096	-1414.874	-1586.874	171.9997	1.45631	0.8653497
3102	-1405.862	-1577.852	171.9897	1.445869	0.8890315
3108	-1404.249	-1575.861	171.612	1.497501	1.203527
3114	-1400.171	-1572.119	171.9477	1.567538	0.7904078
3120	-1405.671	-1577.968	172.2969	0.9963123	1.037383
3126	-1404.077	-1576.484	172.4071	1.000494	0.9203614
3132	-1404.28	-1576.43	172.1499	1.378496	0.7721659
3138	-1404.363	-1576.104	171.7417	1.779989	0.7816429
3144	-1390.151	-1562.585	172.4337	0.967753	0.926992
3150	-1396.467	-1568.914	172.4478	0.7824607	1.096643
3156	-1396.369	-1568.552	172.1833	1.135891	1.011981
3162	-1403.691	-1576.026	172.3352	1.03163	0.9637701
3168	-1421.304	-1593.44	172.1367	1.281569	0.908573
3174	-1398.153	-1570.746	172.594	0.8079237	0.9265734
3180	-1407.556	-1579.379	171.8224	1.559776	0.9477333
3186	-1398.469	-1570.967	172.4985	0.9188065	0.9096204
3192	-1405.291	-1577.637	172.3458	0.8682629	1.111432
3198	-1404.518	-1576.928	172.4095	1.027464	0.8875065
3204	-1410.234	-1582.599	172.3647	1.11871	0.8319422
3210	-1403.653	-1575.952	172.2998	1.11871	0.9082879
3216	-1405.66	-1578.035	172.3753	1.086569	0.8582644
3222	-1405.551	-1577.697	172.1456	1.214059	0.9711521
3228	-1407.8	-1580.288	172.4883	0.871416	0.9711521
3234	-1404.116	-1576.859	172.7435	0.7467137	0.8233053
3240	-1391.268	-1563.407	172.139	1.243266	0.9476015
3246	-1406.574	-1578.713	172.139	1.243266	0.9476015
3252	-1409.548	-1582.034	172.486	0.8962506	0.9476015
3258	-1407.991	-1580.081	172.0899	1.227592	1.013719
3264	-1404.254	-1576.717	172.4632	1.02698	0.8233309
3270	-1418.316	-1590.706	172.3895	0.9023196	1.038713
3276	-1431.171	-1603.186	172.0142	1.188133	1.122038
3282	-1399.554	-1571.645	172.0907	1.291936	0.9471961
3288	-1412.257	-1583.894	171.6372	1.819016	0.8651011
3294	-1411.832	-1583.606	171.7741	1.496947	1.058576
3300	-1411.889	-1584.42	172.5314	0.9313488	0.8572105
3306	-1406.298	-1578.356	172.058	1.377905	0.8887321
3312	-1411.563	-1583.474	171.9108	1.474566	0.9443441
3318	-1403.3	-1575.466	172.1659	1.312459	0.8382886
3324	-1395.757	-1568.101	172.344	1.046206	0.939137
3330	-1400.793	-1573.006	172.213	1.177243	0.939137
3336	-1405.926	-1578.079	172.1531	1.07637	1.097349
3342	-1395.317	-1567.272	171.955	1.465795	0.9056998
3348	-1406.261	-1578.283	172.0217	1.465795	0.8267678
3354	-1405.125	-1577.493	172.3679	0.9628751	1.000555
3360	-1398.459	-1570.389	171.9304	1.443338	0.9566109
3366	-1403.075	-1575.175	172.1006	1.380722	0.8345665
3372	-1408.15	-1580.646	172.4953	0.8198658	1.015993
3378	-1410.324	-1581.993	171.6696	1.645572	1.015993
3384	-1406.854	-1579.221	172.3669	1.082561	0.8729953
3390	-1404.076	-1576.44	172.364	1.046966	0.9166293
3396	-1401.656	-1573.606	171.9492	1.429912	0.9509465
3402	-1416.164	-1588.304	172.1396	1.208512	0.9830452
3408	-1405.328	-1577.846	172.5181	0.8981336	0.9107769
3414	-1399.496	-1571.571	172.0753	1.317073	0.9368183
3420	-1414.521	-1587.152	172.6307	0.9320091	0.7200512
3426	-1408.636	-1580.595	171.9597	1.333593	1.037309
3432	-1407.452	-1579.41	171.9582	1.325305	1.046673
3438	-1418.974	-1590.596	171.6214	1.762062	0.9463732
3444	-1421.72	-1593.952	172.2323	1.150558	0.9469524
3450	-1424.481	-1596.987	172.5055	0.9803455	0.8289153
3456	-1412.893	-1584.844	171.9516	1.431327	0.9468562
3462	-1415.237	-1587.222	171.9852	1.462044	0.8756169
3468	-1406.375	-1578.33	171.9551	1.480387	0.889124
3474	-1401.258	-1573.492	172.2339	1.08447	1.01287
3480	-1403.658	-1574.616	170.9583	2.126105	1.224814
3486	-1399.679	-1571.5	171.8206	1.344197	1.155518
3492	-1392.848	-1565.399	172.5512	0.8948713	0.8769135
3498	-1395.642	-1568.113	172.4704	0.8738922	0.9868973
3504	-1405.355	-1577.458	172.1022	1.321036	0.9030125
3510	-1408.632	-1581.23	172.5978	0.8539224	0.8703098
3516	-1402.617	-1574.875	172.2579	1.084311	0.9890368
3522	-1398.942	-1571.185	172.2422	1.285315	0.7734079
3528	-1405.398	-1577.923	172.5257	0.9102964	0.8886176
3534	-1406.313	-1578.838	172.5257	0.9102964	0.8886176
3540	-1412.588	-1584.838	172.2498	0.9831391	1.0942
3546	-1406.539	-1577.685	171.1459	2.045357	1.131978
3552	-1400.019	-1572.269	172.2499	1.018215	1.061379
3558	-1406.903	-1579.252	172.3491	1.082806	0.8932217
3564	-1406.753	-1579.04	172.2862	1.228313	0.791442
3570	-1399.545	-1571.584	172.0381	1.350965	0.9403231
3576	-1405.531	-1577.727	172.1959	1.297175	0.8196277
3582	-1401.096	-1573.242	172.1461	1.297175	0.8801875
3588	-1411.141	-1583.022	171.8809	1.495708	0.953535
3594	-1407.979	-1580.068	172.0893	1.056266	1.172408
3600	-1410.081	-1582.45	172.3694	1.060353	0.8956645
3606	-1400.161	-1572.418	172.2572	1.17255	0.8956645
3612	-1398.82	-1571.244	172.4243	1.126197	0.73949
3618	-1402.144	-1574.222	172.0775	1.432239	0.7978926
3624	-1401.579	-1574.016	172.4372	1.085535	0.7801583
3630	-1406.082	-1578.535	172.4525	0.9103919	0.9678338
3636	-1408.346	-1580.927	172.5813	0.8179904	0.9294219
3642	-1407.252	-1579.977	172.7247	0.790805	0.7900126
3648	-1407.223	-1579.822	172.599	0.8196602	0.9081341
3654	-1416.697	-1587.868	171.1708	1.99524	1.154416
3660	-1424.044	-1595.642	171.5987	1.63499	1.093481
3666	-1417.111	-1588.726	171.6149	1.633061	1.080296
3672	-1420.388	-1592.46	172.0715	0.9451133	1.281243
3678	-1422.762	-1595.385	172.6237	0.7080431	0.9994941
3684	-1403.051	-1575.824	172.7729	0.550439	1.007932
3690	-1394.786	-1567.084	172.2982	1.243876	0.7523107
3696	-1401.217	-1573.788	172.5708	0.9392681	0.7974803
3702	-1399.468	-1571.887	172.419	0.8995372	1.012648
3708	-1405.43	-1577.652	172.2223	1.283182	0.8034747
3714	-1409.083	-1581.412	172.3291	1.119899	0.8735424
3720	-1414.261	-1586.711	172.4498	1.06261	0.7943215
3726	-1411.019	-1583.029	172.0101	1.440113	0.8721655
3732	-1407.801	-1579.725	171.9241	1.526059	0.8721655
3738	-1406.908	-1579.554	172.6467	0.8333896	0.8360667
3744	-1399.242	-1571.434	172.1919	1.265617	0.8634829
3750	-1398.939	-1571.352	172.4129	1.048889	0.8584031
3756	-1411.758	-1584.265	172.5072	0.8577544	0.9657596
3762	-1420.818	-1593.158	172.3393	0.8675166	1.118008
3768	-1417.52	-1590.116	172.5963	0.7278984	1.007073
3774	-1414.951	-1587.19	172.2389	1.237096	0.84114
3780	-1420.959	-1592.215	171.2562	1.898046	1.164778
3786	-1427.366	-1599.339	171.9732	1.452676	0.9000119
3792	-1424.42	-1596.128	171.7081	1.704664	0.914638
3798	-1418.335	-1589.828	171.4931	1.925214	0.9085555
3804	-1410.519	-1582.938	172.4197	1.098576	0.7862256
3810	-1406.063	-1578.321	172.2573	1.119606	0.9532852
3816	-1405.163	-1577.505	172.3424	1.107964	0.8719707
3822	-1400.236	-1572.396	172.1603	1.33882	0.8118353
3828	-1407.897	-1579.518	171.6208	1.864315	0.829838
3834	-1408.117	-1580.675	172.5585	0.7047312	1.065958
3840	-1410.225	-1582.787	172.5618	0.7928443	0.9764039
3846	-1409.892	-1582.107	172.2147	1.343748	0.7269551
3852	-1405.016	-1577.272	172.2557	1.195636	0.8707529
3858	-1406.338	-1578.665	172.3274	1.065361	0.9363889
3864	-1405.752	-1578.088	172.3353	1.247824	0.6845951
3870	-1400.227	-1572.45	172.2238	1.20479	0.8970404
3876	-1408.432	-1579.897	171.4658	1.750718	1.109188
3882	-1400.573	-1572.596	172.0225	1.401535	0.9020839
3888	-1408.647	-1581.321	172.6741	0.7940256	0.8507543
3894	-1402.216	-1574.994	172.7774	0.6422442	0.9070756
3900	-1397.493	-1570.031	172.5384	0.8812333	0.9070756
3906	-1408.94	-1581.419	172.4794	0.8797195	0.9718018
3912	-1402.785	-1575.056	172.2713	1.108648	0.9500915
3918	-1399.629	-1571.948	172.3191	1.016701	0.9954317
3924	-1400.686	-1572.551	171.8651	1.610351	0.8417994
3930	-1402.821	-1575.074	172.2533	1.189217	0.8810688
3936	-1400.776	-1573.464	172.6877	0.7078538	0.9333742
3942	-1407.178	-1579.352	172.1736	1.153525	1.004149
3948	-1411.132	-1582.657	171.525	1.947046	0.8460613
3954	-1396.004	-1568.094	172.0898	1.232856	1.008613
3960	-1396.707	-1568.845	172.138	1.335753	0.8438663
3966	-1403.232	-1575.681	172.4497	0.9274223	0.952989
3972	-1407.224	-1578.463	171.2391	1.992825	1.095099
3978	-1397.861	-1569.034	171.1725	2.042095	1.110938
3984	-1393.911	-1566.331	172.4198	0.9697791	0.93979
3990	-1395.607	-1568.431	172.8245	0.6144541	0.8851341
3996	-1392.051	-1563.931	171.8793	1.486044	0.9653214
4002	-1393.966	-1566.177	172.2111	1.167978	0.9509809
4008	-1402.234	-1573.98	171.7464	1.560878	1.023709
4014	-1401.916	-1573.584	171.6684	1.638941	1.023709
4020	-1404.355	-1576.509	172.1539	1.21747	0.9590074
4026	-1405.4	-1577.605	172.2046	1.254349	0.8617948
4032	-1407.205	-1579.408	172.2026	1.241844	0.8788875
4038	-1406.619	-1578.897	172.2775	1.094369	0.9585284
4044	-1410.175	-1582.498	172.3236	1.039794	0.9673491
4050	-1413.198	-1584.84	171.6418	1.773254	0.9121737
4056	-1408.189	-1579.8	171.6102	1.789511	0.9289189
4062	-1417.486	-1589.682	172.1955	1.336874	0.7664907
4068	-1415.934	-1588.074	172.1396	1.182524	1.009118
4074	-1406.003	-1578.371	172.3683	1.179146	0.7442512
4080	-1399.046	-1571.573	172.5266	0.9728599	0.8114898
4086	-1402.014	-1574.628	172.6142	0.6652638	1.050596
4092	-1408.582	-1581.279	172.6969	0.6870874	0.9457606
4098	-1408.848	-1581.064	172.2162	1.15365	0.9606795
4104	-1401.518	-1573.824	172.3054	1.159302	0.8549353
4110	-1406.094	-1578.498	172.4037	1.159302	0.7197137
4116	-1397.423	-1569.834	172.4116	1.124918	0.7604498
4122	-1387.498	-1559.556	172.0576	1.481348	0.7568537
4128	-1408.836	-1580.894	172.0576	1.481348	0.7568537
4134	-1397.986	-1570.365	172.379	1.022668	0.9267462
4140	-1408.981	-1581.68	172.6992	0.7925474	0.821396
4146	-1400.075	-1572.296	172.2215	1.270254	0.821396
4152	-1402.878	-1575.428	172.5506	0.8953496	0.8770776
4158	-1396.593	-1568.972	172.3794	0.9571367	0.9947753
4164	-1408.842	-1580.993	172.1506	1.242397	0.9361809
4170	-1392.491	-1564.6	172.1081	1.373856	0.8337302
4176	-1406.65	-1579.351	172.7013	0.6509898	0.9787595
4182	-1408.766	-1581.351	172.5849	0.6496134	1.092729
4188	-1407.39	-1580.32	172.9293	0.5748629	0.8053256
4194	-1397.232	-1569.432	172.2001	1.170832	0.9595291
4200	-1396.131	-1567.648	171.5168	1.854064	0.9595291
4206	-1398.358	-1569.378	171.0198	2.102165	1.192799
4212	-1406.192	-1578.04	171.8479	1.587213	0.8895762
4218	-1412.172	-1584.116	171.9441	1.428724	0.9574984
4224	-1402.459	-1574.927	172.468	0.9716563	0.8843302
4230	-1406.609	-1579.236	172.6264	0.7683956	0.9342196
4236	-1415.05	-1587.511	172.4615	0.9333379	0.9342196
4242	-1414.734	-1586.409	171.6747	1.5354	1.115023
4248	-1403.339	-1575.215	171.8769	1.654156	0.7683951
4254	-1404.962	-1577.485	172.5222	0.9901835	0.7943092
4260	-1408.111	-1577.171	169.0596	2.622362	2.224406
4266	-1409.214	-1578.018	168.8042	2.729148	2.319657
4272	-1414.909	-1583.323	168.4143	2.729148	2.564858
4278	-1410.339	-1579.439	169.1002	2.729148	2.128737
4284	-1418.04	-1587.049	169.0091	2.686722	2.215467
4290	-1409.179	-1581.616	172.437	1.073653	0.7966029
4296	-1412.364	-1583.956	171.5918	1.720355	1.018948
4302	-1403.85	-1576.16	172.3107	1.139817	0.871715
4308	-1403.22	-1575.035	171.8153	1.627021	0.8812733
4314	-1409.799	-1581.825	172.0256	1.46284	0.8255476
4320	-1399.397	-1571.642	172.2451	1.276599	0.7816161
4326	-1407.787	-1579.489	171.7026	1.65403	0.9743354
4332	-1415.45	-1587.907	172.4572	0.8994261	0.9743354
4338	-1417.087	-1589.666	172.5787	0.9230947	0.8083409
4344	-1413.916	-1586.114	172.198	0.9293791	1.188139
4350	-1392.741	-1564.735	171.9947	1.286244	1.049147
4356	-1397.406	-1569.244	171.8381	1.474877	1.018132
4362	-1398.755	-1570.565	171.8096	1.565923	0.9546816
4368	-1406.53	-1578.248	171.7178	1.565923	1.046514
4374	-1416.48	-1588.084	171.6039	1.685258	1.041296
4380	-1414.084	-1586.164	172.0801	1.291824	0.9584681
4386	-1410.447	-1582.615	172.168	1.307791	0.8413463
4392	-1422.572	-1594.161	171.5885	1.766662	0.9758739
4398	-1414.492	-1586.89	172.3988	0.9458387	0.9865541
4404	-1422.925	-1595.357	172.4318	1.012709	0.8787516
4410	-1408.907	-1581.309	172.402	1.1128	0.7909911
4416	-1413.651	-1586.186	172.5352	0.8359892	0.9592814
4422	-1421.116	-1594.075	172.9588	0.5290895	0.8263328
4428	-1413.247	-1584.959	171.712	1.689954	0.9264736
4434	-1407.922	-1580.906	172.984	0.4707685	0.8667515
4440	-1401.644	-1574.301	172.6571	0.7776458	0.8899843
4446	-1400.645	-1573.014	172.3684	1.193088	0.7220893
4452	-1406.933	-1579.227	172.294	1.135283	0.8962535
4458	-1404.602	-1576.864	172.2618	1.167452	0.8962535
4464	-1401.834	-1574.184	172.3494	1.066313	0.9114017
4470	-1414.492	-1586.274	171.7826	1.699399	0.8336858
4476	-1422.682	-1594.292	171.6104	1.699399	1.021226
4482	-1411.173	-1582.146	170.9724	2.004474	1.313622
4488	-1401.07	-1573.722	172.6514	0.7197889	0.9592508
4494	-1403.107	-1575.413	172.3063	1.001762	1.023004
4500	-1401.426	-1572.84	171.4136	1.87011	1.046563
4506	-1407.15	-1579.502	172.3517	1.213611	0.7157563
4512	-1393.216	-1565.261	172.0455	1.286964	0.9988021
4518	-1396.937	-1569.14	172.2028	1.286964	0.8238617
4524	-1411.256	-1583.459	172.2025	1.284184	0.827766
4530	-1403.828	-1576.143	172.3148	1.025611	0.9908699
4536	-1398.774	-1570.446	171.6728	1.614303	1.043272
4542	-1402.853	-1575.032	172.1795	1.304423	0.8312659
4548	-1403.382	-1575.188	171.8061	1.665341	0.8467424
4554	-1412.331	-1583.945	171.6144	1.722542	0.994344
4560	-1407.752	-1580.232	172.4796	1.076929	0.7300397
4566	-1403.925	-1576.211	172.2858	1.118246	0.9241763
4572	-1401.696	-1573.003	171.3064	1.885249	1.131616
4578	-1396.926	-1569.448	172.5222	0.9857858	0.8002535
4584	-1402.649	-1574.575	171.9263	1.495562	0.9045639
4590	-1399.46	-1571.829	172.3688	1.063029	0.8932696
4596	-1393.384	-1565.798	172.4146	1.116782	0.7678666
4602	-1404.386	-1576.61	172.2233	1.074203	1.033193
4608	-1399.953	-1571.896	171.9432	1.535024	0.8384204
4614	-1403.181	-1574.907	171.7267	1.758779	0.8293157
4620	-1403.126	-1575.553	172.4269	1.077314	0.805182
4626	-1394.755	-1567.094	172.3384	0.8289328	1.153273
4632	-1409.991	-1582.068	172.0763	1.431398	0.8005572
4638	-1403.287	-1575.511	172.2244	1.085113	1.021517
4644	-1393.064	-1565.445	172.3805	1.122782	0.8064743
4650	-1393.355	-1565.798	172.4439	1.004415	0.874309
4656	-1397.225	-1569.669	172.4439	1.004415	0.874309
4662	-1392.204	-1564.585	172.3807	1.067614	0.874309
4668	-1404.053	-1575.825	171.7723	1.716184	0.825551
4674	-1397.438	-1569.344	171.9059	1.515068	0.9055332
4680	-1400.401	-1573.135	172.7346	0.765035	0.8111769
4686	-1402.652	-1573.954	171.3023	2.021722	1.007268
4692	-1409.25	-1581.087	171.8374	1.505322	0.9885018
4698	-1402.997	-1574.928	171.9314	1.505322	0.8876952
4704	-1406.047	-1578.313	172.2652	1.113772	0.9511241
4710	-1403.81	-1576.398	172.588	0.9353007	0.7793513
4716	-1408.731	-1580.883	172.1519	1.392261	0.7491333
4722	-1395.791	-1568.029	172.2379	1.213941	0.8702431
4728	-1403.54	-1575.565	172.0249	1.426924	0.8702431
4734	-1402.062	-1574.144	172.0822	1.39769	0.8363345
4740	-1407.745	-1579.802	172.0563	1.39769	0.8677094
4746	-1411.763	-1583.797	172.0337	1.331619	0.9653914
4752	-1401.214	-1573.446	172.2315	1.044996	1.053371
4758	-1401.617	-1573.856	172.2388	1.229179	0.8509029
4764	-1409.934	-1582.495	172.5606	0.9074253	0.8509029
4770	-1407.538	-1579.802	172.2639	1.274431	0.7578598
4776	-1403.901	-1576.297	172.3959	1.09058	0.8280692
4782	-1414.91	-1587.805	172.8949	0.4496426	0.9866202
4788	-1410.022	-1582.432	172.4098	1.069272	0.8373708
4794	-1412.663	-1584.993	172.3303	1.089961	0.9063801
4800	-1412.107	-1583.762	171.6551	1.466573	1.193054
4806	-1411.905	-1584.412	172.5074	1.020553	0.7728498
4812	-1402.806	-1575.238	172.4327	1.068593	0.808979
4818	-1400.014	-1572.61	172.5951	0.8407801	0.8887641
4824	-1405.126	-1577.252	172.1261	1.32735	0.8682616
4830	-1410.335	-1582.626	172.2914	1.162123	0.8682616
4836	-1409.545	-1581.723	172.1777	1.280184	0.8630832
4842	-1414.268	-1586.758	172.49	1.113382	0.6437044
4848	-1417.252	-1589.771	172.5189	0.9663561	0.8296541
4854	-1406.984	-1579.081	172.097	1.426964	0.7783955
4860	-1412.104	-1584.674	172.5702	0.7992183	0.9610894
4866	-1402.625	-1574.887	172.2622	1.13245	0.9344277
4872	-1396.938	-1568.905	171.9674	1.45749	0.9011559
4878	-1401.867	-1573.844	171.977	1.461877	0.8852802
4884	-1396.876	-1569.049	172.1728	1.327296	0.810547
4890	-1402.15	-1574.763	172.613	0.7950336	0.9198037
4896	-1401.238	-1573.414	172.1764	1.322856	0.8116614
4902	-1410.527	-1582.61	172.083	1.306894	0.9394874
4908	-1398.031	-1570.167	172.1357	1.420981	0.7298584
4914	-1406.326	-1578.822	172.4955	0.8541284	0.9815096
4920	-1398.276	-1569.814	171.5382	1.792175	1.000863
4926	-1391.477	-1563.598	172.1204	1.379499	0.8109111
4932	-1401.05	-1573.582	172.5318	0.9499675	0.8339657
4938	-1396.146	-1568.75	172.6033	0.7610405	0.9663238
4944	-1405.38	-1577.598	172.2178	1.252697	0.8478333
4950	-1408.93	-1581.014	172.0841	1.226241	1.020778
4956	-1408.91	-1581.443	172.5335	0.9188726	0.8696422
4962	-1401.502	-1573.591	172.089	1.17657	1.063788
4968	-1409.606	-1581.981	172.3747	0.9553021	1.001288
4974	-1406.509	-1579.026	172.517	1.002938	0.784055
4980	-1404.415	-1576.762	172.3465	1.030595	0.9530532
4986	-1405.652	-1578.145	172.4934	1.030455	0.77858
4992	-1409.989	-1582.662	172.6735	0.7907166	0.8554918
4998	-1416.712	-1588.878	172.1666	1.253596	0.9064564
5004	-1412.528	-1584.982	172.4533	0.9668224	0.9064564
5010	-1408.035	-1580.06	172.0255	1.50064	0.7753724
5016	-1403.436	-1576.043	172.6064	0.839153	0.8775689
5022	-1410.352	-1582.963	172.6109	0.8346441	0.8775689
5028	-1395.239	-1567.657	172.4182	0.9155554	0.997552
5034	-1394.914	-1566.687	171.7728	1.582682	0.9754713
5040	-1398.135	-1570.44	172.3051	1.171882	0.8398968
5046	-1392.06	-1564.643	172.583	0.8503491	0.8916112
5052	-1399.714	-1571.496	171.7825	1.623047	0.9225595
5058	-1399.765	-1572.273	172.5082	0.807736	1.015248
5064	-1396.366	-1568.958	172.5926	0.9634032	0.7309242
5070	-1397.72	-1570.389	172.669	0.6784593	0.9837118
5076	-1411.405	-1583.653	172.2478	1.099608	0.9837118
5082	-1413.609	-1584.259	170.6493	2.246517	1.378063
5088	-1410.867	-1581.08	170.2128	2.408805	1.585181
5094	-1412.92	-1583.321	170.4013	2.408805	1.444421
5100	-1420.919	-1590.845	169.926	2.487479	1.73416
5106	-1408.043	-1577.987	169.9441	2.487479	1.721396
5112	-1414.395	-1586.295	171.9001	1.572418	0.8454025
5118	-1410.646	-1582.846	172.2006	1.038092	1.088872
5124	-1411.983	-1584.284	172.3005	1.014984	1.015633
5130	-1409.678	-1581.332	171.654	1.656122	1.020896
5136	-1410.982	-1583.501	172.5192	1.016399	0.7617482
5142	-1403.471	-1575.692	172.221	1.314656	0.7617482
5148	-1404.562	-1576.762	172.1992	1.196104	0.9336273
5154	-1401.068	-1573.15	172.0825	1.324284	0.9212253
5160	-1398.708	-1570.836	172.1273	1.300284	0.8981621
5166	-1386.587	-1558.557	171.9705	1.455312	0.9000943
5172	-1383.261	-1555.608	172.3464	1.059328	0.9224004
5178	-1390.074	-1562.187	172.1131	1.274559	0.9419054
5184	-1409.155	-1581.775	172.6199	0.8177821	0.8866607
5190	-1405.416	-1577.427	172.0114	1.502136	0.7927699
5196	-1400.679	-1573.085	172.4062	1.001227	0.9205225
5202	-1398.411	-1570.655	172.244	1.275251	0.7850123
5208	-1396.855	-1569.45	172.5952	0.7119234	1.023835
5214	-1396.707	-1568.385	171.6774	1.709365	0.9427788
5220	-1403.353	-1575.74	172.3871	1.033061	0.906462
5226	-1404.477	-1576.649	172.1719	1.059003	1.096061
5232	-1395.874	-1567.689	171.8148	1.66198	0.8402065
5238	-1399.288	-1571.017	171.7283	1.66198	0.9390462
5244	-1391.809	-1563.922	172.1132	1.281882	0.9339424
5250	-1389.947	-1562.53	172.5838	0.9127401	0.8151701
5256	-1386.87	-1559.399	172.5282	0.8555065	0.9460368
5262	-1401.584	-1573.633	172.0487	1.290338	0.9921832
5268	-1397.86	-1570.235	172.3753	1.16131	0.7603066
5274	-1410.301	-1582.599	172.2978	1.16131	0.8616494
5280	-1414.568	-1586.831	172.2631	1.207617	0.8475731
5286	-1407.174	-1579.369	172.194	1.391849	0.6795053
5292	-1409.675	-1581.846	172.1702	1.174398	0.9866019
5298	-1397.538	-1569.96	172.4222	0.8195247	1.086077
5304	-1410.156	-1582.199	172.0424	1.332446	0.95542
5310	-1407.09	-1579.359	172.2695	1.058567	1.003198
5316	-1403.372	-1575.857	172.485	0.9943515	0.8369897
5322	-1402.059	-1574.271	172.2121	1.192381	0.9236905
5328	-1406.966	-1579.141	172.1755	1.192595	0.9624372
5334	-1410.51	-1581.147	170.6367	2.084354	1.511711
5340	-1416.585	-1588.557	171.9721	1.311255	1.046899
5346	-1403.273	-1575.753	172.4798	0.9896448	0.8491774
5352	-1402.58	-1574.909	172.3284	1.188684	0.7878804
5358	-1412.886	-1584.686	171.8006	1.673928	0.8429621
5364	-1401.282	-1572.849	171.5673	1.830632	0.9308082
5370	-1397.776	-1570.088	172.3118	0.9885238	1.0305
5376	-1394.34	-1566.041	171.701	1.63978	0.9904929
5382	-1392.66	-1564.52	171.8604	1.527317	0.9417535
5388	-1390.104	-1562.434	172.3296	1.062005	0.9376946
5394	-1392.819	-1564.951	172.1318	1.361214	0.8197508
5400	-1400.143	-1572.618	172.4745	0.9189388	0.9356768
5406	-1404.379	-1576.929	172.5497	0.801913	0.9794531
5412	-1404.295	-1575.837	171.5423	1.845059	0.9421834
5418	-1405.185	-1577.175	171.99	1.463437	0.8683561
5424	-1405.78	-1578.056	172.2767	1.176679	0.8683561
5430	-1403.543	-1575.769	172.2259	1.176679	0.9258584
5436	-1402.314	-1574.833	172.519	0.9665136	0.8293221
5442	-1405.81	-1578.102	172.2914	1.194064	0.8293221
5448	-1406.656	-1578.978	172.3219	1.128984	0.8713278
5454	-1413.42	-1585.347	171.9269	1.439278	0.9644646
5460	-1415.805	-1588.208	172.4026	1.058363	0.8593938
5466	-1414.587	-1587.105	172.5178	0.905905	0.9025339
5472	-1397.641	-1570.058	172.417	1.017449	0.8903831
5478	-1410.446	-1582.671	172.2253	1.017449	1.085078
5484	-1417.772	-1590.413	172.6414	0.8935921	0.7626675
5490	-1395.526	-1568.347	172.8209	0.6978141	0.7856452
5496	-1401.311	-1573.963	172.6518	0.6978141	0.9814483
5502	-1406.114	-1578.867	172.7528	0.6830505	0.8887771
5508	-1405.458	-1578.103	172.6451	0.6070815	1.076282
5514	-1398.816	-1571.188	172.3722	0.9435287	1.015462
5520	-1400.927	-1573.38	172.4536	0.9435287	0.9317129
5526	-1415.151	-1587.042	171.8908	1.506322	0.9317129
5532	-1416.716	-1589.096	172.3808	1.025304	0.9220048
5538	-1410.753	-1583.167	172.4141	1.047612	0.8585233
5544	-1408.481	-1580.343	171.8612	1.472419	0.9977076
5550	-1402.575	-1574.829	172.2542	1.129479	0.9460803
5556	-1401.035	-1573.616	172.5806	0.8439084	0.9016399
5562	-1411.101	-1583.522	172.4212	1.003282	0.9016399
5568	-1406.439	-1578.341	171.9022	1.611076	0.7930776
5574	-1402.282	-1574.761	172.4791	1.034198	0.7930776
5580	-1399.032	-1571.305	172.273	1.073674	0.984495
5586	-1404.471	-1576.589	172.1186	1.331926	0.8717169
5592	-1405.531	-1577.665	172.1348	1.365818	0.8099645
5598	-1407.67	-1579.654	171.9833	1.597586	0.6888146
5604	-1402.157	-1573.992	171.8356	1.597586	0.8917969
5610	-1409.129	-1581.388	172.2595	1.081416	0.9903292
5616	-1403.107	-1574.48	171.3732	1.988085	0.969514
5622	-1410.96	-1581.913	170.9529	2.194678	1.170619
5628	-1409.508	-1580.17	170.6621	2.194678	1.408532
5634	-1407.344	-1579.919	172.5756	0.940193	0.7897497
5640	-1390.357	-1562.686	172.3289	1.176148	0.8040889
5646	-1398.969	-1571.048	172.0789	1.253945	0.9984283
5652	-1411.611	-1583.769	172.1579	1.162793	1.010563
5658	-1408.407	-1580.83	172.4239	0.9228529	0.9843606
5664	-1395.163	-1567	171.8372	1.644894	0.8336054
5670	-1394.783	-1566.942	172.1587	1.255333	0.913304
5676	-1391.68	-1563.587	171.9076	1.356913	1.064771
5682	-1406.143	-1578.524	172.3807	1.123378	0.8054137
5688	-1409.326	-1581.095	171.7688	1.614881	0.9460842
5694	-1408.032	-1580.336	172.3048	1.236097	0.7540754
5700	-1404.734	-1576.819	172.0848	1.365233	0.8723024
5706	-1399.18	-1571.038	171.8586	1.541749	0.9282485
5712	-1411.427	-1583.918	172.4903	0.7943868	1.045568
5718	-1407.858	-1580.031	172.173	1.310994	0.8312399
5724	-1412.672	-1584.849	172.1778	1.252296	0.8952741
5730	-1409.307	-1581.387	172.0801	1.224647	1.026162
5736	-1406.688	-1578.923	172.2351	1.149341	0.9452835
5742	-1396.69	-1569.056	172.3667	1.068552	0.8894083
5748	-1402.273	-1574.049	171.7761	1.663546	0.8843692
5754	-1403.537	-1575.999	172.4619	0.944625	0.9214738
5760	-1396.398	-1568.223	171.8251	1.668131	0.8194439
5766	-1415.337	-1587.741	172.404	1.071558	0.8416699
5772	-1419.635	-1591.416	171.7816	1.641287	0.903433
5778	-1407.039	-1579.277	172.2382	1.253222	0.8217532
5784	-1401.36	-1574.04	172.6793	0.7105802	0.9394676
5790	-1404.432	-1576.419	171.9875	1.396537	0.9457399
5796	-1416.015	-1587.854	171.839	1.54505	0.9457399
5802	-1418.203	-1590.696	172.4937	0.9852838	0.8374184
5808	-1408.175	-1581.096	172.9205	0.5585588	0.8374184
5814	-1393.213	-1565.738	172.5248	0.6284651	1.16567
5820	-1397.407	-1569.223	171.8166	1.589004	0.9225477
5826	-1404.23	-1576.463	172.2336	1.246639	0.8358819
5832	-1413.823	-1585.787	171.964	1.41648	0.949519
5838	-1393.976	-1566.395	172.4186	1.10122	0.7841504
5844	-1397.685	-1570.068	172.3834	1.10122	0.8304513
5850	-1398.748	-1571.087	172.3385	1.10122	0.8842873
5856	-1396.15	-1568.29	172.1402	1.2382	0.951642
5862	-1403.945	-1576.28	172.3347	1.061768	0.9324326
5868	-1404.789	-1577.444	172.6554	0.6982364	0.9773847
5874	-1399.435	-1571.895	172.4603	0.9486696	0.9188508
5880	-1391.334	-1563.888	172.5539	0.9857843	0.7557791
5886	-1396.099	-1568.24	172.1402	1.289666	0.8955789
5892	-1405.347	-1577.631	172.2841	1.202212	0.8282408
5898	-1397.084	-1569.38	172.2965	1.202212	0.8123989
5904	-1389.622	-1562.306	172.6843	0.772636	0.8642253
5910	-1399.025	-1570.811	171.7858	1.541426	1.004019
5916	-1402.96	-1574.98	172.0199	1.185984	1.118852
5922	-1409.454	-1580.994	171.5399	1.391477	1.350008
5928	-1413.083	-1585.501	172.4173	0.594337	1.285333
5934	-1403.358	-1575.355	171.9967	1.36462	0.9694818
5940	-1397.655	-1570.167	172.5124	0.8883032	0.9278586
5946	-1411.767	-1583.833	172.0661	1.112549	1.143245
5952	-1411.134	-1583.156	172.0214	1.157237	1.143245
5958	-1415.456	-1588.38	172.9245	0.4272939	0.9793138
5964	-1406.101	-1578.914	172.8131	0.5979112	0.9166232
5970	-1394.645	-1566.936	172.2906	1.077634	0.9623065
5976	-1399.821	-1571.25	171.4289	1.705585	1.182045
5982	-1393.584	-1566.079	172.4955	0.9270599	0.9037514
5988	-1393.691	-1565.637	171.9455	1.502833	0.8742691
5994	-1396.803	-1569.174	172.3711	1.193045	0.7177101
6000	-1386.258	-1558.443	172.1846	1.26318	0.87497
6006	-1400.778	-1573.373	172.5951	0.6909878	1.044267
6012	-1395.627	-1567.602	171.975	1.363756	0.9925217
6018	-1402.776	-1574.61	171.8338	1.573827	0.9203213
6024	-1396.532	-1569.003	172.4703	0.8984209	0.9618222
6030	-1396.385	-1568.35	171.965	1.483147	0.8745042
6036	-1409.769	-1581.671	171.9016	1.483147	0.9449828
6042	-1409.039	-1581.397	172.358	1.089581	0.8752319
6048	-1406.859	-1578.98	172.1203	1.38218	0.8074457
6054	-1415.93	-1588.175	172.2457	1.264653	0.7970114
6060	-1412.587	-1585.179	172.5925	0.7098321	1.028593
6066	-1400.801	-1573.175	172.3742	1.017352	0.9376729
6072	-1406.301	-1578.626	172.3255	1.103146	0.896901
6078	-1402.434	-1574.806	172.3718	1.103146	0.8423965
6084	-1405.687	-1577.972	172.2849	1.043574	1.002769
6090	-1394.705	-1567.116	172.411	0.9422955	0.9777321
6096	-1403.744	-1576.011	172.2666	1.264905	0.7677851
6102	-1405.855	-1578.001	172.1467	1.264905	0.9158985
6108	-1406.365	-1578.998	172.6336	0.776128	0.9179924
6114	-1415.808	-1588.203	172.3954	0.9846157	0.9499895
6120	-1408.101	-1580.053	171.951	1.580533	0.7676201
6126	-1402.794	-1574.607	171.8131	1.591383	0.9237494
6132	-1411.199	-1583.47	172.2714	1.273666	0.7477478
6138	-1413.757	-1585.503	171.746	1.661397	0.920542
6144	-1401.883	-1574.549	172.666	0.741442	0.920542
6150	-1411.083	-1582.756	171.6728	1.687744	0.9702732
6156	-1402.783	-1575.058	172.2744	1.048703	1.00815
6162	-1397.644	-1569.672	172.0274	1.365579	0.9361467
6168	-1394.12	-1566.436	172.316	1.115724	0.8934035
6174	-1401.239	-1573.247	172.0078	1.43923	0.8758202
6180	-1410.944	-1583.207	172.2629	1.184172	0.8758202
6186	-1400.914	-1573.342	172.4278	1.034951	0.8573112
6192	-1398.223	-1569.689	171.4664	1.790255	1.07216
6198	-1399.192	-1571.544	172.3524	1.084282	0.8877889
6204	-1397.088	-1568.651	171.5632	1.715423	1.051385
6210	-1401.639	-1573.377	171.7386	1.564619	1.027674
6216	-1410.627	-1583.293	172.6657	0.7149241	0.949282
6222	-1402.64	-1574.825	172.1852	1.311784	0.8146413
6228	-1411.455	-1583.576	172.1211	1.311784	0.8921576
6234	-1398.82	-1571.056	172.2358	1.149752	0.9440837
6240	-1399.983	-1572.123	172.1405	1.283683	0.9019245
6246	-1404.311	-1576.235	171.9246	1.333653	1.07066
6252	-1409.005	-1581.182	172.1768	1.333653	0.796918
6258	-1402.081	-1574.276	172.1955	1.17993	0.9548256
6264	-1396.784	-1568.918	172.1342	1.17993	1.017031
6270	-1399.491	-1571.414	171.9228	1.483232	0.9220469
6276	-1402.299	-1573.916	171.6174	1.739308	0.9742117
6282	-1410.785	-1583.149	172.3645	1.018191	0.9470907
6288	-1392.946	-1564.972	172.0267	1.366762	0.9356658
6294	-1398.107	-1569.782	171.6752	1.571771	1.081204
6300	-1396.883	-1569.294	172.4113	0.8854018	1.034054
6306	-1393.009	-1565.458	172.4494	1.036726	0.8285051
6312	-1401.518	-1573.598	172.0793	1.247331	1.004621
6318	-1407.937	-1580.072	172.1348	1.247212	0.9478343
6324	-1407.889	-1580.095	172.2057	1.263558	0.8493586
6330	-1410.496	-1582.66	172.1637	1.366855	0.7690324
6336	-1403.347	-1575.472	172.1248	1.153773	1.051412
6342	-1410.4	-1582.619	172.2197	1.153773	0.9568455
6348	-1403.114	-1575.377	172.2624	1.169907	0.8927626
6354	-1401.502	-1573.645	172.1422	1.280916	0.9031389
6360	-1403.542	-1575.765	172.2234	1.280916	0.8051089
6366	-1406.115	-1578.993	172.8788	0.3935667	1.057308
6372	-1416.554	-1588.48	171.9265	1.232428	1.160681
6378	-1404.94	-1576.19	171.2492	1.939229	1.134558
6384	-1396.123	-1567.559	171.4361	1.880531	1.014593
6390	-1398.805	-1571.256	172.4507	1.06256	0.7930934
6396	-1399.92	-1572.301	172.3816	1.131715	0.7930934
6402	-1408.485	-1580.771	172.2858	1.156521	0.881322
6408	-1401.35	-1573.756	172.4056	1.159855	0.715602
6414	-1399.007	-1571.367	172.3592	1.159855	0.7851929
6420	-1397.473	-1569.974	172.5017	0.9486765	0.871956
6426	-1400.824	-1573.203	172.3795	1.154427	0.7643062
6432	-1388.392	-1560.625	172.2324	1.318801	0.738462
6438	-1390.466	-1562.828	172.3618	1.041041	0.9255524
6444	-1387.238	-1559.076	171.8382	1.463467	1.029235
6450	-1391.346	-1563.583	172.2369	1.189819	0.8991415
6456	-1392.195	-1564.297	172.1022	1.364909	0.8520228
6462	-1393.363	-1565.037	171.6738	1.68069	0.976543
6468	-1398.148	-1570.359	172.2105	1.143943	0.976543
6474	-1402.278	-1574.662	172.384	1.071954	0.8653988
6480	-1403.692	-1576.032	172.3401	1.071954	0.9154026
6486	-1396.786	-1568.414	171.6279	1.6065	1.092812
6492	-1403.571	-1575.768	172.1968	1.266157	0.8570288
6498	-1407.767	-1579.839	172.072	1.397217	0.8494269
6504	-1408.306	-1580.404	172.0981	1.37118	0.8494269
6510	-1405.262	-1576.925	171.663	1.608166	1.058516
6516	-1398.665	-1570.458	171.793	1.660696	0.8680362
6522	-1406.479	-1578.398	171.9196	1.660696	0.6898512
6528	-1401.479	-1573.219	171.7398	1.558666	1.032305
6534	-1396.769	-1568.571	171.8014	1.558666	0.9707663
6540	-1407.602	-1579.335	171.7331	1.737977	0.8472318
6546	-1410.846	-1582.792	171.9459	1.525175	0.8472318
6552	-1411.652	-1583.739	172.0867	1.353725	0.883519
6558	-1395.651	-1567.802	172.1513	1.353725	0.8041566
6564	-1395.738	-1567.888	172.1501	1.235938	0.9436283
6570	-1406.155	-1577.6	171.4444	1.809723	1.074481
6576	-1403.859	-1576.26	172.4005	0.8784442	1.05108
6582	-1405.544	-1577.977	172.4335	0.9384531	0.9584623
6588	-1405.821	-1578.033	172.2116	1.159658	0.9592077
6594	-1407.386	-1579.618	172.2311	1.221387	0.8694077
6600	-1401.962	-1574.254	172.2924	1.078814	0.9592077
6606	-1396.99	-1568.532	171.5423	1.721532	1.06539
6612	-1414.914	-1586.788	171.874	1.499911	0.9563607
6618	-1402.389	-1574.657	172.2684	1.122108	0.9388046
6624	-1410.943	-1583.56	172.6176	0.8840641	0.8085907
6630	-1406.612	-1579.212	172.6001	0.7730975	0.9570932
6636	-1392.545	-1564.677	172.1316	1.278308	0.9177443
6642	-1402.199	-1574.319	172.1197	1.270212	0.9395107
6648	-1404.599	-1577.305	172.7061	0.723802	0.8954702
6654	-1402.729	-1574.977	172.2486	1.260036	0.7992758
6660	-1397.265	-1569.739	172.474	1.110069	0.6829129
6666	-1417.897	-1589.434	171.5373	1.887916	0.9007522
6672	-1408.264	-1580.665	172.4003	1.153512	0.7343505
6678	-1405.26	-1577.338	172.0783	1.232922	1.019899
6684	-1398.612	-1571.243	172.6316	0.7801216	0.9157824
6690	-1404.698	-1576.373	171.675	1.602502	1.052473
6696	-1405.635	-1577.029	171.3939	1.8693	1.065985
6702	-1412.59	-1585.062	172.4712	0.820826	1.038553
6708	-1406.201	-1578.031	171.8303	1.482558	1.018267
6714	-1418.963	-1590.346	171.3829	1.684169	1.239423
6720	-1400.64	-1572.146	171.5059	1.856912	0.96791
6726	-1391.032	-1563.028	171.996	1.455329	0.8707619
6732	-1394.778	-1566.356	171.5781	1.712983	1.039458
6738	-1390.241	-1561.784	171.5423	1.817018	0.9715804
6744	-1401.834	-1574.532	172.698	0.7336855	0.8934769
6750	-1403.791	-1575.871	172.0801	1.270391	0.9806469
6756	-1404.536	-1576.472	171.9363	1.432651	0.9615324
6762	-1415.838	-1587.122	171.2845	2.084522	0.9615324
6768	-1398.217	-1570.692	172.4741	1.010687	0.830209
6774	-1409.939	-1581.907	171.9685	1.379115	0.983513
6780	-1409.474	-1581.843	172.3684	0.893153	1.067512
6786	-1400.903	-1572.871	171.9675	1.385285	0.9782906
6792	-1411.277	-1583.624	172.3479	1.1602	0.800075
6798	-1406.284	-1578.539	172.2553	1.1602	0.9115979
6804	-1422.273	-1593.905	171.6323	1.699937	0.9990549
6810	-1410.372	-1582.574	172.2023	1.281064	0.8320425
6816	-1415.718	-1587.798	172.0806	1.356234	0.8876551
6822	-1412.035	-1584.642	172.6065	0.9475316	0.7340167
6828	-1406.109	-1578.218	172.1084	1.402874	0.7957639
6834	-1413.886	-1586.262	172.3758	1.113889	0.8239863
6840	-1409.202	-1581.261	172.0585	1.290462	0.9821555
6846	-1398.716	-1571.16	172.4436	1.008661	0.8696628
6852	-1408.654	-1580.864	172.2103	1.221846	0.8929692
6858	-1424.692	-1597.436	172.7443	0.633877	0.9518746
6864	-1394.932	-1566.599	171.6665	1.762038	0.8970146
6870	-1404.694	-1577.033	172.3391	1.031044	0.9603791
6876	-1401.998	-1573.812	171.814	1.556106	0.9603791
6882	-1398.041	-1570.231	172.1907	1.368755	0.7254303
6888	-1407.17	-1579.551	172.3812	1.042861	0.9020781
6894	-1409.759	-1582.539	172.7799	0.7442056	0.7782393
6900	-1396.714	-1569.422	172.708	0.6180671	1.005157
6906	-1402.609	-1575.458	172.8491	0.4542213	1.027614
6912	-1405.767	-1578.576	172.8085	0.4542213	1.066438
6918	-1403.683	-1576.282	172.5989	0.9298587	0.7716814
6924	-1404.943	-1576.673	171.7304	1.572612	1.027898
6930	-1408.537	-1580.228	171.691	1.673146	0.9666022
6936	-1411.806	-1584.379	172.5726	0.8756415	0.8743754
6942	-1404.212	-1576.535	172.3232	1.098503	0.9047298
6948	-1405.183	-1577.196	172.0134	1.183837	1.126668
6954	-1407.989	-1580.528	172.5392	0.8385203	0.9523409
6960	-1396.693	-1568.357	171.6643	1.529483	1.129756
6966	-1395.808	-1568.302	172.4935	1.02037	0.7922883
6972	-1407.736	-1580.096	172.3593	0.9220656	1.048797
6978	-1400.86	-1573.185	172.3244	1.082558	0.9210555
6984	-1400.902	-1573.221	172.3181	1.143948	0.8580765
6990	-1408.798	-1581.186	172.3886	1.143948	0.7663029
6996	-1412.466	-1584.36	171.8942	1.393333	1.042821
7002	-1406.279	-1578.416	172.137	1.266353	0.9249729
7008	-1400.695	-1572.824	172.1282	1.266353	0.9344821
7014	-1406.973	-1579.311	172.3382	1.057189	0.9335758
7020	-1412.547	-1584.783	172.2359	1.128292	0.9664858
7026	-1400.883	-1572.912	172.0288	1.414224	0.8805012
7032	-1397.572	-1570.079	172.5066	0.8779199	0.9452573
7038	-1391.003	-1562.477	171.4738	1.829678	1.027435
7044	-1412.875	-1585.339	172.464	1.007988	0.8460836
7050	-1402.551	-1574.62	172.0687	1.164782	1.0937
7056	-1407.763	-1579.798	172.0353	1.197979	1.093843
7062	-1397.531	-1569.554	172.023	1.262353	1.044968
7068	-1398.279	-1570.789	172.51	0.9401615	0.8722214
7074	-1402.441	-1574.377	171.9364	1.435863	0.9580784
7080	-1398.898	-1570.782	171.8843	1.534527	0.9078849
7086	-1400.971	-1572.834	171.8631	1.524985	0.941363
7092	-1400.129	-1572.142	172.0136	1.406058	0.9070364
7098	-1405.916	-1577.992	172.076	1.451271	0.7736891
7104	-1407.836	-1579.68	171.8441	1.537885	0.9478657
7110	-1409.317	-1581.377	172.0607	1.386221	0.8759775
7116	-1403.725	-1575.842	172.1175	1.317264	0.8900188
7122	-1411.702	-1583.938	172.2367	1.317264	0.7341285
7128	-1408.829	-1581.439	172.6095	0.6782116	1.042681
7134	-1396.374	-1568.505	172.131	1.413906	0.7480998
7140	-1396.999	-1569.12	172.1207	1.206742	1.003834
7146	-1396.371	-1568.449	172.0785	1.248973	1.003834
7152	-1406.713	-1578.746	172.0325	1.469762	0.8077171
7158	-1419.464	-1591.474	172.0104	1.520624	0.7684039
7164	-1411.318	-1583.471	172.1537	1.257069	0.9168777
7170	-1418.04	-1590.45	172.4099	1.138848	0.7421389
7176	-1403.729	-1575.949	172.2197	1.240267	0.8605855
7182	-1412.241	-1584.468	172.2273	1.237315	0.8550768
7188	-1400.145	-1572.763	172.6179	0.839491	0.8636983
7194	-1401.2	-1573.797	172.597	0.8942497	0.8220414
7200	-1397.551	-1569.595	172.0446	1.449062	0.8189046
7206	-1422.272	-1594.605	172.3328	1.025799	0.9722683
7212	-1410.389	-1582.178	171.7895	1.672608	0.8580416
7218	-1404.802	-1576.786	171.9842	1.399643	0.9459371
7224	-1405.644	-1577.514	171.8702	1.480194	0.9806735
7230	-1411.758	-1584.303	172.545	0.8673754	0.9151057
7236	-1402.427	-1574.64	172.2126	1.262552	0.8421486
7242	-1410.203	-1582.033	171.8303	1.500344	1.000637
7248	-1416.722	-1588.966	172.2444	1.296294	0.7542634
7254	-1406.916	-1579.133	172.2173	1.128282	0.98562
7260	-1404.393	-1577.008	172.615	0.8504722	0.8539791
7266	-1410.764	-1582.874	172.1105	1.345197	0.8656279
7272	-1401.618	-1573.691	172.0728	1.262867	0.995621
7278	-1410.771	-1583.081	172.3101	1.202393	0.7942259
7284	-1405.957	-1578.328	172.3711	1.067663	0.8853961
7290	-1409.361	-1581.654	172.2929	1.179039	0.846087
7296	-1403.524	-1575.891	172.3668	1.179039	0.7466827
7302	-1403.838	-1575.963	172.1258	1.179039	1.026138
7308	-1407.207	-1579.417	172.2092	1.283818	0.8197233
7314	-1399.877	-1571.623	171.7467	1.736152	0.8325737
7320	-1405.203	-1577.466	172.2628	1.196456	0.861434
7326	-1421.145	-1592.421	171.276	1.906886	1.139522
7332	-1407.939	-1580.158	172.2197	1.181842	0.9268923
7338	-1405.846	-1577.975	172.1286	1.433831	0.7205649
7344	-1411.893	-1583.988	172.0945	1.235492	1.00133
7350	-1405.098	-1577.498	172.4	1.092558	0.8203423
7356	-1397.716	-1568.802	171.0862	2.097685	1.138636
7362	-1403.268	-1574.28	171.0125	2.097685	1.202898
7368	-1404.27	-1575.171	170.9014	2.097685	1.295596
7374	-1405.532	-1576.684	171.1515	2.097685	1.079097
7380	-1401.585	-1573.705	172.1196	1.429127	0.7422373
7386	-1392.728	-1565.144	172.4162	1.139086	0.7320737
7392	-1408.629	-1581.23	172.6007	0.8389438	0.8844473
7398	-1408.972	-1581.143	172.1704	1.230951	0.9271752
7404	-1418.001	-1589.648	171.6477	1.753624	0.9271752
7410	-1424.734	-1597.307	172.5734	0.8442745	0.9092131
7416	-1407.077	-1579.382	172.3044	1.113327	0.9092131
7422	-1407.268	-1579.937	172.6689	0.8051512	0.8435064
7428	-1402.66	-1574.795	172.1346	1.307485	0.8815541
7434	-1409.992	-1581.7	171.7079	1.47781	1.136951
7440	-1405.217	-1577.479	172.2615	1.106374	0.962741
7446	-1416.764	-1589.294	172.5299	0.8045178	0.9968918
7452	-1405.214	-1577.367	172.1532	1.296488	0.8727792
7458	-1414.702	-1586.978	172.2755	1.296488	0.704539
7464	-1396.841	-1568.667	171.8264	1.546161	0.9578416
7470	-1395.147	-1567.266	172.1186	1.280858	0.9291563
7476	-1395.624	-1567.841	172.217	1.280858	0.8134964
7482	-1397.767	-1570.011	172.2447	1.253678	0.8127825
7488	-1405.362	-1577.891	172.5289	0.7835138	1.018697
7494	-1394.765	-1566.283	171.5179	1.722178	1.087589
7500	-1416.702	-1588.449	171.7465	1.503988	1.077911
7506	-1401.574	-1573.65	172.0761	1.107577	1.138767
7512	-1399.587	-1571.823	172.2357	1.150968	0.9428742
7518	-1394.585	-1566.817	172.2325	1.018157	1.077732
7524	-1396.341	-1568.115	171.7739	1.631043	0.9232009
7530	-1407.456	-1579.674	172.2178	1.314897	0.765957
7536	-1411.8	-1583.951	172.1508	1.243778	0.9344524
7542	-1420.144	-1591.706	171.5621	1.862469	0.9014968
7548	-1414.348	-1586.572	172.2239	1.168234	0.937059
7554	-1407.308	-1579.261	171.9528	1.420398	0.9571561
7560	-1400.59	-1573.01	172.4204	0.8905711	1.020118
7566	-1393.119	-1565.038	171.9192	1.53249	0.8703577
7572	-1395.234	-1567.159	171.9244	1.29782	1.104029
7578	-1397.213	-1569.504	172.2915	1.092769	0.9454826
7584	-1406.479	-1579.151	172.6718	0.7956537	0.8516051
7590	-1413.811	-1586.061	172.2504	1.133947	0.9453956
7596	-1417.188	-1589.466	172.278	1.133947	0.9155646
7602	-1413.919	-1585.512	171.5924	1.72164	1.017138
7608	-1409.625	-1582.085	172.4594	1.027497	0.8275931
7614	-1409.375	-1581.427	172.0524	1.396414	0.873725
7620	-1402.769	-1575.041	172.2725	1.104778	0.9528717
7626	-1402.673	-1574.78	172.1073	1.269981	0.9528717
7632	-1410.997	-1583.233	172.2359	1.261076	0.8146465
7638	-1407.364	-1579.855	172.4903	1.044447	0.7630877
7644	-1407.235	-1579.595	172.3602	1.108562	0.849956
7650	-1402.425	-1574.616	172.1913	1.326626	0.7867765
7656	-1410.281	-1583.136	172.8549	0.6214945	0.8406561
7662	-1411.292	-1583.369	172.0772	1.439931	0.7878294
7668	-1412.293	-1584.23	171.9373	1.573295	0.7966737
7674	-1412.307	-1584.933	172.6258	0.8902591	0.7893204
7680	-1401.894	-1574.373	172.4792	0.8727661	0.9790641
7686	-1400.425	-1571.834	171.4087	1.909548	1.012954
7692	-1397.347	-1569.253	171.9062	1.530609	0.887685
7698	-1401.352	-1573.013	171.6606	1.742327	0.9254186
7704	-1407.647	-1579.074	171.4272	1.835807	1.066196
7710	-1415.125	-1587.368	172.2424	1.153225	0.9333837
7716	-1400.449	-1572.767	172.3175	1.153225	0.8476535
7722	-1407.204	-1579.079	171.8754	1.257065	1.183721
7728	-1401.616	-1573.782	172.166	1.257065	0.9032354
7734	-1396.941	-1568.613	171.6722	1.614182	1.043953
7740	-1402.088	-1574.018	171.9298	1.614182	0.7494559
7746	-1408.281	-1580.109	171.8285	1.449022	1.052416
7752	-1409.122	-1581.163	172.041	1.449286	0.8232184
7758	-1404.811	-1576.763	171.9525	1.449286	0.9267056
7764	-1402.163	-1574.328	172.1646	1.389123	0.7345131
7770	-1408.338	-1580.832	172.4939	1.034307	0.7723948
7776	-1402.282	-1574.475	172.1927	1.148893	0.9896134
7782	-1406.526	-1578.73	172.2039	1.201881	0.9223036
7788	-1396.13	-1567.877	171.7476	1.713065	0.85973
7794	-1398.82	-1570.513	171.6928	1.8059	0.8124577
7800	-1398.246	-1569.881	171.6353	1.8059	0.8826364
7806	-1399.617	-1571.59	171.9731	1.512439	0.8292931
7812	-1404.48	-1576.318	171.8382	1.593738	0.893233
7818	-1400.617	-1571.441	170.8243	2.205435	1.270426
7824	-1398.405	-1570.505	172.0995	1.337497	0.887403
7830	-1394.733	-1566.812	172.0794	1.337497	0.9100624
7836	-1406.609	-1578.99	172.3813	0.9880026	0.9612079
7842	-1410.121	-1582.623	172.5021	0.9573452	0.8612398
7848	-1403.622	-1575.86	172.2377	1.096139	0.9974272
7854	-1401.818	-1574.092	172.2741	1.186127	0.8603061
7860	-1401.164	-1573.148	171.9841	1.420876	0.9232461
7866	-1405.689	-1577.854	172.1655	1.219388	0.9448603
7872	-1409.486	-1581.475	171.9886	1.421961	0.9170462
7878	-1408.031	-1580.417	172.3863	1.103524	0.8237967
7884	-1406.63	-1579.026	172.3955	0.914327	1.02125
7890	-1418.437	-1590.487	172.0504	1.324312	0.9555061
7896	-1401.879	-1574.191	172.3123	1.199156	0.795587
7902	-1403.18	-1575.458	172.2779	1.233496	0.795587
7908	-1407.147	-1579.512	172.3652	1.162401	0.7732228
7914	-1407.831	-1580.488	172.6576	0.7093537	0.9636949
7920	-1397.785	-1570.03	172.2452	1.239146	0.8307943
7926	-1392.038	-1564.369	172.3308	1.007843	0.9926253
7932	-1396.219	-1568.386	172.1672	1.264986	0.89294
7938	-1402.814	-1574.775	171.9612	1.445636	0.9211894
7944	-1418.112	-1590.347	172.2353	1.213947	0.8732116
7950	-1414.201	-1586.09	171.8894	1.457117	0.9846626
7956	-1401.965	-1573.897	171.9317	1.335593	1.06212
7962	-1401.647	-1574.159	172.5122	0.980602	0.8200673
7968	-1398.435	-1570.846	172.411	1.082411	0.8192695
7974	-1386.958	-1559.214	172.2561	1.152588	0.9191824
7980	-1394.321	-1566.426	172.1046	1.202686	1.023768
7986	-1398.023	-1570.215	172.1927	1.202686	0.9336366
7992	-1403.57	-1575.857	172.2867	1.156776	0.8799786
7998	-1410.377	-1582.593	172.2159	1.227562	0.8799786
8004	-1408.107	-1580.37	172.2632	1.218523	0.8340694
8010	-1406.213	-1578.532	172.3191	0.964056	1.047033
8016	-1407.501	-1579.28	171.779	1.697712	0.8402093
8022	-1407.528	-1579.666	172.1379	1.154096	1.038517
8028	-1412.81	-1585.237	172.4271	0.9151923	0.9889293
8034	-1408.827	-1581.136	172.3092	1.050746	0.9708975
8040	-1402.137	-1574.768	172.6313	0.8408055	0.8459169
8046	-1402.161	-1574.071	171.9094	1.589742	0.8118581
8052	-1411.849	-1584.019	172.17	1.121652	1.038854
8058	-1410.878	-1583.04	172.162	1.373764	0.7615094
8064	-1409.254	-1581.457	172.203	1.239135	0.8815327
8070	-1397.867	-1569.894	172.0277	1.585359	0.6205461
8076	-1400.517	-1572.927	172.4092	1.208027	0.6094306
8082	-1397.109	-1569.205	172.0959	1.424063	0.7840151
8088	-1394.098	-1566.226	172.128	1.424063	0.73704
8094	-1400.33	-1572.284	171.9538	1.504989	0.8620354
8100	-1405.637	-1577.14	171.5025	1.850239	0.9783304
8106	-1403.16	-1575.385	172.2253	1.093024	1.01288
8112	-1401.744	-1573.952	172.2076	1.091099	1.032038
8118	-1401.104	-1572.959	171.8552	1.582457	0.8866534
8124	-1398.048	-1570.349	172.3008	1.060284	0.9696823
8130	-1408.315	-1579.888	171.5727	1.75658	1.002024
8136	-1399.157	-1570.57	171.4129	1.866787	1.050379
8142	-1387.162	-1559.235	172.0725	1.255606	1.003127
8148	-1390.851	-1562.931	172.0803	1.178563	1.070036
8154	-1390.836	-1562.259	171.4228	1.864218	1.043339
8160	-1392.378	-1564.516	172.1386	1.416138	0.7328999
8166	-1387.997	-1559.46	171.463	1.914629	0.9524715
8172	-1392.521	-1564.717	172.1957	1.175681	0.9590074
8178	-1411.289	-1583.363	172.074	1.371615	0.8774982
8184	-1404.819	-1576.978	172.1587	1.320812	0.8368024
8190	-1401.139	-1573.506	172.3667	1.172186	0.756954
8196	-1399.741	-1572.181	172.4394	0.9420966	0.9483624
8202	-1417.185	-1589.598	172.4135	0.9594449	0.9574431
8208	-1409.869	-1582.158	172.2891	0.9594449	1.079719
8214	-1406.872	-1579.138	172.2666	1.064781	0.9998806
8220	-1399.995	-1572.394	172.3992	1.134092	0.7651611
8226	-1403.472	-1575.888	172.4164	0.8133204	1.097085
8232	-1404.605	-1577.254	172.649	0.8976179	0.7454656
8238	-1390.376	-1562.706	172.3301	1.18011	0.7972019
8244	-1396.846	-1568.51	171.6638	1.604137	1.061566
8250	-1391.239	-1563.786	172.5471	0.9258281	0.8449262
8256	-1396.926	-1569.497	172.5704	0.9978794	0.7108658
8262	-1405.053	-1576.985	171.9319	1.636402	0.7108658
8268	-1412.093	-1583.407	171.3144	2.038696	0.9779655
8274	-1419.532	-1590.856	171.3238	1.885421	1.115802
8280	-1429.378	-1601.765	172.3867	0.8988242	1.044832
8286	-1421.8	-1593.542	171.7421	1.658244	0.9282848
8292	-1420.035	-1592.215	172.1798	1.325906	0.8032749
8298	-1412.914	-1585.2	172.2869	1.06272	0.981536
8304	-1397.939	-1570.135	172.1962	1.06272	1.070043
8310	-1400.538	-1573.004	172.4665	1.030602	0.814528
8316	-1398.151	-1570.201	172.0499	1.42998	0.8363594
8322	-1401.986	-1574.158	172.172	1.279164	0.8709587
8328	-1395.79	-1567.891	172.1011	1.258751	0.9709616
8334	-1397.503	-1570.099	172.5956	0.9625382	0.7275666
8340	-1396.486	-1569.003	172.517	1.04612	0.7194762
8346	-1413.984	-1585.83	171.8451	1.541442	0.9430139
8352	-1393.1	-1565.623	172.5233	0.9341419	0.8635765
8358	-1403.036	-1574.849	171.8129	1.663348	0.8408194
8364	-1395.416	-1567.514	172.0978	1.385794	0.8317441
8370	-1414.387	-1585.233	170.8458	1.9829	1.430163
8376	-1413.719	-1586.275	172.5555	0.8692596	0.901252
8382	-1406.549	-1579.29	172.7412	0.7286739	0.8487041
8388	-1416.975	-1588.726	171.7504	1.575651	1.005173
8394	-1411.627	-1583.539	171.9119	1.52587	0.8865613
8400	-1414.237	-1586.813	172.5762	0.9466724	0.779905
8406	-1405.06	-1576.926	171.8665	1.193206	1.245613
8412	-1395.32	-1567.56	172.2398	1.255729	0.8165458
8418	-1401.884	-1574.318	172.4339	0.8138544	1.08047
8424	-1409.859	-1582.183	172.3237	1.113768	0.8868623
8430	-1394.308	-1566.774	172.4664	0.9548178	0.9053072
8436	-1393.685	-1565.698	172.0139	1.429411	0.8802004
8442	-1403.697	-1575.754	172.0573	1.429411	0.8278186
8448	-1408.992	-1581.415	172.4223	0.961041	0.946453
8454	-1417.544	-1589.769	172.2248	1.243312	0.8507806
8460	-1407.87	-1580.478	172.6085	0.9658949	0.7004452
8466	-1392.273	-1564.362	172.0889	1.285329	0.9560513
8472	-1412.53	-1584.317	171.7873	1.621549	0.918912
8478	-1396.202	-1568.414	172.2117	1.258186	0.8486665
8484	-1405.769	-1577.993	172.2238	1.158195	0.947871
8490	-1394.031	-1566.263	172.2328	1.149223	0.947871
8496	-1405.021	-1576.391	171.3696	1.811417	1.141169
8502	-1402.027	-1573.173	171.1464	1.969278	1.198242
8508	-1409.208	-1580.288	171.0804	2.004972	1.22405
8514	-1416.046	-1587.129	171.0824	1.942616	1.27439
8520	-1414.404	-1586.794	172.39	0.9749003	0.9658269
8526	-1408.693	-1581.157	172.4641	0.9749003	0.8851249
8532	-1406.645	-1578.853	172.208	1.240382	0.8742058
8538	-1415.205	-1587.656	172.4509	1.091582	0.7516696
8544	-1404.953	-1576.908	171.9543	1.565098	0.7847581
8550	-1390.433	-1562.167	171.7336	1.635626	0.9613224
8556	-1398.049	-1570.288	172.2383	1.025128	1.065788
8562	-1401.306	-1573.103	171.7968	1.570012	0.9638399
8568	-1401.499	-1573.716	172.2173	1.192623	0.9177566
8574	-1408.919	-1581.318	172.3991	1.096566	0.8164072
8580	-1408.134	-1580.808	172.6744	0.7484191	0.9035275
8586	-1407.507	-1579.602	172.0947	1.41087	0.8034303
8592	-1401.18	-1573.649	172.4693	1.016872	0.8284796
8598	-1407.076	-1579.565	172.4895	1.016872	0.8023202
8604	-1399.269	-1571.038	171.769	1.741638	0.79668
8610	-1397.788	-1570.086	172.2977	1.153382	0.8711218
8616	-1398.362	-1570.47	172.1079	1.36913	0.8399064
8622	-1397.963	-1570.444	172.4811	0.8525813	0.9976055
8628	-1397.52	-1569.597	172.0771	1.410621	0.8264553
8634	-1396.097	-1568.246	172.149	1.401406	0.7396833
8640	-1406.598	-1579.039	172.4411	1.045563	0.8278726
8646	-1403.28	-1575.081	171.8014	1.519167	1.01067
8652	-1400.713	-1572.887	172.1736	1.307042	0.8354195
8658	-1411.064	-1583.383	172.319	1.117951	0.8875277
8664	-1407.098	-1579.515	172.4169	1.056487	0.8443086
8670	-1408.119	-1580.257	172.1383	1.386934	0.7765836
8676	-1417.212	-1589.658	172.4457	0.8192532	1.064315
8682	-1416.076	-1588.19	172.1141	1.31913	0.8917277
8688	-1403.513	-1575.88	172.3666	1.178702	0.7474045
8694	-1406.911	-1579.459	172.5479	0.9731361	0.7824156
8700	-1399.012	-1571.516	172.504	0.9822982	0.8282431
8706	-1408.165	-1580.51	172.3454	1.108586	0.8676544
8712	-1406.507	-1579.029	172.5216	0.8832518	0.9233231
8718	-1393.05	-1565.088	172.0376	1.424019	0.8586218
8724	-1401.143	-1573.271	172.1276	1.252655	0.9496681
8730	-1408.652	-1581.272	172.6203	0.690613	1.020185
8736	-1394.991	-1567.209	172.2178	1.280704	0.8126506
8742	-1398.361	-1571.105	172.7439	0.7599129	0.8057502
8748	-1393.695	-1565.604	171.9092	1.541099	0.8720604
8754	-1395.63	-1567.647	172.0177	1.432873	0.8717073
8760	-1394.79	-1566.992	172.2019	1.250328	0.8697474
8766	-1394.19	-1566.092	171.9019	1.38194	1.046379
8772	-1393.418	-1565.489	172.0708	1.477375	0.7431101
8778	-1412.863	-1584.469	171.6068	1.82122	0.8975858
8784	-1423.743	-1596.326	172.5833	0.7588668	0.9890303
8790	-1417.591	-1589.095	171.5033	1.840912	0.986999
8796	-1405.427	-1577.734	172.3067	0.9802114	1.04346
8802	-1391.279	-1562.873	171.5939	1.793156	0.9424869
8808	-1391.793	-1564.466	172.6729	0.7069316	0.9501503
8814	-1390.866	-1563.037	172.1711	1.114245	1.044996
8820	-1395.49	-1567.397	171.907	1.3488	1.072915
8826	-1406.184	-1578.277	172.0931	1.302367	0.9334661
8832	-1396.622	-1569.006	172.3834	0.9143911	1.032992
8838	-1404.064	-1576.615	172.551	0.9143911	0.8540499
8844	-1407.537	-1580.004	172.4668	0.9936212	0.8600033
8850	-1414.362	-1585.781	171.4196	1.668891	1.221403
8856	-1397.319	-1569.853	172.5339	0.6928147	1.099886
8862	-1398.025	-1570.515	172.4903	0.8330878	1.007896
8868	-1393.718	-1566.1	172.3819	1.064129	0.8769849
8874	-1406.343	-1577.529	171.186	1.83567	1.277079
8880	-1399.396	-1571.076	171.6799	1.746349	0.8996167
8886	-1395.65	-1567.912	172.2612	1.0602	1.009794
8892	-1392.431	-1564.622	172.1909	1.214328	0.922934
8898	-1409.828	-1582.075	172.2475	1.025737	1.056484
8904	-1406.805	-1578.995	172.1904	1.366338	0.7297676
8910	-1416.626	-1589.021	172.3951	0.9982232	0.9357589
8916	-1408.385	-1580.392	172.0071	1.522676	0.7702696
8922	-1413.655	-1585.978	172.3227	1.174943	0.8138324
8928	-1406.531	-1579.039	172.5073	0.984486	0.8213623
8934	-1419.984	-1592.486	172.5025	0.9011778	0.9246456
8940	-1403.614	-1576.231	172.6166	0.8430318	0.8609987
8946	-1415.327	-1586.831	171.5036	1.716774	1.105652
8952	-1413.632	-1585.08	171.4484	1.772054	1.105652
8958	-1406.188	-1578.016	171.8275	1.687989	0.7900828
8964	-1395.915	-1568.55	172.6354	0.8753519	0.7965504
8970	-1395.426	-1566.419	170.9935	2.065447	1.246194
8976	-1403.785	-1575.909	172.1238	1.250493	0.9559815
8982	-1406.417	-1578.717	172.3008	1.203241	0.8053861
8988	-1400.479	-1572.928	172.4486	0.9054493	0.9769215
8994	-1408.396	-1580.78	172.3838	0.9007271	1.045692
9000	-1404.758	-1576.611	171.8529	1.619469	0.8456191
