Iteration	Posterior	Likelihood	Prior	acrv_sd	part_rate_trans	tree_length
0	-320.4469	-486.6868	166.2399	1.098517	6.296828	0.5389503
6	-326.041	-492.2458	166.2048	0.5159659	6.917115	0.4883027
12	-324.5592	-492.613	168.0539	0.9411885	4.547944	0.7509189
18	-320.7665	-488.4536	167.687	1.091354	4.857384	0.5352296
24	-328.9177	-498.3837	169.4659	0.598985	3.4841	0.7417663
30	-342.58	-512.4914	169.9114	0.7948002	2.760419	0.8525939
36	-334.542	-502.2206	167.6786	1.249115	4.33708	1.06451
42	-336.6009	-502.7842	166.1833	1.467095	5.763714	0.9131479
48	-325.9769	-494.9729	168.996	0.6093339	3.931812	0.7595846
54	-329.9216	-498.7239	168.8024	0.8128567	3.901153	0.7889048
60	-327.4919	-497.189	169.6971	0.6581328	3.154161	0.7983357
66	-321.6429	-491.0811	169.4382	1.245001	2.832855	0.7893197
72	-326.5176	-494.4083	167.8907	0.7530259	4.82346	0.8519423
78	-327.8846	-496.7391	168.8546	1.197218	2.724765	1.470004
84	-326.5943	-497.1493	170.555	0.6554032	1.594984	1.448091
90	-328.7905	-499.2615	170.471	0.7515138	1.169281	1.749346
96	-338.0627	-507.5466	169.4839	0.8577312	1.512447	2.112525
102	-338.7807	-508.6892	169.9085	0.7146964	2.010969	1.576027
108	-342.7523	-512.3769	169.6246	0.7544716	2.747691	1.188646
114	-332.5578	-502.4177	169.8599	0.635003	2.803869	1.031997
120	-343.0891	-510.332	167.2429	1.646701	2.827687	2.201568
126	-337.0981	-506.6356	169.5375	1.0391	2.543701	1.194287
132	-325.6003	-495.3482	169.7479	1.380438	2.082877	1.113984
138	-327.4784	-498.2189	170.7405	0.6012196	1.810003	1.167023
144	-327.4508	-494.4967	167.0458	1.674161	4.640989	0.9698394
150	-324.4901	-491.782	167.2919	1.056907	5.201804	0.739307
156	-324.4213	-492.9109	168.4896	0.7364089	4.219406	0.8777272
162	-328.9954	-498.9829	169.9876	0.7179758	2.665449	0.9594294
168	-322.03	-490.1869	168.1569	1.019591	4.303399	0.8363392
174	-333.0072	-501.2828	168.2755	0.5881758	4.7428	0.636507
180	-327.9836	-495.7609	167.7773	1.273063	4.488245	0.7573803
186	-337.4854	-505.2723	167.7869	1.141116	4.488245	0.9108437
192	-332.8574	-500.3534	167.496	1.057458	5.062659	0.612419
198	-337.3424	-506.936	169.5936	0.9209916	2.088852	1.598402
204	-321.8589	-491.1204	169.2616	0.7847526	3.316292	0.9681661
210	-329.6782	-497.9664	168.2882	0.6659104	4.552419	0.8021007
216	-319.9218	-487.4589	167.5371	1.015955	5.010528	0.718676
222	-334.5325	-504.0582	169.5257	0.7405035	3.182344	0.874046
228	-327.775	-495.0375	167.2625	0.9733447	5.288194	0.7783063
234	-338.2515	-506.4416	168.1902	0.9540942	4.487654	0.5578318
240	-348.5856	-516.675	168.0894	1.042829	4.400732	0.7656024
246	-335.8983	-505.2884	169.3901	1.042829	3.013188	0.8768942
252	-328.0854	-498.114	170.0286	0.6866498	2.494369	1.115453
258	-334.8874	-504.3778	169.4904	1.224894	2.494369	1.115453
264	-333.8389	-502.9036	169.0646	0.8282452	3.117553	1.286313
270	-335.3134	-503.8918	168.5783	1.461378	2.970712	1.286313
276	-355.3109	-524.8475	169.5366	0.796163	2.522116	1.409995
282	-334.908	-503.5341	168.6261	1.105978	3.673893	0.9220935
288	-346.8872	-515.8669	168.9797	1.448609	2.76959	1.126058
294	-328.0917	-498.5926	170.501	0.8364636	1.860469	1.126058
300	-337.1335	-507.1448	170.0114	0.7529776	2.362443	1.188664
306	-336.1161	-505.4672	169.3511	0.9270359	3.105493	0.9461354
312	-343.106	-512.1639	169.0578	0.878039	3.182573	1.195838
318	-337.5069	-506.3711	168.8642	1.002592	3.537676	0.9238021
324	-341.72	-510.5184	168.7983	0.8804627	3.537676	1.109267
330	-332.8246	-501.1816	168.357	0.8347229	4.308144	0.8109398
336	-333.7206	-503.1722	169.4516	0.3543524	3.640253	0.8768387
342	-324.422	-493.3693	168.9473	0.6798756	3.95727	0.6821992
348	-327.2787	-495.5509	168.2722	0.8527236	4.444764	0.7085091
354	-333.0028	-501.9742	168.9714	1.124994	3.472637	0.7096375
360	-318.2393	-484.9684	166.7291	0.8239163	6.084456	0.5184644
366	-323.2336	-490.8645	167.6308	0.6514409	5.354886	0.5227546
372	-343.6782	-511.2869	167.6088	1.559327	3.567307	1.501014
378	-337.2068	-502.3979	165.1912	1.501054	6.313237	1.290381
384	-331.7462	-501.7158	169.9697	0.7411569	2.618306	1.002136
390	-334.9348	-503.253	168.3182	0.9524436	3.839872	1.202657
396	-325.4862	-493.535	168.0488	0.5447763	4.948134	0.7527966
402	-324.4437	-492.8304	168.3867	1.498102	3.496234	0.9488592
408	-331.7678	-500.2946	168.5268	1.224636	3.739394	0.8225313
414	-332.9775	-498.3592	165.3817	1.475562	6.750742	0.633037
420	-319.9747	-485.2101	165.2354	1.561174	6.750742	0.7443206
426	-324.6646	-493.1213	168.4567	0.9718541	4.087656	0.789097
432	-325.1955	-493.557	168.3615	0.9422107	3.801296	1.207341
438	-333.8398	-500.0453	166.2055	1.784578	4.940234	1.350837
444	-329.3995	-497.9549	168.5555	1.051276	3.775648	0.947448
450	-323.4585	-490.9684	167.5099	0.9058462	5.169202	0.6812687
456	-320.3238	-489.376	169.0522	0.8633078	3.576502	0.8210209
462	-328.1274	-497.1985	169.071	0.9593398	3.576502	0.6356711
468	-325.2245	-492.923	167.6985	1.233183	4.67148	0.6442087
474	-327.3892	-494.9397	167.5505	0.7882494	5.233044	0.7048314
480	-322.925	-491.0394	168.1145	0.7535034	4.636244	0.8051966
486	-326.2088	-494.5423	168.3335	0.7109928	4.529389	0.7011962
492	-331.7549	-499.4289	167.674	0.7109928	5.161984	0.7449105
498	-331.7333	-498.5769	166.8436	1.478286	5.161984	0.8313868
504	-336.4821	-501.764	165.2819	1.248274	6.921286	0.8706358
510	-328.945	-495.2799	166.3349	1.367252	5.935906	0.5059339
516	-329.1266	-495.7735	166.647	1.033645	5.935906	0.6113362
522	-327.8985	-494.3265	166.428	1.124781	6.084019	0.5265069
528	-336.9422	-505.9785	169.0363	0.6670867	3.655055	0.9724989
534	-330.9526	-499.8755	168.9229	0.8330001	3.79119	0.7447625
540	-330.7573	-498.7387	167.9815	0.9378758	4.514019	0.8915809
546	-328.1668	-494.5258	166.359	1.687042	5.497261	0.7504932
552	-325.8302	-494.0698	168.2396	0.813949	4.570304	0.5892879
558	-333.5615	-503.1277	169.5662	0.9188821	2.85456	0.9916321
564	-337.8296	-507.22	169.3904	0.830135	3.258192	0.8377955
570	-334.982	-502.5001	167.5181	1.329001	4.289969	1.179773
576	-346.993	-514.5016	167.5086	1.424127	4.126522	1.245941
582	-328.2505	-497.449	169.1985	1.42766	2.619079	1.082757
588	-332.8654	-502.0628	169.1974	0.5855439	3.649045	0.8931675
594	-331.6156	-500.9572	169.3416	0.932772	2.985263	1.069314
600	-324.3446	-493.5382	169.1936	0.6631394	3.52316	0.9500986
606	-349.616	-519.1007	169.4847	0.9881011	2.780499	1.075266
612	-347.1731	-514.5134	167.3403	1.437401	4.680693	0.8624023
618	-343.1368	-511.2796	168.1429	0.6007128	4.757185	0.8097023
624	-344.0749	-511.5693	167.4944	0.898131	5.234628	0.5778714
630	-353.9434	-519.3429	165.3995	1.696014	6.400496	0.8159292
636	-358.0965	-526.1324	168.036	0.9012959	4.072975	1.286484
642	-341.3961	-510.3553	168.9592	1.235117	3.001569	1.127876
648	-332.7179	-502.4957	169.7778	1.084615	2.488163	0.9805493
654	-335.6333	-501.4917	165.8584	1.248974	6.499273	0.6362082
660	-332.2113	-498.7007	166.4894	1.171387	5.884266	0.7478204
666	-339.7527	-506.2166	166.4639	1.523383	5.372888	0.9706492
672	-341.7085	-508.7309	167.0223	1.545668	4.204231	1.473281
678	-339.1861	-508.2484	169.0623	0.9302482	2.807114	1.45242
684	-326.6396	-494.9395	168.2999	0.9858366	3.809643	1.215548
690	-339.2833	-508.7154	169.4322	0.8313449	2.441142	1.52397
696	-325.3912	-494.3518	168.9606	0.6701712	3.567265	1.125914
702	-323.5868	-490.8369	167.2501	0.8803033	5.403362	0.7644822
708	-339.5781	-509.6779	170.0998	0.5449222	2.873254	0.7867054
714	-327.0855	-496.9834	169.8979	0.6977584	2.792601	0.9411992
720	-322.2662	-491.7979	169.5317	0.8897365	2.792601	1.111463
726	-328.6002	-497.3942	168.7941	0.8574434	3.562534	1.111463
732	-325.0523	-493.6344	168.5821	0.6480088	4.160987	0.9382113
738	-334.1528	-502.688	168.5351	0.6949584	4.160987	0.9382113
744	-326.4371	-496.6411	170.2039	0.6344548	2.277661	1.197897
750	-326.4485	-495.216	168.7674	0.6125769	4.150186	0.7696046
756	-336.7372	-505.2101	168.4729	1.012619	4.012534	0.8133041
762	-347.2872	-512.2956	165.0084	1.392524	7.229654	0.5638192
768	-331.0788	-498.1806	167.1018	1.522369	4.913959	0.7581899
774	-349.5544	-518.1477	168.5932	1.035033	3.189576	1.438535
780	-335.585	-502.6322	167.0472	1.662037	4.920527	0.5673421
786	-332.2835	-499.0019	166.7185	1.463023	5.448319	0.5673421
792	-328.1522	-493.8574	165.7052	1.406388	6.500872	0.6220779
798	-329.0076	-497.7204	168.7128	0.5982837	4.255786	0.7132197
804	-339.8716	-507.9534	168.0819	0.8522887	4.615192	0.7412936
810	-334.866	-505.1934	170.3275	0.7564122	2.146614	1.09643
816	-325.2251	-494.5096	169.2845	0.5829886	3.406605	1.05565
822	-324.71	-492.8456	168.1356	1.385675	3.670476	1.131609
828	-341.4988	-510.4548	168.9559	0.7432921	3.492491	1.131609
834	-329.3076	-498.113	168.8054	1.137721	3.300438	1.084348
840	-342.777	-511.366	168.589	1.015602	3.453554	1.246923
846	-347.8756	-517.4763	169.6007	1.109741	2.526531	1.090457
852	-323.7328	-490.5682	166.8354	0.6763195	6.065159	0.6959315
858	-324.8722	-492.7136	167.8413	1.255163	4.528335	0.5860726
864	-324.9446	-494.0451	169.1005	0.6197344	3.461896	1.140197
870	-326.5222	-496.4864	169.9642	0.7330892	2.168301	1.401665
876	-330.6258	-500.2538	169.628	0.5325709	3.270288	0.8944797
882	-327.4741	-496.1259	168.6518	1.278185	3.353247	1.047002
888	-329.5821	-498.183	168.601	1.207314	3.608417	0.9103114
894	-331.6227	-500.1133	168.4905	1.162271	3.882023	0.7629291
900	-332.9807	-500.9979	168.0173	1.126153	4.282595	0.8998989
906	-332.0373	-500.3207	168.2834	0.8120258	4.480759	0.6972651
912	-330.3483	-499.7966	169.4484	0.6999766	3.426405	0.6997142
918	-338.5216	-506.47	167.9484	1.223049	4.337477	0.7989689
924	-341.0739	-510.3586	169.2847	1.223049	2.494959	1.292623
930	-334.0707	-503.1954	169.1247	0.9480986	3.412532	0.829566
936	-334.8946	-503.3713	168.4768	0.9682718	4.042297	0.8269669
942	-334.4589	-500.024	165.565	0.9620732	7.00796	0.7625842
948	-332.8494	-501.274	168.4246	0.5151283	4.660679	0.6502122
954	-324.5081	-491.7559	167.2478	0.9727113	5.352536	0.7026799
960	-334.1043	-500.6821	166.5778	0.945248	5.950026	0.8447034
966	-339.2367	-507.0641	167.8273	0.945248	4.606917	0.9505141
972	-342.5086	-511.6152	169.1066	1.150481	2.911025	1.15263
978	-331.9292	-500.9936	169.0644	0.7602089	3.734964	0.7251681
984	-322.6408	-492.3098	169.6691	0.5423488	3.27306	0.8305929
990	-326.3823	-494.6755	168.2932	1.268113	3.983877	0.7476647
996	-323.2612	-492.3275	169.0663	1.237873	3.104568	0.9190451
1002	-323.8991	-493.2327	169.3337	0.7164371	3.104568	1.164416
1008	-329.0154	-498.4097	169.3943	0.7164371	3.043896	1.164416
1014	-330.5384	-499.9905	169.4522	1.323077	2.693228	0.8503625
1020	-335.2844	-505.2025	169.9181	0.9051302	2.004901	1.430665
1026	-342.5237	-511.3975	168.8738	0.9051302	3.050822	1.429362
1032	-333.6549	-502.1796	168.5247	1.701677	3.13654	0.9678473
1038	-324.9806	-494.4775	169.4969	0.7206247	3.13654	0.9769504
1044	-327.1916	-496.6461	169.4545	0.6306949	3.13654	1.104488
1050	-325.6494	-495.1632	169.5138	0.7750119	3.13654	0.9006568
1056	-321.7611	-491.7758	170.0147	0.8367792	2.25415	1.206787
1062	-333.4036	-497.3885	163.9849	0.9076544	8.685034	0.6947672
1068	-335.0452	-500.0288	164.9836	1.314593	7.185279	0.8318123
1074	-328.246	-495.192	166.9461	1.534643	5.073983	0.7329775
1080	-328.8968	-496.9881	168.0913	0.7074674	4.806933	0.6383406
1086	-331.2329	-500.3887	169.1557	0.7295595	3.31565	1.123308
1092	-333.6229	-503.1917	169.5687	1.172918	2.566053	1.023297
1098	-336.005	-503.8158	167.8108	1.106917	4.424045	0.9894946
1104	-333.2939	-501.3284	168.0345	0.8902415	4.097151	1.276886
1110	-334.9821	-503.4582	168.4762	1.134999	3.79265	0.9244671
1116	-339.2227	-508.4995	169.2768	0.7072842	2.942339	1.353929
1122	-332.6256	-501.2221	168.5965	0.7072842	4.277239	0.6884606
1128	-324.0926	-492.7835	168.691	0.7998104	3.931065	0.9045668
1134	-333.3566	-500.5324	167.1758	1.077157	4.782212	1.26598
1140	-333.5889	-502.4521	168.8632	0.519233	3.913541	1.034721
1146	-331.6746	-501.122	169.4474	1.362781	2.267706	1.230309
1152	-335.2483	-504.7286	169.4803	0.8273132	2.851758	1.160309
1158	-321.3488	-489.912	168.5632	1.198037	3.458125	1.106579
1164	-323.1804	-488.9664	165.786	1.569891	6.088304	0.879175
1170	-321.5854	-487.7237	166.1383	1.69474	5.628909	0.8582198
1176	-327.8112	-497.9394	170.1281	0.8091627	2.524668	0.8582198
1182	-332.3368	-502.6519	170.3151	0.7742721	1.669568	1.48328
1188	-339.0609	-509.0145	169.9536	0.6802218	2.199923	1.426351
1194	-324.3893	-494.0519	169.6626	1.034105	2.656715	0.9775683
1200	-333.0125	-500.5472	167.5347	0.84864	5.166989	0.7397665
1206	-324.6963	-492.0868	167.3905	0.8340152	5.395451	0.6014035
1212	-326.7909	-493.5933	166.8024	0.907843	5.866863	0.6955921
1218	-337.8234	-502.6049	164.7815	0.8790249	7.953432	0.6181732
1224	-338.1315	-505.8681	167.7367	0.8790249	4.654608	1.059305
1230	-339.6876	-508.1451	168.4575	0.7767685	4.056096	1.040104
1236	-340.5792	-509.2675	168.6883	1.255606	3.442037	0.9436617
1242	-333.2771	-502.171	168.8939	0.685203	3.457956	1.264388
1248	-325.0426	-494.2541	169.2115	0.8078165	3.029985	1.254302
1254	-336.4379	-505.7613	169.3234	0.9408869	3.029985	1.036336
1260	-351.197	-516.6167	165.4197	2.190924	5.018853	1.579405
1266	-346.2907	-514.275	167.9844	1.207661	3.852544	1.258206
1272	-345.5953	-511.9513	166.356	1.197045	5.591692	1.173092
1278	-339.6387	-505.2773	165.6386	1.835758	5.61056	1.22442
1284	-335.6487	-502.5364	166.8877	1.6801	3.804234	1.763165
1290	-348.4655	-515.0762	166.6107	1.199031	5.742579	0.7366591
1296	-347.0061	-515.4031	168.397	1.199031	3.676074	1.057544
1302	-340.6646	-508.1709	167.5063	0.8477295	5.205549	0.7251794
1308	-328.7972	-498.2507	169.4536	0.8477295	3.256317	0.728327
1314	-327.9238	-496.6498	168.726	0.8477295	3.770504	0.9869728
1320	-323.4203	-492.4893	169.069	1.125456	2.66531	1.406209
1326	-336.2165	-505.8107	169.5942	0.8021055	2.975106	0.95897
1332	-331.6262	-500.8592	169.2331	0.9077079	3.329906	0.847675
1338	-336.5254	-505.3631	168.8377	1.007817	3.349694	1.128433
1344	-331.0943	-497.8976	166.8033	1.348038	5.407461	0.7264987
1350	-335.8232	-505.2773	169.4541	0.8975623	3.150716	0.8076595
1356	-325.8565	-494.1056	168.2491	1.165769	4.16299	0.6942398
1362	-335.1222	-505.0952	169.9729	0.8463318	2.247583	1.239619
1368	-333.7668	-503.1865	169.4198	1.391726	2.308386	1.194622
1374	-331.2432	-500.9873	169.7441	1.030388	2.606108	0.9493234
1380	-335.8433	-501.6672	165.824	1.030388	6.654779	0.7986561
1386	-324.4581	-491.5925	167.1344	1.126883	5.335054	0.6588207
1392	-332.4895	-500.2233	167.7337	1.915618	3.870829	0.7836519
1398	-339.1515	-506.7873	167.6357	1.455447	4.059225	1.16814
1404	-328.6935	-497.6725	168.979	1.199058	2.899292	1.230802
1410	-339.162	-506.2105	167.0485	0.5785252	5.903959	0.7684244
1416	-331.7753	-500.2275	168.4522	0.6149119	4.532073	0.6528034
1422	-334.6258	-503.1762	168.5504	1.802783	2.983576	0.9945029
1428	-328.1947	-496.8953	168.7006	0.7096932	4.103312	0.7926516
1434	-334.6402	-502.8236	168.1834	0.915655	4.414577	0.7926516
1440	-333.0303	-501.4305	168.4002	0.7657427	4.347677	0.7926516
1446	-326.9224	-495.9696	169.0472	0.714527	3.751837	0.7926516
1452	-334.9085	-502.4994	167.5909	1.177949	4.44587	1.110832
1458	-340.2657	-507.9401	167.6744	1.749551	3.743797	1.152902
1464	-345.2789	-514.4123	169.1334	0.943825	2.86704	1.33974
1470	-341.434	-508.1086	166.6746	1.218778	5.690237	0.6837857
1476	-332.5965	-499.458	166.8615	1.040268	5.642928	0.7483803
1482	-334.1061	-503.2779	169.1718	0.4747915	3.916055	0.7202401
1488	-328.3795	-496.6293	168.2497	0.8154284	4.456	0.7823249
1494	-339.5332	-505.2162	165.683	0.9318489	6.979812	0.6623144
1500	-343.1605	-510.6236	167.4631	0.7950806	5.084578	0.9884511
1506	-335.851	-504.4591	168.6081	0.5645642	4.040197	1.112536
1512	-337.4162	-506.3441	168.9279	0.696351	3.920967	0.747536
1518	-330.2668	-497.6339	167.3671	1.315156	4.827987	0.7972223
1524	-332.3786	-502.6624	170.2838	0.7105669	1.635731	1.57897
1530	-349.4375	-517.091	167.6535	1.551572	3.881861	1.222727
1536	-337.6722	-506.5221	168.8499	0.7687694	3.468237	1.222727
1542	-343.8051	-513.7653	169.9603	0.6764617	2.45019	1.222727
1548	-327.7065	-497.7144	170.0079	0.4923268	2.35249	1.411691
1554	-321.3936	-488.2833	166.8897	0.9324551	5.789685	0.6235705
1560	-339.1433	-506.7427	167.5995	0.9035497	5.093217	0.6589735
1566	-329.0283	-497.6635	168.6352	0.6466774	4.21127	0.8195357
1572	-340.1409	-507.7587	167.6178	1.313631	4.199103	1.185385
1578	-339.5372	-508.6608	169.1235	0.8635899	3.429359	0.9105278
1584	-349.7497	-518.1331	168.3833	0.8324217	4.086784	1.028355
1590	-334.2935	-503.0741	168.7806	1.299652	3.31003	0.9390352
1596	-339.5944	-508.7618	169.1675	0.6346351	3.266826	1.237867
1602	-319.9455	-489.7054	169.76	0.4730666	3.177916	0.9166484
1608	-339.8502	-505.8527	166.0025	1.188684	6.320346	0.7954268
1614	-322.0557	-491.2143	169.1587	0.7229928	3.61909	0.809759
1620	-325.988	-494.4399	168.4519	1.260538	3.252568	1.323153
1626	-323.3047	-492.5454	169.2406	0.9637048	2.991771	1.127658
1632	-333.2673	-502.5666	169.2993	0.9567078	2.940134	1.127658
1638	-337.7807	-505.7833	168.0026	1.030767	4.053663	1.222607
1644	-339.4943	-508.9897	169.4954	1.025015	2.566634	1.222607
1650	-331.3167	-500.7276	169.4109	1.025015	2.392702	1.430279
1656	-342.1695	-510.2577	168.0881	1.275202	4.128398	0.8213898
1662	-337.8526	-505.0296	167.177	0.8102897	5.424174	0.9160816
1668	-343.3309	-512.6368	169.3059	1.180109	2.800742	1.043566
1674	-342.9943	-511.6758	168.6815	1.129414	3.768594	0.6913203
1680	-337.4524	-505.3635	167.9111	0.6686426	4.952828	0.7662408
1686	-335.3779	-502.7494	167.3715	1.164638	4.949698	0.8289311
1692	-337.7082	-504.7078	166.9996	1.506761	4.949698	0.8652575
1698	-335.8196	-503.7993	167.9797	0.9732776	4.643237	0.6591148
1704	-343.7511	-511.2641	167.5131	0.9732776	4.838984	1.005921
1710	-332.908	-499.111	166.203	1.604978	5.708071	0.7893246
1716	-333.8746	-500.7117	166.8371	1.442288	5.12595	0.9228108
1722	-337.8135	-505.9528	168.1393	1.302172	3.983921	0.9006002
1728	-325.2211	-490.9654	165.7443	1.240452	6.527618	0.7943218
1734	-330.2403	-498.5984	168.3582	0.2282571	5.029482	0.6129052
1740	-334.9368	-505.1094	170.1726	0.5611207	2.668244	0.9264504
1746	-327.4999	-496.3475	168.8475	0.8963886	3.602561	0.9846693
1752	-324.9227	-493.7146	168.7919	1.10121	3.650237	0.7503432
1758	-323.881	-492.5846	168.7036	1.071852	3.650237	0.9002742
1764	-328.8425	-498.1615	169.319	0.6734223	3.151354	1.173901
1770	-333.418	-500.0776	166.6596	0.9974022	5.763322	0.9062877
1776	-340.2221	-506.8981	166.676	1.104243	5.710828	0.8222573
1782	-330.0656	-497.087	167.0214	1.605599	4.88768	0.7912199
1788	-320.1904	-489.1724	168.982	0.8598729	3.749578	0.6687485
1794	-327.8606	-496.9712	169.1106	0.8598729	3.350428	1.010293
1800	-322.324	-491.0236	168.6995	1.358748	3.20023	1.070398
1806	-334.412	-502.9768	168.5649	0.9323161	3.895568	0.9364279
1812	-322.0319	-490.9982	168.9663	0.6831105	3.895568	0.7478663
1818	-334.6188	-502.7428	168.1241	1.016234	4.207853	0.9829708
1824	-340.0964	-507.44	167.3436	0.8400269	5.360059	0.7498603
1830	-336.2025	-505.0632	168.8607	0.8920728	3.729623	0.8332508
1836	-332.5991	-499.3882	166.7891	1.100999	5.745562	0.4657119
1842	-331.1134	-499.712	168.5986	0.8790221	3.674663	1.166518
1848	-340.8956	-508.7849	167.8894	1.390258	3.886111	1.154702
1854	-333.0675	-500.8139	167.7464	1.390258	4.073346	1.115145
1860	-334.2152	-501.5402	167.325	1.078476	5.065478	0.8497346
1866	-335.3622	-502.9948	167.6326	1.026109	4.867588	0.7751976
1872	-328.0241	-497.3125	169.2884	0.9260291	3.364295	0.6927382
1878	-327.2479	-496.9376	169.6897	1.063044	2.402491	1.16392
1884	-332.271	-501.3528	169.0818	0.8802781	3.2438	1.118822
1890	-335.1235	-505.3353	170.2119	0.7537229	2.167607	1.183134
1896	-322.1489	-490.2119	168.063	1.003888	4.515882	0.6853471
1902	-327.8361	-495.3988	167.5627	1.276142	4.623161	0.8581482
1908	-331.6792	-501.663	169.9838	0.8150696	2.399126	1.125955
1914	-324.1387	-493.2973	169.1586	0.5055628	3.958545	0.5931039
1920	-334.8334	-504.3862	169.5528	0.9736425	3.048666	0.6990834
1926	-341.8462	-508.3739	166.5276	0.9736425	5.904476	0.9223431
1932	-345.8877	-514.2585	168.3708	0.9736425	4.061304	0.9223431
1938	-341.5558	-510.0927	168.5369	0.7606905	4.274867	0.7036759
1944	-333.8056	-500.9259	167.1203	1.386873	5.095354	0.6455885
1950	-328.3252	-497.3585	169.0333	0.931907	3.424745	0.939428
1956	-328.1453	-495.3332	167.1879	1.131944	5.010504	1.000922
1962	-333.4057	-501.1558	167.75	0.7836241	5.009468	0.7507187
1968	-338.5605	-508.5825	170.022	0.959922	2.406325	0.9412795
1974	-342.5154	-512.3997	169.8842	1.013248	1.936428	1.426181
1980	-340.2197	-510.2556	170.0359	1.236388	1.561609	1.426181
1986	-320.4684	-490.3931	169.9247	0.8557991	2.709364	0.8237565
1992	-333.8667	-503.509	169.6423	0.9305816	2.30207	1.394364
1998	-344.5077	-513.9956	169.4879	1.131396	2.358274	1.312997
2004	-335.2362	-503.9957	168.7595	1.131396	3.418729	1.021428
2010	-338.4443	-507.2274	168.7831	0.7191744	3.744182	1.081641
2016	-326.3622	-494.4962	168.134	1.315307	4.067808	0.7879272
2022	-336.916	-505.5755	168.6596	0.7896963	4.067808	0.7879272
2028	-331.7467	-500.4002	168.6535	1.347093	3.449811	0.8718634
2034	-327.2264	-497.0829	169.8565	0.5288353	2.947115	0.9987884
2040	-325.9282	-494.1011	168.173	0.8380647	4.400775	0.9156846
2046	-332.3138	-500.1086	167.7948	0.8380647	4.862191	0.8171555
2052	-347.4801	-515.8968	168.4167	0.9439122	4.192607	0.735299
2058	-340.8993	-510.1833	169.284	0.9224695	2.508057	1.516614
2064	-338.7176	-508.9236	170.206	0.4539642	2.149945	1.444607
2070	-337.4876	-506.1641	168.6765	0.8714536	3.803853	0.9792268
2076	-325.3045	-494.2539	168.9495	0.990965	3.480593	0.9054892
2082	-333.3838	-501.7487	168.3649	1.055158	4.037344	0.8636365
2088	-338.9732	-505.8875	166.9143	1.055158	5.655712	0.5849847
2094	-335.46	-503.702	168.2421	0.7709095	4.422153	0.8895745
2100	-327.0875	-496.6214	169.5339	1.131341	2.777523	0.8807452
2106	-324.8756	-493.7609	168.8853	1.131341	2.81953	1.424465
2112	-323.4258	-492.2625	168.8367	1.478458	2.978265	1.037148
2118	-324.9972	-494.9033	169.9061	0.4555103	2.978265	0.9913273
2124	-330.9427	-500.5708	169.6281	0.8195733	2.903652	0.9797125
2130	-333.4448	-502.4629	169.0181	0.8449591	3.421482	1.045717
2136	-338.5693	-505.8958	167.3266	2.528928	2.765902	1.585345
2142	-338.7384	-507.2816	168.5432	1.334006	3.070328	1.337109
2148	-332.2852	-499.9767	167.6915	0.8063598	4.819878	1.01344
2154	-324.94	-493.8974	168.9574	1.085002	3.142939	1.137306
2160	-327.8766	-496.2592	168.3826	1.478764	3.358909	1.105799
2166	-320.1052	-489.9551	169.8499	0.6724747	2.939055	0.8588994
2172	-326.1245	-495.373	169.2485	0.9728472	3.132504	0.9771566
2178	-334.0205	-502.8788	168.8583	1.118846	2.936179	1.364267
2184	-332.6459	-501.7496	169.1038	0.9634441	2.936179	1.292061
2190	-329.7676	-499.5567	169.7891	0.8824012	2.602868	1.0554
2196	-337.0617	-506.4779	169.4161	1.134151	2.295371	1.41714
2202	-336.735	-506.9807	170.2457	0.6263129	2.123219	1.298715
2208	-328.1794	-498.3439	170.1645	0.9132475	2.123219	1.123267
2214	-326.7372	-496.8181	170.0808	0.9534674	2.35862	0.9362265
2220	-331.7443	-501.7368	169.9925	0.6379528	2.600785	1.095756
2226	-330.6699	-500.8266	170.1567	0.5678862	2.664206	0.9406229
2232	-336.9317	-505.0689	168.1372	1.342877	4.111849	0.6677504
2238	-329.5987	-498.4049	168.8061	1.09251	3.382876	1.048638
2244	-330.5129	-499.6971	169.1842	0.8129334	3.413303	0.917248
2250	-332.5183	-501.945	169.4267	0.7072874	2.705048	1.422211
2256	-329.7148	-499.3418	169.627	0.5456463	3.336159	0.7991132
2262	-335.0175	-504.3744	169.3569	1.336193	2.832569	0.7760399
2268	-340.4381	-509.7939	169.3558	1.276661	2.62119	1.074954
2274	-342.5928	-511.2839	168.6912	0.8902797	3.854787	0.8883137
2280	-344.0948	-513.6089	169.5141	0.9755292	2.861452	0.9800182
2286	-340.222	-509.1096	168.8876	0.526567	3.958908	0.9572604
2292	-333.5711	-502.106	168.535	0.8892908	3.958908	0.9466317
2298	-330.6231	-498.5752	167.9521	0.9571599	4.264573	1.147563
2304	-323.5816	-493.0247	169.4431	0.6133683	3.505502	0.7213414
2310	-342.4815	-509.8246	167.3431	0.8988463	5.373202	0.6149785
2316	-336.1146	-504.2134	168.0988	0.8282634	4.439333	0.964189
2322	-336.446	-505.4118	168.9658	0.5906671	3.927361	0.8313931
2328	-342.5113	-510.7658	168.2545	0.519825	4.802036	0.6969068
2334	-331.5721	-499.1702	167.5981	0.9238508	5.038652	0.723503
2340	-329.7855	-497.3641	167.5786	0.7056263	5.177449	0.8584997
2346	-345.7586	-513.5028	167.7442	0.6514189	5.177449	0.7026512
2352	-345.106	-513.0325	167.9265	0.9808319	4.116796	1.275064
2358	-344.823	-513.679	168.8559	1.209471	3.383139	0.874088
2364	-327.5537	-495.8968	168.3431	0.7254122	4.525204	0.6642078
2370	-328.4408	-496.5227	168.0819	0.8712707	4.670154	0.5911265
2376	-332.7896	-500.5677	167.778	1.09507	4.670154	0.7505278
2382	-332.8901	-499.412	166.5218	1.762672	5.071501	0.9749678
2388	-333.9291	-502.6823	168.7531	0.4020794	4.32093	0.8409583
2394	-340.8274	-507.8156	166.9882	0.6871899	5.96265	0.5057128
2400	-327.4877	-496.5438	169.0561	1.085635	3.45616	0.6556327
2406	-331.0265	-498.1308	167.1042	0.9907398	5.15911	1.074545
2412	-337.6856	-504.2966	166.611	0.9982378	6.010158	0.6032777
2418	-333.2879	-500.0717	166.7838	0.7335001	6.010158	0.7735028
2424	-333.3324	-502.1725	168.8401	1.335895	2.909056	1.224315
2430	-328.4235	-499.0919	170.6685	0.5751309	2.062123	1.025244
2436	-331.4801	-501.2591	169.779	0.7118498	2.814913	1.025244
2442	-341.4145	-509.3483	167.9338	0.6862815	4.744081	0.9665872
2448	-330.706	-498.1875	167.4814	1.011805	4.973348	0.8526407
2454	-338.8328	-508.509	169.6763	1.04485	2.610439	0.9997352
2460	-338.1186	-506.9574	168.8388	1.030383	3.033714	1.372545
2466	-331.9765	-498.8671	166.8906	1.291058	5.010546	1.131164
2472	-338.6851	-508.1867	169.5016	0.8394413	2.490671	1.427876
2478	-340.3608	-510.3847	170.0239	0.7908736	2.459737	1.055325
2484	-336.3132	-506.4535	170.1403	0.4212056	2.104285	1.552783
2490	-341.6362	-511.4162	169.78	0.9923888	1.920494	1.532706
2496	-330.9366	-500.0582	169.1215	0.8334655	3.318879	1.055889
2502	-328.4623	-496.6276	168.1653	0.7332096	4.659388	0.7278433
2508	-328.7317	-496.7399	168.0082	0.4784359	5.129847	0.6113885
2514	-330.7214	-498.1523	167.4309	1.048041	5.155947	0.541076
2520	-329.3775	-497.6573	168.2798	0.7612902	4.558727	0.6514102
2526	-325.3336	-495.5635	170.2298	0.7612902	2.317116	1.022773
2532	-330.6155	-500.5432	169.9276	1.046681	2.190602	1.155419
2538	-337.6924	-507.458	169.7656	0.8930563	2.326009	1.307274
2544	-338.059	-507.9028	169.8438	0.7168352	2.477383	1.263602
2550	-340.6189	-509.8104	169.1915	0.8962184	3.188708	1.053489
2556	-346.087	-516.3394	170.2524	0.9136805	2.307998	0.8434989
2562	-348.1451	-517.1748	169.0297	0.9251376	3.519298	0.8434989
2568	-341.7426	-507.7699	166.0273	0.6923206	6.918518	0.5007001
2574	-346.4454	-512.3538	165.9083	1.171305	6.140363	1.10602
2580	-339.163	-507.1393	167.9763	0.7714471	4.704641	0.8695772
2586	-356.4002	-525.151	168.7508	0.7535877	3.776909	1.048804
2592	-335.9962	-505.7869	169.7907	0.7862231	2.838885	0.9112982
2598	-336.1796	-504.9671	168.7875	0.6439519	3.719104	1.168004
2604	-339.8734	-509.6543	169.7809	0.6545798	2.667995	1.20864
2610	-327.4773	-496.963	169.4857	0.7004802	3.067223	1.075165
2616	-327.9534	-495.4129	167.4595	0.9611	5.056472	0.8397874
2622	-332.6645	-500.9304	168.2659	1.528463	3.717484	0.7950551
2628	-327.8439	-496.271	168.4271	1.122069	3.818726	0.9626634
2634	-327.2482	-493.2258	165.9777	1.865388	5.594616	0.8866744
2640	-332.2656	-499.2182	166.9527	1.123384	5.428195	0.8051275
2646	-328.6325	-496.8588	168.2263	0.7316935	4.393367	0.9797626
2652	-351.0921	-517.9944	166.9023	0.3892455	6.311954	0.6433356
2658	-342.4097	-510.1594	167.7497	1.163481	4.288608	1.122532
2664	-346.5076	-514.5358	168.0282	1.069341	3.65937	1.484828
2670	-333.6729	-502.0031	168.3302	1.231207	3.511293	1.234745
2676	-331.6982	-500.8915	169.1933	1.391455	2.704986	1.040755
2682	-337.0968	-506.1566	169.0598	0.8488901	3.455161	0.9668799
2688	-347.8643	-515.1512	167.2868	0.8399905	5.237029	0.9668799
2694	-342.8218	-508.9127	166.0909	1.771517	5.079589	1.341581
2700	-338.0713	-507.4098	169.3385	0.9969263	2.852126	1.135301
2706	-333.3198	-502.5103	169.1905	1.073685	3.171749	0.8886432
2712	-329.7666	-498.9227	169.1562	0.4616646	3.8748	0.8202616
2718	-322.8873	-491.9334	169.0461	0.3675461	4.079	0.8202616
2724	-323.8378	-493.0333	169.1955	0.7384329	3.558693	0.8202616
2730	-354.287	-522.5116	168.2247	1.366388	3.918637	0.7979265
2736	-344.1808	-513.0512	168.8704	0.8802853	3.759009	0.7979265
2742	-347.7656	-516.8017	169.0361	0.7520519	3.759009	0.7446316
2748	-351.9224	-520.5035	168.5811	1.552028	2.577237	1.519708
2754	-341.6334	-511.5419	169.9085	0.7789992	2.660412	0.983198
2760	-337.3895	-507.2647	169.8752	0.6312643	2.83435	0.9904043
2766	-332.7368	-502.2343	169.4974	0.7105351	3.08564	1.03703
2772	-330.2793	-500.0292	169.7498	0.5884801	2.955253	1.03703
2778	-333.0196	-501.8744	168.8548	0.7972894	3.404042	1.248601
2784	-327.0438	-493.4344	166.3906	1.288452	5.68952	0.9620136
2790	-330.3229	-496.4149	166.092	1.387093	6.030628	0.7978323
2796	-334.981	-502.9898	168.0088	1.387093	3.665203	1.244422
2802	-338.7038	-506.9389	168.2351	0.5598835	4.764412	0.7255358
2808	-336.841	-503.6665	166.8255	0.8580118	5.792025	0.8416886
2814	-333.8443	-503.4722	169.6279	0.746321	2.884938	1.069809
2820	-333.8198	-502.2798	168.46	0.7804232	4.002479	1.08492
2826	-336.0625	-504.4476	168.3851	1.062507	3.169901	1.588218
2832	-327.9524	-496.3669	168.4145	1.404426	3.624727	0.879706
2838	-347.3698	-512.2253	164.8555	0.9531285	7.806054	0.6162698
2844	-321.1442	-489.8686	168.7244	1.32072	3.407227	0.8695979
2850	-327.2354	-496.5993	169.3638	0.752472	3.487201	0.6433477
2856	-318.9224	-487.6415	168.7191	0.4809087	4.371118	0.7060278
2862	-332.2517	-502.0224	169.7707	0.7656724	2.626271	1.157447
2868	-334.8433	-504.7914	169.948	0.4184676	2.626271	1.300732
2874	-345.9031	-515.163	169.2599	0.8831836	2.59996	1.495288
2880	-328.55	-497.8643	169.3143	0.9215388	3.116564	0.9786723
2886	-326.8468	-497.4547	170.608	0.6199188	1.956471	1.138164
2892	-322.4639	-492.6059	170.142	0.7005735	2.512004	0.9764708
2898	-329.7677	-499.6499	169.8823	0.6701049	2.408099	1.326785
2904	-329.8753	-496.2036	166.3283	1.533215	5.355291	1.10891
2910	-324.2586	-493.1314	168.8728	0.8268129	3.613723	1.017787
2916	-326.5916	-494.5328	167.9412	1.065046	4.255094	1.06773
2922	-330.2864	-498.0294	167.7429	0.9279613	4.950237	0.5979439
2928	-324.051	-492.382	168.331	0.8938954	4.32165	0.7455536
2934	-323.2076	-492.0225	168.8149	1.166645	3.483341	0.8546461
2940	-317.4631	-485.826	168.3629	1.166645	3.848572	0.9519959
2946	-321.5959	-490.8235	169.2276	0.3593141	3.722443	1.021666
2952	-325.0953	-492.9479	167.8526	0.9898659	4.76728	0.6287103
2958	-343.8224	-510.8487	167.0262	1.744525	4.76728	0.7582337
2964	-345.2343	-507.1142	161.8799	1.819529	9.908586	0.6329661
2970	-324.9999	-488.4167	163.4168	1.072278	9.149076	0.5023094
2976	-325.8168	-494.0501	168.2333	0.6413977	4.714274	0.6736015
2982	-340.1283	-509.2512	169.1229	1.212607	3.209374	0.7480761
2988	-331.7243	-497.7762	166.0519	0.9839758	6.149011	1.137734
2994	-330.0479	-498.4264	168.3786	0.9654939	4.003278	0.9838156
3000	-345.7071	-513.8845	168.1774	1.171729	3.604968	1.331855
3006	-336.4295	-505.4474	169.0179	0.9056494	2.842079	1.478258
3012	-337.258	-507.3897	170.1317	0.7105695	1.995423	1.423263
3018	-333.3176	-503.0026	169.685	0.7298485	2.82383	1.088919
3024	-339.3923	-508.5546	169.1623	1.258654	2.82383	1.083263
3030	-335.0923	-504.1059	169.0137	1.133709	2.761841	1.36755
3036	-327.6284	-497.5035	169.875	0.8764966	2.761841	0.7929557
3042	-318.1185	-487.7927	169.6742	0.5817037	2.93107	1.135844
3048	-325.1294	-494.3206	169.1912	0.9758528	3.314129	0.8347619
3054	-337.8502	-506.4947	168.6444	0.6653389	4.152199	0.8581922
3060	-323.6147	-493.4909	169.8762	0.6367807	2.855082	0.962545
3066	-324.9604	-494.2242	169.2639	0.699594	3.397002	0.9703552
3072	-330.2558	-498.5942	168.3384	1.103639	4.076593	0.7857508
3078	-325.0394	-493.355	168.3156	1.041918	4.076593	0.8906717
3084	-334.4461	-502.7718	168.3256	0.8276066	4.215415	0.9618812
3090	-332.2158	-499.8567	167.6409	1.302441	4.37106	1.016787
3096	-338.7326	-505.8468	167.1142	1.278617	4.982676	0.9547186
3102	-339.7231	-506.3633	166.6402	1.278617	4.982676	1.373601
3108	-333.0909	-501.4396	168.3486	1.494942	3.370915	1.111043
3114	-322.1549	-491.568	169.4131	0.7170616	3.058899	1.133941
3120	-340.9349	-511.5237	170.5888	0.4391145	1.791432	1.437379
3126	-324.2214	-493.3566	169.1352	1.279466	2.406203	1.43624
3132	-327.8056	-496.613	168.8074	0.9364885	3.384234	1.187493
3138	-336.713	-505.138	168.425	0.9364885	4.049301	0.9168439
3144	-334.9098	-502.8172	167.9074	1.121354	4.326068	0.9761585
3150	-336.6201	-505.5324	168.9122	1.121354	3.107154	1.176589
3156	-340.1224	-508.9576	168.8352	1.121354	2.859264	1.44006
3162	-333.6647	-503.2875	169.6228	1.053105	2.783598	0.8611856
3168	-345.7664	-515.3141	169.5477	1.090359	2.783598	0.9048098
3174	-340.5979	-508.5873	167.9894	1.090359	4.396168	0.841266
3180	-331.8308	-499.7121	167.8813	1.164775	4.342123	0.9412607
3186	-325.8204	-493.6341	167.8137	1.164775	4.435286	0.9135467
3192	-338.1426	-507.0926	168.9501	0.9245404	3.351378	1.100559
3198	-344.2918	-513.169	168.8772	1.017808	3.254416	1.169026
3204	-348.8589	-517.4874	168.6285	0.7467496	3.681511	1.24805
3210	-339.2595	-506.4249	167.1654	1.111752	4.775335	1.251595
3216	-335.8883	-504.5045	168.6162	1.577734	2.858538	1.251595
3222	-349.3797	-520.1717	170.792	0.6845651	1.850149	1.004538
3228	-344.674	-513.7603	169.0864	1.124236	2.978797	1.133681
3234	-328.0497	-497.6192	169.5695	0.8218125	2.904597	1.034777
3240	-331.8727	-500.2377	168.3649	1.107757	3.835752	1.022586
3246	-330.5392	-499.903	169.3639	1.1317	2.429351	1.355141
3252	-344.9703	-513.6794	168.7091	1.359546	3.241841	1.020616
3258	-338.7278	-507.4011	168.6734	0.8130571	3.979255	0.8537388
3264	-331.2257	-500.3031	169.0774	0.7418753	3.663853	0.832303
3270	-332.0639	-501.5098	169.4459	0.8754574	3.045413	0.9638424
3276	-343.7897	-510.7063	166.9166	0.6867531	6.007941	0.6249219
3282	-329.6645	-498.5884	168.924	1.532897	2.89201	0.9822463
3288	-327.8296	-496.0845	168.255	1.170115	4.018441	0.8799189
3294	-352.4304	-518.7505	166.3201	1.422871	5.681095	0.9020517
3300	-335.0125	-502.0353	167.0228	1.059078	5.316222	0.930638
3306	-330.7156	-499.2321	168.5164	1.059078	3.817079	0.9366242
3312	-330.9597	-499.9703	169.0106	1.361429	2.90739	1.050636
3318	-332.563	-502.5056	169.9426	0.9975052	2.34289	1.047219
3324	-345.5059	-513.1338	167.6279	0.9975052	4.812502	0.8863692
3330	-334.2523	-503.9387	169.6864	0.6273878	3.149859	0.8561874
3336	-349.6602	-518.1206	168.4604	0.5532787	4.257645	1.058327
3342	-323.4172	-492.9904	169.5732	0.6353516	2.759019	1.321071
3348	-331.2105	-500.314	169.1035	1.040567	2.984014	1.187532
3354	-322.4426	-491.917	169.4744	0.628972	2.984014	1.222332
3360	-325.751	-495.0881	169.3371	0.6096386	2.968461	1.362807
3366	-324.0719	-492.4195	168.3476	1.719326	3.391452	0.8625175
3372	-322.3237	-491.9152	169.5915	1.163359	2.658948	0.9134912
3378	-333.3087	-500.9935	167.6848	0.63619	5.269668	0.6702362
3384	-335.4409	-501.3462	165.9053	1.39791	6.333422	0.4732225
3390	-329.8438	-495.8262	165.9824	1.224668	6.333422	0.754671
3396	-341.2164	-509.3285	168.1121	0.8868908	4.47444	0.8443416
3402	-341.464	-508.712	167.248	1.550663	4.632787	0.893732
3408	-335.8596	-503.5062	167.6466	0.9850833	4.78357	0.9119283
3414	-339.5595	-506.0389	166.4795	0.899126	6.244036	0.5933267
3420	-333.9892	-499.8075	165.8183	1.031067	6.749001	0.6545575
3426	-335.7326	-502.7058	166.9732	1.031067	5.359545	0.9669298
3432	-333.9244	-501.5909	167.6665	0.8080293	4.979849	0.8672616
3438	-337.0362	-503.4401	166.4039	1.41758	5.725575	0.7448573
3444	-333.2388	-501.3799	168.1411	0.9410632	4.451918	0.7639604
3450	-331.1293	-501.0707	169.9414	0.7568925	2.540732	1.088591
3456	-325.9211	-496.0632	170.1421	0.8725561	2.252351	1.062417
3462	-326.8924	-495.7081	168.8157	1.08033	3.618363	0.7915981
3468	-332.6665	-501.2993	168.6327	0.9863204	3.712757	0.99946
3474	-333.7791	-503.1788	169.3997	0.560536	3.515561	0.8413551
3480	-330.1861	-500.0371	169.8511	0.2532838	3.385062	0.8243473
3486	-328.1043	-496.0536	167.9493	0.7174577	4.822709	0.8243473
3492	-332.6171	-500.5653	167.9482	1.212014	4.438908	0.652999
3498	-334.4934	-502.61	168.1166	0.73692	4.564249	0.9090698
3504	-341.9253	-510.2799	168.3547	1.195649	3.466963	1.280708
3510	-328.9824	-497.2946	168.3122	1.195649	3.852735	0.9702464
3516	-339.407	-506.9225	167.5155	1.481669	4.363426	0.9702464
3522	-339.6223	-508.012	168.3896	0.9800252	3.510761	1.390125
3528	-326.2573	-494.7698	168.5125	1.414197	3.280129	1.118037
3534	-334.5362	-502.039	167.5028	1.362996	4.725091	0.6699274
3540	-328.1186	-495.5714	167.4528	1.650421	3.738005	1.420562
3546	-328.7649	-498.0429	169.278	0.7194298	3.462691	0.8603762
3552	-324.8432	-494.4943	169.651	0.6847789	3.274715	0.6268875
3558	-311.2753	-480.5266	169.2513	0.8936703	3.251402	0.9325409
3564	-318.2116	-488.4122	170.2006	0.6237232	2.572005	0.9325409
3570	-322.1093	-491.9543	169.845	1.020256	2.531061	0.9325409
3576	-318.1034	-485.5427	167.4393	1.151056	4.918938	0.7983918
3582	-332.0102	-501.0547	169.0445	1.448676	3.016199	0.7983918
3588	-327.7099	-496.4539	168.744	0.7927983	4.087811	0.5868594
3594	-324.5295	-493.0162	168.4867	0.7591392	4.087811	0.9975852
3600	-343.9781	-512.8605	168.8824	1.196761	3.293818	0.9573318
3606	-339.0167	-508.3852	169.3684	1.164421	2.872376	0.9229019
3612	-338.2215	-505.4467	167.2253	0.9622532	5.329151	0.7884985
3618	-329.549	-496.4047	166.8558	1.337325	5.370121	0.7192615
3624	-338.2835	-508.1881	169.9046	0.8070072	2.851656	0.7192615
3630	-350.3919	-516.0207	165.6288	1.278034	6.538353	0.8779384
3636	-329.9844	-499.0322	169.0478	0.650319	3.538592	1.090737
3642	-332.1237	-501.4736	169.3499	1.265841	2.667057	1.047386
3648	-329.5866	-497.34	167.7534	0.7996419	4.808471	0.9692848
3654	-325.0866	-493.1139	168.0273	0.7560425	4.820932	0.6416733
3660	-332.9063	-499.5539	166.6476	0.8799274	6.044945	0.7036353
3666	-323.441	-490.7536	167.3126	1.161434	5.098469	0.7036458
3672	-330.8619	-499.3323	168.4704	1.04027	4.08063	0.6689846
3678	-325.6891	-492.2106	166.5215	1.365757	5.704055	0.6689846
3684	-320.6089	-489.183	168.5741	1.365757	3.314296	1.074503
3690	-324.9515	-494.7546	169.8032	0.6300979	3.009779	0.8804841
3696	-325.5726	-493.3128	167.7402	1.358813	4.451243	0.7398538
3702	-323.4278	-491.4356	168.0078	0.9238945	4.699649	0.5603591
3708	-328.0333	-497.6186	169.5853	0.8633351	3.046144	0.8174463
3714	-320.938	-488.4965	167.5585	1.057502	4.646394	1.066725
3720	-326.2951	-494.4771	168.182	1.231858	3.848568	1.066725
3726	-330.1561	-498.9111	168.755	1.356264	3.10834	1.106381
3732	-339.9924	-508.3836	168.3912	0.9815116	4.195391	0.711212
3738	-335.3206	-503.9646	168.644	0.9815116	3.673042	1.032209
3744	-340.8046	-507.2186	166.414	0.6135399	6.382139	0.9180221
3750	-334.5704	-501.6101	167.0396	1.058905	5.281469	0.9499708
3756	-329.275	-496.0121	166.7371	1.11012	5.672147	0.7848311
3762	-340.6799	-503.2094	162.5295	1.826836	9.261905	0.6064098
3768	-340.8734	-503.2619	162.3885	1.860564	9.292357	0.753257
3774	-337.7909	-502.2592	164.4683	1.318968	7.805322	0.6663558
3780	-337.1774	-506.9742	169.7969	0.4138216	3.384629	0.6609519
3786	-343.7993	-510.1875	166.3882	1.345827	5.895791	0.5672605
3792	-350.0247	-515.8614	165.8367	1.345827	6.447645	0.5659335
3798	-328.052	-495.7846	167.7327	0.9964168	4.7651	0.8182563
3804	-326.0493	-493.1963	167.147	1.107663	5.176327	0.894263
3810	-345.382	-509.1202	163.7383	1.82227	7.813859	0.9558766
3816	-332.1585	-500.968	168.8094	1.000597	3.808134	0.606707
3822	-325.852	-494.9848	169.1328	0.6469814	3.291511	1.235849
3828	-332.5031	-501.3352	168.8321	0.9189829	3.834939	0.6792536
3834	-330.5802	-499.2084	168.6281	1.009663	3.495786	1.182774
3840	-327.349	-496.9268	169.5778	0.9749251	2.893002	0.8773594
3846	-318.6402	-488.072	169.4319	0.6880868	3.298326	0.9085403
3852	-327.277	-496.6885	169.4116	0.6965031	3.398285	0.8023606
3858	-330.2422	-498.6423	168.4001	0.8646088	4.131237	0.9329638
3864	-333.6884	-500.7983	167.1099	0.8646088	5.453801	0.8973503
3870	-336.7535	-504.1967	167.4432	0.7385436	5.453801	0.5370112
3876	-333.1262	-501.923	168.7967	1.067737	3.668926	0.7649911
3882	-331.8724	-499.9221	168.0496	1.512378	3.462997	1.274347
3888	-342.1756	-511.8242	169.6487	1.038363	2.417575	1.207696
3894	-343.0185	-513.0246	170.0061	0.8858166	2.113837	1.290138
3900	-347.4097	-516.5565	169.1468	1.168817	1.806212	1.934704
3906	-355.8699	-524.532	168.662	1.274996	2.103281	1.989399
3912	-341.7314	-511.9569	170.2255	0.9754109	1.709342	1.366725
3918	-338.2366	-508.3679	170.1313	0.8731672	2.125425	1.185982
3924	-333.0496	-503.0828	170.0332	0.8731672	2.125425	1.268741
3930	-332.7499	-501.8831	169.1331	1.156365	2.976771	1.063097
3936	-335.3418	-504.9816	169.6398	0.6961292	2.976771	1.018383
3942	-341.3785	-509.7813	168.4027	0.8030085	3.993758	1.124596
3948	-341.8805	-509.357	167.4764	1.157948	4.538918	1.148018
3954	-336.0509	-504.2238	168.1729	0.8926465	4.538918	0.6411701
3960	-347.5609	-515.7865	168.2256	0.9566337	4.390708	0.7028415
3966	-338.9803	-507.193	168.2127	0.878236	4.353447	0.8788671
3972	-334.493	-502.3755	167.8825	1.087767	4.646737	0.6098989
3978	-336.5436	-502.943	166.3994	1.01807	6.219242	0.5272011
3984	-334.848	-502.8098	167.9618	1.043252	4.550533	0.7315964
3990	-327.5513	-496.3419	168.7906	1.016124	3.678825	0.8292387
3996	-327.112	-494.085	166.973	1.316738	5.282481	0.7041586
4002	-340.9423	-507.0528	166.1105	0.8390822	6.545632	0.8168933
4008	-333.9502	-499.0373	165.0871	1.206189	7.216685	0.7975458
4014	-328.0599	-492.7861	164.7262	0.8918488	7.987327	0.6392401
4020	-336.7212	-502.2559	165.5348	1.051902	7.038501	0.5849508
4026	-330.8894	-499.2455	168.356	0.8080864	4.449402	0.619263
4032	-331.3894	-499.2188	167.8294	1.158708	4.649719	0.5129233
4038	-327.0358	-495.0002	167.9644	0.5931771	5.0055	0.719569
4044	-345.7967	-515.0523	169.2556	0.742473	3.196507	1.129001
4050	-347.8459	-517.3398	169.4939	0.7316313	2.648154	1.39541
4056	-343.163	-511.5569	168.394	0.7891015	4.073551	1.072166
4062	-344.8867	-514.0676	169.1809	0.9467008	3.059413	1.135784
4068	-346.0628	-514.2371	168.1744	0.8187754	3.669987	1.554737
4074	-339.6411	-507.7325	168.0914	1.220351	4.040803	0.9785172
4080	-326.9393	-492.3395	165.4002	1.337138	6.889929	0.5773504
4086	-323.6981	-492.2557	168.5576	1.194841	3.457279	1.115357
4092	-332.6678	-502.4182	169.7504	0.3650799	3.109416	1.101559
4098	-326.4849	-495.651	169.1661	0.946769	3.282744	0.9333581
4104	-323.3326	-492.1103	168.7777	0.7034387	4.064624	0.7466916
4110	-335.2723	-504.216	168.9436	0.5576246	4.064624	0.7148598
4116	-322.6712	-490.7022	168.031	0.9364789	4.663919	0.5601851
4122	-325.1143	-494.8195	169.7052	0.4309979	2.914665	1.252959
4128	-326.2509	-496.878	170.6271	0.55624	2.041189	1.101879
4134	-327.7931	-495.8419	168.0488	1.188427	4.244601	0.8338788
4140	-332.7996	-502.9549	170.1553	0.7776314	2.325239	1.070698
4146	-340.4037	-509.9847	169.581	1.202052	2.421962	1.11961
4152	-330.8373	-499.3792	168.5419	0.8334884	4.163381	0.7571562
4158	-326.7623	-496.3762	169.6138	0.8953791	2.370506	1.390679
4164	-331.3465	-501.616	170.2695	0.7571574	2.370506	0.931669
4170	-331.1075	-500.1958	169.0883	0.5543629	3.835465	0.8385633
4176	-334.4399	-501.4667	167.0269	1.281091	5.291431	0.6524138
4182	-327.2034	-495.3221	168.1187	0.6190106	4.809865	0.7439577
4188	-327.5678	-496.7647	169.1969	0.7451419	3.688972	0.5620967
4194	-340.7217	-509.9547	169.233	1.215731	2.738304	1.135777
4200	-336.1686	-505.4308	169.2622	0.2997607	4.032036	0.6636631
4206	-333.1155	-502.6047	169.4892	0.509722	3.106702	1.206817
4212	-334.3608	-504.2257	169.8649	0.5157253	3.06293	0.8799227
4218	-333.7785	-502.472	168.6935	0.9177931	3.540968	1.166515
4224	-343.2808	-510.234	166.9532	2.308945	3.966034	1.09856
4230	-349.3608	-517.2026	167.8418	1.459989	3.691723	1.300074
4236	-356.3795	-525.755	169.3755	1.426654	2.683467	0.8291668
4242	-337.0751	-505.1049	168.0298	1.059285	4.379562	0.8501946
4248	-347.3067	-514.5256	167.2189	1.059285	5.354119	0.5560145
4254	-336.3095	-504.4487	168.1393	0.6609541	4.812652	0.6209328
4260	-328.5342	-497.6337	169.0995	0.6870503	3.619238	0.9222661
4266	-324.6529	-493.9083	169.2554	1.584566	2.510974	0.9801552
4272	-317.7124	-486.166	168.4536	1.405288	3.357062	1.1097
4278	-317.6332	-487.6802	170.047	0.7125034	2.260753	1.27827
4284	-313.8554	-483.8879	170.0325	0.900036	2.260753	1.130176
4290	-325.0026	-493.8198	168.8172	1.400766	3.082738	1.030137
4296	-320.5056	-489.5004	168.9948	1.050629	3.381972	0.8983351
4302	-325.6514	-494.063	168.4116	1.069448	4.024589	0.8033272
4308	-335.4818	-505.6212	170.1395	0.2240125	2.622712	1.30606
4314	-330.0697	-499.6495	169.5797	0.5474158	2.622712	1.490138
4320	-325.7828	-495.5814	169.7987	0.8299333	2.622712	1.077146
4326	-324.9719	-492.3944	167.4225	1.577704	4.400143	0.9282486
4332	-347.8323	-516.9388	169.1066	0.7785369	3.407513	1.037968
4338	-343.4379	-512.0115	168.5735	1.471825	3.247238	1.037968
4344	-338.9265	-507.7256	168.7991	1.150935	3.411366	0.969422
4350	-327.0622	-495.951	168.8888	1.147633	2.780678	1.439128
4356	-328.3119	-497.2049	168.893	0.7961106	3.536244	1.10113
4362	-326.206	-495.2069	169.0009	0.6500981	3.634898	1.044438
4368	-342.6282	-511.6669	169.0387	0.7079457	3.609885	0.9744168
4374	-346.7157	-514.5757	167.86	1.116732	4.174236	1.16764
4380	-342.3988	-509.4822	167.0834	1.279841	5.191267	0.7332228
4386	-329.5078	-496.3904	166.8826	0.8192214	5.936329	0.5036771
4392	-335.1019	-503.6023	168.5004	1.211305	3.72668	0.8858211
4398	-335.125	-503.9971	168.8722	0.7538577	3.72668	0.9783252
4404	-325.5405	-495.092	169.5515	0.7983541	3.1923	0.7521938
4410	-330.4264	-498.1066	167.6802	1.364728	4.086806	1.184416
4416	-330.375	-498.2836	167.9086	0.8175651	4.849682	0.6977794
4422	-324.3002	-491.9328	167.6326	1.052495	4.890783	0.6977794
4428	-320.627	-489.1854	168.5585	1.13808	3.535779	1.094746
4434	-320.395	-490.1814	169.7864	0.5586343	3.04512	0.9391556
4440	-330.7942	-500.3938	169.5996	0.5586343	3.278263	0.8879977
4446	-329.7679	-498.5472	168.7793	1.151111	3.46257	0.9362052
4452	-327.3416	-496.7633	169.4217	0.80019	2.088837	1.805747
4458	-347.0298	-516.7956	169.7657	0.5283832	2.651476	1.33868
4464	-346.622	-516.148	169.526	0.8295391	2.291365	1.566659
4470	-330.492	-499.9068	169.4148	1.137511	2.71611	1.061096
4476	-336.6741	-506.2006	169.5265	0.9420908	2.873219	0.9893728
4482	-326.9265	-494.6424	167.7159	0.9420908	4.671711	1.001548
4488	-325.3187	-493.134	167.8153	1.152355	3.9275	1.378621
4494	-330.2378	-498.6815	168.4437	1.00374	3.811236	1.070268
4500	-329.1551	-495.0912	165.9361	1.061156	6.490227	0.8268413
4506	-330.9318	-495.1628	164.231	0.8824285	8.501001	0.6168608
4512	-325.3804	-490.8087	165.4283	0.8824285	7.32677	0.5186579
4518	-338.8625	-506.2788	167.4164	0.792216	5.330532	0.7566662
4524	-335.9446	-503.2082	167.2636	1.15574	5.119746	0.7566662
4530	-331.4199	-497.283	165.863	1.124827	6.649886	0.5142062
4536	-335.8463	-500.9831	165.1368	1.244786	7.247732	0.5694226
4542	-325.7288	-493.7309	168.0021	1.244786	4.252081	0.8120651
4548	-327.5411	-497.3341	169.7931	0.4412769	2.881759	1.197855
4554	-334.0304	-502.4861	168.4557	0.7905148	4.308058	0.733675
4560	-324.3107	-493.3381	169.0274	0.5961799	3.651622	1.054636
4566	-325.3029	-494.8655	169.5626	0.4292708	3.515598	0.8009438
4572	-314.5514	-483.6554	169.104	0.9503786	3.515598	0.7080497
4578	-325.4861	-494.2308	168.7447	0.9036017	3.964392	0.6215251
4584	-345.7689	-514.398	168.6292	1.451862	2.876809	1.328886
4590	-331.4867	-499.8526	168.3659	1.451862	3.312008	1.186092
4596	-331.6554	-499.8791	168.2237	1.214085	3.873726	1.019596
4602	-321.5901	-489.5217	167.9316	1.139297	3.811879	1.388289
4608	-310.719	-479.5496	168.8306	0.8857393	3.815741	0.7668501
4614	-322.0539	-490.8627	168.8088	0.8262368	3.652745	1.042613
4620	-326.5625	-495.5463	168.9838	1.279335	3.091024	0.9768858
4626	-335.7238	-506.2813	170.5575	0.7262493	1.697086	1.310357
4632	-342.5625	-511.8937	169.3312	1.014032	2.057833	1.741485
4638	-352.3282	-520.0779	167.7497	1.144942	4.290972	1.13706
4644	-341.2409	-507.2522	166.0113	1.208256	6.331471	0.7387235
4650	-334.5446	-503.7649	169.2202	0.996775	3.101812	1.012377
4656	-335.7389	-504.0638	168.3249	0.7413337	4.252597	1.012377
4662	-341.2369	-509.5251	168.2882	1.287829	3.93881	0.7909582
4668	-336.0301	-505.1146	169.0845	1.096814	3.272894	0.8674403
4674	-325.4034	-494.7338	169.3304	1.076889	2.914504	1.009409
4680	-328.4528	-497.4364	168.9836	1.076889	3.506159	0.7136409
4686	-330.8089	-498.333	167.5242	1.076889	4.978073	0.6919482
4692	-338.349	-506.1532	167.8042	0.8060025	4.978073	0.6748901
4698	-325.8456	-493.2524	167.4068	1.082933	4.978073	0.8511757
4704	-331.705	-498.9003	167.1953	0.9918348	5.409289	0.6586522
4710	-333.9629	-500.653	166.6901	1.270091	5.521532	0.8339867
4716	-341.5141	-508.8534	167.3393	1.310521	4.94124	0.6695169
4722	-345.2926	-511.4907	166.1981	1.184368	6.208574	0.6695169
4728	-340.4373	-506.3961	165.9588	1.184368	6.492886	0.5326957
4734	-318.1783	-487.7702	169.592	0.6090537	2.955725	1.162608
4740	-344.7866	-514.8945	170.108	0.7365137	2.286185	1.185294
4746	-333.4935	-502.0981	168.6046	0.8624547	3.624706	1.21863
4752	-322.0239	-489.4118	167.3879	1.22907	4.695651	1.018541
4758	-332.86	-500.5793	167.7193	0.8210529	5.02381	0.7177018
4764	-333.0326	-501.3046	168.272	0.9843277	4.307814	0.7177018
4770	-327.6631	-495.1692	167.5061	1.320067	4.307814	1.182449
4776	-338.0855	-507.9683	169.8828	0.6514712	2.599732	1.182449
4782	-335.3236	-504.4531	169.1295	0.7575292	3.270603	1.161826
4788	-332.232	-500.3873	168.1553	0.8109327	4.184369	1.167956
4794	-337.5594	-507.0533	169.4939	0.6408672	3.127253	1.067089
4800	-334.5556	-503.59	169.0344	1.251268	3.124955	0.9170051
4806	-324.0188	-492.7336	168.7148	1.181167	2.817257	1.517597
4812	-331.7055	-498.5892	166.8838	1.181167	5.280781	0.9854668
4818	-323.5298	-492.011	168.4812	1.163977	3.778874	0.9020963
4824	-333.0096	-501.7822	168.7726	0.6846151	3.778874	1.09126
4830	-331.8841	-500.9151	169.031	1.01742	3.483216	0.7675677
4836	-340.0465	-507.5998	167.5533	0.9889921	4.732628	1.054908
4842	-341.2657	-507.6128	166.3472	1.009805	5.986815	0.987431
4848	-344.3356	-513.8714	169.5358	0.708779	2.968803	1.112055
4854	-328.4858	-497.7135	169.2277	1.10154	2.945764	1.054821
4860	-331.3108	-498.7353	167.4245	1.361215	4.557707	0.9877879
4866	-334.7007	-502.8803	168.1795	1.123761	4.049204	0.9785386
4872	-335.2028	-503.4214	168.2186	1.019637	3.583469	1.435559
4878	-341.6484	-510.6532	169.0048	1.019637	2.83162	1.409116
4884	-315.1096	-484.0121	168.9025	1.112094	3.584865	0.6522362
4890	-321.2563	-489.2722	168.0159	1.235068	4.20876	0.8608823
4896	-326.0531	-491.3284	165.2753	1.941624	6.242819	0.8608823
4902	-321.5194	-490.1967	168.6774	0.9792993	3.689828	0.984669
4908	-336.4292	-502.1916	165.7624	1.443513	6.431391	0.5202952
4914	-328.2301	-498.5274	170.2973	0.6675419	2.193999	1.160781
4920	-348.2106	-517.6386	169.4281	0.2488541	3.444581	1.193228
4926	-333.449	-502.6169	169.1678	0.584888	3.381973	1.181822
4932	-347.8501	-516.0778	168.2277	1.26629	4.007751	0.8084482
4938	-328.9714	-498.5184	169.547	1.099792	2.614631	1.067692
4944	-331.5846	-501.6219	170.0372	0.8286102	2.614631	0.8356039
4950	-333.847	-503.3504	169.5033	1.130762	2.614631	1.079547
4956	-338.8744	-507.1228	168.2484	1.775914	3.246565	1.058738
4962	-354.4751	-522.8499	168.3748	1.084595	4.01904	0.8381429
4968	-350.7684	-519.2197	168.4513	1.013373	4.01904	0.831604
4974	-343.074	-512.4246	169.3506	0.6447298	3.475864	0.8470599
4980	-333.3705	-500.1108	166.7403	0.9765387	5.827184	0.749314
4986	-342.9032	-510.0064	167.1032	1.412136	4.911823	0.8986238
4992	-333.7379	-501.8487	168.1108	1.523503	3.649322	1.046612
4998	-336.3584	-505.8997	169.5414	0.647188	3.095036	1.046612
5004	-332.8218	-499.4419	166.6202	1.339345	5.581883	0.7533079
5010	-333.0801	-497.9768	164.8967	0.835924	7.888331	0.5983447
5016	-332.1178	-500.2971	168.1794	0.8252678	4.261943	1.062801
5022	-332.1345	-500.1858	168.0513	0.9900282	4.469146	0.7968631
5028	-346.4139	-514.1313	167.7174	1.181305	4.469146	0.9627026
5034	-338.3642	-504.9852	166.621	1.287457	5.536286	0.8785523
5040	-329.5953	-498.5931	168.9978	1.184248	3.18206	0.9666132
5046	-321.9234	-488.615	166.6916	0.5910341	6.248544	0.7681995
5052	-332.9684	-503.0592	170.0907	1.003966	2.119659	1.111162
5058	-326.5849	-496.2492	169.6643	1.003966	1.776509	1.712125
5064	-339.7768	-508.6789	168.9021	1.079702	2.574989	1.632203
5070	-332.4643	-502.1714	169.7071	0.7632411	2.564297	1.266437
5076	-336.1244	-506.0747	169.9502	1.166751	1.756223	1.395745
5082	-332.7789	-502.6242	169.8453	0.6922936	2.538624	1.231725
5088	-338.9146	-508.776	169.8614	0.6941773	2.951508	0.8014071
5094	-347.4623	-515.4569	167.9946	0.7920656	4.810109	0.6578198
5100	-334.3758	-501.9794	167.6036	0.8376788	5.193539	0.5419739
5106	-332.0637	-501.0893	169.0256	0.644254	3.701753	0.9587522
5112	-324.344	-493.2605	168.9165	0.9209462	3.534218	0.9587522
5118	-326.8996	-494.5216	167.6219	1.169018	4.580695	0.9587522
5124	-335.1594	-503.0143	167.8549	1.555129	3.997374	0.9205346
5130	-337.7784	-504.5863	166.8079	1.21495	5.528825	0.7376997
5136	-339.3664	-506.9168	167.5503	0.7960399	5.11379	0.8603389
5142	-326.2156	-496.0877	169.8722	0.9354512	2.692864	0.8100989
5148	-334.4604	-503.0462	168.5859	0.8825496	4.116733	0.6808992
5154	-333.1387	-499.8591	166.7204	0.8825496	5.828634	0.8935653
5160	-320.5291	-490.2542	169.7252	0.5318825	3.277756	0.7629843
5166	-324.3168	-494.0452	169.7285	1.351649	2.146931	1.099586
5172	-325.3043	-495.1566	169.8523	0.424823	2.775705	1.251337
5178	-326.3001	-496.0932	169.7931	0.4025724	2.775705	1.318056
5184	-321.0376	-491.247	170.2094	0.6007181	2.135665	1.338555
5190	-339.1738	-509.7255	170.5517	0.3079662	2.320048	1.142349
5196	-334.9139	-505.6325	170.7185	0.168413	2.448989	0.9953317
5202	-329.1226	-499.6162	170.4935	0.5348549	2.393131	0.9049199
5208	-319.4156	-489.467	170.0514	0.643696	2.393131	1.221606
5214	-332.5726	-500.5954	168.0228	1.451578	3.981702	0.8652019
5220	-326.2332	-494.1909	167.9578	1.008773	4.489545	0.8652019
5226	-329.2073	-498.0322	168.8249	0.9856312	3.527792	0.992908
5232	-320.7876	-489.5162	168.7285	0.9856312	3.90325	0.6088139
5238	-326.4628	-494.1863	167.7234	0.7487452	5.158542	0.5634276
5244	-318.7046	-487.8609	169.1563	1.136748	3.12121	0.9130078
5250	-327.5955	-496.7961	169.2007	0.87089	3.12121	1.130664
5256	-335.308	-503.4361	168.128	1.379398	3.685314	1.130664
5262	-333.1535	-501.1888	168.0353	0.9039772	4.552297	0.8215786
5268	-334.4909	-503.5895	169.0986	0.8326954	3.666153	0.6565088
5274	-325.2164	-493.5011	168.2847	0.8326954	4.322019	0.8847101
5280	-325.0577	-493.8826	168.8249	0.5728711	4.041589	0.8847101
5286	-347.4055	-512.3803	164.9748	1.56209	6.81075	0.9835485
5292	-332.0172	-499.2092	167.192	1.333769	5.024581	0.7397716
5298	-330.3457	-497.3352	166.9895	1.322285	5.177352	0.8246518
5304	-327.0645	-495.7483	168.6838	0.9536373	3.303497	1.342432
5310	-358.1098	-524.5158	166.4061	1.641759	5.054684	1.209495
5316	-330.321	-499.3032	168.9822	0.8967322	3.079057	1.328782
5322	-338.9806	-508.1236	169.143	1.135116	2.12092	1.744283
5328	-330.4287	-499.0012	168.5725	1.135116	3.506099	1.111747
5334	-340.7341	-508.6424	167.9083	1.104468	3.806683	1.437314
5340	-337.2603	-506.2784	169.0182	0.6844552	3.760061	0.8573143
5346	-333.4811	-500.7759	167.2949	1.21431	5.096099	0.6393777
5352	-332.2958	-501.5466	169.2508	1.204794	3.114355	0.7080516
5358	-336.8941	-506.8058	169.9117	0.5100678	2.761502	1.139131
5364	-342.8516	-511.4103	168.5587	1.044028	3.482744	1.223983
5370	-341.2243	-509.1463	167.922	1.636924	3.744196	1.027752
5376	-334.3044	-502.4133	168.1089	1.572533	3.586254	1.061757
5382	-324.8339	-493.0224	168.1884	1.046821	3.735006	1.318922
5388	-328.3914	-498.3394	169.9479	0.9105622	2.085415	1.340024
5394	-328.6643	-498.1055	169.4413	0.9876962	3.112604	0.7530448
5400	-322.4755	-491.5853	169.1098	0.8254339	3.368585	1.027103
5406	-327.1085	-496.9009	169.7923	0.4643863	3.318583	0.6987827
5412	-332.2105	-502.1172	169.9068	0.4643863	3.015231	0.9432257
5418	-349.0628	-518.1804	169.1176	0.6261619	3.41165	1.163778
5424	-342.3562	-511.9206	169.5644	1.037203	2.165176	1.477406
5430	-327.7901	-496.8294	169.0393	1.037203	3.137292	1.111648
5436	-335.3077	-504.8977	169.59	1.540583	1.866198	1.297456
5442	-329.5647	-498.7655	169.2008	0.8343093	2.795759	1.428546
5448	-329.5161	-498.3084	168.7923	1.075485	3.442098	1.021156
5454	-323.5138	-493.6422	170.1284	0.6080231	2.340077	1.231555
5460	-326.1599	-495.9347	169.7747	0.6335326	2.86753	1.05406
5466	-328.6083	-497.6687	169.0604	1.002155	3.213266	1.05406
5472	-332.2105	-500.5943	168.3837	1.299353	3.213091	1.377789
5478	-329.525	-498.8175	169.2926	0.8532381	3.335605	0.834433
5484	-335.0531	-503.7953	168.7422	0.6447365	4.157302	0.7490059
5490	-334.8628	-503.0238	168.161	0.8890411	4.46055	0.7966536
5496	-331.7205	-501.1024	169.382	0.9724178	3.022947	0.9527962
5502	-327.4256	-495.1936	167.7679	1.193866	4.347077	1.022172
5508	-330.3623	-497.7491	167.3867	1.600881	4.347077	0.9965897
5514	-323.2496	-491.52	168.2704	1.404766	3.700694	0.9543247
5520	-332.7463	-502.5565	169.8102	0.82472	2.363621	1.296015
5526	-338.8921	-508.8663	169.9742	0.8108044	2.180645	1.322666
5532	-332.8087	-501.9131	169.1043	0.8511013	3.439004	0.9346142
5538	-323.7777	-492.8748	169.0972	1.294944	2.911887	1.026941
5544	-341.7406	-510.0894	168.3488	1.022498	3.667365	1.263082
5550	-337.7404	-507.7783	170.038	1.083085	2.18118	1.028637
5556	-332.2555	-501.7285	169.4731	0.7333803	2.941154	1.170613
5562	-331.0317	-499.7011	168.6695	1.106652	3.188835	1.323175
5568	-324.9293	-492.5507	167.6214	1.529762	4.005294	1.16287
5574	-351.9233	-520.0166	168.0933	1.703013	2.911929	1.521279
5580	-333.174	-501.9818	168.8077	1.013574	2.601859	1.727353
5586	-328.2514	-497.2844	169.033	1.06171	3.043267	1.178956
5592	-332.0662	-500.247	168.1808	1.178306	4.054215	0.9140204
5598	-336.496	-503.3602	166.8642	1.247099	5.358875	0.8482435
5604	-337.4765	-504.3567	166.8802	0.6996155	6.044951	0.5862035
5610	-328.4477	-497.2722	168.8245	0.9866157	3.672776	0.8312825
5616	-326.4243	-494.5661	168.1419	1.009156	3.985987	1.179812
5622	-338.5416	-508.8403	170.2987	0.6255748	2.211819	1.180612
5628	-332.0899	-501.3879	169.298	0.6247243	3.446848	0.9609243
5634	-340.52	-510.5683	170.0483	0.670145	2.444124	1.157473
5640	-341.1508	-511.1362	169.9854	0.8468372	2.537304	0.9609243
5646	-338.1643	-506.3592	168.1949	1.210811	4.047395	0.8687459
5652	-335.6821	-504.3483	168.6662	0.6314247	3.666362	1.323927
5658	-336.6845	-506.0827	169.3981	1.058382	2.688848	1.172567
5664	-328.6865	-498.4189	169.7325	0.8884946	2.666013	1.043402
5670	-325.377	-494.7548	169.3778	0.8884946	2.666013	1.34923
5676	-320.1447	-489.5116	169.3668	0.9636804	3.0568	0.9422663
5682	-330.8609	-500.0037	169.1428	1.06647	3.296411	0.8032378
5688	-329.2264	-498.1253	168.8989	0.7917535	3.829862	0.7832469
5694	-333.4172	-500.5379	167.1208	1.253377	5.093771	0.8510212
5700	-323.1707	-488.4969	165.3262	1.708056	6.433334	0.8514111
5706	-337.684	-505.9469	168.2629	0.8083411	4.445379	0.7885442
5712	-345.5758	-513.2056	167.6298	1.623825	4.070799	1.006804
5718	-346.1427	-514.5002	168.3575	1.359467	3.243861	1.326504
5724	-340.0391	-508.7988	168.7597	0.4916696	4.348968	0.6503762
5730	-355.2063	-521.4095	166.2033	1.533663	5.745857	0.8327131
5736	-337.8717	-505.8536	167.9819	1.116032	4.351805	0.8727038
5742	-341.3841	-509.1708	167.7867	2.055106	3.427296	1.060432
5748	-332.8152	-501.3767	168.5615	1.285635	3.49833	0.9857194
5754	-340.045	-509.0272	168.9823	0.434089	3.837761	1.074491
5760	-326.8778	-495.9821	169.1043	0.579948	3.813641	0.8134375
5766	-337.5446	-506.9057	169.3611	0.4219329	3.364293	1.170825
5772	-336.5437	-505.9503	169.4065	0.8808101	2.992044	1.050643
5778	-330.3291	-499.658	169.3289	0.6636417	3.556425	0.7418484
5784	-337.6226	-507.6933	170.0707	0.5655596	2.608617	1.083146
5790	-331.3414	-500.6299	169.2884	0.6299572	3.228687	1.171058
5796	-325.4054	-494.9158	169.5104	1.28276	2.594965	0.9413207
5802	-334.1986	-501.2987	167.1001	1.354906	4.506168	1.326208
5808	-327.4154	-496.9826	169.5672	0.90455	2.662451	1.182235
5814	-333.002	-501.6598	168.6578	0.4371148	4.458399	0.7351623
5820	-335.4227	-502.268	166.8453	0.8936317	5.848086	0.6773597
5826	-346.4632	-515.4365	168.9733	1.219143	3.037887	1.096609
5832	-342.6787	-509.8004	167.1216	1.414066	4.612617	1.169988
5838	-333.4384	-500.4311	166.9927	1.0137	5.168148	1.146861
5844	-327.8077	-497.2602	169.4525	1.181936	2.919847	0.7336578
5850	-331.093	-500.1136	169.0206	1.181936	3.116275	1.012425
5856	-326.4901	-496.5656	170.0755	0.4617983	2.876608	0.9134116
5862	-321.288	-490.2836	168.9955	0.7954174	3.427303	1.107633
5868	-339.3704	-508.6278	169.2575	1.242699	2.866667	0.9637832
5874	-328.9394	-497.9473	169.008	1.163834	3.30892	0.8353089
5880	-331.5574	-500.6335	169.0761	0.927858	3.324414	1.002921
5886	-338.2914	-508.139	169.8476	0.4532246	3.058996	0.971025
5892	-346.5045	-516.2953	169.7908	1.221665	2.381206	0.9353798
5898	-330.0828	-499.8862	169.8033	0.8772543	2.220087	1.374273
5904	-344.2281	-513.5998	169.3717	1.739695	2.182848	1.036361
5910	-347.5221	-516.9659	169.4438	0.8379743	2.371354	1.562095
5916	-344.6481	-512.7949	168.1468	1.169569	4.233991	0.7397675
5922	-336.9198	-505.3678	168.4479	0.9323858	2.912047	1.818442
5928	-331.3959	-501.566	170.1701	1.062209	1.98807	1.105719
5934	-325.0895	-495.7164	170.627	0.6555159	1.789835	1.235037
5940	-336.1678	-505.0127	168.8449	1.766498	2.514824	1.189175
5946	-328.0138	-496.2129	168.1991	1.237226	4.065403	0.8084369
5952	-326.8086	-491.8972	165.0886	0.9758026	7.493	0.7286683
5958	-345.9251	-514.7908	168.8656	0.9758026	3.723004	0.7172634
5964	-333.8299	-500.9621	167.1323	1.047017	5.395458	0.6997594
5970	-341.5732	-509.2711	167.6979	0.9264796	4.796809	0.905308
5976	-335.6312	-502.6999	167.0686	1.050263	5.510718	0.5680799
5982	-348.7452	-517.55	168.8047	0.678449	4.026635	0.7977746
5988	-346.6827	-512.9814	166.2987	1.110985	6.012815	0.9038637
5994	-349.5115	-517.9978	168.4864	1.271669	3.680622	0.8855077
6000	-337.3887	-506.2642	168.8755	1.021546	3.289893	1.135895
6006	-336.4527	-505.5626	169.1099	0.9168169	3.289893	1.014583
6012	-343.4879	-510.104	166.6162	1.118696	5.54282	1.05226
6018	-337.3743	-503.2941	165.9199	0.9214745	6.79004	0.5604365
6024	-339.2422	-508.2792	169.0369	1.220027	3.262596	0.7845034
6030	-344.7133	-513.6646	168.9513	0.6364211	3.755323	0.9881712
6036	-336.7314	-502.8226	166.0912	1.000849	6.391899	0.8313142
6042	-336.2006	-506.0475	169.8469	0.760477	3.00211	0.6294142
6048	-335.5743	-502.7464	167.1721	0.8708845	5.543711	0.6779507
6054	-326.8173	-493.4835	166.6662	1.251064	5.687204	0.641257
6060	-326.7285	-493.1018	166.3733	1.536903	5.351668	1.067291
6066	-339.5744	-509.425	169.8506	0.5184617	2.846802	1.109769
6072	-335.6583	-504.6477	168.9894	1.246246	3.164903	0.9279958
6078	-335.6998	-502.8349	167.1351	1.807994	4.089263	1.268324
6084	-343.1644	-509.7183	166.5539	1.735705	5.252933	0.7515513
6090	-341.0152	-511.0719	170.0567	0.6117145	2.745766	0.913123
6096	-344.0417	-514.7053	170.6636	0.5147322	2.169749	0.9830171
6102	-339.1078	-506.6863	167.5784	1.02429	4.736899	0.9916122
6108	-326.9742	-494.4191	167.4449	1.02429	4.870488	0.9916122
6114	-326.0665	-495.7001	169.6336	0.3615379	3.458006	0.8686318
6120	-328.6688	-497.9693	169.3004	0.5393584	3.37882	1.107293
6126	-324.6302	-493.7476	169.1174	0.5361235	3.574656	1.098571
6132	-329.8522	-498.1648	168.3127	0.8996495	4.29059	0.8069467
6138	-326.7635	-495.2712	168.5077	0.8189159	3.809967	1.180194
6144	-332.8121	-501.3973	168.5853	0.8587247	3.904278	0.9828598
6150	-333.6654	-500.4007	166.7353	1.421097	5.42981	0.6788989
6156	-342.8456	-510.8578	168.0122	1.469944	3.663006	1.172742
6162	-325.2069	-492.958	167.7511	1.127964	4.544588	0.9025225
6168	-336.326	-505.0161	168.6901	1.698746	2.156612	1.640386
6174	-338.5998	-508.658	170.0582	0.6610739	1.826175	1.640386
6180	-338.8755	-509.1336	170.2581	0.750303	1.826175	1.425666
6186	-334.5612	-504.6625	170.1012	0.9435233	2.000021	1.258026
6192	-334.312	-504.1387	169.8268	0.8474476	2.774473	0.8739131
6198	-333.9755	-502.2481	168.2726	1.033723	4.142408	0.8739131
6204	-332.5718	-500.623	168.0511	1.248177	4.126577	0.9000413
6210	-330.6828	-499.0276	168.3448	0.9149782	4.373766	0.5496192
6216	-330.2172	-498.3586	168.1414	1.026373	4.254738	0.9037893
6222	-329.9296	-497.6308	167.7012	1.026373	4.844993	0.7035513
6228	-334.5287	-501.8205	167.2918	1.16978	4.952799	0.9128624
6234	-343.5215	-508.242	164.7205	1.16978	7.696335	0.6780787
6240	-339.6372	-507.2839	167.6467	1.403565	4.446185	0.8153006
6246	-323.0621	-490.2761	167.214	1.025782	5.25669	0.8153006
6252	-336.0678	-504.7226	168.6548	0.9457113	4.007421	0.6332044
6258	-333.3937	-502.8855	169.4918	0.795189	3.143913	0.8943347
6264	-322.2098	-491.6413	169.4315	0.8605415	3.138908	0.8943347
6270	-323.2483	-492.145	168.8967	0.8605415	3.138908	1.377827
6276	-327.4472	-496.3515	168.9043	1.162861	3.379823	0.8758764
6282	-341.2526	-510.7268	169.4742	1.148282	2.798015	0.9060555
6288	-339.7715	-507.4312	167.6596	1.148282	4.717849	0.7758844
6294	-326.4433	-495.0454	168.6021	0.6640093	4.176337	0.8811683
6300	-331.3143	-499.3169	168.0025	1.306811	4.176337	0.8290898
6306	-342.0586	-506.7245	164.6659	1.151956	7.68158	0.8114427
6312	-335.4224	-504.2299	168.8074	0.7710409	3.654619	1.094026
6318	-335.5981	-500.4843	164.8862	1.296388	7.446827	0.5689593
6324	-332.3727	-501.4486	169.0758	0.9655851	3.518578	0.7245077
6330	-340.065	-507.3597	167.2947	1.287972	4.846257	0.8965946
6336	-336.2603	-503.1888	166.9285	1.370057	5.176883	0.8417948
6342	-335.6686	-502.6303	166.9617	1.370057	4.897791	1.097333
6348	-332.5404	-500.1805	167.64	1.134625	4.711569	0.8284033
6354	-328.7748	-495.1276	166.3528	1.324252	5.94022	0.6092299
6360	-331.2838	-496.7492	165.4654	1.619509	6.546103	0.5621392
6366	-328.0362	-496.1542	168.118	0.7425134	4.293917	1.164654
6372	-331.2233	-499.9525	168.7292	0.7425134	3.791795	1.065715
6378	-342.3952	-508.1136	165.7184	1.70647	5.681945	1.205792
6384	-341.3576	-510.3372	168.9796	0.9387573	3.239495	1.161665
6390	-322.0265	-488.8028	166.7763	1.444757	5.177853	0.9297976
6396	-324.1917	-492.2327	168.041	1.323597	4.008836	0.9568899
6402	-324.5072	-492.7404	168.2332	0.6875678	4.19019	1.202281
6408	-322.5812	-491.3932	168.8121	1.30404	2.994845	1.202281
6414	-324.9545	-493.4127	168.4582	1.304043	3.348666	1.202281
6420	-324.409	-492.6138	168.2048	1.44179	3.348666	1.298702
6426	-335.3653	-504.2692	168.9039	1.332537	2.940076	1.145125
6432	-333.9538	-499.7167	165.7629	1.816583	5.62711	1.118183
6438	-334.181	-503.2465	169.0655	1.121864	2.092635	1.826965
6444	-327.9592	-495.6605	167.7012	0.9378675	4.994748	0.547792
6450	-334.2686	-501.9122	167.6436	1.166619	4.571208	0.9484519
6456	-337.0672	-505.3872	168.3199	0.8633902	4.246181	0.8959405
6462	-340.4037	-508.3868	167.9831	0.6493987	4.916804	0.7413133
6468	-332.1898	-501.4637	169.2739	1.050272	2.933497	1.071156
6474	-324.9133	-493.8547	168.9414	0.9646391	3.169135	1.232602
6480	-344.8605	-513.1503	168.2898	1.15078	2.584936	1.999307
6486	-337.374	-506.8563	169.4823	0.6353982	2.155565	1.83164
6492	-343.7611	-513.1359	169.3748	0.5657118	1.978547	2.06985
6498	-350.401	-519.3336	168.9325	1.40811	2.009988	1.778091
6504	-337.4771	-505.9828	168.5057	1.149677	3.930552	0.6793963
6510	-343.0575	-512.4095	169.352	0.7158077	3.269908	0.9934995
6516	-337.7321	-507.1085	169.3764	0.6054791	3.34761	1.001791
6522	-339.516	-507.5828	168.0668	1.445819	3.635919	1.16977
6528	-333.3067	-502.4918	169.185	1.499018	2.663116	0.9839798
6534	-327.5034	-493.9325	166.4291	1.474884	5.699012	0.6444771
6540	-342.5177	-510.1951	167.6774	0.9640245	4.880175	0.7817459
6546	-331.5408	-498.5717	167.0308	1.586104	4.475338	1.218189
6552	-331.3596	-500.8115	169.4519	0.9648318	2.867472	1.046062
6558	-338.7516	-507.6634	168.9118	0.7610546	3.649808	1.008608
6564	-339.6712	-508.1287	168.4575	1.103784	3.650566	1.113423
6570	-340.7272	-507.7286	167.0014	1.407988	5.015972	0.9006095
6576	-346.3111	-514.7896	168.4785	0.5091875	4.459291	0.8759503
6582	-345.7307	-515.064	169.3333	0.1813674	4.078751	0.6648254
6588	-342.6778	-511.8263	169.1485	0.5940653	3.678836	0.9050943
6594	-327.5693	-495.7472	168.1779	0.6726187	4.755039	0.6387998
6600	-333.0597	-501.5334	168.4737	0.2354053	4.928979	0.5069731
6606	-327.5833	-493.3861	165.8028	1.119696	6.712501	0.5406886
6612	-338.9222	-507.9289	169.0067	0.8228877	3.697559	0.7739204
6618	-328.3885	-496.7405	168.352	0.8628666	4.316035	0.7686077
6624	-329.6535	-499.1086	169.4551	1.278636	2.600079	0.9974748
6630	-329.7121	-499.1853	169.4732	0.6624609	3.328076	0.8560297
6636	-328.5305	-496.9672	168.4368	0.9802502	4.077486	0.8178313
6642	-326.9273	-495.6035	168.6762	1.02372	3.745335	0.8778776
6648	-330.7091	-499.0698	168.3608	1.02372	4.010939	0.9335629
6654	-329.0483	-499.0083	169.96	0.8667697	2.696937	0.7787313
6660	-337.1241	-506.8049	169.6808	1.20911	1.789076	1.542986
6666	-334.3771	-503.1666	168.7895	0.9881431	2.787511	1.626185
6672	-331.6263	-500.4861	168.8597	1.103008	3.42519	0.9416003
6678	-329.9619	-499.069	169.1071	1.184138	3.064509	0.9752453
6684	-338.5486	-507.1366	168.588	0.9267033	4.026308	0.7538815
6690	-338.0322	-504.0593	166.0271	1.158724	6.332491	0.7862428
6696	-343.7443	-511.1998	167.4555	1.01055	4.981601	0.8751413
6702	-332.3549	-499.2495	166.8946	1.449241	5.274546	0.6060088
6708	-333.6896	-503.6049	169.9153	0.4100393	2.853799	1.142836
6714	-333.4868	-501.4138	167.927	0.9428341	4.124048	1.299814
6720	-337.171	-506.6296	169.4586	0.4160802	3.542397	0.9098689
6726	-331.239	-501.6503	170.4113	0.5305781	1.976194	1.36054
6732	-333.8053	-503.0233	169.218	0.8166578	2.883421	1.36054
6738	-333.2196	-501.1462	167.9266	0.8512458	4.572401	0.9808813
6744	-334.3516	-503.1543	168.8027	1.44258	3.1601	0.9227332
6750	-327.3672	-496.9669	169.5997	0.9213109	2.901563	0.9037567
6756	-327.3919	-496.601	169.2092	0.5467425	3.628028	0.9458293
6762	-336.3203	-505.9319	169.6116	0.7110935	2.570005	1.380537
6768	-320.3781	-488.8604	168.4823	1.384433	3.587898	0.8668949
6774	-323.802	-493.0164	169.2144	1.09073	3.243475	0.7424172
6780	-332.0887	-498.8833	166.7946	1.163879	5.65412	0.6216599
6786	-327.6766	-496.8964	169.2198	0.6057958	3.514994	0.990632
6792	-325.5433	-495.0643	169.521	0.844376	2.887907	1.075271
6798	-329.7896	-498.9053	169.1157	0.8704687	2.887907	1.395107
6804	-319.7132	-487.7449	168.0317	0.9484239	4.431292	0.916125
6810	-336.7786	-504.0144	167.2358	1.532516	4.349046	1.196756
6816	-321.1608	-489.9153	168.7544	0.7466956	3.875481	0.953578
6822	-320.6494	-489.4591	168.8097	0.6669224	3.838463	1.016059
6828	-335.1986	-502.0944	166.8958	0.7834151	5.911391	0.6703419
6834	-338.6233	-504.5402	165.9169	1.039842	6.615668	0.7037907
6840	-326.7418	-493.176	166.4342	1.756786	5.381986	0.7028194
6846	-330.7381	-494.3103	163.5722	1.871741	7.772161	1.109584
6852	-322.944	-490.7364	167.7923	1.516165	4.060066	0.9619787
6858	-322.1053	-489.9121	167.8068	1.605687	3.946018	0.9723588
6864	-326.2973	-493.7611	167.4638	1.048349	4.820281	0.9988574
6870	-331.4691	-500.601	169.1319	1.06989	3.149473	0.9798241
6876	-319.2546	-486.3981	167.1435	1.072067	5.078742	1.036307
6882	-322.1374	-491.3995	169.2621	0.7826667	3.099746	1.173271
6888	-327.2247	-496.219	168.9943	0.9978798	3.099746	1.218516
6894	-325.6274	-495.8253	170.1979	0.6959874	2.222088	1.197939
6900	-326.5853	-495.097	168.5117	1.229603	3.247934	1.303597
6906	-337.0951	-504.237	167.1419	1.536344	4.941833	0.6011727
6912	-338.4732	-507.7501	169.2769	0.9212037	3.209167	0.9206777
6918	-334.1268	-504.3606	170.2338	0.4836067	2.590576	1.023053
6924	-331.4182	-499.4877	168.0695	1.277981	4.211384	0.7263979
6930	-325.8339	-494.6715	168.8376	0.9379193	3.571616	0.9840198
6936	-325.7003	-495.1308	169.4305	0.624891	2.829186	1.386887
6942	-327.6425	-495.7432	168.1007	1.014607	3.857936	1.31649
6948	-334.7506	-501.842	167.0914	1.275868	5.176767	0.7494059
6954	-332.5889	-500.7866	168.1977	0.872954	4.498406	0.7096309
6960	-337.7389	-504.7072	166.9683	0.872954	5.66109	0.8076464
6966	-340.7725	-509.7676	168.9952	0.630502	3.796387	0.9043481
6972	-330.8795	-498.7529	167.8734	0.9544251	4.663669	0.8216847
6978	-329.0904	-496.3623	167.2719	0.9507635	5.268886	0.8216847
6984	-322.7541	-490.4451	167.691	0.7767167	5.067063	0.763015
6990	-337.5292	-505.2147	167.6855	0.8827267	4.988269	0.7301492
6996	-327.5501	-494.8971	167.347	1.106497	5.102986	0.7301492
7002	-338.4128	-505.5891	167.1762	1.106497	5.273773	0.7301492
7008	-346.5423	-512.6834	166.1411	1.739682	5.458648	0.9918506
7014	-337.3997	-505.6571	168.2574	0.9640267	4.384474	0.6379112
7020	-331.0374	-500.5621	169.5247	0.3948532	3.575641	0.816901
7026	-320.8852	-491.3238	170.4386	0.3981226	2.399037	1.091544
7032	-318.9865	-488.7274	169.7408	0.7084879	2.71093	1.159506
7038	-317.232	-486.5848	169.3528	0.6838319	3.045237	1.226993
7044	-326.8736	-496.3135	169.4398	0.826511	3.006215	1.057141
7050	-329.8986	-498.518	168.6194	1.474949	3.343922	0.8860137
7056	-329.2547	-498.6203	169.3656	0.8935978	2.711618	1.318482
7062	-330.1423	-498.4927	168.3504	0.8896806	4.192935	0.8919695
7068	-334.2769	-501.9778	167.7009	1.375407	4.377341	0.8680422
7074	-323.6909	-492.8176	169.1267	0.9325952	3.35532	0.9126043
7080	-330.388	-499.3574	168.9694	0.9921213	3.35532	1.014321
7086	-329.4246	-497.6978	168.2732	1.3388	3.775355	0.9422108
7092	-323.3611	-492.755	169.394	1.191791	2.577295	1.157038
7098	-332.2317	-500.5647	168.333	1.844401	2.502282	1.542483
7104	-334.5403	-504.0569	169.5165	1.141636	2.818988	0.8397216
7110	-335.7485	-504.8264	169.0779	1.578789	2.385893	1.259831
7116	-338.5709	-508.3103	169.7394	1.147042	2.385893	1.057354
7122	-347.1049	-514.6606	167.5557	1.446821	3.392627	1.747052
7128	-336.5634	-505.8935	169.3302	0.7767012	3.052152	1.160598
7134	-331.6048	-500.6834	169.0787	1.367151	2.850712	1.034163
7140	-337.29	-504.9953	167.7053	1.128481	4.527598	0.9693784
7146	-332.3703	-500.6201	168.2498	1.374396	3.819684	0.8794777
7152	-334.5128	-503.2049	168.6921	1.074243	3.819684	0.6792155
7158	-330.7879	-499.269	168.4811	0.9762224	3.819684	1.052944
7164	-339.9513	-506.8161	166.8648	0.959013	5.671518	0.8167859
7170	-333.6477	-500.5348	166.8871	1.78231	4.477192	1.171508
7176	-333.1454	-500.2338	167.0884	2.22195	3.836183	1.171508
7182	-333.8316	-500.0454	166.2138	1.249139	6.150456	0.6195289
7188	-331.1874	-496.2438	165.0565	0.9461003	7.633937	0.5291701
7194	-336.0924	-504.7466	168.6542	0.6929764	4.220404	0.7120008
7200	-331.9064	-499.1837	167.2773	2.0202	3.934406	1.095121
7206	-325.7197	-495.9468	170.2271	0.6375206	2.637354	0.8082114
7212	-320.6692	-490.3682	169.699	1.189792	2.180727	1.237376
7218	-317.9601	-486.7346	168.7745	1.787828	2.553225	1.198297
7224	-321.5913	-491.0639	169.4726	1.085694	2.837857	0.9327127
7230	-329.7441	-499.2525	169.5083	1.046858	2.637048	1.13114
7236	-332.8224	-500.6237	167.8013	1.69544	2.993965	1.679525
7242	-337.6945	-506.6135	168.9189	0.9773771	2.031022	2.06439
7248	-330.5605	-500.3308	169.7703	0.9005453	2.526139	1.12684
7254	-341.4496	-509.9931	168.5436	0.6522035	4.127011	1.008457
7260	-335.2122	-504.1709	168.9587	1.153893	3.230222	0.9884209
7266	-328.4572	-497.3541	168.8969	0.9939476	3.35837	1.079084
7272	-330.0219	-500.1463	170.1244	0.9056456	2.461491	0.8216651
7278	-338.6926	-508.7846	170.0921	0.7928497	2.050846	1.346501
7284	-336.0271	-504.9984	168.9713	1.27085	2.798192	1.261727
7290	-321.0408	-490.9739	169.9331	0.9860585	1.968307	1.384588
7296	-315.6212	-484.0714	168.4501	0.6145879	4.357383	0.9042694
7302	-324.7221	-495.0311	170.3089	0.7295349	2.513016	0.7379618
7308	-319.2745	-487.3062	168.0317	1.156104	4.274973	0.857218
7314	-343.1194	-511.4045	168.2851	1.235878	3.99497	0.7894924
7320	-332.574	-500.3401	167.7662	1.003091	4.519585	1.041606
7326	-339.0989	-506.7169	167.6179	1.225458	4.528107	0.9589132
7332	-339.9503	-508.1057	168.1553	1.225458	4.001848	0.9472226
7338	-333.7803	-502.481	168.7007	0.9394126	3.484667	1.190409
7344	-332.3074	-500.9194	168.612	0.8943247	3.809587	1.015274
7350	-333.1027	-501.5054	168.4027	1.496046	3.41715	1.015274
7356	-323.0285	-491.4937	168.4651	1.379936	3.412382	1.071388
7362	-335.6608	-504.3201	168.6593	1.44728	3.412382	0.7852987
7368	-333.0873	-501.924	168.8366	0.7553424	3.64671	1.08886
7374	-315.8696	-484.8736	169.004	0.7553424	3.790622	0.7403425
7380	-315.6176	-483.7758	168.1582	1.450652	3.680186	1.041381
7386	-323.8622	-492.3017	168.4396	1.370055	3.587594	0.9316179
7392	-327.1921	-495.5951	168.4029	1.080512	3.91378	0.9316179
7398	-336.7809	-506.3993	169.6184	0.9370465	2.392517	1.336814
7404	-344.6604	-513.4881	168.8278	0.80847	3.550254	1.136269
7410	-334.1704	-502.6284	168.458	0.8504974	4.065746	0.9560427
7416	-341.8392	-509.506	167.6668	1.447024	4.065746	1.142443
7422	-331.1499	-500.7907	169.6408	0.5381752	2.842159	1.277533
7428	-330.7641	-500.1447	169.3807	1.085396	2.842159	1.0228
7434	-340.7275	-509.5355	168.808	1.295975	3.311135	0.9120915
7440	-342.0694	-509.7179	167.6485	1.005175	3.514567	1.903296
7446	-329.4635	-497.2182	167.7547	1.005175	4.816533	0.6968947
7452	-328.2107	-494.7526	166.5419	1.543981	5.444141	0.769906
7458	-323.8875	-492.4306	168.5431	1.369661	3.531876	0.8786306
7464	-328.7118	-499.2198	170.508	0.5470477	1.950948	1.28993
7470	-330.0343	-499.7555	169.7213	0.8309693	2.481855	1.266873
7476	-325.1926	-494.3119	169.1193	1.193128	2.806019	1.195854
7482	-316.3295	-486.2852	169.9557	0.6682025	2.757926	0.9480475
7488	-327.8322	-497.1399	169.3076	0.6682025	3.430992	0.9211782
7494	-333.9403	-502.5891	168.6489	0.8560104	3.87178	0.9535072
7500	-330.3074	-499.7132	169.4057	0.7886656	2.632283	1.43174
7506	-329.5902	-498.0437	168.4534	0.7886656	3.470431	1.518099
7512	-323.0552	-492.0515	168.9963	0.8023247	3.232662	1.269177
7518	-332.3921	-500.4402	168.0481	0.7982203	4.659611	0.8028991
7524	-337.2787	-505.5916	168.3129	1.346893	3.673279	0.9981864
7530	-325.5893	-495.0469	169.4576	0.856425	3.104274	0.9085191
7536	-330.1865	-498.6157	168.4293	0.8372545	3.949056	1.110048
7542	-329.904	-498.7386	168.8346	1.441391	3.050751	1.00453
7548	-321.3391	-490.6884	169.3493	0.6668379	3.016408	1.26814
7554	-326.9743	-496.7167	169.7424	0.6668379	2.694895	1.208124
7560	-344.7894	-514.0239	169.2345	0.8035981	3.372293	0.9172671
7566	-339.4547	-507.2878	167.8331	0.7186347	5.023138	0.6994837
7572	-335.3805	-501.7876	166.4071	0.9315222	6.2028	0.7532849
7578	-327.5809	-496.3643	168.7834	0.9020607	3.729326	0.9124523
7584	-335.3178	-504.994	169.6762	0.774838	2.997774	0.8737425
7590	-331.3126	-501.1393	169.8267	0.6818101	2.675132	1.138828
7596	-329.1117	-499.502	170.3903	0.6818101	2.416558	0.8253271
7602	-323.6697	-491.8863	168.2166	1.35657	3.908766	0.833759
7608	-337.5927	-506.42	168.8273	0.9029675	3.339753	1.236929
7614	-337.4582	-504.8649	167.4067	0.9016692	5.281539	0.6717749
7620	-337.0208	-502.8702	165.8494	0.9011129	6.631425	0.9479318
7626	-342.1247	-511.3306	169.2058	0.525377	3.718317	0.8729197
7632	-325.8707	-492.8995	167.0288	0.887	5.698579	0.6171238
7638	-342.6173	-509.7597	167.1425	0.887	5.550162	0.6910152
7644	-341.107	-507.6351	166.5281	1.020424	6.053618	0.646429
7650	-331.7059	-498.725	167.0191	1.263457	5.325995	0.6316328
7656	-344.6796	-513.886	169.2064	1.078775	2.722416	1.288624
7662	-340.6979	-509.0173	168.3195	1.255344	3.706533	1.048776
7668	-353.7549	-521.1899	167.4349	1.199513	4.626328	1.068272
7674	-320.0719	-489.9653	169.8934	0.5925954	2.84312	1.002146
7680	-317.3055	-486.9087	169.6032	0.6303552	3.076402	1.021103
7686	-332.1578	-499.9549	167.7971	0.9113168	4.653471	0.9689474
7692	-324.7179	-493.9517	169.2338	0.6995365	3.403437	0.9944627
7698	-329.8234	-499.0243	169.2009	1.090355	3.031406	1.008601
7704	-324.4627	-493.8567	169.394	0.8054542	2.887894	1.222359
7710	-325.2866	-491.8017	166.515	1.707402	4.848988	1.235804
7716	-337.6712	-506.3069	168.6356	1.072962	3.319948	1.271447
7722	-329.4867	-497.4352	167.9485	0.9441775	4.723067	0.61349
7728	-333.0831	-500.4953	167.4122	1.598747	4.26484	1.054084
7734	-325.5488	-495.2882	169.7394	0.7867887	2.827736	0.9770881
7740	-324.615	-491.9592	167.3442	1.975666	3.597552	1.36107
7746	-319.1425	-488.5674	169.4249	1.264047	2.576642	1.063716
7752	-322.968	-491.0143	168.0463	1.264047	4.150814	0.8591748
7758	-331.4373	-499.1818	167.7445	1.189195	4.307905	1.08618
7764	-330.9947	-499.7644	168.7697	0.7362986	3.86106	0.963569
7770	-329.4197	-497.8311	168.4115	0.9325368	3.86106	1.119601
7776	-334.096	-503.2525	169.1564	0.847473	3.192942	1.127002
7782	-356.1175	-522.3444	166.2269	2.097473	4.795097	1.194985
7788	-328.4839	-496.9059	168.422	1.176754	3.795222	0.9351304
7794	-340.4632	-509.171	168.7078	0.9871968	3.768887	0.855915
7800	-337.9862	-506.0406	168.0544	1.246085	4.187738	0.8258435
7806	-329.5055	-497.2956	167.7902	1.426738	4.210274	0.8985992
7812	-339.4949	-508.1822	168.6873	1.206625	3.303179	1.126767
7818	-328.3417	-497.1802	168.8386	0.8791973	3.845519	0.7191374
7824	-319.1461	-487.8602	168.714	1.317432	3.330289	0.9690543
7830	-325.7128	-494.9557	169.2429	0.9705281	2.864803	1.230028
7836	-330.399	-498.4404	168.0413	1.398978	3.964839	0.9230013
7842	-339.5631	-508.8228	169.2597	0.7928573	3.114191	1.153811
7848	-328.3014	-497.7846	169.4832	0.5954006	3.114191	1.130622
7854	-326.9222	-497.0107	170.0885	0.6967966	2.407486	1.130622
7860	-328.7763	-498.0276	169.2512	0.9483885	3.198996	0.9301107
7866	-337.5499	-505.5482	167.9983	1.286247	4.123825	0.9194695
7872	-338.5792	-508.0284	169.4492	1.261739	2.408358	1.195129
7878	-333.3527	-503.0679	169.7153	1.209033	1.797938	1.510875
7884	-338.3442	-507.6653	169.3211	0.5886163	3.101949	1.285309
7890	-336.6164	-506.0734	169.457	0.5886163	3.322552	0.9623691
7896	-334.8461	-504.042	169.1959	0.7920488	3.322552	1.020602
7902	-330.2958	-496.929	166.6332	1.370375	5.281476	1.045269
7908	-330.5836	-498.398	167.8144	1.124684	4.356138	1.035491
7914	-331.3366	-500.3668	169.0302	0.9392803	3.457486	0.8988388
7920	-348.2196	-515.0042	166.7846	1.659843	4.779438	1.102508
7926	-339.5971	-506.6948	167.0976	1.190048	5.190101	0.8389557
7932	-329.8605	-497.525	167.6645	1.190048	4.623257	0.8389557
7938	-329.2959	-499.138	169.8421	1.155858	2.212129	1.115078
7944	-329.6542	-499.0502	169.396	1.15572	2.212129	1.479625
7950	-334.6626	-504.0179	169.3552	1.253682	2.241801	1.413212
7956	-329.2203	-498.7573	169.537	1.393473	1.644634	1.61896
7962	-329.0685	-497.7792	168.7107	1.150531	2.928328	1.460129
7968	-352.0864	-519.3093	167.223	1.424883	4.672577	1.010788
7974	-344.5454	-512.3319	167.7865	1.891278	3.582775	1.068515
7980	-338.1644	-507.0045	168.8401	0.8324534	3.150016	1.434905
7986	-344.747	-514.8903	170.1434	0.7578176	1.912697	1.441577
7992	-331.0613	-499.9735	168.9122	0.7967247	2.907403	1.589011
7998	-330.2892	-499.8295	169.5403	0.827131	2.907403	1.054996
8004	-338.9044	-508.1031	169.1987	1.039906	2.633283	1.396783
8010	-325.4449	-492.0903	166.6454	0.9177538	5.957717	0.7826685
8016	-332.1946	-496.5995	164.4049	1.53829	7.514783	0.8630023
8022	-335.3341	-502.3638	167.0297	1.688375	4.683896	0.9264959
8028	-324.3199	-493.7058	169.3859	0.9302764	2.957196	1.056353
8034	-332.8542	-499.411	166.5568	1.497893	5.394137	0.873748
8040	-323.4219	-492.6001	169.1781	0.7662199	3.278366	1.103532
8046	-326.7455	-496.6309	169.8854	1.192642	1.898752	1.313637
8052	-338.1203	-507.4471	169.3268	0.5948059	3.688567	0.627726
8058	-332.8971	-500.67	167.7729	0.6256949	5.123393	0.7811058
8064	-330.6957	-500.5424	169.8467	0.8760582	2.691561	0.9129765
8070	-336.373	-503.6141	167.2411	1.447658	4.77722	0.8533543
8076	-338.822	-508.098	169.276	0.682066	3.529265	0.826984
8082	-328.4559	-497.0017	168.5457	0.7912354	4.163389	0.8102565
8088	-328.7674	-497.1417	168.3743	0.652785	4.401105	0.8974463
8094	-333.1149	-502.1483	169.0334	1.133368	3.095262	1.067056
8100	-325.7202	-496.1886	170.4684	0.674904	1.974127	1.196724
8106	-325.8579	-493.8313	167.9734	1.455875	3.789264	1.107405
8112	-326.1178	-494.8603	168.7425	1.254518	3.252086	1.079182
8118	-329.7677	-498.416	168.6483	1.03626	3.663372	0.9831983
8124	-333.9566	-502.4392	168.4826	1.008385	4.009388	0.8101987
8130	-330.3315	-499.044	168.7125	0.813251	4.009388	0.7625498
8136	-330.9444	-500.1717	169.2272	1.140789	3.109445	0.8393296
8142	-321.5892	-490.8641	169.275	0.9704764	3.105566	0.980079
8148	-329.1116	-497.9071	168.7955	0.9704764	3.291018	1.247858
8154	-332.1152	-501.5059	169.3908	1.289597	2.854455	0.7629534
8160	-329.0034	-497.4364	168.433	1.34404	3.352269	1.186498
8166	-334.9497	-504.7196	169.7699	0.8694705	2.673238	1.018497
8172	-337.178	-505.8923	168.7143	0.8861561	3.75596	0.9745021
8178	-320.0701	-488.6713	168.6012	0.8921907	3.931144	0.9015163
8184	-342.7969	-510.0663	167.2695	1.101947	5.243206	0.6164091
8190	-330.2867	-497.9696	167.6829	0.7236675	5.065968	0.8453673
8196	-324.5961	-493.3186	168.7225	0.7516208	4.130841	0.6401123
8202	-335.132	-501.7011	166.5691	1.398311	5.599686	0.7128481
8208	-337.3293	-504.6533	167.3239	1.30987	4.82054	0.8672468
8214	-331.8585	-500.8833	169.0248	0.8979545	3.443294	0.9645653
8220	-337.2094	-506.1544	168.945	0.8979545	3.261959	1.207438
8226	-339.5713	-507.4331	167.8618	0.9877294	3.716708	1.625409
8232	-326.7166	-494.0465	167.3299	0.8376672	5.38394	0.7379755
8238	-327.3436	-494.5888	167.2452	0.8376672	5.458131	0.7538281
8244	-338.8047	-505.277	166.4724	0.9425762	6.033607	0.8740295
8250	-341.058	-509.1596	168.1016	0.3048619	5.147338	0.7343133
8256	-348.9408	-518.2434	169.3026	0.5107583	3.795992	0.6297277
8262	-333.8347	-501.4255	167.5908	1.221978	4.739457	0.736872
8268	-330.8066	-498.4461	167.6395	0.8930902	4.739457	1.057638
8274	-324.5685	-493.1891	168.6205	1.158531	3.497988	1.052865
8280	-327.7326	-496.9412	169.2086	1.145985	2.902816	1.071474
8286	-328.6785	-497.5987	168.9202	1.145985	1.882687	2.050144
8292	-319.7119	-488.2131	168.5012	1.197233	3.664846	0.9674998
8298	-337.4809	-506.6043	169.1233	1.182498	2.544245	1.413712
8304	-337.2564	-506.5381	169.2817	0.9158979	3.113347	1.020091
8310	-323.8469	-490.4503	166.6034	1.733739	5.237951	0.6992125
8316	-332.7534	-499.8877	167.1343	1.733739	4.081294	1.335693
8322	-322.725	-492.6889	169.9639	1.038709	2.351091	0.9773302
8328	-320.0709	-488.5436	168.4726	0.6095481	4.398299	0.8356075
8334	-325.313	-493.5339	168.2209	0.607657	4.708865	0.7591464
8340	-326.4375	-494.4259	167.9885	0.9831968	4.591016	0.7201812
8346	-326.0046	-494.3898	168.3853	1.198902	3.662623	1.081362
8352	-326.7091	-493.1891	166.48	0.8154625	6.270709	0.7143798
8358	-322.4092	-490.4159	168.0067	0.584197	5.003267	0.6633659
8364	-326.9947	-496.5919	169.5972	0.6077629	3.273001	0.8386595
8370	-326.9918	-495.8416	168.8498	0.8059829	3.883043	0.7571412
8376	-321.3313	-490.476	169.1447	0.6865123	3.489796	1.010253
8382	-328.9263	-497.3749	168.4486	0.9508744	3.579116	1.312177
8388	-327.3864	-494.8523	167.4659	0.9223049	5.128606	0.7882867
8394	-321.5956	-489.9136	168.318	1.211017	3.799753	1.00251
8400	-332.8747	-501.1459	168.2713	0.9699984	4.076086	1.013832
8406	-340.3502	-509.8876	169.5374	0.4805192	3.317651	0.9957492
8412	-340.9158	-510.5835	169.6677	0.4502686	3.317651	0.8890022
8418	-331.6909	-500.3653	168.6744	1.018795	3.736259	0.8960056
8424	-337.6067	-505.2545	167.6478	1.180436	4.633259	0.8587708
8430	-330.6384	-497.1123	166.4739	1.531158	5.596519	0.647706
8436	-329.5139	-495.2262	165.7124	1.535607	5.972943	1.105188
8442	-334.0573	-503.1047	169.0473	0.8056979	3.225241	1.230029
8448	-328.3071	-498.4582	170.1511	0.6636671	2.439156	1.074662
8454	-344.6868	-512.9611	168.2743	0.8565676	4.326204	0.8640612
8460	-341.6984	-508.8033	167.1049	0.9470052	5.526053	0.6940896
8466	-338.8707	-506.0358	167.1651	1.006432	5.288059	0.8610389
8472	-345.682	-514.1893	168.5073	1.135377	3.717002	0.9711767
8478	-342.6107	-511.6575	169.0469	0.8267615	3.448101	1.009522
8484	-337.6414	-506.4138	168.7724	1.181814	3.448101	0.9260653
8490	-337.1709	-506.3546	169.1837	0.7579348	3.398548	0.9910699
8496	-331.5337	-500.1234	168.5897	1.660303	2.459058	1.520682
8502	-340.2724	-509.5716	169.2992	1.808846	1.654731	1.480395
8508	-326.0045	-495.1012	169.0966	1.125774	2.277519	1.672983
8514	-333.1082	-500.7774	167.6693	0.8819592	4.79355	0.9864267
8520	-343.9924	-511.7433	167.7509	1.501718	3.996812	1.078869
8526	-344.3477	-510.4456	166.0979	1.625103	5.734554	0.8634899
8532	-335.4251	-502.0244	166.5993	0.9028287	5.925342	0.8982638
8538	-329.9441	-498.5128	168.5687	0.9127511	3.821943	1.027553
8544	-339.7097	-509.1647	169.4549	0.7979783	2.08907	1.784127
8550	-320.7395	-490.2994	169.5599	0.580485	3.178403	1.012419
8556	-322.6935	-492.7259	170.0324	0.5980152	2.688364	1.012419
8562	-334.7232	-502.9629	168.2397	1.20709	3.767899	1.110832
8568	-330.8759	-500.8182	169.9423	0.975809	2.359895	1.051941
8574	-339.7064	-509.4235	169.7171	0.7952098	2.604522	1.197257
8580	-336.1713	-506.1682	169.9969	0.8325137	2.604522	0.8909379
8586	-333.346	-501.9942	168.6482	0.6953745	4.177127	0.7829114
8592	-338.7181	-508.0972	169.3791	0.7354386	3.452663	0.7126546
8598	-329.9791	-500.4364	170.4573	0.7986807	2.169571	0.9004418
8604	-339.7514	-508.6871	168.9357	1.320312	2.825156	1.227619
8610	-338.5743	-507.1471	168.5729	0.8651817	3.991244	0.8962088
8616	-340.1314	-508.7526	168.6212	0.9664973	3.880044	0.8512239
8622	-332.2235	-500.8745	168.651	1.036254	3.463914	1.16748
8628	-334.7017	-503.5505	168.8488	1.060176	3.463914	0.9574698
8634	-340.8849	-510.5163	169.6314	0.2202047	3.382296	1.093303
8640	-326.2227	-495.0491	168.8263	1.112528	3.382296	1.010083
8646	-331.92	-499.886	167.9661	0.7700107	4.846812	0.6851035
8652	-336.6802	-504.0638	167.3836	0.8844049	5.293683	0.7217106
8658	-320.9779	-490.2985	169.3206	0.7255241	3.523002	0.7095145
8664	-347.4254	-513.6885	166.2632	1.191009	6.127405	0.6875047
8670	-352.6685	-518.1906	165.5221	1.892553	5.828956	1.084312
8676	-337.9333	-504.9662	167.0329	1.231376	5.329231	0.6645316
8682	-325.4706	-489.8133	164.3427	1.557776	7.619502	0.7838871
8688	-319.669	-488.8803	169.2113	0.6542383	3.614016	0.8367302
8694	-320.7086	-490.532	169.8234	0.9526329	2.697099	0.8446609
8700	-321.4551	-489.5767	168.1215	1.090972	4.082878	1.035281
8706	-322.681	-492.3176	169.6366	1.05996	2.046201	1.495517
8712	-316.7248	-487.0733	170.3485	1.05996	2.111923	0.7834103
8718	-305.6451	-474.9145	169.2694	1.072702	3.001714	0.9873562
8724	-317.8945	-487.407	169.5125	1.072702	2.901903	0.8273316
8730	-313.7233	-482.5116	168.7883	0.8923726	3.674076	0.9762983
8736	-322.2777	-491.7689	169.4911	0.8923726	3.171954	0.7317463
8742	-334.7905	-504.5126	169.7221	0.8294969	2.306445	1.407535
8748	-332.8952	-500.6214	167.7262	1.533507	3.895704	1.163748
8754	-325.8023	-494.5712	168.7689	0.6229904	4.042438	0.8905261
8760	-324.9287	-494.6873	169.7586	0.8437856	2.781547	0.9458672
8766	-327.1454	-495.7999	168.6545	0.6152403	3.91127	1.141186
8772	-329.4934	-499.3522	169.8588	0.5959655	2.62451	1.229202
8778	-330.9249	-500.8903	169.9654	0.5431445	2.732541	1.086655
8784	-344.2344	-514.2429	170.0086	0.4315071	2.732541	1.148607
8790	-331.1633	-500.7813	169.618	0.459748	3.425994	0.8057962
8796	-323.2946	-492.4443	169.1498	0.671541	3.788165	0.6294663
8802	-321.8925	-489.8648	167.9723	1.330485	4.273758	0.6965414
8808	-322.2586	-489.5226	167.264	1.449796	4.826276	0.755258
8814	-327.8119	-496.4008	168.589	1.449796	3.171057	1.115273
8820	-328.1122	-497.6568	169.5446	0.8732469	2.619616	1.264064
8826	-324.0909	-494.9416	170.8507	0.6235232	1.565812	1.261965
8832	-330.616	-497.3669	166.7509	0.5960251	6.281035	0.5747801
8838	-328.8615	-498.2132	169.3516	0.6806538	3.399584	0.89328
8844	-328.0391	-498.1325	170.0934	0.5785415	2.406946	1.229464
8850	-332.9887	-501.4429	168.4542	0.753875	4.199488	0.9203626
8856	-322.7605	-490.7742	168.0138	1.194482	4.113449	1.009546
8862	-325.7701	-493.5327	167.7626	0.967096	4.430608	1.159447
8868	-324.0403	-493.0338	168.9934	0.9501743	3.373665	1.013929
8874	-319.6461	-486.8492	167.2031	1.183043	4.990642	0.9533928
8880	-339.8663	-507.7249	167.8587	0.9579322	4.681535	0.8131803
8886	-339.1794	-507.1056	167.9261	0.9579322	4.506482	0.9387871
8892	-348.36	-517.9136	169.5537	1.136447	2.736612	0.8990944
8898	-337.6259	-507.6404	170.0145	1.261354	2.115512	0.9378657
8904	-326.7346	-496.3019	169.5673	0.4638794	3.200064	1.095694
8910	-329.8018	-498.7172	168.9153	0.4599329	4.192379	0.7119261
8916	-324.7548	-491.9628	167.208	0.771247	5.501561	0.8351612
8922	-330.069	-498.6875	168.6185	0.2510676	4.747602	0.6094133
8928	-337.5322	-503.9735	166.4414	0.8742992	6.239004	0.733022
8934	-335.1211	-503.5379	168.4168	0.3974483	4.673288	0.8266949
8940	-331.5208	-498.3472	166.8264	1.801515	4.864466	0.8205839
8946	-324.4039	-491.4644	167.0605	1.274234	4.886826	1.104631
8952	-328.0469	-496.6952	168.6483	1.043367	3.433244	1.19031
8958	-335.3699	-504.6659	169.296	1.043367	2.785551	1.19031
8964	-340.5488	-509.6721	169.1233	1.033844	2.829787	1.305445
8970	-328.4789	-497.8464	169.3675	0.8530808	3.058285	1.051195
8976	-339.0477	-508.5743	169.5267	1.223001	1.923342	1.547418
8982	-331.6645	-500.6021	168.9376	1.424081	2.779478	1.17618
8988	-317.1151	-487.0154	169.9003	0.7962895	2.288808	1.306687
8994	-327.3412	-496.0053	168.6641	0.7962895	4.031801	0.8208845
9000	-326.9133	-496.3707	169.4574	0.977548	2.81966	1.074037
9006	-323.8845	-493.3674	169.4828	1.278065	2.81966	0.6893823
9012	-319.7413	-488.8714	169.1301	1.432579	2.959263	0.7812162
9018	-333.4078	-501.5466	168.1389	0.7415268	4.64268	0.7796251
9024	-336.2995	-504.5258	168.2263	0.5522301	4.784517	0.7195002
9030	-338.9459	-507.3253	168.3794	1.156262	4.027409	0.7195002
9036	-338.8	-506.0988	167.2987	0.7806411	5.507489	0.6776261
9042	-328.3968	-498.5777	170.181	0.4637837	2.567415	1.113175
9048	-343.8955	-512.4557	168.5602	1.034432	3.923827	0.7860866
9054	-341.9897	-510.7333	168.7436	1.568936	2.761419	1.233663
9060	-330.7018	-500.2416	169.5398	0.7591137	2.880645	1.142431
9066	-339.2987	-508.278	168.9793	0.9265201	3.273729	1.142431
9072	-344.4749	-511.7254	167.2505	0.9723573	5.143247	0.9645729
9078	-331.4063	-499.9934	168.5871	0.7569782	3.966643	1.020358
9084	-324.4169	-491.0875	166.6706	0.8893948	5.950757	0.7964585
9090	-340.7745	-508.6657	167.8912	0.7765726	4.928299	0.659355
9096	-350.6846	-517.8276	167.143	1.151246	5.281567	0.6978562
9102	-334.8927	-502.1226	167.2299	1.185869	4.983011	0.9299603
9108	-331.3855	-496.7497	165.3642	1.128018	7.144318	0.5287136
9114	-337.3232	-502.622	165.2988	1.818497	6.307623	0.9011096
9120	-332.2863	-501.4904	169.2041	0.7624144	3.080486	1.256145
9126	-332.7496	-500.8161	168.0665	1.102887	4.436513	0.637991
9132	-332.5401	-500.9297	168.3896	0.6369144	4.576304	0.6449221
9138	-328.4145	-496.1873	167.7728	1.045964	4.483911	1.028256
9144	-325.4909	-494.6493	169.1584	0.5969612	3.856646	0.6230828
9150	-331.6112	-500.3556	168.7445	0.9338243	3.444427	1.19218
9156	-337.8105	-506.6997	168.8892	1.334659	2.998849	1.103556
9162	-335.5375	-505.3863	169.8488	0.7571574	2.4313	1.264251
9168	-336.9517	-504.3559	167.4042	1.042617	5.130297	0.6955863
9174	-341.9294	-507.6848	165.7554	1.252763	6.604856	0.6204913
9180	-328.5809	-498.3837	169.8028	1.141635	2.243266	1.135202
9186	-318.9929	-488.599	169.6061	1.116436	2.450826	1.147933
9192	-328.2317	-497.2244	168.9927	0.7197288	3.753798	0.8531138
9198	-329.6933	-498.6157	168.9224	0.8599429	3.536962	1.011898
