Iteration	Posterior	Likelihood	Prior	acrv_sd	tree_length
0	-380.618	-550.595	169.977	0.3814645	3.042794
6	-382.1221	-553.4766	171.3545	0.2898498	2.248647
12	-370.3155	-542.112	171.7965	0.6450879	1.714347
18	-402.5079	-572.7698	170.2619	0.686089	2.685597
24	-387.6059	-558.5624	170.9565	0.686089	2.24977
30	-366.5344	-538.1216	171.5872	0.686089	1.831601
36	-361.1498	-532.8808	171.731	0.4551692	1.891165
42	-375.6362	-546.9419	171.3057	0.8184775	1.933119
48	-365.6448	-537.4936	171.8488	0.8184775	1.551671
54	-373.5568	-545.0473	171.4905	0.7701233	1.840316
60	-375.8773	-547.3916	171.5143	0.1179197	2.256424
66	-372.818	-544.7165	171.8984	0.2504957	1.916396
72	-372.2903	-543.8087	171.5184	0.6314844	1.915788
78	-373.6394	-545.2978	171.6584	1.043481	1.526002
84	-359.0854	-530.6081	171.5228	0.4282864	2.048716
90	-372.9303	-544.2976	171.3673	0.8279569	1.884937
96	-370.7125	-542.4358	171.7233	0.683076	1.739176
102	-369.2165	-540.6186	171.4021	0.3355538	2.188409
108	-366.6028	-537.2946	170.6918	0.5387959	2.510603
114	-363.8232	-535.4769	171.6536	0.4559073	1.942993
120	-369.6327	-540.9508	171.3181	0.3191599	2.253189
126	-367.8298	-540.0067	172.1769	0.02494148	1.880481
132	-375.1672	-547.1066	171.9393	0.05503435	2.020026
138	-369.1215	-540.1111	170.9896	0.8776557	2.103901
144	-372.7702	-543.4866	170.7164	0.8730248	2.283871
150	-373.5292	-545.3177	171.7885	0.4331149	1.867001
156	-363.8904	-535.6511	171.7607	0.5249938	1.823023
162	-381.0144	-552.5805	171.5661	0.1201507	2.221619
168	-373.2322	-544.8588	171.6265	0.1506712	2.162715
174	-365.0583	-536.6463	171.5879	0.8130456	1.742931
180	-357.1257	-528.6757	171.5499	0.4870334	1.991628
186	-378.7938	-550.2543	171.4606	0.3906305	2.114433
192	-357.0419	-528.5138	171.4719	0.3792695	2.114433
198	-366.4665	-538.3723	171.9058	0.09100576	2.018386
204	-370.1414	-542.3456	172.2043	0.3157307	1.658632
210	-380.9116	-551.8188	170.9072	0.5154734	2.389933
216	-380.1627	-549.493	169.3302	2.179719	2.334574
222	-375.0876	-545.848	170.7604	0.736645	2.342774
228	-370.4893	-541.9966	171.5073	0.2033262	2.205914
234	-370.3026	-541.3996	171.0971	0.3234309	2.391315
240	-373.3456	-544.1185	170.7729	0.4281145	2.529061
246	-372.6252	-544.5003	171.8751	0.5997306	1.690845
252	-370.922	-542.7432	171.8211	0.4514069	1.832096
258	-371.294	-542.8932	171.5992	0.3402604	2.056394
264	-381.8976	-553.9028	172.0052	0.06640934	1.968451
270	-376.0937	-547.2945	171.2008	0.28956	2.34704
276	-380.9574	-552.5911	171.6336	0.6947538	1.793554
282	-389.302	-559.7042	170.4023	0.5864403	2.660548
288	-378.4408	-548.9798	170.539	0.8962544	2.381969
294	-394.8326	-566.1198	171.2873	0.749351	1.991877
300	-379.4828	-550.9471	171.4643	0.7212718	1.891527
306	-369.929	-541.5847	171.6557	0.3926506	1.984012
312	-379.0326	-549.5226	170.49	1.755626	1.850569
318	-365.0527	-536.5582	171.5055	0.7401155	1.850569
324	-369.9474	-540.9654	171.018	1.007972	1.998971
330	-381.6083	-553.2236	171.6153	0.3382749	2.047033
336	-379.9485	-550.9431	170.9945	0.6111036	2.273472
342	-393.8822	-565.1123	171.2301	0.05826407	2.474467
348	-402.872	-574.0827	171.2108	0.006444532	2.518945
354	-392.8304	-564.3904	171.56	0.08551734	2.247905
360	-383.2052	-553.4736	170.2684	0.7021526	2.671727
366	-381.8037	-551.8362	170.0325	1.812401	2.118543
372	-381.3064	-551.7407	170.4343	0.6071974	2.627988
378	-383.1539	-554.3478	171.1938	0.2580169	2.371465
384	-383.8254	-554.736	170.9106	0.5412892	2.371465
390	-373.9506	-544.339	170.3883	0.4059442	2.779676
396	-363.2886	-533.8369	170.5484	0.2939529	2.750327
402	-360.3313	-532.0174	171.6861	0.3540315	1.989528
408	-364.7867	-537.1643	172.3776	0.4636884	1.420508
414	-359.0207	-530.1	171.0793	0.3290421	2.398994
420	-364.0821	-534.3567	170.2746	0.5102942	2.785365
426	-375.8029	-547.3874	171.5845	0.02850767	2.268751
432	-368.4579	-539.4545	170.9966	0.5645575	2.301917
438	-362.4872	-533.681	171.1938	0.3674293	2.301917
444	-373.4618	-544.3886	170.9267	0.6621066	2.28424
450	-373.8743	-545.3903	171.516	0.07279125	2.28424
456	-384.4074	-555.7602	171.3528	0.2360037	2.28424
462	-383.3385	-554.1389	170.8004	0.3568555	2.556293
468	-374.3715	-544.9586	170.5871	0.654666	2.503613
474	-371.4276	-542.7521	171.3245	0.5203932	2.118563
480	-365.3372	-536.6551	171.3179	0.2706684	2.284402
486	-371.2075	-542.3813	171.1737	0.3738884	2.310578
492	-377.5126	-548.6156	171.103	0.334264	2.380708
498	-388.6233	-560.1598	171.5365	0.2023625	2.187587
504	-404.8268	-576.0684	171.2416	0.4973258	2.187587
510	-390.4508	-560.1353	169.6845	1.98837	2.23027
516	-374.6665	-546.3106	171.644	0.4591041	1.947288
522	-376.4998	-547.0716	170.5717	1.469575	1.988731
528	-378.0053	-548.3681	170.3628	0.4590121	2.762863
534	-368.4971	-539.3835	170.8864	0.7481795	2.25489
540	-373.3131	-545.1468	171.8337	0.3801881	1.87229
546	-376.3123	-547.2261	170.9138	1.085014	2.017054
552	-394.1124	-563.8391	169.7267	1.344781	2.609495
558	-388.3123	-559.0603	170.748	0.5083843	2.494467
564	-383.3967	-554.178	170.7814	0.3312997	2.583979
570	-372.2692	-543.1813	170.9121	0.2467698	2.555297
576	-366.701	-537.5705	170.8695	0.2532592	2.577689
582	-374.2581	-545.666	171.408	1.526539	1.34753
588	-383.0996	-555.0346	171.935	1.080005	1.282595
594	-379.7267	-550.0734	170.3467	1.693807	1.989288
600	-376.4799	-546.9753	170.4954	0.5458825	2.628109
606	-374.2076	-545.193	170.9854	0.6342314	2.264489
612	-378.1517	-549.3945	171.2429	1.017525	1.840454
618	-376.0049	-547.1407	171.1358	0.4825931	2.265328
624	-372.0838	-543.7104	171.6266	0.1773785	2.145259
630	-359.5936	-531.2737	171.6801	0.9176145	1.602569
636	-379.7401	-551.4894	171.7493	0.6937929	1.713282
642	-372.2728	-542.4214	170.1486	0.8392704	2.661084
648	-370.6653	-541.5052	170.8398	0.6025045	2.377506
654	-381.517	-553.007	171.49	0.3356796	2.131094
660	-378.2368	-550.4358	172.199	0.6658384	1.402275
666	-387.747	-558.3805	170.6335	0.6897211	2.452579
672	-370.0427	-541.218	171.1752	0.3565953	2.320649
678	-364.6905	-536.7911	172.1006	0.1546688	1.843939
684	-373.84	-545.7558	171.9158	0.425565	1.784552
690	-364.8684	-535.2735	170.4051	0.7769507	2.540861
696	-373.9237	-544.4486	170.5249	1.213885	2.18766
702	-375.6755	-547.228	171.5525	0.6735508	1.863957
708	-373.4576	-544.2897	170.8322	0.7075633	2.315612
714	-365.0009	-536.185	171.1841	0.7854034	2.036517
720	-367.4683	-539.2922	171.8239	0.1194692	2.053811
726	-361.3325	-532.523	171.1905	0.3495727	2.31542
732	-384.5242	-556.0107	171.4865	0.7019587	1.889578
738	-378.2923	-548.8121	170.5199	0.6766881	2.53184
744	-385.3951	-556.7619	171.3668	0.4143585	2.160129
750	-378.0746	-550.0486	171.974	0.06905482	1.98757
756	-373.7177	-545.2918	171.5741	0.4464347	2.002619
762	-363.2029	-534.2747	171.0718	0.1229072	2.532992
768	-371.3224	-542.2912	170.9688	0.09584297	2.61372
774	-377.4654	-548.3048	170.8394	0.6394494	2.354378
780	-368.4694	-539.3118	170.8424	0.6364216	2.354378
786	-368.2465	-539.6149	171.3684	0.8750303	1.85208
792	-379.7145	-551.3674	171.6528	0.3471169	2.016293
798	-377.3426	-548.7357	171.3931	0.6443783	1.991266
804	-379.2135	-550.0252	170.8117	0.2769806	2.598839
810	-374.8795	-546.2915	171.412	0.3647786	2.163006
816	-383.9948	-555.4291	171.4343	0.3046923	2.187547
822	-378.7609	-550.1418	171.381	0.3580034	2.187547
828	-375.8733	-547.5344	171.6611	0.07784379	2.187547
834	-365.7032	-537.1616	171.4585	0.3279153	2.156762
840	-363.5862	-535.634	172.0478	0.2891944	1.787544
846	-374.4714	-545.7833	171.3119	0.4292501	2.186148
852	-383.9038	-555.0786	171.1748	0.3218628	2.343051
858	-388.2655	-559.3057	171.0402	0.6348986	2.228857
864	-382.645	-554.417	171.772	0.138589	2.075411
870	-379.3158	-550.9985	171.6828	0.1713495	2.112524
876	-375.169	-546.3079	171.1389	0.5215816	2.238278
882	-364.599	-535.1576	170.5586	0.4858457	2.626183
888	-369.1503	-540.6131	171.4628	0.3636105	2.13067
894	-384.1914	-554.6672	170.4758	0.8213499	2.468976
900	-380.6259	-551.7142	171.0883	0.9489766	1.991413
906	-384.5521	-555.2999	170.7479	0.3719572	2.57953
912	-373.7979	-544.2419	170.444	0.6837462	2.574611
918	-376.6472	-547.1784	170.5313	0.6079829	2.567476
924	-385.427	-556.9794	171.5524	0.5699837	1.934329
930	-380.9657	-552.4247	171.459	0.6176886	1.965064
936	-389.1352	-560.0674	170.9321	0.7753407	2.207936
942	-379.3706	-550.3965	171.0259	0.2039815	2.511027
948	-377.0601	-547.6843	170.6242	1.097679	2.198594
954	-374.1059	-545.3143	171.2084	0.7255582	2.060045
960	-392.1456	-561.4153	169.2697	0.6522773	3.30188
966	-393.9911	-565.3862	171.395	0.4489336	2.119171
972	-379.3741	-551.2667	171.8926	0.2266565	1.936411
978	-381.4249	-553.2265	171.8017	0.065805	2.10378
984	-383.4672	-555.2509	171.7837	0.1973422	2.028858
990	-380.5054	-552.0794	171.574	0.1467956	2.199318
996	-382.5256	-553.3733	170.8477	0.7061671	2.306588
1002	-387.822	-559.2971	171.4752	0.2311129	2.208704
1008	-390.2689	-561.4118	171.1429	0.5634038	2.208704
1014	-379.9239	-550.2556	170.3317	0.4728039	2.773448
1020	-379.1977	-550.5579	171.3601	0.3319418	2.217893
1026	-375.8381	-546.9395	171.1014	0.5906875	2.217893
1032	-382.0748	-553.0353	170.9605	1.22508	1.891582
1038	-371.2552	-542.929	171.6738	0.3658412	1.989828
1044	-379.3827	-550.5762	171.1935	0.638129	2.127222
1050	-380.6775	-551.4012	170.7237	0.638129	2.428348
1056	-371.3317	-542.6755	171.3438	0.2975192	2.250573
1062	-377.7754	-549.399	171.6236	0.5787789	1.880141
1068	-379.555	-550.4195	170.8645	0.5787789	2.376882
1074	-378.8806	-549.6669	170.7863	0.4563352	2.503072
1080	-378.8597	-550.5693	171.7096	0.6435141	1.776403
1086	-390.7528	-562.3423	171.5895	0.2877708	2.097346
1092	-377.5689	-549.3713	171.8024	0.3027944	1.945892
1098	-387.0099	-558.0835	171.0736	1.118767	1.886952
1104	-367.1128	-538.3288	171.216	0.5108381	2.195437
1110	-368.8584	-540.2405	171.3821	0.07995969	2.364988
1116	-371.9494	-543.4719	171.5226	0.05961589	2.288503
1122	-374.3853	-545.7565	171.3713	0.05978331	2.384625
1128	-380.3509	-552.4548	172.1039	0.1427252	1.849878
1134	-374.1141	-544.511	170.397	0.6118596	2.648157
1140	-374.9625	-546.5172	171.5547	0.6118596	1.90443
1146	-382.0823	-553.7292	171.6469	0.5197008	1.90443
1152	-377.4447	-548.5881	171.1434	0.6601659	2.145547
1158	-372.7061	-543.9906	171.2845	0.5415803	2.130868
1164	-371.1391	-543.3292	172.1902	0.09624038	1.822565
1170	-381.0677	-551.5188	170.4511	0.4039292	2.742592
1176	-362.219	-533.1825	170.9635	0.3107671	2.483299
1182	-360.2293	-531.3993	171.17	0.6945555	2.105685
1188	-369.5772	-541.1603	171.5831	0.4981657	1.962003
1194	-367.053	-538.2548	171.2018	0.3401606	2.314219
1200	-375.8339	-547.2623	171.4284	0.5342446	2.041046
1206	-369.2278	-540.5745	171.3467	0.1360524	2.351881
1212	-379.5521	-550.8476	171.2955	0.2531504	2.309901
1218	-371.4145	-542.9573	171.5428	0.2057707	2.181316
1224	-382.8821	-553.7839	170.9017	0.5817178	2.351417
1230	-377.2211	-549.1424	171.9213	0.08773493	2.010262
1236	-370.2787	-542.3023	172.0236	0.1070593	1.928748
1242	-379.0257	-548.7109	169.6851	0.4267367	3.189671
1248	-378.4321	-549.3036	170.8716	0.8775584	2.180958
1254	-373.2763	-544.7274	171.451	0.2721098	2.197804
1260	-381.4249	-552.3199	170.895	0.719707	2.267652
1266	-380.5088	-552.4315	171.9227	0.595276	1.66009
1272	-383.4583	-554.5091	171.0508	0.6330098	2.223194
1278	-384.8677	-557.0126	172.145	0.1606995	1.809281
1284	-389.3258	-560.3711	171.0454	0.2380126	2.477602
1290	-387.2699	-559.4354	172.1655	0.3124055	1.688647
1296	-366.0925	-537.4137	171.3212	0.4607475	2.159648
1302	-359.1092	-530.2624	171.1532	1.099473	1.845758
1308	-370.1334	-541.6962	171.5628	0.2034604	2.169827
1314	-378.9488	-550.5883	171.6395	0.3619605	2.015301
1320	-387.1209	-558.5042	171.3833	0.2367477	2.264259
1326	-370.4915	-542.4335	171.942	0.1832235	1.932387
1332	-365.6918	-537.3844	171.6927	0.3169743	2.009854
1338	-362.2616	-534.3433	172.0817	0.5736278	1.560507
1344	-361.2792	-532.9013	171.622	0.2624814	2.092575
1350	-363.1354	-534.3884	171.2529	0.6905866	2.053714
1356	-365.7811	-536.9232	171.1421	0.5281894	2.231901
1362	-367.4634	-538.182	170.7186	0.5281894	2.50046
1368	-373.5598	-544.004	170.4441	0.2636068	2.832316
1374	-359.7323	-530.8976	171.1653	0.7883934	2.046984
1380	-359.1006	-530.1816	171.081	0.6421372	2.197806
1386	-364.6049	-536.1779	171.573	0.6421372	1.871398
1392	-377.2685	-548.338	171.0695	0.6786795	2.18156
1398	-378.182	-549.2004	171.0184	0.2871251	2.463705
1404	-367.2895	-538.8319	171.5425	0.2742199	2.136997
1410	-367.3597	-538.8753	171.5156	0.6090306	1.93281
1416	-364.0183	-535.5397	171.5214	0.4480527	2.036555
1422	-364.5553	-536.3715	171.8161	0.1523418	2.037185
1428	-382.6263	-553.953	171.3268	0.1967807	2.325934
1434	-384.957	-556.0728	171.1157	0.1967807	2.459322
1440	-390.3112	-561.1651	170.8539	0.3709934	2.514143
1446	-377.8764	-549.2643	171.3879	0.3554341	2.184702
1452	-371.2945	-542.5492	171.2547	0.5759836	2.127867
1458	-386.4685	-557.8897	171.4212	0.5759836	2.018127
1464	-382.6236	-554.5986	171.9749	0.1882465	1.906755
1470	-376.3526	-547.7223	171.3697	0.8358692	1.877921
1476	-370.6464	-542.0252	171.3788	0.4007369	2.161215
1482	-388.0107	-559.3402	171.3295	0.1702361	2.341078
1488	-378.9742	-549.8686	170.8944	0.5484949	2.377167
1494	-379.398	-550.8998	171.5018	0.85692	1.772492
1500	-373.0257	-543.5756	170.5499	1.399835	2.049578
1506	-376.8046	-548.0122	171.2077	0.2268439	2.382455
1512	-374.6609	-545.9706	171.3097	0.7004903	2.009479
1518	-382.9463	-554.2098	171.2635	1.237194	1.672425
1524	-372.2512	-543.8414	171.5902	0.8145517	1.740265
1530	-375.2132	-546.4236	171.2104	0.674216	2.092514
1536	-373.9995	-545.5736	171.574	0.310572	2.092514
1542	-369.7728	-541.3285	171.5557	0.2132292	2.168089
1548	-382.9718	-554.7084	171.7366	0.01652634	2.178384
1554	-378.9675	-550.4033	171.4358	0.6172243	1.980903
1560	-373.7217	-545.1111	171.3894	0.1428955	2.320376
1566	-370.7667	-542.2239	171.4572	0.4579308	2.072407
1572	-358.7459	-529.2669	170.521	0.6648918	2.538463
1578	-361.8376	-533.0711	171.2335	0.7044832	2.057376
1584	-360.873	-532.1584	171.2854	0.2728664	2.303776
1590	-374.7247	-546.1693	171.4446	0.5838462	1.997343
1596	-368.5614	-540.1781	171.6167	0.7041492	1.798785
1602	-373.3493	-543.7918	170.4425	1.600934	1.987347
1608	-362.366	-534.021	171.655	0.09368802	2.181266
1614	-375.9879	-547.0575	171.0696	0.8524504	2.067873
1620	-380.6527	-551.8507	171.198	1.194547	1.74883
1626	-367.6402	-539.4773	171.8371	0.5582426	1.746903
1632	-363.658	-534.8207	171.1628	0.5497323	2.204692
1638	-368.4737	-540.1055	171.6318	0.7411322	1.762545
1644	-367.2691	-538.0395	170.7704	0.5343008	2.464202
1650	-369.2094	-541.1111	171.9018	0.1655572	1.971333
1656	-374.3603	-546.7081	172.3479	0.3307848	1.543272
1662	-371.5739	-543.3681	171.7942	0.07953552	2.099676
1668	-367.1722	-539.3213	172.149	0.291701	1.71497
1674	-378.0962	-549.4899	171.3938	0.3755511	2.167846
1680	-377.1692	-548.6296	171.4603	0.5513722	2.008474
1686	-370.0042	-541.0158	171.0116	0.2244605	2.507199
1692	-362.0719	-533.591	171.519	0.4359772	2.046094
1698	-370.4453	-541.9283	171.4829	0.3546835	2.123322
1704	-370.4717	-541.4072	170.9355	0.4321609	2.42463
1710	-372.2162	-542.5924	170.3761	0.6581289	2.632464
1716	-371.4528	-543.0255	171.5727	0.4286076	2.015423
1722	-359.2899	-530.0788	170.7889	0.5066603	2.469966
1728	-366.726	-537.9577	171.2317	0.8452304	1.964893
1734	-359.9288	-531.6796	171.7508	0.2050845	2.045508
1740	-378.7763	-549.8468	171.0706	0.5315123	2.27574
1746	-374.1864	-546.0784	171.892	0.2530275	1.919063
1752	-374.8396	-546.1998	171.3601	0.07389046	2.382769
1758	-385.5824	-556.493	170.9106	0.2097417	2.579182
1764	-382.6773	-553.8409	171.1636	0.787396	2.048744
1770	-378.5349	-550.5349	172	0.3748086	1.761247
1776	-370.2485	-541.3377	171.0892	1.113221	1.880098
1782	-377.654	-547.8606	170.2065	1.190565	2.406099
1788	-370.2278	-541.1559	170.9281	0.4995402	2.386815
1794	-370.3521	-541.7017	171.3496	0.6322833	2.028301
1800	-362.0309	-533.6771	171.6462	0.7036981	1.778634
1806	-357.1185	-528.0009	170.8825	0.9328806	2.137884
1812	-389.9869	-561.0376	171.0507	0.7266923	2.162569
1818	-392.5648	-564.2422	171.6773	0.1001317	2.162569
1824	-378.1724	-548.29	170.1177	0.8343596	2.683107
1830	-365.2654	-535.3335	170.0681	1.918488	2.025171
1836	-378.4171	-550.0613	171.6442	0.6286136	1.831903
1842	-372.7418	-543.6039	170.8622	0.7810642	2.249353
1848	-383.0721	-554.8732	171.8011	0.485463	1.82242
1854	-362.6827	-534.6106	171.9278	0.5258658	1.705819
1860	-371.4113	-543.2073	171.796	0.9149886	1.519259
1866	-371.9048	-542.7764	170.8716	0.5389186	2.397601
1872	-382.9613	-553.8078	170.8465	0.8648675	2.20542
1878	-381.793	-553.3713	171.5783	0.8462352	1.726388
1884	-375.2088	-546.3911	171.1823	0.4632431	2.247843
1890	-386.9192	-556.1981	169.2789	2.21044	2.347661
1896	-366.3987	-537.5266	171.1279	0.3735405	2.339988
1902	-375.7542	-547.4361	171.6819	0.01419812	2.215292
1908	-376.5655	-547.3361	170.7705	0.2445875	2.644273
1914	-365.1221	-536.2939	171.1719	1.051417	1.865851
1920	-370.5528	-540.7012	170.1485	0.8583933	2.649361
1926	-370.8668	-542.7268	171.86	0.1747199	1.993144
1932	-368.0814	-539.4075	171.326	0.7817693	1.944157
1938	-365.844	-537.1736	171.3296	0.4818937	2.140368
1944	-369.5816	-540.862	171.2804	0.5311612	2.140368
1950	-365.2722	-536.096	170.8238	0.5311612	2.432661
1956	-381.8624	-552.2271	170.3647	0.5311612	2.717609
1962	-375.7984	-546.9253	171.1269	0.4880687	2.267464
1968	-373.7769	-544.7005	170.9236	0.4237585	2.437423
1974	-372.7248	-543.1164	170.3916	1.149469	2.314776
1980	-379.3832	-551.0338	171.6505	0.8327579	1.684822
1986	-369.8826	-541.2249	171.3423	0.2749234	2.266056
1992	-380.9104	-552.4307	171.5202	0.433655	2.04684
1998	-367.9001	-538.4512	170.5511	0.5552205	2.587897
2004	-361.1888	-532.9802	171.7914	0.5552205	1.780882
2010	-361.9634	-532.4624	170.499	1.495268	2.020085
2016	-360.6826	-531.4947	170.8121	0.6845574	2.343036
2022	-361.9692	-533.901	171.9318	0.3343776	1.836511
2028	-356.0532	-528.3629	172.3097	0.06722796	1.75977
2034	-362.3967	-533.7933	171.3966	1.250328	1.566662
2040	-377.1699	-549.0463	171.8764	0.3515079	1.862693
2046	-380.2275	-551.8567	171.6292	0.143369	2.165726
2052	-369.9466	-541.2895	171.3429	0.4485764	2.153437
2058	-364.2521	-535.8612	171.609	0.1440549	2.178383
2064	-367.4711	-538.3307	170.8596	0.2475468	2.58739
2070	-386.3559	-557.8467	171.4908	0.4594856	2.049261
2076	-380.092	-551.7807	171.6887	0.1923012	2.094897
2082	-383.4364	-555.0368	171.6004	0.3997444	2.016173
2088	-375.7944	-547.4218	171.6274	0.449539	1.964877
2094	-386.8232	-557.6772	170.8539	0.6327747	2.349349
2100	-385.3837	-555.8723	170.4886	1.071678	2.302529
2106	-367.4836	-538.4172	170.9336	0.4493401	2.415036
2112	-375.0351	-546.3477	171.3126	0.7474813	1.976162
2118	-368.1283	-539.4035	171.2752	0.7627022	1.990993
2124	-358.955	-530.4041	171.449	0.7627022	1.873736
2130	-369.3998	-540.5197	171.1199	0.536567	2.240829
2136	-371.144	-541.6356	170.4916	1.075963	2.297824
2142	-385.1387	-556.3909	171.2522	0.646917	2.082996
2148	-380.4308	-551.7721	171.3414	0.3721461	2.204026
2154	-375.7059	-546.3911	170.6851	0.5041159	2.536383
2160	-375.7324	-546.6728	170.9404	0.5041159	2.376127
2166	-378.5211	-550.4426	171.9215	0.2710263	1.886843
2172	-386.3649	-557.1332	170.7682	1.395822	1.906155
2178	-386.1324	-557.3511	171.2187	0.3565027	2.292973
2184	-389.0679	-560.1852	171.1173	0.268154	2.413453
2190	-384.3246	-554.6503	170.3257	1.83874	1.905901
2196	-378.3943	-549.1726	170.7782	0.7574551	2.318191
2202	-381.7834	-553.4575	171.6741	0.6709205	1.782027
2208	-380.2286	-551.9355	171.7069	0.6380699	1.782027
2214	-374.0977	-546.2687	172.171	0.8995162	1.236509
2220	-377.0613	-548.0604	170.9991	1.473276	1.692602
2226	-373.8766	-545.6732	171.7965	0.5808834	1.759419
2232	-367.592	-538.4439	170.8519	0.8595242	2.205409
2238	-374.8402	-546.0084	171.1682	0.2282847	2.406485
2244	-372.3822	-544.2981	171.9159	0.2459706	1.907662
2250	-365.7459	-536.8816	171.1357	0.09231686	2.512204
2256	-371.2348	-542.6889	171.4541	0.3243206	2.161912
2262	-379.5348	-551.0218	171.4869	0.7139802	1.881129
2268	-375.6753	-546.5347	170.8594	0.9255732	2.157653
2274	-380.0733	-551.2998	171.2266	0.1892546	2.394273
2280	-395.0815	-566.3164	171.2349	0.0975187	2.446824
2286	-398.6372	-569.5323	170.8951	0.4373245	2.446824
2292	-374.9961	-546.2005	171.2044	0.1989894	2.402128
2298	-374.0057	-545.5007	171.495	0.04904486	2.31284
2304	-367.5282	-539.6231	172.0949	0.05808568	1.913661
2310	-371.6175	-542.1688	170.5512	0.4433981	2.656904
2316	-383.3121	-554.0465	170.7344	0.4381271	2.546784
2322	-374.5892	-546.1275	171.5383	0.6230599	1.907956
2328	-369.9375	-541.4958	171.5583	0.6109094	1.902638
2334	-370.9355	-542.6601	171.7246	0.4446383	1.902638
2340	-398.542	-569.9626	171.4207	0.1940557	2.26765
2346	-385.0922	-556.1209	171.0288	0.350224	2.417524
2352	-380.1225	-551.2033	171.0808	0.6065478	2.220905
2358	-381.9235	-552.8326	170.9091	0.2743764	2.539984
2364	-384.3995	-556.4208	172.0213	0.2083062	1.861562
2370	-387.6786	-557.288	169.6095	1.206442	2.766461
2376	-383.4276	-553.8797	170.4521	1.99318	1.711789
2382	-380.9804	-552.8195	171.8391	0.1755914	2.006478
2388	-371.3681	-542.7623	171.3943	0.8086458	1.879763
2394	-371.6265	-542.7238	171.0973	0.7599433	2.110462
2400	-388.0664	-559.1989	171.1325	0.8706598	2.014175
2406	-370.6558	-541.9333	171.2775	0.7256719	2.014175
2412	-374.2857	-545.3631	171.0774	1.163903	1.853528
2418	-374.9894	-545.6143	170.6248	1.102298	2.195218
2424	-366.335	-538.0992	171.7642	0.1790783	2.053861
2430	-374.0518	-545.3152	171.2635	0.5889442	2.113651
2436	-376.7668	-547.2586	170.4918	0.9093098	2.403574
2442	-373.7393	-545.0324	171.2932	0.8972826	1.888237
2448	-367.0447	-538.0395	170.9948	0.5132352	2.335809
2454	-375.7306	-546.9452	171.2146	0.1925697	2.39976
2460	-390.1007	-561.8696	171.7689	0.3381723	1.944663
2466	-369.6543	-540.9958	171.3415	1.167216	1.666683
2472	-361.5754	-532.8078	171.2324	0.8412091	1.967108
2478	-377.9472	-549.2298	171.2825	0.8545397	1.924427
2484	-369.8728	-540.8653	170.9925	0.5027503	2.343919
2490	-364.3594	-535.2186	170.8592	0.3720199	2.510187
2496	-375.9159	-547.5554	171.6395	0.2220076	2.107708
2502	-380.7964	-552.3714	171.575	0.02647606	2.276132
2508	-382.9535	-554.1919	171.2383	0.007516584	2.501078
2514	-372.8706	-544.4925	171.622	0.2271459	2.1158
2520	-371.5931	-543.0292	171.4362	0.2598412	2.21533
2526	-386.9854	-558.5678	171.5823	0.3936526	2.032226
2532	-375.8319	-547.0957	171.2637	0.6875628	2.048552
2538	-379.0817	-550.3362	171.2545	0.5156781	2.167304
2544	-376.9373	-548.3059	171.3686	0.53391	2.08073
2550	-376.3577	-547.3657	171.008	0.8630662	2.101395
2556	-372.6967	-543.6775	170.9807	0.8903451	2.101395
2562	-367.0162	-537.6999	170.6837	0.4781382	2.553436
2568	-371.427	-541.5238	170.0968	0.6370111	2.816473
2574	-379.8779	-551.0848	171.207	0.4051863	2.269294
2580	-362.9604	-533.8809	170.9206	0.7582051	2.226471
2586	-372.7301	-544.5281	171.7979	0.3921212	1.888512
2592	-369.7738	-541.4004	171.6266	0.5786567	1.878138
2598	-376.0779	-547.3368	171.2589	0.4026747	2.237557
2604	-379.9376	-550.8311	170.8935	0.4943476	2.411917
2610	-383.3666	-553.4127	170.0461	1.341792	2.411917
2616	-370.3824	-541.7451	171.3627	0.4119561	2.164379
2622	-379.5311	-550.431	170.8998	1.513223	1.734482
2628	-374.9231	-546.7504	171.8273	0.2019021	1.996793
2634	-378.1018	-549.7488	171.647	0.1029604	2.180445
2640	-377.2139	-549.1394	171.9255	0.008218675	2.060158
2646	-372.1034	-543.6859	171.5825	0.3051361	2.090545
2652	-368.9114	-540.1949	171.2835	0.5523879	2.124462
2658	-368.9051	-540.6186	171.7135	0.1223828	2.124462
2664	-381.3147	-552.5004	171.1857	0.5151089	2.212247
2670	-378.39	-550.3257	171.9357	0.2041761	1.922511
2676	-373.345	-544.651	171.306	0.2538635	2.302748
2682	-378.2803	-548.9696	170.6893	0.2783508	2.673517
2688	-381.6558	-553.7797	172.1239	0.5170354	1.571056
2694	-387.7131	-558.9093	171.1961	0.1176331	2.458553
2700	-379.9128	-551.6008	171.6879	0.02975257	2.201319
2706	-379.6381	-551.7819	172.1439	0.0439883	1.890003
2712	-377.8175	-549.2775	171.46	0.02555959	2.350105
2718	-368.4696	-539.2858	170.8162	0.1872295	2.651517
2724	-371.4024	-543.0356	171.6332	0.8982565	1.650419
2730	-360.5977	-531.6356	171.0379	0.8239622	2.107481
2736	-378.3445	-550.1809	171.8363	0.3932329	1.86156
2742	-360.3752	-530.7984	170.4232	1.018339	2.378015
2748	-363.24	-534.8209	171.5809	0.7168419	1.814754
2754	-374.792	-546.6169	171.8249	0.7937206	1.587392
2760	-386.4575	-555.9568	169.4993	2.159105	2.23957
2766	-374.5397	-545.9301	171.3904	0.3777889	2.168562
2772	-369.9466	-541.741	171.7944	0.3989814	1.886231
2778	-372.2726	-542.5151	170.2425	0.7019673	2.687751
2784	-374.2109	-544.6684	170.4575	0.5047367	2.676836
2790	-384.9312	-555.9692	171.038	0.2876695	2.451059
2796	-377.3001	-548.9791	171.679	0.2708086	2.049532
2802	-378.9636	-550.6567	171.6931	0.02206691	2.202975
2808	-379.6648	-551.3594	171.6946	0.0205889	2.202975
2814	-369.3741	-541.7068	172.3327	0.03008685	1.769645
2820	-372.2695	-543.6042	171.3347	0.02030085	2.432629
2826	-363.944	-535.7063	171.7623	0.07140521	2.125853
2832	-356.2973	-528.0564	171.7591	0.0746604	2.125853
2838	-362.7064	-534.4984	171.792	0.07769907	2.102303
2844	-372.4961	-543.6377	171.1416	0.2276316	2.423643
2850	-390.2418	-561.0235	170.7817	0.8424913	2.261546
2856	-373.9686	-545.1881	171.2195	0.6941196	2.073413
2862	-376.4601	-546.3938	169.9337	1.875503	2.141871
2868	-371.8447	-543.094	171.2493	0.5050613	2.177574
2874	-375.1518	-546.1213	170.9695	1.019857	2.023326
2880	-379.3766	-551.0842	171.7076	0.6856799	1.748334
2886	-384.0424	-553.818	169.7756	1.060537	2.75415
2892	-396.5835	-567.4046	170.8211	0.7668362	2.284838
2898	-380.7893	-552.4382	171.6489	0.1305945	2.16121
2904	-372.6652	-544.0069	171.3416	0.110734	2.371137
2910	-367.5775	-538.7881	171.2106	0.2418088	2.371137
2916	-376.0847	-547.1158	171.0311	0.9303072	2.041861
2922	-373.3188	-544.4513	171.1325	0.6675899	2.147835
2928	-375.9979	-547.7201	171.7221	0.07793355	2.147835
2934	-376.0198	-547.3948	171.375	0.2627991	2.25281
2940	-380.1082	-551.4024	171.2942	0.553836	2.116491
2946	-373.9244	-544.6483	170.7238	0.4148133	2.567845
2952	-390.5948	-562.8371	172.2424	0.2800319	1.656933
2958	-380.3978	-551.8257	171.4279	0.4450346	2.100156
2964	-381.6144	-552.9038	171.2894	0.9292297	1.869022
2970	-379.8855	-551.1285	171.2429	0.6053883	2.116316
2976	-375.074	-546.2232	171.1492	0.5878869	2.188793
2982	-371.3015	-542.9465	171.6451	0.2576792	2.08058
2988	-368.3926	-539.0992	170.7066	0.8793102	2.286116
2994	-373.9417	-544.5056	170.5639	0.6279321	2.534793
3000	-383.313	-554.9069	171.5939	0.1848174	2.161712
3006	-386.7166	-558.4786	171.7619	0.04252663	2.144973
3012	-384.0384	-555.5616	171.5233	0.3255529	2.115996
3018	-370.9586	-542.3771	171.4185	0.5378832	2.045177
3024	-368.2655	-539.7119	171.4464	0.5378832	2.02671
3030	-383.8741	-555.2531	171.379	0.6541946	1.994186
3036	-375.0691	-545.7294	170.6603	0.2582784	2.703662
3042	-390.2888	-560.4221	170.1334	0.9044134	2.630306
3048	-389.074	-559.1089	170.0349	1.014036	2.623407
3054	-378.2496	-549.3814	171.1317	0.4603595	2.282166
3060	-373.0199	-543.5318	170.5119	1.197052	2.206961
3066	-378.1423	-548.6894	170.5471	0.4852199	2.633643
3072	-379.169	-550.5453	171.3762	0.2058816	2.288545
3078	-379.0109	-549.7275	170.7167	0.8654322	2.288545
3084	-380.3166	-551.7328	171.4161	0.5769096	2.020892
3090	-363.6192	-535.1963	171.5771	0.2679062	2.118506
3096	-369.4782	-540.6292	171.151	0.05828865	2.523882
3102	-367.8594	-538.9335	171.0741	0.455147	2.322295
3108	-370.7146	-542.926	172.2114	0.180504	1.749266
3114	-376.5967	-548.1278	171.531	0.150249	2.22484
3120	-384.5447	-556.0726	171.528	0.981949	1.66584
3126	-384.2006	-555.7004	171.4998	0.4599185	2.04298
3132	-381.8186	-552.5988	170.7802	0.9804771	2.173473
3138	-393.5392	-564.7347	171.1955	0.3125629	2.335815
3144	-389.7322	-559.8347	170.1025	1.286362	2.41132
3150	-376.3048	-547.6661	171.3613	0.3802086	2.185886
3156	-369.5653	-540.9886	171.4233	0.42558	2.115948
3162	-379.9761	-551.7244	171.7483	0.42558	1.899512
3168	-367.0542	-538.2337	171.1795	0.2718123	2.37182
3174	-369.7116	-541.5109	171.7993	0.7376544	1.646509
3180	-371.8814	-544.4421	172.5608	0.3406086	1.373708
3186	-368.3675	-539.6296	171.2621	0.3406086	2.275373
3192	-386.9742	-556.7681	169.7938	2.079557	2.099899
3198	-384.3066	-555.3522	171.0456	1.026869	1.967895
3204	-385.0582	-555.5713	170.5131	0.7616403	2.483014
3210	-386.9286	-558.3621	171.4334	0.2617802	2.215853
3216	-376.5401	-548.5365	171.9964	0.3164722	1.804274
3222	-370.4266	-542.6062	172.1797	0.07696997	1.843037
3228	-372.0053	-543.5436	171.5384	0.5175181	1.979
3234	-372.9398	-544.6805	171.7407	1.184712	1.354771
3240	-361.9741	-533.6894	171.7153	0.7647755	1.687114
3246	-366.8147	-538.2337	171.419	0.3623447	2.160049
3252	-373.1968	-543.7187	170.5219	0.3696065	2.720243
3258	-380.0413	-551.315	171.2737	0.6616486	2.059134
3264	-370.7225	-541.6207	170.8982	0.5121673	2.397697
3270	-378.4948	-549.7048	171.2099	0.6059789	2.137498
3276	-392.1897	-563.0862	170.8965	0.6059789	2.33933
3282	-392.4149	-563.0012	170.5863	0.916199	2.33933
3288	-372.0606	-543.1156	171.0549	0.2851315	2.442024
3294	-368.6464	-539.4984	170.8521	1.259789	1.941426
3300	-380.5553	-551.6833	171.128	1.601677	1.505316
3306	-373.4024	-544.1312	170.7288	1.399544	1.930325
3312	-361.4287	-532.9086	171.4799	0.05916431	2.316049
3318	-368.6363	-540.2629	171.6266	0.5277393	1.912719
3324	-375.3339	-546.9707	171.6368	0.3211234	2.044157
3330	-372.979	-544.0958	171.1168	0.8411386	2.044157
3336	-369.1667	-540.2161	171.0494	0.701439	2.179858
3342	-369.7185	-540.5417	170.8232	1.339896	1.9068
3348	-370.5022	-542.0535	171.5513	0.1712471	2.198206
3354	-371.2011	-542.6802	171.479	0.6678339	1.917815
3360	-377.4828	-549.2232	171.7404	0.6678339	1.73784
3366	-379.4445	-550.5537	171.1091	0.4722496	2.289001
3372	-379.2864	-550.3085	171.0222	0.7911326	2.1392
3378	-374.7946	-546.1927	171.3981	0.4152312	2.1392
3384	-363.237	-534.0126	170.7757	0.4294264	2.5265
3390	-373.3999	-545.3896	171.9897	0.6269909	1.588805
3396	-373.1503	-544.8986	171.7483	0.7551153	1.670491
3402	-371.9211	-542.9989	171.0777	1.499497	1.61747
3408	-385.1557	-555.9045	170.7488	0.1081405	2.741391
3414	-368.5562	-539.9454	171.3892	0.5772034	2.038566
3420	-371.5434	-543.0328	171.4894	0.7347907	1.865263
3426	-372.0603	-542.9945	170.9342	0.3049909	2.505224
3432	-384.4776	-555.6589	171.1813	0.319927	2.340149
3438	-381.5917	-552.418	170.8263	0.5156952	2.440783
3444	-372.2358	-543.7657	171.53	0.5314626	1.975291
3450	-365.967	-537.6646	171.6976	0.4459146	1.920037
3456	-371.7671	-542.761	170.9939	0.9043503	2.08356
3462	-383.6771	-555.5514	171.8743	0.07049752	2.052848
3468	-383.1345	-554.0424	170.9079	0.1653612	2.608379
3474	-382.7448	-554.9986	172.2538	0.1876483	1.714502
3480	-378.8279	-549.6497	170.8219	0.8816339	2.210502
3486	-382.1975	-553.4358	171.2383	0.5458998	2.158148
3492	-384.5309	-555.2305	170.6996	0.6845881	2.414234
3498	-383.1995	-554.5136	171.3141	0.2618213	2.292506
3504	-368.2081	-539.3245	171.1164	0.705518	2.133577
3510	-389.3679	-561.4452	172.0773	0.5432081	1.586
3516	-379.2687	-550.3491	171.0804	0.2165218	2.469106
3522	-384.5927	-554.944	170.3513	1.09474	2.375141
3528	-370.5842	-541.5227	170.9385	0.5076	2.375141
3534	-388.9818	-559.2776	170.2958	1.208293	2.338311
3540	-387.9798	-559.5611	171.5812	0.6560517	1.856286
3546	-377.7886	-548.2636	170.475	0.7057314	2.541677
3552	-374.5913	-545.3829	170.7917	0.7215981	2.332479
3558	-381.2018	-552.1339	170.9322	0.3711641	2.465095
3564	-386.4964	-558.3732	171.8768	0.1252917	2.014902
3570	-393.4693	-564.3053	170.836	0.9279707	2.17132
3576	-385.444	-556.2395	170.7955	1.136902	2.061068
3582	-378.0612	-549.4298	171.3686	0.2854685	2.2424
3588	-378.3592	-549.9447	171.5855	0.0684913	2.2424
3594	-374.7383	-545.8128	171.0744	0.3537469	2.386467
3600	-370.329	-541.6995	171.3706	0.6479418	2.003942
3606	-368.8732	-539.6984	170.8252	1.06199	2.090844
3612	-375.9523	-546.5331	170.5808	1.044983	2.260555
3618	-374.2005	-545.6264	171.4258	0.4042809	2.128222
3624	-390.7152	-561.5354	170.8202	0.1579413	2.667081
3630	-370.9043	-542.5904	171.6862	0.4460401	1.927694
3636	-365.3718	-536.9412	171.5694	0.4629115	1.994719
3642	-362.488	-533.8657	171.3777	0.1146854	2.345759
3648	-360.2046	-531.7031	171.4985	0.483292	2.028367
3654	-377.38	-548.1927	170.8127	1.13538	2.050683
3660	-384.6561	-556.8784	172.2223	0.6386353	1.405333
3666	-372.0262	-542.9984	170.9722	0.6386353	2.270155
3672	-384.2865	-556.0855	171.7989	0.3481244	1.917677
3678	-368.3162	-539.4442	171.128	0.384819	2.332726
3684	-376.4905	-548.6699	172.1794	0.101379	1.826443
3690	-367.6137	-538.7081	171.0943	0.1990969	2.4713
3696	-369.5049	-541.4376	171.9326	0.3467328	1.827409
3702	-378.6805	-549.9295	171.2491	0.3823379	2.256952
3708	-384.3131	-555.9173	171.6043	0.1548804	2.174461
3714	-378.7084	-549.8931	171.1847	0.3703464	2.305848
3720	-377.7214	-548.6428	170.9214	0.6973567	2.265089
3726	-370.6841	-542.4635	171.7794	0.05428671	2.125869
3732	-364.8081	-536.0749	171.2668	0.08716468	2.433276
3738	-365.536	-537.7065	172.1705	0.03988312	1.874641
3744	-366.5352	-537.449	170.9137	0.2749517	2.536732
3750	-359.9578	-531.0039	171.0462	0.7821621	2.129397
3756	-359.3066	-530.0819	170.7753	1.052984	2.129397
3762	-366.301	-537.0056	170.7045	0.5323472	2.506671
3768	-373.5978	-544.4869	170.8891	0.335792	2.514181
3774	-366.3134	-537.9132	171.5998	0.5111789	1.94204
3780	-360.7649	-532.2141	171.4492	0.3826765	2.127088
3786	-363.5058	-534.872	171.3662	0.1303923	2.343088
3792	-365.0519	-536.4169	171.365	0.772878	1.923854
3798	-375.1617	-545.4276	170.2658	0.9664562	2.509559
3804	-371.747	-542.7759	171.0289	0.5360693	2.299472
3810	-372.2653	-543.6486	171.3834	0.5360693	2.069594
3816	-365.9324	-537.4787	171.5462	0.2171681	2.171687
3822	-360.172	-530.8874	170.7154	0.4540152	2.548716
3828	-366.7582	-538.4955	171.7373	1.300464	1.263801
3834	-371.3372	-543.1361	171.7989	0.6881687	1.682113
3840	-372.1473	-543.3038	171.1565	0.4960705	2.243312
3846	-368.444	-539.2188	170.7748	0.8028091	2.291408
3852	-360.9545	-531.9365	170.9819	0.860695	2.120053
3858	-355.3382	-526.9198	171.5816	0.4451814	1.998442
3864	-358.3178	-529.9618	171.644	0.3430706	2.024878
3870	-368.9338	-540.3461	171.4123	0.68822	1.949027
3876	-372.8666	-543.6259	170.7594	0.6419601	2.403418
3882	-372.1569	-542.2854	170.1285	0.7523189	2.726823
3888	-377.2593	-549.0307	171.7715	0.3424318	1.94005
3894	-381.4707	-552.3178	170.8471	0.6871716	2.319071
3900	-375.8349	-546.9588	171.1238	0.6473769	2.166616
3906	-379.0866	-550.2226	171.136	0.6109327	2.182384
3912	-376.2572	-547.3604	171.1033	0.4301572	2.319641
3918	-373.0147	-544.0744	171.0597	0.4359875	2.34368
3924	-369.3527	-539.9052	170.5524	0.5069303	2.61696
3930	-367.3941	-538.4267	171.0325	0.9609073	2.020628
3936	-371.7466	-542.5674	170.8207	1.617209	1.716944
3942	-379.6122	-550.9366	171.3244	0.3033441	2.259286
3948	-366.6914	-536.9419	170.2504	0.71605	2.674241
3954	-366.1962	-537.6619	171.4657	0.9994603	1.697694
3960	-365.071	-536.8355	171.7646	0.5145442	1.827582
3966	-365.5826	-536.6291	171.0465	1.292777	1.785982
3972	-367.3185	-538.1123	170.7938	1.441698	1.857492
3978	-356.9915	-528.3221	171.3306	0.3995288	2.193303
3984	-370.4398	-542.0782	171.6384	1.184742	1.43447
3990	-368.8293	-539.7809	170.9516	0.498155	2.372795
3996	-373.9075	-544.7223	170.8148	0.7856137	2.276854
4002	-368.2085	-539.1974	170.9889	1.522322	1.66491
4008	-369.8324	-541.4774	171.645	0.9700991	1.589972
4014	-366.1252	-537.7147	171.5895	0.7389565	1.79347
4020	-379.7028	-549.8151	170.1123	1.233553	2.438362
4026	-379.5505	-551.65	172.0995	0.5298708	1.579523
4032	-373.6071	-544.4817	170.8746	0.7351932	2.270783
4038	-384.7778	-556.4723	171.6946	0.9211146	1.589511
4044	-362.0832	-531.5878	169.5046	1.945582	2.372547
4050	-366.179	-536.2079	170.0288	1.945582	2.033267
4056	-369.3241	-539.13	169.8059	1.945582	2.179415
4062	-365.0128	-536.8576	171.8448	0.6404159	1.683468
4068	-376.3265	-547.3394	171.0129	0.7245975	2.188478
4074	-372.854	-544.5673	171.7133	0.7053122	1.730548
4080	-382.869	-553.8528	170.9838	1.273033	1.842897
4086	-373.1152	-543.9313	170.8161	1.728047	1.641294
4092	-370.6035	-541.821	171.2175	1.289807	1.667698
4098	-364.0511	-535.875	171.8239	0.4743887	1.814341
4104	-374.9911	-546.7152	171.7241	0.6427042	1.76685
4110	-363.2336	-534.7747	171.541	1.02749	1.623742
4116	-369.4185	-540.7501	171.3315	1.440342	1.473534
4122	-376.4174	-547.821	171.4036	1.445246	1.414677
4128	-371.692	-543.6393	171.9473	0.9015737	1.414677
4134	-376.5875	-548.3315	171.7439	0.3987192	1.920659
4140	-384.473	-555.3525	170.8795	0.1556235	2.631923
4146	-398.9695	-569.6286	170.6591	0.1331557	2.780893
4152	-377.2882	-548.6011	171.3129	0.9410071	1.844868
4158	-376.9324	-547.7925	170.8602	1.165591	1.999106
4164	-372.084	-542.5906	170.5066	1.165591	2.230714
4170	-369.9071	-541.181	171.274	0.5967323	2.101646
4176	-369.5579	-540.4293	170.8714	0.5654515	2.380988
4182	-374.7095	-545.6639	170.9545	0.5988763	2.306926
4188	-388.7289	-560.3596	171.6307	0.5988763	1.861534
4194	-374.7051	-545.7983	171.0932	0.5988763	2.217873
4200	-377.2309	-549.0843	171.8534	0.7249886	1.616599
4206	-375.6901	-546.8064	171.1164	0.6293608	2.183164
4212	-382.2523	-553.6494	171.3971	1.079962	1.689257
4218	-363.5094	-534.9596	171.4503	1.079962	1.651305
4224	-372.6927	-543.6813	170.9886	1.439184	1.724106
4230	-369.6631	-540.6474	170.9842	0.7940038	2.162043
4236	-371.8655	-542.7278	170.8623	0.5716031	2.382854
4242	-377.8661	-548.2522	170.3861	0.3375892	2.822634
4248	-380.2337	-552.0562	171.8224	0.7526477	1.618998
4254	-378.1736	-549.2603	171.0867	0.4131638	2.341013
4260	-372.7842	-544.1482	171.364	0.82023	1.892469
4266	-375.072	-545.6616	170.5895	1.460549	1.982868
4272	-371.7256	-541.8556	170.13	1.489207	2.264782
4278	-363.342	-534.5622	171.2202	0.90055	1.935401
4284	-372.1498	-543.4724	171.3226	0.3289344	2.244006
4290	-384.8692	-556.4793	171.6102	0.9543214	1.626659
4296	-378.589	-550.1895	171.6005	0.636704	1.856349
4302	-376.3493	-547.9191	171.5697	0.538338	1.943966
4308	-369.7085	-541.1402	171.4317	0.2434745	2.228769
4314	-375.4578	-546.9909	171.5331	0.1420767	2.228769
4320	-381.4611	-553.0322	171.571	0.3905877	2.041725
4326	-390.1352	-560.7156	170.5803	1.16677	2.18228
4332	-382.7038	-554.4307	171.7269	0.4694263	1.884242
4338	-365.4361	-536.2303	170.7942	0.7497603	2.312922
4344	-377.8529	-547.8232	169.9702	0.820977	2.78154
4350	-375.8588	-547.7239	171.8652	0.3205326	1.891473
4356	-370.2505	-541.1561	170.9056	0.3488559	2.495688
4362	-373.5434	-545.464	171.9206	0.4554515	1.760391
4368	-376.8566	-548.0966	171.24	0.6500042	2.088983
4374	-373.63	-543.987	170.357	1.580068	2.057975
4380	-378.2225	-549.904	171.6815	0.2555829	2.057975
4386	-364.4989	-535.7523	171.2533	0.6977091	2.048746
4392	-365.6596	-537.3477	171.6881	0.6588003	1.780694
4398	-363.0965	-534.7364	171.6399	0.4180975	1.97758
4404	-374.8597	-546.2827	171.423	0.03513423	2.367493
4410	-364.6089	-536.1303	171.5214	0.6478138	1.902694
4416	-372.6373	-543.9236	171.2863	0.6433008	2.062887
4422	-372.1386	-543.3426	171.204	0.8925362	1.951738
4428	-387.3077	-559.1291	171.8214	1.010792	1.427515
4434	-403.0106	-573.2681	170.2575	0.2833586	2.933271
4440	-382.4492	-553.8429	171.3937	0.2004171	2.280879
4446	-369.873	-541.6147	171.7416	0.6429538	1.754415
4452	-378.8008	-549.78	170.9792	0.2943055	2.483789
4458	-371.9183	-542.6729	170.7546	0.1941228	2.685135
4464	-366.2173	-537.4422	171.225	0.2437283	2.360797
4470	-372.5086	-543.7387	171.2302	0.2385363	2.360797
4476	-368.0236	-538.9924	170.9688	0.3659146	2.445392
4482	-368.8815	-539.3908	170.5094	0.7916986	2.466508
4488	-370.7918	-541.6588	170.867	0.434101	2.466508
4494	-370.1867	-541.6859	171.4991	0.09853307	2.278583
4500	-376.1374	-547.5776	171.4403	0.09356333	2.319382
4506	-373.2597	-544.2251	170.9655	0.1163099	2.603105
4512	-370.779	-541.357	170.578	0.5217407	2.592009
4518	-370.3621	-540.9065	170.5445	0.5825493	2.575073
4524	-371.2181	-541.7873	170.5692	0.5825493	2.559717
4530	-375.6258	-547.0051	171.3793	0.9021765	1.825945
4536	-381.7555	-552.8654	171.1099	0.1718267	2.478636
4542	-372.4663	-543.7789	171.3126	0.2029056	2.331038
4548	-379.2322	-549.9057	170.6735	0.7188204	2.409131
4554	-378.5682	-550.3185	171.7503	0.2962426	1.985212
4560	-369.9803	-541.4338	171.4535	0.6544025	1.944053
4566	-373.9424	-545.0718	171.1293	0.7097841	2.122334
4572	-369.787	-541.1974	171.4103	1.018171	1.723609
4578	-370.9038	-542.7734	171.8696	0.5016307	1.76374
4584	-374.7151	-545.8864	171.1713	0.1920417	2.427352
4590	-387.8841	-559.2177	171.3336	0.1690673	2.339196
4596	-372.5303	-543.6484	171.118	0.3938177	2.333373
4602	-373.7864	-544.3067	170.5203	1.252566	2.165539
4608	-367.7149	-538.9352	171.2203	0.2147383	2.382116
4614	-369.1875	-540.7438	171.5563	0.3570587	2.073604
4620	-364.0327	-534.7941	170.7614	0.5687003	2.448266
4626	-376.4382	-547.281	170.8428	0.2377277	2.603858
4632	-377.8392	-548.6297	170.7905	0.2900429	2.603858
4638	-382.479	-553.7276	171.2487	0.5006362	2.180857
4644	-378.9269	-550.6859	171.759	0.3522579	1.941846
4650	-374.4805	-545.521	171.0405	0.2434769	2.477219
4656	-361.3151	-533.0556	171.7405	0.6163426	1.773789
4662	-368.199	-539.5562	171.3572	0.3005767	2.239982
4668	-364.9255	-536.4934	171.5679	0.09939238	2.233881
4674	-372.1047	-544.1592	172.0545	0.22537	1.827067
4680	-370.4427	-541.5472	171.1045	0.3981498	2.339228
4686	-377.5689	-548.7215	171.1527	0.2854308	2.380169
4692	-376.8135	-548.3206	171.5071	0.06358707	2.295866
4698	-366.9702	-538.2283	171.2581	0.03435113	2.471919
4704	-379.0393	-550.7832	171.7439	0.03076603	2.164355
4710	-360.0576	-531.5438	171.4862	0.1074931	2.281151
4716	-375.8363	-547.4208	171.5845	0.009118892	2.281151
4722	-367.9889	-539.3893	171.4004	0.1173998	2.329601
4728	-363.7653	-534.816	171.0506	0.6237095	2.22932
4734	-368.2705	-539.0271	170.7567	0.764492	2.327454
4740	-365.4193	-536.862	171.4427	0.4558282	2.08334
4746	-377.8558	-549.7524	171.8965	0.1944974	1.955421
4752	-375.6545	-546.5916	170.9372	0.4414209	2.417773
4758	-376.9956	-547.6234	170.6278	0.7507897	2.417773
4764	-375.6095	-547.3468	171.7373	0.3189997	1.978724
4770	-389.3202	-560.3639	171.0437	1.216234	1.840779
4776	-389.2843	-561.4823	172.198	0.8467796	1.258054
4782	-387.3765	-557.056	169.6795	1.883808	2.300572
4788	-369.9938	-541.2672	171.2734	0.623706	2.084312
4794	-374.5361	-544.5911	170.0549	0.7076121	2.798998
4800	-368.268	-538.8222	170.5543	0.2103057	2.797774
4806	-369.0676	-540.0905	171.023	0.5262074	2.30959
4812	-366.2698	-537.8492	171.5794	0.895548	1.690789
4818	-376.2767	-547.0611	170.7845	0.7094201	2.344805
4824	-372.0663	-543.4036	171.3372	0.3809728	2.201005
4830	-368.5046	-539.7547	171.25	0.3542118	2.274371
4836	-374.2937	-545.1278	170.8341	0.8104127	2.248507
4842	-360.7041	-531.6011	170.897	0.7333392	2.257612
4848	-372.9878	-544.2259	171.2381	0.7333392	2.035198
4854	-379.5089	-550.6252	171.1164	0.3120035	2.386346
4860	-367.626	-539.1326	171.5066	0.4321862	2.056826
4866	-367.058	-539.1631	172.1051	0.147353	1.84591
4872	-368.5771	-539.7493	171.1721	0.4579802	2.257764
4878	-370.0086	-541.2159	171.2073	0.4228587	2.257764
4884	-374.4798	-546.2474	171.7676	0.2056991	2.033997
4890	-373.4966	-545.2792	171.7826	0.4415848	1.865238
4896	-360.5966	-531.5517	170.9551	0.5570235	2.333202
4902	-368.5242	-539.2384	170.7142	0.9522642	2.234398
4908	-370.9439	-542.2329	171.289	0.6737934	2.040964
4914	-365.1721	-535.5142	170.3421	1.2501	2.282103
4920	-376.2681	-547.9023	171.6342	0.1650762	2.148365
4926	-372.4853	-543.8745	171.3892	0.5046085	2.086478
4932	-395.5401	-566.9481	171.4081	0.2521611	2.238409
4938	-394.9533	-565.6876	170.7343	0.3533518	2.599491
4944	-376.1828	-547.5991	171.4163	0.4743354	2.088545
4950	-372.0106	-543.4856	171.475	0.3238999	2.148602
4956	-381.0238	-552.083	171.0592	0.4816837	2.31488
4962	-376.1161	-547.1575	171.0414	0.1992257	2.504333
4968	-392.6013	-564.2798	171.6785	0.3486594	1.998175
4974	-384.2495	-555.7851	171.5356	0.542014	1.964442
4980	-370.3974	-541.6166	171.2193	0.7031254	2.067657
4986	-370.5174	-541.6998	171.1824	1.077903	1.840506
4992	-372.7156	-544.0794	171.3638	0.5947756	2.043733
4998	-356.9721	-528.5503	171.5782	1.268415	1.416408
5004	-370.379	-541.4859	171.1069	0.1097595	2.51931
5010	-371.3892	-542.07	170.6807	0.5359199	2.51931
5016	-369.4466	-540.3572	170.9107	0.9878302	2.083402
5022	-382.8717	-554.3347	171.463	0.435469	2.083402
5028	-383.611	-554.8409	171.2299	0.6685987	2.083402
5034	-384.6475	-555.392	170.7445	0.3453558	2.598117
5040	-366.2465	-537.6824	171.436	0.4611956	2.084264
5046	-378.9474	-550.8369	171.8895	0.1602579	1.983102
5052	-383.8117	-554.7833	170.9716	0.3593576	2.447716
5058	-387.5454	-559.0857	171.5403	0.164493	2.209641
5064	-378.5239	-549.9513	171.4274	0.1456116	2.294385
5070	-375.3644	-547.4196	172.0553	0.6091045	1.553805
5076	-375.9893	-546.976	170.9867	0.1724009	2.555154
5082	-379.9136	-550.8044	170.8908	1.460122	1.777883
5088	-377.9323	-548.9116	170.9793	0.2740999	2.496336
5094	-386.9155	-558.0813	171.1659	0.6906857	2.110935
5100	-380.8438	-552.9063	172.0624	0.627287	1.535074
5106	-377.6541	-548.5744	170.9203	0.4141051	2.445575
5112	-385.3255	-556.8812	171.5557	0.1116941	2.233795
5118	-374.6322	-546.0602	171.428	0.5186141	2.05168
5124	-383.8991	-554.7163	170.8172	0.7392062	2.304993
5130	-374.0521	-545.1269	171.0749	0.7198542	2.151322
5136	-376.2696	-547.5657	171.2961	0.2051388	2.340132
5142	-384.2511	-555.0248	170.7737	0.2051388	2.666642
5148	-377.2672	-549.1304	171.8632	0.2051388	1.970682
5154	-393.0151	-563.7996	170.7846	0.3559887	2.566672
5160	-380.9509	-551.1924	170.2415	0.9816718	2.515233
5166	-382.8218	-553.6863	170.8646	0.1574287	2.64004
5172	-388.9168	-559.7342	170.8174	0.5996307	2.393502
5178	-377.122	-548.2577	171.1357	0.2813826	2.393502
5184	-372.6801	-543.8809	171.2009	0.2161762	2.393502
5190	-382.1039	-553.0501	170.9462	1.099189	1.986034
5196	-377.9268	-549.4074	171.4806	0.5647628	1.986034
5202	-370.8707	-542.6254	171.7547	0.8781942	1.576939
5208	-373.7555	-545.2994	171.544	0.8781942	1.728056
5214	-381.3597	-553.2759	171.9161	0.8830316	1.452809
5220	-377.6422	-549.3308	171.6887	1.110498	1.452809
5226	-377.4578	-548.997	171.5392	0.9470047	1.682767
5232	-369.7563	-541.1616	171.4053	0.2793092	2.222708
5238	-373.9345	-544.8862	170.9517	1.521463	1.692045
5244	-374.3912	-545.7974	171.4062	0.5381342	2.053196
5250	-380.9499	-552.587	171.6371	0.7123848	1.778874
5256	-369.6865	-541.6743	171.9877	0.1937036	1.894363
5262	-359.4422	-531.1795	171.7373	0.1393903	2.097697
5268	-366.9681	-538.6193	171.6512	0.09126504	2.185283
5274	-365.6555	-537.8201	172.1646	0.01227428	1.897464
5280	-365.1657	-536.5397	171.374	0.0733897	2.374306
5286	-370.8128	-542.1275	171.3148	0.7418679	1.978496
5292	-374.2622	-546.1863	171.9241	0.1126501	1.991773
5298	-382.7663	-554.515	171.7487	0.04969865	2.148952
5304	-359.5201	-530.7938	171.2738	0.726573	2.016041
5310	-364.9944	-536.0624	171.0679	0.9324026	2.016041
5316	-359.8267	-530.6807	170.854	0.9324026	2.15674
5322	-362.7985	-533.8299	171.0313	0.6199854	2.244135
5328	-364.7834	-536.0468	171.2634	0.6199854	2.09331
5334	-369.7145	-542.101	172.3865	0.0851615	1.693074
5340	-364.7152	-536.0939	171.3787	0.09510153	2.357532
5346	-369.6614	-540.8845	171.2231	0.367665	2.283003
5352	-362.3815	-533.3376	170.9561	0.367665	2.452294
5358	-364.2937	-535.0463	170.7526	0.5850043	2.443544
5364	-385.138	-556.9688	171.8309	0.9591389	1.459785
5370	-373.4946	-544.9523	171.4577	1.440395	1.37626
5376	-381.1558	-552.5386	171.3828	0.9832534	1.767383
5382	-382.9364	-554.555	171.6185	0.4659988	1.959796
5388	-381.309	-552.982	171.673	0.4659988	1.923125
5394	-375.4319	-547.1171	171.6852	0.5980972	1.824701
5400	-373.2851	-544.7202	171.4351	0.4037129	2.122527
5406	-384.066	-555.683	171.6169	0.2865314	2.080112
5412	-383.1924	-553.7053	170.5129	0.9851637	2.342159
5418	-368.7456	-539.8399	171.0944	0.7440838	2.122776
5424	-370.264	-541.8077	171.5437	0.2070582	2.179875
5430	-370.7706	-541.931	171.1604	0.2831615	2.376752
5436	-365.5199	-536.814	171.2942	0.6101559	2.079562
5442	-367.5092	-538.4893	170.9801	1.409549	1.75089
5448	-367.7115	-537.9224	170.2109	0.3797666	2.903217
5454	-372.7597	-544.1387	171.379	0.1252479	2.338201
5460	-369.0702	-540.4056	171.3354	0.2597921	2.280152
5466	-381.5168	-553.2842	171.7674	0.708451	1.690138
5472	-381.862	-553.2016	171.3395	0.6345252	2.033487
5478	-369.5778	-540.8035	171.2257	0.6345252	2.108502
5484	-357.8131	-528.8046	170.9916	0.3555901	2.437572
5490	-366.4391	-537.9344	171.4952	0.4488643	2.053315
5496	-378.8517	-550.356	171.5043	1.291533	1.455333
5502	-385.8857	-557.5601	171.6744	1.210523	1.386636
5508	-369.8942	-540.462	170.5678	1.539774	1.944317
5514	-355.492	-526.8861	171.3941	0.9209774	1.802754
5520	-367.8902	-539.7811	171.891	0.581083	1.692806
5526	-377.1498	-548.0672	170.9173	0.1842892	2.590824
5532	-381.5037	-553.1103	171.6066	0.1515822	2.175075
5538	-388.0933	-558.2698	170.1765	0.1474888	3.063412
5544	-382.3528	-553.0572	170.7044	0.5702494	2.483042
5550	-393.2244	-564.3632	171.1388	1.015969	1.912469
5556	-377.5311	-548.5766	171.0454	0.712409	2.175305
5562	-376.7438	-548.1781	171.4343	0.9372585	1.763533
5568	-361.3956	-532.3101	170.9145	0.3286727	2.502751
5574	-381.7856	-552.4671	170.6815	0.3790631	2.616255
5580	-379.1955	-550.0412	170.8457	0.5787165	2.388824
5586	-386.0832	-557.4693	171.3861	0.03829414	2.388824
5592	-387.8012	-558.2754	170.4742	0.9045224	2.41767
5598	-389.3269	-560.8742	171.5473	0.1384358	2.221998
5604	-379.8824	-550.9756	171.0932	0.3993042	2.345677
5610	-388.4848	-560.0956	171.6109	0.4638938	1.966337
5616	-371.7958	-543.2682	171.4724	0.5319223	2.013422
5622	-381.8727	-552.7662	170.8935	1.504921	1.744747
5628	-376.0036	-547.896	171.8924	0.506047	1.744747
5634	-370.9363	-542.8216	171.8853	0.162457	1.984441
5640	-372.2426	-543.7883	171.5457	0.3542494	2.082442
5646	-371.1723	-542.2886	171.1163	0.8480582	2.039904
5652	-372.3293	-543.8879	171.5586	0.4226935	2.028674
5658	-363.9037	-535.4624	171.5587	0.7461868	1.809832
5664	-375.8561	-546.5261	170.67	0.970964	2.250772
5670	-362.3973	-533.275	170.8777	0.2808997	2.555472
5676	-367.9726	-538.5874	170.6148	0.5438193	2.555472
5682	-374.648	-545.5612	170.9132	0.4426124	2.432114
5688	-372.2021	-543.1047	170.9026	0.559458	2.365002
5694	-367.9645	-540.1675	172.2029	0.2087064	1.735448
5700	-355.2952	-527.1225	171.8273	0.03030257	2.110251
5706	-361.8812	-532.6203	170.7391	0.3942066	2.571155
5712	-360.0205	-531.4868	171.4663	0.5320551	2.017381
5718	-363.0275	-533.2496	170.2221	0.2977847	2.945883
5724	-373.8425	-545.0932	171.2507	0.3416667	2.282006
5730	-378.4767	-549.9131	171.4364	0.3416667	2.162184
5736	-369.9841	-540.7384	170.7542	0.4511549	2.526331
5742	-368.0981	-539.4862	171.3881	0.5533841	2.055063
5748	-378.0169	-549.5995	171.5827	0.1562289	2.187599
5754	-371.1346	-542.9426	171.8081	0.3803869	1.889607
5760	-374.2422	-545.5292	171.287	0.8148703	1.948161
5766	-391.6108	-563.5822	171.9715	0.2067059	1.896581
5772	-368.0929	-539.6277	171.5348	0.3578597	2.087231
5778	-377.1036	-548.9729	171.8693	0.2875542	1.911008
5784	-379.8302	-550.8774	171.0472	0.3043139	2.434826
5790	-377.9088	-548.9349	171.0261	0.2441542	2.485821
5796	-373.2534	-545.1445	171.8911	0.253129	1.919571
5802	-381.2708	-552.7572	171.4863	0.573731	1.976193
5808	-377.5316	-548.607	171.0754	0.1105511	2.538462
5814	-379.6683	-551.4943	171.826	0.1180375	2.053381
5820	-369.302	-540.4748	171.1728	0.1532579	2.450834
5826	-359.9916	-530.9128	170.9212	0.4048702	2.450834
5832	-369.0525	-540.4768	171.4242	0.5824353	2.011834
5838	-365.8734	-537.8378	171.9644	0.1676363	1.927822
5844	-364.3267	-535.7227	171.3959	0.3121199	2.207562
5850	-374.2764	-545.2411	170.9647	0.1045741	2.610863
5856	-372.8299	-544.4312	171.6014	0.1342418	2.189731
5862	-370.7073	-541.4934	170.7861	0.6377762	2.389184
5868	-380.3382	-550.9164	170.5782	0.6377762	2.519712
5874	-371.6121	-543.4575	171.8454	0.4043893	1.847731
5880	-371.5382	-542.356	170.8177	0.8081097	2.26051
5886	-382.4709	-553.0166	170.5457	0.6422773	2.537185
5892	-361.8921	-533.5175	171.6254	0.2668626	2.087517
5898	-372.7891	-543.9342	171.1451	0.3393999	2.350765
5904	-357.7378	-530.0271	172.2892	0.05444118	1.782933
5910	-363.2833	-535.3974	172.1141	0.04331875	1.910682
5916	-365.668	-536.1959	170.5278	1.166335	2.216524
5922	-369.4384	-540.9272	171.4888	0.7202955	1.875576
5928	-365.6029	-537.0439	171.441	0.6040722	1.98624
5934	-368.7963	-540.6398	171.8436	0.5210211	1.768384
5940	-371.9103	-543.4904	171.5801	0.517619	1.950958
5946	-380.8198	-552.0344	171.2146	0.7016426	2.071695
5952	-391.9911	-563.4427	171.4516	0.7527149	1.878834
5958	-394.0375	-564.8982	170.8607	0.1593799	2.641192
5964	-381.2806	-553.0306	171.7501	0.5783974	1.7935
5970	-388.5523	-560.598	172.0457	0.4476521	1.677652
5976	-378.6085	-550.4783	171.8698	0.4402814	1.806226
5982	-383.0909	-554.0723	170.9814	0.2415604	2.515369
5988	-382.8721	-554.5851	171.713	0.5441596	1.842685
5994	-391.022	-561.3213	170.2993	0.5441596	2.749628
6000	-378.6651	-549.9759	171.3108	0.2847578	2.279937
6006	-370.6805	-541.8895	171.209	0.4087797	2.265721
6012	-378.9917	-549.8837	170.892	0.6921477	2.287219
6018	-372.6381	-544.2888	171.6508	0.7384359	1.751199
6024	-375.4735	-545.5224	170.0489	1.124342	2.546364
6030	-381.1751	-552.4495	171.2744	0.2834568	2.304019
6036	-388.7724	-560.231	171.4586	0.09926277	2.304019
6042	-379.0449	-550.4295	171.3847	0.06219201	2.374626
6048	-372.0816	-544.298	172.2164	0.04705561	1.838328
6054	-381.8224	-552.9069	171.0845	0.4615103	2.311614
6060	-380.3321	-551.1819	170.8498	0.5899114	2.379152
6066	-378.6925	-549.8987	171.2062	0.7988117	2.012938
6072	-359.1615	-531.2339	172.0723	0.1002541	1.900372
6078	-352.6672	-524.7156	172.0484	0.2155257	1.838013
6084	-360.9678	-529.8091	168.8413	2.307748	2.561374
6090	-358.9911	-530.5043	171.5132	1.130393	1.569074
6096	-364.0637	-534.4241	170.3603	1.130393	2.346803
6102	-379.1637	-549.2496	170.086	0.7408217	2.759842
6108	-372.196	-543.3882	171.1922	0.9474252	1.922679
6114	-375.8	-546.6514	170.8514	0.8889168	2.186693
6120	-362.7954	-534.0629	171.2675	0.2448582	2.333048
6126	-367.4599	-538.3744	170.9145	0.7838629	2.213818
6132	-364.2981	-534.8434	170.5454	1.324325	2.102318
6138	-373.2638	-543.981	170.7172	0.5616887	2.480405
6144	-378.9612	-550.2935	171.3323	0.642388	2.033057
6150	-372.3115	-543.8479	171.5364	0.2870201	2.132585
6156	-369.8905	-541.9037	172.0132	0.3937913	1.738731
6162	-357.4793	-528.4818	171.0025	0.5242473	2.323914
6168	-371.5143	-542.6391	171.1248	0.6150057	2.186989
6174	-359.2597	-530.5015	171.2418	0.199543	2.378129
6180	-363.7512	-535.3004	171.5492	0.1636095	2.204497
6186	-355.5466	-527.5444	171.9978	0.1095405	1.944459
6192	-367.647	-539.8922	172.2452	0.1458279	1.74994
6198	-376.1546	-547.7732	171.6185	0.3180644	2.058287
6204	-378.9432	-550.7453	171.8021	0.1345297	2.058287
6210	-373.5188	-545.211	171.6922	0.6730217	1.767928
6216	-369.7301	-541.4086	171.6785	0.4001396	1.963733
6222	-376.102	-547.2254	171.1234	0.7048938	2.129391
6228	-369.6471	-540.6588	171.0117	0.8166335	2.129391
6234	-388.0777	-559.8907	171.813	0.04891829	2.107442
6240	-388.5222	-560.2038	171.6816	0.07718818	2.174698
6246	-382.7024	-554.0573	171.355	0.1230426	2.35489
6252	-378.7929	-550.1592	171.3663	0.4929915	2.109128
6258	-372.8238	-544.5198	171.6959	1.000228	1.530281
6264	-361.3656	-532.9049	171.5393	1.101429	1.571224
6270	-370.9063	-541.6056	170.6993	0.3850839	2.601507
6276	-373.6618	-544.8081	171.1463	0.5049739	2.244166
6282	-370.77	-542.0128	171.2427	0.4085357	2.244166
6288	-377.7344	-548.9499	171.2156	0.4852602	2.212235
6294	-374.8518	-546.8544	172.0027	0.1266197	1.929676
6300	-377.8652	-549.1481	171.2829	0.2389728	2.326973
6306	-366.8141	-537.7219	170.9078	0.6141021	2.326973
6312	-357.4281	-528.6504	171.2224	0.3611993	2.287603
6318	-360.1961	-531.9832	171.7872	0.4619314	1.848183
6324	-362.2157	-534.0488	171.8331	0.4267278	1.840829
6330	-385.2153	-556.9311	171.7158	0.5117009	1.863012
6336	-377.9589	-549.1692	171.2103	0.4297219	2.251429
6342	-385.8001	-557.0251	171.225	1.064906	1.820133
6348	-381.7036	-552.3039	170.6003	0.2137448	2.767628
6354	-382.966	-554.1472	171.1811	0.3572922	2.316449
6360	-371.1255	-543.2678	172.1423	0.2063428	1.779484
6366	-374.0946	-545.6063	171.5117	0.2502927	2.172587
6372	-377.0045	-548.3241	171.3196	0.5359666	2.111574
6378	-375.1335	-546.6985	171.565	0.4524625	2.004644
6384	-370.4215	-541.2344	170.813	0.8040069	2.266202
6390	-368.8628	-540.3387	171.4759	0.2582359	2.190686
6396	-373.1721	-545.4304	172.2584	0.0528163	1.805453
6402	-372.0757	-543.4999	171.4242	0.610812	1.992933
6408	-373.1806	-545.3015	172.1208	0.1271365	1.84897
6414	-380.2705	-551.0557	170.7852	0.635886	2.390939
6420	-364.6435	-536.2749	171.6314	0.8949159	1.654123
6426	-367.3515	-538.8088	171.4574	0.3139287	2.166561
6432	-364.3153	-536.0215	171.7063	0.7231044	1.722976
6438	-354.0953	-525.394	171.2987	0.6502736	2.050076
6444	-370.1737	-541.0077	170.834	1.597196	1.721682
6450	-372.6828	-544.2523	171.5695	0.6449908	1.871854
6456	-355.4515	-527.1916	171.74	0.2750181	2.006242
6462	-369.3323	-540.4668	171.1345	0.6424832	2.162836
6468	-372.0902	-543.7707	171.6805	0.1559127	2.124107
6474	-369.9725	-541.5651	171.5926	0.3334432	2.06525
6480	-372.012	-542.5424	170.5304	0.7937259	2.452051
6486	-363.518	-535.1704	171.6525	0.2455817	2.083681
6492	-375.0126	-546.1416	171.129	0.1493163	2.480776
6498	-369.1235	-540.9202	171.7968	0.6026186	1.744038
6504	-363.9298	-535.4074	171.4775	0.4550138	2.060945
6510	-381.9028	-553.2238	171.3209	0.6561077	2.031524
6516	-374.7122	-546.2774	171.5652	0.4357519	2.015612
6522	-370.0221	-541.5886	171.5666	0.4168378	2.027293
6528	-374.0517	-545.573	171.5213	0.210185	2.192405
6534	-385.7782	-556.7748	170.9965	0.3592146	2.432153
6540	-390.5101	-561.7835	171.2734	0.8484981	1.934634
6546	-381.8922	-553.3542	171.4619	0.6600267	1.934634
6552	-381.5536	-553.1227	171.5692	0.5527802	1.934634
6558	-367.0151	-538.432	171.4168	0.7050847	1.934634
6564	-371.4817	-542.7781	171.2964	0.44174	2.188086
6570	-372.4572	-544.0988	171.6416	0.3667839	2.010673
6576	-370.3733	-541.4379	171.0646	0.8721329	2.058168
6582	-378.1769	-548.8742	170.6974	0.8721329	2.296613
6588	-382.4417	-553.8803	171.4386	0.5628215	2.01529
6594	-376.1574	-547.7375	171.58	0.4943003	1.966642
6600	-376.1479	-547.3343	171.1864	0.456178	2.24978
6606	-389.9807	-561.9512	171.9705	0.2857271	1.843291
6612	-373.3731	-544.6729	171.2998	0.5127477	2.139713
6618	-361.9374	-532.9369	170.9996	1.007598	2.011509
6624	-370.3569	-541.8044	171.4475	1.122706	1.622553
6630	-369.0816	-541.0586	171.977	0.761871	1.498399
6636	-364.174	-535.6264	171.4524	0.3480354	2.147601
6642	-357.5187	-529.1496	171.6309	0.09143365	2.198345
6648	-360.301	-532.312	172.0109	0.4222942	1.720256
6654	-369.8607	-541.3503	171.4896	0.2665989	2.176396
6660	-372.9202	-544.6723	171.752	0.2894392	1.988627
6666	-375.0627	-546.2292	171.1665	0.3977408	2.299983
6672	-375.3301	-546.5238	171.1938	0.8371769	1.995662
6678	-376.0525	-547.3104	171.2579	0.5154242	2.165247
6684	-379.869	-550.8344	170.9654	0.3807392	2.438208
6690	-382.9372	-554.7448	171.8076	0.6731625	1.686657
6696	-381.1066	-552.7628	171.6562	0.7569124	1.734411
6702	-384.1571	-555.2537	171.0966	1.026845	1.933596
6708	-382.6345	-554.0885	171.454	0.5736541	1.997856
6714	-383.3464	-554.5241	171.1777	0.4510315	2.258657
6720	-381.6189	-552.6166	170.9977	0.7468711	2.183942
6726	-367.1984	-538.1904	170.992	0.6576304	2.24526
6732	-373.826	-545.5207	171.6947	0.3295221	2.000146
6738	-366.097	-536.7998	170.7028	0.6026663	2.463746
6744	-373.7153	-544.3254	170.6102	0.7058365	2.457133
6750	-372.5071	-544.1962	171.6891	0.3555734	1.986457
6756	-362.244	-533.8279	171.5839	0.4873157	1.968705
6762	-363.2048	-534.9477	171.7429	0.1132251	2.111189
6768	-358.2086	-529.2386	171.03	0.2045248	2.508122
6774	-356.1067	-527.1368	171.03	0.2045248	2.508122
6780	-359.2621	-531.1348	171.8727	0.1898807	1.97454
6786	-373.2947	-543.974	170.6793	0.4780646	2.556221
6792	-375.1262	-546.5935	171.4674	0.6584893	1.93198
6798	-371.2219	-542.284	171.0621	0.4992235	2.301827
6804	-366.4851	-537.289	170.804	0.3873371	2.535102
6810	-369.2998	-540.4672	171.1675	0.3032036	2.359533
6816	-375.6062	-547.6115	172.0053	0.4812926	1.682499
6822	-374.1402	-545.5951	171.4549	0.7442621	1.882315
6828	-393.8077	-565.36	171.5523	0.5637567	1.938568
6834	-365.2967	-536.2531	170.9564	0.4779882	2.382527
6840	-382.6135	-553.7979	171.1845	0.08645847	2.485388
6846	-360.8386	-531.7681	170.9295	0.3414475	2.485388
6852	-360.1606	-531.5622	171.4016	0.5444857	2.051985
6858	-365.1585	-537.1633	172.0048	0.7930011	1.453876
6864	-362.2432	-534.0686	171.8254	0.9723576	1.453876
6870	-365.793	-537.1234	171.3304	1.34946	1.54237
6876	-364.6931	-536.013	171.32	0.7064523	1.998684
6882	-365.9904	-537.037	171.0466	0.7441342	2.153947
6888	-361.081	-532.5697	171.4886	0.2022532	2.218651
6894	-361.3175	-533.0045	171.687	0.1544748	2.120792
6900	-361.8851	-533.3191	171.434	0.5617612	2.019113
6906	-370.3895	-541.4743	171.0848	0.9974416	1.961309
6912	-367.9777	-539.0385	171.0608	0.7577715	2.13577
6918	-370.4413	-542.0895	171.6482	0.7577715	1.73947
6924	-363.7715	-535.2964	171.5249	1.259003	1.464404
6930	-377.4753	-548.3162	170.8409	1.11433	2.045954
6936	-371.8685	-543.0031	171.1345	0.8026753	2.057874
6942	-380.906	-552.9678	172.0618	0.5639854	1.58214
6948	-385.2758	-557.1284	171.8527	0.5639854	1.731939
6954	-375.7683	-547.1153	171.3471	0.6956238	1.987805
6960	-375.0833	-546.3037	171.2204	0.4132194	2.255501
6966	-372.4447	-543.4663	171.0215	0.5024743	2.325646
6972	-366.8686	-538.0683	171.1997	0.1995038	2.40479
6978	-383.4154	-554.6089	171.1935	0.2056779	2.40479
6984	-384.703	-556.0135	171.3105	0.6164462	2.064627
6990	-367.0295	-538.5197	171.4901	0.667499	1.910528
6996	-373.6592	-544.4953	170.836	0.3562064	2.534525
7002	-385.1766	-556.2928	171.1163	0.2734508	2.410755
7008	-388.3894	-559.6363	171.247	0.1427622	2.410755
7014	-385.9304	-557.3483	171.4179	0.5314194	2.049853
7020	-368.3519	-540.2125	171.8606	0.1963204	1.978298
7026	-384.7768	-556.4946	171.7177	0.3391789	1.978298
7032	-370.5367	-541.9832	171.4465	0.008049262	2.369765
7038	-381.9266	-553.7383	171.8117	0.1191051	2.062134
7044	-363.556	-534.8097	171.2536	0.5947757	2.116269
7050	-368.8371	-540.363	171.526	0.3224445	2.116269
7056	-386.0671	-557.0378	170.9707	0.5938165	2.299778
7062	-390.652	-561.4446	170.7925	1.591499	1.754802
7068	-380.7932	-552.2151	171.4219	0.3372922	2.1744
7074	-369.6008	-539.307	169.7063	1.703528	2.398072
7080	-377.7187	-548.0234	170.3047	1.105126	2.398072
7086	-365.1145	-536.8544	171.7399	0.5837637	1.79684
7092	-367.9756	-538.6879	170.7123	0.5837637	2.469645
7098	-367.1598	-537.897	170.7373	1.163603	2.081839
7104	-371.4352	-542.9486	171.5134	0.1048675	2.265403
7110	-392.8099	-563.7761	170.9662	0.7016612	2.233518
7116	-377.7917	-549.2115	171.4198	0.4441823	2.106066
7122	-375.2034	-546.8044	171.601	0.5943156	1.884915
7128	-380.9351	-552.5916	171.6565	0.5388277	1.884915
7134	-376.71	-548.0022	171.2922	0.7167083	2.010349
7140	-370.2744	-541.4683	171.1939	0.5011194	2.215988
7146	-380.8133	-548.7367	167.9234	2.079989	3.253889
7152	-369.2338	-539.5703	170.3365	0.7674572	2.589381
7158	-371.3893	-542.8496	171.4603	0.4001635	2.108354
7164	-365.6528	-536.8157	171.1629	0.06509904	2.512236
7170	-373.9496	-545.4142	171.4646	0.2898266	2.177522
7176	-381.853	-552.8602	171.0072	0.4936769	2.340374
7182	-386.6922	-557.0306	170.3383	0.6686162	2.649318
7188	-373.9106	-544.7985	170.8878	0.5350055	2.389843
7194	-367.9951	-539.5764	171.5813	0.4435677	1.999707
7200	-365.7007	-537.0841	171.3834	0.6793636	1.974374
7206	-370.0312	-541.1377	171.1065	0.858387	2.039567
7212	-372.3508	-543.7566	171.4057	1.246179	1.562988
7218	-365.9934	-537.2871	171.2937	1.358209	1.562988
7224	-366.3098	-537.7878	171.478	1.350376	1.430462
7230	-360.1092	-531.6752	171.566	0.5382632	1.946513
7236	-363.351	-534.2261	170.8751	1.657577	1.649526
7242	-365.8282	-536.6902	170.8621	1.670659	1.649526
7248	-378.3378	-548.6468	170.309	0.7155195	2.638504
7254	-380.0188	-550.2944	170.2756	1.003607	2.480183
7260	-384.4145	-555.1823	170.7678	0.4737774	2.503746
7266	-395.4302	-566.8745	171.4443	0.3499452	2.151603
7272	-373.3947	-544.4444	171.0497	0.5943333	2.248804
7278	-372.3482	-543.6157	171.2675	0.1943794	2.365133
7284	-376.3555	-547.6081	171.2525	0.4478188	2.212533
7290	-376.7973	-548.7015	171.9042	0.03988154	2.053302
7296	-376.1304	-547.6297	171.4993	0.8156413	1.802857
7302	-380.856	-552.6305	171.7745	1.130405	1.370918
7308	-364.2278	-535.2766	171.0488	1.339676	1.751663
7314	-383.5972	-554.5402	170.943	0.8791223	2.133483
7320	-376.2194	-547.7969	171.5775	0.2911535	2.103008
7326	-365.7721	-537.2374	171.4653	0.6038863	1.970082
7332	-358.2739	-529.5804	171.3064	0.260258	2.298396
7338	-366.9842	-538.6025	171.6183	0.5391503	1.910654
7344	-372.01	-543.4421	171.4321	0.7253578	1.910654
7350	-374.6345	-545.6236	170.9891	0.5305223	2.328419
7356	-393.1651	-564.1029	170.9378	0.5446348	2.352075
7362	-373.9313	-544.9619	171.0306	1.119612	1.915527
7368	-376.8679	-547.1394	170.2715	1.886022	1.910572
7374	-374.0076	-544.2791	170.2715	1.886022	1.910572
7380	-373.6359	-545.1599	171.524	0.6335273	1.910572
7386	-373.9573	-545.4738	171.5165	0.6758363	1.886923
7392	-380.7876	-550.9956	170.208	1.128799	2.444094
7398	-373.6588	-543.4833	169.8245	1.922028	2.182649
7404	-359.7333	-530.7615	171.0282	0.7183338	2.182649
7410	-371.1979	-542.7853	171.5874	0.2762499	2.106287
7416	-376.5966	-547.3412	170.7446	0.1625223	2.710679
7422	-374.4089	-545.7038	171.2949	0.2545931	2.30936
7428	-366.9816	-538.1605	171.1789	0.3706507	2.30936
7434	-377.1008	-547.5905	170.4896	1.58484	1.966549
7440	-364.6359	-535.5531	170.9172	1.58484	1.671447
7446	-355.9751	-527.6242	171.6491	1.326728	1.314439
7452	-379.8981	-551.3374	171.4393	0.7263485	1.905098
7458	-379.82	-551.2815	171.4615	0.7263485	1.889984
7464	-367.6209	-538.947	171.3261	0.3765551	2.211027
7470	-372.8782	-543.97	171.0917	0.5217649	2.268445
7476	-379.8636	-550.6477	170.7842	0.1455553	2.696822
7482	-374.0699	-544.9028	170.8329	0.09685059	2.696822
7488	-378.8281	-549.3623	170.5342	0.6005472	2.57025
7494	-373.4222	-543.973	170.5508	0.6709457	2.516122
7500	-367.4768	-538.5066	171.0298	0.8664916	2.084825
7506	-362.6355	-534.0198	171.3843	0.5440887	2.063725
7512	-368.4107	-539.9091	171.4984	1.208972	1.52194
7518	-375.6409	-547.0326	171.3917	1.208972	1.600423
7524	-374.2498	-545.853	171.6033	0.8775085	1.686622
7530	-363.6006	-534.8655	171.2649	0.07132101	2.444462
7536	-376.0542	-546.3186	170.2644	0.938763	2.527726
7542	-381.3018	-552.4701	171.1683	0.3500036	2.329259
7548	-378.8238	-550.0898	171.2661	0.1564075	2.39006
7554	-383.1865	-553.9112	170.7248	1.13788	2.10694
7560	-379.3706	-550.657	171.2864	0.5762306	2.10694
7566	-385.4023	-556.8471	171.4448	0.1894333	2.255114
7572	-376.9516	-546.7469	169.7952	1.165349	2.677858
7578	-374.8826	-545.3247	170.4422	1.333596	2.163661
7584	-369.8211	-541.5508	171.7297	0.1739963	2.079957
7590	-377.8358	-548.4902	170.6544	0.3269994	2.665069
7596	-369.6835	-541.0747	171.3912	0.01377354	2.401131
7602	-379.1143	-550.5621	171.4479	0.0007122213	2.37353
7608	-373.1765	-544.6242	171.4477	0.0008764106	2.37353
7614	-375.7892	-547.2596	171.4704	0.0008139001	2.359192
7620	-384.3372	-555.361	171.0238	0.5594531	2.287841
7626	-393.2186	-563.597	170.3784	0.6073276	2.662396
7632	-379.7333	-551.118	171.3847	0.8273696	1.873494
7638	-363.1474	-534.1839	171.0365	1.192132	1.862188
7644	-372.1183	-543.9935	171.8752	0.3534214	1.862188
7650	-384.5962	-556.313	171.7168	0.01234951	2.193927
7656	-381.1796	-553.3731	172.1935	0.00141194	1.885234
7662	-386.0018	-557.4371	171.4352	0.07285593	2.335767
7668	-392.4635	-563.3442	170.8807	0.1884179	2.610947
7674	-392.6717	-564.0276	171.3559	0.4880228	2.119181
7680	-384.4307	-556.4001	171.9693	0.1606718	1.929205
7686	-383.545	-555.9948	172.4498	0.02458991	1.691136
7692	-378.3138	-549.4708	171.1569	0.4571861	2.268038
7698	-365.7685	-537.2089	171.4404	0.175933	2.266641
7704	-364.1643	-535.6867	171.5225	0.6469178	1.902532
7710	-391.437	-562.342	170.905	0.4376048	2.44043
7716	-384.2212	-555.8769	171.6558	0.4376048	1.953862
7722	-382.7857	-554.0889	171.3032	0.4251113	2.194478
7728	-374.0588	-546.1006	172.0418	0.3645254	1.739169
7734	-371.1667	-542.9413	171.7746	0.6393855	1.733839
7740	-382.7331	-554.4291	171.696	0.4875869	1.892923
7746	-374.4204	-545.4065	170.9861	0.7585761	2.183854
7752	-351.5575	-523.3411	171.7836	0.7313908	1.662193
7758	-371.0908	-542.732	171.6411	0.4464478	1.957754
7764	-375.2099	-546.3701	171.1601	0.4390833	2.277613
7770	-382.7257	-553.8435	171.1178	0.117043	2.507961
7776	-381.0728	-552.106	171.0332	0.6551633	2.220301
7782	-375.3771	-545.5518	170.1746	1.846647	2.002097
7788	-378.3487	-549.2581	170.9094	1.846647	1.485521
7794	-383.6657	-554.4906	170.825	1.035828	2.108147
7800	-378.8415	-550.2903	171.4487	0.8516657	1.812901
7806	-374.6587	-545.7312	171.0725	0.6061063	2.226543
7812	-379.9792	-550.7704	170.7912	0.3627043	2.558397
7818	-371.1109	-541.6108	170.4999	1.328886	2.129105
7824	-365.3437	-536.9613	171.6176	0.414823	1.994667
7830	-391.9746	-563.0378	171.0632	0.1299446	2.533936
7836	-379.9816	-551.4156	171.434	0.2709257	2.209552
7842	-364.2128	-536.1854	171.9726	0.2889817	1.839656
7848	-359.6313	-530.4759	170.8446	0.7526153	2.278857
7854	-367.6524	-539.0705	171.4181	0.6481817	1.972015
7860	-357.182	-528.7711	171.5891	0.536483	1.93219
7866	-355.3843	-527.0791	171.6948	0.5491091	1.85176
7872	-367.7873	-539.1988	171.4115	0.2684635	2.225698
7878	-370.2002	-541.2461	171.0459	0.4754171	2.327333
7884	-377.3313	-549.3302	171.9989	0.03790958	1.991718
7890	-379.9607	-551.0381	171.0774	0.4889382	2.298655
7896	-375.1583	-546.4514	171.2932	0.3045452	2.278562
7902	-374.4497	-546.2777	171.828	0.9397803	1.476614
7908	-374.9455	-546.5833	171.6378	0.9470257	1.611984
7914	-377.41	-549.0988	171.6888	0.5802212	1.834511
7920	-381.3375	-552.5018	171.1643	0.4385068	2.275322
7926	-374.0615	-544.928	170.8665	1.153117	2.003233
7932	-371.7861	-542.8649	171.0788	0.2573941	2.444463
7938	-383.4527	-554.8349	171.3823	0.0502908	2.383695
7944	-371.8974	-543.1533	171.2559	0.737002	2.020958
7950	-374.583	-546.1593	171.5764	0.8212657	1.745275
7956	-378.786	-548.5757	169.7897	0.6050914	3.021071
7962	-381.5556	-553.0261	171.4704	0.6050914	1.965839
7968	-376.9231	-548.5758	171.6527	0.2974182	2.04933
7974	-364.3526	-535.5773	171.2247	0.4064688	2.257122
7980	-367.4234	-538.6481	171.2247	0.4064688	2.257122
7986	-384.5606	-555.5396	170.979	0.2823022	2.491391
7992	-382.8351	-553.4539	170.6188	0.5297162	2.561713
7998	-371.3234	-542.6189	171.2956	1.001936	1.814915
8004	-367.951	-538.3742	170.4232	1.943302	1.767065
8010	-378.6575	-550.4942	171.8367	0.392829	1.861593
8016	-383.256	-555.0039	171.7479	0.08186546	2.128483
8022	-391.3857	-562.7599	171.3742	1.040698	1.733179
8028	-382.7409	-553.7149	170.974	0.7089461	2.223775
8034	-368.9075	-539.915	171.0075	0.5198054	2.323547
8040	-371.6168	-543.0646	171.4478	0.07950238	2.323547
8046	-385.5902	-557.474	171.8838	0.07456529	2.043904
8052	-370.9841	-542.0397	171.0555	0.3718926	2.386941
8058	-365.9783	-537.6361	171.6578	0.3347152	2.02122
8064	-363.2111	-535.1468	171.9357	0.08136731	2.004913
8070	-369.8476	-541.8317	171.9841	0.1951352	1.895886
8076	-375.1511	-546.5119	171.3608	1.062519	1.727238
8082	-373.7977	-544.3168	170.5191	0.7164007	2.507554
8088	-366.2139	-537.9583	171.7445	0.2361449	2.029141
8094	-365.7608	-537.3519	171.5911	0.1527298	2.184408
8100	-366.5155	-538.4807	171.9653	0.2580959	1.865813
8106	-366.8739	-537.985	171.1111	0.6585269	2.167646
8112	-364.881	-536.3217	171.4407	0.7194391	1.90881
8118	-361.6054	-533.3659	171.7605	0.7194391	1.687214
8124	-367.3812	-539.1608	171.7796	0.04718745	2.130402
8130	-384.9888	-556.0083	171.0195	0.03714343	2.618661
8136	-379.2728	-550.6952	171.4224	0.02738927	2.372806
8142	-380.9912	-551.8598	170.8686	0.3702572	2.505446
8148	-381.3338	-551.452	170.1182	0.6532485	2.793584
8154	-383.6629	-553.7602	170.0973	0.7989633	2.717309
8160	-393.0769	-564.0317	170.9548	0.6898613	2.248411
8166	-371.5064	-543.6241	172.1177	0.2671299	1.75423
8172	-360.2094	-532.1447	171.9353	0.2057033	1.92174
8178	-383.8694	-554.2973	170.4279	1.151954	2.290017
8184	-372.8481	-543.276	170.4279	1.151954	2.290017
8190	-375.8958	-546.8303	170.9344	1.023418	2.044217
8196	-373.3169	-544.3177	171.0008	0.2266759	2.512555
8202	-370.3188	-541.1953	170.8765	0.440636	2.456414
8208	-375.9788	-546.7688	170.79	1.379503	1.902447
8214	-365.7176	-537.164	171.4464	0.1422384	2.284371
8220	-376.606	-547.9988	171.3927	0.3356294	2.194408
8226	-367.0772	-538.9399	171.8626	0.4914148	1.775712
8232	-380.7928	-553.0217	172.2288	0.1605824	1.751034
8238	-366.3557	-537.6248	171.269	0.2282034	2.34266
8244	-371.6819	-542.1857	170.5039	0.9933844	2.34266
8250	-382.9042	-554.4045	171.5003	0.783883	1.824112
8256	-371.7382	-543.6436	171.9054	0.3148807	1.867904
8262	-378.5358	-549.844	171.3082	0.2160047	2.325525
8268	-384.4843	-555.85	171.3657	0.1584987	2.325525
8274	-389.5746	-560.5427	170.9681	0.3976144	2.425857
8280	-379.6689	-550.9679	171.2991	0.3671483	2.234554
8286	-374.9451	-547.0816	172.1366	0.05110771	1.890135
8292	-381.1801	-552.5624	171.3823	1.164747	1.63922
8298	-374.0622	-545.2403	171.1781	0.3216942	2.341012
8304	-364.4894	-536.1945	171.7051	0.03683016	2.185607
8310	-369.7126	-540.8555	171.1428	0.4532868	2.279594
8316	-370.8348	-542.0949	171.2601	0.3360147	2.279594
8322	-373.2087	-544.5292	171.3205	0.2756309	2.279594
8328	-372.3686	-543.7529	171.3843	0.4070133	2.153522
8334	-368.9732	-540.2489	171.2758	1.009119	1.823614
8340	-374.9356	-545.9435	171.0079	0.3528336	2.429014
8346	-378.3923	-550.2271	171.8348	0.2983917	1.927024
8352	-377.7114	-548.7215	171.0101	1.177257	1.890325
8358	-375.6721	-547.1859	171.5138	1.408635	1.35711
8364	-375.7516	-547.0245	171.2729	1.134393	1.73853
8370	-384.769	-556.9459	172.1769	0.886667	1.242377
8376	-375.3883	-547.1575	171.7692	1.29434	1.242377
8382	-371.4881	-542.6735	171.1854	0.35943	2.312373
8388	-381.456	-552.1284	170.6724	1.464975	1.92418
8394	-381.4205	-551.7928	170.3723	1.189625	2.301462
8400	-381.6418	-552.2979	170.6561	0.3433416	2.653956
8406	-371.3539	-542.4119	171.058	1.137403	1.884884
8412	-389.8467	-560.294	170.4473	0.7922415	2.505009
8418	-377.3074	-548.5989	171.2915	0.3589514	2.244683
8424	-371.0162	-543.4154	172.3991	0.07513383	1.69125
8430	-381.6767	-553.0941	171.4174	0.7260843	1.920097
8436	-371.805	-543.5782	171.7733	0.5227886	1.815917
8442	-383.0267	-554.5058	171.479	0.964776	1.7128
8448	-377.2797	-548.2958	171.0161	1.172248	1.889656
8454	-368.3998	-539.7925	171.3927	0.1234869	2.330583
8460	-382.9164	-554.1868	171.2705	0.1658844	2.38129
8466	-375.9166	-547.8377	171.9211	0.01606168	2.057911
8472	-366.8703	-538.438	171.5677	0.06109547	2.258626
8478	-375.1337	-546.4189	171.2852	0.07103773	2.43184
8484	-366.8271	-538.4461	171.619	0.175619	2.151356
8490	-370.9336	-542.7666	171.833	0.1939982	1.998316
8496	-362.477	-534.2706	171.7936	0.2333151	1.998316
8502	-380.4187	-550.9252	170.5065	0.8399329	2.438015
8508	-387.2524	-558.7033	171.4509	0.5691612	2.00288
8514	-387.8998	-559.593	171.6932	0.3534527	1.985154
8520	-384.3662	-556.4402	172.074	0.3534527	1.724362
8526	-370.1499	-541.8679	171.7179	0.1219917	2.121804
8532	-365.6913	-537.1973	171.5061	0.1811179	2.221034
8538	-357.0162	-527.9823	170.9661	0.9391839	2.078908
8544	-369.6658	-541.0754	171.4096	0.3052382	2.203194
8550	-366.3118	-537.5398	171.228	0.943269	1.901277
8556	-364.5784	-536.0553	171.4768	0.6944147	1.901277
8562	-367.3895	-536.9332	169.5437	1.693783	2.506329
8568	-362.5523	-534.0155	171.4632	0.4638011	2.064593
8574	-364.9454	-536.5155	171.5701	0.3569209	2.064593
8580	-359.3491	-530.2922	170.9431	0.3082889	2.497638
8586	-367.2289	-538.2689	171.04	0.7189055	2.174643
8592	-366.2285	-537.678	171.4496	0.5304859	2.029506
8598	-369.6465	-541.838	172.1915	0.1998593	1.749686
8604	-377.4666	-549.8081	172.3415	0.04984204	1.749686
8610	-377.9653	-549.4977	171.5324	0.02427627	2.304798
8616	-376.9299	-548.1346	171.2047	0.4844489	2.219739
8622	-369.6371	-540.9395	171.3024	0.4844489	2.156424
8628	-364.6618	-536.5556	171.8939	0.4705992	1.768462
8634	-356.2467	-528.1716	171.9248	0.7021102	1.581282
8640	-364.1539	-535.4452	171.2912	0.7127237	2.013624
8646	-364.324	-535.4144	171.0905	0.6007965	2.218403
8652	-358.8829	-529.9281	171.0451	0.1750426	2.517109
8658	-371.7588	-543.1566	171.3978	0.1194398	2.329948
8664	-373.3785	-544.4046	171.0261	0.5591334	2.286534
8670	-360.9969	-533.0831	172.0862	0.5591334	1.567812
8676	-367.0508	-537.4919	170.4411	0.6233821	2.613793
8682	-373.0903	-543.5005	170.4102	0.5373653	2.685869
8688	-386.0991	-557.328	171.2289	0.3221347	2.308411
8694	-378.8073	-550.2236	171.4163	0.5079452	2.066455
8700	-376.1121	-547.6293	171.5173	0.1921161	2.206681
