Iteration	Posterior	Likelihood	Prior	gain_loss_ratio	tree_length
0	-367.4045	-527.3692	159.9648	1.438489	8.051898
6	-366.5453	-528.3752	161.8299	1.896039	6.82967
12	-358.1803	-520.7981	162.6178	1.793642	6.451981
18	-366.4398	-528.6534	162.2136	2.274206	6.451981
24	-354.1079	-515.9353	161.8274	1.962651	6.800114
30	-350.2834	-512.1757	161.8923	1.435743	7.020899
36	-344.7137	-508.6603	163.9466	1.469053	5.890217
42	-358.1225	-521.7002	163.5777	1.60041	6.024831
48	-362.6462	-524.9398	162.2936	1.292196	6.879036
54	-355.1301	-516.6307	161.5006	1.477603	7.210286
60	-368.835	-528.9494	160.1144	1.294396	8.045867
66	-358.4548	-520.3939	161.9391	1.294396	7.068788
72	-365.9806	-525.9517	159.9711	1.590216	7.972929
78	-363.9172	-525.5497	161.6325	1.685998	7.03604
84	-360.4997	-521.2063	160.7066	1.151689	7.804623
90	-347.3314	-509.1218	161.7904	1.620761	6.982964
96	-354.3519	-517.3806	163.0287	1.292768	6.481392
102	-355.5861	-519.8165	164.2304	1.602136	5.667098
108	-356.5592	-519.4532	162.894	1.047831	6.68522
114	-359.3604	-519.9421	160.5817	1.322292	7.782025
120	-357.2352	-517.9174	160.6822	1.219279	7.782025
126	-365.3393	-528.4648	163.1255	1.859911	6.144666
132	-360.2131	-521.4852	161.2721	1.472203	7.335739
138	-347.1683	-509.4456	162.2774	1.247676	6.911166
144	-350.7599	-516.3717	165.6119	1.467897	4.973559
150	-358.8638	-523.5593	164.6955	1.547293	5.439349
156	-359.4738	-523.9012	164.4274	1.673317	5.52328
162	-347.1744	-512.0075	164.8331	1.247931	5.520875
168	-353.8583	-516.7558	162.8976	1.48132	6.454721
174	-353.7686	-515.0716	161.303	1.48132	7.31452
180	-357.4327	-520.3795	162.9468	1.50703	6.414958
186	-364.1459	-527.3338	163.1879	1.28615	6.398625
192	-356.7166	-520.147	163.4305	1.28615	6.266907
198	-348.398	-510.2809	161.8828	1.405717	7.041388
204	-354.0684	-516.6108	162.5425	1.339117	6.720174
210	-356.0001	-518.1399	162.1398	1.272324	6.972312
216	-358.3399	-522.282	163.9422	1.765398	5.744244
222	-340.5815	-504.0691	163.4876	1.599006	6.074672
228	-343.0536	-506.4398	163.3862	1.710584	6.074672
234	-364.6854	-527.9089	163.2236	1.014139	6.525148
240	-360.4543	-522.2703	161.816	1.506327	7.026201
246	-361.746	-523.1917	161.4457	1.327873	7.3165
252	-360.2695	-521.6538	161.3843	1.381983	7.321507
258	-357.1855	-518.0433	160.8579	1.51767	7.534917
264	-359.1881	-521.0975	161.9094	1.56017	6.948899
270	-356.0485	-517.5184	161.4699	1.56017	7.185394
276	-340.2968	-503.5515	163.2547	1.197561	6.409442
282	-356.4762	-519.6072	163.131	1.426253	6.356369
288	-349.2687	-511.8732	162.6045	1.270185	6.722775
294	-363.7683	-525.8375	162.0692	1.286579	7.002846
300	-350.0794	-514.2822	164.2028	2.003586	5.487836
306	-358.9926	-520.431	161.4384	1.569222	7.197823
312	-360.9229	-523.9809	163.058	1.581817	6.316906
318	-349.924	-512.0936	162.1696	1.60682	6.785385
324	-355.746	-514.8503	159.1043	1.3534	8.55298
330	-365.0635	-525.4651	160.4015	1.079395	8.005837
336	-346.4522	-509.751	163.2988	1.525104	6.214643
342	-361.9898	-523.9652	161.9753	1.999105	6.703505
348	-348.1445	-511.469	163.3245	1.557567	6.184287
354	-347.0798	-510.0793	162.9995	1.093723	6.60342
360	-348.5047	-511.882	163.3774	1.072335	6.410311
366	-349.6118	-511.5784	161.9666	0.8971995	7.265778
372	-351.831	-516.4346	164.6036	0.9102257	5.83076
378	-357.6471	-516.7007	159.0536	1.470648	8.520571
384	-378.8537	-538.3072	159.4536	1.344673	8.37183
390	-373.6547	-533.7241	160.0694	1.572759	7.929043
396	-364.8765	-525.5778	160.7013	1.240511	7.760689
402	-364.3547	-527.3555	163.0007	1.729676	6.275072
408	-373.5723	-534.0434	160.4712	1.589491	7.706201
414	-379.3899	-541.6428	162.253	1.524743	6.78137
420	-369.8056	-531.2261	161.4205	1.288838	7.350354
426	-366.635	-527.9395	161.3045	1.283723	7.415213
432	-361.7888	-521.1307	159.3419	1.178744	8.517286
438	-367.8459	-528.4111	160.5652	2.437471	7.271635
444	-361.806	-525.7214	163.9154	1.821567	5.731722
450	-367.5205	-531.302	163.7815	1.976469	5.731722
456	-367.2657	-530.5165	163.2508	2.642899	5.731722
462	-365.5562	-528.009	162.4528	2.00057	6.444469
468	-359.0398	-521.7198	162.68	1.813765	6.408678
474	-361.8799	-523.5717	161.6917	1.302882	7.197372
480	-359.9166	-521.6547	161.7381	1.395688	7.124409
486	-366.5831	-528.9417	162.3586	0.8845394	7.061789
492	-358.2172	-519.4177	161.2005	1.181525	7.524661
498	-369.157	-532.0652	162.9082	2.163168	6.123548
504	-370.5723	-533.3312	162.7589	1.51365	6.513446
510	-377.2723	-538.3954	161.1231	1.289694	7.509288
516	-397.1362	-556.2428	159.1066	1.226065	8.617471
522	-381.5926	-540.7644	159.1718	1.202598	8.5951
528	-370.8534	-530.0418	159.1884	1.353639	8.508172
534	-374.5601	-535.7587	161.1986	1.47971	7.371352
540	-367.7335	-528.7212	160.9877	1.207392	7.624917
546	-367.6944	-528.1952	160.5008	1.724181	7.624917
552	-365.9094	-528.3077	162.3983	1.309104	6.8137
558	-366.739	-527.2656	160.5266	1.294548	7.825867
564	-379.1678	-539.2336	160.0658	1.564722	7.93492
570	-369.6543	-530.833	161.1787	0.9336543	7.668552
576	-378.065	-538.8	160.7351	1.416076	7.651917
582	-381.9669	-545.6427	163.6758	1.084116	6.241904
588	-351.6879	-512.8067	161.1188	0.9534961	7.689955
594	-353.0262	-515.0753	162.0491	1.591801	6.857882
600	-352.6262	-515.5727	162.9465	1.068415	6.645735
606	-352.4736	-515.1549	162.6813	1.454045	6.585769
612	-355.451	-516.4131	160.9621	1.632908	7.42208
618	-367.2	-528.9186	161.7186	1.627441	7.018332
624	-350.1897	-512.5494	162.3597	1.259886	6.860357
630	-361.5078	-521.7892	160.2813	1.264454	7.972428
636	-358.9358	-522.2514	163.3155	1.741784	6.097938
642	-366.0637	-529.5637	163.5	2.19412	5.786678
648	-368.9294	-531.3161	162.3867	1.873282	6.539381
654	-365.7454	-527.6023	161.857	1.679154	6.918491
660	-370.3498	-533.0991	162.7493	1.261427	6.649181
666	-374.178	-535.7466	161.5686	1.031683	7.407275
672	-365.2686	-526.5993	161.3308	1.416738	7.332414
678	-344.2885	-507.4883	163.1998	1.403155	6.330945
684	-347.0737	-510.9592	163.8856	1.578252	5.867925
690	-358.7967	-523.0023	164.2056	1.242187	5.867925
696	-358.2436	-521.3324	163.0888	1.41279	6.386198
702	-356.3839	-518.6977	162.3139	1.612589	6.704635
708	-363.8727	-526.5368	162.6641	1.038876	6.814171
714	-354.9198	-516.2742	161.3543	1.503479	7.27582
720	-371.5869	-533.0355	161.4486	1.403706	7.27582
726	-370.2929	-534.504	164.2111	1.538564	5.709868
732	-370.0494	-531.9013	161.8519	1.899452	6.816186
738	-365.3754	-527.5434	162.168	1.618734	6.780381
744	-350.305	-512.3975	162.0925	1.414152	6.924137
750	-347.7247	-510.8594	163.1347	1.366764	6.385197
756	-350.0827	-510.6514	160.5688	1.338235	7.780714
762	-355.4647	-517.9049	162.4402	1.573858	6.655619
768	-366.5149	-529.698	163.183	1.266906	6.41142
774	-364.8474	-523.852	159.0046	1.875771	8.351656
780	-360.636	-523.1446	162.5085	1.272505	6.773391
786	-350.2639	-514.1124	163.8484	1.390272	5.984661
792	-354.7353	-517.6926	162.9572	1.422268	6.45265
798	-358.9081	-522.2483	163.3402	1.422268	6.24482
804	-359.2615	-521.5409	162.2794	1.606115	6.726456
810	-360.8101	-524.9371	164.127	1.439171	5.807039
816	-357.4675	-518.475	161.0075	1.31295	7.559129
822	-363.7614	-527.2156	163.4542	1.394038	6.197451
828	-355.3638	-515.9979	160.6341	1.627664	7.600301
834	-350.8981	-513.3719	162.4738	1.659044	6.595279
840	-354.4381	-516.4211	161.983	1.212842	7.088074
846	-357.2285	-520.5649	163.3365	0.9826483	6.481054
852	-369.7798	-533.2644	163.4847	1.444457	6.15477
858	-356.2719	-518.6406	162.3688	1.181727	6.896859
864	-368.3684	-529.3089	160.9405	1.160553	7.674904
870	-368.4739	-530.1517	161.6778	1.369818	7.170127
876	-361.7193	-522.3258	160.6065	1.689197	7.585207
882	-360.3113	-520.9458	160.6345	1.689197	7.570199
888	-365.42	-525.54	160.12	1.292659	8.043792
894	-361.0033	-522.9397	161.9364	1.48584	6.971717
900	-348.8455	-511.962	163.1164	1.340804	6.408645
906	-357.6975	-520.8139	163.1164	1.340804	6.408645
912	-366.4219	-527.8569	161.4349	1.732236	7.119985
918	-365.6475	-526.9515	161.304	1.379052	7.366098
924	-352.1479	-515.3714	163.2234	1.546368	6.244881
930	-356.1357	-519.2373	163.1016	1.947106	6.116694
936	-359.4066	-522.2798	162.8733	1.424688	6.496904
942	-360.899	-522.0939	161.1949	1.859913	7.188446
948	-364.402	-525.6545	161.2526	1.490827	7.336812
954	-376.9113	-536.2702	159.3589	1.686974	8.252126
960	-354.2804	-516.7364	162.456	1.507363	6.680486
966	-358.5706	-521.1486	162.5781	1.424873	6.656556
972	-358.9208	-521.4192	162.4984	1.509371	6.656556
978	-360.7452	-521.1094	160.3642	1.620614	7.74813
984	-369.2444	-531.4825	162.2381	1.620614	6.741593
990	-363.776	-525.9304	162.1543	1.499841	6.847163
996	-357.9603	-519.6661	161.7058	1.829194	6.927936
1002	-362.6527	-526.5562	163.9035	2.061715	5.625415
1008	-361.3516	-521.5988	160.2472	2.061715	7.604296
1014	-359.5094	-522.367	162.8576	1.842872	6.298442
1020	-364.3383	-525.8335	161.4952	1.61136	7.146415
1026	-381.438	-541.6068	160.1688	1.72462	7.802225
1032	-372.4465	-533.9806	161.5341	1.633891	7.114438
1038	-357.3088	-519.8318	162.523	1.869497	6.467345
1044	-353.2896	-516.939	163.6494	1.427187	6.073989
1050	-351.1526	-514.9695	163.8169	1.253501	6.073989
1056	-349.5276	-511.4444	161.9167	1.372156	7.040417
1062	-356.0338	-518.3761	162.3423	1.330865	6.83251
1068	-349.5113	-512.3686	162.8572	1.147506	6.651442
1074	-353.7401	-516.4796	162.7396	1.482736	6.53959
1080	-346.1464	-508.4067	162.2602	1.465814	6.807282
1086	-362.0379	-525.7253	163.6874	1.465814	6.03337
1092	-371.5175	-534.0079	162.4904	1.120046	6.864217
1098	-363.7115	-528.3372	164.6257	1.07765	5.727157
1104	-353.7705	-518.4905	164.72	1.426254	5.488449
1110	-355.2683	-516.9967	161.7284	1.3978	7.128544
1116	-364.9268	-526.629	161.7022	1.165567	7.264074
1122	-347.0071	-511.4097	164.4026	1.565282	5.591229
1128	-346.7619	-510.4512	163.6893	1.431923	6.049789
1134	-351.2659	-516.4941	165.2282	1.592593	5.122013
1140	-351.7221	-514.249	162.5269	1.922363	6.440478
1146	-354.2503	-518.1268	163.8765	1.737576	5.793764
1152	-366.9226	-529.5481	162.6255	1.737576	6.4748
1158	-352.6896	-515.8366	163.147	1.363712	6.380097
1164	-349.8015	-513.2272	163.4257	1.079689	6.380097
1170	-352.9598	-515.8396	162.8798	1.0072	6.71483
1176	-350.4549	-509.5878	159.1329	1.349397	8.539832
1182	-348.3613	-512.0065	163.6452	1.440738	6.069287
1188	-358.5133	-519.5714	161.058	1.6461	7.364153
1194	-360.0297	-522.5774	162.5477	1.862166	6.457449
1200	-370.0266	-529.1883	159.1617	1.374047	8.51191
1206	-356.4853	-518.1351	161.6498	1.636383	7.050952
1212	-359.5575	-520.1382	160.5807	1.803879	7.544235
1218	-359.6281	-520.2448	160.6166	1.303247	7.773224
1224	-353.5442	-515.3248	161.7806	1.303247	7.149397
1230	-357.0428	-520.0167	162.9739	1.340404	6.486118
1236	-350.2933	-512.716	162.4228	1.026996	6.950713
1242	-368.6818	-529.8604	161.1786	1.292644	7.47804
1248	-371.7629	-534.6883	162.9254	1.60723	6.376197
1254	-361.8543	-525.535	163.6807	1.308868	6.118798
1260	-361.3664	-523.7628	162.3964	1.907153	6.51828
1266	-368.9205	-530.9867	162.0662	1.138722	7.082736
1272	-344.1417	-506.4728	162.3311	1.970716	6.524095
1278	-353.2353	-513.92	160.6847	1.562173	7.605447
1284	-352.7691	-514.0287	161.2597	1.51248	7.322123
1290	-345.1929	-507.5841	162.3912	1.188925	6.880938
1296	-338.4931	-500.3247	161.8316	1.408877	7.06732
1302	-339.4596	-501.457	161.9974	1.463708	6.950101
1308	-352.4787	-514.5849	162.1062	1.349518	6.950101
1314	-338.5186	-501.4362	162.9175	1.008662	6.693665
1320	-348.048	-512.8038	164.7558	0.872173	5.768166
1326	-345.0422	-508.6807	163.6385	0.8325388	6.398184
1332	-343.2822	-507.2157	163.9335	1.344366	5.96229
1338	-348.0681	-510.9134	162.8453	1.444392	6.501927
1344	-346.2678	-509.3247	163.0569	1.235172	6.496587
1350	-348.7155	-510.2042	161.4887	1.252623	7.332677
1356	-347.4008	-510.306	162.9052	1.252623	6.569462
1362	-348.8614	-511.1012	162.2398	1.121832	6.998326
1368	-361.6762	-521.5348	159.8586	1.304696	8.176849
1374	-377.9731	-539.0861	161.1131	1.398429	7.458515
1380	-366.3374	-528.259	161.9216	1.148378	7.155355
1386	-367.7055	-529.1754	161.4698	1.620934	7.155355
1392	-360.1191	-519.9956	159.8765	1.412124	8.112271
1398	-361.5935	-521.2221	159.6286	1.679076	8.112271
1404	-374.4375	-535.2606	160.823	1.537233	7.543797
1410	-383.3916	-543.4648	160.0733	1.910601	7.765919
1416	-370.0166	-533.0789	163.0623	1.674524	6.268568
1422	-360.1921	-522.0046	161.8125	1.520192	7.021121
1428	-363.9237	-527.2527	163.329	1.877839	6.025315
1434	-347.8984	-507.9632	160.0648	1.731697	7.854384
1440	-351.4134	-513.4712	162.0578	1.283029	7.010877
1446	-347.48	-508.9243	161.4443	1.953464	7.010877
1452	-364.2732	-527.7908	163.5176	1.445661	6.136219
1458	-351.9076	-514.3815	162.4739	1.598396	6.62517
1464	-355.8187	-517.7474	161.9287	1.595348	6.920997
1470	-353.2784	-514.6347	161.3563	1.317733	7.369706
1476	-350.4947	-511.3928	160.8981	1.634336	7.455678
1482	-349.771	-513.2399	163.4689	1.533074	6.118062
1488	-345.9201	-507.456	161.5359	1.84934	7.009954
1494	-346.4001	-509.5004	163.1003	1.84934	6.163427
1500	-348.0445	-511.4417	163.3972	1.827787	6.011986
1506	-353.2889	-514.8753	161.5864	1.877156	6.969732
1512	-362.4896	-524.4225	161.9329	1.451936	6.990829
1518	-368.9389	-530.2006	161.2617	1.451936	7.351542
1524	-352.8027	-516.2115	163.4088	1.538541	6.148031
1530	-356.5198	-518.2924	161.7726	1.329866	7.13985
1536	-360.8061	-523.5308	162.7247	1.854005	6.365302
1542	-369.9184	-532.4248	162.5064	1.854005	6.483646
1548	-364.0886	-526.7775	162.6889	2.145705	6.250625
1554	-354.4386	-517.8676	163.429	1.171413	6.328882
1560	-360.7328	-524.2505	163.5178	1.082025	6.328882
1566	-357.701	-519.9965	162.2956	1.349317	6.84814
1572	-352.7117	-516.8053	164.0936	1.287215	5.905128
1578	-335.98	-497.7622	161.7822	1.164491	7.221654
1584	-342.9989	-503.6415	160.6426	1.164491	7.832055
1590	-368.2165	-529.7775	161.561	1.332694	7.252069
1596	-364.9652	-525.0909	160.1258	1.134784	8.123449
1602	-371.2646	-531.3558	160.0912	1.09359	8.163685
1608	-375.3186	-535.3598	160.0412	1.365093	8.04847
1614	-364.4915	-526.3392	161.8477	1.837991	6.847266
1620	-368.5802	-530.5796	161.9993	1.667821	6.847266
1626	-361.242	-524.8104	163.5684	2.10915	5.787453
1632	-359.9854	-524.0723	164.087	1.519784	5.787453
1638	-363.5297	-523.218	159.6883	1.537762	8.149568
1644	-374.3872	-537.3921	163.0049	1.373594	6.452014
1650	-379.1947	-539.9799	160.7852	1.312048	7.67856
1656	-362.3202	-521.6887	159.3686	1.497992	8.339498
1662	-369.5079	-530.4257	160.9178	1.62524	7.449538
1668	-371.0325	-531.8949	160.8624	1.380498	7.601977
1674	-377.1324	-537.627	160.4946	1.043023	7.975553
1680	-370.9013	-531.9595	161.0582	1.043023	7.674525
1686	-371.3004	-532.1386	160.8382	1.265307	7.674525
1692	-348.2637	-511.6958	163.4322	1.170073	6.327878
1698	-348.7871	-511.8787	163.0916	1.64311	6.268149
1704	-366.4404	-528.1522	161.7118	1.352895	7.160583
1710	-367.1372	-531.2128	164.0756	2.378792	5.389556
1716	-372.8722	-536.443	163.5708	2.367506	5.671908
1722	-349.5242	-511.1512	161.6269	1.420352	7.17154
1728	-350.1837	-512.3475	162.1637	1.825047	6.682788
1734	-369.7733	-529.3373	159.564	1.69761	8.137819
1740	-367.7563	-530.2906	162.5343	1.588755	6.597308
1746	-361.6703	-523.3148	161.6446	1.923709	6.916715
1752	-360.8526	-524.301	163.4483	2.876068	5.529863
1758	-347.0627	-510.3434	163.2807	1.621325	6.17617
1764	-344.6235	-509.1863	164.5629	2.111567	5.239464
1770	-356.6469	-518.312	161.6652	1.757821	6.983801
1776	-353.996	-515.9405	161.9445	1.535533	6.942342
1782	-343.7	-506.0071	162.3071	1.509311	6.759942
1788	-360.3862	-524.2958	163.9097	1.43571	5.92762
1794	-350.4416	-513.2362	162.7946	1.294728	6.607123
1800	-351.1603	-514.5567	163.3965	1.780239	6.03521
1806	-354.4594	-518.0768	163.6174	1.536882	6.03521
1812	-345.6778	-509.8591	164.1813	1.343639	5.827292
1818	-354.991	-516.2714	161.2804	1.465295	7.334761
1824	-350.3555	-512.7185	162.363	1.295272	6.839987
1830	-351.5229	-512.3725	160.8496	1.490365	7.55301
1836	-351.9132	-514.331	162.4178	1.883023	6.517988
1842	-356.2506	-518.0621	161.8115	1.582353	6.990575
1848	-346.5554	-507.9578	161.4024	1.4512	7.276439
1854	-339.2435	-501.6762	162.4327	1.789875	6.55409
1860	-344.8482	-508.9414	164.0932	1.789875	5.649584
1866	-347.3786	-509.2115	161.8329	1.942996	6.806225
1872	-353.6198	-514.5	160.8802	1.291223	7.638568
1878	-341.6704	-505.1864	163.516	1.230542	6.249966
1884	-357.6749	-517.7282	160.0533	1.742124	7.855523
1890	-358.5214	-519.7836	161.2623	1.393273	7.381181
1896	-355.6978	-519.9395	164.2417	1.776807	5.574415
1902	-353.6632	-517.2198	163.5566	1.407861	6.134568
1908	-363.752	-524.3434	160.5914	1.73666	7.570464
1914	-349.1901	-512.3624	163.1723	1.548075	6.271794
1920	-369.3705	-532.3669	162.9964	1.083663	6.610538
1926	-357.4948	-518.6615	161.1667	1.800662	7.231505
1932	-361.2503	-521.2916	160.0413	1.262438	8.101422
1938	-361.8608	-523.1383	161.2775	1.412572	7.36314
1944	-357.5889	-520.3165	162.7276	1.394022	6.591592
1950	-368.0429	-528.8405	160.7976	1.457929	7.597218
1956	-378.1241	-539.344	161.2199	1.566478	7.316505
1962	-367.2765	-529.0035	161.727	1.081367	7.295676
1968	-346.9036	-510.5988	163.6952	1.352371	6.08802
1974	-368.9627	-531.0473	162.0846	1.28701	6.99437
1980	-353.8473	-516.6741	162.8267	1.653651	6.406738
1986	-348.3534	-512.1303	163.7769	1.490315	5.971976
1992	-346.1198	-507.2227	161.1029	1.645409	7.340449
1998	-347.5764	-508.9727	161.3962	1.460341	7.275099
2004	-360.2513	-522.5958	162.3445	1.659354	6.665005
2010	-372.8402	-532.9827	160.1425	1.808889	7.77628
2016	-370.3172	-532.0717	161.7545	1.638398	6.993635
2022	-351.8434	-515.7615	163.9181	1.218607	6.037487
2028	-348.6711	-509.8224	161.1514	1.175581	7.554102
2034	-347.2585	-510.7793	163.5208	1.045361	6.347101
2040	-361.1891	-525.2748	164.0857	0.9489674	6.092353
2046	-353.1566	-513.4302	160.2736	0.9489674	8.143483
2052	-361.0894	-523.0516	161.9622	1.070797	7.175004
2058	-367.7371	-530.3681	162.6309	1.17769	6.757566
2064	-367.4154	-529.1674	161.752	1.538078	7.044703
2070	-372.4111	-534.2881	161.877	1.66494	6.914651
2076	-371.3505	-533.0234	161.6729	2.182293	6.7846
2082	-342.9309	-505.5551	162.6242	1.069176	6.819402
2088	-357.4585	-521.1141	163.6556	1.118533	6.23428
2094	-364.4515	-526.7084	162.2569	1.325934	6.881138
2100	-360.1388	-522.9841	162.8453	2.176681	6.151763
2106	-367.3176	-527.2651	159.9475	1.913696	7.831671
2112	-353.8743	-517.0596	163.1853	1.464891	6.307025
2118	-358.0575	-517.3011	159.2436	1.470374	8.419759
2124	-356.9336	-519.2421	162.3085	1.816834	6.608423
2130	-343.7089	-505.3518	161.6428	1.336334	7.206257
2136	-347.3827	-508.6908	161.308	1.350914	7.37842
2142	-359.7357	-520.9725	161.2368	1.425424	7.37842
2148	-363.5481	-525.554	162.0059	1.485685	6.93436
2154	-351.979	-514.9794	163.0004	1.571588	6.353311
2160	-360.3375	-522.1634	161.8259	1.455993	7.046332
2166	-365.593	-526.8187	161.2257	1.455993	7.368809
2172	-378.013	-541.3888	163.3758	1.847446	6.014234
2178	-362.162	-524.5288	162.3668	1.401126	6.782897
2184	-361.8954	-522.8802	160.9848	1.315936	7.56973
2190	-357.234	-518.5693	161.3353	1.315936	7.381909
2196	-367.1397	-529.4504	162.3107	1.315936	6.857375
2202	-363.866	-526.4229	162.5569	1.315936	6.724479
2208	-350.9783	-513.6171	162.6388	1.571282	6.54945
2214	-349.4472	-512.303	162.8557	1.862633	6.290072
2220	-360.8692	-522.1149	161.2458	1.47704	7.347405
2226	-351.3178	-512.7277	161.4099	1.305376	7.347405
2232	-355.692	-519.0628	163.3707	1.442565	6.217733
2238	-363.8101	-525.9747	162.1646	1.221404	6.985817
2244	-365.7653	-527.8081	162.0427	1.365669	6.975933
2250	-349.2172	-510.9287	161.7114	2.105207	6.798025
2256	-345.8258	-508.6519	162.8261	1.931363	6.27388
2262	-344.3409	-506.1362	161.7952	1.931363	6.831929
2268	-351.7036	-514.0289	162.3252	1.236681	6.891183
2274	-352.1717	-511.2258	159.0541	1.436674	8.537386
2280	-339.164	-503.4563	164.2922	2.198694	5.349429
2286	-354.4596	-518.3546	163.895	1.706092	5.799096
2292	-362.6619	-526.3075	163.6456	1.99154	5.799096
2298	-358.8492	-523.5477	164.6985	1.988878	5.221304
2304	-352.5365	-515.5268	162.9903	1.395493	6.44856
2310	-368.4549	-531.4367	162.9819	1.717699	6.291154
2316	-379.9165	-541.3423	161.4258	1.717699	7.13188
2322	-372.5885	-531.6274	159.0389	1.810612	8.363734
2328	-355.7768	-518.7296	162.9528	1.889898	6.224461
2334	-356.1118	-519.4345	163.3227	1.769086	6.080792
2340	-362.3308	-525.2918	162.961	2.19465	6.080792
2346	-354.6242	-517.4061	162.7819	1.370559	6.574365
2352	-356.0103	-517.0626	161.0523	1.566103	7.40658
2358	-344.0822	-506.8639	162.7817	1.54581	6.484835
2364	-340.5541	-504.0276	163.4735	1.211157	6.283414
2370	-347.8522	-510.6955	162.8433	1.182493	6.640255
2376	-361.6676	-523.9766	162.309	1.897983	6.569877
2382	-384.7259	-545.6156	160.8897	1.295735	7.631131
2388	-376.3727	-537.2946	160.9219	1.023541	7.757782
2394	-370.0483	-531.1897	161.1414	1.522569	7.380506
2400	-371.9787	-531.8342	159.8555	1.680232	7.990767
2406	-386.9245	-546.8688	159.9443	1.309523	8.128706
2412	-376.6494	-537.4689	160.8195	1.479782	7.574496
2418	-373.8176	-537.9778	164.1601	1.19828	5.916352
2424	-385.9	-545.3214	159.4214	1.287216	8.418499
2430	-367.5892	-530.1024	162.5132	1.621397	6.592514
2436	-351.4071	-513.7812	162.3741	1.335429	6.812981
2442	-360.9946	-522.8397	161.8451	1.914215	6.812981
2448	-364.2618	-528.947	164.6851	1.391724	5.525733
2454	-353.8846	-518.2438	164.3592	1.410818	5.694631
2460	-346.2799	-509.1142	162.8343	1.410818	6.525174
2466	-336.5432	-499.8992	163.356	1.243108	6.330198
2472	-344.99	-508.3784	163.3884	1.210089	6.330198
2478	-347.3924	-510.2737	162.8812	0.9795027	6.729017
2484	-360.1775	-519.7279	159.5503	1.263656	8.362161
2490	-354.1511	-514.3605	160.2094	1.087672	8.103881
2496	-350.6005	-513.1116	162.5111	1.141603	6.841549
2502	-345.5645	-506.8068	161.2423	1.141603	7.523435
2508	-356.0218	-515.9402	159.9184	1.303486	8.145648
2514	-351.0154	-513.1879	162.1725	0.7930878	7.21015
2520	-360.0732	-520.889	160.8157	1.30911	7.663741
2526	-357.3225	-519.1718	161.8493	1.333828	7.096536
2532	-367.7635	-529.5399	161.7765	1.627084	6.987344
2538	-353.5635	-515.34	161.7765	1.627084	6.987344
2544	-365.4215	-526.467	161.0454	2.034183	7.188596
2550	-352.5526	-513.5165	160.9639	1.476486	7.498828
2556	-350.0856	-513.6505	163.5649	1.795265	5.936064
2562	-339.7885	-502.9129	163.1244	1.70552	6.219664
2568	-340.0101	-503.2762	163.2662	1.792345	6.100374
2574	-344.3149	-505.9499	161.635	1.601387	7.076149
2580	-339.6988	-502.4514	162.7526	1.747695	6.401055
2586	-340.0892	-504.75	164.6607	1.766513	5.348795
2592	-339.7574	-501.8797	162.1223	1.304622	6.964824
2598	-352.0757	-514.0964	162.0207	1.410286	6.964824
2604	-348.0668	-509.5263	161.4595	1.654984	7.144243
2610	-356.9011	-517.8932	160.9921	1.467031	7.488456
2616	-358.4206	-519.6432	161.2226	1.547834	7.324339
2622	-352.3033	-516.1127	163.8094	1.547834	5.924909
2628	-351.6714	-513.3569	161.6855	1.547834	7.075632
2634	-354.4956	-515.3061	160.8105	1.195064	7.726186
2640	-354.2648	-513.5197	159.2548	1.21279	8.545705
2646	-367.2319	-529.272	162.0401	1.261856	7.031514
2652	-370.0115	-531.9298	161.9183	1.387751	7.031514
2658	-377.1175	-539.6403	162.5228	1.481103	6.657695
2664	-371.2781	-533.0003	161.7222	1.053654	7.313111
2670	-363.1493	-525.3971	162.2477	2.054235	6.531078
2676	-366.0902	-529.9999	163.9096	1.41138	5.940261
2682	-369.1195	-530.6648	161.5453	1.673021	7.089276
2688	-358.0373	-521.1217	163.0845	1.673021	6.257274
2694	-353.0087	-516.4198	163.4111	1.673021	6.07956
2700	-364.827	-526.9259	162.0989	1.398432	6.928783
2706	-365.3197	-525.0363	159.7166	1.398432	8.204426
2712	-372.7461	-536.4699	163.7238	1.460703	6.016142
2718	-353.5898	-517.2961	163.7063	1.345837	6.085409
2724	-364.1689	-524.4284	160.2595	1.142112	8.048298
2730	-362.7381	-525.1914	162.4533	1.652276	6.609651
2736	-358.8335	-521.2489	162.4154	1.874882	6.523098
2742	-356.0555	-518.9246	162.8691	1.874882	6.277013
2748	-359.2718	-520.0738	160.802	1.615995	7.516108
2754	-356.5212	-518.1729	161.6517	0.9940647	7.382887
2760	-377.5504	-536.706	159.1556	1.353417	8.525682
2766	-358.882	-521.1534	162.2714	1.55974	6.753862
2772	-367.1463	-527.5181	160.3717	1.214417	7.950349
2778	-370.1002	-531.9618	161.8616	1.575695	6.96694
2784	-377.0588	-539.7356	162.6768	1.414912	6.608278
2790	-359.1835	-519.7188	160.5353	1.233369	7.853084
2796	-366.7065	-526.7699	160.0635	1.341218	8.048876
2802	-368.618	-531.0963	162.4783	1.341218	6.753724
2808	-374.0874	-536.549	162.4616	1.521386	6.670365
2814	-365.388	-526.6339	161.2459	1.523034	7.32421
2820	-372.8233	-534.277	161.4537	1.107517	7.428316
2826	-358.7021	-519.0545	160.3524	1.225833	7.954663
2832	-351.7816	-513.7107	161.9291	1.650532	6.8936
2838	-348.9522	-514.3532	165.4009	2.182285	4.74144
2844	-351.6338	-515.418	163.7842	1.830126	5.799446
2850	-345.5488	-508.9938	163.4451	1.227086	6.290341
2856	-339.5557	-502.3742	162.8185	1.829209	6.326175
2862	-354.4692	-517.9391	163.4698	1.135207	6.326175
2868	-352.0427	-513.0779	161.0352	1.641119	7.37886
2874	-365.1791	-528.3924	163.2132	1.518543	6.264506
2880	-379.0262	-540.4828	161.4566	1.43508	7.255514
2886	-385.086	-546.6411	161.5551	1.564046	7.137686
2892	-378.2811	-538.0952	159.8141	1.211039	8.249292
2898	-373.5561	-534.1827	160.6265	1.158503	7.843791
2904	-369.3288	-529.9821	160.6533	1.020342	7.902995
2910	-357.5209	-520.6534	163.1326	1.208056	6.470029
2916	-361.6982	-523.2156	161.5173	1.458322	7.211089
2922	-345.4003	-508.091	162.6907	1.236161	6.694204
2928	-353.6822	-516.9489	163.2667	0.8972727	6.564928
2934	-351.175	-514.4803	163.3053	1.130233	6.418115
2940	-374.7043	-536.2517	161.5474	1.649374	7.099679
2946	-347.4767	-509.7945	162.3177	1.649374	6.6844
2952	-357.1099	-518.52	161.4101	1.649374	7.173535
2958	-363.2843	-524.4729	161.1886	1.525796	7.353569
2964	-369.5402	-530.3042	160.7639	1.31554	7.68811
2970	-356.6237	-518.5901	161.9664	1.882436	6.762335
2976	-362.0957	-523.9967	161.901	1.95842	6.762335
2982	-359.114	-521.6826	162.5686	1.756135	6.496688
2988	-349.7756	-513.0716	163.2961	1.368828	6.296519
2994	-352.7709	-515.2968	162.5259	1.705575	6.544294
3000	-362.9685	-527.3022	164.3338	1.29158	5.771452
3006	-362.6602	-526.583	163.9228	2.37939	5.473443
3012	-349.5654	-511.3316	161.7662	1.563261	7.024495
3018	-355.1347	-519.3211	164.1864	1.451872	5.767925
3024	-350.7217	-514.694	163.9723	1.671745	5.773754
3030	-347.538	-508.6574	161.1194	1.290822	7.510729
3036	-353.8692	-515.9193	162.05	1.892617	6.712399
3042	-356.7067	-519.6239	162.9172	1.799618	6.286697
3048	-353.6942	-516.6546	162.9605	1.845012	6.241518
3054	-360.8013	-525.3962	164.595	2.226128	5.169873
3060	-363.5174	-526.298	162.7806	1.998676	6.267424
3066	-361.8053	-524.4711	162.6658	1.600716	6.520176
3072	-356.1564	-519.0208	162.8644	2.009984	6.216683
3078	-349.7549	-512.7707	163.0158	1.736796	6.26343
3084	-347.687	-510.7028	163.0158	1.736796	6.26343
3090	-359.6719	-521.2818	161.6099	2.349507	6.746194
3096	-359.3483	-523.5451	164.1968	1.728623	5.622624
3102	-361.167	-523.5395	162.3725	1.784827	6.589056
3108	-355.7474	-516.9496	161.2021	1.753689	7.234815
3114	-357.3433	-520.8581	163.5148	1.077139	6.333136
3120	-355.5672	-519.2744	163.7072	1.36589	6.074398
3126	-355.846	-520.0523	164.2063	1.360593	5.804701
3132	-369.1544	-530.8347	161.6803	1.330399	7.189198
3138	-352.4993	-515.69	163.1908	1.169595	6.459076
3144	-357.7833	-520.2969	162.5136	1.315272	6.748229
3150	-346.7649	-510.3909	163.6261	1.18082	6.216752
3156	-356.8684	-520.9536	164.0853	1.430197	5.834529
3162	-353.3207	-516.8974	163.5766	1.430197	6.112075
3168	-356.5005	-517.8602	161.3597	0.9878453	7.542712
3174	-360.8076	-524.0387	163.2311	1.365458	6.333556
3180	-353.9504	-516.946	162.9956	1.616378	6.333556
3186	-351.5339	-512.6784	161.1444	1.590095	7.345307
3192	-355.2866	-516.1362	160.8496	1.203567	7.700819
3198	-361.7461	-524.5384	162.7923	1.594597	6.454695
3204	-368.7475	-531.3108	162.5633	1.517439	6.617407
3210	-372.6453	-533.3695	160.7242	1.515931	7.607359
3216	-364.5574	-525.6764	161.119	1.515931	7.395866
3222	-381.2157	-542.8722	161.6565	1.869178	6.935679
3228	-374.5289	-536.8626	162.3338	1.619505	6.690451
3234	-371.6018	-535.0829	163.4811	1.606563	6.074438
3240	-383.1008	-544.8133	161.7125	1.481907	7.094194
3246	-374.4832	-537.0903	162.6072	1.378456	6.664778
3252	-375.5261	-537.9663	162.4402	1.704709	6.59112
3258	-365.2529	-525.5749	160.322	1.125796	8.023619
3264	-369.6535	-532.6571	163.0037	1.375944	6.451459
3270	-360.2949	-522.8201	162.5252	1.551471	6.620879
3276	-362.3452	-524.9528	162.6076	1.463318	6.620879
3282	-361.22	-521.5709	160.3508	1.65474	7.738626
3288	-354.0453	-514.6351	160.5898	1.639363	7.618318
3294	-355.6923	-518.1428	162.4505	1.615725	6.629232
3300	-367.7424	-528.7944	161.0521	1.829824	7.279262
3306	-363.0581	-525.2021	162.144	1.158926	7.030087
3312	-354.4349	-516.6286	162.1938	1.108792	7.030087
3318	-361.5776	-523.988	162.4104	1.693338	6.612782
3324	-364.4861	-526.4883	162.0022	1.703986	6.828109
3330	-352.2808	-512.1777	159.8969	1.703986	7.957254
3336	-355.0553	-516.0986	161.0433	1.004847	7.702899
3342	-348.5318	-511.2234	162.6916	1.540283	6.536453
3348	-358.4601	-520.7299	162.2698	1.762143	6.655492
3354	-362.1628	-524.5115	162.3486	1.515394	6.734444
3360	-349.4223	-511.3297	161.9075	1.585219	6.937464
3366	-345.709	-506.1124	160.4034	2.051393	7.525275
3372	-344.5503	-505.5278	160.9775	1.192743	7.638089
3378	-343.4855	-505.716	162.2305	1.241159	6.939846
3384	-349.8814	-510.1883	160.3069	1.646816	7.765953
3390	-343.5915	-506.686	163.0946	1.513101	6.331716
3396	-347.8639	-510.5072	162.6433	1.830564	6.420572
3402	-365.2031	-523.5032	158.3001	1.830564	8.746752
3408	-365.7036	-528.7352	163.0316	2.154685	6.0601
3414	-355.6769	-516.6902	161.0133	1.643147	7.389587
3420	-362.2617	-525.4095	163.1478	1.684736	6.217098
3426	-367.7766	-529.6554	161.8788	2.026701	6.743064
3432	-380.7107	-542.7124	162.0016	1.257181	7.054663
3438	-378.2785	-539.1867	160.9082	1.257181	7.641327
3444	-345.6819	-509.8445	164.1627	1.960637	5.529964
3450	-345.3225	-509.3751	164.0526	2.348678	5.41527
3456	-337.1903	-499.6833	162.493	1.643234	6.592644
3462	-345.5618	-509.2377	163.6759	1.643234	5.949903
3468	-341.2187	-504.5216	163.3029	1.554079	6.197806
3474	-350.4597	-514.1554	163.6958	1.379067	6.073753
3480	-369.4006	-531.5912	162.1906	1.96555	6.602554
3486	-362.9157	-525.5268	162.6111	1.295374	6.705966
3492	-357.6466	-521.0626	163.416	1.483691	6.172023
3498	-356.9435	-519.196	162.2525	1.758807	6.66644
3504	-363.5045	-526.342	162.8375	1.984816	6.242875
3510	-379.5973	-540.282	160.6848	1.597993	7.587756
3516	-365.6165	-528.2497	162.6332	1.386785	6.646385
3522	-356.8852	-517.2858	160.4006	1.386785	7.845608
3528	-364.4361	-524.4014	159.9653	1.682816	7.930957
3534	-371.9525	-534.0546	162.1021	1.710696	6.770903
3540	-368.3147	-529.4572	161.1424	1.303281	7.491877
3546	-365.4708	-528.1095	162.6387	1.580266	6.54505
3552	-363.3792	-523.1129	159.7337	1.396379	8.196334
3558	-356.1608	-517.6575	161.4967	1.465936	7.218315
3564	-346.7052	-509.7642	163.059	1.237873	6.494041
3570	-356.7013	-519.308	162.6067	1.718944	6.494041
3576	-353.6681	-514.4588	160.7908	1.287415	7.68837
3582	-350.7192	-510.3901	159.6709	1.420262	8.217677
3588	-349.6744	-510.6591	160.9848	1.317658	7.568864
3594	-352.8008	-515.7929	162.9922	1.216528	6.541579
3600	-356.2631	-518.2299	161.9668	0.9632052	7.230297
3606	-351.0738	-512.5311	161.4574	1.510856	7.216774
3612	-360.8619	-524.3176	163.4557	1.011019	6.40105
3618	-355.0946	-514.8131	159.7185	1.054127	8.382975
3624	-357.2524	-521.2119	163.9595	1.304136	5.969335
3630	-354.7914	-518.1283	163.3368	1.244785	6.339697
3636	-357.331	-521.7948	164.4639	1.133693	5.785222
3642	-355.4437	-519.6505	164.2069	1.045882	5.973478
3648	-361.1072	-522.3218	161.2145	1.298776	7.455589
3654	-358.4231	-518.7773	160.3542	1.188082	7.973538
3660	-364.2516	-524.0753	159.8237	1.21076	8.244328
3666	-358.5488	-520.8702	162.3215	1.619193	6.697266
3672	-358.9076	-520.3555	161.4479	1.619193	7.167996
3678	-364.2532	-525.919	161.6658	1.133497	7.300673
3684	-370.0016	-532.5809	162.5793	1.290053	6.725924
3690	-365.0324	-526.7719	161.7395	1.118747	7.268996
3696	-363.7982	-527.7841	163.9859	1.390203	5.909678
3702	-348.8613	-510.0917	161.2304	1.870688	7.164289
3708	-343.953	-506.7696	162.8166	1.481983	6.498262
3714	-334.4734	-497.3454	162.872	1.609482	6.404073
3720	-346.5371	-508.8969	162.3598	2.412719	6.313292
3726	-343.7335	-505.6436	161.9101	1.883355	6.792292
3732	-343.2246	-504.3674	161.1428	1.620204	7.331344
3738	-350.0451	-512.6215	162.5764	1.924791	6.412499
3744	-366.2759	-530.0644	163.7885	1.385179	6.020038
3750	-362.3951	-525.7291	163.3341	1.518705	6.198734
3756	-375.7509	-537.5722	161.8213	1.121283	7.223672
3762	-366.1284	-527.6797	161.5513	1.519977	7.161726
3768	-364.1347	-524.7254	160.5907	1.519977	7.67675
3774	-369.8527	-532.0116	162.1589	1.090361	7.058705
3780	-364.4137	-527.2834	162.8697	0.9951423	6.726782
3786	-364.3877	-523.6946	159.3068	0.9678157	8.647478
3792	-367.0914	-529.1749	162.0834	1.141325	7.072069
3798	-369.4965	-530.9289	161.4324	1.451928	7.259933
3804	-367.0096	-528.177	161.1674	1.740173	7.259933
3810	-355.9969	-514.8971	158.9002	1.41043	8.632292
3816	-372.076	-530.9102	158.8342	1.317915	8.714479
3822	-367.3525	-527.6721	160.3196	1.55642	7.803554
3828	-362.3633	-524.6225	162.2592	1.532803	6.773959
3834	-353.4681	-515.8421	162.3739	1.340366	6.810509
3840	-360.8851	-520.986	160.1009	1.608405	7.894724
3846	-361.3736	-524.6462	163.2725	1.405706	6.290135
3852	-380.9446	-539.9656	159.021	1.975213	8.29748
3858	-370.8893	-531.3171	160.4277	1.645434	7.702039
3864	-370.0865	-531.7304	161.6439	1.522728	7.110557
3870	-362.9356	-524.94	162.0044	1.954609	6.708231
3876	-352.7463	-515.3265	162.5802	1.593072	6.57031
3882	-357.1071	-519.7835	162.6764	1.809713	6.412532
3888	-355.0299	-516.9416	161.9117	1.525923	6.964804
3894	-354.2483	-516.3492	162.101	1.326701	6.964804
3900	-359.7544	-519.7924	160.0381	1.352067	8.056844
3906	-358.4835	-518.5216	160.0381	1.352067	8.056844
3912	-359.872	-521.4564	161.5844	1.555159	7.126345
3918	-351.471	-513.0646	161.5936	1.545224	7.126345
3924	-352.1061	-514.254	162.1479	1.121046	7.04822
3930	-345.7437	-507.8485	162.1048	1.648144	6.799989
3936	-339.8605	-501.5792	161.7187	1.415774	7.124554
3942	-343.8505	-507.1637	163.3132	1.246478	6.351624
3948	-346.4322	-509.6789	163.2467	1.314765	6.351624
3954	-358.558	-519.8176	161.2596	1.036998	7.569983
3960	-348.4583	-510.7726	162.3143	1.305895	6.860665
3966	-350.5775	-512.6819	162.1044	1.210946	7.023758
3972	-346.066	-507.2988	161.2328	1.673115	7.25721
3978	-364.7075	-525.1853	160.4778	1.574169	7.710201
3984	-375.685	-536.4836	160.7986	1.531294	7.559856
3990	-363.0275	-525.228	162.2005	1.861685	6.645608
3996	-367.22	-526.908	159.688	1.510342	8.163323
4002	-361.4503	-522.9054	161.4551	1.510342	7.218239
4008	-359.471	-520.934	161.4629	1.84793	7.049911
4014	-345.4994	-509.5389	164.0396	1.518544	5.81401
4020	-355.5541	-520.2519	164.6979	1.360259	5.5353
4026	-354.6643	-516.4828	161.8186	1.374723	7.091927
4032	-367.2958	-528.863	161.5672	1.374723	7.227046
4038	-379.132	-540.8456	161.7137	1.223877	7.227046
4044	-378.5361	-539.2841	160.748	1.942241	7.390178
4050	-373.566	-537.4232	163.8573	1.263168	6.046859
4056	-375.0267	-534.038	159.0114	1.486402	8.535118
4062	-381.2287	-540.7551	159.5264	1.430422	8.289443
4068	-378.4405	-538.0202	159.5797	1.374612	8.289443
4074	-370.3932	-530.9652	160.572	1.378834	7.758099
4080	-372.6235	-537.2331	164.6096	1.500288	5.510765
4086	-364.2088	-526.2109	162.002	1.445003	6.957097
4092	-370.2084	-530.8556	160.6472	1.445003	7.684219
4098	-364.8822	-525.0578	160.1756	1.445003	7.936136
4104	-372.636	-535.0333	162.3973	1.479844	6.726152
4110	-360.3244	-522.5864	162.262	1.625736	6.726152
4116	-355.3245	-519.4711	164.1466	1.189293	5.928555
4122	-356.6042	-519.3691	162.765	1.350386	6.594012
4128	-355.2041	-515.8615	160.6574	1.212701	7.798728
4134	-348.8069	-510.7009	161.894	1.212701	7.136025
4140	-365.8788	-529.0059	163.1272	1.517583	6.311745
4146	-362.1312	-524.681	162.5498	1.550047	6.608247
4152	-354.0589	-517.0597	163.0008	1.083432	6.608247
4158	-365.0011	-524.3417	159.3406	1.893505	8.164686
4164	-358.8473	-522.6438	163.7965	1.251405	6.086215
4170	-349.6498	-512.8882	163.2384	1.382469	6.320722
4176	-347.9188	-508.9772	161.0584	1.223363	7.578674
4182	-366.4637	-527.9262	161.4625	1.247073	7.349643
4188	-360.8574	-524.017	163.1595	1.234065	6.441578
4194	-363.8847	-525.4554	161.5707	1.5519	7.13531
4200	-342.3177	-504.8199	162.5022	1.182239	6.824626
4206	-343.9139	-505.8743	161.9604	1.424149	6.990169
4212	-356.862	-519.3105	162.4485	1.210023	6.838839
4218	-358.8546	-519.1078	160.2532	1.429398	7.902655
4224	-349.7097	-512.808	163.0982	1.131836	6.529461
4230	-351.301	-514.4492	163.1483	1.081567	6.529461
4236	-352.562	-516.6596	164.0977	1.081567	6.013605
4242	-370.4893	-534.6047	164.1154	0.8421949	6.133884
4248	-351.8045	-514.807	163.0025	1.471456	6.402854
4254	-340.7944	-502.5752	161.7808	1.009967	7.305068
4260	-346.7461	-511.6214	164.8753	1.633424	5.296523
4266	-358.3143	-521.7711	163.4568	1.30338	6.243487
4272	-352.3101	-516.8404	164.5303	2.120887	5.253225
4278	-359.3875	-524.3894	165.0019	1.708427	5.189006
4284	-353.2239	-516.2693	163.0454	1.631873	6.298814
4290	-356.3951	-518.4402	162.0451	1.641612	6.835391
4296	-349.7047	-512.2537	162.549	1.477395	6.645434
4302	-344.1182	-506.6671	162.549	1.477395	6.645434
4308	-357.576	-520.1017	162.5258	1.540371	6.626128
4314	-352.3835	-515.9249	163.5414	1.230978	6.235921
4320	-342.4766	-506.3074	163.8308	1.374394	6.00257
4326	-341.0615	-504.3063	163.2448	1.58928	6.211668
4332	-363.9188	-526.9792	163.0603	1.524074	6.344734
4338	-363.3909	-524.2715	160.8806	1.922651	7.328046
4344	-367.6697	-529.2411	161.5714	1.650268	7.086368
4350	-361.6929	-521.972	160.2791	1.503536	7.851466
4356	-363.1457	-523.6655	160.5198	1.285077	7.834397
4362	-369.1746	-529.0891	159.9145	1.623866	7.98666
4368	-379.0643	-541.1612	162.0969	1.345186	6.957395
4374	-355.6142	-518.4843	162.8701	2.115323	6.165666
4380	-355.883	-521.3844	165.5014	1.429449	5.055114
4386	-346.0637	-508.3412	162.2775	1.284962	6.891487
4392	-362.9089	-522.9689	160.0599	1.493286	7.973592
4398	-366.141	-526.9955	160.8544	1.445298	7.573182
4404	-385.1858	-546.2899	161.1041	1.412115	7.456336
4410	-365.6365	-526.2006	160.5641	1.412115	7.745361
4416	-361.8832	-524.7669	162.8837	1.389414	6.509487
4422	-366.3784	-527.3261	160.9477	1.253284	7.62225
4428	-368.3902	-528.8208	160.4306	1.220085	7.915972
4434	-366.3874	-526.9147	160.5273	1.048584	7.955152
4440	-355.3115	-517.2266	161.9151	1.174125	7.145111
4446	-361.6637	-523.4011	161.7375	2.061521	6.803604
4452	-345.1164	-507.3119	162.1955	1.109078	7.02902
4458	-339.7044	-503.3881	163.6838	1.261891	6.142031
4464	-348.8174	-509.6857	160.8683	1.274013	7.653907
4470	-347.5745	-511.2753	163.7008	1.110433	6.214073
4476	-341.5771	-503.4322	161.8551	1.25006	7.137224
4482	-353.954	-515.7962	161.8422	0.9449996	7.306986
4488	-362.7976	-525.4295	162.6319	0.9449996	6.882186
4494	-357.3259	-519.4055	162.0796	1.292559	6.994144
4500	-355.4057	-516.2057	160.8	1.116738	7.773277
4506	-352.3544	-514.3569	162.0025	1.208528	7.07988
4512	-361.729	-523.4603	161.7313	1.616474	7.016883
4518	-373.05	-535.9809	162.9309	1.237838	6.563413
4524	-370.5406	-531.8387	161.298	1.564075	7.275761
4530	-358.9893	-518.1496	159.1603	1.407165	8.495838
4536	-355.1142	-517.1371	162.0228	1.492986	6.921524
4542	-352.0911	-514.4948	162.4037	1.330181	6.799779
4548	-354.9914	-516.8871	161.8957	1.291491	7.093656
4554	-362.0786	-524.0228	161.9442	1.241863	7.093656
4560	-363.1313	-526.1595	163.0282	1.15972	6.552388
4566	-372.3268	-533.5387	161.2119	1.239624	7.487951
4572	-373.1427	-535.0536	161.911	2.008361	6.734055
4578	-370.7742	-532.4839	161.7097	1.884563	6.89982
4584	-364.3172	-527.0875	162.7703	1.403392	6.563635
4590	-368.2178	-531.1775	162.9597	1.746491	6.289219
4596	-362.2052	-525.2144	163.0092	1.691242	6.289219
4602	-359.9003	-523.6296	163.7293	1.82696	5.831005
4608	-362.7991	-527.108	164.3089	1.910206	5.473347
4614	-346.6633	-511.1497	164.4863	1.463243	5.597624
4620	-353.8521	-515.0067	161.1545	1.876474	7.202391
4626	-354.5144	-517.1075	162.5931	1.876474	6.42606
4632	-356.96	-519.099	162.139	1.301089	6.957649
4638	-349.2934	-509.9624	160.6691	1.723669	7.53509
4644	-350.5506	-514.2214	163.6709	1.723669	5.912981
4650	-339.2534	-499.3458	160.0924	1.637737	7.884948
4656	-359.25	-519.5886	160.3386	1.083631	8.037124
4662	-356.387	-517.4011	161.0141	1.110245	7.662243
4668	-364.1888	-527.908	163.7192	1.037895	6.243386
4674	-363.0158	-526.273	163.2571	1.513151	6.243386
4680	-345.2401	-507.4274	162.1873	1.393739	6.883542
4686	-358.1312	-520.7928	162.6616	1.62894	6.508428
4692	-364.0854	-524.4589	160.3735	1.464671	7.820562
4698	-354.6863	-518.4724	163.7861	1.384889	6.021472
4704	-363.6852	-526.3514	162.6661	1.408006	6.61761
4710	-338.2334	-501.2292	162.9957	1.421792	6.432029
4716	-351.6412	-517.2283	165.5871	1.622497	4.907449
4722	-347.1263	-510.5015	163.3752	1.50928	6.181166
4728	-355.414	-518.5257	163.1117	1.822821	6.169869
4734	-354.4201	-515.4253	161.0052	1.538402	7.445626
4740	-349.1924	-512.4511	163.2587	1.537055	6.230391
4746	-361.0714	-522.6622	161.5907	1.377455	7.212994
4752	-363.4162	-524.6298	161.2136	1.220016	7.497307
4758	-347.7031	-508.7292	161.0261	1.376028	7.51659
4764	-367.766	-527.1597	159.3937	1.798737	8.180505
4770	-370.8021	-529.6812	158.879	1.215442	8.743746
4776	-357.9408	-520.7041	162.7633	1.423139	6.557242
4782	-348.0343	-512.7134	164.6791	1.423139	5.512577
4788	-354.5282	-517.1685	162.6403	1.128965	6.778566
4794	-352.2174	-514.6626	162.4452	1.327911	6.778566
4800	-357.3754	-519.8912	162.5158	1.73128	6.537292
4806	-349.3573	-510.4825	161.1252	1.319379	7.492777
4812	-353.4164	-516.2615	162.8451	1.902107	6.277278
4818	-351.7077	-514.5428	162.8351	1.489948	6.484178
4824	-357.622	-519.5963	161.9744	1.875145	6.761445
4830	-368.6737	-531.5583	162.8847	1.151473	6.63449
4836	-358.956	-521.0512	162.0952	2.008337	6.63449
4842	-345.5518	-509.983	164.4312	1.369684	5.67674
4848	-344.2273	-508.3554	164.1281	1.666968	5.690759
4854	-340.1528	-500.6947	160.5419	1.449229	7.738389
4860	-333.8967	-498.1411	164.2444	1.27582	5.828718
4866	-339.9209	-502.4895	162.5686	1.611422	6.567483
4872	-354.1068	-516.8141	162.7074	1.337209	6.632035
4878	-360.2439	-522.8882	162.6443	1.747747	6.459737
4884	-362.2592	-526.3513	164.0921	0.9586885	6.083584
4890	-359.3749	-521.0979	161.723	1.248192	7.209211
4896	-356.4055	-519.9626	163.5572	1.395025	6.140917
4902	-349.2226	-511.0878	161.8652	1.71282	6.897723
4908	-349.9773	-515.437	165.4597	1.796489	4.891313
4914	-357.5209	-518.8726	161.3517	1.561809	7.248059
4920	-353.804	-518.0018	164.1978	1.981473	5.500924
4926	-344.7773	-508.8227	164.0454	1.994434	5.578628
4932	-361.0746	-524.0712	162.9966	1.95335	6.170953
4938	-350.4907	-513.1778	162.6871	2.307179	6.180586
4944	-355.1917	-517.6113	162.4196	1.381075	6.764741
4950	-354.345	-516.0839	161.7389	1.442776	7.099897
4956	-363.9679	-526.4887	162.5208	1.91719	6.446164
4962	-354.6827	-518.1908	163.5081	2.007804	5.866782
4968	-343.0743	-504.4833	161.4091	1.480036	7.258249
4974	-345.0406	-507.2195	162.1789	1.335343	6.918325
4980	-337.6509	-499.8171	162.1661	1.493923	6.843792
4986	-349.187	-511.531	162.344	1.30755	6.843792
4992	-332.2297	-496.116	163.8863	1.30755	6.007493
4998	-350.1822	-512.3402	162.158	1.30755	6.944076
5004	-359.443	-522.2149	162.772	1.732495	6.397892
5010	-371.7249	-533.6433	161.9183	1.514988	6.966726
5016	-365.3683	-527.3991	162.0309	1.140203	7.100952
5022	-348.6714	-511.6245	162.9531	1.437684	6.446966
5028	-344.9905	-507.5788	162.5883	1.656342	6.534592
5034	-353.6156	-515.1152	161.4996	1.674665	7.113069
5040	-352.9241	-515.7558	162.8318	1.368283	6.548542
5046	-353.2037	-515.8629	162.6592	1.44401	6.602871
5052	-342.7465	-505.1024	162.3558	1.203002	6.892535
5058	-355.7846	-518.2389	162.4542	1.088186	6.900828
5064	-348.369	-510.8041	162.4351	1.107405	6.900828
5070	-348.4022	-510.8307	162.4285	1.300784	6.801713
5076	-355.8672	-517.6919	161.8247	1.535156	7.007054
5082	-355.6808	-518.4504	162.7696	1.249968	6.644268
5088	-354.1504	-517.9871	163.8367	1.302726	6.037092
5094	-348.7282	-512.1878	163.4596	1.174206	6.310762
5100	-347.5694	-511.4042	163.8348	0.9661327	6.219565
5106	-362.8862	-526.307	163.4208	1.681151	6.07027
5112	-351.3656	-513.3193	161.9537	1.54352	6.933351
5118	-364.9374	-528.49	163.5525	1.515223	6.081601
5124	-355.2032	-516.7542	161.551	1.333548	7.257038
5130	-348.8924	-510.2695	161.3771	1.922977	7.061117
5136	-355.8967	-517.4444	161.5477	1.728509	7.061117
5142	-368.542	-532.5867	164.0447	0.8406614	6.1732
5148	-372.0661	-535.6385	163.5724	1.099536	6.289727
5154	-371.4492	-534.5695	163.1202	1.568665	6.289727
5160	-363.4558	-524.7449	161.289	1.525788	7.299681
5166	-351.9615	-515.4415	163.48	1.373304	6.194227
5172	-345.8855	-509.3744	163.4889	1.517241	6.115206
5178	-351.0713	-513.8723	162.801	1.549544	6.47252
5184	-354.5796	-515.5925	161.0129	1.45267	7.484594
5190	-351.4161	-512.8778	161.4618	0.9340342	7.516814
5196	-363.269	-525.5847	162.3157	1.539339	6.740155
5202	-352.3553	-513.8764	161.5211	1.807077	7.037907
5208	-369.0638	-528.4556	159.3918	1.825138	8.169105
5214	-361.9464	-523.2788	161.3324	1.292183	7.39586
5220	-374.7132	-537.287	162.5737	1.085189	6.838012
5226	-370.0797	-531.3737	161.294	1.165838	7.482863
5232	-362.1816	-523.6357	161.454	1.418332	7.265442
5238	-364.9831	-528.4744	163.4912	1.56032	6.092122
5244	-369.7384	-532.1324	162.394	1.790095	6.574912
5250	-368.4109	-529.3442	160.9332	1.449276	7.528989
5256	-366.0928	-527.6886	161.5958	1.358441	7.220064
5262	-350.7307	-511.6609	160.9302	1.104009	7.710439
5268	-358.8165	-521.6993	162.8828	1.748327	6.330089
5274	-356.9788	-520.498	163.5192	1.671042	6.021619
5280	-364.3787	-525.7446	161.3659	1.074468	7.493014
5286	-369.4295	-530.0047	160.5752	1.313891	7.78984
5292	-366.5706	-528.8549	162.2842	1.305553	6.87706
5298	-374.0119	-535.5424	161.5305	1.154588	7.362078
5304	-377.2641	-538.6744	161.4103	1.563292	7.215876
5310	-386.265	-547.9343	161.6693	1.25234	7.235893
5316	-374.3192	-537.2054	162.8862	1.696354	6.353501
5322	-362.2274	-524.7306	162.5032	1.546324	6.635323
5328	-370.3648	-532.7956	162.4309	1.558678	6.668242
5334	-373.9528	-537.7489	163.796	1.399569	6.0084
5340	-365.9416	-528.9788	163.0373	1.503734	6.367572
5346	-373.6314	-532.6204	158.989	1.154694	8.717227
5352	-365.2548	-527.68	162.4252	1.324488	6.791101
5358	-355.5898	-517.2647	161.6749	1.379286	7.166831
5364	-369.1703	-530.3511	161.1808	1.189045	7.53123
5370	-360.9233	-522.3164	161.3931	1.268492	7.37568
5376	-359.2978	-520.6817	161.384	1.77237	7.128174
5382	-353.6818	-514.2439	160.5621	1.77237	7.569122
5388	-345.8696	-508.4026	162.5329	1.426779	6.679979
5394	-341.6042	-504.8054	163.2012	1.507118	6.276855
5400	-337.0011	-498.5391	161.538	1.507118	7.175332
5406	-346.5675	-508.1402	161.5727	1.572782	7.123868
5412	-342.5283	-505.0246	162.4962	1.518535	6.65309
5418	-339.4436	-502.0546	162.6109	2.042251	6.339613
5424	-354.4321	-517.0431	162.6109	2.042251	6.339613
5430	-356.1026	-518.5038	162.4012	1.568591	6.679327
5436	-366.4636	-527.9637	161.5001	1.751358	7.075768
5442	-358.1103	-521.6378	163.5275	1.871921	5.919839
5448	-369.6814	-532.4609	162.7795	1.499938	6.509208
5454	-356.0671	-518.2224	162.1553	1.452857	6.870504
5460	-363.9101	-525.9945	162.0844	1.528377	6.870504
5466	-357.4141	-520.7364	163.3223	1.303945	6.316273
5472	-367.603	-529.6906	162.0876	1.089309	7.097674
5478	-367.6816	-529.6972	162.0156	1.201117	7.07676
5484	-370.0185	-531.09	161.0715	1.303892	7.52956
5490	-362.2377	-523.3508	161.1131	1.261126	7.52956
5496	-370.109	-532.0611	161.952	1.15054	7.137819
5502	-368.5197	-532.6177	164.098	1.291245	5.900564
5508	-362.6965	-523.1025	160.406	1.410048	7.83088
5514	-346.8711	-508.9921	162.1211	1.592023	6.818932
5520	-352.8819	-515.3476	162.4657	1.230039	6.818932
5526	-358.8595	-520.2696	161.4101	1.560394	7.217399
5532	-349.3073	-510.9284	161.6211	1.638387	7.065439
5538	-348.3312	-511.1675	162.8363	1.446309	6.505836
5544	-355.7419	-518.2203	162.4784	1.406404	6.719931
5550	-358.2844	-521.003	162.7186	1.790249	6.398991
5556	-366.4066	-528.6829	162.2763	1.499196	6.781686
5562	-362.7373	-526.3068	163.5695	1.45208	6.104672
5568	-374.705	-534.5766	159.8716	1.135228	8.258579
5574	-358.878	-521.4621	162.5841	1.883037	6.42787
5580	-346.0536	-507.9305	161.8769	1.574231	6.959424
5586	-352.4786	-513.0789	160.6004	1.80356	7.533852
5592	-345.8216	-508.848	163.0263	2.019411	6.124246
5598	-365.3561	-529.0867	163.7306	2.295771	5.615428
5604	-366.9752	-531.212	164.2367	1.847947	5.542745
5610	-354.4314	-516.8408	162.4093	1.796257	6.563675
5616	-361.7908	-523.49	161.6992	1.72515	6.981195
5622	-353.8522	-517.8121	163.9598	2.477766	5.410975
5628	-361.1329	-523.6939	162.5611	1.49203	6.631458
5634	-359.8753	-525.0968	165.2216	1.354682	5.249651
5640	-372.8304	-537.0289	164.1985	3.147849	5.010579
5646	-369.5593	-533.4182	163.859	3.090857	5.220401
5652	-356.2438	-520.0314	163.7876	1.943848	5.743644
5658	-370.8062	-532.272	161.4658	1.943848	7.003719
5664	-363.2267	-525.9257	162.699	2.015951	6.3038
5670	-356.6989	-519.3695	162.6706	1.838352	6.402065
5676	-363.8329	-527.6758	163.8429	1.699957	5.830581
5682	-359.4525	-520.337	160.8845	2.118686	7.237243
5688	-370.8235	-529.4325	158.6089	2.722872	8.202213
5694	-362.8271	-526.0827	163.2556	2.722872	5.696628
5700	-349.6539	-512.7986	163.1446	2.722872	5.757413
5706	-359.1677	-522.1309	162.9632	2.236072	6.061289
5712	-352.6769	-515.426	162.7491	2.236072	6.177848
5718	-352.5774	-515.3572	162.7798	2.173626	6.188766
5724	-362.808	-523.2381	160.4301	1.725596	7.662061
5730	-359.0001	-521.2134	162.2133	1.304973	6.915609
5736	-349.5298	-511.8612	162.3314	1.669544	6.667124
5742	-354.9592	-517.2945	162.3353	1.639741	6.679619
5748	-363.1836	-528.2342	165.0507	1.51135	5.26193
5754	-351.0905	-513.3713	162.2808	1.51631	6.770621
5760	-359.833	-522.1217	162.2887	1.546113	6.751354
5766	-353.6677	-515.4498	161.7821	1.558922	7.018085
5772	-361.3897	-521.6814	160.2918	1.858193	7.673385
5778	-357.7606	-520.5074	162.7467	1.858193	6.351352
5784	-356.5301	-519.078	162.5479	2.058058	6.366648
5790	-347.5243	-510.2941	162.7698	1.488492	6.520316
5796	-354.7262	-516.6089	161.8828	1.824253	6.834867
5802	-347.0082	-508.9693	161.961	1.65433	6.874519
5808	-351.4294	-512.221	160.7916	1.380623	7.639763
5814	-364.5598	-527.4301	162.8703	1.622769	6.398398
5820	-376.497	-538.0412	161.5443	1.770592	7.042791
5826	-362.4591	-525.8297	163.3706	1.301452	6.291361
5832	-363.3082	-526.4623	163.154	1.528993	6.291361
5838	-369.3155	-529.7335	160.418	1.19566	7.935512
5844	-363.1975	-525.0753	161.8778	1.381235	7.056674
5850	-358.649	-520.8624	162.2134	1.574978	6.777571
5856	-357.2023	-519.0738	161.8715	1.286324	7.10941
5862	-357.2653	-519.5613	162.296	1.741626	6.651207
5868	-363.3962	-525.908	162.5118	1.744245	6.533158
5874	-355.5757	-518.7204	163.1448	1.744245	6.189691
5880	-354.0786	-514.7847	160.7061	1.744245	7.505386
5886	-349.7202	-510.8261	161.1059	1.619414	7.35154
5892	-354.4047	-518.212	163.8074	1.270687	6.070036
5898	-352.7209	-517.1613	164.4404	1.377509	5.667548
5904	-369.3154	-530.407	161.0916	1.153563	7.597782
5910	-370.2982	-530.2605	159.9623	1.40818	8.068584
5916	-368.4134	-530.1264	161.713	1.485986	7.091862
5922	-358.2816	-519.5649	161.2833	1.0995	7.523867
5928	-359.1453	-520.8698	161.7245	1.189052	7.239633
5934	-359.8214	-521.3032	161.4817	1.439801	7.239633
5940	-357.003	-516.9111	159.9081	1.331968	8.136441
5946	-364.7086	-526.6949	161.9863	1.681726	6.84749
5952	-364.4301	-525.4933	161.0632	1.911957	7.234953
5958	-359.3229	-521.9421	162.6192	1.735619	6.47916
5964	-366.9869	-529.2208	162.2339	1.443707	6.832784
5970	-373.62	-532.6202	159.0001	1.397386	8.585879
5976	-357.5484	-520.6481	163.0997	1.228017	6.477216
5982	-350.7595	-513.8044	163.0449	1.163733	6.541201
5988	-347.4683	-510.0498	162.5815	1.232033	6.755378
5994	-347.8376	-510.1745	162.337	1.337534	6.83194
6000	-364.4603	-526.6102	162.1499	1.534806	6.83194
6006	-352.3737	-514.7401	162.3664	1.423469	6.771642
6012	-369.8749	-531.4639	161.589	1.222852	7.294522
6018	-373.42	-534.4488	161.0289	1.896044	7.260779
6024	-358.1139	-520.9059	162.7921	1.896044	6.308917
6030	-360.026	-523.3666	163.3406	2.409112	5.780203
6036	-354.7724	-518.1367	163.3644	2.390418	5.775178
6042	-371.4533	-532.8346	161.3813	1.216828	7.409147
6048	-362.2639	-523.6619	161.3979	1.761374	7.125908
6054	-356.3518	-518.1136	161.7618	1.892623	6.867982
6060	-364.0293	-524.4073	160.378	1.588764	7.756344
6066	-355.7106	-517.8355	162.1249	1.807277	6.712219
6072	-371.1271	-533.2669	162.1398	1.790389	6.712219
6078	-369.5832	-531.7398	162.1566	1.995913	6.607001
6084	-357.0655	-519.3186	162.253	1.883359	6.607001
6090	-359.4021	-520.3568	160.9547	1.327261	7.579979
6096	-368.1628	-528.7271	160.5643	1.747041	7.579979
6102	-359.3214	-522.9891	163.6676	1.416776	6.069452
6108	-345.2823	-507.4397	162.1574	1.377016	6.908284
6114	-360.0966	-522.482	162.3854	1.472776	6.736149
6120	-367.9658	-530.4306	162.4648	1.590975	6.633798
6126	-360.2637	-523.0759	162.8122	1.343741	6.571935
6132	-354.6366	-516.3886	161.752	1.488592	7.069615
6138	-361.6102	-523.539	161.9288	1.252309	7.096427
6144	-357.9398	-521.5013	163.5615	1.788288	5.941299
6150	-365.83	-529.3102	163.4802	1.881071	5.941299
6156	-361.7348	-524.2017	162.4669	1.846891	6.508419
6162	-362.9135	-526.402	163.4884	1.503765	6.122331
6168	-358.3045	-520.8807	162.5762	1.94826	6.401687
6174	-357.8883	-520.9524	163.0641	1.38628	6.413341
6180	-354.2382	-517.11	162.8718	1.43889	6.490387
6186	-358.6482	-520.3495	161.7013	1.478008	7.102221
6192	-363.435	-524.9026	161.4676	1.82407	7.058663
6198	-370.2827	-529.1734	158.8907	1.502934	8.590973
6204	-359.185	-520.7417	161.5567	1.411961	7.213562
6210	-370.1645	-530.0869	159.9224	1.297448	8.146648
6216	-361.1887	-525.6461	164.4573	1.403681	5.644566
6222	-374.725	-536.9078	162.1828	2.12149	6.53596
6228	-368.5235	-529.9448	161.4213	2.124664	6.945791
6234	-360.4161	-523.0518	162.6357	1.516359	6.578782
6240	-354.6461	-515.2305	160.5843	1.689895	7.596708
6246	-354.0138	-517.3217	163.3078	1.060565	6.454373
6252	-362.3094	-524.0416	161.7322	1.275618	7.18989
6258	-358.2979	-520.3168	162.0189	1.631063	6.854718
6264	-361.303	-522.6974	161.3945	1.625173	7.193779
6270	-370.5132	-534.9371	164.4239	1.51769	5.603829
6276	-361.6591	-522.9572	161.2981	1.939672	7.095875
6282	-356.3824	-519.382	162.9996	1.21283	6.539535
6288	-345.1342	-508.3755	163.2413	1.574398	6.221044
6294	-350.8458	-514.9336	164.0878	1.501195	5.796515
6300	-349.42	-513.3906	163.9706	1.098144	6.073858
6306	-346.8385	-508.4915	161.653	1.738252	6.999728
6312	-345.5995	-507.6506	162.0511	1.328468	6.990734
6318	-343.6982	-505.7436	162.0454	1.328468	6.993795
6324	-340.8885	-505.1421	164.2536	1.291843	5.815172
6330	-348.6601	-513.6846	165.0245	1.130678	5.479223
6336	-344.2614	-506.3023	162.0409	1.838826	6.742645
6342	-333.1752	-495.9534	162.7782	1.340052	6.592232
6348	-344.9074	-507.4063	162.4989	1.340052	6.743209
6354	-342.9446	-506.7743	163.8298	1.104852	6.146919
6360	-345.1405	-508.8216	163.6811	1.25541	6.146919
6366	-353.285	-517.4258	164.1408	1.189174	5.931812
6372	-345.7194	-507.2506	161.5311	1.160437	7.358599
6378	-350.3902	-513.459	163.0688	1.202789	6.507405
6384	-352.8051	-515.6515	162.8464	1.027284	6.722012
6390	-346.7229	-509.7633	163.0404	1.027284	6.617149
6396	-347.4217	-511.5747	164.153	1.638656	5.691239
6402	-355.4188	-517.0591	161.6403	1.700046	7.025033
6408	-374.2003	-537.7362	163.5359	1.510282	6.093169
6414	-362.1719	-525.5355	163.3636	1.326771	6.281851
6420	-362.6352	-526.1658	163.5305	1.1563	6.281851
6426	-365.3686	-529.5275	164.159	1.351019	5.835622
6432	-364.6528	-527.238	162.5852	2.290136	6.243401
6438	-368.3071	-530.2977	161.9906	1.801789	6.787348
6444	-377.6394	-541.8666	164.2272	1.758081	5.591491
6450	-371.7664	-535.0926	163.3261	1.918551	6.007715
6456	-360.7896	-521.7721	160.9825	1.341702	7.557648
6462	-373.2059	-533.767	160.5611	1.859921	7.52843
6468	-384.0573	-546.6766	162.6193	1.599406	6.545972
6474	-371.5328	-534.8113	163.2786	2.105194	5.94765
6480	-366.376	-526.7942	160.4182	1.157083	7.955754
6486	-368.5782	-528.7842	160.206	1.0451	8.128307
6492	-366.1637	-527.2667	161.103	1.367315	7.479885
6498	-339.1688	-501.5539	162.3851	1.367315	6.790464
6504	-347.0635	-509.2901	162.2266	1.551455	6.782226
6510	-346.0989	-508.2347	162.1359	1.404558	6.905706
6516	-345.5469	-506.6306	161.0838	1.557118	7.394177
6522	-356.4233	-520.6462	164.2229	2.172863	5.399271
6528	-353.0498	-514.4027	161.3528	1.532212	7.262221
6534	-363.782	-524.7479	160.9659	1.060123	7.714741
6540	-348.0119	-510.4025	162.3906	1.412079	6.764416
6546	-363.5137	-525.4571	161.9434	1.412079	7.005504
6552	-364.7975	-525.7909	160.9934	1.543256	7.449529
6558	-362.2963	-524.435	162.1387	1.297952	6.959466
6564	-369.5268	-530.9822	161.4554	1.297952	7.326839
6570	-359.6835	-521.8101	162.1266	1.286755	6.971856
6576	-363.2473	-526.078	162.8306	1.260583	6.605633
6582	-378.7779	-540.9333	162.1555	1.404937	6.894929
6588	-365.9159	-527.0762	161.1603	1.335978	7.465323
6594	-351.7383	-515.3776	163.6393	1.185897	6.206846
6600	-361.0609	-521.4416	160.3807	1.566678	7.765824
6606	-355.992	-518.9079	162.9159	1.30711	6.534988
6612	-359.4676	-522.5015	163.0339	1.69419	6.274385
6618	-353.0657	-515.1617	162.096	1.803446	6.729625
6624	-351.5043	-515.2727	163.7685	2.119971	5.672937
6630	-354.3292	-517.9173	163.5881	1.386031	6.128756
6636	-347.2768	-509.3894	162.1126	1.800061	6.722286
6642	-359.3568	-522.3906	163.0338	1.20979	6.522626
6648	-358.9642	-521.8046	162.8404	1.409359	6.522626
6654	-369.4853	-528.8398	159.3545	1.249723	8.473533
6660	-357.3891	-521.1337	163.7446	1.313313	6.081664
6666	-352.6309	-514.9047	162.2737	1.639318	6.713115
6672	-352.3252	-514.7692	162.4439	1.576164	6.652444
6678	-354.3695	-516.1777	161.8082	1.069835	7.258244
6684	-356.9346	-518.4843	161.5497	1.114687	7.373015
6690	-351.0011	-511.617	160.6159	1.114687	7.872705
6696	-352.1341	-513.246	161.1118	1.534188	7.390554
6702	-358.6998	-521.0926	162.3928	1.546733	6.694823
6708	-346.1746	-508.1697	161.9951	1.096064	7.143785
6714	-354.9232	-516.2984	161.3752	1.627402	7.203063
6720	-359.2816	-520.105	160.8233	1.554127	7.535241
6726	-358.3688	-520.7818	162.413	1.297241	6.811973
6732	-353.441	-515.7527	162.3117	1.402414	6.811973
6738	-360.4674	-522.9059	162.4386	1.777054	6.557041
6744	-365.04	-526.7712	161.7311	1.161006	7.250961
6750	-354.4257	-516.8726	162.4469	1.50871	6.684741
6756	-351.9331	-514.2484	162.3153	1.651358	6.684741
6762	-351.363	-514.3408	162.9778	1.597993	6.352367
6768	-360.0147	-520.9983	160.9836	1.221978	7.619467
6774	-373.418	-533.3432	159.9252	1.359315	8.113263
6780	-352.8771	-514.3456	161.4685	1.315331	7.310782
6786	-356.0949	-518.1487	162.0538	1.512117	6.895158
6792	-378.2416	-541.8723	163.6307	1.844148	5.876676
6798	-372.1643	-535.8157	163.6514	1.820481	5.876676
6804	-379.7901	-541.7791	161.9891	1.54844	6.911834
6810	-367.7817	-530.1207	162.339	1.183746	6.911834
6816	-364.4471	-526.4765	162.0294	1.505173	6.911834
6822	-375.7646	-539.4031	163.6385	1.505173	6.039847
6828	-372.8594	-533.3943	160.5349	1.505173	7.71398
6834	-363.4449	-523.9672	160.5223	1.518639	7.71398
6840	-355.5609	-517.2743	161.7134	1.518639	7.075241
6846	-345.2452	-507.9868	162.7416	1.454354	6.552992
6852	-356.2468	-516.7813	160.5345	2.059904	7.451224
6858	-358.5541	-521.6247	163.0706	1.318052	6.445405
6864	-353.538	-516.1015	162.5635	1.555291	6.598219
6870	-353.1011	-513.9629	160.8618	1.555291	7.514086
6876	-358.0562	-519.935	161.8788	1.459095	7.016284
6882	-366.4482	-529.3107	162.8625	1.611639	6.40813
6888	-360.1576	-523.0098	162.8522	1.633977	6.402663
6894	-358.1729	-520.1508	161.9779	1.372304	7.007423
6900	-363.9097	-527.8017	163.892	1.372304	5.970304
6906	-363.7732	-527.433	163.6598	1.641061	5.959781
6912	-354.8766	-518.1006	163.2241	1.321527	6.360351
6918	-354.8599	-516.362	161.5021	1.449818	7.223612
6924	-370.7666	-529.9862	159.2196	1.505487	8.414987
6930	-381.3569	-543.4702	162.1133	1.595481	6.821422
6936	-375.5337	-537.7082	162.1745	1.788903	6.694171
6942	-376.8913	-538.1234	161.2321	1.209237	7.493113
6948	-372.2936	-535.7075	163.4138	2.00672	5.918798
6954	-353.4711	-514.8323	161.3612	1.623405	7.212519
6960	-356.5997	-517.7553	161.1555	1.969432	7.158872
6966	-366.108	-528.8033	162.6953	1.917987	6.351157
6972	-364.9263	-524.8197	159.8933	2.111628	7.77132
6978	-358.5717	-518.6327	160.0609	1.468894	7.985285
6984	-357.0697	-518.5998	161.5301	1.894863	6.991763
6990	-366.6891	-529.4955	162.8064	1.204588	6.648448
6996	-372.3489	-532.9925	160.6436	1.936768	7.44865
7002	-362.1679	-523.7357	161.5678	1.231492	7.301326
7008	-366.784	-527.8705	161.0865	1.368596	7.48807
7014	-363.1112	-524.1146	161.0035	1.455762	7.48807
7020	-361.3878	-524.2512	162.8634	1.395655	6.517231
7026	-361.6028	-524.7041	163.1013	1.715227	6.227459
7032	-365.9586	-526.7673	160.8087	1.696151	7.473545
7038	-363.4953	-524.3792	160.884	1.385099	7.588065
7044	-347.8638	-511.0914	163.2276	1.424079	6.305031
7050	-354.7786	-517.555	162.7764	1.493117	6.514377
7056	-349.5274	-513.6327	164.1053	1.493117	5.791095
7062	-355.4725	-518.2557	162.7832	0.8919007	6.829083
7068	-353.0772	-516.448	163.3709	1.361154	6.259879
7074	-358.9889	-522.0628	163.0739	2.154731	6.037011
7080	-352.4639	-515.7964	163.3325	1.52653	6.19561
7086	-365.2748	-527.4532	162.1784	1.445933	6.861565
7092	-346.6229	-510.3499	163.727	1.439897	6.025142
7098	-358.7877	-520.822	162.0343	1.617052	6.853343
7104	-361.5557	-525.8587	164.303	1.489509	5.684647
7110	-357.3393	-518.7592	161.4198	1.931235	7.034271
7116	-345.0889	-507.6494	162.5605	1.228616	6.768516
7122	-356.2235	-517.8446	161.6211	0.8913027	7.454238
7128	-350.5554	-512.2247	161.6693	1.736332	6.991881
7134	-354.9911	-517.4541	162.4631	0.9477373	6.971687
7140	-363.2665	-522.3739	159.1074	1.178735	8.641781
7146	-369.3233	-529.9014	160.578	1.720117	7.585531
7152	-356.5348	-516.3277	159.7929	1.367125	8.17973
7158	-368.0128	-526.4271	158.4144	1.322505	8.934662
7164	-361.3018	-521.7571	160.4554	1.328107	7.846518
7170	-350.3939	-512.1068	161.713	1.086568	7.300428
7176	-359.4085	-520.7077	161.2992	1.369791	7.373428
7182	-360.6067	-519.4305	158.8238	1.49971	8.628107
7188	-360.3827	-522.2461	161.8634	1.850383	6.832959
7194	-369.0528	-530.4661	161.4133	1.431323	7.280705
7200	-377.0156	-540.339	163.3234	1.190611	6.375886
7206	-379.4209	-538.8771	159.4563	1.190611	8.450296
7212	-369.0074	-530.2	161.1925	0.9169378	7.670041
7218	-377.8956	-541.1401	163.2445	1.823836	6.097048
7224	-369.4721	-530.0119	160.5398	1.198725	7.868911
7230	-353.0999	-515.2674	162.1675	1.261937	6.962868
7236	-358.0577	-520.0754	162.0177	1.614797	6.863392
7242	-360.9019	-521.8202	160.9183	1.627177	7.448324
7248	-355.0979	-516.1967	161.0988	1.400033	7.46533
7254	-351.716	-516.8814	165.1654	1.078349	5.430337
7260	-355.5508	-518.8192	163.2684	1.729949	6.129357
7266	-356.7445	-519.6657	162.9213	1.681028	6.341981
7272	-356.617	-520.2544	163.6374	1.285677	6.154651
7278	-351.3853	-513.524	162.1387	1.198561	7.011855
7284	-363.4755	-523.4309	159.9554	1.591406	7.980719
7290	-359.5919	-521.8246	162.2327	1.591406	6.758983
7296	-364.6977	-526.6764	161.9786	1.591406	6.89605
7302	-352.7725	-517.7078	164.9353	1.465509	5.349407
7308	-351.7059	-515.2258	163.5199	1.422804	6.146778
7314	-350.6598	-512.7246	162.0648	1.79359	6.751183
7320	-363.4502	-524.959	161.5088	1.119987	7.392109
7326	-360.0739	-520.8936	160.8197	1.407596	7.610951
7332	-351.8561	-512.5426	160.6865	1.54916	7.610951
7338	-351.2328	-514.6006	163.3678	1.620285	6.12929
7344	-349.9261	-512.6756	162.7496	1.847914	6.354678
7350	-356.8422	-517.7047	160.8626	1.194547	7.698632
7356	-349.2963	-512.9042	163.6079	1.383447	6.119303
7362	-350.8692	-513.9414	163.0722	1.855901	6.175569
7368	-359.3229	-520.7249	161.402	2.154147	6.94314
7374	-357.7836	-521.1976	163.4139	1.408318	6.211934
7380	-341.1233	-503.5485	162.4252	1.403733	6.75003
7386	-361.8765	-525.3816	163.5051	1.403733	6.164712
7392	-350.0691	-512.2607	162.1917	1.265682	6.947867
7398	-348.9735	-510.7913	161.8178	1.18608	7.191092
7404	-364.3675	-524.868	160.5005	1.490314	7.739832
7410	-374.6799	-536.2043	161.5244	1.069061	7.410953
7416	-357.524	-518.837	161.313	1.577678	7.261003
7422	-358.1713	-521.7083	163.5371	1.507332	6.094031
7428	-357.6762	-521.3185	163.6423	2.277686	5.671805
7434	-354.2816	-515.9587	161.6771	1.204016	7.25718
7440	-382.7074	-543.2399	160.5324	2.195954	7.392182
7446	-372.4054	-535.5214	163.116	1.913205	6.124703
7452	-366.6849	-527.9739	161.289	1.604975	7.260354
7458	-371.4641	-532.7423	161.2781	1.616863	7.260354
7464	-370.2662	-531.0031	160.737	1.383686	7.667434
7470	-354.6353	-518.5638	163.9285	1.39905	5.936388
7476	-353.6895	-515.4208	161.7313	1.39905	7.126328
7482	-357.7803	-519.8844	162.1041	2.418691	6.449478
7488	-349.3472	-511.611	162.2638	1.972861	6.559547
7494	-362.8191	-525.1879	162.3688	2.51873	6.263969
7500	-363.2144	-525.8942	162.6798	2.066084	6.291418
7506	-367.6404	-528.5371	160.8967	1.657397	7.445164
7512	-380.7798	-542.8486	162.0688	1.507088	6.889633
7518	-372.6376	-533.6951	161.0575	1.324903	7.52618
7524	-371.534	-535.6969	164.1629	1.148388	5.94176
7530	-359.4627	-520.4162	160.9535	1.485714	7.499742
7536	-356.227	-517.5868	161.3598	1.067995	7.499742
7542	-367.6066	-531.8195	164.2129	1.51629	5.720265
7548	-358.0951	-521.2863	163.1911	0.9497326	6.577557
7554	-364.616	-527.3357	162.7197	1.24843	6.672032
7560	-369.4895	-533.2957	163.8061	1.63502	5.882877
7566	-371.3338	-534.1152	162.7813	1.515319	6.500437
7572	-361.5566	-521.1431	159.5864	1.502874	8.221123
7578	-360.881	-522.9467	162.0657	1.502874	6.893432
7584	-372.7674	-535.0169	162.2495	1.574007	6.758591
7590	-368.0873	-526.9766	158.8894	1.459738	8.613248
7596	-359.0193	-520.297	161.2777	1.845158	7.150869
7602	-367.0826	-528.9247	161.8421	1.237395	7.150869
7608	-354.8196	-517.4376	162.6181	1.394191	6.650745
7614	-363.8502	-525.2569	161.4067	1.289218	7.357532
7620	-344.2366	-506.8777	162.6411	1.888277	6.394466
7626	-351.9987	-515.0099	163.0112	1.478638	6.394466
7632	-363.9678	-526.6918	162.724	1.793559	6.394466
7638	-350.1039	-513.946	163.8421	1.408517	5.978619
7644	-360.7073	-524.8802	164.173	1.454894	5.773725
7650	-364.567	-527.3514	162.7844	1.955793	6.285197
7656	-369.049	-531.0151	161.9662	1.955793	6.728369
7662	-394.4017	-556.0311	161.6294	1.500208	7.129667
7668	-376.8044	-538.9635	162.1592	1.405057	6.892882
7674	-369.8651	-530.2915	160.4265	1.397036	7.826578
7680	-369.4938	-530.373	160.8792	1.420252	7.572632
7686	-360.355	-521.2342	160.8792	1.420252	7.572632
7692	-355.4626	-518.0928	162.6302	1.592589	6.543505
7698	-365.0589	-526.6386	161.5797	0.878032	7.483485
7704	-363.0907	-524.0234	160.9327	1.416347	7.546018
7710	-360.0176	-520.7693	160.7517	1.575778	7.562855
7716	-362.9605	-526.6737	163.7133	2.205337	5.664868
7722	-352.1805	-516.7387	164.5582	2.047208	5.271659
7728	-348.7074	-512.9296	164.2222	1.81502	5.566559
7734	-353.9673	-518.4575	164.4901	1.230348	5.718571
7740	-353.7718	-513.5402	159.7684	1.759788	7.999205
7746	-357.629	-518.4318	160.8027	1.759788	7.446193
7752	-357.1689	-520.4985	163.3296	1.940107	5.995733
7758	-345.438	-509.8888	164.4508	2.01014	5.348157
7764	-346.8976	-510.3348	163.4371	1.628709	6.087334
7770	-342.8088	-506.4421	163.6333	1.306072	6.146093
7776	-340.1339	-502.147	162.0131	1.44431	6.951509
7782	-349.6293	-509.8032	160.1739	1.655315	7.832902
7788	-343.4147	-504.3656	160.9509	1.417345	7.535746
7794	-358.7078	-520.8324	162.1246	1.277004	6.978058
7800	-373.8551	-535.1498	161.2947	1.319612	7.4018
7806	-369.3565	-531.7268	162.3703	1.378691	6.792602
7812	-362.1962	-524.5665	162.3703	1.378691	6.792602
7818	-351.7079	-514.432	162.7241	1.492346	6.543066
7824	-343.1321	-505.9526	162.8204	1.626325	6.423652
7830	-359.3573	-521.7609	162.4035	1.710971	6.607898
7836	-344.7289	-507.2188	162.4899	1.454163	6.689204
7842	-357.8214	-518.9958	161.1744	1.453004	7.397861
7848	-361.2969	-522.3706	161.0737	1.073242	7.650101
7854	-351.7582	-515.0902	163.332	1.655275	6.131415
7860	-355.911	-519.4981	163.5871	1.986428	5.833503
7866	-358.5769	-521.7467	163.1698	1.785208	6.156294
7872	-351.4347	-515.3236	163.8889	1.448429	5.932394
7878	-364.1802	-526.0797	161.8995	1.042466	7.223892
7884	-363.395	-525.8182	162.4232	1.120255	6.900336
7890	-355.9358	-517.9059	161.9701	1.24629	7.077367
7896	-355.2058	-517.0764	161.8705	1.348804	7.077367
7902	-350.1606	-512.2458	162.0852	1.779433	6.746948
7908	-351.3022	-513.9609	162.6587	1.169529	6.746948
7914	-356.8335	-518.4257	161.5922	1.544197	7.127589
7920	-365.9997	-526.2164	160.2167	1.139362	8.07258
7926	-345.4887	-508.5183	163.0296	1.226074	6.51625
7932	-346.2625	-508.7771	162.5146	1.226074	6.794671
7938	-349.8126	-511.7218	161.9091	1.490754	6.983916
7944	-352.5848	-516.1459	163.5611	1.336238	6.169485
7950	-348.664	-511.6069	162.9429	1.604854	6.367879
7956	-356.1375	-518.6642	162.5268	1.382909	6.705907
7962	-357.4194	-520.0094	162.59	1.434948	6.64495
7968	-349.0741	-511.5604	162.4863	1.278219	6.782381
7974	-347.1242	-511.5468	164.4226	1.77833	5.474192
7980	-351.9332	-513.4732	161.54	2.440233	6.745598
7986	-348.5729	-511.4194	162.8465	1.642881	6.401317
7992	-359.5112	-521.8101	162.2989	1.82114	6.61155
7998	-349.6257	-512.9325	163.3068	1.289208	6.332493
8004	-341.3993	-502.4272	161.0279	1.678648	7.364468
8010	-355.5214	-517.2783	161.7569	2.00309	6.819634
8016	-353.4316	-517.0336	163.6021	2.445075	5.621569
8022	-360.1383	-521.9567	161.8183	2.026651	6.775755
8028	-361.9319	-523.3302	161.3983	1.477162	7.265492
8034	-364.206	-526.0251	161.8191	1.619965	6.967905
8040	-360.7949	-521.4425	160.6476	1.626865	7.593477
8046	-356.1172	-516.6089	160.4917	1.631557	7.674576
8052	-382.3945	-542.2523	159.8578	1.33302	8.162669
8058	-372.1833	-532.6788	160.4956	1.735432	7.622334
8064	-353.2763	-516.2955	163.0192	1.740627	6.259696
8070	-351.5156	-514.5117	162.9961	1.740627	6.272295
8076	-347.9066	-509.9664	162.0598	1.432825	6.932207
8082	-372.0794	-533.4401	161.3607	1.107815	7.477983
8088	-361.3143	-523.0311	161.7168	0.9178616	7.388774
8094	-367.8348	-530.4307	162.5959	1.522859	6.596994
8100	-360.2324	-523.4746	163.2422	1.966414	6.031134
8106	-359.0584	-519.0433	159.9849	1.123794	8.204283
8112	-352.3237	-512.8025	160.4788	1.565582	7.713905
8118	-348.5339	-511.2493	162.7154	1.655868	6.466009
8124	-350.7006	-509.7106	159.0101	1.584934	8.487124
8130	-350.2201	-512.9657	162.7456	1.622714	6.466007
8136	-363.0752	-523.8787	160.8035	1.504298	7.570738
8142	-365.328	-524.377	159.049	1.70612	8.407791
8148	-360.851	-523.451	162.6001	1.480662	6.616135
8154	-356.5513	-517.9521	161.4008	1.847298	7.083647
8160	-359.9504	-521.2758	161.3254	1.278956	7.406484
8166	-359.5992	-521.7085	162.1093	1.801155	6.723557
8172	-363.7988	-525.3074	161.5086	1.111478	7.396765
8178	-349.8889	-512.2331	162.3441	1.598924	6.695054
8184	-369.8545	-531.2199	161.3653	1.614006	7.214922
8190	-359.2471	-520.2743	161.0271	1.997816	7.214922
8196	-352.6023	-514.4086	161.8063	1.570347	6.999342
8202	-378.3303	-540.6916	162.3612	1.852127	6.563162
8208	-370.3526	-532.3118	161.9592	1.444664	6.980358
8214	-352.4877	-513.5131	161.0254	1.289746	7.561611
8220	-360.0278	-522.8977	162.8699	1.813661	6.30568
8226	-355.4194	-516.6004	161.181	1.310692	7.467367
8232	-343.8517	-505.4545	161.6028	1.654906	7.067209
8238	-347.7428	-510.9499	163.2071	1.440358	6.307786
8244	-368.0828	-529.2029	161.1201	1.602687	7.352183
8250	-350.5283	-512.2034	161.6751	1.415776	7.147986
8256	-358.2833	-520.1708	161.8875	1.303875	7.091627
8262	-350.7298	-511.6293	160.8994	1.451654	7.545887
8268	-366.4738	-528.2045	161.7307	1.302969	7.1764
8274	-378.6493	-538.9132	160.2639	1.459055	7.881939
8280	-353.7704	-516.6278	162.8574	1.821217	6.308847
8286	-362.9882	-524.9746	161.9864	1.881687	6.751902
8292	-360.518	-522.4683	161.9502	1.258725	7.081512
8298	-353.1038	-515.0653	161.9615	1.247213	7.081512
8304	-358.2908	-520.8385	162.5477	1.629516	6.569809
8310	-364.6403	-526.4763	161.8359	1.429128	7.054642
8316	-359.2967	-521.8616	162.565	1.826956	6.464754
8322	-363.5597	-525.4457	161.8859	1.911746	6.792091
8328	-359.5405	-522.0913	162.5508	1.519429	6.623143
8334	-369.9554	-531.4293	161.4739	1.256267	7.338731
8340	-359.0453	-520.6997	161.6544	1.073672	7.338731
8346	-373.9683	-531.9904	158.0221	1.482405	9.061582
8352	-365.7449	-526.5999	160.855	1.369368	7.611656
8358	-362.4634	-524.2038	161.7405	1.369368	7.136691
8364	-355.7402	-517.6946	161.9543	1.369368	7.021618
8370	-359.6884	-521.4116	161.7232	1.615741	7.021618
8376	-365.0303	-526.0459	161.0156	1.804062	7.311028
8382	-366.9483	-529.422	162.4737	2.494539	6.217036
8388	-356.6149	-517.5251	160.9103	1.928284	7.309527
8394	-356.2444	-518.7783	162.5339	1.254272	6.769314
8400	-360.2058	-520.3818	160.1761	1.646442	7.836049
8406	-356.8518	-519.3625	162.5107	1.256543	6.780625
8412	-361.3696	-524.1796	162.81	2.143989	6.185516
8418	-367.0174	-529.398	162.3806	1.48973	6.730131
8424	-366.8242	-528.2186	161.3945	1.677295	7.168317
8430	-360.8249	-521.4437	160.6187	1.492823	7.675351
8436	-359.8814	-522.2022	162.3208	1.738436	6.639345
8442	-352.5873	-516.5149	163.9277	1.759589	5.755004
8448	-359.0903	-520.4333	161.343	1.630866	7.218638
8454	-360.4989	-523.2819	162.7831	1.664495	6.425076
8460	-349.8632	-510.575	160.7118	1.38136	7.682079
8466	-349.5133	-512.127	162.6137	1.247913	6.729578
8472	-346.7166	-509.7878	163.0711	1.115086	6.553149
8478	-360.5382	-520.1571	159.6189	0.9560456	8.487997
8484	-369.2352	-532.723	163.4878	1.289602	6.233912
8490	-366.3318	-527.5862	161.2544	1.619101	7.27202
8496	-355.3181	-518.6758	163.3577	1.703135	6.093831
8502	-356.6439	-516.9051	160.2612	1.374431	7.926339
8508	-360.0859	-523.8763	163.7904	1.310527	6.058196
8514	-346.48	-510.5235	164.0434	1.120733	6.021921
8520	-364.2816	-524.2821	160.0005	1.405949	8.049364
8526	-359.9699	-523.4815	163.5116	1.224032	6.255857
8532	-364.6814	-528.4542	163.7728	1.032804	6.217
8538	-360.2295	-522.3047	162.0752	1.512933	6.883221
8544	-360.503	-522.9202	162.4172	1.512933	6.698653
8550	-351.9076	-516.0743	164.1667	1.455509	5.776854
8556	-348.2043	-509.2895	161.0852	1.372949	7.486502
8562	-370.683	-532.2425	161.5595	0.8926976	7.486502
8568	-357.2939	-518.383	161.0892	1.509709	7.414954
8574	-353.8866	-516.6873	162.8007	1.261803	6.621143
8580	-356.7913	-520.1877	163.3963	1.349566	6.252104
8586	-350.7895	-514.3082	163.5187	1.527138	6.093979
8592	-360.1577	-522.5489	162.3912	1.066996	6.946181
8598	-360.7393	-523.2339	162.4946	1.017912	6.916897
8604	-355.5271	-516.7032	161.1762	1.202809	7.526452
8610	-351.061	-512.6868	161.6258	1.595356	7.084106
8616	-344.4855	-507.7702	163.2847	1.319402	6.32854
8622	-353.1348	-516.2995	163.1647	1.319402	6.393656
8628	-358.6075	-520.6354	162.0279	1.384207	6.974331
8634	-365.222	-525.9963	160.7743	1.635795	7.52126
8640	-359.9857	-523.826	163.8403	1.655511	5.854008
8646	-362.5279	-524.9326	162.4046	1.367013	6.780111
8652	-359.8121	-520.2426	160.4305	1.533435	7.755694
8658	-355.2076	-515.6886	160.481	1.479457	7.755694
8664	-355.0312	-516.0412	161.01	1.617141	7.404084
8670	-359.0022	-521.536	162.5337	1.260806	6.765954
8676	-350.9417	-512.0834	161.1417	1.392179	7.446398
8682	-348.0504	-509.8762	161.8257	1.801882	6.876241
8688	-347.2969	-510.3384	163.0415	0.9739756	6.645409
8694	-344.1767	-507.4206	163.2439	1.314946	6.353026
8700	-364.7534	-527.9885	163.2351	1.271736	6.38064
8706	-365.8093	-525.8956	160.0863	1.159399	8.131493
8712	-367.4307	-529.0207	161.5901	2.020633	6.901616
8718	-360.7983	-522.5368	161.7385	1.659328	6.991991
8724	-354.7633	-516.2464	161.4831	1.994351	6.971245
8730	-353.7562	-517.2934	163.5372	1.592148	6.05106
8736	-359.8296	-523.1982	163.3685	2.131795	5.88651
8742	-354.7284	-517.0723	162.3439	1.445828	6.772341
8748	-351.654	-514.7954	163.1414	1.966439	6.086054
8754	-360.3506	-521.6397	161.2891	1.483012	7.321129
8760	-366.554	-527.8431	161.2891	1.483012	7.321129
8766	-352.6459	-515.3413	162.6954	1.494557	6.557502
8772	-351.0641	-511.3151	160.251	1.333341	7.952891
8778	-345.5376	-509.4427	163.9051	1.409614	5.943685
8784	-348.4699	-512.4075	163.9375	1.496539	5.881058
8790	-345.8967	-509.322	163.4253	1.257028	6.285165
8796	-349.3081	-513.9926	164.6844	1.319191	5.564459
8802	-344.0022	-507.0436	163.0414	1.132008	6.560144
8808	-351.7562	-515.8984	164.1422	1.073569	5.993667
8814	-362.5287	-522.0288	159.5001	1.140873	8.453148
8820	-371.0668	-532.9686	161.9018	1.292979	7.089598
8826	-376.8138	-536.7771	159.9632	1.076309	8.240993
8832	-370.8564	-532.5373	161.6809	0.8232207	7.458191
8838	-359.0457	-519.3644	160.3187	0.9049676	8.142819
8844	-358.1999	-519.8165	161.6167	1.053408	7.369846
8850	-352.8862	-514.0085	161.1223	1.291124	7.509003
8856	-365.6091	-528.1426	162.5335	1.324327	6.732726
8862	-359.0981	-518.8273	159.7291	1.319313	8.238242
8868	-365.4127	-525.874	160.4613	1.079805	7.97375
8874	-367.8273	-528.3535	160.5261	1.308712	7.818745
8880	-356.6136	-517.259	160.6454	1.186861	7.818745
8886	-353.8449	-517.5448	163.7	1.172063	6.181267
8892	-358.4924	-522.1607	163.6682	1.172063	6.198521
8898	-363.9621	-527.6751	163.713	1.08294	6.222299
8904	-368.657	-530.5855	161.9285	1.095077	7.1801
8910	-357.5086	-518.9307	161.4221	1.610102	7.186351
8916	-362.0039	-524.4676	162.4637	1.286647	6.790175
8922	-364.8495	-526.8479	161.9985	1.577971	6.892045
8928	-362.5923	-524.6573	162.0649	1.506445	6.892045
8934	-368.5165	-530.1304	161.614	1.513424	7.131328
8940	-371.6253	-532.9637	161.3383	1.659978	7.206911
8946	-362.1103	-523.784	161.6737	1.993183	6.869022
8952	-344.8139	-507.6401	162.8262	1.807943	6.332137
8958	-350.1064	-513.1801	163.0737	1.534586	6.332137
8964	-361.9881	-522.6231	160.635	0.9630666	7.943303
8970	-361.5127	-521.5298	160.0171	1.546068	7.970175
8976	-358.4139	-519.7727	161.3588	1.546068	7.252114
8982	-365.596	-526.9805	161.3845	1.797028	7.116147
8988	-366.212	-528.1889	161.977	1.833921	6.779469
8994	-365.0619	-525.112	160.0501	1.371551	8.040431
9000	-355.2651	-518.5585	163.2934	1.073328	6.455305
9006	-344.338	-505.947	161.609	1.603231	7.089239
9012	-352.0899	-512.9662	160.8763	1.420859	7.57391
9018	-339.6785	-503.7336	164.0552	1.354436	5.890553
9024	-346.0548	-508.8844	162.8296	2.043662	6.22021
9030	-341.4723	-504.216	162.7437	1.299527	6.632139
9036	-356.3264	-519.3272	163.0008	1.587442	6.345188
9042	-354.6033	-516.2855	161.6821	1.265246	7.222216
9048	-350.6656	-511.9331	161.2675	1.115804	7.52368
9054	-352.4655	-512.5808	160.1153	1.839487	7.77647
9060	-353.4755	-516.7057	163.2302	1.839487	6.097386
9066	-349.1485	-511.5487	162.4001	1.497698	6.715563
9072	-358.9765	-521.6896	162.7131	1.579597	6.5051
9078	-348.2287	-511.8859	163.6572	1.709938	5.927151
9084	-341.4279	-502.7618	161.3339	1.902121	7.094028
9090	-337.2609	-500.7382	163.4774	2.085575	5.847946
9096	-362.742	-525.2648	162.5228	2.077644	6.371383
9102	-366.4611	-530.088	163.6269	1.63454	5.980966
9108	-362.1671	-523.7687	161.6016	1.737123	7.027981
9114	-372.564	-533.5055	160.9414	1.259622	7.62228
9120	-365.1005	-526.7729	161.6723	1.338317	7.189367
9126	-369.6653	-531.0808	161.4155	1.611154	7.189367
9132	-360.8838	-523.8285	162.9447	1.931248	6.209506
9138	-359.9706	-522.3934	162.4228	1.630181	6.637052
9144	-373.5341	-533.3478	159.8137	1.515867	8.093612
9150	-357.9653	-520.1315	162.1661	1.691513	6.745666
9156	-353.2804	-516.0449	162.7645	1.773176	6.382276
9162	-351.7516	-514.47	162.7185	1.43059	6.577681
9168	-359.8548	-520.6467	160.7919	1.43059	7.614144
9174	-369.7052	-530.1592	160.454	1.236051	7.895109
9180	-367.8304	-530.825	162.9946	1.663452	6.310806
9186	-365.6355	-527.0337	161.3982	1.200286	7.408804
9192	-356.2292	-517.6312	161.402	1.191273	7.41154
9198	-343.148	-507.8302	164.6822	1.153082	5.65503
9204	-353.5603	-515.6332	162.0729	1.673317	6.804872
9210	-361.2654	-523.7721	162.5067	1.426127	6.69447
9216	-359.5544	-524.266	164.7117	1.157135	5.636682
9222	-350.6565	-513.2655	162.609	1.352291	6.677361
9228	-346.9624	-509.9342	162.9717	2.012452	6.15716
9234	-343.1363	-506.3716	163.2353	1.396702	6.315047
9240	-355.517	-515.3534	159.8364	1.208078	8.238942
9246	-362.7714	-522.4154	159.644	1.571092	8.156687
9252	-367.1522	-529.7939	162.6417	1.571092	6.548001
9258	-361.9969	-523.0328	161.036	1.08641	7.663253
9264	-377.1866	-537.9666	160.7801	1.114077	7.785321
9270	-346.0567	-507.5249	161.4682	1.530546	7.201096
9276	-347.5688	-511.0787	163.5098	1.530546	6.097064
9282	-335.8616	-499.5932	163.7316	1.99006	5.752722
9288	-353.8084	-515.737	161.9286	2.09854	6.683732
9294	-365.7229	-528.5905	162.8676	1.610032	6.406148
9300	-366.8023	-528.5614	161.7591	1.608772	7.00572
9306	-372.1382	-534.4775	162.3394	1.903538	6.550835
9312	-365.5661	-526.7225	161.1564	1.500299	7.383629
9318	-373.59	-536.9178	163.3278	2.003037	5.967454
9324	-374.4589	-536.7842	162.3253	1.215564	6.902301
9330	-373.0468	-534.553	161.5062	1.58857	7.151802
9336	-364.255	-527.0508	162.7958	1.497923	6.501422
9342	-373.7724	-535.3614	161.589	1.760782	7.023411
9348	-360.8207	-523.0765	162.2559	1.578009	6.753137
9354	-351.0739	-512.0124	160.9384	1.276278	7.615182
9360	-371.6019	-533.4241	161.8222	1.616557	6.967925
9366	-381.1145	-542.8749	161.7604	1.684475	6.967925
9372	-364.9956	-526.5239	161.5282	1.392581	7.238784
9378	-360.4008	-522.6698	162.2691	1.278635	6.899361
9384	-363.157	-524.9735	161.8166	1.304908	7.129225
9390	-358.0229	-519.7254	161.7025	1.423614	7.129225
9396	-368.8415	-532.8354	163.994	1.33761	5.93285
9402	-353.004	-516.9533	163.9493	1.571281	5.836619
9408	-347.8181	-510.334	162.5159	1.682971	6.560745
9414	-357.0664	-521.2849	164.2186	1.980268	5.490048
9420	-363.3376	-526.9713	163.6336	1.283073	6.158075
9426	-346.5868	-510.6858	164.099	1.246499	5.923856
9432	-361.3629	-525.5816	164.2187	1.246499	5.858477
9438	-346.0625	-509.1348	163.0723	0.9996746	6.614828
9444	-356.4841	-519.484	162.9999	1.416908	6.432304
9450	-355.0625	-517.9608	162.8983	1.030823	6.692081
9456	-348.9666	-512.1211	163.1545	1.127178	6.501487
9462	-353.3379	-516.0756	162.7377	1.016623	6.78649
9468	-357.2278	-519.1389	161.9111	1.62968	6.913551
9474	-357.9819	-519.0487	161.0668	0.8821056	7.755785
9480	-347.7785	-510.7876	163.0091	0.8328437	6.738617
9486	-338.7578	-501.2482	162.4903	1.194865	6.82431
9492	-348.0434	-510.1299	162.0865	1.194865	7.041922
9498	-348.2982	-508.1739	159.8757	1.391594	8.123136
9504	-337.005	-498.8583	161.8533	0.9681869	7.288555
9510	-341.0904	-505.0675	163.9771	1.190036	6.020677
9516	-338.4249	-502.742	164.3171	1.190036	5.835027
9522	-345.2602	-506.8652	161.605	1.849567	6.972668
9528	-352.2133	-513.2295	161.0162	1.33291	7.544153
9534	-345.8675	-510.3686	164.5011	1.487502	5.576989
9540	-356.4126	-519.5297	163.1171	1.27964	6.440443
9546	-351.5713	-513.3806	161.8093	1.27964	7.146339
9552	-355.3221	-517.3518	162.0298	1.070838	7.138668
9558	-357.3233	-519.5671	162.2438	1.342127	6.879791
9564	-344.9454	-506.7046	161.7592	1.324667	7.149758
9570	-341.9781	-504.189	162.211	1.512225	6.810353
9576	-348.3562	-511.4691	163.113	1.207361	6.481037
9582	-348.6952	-513.4012	164.706	1.474363	5.471148
9588	-343.6244	-505.6525	162.0281	1.5983	6.865976
9594	-345.3524	-508.2174	162.865	1.220985	6.608027
9600	-359.7065	-522.2624	162.5559	1.543921	6.608027
9606	-366.3145	-529.973	163.6585	1.402417	6.081881
9612	-362.5434	-523.3437	160.8003	1.204501	7.726679
9618	-358.4075	-518.955	160.5474	1.40425	7.758265
9624	-345.075	-506.826	161.751	1.386183	7.122357
9630	-347.8875	-510.338	162.4505	1.802178	6.538559
9636	-357.4286	-520.9795	163.5509	1.241498	6.225158
9642	-358.1093	-520.8549	162.7456	1.661148	6.44703
9648	-354.1371	-517.2691	163.1321	1.836755	6.152124
9654	-353.79	-516.9223	163.1323	1.180125	6.485134
9660	-368.8177	-528.0551	159.2374	1.80873	8.258989
9666	-371.5948	-531.5494	159.9546	1.409288	8.072136
9672	-384.9734	-543.6692	158.6958	1.450506	8.72057
9678	-379.8514	-541.7695	161.9181	1.723815	6.863833
9684	-370.3804	-531.1664	160.786	1.563824	7.550442
9690	-367.7781	-531.549	163.7709	1.569608	5.934934
9696	-377.1421	-537.6623	160.5202	1.761944	7.596501
9702	-367.3919	-527.9121	160.5202	1.761944	7.596501
9708	-371.647	-532.9025	161.2555	1.761944	7.202224
9714	-361.8396	-524.527	162.6874	1.446699	6.586211
9720	-364.3398	-524.6116	160.2718	1.513876	7.850226
9726	-351.0101	-513.1915	162.1814	1.553305	6.805675
9732	-376.4141	-537.7196	161.3054	2.068491	7.033305
9738	-367.4793	-529.7555	162.2762	2.036103	6.523897
9744	-363.8652	-523.5614	159.6962	1.446578	8.19088
9750	-361.7714	-522.3558	160.5844	1.750922	7.567409
9756	-366.9627	-528.6555	161.6928	1.403212	7.144922
9762	-365.4267	-526.7486	161.3219	1.570295	7.259888
9768	-373.9251	-535.1665	161.2414	1.221316	7.481764
9774	-358.5019	-519.7424	161.2406	1.394579	7.39215
9780	-353.3391	-516.1583	162.8192	1.343986	6.568024
9786	-352.1191	-514.3487	162.2296	1.466182	6.823609
9792	-384.5282	-544.0559	159.5276	1.731386	8.141035
9798	-369.113	-531.7137	162.6007	2.46247	6.16135
