Iteration	Posterior	Likelihood	Prior	part_rate_trans	tree_length
0	-1380.865	-1553	172.135	1.335743	0.8476326
6	-1388.978	-1561.128	172.1502	1.250902	0.9273848
12	-1384.631	-1556.758	172.1268	1.371131	0.8133894
18	-1383.887	-1556.104	172.2168	1.169639	0.9432054
24	-1374.705	-1546.893	172.188	0.9741202	1.157835
30	-1390.786	-1563.014	172.2283	1.089215	1.013657
36	-1389.769	-1561.938	172.1686	1.309181	0.8389218
42	-1382.913	-1554.947	172.0347	1.436957	0.8464396
48	-1380.993	-1553.107	172.1137	1.362201	0.8413299
54	-1387.838	-1559.798	171.9606	1.580629	0.7535707
60	-1395.743	-1567.763	172.0202	1.523104	0.7504654
66	-1381.661	-1553.647	171.9857	1.543922	0.7703732
72	-1380.951	-1552.99	172.0393	1.356244	0.9333876
78	-1386.474	-1558.337	171.8634	1.535172	0.9301331
84	-1380.106	-1552.157	172.0505	1.416251	0.8524134
90	-1382.54	-1554.779	172.2386	1.22818	0.8524134
96	-1390.278	-1562.51	172.2317	0.9466474	1.143496
102	-1381.91	-1553.953	172.0426	1.140214	1.139509
108	-1385.709	-1557.877	172.1683	1.014567	1.139509
114	-1394.697	-1566.914	172.2172	1.267324	0.8305843
120	-1389.416	-1561.713	172.297	1.126056	0.903213
126	-1390.782	-1562.673	171.8912	1.660529	0.7375731
132	-1395.879	-1567.709	171.8301	1.71906	0.7415719
138	-1395.671	-1567.569	171.8984	1.686064	0.6821559
144	-1399.457	-1571.676	172.2187	1.257475	0.8409689
150	-1395.396	-1567.596	172.2007	1.257475	0.8627203
156	-1384.694	-1557.085	172.3906	0.9529719	0.9876258
162	-1395.048	-1567.367	172.3191	0.9041744	1.102997
168	-1385.431	-1557.599	172.1679	0.9785032	1.171653
174	-1385.223	-1557.37	172.1473	0.9636791	1.202247
180	-1370.764	-1542.969	172.2051	1.19234	0.9314162
186	-1377.902	-1550.064	172.1622	1.344884	0.8014595
192	-1380.597	-1552.786	172.1892	1.238317	0.8981689
198	-1377.932	-1549.961	172.0293	1.249816	1.050955
204	-1394.742	-1566.901	172.1591	1.260367	0.9072234
210	-1383.345	-1555.468	172.1233	1.125974	1.079058
216	-1392.078	-1564.347	172.2686	1.125974	0.9344821
222	-1390.694	-1562.901	172.2073	0.910739	1.196164
228	-1389.382	-1561.401	172.0195	1.26657	1.044278
234	-1388.023	-1560.331	172.3076	0.8837655	1.13192
240	-1370.783	-1543.002	172.2191	0.8575322	1.23136
246	-1383.371	-1555.684	172.3133	1.034972	0.9828822
252	-1377.368	-1549.701	172.3335	1.148048	0.8343043
258	-1394.972	-1566.762	171.7901	1.773815	0.7181429
264	-1383.943	-1555.908	171.9643	1.583568	0.7435803
270	-1398.892	-1570.831	171.939	1.57755	0.7886138
276	-1397.541	-1569.77	172.2286	1.228615	0.8638551
282	-1384.623	-1556.851	172.2282	1.264422	0.8202978
288	-1379.126	-1551.256	172.1298	1.302333	0.8930256
294	-1374.534	-1546.787	172.2531	1.178847	0.893194
300	-1389.552	-1561.53	171.9784	1.563501	0.7525692
306	-1384.194	-1556.37	172.1762	1.271044	0.8756346
312	-1396.775	-1569.024	172.2497	1.081665	0.9999551
318	-1385.669	-1557.85	172.181	1.150288	0.9999551
324	-1386.615	-1558.806	172.1911	1.177442	0.9620509
330	-1396.994	-1569.39	172.396	0.9527892	0.9823223
336	-1398.142	-1570.264	172.1218	1.195472	1.013896
342	-1396.236	-1568.318	172.0825	1.487382	0.7080779
348	-1401.382	-1573.277	171.8955	1.585311	0.8351494
354	-1382.678	-1554.93	172.2527	1.177558	0.8951073
360	-1387.148	-1559.139	171.9912	1.518181	0.7983929
366	-1386.982	-1558.9	171.9184	1.507834	0.8996809
372	-1389.359	-1561.549	172.1893	1.274902	0.8555026
378	-1380.483	-1552.691	172.2083	0.923116	1.184637
384	-1378.475	-1550.757	172.282	0.9221447	1.120433
390	-1388.801	-1561.24	172.4387	0.9450754	0.9459489
396	-1393.426	-1565.509	172.0825	1.303931	0.9431687
402	-1391.432	-1563.703	172.2707	0.975386	1.082011
408	-1384.954	-1557.175	172.2214	1.189991	0.9161303
414	-1385.204	-1557.327	172.1225	1.341605	0.8555864
420	-1387.21	-1559.356	172.1456	1.341605	0.8271577
426	-1381.405	-1553.58	172.1748	1.233771	0.9192432
432	-1386.412	-1558.124	171.7121	1.70283	0.9122085
438	-1394.776	-1566.537	171.7607	1.856428	0.6096874
444	-1384.315	-1556.517	172.2019	1.208628	0.9170857
450	-1387.907	-1559.918	172.011	1.414231	0.900829
456	-1398.67	-1570.941	172.2714	1.196373	0.8511724
462	-1397.189	-1569.346	172.1563	1.129368	1.044678
468	-1395.133	-1567.361	172.2277	1.129368	0.9738604
474	-1394.255	-1566.693	172.4372	0.8462896	1.046729
480	-1392.065	-1564.056	171.9909	1.407221	0.9306472
486	-1389.513	-1561.925	172.412	1.129003	0.753824
492	-1397.238	-1569.356	172.1182	1.293849	0.9154574
498	-1386.314	-1558.606	172.2919	1.088115	0.9499635
504	-1399.059	-1571.187	172.128	1.251912	0.9500964
510	-1404.693	-1576.903	172.2104	1.07087	1.048842
516	-1393.804	-1566.087	172.2825	1.07087	0.9776176
522	-1383.058	-1555.594	172.5357	1.011693	0.7442494
528	-1387.028	-1559.069	172.0412	1.452114	0.819424
534	-1383.477	-1555.216	171.7391	1.688455	0.8981882
540	-1380.786	-1552.975	172.1889	1.37257	0.7221509
546	-1389.396	-1561.263	171.8668	1.671002	0.7585973
552	-1385.036	-1557.097	172.0617	1.337459	0.9294854
558	-1379.424	-1551.558	172.1348	1.225502	0.9705622
564	-1381.817	-1553.949	172.1319	1.10393	1.091527
570	-1381.486	-1553.649	172.1621	1.101819	1.065276
576	-1388.136	-1560.209	172.0729	1.286006	0.971947
582	-1393.388	-1565.69	172.3019	0.9602544	1.067004
588	-1389.428	-1561.567	172.1397	1.031987	1.149453
594	-1394.809	-1567.014	172.2056	1.13907	0.9865225
600	-1385.816	-1558.025	172.209	1.221579	0.8946861
606	-1391.61	-1563.672	172.0626	1.368056	0.8946861
612	-1391.406	-1563.788	172.382	1.044413	0.8994667
618	-1386.647	-1558.772	172.1244	1.175601	1.030854
624	-1392.982	-1565.225	172.2423	0.9530048	1.128404
630	-1386.837	-1559.158	172.3205	1.106447	0.8988702
636	-1378.746	-1550.935	172.1897	1.131049	1.01051
642	-1390.464	-1562.663	172.1991	1.116971	1.015129
648	-1380.764	-1552.833	172.0694	1.374279	0.8797492
654	-1388.787	-1560.889	172.1021	1.445797	0.7435221
660	-1373.647	-1545.933	172.2859	0.9470137	1.094225
666	-1378.503	-1550.835	172.3313	0.7888501	1.194338
672	-1381.185	-1553.19	172.0045	1.115692	1.194338
678	-1388.273	-1560.354	172.0809	0.7229195	1.449229
684	-1384.88	-1556.979	172.0991	1.053075	1.166635
690	-1386.583	-1558.743	172.1598	0.8872586	1.256166
696	-1385.728	-1558.033	172.3049	0.8872586	1.131192
702	-1406.297	-1578.606	172.3095	0.876251	1.13695
708	-1400.555	-1572.804	172.249	0.876251	1.189976
714	-1399.085	-1571.159	172.0737	1.251042	1.006509
720	-1396.117	-1568.298	172.1808	1.200102	0.9490454
726	-1396.573	-1568.479	171.9055	1.475408	0.9490454
732	-1400.607	-1572.646	172.0385	1.254245	1.037853
738	-1387.957	-1560.124	172.1663	1.32585	0.8209125
744	-1399.168	-1571.332	172.164	1.35042	0.7915303
750	-1387.038	-1559.29	172.2526	0.8975388	1.168399
756	-1386.901	-1559.209	172.3084	1.049329	0.973228
762	-1383.406	-1555.448	172.0425	1.456589	0.8119656
768	-1371.796	-1543.995	172.1992	1.299825	0.8119656
774	-1388.337	-1560.185	171.848	1.657192	0.8038511
780	-1377.713	-1549.779	172.0665	1.359648	0.8997866
786	-1376.54	-1548.617	172.0765	1.349595	0.8997866
792	-1388.528	-1560.792	172.2646	1.163468	0.8976376
798	-1382.341	-1554.72	172.3789	0.8964481	1.054514
804	-1381.968	-1554.1	172.1326	1.079301	1.113436
810	-1394.181	-1566.447	172.266	0.9059829	1.149143
816	-1394.024	-1566.153	172.129	1.200767	1.001493
822	-1386.899	-1559.163	172.2641	1.087727	0.9792863
828	-1388.838	-1561.051	172.2135	1.172893	0.943185
834	-1390.096	-1562.062	171.9654	1.541719	0.8013283
840	-1380.858	-1553.083	172.2254	1.222968	0.874312
846	-1390.308	-1562.469	172.1608	1.108356	1.060331
852	-1396.527	-1568.632	172.105	1.28377	0.9406325
858	-1389.826	-1562.135	172.3091	1.069928	0.9510589
864	-1404.58	-1576.759	172.179	1.074462	1.07514
870	-1391.745	-1564.079	172.3338	0.9128161	1.081553
876	-1395.419	-1567.517	172.0981	0.756599	1.410116
882	-1389.144	-1561.376	172.2317	0.989736	1.104718
888	-1391.676	-1563.826	172.1506	1.282438	0.891904
894	-1393.515	-1565.561	172.0466	1.363248	0.917904
900	-1396.993	-1568.897	171.9041	1.493396	0.9313024
906	-1395.369	-1567.273	171.9042	1.658939	0.7193683
912	-1403.771	-1576.036	172.2657	1.073969	0.9915657
918	-1404.825	-1577.223	172.3973	0.9269727	1.007034
924	-1398.148	-1570.459	172.3111	0.9777365	1.041586
930	-1391.271	-1563.413	172.1425	1.189456	0.9993688
936	-1385.727	-1557.956	172.229	1.189456	0.9083154
942	-1391.275	-1563.554	172.2782	1.100436	0.9514486
948	-1394.397	-1566.726	172.3287	1.066231	0.9340772
954	-1388.262	-1560.5	172.2377	1.034814	1.05719
960	-1393.201	-1565.225	172.0246	1.307294	0.9993859
966	-1399.249	-1571.623	172.3735	1.073684	0.8756069
972	-1381.087	-1553.317	172.2304	1.097234	1.003668
978	-1377.072	-1549.282	172.2093	1.073596	1.047265
984	-1381.253	-1553.375	172.1224	1.201375	1.007499
990	-1385.545	-1557.716	172.1711	1.232226	0.9250128
996	-1385.569	-1557.722	172.1536	1.249718	0.9250128
1002	-1398.34	-1570.643	172.3032	1.100064	0.9250128
1008	-1392.558	-1564.904	172.346	0.9069263	1.075593
1014	-1382.49	-1554.7	172.2109	1.290844	0.808408
1020	-1385.864	-1558.021	172.1564	1.287011	0.8800967
1026	-1392.614	-1564.991	172.3772	1.170387	0.7439894
1032	-1398.572	-1570.541	171.9692	1.349127	1.012837
1038	-1393.114	-1565.142	172.0273	1.554109	0.6878466
1044	-1396.713	-1568.631	171.9181	1.562142	0.8358972
1050	-1397.308	-1569.054	171.7463	1.733982	0.8358972
1056	-1396.075	-1568.131	172.0566	1.231995	1.041852
1062	-1389.871	-1561.9	172.0288	1.352086	0.9490062
1068	-1378.865	-1551.15	172.285	1.210965	0.8159372
1074	-1389.537	-1561.26	171.7238	1.772209	0.8159372
1080	-1390.526	-1562.667	172.1416	1.309031	0.8716486
1086	-1381.68	-1553.922	172.2414	1.102858	0.9869761
1092	-1388.975	-1561.381	172.406	1.033484	0.8846076
1098	-1385.859	-1557.851	171.9917	1.531308	0.7796976
1104	-1389.703	-1561.55	171.8476	1.609204	0.8643384
1110	-1381.795	-1553.956	172.1611	0.950324	1.201836
1116	-1388.038	-1560.098	172.0601	1.259549	1.011562
1122	-1378.773	-1550.986	172.2132	1.129877	0.9880928
1128	-1382.96	-1555.105	172.1443	1.248344	0.9365724
1134	-1385.18	-1557.453	172.273	1.099492	0.9578936
1140	-1383.991	-1556.359	172.3676	0.9940305	0.969204
1146	-1383.473	-1555.601	172.1274	1.234217	0.969204
1152	-1371.736	-1543.989	172.2527	1.123851	0.9536672
1158	-1374.704	-1546.957	172.2527	1.123851	0.9536672
1164	-1377.935	-1550.168	172.2322	1.144274	0.9536672
1170	-1368.91	-1541.247	172.337	0.9980187	0.9962257
1176	-1375.143	-1547.467	172.3242	0.9980187	1.009063
1182	-1382.95	-1555.048	172.0979	1.224251	1.009063
1188	-1390.834	-1563.112	172.2776	1.195084	0.845205
1194	-1389.45	-1561.736	172.2868	1.148252	0.8897043
1200	-1388.98	-1561.218	172.2378	1.22244	0.8602104
1206	-1378.239	-1550.32	172.081	1.363255	0.8790268
1212	-1391.022	-1562.963	171.9405	1.363255	1.027186
1218	-1388.839	-1560.748	171.9091	1.607297	0.7889147
1224	-1374.36	-1546.567	172.2068	1.232371	0.8849682
1230	-1380.711	-1552.983	172.2717	1.182705	0.8671682
1236	-1382.488	-1554.649	172.1604	1.178516	0.9923529
1242	-1381.444	-1553.611	172.1662	1.176323	0.9886943
1248	-1394.576	-1566.826	172.2492	1.228851	0.8385746
1254	-1401.817	-1573.815	171.9978	1.240402	1.089276
1260	-1383.361	-1555.618	172.2567	1.042519	1.031608
1266	-1382.053	-1554.229	172.176	1.152863	1.002386
1272	-1382.314	-1554.56	172.2454	1.110259	0.975299
1278	-1379.311	-1551.613	172.3016	1.18802	0.8241166
1284	-1372.668	-1544.996	172.3277	1.090767	0.9083487
1290	-1374.887	-1547.203	172.3151	0.9530842	1.061301
1296	-1379.533	-1551.537	172.0042	1.387741	0.9373094
1302	-1378.346	-1550.725	172.3792	1.025683	0.9232521
1308	-1381.057	-1553.329	172.2724	1.01256	1.045371
1314	-1387.864	-1559.808	171.9433	1.261219	1.120079
1320	-1372.758	-1544.898	172.1406	1.261219	0.9266609
1326	-1390.399	-1562.568	172.1687	1.266542	0.8894355
1332	-1390.714	-1562.824	172.1108	1.33154	0.8812657
1338	-1391.402	-1563.477	172.0745	1.344409	0.9078138
1344	-1383.208	-1555.267	172.0582	1.32369	0.9480018
1350	-1378.535	-1550.76	172.2258	1.245588	0.8468522
1356	-1390.992	-1563.121	172.1296	1.348376	0.8387353
1362	-1388.506	-1560.671	172.1654	1.153102	1.012672
1368	-1399.397	-1571.603	172.2061	1.112479	1.012672
1374	-1385.011	-1557.432	172.4219	0.783801	1.119048
1380	-1387.221	-1559.52	172.2987	1.024715	1.007815
1386	-1390.303	-1562.597	172.2935	1.011055	1.02634
1392	-1389.192	-1561.482	172.2902	1.134719	0.9011441
1398	-1390.874	-1562.997	172.1226	1.169356	1.038613
1404	-1393.832	-1565.888	172.0566	1.317771	0.9559231
1410	-1381.527	-1553.613	172.0857	1.354945	0.8832569
1416	-1383.163	-1555.093	171.9295	1.511175	0.8832569
1422	-1389.624	-1561.848	172.2234	1.24775	0.847112
1428	-1382.167	-1554.199	172.0324	1.531742	0.71782
1434	-1379.904	-1552.021	172.1172	1.284758	0.9265111
1440	-1386.067	-1558.185	172.1172	1.284758	0.9265111
1446	-1384.485	-1556.67	172.1846	1.203577	0.9413233
1452	-1387.052	-1559.072	172.0203	1.414178	0.8903009
1458	-1398.873	-1570.894	172.0203	1.426147	0.8765327
1464	-1395.555	-1567.644	172.089	1.426147	0.7905578
1470	-1393.226	-1565.396	172.1701	1.371604	0.7528575
1476	-1390.822	-1562.823	172.0005	1.488776	0.824556
1482	-1389.661	-1561.911	172.2496	1.249236	0.8122104
1488	-1388.593	-1560.559	171.9661	1.385807	0.9791493
1494	-1393.787	-1565.816	172.0282	1.229708	1.070942
1500	-1414.87	-1587.193	172.3228	0.8914174	1.111301
1506	-1397.166	-1569.469	172.3034	0.8370669	1.176842
1512	-1373.716	-1545.921	172.205	1.172936	0.952212
1518	-1378.426	-1550.537	172.1109	1.117488	1.098325
1524	-1383.141	-1555.569	172.4283	0.890305	1.012619
1530	-1380.898	-1553.223	172.3244	0.8784472	1.121629
1536	-1386.227	-1558.567	172.3403	0.8624823	1.121629
1542	-1395.419	-1567.645	172.2257	0.9028072	1.187216
1548	-1381.124	-1553.467	172.3438	1.085395	0.8962531
1554	-1378.503	-1550.592	172.0888	1.383486	0.8457237
1560	-1379.377	-1551.61	172.2323	1.233956	0.8530971
1566	-1390.116	-1562.119	172.0029	1.149034	1.166837
1572	-1381.483	-1553.632	172.1485	1.343663	0.8208276
1578	-1383.091	-1555.288	172.1975	1.248118	0.8775408
1584	-1394.333	-1566.624	172.2914	1.183167	0.8428837
1590	-1388.612	-1560.662	172.0502	1.201145	1.077144
1596	-1395.73	-1567.82	172.0895	1.248919	0.9928433
1602	-1396.69	-1568.686	171.9955	1.351605	0.9840577
1608	-1401.258	-1573.483	172.2246	1.240911	0.8539803
1614	-1395.667	-1567.746	172.0795	1.094043	1.147804
1620	-1386.707	-1558.988	172.2814	1.094043	0.9548373
1626	-1377.292	-1549.483	172.1913	1.180366	0.9586977
1632	-1392.906	-1564.891	171.9853	1.393752	0.9509982
1638	-1378.904	-1551.203	172.2996	1.07312	0.9576067
1644	-1382.043	-1554.329	172.2866	1.096672	0.9465781
1650	-1388.365	-1560.766	172.4018	0.9767223	0.9515296
1656	-1385.254	-1557.385	172.1304	1.282982	0.9139546
1662	-1387.531	-1559.745	172.2137	1.013185	1.099703
1668	-1384.149	-1556.537	172.3877	1.065787	0.8683172
1674	-1388.321	-1560.45	172.1282	1.311708	0.8841367
1680	-1392.583	-1564.512	171.929	1.507153	0.8883652
1686	-1391.89	-1564.03	172.1401	1.157572	1.033078
1692	-1389.787	-1561.873	172.0863	1.353215	0.8844879
1698	-1383.997	-1556.374	172.377	0.9173906	1.036255
1704	-1382.236	-1554.363	172.1265	1.177856	1.026582
1710	-1389.938	-1562.01	172.0716	1.095167	1.153745
1716	-1384.274	-1556.409	172.1351	0.9996282	1.18177
1722	-1394.953	-1567.16	172.2073	0.9996282	1.117887
1728	-1393.111	-1565.524	172.4129	0.9027891	1.015426
1734	-1400.421	-1572.723	172.3021	0.6772096	1.311619
1740	-1391.607	-1564.045	172.4374	0.7472744	1.137862
1746	-1391.763	-1564.195	172.4322	0.7458883	1.143768
1752	-1394.35	-1566.722	172.3714	0.81646	1.135038
1758	-1390.703	-1562.956	172.2531	0.9750339	1.098617
1764	-1395.352	-1567.48	172.128	1.182263	1.020759
1770	-1398.408	-1570.588	172.1795	1.333736	0.7931031
1776	-1390.808	-1563.092	172.2835	1.19159	0.8422368
1782	-1392.964	-1565.045	172.0816	1.336481	0.9087839
1788	-1396.015	-1568.113	172.0973	1.2143	1.019521
1794	-1389.63	-1561.834	172.2035	1.059151	1.066525
1800	-1380.745	-1553.142	172.3965	0.9926394	0.9402509
1806	-1393.614	-1566.021	172.4073	0.9926394	0.9286416
1812	-1382.733	-1554.863	172.1299	0.9737269	1.208569
1818	-1387.923	-1560.15	172.2278	0.798545	1.273296
1824	-1381.659	-1553.748	172.0887	1.043647	1.183863
1830	-1383	-1555.121	172.1209	1.015045	1.180779
1836	-1383.476	-1555.749	172.2724	0.8615593	1.182445
1842	-1393.36	-1565.641	172.2814	1.032444	1.017313
1848	-1385.519	-1557.618	172.0995	1.031737	1.184859
1854	-1386.692	-1559.018	172.3261	0.9312109	1.071562
1860	-1390.036	-1562.27	172.2347	1.15394	0.9408499
1866	-1382.759	-1554.921	172.1615	1.06815	1.097193
1872	-1384.646	-1556.777	172.1313	1.353234	0.8304994
1878	-1380.998	-1553.22	172.2221	1.234688	0.8643912
1884	-1390.67	-1562.863	172.1935	1.143595	0.994191
1890	-1385.493	-1557.5	172.0069	1.541887	0.7421576
1896	-1376.194	-1548.613	172.4187	1.065579	0.8308668
1902	-1390.562	-1562.696	172.1339	1.035387	1.151535
1908	-1379.12	-1551.174	172.0542	1.173282	1.09918
1914	-1386.018	-1558.351	172.3332	0.8981587	1.095605
1920	-1384.716	-1556.937	172.2208	1.160924	0.9482104
1926	-1386.048	-1558.149	172.1011	1.251576	0.9784122
1932	-1396.469	-1568.573	172.1032	1.380296	0.8318661
1938	-1387.673	-1559.776	172.1032	1.380296	0.8318661
1944	-1388.219	-1559.85	171.6318	1.831146	0.8570134
1950	-1397.692	-1569.477	171.7847	1.831146	0.613248
1956	-1389.702	-1561.419	171.7164	1.626282	0.9885697
1962	-1389.646	-1561.543	171.8971	1.626431	0.7790734
1968	-1391.984	-1564.083	172.0986	1.414226	0.7937576
1974	-1403.49	-1575.656	172.1662	1.231989	0.9305214
1980	-1409.546	-1581.659	172.1125	1.3308	0.8801738
1986	-1402.653	-1574.905	172.2528	1.104789	0.9733662
1992	-1393.417	-1565.191	171.7742	1.736629	0.7964585
1998	-1394.748	-1566.822	172.0743	1.436476	0.7964585
2004	-1399.598	-1571.704	172.1058	1.152289	1.070837
2010	-1389.715	-1561.759	172.044	1.390155	0.8906549
2016	-1393.297	-1565.488	172.1907	1.390155	0.6887799
2022	-1384.624	-1556.664	172.0404	1.423392	0.8559476
2028	-1380.564	-1552.68	172.1164	1.347445	0.8559476
2034	-1375.383	-1547.536	172.1534	1.103224	1.072205
2040	-1383.519	-1555.855	172.3361	1.029216	0.9653226
2046	-1389.061	-1561.233	172.1719	1.178556	0.9806099
2052	-1381.811	-1554.028	172.2173	1.133205	0.9806099
2058	-1384.59	-1556.635	172.0455	1.36665	0.9153666
2064	-1390.793	-1563.109	172.3162	1.058607	0.955411
2070	-1385.14	-1557.168	172.0283	1.516698	0.7479678
2076	-1390.567	-1562.946	172.3792	1.151578	0.7687359
2082	-1383.376	-1555.375	171.9988	1.151578	1.168183
2088	-1388.306	-1560.288	171.9823	1.313289	1.035131
2094	-1391.719	-1563.602	171.883	1.253274	1.180491
2100	-1381.366	-1553.544	172.178	0.939872	1.196379
2106	-1378.129	-1550.237	172.1085	1.111463	1.106074
2112	-1392.554	-1564.589	172.035	1.425403	0.8600531
2118	-1396.373	-1568.499	172.1263	1.324793	0.8711134
2124	-1399.506	-1571.48	171.974	1.459374	0.8916217
2130	-1379.354	-1551.402	172.0478	1.559711	0.6341245
2136	-1393.112	-1565.503	172.3909	1.087703	0.8379524
2142	-1385.799	-1557.968	172.1695	1.188703	0.9726998
2148	-1404.722	-1576.825	172.1036	0.9696827	1.234252
2154	-1405.316	-1577.469	172.1532	0.9200853	1.234252
2160	-1400.41	-1572.607	172.1966	1.121907	1.012745
2166	-1396.542	-1568.492	171.9492	1.189276	1.178517
2172	-1386.715	-1558.941	172.2257	0.9618143	1.135314
2178	-1391.411	-1563.436	172.0256	1.323184	0.9823796
2184	-1388.825	-1560.891	172.0663	1.291594	0.972978
2190	-1379.61	-1551.83	172.2199	1.214189	0.8907828
2196	-1388.765	-1561	172.235	1.200654	0.8889223
2202	-1383.272	-1555.527	172.2552	1.075659	1.000442
2208	-1384.172	-1556.313	172.1406	1.06042	1.123272
2214	-1386.635	-1558.763	172.1282	1.251646	0.9501499
2220	-1389.016	-1561.297	172.281	1.098879	0.9501499
2226	-1390.819	-1563.258	172.4391	0.776069	1.110467
2232	-1392.134	-1564.355	172.2205	1.152706	0.9571752
2238	-1391.943	-1563.925	171.9817	1.402762	0.9452712
2244	-1397.54	-1569.818	172.2777	1.280685	0.7271819
2250	-1395.05	-1567.249	172.1991	1.263799	0.8571368
2256	-1397.986	-1570.058	172.0722	1.422311	0.8178154
2262	-1389.553	-1561.905	172.3513	1.129563	0.8351312
2268	-1392.013	-1563.737	171.7236	1.7565	0.8360607
2274	-1386.27	-1558.264	171.994	1.350289	0.9869313
2280	-1402.113	-1574.305	172.192	1.29401	0.8286719
2286	-1404.726	-1576.722	171.9957	1.335687	0.999887
2292	-1411.113	-1583.273	172.1603	1.148835	1.021958
2298	-1392.149	-1564.419	172.2701	0.9135371	1.138782
2304	-1386.569	-1558.839	172.2701	0.9135371	1.138782
2310	-1383.409	-1555.645	172.2362	0.947483	1.138782
2316	-1386.613	-1558.791	172.1777	0.9512812	1.186796
2322	-1382.411	-1554.618	172.207	1.198756	0.922382
2328	-1388.672	-1560.957	172.2847	1.010863	1.035158
2334	-1381.873	-1554.054	172.1812	1.010863	1.131251
2340	-1402.029	-1574.094	172.0656	0.9014467	1.321541
2346	-1402.905	-1575.28	172.3757	0.8387402	1.111128
2352	-1390.033	-1562.108	172.0744	1.247611	1.009246
2358	-1381.332	-1553.606	172.2747	1.059764	0.9968562
2364	-1379.958	-1552.13	172.1721	1.344642	0.7883873
2370	-1391.062	-1563.427	172.3642	1.063282	0.8982372
2376	-1401.619	-1573.871	172.2519	1.138765	0.9386189
2382	-1390.069	-1562.026	171.9569	1.087991	1.257925
2388	-1387.585	-1559.466	171.8816	1.011754	1.379983
2394	-1393.048	-1565.655	172.6062	0.8022159	0.9194069
2400	-1391.465	-1563.671	172.2054	1.093957	1.031454
2406	-1389.801	-1561.832	172.0313	0.8557908	1.384951
2412	-1387.334	-1559.484	172.1499	1.122412	1.057338
2418	-1389.891	-1562.202	172.3109	1.080528	0.9378702
2424	-1384.424	-1556.674	172.2505	1.210865	0.8588839
2430	-1378.581	-1550.891	172.31	1.151383	0.8588839
2436	-1401.22	-1573.212	171.9919	1.411409	0.9249717
2442	-1389.697	-1561.807	172.1106	1.145524	1.072676
2448	-1390.972	-1563.049	172.0776	1.01877	1.214729
2454	-1391.117	-1563.393	172.2758	1.014585	1.040155
2460	-1376.269	-1548.577	172.3077	1.060847	0.9620069
2466	-1383.294	-1555.292	171.9984	1.370113	0.9620069
2472	-1377.145	-1549.281	172.1358	1.339082	0.8424874
2478	-1379.226	-1551.466	172.2402	0.9588164	1.125053
2484	-1376.711	-1548.922	172.2114	0.9931842	1.120046
2490	-1395.624	-1567.612	171.9881	1.508852	0.8146687
2496	-1402.228	-1574.241	172.0128	1.318363	1.000084
2502	-1386.26	-1558.355	172.095	1.267337	0.9684171
2508	-1390.537	-1562.507	171.9706	1.521086	0.8214358
2514	-1377.577	-1549.654	172.0772	1.397315	0.8429852
2520	-1370.066	-1542.347	172.2812	1.193341	0.8429852
2526	-1377.274	-1549.446	172.1721	1.304263	0.8407184
2532	-1379.019	-1551.192	172.1721	1.304263	0.8407184
2538	-1388.462	-1560.583	172.121	1.207739	1.002551
2544	-1405.112	-1577.583	172.4716	1.018424	0.8235931
2550	-1380.926	-1552.921	171.9949	1.441657	0.8878765
2556	-1383.413	-1555.374	171.9608	1.212029	1.148456
2562	-1368.719	-1540.954	172.2349	1.224797	0.8609249
2568	-1377.782	-1550.121	172.3393	0.9864584	1.005534
2574	-1382.704	-1554.687	171.9831	1.100194	1.225824
2580	-1383.899	-1556.181	172.2816	0.9146688	1.127499
2586	-1378.586	-1550.916	172.3299	0.9146688	1.08343
2592	-1388.112	-1560.085	171.9737	1.311033	1.045538
2598	-1377.421	-1549.625	172.204	1.26494	0.8497506
2604	-1386.993	-1559.092	172.0983	1.348773	0.875825
2610	-1392.969	-1564.878	171.9092	1.537865	0.875825
2616	-1390.117	-1562.55	172.4332	1.043462	0.8403683
2622	-1397.609	-1570.009	172.3995	0.958756	0.9726755
2628	-1397.679	-1569.845	172.1653	1.192955	0.9726755
2634	-1393.653	-1565.752	172.0989	1.259362	0.9726755
2640	-1384.751	-1557	172.2495	1.23913	0.8253259
2646	-1381.188	-1553.234	172.0451	1.503355	0.7426985
2652	-1382.738	-1554.786	172.0486	1.499831	0.7426985
2658	-1379.304	-1551.551	172.2466	1.151602	0.9305283
2664	-1379.113	-1551.049	171.936	1.531593	0.851399
2670	-1376.881	-1549.072	172.1909	1.27668	0.851399
2676	-1384.23	-1556.391	172.161	1.132344	1.037219
2682	-1384.077	-1556.429	172.352	0.9756834	1.003634
2688	-1392.019	-1564	171.9808	1.574672	0.7317162
2694	-1380.375	-1552.374	171.9989	1.377328	0.953932
2700	-1387.451	-1559.613	172.1621	1.110745	1.056915
2706	-1380.564	-1552.788	172.2238	1.289691	0.7928292
2712	-1382.183	-1554.331	172.1474	1.295373	0.8808393
2718	-1389.173	-1561.272	172.0984	0.9855004	1.225248
2724	-1393.677	-1565.673	171.9962	1.362086	0.9726605
2730	-1398.375	-1570.413	172.0382	1.296453	0.9966082
2736	-1399.142	-1571.211	172.0693	1.282132	0.9796647
2742	-1397.78	-1570.113	172.3331	1.182896	0.7893597
2748	-1397.013	-1568.766	171.7523	1.716067	0.8505118
2754	-1408.73	-1580.492	171.7625	1.775842	0.7578473
2760	-1402.595	-1574.754	172.159	1.267525	0.8993571
2766	-1406.464	-1578.591	172.1272	1.366637	0.818686
2772	-1390.795	-1562.914	172.1191	1.323329	0.8811332
2778	-1384.499	-1556.476	171.9772	1.323329	1.03029
2784	-1393.287	-1565.59	172.3036	1.123203	0.8989859
2790	-1391.918	-1564.217	172.2997	1.025879	1.005667
2796	-1387.488	-1559.325	171.8374	1.652872	0.8233271
2802	-1383.85	-1555.978	172.1275	1.19101	1.012647
2808	-1389.111	-1561.355	172.2445	1.254321	0.8122642
2814	-1384.527	-1556.301	171.7742	1.760598	0.7630375
2820	-1388.79	-1561.089	172.2989	1.142338	0.882505
2826	-1376.344	-1548.622	172.2779	1.142338	0.9063181
2832	-1384.366	-1556.562	172.1961	1.142338	0.9928442
2838	-1386.015	-1558.249	172.2341	1.190711	0.901223
2844	-1374.136	-1546.408	172.2714	1.166143	0.8867896
2850	-1381.414	-1553.519	172.1056	1.269806	0.9547863
2856	-1378.04	-1550.279	172.2394	1.239903	0.8370734
2862	-1383.033	-1555.368	172.335	1.175575	0.7966942
2868	-1384.014	-1555.971	171.9571	1.54729	0.8049583
2874	-1380.279	-1552.492	172.2129	1.280494	0.8193162
2880	-1394.748	-1566.904	172.1563	1.200409	0.9742034
2886	-1396.399	-1568.42	172.0218	1.574391	0.6592267
2892	-1390.472	-1562.376	171.904	1.692181	0.6592267
2898	-1395.43	-1567.23	171.8	1.692181	0.820797
2904	-1391.777	-1563.833	172.0554	1.402494	0.8630794
2910	-1391.856	-1563.851	171.995	1.347743	0.9884407
2916	-1392.549	-1564.521	171.9723	1.406786	0.9509398
2922	-1400.156	-1572.299	172.1427	1.365111	0.8003992
2928	-1386.822	-1558.952	172.13	0.8704374	1.294439
2934	-1389.4	-1561.542	172.142	0.8584414	1.294439
2940	-1383.625	-1556.035	172.4101	0.8717562	1.048278
2946	-1405.788	-1577.861	172.0731	1.208736	1.048278
2952	-1387.759	-1559.823	172.0639	1.211098	1.054859
2958	-1378.923	-1551.258	172.3351	0.9237667	1.070072
2964	-1397.169	-1569.527	172.3586	1.027737	0.9432209
2970	-1387.768	-1559.928	172.1605	0.8679742	1.271468
2976	-1384.998	-1557.366	172.3681	0.8979626	1.063263
2982	-1384.157	-1556.26	172.1035	1.000966	1.207774
2988	-1384.462	-1556.461	171.9986	1.105917	1.207774
2994	-1378.472	-1550.851	172.3791	0.8637265	1.085057
3000	-1373.72	-1545.896	172.176	1.066784	1.085057
3006	-1383.898	-1556.09	172.1914	1.212484	0.9244169
3012	-1381.801	-1553.877	172.0765	1.364636	0.8826647
3018	-1388.206	-1560.416	172.2099	1.367201	0.6955845
3024	-1386.535	-1558.429	171.8946	1.437297	0.9994275
3030	-1391.243	-1563.202	171.9593	1.468486	0.8979399
3036	-1395.197	-1567.409	172.2121	1.215605	0.8979399
3042	-1390.775	-1562.816	172.0407	1.387039	0.8979399
3048	-1388.492	-1560.864	172.3717	1.097655	0.849242
3054	-1395.013	-1567.276	172.2633	1.097655	0.9698547
3060	-1391.121	-1563.287	172.1665	1.076357	1.085037
3066	-1378.574	-1550.566	171.9925	1.397259	0.9396439
3072	-1385.588	-1557.759	172.1708	1.263168	0.8908952
3078	-1386.81	-1558.993	172.1827	1.23061	0.9140534
3084	-1389.707	-1561.954	172.2472	0.9507449	1.125985
3090	-1391.168	-1563.338	172.1694	1.101133	1.05905
3096	-1386.481	-1558.602	172.1209	1.101133	1.104189
3102	-1384.872	-1557.123	172.2504	0.9990959	1.078877
3108	-1394.151	-1566.5	172.349	0.9330031	1.048162
3114	-1387.128	-1559.33	172.2016	0.9130966	1.19905
3120	-1391.641	-1563.836	172.1954	1.259485	0.8666154
3126	-1393.366	-1565.183	171.8168	1.520778	0.9936528
3132	-1389.042	-1561.325	172.2829	1.102817	0.9438924
3138	-1395.287	-1567.234	171.9473	1.438452	0.9438924
3144	-1398.361	-1570.478	172.1175	1.268242	0.9438924
3150	-1379.549	-1551.487	171.938	1.524324	0.8577471
3156	-1387.435	-1559.756	172.3213	1.185464	0.801811
3162	-1387.451	-1559.558	172.1074	1.427701	0.7624845
3168	-1387.255	-1559.124	171.8689	1.667318	0.7609178
3174	-1385.326	-1557.457	172.1308	1.269688	0.9280363
3180	-1372.416	-1544.75	172.3344	0.9640369	1.032361
3186	-1378.481	-1550.801	172.32	0.9602567	1.049841
3192	-1385.17	-1557.289	172.1189	1.237116	0.9749931
3198	-1391.308	-1563.523	172.2155	1.117569	0.9982071
3204	-1395.336	-1567.532	172.1964	1.317933	0.7916911
3210	-1378.414	-1550.475	172.0604	1.361898	0.9040117
3216	-1381.156	-1553.465	172.3085	1.183555	0.8209359
3222	-1389.559	-1561.692	172.1325	1.145859	1.051596
3228	-1387.336	-1559.229	171.8929	1.624256	0.7877672
3234	-1394.277	-1566.54	172.2629	1.214651	0.8392912
3240	-1392.347	-1564.393	172.0461	1.307793	0.9771085
3246	-1386.696	-1558.903	172.2064	1.253683	0.8604129
3252	-1375.137	-1547.277	172.1401	1.297643	0.8865929
3258	-1385.332	-1557.417	172.0855	1.384891	0.8480605
3264	-1389.356	-1561.59	172.2338	1.168012	0.9266564
3270	-1381.238	-1553.325	172.0873	1.314459	0.9266564
3276	-1386.44	-1558.58	172.1398	1.043771	1.138905
3282	-1392.51	-1564.455	171.945	1.340261	1.045015
3288	-1397.523	-1569.598	172.0753	1.187978	1.065879
3294	-1384.075	-1556.299	172.2238	0.9581537	1.140284
3300	-1380.762	-1553.246	172.4842	0.7457594	1.096922
3306	-1388.429	-1560.973	172.5441	0.7649326	1.021993
3312	-1377.101	-1549.648	172.5473	0.7649326	1.0189
3318	-1375.429	-1547.578	172.1481	1.196267	0.9867797
3324	-1389.778	-1562.055	172.2773	1.084635	0.9688249
3330	-1377.895	-1550.044	172.1487	1.141563	1.040184
3336	-1390.767	-1563.112	172.3452	0.8915689	1.090604
3342	-1383.219	-1555.453	172.234	1.107545	0.9897103
3348	-1388.683	-1560.938	172.2549	1.086578	0.9897103
3354	-1383.336	-1555.493	172.1567	1.188088	0.986409
3360	-1385.139	-1557.092	171.9523	1.504231	0.8646315
3366	-1378.556	-1550.754	172.1982	1.199774	0.9308034
3372	-1394.805	-1567.226	172.421	1.090863	0.7950458
3378	-1396.685	-1569.063	172.378	1.077256	0.8662074
3384	-1382.959	-1555.164	172.2053	1.24994	0.8662074
3390	-1390.884	-1562.667	171.7835	1.710017	0.819175
3396	-1396.253	-1568.272	172.0199	1.473567	0.819175
3402	-1396.928	-1569.051	172.1229	1.293689	0.9104343
3408	-1395.276	-1567.378	172.1022	1.398394	0.8099814
3414	-1385.788	-1557.901	172.1134	1.182654	1.03461
3420	-1393.896	-1566.085	172.1899	1.032513	1.103836
3426	-1388.294	-1560.658	172.364	0.8062643	1.150688
3432	-1398.729	-1570.914	172.1844	1.078669	1.066099
3438	-1397.165	-1569.38	172.2147	1.078669	1.037276
3444	-1391.194	-1563.442	172.2474	1.045943	1.037276
3450	-1387.602	-1559.757	172.1553	1.283298	0.8856045
3456	-1389.045	-1560.969	171.9234	1.515214	0.8856045
3462	-1403.617	-1575.957	172.3395	1.063566	0.9252667
3468	-1403.121	-1575.149	172.0287	1.42949	0.8626993
3474	-1394.004	-1566.164	172.1602	1.298012	0.8626993
3480	-1381.41	-1553.22	171.8095	1.725561	0.7625663
3486	-1380.432	-1552.648	172.2154	1.378364	0.6640356
3492	-1374.765	-1547.063	172.2973	1.031544	1.002425
3498	-1366.29	-1538.685	172.3952	0.7848413	1.141976
3504	-1363.924	-1536.454	172.5298	0.6953255	1.101344
3510	-1387.774	-1559.856	172.0811	1.11918	1.123873
3516	-1385.231	-1557.562	172.331	1.095954	0.8988921
3522	-1388.76	-1561.024	172.2647	1.232302	0.8145665
3528	-1384.033	-1556.072	172.0391	1.499571	0.7573824
3534	-1379.584	-1551.727	172.1426	1.282903	0.9005128
3540	-1389.687	-1561.757	172.0699	1.433097	0.8067755
3546	-1396.756	-1568.429	171.6723	1.913625	0.6793635
3552	-1391.914	-1564	172.0857	1.39459	0.8358116
3558	-1390.271	-1562.584	172.3127	1.068856	0.9483114
3564	-1388.856	-1561.03	172.1736	1.227908	0.9269768
3570	-1397.007	-1569.38	172.3733	0.8795696	1.075694
3576	-1404.314	-1576.54	172.2258	1.175817	0.9268878
3582	-1399.845	-1571.962	172.1167	0.9893713	1.206436
3588	-1388.251	-1560.187	171.936	1.575981	0.7948264
3594	-1402.032	-1574.129	172.0967	1.301183	0.9308429
3600	-1407.513	-1579.297	171.7833	1.67602	0.8613947
3606	-1405.927	-1578.105	172.178	1.178713	0.9742609
3612	-1381.842	-1554.171	172.3289	0.9698851	1.03199
3618	-1381.659	-1554.083	172.4241	0.8425643	1.062705
3624	-1383.995	-1556.213	172.2179	0.8973888	1.198515
3630	-1389.389	-1561.429	172.0397	1.031737	1.235776
3636	-1383.521	-1555.879	172.3577	1.087883	0.8775008
3642	-1392.254	-1564.485	172.2307	0.9664929	1.126709
3648	-1388.579	-1560.82	172.241	0.9450749	1.136616
3654	-1376.984	-1549.145	172.1607	1.236184	0.9319518
3660	-1382.856	-1555.154	172.2981	1.15641	0.8670156
3666	-1387.478	-1559.551	172.0724	1.441056	0.7928803
3672	-1380.13	-1552.16	172.0298	1.284718	1.016657
3678	-1380.252	-1552.391	172.1391	1.137646	1.053153
3684	-1389.95	-1562.031	172.0818	1.176095	1.071014
3690	-1385.961	-1558.332	172.3704	0.8732206	1.084304
3696	-1395.409	-1567.728	172.3186	0.8732206	1.131479
3702	-1393.015	-1564.854	171.839	1.193655	1.26807
3708	-1378.588	-1550.642	172.0534	1.258634	1.019105
3714	-1385.984	-1558.16	172.1759	1.175772	0.9793793
3720	-1392.503	-1564.601	172.0981	1.305906	0.924215
3726	-1393.212	-1565.441	172.2294	1.091011	1.010803
3732	-1396.19	-1568.118	171.9288	1.533462	0.8578194
3738	-1393.28	-1565.299	172.0187	1.539952	0.726647
3744	-1397.579	-1570.078	172.4987	1.053701	0.7365582
3750	-1375.016	-1547.083	172.0673	1.229566	1.03388
3756	-1381.527	-1553.488	171.9613	1.472026	0.8916154
3762	-1374.911	-1547.099	172.1882	1.20877	0.9319055
3768	-1377.031	-1549.164	172.1332	1.263773	0.9319055
3774	-1389.337	-1561.509	172.1713	1.225611	0.9319055
3780	-1383.823	-1555.709	171.8858	1.395308	1.049052
3786	-1385.668	-1557.838	172.1692	1.160469	1.001617
3792	-1381.214	-1553.321	172.1071	1.215801	1.008341
3798	-1374.484	-1546.591	172.1071	1.215801	1.008341
3804	-1388.095	-1560.358	172.2622	0.8818109	1.173704
3810	-1397.211	-1569.169	171.9587	1.278274	1.090427
3816	-1389.342	-1561.652	172.3105	0.9265414	1.090427
3822	-1392.791	-1565.137	172.3461	1.028779	0.9554223
3828	-1387.484	-1559.591	172.1068	1.100374	1.117656
3834	-1386.153	-1558.492	172.3387	1.030631	0.9612147
3840	-1379.132	-1551.592	172.4603	0.860243	1.010662
3846	-1385.58	-1557.597	172.017	1.259894	1.05306
3852	-1398.666	-1570.834	172.1673	1.272605	0.8841469
3858	-1388.685	-1560.798	172.113	1.195716	1.02232
3864	-1377.95	-1549.991	172.0412	1.364433	0.9225281
3870	-1387.124	-1559.446	172.3219	0.9997283	1.00962
3876	-1381.233	-1553.45	172.2167	0.8435337	1.24517
3882	-1378.738	-1550.863	172.1255	1.083445	1.116105
3888	-1385.037	-1557.337	172.2996	1.092559	0.9370624
3894	-1388.854	-1561.337	172.4828	0.7732279	1.07269
3900	-1390.85	-1563.174	172.3239	0.9848059	1.022312
3906	-1394.704	-1566.981	172.2767	0.9848059	1.067601
3912	-1380.141	-1552.28	172.1384	1.278434	0.9101583
3918	-1381.192	-1553.336	172.1445	1.380593	0.7767791
3924	-1389.643	-1561.703	172.0601	1.483633	0.7498101
3930	-1378.311	-1550.449	172.138	1.332669	0.8476297
3936	-1389.099	-1561.131	172.0323	1.469675	0.8081444
3942	-1392.354	-1564.606	172.2522	1.157316	0.9182619
3948	-1377.831	-1550.111	172.2794	1.230138	0.7981223
3954	-1385.279	-1557.545	172.2662	1.193826	0.8604736
3960	-1378.249	-1550.269	172.0195	1.466797	0.8282793
3966	-1388.42	-1560.739	172.3188	1.037799	0.9743756
3972	-1386.718	-1559.011	172.2933	0.953145	1.081658
3978	-1387.764	-1560.046	172.2818	1.150908	0.8922705
3984	-1389.542	-1561.54	171.9983	1.436148	0.890298
3990	-1390.1	-1562.153	172.0528	1.496968	0.7406499
3996	-1401.954	-1573.768	171.8147	1.496968	1.019392
4002	-1383.051	-1555.07	172.0182	1.465277	0.8318978
4008	-1401.992	-1573.979	171.9873	1.524257	0.7954674
4014	-1392.871	-1564.888	172.0165	1.166554	1.139326
4020	-1387.552	-1559.785	172.2324	1.11176	0.9870013
4026	-1384.325	-1556.558	172.2323	1.104563	0.9943677
4032	-1389.597	-1561.779	172.1822	1.186672	0.9616185
4038	-1387.371	-1559.37	171.9993	1.496713	0.8158773
4044	-1387.554	-1559.708	172.1546	1.336619	0.822012
4050	-1378.79	-1550.827	172.0371	1.404974	0.8816133
4056	-1374.837	-1546.894	172.0563	1.415582	0.8462004
4062	-1380.716	-1552.799	172.0827	1.27994	0.9681357
4068	-1384.414	-1556.742	172.328	1.118047	0.8769692
4074	-1385.535	-1557.87	172.3347	0.9864643	1.010053
4080	-1387.574	-1559.532	171.9586	1.054813	1.283908
4086	-1385.521	-1557.834	172.3128	1.054813	0.9629251
4092	-1389.405	-1561.578	172.1732	1.293932	0.8520045
4098	-1386.751	-1558.771	172.0201	1.41536	0.8891392
4104	-1383.148	-1555.232	172.0832	1.361258	0.8788729
4110	-1380.916	-1553.126	172.21	1.158226	0.96228
4116	-1382.614	-1554.524	171.9106	1.457683	0.96228
4122	-1383.842	-1555.953	172.1111	1.328145	0.8848761
4128	-1385.65	-1557.757	172.1076	1.351376	0.8617235
4134	-1389.547	-1561.695	172.1485	1.310517	0.8617235
4140	-1376.156	-1548.279	172.1227	1.187748	1.020582
4146	-1384.225	-1556.373	172.1476	1.162907	1.020582
4152	-1398.915	-1571.071	172.1565	1.234775	0.9379604
4158	-1390.256	-1562.54	172.2837	0.9349769	1.107197
4164	-1398.322	-1570.611	172.2892	1.0699	0.9717306
4170	-1390.633	-1563.082	172.4489	0.7592177	1.116818
4176	-1382.23	-1554.236	172.006	1.328104	0.9972029
4182	-1385.99	-1558.167	172.1779	1.294123	0.8460293
4188	-1385.893	-1558.015	172.1222	1.31261	0.8899612
4194	-1378.351	-1550.385	172.0336	1.423157	0.8644182
4200	-1395.057	-1567.328	172.2714	1.124896	0.9326145
4206	-1381.662	-1553.873	172.2116	1.124896	0.9947657
4212	-1390.334	-1562.418	172.0836	1.25286	0.9947657
4218	-1391.476	-1563.509	172.0334	1.332899	0.9642876
4224	-1392.609	-1564.839	172.2306	1.135745	0.9642876
4230	-1392.763	-1564.638	171.875	1.548421	0.9028314
4236	-1380.339	-1552.262	171.9236	1.260722	1.138237
4242	-1381.09	-1553.25	172.16	1.184622	0.9865725
4248	-1387.008	-1559.353	172.3453	1.003407	0.9823704
4254	-1386.893	-1559.13	172.2368	1.21894	0.8655783
4260	-1374.82	-1547.071	172.2517	1.069444	1.010133
4266	-1382.617	-1554.897	172.2804	1.04065	1.010133
4272	-1379.879	-1552.296	172.4162	0.9861913	0.9259846
4278	-1376.769	-1548.955	172.1867	1.25048	0.8872622
4284	-1379.1	-1551.231	172.1312	1.332345	0.8562868
4290	-1380.233	-1552.406	172.1725	1.124499	1.033728
4296	-1381.533	-1553.311	171.7777	1.58752	0.9654357
4302	-1384.406	-1556.642	172.2351	1.154747	0.9394885
4308	-1378.012	-1550.261	172.2492	1.173509	0.9036249
4314	-1386.887	-1558.927	172.0399	1.193606	1.093651
4320	-1377.787	-1549.999	172.212	1.24407	0.8652354
4326	-1380.325	-1552.383	172.0575	1.203106	1.068449
4332	-1377.914	-1550.021	172.1066	1.154028	1.068449
4338	-1373.618	-1545.872	172.2542	1.154028	0.9195874
4344	-1392.251	-1564.43	172.1794	1.336668	0.7893598
4350	-1388.78	-1561.137	172.3569	1.039182	0.9328672
4356	-1379.533	-1551.774	172.2415	0.9692166	1.114501
4362	-1375.438	-1547.782	172.3446	0.8986217	1.084658
4368	-1374.329	-1546.443	172.1131	1.023066	1.180517
4374	-1378.04	-1550.213	172.1729	1.230254	0.9251551
4380	-1379.298	-1551.626	172.3281	1.075044	0.9251551
4386	-1388.644	-1560.642	171.9976	1.415628	0.914171
4392	-1387.927	-1559.97	172.0427	1.20202	1.083296
4398	-1375.306	-1547.444	172.1381	1.269066	0.9207581
4404	-1383.441	-1555.712	172.2716	1.22795	0.8113383
4410	-1386.226	-1558.243	172.0172	1.228967	1.081909
4416	-1387.196	-1559.201	172.0052	1.095684	1.210844
4422	-1389.908	-1562.042	172.1342	1.201148	0.9959257
4428	-1388.094	-1560.174	172.0799	1.412387	0.8206959
4434	-1384.378	-1556.52	172.1417	1.412387	0.7338733
4440	-1392.877	-1565.065	172.1884	1.288688	0.839824
4446	-1378.343	-1550.377	172.0338	1.179336	1.112271
4452	-1375.779	-1547.769	171.9906	1.524046	0.7912584
4458	-1369.513	-1541.849	172.3357	1.068691	0.9238161
4464	-1382.254	-1554.299	172.0444	1.420592	0.8545251
4470	-1384.128	-1556.331	172.2027	1.228846	0.8936437
4476	-1384.778	-1556.959	172.181	1.266998	0.8746538
4482	-1381.681	-1553.807	172.1264	1.237198	0.9671341
4488	-1386.997	-1558.943	171.9467	1.388273	0.9963312
4494	-1382.262	-1554.313	172.0507	1.33237	0.9467602
4500	-1370.519	-1542.804	172.2842	1.168115	0.8696148
4506	-1377.247	-1549.657	172.4093	0.9683858	0.9523979
4512	-1393.848	-1566.197	172.3491	0.8604692	1.1155
4518	-1386.082	-1558.492	172.4106	0.7775828	1.134782
4524	-1393.483	-1565.96	172.4774	0.7770502	1.074221
4530	-1389.044	-1561.27	172.2253	0.911463	1.180055
4536	-1384.015	-1555.948	171.9333	1.546713	0.8361868
4542	-1379.91	-1552.226	172.3157	1.037805	0.9775422
4548	-1387.613	-1559.887	172.2738	1.172765	0.8763843
4554	-1377.355	-1549.546	172.1908	1.273481	0.8554505
4560	-1392.154	-1564.185	172.0306	1.419955	0.8716904
4566	-1383.717	-1555.753	172.0362	1.232696	1.060648
4572	-1374.116	-1546.342	172.2259	0.9373191	1.15691
4578	-1382.974	-1555.245	172.2718	0.8914015	1.15691
4584	-1382.813	-1555.006	172.1924	1.130038	1.008849
4590	-1380.856	-1553.039	172.1831	0.9686343	1.166948
4596	-1377.021	-1549.395	172.3747	0.9016453	1.053598
4602	-1390.295	-1562.398	172.1028	0.9558138	1.246472
4608	-1393.315	-1565.527	172.2121	0.9155496	1.187896
4614	-1393.595	-1565.714	172.1188	1.149579	1.061132
4620	-1382.27	-1554.338	172.0674	1.200983	1.061132
4626	-1380.201	-1552.232	172.0312	1.209111	1.087388
4632	-1381.919	-1553.851	171.9319	1.308409	1.087388
4638	-1386.733	-1558.841	172.108	1.308409	0.9106259
4644	-1390.664	-1562.73	172.0666	1.491055	0.7282733
4650	-1380.954	-1552.916	171.9619	1.491055	0.8689448
4656	-1384.307	-1556.304	171.997	1.491055	0.8260864
4662	-1382.595	-1554.805	172.2099	1.202037	0.9155616
4668	-1384.925	-1556.946	172.0205	1.447594	0.8508409
4674	-1396.38	-1568.566	172.1861	1.273032	0.8615742
4680	-1399.82	-1572.018	172.198	1.204565	0.9258178
4686	-1397.962	-1570.014	172.0519	1.350627	0.9258178
4692	-1393.965	-1565.971	172.0062	1.396385	0.9258178
4698	-1401.011	-1573.035	172.0242	1.378395	0.9258178
4704	-1396.835	-1568.848	172.0125	1.50823	0.7829525
4710	-1394.529	-1566.352	171.8226	1.674567	0.8143794
4716	-1393.838	-1565.97	172.1323	1.339992	0.8456699
4722	-1390.395	-1562.627	172.2323	1.255658	0.8261743
4728	-1396.091	-1568.215	172.1241	1.255658	0.9502219
4734	-1383.369	-1555.567	172.1975	0.9565254	1.164949
4740	-1378.671	-1550.842	172.1712	1.019562	1.132414
4746	-1384.496	-1556.644	172.1477	1.119733	1.061977
4752	-1383.915	-1556.069	172.1539	1.106732	1.0684
4758	-1387.996	-1559.989	171.9929	1.015614	1.287924
4764	-1385.114	-1557.42	172.3061	0.9590512	1.064202
4770	-1390.076	-1562.424	172.3487	1.030815	0.9504861
4776	-1400.843	-1572.81	171.9663	1.517818	0.8311079
4782	-1378.279	-1550.541	172.262	0.9120793	1.147348
4788	-1384.982	-1557.201	172.219	1.028687	1.080537
4794	-1387.853	-1559.937	172.0839	1.054231	1.178828
4800	-1385.814	-1558.047	172.2331	1.180013	0.9143123
4806	-1384.713	-1557.114	172.4014	0.817988	1.106629
4812	-1375.263	-1547.575	172.3117	0.9749872	1.04363
4818	-1382.986	-1555.203	172.2174	1.038739	1.072592
4824	-1392.499	-1564.644	172.1443	1.148477	1.03778
4830	-1384.491	-1556.679	172.1878	1.045646	1.093719
4836	-1384.554	-1556.87	172.3159	1.045646	0.9693017
4842	-1392.51	-1564.706	172.1953	1.166184	0.9693017
4848	-1384.91	-1557.272	172.3613	1.065323	0.8992362
4854	-1382.912	-1554.763	171.8512	1.490081	0.9899835
4860	-1390.13	-1562.116	171.9864	1.479608	0.8533243
4866	-1377.16	-1549.515	172.3553	1.086244	0.8822058
4872	-1377.122	-1549.31	172.1885	1.289008	0.8392416
4878	-1380.43	-1552.766	172.3363	1.18374	0.7838281
4884	-1384.332	-1556.506	172.1734	1.168475	0.9893377
4890	-1387.623	-1559.75	172.1261	1.190146	1.014907
4896	-1376.333	-1548.459	172.1261	1.190146	1.014907
4902	-1374.722	-1547.042	172.3209	1.146226	0.8520439
4908	-1390.273	-1562.529	172.2562	1.092748	0.9822077
4914	-1399.387	-1571.462	172.0754	1.311931	0.9421816
4920	-1410.924	-1583.144	172.22	1.167371	0.9421816
4926	-1394.005	-1566.25	172.2456	1.273989	0.7845082
4932	-1386.174	-1558.386	172.2115	1.26921	0.8352647
4938	-1390.323	-1562.742	172.4189	1.11651	0.7621029
4944	-1375.554	-1547.666	172.1121	1.278961	0.938242
4950	-1380.925	-1553.216	172.2908	1.036458	1.003995
4956	-1376.364	-1548.363	171.9992	1.328057	1.003995
4962	-1372.917	-1545.066	172.1491	1.190373	0.991735
4968	-1370.627	-1543.073	172.4464	0.8931433	0.991735
4974	-1385.249	-1557.267	172.0187	1.240759	1.069556
4980	-1386.633	-1558.88	172.247	1.072278	1.011911
4986	-1388.118	-1560.2	172.0822	1.189708	1.057783
4992	-1387.164	-1559.436	172.2722	0.9252381	1.126426
4998	-1376.206	-1548.534	172.3276	0.8699293	1.126426
5004	-1393.144	-1565.137	171.993	1.342553	0.9956875
5010	-1384.103	-1556.571	172.4682	0.8673484	0.9956875
5016	-1385.251	-1557.308	172.0574	1.074533	1.184235
5022	-1398.636	-1570.718	172.0821	1.286416	0.9620291
5028	-1385.381	-1557.233	171.8518	1.517107	0.9616505
5034	-1393.413	-1565.604	172.1915	1.170473	0.9688223
5040	-1384.968	-1557.152	172.1846	1.001962	1.136201
5046	-1403.669	-1575.814	172.1453	1.305838	0.8710419
5052	-1391.51	-1563.862	172.3514	0.9642475	1.015562
5058	-1374.112	-1546.48	172.3681	0.9028825	1.058692
5064	-1381.952	-1554.366	172.4135	0.9393226	0.9781777
5070	-1377.608	-1550.055	172.4474	0.905466	0.9781777
5076	-1383.65	-1555.796	172.1467	1.088345	1.092193
5082	-1376.375	-1548.455	172.0795	1.166137	1.082388
5088	-1378.431	-1550.68	172.2493	0.9349828	1.138248
5094	-1376.49	-1548.567	172.0769	1.013344	1.219878
5100	-1382.038	-1554.552	172.514	0.8015062	1.015606
5106	-1376.026	-1548.282	172.2564	1.074812	1.000051
5112	-1390.331	-1562.353	172.0214	1.326906	0.9828658
5118	-1386.047	-1558.02	171.9731	1.214654	1.13518
5124	-1391.588	-1563.497	171.909	1.527179	0.888423
5130	-1394.425	-1566.54	172.115	1.138588	1.074988
5136	-1394.325	-1566.576	172.2505	1.144673	0.9337864
5142	-1405.755	-1577.944	172.1888	1.231524	0.9062559
5148	-1406.96	-1578.98	172.0195	0.9786909	1.2963
5154	-1394.31	-1566.568	172.258	1.025163	1.047008
5160	-1382.902	-1555.21	172.3079	1.020666	1.002736
5166	-1385.443	-1557.628	172.1853	1.135907	1.00999
5172	-1382.052	-1554.187	172.1348	1.318121	0.8689461
5178	-1405.036	-1577.24	172.2037	1.129553	0.9980644
5184	-1397.21	-1569.397	172.1866	1.034058	1.105412
5190	-1397.168	-1569.344	172.1763	0.9884791	1.155529
5196	-1380.281	-1552.491	172.2097	1.076147	1.044484
5202	-1382.893	-1555.063	172.1695	1.11629	1.044484
5208	-1382.999	-1555.001	172.0021	1.319877	1.009283
5214	-1391.663	-1563.587	171.9247	1.348815	1.056254
5220	-1399.425	-1571.575	172.15	1.035636	1.137066
5226	-1392.11	-1564.43	172.3207	1.061032	0.9481054
5232	-1390.579	-1562.762	172.1827	1.08008	1.066391
5238	-1382.462	-1554.642	172.1806	1.021285	1.122455
5244	-1389.806	-1561.978	172.1722	0.9315731	1.208381
5250	-1395.126	-1567.453	172.3274	0.9315731	1.070003
5256	-1394.152	-1566.434	172.2815	1.025207	1.024322
5262	-1394.15	-1566.175	172.0253	1.450252	0.8417392
5268	-1391.63	-1563.885	172.255	1.22056	0.8417392
5274	-1391.543	-1563.504	171.9608	1.536086	0.8147953
5280	-1391.225	-1563.416	172.1906	1.244776	0.8893183
5286	-1378.066	-1550.341	172.2747	1.218369	0.8196598
5292	-1384.045	-1556.251	172.2058	1.167148	0.957408
5298	-1383.612	-1555.809	172.1966	1.171103	0.9628807
5304	-1387.116	-1559.231	172.1146	1.293998	0.9192384
5310	-1396.475	-1568.64	172.1658	1.249715	0.9116685
5316	-1387.32	-1559.664	172.344	1.071466	0.9116685
5322	-1385.696	-1557.928	172.2321	1.107517	0.9916735
5328	-1384.727	-1556.836	172.1092	1.278483	0.9418287
5334	-1397.789	-1569.852	172.0626	1.230523	1.037517
5340	-1378.089	-1550.048	171.9596	1.5651	0.7773736
5346	-1381.524	-1553.606	172.082	1.395929	0.8388124
5352	-1378.902	-1551.046	172.1444	1.196105	0.9907179
5358	-1377.844	-1549.993	172.1488	1.236498	0.9443374
5364	-1387.257	-1559.406	172.1488	1.236498	0.9443374
5370	-1379.339	-1551.477	172.1382	1.298924	0.8873015
5376	-1383.335	-1555.194	171.8589	1.663686	0.780374
5382	-1390.234	-1562.598	172.3641	0.8678514	1.095065
5388	-1392.131	-1564.148	172.0169	1.038246	1.249434
5394	-1394.263	-1566.768	172.5049	0.9079323	0.9145577
5400	-1381.86	-1554.126	172.2664	1.045563	1.019175
5406	-1388.285	-1560.487	172.2012	1.045563	1.081374
5412	-1393.706	-1565.963	172.2576	1.05155	1.021853
5418	-1389.133	-1561.549	172.4163	0.9218503	0.9931227
5424	-1396.532	-1568.728	172.1958	0.9949873	1.132415
5430	-1394.894	-1567.234	172.3391	1.004694	0.9874159
5436	-1398.15	-1570.325	172.1752	1.039375	1.111011
5442	-1400.074	-1572.515	172.4408	0.8782888	1.012133
5448	-1389.511	-1561.456	171.9444	0.8782888	1.434838
5454	-1378.837	-1551.3	172.4627	0.8540708	1.014382
5460	-1382.452	-1554.527	172.075	1.241837	1.014382
5466	-1376.369	-1548.56	172.1902	1.2944	0.8303856
5472	-1378.472	-1550.516	172.0436	1.459608	0.8065933
5478	-1387.474	-1559.565	172.0912	1.411917	0.8065933
5484	-1380.697	-1552.639	171.942	1.557297	0.8116011
5490	-1392.529	-1564.879	172.3495	0.9546065	1.026815
5496	-1382.292	-1554.562	172.2693	1.081352	0.9803936
5502	-1378.002	-1550.177	172.175	1.193022	0.9625777
5508	-1373.692	-1545.859	172.1666	1.201404	0.9625777
5514	-1379.787	-1551.973	172.1862	1.220946	0.9208444
5520	-1384.317	-1556.457	172.14	1.024759	1.155594
5526	-1376.216	-1548.239	172.023	1.435018	0.8629173
5532	-1378.322	-1550.407	172.0846	1.435018	0.7844634
5538	-1391.554	-1563.581	172.0269	1.382021	0.9188821
5544	-1382.545	-1554.495	171.9503	1.549107	0.8114513
5550	-1379.389	-1551.741	172.3512	0.9215064	1.057023
5556	-1379.468	-1551.656	172.1884	1.201093	0.9399189
5562	-1385.302	-1557.594	172.292	1.140362	0.8927604
5568	-1386.939	-1559.18	172.2416	0.9308951	1.148697
5574	-1388.202	-1560.087	171.8853	1.24949	1.181721
5580	-1383.478	-1555.465	171.9876	1.453154	0.8830783
5586	-1381.938	-1554.159	172.2207	1.094457	1.01603
5592	-1378.2	-1550.549	172.3493	0.7867573	1.180667
5598	-1372.93	-1545.25	172.3205	0.9607998	1.048863
5604	-1380.746	-1552.773	172.0269	1.254362	1.048863
5610	-1388.306	-1560.332	172.0261	1.255183	1.048863
5616	-1393.991	-1566.256	172.2649	0.8249744	1.220216
5622	-1379.354	-1551.395	172.041	1.160389	1.122909
5628	-1383.918	-1556.15	172.2318	1.079264	1.019994
5634	-1381.636	-1553.421	171.7841	1.785339	0.7088218
5640	-1394.302	-1566.361	172.0582	1.270757	1.00237
5646	-1389.227	-1561.3	172.0729	1.308485	0.9484786
5652	-1378.325	-1550.453	172.1278	1.1308	1.07029
5658	-1378.352	-1550.713	172.3602	0.8159634	1.14548
5664	-1381.199	-1553.443	172.2445	0.8117019	1.248524
5670	-1386.568	-1558.775	172.2066	1.11458	1.010003
5676	-1386.414	-1558.4	171.9863	1.195683	1.14032
5682	-1379.636	-1551.873	172.237	1.099787	0.9944332
5688	-1377.469	-1549.545	172.0764	1.437886	0.7917288
5694	-1395.618	-1567.414	171.7953	1.612391	0.9202033
5700	-1393.821	-1565.696	171.8749	1.380065	1.073739
5706	-1391.316	-1563.371	172.0552	1.29462	0.9813084
5712	-1389.885	-1561.754	171.8688	1.683702	0.7363507
5718	-1389.007	-1561.416	172.4089	1.177628	0.6782917
5724	-1391.002	-1562.679	171.677	1.928321	0.6391576
5730	-1391.255	-1563.051	171.796	1.677852	0.8437463
5736	-1404.782	-1576.664	171.8816	1.677852	0.7254005
5742	-1396.88	-1568.761	171.881	1.622328	0.8063225
5748	-1387.594	-1559.637	172.0429	1.349494	0.9368383
5754	-1386.694	-1558.887	172.1937	1.131507	1.006019
5760	-1386.843	-1559.07	172.2277	1.150589	0.9518377
5766	-1382.22	-1554.337	172.1175	1.250013	0.9630577
5772	-1389.274	-1561.396	172.1225	1.218231	0.9904599
5778	-1385.549	-1557.79	172.2411	1.204504	0.877457
5784	-1384.583	-1556.526	171.9429	1.504187	0.8757351
5790	-1393.987	-1565.964	171.977	1.372483	0.9815842
5796	-1384.526	-1556.395	171.8687	1.536193	0.923265
5802	-1383.382	-1555.631	172.2489	1.261015	0.7976543
5808	-1391.236	-1563.207	171.9705	1.606561	0.6956006
5814	-1387.918	-1560.196	172.2772	1.208592	0.8288863
5820	-1391.7	-1563.64	171.9392	1.500711	0.8841393
5826	-1393.491	-1565.791	172.2996	1.112904	0.914981
5832	-1401.144	-1573.276	172.1323	1.12214	1.074196
5838	-1397.439	-1569.521	172.082	1.177953	1.06906
5844	-1380.466	-1552.769	172.3031	0.9568858	1.06906
5850	-1383.312	-1555.678	172.3656	0.9742159	0.9914134
5856	-1378.411	-1550.424	172.0134	1.242905	1.072441
5862	-1378.538	-1550.542	172.0038	1.252518	1.072441
5868	-1388.911	-1561.23	172.3187	1.055912	0.9556918
5874	-1384.088	-1556.183	172.0952	1.279415	0.9556918
5880	-1387.356	-1559.501	172.1456	1.235038	0.9492735
5886	-1385.285	-1557.579	172.2944	1.183512	0.8387745
5892	-1380.647	-1552.76	172.1131	1.386008	0.8118701
5898	-1383.515	-1555.575	172.0594	1.386008	0.8777059
5904	-1393.337	-1565.367	172.0299	1.252306	1.04794
5910	-1402.838	-1574.993	172.1544	1.363624	0.7866673
5916	-1391.826	-1563.74	171.9134	1.604586	0.7866673
5922	-1387.534	-1559.591	172.0568	1.283628	0.9908131
5928	-1377.88	-1550.106	172.2259	1.17603	0.9265309
5934	-1386.572	-1558.725	172.1536	1.207157	0.9700877
5940	-1371.544	-1543.577	172.0335	1.348103	0.9482935
5946	-1373.762	-1545.809	172.0468	1.310857	0.9732584
5952	-1384.814	-1557.211	172.397	0.9606262	0.9732584
5958	-1385.857	-1558.192	172.3347	1.047541	0.9475983
5964	-1395.969	-1568.197	172.2284	1.153835	0.9475983
5970	-1385.402	-1557.591	172.1887	1.08413	1.056933
5976	-1380.073	-1552.301	172.2285	0.9052338	1.182672
5982	-1376.215	-1548.692	172.4776	0.9052338	0.9469545
5988	-1383.826	-1556.055	172.2286	0.8874322	1.197938
5994	-1383.494	-1555.63	172.1361	1.255089	0.938107
6000	-1385.112	-1556.916	171.8048	1.804802	0.6291802
6006	-1378.687	-1550.699	172.0125	1.531066	0.7500868
6012	-1387.38	-1559.837	172.457	0.9471751	0.924088
6018	-1383.21	-1555.556	172.3452	1.037399	0.9472228
6024	-1392.993	-1565.208	172.2153	1.270101	0.829444
6030	-1387.709	-1559.793	172.0836	1.206741	1.040169
6036	-1394.995	-1566.89	171.895	1.424712	1.011494
6042	-1383.038	-1555.236	172.1972	1.082193	1.050614
6048	-1385.62	-1557.94	172.3206	1.193961	0.7913077
6054	-1384.029	-1556.277	172.2479	1.193961	0.8818021
6060	-1386.122	-1558.442	172.3199	0.8340827	1.165001
6066	-1395.001	-1567.044	172.0436	1.298117	0.9895516
6072	-1388.519	-1560.547	172.0282	1.298117	1.004973
6078	-1390.153	-1562.463	172.31	1.077837	0.9416904
6084	-1384.119	-1556.208	172.0895	1.19699	1.043838
6090	-1386.454	-1558.614	172.16	1.208762	0.9617403
6096	-1384.258	-1556.526	172.2677	1.087708	0.9755694
6102	-1388.912	-1561.112	172.2004	1.229548	0.8955061
6108	-1401.995	-1574.365	172.3699	0.9970923	0.9635785
6114	-1387.499	-1559.837	172.3384	0.8393435	1.144047
6120	-1386.352	-1558.643	172.2912	1.105219	0.9324934
6126	-1384.622	-1556.893	172.2708	1.105219	0.9541316
6132	-1399.598	-1571.755	172.1562	1.219897	0.9541316
6138	-1401.97	-1574.027	172.0569	1.382316	0.8848922
6144	-1376.032	-1548.285	172.2536	1.107444	0.9698033
6150	-1378.392	-1550.585	172.1935	1.084576	1.051872
6156	-1368.874	-1541.223	172.3497	1.029801	0.9504956
6162	-1375.908	-1548.283	172.3758	1.0245	0.9283037
6168	-1375	-1547.094	172.0942	1.306088	0.9283037
6174	-1387.354	-1559.653	172.2992	1.101078	0.9283037
6180	-1388.974	-1561.278	172.3046	0.9878833	1.038121
6186	-1390.522	-1562.823	172.3015	1.062661	0.9665259
6192	-1379.857	-1552.109	172.2517	1.112514	0.9665259
6198	-1382.126	-1554.293	172.1672	1.15658	1.007453
6204	-1380.407	-1552.657	172.2494	1.137154	0.9430667
6210	-1394.999	-1566.81	171.8111	1.778428	0.6724099
6216	-1386.266	-1558.319	172.0533	1.291991	0.9858938
6222	-1377.471	-1549.723	172.2519	1.184575	0.8879826
6228	-1389.901	-1562.013	172.1121	1.258142	0.9602753
6234	-1384.436	-1556.652	172.2167	1.173388	0.9392568
6240	-1371.379	-1543.557	172.1779	1.112767	1.039865
6246	-1373.036	-1545.206	172.1702	1.011982	1.140076
6252	-1377.732	-1549.923	172.1918	1.16897	0.9700333
6258	-1392.636	-1564.651	172.0157	1.314496	1.001119
6264	-1393.505	-1565.682	172.1772	1.142654	1.011398
6270	-1390.789	-1563.013	172.2244	0.9908521	1.11037
6276	-1388.559	-1560.668	172.1095	1.254642	0.9665686
6282	-1388.22	-1560.452	172.232	1.333301	0.7158102
6288	-1392.665	-1564.48	171.8152	1.76889	0.6829473
6294	-1386.503	-1558.522	172.0186	1.567869	0.6784118
6300	-1379.607	-1551.777	172.1703	1.267644	0.8863676
