Iteration	Posterior	Likelihood	Prior	tree_length
0	-570.0904	-738.7483	168.6578	4.034112
6	-576.4997	-745.4949	168.9953	3.840859
12	-568.4771	-737.0485	168.5714	4.083414
18	-570.4768	-739.3048	168.828	3.93682
24	-584.5414	-753.8292	169.2878	3.672124
30	-577.4097	-745.2133	167.8036	4.517849
36	-582.0151	-749.3536	167.3386	4.778417
42	-582.551	-750.3792	167.8282	4.504011
48	-583.0277	-751.0803	168.0526	4.377564
54	-582.8783	-751.0129	168.1346	4.331249
60	-579.0267	-747.4165	168.3898	4.186692
66	-579.3839	-747.8369	168.453	4.150798
72	-580.9875	-750.145	169.1574	3.747467
78	-571.7523	-740.7483	168.996	3.840428
84	-569.1777	-737.5338	168.3561	4.205828
90	-566.236	-735.393	169.157	3.747743
96	-567.7518	-736.7302	168.9784	3.850544
102	-577.9269	-746.9053	168.9784	3.850544
108	-559.4355	-729.1112	169.6757	3.446471
114	-571.4721	-739.4697	167.9977	4.408594
120	-577.2209	-744.7676	167.5467	4.662009
126	-589.2757	-758.6017	169.3261	3.64996
132	-593.7139	-763.3135	169.5995	3.490962
138	-585.1692	-754.2533	169.0841	3.789745
144	-576.3016	-745.2142	168.9125	3.888378
150	-581.7658	-750.7153	168.9496	3.86711
156	-600.8652	-769.2574	168.3922	4.185359
162	-581.2445	-750.1852	168.9407	3.872209
168	-578.6576	-748.3068	169.6492	3.461979
174	-594.2477	-762.8585	168.6108	4.060959
180	-580.5558	-749.0564	168.5006	4.123697
186	-579.3872	-748.8808	169.4936	3.552667
192	-580.7817	-750.3589	169.5772	3.503992
198	-582.8042	-751.0378	168.2337	4.275231
204	-581.9112	-750.4924	168.5812	4.077833
210	-593.6127	-762.1939	168.5812	4.077833
216	-598.4297	-767.7507	169.3211	3.652857
222	-581.4439	-750.7853	169.3413	3.641135
228	-583.3685	-752.6469	169.2784	3.677592
234	-583.5489	-751.1139	167.565	4.651784
240	-576.8969	-745.2952	168.3983	4.181861
246	-576.5248	-745.6027	169.078	3.793281
252	-577.3172	-746.3951	169.078	3.793281
258	-563.3418	-732.6364	169.2946	3.668218
264	-562.2841	-731.3663	169.0822	3.790848
270	-575.2329	-743.4499	168.217	4.284682
276	-575.0258	-744.3482	169.3224	3.652109
282	-568.3804	-736.9122	168.5317	4.106001
288	-572.954	-741.124	168.17	4.311271
294	-574.6231	-743.5412	168.918	3.885218
300	-567.675	-735.7299	168.0549	4.376281
306	-577.4672	-746.8546	169.3874	3.614387
312	-573.1606	-741.9417	168.7811	3.96369
318	-579.9193	-748.4496	168.5303	4.106822
324	-573.1469	-741.4661	168.3191	4.226788
330	-583.1142	-751.5976	168.4834	4.133494
336	-579.0906	-747.9403	168.8497	3.924421
342	-572.8015	-740.5708	167.7693	4.537126
348	-573.4257	-741.0024	167.5766	4.64525
354	-588.794	-756.3706	167.5766	4.64525
360	-592.0688	-761.1417	169.0728	3.796244
366	-587.9367	-757.4279	169.4912	3.554073
372	-583.447	-752.8483	169.4012	3.606378
378	-573.1569	-741.5098	168.353	4.207613
384	-578.8351	-747.5988	168.7637	3.973629
390	-575.4362	-745.1484	169.7122	3.425131
396	-570.7987	-739.0052	168.2064	4.29065
402	-571.661	-739.8675	168.2064	4.29065
408	-570.2531	-738.4952	168.2421	4.270459
414	-570.8478	-739.1838	168.336	4.217227
420	-575.3673	-743.8881	168.5208	4.112212
426	-580.1988	-748.3318	168.133	4.332175
432	-581.7922	-750.5673	168.7751	3.967105
438	-568.3988	-736.3153	167.9165	4.454323
444	-579.9542	-748.3712	168.4171	4.171217
450	-572.557	-741.8816	169.3247	3.650783
456	-571.0697	-740.3944	169.3247	3.650783
462	-570.9148	-738.7958	167.881	4.474325
468	-563.0661	-732.2034	169.1374	3.759047
474	-567.1724	-735.8979	168.7255	3.995452
480	-576.2969	-745.8847	169.5878	3.497829
486	-574.3946	-743.5197	169.125	3.766157
492	-569.2153	-738.4762	169.2608	3.687731
498	-574.0258	-742.069	168.0432	4.382893
504	-572.667	-740.512	167.8451	4.494535
510	-564.967	-733.4892	168.5221	4.111463
516	-575.0619	-743.7168	168.655	4.035744
522	-570.6892	-737.7129	167.0238	4.95384
528	-578.5569	-748.3408	169.7839	3.383093
534	-572.3256	-740.4575	168.1319	4.332773
540	-563.611	-732.803	169.1919	3.727546
546	-570.3093	-739.4935	169.1841	3.732046
552	-571.3716	-740.9878	169.6162	3.481238
558	-562.4578	-731.8127	169.3549	3.633274
564	-570.105	-739.0471	168.9421	3.871385
570	-573.932	-743.2203	169.2883	3.671817
576	-571.6515	-739.624	167.9725	4.422751
582	-581.0854	-750.1462	169.0608	3.803174
588	-576.8686	-745.7509	168.8823	3.90571
594	-584.2223	-753.4537	169.2313	3.704792
600	-573.3002	-742.0249	168.7247	3.995904
606	-577.5873	-745.6418	168.0546	4.376488
612	-582.5638	-751.3681	168.8043	3.950427
618	-567.4054	-736.1136	168.7083	4.005314
624	-563.9869	-732.6952	168.7083	4.005314
630	-578.3897	-747.1489	168.7592	3.976227
636	-578.8002	-747.5404	168.7402	3.98706
642	-582.7925	-751.8155	169.023	3.824893
648	-579.4887	-748.336	168.8473	3.925781
654	-575.0076	-743.5715	168.5638	4.087709
660	-583.5161	-751.6624	168.1463	4.324643
666	-575.6038	-744.4077	168.8039	3.950614
672	-579.3296	-748.5685	169.2389	3.70042
678	-567.1214	-736.126	169.0046	3.835515
684	-571.567	-740.6178	169.0508	3.808901
690	-587.3409	-756.0645	168.7237	3.996516
696	-591.1149	-758.7703	167.6554	4.601064
702	-575.8706	-744.5895	168.7189	3.999249
708	-581.0913	-749.8101	168.7189	3.999249
714	-581.1492	-749.8378	168.6886	4.016558
720	-577.1572	-746.2753	169.1181	3.77016
726	-575.301	-744.5965	169.2956	3.667639
732	-570.8012	-739.5224	168.7213	3.997901
738	-574.5633	-743.5006	168.9373	3.874167
744	-564.4042	-733.2964	168.8923	3.9
750	-562.9034	-731.946	169.0425	3.81368
756	-574.7797	-743.9311	169.1514	3.750925
762	-569.1937	-737.2438	168.0501	4.379014
768	-577.8249	-747.8747	170.0498	3.226414
774	-567.8175	-737.055	169.2374	3.701262
780	-563.4922	-733.106	169.6138	3.482625
786	-571.6244	-740.7179	169.0935	3.784352
792	-570.9633	-739.9966	169.0333	3.818984
798	-562.5428	-731.9539	169.4111	3.600622
804	-564.0977	-732.7013	168.6036	4.065051
810	-568.0593	-736.609	168.5497	4.09576
816	-568.8454	-738.5144	169.6689	3.450418
822	-570.9873	-740.2817	169.2944	3.668313
828	-577.907	-746.2744	168.3674	4.19944
834	-576.4964	-744.3878	167.8914	4.468438
840	-580.7883	-749.8518	169.0635	3.80159
846	-579.6136	-749.3858	169.7723	3.389917
852	-575.435	-743.7254	168.2905	4.243056
858	-570.0437	-738.5655	168.5218	4.111645
864	-568.4773	-737.5007	169.0234	3.824659
870	-572.1503	-740.435	168.2847	4.24629
876	-564.3997	-732.1626	167.7629	4.54072
882	-554.1245	-722.5184	168.3939	4.184378
888	-580.1412	-747.9973	167.8561	4.488349
894	-580.2538	-748.1303	167.8765	4.476855
900	-570.9386	-740.2142	169.2756	3.679195
906	-568.2924	-737.1141	168.8216	3.940474
912	-566.4685	-735.2902	168.8216	3.940474
918	-573.6022	-742.8518	169.2497	3.694182
924	-577.7254	-746.5805	168.8552	3.921268
930	-564.1894	-732.8888	168.6994	4.01038
936	-566.4083	-735.7199	169.3116	3.658344
942	-575.4306	-743.0175	167.587	4.639463
948	-582.5001	-750.9666	168.4665	4.143117
954	-589.24	-758.0853	168.8453	3.926925
960	-586.2082	-754.3814	168.1731	4.309493
966	-576.3245	-744.611	168.2865	4.245279
972	-569.5704	-739.4623	169.8919	3.319622
978	-582.1133	-751.3075	169.1941	3.726283
984	-577.3	-744.6625	167.3625	4.765024
990	-578.575	-747.458	168.883	3.905295
996	-570.1992	-739.7652	169.566	3.510513
1002	-566.8569	-736.6821	169.8252	3.358831
1008	-574.1494	-742.9142	168.7648	3.973
1014	-575.0244	-743.7893	168.7648	3.973
1020	-568.7661	-738.0955	169.3294	3.648059
1026	-577.5896	-747.5052	169.9156	3.305664
1032	-576.3764	-744.7118	168.3354	4.217558
1038	-577.1341	-746.593	169.459	3.572842
1044	-576.4075	-744.7383	168.3308	4.220201
1050	-581.1327	-749.2897	168.157	4.318611
1056	-596.8325	-764.1021	167.2696	4.816923
1062	-572.7326	-742.3391	169.6065	3.486869
1068	-574.0697	-742.6543	168.5845	4.07592
1074	-569.9098	-738.9229	169.0131	3.830589
1080	-579.9643	-749.4743	169.51	3.543148
1086	-588.407	-757.7196	169.3126	3.657753
1092	-581.1491	-749.8913	168.7422	3.98591
1098	-584.0568	-753.9251	169.8683	3.333487
1104	-582.0604	-750.8426	168.7822	3.963039
1110	-576.5684	-745.1877	168.6193	4.056081
1116	-564.9472	-733.5841	168.6369	4.046071
1122	-566.5095	-734.249	167.7395	4.553882
1128	-571.1968	-738.9363	167.7395	4.553882
1134	-574.473	-742.4046	167.9316	4.445824
1140	-571.2036	-739.0453	167.8418	4.496399
1146	-559.9794	-728.8869	168.9075	3.891257
1152	-576.3835	-745.0951	168.7116	4.00344
1158	-562.3014	-731.4004	169.099	3.781136
1164	-565.7322	-734.1843	168.452	4.151348
1170	-563.2448	-731.6917	168.4469	4.154238
1176	-579.4754	-747.9545	168.4791	4.135944
1182	-589.6425	-757.4788	167.8363	4.499474
1188	-581.504	-750.3001	168.796	3.955143
1194	-566.1937	-735.1993	169.0056	3.834888
1200	-560.7517	-730.2111	169.4594	3.57256
1206	-572.9686	-742.6763	169.7076	3.427772
1212	-583.4063	-752.6856	169.2792	3.677085
1218	-570.7583	-739.8045	169.0462	3.811573
1224	-567.5807	-736.5199	168.9392	3.873068
1230	-572.5364	-741.2228	168.6864	4.017836
1236	-573.4849	-741.3818	167.8969	4.465351
1242	-568.9474	-737.9189	168.9715	3.854532
1248	-568.5201	-737.5206	169.0005	3.837876
1254	-566.6054	-736.3641	169.7587	3.397884
1260	-562.6073	-731.0108	168.4034	4.178957
1266	-578.69	-747.3463	168.6563	4.034975
1272	-568.3899	-736.7825	168.3926	4.185082
1278	-560.6714	-730.0675	169.396	3.609393
1284	-566.6362	-735.5378	168.9016	3.894654
1290	-562.7066	-731.4284	168.7218	3.99756
1296	-563.9698	-732.9138	168.944	3.87028
1302	-569.8104	-738.7545	168.944	3.87028
1308	-578.6109	-747.0585	168.4476	4.153851
1314	-578.5671	-747.1693	168.6022	4.065835
1320	-576.2865	-745.5246	169.2381	3.700879
1326	-578.6759	-747.4066	168.7308	3.992459
1332	-583.9426	-752.8957	168.953	3.865116
1338	-567.2254	-736.177	168.9516	3.86597
1344	-572.2792	-740.8123	168.5331	4.105219
1350	-578.8897	-748.7171	169.8274	3.357558
1356	-568.9992	-737.031	168.0318	4.389334
1362	-567.1961	-736.1867	168.9905	3.843575
1368	-569.1895	-738.6552	169.4657	3.568913
1374	-571.497	-740.4323	168.9353	3.875282
1380	-576.9723	-746.3519	169.3796	3.618906
1386	-575.68	-744.6843	169.0044	3.835623
1392	-569.9174	-738.9218	169.0044	3.835623
1398	-578.0106	-747.0149	169.0044	3.835623
1404	-576.332	-744.6505	168.3185	4.227182
1410	-575.7837	-744.6103	168.8266	3.93764
1416	-578.8927	-747.9512	169.0585	3.804461
1422	-580.9151	-749.7187	168.8037	3.950757
1428	-571.9599	-740.7636	168.8037	3.950757
1434	-575.1492	-743.8253	168.6761	4.023689
1440	-573.3275	-742.9578	169.6303	3.473011
1446	-579.9637	-748.5138	168.5501	4.095548
1452	-576.4683	-745.4141	168.9458	3.869249
1458	-577.7872	-745.5337	167.7465	4.549938
1464	-577.9664	-746.1882	168.2218	4.281965
1470	-573.9047	-743.0038	169.0991	3.781082
1476	-575.0608	-745.1767	170.1159	3.187295
1482	-573.6936	-743.169	169.4754	3.563308
1488	-572.0243	-740.1741	168.1498	4.322668
1494	-557.5021	-726.5255	169.0235	3.824626
1500	-566.9192	-735.4236	168.5044	4.121564
1506	-571.4843	-741.2647	169.7804	3.385133
1512	-566.9594	-735.9597	169.0002	3.838
1518	-568.2499	-737.249	168.9991	3.838632
1524	-588.2437	-757.6334	169.3897	3.613074
1530	-577.3818	-745.9932	168.6114	4.060636
1536	-589.1482	-757.6073	168.4591	4.14731
1542	-575.3052	-743.7643	168.4591	4.14731
1548	-576.0546	-745.3995	169.3448	3.639106
1554	-581.9038	-749.7901	167.8863	4.471358
1560	-573.7335	-742.5471	168.8136	3.945084
1566	-574.2972	-743.1108	168.8136	3.945084
1572	-579.6211	-748.0107	168.3895	4.186856
1578	-565.2655	-734.5133	169.2479	3.695227
1584	-584.9951	-754.0747	169.0796	3.792316
1590	-583.8257	-752.3952	168.5695	4.084504
1596	-573.6249	-742.195	168.5701	4.084162
1602	-572.3216	-741.5879	169.2663	3.684597
1608	-571.1557	-740.6543	169.4985	3.549821
1614	-565.4026	-735.1165	169.7139	3.42411
1620	-570.2901	-739.319	169.0289	3.821524
1626	-568.7933	-737.334	168.5407	4.100912
1632	-568.9538	-738.1554	169.2016	3.721957
1638	-573.5354	-742.1997	168.6644	4.030396
1644	-567.0359	-735.095	168.0591	4.373893
1650	-564.6082	-732.6673	168.0591	4.373893
1656	-568.4804	-737.6249	169.1444	3.75496
1662	-572.2251	-740.3498	168.1247	4.336886
1668	-566.5663	-735.6323	169.066	3.800164
1674	-562.0428	-730.7075	168.6647	4.030205
1680	-565.7024	-734.6324	168.93	3.878344
1686	-553.5934	-722.8628	169.2694	3.682749
1692	-556.163	-725.4325	169.2694	3.682749
1698	-572.386	-741.1094	168.7234	3.996673
1704	-559.647	-728.3704	168.7234	3.996673
1710	-563.6128	-732.0274	168.4145	4.172642
1716	-568.781	-737.8457	169.0647	3.800905
1722	-569.2881	-736.8222	167.5341	4.66905
1728	-567.8598	-735.4834	167.6236	4.618943
1734	-562.6167	-731.7541	169.1374	3.759002
1740	-568.0946	-737.2571	169.1625	3.744556
1746	-572.7721	-742.1305	169.3584	3.631237
1752	-578.6261	-746.6437	168.0176	4.397315
1758	-577.7602	-745.963	168.2029	4.292665
1764	-582.6093	-750.4276	167.8183	4.509595
1770	-583.1722	-751.5298	168.3576	4.204964
1776	-571.3459	-739.7035	168.3576	4.204964
1782	-579.5389	-747.4272	167.8883	4.470186
1788	-568.5643	-736.6334	168.0691	4.368268
1794	-570.3858	-738.9679	168.5821	4.077295
1800	-591.8983	-759.521	167.6227	4.61941
1806	-575.9672	-745.494	169.5269	3.533336
1812	-561.145	-730.9019	169.7569	3.398898
1818	-568.775	-738.6026	169.8276	3.357437
1824	-576.1158	-744.3673	168.2516	4.265096
1830	-569.101	-737.3526	168.2516	4.265096
1836	-566.3859	-736.0955	169.7096	3.426623
1842	-567.5877	-736.347	168.7593	3.976137
1848	-565.9406	-734.6389	168.6983	4.011023
1854	-564.9087	-733.974	169.0653	3.80059
1860	-572.1467	-740.5756	168.4289	4.164496
1866	-578.6858	-747.1147	168.4289	4.164496
1872	-584.2737	-751.7105	167.4367	4.723552
1878	-561.7595	-730.0492	168.2897	4.243499
1884	-578.0166	-746.3062	168.2897	4.243499
1890	-561.4156	-729.679	168.2634	4.258385
1896	-565.5904	-733.8538	168.2634	4.258385
1902	-572.1527	-740.2669	168.1142	4.342784
1908	-577.8104	-746.3854	168.575	4.081361
1914	-590.8151	-759.0579	168.2428	4.270049
1920	-596.9817	-765.8159	168.8342	3.933272
1926	-589.7514	-758.7142	168.9628	3.859517
1932	-581.2517	-750.7264	169.4747	3.563681
1938	-582.383	-750.3425	167.9595	4.430103
1944	-585.2622	-754.2063	168.9441	3.870224
1950	-574.7918	-744.4009	169.6091	3.485384
1956	-575.1764	-744.7855	169.6091	3.485384
1962	-571.3202	-740.9292	169.6091	3.485384
1968	-561.6846	-731.113	169.4284	3.590618
1974	-572.1357	-740.9503	168.8146	3.944508
1980	-572.5849	-741.0335	168.4486	4.153285
1986	-571.8559	-740.886	169.0301	3.820816
1992	-570.919	-739.8156	168.8966	3.897496
1998	-565.249	-734.3578	169.1088	3.775533
2004	-571.4827	-741.6894	170.2067	3.133357
2010	-560.4133	-729.5673	169.154	3.749439
2016	-577.403	-747.1175	169.7145	3.423763
2022	-571.4658	-740.3483	168.8825	3.905618
2028	-587.3559	-755.5337	168.1778	4.306863
2034	-575.5359	-744.8129	169.277	3.678379
2040	-574.0425	-743.0028	168.9604	3.860905
2046	-586.1131	-755.6687	169.5555	3.516628
2052	-579.4966	-747.4376	167.941	4.440517
2058	-576.2092	-745.3146	169.1054	3.777468
2064	-576.7571	-744.8712	168.114	4.34289
2070	-561.7899	-729.8844	168.0945	4.353941
2076	-575.5527	-743.5578	168.005	4.404445
2082	-564.113	-733.7457	169.6327	3.471581
2088	-570.6172	-738.7723	168.1551	4.319682
2094	-563.9604	-732.5513	168.5909	4.072281
2100	-566.4642	-734.7077	168.2436	4.269607
2106	-576.2737	-745.0998	168.8261	3.93791
2112	-576.4273	-744.0703	167.643	4.608016
2118	-563.4947	-731.1377	167.643	4.608016
2124	-567.3194	-736.4249	169.1054	3.777443
2130	-576.7548	-745.8603	169.1054	3.777443
2136	-572.4406	-741.7118	169.2712	3.681753
2142	-588.8873	-757.4348	168.5475	4.097041
2148	-596.5287	-764.2145	167.6858	4.584011
2154	-594.2776	-763.4007	169.1231	3.767265
2160	-587.4324	-755.9322	168.4998	4.124174
2166	-576.0079	-744.5077	168.4998	4.124174
2172	-570.8042	-740.14	169.3358	3.644316
2178	-564.2953	-733.5523	169.2571	3.689913
2184	-573.2036	-741.5665	168.3628	4.202005
2190	-575.1235	-743.9194	168.7959	3.955227
2196	-573.6582	-742.408	168.7498	3.981584
2202	-569.5856	-738.3455	168.7599	3.975827
2208	-572.01	-741.7362	169.7262	3.416916
2214	-576.7058	-744.1946	167.4888	4.694412
2220	-572.8796	-741.4963	168.6167	4.057563
2226	-577.6555	-747.0568	169.4013	3.606342
2232	-581.1127	-750.4882	169.3755	3.621284
2238	-564.0915	-733.4862	169.3948	3.610126
2244	-577.4756	-745.7604	168.2848	4.246267
2250	-576.668	-744.7918	168.1238	4.337365
2256	-577.8299	-746.0317	168.2018	4.293252
2262	-567.5961	-735.5408	167.9447	4.438438
2268	-567.7799	-737.0253	169.2454	3.696676
2274	-573.5382	-743.0026	169.4644	3.569653
2280	-578.0206	-746.6708	168.6503	4.038445
2286	-577.1247	-745.0759	167.9512	4.434781
2292	-582.7587	-752.2446	169.4859	3.557197
2298	-588.4373	-757.6235	169.1861	3.730895
2304	-589.4236	-758.7992	169.3756	3.621236
2310	-576.6254	-744.8155	168.1901	4.299889
2316	-584.9644	-752.5564	167.592	4.636641
2322	-589.8695	-758.5504	168.6809	4.020961
2328	-578.9596	-747.6405	168.6809	4.020961
2334	-578.3183	-746.1937	167.8754	4.477489
2340	-584.8826	-753.5126	168.63	4.049989
2346	-584.6336	-753.9659	169.3323	3.646329
2352	-580.0602	-748.3144	168.2541	4.263644
2358	-578.6361	-748.3047	169.6685	3.450648
2364	-574.6221	-744.2907	169.6685	3.450648
2370	-584.3151	-753.8716	169.5565	3.516039
2376	-578.1521	-747.3271	169.175	3.737312
2382	-570.7596	-739.8016	169.042	3.813953
2388	-573.8294	-742.5568	168.7275	3.994348
2394	-569.5523	-738.4865	168.9342	3.87594
2400	-572.1137	-741.0479	168.9342	3.87594
2406	-584.23	-753.1111	168.8811	3.906378
2412	-573.8769	-742.844	168.967	3.857079
2418	-584.1197	-753.1969	169.0772	3.793713
2424	-580.3817	-749.5229	169.1412	3.756847
2430	-576.4289	-744.8607	168.4318	4.162823
2436	-579.5703	-747.9892	168.4189	4.17018
2442	-576.6651	-745.5915	168.9264	3.880398
2448	-584.2249	-753.1513	168.9264	3.880398
2454	-592.3574	-761.0458	168.6884	4.016661
2460	-580.9007	-749.6172	168.7165	4.000636
2466	-582.8919	-752.2161	169.3242	3.65107
2472	-598.3412	-766.3744	168.0332	4.388554
2478	-591.998	-760.8471	168.8491	3.924768
2484	-584.5908	-752.6655	168.0747	4.365119
2490	-572.7674	-742.0845	169.3171	3.655157
2496	-569.8165	-738.6856	168.8691	3.913263
2502	-563.5625	-731.8358	168.2733	4.252788
2508	-565.4592	-733.7324	168.2733	4.252788
2514	-569.2834	-737.2798	167.9964	4.409291
2520	-567.6373	-737.2696	169.6323	3.471831
2526	-563.8939	-732.0847	168.1908	4.299466
2532	-569.8984	-738.8124	168.9139	3.887581
2538	-579.2196	-747.9194	168.6998	4.010172
2544	-578.3319	-746.383	168.0511	4.378453
2550	-578.0662	-746.959	168.8928	3.899709
2556	-585.1484	-753.8773	168.7289	3.99353
2562	-582.7394	-751.7138	168.9745	3.852813
2568	-586.5615	-755.398	168.8365	3.931968
2574	-573.0668	-742.5593	169.4925	3.553345
2580	-574.7037	-744.2004	169.4967	3.550906
2586	-582.2106	-751.4416	169.231	3.704983
2592	-582.8728	-751.6166	168.7438	3.985034
2598	-580.1944	-749.6065	169.4122	3.600027
2604	-576.4345	-746.2955	169.861	3.337779
2610	-580.7664	-749.388	168.6216	4.054805
2616	-573.7731	-742.7095	168.9364	3.874648
2622	-570.3419	-739.0018	168.6598	4.032973
2628	-580.1875	-748.8474	168.6598	4.032973
2634	-569.8551	-738.4039	168.5489	4.096242
2640	-574.4807	-743.1474	168.6666	4.029096
2646	-574.8785	-743.5451	168.6666	4.029096
2652	-583.0752	-752.1483	169.0732	3.796034
2658	-589.0978	-757.1621	168.0643	4.37098
2664	-572.6213	-741.1994	168.578	4.079619
2670	-568.1418	-737.0714	168.9296	3.878582
2676	-585.9632	-754.8928	168.9296	3.878582
2682	-568.8423	-738.0597	169.2174	3.712829
2688	-571.5786	-741.951	170.3724	3.034456
2694	-568.9457	-737.2695	168.3239	4.224102
2700	-579.2381	-748.7151	169.4771	3.562305
2706	-580.0183	-749.1931	169.1749	3.737387
2712	-582.7692	-751.1359	168.3667	4.199808
2718	-587.5855	-756.4298	168.8443	3.927493
2724	-577.5646	-746.6824	169.1178	3.770327
2730	-583.8143	-752.777	168.9627	3.859589
2736	-570.8552	-739.8178	168.9627	3.859589
2742	-575.147	-743.4965	168.3495	4.209544
2748	-585.8377	-755.2441	169.4064	3.603398
2754	-574.5451	-743.2511	168.706	4.00661
2760	-573.9823	-743.2522	169.2699	3.682499
2766	-580.3345	-749.2487	168.9141	3.887443
2772	-585.4752	-754.2853	168.8101	3.947087
2778	-591.6572	-760.1766	168.5195	4.112989
2784	-583.2919	-751.4729	168.181	4.305034
2790	-577.3891	-746.4311	169.042	3.813956
2796	-576.8922	-744.7355	167.8433	4.495548
2802	-582.5834	-751.0684	168.485	4.132576
2808	-560.5113	-728.9417	168.4304	4.163639
2814	-570.6809	-739.1727	168.4918	4.128733
2820	-572.8363	-741.3281	168.4918	4.128733
2826	-582.7685	-751.2958	168.5272	4.108557
2832	-562.2141	-731.7059	169.4918	3.55377
2838	-572.8635	-740.753	167.8895	4.469556
2844	-588.5312	-755.9693	167.4381	4.722776
2850	-585.7812	-754.3916	168.6104	4.061175
2856	-575.1557	-744.6064	169.4507	3.577665
2862	-579.3427	-747.7888	168.4461	4.15474
2868	-582.965	-752.5535	169.5886	3.497372
2874	-586.8659	-755.9274	169.0615	3.802765
2880	-575.6609	-744.7224	169.0615	3.802765
2886	-580.6817	-749.1992	168.5175	4.114079
2892	-580.1439	-748.6661	168.5221	4.111462
2898	-581.0424	-749.9082	168.8658	3.915173
2904	-565.3845	-734.6669	169.2824	3.675252
2910	-592.3977	-760.2088	167.8111	4.513622
2916	-588.5979	-757.5573	168.9594	3.861476
2922	-578.6299	-748.0745	169.4446	3.581216
2928	-573.7516	-742.4642	168.7126	4.002869
2934	-569.2729	-738.0195	168.7465	3.983454
2940	-577.9547	-746.7461	168.7914	3.957757
2946	-574.1112	-742.6632	168.5521	4.094424
2952	-572.8265	-741.6705	168.844	3.927652
2958	-570.0676	-738.938	168.8704	3.912554
2964	-566.0253	-734.7598	168.7345	3.990301
2970	-576.2876	-745.0426	168.755	3.978613
2976	-577.5643	-745.1518	167.5875	4.639136
2982	-586.9224	-755.5322	168.6098	4.061533
2988	-574.4691	-743.0788	168.6098	4.061533
2994	-578.1176	-747.1397	169.0221	3.82543
3000	-575.7941	-744.925	169.1309	3.762791
3006	-567.2531	-736.0922	168.839	3.9305
3012	-577.1856	-746.2314	169.0458	3.811801
3018	-590.0484	-758.2093	168.1609	4.316378
3024	-585.6874	-754.8854	169.198	3.724039
3030	-581.5321	-750.7634	169.2313	3.704834
3036	-582.4174	-750.4795	168.0622	4.372182
3042	-570.6644	-739.0715	168.4071	4.17688
3048	-585.3594	-752.6063	167.2469	4.829549
3054	-579.8672	-748.2511	168.3839	4.190057
3060	-584.7404	-753.1584	168.418	4.170689
3066	-578.3594	-746.6299	168.2705	4.254362
3072	-571.8196	-740.0901	168.2705	4.254362
3078	-577.4164	-745.4776	168.0612	4.372727
3084	-592.143	-760.4047	168.2617	4.259332
3090	-578.7458	-746.9935	168.2478	4.267243
3096	-575.4522	-744.3255	168.8733	3.910893
3102	-572.0529	-740.9261	168.8733	3.910893
3108	-576.776	-746.3336	169.5576	3.515416
3114	-580.4842	-749.5365	169.0523	3.80804
3120	-568.7372	-738.0312	169.2941	3.668503
3126	-567.4921	-736.9065	169.4144	3.598724
3132	-556.4286	-725.1505	168.7219	3.99752
3138	-561.0862	-730.6534	169.5672	3.509816
3144	-567.1084	-736.0084	168.9	3.89555
3150	-570.3719	-739.0209	168.649	4.039139
3156	-572.9431	-742.5672	169.624	3.476664
3162	-580.5557	-749.0312	168.4755	4.137998
3168	-572.7895	-740.8406	168.051	4.378477
3174	-572.9616	-742.0917	169.1301	3.76323
3180	-574.3281	-742.4406	168.1125	4.343734
3186	-581.2529	-749.577	168.3242	4.22394
3192	-581.9286	-750.1656	168.237	4.273322
3198	-586.8039	-755.0453	168.2414	4.270821
3204	-579.7046	-748.7154	169.0108	3.831917
3210	-570.4592	-739.6744	169.2152	3.714139
3216	-582.7252	-751.9756	169.2505	3.693713
3222	-582.0971	-750.9002	168.8031	3.95106
3228	-581.229	-750.0322	168.8031	3.95106
3234	-572.5769	-742.6424	170.0655	3.217113
3240	-566.9339	-735.5992	168.6653	4.029864
3246	-568.6832	-737.8906	169.2074	3.718642
3252	-565.5066	-734.813	169.3064	3.661351
3258	-569.8191	-738.581	168.762	3.974626
3264	-565.2902	-734.3766	169.0864	3.788435
3270	-555.2905	-724.2288	168.9383	3.873604
3276	-565.3428	-733.5458	168.203	4.292609
3282	-567.4703	-736.9607	169.4903	3.554607
3288	-573.2004	-741.8605	168.6601	4.032852
3294	-569.0939	-737.8546	168.7607	3.975373
3300	-566.9289	-735.836	168.9071	3.891463
3306	-567.7879	-736.9732	169.1853	3.731358
3312	-571.9993	-740.7402	168.7409	3.986659
3318	-568.6972	-737.4167	168.7195	3.998889
3324	-581.6199	-749.3941	167.7742	4.534381
3330	-576.2761	-745.8451	169.569	3.508778
3336	-570.5837	-738.9747	168.3911	4.185982
3342	-577.077	-745.2287	168.1518	4.321571
3348	-582.6964	-750.8482	168.1518	4.321571
3354	-590.2952	-758.6121	168.3169	4.228058
3360	-581.5563	-750.9106	169.3542	3.633638
3366	-572.7361	-741.9629	169.2268	3.707394
3372	-578.4671	-747.3311	168.864	3.916197
3378	-569.3102	-737.232	167.9218	4.451324
3384	-566.313	-734.2348	167.9218	4.451324
3390	-573.0355	-742.136	169.1004	3.780348
3396	-568.1706	-736.0236	167.853	4.490063
3402	-573.7146	-742.2789	168.5643	4.087451
3408	-565.1382	-734.6559	169.5177	3.538659
3414	-563.6837	-732.4715	168.7877	3.959876
3420	-565.8592	-734.5757	168.7165	4.000614
3426	-574.5426	-743.2591	168.7165	4.000614
3432	-578.2813	-746.6304	168.349	4.20984
3438	-577.1796	-745.5287	168.349	4.20984
3444	-575.5007	-744.9405	169.4397	3.584019
3450	-570.864	-740.4554	169.5913	3.495749
3456	-578.707	-747.1453	168.4383	4.159156
3462	-577.3246	-745.7434	168.4188	4.170236
3468	-572.4677	-741.7939	169.3262	3.649896
3474	-579.6209	-748.8206	169.1997	3.72308
3480	-581.7127	-750.2321	168.5194	4.113011
3486	-596.2819	-765.7349	169.453	3.57632
3492	-595.4949	-765.3534	169.8585	3.339287
3498	-592.8301	-760.0604	167.2303	4.838853
3504	-589.7371	-758.4189	168.6818	4.020449
3510	-577.509	-746.4336	168.9246	3.881419
3516	-586.9827	-755.2582	168.2755	4.251529
3522	-589.4826	-758.5874	169.1048	3.777819
3528	-577.7251	-746.9911	169.266	3.684756
3534	-578.8902	-748.3418	169.4516	3.577103
3540	-573.6894	-742.7369	169.0475	3.810825
3546	-581.0957	-750.3344	169.2387	3.700511
3552	-572.4814	-741.4305	168.949	3.867424
3558	-576.2951	-745.0036	168.7084	4.005225
3564	-575.1102	-743.7423	168.6321	4.048795
3570	-580.5688	-749.2235	168.6547	4.035881
3576	-572.6641	-740.5423	167.8782	4.475907
3582	-568.2982	-736.611	168.3128	4.230366
3588	-572.4358	-741.1731	168.7373	3.988747
3594	-577.8536	-746.313	168.4594	4.147179
3600	-578.7607	-747.9473	169.1866	3.730648
3606	-586.2631	-754.6878	168.4247	4.166885
3612	-579.3671	-748.321	168.9539	3.864598
3618	-574.4947	-744.249	169.7543	3.400445
3624	-589.7321	-758.4954	168.7632	3.973906
3630	-580.5423	-749.7889	169.2466	3.695963
3636	-574.7884	-743.3922	168.6038	4.064968
3642	-582.9587	-751.8773	168.9186	3.884915
3648	-588.3167	-756.7789	168.4622	4.14556
3654	-574.4996	-741.5724	167.0728	4.926548
3660	-572.3791	-741.0382	168.6591	4.033398
3666	-570.5013	-739.4374	168.9361	3.874845
3672	-569.1943	-738.43	169.2356	3.702297
3678	-571.0811	-740.1759	169.0948	3.78358
3684	-574.5576	-743.9542	169.3966	3.609074
3690	-566.2914	-735.2046	168.9132	3.887959
3696	-562.8836	-732.5977	169.7141	3.424002
3702	-564.9665	-734.2019	169.2354	3.702426
3708	-577.4991	-746.0217	168.5226	4.111172
3714	-575.4523	-743.9491	168.4968	4.125887
3720	-570.6075	-740.0014	169.3939	3.610638
3726	-576.7778	-745.5392	168.7613	3.974979
3732	-570.1838	-738.5846	168.4008	4.18043
3738	-572.0128	-741.0108	168.998	3.839284
3744	-576.9791	-745.9771	168.998	3.839284
3750	-563.0768	-731.8722	168.7955	3.955457
3756	-561.8751	-730.0096	168.1346	4.331297
3762	-567.8073	-735.8296	168.0223	4.394717
3768	-561.0233	-730.1127	169.0894	3.786709
3774	-562.6262	-731.5939	168.9677	3.856668
3780	-571.2054	-739.6102	168.4048	4.178163
3786	-571.0935	-740.3826	169.2891	3.671385
3792	-574.7971	-743.926	169.1289	3.76391
3798	-574.0394	-742.2099	168.1706	4.310943
3804	-577.9125	-746.5707	168.6583	4.033878
3810	-565.5826	-734.6774	169.0948	3.783547
3816	-575.3201	-743.7368	168.4167	4.171416
3822	-572.3637	-741.464	169.1003	3.780415
3828	-571.5787	-739.7892	168.2105	4.288331
3834	-570.836	-739.6442	168.8082	3.948153
3840	-565.7982	-734.5205	168.7223	3.997318
3846	-569.8016	-738.2289	168.4274	4.165363
3852	-563.4644	-732.7564	169.292	3.6697
3858	-575.191	-744.2257	169.0347	3.818194
3864	-568.0084	-737.591	169.5826	3.500828
3870	-574.4524	-743.6383	169.1859	3.73105
3876	-569.4858	-738.6717	169.1859	3.73105
3882	-565.2124	-734.3983	169.1859	3.73105
3888	-566.1804	-734.3673	168.1869	4.301714
3894	-565.0823	-734.0538	168.9715	3.854514
3900	-573.2758	-742.2473	168.9715	3.854514
3906	-577.4612	-745.6199	168.1587	4.317622
3912	-574.9635	-744.4773	169.5138	3.540908
3918	-576.8436	-744.9856	168.142	4.327061
3924	-579.2821	-746.7931	167.511	4.682004
3930	-578.0018	-746.8532	168.8514	3.923435
3936	-570.3889	-739.3073	168.9184	3.885018
3942	-568.586	-737.7615	169.1755	3.737036
3948	-579.6494	-747.4266	167.7772	4.532726
3954	-573.6093	-742.0845	168.4752	4.138144
3960	-569.5766	-739.1723	169.5958	3.493158
3966	-575.6617	-743.8376	168.1759	4.307924
3972	-569.3385	-737.8995	168.5609	4.089369
3978	-574.1112	-743.2527	169.1415	3.75664
3984	-577.4596	-745.6948	168.2353	4.274328
3990	-565.5114	-734.5566	169.0452	3.81214
3996	-566.8633	-735.852	168.9887	3.844643
4002	-572.4745	-741.9312	169.4567	3.574146
4008	-560.6188	-729.3507	168.7319	3.991788
4014	-565.4015	-734.3291	168.9277	3.879686
4020	-570.5726	-739.7583	169.1857	3.731148
4026	-568.0841	-737.2046	169.1205	3.768765
4032	-570.8538	-740.6102	169.7564	3.399218
4038	-569.0773	-737.6322	168.5549	4.092834
4044	-571.2616	-739.8164	168.5549	4.092834
4050	-571.5806	-739.9221	168.3416	4.214074
4056	-579.3881	-748.4572	169.0691	3.798395
4062	-576.4484	-745.5067	169.0583	3.804614
4068	-566.7053	-734.9886	168.2833	4.24713
4074	-577.7458	-746.7613	169.0156	3.82918
4080	-571.2893	-740.9499	169.6606	3.455282
4086	-566.4352	-734.648	168.2128	4.287018
4092	-562.6436	-732.4545	169.8109	3.367212
4098	-562.1048	-731.2835	169.1787	3.735213
4104	-571.3453	-740.0462	168.7009	4.009544
4110	-581.4395	-750.6897	169.2502	3.693906
4116	-580.4795	-749.3086	168.8292	3.93615
4122	-566.1939	-734.585	168.3911	4.185964
4128	-568.3619	-738.0875	169.7256	3.417271
4134	-563.7124	-733.3883	169.6758	3.44638
4140	-579.1744	-748.5441	169.3697	3.624692
4146	-568.8182	-737.6388	168.8206	3.941064
4152	-575.2082	-744.0288	168.8206	3.941064
4158	-566.3747	-735.069	168.6943	4.01331
4164	-570.7919	-739.5653	168.7734	3.968056
4170	-566.3422	-734.6132	168.271	4.254093
4176	-571.2506	-740.9842	169.7336	3.412547
4182	-560.2028	-729.9862	169.7834	3.383362
4188	-569.742	-738.082	168.34	4.214971
4194	-573.2148	-741.4882	168.2734	4.2527
4200	-560.5263	-728.049	167.5228	4.675422
4206	-562.6861	-731.274	168.5879	4.073993
4212	-567.3708	-736.2509	168.8801	3.906954
4218	-571.4522	-740.0349	168.5827	4.076958
4224	-574.5282	-742.4474	167.9192	4.452819
4230	-571.0369	-739.5674	168.5305	4.106683
4236	-584.2603	-753.9028	169.6425	3.465867
4242	-571.5283	-741.3443	169.8161	3.36421
4248	-570.4162	-738.4312	168.015	4.398828
4254	-581.3471	-750.1229	168.7758	3.966721
4260	-579.9053	-747.7543	167.8491	4.492294
4266	-568.9594	-738.2575	169.298	3.666213
4272	-586.614	-756.4223	169.8082	3.368798
4278	-577.9551	-747.1004	169.1453	3.754438
4284	-594.8442	-763.616	168.7719	3.968967
4290	-582.7642	-750.9917	168.2275	4.278734
4296	-596.3558	-765.6935	169.3377	3.64322
4302	-596.4015	-763.7029	167.3014	4.799158
4308	-576.5972	-745.6018	169.0046	3.835518
4314	-574.7206	-743.7159	168.9953	3.840851
4320	-584.401	-752.6955	168.2945	4.240746
4326	-575.9459	-745.0998	169.154	3.749455
4332	-575.2838	-744.3827	169.0989	3.781236
4338	-571.9717	-739.8584	167.8867	4.471134
4344	-581.2362	-750.4265	169.1903	3.728495
4350	-574.4409	-743.2721	168.8312	3.935015
4356	-584.5655	-752.7682	168.2027	4.292756
4362	-583.1677	-752.1975	169.0297	3.821027
4368	-577.0946	-746.1243	169.0297	3.821027
4374	-575.2617	-743.6015	168.3397	4.215106
4380	-588.9422	-757.8003	168.8581	3.919593
4386	-580.6151	-748.6718	168.0567	4.375279
4392	-581.7025	-750.8433	169.1407	3.757094
4398	-575.9171	-744.6353	168.7182	3.999634
4404	-568.7388	-737.855	169.1162	3.771257
4410	-580.2929	-748.9476	168.6547	4.035879
4416	-572.2227	-740.9443	168.7216	3.997674
4422	-574.2149	-742.4617	168.2468	4.267773
4428	-578.1631	-747.7365	169.5734	3.506231
4434	-576.4739	-746.4627	169.9887	3.262537
4440	-576.5884	-745.5802	168.9918	3.842841
4446	-572.5435	-741.789	169.2456	3.696565
4452	-572.8581	-741.7214	168.8633	3.916599
4458	-589.5507	-758.414	168.8633	3.916599
4464	-577.0378	-745.9011	168.8633	3.916599
4470	-590.3595	-759.4993	169.1398	3.757637
4476	-583.803	-753.3584	169.5554	3.516693
4482	-584.6021	-753.9592	169.3571	3.631994
4488	-577.991	-747.4679	169.4769	3.562384
4494	-585.5339	-754.2956	168.7617	3.97476
4500	-582.2263	-750.1503	167.9239	4.450139
4506	-574.1098	-743.5512	169.4414	3.583053
4512	-583.2242	-750.7878	167.5636	4.652546
4518	-569.7697	-738.39	168.6203	4.055553
4524	-581.4637	-749.4762	168.0125	4.400239
4530	-577.4151	-745.6805	168.2654	4.257248
4536	-575.5059	-744.7543	169.2484	3.694896
4542	-576.2843	-745.5857	169.3014	3.664247
4548	-567.1772	-735.8864	168.7092	4.004771
4554	-568.2858	-737.5134	169.2276	3.706955
4560	-568.8158	-738.7107	169.8949	3.317874
4566	-580.7696	-749.1879	168.4183	4.170507
4572	-573.6291	-742.4019	168.7729	3.968393
4578	-569.8198	-738.1981	168.3783	4.193208
4584	-574.4984	-743.0152	168.5168	4.114499
4590	-567.4055	-735.745	168.3395	4.215241
4596	-585.0493	-754.3755	169.3262	3.649863
4602	-579.4819	-748.8005	169.3185	3.654325
4608	-581.8924	-749.6959	167.8035	4.517915
4614	-591.7666	-761.4894	169.7228	3.4189
4620	-577.902	-746.8501	168.948	3.867993
4626	-584.5416	-753.8348	169.2932	3.668973
4632	-572.4768	-741.7123	169.2355	3.702403
4638	-581.4779	-751.3006	169.8227	3.360306
4644	-577.1626	-747.1142	169.9517	3.284394
4650	-568.9582	-738.5139	169.5558	3.516487
4656	-594.9119	-763.1443	168.2324	4.275964
4662	-591.0622	-759.0256	167.9634	4.427897
4668	-592.8902	-762.6378	169.7476	3.404369
4674	-579.0157	-748.4028	169.3871	3.614554
4680	-571.4185	-740.7024	169.2839	3.674382
4686	-574.6453	-743.8011	169.1558	3.748409
4692	-565.946	-733.5261	167.5801	4.643318
4698	-564.9458	-734.5668	169.621	3.478426
4704	-568.4654	-738.7436	170.2782	3.090738
4710	-581.2509	-751.0965	169.8456	3.346851
4716	-585.6912	-754.5199	168.8286	3.936466
4722	-578.7639	-747.6326	168.8687	3.913498
4728	-576.1613	-745.0211	168.8597	3.918642
4734	-601.3453	-770.4714	169.126	3.765573
4740	-587.8989	-756.1181	168.2192	4.283403
4746	-577.7048	-746.3144	168.6095	4.061663
4752	-586.8286	-755.9221	169.0935	3.784315
4758	-583.1157	-751.7636	168.6479	4.039814
4764	-581.2283	-749.7033	168.4749	4.138313
4770	-573.0253	-741.1723	168.1469	4.324296
4776	-573.4078	-742.212	168.8042	3.950454
4782	-569.6899	-739.3988	169.709	3.426996
4788	-585.4061	-754.799	169.3929	3.611223
4794	-581.4044	-750.5838	169.1794	3.734804
4800	-588.6087	-757.3527	168.7439	3.984929
4806	-572.4763	-741.1049	168.6286	4.05079
4812	-565.9631	-734.9412	168.9781	3.85072
4818	-574.8302	-743.0712	168.241	4.271088
4824	-588.0291	-756.9632	168.9341	3.876019
4830	-577.2403	-746.1743	168.9341	3.876019
4836	-571.5906	-739.8293	168.2386	4.272409
4842	-582.7285	-751.9032	169.1747	3.737498
4848	-577.7894	-747.0317	169.2423	3.698441
4854	-594.234	-762.6888	168.4548	4.149758
4860	-576.0333	-744.7868	168.7535	3.979443
4866	-582.0496	-751.1495	169.0999	3.780612
4872	-584.1802	-752.1784	167.9982	4.408287
4878	-570.4291	-738.3368	167.9077	4.459284
4884	-569.188	-737.803	168.6149	4.058587
4890	-569.6209	-738.5431	168.9221	3.882856
4896	-586.8894	-755.9275	169.038	3.81627
4902	-582.3667	-751.4038	169.0371	3.816777
4908	-575.1999	-744.0727	168.8728	3.911141
4914	-573.0662	-742.3238	169.2576	3.689623
4920	-560.5176	-729.4513	168.9337	3.876249
4926	-576.7528	-745.0936	168.3408	4.214512
4932	-589.0122	-756.1663	167.1542	4.881263
4938	-570.6163	-740.6512	170.0349	3.235229
4944	-568.1257	-736.7667	168.641	4.043744
4950	-571.1885	-740.6838	169.4953	3.551695
4956	-571.5516	-740.6358	169.0842	3.789655
4962	-574.0857	-743.1681	169.0824	3.790736
4968	-571.6163	-740.1334	168.5171	4.114317
4974	-567.4172	-735.5394	168.1222	4.338294
4980	-569.9163	-738.7675	168.8512	3.923529
4986	-567.1348	-736.4031	169.2684	3.68337
4992	-564.7527	-734.6308	169.8781	3.327751
4998	-569.8055	-738.1944	168.3889	4.187186
5004	-565.3384	-735.2587	169.9203	3.302884
5010	-573.3617	-741.7937	168.4319	4.162763
5016	-563.3635	-732.2491	168.8856	3.903828
5022	-564.3629	-733.8917	169.5288	3.532176
5028	-571.8161	-740.4477	168.6316	4.049086
5034	-562.147	-730.3734	168.2264	4.27936
5040	-569.6931	-738.6638	168.9707	3.854957
5046	-572.9247	-741.1364	168.2117	4.287657
5052	-576.276	-745.3696	169.0936	3.784248
5058	-572.7523	-742.2914	169.5391	3.526221
5064	-572.3763	-741.9042	169.5279	3.532741
5070	-567.407	-735.9008	168.4938	4.127597
5076	-571.7631	-741.3277	169.5646	3.511345
5082	-572.3222	-741.6498	169.3277	3.649026
5088	-580.9064	-749.9941	169.0876	3.787722
5094	-563.3529	-731.1417	167.7888	4.526155
5100	-572.9195	-741.5358	168.6163	4.057797
5106	-578.6422	-747.46	168.8178	3.942672
5112	-564.2957	-732.5922	168.2966	4.239596
5118	-561.551	-730.5466	168.9957	3.840631
5124	-564.3763	-733.6322	169.256	3.690551
5130	-579.8833	-749.1392	169.256	3.690551
5136	-577.7913	-745.8881	168.0968	4.352649
5142	-573.8977	-742.3889	168.4912	4.129055
5148	-589.8702	-759.59	169.7197	3.420697
5154	-581.9338	-750.837	168.9033	3.893678
5160	-587.4229	-754.9047	167.4818	4.698367
5166	-592.9126	-761.6517	168.7391	3.987723
5172	-588.0657	-756.313	168.2473	4.267519
5178	-594.1968	-761.9639	167.7672	4.538343
5184	-590.2245	-758.4012	168.1768	4.307416
5190	-596.6649	-765.2367	168.5718	4.083169
5196	-601.9217	-768.6745	166.7528	5.104292
5202	-584.2505	-753.2162	168.9657	3.85784
5208	-586.6897	-755.1732	168.4835	4.133447
5214	-576.7486	-745.2342	168.4856	4.132225
5220	-571.3293	-739.7408	168.4114	4.174406
5226	-575.4182	-744.3804	168.9622	3.859868
5232	-583.6013	-752.655	169.0537	3.807263
5238	-587.4514	-755.2541	167.8028	4.518338
5244	-577.7113	-746.6849	168.9736	3.853291
5250	-582.5147	-750.05	167.5353	4.668392
5256	-582.715	-751.0761	168.3611	4.202993
5262	-579.2035	-747.43	168.2265	4.279297
5268	-585.4205	-754.7087	169.2883	3.671866
5274	-581.7392	-750.7908	169.0516	3.808432
5280	-585.9762	-754.0251	168.0489	4.379655
5286	-578.0492	-746.0981	168.0489	4.379655
5292	-567.356	-736.5684	169.2124	3.715725
5298	-568.1312	-737.5089	169.3777	3.620038
5304	-581.9123	-750.663	168.7506	3.981104
5310	-570.6948	-739.2192	168.5244	4.110158
5316	-575.3216	-744.8762	169.5547	3.51714
5322	-577.7805	-746.673	168.8925	3.899855
5328	-572.3447	-739.9576	167.6129	4.62492
5334	-563.8848	-732.4225	168.5377	4.102608
5340	-571.5855	-740.7048	169.1193	3.769442
5346	-561.2692	-730.3886	169.1193	3.769442
5352	-569.2552	-738.4146	169.1593	3.746369
5358	-579.2597	-748.9683	169.7085	3.427257
5364	-576.5172	-745.27	168.7528	3.979877
5370	-579.6642	-748.4209	168.7566	3.977669
5376	-577.0893	-745.5237	168.4343	4.161398
5382	-571.1496	-739.8633	168.7138	4.002175
5388	-580.2469	-749.1841	168.9372	3.874226
5394	-574.1561	-742.6901	168.534	4.104731
5400	-579.263	-747.9849	168.7219	3.997542
5406	-572.3625	-742.0368	169.6743	3.447266
5412	-576.2757	-745.4551	169.1794	3.73476
5418	-581.1501	-749.8287	168.6786	4.022263
5424	-580.4218	-748.6418	168.22	4.282991
5430	-590.6931	-759.3771	168.684	4.019163
5436	-584.0714	-752.7554	168.684	4.019163
5442	-581.9373	-749.3565	167.4191	4.733393
5448	-604.153	-771.5721	167.4191	4.733393
5454	-581.9382	-749.6715	167.7333	4.557381
5460	-577.8478	-746.3795	168.5318	4.105977
5466	-585.2595	-754.7495	169.49	3.554783
5472	-581.7687	-750.7517	168.983	3.847934
5478	-571.8078	-741.185	169.3772	3.620317
5484	-571.873	-740.2001	168.3271	4.222252
5490	-580.5152	-749.4939	168.9786	3.850414
5496	-584.3124	-753.2642	168.9518	3.86585
5502	-587.9061	-757.1931	169.287	3.672572
5508	-593.9042	-761.8987	167.9945	4.410364
5514	-578.4462	-746.7863	168.3401	4.214932
5520	-575.3224	-745.1825	169.8602	3.338288
5526	-577.1539	-745.1636	168.0097	4.401779
5532	-579.396	-746.5649	167.169	4.873009
5538	-579.7608	-748.4327	168.6719	4.026106
5544	-585.6649	-754.5595	168.8946	3.898656
5550	-597.3281	-765.1104	167.7823	4.52985
5556	-575.3806	-744.0223	168.6417	4.043309
5562	-576.9941	-744.764	167.7699	4.53683
5568	-577.9337	-745.4383	167.5046	4.68558
5574	-568.1144	-736.7489	168.6345	4.047425
5580	-593.1166	-762.0218	168.9051	3.892612
5586	-589.5018	-757.8595	168.3578	4.204886
5592	-576.0289	-744.6053	168.5764	4.080568
5598	-568.8017	-737.2797	168.478	4.136595
5604	-577.3963	-746.5089	169.1126	3.773338
5610	-566.4609	-735.2261	168.7651	3.97282
5616	-567.944	-737.2949	169.3509	3.635604
5622	-565.1659	-733.5204	168.3545	4.206711
5628	-588.5293	-757.2871	168.7578	3.977019
5634	-572.8476	-741.6054	168.7578	3.977019
5640	-571.445	-740.8865	169.4415	3.58301
5646	-580.4832	-748.88	168.3968	4.182704
5652	-585.8267	-754.904	169.0773	3.793639
5658	-592.7972	-761.5527	168.7555	3.978347
5664	-580.905	-750.2539	169.3489	3.636737
5670	-576.7404	-744.8346	168.0942	4.354091
5676	-577.5863	-746.21	168.6237	4.053607
5682	-575.3142	-742.6907	167.3765	4.75725
5688	-576.8647	-746.1341	169.2694	3.682748
5694	-577.6973	-747.1307	169.4334	3.587725
5700	-568.5736	-736.7923	168.2187	4.283703
5706	-575.2159	-744.4491	169.2331	3.703746
5712	-575.5298	-743.9243	168.3945	4.184022
5718	-568.8344	-738.129	169.2946	3.668196
5724	-566.6031	-735.5033	168.9003	3.895416
5730	-563.464	-733.1093	169.6453	3.464227
5736	-565.3206	-734.5689	169.2483	3.694991
5742	-569.377	-738.955	169.578	3.503522
5748	-575.5038	-744.4732	168.9694	3.855734
5754	-578.2289	-747.7627	169.5338	3.529302
5760	-564.3946	-732.9773	168.5827	4.076982
5766	-579.2777	-748.3053	169.0276	3.822259
5772	-580.1485	-748.4382	168.2897	4.243472
5778	-580.5824	-748.3809	167.7985	4.520751
5784	-570.5803	-739.081	168.5007	4.123634
5790	-578.1232	-746.9655	168.8423	3.928624
5796	-589.1766	-759.116	169.9394	3.291636
5802	-585.3765	-753.9952	168.6187	4.056463
5808	-586.9032	-756.2718	169.3686	3.625329
5814	-574.7927	-744.051	169.2583	3.689182
5820	-576.9936	-746.2932	169.2996	3.665321
5826	-565.4527	-734.8456	169.3929	3.611205
5832	-569.9389	-739.4936	169.5547	3.517114
5838	-566.5714	-736.1261	169.5547	3.517114
5844	-580.3362	-748.6377	168.3015	4.236775
5850	-587.1735	-756.6778	169.5043	3.54645
5856	-589.5172	-757.8902	168.373	4.196245
5862	-572.6014	-741.6479	169.0465	3.811411
5868	-559.0194	-727.9595	168.9401	3.872559
5874	-565.6562	-734.7971	169.1409	3.756995
5880	-576.619	-746.281	169.662	3.454473
5886	-579.1182	-747.9684	168.8502	3.924108
5892	-573.7809	-741.816	168.0352	4.387426
5898	-573.0933	-741.6516	168.5583	4.090895
5904	-578.3586	-747.0658	168.7073	4.005893
5910	-595.1808	-763.7381	168.5574	4.091392
5916	-578.4479	-747.9252	169.4773	3.562203
5922	-576.1465	-744.4903	168.3438	4.212803
5928	-580.7487	-750.2311	169.4824	3.559206
5934	-582.223	-750.8566	168.6335	4.047982
5940	-580.2889	-748.1608	167.8719	4.479439
5946	-573.5153	-743.0753	169.56	3.514036
5952	-584.7025	-752.9915	168.289	4.243897
5958	-581.0318	-748.2189	167.1871	4.862905
5964	-574.0057	-742.593	168.5873	4.074337
5970	-577.7994	-745.7895	167.9901	4.412839
5976	-578.932	-748.7122	169.7802	3.385231
5982	-574.3979	-743.5033	169.1054	3.777459
5988	-559.664	-728.7644	169.1004	3.780373
5994	-567.0634	-734.7713	167.7079	4.571638
6000	-571.1611	-739.4934	168.3322	4.219366
6006	-570.1499	-739.3604	169.2105	3.716802
6012	-579.3947	-748.0789	168.6842	4.019062
6018	-582.639	-750.3944	167.7554	4.544959
6024	-582.8588	-751.7662	168.9074	3.891303
6030	-576.9488	-745.8437	168.8949	3.898511
6036	-572.7769	-741.7415	168.9646	3.85847
6042	-578.0691	-747.2097	169.1406	3.757147
6048	-583.8754	-751.9239	168.0485	4.379919
6054	-583.5801	-752.1462	168.5661	4.086434
6060	-579.1962	-747.5885	168.3923	4.185285
6066	-574.0982	-743.4286	169.3304	3.647444
6072	-573.6445	-742.4631	168.8186	3.942185
6078	-568.6467	-737.2454	168.5987	4.067839
6084	-572.5778	-741.9188	169.341	3.641342
6090	-575.9939	-744.3644	168.3705	4.197643
6096	-566.4016	-734.7721	168.3705	4.197643
6102	-573.2914	-741.9717	168.6803	4.02131
6108	-581.54	-750.3224	168.7824	3.962914
6114	-584.8893	-753.4953	168.606	4.063713
6120	-572.7521	-741.3005	168.5485	4.096477
6126	-566.9213	-735.2561	168.3348	4.217923
6132	-556.1231	-724.7287	168.6056	4.063926
6138	-576.0652	-744.9314	168.8662	3.914962
6144	-570.1372	-738.7774	168.6402	4.044152
6150	-574.7787	-743.0177	168.239	4.272187
6156	-573.2524	-742.4896	169.2372	3.701403
6162	-583.6168	-752.854	169.2372	3.701403
6168	-574.6835	-744.4071	169.7236	3.418417
6174	-567.7104	-736.7046	168.9942	3.841461
6180	-571.8053	-740.2799	168.4745	4.138548
6186	-581.9786	-751.828	169.8495	3.344583
6192	-571.0609	-740.132	169.0711	3.797218
6198	-575.9826	-744.4346	168.4519	4.151399
6204	-580.2055	-748.8417	168.6362	4.046459
6210	-579.3622	-748.4294	169.0672	3.799459
6216	-561.6514	-730.3554	168.7039	4.007795
6222	-563.731	-733.2959	169.5649	3.511165
6228	-565.7175	-734.8616	169.1442	3.755119
6234	-577.6148	-746.9412	169.3265	3.649731
6240	-577.9424	-746.815	168.8726	3.911263
6246	-566.196	-734.7856	168.5896	4.073022
6252	-574.242	-743.3366	169.0946	3.783663
6258	-581.5124	-751.2675	169.7551	3.399964
6264	-572.1709	-740.8772	168.7062	4.006473
6270	-589.7843	-758.2024	168.4181	4.170632
6276	-571.778	-740.4066	168.6286	4.050786
6282	-575.0104	-743.743	168.7326	3.991416
6288	-586.1264	-754.6348	168.5083	4.119311
6294	-581.5874	-750.8352	169.2477	3.695298
6300	-583.4515	-752.1045	168.653	4.036866
6306	-580.853	-748.8451	167.9921	4.411734
6312	-574.4496	-743.5818	169.1322	3.762022
6318	-579.4864	-748.4707	168.9843	3.847173
6324	-562.7098	-732.0051	169.2953	3.667782
6330	-567.436	-736.1586	168.7227	3.997095
6336	-562.2964	-731.6195	169.3231	3.651678
6342	-564.6872	-734.0344	169.3472	3.637695
6348	-562.26	-731.7575	169.4975	3.550423
6354	-560.1572	-729.5504	169.3933	3.611009
6360	-556.1265	-725.8715	169.745	3.405895
6366	-557.1074	-726.281	169.1736	3.738131
6372	-570.832	-740.3373	169.5053	3.545892
6378	-568.7529	-737.5831	168.8302	3.935592
6384	-564.0279	-733.5814	169.5535	3.517838
6390	-567.3786	-736.2172	168.8387	3.930718
6396	-577.8201	-747.4388	169.6187	3.479747
6402	-572.0307	-741.3001	169.2694	3.682746
6408	-574.4788	-742.5343	168.0555	4.375942
6414	-573.3796	-742.156	168.7765	3.966335
6420	-570.311	-739.6386	169.3276	3.649055
6426	-569.2698	-738.5554	169.2857	3.673368
6432	-563.9031	-732.8011	168.898	3.896731
6438	-593.589	-761.5302	167.9412	4.440429
6444	-578.4697	-747.3666	168.8969	3.897325
6450	-573.7085	-742.6074	168.8989	3.896187
6456	-582.9802	-751.594	168.6138	4.059248
6462	-573.845	-742.8355	168.9904	3.843626
6468	-567.7464	-737.335	169.5886	3.497371
6474	-568.0264	-736.4474	168.421	4.168969
6480	-568.7714	-736.8937	168.1223	4.33823
6486	-565.4955	-734.1843	168.6888	4.016429
6492	-575.0917	-744.0081	168.9164	3.886136
6498	-567.0519	-735.8947	168.8428	3.928375
6504	-568.8629	-737.4387	168.5758	4.080904
6510	-564.7366	-733.0988	168.3623	4.202318
6516	-574.051	-741.9881	167.9371	4.442718
6522	-573.8671	-742.6915	168.8244	3.938878
6528	-562.0059	-731.2163	169.2104	3.71691
6534	-568.9282	-738.0607	169.1326	3.761797
6540	-564.4941	-733.527	169.0328	3.819246
6546	-565.8264	-734.8592	169.0328	3.819246
6552	-568.901	-737.3852	168.4842	4.133064
6558	-567.7894	-735.8091	168.0197	4.396133
6564	-575.5727	-744.0774	168.5046	4.12142
6570	-571.9071	-739.9852	168.0781	4.363193
6576	-566.2481	-734.3516	168.1035	4.348848
6582	-569.3584	-738.5958	169.2374	3.701277
6588	-570.8668	-739.2836	168.4168	4.171342
6594	-580.4635	-748.4755	168.012	4.400528
6600	-572.7308	-741.1422	168.4114	4.17444
6606	-572.0273	-740.4125	168.3853	4.189279
6612	-572.8548	-740.5119	167.6571	4.600125
6618	-571.7961	-740.8626	169.0665	3.799865
6624	-583.2249	-751.7113	168.4865	4.13176
6630	-588.0513	-757.052	169.0007	3.837731
6636	-596.9354	-764.4884	167.5531	4.658459
6642	-581.3703	-750.2584	168.8882	3.902344
6648	-574.2711	-743.1593	168.8882	3.902344
6654	-572.6607	-742.3012	169.6405	3.467041
6660	-586.2766	-755.5913	169.3147	3.65657
6666	-575.3121	-744.9002	169.5881	3.497628
6672	-568.7985	-737.2163	168.4178	4.170786
6678	-567.6319	-736.9454	169.3135	3.657227
6684	-575.6219	-743.9042	168.2823	4.24769
6690	-577.2244	-746.3554	169.131	3.762695
6696	-577.9837	-747.3289	169.3452	3.638884
6702	-567.6471	-737.1638	169.5167	3.539227
6708	-567.4824	-735.9678	168.4854	4.132366
6714	-574.6244	-742.6078	167.9834	4.416622
6720	-575.4298	-744.743	169.3132	3.657395
6726	-572.0627	-741.0152	168.9525	3.865449
6732	-595.3532	-764.2618	168.9087	3.890595
6738	-589.7966	-758.1485	168.3519	4.208216
6744	-585.1902	-752.8365	167.6463	4.606193
6750	-587.5039	-756.2669	168.763	3.974043
6756	-575.7814	-745.1143	169.333	3.645968
6762	-570.0384	-739.4555	169.4171	3.597161
6768	-571.2008	-740.7641	169.5633	3.512085
6774	-557.9424	-726.3332	168.3908	4.186146
6780	-569.5249	-738.6619	169.137	3.759259
6786	-566.134	-735.5095	169.3754	3.621348
6792	-564.0441	-733.4195	169.3754	3.621348
6798	-571.4093	-741.0023	169.593	3.494781
6804	-583.5445	-752.2258	168.6813	4.020739
6810	-577.9066	-746.7428	168.8362	3.932142
6816	-578.6068	-747.7249	169.1181	3.770159
6822	-573.0748	-741.8545	168.7797	3.964493
6828	-577.5731	-745.539	167.9659	4.426484
6834	-569.4711	-737.5412	168.0701	4.367721
6840	-564.3466	-733.0366	168.69	4.015761
6846	-570.0632	-739.9268	169.8636	3.336267
6852	-567.1541	-734.7339	167.5798	4.64345
6858	-573.0796	-742.2101	169.1304	3.763044
6864	-574.89	-743.333	168.4431	4.156435
6870	-586.5496	-754.0893	167.5397	4.665954
6876	-587.5991	-755.3345	167.7355	4.556131
6882	-577.6474	-746.0117	168.3643	4.201196
6888	-576.5763	-745.5229	168.9466	3.868813
6894	-581.9997	-750.9463	168.9466	3.868813
6900	-593.4472	-761.9825	168.5354	4.103932
6906	-583.0074	-751.9558	168.9484	3.867766
6912	-584.612	-752.1979	167.5859	4.640066
6918	-585.17	-753.9934	168.8234	3.939448
6924	-578.6991	-746.6032	167.904	4.461349
6930	-586.2076	-754.9205	168.7129	4.002657
6936	-611.1043	-779.8056	168.7013	4.00929
6942	-589.89	-758.7007	168.8107	3.946729
6948	-584.7147	-753.4608	168.7462	3.983666
6954	-581.167	-750.0704	168.9034	3.89362
6960	-580.5289	-749.1702	168.6413	4.04353
6966	-570.7699	-739.5261	168.7562	3.977949
6972	-570.149	-739.233	169.084	3.789822
6978	-568.9224	-737.4095	168.4871	4.13141
6984	-564.9263	-733.2444	168.3181	4.227403
6990	-573.8457	-742.3684	168.5227	4.111146
6996	-586.7929	-755.3156	168.5227	4.111146
7002	-579.5241	-748.9067	169.3826	3.617197
7008	-575.9046	-745.35	169.4454	3.580747
7014	-566.514	-735.8484	169.3344	3.645128
7020	-574.1405	-743.0243	168.8838	3.904841
7026	-559.1196	-727.9923	168.8727	3.911237
7032	-574.4338	-743.1106	168.6768	4.023301
7038	-560.855	-729.5318	168.6768	4.023301
7044	-566.1546	-735.331	169.1764	3.736493
7050	-573.3154	-742.2696	168.9542	3.86447
7056	-576.2626	-745.3368	169.0742	3.79544
7062	-584.4607	-752.8237	168.363	4.201928
7068	-593.0437	-761.9893	168.9456	3.869376
7074	-578.2454	-747.6535	169.4081	3.602366
7080	-594.6081	-762.8613	168.2532	4.264163
7086	-588.709	-756.8682	168.1592	4.317354
7092	-570.6783	-739.8564	169.1782	3.735496
7098	-573.9273	-742.4764	168.5492	4.096059
7104	-579.7304	-747.2472	167.5168	4.678785
7110	-582.6029	-750.4816	167.8788	4.475577
7116	-571.4718	-740.4516	168.9798	3.849717
7122	-571.6198	-739.6905	168.0707	4.367353
7128	-579.0612	-747.9043	168.8431	3.928173
7134	-574.8294	-744.2395	169.4102	3.601189
7140	-579.3986	-748.277	168.8784	3.907946
7146	-573.2969	-742.1753	168.8784	3.907946
7152	-573.1256	-742.8279	169.7022	3.430945
7158	-586.3353	-754.2914	167.9562	4.431982
7164	-575.8141	-744.2402	168.4261	4.166086
7170	-569.3033	-738.3809	169.0776	3.793459
7176	-567.1035	-735.7565	168.653	4.036891
7182	-591.9426	-760.4578	168.5153	4.11537
7188	-587.0726	-755.5542	168.4816	4.134523
7194	-572.9235	-741.4302	168.5067	4.120236
7200	-578.3741	-747.3804	169.0063	3.834513
7206	-584.8521	-753.8118	168.9597	3.861296
7212	-575.9992	-744.4665	168.4673	4.142633
7218	-574.5248	-743.7976	169.2729	3.680756
7224	-577.9739	-747.2468	169.2729	3.680756
7230	-577.2904	-746.3006	169.0102	3.832291
7236	-583.8601	-753.2213	169.3612	3.629618
7242	-589.4937	-759.1701	169.6764	3.446075
7248	-582.0958	-750.8685	168.7727	3.968472
7254	-573.7169	-742.4831	168.7663	3.972149
7260	-571.2388	-739.8816	168.6428	4.042669
7266	-566.1601	-735.5219	169.3618	3.629241
7272	-579.4956	-748.5754	169.0798	3.792244
7278	-582.5376	-751.7719	169.2343	3.703078
7284	-583.7129	-752.5356	168.8227	3.93988
7290	-574.0293	-742.5649	168.5356	4.103814
7296	-571.871	-740.6677	168.7967	3.954755
7302	-569.3829	-738.2144	168.8314	3.934867
7308	-585.5456	-754.377	168.8314	3.934867
7314	-587.8416	-756.8896	169.0481	3.810493
7320	-572.2741	-741.2421	168.9679	3.856559
7326	-572.2344	-741.1605	168.9261	3.880609
7332	-562.0819	-730.5752	168.4933	4.12786
7338	-573.3744	-741.5646	168.1902	4.299801
7344	-567.9812	-736.6737	168.6925	4.014307
7350	-577.2004	-746.561	169.3605	3.62999
7356	-560.5527	-729.9133	169.3605	3.62999
7362	-579.8131	-748.5232	168.7101	4.004273
7368	-583.0188	-752.8638	169.845	3.347221
7374	-580.0894	-748.797	168.7076	4.005684
7380	-575.9313	-745.3506	169.4192	3.595935
7386	-570.3501	-739.3597	169.0096	3.832633
7392	-575.7116	-744.1271	168.4155	4.172088
7398	-565.4937	-733.9093	168.4155	4.172088
7404	-597.3845	-766.6536	169.269	3.682979
7410	-576.8875	-745.3505	168.463	4.145114
7416	-581.1035	-750.2343	169.1308	3.762836
7422	-577.8593	-746.3502	168.4909	4.129242
7428	-575.5671	-743.7634	168.1963	4.296372
7434	-577.613	-747.0746	169.4616	3.571308
7440	-580.27	-748.6016	168.3316	4.219747
7446	-583.1138	-752.4815	169.3677	3.625847
7452	-568.9834	-737.1615	168.1781	4.306696
7458	-569.2418	-738.9173	169.6756	3.44654
7464	-575.5754	-742.9242	167.3488	4.772692
7470	-581.5966	-750.6715	169.0749	3.795027
7476	-579.9065	-748.7303	168.8238	3.939252
7482	-569.8938	-738.5563	168.6626	4.03142
7488	-575.5741	-743.9049	168.3308	4.220152
7494	-565.0242	-734.6555	169.6313	3.472393
7500	-566.8259	-735.4874	168.6615	4.032028
7506	-569.3439	-737.3171	167.9732	4.422375
7512	-578.232	-746.1002	167.8682	4.481513
7518	-562.5898	-731.8189	169.2291	3.706065
7524	-567.5985	-735.6051	168.0066	4.403573
7530	-576.0577	-744.4667	168.409	4.175795
7536	-566.2399	-735.3585	169.1186	3.769865
7542	-575.9413	-743.8541	167.9127	4.456449
7548	-574.1488	-743.2868	169.138	3.758649
7554	-588.89	-756.78	167.89	4.469236
7560	-578.1618	-747.646	169.4843	3.558113
7566	-582.2038	-752.1523	169.9485	3.286284
7572	-564.1894	-733.4442	169.2548	3.691226
7578	-574.6485	-743.623	168.9745	3.852802
7584	-580.4393	-748.3146	167.8754	4.477494
7590	-573.9386	-742.3803	168.4417	4.157199
7596	-560.4146	-728.9826	168.5679	4.085394
7602	-571.6354	-740.2033	168.5679	4.085394
7608	-589.2439	-756.3888	167.1449	4.886395
7614	-587.5404	-755.023	167.4826	4.697921
7620	-585.491	-754.7468	169.2559	3.690593
7626	-573.9321	-743.8571	169.9251	3.300086
7632	-565.297	-734.4902	169.1933	3.726782
7638	-577.2523	-746.1719	168.9196	3.884323
7644	-592.6341	-761.0467	168.4125	4.173781
7650	-591.1111	-759.2426	168.1314	4.333054
7656	-574.828	-743.8676	169.0396	3.815352
7662	-565.5448	-734.9509	169.406	3.603597
7668	-576.4405	-746.0486	169.608	3.485998
7674	-573.0169	-742.2681	169.2512	3.693293
7680	-593.5162	-761.7734	168.2572	4.261875
7686	-600.6122	-769.3951	168.7829	3.962654
7692	-576.3984	-744.8885	168.4901	4.129686
7698	-581.8405	-750.8393	168.9988	3.838815
7704	-571.7408	-739.9291	168.1882	4.300942
7710	-566.0782	-733.7869	167.7087	4.571166
7716	-571.0444	-740.0822	169.0378	3.816381
7722	-570.5264	-739.3864	168.8601	3.918447
7728	-567.7458	-736.4968	168.751	3.980899
7734	-580.0716	-748.5657	168.494	4.12746
7740	-585.1929	-753.4965	168.3037	4.235572
7746	-581.8984	-750.9998	169.1015	3.779729
7752	-582.1411	-749.9272	167.7861	4.527699
7758	-583.5126	-752.8859	169.3733	3.622611
7764	-579.6714	-749.2062	169.5348	3.528694
7770	-589.1405	-758.7496	169.6091	3.485406
7776	-575.6778	-744.5355	168.8577	3.919807
7782	-584.0942	-753.1819	169.0877	3.787658
7788	-581.958	-749.6176	167.6596	4.59874
7794	-573.667	-741.8537	168.1866	4.301851
7800	-570.8675	-739.5457	168.6782	4.022479
7806	-566.6691	-735.6791	169.01	3.832396
7812	-593.8297	-763.3226	169.4928	3.553149
7818	-577.9056	-746.1868	168.2811	4.248347
7824	-580.0719	-748.2982	168.2264	4.279366
7830	-583.1894	-751.5757	168.3863	4.18866
7836	-591.2564	-760.9209	169.6645	3.453029
7842	-567.7544	-737.1442	169.3898	3.613007
7848	-579.7003	-748.3293	168.629	4.050593
7854	-584.0898	-751.3978	167.308	4.79548
7860	-572.3412	-741.436	169.0947	3.783611
7866	-568.9311	-738.1719	169.2407	3.699355
7872	-566.8563	-736.0365	169.1801	3.734367
7878	-571.0011	-740.0542	169.0531	3.807581
7884	-572.3559	-740.9991	168.6432	4.042445
7890	-573.4561	-742.9379	169.4818	3.559534
7896	-580.0232	-749.4455	169.4223	3.594173
7902	-579.0155	-747.5354	168.5198	4.112773
7908	-559.3254	-727.8452	168.5198	4.112773
7914	-569.2198	-738.4641	169.2443	3.697306
7920	-589.0544	-758.8882	169.8338	3.353803
7926	-576.2633	-745.7864	169.523	3.535567
7932	-579.9592	-749.7508	169.7916	3.378574
7938	-578.0606	-746.729	168.6684	4.028064
7944	-575.9991	-744.2984	168.2993	4.238056
7950	-575.3241	-743.9356	168.6115	4.060558
7956	-583.3095	-751.1698	167.8603	4.485986
7962	-579.361	-746.9995	167.6385	4.610594
7968	-576.1502	-744.8488	168.6986	4.01083
7974	-568.7707	-737.0325	168.2618	4.259315
7980	-585.2111	-753.0804	167.8693	4.480905
7986	-584.4498	-752.3191	167.8693	4.480905
7992	-587.6807	-756.1848	168.5041	4.121717
7998	-582.4317	-751.2679	168.8361	3.93218
8004	-572.3871	-741.0743	168.6872	4.017343
8010	-585.5166	-753.8349	168.3184	4.227233
8016	-572.2402	-741.5033	169.263	3.686461
8022	-586.4329	-754.6346	168.2016	4.293363
8028	-567.363	-736.2628	168.8998	3.895681
8034	-566.0105	-733.3354	167.3249	4.786043
8040	-563.9894	-733.5197	169.5303	3.531324
8046	-579.9315	-749.3157	169.3841	3.616292
8052	-602.6206	-771.6158	168.9952	3.840921
8058	-590.818	-759.8931	169.075	3.794957
8064	-577.2994	-745.9351	168.6357	4.046748
8070	-582.5738	-751.301	168.7272	3.994515
8076	-574.3733	-742.6094	168.2361	4.273851
8082	-581.7999	-750.0357	168.2358	4.274011
8088	-567.7596	-736.2734	168.5138	4.116226
8094	-567.316	-737.1049	169.7888	3.380207
8100	-569.7369	-737.4109	167.6741	4.590607
8106	-569.5346	-738.0764	168.5418	4.100287
8112	-573.0062	-742.2885	169.2823	3.675299
8118	-571.0846	-740.3669	169.2823	3.675299
8124	-575.0293	-744.154	169.1246	3.766373
8130	-572.9881	-741.0774	168.0893	4.356894
8136	-570.46	-739.6921	169.2321	3.704322
8142	-584.5677	-752.7122	168.1445	4.325675
8148	-585.5737	-754.4381	168.8644	3.915984
8154	-566.8383	-735.9139	169.0756	3.794653
8160	-563.4496	-732.5252	169.0756	3.794653
8166	-572.6	-740.9107	168.3107	4.23159
8172	-571.3128	-740.2067	168.8938	3.899097
8178	-573.9597	-743.2986	169.3389	3.642531
8184	-568.0583	-736.5819	168.5236	4.110609
8190	-583.3742	-753.4616	170.0874	3.204177
8196	-580.817	-750.7478	169.9309	3.296673
8202	-576.2346	-744.2021	167.9675	4.425597
8208	-568.3441	-737.3224	168.9783	3.850609
8214	-574.1944	-743.1727	168.9783	3.850609
8220	-564.0336	-733.2164	169.1828	3.73285
8226	-577.5553	-744.5684	167.0131	4.959769
8232	-576.6484	-744.4445	167.7961	4.522065
8238	-574.3578	-742.3269	167.9691	4.424672
8244	-578.1127	-747.9979	169.8851	3.323615
8250	-575.0197	-743.0762	168.0565	4.375388
8256	-564.5828	-733.1227	168.5399	4.101354
8262	-578.6089	-746.9147	168.3058	4.234353
8268	-577.9206	-746.3575	168.4369	4.159921
8274	-580.0125	-748.2764	168.2639	4.258123
8280	-576.7244	-745.1747	168.4503	4.152321
8286	-577.9331	-746.0908	168.1577	4.318217
8292	-575.8423	-744.2105	168.3681	4.198991
8298	-576.0556	-744.4237	168.3681	4.198991
8304	-565.6752	-734.7157	169.0405	3.814859
8310	-567.3956	-736.0054	168.6099	4.061481
8316	-576.4762	-744.5416	168.0655	4.370331
8322	-575.3611	-744.0635	168.7023	4.008712
8328	-577.9713	-747.8202	169.8489	3.344896
8334	-572.0184	-740.8286	168.8102	3.947028
8340	-579.0334	-747.8436	168.8102	3.947028
8346	-576.7253	-745.8312	169.1059	3.777195
8352	-590.7446	-759.1645	168.4198	4.169643
8358	-584.3791	-752.7931	168.4141	4.172903
8364	-566.0475	-735.4689	169.4215	3.594636
8370	-576.6571	-745.1818	168.5246	4.110049
8376	-570.8238	-739.7732	168.9493	3.867243
8382	-585.5713	-754.8258	169.2545	3.691412
8388	-587.0447	-756.2018	169.1571	3.747638
8394	-594.3637	-762.5106	168.1469	4.324323
8400	-576.1609	-745.0334	168.8725	3.91133
