Iteration	Posterior	Likelihood	Prior	gain_loss_ratio	tree_length
0	-3139.536	-3304.835	165.2995	2.47983	4.66632
6	-3142.624	-3307.497	164.8726	2.293029	4.986115
12	-3148.354	-3313.116	164.7618	2.608412	4.911932
18	-3141.378	-3305.93	164.5516	2.373491	5.128847
24	-3157.163	-3321.625	164.4619	2.587072	5.087498
30	-3140.112	-3305.014	164.9022	2.587072	4.842664
36	-3130.786	-3295.608	164.8222	2.215914	5.048528
42	-3134.961	-3299.795	164.8346	2.200634	5.048528
48	-3146.657	-3311.434	164.7765	2.200634	5.08073
54	-3140.22	-3304.951	164.731	2.373572	5.029337
60	-3138.084	-3303.02	164.9358	2.405092	4.90174
66	-3132.704	-3297.629	164.9258	2.417938	4.90174
72	-3134.844	-3299.801	164.9571	2.377857	4.90174
78	-3140.276	-3305.124	164.8478	2.686181	4.831743
84	-3146.85	-3311.927	165.0774	2.483572	4.788873
90	-3139.781	-3304.01	164.2283	2.564322	5.226329
96	-3135.74	-3300.427	164.6878	2.441776	5.023755
102	-3147.52	-3312.644	165.1238	2.124553	4.922453
108	-3142.206	-3306.895	164.6892	2.493477	5.000857
114	-3142.629	-3307.711	165.0826	2.046817	4.981302
120	-3136.276	-3300.571	164.295	2.30572	5.300417
126	-3148.919	-3313.432	164.5127	2.502874	5.09477
132	-3146.504	-3311.878	165.3734	2.318299	4.695625
138	-3151.022	-3316.02	164.9981	2.601017	4.783276
144	-3143.358	-3308.702	165.3442	2.511094	4.62782
150	-3139.26	-3304	164.7398	2.390117	5.017236
156	-3141.259	-3305.786	164.5262	2.476674	5.098454
162	-3142.004	-3306.469	164.4642	2.18685	5.259839
168	-3139.717	-3304.609	164.8921	2.18685	5.022834
174	-3147.02	-3312.534	165.5141	2.141871	4.696643
180	-3139.299	-3303.931	164.6324	2.229159	5.147812
186	-3135.978	-3300.266	164.2881	2.427798	5.251164
192	-3132.163	-3297.259	165.096	2.357239	4.833361
198	-3132.218	-3297.217	164.9986	2.482352	4.833361
204	-3136.151	-3300.866	164.7154	2.297006	5.07158
210	-3145.637	-3310.882	165.2456	2.247133	4.798847
216	-3137.253	-3301.967	164.7141	2.419897	5.018572
222	-3137.328	-3302.475	165.1472	2.412876	4.78047
228	-3128.036	-3292.737	164.7004	2.210882	5.118297
234	-3130.62	-3295.495	164.8758	2.439267	4.92032
240	-3137.759	-3302.092	164.3325	2.267031	5.296746
246	-3133.155	-3297.544	164.389	2.197139	5.296746
252	-3133.928	-3298.937	165.0093	2.197139	4.953015
258	-3136.739	-3301.578	164.8389	2.197139	5.047688
264	-3134.196	-3299.056	164.8603	2.255123	5.009793
270	-3149.865	-3314.291	164.4261	2.440982	5.169172
276	-3128.547	-3293.723	165.1759	2.440982	4.752239
282	-3137.578	-3303.067	165.4888	2.241721	4.665318
288	-3135.594	-3300.98	165.3855	2.235594	4.725904
294	-3138.07	-3303.112	165.0422	2.452259	4.822028
300	-3145.821	-3310.536	164.715	2.307655	5.067097
306	-3137.922	-3302.759	164.8364	2.157441	5.067097
312	-3137.96	-3303.141	165.1816	2.115442	4.89444
318	-3132.518	-3297.76	165.2413	2.109205	4.864042
324	-3138.023	-3303.031	165.0089	2.245167	4.931654
330	-3133.382	-3298.644	165.2618	2.203724	4.809392
336	-3144.503	-3309.406	164.9032	2.307836	4.962526
342	-3129.589	-3294.241	164.6523	2.435699	5.046062
348	-3127.256	-3292.832	165.5754	2.031158	4.713908
354	-3136.745	-3301.543	164.7984	2.444267	4.961232
360	-3145.51	-3310.313	164.8023	2.295081	5.024203
366	-3128.296	-3294.092	165.7956	2.445992	4.402163
372	-3141.658	-3306.73	165.0722	2.168105	4.931229
378	-3142.805	-3307.707	164.9023	2.380174	4.931229
384	-3136.438	-3301.737	165.2991	2.435408	4.685772
390	-3135.315	-3299.717	164.4022	2.326351	5.232099
396	-3133.688	-3298.884	165.1962	2.358814	4.776782
402	-3135.857	-3301.205	165.3474	2.17034	4.776782
408	-3135.552	-3300.101	164.5497	2.306593	5.159206
414	-3143.057	-3307.238	164.1811	2.306593	5.362873
420	-3147.429	-3312.538	165.1084	2.324796	4.840775
426	-3157.402	-3322.681	165.2793	2.324796	4.745375
432	-3139.848	-3305.183	165.3353	2.490044	4.641861
438	-3127.477	-3292.703	165.2265	2.281249	4.7942
444	-3143.416	-3308.303	164.8868	2.431811	4.917409
450	-3142.909	-3307.933	165.0242	2.33143	4.88474
456	-3142.606	-3307.438	164.8323	2.381583	4.969548
462	-3143.619	-3308.263	164.6437	2.627843	4.969548
468	-3131.94	-3296.804	164.8639	2.341413	4.969548
474	-3142.117	-3306.766	164.6498	2.606129	4.97518
480	-3140.082	-3304.813	164.7309	2.499308	4.97518
486	-3133.821	-3298.949	165.1278	2.199736	4.885889
492	-3142.814	-3307.623	164.8084	2.608634	4.885889
498	-3137.651	-3302.27	164.6195	2.416018	5.07275
504	-3143.333	-3308.394	165.0612	2.416018	4.827095
510	-3141.035	-3305.878	164.8424	2.43768	4.939587
516	-3140.311	-3305.897	165.5861	2.267882	4.598966
522	-3142.793	-3307.453	164.6605	2.501368	5.013391
528	-3135.075	-3300.18	165.1049	2.423162	4.799613
534	-3137.718	-3303.088	165.37	2.423162	4.651352
540	-3127.616	-3292.453	164.8366	2.473634	4.927354
546	-3134.162	-3299.249	165.0877	2.31377	4.857196
552	-3152.111	-3316.836	164.7246	2.700611	4.894433
558	-3138.245	-3303.139	164.8939	2.476055	4.894433
564	-3150.628	-3315.537	164.9089	2.456586	4.894433
570	-3147.939	-3312.874	164.9344	2.423709	4.894433
576	-3146.075	-3311.026	164.9511	2.053605	5.051178
582	-3143.524	-3308.337	164.8131	2.664191	4.860161
588	-3147.812	-3313.155	165.3433	2.54718	4.612899
594	-3140.689	-3305.855	165.166	2.315429	4.812777
600	-3138.022	-3302.557	164.5344	2.413654	5.120955
606	-3144.809	-3309.703	164.894	2.274747	4.982322
612	-3133.023	-3298.014	164.9909	2.155129	4.982322
618	-3134.318	-3299.606	165.288	2.297299	4.752744
624	-3135.197	-3299.727	164.5298	2.291427	5.176885
630	-3137.747	-3302.206	164.4598	2.379885	5.176885
636	-3152.891	-3317.742	164.8511	2.590908	4.869523
642	-3131.244	-3295.729	164.4853	2.421676	5.144717
648	-3121.038	-3285.715	164.6763	2.176988	5.14697
654	-3124.463	-3288.835	164.372	2.234872	5.289219
660	-3131.249	-3295.79	164.5412	2.313152	5.161
666	-3125.014	-3289.624	164.6099	2.227516	5.161
672	-3131.349	-3295.848	164.4992	2.296397	5.191642
678	-3119.84	-3284.404	164.5641	2.161714	5.215983
684	-3125.758	-3290.206	164.4476	2.26106	5.235799
690	-3127.597	-3292.625	165.0287	2.172434	4.953445
696	-3128.219	-3293.231	165.0123	2.461759	4.834614
702	-3140.874	-3305.151	164.2768	2.370267	5.282236
708	-3131.299	-3296.195	164.8956	2.257846	4.988981
714	-3144.323	-3309.882	165.5581	2.455552	4.531718
720	-3141.831	-3307.561	165.7304	2.524139	4.405074
726	-3132.857	-3298.025	165.1674	2.287916	4.82424
732	-3130.615	-3295.216	164.6007	2.503007	5.045897
738	-3129.991	-3294.265	164.2734	2.109096	5.400342
744	-3139.582	-3304.431	164.8494	2.218984	5.032047
750	-3135.162	-3299.723	164.5609	2.349528	5.134152
756	-3137.156	-3302.298	165.1424	2.278057	4.842545
762	-3137.875	-3302.192	164.3166	2.264699	5.30659
768	-3138.027	-3302.254	164.227	2.416056	5.289982
774	-3139.972	-3304.394	164.4218	2.081781	5.33102
780	-3140.351	-3305.287	164.9365	2.53231	4.846692
786	-3134.523	-3299.79	165.2668	2.237502	4.791352
792	-3153.931	-3318.608	164.6764	2.352623	5.068776
798	-3151.119	-3316.275	165.1557	2.425614	4.770167
804	-3145.932	-3310.173	164.2408	2.047432	5.446576
810	-3141.208	-3305.791	164.5823	2.348051	5.122961
816	-3148.066	-3312.749	164.6829	2.35146	5.065658
822	-3147.458	-3312.632	165.1739	2.413086	4.765493
828	-3150.619	-3315.856	165.2373	2.135946	4.853976
834	-3141.549	-3306.199	164.6491	2.367802	5.077287
840	-3152.144	-3316.613	164.4691	2.358934	5.180849
846	-3163.41	-3328.819	165.4082	2.535231	4.581606
852	-3151.291	-3316.218	164.927	2.535231	4.850754
858	-3147.646	-3312.405	164.7592	2.185113	5.097349
864	-3126.184	-3291.351	165.1673	2.504675	4.729593
870	-3136.311	-3301.556	165.245	2.404183	4.729593
876	-3152.257	-3317.213	164.956	2.099611	5.027171
882	-3138.426	-3303.465	165.0395	2.410067	4.841761
888	-3134.374	-3299.568	165.1947	2.260323	4.82134
894	-3128.313	-3293.375	165.0627	2.400311	4.833116
900	-3145.777	-3310.038	164.261	2.262882	5.338058
906	-3142.615	-3307.751	165.1353	2.256741	4.856061
912	-3152.373	-3317.67	165.2967	2.183168	4.799289
918	-3139.809	-3304.271	164.4625	2.413083	5.161057
924	-3139.115	-3303.685	164.5706	2.276165	5.161057
930	-3135.962	-3300.513	164.5514	2.387558	5.122866
936	-3144.865	-3309.497	164.6317	2.1446	5.186313
942	-3143.28	-3308.037	164.7561	2.506909	4.957905
948	-3137.578	-3302.423	164.8454	2.201984	5.041899
954	-3139.833	-3304.27	164.4379	2.174184	5.28008
960	-3143.247	-3308.411	165.1642	2.228371	4.85268
966	-3140.988	-3305.531	164.5429	2.090363	5.260207
972	-3146.264	-3311.719	165.4543	2.120831	4.739834
978	-3137.689	-3302.7	165.0113	2.291343	4.909712
984	-3125.084	-3289.987	164.9034	2.291343	4.969735
990	-3125.136	-3290.097	164.9608	2.193723	4.981549
996	-3137.764	-3302.497	164.7335	2.337712	5.043628
1002	-3137.376	-3302.451	165.075	1.9236	5.043628
1008	-3133.636	-3298.406	164.7696	2.254899	5.060236
1014	-3128.012	-3292.691	164.679	2.300095	5.090441
1020	-3130.814	-3295.644	164.8304	2.300095	5.006411
1026	-3133.418	-3297.771	164.353	2.340644	5.253083
1032	-3123.897	-3289.064	165.1669	2.340644	4.801141
1038	-3129.356	-3294.102	164.7461	2.278751	5.06266
1044	-3133.93	-3298.639	164.7095	2.329205	5.060683
1050	-3140.108	-3304.968	164.8597	2.267872	5.004449
1056	-3143.906	-3308.351	164.4457	2.31267	5.214096
1062	-3134.795	-3299.645	164.8498	2.260552	5.013227
1068	-3139.844	-3304.877	165.0323	2.248826	4.916961
1074	-3144.158	-3309.544	165.386	2.139557	4.769323
1080	-3139.503	-3305.032	165.5289	2.18573	4.6683
1086	-3135.583	-3300.746	165.1629	2.194273	4.868816
1092	-3136.857	-3301.829	164.972	2.365027	4.899057
1098	-3134.525	-3299.618	165.093	2.275116	4.871426
1104	-3145.141	-3310.223	165.0814	2.43877	4.80596
1110	-3142.929	-3307.535	164.6066	2.0379	5.249222
1116	-3128.971	-3293.959	164.9887	2.327342	4.906333
1122	-3134.523	-3299.375	164.8517	2.264184	5.010552
1128	-3133.761	-3298.479	164.7184	2.432925	5.010552
1134	-3133.794	-3298.596	164.8016	2.30957	5.01819
1140	-3138.455	-3303.275	164.8198	2.23163	5.042764
1146	-3150.52	-3314.951	164.4309	2.225673	5.260824
1152	-3161.178	-3325.709	164.5308	2.457119	5.104246
1158	-3154.334	-3319.146	164.8127	2.468494	4.942889
1164	-3151.69	-3316.586	164.896	2.318056	4.962006
1170	-3136.661	-3300.844	164.183	2.168005	5.423434
1176	-3136.983	-3301.449	164.4662	2.311345	5.203292
1182	-3133.028	-3298.143	165.1152	2.292257	4.851407
1188	-3126.39	-3290.729	164.3391	2.292257	5.281952
1194	-3134.206	-3299.409	165.2033	2.361409	4.771642
1200	-3138.816	-3303.895	165.0788	2.404281	4.822392
1206	-3139.37	-3304.094	164.7249	2.256511	5.084311
1212	-3137.742	-3302.892	165.1499	2.307336	4.825352
1218	-3149.449	-3314.738	165.2892	2.135255	4.825352
1224	-3130.473	-3295.152	164.6789	2.204187	5.133258
1230	-3149.468	-3313.985	164.5167	2.273849	5.191911
1236	-3135.979	-3300.384	164.4056	2.420044	5.189551
1242	-3141.711	-3306.374	164.6628	1.998909	5.236384
1248	-3130.241	-3295.169	164.928	2.31179	4.946984
1254	-3126.853	-3291.677	164.8247	2.147348	5.078159
1260	-3124.016	-3288.984	164.9675	2.187963	4.980431
1266	-3133.418	-3298.309	164.8915	2.282089	4.980431
1272	-3132.644	-3297.39	164.7456	2.46787	4.980431
1278	-3139.034	-3303.84	164.8058	2.367163	4.990551
1284	-3154.423	-3318.963	164.5397	2.108083	5.253845
1290	-3135.106	-3299.601	164.4947	2.212624	5.231386
1296	-3137.733	-3302.228	164.4947	2.212624	5.231386
1302	-3157.108	-3321.649	164.5406	2.662881	5.012297
1308	-3149.188	-3313.693	164.505	2.247443	5.210158
1314	-3141.409	-3306.114	164.7052	2.277099	5.086059
1320	-3135.68	-3300.544	164.8646	2.260678	5.004909
1326	-3141.907	-3306.925	165.0184	2.224294	4.935731
1332	-3134.34	-3299.368	165.0282	2.224294	4.930281
1338	-3124.71	-3289.751	165.0407	2.425852	4.834243
1344	-3137.185	-3302.054	164.8691	2.567881	4.869173
1350	-3134.078	-3299.304	165.2258	2.353621	4.762534
1356	-3126.685	-3291.457	164.7718	2.209147	5.079496
1362	-3140.671	-3306.345	165.6746	2.100031	4.626129
1368	-3140.262	-3304.911	164.6485	2.410611	5.059018
1374	-3136.618	-3300.855	164.2372	2.209064	5.375154
1380	-3155.044	-3319.531	164.4864	2.21734	5.233882
1386	-3144.309	-3308.719	164.4108	2.311557	5.233882
1392	-3145.936	-3310.475	164.539	2.126407	5.245894
1398	-3146.442	-3311.198	164.7554	2.333733	5.033216
1404	-3158.284	-3322.7	164.4165	2.556876	5.125296
1410	-3156.39	-3321.37	164.9797	2.662488	4.767928
1416	-3143.733	-3308.709	164.976	2.205351	4.967829
1422	-3142.841	-3307.592	164.751	2.399137	5.007113
1428	-3138.125	-3302.9	164.7757	2.440231	4.975577
1434	-3145.071	-3310.024	164.9528	2.216753	4.975577
1440	-3149.42	-3314.703	165.2834	2.179165	4.808493
1446	-3138.029	-3302.425	164.3962	2.164976	5.307232
1452	-3135.154	-3300.187	165.0334	2.327267	4.881467
1458	-3131.335	-3296.34	165.005	2.327267	4.897294
1464	-3145.207	-3309.906	164.6996	2.44315	5.016631
1470	-3136.65	-3301.32	164.6707	2.154098	5.16043
1476	-3139.895	-3305	165.1042	1.990413	4.995719
1482	-3132.698	-3297.435	164.737	2.443386	4.995719
1488	-3129.006	-3294.085	165.0783	2.298037	4.869407
1494	-3139.27	-3304.163	164.8929	2.093248	5.065114
1500	-3148.41	-3312.991	164.5808	2.377966	5.110709
1506	-3133.806	-3298.519	164.7129	2.377966	5.037463
1512	-3148.95	-3313.682	164.732	2.471501	4.986464
1518	-3146.249	-3311.345	165.0963	2.354538	4.834371
1524	-3161.562	-3325.787	164.2247	2.667275	5.185594
1530	-3149.553	-3314.14	164.5869	2.201081	5.185594
1536	-3153.304	-3318.116	164.8117	2.420692	4.964007
1542	-3139.134	-3303.885	164.7509	2.437561	4.990546
1548	-3132.096	-3296.981	164.885	2.341429	4.957808
1554	-3135.421	-3300.143	164.7226	2.551088	4.957808
1560	-3137.391	-3302.415	165.0238	2.3956	4.856842
1566	-3141.833	-3306.894	165.0603	2.319557	4.86987
1572	-3130.254	-3295.574	165.3201	2.189705	4.783221
1578	-3128.713	-3293.645	164.9324	1.954996	5.107798
1584	-3131.432	-3295.701	164.2682	2.375077	5.284925
1590	-3128.937	-3293.868	164.9313	2.342865	4.931423
1596	-3138.272	-3302.933	164.6613	2.195861	5.146756
1602	-3133.654	-3298.062	164.408	2.222731	5.274751
1608	-3142.746	-3306.957	164.211	2.389808	5.310092
1614	-3147.106	-3311.576	164.47	2.154936	5.271057
1620	-3147.02	-3311.704	164.6841	2.568831	4.971755
1626	-3151.997	-3316.845	164.8483	2.556423	4.8856
1632	-3145.421	-3310.603	165.1813	2.170205	4.869533
1638	-3146.172	-3310.848	164.6768	2.192397	5.139697
1644	-3148.308	-3313.15	164.8423	2.323586	4.989415
1650	-3136.992	-3302.19	165.1981	2.081401	4.900956
1656	-3145.063	-3309.518	164.4554	2.140514	5.285633
1662	-3138.563	-3303.037	164.4742	2.062897	5.310811
1668	-3147.127	-3311.882	164.7551	2.233513	5.077827
1674	-3159.272	-3324.291	165.0185	2.253715	4.922443
1680	-3139.499	-3304.271	164.772	2.253715	5.059428
1686	-3147.295	-3312.373	165.0782	2.148853	4.936685
1692	-3152.548	-3317.999	165.4508	2.323671	4.64987
1698	-3151.078	-3315.762	164.6835	2.104046	5.176176
1704	-3150.82	-3315.793	164.9726	2.158748	4.990882
1710	-3141.239	-3305.786	164.5474	2.18468	5.214829
1716	-3130.213	-3295.539	165.3267	2.165151	4.790716
1722	-3134.464	-3299.259	164.7954	1.979662	5.172039
1728	-3139.69	-3303.67	163.9801	2.24222	5.501945
1734	-3134.309	-3298.675	164.3658	2.453372	5.197219
1740	-3142.974	-3307.312	164.338	2.189934	5.328141
1746	-3139.179	-3303.349	164.1705	2.425227	5.317226
1752	-3139.185	-3303.661	164.4763	2.447032	5.138802
1758	-3142.025	-3306.579	164.5547	2.239254	5.186317
1764	-3139.453	-3304.846	165.3925	2.644321	4.544238
1770	-3144.056	-3308.57	164.5136	2.440082	5.121105
1776	-3137.155	-3301.816	164.6611	2.254496	5.120558
1782	-3133.198	-3298.32	165.122	2.254496	4.864495
1788	-3130.783	-3295.302	164.5192	2.280187	5.187733
1794	-3130.817	-3296.109	165.2915	2.344411	4.729855
1800	-3144.121	-3308.492	164.3714	2.216753	5.297672
1806	-3134.266	-3299.173	164.9072	2.349747	4.941836
1812	-3131.324	-3296.148	164.8244	2.52204	4.913469
1818	-3120.511	-3285.113	164.6018	2.481153	5.054597
1824	-3130.686	-3295.174	164.4884	2.33964	5.178596
1830	-3132.864	-3297.905	165.0411	2.33964	4.871725
1836	-3133.305	-3299.047	165.7425	2.482814	4.41612
1842	-3127.12	-3292.15	165.0299	2.193932	4.943013
1848	-3140.28	-3304.965	164.6847	2.184678	5.138826
1854	-3132.79	-3298.058	165.2682	2.269675	4.776125
1860	-3128.078	-3293.261	165.1827	2.293314	4.813301
1866	-3133.791	-3299.114	165.3229	2.120562	4.813301
1872	-3130.066	-3294.393	164.3266	2.186927	5.335738
1878	-3143.542	-3308.055	164.5123	1.964297	5.335738
1884	-3141.162	-3305.585	164.4231	2.409011	5.184608
1890	-3130.744	-3295.554	164.81	2.183618	5.069832
1896	-3138.959	-3303.611	164.6515	2.381905	5.069832
1902	-3141.157	-3306.17	165.0121	2.381905	4.869332
1908	-3137.384	-3302.219	164.8344	2.381905	4.968236
1914	-3137.367	-3302.394	165.0265	2.18283	4.949974
1920	-3134.905	-3300.008	165.1026	2.467398	4.781743
1926	-3126.906	-3291.845	164.9396	2.3896	4.906362
1932	-3135.198	-3299.852	164.6539	2.32518	5.093281
1938	-3132.41	-3296.986	164.5759	1.992904	5.287186
1944	-3136.468	-3301.389	164.9207	2.146723	5.025176
1950	-3140.843	-3306.328	165.4849	2.282269	4.649264
1956	-3139.524	-3304.332	164.8076	2.300556	5.018857
1962	-3142.167	-3307.024	164.8571	2.442464	4.929383
1968	-3150.253	-3314.614	164.3608	2.451412	5.200843
1974	-3135.421	-3300.389	164.9679	2.292838	4.933185
1980	-3141.108	-3306.085	164.9768	2.281666	4.933185
1986	-3146.107	-3311.084	164.9768	2.281666	4.933185
1992	-3141.445	-3306.114	164.6685	2.267303	5.110801
1998	-3139.73	-3304.656	164.9263	1.955778	5.110801
2004	-3131.653	-3296.334	164.6808	2.311154	5.084569
2010	-3134.175	-3299.373	165.1984	2.482815	4.72159
2016	-3132.023	-3296.277	164.2545	2.088747	5.420079
2022	-3133.245	-3298.216	164.9706	2.125338	5.007241
2028	-3136.388	-3301.603	165.2154	2.125338	4.871067
2034	-3135.467	-3300.461	164.9941	2.430746	4.8581
2040	-3147.132	-3311.44	164.308	2.004136	5.429672
2046	-3144.193	-3308.847	164.654	2.222904	5.138626
2052	-3149.028	-3314.032	165.0047	2.276925	4.919801
2058	-3141.048	-3306.131	165.083	2.147124	4.934792
2064	-3142.181	-3307.543	165.3626	2.202782	4.753546
2070	-3138.669	-3304.114	165.4451	2.235514	4.692564
2076	-3134.321	-3299.25	164.9297	2.221874	4.986154
2082	-3138.878	-3303.385	164.5072	2.262038	5.202422
2088	-3137.164	-3302.672	165.5085	2.0092	4.761663
2094	-3132.021	-3296.514	164.4929	2.412652	5.144367
2100	-3137.759	-3303.168	165.4091	2.465503	4.611072
2106	-3132.891	-3298.234	165.3432	2.339729	4.703004
2112	-3135.166	-3300.622	165.4557	2.19941	4.703004
2118	-3137.61	-3303.213	165.6027	2.19941	4.620673
2124	-3133.652	-3298.368	164.7158	2.344045	5.05069
2130	-3149.573	-3314.205	164.6312	2.353382	5.093503
2136	-3140.776	-3305.474	164.6975	2.353382	5.05676
2142	-3143.445	-3308.826	165.3805	2.353382	4.676135
2148	-3136.635	-3301.803	165.1686	2.303083	4.816784
2154	-3138.794	-3303.667	164.8733	2.303083	4.981234
2160	-3135.349	-3300.676	165.3273	2.299105	4.72995
2166	-3139.424	-3304.184	164.7599	2.348332	5.024294
2172	-3139.376	-3304.367	164.9909	2.514047	4.824139
2178	-3146.035	-3311.085	165.0499	2.328989	4.871521
2184	-3146.152	-3311.211	165.0582	2.030452	5.002514
2190	-3141.56	-3306.617	165.0572	2.361333	4.853213
2196	-3125.612	-3290.214	164.6019	2.287049	5.13892
2202	-3131.505	-3296.709	165.204	2.287049	4.804177
2208	-3141.7	-3306.548	164.8485	2.311451	4.991314
2214	-3142.208	-3307.339	165.131	2.635612	4.694532
2220	-3143.833	-3308.96	165.1266	2.231336	4.872301
2226	-3151.678	-3316.488	164.8095	2.480588	4.93945
2232	-3147.691	-3312.535	164.8441	2.269692	5.012277
2238	-3144.299	-3309.1	164.8011	2.323668	5.012277
2244	-3141.967	-3306.36	164.3929	2.232783	5.278645
2250	-3141.438	-3307.054	165.6158	2.209932	4.608576
2256	-3136.381	-3300.92	164.539	2.298924	5.168479
2262	-3141.207	-3306.067	164.8601	2.117215	5.072296
2268	-3137.221	-3302.402	165.1804	2.486061	4.73025
2274	-3140.481	-3305.381	164.8993	2.57555	4.849105
2280	-3136.227	-3301.361	165.1335	2.404813	4.79162
2286	-3138.9	-3303.66	164.7593	2.447163	4.981745
2292	-3137.148	-3302.031	164.8832	2.390377	4.937419
2298	-3146.671	-3311.526	164.8552	2.339279	4.97536
2304	-3150.32	-3315.16	164.8402	2.269421	5.014592
2310	-3151.449	-3316.054	164.6054	2.400639	5.087242
2316	-3140.788	-3305.169	164.3815	2.394596	5.213873
2322	-3139.304	-3304.12	164.8167	2.295023	5.016287
2328	-3150.265	-3314.247	163.9823	2.511991	5.384134
2334	-3149.992	-3313.998	164.0059	2.192381	5.509949
2340	-3147.754	-3312.339	164.5846	2.053868	5.254012
2346	-3144.251	-3308.471	164.22	1.990905	5.484254
2352	-3143.395	-3308.352	164.957	2.62976	4.794225
2358	-3144.403	-3309.654	165.2509	2.690489	4.604464
2364	-3144.674	-3310.219	165.5447	2.404453	4.561581
2370	-3132.624	-3297.724	165.1003	2.363779	4.82809
2376	-3135.464	-3300.342	164.8782	2.265993	4.994982
2382	-3153.489	-3318.181	164.6918	2.043162	5.199702
2388	-3137.087	-3302.347	165.2597	2.102494	4.856899
2394	-3134.05	-3299.238	165.1884	2.347941	4.785905
2400	-3132.638	-3297.364	164.7262	2.166842	5.123923
2406	-3131.933	-3297.068	165.1358	2.432609	4.77829
2412	-3144.801	-3309.63	164.8288	2.203022	5.050684
2418	-3131.59	-3296.665	165.075	2.203022	4.913826
2424	-3133.68	-3298.596	164.9161	2.081757	5.057579
2430	-3141.543	-3306.172	164.6288	2.150118	5.18541
2436	-3141.97	-3307.547	165.5773	2.093974	4.683452
2442	-3140.803	-3304.996	164.1939	2.205441	5.40062
2448	-3138.072	-3303.235	165.1623	2.226552	4.854551
2454	-3143.056	-3308.204	165.148	2.226552	4.86252
2460	-3152.349	-3317.628	165.2785	2.581573	4.634645
2466	-3153.067	-3318.176	165.1089	2.218447	4.887981
2472	-3137.539	-3302.907	165.3674	2.655581	4.55365
2478	-3140.173	-3304.876	164.7032	2.621282	4.939172
2484	-3131.38	-3296.142	164.7622	2.141201	5.115618
2490	-3140.991	-3305.849	164.858	2.141201	5.062473
2496	-3133.941	-3298.88	164.9388	2.147601	5.014718
2502	-3126.329	-3291.241	164.912	2.328406	4.948538
2508	-3135.452	-3300.485	165.0324	2.178713	4.948538
2514	-3133.562	-3298.588	165.026	2.178713	4.952113
2520	-3138.871	-3303.167	164.296	2.178713	5.356328
2526	-3129.73	-3294.57	164.8399	2.163813	5.062245
2532	-3150.524	-3315.192	164.6677	2.378468	5.062326
2538	-3142.432	-3307.573	165.1411	2.384227	4.796373
2544	-3148.312	-3313.243	164.9311	2.119898	5.031651
2550	-3144.101	-3308.942	164.8415	2.229642	5.031651
2556	-3144.336	-3308.981	164.6449	2.254666	5.129454
2562	-3142.113	-3306.703	164.5907	2.362699	5.111888
2568	-3136.817	-3301.918	165.1012	2.171234	4.913655
2574	-3147.78	-3312.557	164.7771	2.583945	4.913655
2580	-3148.395	-3313.617	165.2221	2.342209	4.769624
2586	-3130.669	-3295.617	164.9475	2.342209	4.922706
2592	-3141.394	-3306.821	165.4264	2.208919	4.715081
2598	-3139.126	-3304.494	165.3683	2.413204	4.656692
2604	-3146.995	-3311.757	164.7623	2.12315	5.123792
2610	-3129.806	-3294.572	164.7654	2.12315	5.122077
2616	-3128.513	-3293.497	164.9837	2.219435	4.957205
2622	-3129.611	-3294.852	165.2415	2.092327	4.871738
2628	-3124.03	-3289.147	165.1175	2.243895	4.871738
2634	-3135.769	-3300.724	164.9554	2.07534	5.03872
2640	-3136.479	-3300.849	164.37	2.439806	5.200706
2646	-3128.949	-3294.374	165.4241	2.372228	4.643352
2652	-3136.952	-3302.064	165.1117	2.067283	4.955595
2658	-3148.65	-3313.169	164.5185	2.084851	5.27623
2664	-3144.831	-3309.65	164.8197	2.602356	4.882254
2670	-3141.873	-3306.532	164.6596	1.944444	5.263774
2676	-3142.288	-3307.146	164.8577	1.851265	5.198791
2682	-3141.004	-3306.721	165.7168	2.28815	4.516502
2688	-3140.546	-3305.71	165.1639	2.05867	4.93058
2694	-3143.187	-3308.037	164.8501	2.171889	5.052902
2700	-3150.586	-3315.139	164.5536	2.180185	5.213411
2706	-3139.241	-3303.785	164.5439	2.192109	5.213411
2712	-3143.537	-3308.396	164.8587	1.987568	5.133269
2718	-3143.317	-3308.101	164.7843	2.213381	5.070694
2724	-3128.635	-3294.055	165.4194	2.213381	4.716967
2730	-3133.046	-3297.707	164.6614	2.398803	5.056984
2736	-3131.261	-3296.707	165.4459	2.310812	4.658342
2742	-3138.378	-3302.936	164.5581	2.310812	5.152677
2748	-3154.983	-3319.749	164.7663	2.045451	5.157389
2754	-3146.296	-3311.377	165.0811	2.202083	4.910876
2760	-3149.578	-3314.151	164.5735	1.975667	5.296584
2766	-3132.652	-3297.549	164.8963	2.286054	4.976016
2772	-3127.845	-3292.919	165.0745	2.208395	4.911682
2778	-3134.515	-3299.709	165.1936	2.070362	4.908587
2784	-3129.858	-3294.914	165.0558	2.200763	4.925514
2790	-3131.991	-3297.05	165.0583	2.197747	4.925514
2796	-3139.497	-3303.867	164.3701	2.267693	5.275723
2802	-3148.371	-3313.605	165.2341	2.267693	4.796015
2808	-3137.007	-3301.946	164.9393	2.417924	4.894193
2814	-3138.713	-3304.24	165.5275	2.122803	4.69797
2820	-3134.467	-3299.353	164.886	2.384999	4.938174
2826	-3137.781	-3302.463	164.6815	2.235565	5.117742
2832	-3136.464	-3301.465	165.0015	2.109313	4.997418
2838	-3141.868	-3306.702	164.8338	2.025387	5.12936
2844	-3141.815	-3306.906	165.0912	2.390792	4.821374
2850	-3140.787	-3305.304	164.5172	2.379495	5.145285
2856	-3127.344	-3292.672	165.3271	2.379495	4.694512
2862	-3142.14	-3307.175	165.0349	2.42708	4.836984
2868	-3134.557	-3299.244	164.6873	2.302523	5.084749
2874	-3140.928	-3305.895	164.9673	2.284931	4.937028
2880	-3140.833	-3306.051	165.2175	2.291033	4.794864
2886	-3157.357	-3322.745	165.3883	2.351552	4.672557
2892	-3138.519	-3303.443	164.9244	2.388114	4.915476
2898	-3133.471	-3298.185	164.7136	2.240117	5.097889
2904	-3139.911	-3304.432	164.5208	2.375198	5.145149
2910	-3144.671	-3309.435	164.7634	2.163863	5.104625
2916	-3147.059	-3312.332	165.273	2.393733	4.718551
2922	-3139.538	-3304.751	165.2131	2.607632	4.660283
2928	-3161.051	-3325.988	164.9371	2.408683	4.899441
2934	-3143.968	-3308.952	164.9844	2.056493	5.031358
2940	-3130.995	-3296.307	165.3121	2.101874	4.82798
2946	-3141.395	-3306.631	165.2358	2.124936	4.85985
2952	-3133.223	-3298.214	164.991	2.154613	4.982536
2958	-3130.821	-3296.539	165.7186	2.248058	4.533522
2964	-3131.987	-3296.832	164.8453	2.256532	5.017487
2970	-3139.679	-3304.4	164.7205	2.256532	5.086748
2976	-3140.671	-3305.248	164.5774	2.43778	5.086748
2982	-3142.391	-3306.912	164.5214	2.510471	5.086748
2988	-3133.981	-3298.773	164.7921	2.110315	5.113187
2994	-3148.35	-3313.198	164.8483	2.042862	5.113187
3000	-3155.859	-3320.398	164.5384	2.156457	5.232536
3006	-3148.133	-3312.549	164.4169	2.198288	5.280805
3012	-3142.502	-3307.804	165.3021	2.269715	4.757182
3018	-3136.212	-3301.36	165.1481	2.215994	4.867253
3024	-3123.434	-3287.962	164.528	2.388979	5.135209
3030	-3143.917	-3308.404	164.4874	2.722715	5.017312
3036	-3133.926	-3299.029	165.1025	2.141774	4.92641
3042	-3132.62	-3297.262	164.6422	2.400079	5.067103
3048	-3138.806	-3303.544	164.7376	2.318698	5.049699
3054	-3149.447	-3314.753	165.306	2.400848	4.696936
3060	-3135.003	-3299.618	164.6148	2.402367	5.081277
3066	-3138.971	-3303.726	164.755	2.245449	5.072542
3072	-3147.016	-3311.44	164.4239	2.201313	5.2756
3078	-3137.399	-3302.604	165.2056	2.158526	4.861315
3084	-3141.605	-3306.52	164.9152	2.543868	4.853672
3090	-3142.697	-3307.256	164.5595	2.543868	5.051468
3096	-3145.553	-3310.47	164.9167	2.189619	5.007936
3102	-3148.435	-3313.462	165.0267	2.271141	4.910096
3108	-3139.603	-3304.97	165.3673	2.090278	4.802521
3114	-3137.583	-3302.393	164.8097	2.380471	4.982595
3120	-3133.947	-3298.487	164.5406	2.297071	5.168455
3126	-3134.191	-3299.496	165.3045	2.258813	4.760697
3132	-3131.301	-3296.637	165.3357	2.337743	4.708095
3138	-3134.615	-3299.726	165.1104	2.156026	4.915449
3144	-3150.533	-3315.221	164.688	2.521273	4.989673
3150	-3137.348	-3301.823	164.4754	2.431459	5.145953
3156	-3140.452	-3305.321	164.869	2.254085	5.005449
3162	-3139.634	-3304.71	165.0759	2.331944	4.855699
3168	-3145.913	-3310.164	164.2513	2.06064	5.434741
3174	-3144.873	-3309.772	164.8991	2.06064	5.076748
3180	-3146.187	-3310.649	164.4622	2.511897	5.118931
3186	-3140.09	-3304.765	164.6753	2.240564	5.118931
3192	-3127.075	-3291.567	164.492	2.406113	5.147705
3198	-3133.967	-3299.144	165.1771	2.326378	4.801724
3204	-3141.484	-3305.996	164.5117	2.301114	5.182665
3210	-3150.644	-3315.743	165.0986	2.266715	4.87202
3216	-3136.777	-3301.73	164.9532	2.451311	4.87202
3222	-3134.646	-3299.752	165.1056	2.622692	4.714136
3228	-3135.057	-3300.294	165.2368	2.49669	4.694136
3234	-3139.471	-3304.104	164.6335	2.450544	5.050124
3240	-3140.004	-3305.098	165.0935	2.450544	4.794104
3246	-3130.723	-3295.589	164.8663	2.51009	4.895229
3252	-3144.763	-3310.024	165.2614	2.224824	4.800064
3258	-3143.969	-3309.168	165.1991	2.790123	4.592611
3264	-3140.984	-3306.196	165.2119	2.56507	4.67893
3270	-3135.513	-3300.35	164.8367	2.456303	4.93475
3276	-3130.438	-3295.171	164.7334	2.230541	5.091211
3282	-3133.205	-3298.196	164.991	2.304482	4.915162
3288	-3130.469	-3295.341	164.8727	2.406905	4.936067
3294	-3128.443	-3293.582	165.1384	2.615612	4.698754
3300	-3135.93	-3300.612	164.6817	2.321249	5.079585
3306	-3144.006	-3309.186	165.1803	2.176153	4.867347
3312	-3136.81	-3301.779	164.9694	2.325014	4.918087
3318	-3135.932	-3300.825	164.8934	2.421795	4.918087
3324	-3127.922	-3292.824	164.9016	2.394645	4.925333
3330	-3140.388	-3304.865	164.4773	2.48956	5.12008
3336	-3137.606	-3302.708	165.1018	2.519435	4.759915
3342	-3140.546	-3305.023	164.4764	2.536362	5.100751
3348	-3148.049	-3313.168	165.1188	2.554083	4.735688
3354	-3138.403	-3303.109	164.7056	2.225182	5.109027
3360	-3135.451	-3300.231	164.7792	2.135051	5.109027
3366	-3135.4	-3300.445	165.0452	2.247407	4.910416
3372	-3130.683	-3295.756	165.0731	2.212929	4.910416
3378	-3128.129	-3293.276	165.1469	2.203729	4.873482
3384	-3142.977	-3307.936	164.9596	2.269934	4.947977
3390	-3137.932	-3303.176	165.244	2.13582	4.85031
3396	-3144.098	-3309.475	165.3764	2.188901	4.752127
3402	-3139.555	-3304.836	165.2805	2.341378	4.737367
3408	-3148.147	-3313.5	165.3531	2.250358	4.737367
3414	-3144.493	-3309.579	165.0867	2.240683	4.890344
3420	-3136.093	-3300.923	164.8305	2.230139	5.037515
3426	-3143.843	-3308.667	164.8238	2.238511	5.037515
3432	-3142.422	-3307.121	164.6991	2.270258	5.092526
3438	-3140.237	-3305.055	164.8182	2.061822	5.121066
3444	-3139.9	-3304.461	164.5609	2.379523	5.121066
3450	-3141.17	-3305.637	164.4674	2.321653	5.198109
3456	-3129.275	-3294.641	165.3658	2.542858	4.602114
3462	-3136.333	-3301.312	164.9797	2.086579	5.02
3468	-3132.927	-3297.652	164.7248	2.24988	5.087353
3474	-3141.008	-3305.691	164.6835	2.371233	5.056678
3480	-3137.188	-3302.079	164.891	2.113917	5.056678
3486	-3139.879	-3304.336	164.4564	2.370776	5.182767
3492	-3141.662	-3306.993	165.3309	2.263105	4.74405
3498	-3137.336	-3302.647	165.3106	2.0695	4.843812
3504	-3133.594	-3298.76	165.1658	2.669887	4.660746
3510	-3129.576	-3294.157	164.5813	2.239732	5.171377
3516	-3150.626	-3315.474	164.8478	2.575359	4.877914
3522	-3149.416	-3313.893	164.4767	2.297046	5.203809
3528	-3142.503	-3307.515	165.0115	2.176245	4.961288
3534	-3142.308	-3307.787	165.4786	2.522885	4.547338
3540	-3137.438	-3302.121	164.6833	2.479896	5.009933
3546	-3135.562	-3300.405	164.843	2.645086	4.851405
3552	-3133.126	-3297.932	164.8054	2.173423	5.077034
3558	-3139.186	-3304.027	164.8414	2.129566	5.077034
3564	-3135.684	-3300.4	164.716	2.335087	5.054475
3570	-3136.909	-3301.711	164.8025	2.232208	5.05211
3576	-3140.982	-3305.857	164.875	2.288421	4.986824
3582	-3131.418	-3296.09	164.6719	2.329399	5.081424
3588	-3147.005	-3311.738	164.7329	2.327866	5.04829
3594	-3138.383	-3303.914	165.5313	2.442576	4.552434
3600	-3129.905	-3294.706	164.8003	2.223496	5.057246
3606	-3133.496	-3298.544	165.0478	2.35926	4.859363
3612	-3140.755	-3305.582	164.8267	2.187171	5.058956
3618	-3131.696	-3296.584	164.8889	2.111446	5.058956
3624	-3127.407	-3292.804	165.3968	2.315263	4.683898
3630	-3134.941	-3300.104	165.163	2.131606	4.897371
3636	-3137.359	-3301.727	164.3686	2.400688	5.218364
3642	-3128.277	-3293.057	164.7798	2.598447	4.906081
3648	-3129.946	-3294.889	164.9429	2.598447	4.815162
3654	-3130.373	-3295.497	165.1231	2.364241	4.815162
3660	-3137.706	-3302.145	164.4394	2.268061	5.237229
3666	-3133.433	-3298.702	165.2694	2.187703	4.812444
3672	-3138.542	-3303.578	165.0364	2.119489	4.973361
3678	-3138.069	-3302.642	164.5731	2.43878	5.08871
3684	-3138.223	-3303.364	165.1403	2.437428	4.773637
3690	-3135.33	-3300.422	165.0925	2.410825	4.811877
3696	-3132.12	-3296.747	164.6275	2.303566	5.117453
3702	-3137.689	-3302.513	164.8238	2.07243	5.113059
3708	-3133.801	-3298.273	164.4722	2.601836	5.075624
3714	-3135.304	-3300.417	165.1136	2.51304	4.756045
3720	-3124.799	-3289.97	165.1711	2.335839	4.800886
3726	-3130.571	-3295.341	164.77	2.574408	4.921629
3732	-3130.987	-3296.39	165.4037	2.381463	4.650759
3738	-3132.605	-3297.465	164.86	2.381463	4.954222
3744	-3128.025	-3292.976	164.951	2.453157	4.87244
3750	-3128.588	-3293.198	164.6105	2.473352	5.053139
3756	-3134.76	-3299.136	164.3758	2.404652	5.212647
3762	-3155.677	-3320.033	164.3556	2.756892	5.076555
3768	-3148.553	-3313.281	164.7273	2.271	5.076555
3774	-3139.629	-3304.553	164.9242	2.314839	4.947772
3780	-3141.28	-3306.08	164.7993	2.474438	4.947772
3786	-3146.377	-3310.993	164.6161	2.290851	5.1294
3792	-3141.464	-3306.252	164.788	2.429493	4.973403
3798	-3146.122	-3311.079	164.9572	2.216161	4.973403
3804	-3138.696	-3303.426	164.7302	2.333411	5.047334
3810	-3133.141	-3297.896	164.7547	2.302618	5.047334
3816	-3136.967	-3301.735	164.7683	2.257884	5.05962
3822	-3140.318	-3305.633	165.3146	2.362688	4.708866
3828	-3151.435	-3315.823	164.3881	2.841998	5.024276
3834	-3148.074	-3313.402	165.3271	2.316978	4.722132
3840	-3144.089	-3309.406	165.3164	2.315077	4.728926
3846	-3148.334	-3313.228	164.8947	2.630451	4.828667
3852	-3143.785	-3308.339	164.5541	2.348795	5.138238
3858	-3142.433	-3306.987	164.5541	2.348795	5.138238
3864	-3142.617	-3307.81	165.1929	2.09249	4.898736
3870	-3141.523	-3306.499	164.9755	2.09249	5.019646
3876	-3135.987	-3301.155	165.1674	2.371832	4.787153
3882	-3138.731	-3303.836	165.1051	2.351692	4.830761
3888	-3147.845	-3312.471	164.6266	2.690285	4.953226
3894	-3137.515	-3302.152	164.6374	2.58076	4.992684
3900	-3149.653	-3314.607	164.9542	2.082268	5.036166
3906	-3152.741	-3317.347	164.6056	2.319778	5.122458
3912	-3147.719	-3312.513	164.7941	2.132799	5.101766
3918	-3150.34	-3315.497	165.1567	2.160586	4.887606
3924	-3137.412	-3302.367	164.9551	2.29641	4.938709
3930	-3136.428	-3301.597	165.1688	2.332641	4.803606
3936	-3140.403	-3305.147	164.7443	2.275179	5.065242
3942	-3133.341	-3298.268	164.9275	2.292927	4.955633
3948	-3143.127	-3308.042	164.9148	2.308816	4.955633
3954	-3141.277	-3306.135	164.858	2.444428	4.927994
3960	-3141.294	-3306.63	165.3353	2.188613	4.775206
3966	-3153.634	-3317.756	164.1217	2.250248	5.420468
3972	-3151.282	-3315.205	163.9236	2.216089	5.544608
3978	-3138.428	-3302.885	164.457	2.403407	5.168237
3984	-3141.601	-3306.499	164.898	2.392696	4.928172
3990	-3137.497	-3302.358	164.8611	2.04594	5.104637
3996	-3132.024	-3296.854	164.8301	2.110689	5.091962
4002	-3143.925	-3308.834	164.9095	2.404078	4.916827
4008	-3137.169	-3302.185	165.0161	2.269307	4.916827
4014	-3145.744	-3310.533	164.7885	2.092907	5.123176
4020	-3135.823	-3300.273	164.4497	2.125954	5.295394
4026	-3146.153	-3310.568	164.4147	2.16866	5.295394
4032	-3145.902	-3310.528	164.6256	2.427734	5.064342
4038	-3142.273	-3306.604	164.3309	2.049163	5.396156
4044	-3144.742	-3309.221	164.479	2.30481	5.199126
4050	-3141.377	-3306.196	164.8199	2.309472	5.008098
4056	-3142.444	-3307.565	165.121	2.309472	4.840531
4062	-3141.634	-3306.901	165.2669	2.227005	4.796009
4068	-3134.82	-3299.73	164.9101	2.131854	5.037866
4074	-3145.776	-3310.96	165.1835	2.13727	4.883362
4080	-3132.38	-3297.153	164.7726	2.064496	5.145092
4086	-3135.435	-3300.005	164.5695	2.313703	5.145092
4092	-3145.362	-3309.87	164.5075	2.091399	5.279302
4098	-3142.434	-3307.399	164.9658	2.333387	4.916403
4104	-3147.032	-3312.202	165.1703	2.57918	4.696218
4110	-3139.368	-3304.143	164.7757	2.57918	4.916478
4116	-3142.633	-3307.696	165.0628	2.137738	4.950318
4122	-3132.828	-3297.924	165.0962	2.454938	4.790731
4128	-3137.217	-3301.084	163.8673	2.369989	5.508046
4134	-3140.999	-3306.204	165.2052	2.369989	4.766805
4140	-3132.491	-3296.929	164.4382	2.369989	5.193169
4146	-3136.383	-3300.803	164.4197	2.386322	5.196278
4152	-3149.027	-3314.048	165.021	1.910514	5.079851
4158	-3141.725	-3306.241	164.5153	2.160288	5.243585
4164	-3130.439	-3295.156	164.7175	2.456138	5.001116
4170	-3140.122	-3304.83	164.7072	2.002509	5.210104
4176	-3137.635	-3302.207	164.5716	2.349472	5.128271
4182	-3151.285	-3316.385	165.0998	2.527666	4.757499
4188	-3141.624	-3306.756	165.1324	2.485074	4.757499
4194	-3132.249	-3297.168	164.9182	2.261889	4.974593
4200	-3133.679	-3298.661	164.9818	2.319514	4.913653
4206	-3144.17	-3309.064	164.8936	1.98161	5.116744
4212	-3126.239	-3291.109	164.8694	2.42189	4.931404
4218	-3128.922	-3294.269	165.3471	2.533553	4.616579
4224	-3137.793	-3303.297	165.5035	2.332194	4.616579
4230	-3140.609	-3305.292	164.6828	2.25496	5.108353
4236	-3150.009	-3314.423	164.4143	2.362581	5.209614
4242	-3145.46	-3309.874	164.4143	2.362581	5.209614
4248	-3144.189	-3308.657	164.4678	2.294981	5.209614
4254	-3147.744	-3312.475	164.7313	2.219497	5.097304
4260	-3146.5	-3311.345	164.8454	2.174822	5.054189
4266	-3134.531	-3299.257	164.7257	2.247046	5.088115
4272	-3136.863	-3302.068	165.2048	2.23034	4.829152
4278	-3144.703	-3309.698	164.9952	2.195077	4.961839
4284	-3140.185	-3305.088	164.9027	2.309945	4.961839
4290	-3145.403	-3310.344	164.9407	2.262423	4.961839
4296	-3138.026	-3303.852	165.8257	2.178675	4.504957
4302	-3134.88	-3299.687	164.8069	2.217326	5.056371
4308	-3139.098	-3303.871	164.7727	2.164479	5.099199
4314	-3139.222	-3303.234	164.0118	2.480504	5.381167
4320	-3147.5	-3312.565	165.0647	2.052146	4.988748
4326	-3144.212	-3309.021	164.8087	2.429675	4.961822
4332	-3140.778	-3305.334	164.5564	2.532482	5.057995
4338	-3141.971	-3307.514	165.5422	2.51283	4.515929
4344	-3144.444	-3309.771	165.3269	2.225961	4.762989
4350	-3137.941	-3302.408	164.4664	2.550076	5.100499
4356	-3134.636	-3299.341	164.7047	2.245288	5.100499
4362	-3133.139	-3297.898	164.7585	2.10241	5.135428
4368	-3139.722	-3304.681	164.9583	2.102355	5.024653
4374	-3141.917	-3306.497	164.5799	2.208704	5.186047
4380	-3138.494	-3303.315	164.8208	2.169837	5.070097
4386	-3133.904	-3298.476	164.5725	2.214601	5.187494
4392	-3135.608	-3301.042	165.4342	2.200972	4.714352
4398	-3142.935	-3307.63	164.6952	2.345247	5.061561
4404	-3150.608	-3316.133	165.5245	2.175054	4.675598
4410	-3142.669	-3307.671	165.0019	2.130077	4.987693
4416	-3136.16	-3301.209	165.0492	2.227282	4.917268
4422	-3140.784	-3305.674	164.8901	2.672136	4.813922
4428	-3134.504	-3299.34	164.8361	2.178321	5.057745
4434	-3135.636	-3300.186	164.5498	2.354279	5.138245
4440	-3124.081	-3288.83	164.7489	2.354279	5.027808
4446	-3131.594	-3296.376	164.7816	2.336689	5.017355
4452	-3130.713	-3295.715	165.0027	2.385967	4.872821
4458	-3143.22	-3307.622	164.4016	2.467139	5.171571
4464	-3140.376	-3305.63	165.2539	2.153971	4.836493
4470	-3142.082	-3307.271	165.1889	2.233788	4.836493
4476	-3134.927	-3300.14	165.2128	2.1308	4.870007
4482	-3132.34	-3297.457	165.1166	2.098915	4.938228
4488	-3132.984	-3298.305	165.3215	2.082297	4.831815
4494	-3134.225	-3299.425	165.1997	1.977055	4.94896
4500	-3145.414	-3310.361	164.9468	2.517854	4.847111
4506	-3143.759	-3308.98	165.2211	2.170663	4.847111
4512	-3128.581	-3293.39	164.8089	2.363685	4.990395
4518	-3133.573	-3298.494	164.9217	2.29789	4.956638
4524	-3129.672	-3294.279	164.6076	2.219213	5.165977
4530	-3150.486	-3315.057	164.5704	2.389732	5.111384
4536	-3141.934	-3306.983	165.0486	2.252857	4.906072
4542	-3138.819	-3303.774	164.9547	2.492961	4.853321
4548	-3132.251	-3296.97	164.7182	2.287624	5.074179
4554	-3128.804	-3293.602	164.7981	2.188616	5.074179
4560	-3132.431	-3297.072	164.6406	2.369664	5.08116
4566	-3131.674	-3296.403	164.7289	2.369664	5.032176
4572	-3138.277	-3301.968	163.6908	2.319765	5.626802
4578	-3132.729	-3297.887	165.1574	2.057482	4.934769
4584	-3131.944	-3296.553	164.6089	2.098796	5.219851
4590	-3144.03	-3308.848	164.8182	2.195087	5.060095
4596	-3144.404	-3309.436	165.032	2.129438	4.971221
4602	-3145.418	-3310.679	165.2609	2.128696	4.844164
4608	-3141.719	-3306.785	165.0663	1.99486	5.014708
4614	-3143.71	-3308.302	164.5926	1.99486	5.27706
4620	-3127.446	-3292.595	165.1488	2.307495	4.82589
4626	-3134.783	-3300.288	165.5044	2.501911	4.54186
4632	-3136.418	-3301.372	164.9538	2.329422	4.924838
4638	-3137.587	-3302.457	164.8702	2.191275	5.032973
4644	-3138.079	-3303.034	164.9556	2.245407	4.961181
4650	-3146.251	-3311.106	164.8547	2.067471	5.098218
4656	-3139.611	-3304.437	164.8254	2.10266	5.098218
4662	-3131.86	-3296.558	164.6975	2.567014	4.965096
4668	-3146.299	-3310.968	164.6694	2.587683	4.972042
4674	-3141.942	-3306.244	164.3012	2.178237	5.353658
4680	-3144.935	-3309.455	164.5208	2.136969	5.251128
4686	-3145.103	-3310.019	164.9164	2.397962	4.915648
4692	-3145.21	-3309.457	164.2471	2.271814	5.341785
4698	-3127.792	-3292.179	164.3874	2.271814	5.2643
4704	-3130.272	-3294.713	164.4406	2.205907	5.2643
4710	-3125.256	-3289.91	164.6538	2.205907	5.146349
4716	-3137.892	-3302.349	164.4572	2.454114	5.146349
4722	-3132.439	-3297.266	164.8268	2.509226	4.917628
4728	-3140.054	-3305.212	165.1574	2.201269	4.868734
4734	-3150.384	-3315.613	165.2297	2.113139	4.868734
4740	-3146.227	-3310.537	164.3107	2.095971	5.385796
4746	-3149.391	-3314.287	164.8956	2.341624	4.951846
4752	-3146.788	-3311.792	165.004	2.551999	4.800693
4758	-3147.362	-3312.102	164.7395	2.201974	5.100678
4764	-3143.192	-3307.408	164.2159	2.456453	5.278791
4770	-3152.099	-3317.433	165.3345	2.456453	4.656781
4776	-3138.398	-3303.361	164.9632	2.51064	4.840998
4782	-3144.525	-3309.255	164.7303	2.302814	5.060756
4788	-3150.618	-3314.878	164.2604	2.681325	5.160103
4794	-3140.59	-3305.63	165.0399	2.050327	5.003386
4800	-3146.297	-3310.51	164.2129	2.149551	5.415311
4806	-3139.832	-3304.67	164.8383	2.194998	5.049023
4812	-3141.402	-3305.582	164.1801	2.26887	5.380012
4818	-3139.839	-3304.844	165.0049	2.642865	4.761992
4824	-3131.773	-3296.477	164.7035	2.395135	5.035209
4830	-3136.182	-3301.069	164.887	2.307939	4.971484
4836	-3139.843	-3304.402	164.5586	2.180295	5.210605
4842	-3148.119	-3312.669	164.5502	2.117927	5.243585
4848	-3145.311	-3310.45	165.139	2.096934	4.926674
4854	-3146.006	-3311.135	165.1294	2.315223	4.833283
4860	-3136.747	-3301.463	164.7162	2.264536	5.085579
4866	-3154.467	-3319.091	164.6235	2.488456	5.039439
4872	-3138.539	-3303.048	164.5095	2.465326	5.112551
4878	-3138.134	-3302.852	164.7181	2.201878	5.112551
4884	-3137.919	-3302.725	164.8057	2.467501	4.947194
4890	-3135.165	-3299.745	164.5799	2.257558	5.16418
4896	-3136.133	-3300.65	164.5177	2.335614	5.16418
4902	-3130.004	-3295.243	165.239	2.335614	4.763083
4908	-3134.165	-3299.213	165.0479	2.40699	4.838428
4914	-3138.116	-3303.224	165.1083	2.469339	4.777775
4920	-3135.5	-3299.878	164.3781	2.189298	5.306293
4926	-3141.473	-3305.961	164.4885	2.101144	5.285315
4932	-3136.042	-3301.233	165.1907	2.173129	4.862936
4938	-3124.742	-3289.699	164.9565	2.266469	4.951252
4944	-3133.721	-3299.007	165.2861	2.31239	4.747041
4950	-3129.466	-3294.979	165.5134	2.16691	4.685544
4956	-3137.475	-3302.728	165.2527	2.014843	4.901668
4962	-3133.167	-3297.741	164.5743	2.247202	5.171883
4968	-3131.173	-3295.853	164.6793	2.05438	5.201424
4974	-3135.68	-3299.711	164.031	2.004804	5.581705
4980	-3143.95	-3308.785	164.8348	2.207976	5.045083
4986	-3151.004	-3316.244	165.2406	2.172779	4.835302
4992	-3146.187	-3310.964	164.7768	2.113722	5.120074
4998	-3139.246	-3304.442	165.1969	2.249972	4.824762
5004	-3141.737	-3306.945	165.208	2.23616	4.824762
5010	-3148.479	-3313.896	165.4174	2.462154	4.607887
5016	-3139.281	-3304.725	165.4441	2.121238	4.745328
5022	-3137.774	-3303.403	165.6286	2.287084	4.566515
5028	-3135.061	-3299.659	164.5982	2.287084	5.140959
5034	-3135.139	-3299.438	164.2984	2.424887	5.246752
5040	-3142.758	-3307.561	164.8033	2.299712	5.02161
5046	-3127.996	-3292.526	164.5302	2.299712	5.173002
5052	-3128.875	-3293.226	164.3513	2.529296	5.173002
5058	-3134.751	-3299.3	164.5493	2.375224	5.1294
5064	-3141.744	-3306.353	164.6095	2.243127	5.154228
5070	-3134.094	-3298.3	164.2067	2.346805	5.331174
5076	-3132.505	-3297.112	164.6073	2.091432	5.224117
5082	-3125.946	-3291.059	165.1129	2.245646	4.87352
5088	-3133.137	-3298.136	164.9995	2.375525	4.879154
5094	-3141.29	-3305.904	164.614	1.970388	5.276736
5100	-3129.64	-3294.344	164.7039	2.377396	5.042707
5106	-3136.106	-3300.842	164.7365	2.440889	4.997065
5112	-3134.341	-3299.365	165.0233	2.120427	4.980192
5118	-3155.858	-3320.624	164.7661	2.277934	5.051922
5124	-3134.279	-3299.236	164.9574	2.0445	5.051922
5130	-3131.518	-3296.441	164.9234	2.183881	5.006777
5136	-3135.394	-3299.694	164.2996	2.07665	5.400788
5142	-3142.317	-3306.352	164.0348	2.404858	5.400788
5148	-3148.984	-3313.799	164.8149	2.367707	4.985294
5154	-3137.535	-3301.663	164.1271	2.492216	5.312594
5160	-3136.243	-3300.611	164.3674	2.188329	5.312594
5166	-3138.284	-3303.398	165.1137	2.191105	4.897658
5172	-3133.5	-3298.188	164.6879	2.314335	5.079213
5178	-3120.208	-3285.024	164.8163	2.168918	5.073044
5184	-3129.837	-3294.337	164.5002	2.339139	5.1723
5190	-3131.284	-3296.085	164.8007	2.350685	5.000641
5196	-3130.264	-3295.123	164.8583	2.278114	5.000641
5202	-3129.451	-3294.44	164.9892	2.117212	5.000641
5208	-3128.966	-3294.185	165.2183	2.36394	4.762189
5214	-3137.065	-3301.483	164.4184	2.597224	5.107372
5220	-3140.728	-3305.48	164.7515	2.638553	4.905088
5226	-3141.583	-3306.535	164.9522	2.636847	4.79391
5232	-3133.412	-3298.175	164.763	2.347839	5.022807
5238	-3132.505	-3297.624	165.118	2.168198	4.905686
5244	-3136.529	-3301	164.471	2.444085	5.142976
5250	-3123.917	-3288.982	165.065	2.417428	4.824341
5256	-3130.623	-3295.171	164.5479	2.202634	5.206447
5262	-3125.374	-3290.442	165.0685	2.367664	4.84415
5268	-3143.861	-3308.948	165.0865	2.02316	4.990207
5274	-3150.196	-3315.207	165.0112	2.35213	4.88291
5280	-3150.588	-3315.415	164.8276	2.272341	5.020283
5286	-3145.941	-3310.769	164.8276	2.272341	5.020283
5292	-3137.845	-3302.679	164.8345	2.169231	5.062777
5298	-3138.529	-3303.332	164.8027	2.397475	4.979068
5304	-3139.524	-3303.727	164.2029	2.325368	5.342633
5310	-3137.205	-3301.992	164.7869	2.409894	4.982493
5316	-3131.332	-3296.381	165.0486	2.401528	4.840453
5322	-3134.756	-3299.248	164.4917	2.294751	5.19651
5328	-3141.502	-3306.558	165.0562	2.438838	4.820021
5334	-3138.636	-3303.211	164.5742	2.209757	5.188684
5340	-3132.252	-3297.836	165.5841	2.503464	4.496407
5346	-3137.7	-3302.719	165.0193	2.285099	4.907987
5352	-3136.365	-3300.755	164.39	2.043721	5.366134
5358	-3146.764	-3311.581	164.8171	2.202163	5.057511
5364	-3137.162	-3301.97	164.8074	2.102294	5.108361
5370	-3143.604	-3308.261	164.6572	2.294583	5.104925
5376	-3146.429	-3311.625	165.1961	2.228945	4.834666
5382	-3130.482	-3295.366	164.8843	2.257552	4.99538
5388	-3129.996	-3295.005	165.0095	2.493328	4.822618
5394	-3132.577	-3297.33	164.7524	2.253381	5.070488
5400	-3129.813	-3294.965	165.1528	2.10944	4.913215
5406	-3138.947	-3303.673	164.7266	2.313352	5.058168
5412	-3142.486	-3306.809	164.3236	2.19126	5.335459
5418	-3137.183	-3302.489	165.3058	2.205605	4.783984
5424	-3133.911	-3299.109	165.1984	2.349213	4.779787
5430	-3130.749	-3295.571	164.8218	2.292056	5.014759
5436	-3137.951	-3303.47	165.5192	2.388546	4.582845
5442	-3143.269	-3308.764	165.495	2.354621	4.611417
5448	-3156.536	-3320.868	164.332	2.325663	5.271211
5454	-3156.733	-3321.496	164.7638	2.268177	5.05757
5460	-3147.19	-3312.754	165.5632	2.132859	4.673326
5466	-3152.168	-3316.28	164.1115	2.329806	5.391076
5472	-3146.178	-3310.626	164.4479	2.187094	5.268718
5478	-3145.063	-3308.915	163.8519	2.026166	5.670088
5484	-3150.971	-3315.659	164.6874	2.318132	5.077789
5490	-3141.312	-3306.314	165.0016	2.301314	4.910673
5496	-3123.848	-3288.925	165.0765	2.301314	4.868929
5502	-3127.788	-3292.451	164.6635	2.211521	5.138503
5508	-3131.698	-3295.969	164.2701	2.371711	5.285344
5514	-3127.274	-3292.576	165.3021	2.541784	4.638303
5520	-3132.913	-3296.839	163.9255	2.374204	5.474189
5526	-3130.884	-3295.945	165.0614	2.265236	4.893426
5532	-3130.77	-3295.485	164.7154	2.265236	5.085675
5538	-3129.875	-3295.114	165.2384	2.270142	4.79254
5544	-3139.773	-3304.829	165.056	2.502912	4.79254
5550	-3152.108	-3316.654	164.5456	2.247932	5.187441
5556	-3145.451	-3309.954	164.5034	2.247932	5.21082
5562	-3134.117	-3298.98	164.8633	2.274316	4.999582
5568	-3135.821	-3301.049	165.2281	2.131505	4.861138
5574	-3137.715	-3302.334	164.6193	2.173785	5.179937
5580	-3136.114	-3301.455	165.3413	2.167516	4.781517
5586	-3135.902	-3300.813	164.9111	2.029926	5.084377
5592	-3138.867	-3303.643	164.7765	2.192645	5.084377
5598	-3144.958	-3309.937	164.9793	2.111215	5.008892
5604	-3137.369	-3302.508	165.139	2.308214	4.831066
5610	-3125.775	-3291.013	165.2381	2.185178	4.831066
5616	-3143.432	-3308.612	165.1799	2.555423	4.700922
5622	-3132.849	-3298.166	165.3166	2.330247	4.722085
5628	-3130.092	-3294.989	164.8966	2.330247	4.956296
5634	-3138.852	-3304.471	165.6192	2.489969	4.482471
5640	-3132.16	-3296.832	164.6713	2.516556	5.000934
5646	-3138.566	-3303.793	165.2277	2.269737	4.798687
5652	-3140.221	-3305.281	165.0606	2.31484	4.871823
5658	-3158.27	-3322.864	164.5941	2.463822	5.066324
5664	-3148.92	-3313.64	164.7192	2.130771	5.144171
5670	-3155.184	-3319.997	164.8128	2.436862	4.956412
5676	-3147.505	-3312.177	164.6718	2.621777	4.956412
5682	-3148.048	-3312.972	164.9238	2.539553	4.850676
5688	-3131.911	-3296.902	164.9916	2.334579	4.901502
5694	-3142.397	-3306.983	164.5852	2.256971	5.161508
5700	-3137.481	-3302.415	164.9339	2.18283	5.001415
5706	-3141.053	-3305.567	164.5143	2.18283	5.233973
5712	-3138.533	-3303.047	164.5143	2.18283	5.233973
5718	-3140.756	-3305.782	165.0264	2.458438	4.828149
5724	-3132.395	-3297.328	164.9332	2.354448	4.925287
5730	-3142.951	-3307.899	164.9473	2.1739	4.998039
5736	-3137.366	-3303.003	165.6368	2.443598	4.492669
5742	-3134.471	-3299.258	164.7871	2.087783	5.126297
5748	-3144.582	-3309.414	164.8321	2.160583	5.068036
5754	-3138.374	-3303.18	164.8058	2.231517	5.050588
5760	-3138.013	-3302.473	164.4603	2.050657	5.324118
5766	-3134.603	-3299.685	165.0818	2.350625	4.844202
5772	-3134.957	-3300.394	165.4369	2.181404	4.721717
5778	-3135.579	-3299.975	164.3955	2.586979	5.124334
5784	-3132.543	-3297.646	165.1039	2.421364	4.800954
5790	-3135.587	-3300.769	165.1822	2.321696	4.800954
5796	-3133.667	-3298.786	165.1192	2.386239	4.807748
5802	-3131.958	-3296.613	164.6548	2.54166	4.999499
5808	-3136.98	-3301.769	164.7883	2.368986	4.999499
5814	-3150.616	-3315.366	164.7503	2.417597	4.999499
5820	-3142.921	-3307.512	164.591	2.518216	5.04483
5826	-3144.225	-3309.053	164.8276	2.21747	5.04483
5832	-3149.461	-3313.755	164.2948	2.342574	5.284381
5838	-3147.549	-3311.833	164.2846	2.301653	5.30795
5844	-3158.728	-3323.156	164.4283	2.081964	5.327333
5850	-3147.207	-3311.091	163.8847	2.207727	5.569705
5856	-3146.491	-3311.237	164.7452	2.106762	5.140801
5862	-3142.101	-3306.967	164.8658	2.22621	5.019684
5868	-3140.81	-3305.464	164.6537	2.217217	5.141324
5874	-3132.799	-3297.919	165.1203	2.291438	4.8489
5880	-3149.998	-3314.664	164.6665	2.472505	5.022379
5886	-3140.51	-3305.275	164.7649	2.146146	5.111855
5892	-3147.669	-3312.152	164.4834	2.368474	5.16881
5898	-3138.979	-3304.352	165.3727	2.621207	4.565066
5904	-3138.675	-3303.472	164.7971	2.516436	4.931064
5910	-3146.625	-3311.714	165.0896	2.525591	4.764103
5916	-3156.166	-3321.24	165.0735	2.434259	4.812324
5922	-3138.796	-3303.902	165.1059	2.304968	4.850937
5928	-3137.304	-3301.797	164.4923	2.304968	5.191662
5934	-3133.564	-3298.113	164.5495	2.304968	5.160018
5940	-3138.674	-3303.866	165.1916	2.295288	4.80742
5946	-3143.217	-3308.319	165.1026	2.510417	4.763309
5952	-3135.144	-3300.107	164.9632	2.457142	4.863968
5958	-3128.284	-3293.247	164.9632	2.457142	4.863968
5964	-3143.757	-3308.927	165.1703	2.471134	4.742339
5970	-3155.084	-3319.65	164.5669	2.479581	5.074642
5976	-3157.271	-3321.849	164.5785	2.304378	5.144233
5982	-3150.656	-3314.673	164.0173	2.340624	5.43825
5988	-3145.026	-3310.09	165.0644	2.528149	4.777086
5994	-3159.913	-3324.681	164.7687	2.154378	5.106009
6000	-3138.565	-3302.635	164.07	2.246237	5.450679
6006	-3133.151	-3297.999	164.8482	2.25963	5.014515
6012	-3147.405	-3312.478	165.0736	2.246802	4.894916
6018	-3128.871	-3293.644	164.7731	2.235776	5.066849
6024	-3140.909	-3306.075	165.166	2.138624	4.892485
6030	-3134.945	-3300.032	165.0878	2.453105	4.796194
6036	-3137.217	-3301.946	164.7292	2.267098	5.077225
6042	-3142.349	-3307.728	165.3784	2.027672	4.825595
6048	-3128.279	-3293.174	164.8945	2.19472	5.017959
6054	-3144.087	-3308.795	164.708	2.429194	5.017959
6060	-3144.644	-3309.248	164.6043	2.119775	5.212833
6066	-3149.933	-3314.777	164.8445	2.036246	5.11838
6072	-3147.111	-3312.023	164.9112	1.957479	5.11838
6078	-3135.697	-3300.318	164.6204	2.237021	5.150897
6084	-3144.28	-3308.692	164.4129	2.041852	5.354347
6090	-3141.214	-3306.324	165.11	2.234098	4.880342
6096	-3146.878	-3311.647	164.7689	2.151048	5.107441
6102	-3154.17	-3318.961	164.7904	2.300025	5.028653
6108	-3141.425	-3306.317	164.8929	2.099027	5.062486
6114	-3145.55	-3310.42	164.8699	2.125849	5.062906
6120	-3145.809	-3310.609	164.8006	2.228438	5.054856
6126	-3151.177	-3316.253	165.0754	2.307419	4.866857
6132	-3148.784	-3314.007	165.223	2.22046	4.82345
6138	-3157.292	-3321.901	164.609	2.300275	5.129164
6144	-3134.967	-3299.062	164.0956	2.365364	5.384376
6150	-3143.531	-3308.656	165.1246	2.054614	4.954337
6156	-3141.593	-3307.136	165.5429	1.84281	4.822262
6162	-3135.982	-3301.125	165.1427	2.599713	4.703024
6168	-3130.866	-3295.949	165.0832	2.315007	4.859167
6174	-3131.686	-3296.809	165.1223	2.265922	4.859167
6180	-3126.765	-3292.13	165.3648	2.378224	4.673933
6186	-3124.66	-3289.577	164.9173	2.244304	4.982943
6192	-3138.28	-3302.668	164.3882	2.244304	5.276113
6198	-3141.848	-3306.282	164.4346	2.177036	5.280619
6204	-3136.731	-3301.341	164.6101	2.214314	5.166799
6210	-3133.65	-3298.336	164.6862	2.121305	5.166799
6216	-3133.806	-3298.313	164.5069	2.022388	5.311518
6222	-3126.036	-3290.365	164.3299	2.022388	5.409143
6228	-3131.376	-3295.665	164.2895	2.415437	5.255705
6234	-3132.371	-3297.09	164.719	2.415437	5.017788
6240	-3136.531	-3301.397	164.8658	2.324025	4.976166
6246	-3149.792	-3314.777	164.9853	2.455668	4.852253
6252	-3136.903	-3302.202	165.2994	2.190782	4.794288
6258	-3140.709	-3305.983	165.2742	2.358094	4.733498
6264	-3136.939	-3302.418	165.4795	2.487157	4.562199
6270	-3135.256	-3300.278	165.022	2.647546	4.750487
6276	-3141.73	-3307.072	165.342	2.234961	4.750487
6282	-3154.368	-3319.734	165.3667	1.923741	4.881391
6288	-3143.95	-3308.531	164.5807	2.337052	5.128645
6294	-3142.593	-3307.468	164.8749	2.290641	4.985864
6300	-3143.025	-3308.458	165.4325	1.978181	4.818738
6306	-3139.823	-3304.769	164.9463	1.9809	5.087868
6312	-3144.376	-3308.817	164.4408	2.11476	5.305462
6318	-3142.403	-3306.442	164.0398	2.175733	5.498774
6324	-3148.958	-3313.417	164.4589	2.175733	5.26778
6330	-3150.124	-3314.258	164.1341	2.102826	5.479883
6336	-3139.304	-3303.96	164.6562	2.182	5.155834
6342	-3139.307	-3304.147	164.8392	2.448312	4.936782
6348	-3140.951	-3305.865	164.9144	2.166001	5.019916
6354	-3136.809	-3301.704	164.8956	2.189008	5.019916
6360	-3149.513	-3314.426	164.9134	2.381104	4.924623
6366	-3142.011	-3306.429	164.4187	2.485436	5.154256
6372	-3139.683	-3304.532	164.8497	2.485436	4.915001
6378	-3134.252	-3299.268	165.0161	2.357518	4.877791
6384	-3143.137	-3308.155	165.0188	2.35406	4.877791
6390	-3140.907	-3305.595	164.688	2.35406	5.061686
6396	-3137.991	-3302.672	164.6816	2.35406	5.065254
6402	-3135.619	-3299.965	164.3461	2.288281	5.27984
6408	-3147.197	-3311.962	164.7652	2.029824	5.165255
6414	-3152.745	-3317.826	165.0813	2.040573	4.984959
6420	-3142.051	-3307.106	165.0548	2.37199	4.849889
6426	-3138.878	-3303.462	164.584	2.291602	5.14684
6432	-3126.489	-3291.295	164.8062	2.113123	5.104074
6438	-3135.756	-3300.263	164.5071	1.95877	5.341212
6444	-3131.841	-3296.007	164.1657	2.184603	5.425477
6450	-3131.207	-3295.631	164.4241	2.18931	5.280893
6456	-3132.839	-3297.985	165.1452	2.464633	4.759176
6462	-3149.449	-3314.169	164.7206	2.071578	5.170595
6468	-3139.877	-3305.189	165.3116	2.501396	4.650261
6474	-3148.824	-3314.101	165.277	2.488112	4.675339
6480	-3146.851	-3312.298	165.4473	2.053989	4.774778
6486	-3143.348	-3308.012	164.6642	2.299772	5.098779
6492	-3131.214	-3295.518	164.3046	2.171609	5.354785
6498	-3137.018	-3301.522	164.5046	2.049799	5.300092
6504	-3142.544	-3307.588	165.0444	2.657089	4.733994
6510	-3140.334	-3305.752	165.4185	2.177054	4.733994
6516	-3134.582	-3298.533	163.9515	2.445548	5.429243
6522	-3137.454	-3301.472	164.0183	2.315545	5.448632
6528	-3141.742	-3306.213	164.4713	2.417524	5.154264
6534	-3141.879	-3306.046	164.1671	2.413707	5.324055
6540	-3140.02	-3304.188	164.168	2.497531	5.287779
6546	-3139.982	-3304.689	164.7068	2.4567	5.006808
6552	-3137.324	-3302.209	164.8852	2.230944	5.006808
6558	-3141.884	-3306.179	164.2955	2.163102	5.363671
6564	-3139.305	-3303.805	164.5006	2.147707	5.257434
6570	-3150.532	-3315.583	165.0504	2.499442	4.797149
6576	-3140.435	-3305.43	164.9956	2.571468	4.797149
6582	-3144.38	-3309.394	165.0139	2.10766	4.991295
6588	-3134.458	-3299.578	165.1201	2.235264	4.874183
6594	-3141.266	-3306.749	165.4835	2.212907	4.681352
6600	-3136.653	-3302.012	165.359	2.212907	4.750967
6606	-3142.132	-3306.948	164.8156	2.5399	4.910811
6612	-3145.674	-3310.508	164.8341	2.304883	5.002234
6618	-3133.65	-3298.55	164.8995	2.223337	5.002234
6624	-3140.951	-3306.112	165.1609	2.440211	4.760922
6630	-3141.264	-3306.581	165.3165	2.243463	4.760922
6636	-3133.447	-3298.408	164.9607	2.381045	4.898338
6642	-3135.675	-3300.933	165.2582	2.201785	4.812281
6648	-3131.534	-3296.66	165.1266	2.366465	4.812281
6654	-3139.196	-3303.666	164.4706	2.184377	5.257397
6660	-3141.333	-3306.022	164.6889	2.204915	5.127391
6666	-3135.632	-3300.196	164.5648	2.558736	5.042268
6672	-3149.948	-3315.202	165.2546	2.316778	4.762718
6678	-3157.269	-3322.133	164.8644	2.343014	4.968563
6684	-3152.506	-3317.413	164.9073	2.406382	4.917011
6690	-3140.983	-3305.89	164.9073	2.406382	4.917011
6696	-3144.069	-3308.996	164.927	2.15774	5.016666
6702	-3142.555	-3306.898	164.3436	2.870177	5.037725
6708	-3139.883	-3305.37	165.4878	2.886743	4.391007
6714	-3144.343	-3309.656	165.313	2.616348	4.600643
6720	-3130.955	-3295.822	164.8664	2.505723	4.897048
6726	-3145.428	-3309.986	164.5582	2.25692	5.176497
6732	-3142.677	-3307.417	164.7395	2.588702	4.9326
6738	-3143.515	-3308.494	164.9782	2.580924	4.802873
6744	-3136.154	-3301.251	165.0966	2.391064	4.818202
6750	-3140.016	-3305.169	165.1527	2.391064	4.786938
6756	-3145.095	-3310.123	165.028	2.552809	4.786938
6762	-3149.12	-3313.598	164.4784	2.248775	5.224277
6768	-3144.278	-3309.24	164.9616	2.224198	4.967354
6774	-3148.889	-3313.485	164.5964	2.340507	5.118452
6780	-3135.764	-3300.828	165.0638	2.351089	4.854058
6786	-3148.228	-3313.304	165.0761	2.335499	4.854058
6792	-3147.48	-3312.283	164.8032	2.451342	4.955541
6798	-3146.15	-3310.355	164.2049	2.18141	5.405331
6804	-3142.35	-3306.72	164.37	2.209317	5.301785
6810	-3137.024	-3301.879	164.855	2.359483	4.966575
6816	-3143.404	-3307.977	164.5733	2.408562	5.1016
6822	-3138.885	-3303.586	164.7008	2.738104	4.892312
6828	-3152.392	-3317.084	164.6921	2.47608	5.006625
6834	-3138.572	-3303.455	164.883	2.134356	5.051749
6840	-3138.033	-3303.111	165.0784	2.125423	4.947283
6846	-3139.655	-3304.503	164.8488	2.158073	5.059893
6852	-3137.241	-3302.437	165.1968	2.309708	4.798141
6858	-3142.841	-3307.997	165.1553	2.059262	4.935066
6864	-3141.602	-3306.427	164.8248	2.092071	5.103423
6870	-3134.801	-3300.194	165.393	2.092071	4.787368
6876	-3147.757	-3313.056	165.2989	2.206687	4.787368
6882	-3144.987	-3309.897	164.9101	2.306398	4.959318
6888	-3147.258	-3312.227	164.9695	2.294699	4.931441
6894	-3138.728	-3303.841	165.1135	2.269148	4.86264
6900	-3151.115	-3315.851	164.7357	2.317353	5.05134
6906	-3134.287	-3299.637	165.35	2.652531	4.564698
6912	-3124.835	-3289.546	164.7116	2.349668	5.050525
6918	-3137.754	-3302.275	164.5216	2.499619	5.091259
6924	-3133.515	-3298.747	165.2322	2.293313	4.785686
6930	-3158.268	-3323.11	164.8425	2.539201	4.896157
6936	-3144.632	-3309.796	165.1639	1.899633	5.005774
6942	-3133.546	-3298.435	164.8897	1.895939	5.15959
6948	-3145.946	-3311.167	165.221	1.897281	4.97514
6954	-3153.591	-3318.872	165.2807	2.060033	4.864913
6960	-3156.023	-3320.626	164.6036	2.118221	5.213928
6966	-3144.848	-3309.235	164.3872	2.387126	5.213928
6972	-3149.936	-3314.668	164.7319	2.0889	5.156374
6978	-3147.307	-3311.975	164.6689	2.22718	5.12847
6984	-3144.72	-3309.246	164.5258	2.404754	5.129557
6990	-3132.481	-3296.951	164.4694	2.252475	5.22757
6996	-3141.254	-3305.597	164.3432	2.494675	5.192136
7002	-3148.772	-3313.619	164.8469	2.381395	4.96154
7008	-3128.808	-3293.638	164.8299	2.501544	4.919163
7014	-3134.245	-3299.369	165.1236	2.353512	4.819613
7020	-3149.818	-3314.671	164.8536	2.227427	5.025897
7026	-3140.429	-3305.448	165.0196	2.366568	4.871851
7032	-3131.807	-3297.14	165.3325	2.154068	4.792589
7038	-3139.897	-3305.098	165.2005	2.549018	4.692132
7044	-3146.151	-3310.672	164.5209	2.299151	5.178424
7050	-3142.542	-3307.707	165.1647	2.358897	4.794323
7056	-3137.199	-3301.751	164.5525	2.364736	5.132169
7062	-3139.487	-3304.384	164.8966	2.444862	4.906342
7068	-3129.608	-3294.487	164.8793	2.423134	4.925376
7074	-3143.792	-3308.848	165.056	2.200855	4.925376
7080	-3135.006	-3300.013	165.0073	2.346631	4.887474
7086	-3128.31	-3293.017	164.7068	2.285251	5.081606
7092	-3134.09	-3299.011	164.9204	2.193161	5.004269
7098	-3135.27	-3299.932	164.662	2.231068	5.13056
7104	-3142.029	-3306.758	164.7297	2.088122	5.157936
7110	-3137.134	-3302.74	165.6061	2.12972	4.650764
7116	-3139.404	-3304.535	165.1304	2.362944	4.811669
7122	-3139.867	-3304.596	164.7291	2.060576	5.170993
7128	-3152.077	-3316.68	164.6033	2.060576	5.240547
7134	-3140.006	-3304.834	164.8278	2.528163	4.909018
7140	-3139.851	-3304.678	164.8278	2.528163	4.909018
7146	-3139.571	-3304.243	164.6721	2.258814	5.112584
7152	-3144.82	-3310.327	165.5078	1.912438	4.808145
7158	-3143.005	-3308.224	165.2193	2.259113	4.808145
7164	-3148.859	-3313.953	165.0943	2.060071	4.968642
7170	-3139.803	-3304.452	164.65	2.243608	5.131607
7176	-3131.277	-3296.105	164.8284	2.243608	5.032657
7182	-3132.433	-3297.214	164.7819	2.540277	4.929426
7188	-3125.808	-3290.438	164.6296	2.539317	5.014503
7194	-3131.197	-3295.441	164.2441	2.468271	5.258193
7200	-3134.25	-3298.443	164.1929	2.370992	5.32823
7206	-3130.814	-3295.418	164.604	2.1253	5.210476
7212	-3121.51	-3286.161	164.6516	2.274688	5.116872
7218	-3129.27	-3294.43	165.1601	2.368123	4.792834
7224	-3135.204	-3300.089	164.8849	2.321936	4.966461
7230	-3138.517	-3302.592	164.0751	2.360256	5.397843
7236	-3143.125	-3307.811	164.686	2.318739	5.078332
7242	-3135.545	-3300.157	164.6122	2.292683	5.13073
7248	-3136.54	-3301.725	165.1851	2.292683	4.812245
7254	-3134.655	-3299.844	165.189	2.208961	4.847642
7260	-3129.839	-3294.671	164.8318	2.208961	5.046324
7266	-3132.95	-3297.559	164.6093	2.480176	5.050875
7272	-3135.375	-3300.116	164.7406	2.607601	4.924101
7278	-3130.492	-3295.488	164.9964	2.277597	4.924101
7284	-3139.698	-3304.011	164.313	2.277597	5.302873
7290	-3129.495	-3294.345	164.8499	2.352197	4.972602
7296	-3136.73	-3301.7	164.9704	2.352197	4.905588
7302	-3143.658	-3308.692	165.0333	2.352197	4.870522
7308	-3134.952	-3300.098	165.146	2.211285	4.870522
7314	-3149.091	-3313.539	164.4481	2.027291	5.341711
7320	-3141.986	-3307.245	165.2594	2.107501	4.854772
7326	-3144.588	-3309.527	164.9392	2.187944	4.99616
7332	-3146.741	-3311.547	164.8066	2.157813	5.083441
7338	-3132.079	-3297.288	165.2096	2.134163	4.870213
7344	-3143.193	-3308.494	165.3016	2.094331	4.837324
7350	-3141.214	-3306.194	164.9796	2.133794	4.998348
7356	-3125.566	-3290.464	164.8979	2.248949	4.991639
7362	-3136.038	-3301.347	165.3091	2.375004	4.706537
7368	-3139.135	-3303.958	164.823	2.300782	5.010193
7374	-3146.394	-3311.194	164.7993	2.376756	4.989988
7380	-3150.791	-3315.218	164.4267	2.236613	5.25827
7386	-3138.462	-3302.901	164.4391	2.039693	5.34088
7392	-3138.181	-3302.829	164.6479	2.33058	5.09425
7398	-3139.075	-3303.865	164.7897	2.178526	5.083389
7404	-3140.281	-3305.093	164.8117	2.530896	4.91682
7410	-3149.291	-3313.735	164.4447	2.45618	5.152375
7416	-3141.209	-3306.629	165.42	2.316094	4.670526
7422	-3133.717	-3298.315	164.5981	2.284512	5.142132
7428	-3131.63	-3296.292	164.6622	2.308198	5.096165
7434	-3137.945	-3303.086	165.1414	2.308198	4.829693
7440	-3140.302	-3305.013	164.7109	2.705244	4.900131
7446	-3147.209	-3311.73	164.5211	2.303137	5.17658
7452	-3143.576	-3308.443	164.8666	2.249434	5.008823
7458	-3151.185	-3315.975	164.7895	2.34618	5.008823
7464	-3130.504	-3295.095	164.5919	2.135428	5.212554
7470	-3126.898	-3292.067	165.169	2.332568	4.803497
7476	-3127.087	-3292.455	165.3682	2.087169	4.803497
7482	-3131.197	-3295.243	164.046	2.523082	5.344326
7488	-3123.608	-3288.811	165.2035	2.3944	4.75711
7494	-3126.715	-3291.491	164.7761	2.242922	5.061982
7500	-3133.496	-3298.61	165.1138	2.242922	4.874254
7506	-3138.469	-3302.829	164.3595	2.183031	5.319336
7512	-3151.195	-3316.05	164.855	2.183031	5.045163
7518	-3151.324	-3315.87	164.5463	2.336984	5.147744
7524	-3158.326	-3322.742	164.4163	2.231034	5.2665
7530	-3152.401	-3317.87	165.4686	2.341939	4.631829
7536	-3160.134	-3324.856	164.7219	1.987727	5.208907
7542	-3160.063	-3324.632	164.5686	2.24543	5.175847
7548	-3147.032	-3311.601	164.5686	2.24543	5.175847
7554	-3149.487	-3314.38	164.8926	2.386047	4.93404
7560	-3143.72	-3309.246	165.5255	2.016371	4.748766
7566	-3141.752	-3306.249	164.4978	2.097578	5.281853
7572	-3140.25	-3305.147	164.8965	2.367857	4.939842
7578	-3142.643	-3307.641	164.9988	2.367857	4.882917
7584	-3145.426	-3309.89	164.4642	1.934102	5.376498
7590	-3126.833	-3291.557	164.7243	2.201409	5.109335
7596	-3127.582	-3292.514	164.9314	2.201409	4.99439
7602	-3136.417	-3301.549	165.1323	2.233953	4.86798
7608	-3144.072	-3309.195	165.1228	2.245637	4.86798
7614	-3132.106	-3297.168	165.0621	2.199416	4.922663
7620	-3132.765	-3297.884	165.1191	2.129744	4.922663
7626	-3131.906	-3296.789	164.8825	2.27894	4.986865
7632	-3132.412	-3297.644	165.232	2.13729	4.856297
7638	-3142.721	-3307.139	164.4179	2.301539	5.234363
7644	-3146.741	-3311.27	164.5285	2.360516	5.147321
7650	-3148.254	-3313.779	165.5247	2.360516	4.592122
7656	-3148.629	-3313.764	165.1353	2.527367	4.737789
7662	-3138.617	-3303.532	164.915	2.473502	4.883775
7668	-3131.864	-3297.124	165.2601	2.398356	4.723713
7674	-3135.584	-3300.947	165.3634	2.267913	4.723713
7680	-3126.195	-3291.091	164.8965	2.402188	4.924856
7686	-3131.044	-3295.662	164.6175	2.477133	5.047607
7692	-3125.92	-3290.375	164.4546	2.274015	5.226187
7698	-3127.217	-3292.006	164.7885	2.405676	4.983414
7704	-3135.893	-3300.651	164.7578	2.26039	5.064359
7710	-3150.691	-3314.976	164.2851	2.1689	5.366792
7716	-3139.052	-3303.651	164.5992	2.209267	5.175083
7722	-3128.427	-3293.029	164.6015	2.121449	5.213615
7728	-3150.037	-3314.263	164.2265	2.001818	5.475644
7734	-3150.13	-3315.063	164.9326	2.147414	5.018258
7740	-3152.652	-3317.229	164.5764	2.439515	5.086556
7746	-3147.992	-3312.692	164.7001	2.282382	5.086556
7752	-3152.897	-3317.248	164.351	2.185427	5.322985
7758	-3136.208	-3301.249	165.0408	2.370162	4.858467
7764	-3151.018	-3315.379	164.3606	2.370162	5.23597
7770	-3152.086	-3316.623	164.5369	2.563249	5.055875
7776	-3144.143	-3308.863	164.7198	2.480814	4.989235
7782	-3141.771	-3306.617	164.8466	2.386011	4.959657
7788	-3142.518	-3307.209	164.6916	2.340466	5.065688
7794	-3152.958	-3317.697	164.7387	2.322052	5.047623
7800	-3142.887	-3307.378	164.4909	2.54182	5.090397
7806	-3137.665	-3301.915	164.2501	2.255295	5.34743
7812	-3137.057	-3301.485	164.428	2.480926	5.151034
7818	-3141.896	-3306.621	164.725	2.449888	4.999633
7824	-3138.482	-3303.877	165.3948	2.455817	4.623289
7830	-3129.894	-3294.793	164.899	2.395146	4.926565
7836	-3131.84	-3296.576	164.7357	1.953416	5.217449
7842	-3131.492	-3296.585	165.0936	2.165921	4.920329
7848	-3133.769	-3298.449	164.6806	2.257408	5.108503
7854	-3135.754	-3300.387	164.6329	2.448121	5.051482
7860	-3127.08	-3291.891	164.8103	2.288058	5.022887
7866	-3140.859	-3305.576	164.7165	2.192805	5.117558
7872	-3140.132	-3305	164.8679	2.216118	5.023049
7878	-3139.827	-3304.827	164.9997	2.056075	5.023049
7884	-3140.9	-3305.747	164.8465	2.145564	5.06689
7890	-3142.798	-3307.826	165.0284	2.128392	4.973734
7896	-3139.662	-3304.527	164.8648	2.330784	4.973734
