Iteration	Posterior	Likelihood	Prior	acrv_sd	tree_length
0	-55.76699	-226.9325	171.1655	1.521802	1.536888
6	-51.49199	-222.5259	171.0339	0.8533409	2.090798
12	-51.24028	-222.4645	171.2242	0.8222659	1.985307
18	-47.83742	-219.3231	171.4857	1.685122	1.150235
24	-55.61708	-227.2965	171.6794	1.471774	1.16747
30	-66.98053	-239.2556	172.2751	0.9370332	1.113222
36	-53.30488	-225.7511	172.4463	0.8060821	1.076184
42	-48.60914	-220.6071	171.998	0.913547	1.365734
48	-55.76354	-227.1229	171.3594	1.253301	1.591717
54	-57.95183	-228.0326	170.0808	2.205138	1.822874
60	-76.36781	-247.5552	171.1874	1.512393	1.527572
66	-70.97303	-239.3246	168.3516	1.829854	3.148377
72	-70.69575	-240.6453	169.9496	1.412001	2.428496
78	-68.07505	-237.6835	169.6085	1.615684	2.514616
84	-67.1951	-238.6852	171.4901	0.7632614	1.845248
90	-63.99498	-234.3676	170.3726	1.916782	1.820518
96	-69.04194	-238.3194	169.2775	1.740363	2.642616
102	-66.56123	-236.2307	169.6694	1.740363	2.398074
108	-65.57461	-237.4833	171.9086	1.344881	1.075071
114	-53.34494	-225.2977	171.9528	1.540648	0.8192003
120	-66.19069	-238.0443	171.8536	1.165875	1.278916
126	-63.97806	-236.1325	172.1544	0.7867172	1.342264
132	-61.58506	-233.7837	172.1987	0.7867172	1.306683
138	-66.25597	-238.1104	171.8544	0.6812544	1.64739
144	-56.78939	-228.3109	171.5215	0.5181123	1.989882
150	-54.18249	-225.9019	171.7194	0.3201611	1.989882
156	-51.09147	-222.1435	171.052	0.9325931	2.026499
162	-58.90342	-228.2062	169.3028	1.689035	2.658638
168	-56.59	-227.3953	170.8053	0.9102302	2.202745
174	-46.52496	-218.8853	172.3603	0.6728916	1.267592
180	-57.6086	-229.8994	172.2908	0.985767	1.053346
186	-60.50146	-231.9139	171.4124	1.352079	1.479135
192	-52.21651	-221.5977	169.3812	2.520325	2.081406
198	-49.95187	-221.357	171.4051	1.505611	1.366346
204	-49.50077	-221.0812	171.5804	1.070038	1.564034
210	-51.62884	-222.7223	171.0935	1.253414	1.780685
216	-51.62917	-223.2668	171.6377	1.160776	1.453367
222	-58.41419	-229.4655	171.0513	1.156112	1.876658
228	-54.53834	-225.9061	171.3677	1.338614	1.522719
234	-60.13595	-230.6834	170.5475	1.861038	1.737639
240	-82.39107	-252.954	170.5629	1.090635	2.242711
246	-70.66684	-242.8174	172.1505	1.129685	1.049869
252	-53.1284	-225.1838	172.0554	0.8416461	1.377111
258	-60.99925	-232.6014	171.6022	1.350725	1.332863
264	-57.48309	-228.9343	171.4512	1.403611	1.41004
270	-61.98617	-232.5613	170.5751	2.018747	1.605372
276	-67.02317	-238.2678	171.2446	1.125649	1.764414
282	-62.12628	-234.648	172.5217	1.037162	0.7263425
288	-72.4823	-244.1953	171.713	1.096472	1.444909
294	-73.83313	-244.6051	170.772	0.9040868	2.228214
300	-63.74205	-235.1196	171.3775	1.510803	1.38393
306	-62.75633	-234.7952	172.0389	0.7373977	1.470208
312	-62.31851	-234.188	171.8695	1.327545	1.126821
318	-62.21038	-232.73	170.5196	1.648308	1.903525
324	-80.0969	-251.2825	171.1856	0.9532325	1.92325
330	-75.47377	-246.4686	170.9948	1.342008	1.787678
336	-71.40933	-242.0777	170.6683	1.342008	2.009384
342	-68.84486	-241.591	172.7461	0.4534159	1.124592
348	-69.88663	-239.792	169.9054	1.489662	2.407409
354	-67.78678	-238.0651	170.2783	1.811415	1.956298
360	-72.8737	-243.5896	170.7159	1.373881	1.956298
366	-62.64255	-232.9424	170.2998	1.373881	2.229721
372	-57.55477	-228.2837	170.729	1.223503	2.047796
378	-59.05019	-228.9973	169.9471	1.533695	2.353102
384	-51.5167	-222.9884	171.4717	0.9710863	1.713512
390	-57.64556	-228.8269	171.1813	1.258061	1.715951
396	-71.40095	-241.3055	169.9046	1.586771	2.346394
402	-68.34244	-239.5976	171.2551	1.246514	1.671744
408	-61.67791	-231.9042	170.2263	1.59315	2.135187
414	-73.56597	-242.8053	169.2393	1.262915	2.956535
420	-65.00193	-234.7006	169.6986	0.8035821	2.956535
426	-61.28749	-232.2871	170.9996	1.64232	1.570332
432	-63.68683	-235.9014	172.2145	0.7945129	1.287439
438	-61.41687	-232.6064	171.1895	0.9236527	1.940558
444	-55.80472	-223.6937	167.8889	2.330156	3.125966
450	-56.24157	-225.9943	169.7527	1.710237	2.364414
456	-62.32219	-232.9318	170.6096	1.515017	1.932831
462	-53.22526	-225.5098	172.2845	0.6571161	1.341864
468	-56.08306	-228.0395	171.9565	0.7627694	1.513109
474	-65.23906	-236.241	171.002	1.744979	1.492348
480	-61.53277	-230.2294	168.6967	1.445097	3.171926
486	-72.81562	-241.1822	168.3665	1.775227	3.171926
492	-51.52551	-221.9132	170.3877	1.889141	1.829117
498	-63.74326	-234.9357	171.1925	0.9722513	1.905721
504	-70.57882	-241.0868	170.508	1.106655	2.267693
510	-72.08833	-243.697	171.6086	0.8582372	1.696485
516	-75.28774	-245.6629	170.3751	1.817055	1.887073
522	-74.96487	-245.681	170.7161	1.843684	1.630071
528	-67.37079	-237.942	170.5712	1.264732	2.124441
534	-59.49001	-231.1441	171.6541	1.394089	1.255223
540	-54.69213	-226.7899	172.0977	0.7629512	1.405501
546	-55.19938	-226.8968	171.6975	1.198424	1.37802
552	-67.31314	-237.2358	169.9226	1.465196	2.411938
558	-56.52425	-228.4149	171.8907	1.236622	1.188204
564	-57.14317	-227.8678	170.7246	0.889157	2.268271
570	-69.13655	-241.4506	172.3141	0.8107881	1.19033
576	-52.22072	-222.9419	170.7212	1.1729	2.086302
582	-55.82564	-226.4735	170.6479	1.246217	2.086302
588	-59.00364	-229.4665	170.4629	1.118109	2.289261
594	-59.08859	-231.1602	172.0716	0.9478079	1.278947
600	-65.4573	-237.258	171.8007	1.020791	1.435763
606	-67.66323	-239.3364	171.6731	1.127061	1.452024
612	-69.25811	-238.9174	169.6593	1.483583	2.565219
618	-70.91632	-241.7607	170.8444	1.826951	1.548658
624	-55.32064	-227.1587	171.8381	0.8332992	1.548658
630	-67.82956	-239.7486	171.919	0.7523095	1.548658
636	-59.83147	-230.7852	170.9538	1.712334	1.552543
642	-65.52783	-237.3657	171.8378	1.374809	1.11272
648	-56.05623	-226.5295	170.4733	2.166317	1.57202
654	-52.58778	-223.8173	171.2295	1.073567	1.811064
660	-60.23145	-231.524	171.2925	0.9213509	1.872287
666	-63.45719	-234.9695	171.5123	1.677315	1.133506
672	-55.4351	-227.3991	171.964	1.171463	1.181131
678	-58.43196	-229.3056	170.8737	1.940004	1.44171
684	-53.78487	-225.5373	171.7525	1.061225	1.44171
690	-55.3619	-226.8538	171.4919	1.108787	1.600467
696	-58.98978	-230.7794	171.7896	1.108787	1.376078
702	-62.21273	-233.5346	171.3219	1.291567	1.591148
708	-61.47668	-232.546	171.0693	1.544096	1.591148
714	-62.1869	-234.7523	172.5654	0.8884097	0.8679461
720	-59.98115	-231.8173	171.8362	0.8884097	1.509095
726	-54.2155	-226.4609	172.2454	0.479176	1.509095
732	-57.93573	-229.8008	171.8651	0.5998166	1.697859
738	-59.23746	-229.8464	170.6089	0.676893	2.476074
744	-55.23113	-227.2269	171.9958	1.196401	1.131198
750	-42.94208	-215.3059	172.3638	1.120629	0.8306063
756	-55.95349	-228.4097	172.4562	0.8412217	1.033305
762	-64.27203	-235.4742	171.2021	1.038292	1.85413
768	-67.89877	-239.7874	171.8886	0.7009791	1.60848
774	-64.54818	-236.2742	171.7261	0.9543072	1.541999
780	-61.78778	-233.3398	171.552	1.083034	1.575348
786	-74.02371	-243.4336	169.4099	1.320225	2.818748
792	-71.91265	-242.7746	170.8619	1.29294	1.912383
798	-74.22276	-246.1436	171.9208	0.8124448	1.502611
804	-70.04292	-239.7305	169.6876	1.402054	2.598246
810	-67.27446	-239.4796	172.2052	0.6468715	1.412199
816	-63.01257	-234.6696	171.657	1.284339	1.342065
822	-49.59262	-221.6644	172.0718	0.8695921	1.342065
828	-62.70039	-232.5377	169.8373	1.170487	2.648796
834	-66.90625	-238.3126	171.4064	1.493749	1.374682
840	-62.27586	-232.9102	170.6343	1.691672	1.795188
846	-51.3119	-222.4597	171.1478	0.8745317	2.001416
852	-51.41812	-222.448	171.0299	1.432077	1.699966
858	-54.27413	-225.4759	171.2018	1.420154	1.584967
864	-62.50568	-234.9135	172.4078	0.2141248	1.584967
870	-59.3988	-231.2008	171.802	1.019898	1.435433
876	-69.53242	-240.1372	170.6047	1.689926	1.81686
882	-57.77011	-228.8822	171.1121	0.9744516	1.958422
888	-59.98988	-229.7388	169.749	1.430124	2.542713
894	-63.44956	-235.1755	171.726	1.064044	1.459761
900	-62.95361	-232.7842	169.8306	1.542041	2.421506
906	-67.51556	-238.5405	171.025	1.344312	1.765117
912	-70.13811	-241.8213	171.6832	1.143197	1.431946
918	-65.1679	-235.7352	170.5673	1.143197	2.205959
924	-68.23152	-237.2891	169.0575	1.475861	2.937768
930	-90.11893	-258.9016	168.7827	1.054397	3.351868
936	-79.21285	-249.3866	170.1737	1.271126	2.375915
942	-69.65472	-240.1517	170.497	0.9478388	2.375915
948	-73.17892	-245.1815	172.0026	0.9478388	1.334807
954	-64.8978	-235.0665	170.1687	1.198017	2.425258
960	-58.99115	-230.5197	171.5285	1.198017	1.507637
966	-52.06736	-223.307	171.2397	1.486865	1.507637
972	-51.08018	-222.7759	171.6957	1.372999	1.238047
978	-54.67727	-226.1078	171.4305	0.5771755	2.011172
984	-52.03862	-222.1168	170.0782	2.172349	1.847192
990	-47.47913	-218.9248	171.4457	1.327113	1.472837
996	-53.50082	-225.2885	171.7877	1.259577	1.255929
1002	-57.72552	-228.7678	171.0423	0.6454219	2.220721
1008	-65.88464	-236.4264	170.5418	2.078026	1.586519
1014	-58.94792	-230.2207	171.2728	1.259408	1.649916
1020	-52.56011	-223.5415	170.9814	1.55081	1.649916
1026	-50.11532	-221.0967	170.9814	1.55081	1.649916
1032	-50.97785	-222.8425	171.8647	1.402378	1.062383
1038	-50.95158	-222.6067	171.6551	1.523109	1.143625
1044	-50.09882	-221.3881	171.2892	1.823715	1.200556
1050	-50.96254	-221.0778	170.1153	2.335446	1.707912
1056	-52.67488	-225.3155	172.6406	0.4707189	1.20198
1062	-60.36923	-232.521	172.1517	1.200572	0.9787505
1068	-49.62613	-221.1681	171.5419	0.8723595	1.733582
1074	-65.52167	-238.2469	172.7252	0.5473792	1.057136
1080	-63.2809	-234.7956	171.5147	0.9924945	1.667787
1086	-59.54379	-231.435	171.8912	1.346137	1.090088
1092	-71.19096	-242.1108	170.9199	1.346137	1.83658
1098	-67.17021	-238.8727	171.7025	1.151851	1.410414
1104	-59.46188	-231.4475	171.9856	0.4582236	1.712786
1110	-64.2595	-235.6117	171.3522	1.22987	1.613944
1116	-52.64162	-225.1986	172.557	0.6053451	1.157677
1122	-47.06959	-218.1268	171.0572	1.67784	1.501291
1128	-56.03049	-227.2146	171.1841	0.5770796	2.173112
1134	-53.61276	-225.9073	172.2946	0.7217508	1.28149
1140	-68.99525	-239.9743	170.979	1.664255	1.569325
1146	-67.37923	-239.0193	171.6401	1.321715	1.325709
1152	-79.84097	-251.3646	171.5236	0.658988	1.89356
1158	-71.47785	-243.4462	171.9684	1.399186	0.9630303
1164	-62.82012	-234.3772	171.5571	1.086183	1.569332
1170	-51.65316	-222.5015	170.8483	1.534645	1.755562
1176	-55.61846	-226.4062	170.7877	1.554052	1.784273
1182	-73.2655	-244.2583	170.9928	1.470849	1.698772
1188	-75.72634	-246.5768	170.8504	0.9126675	2.171887
1194	-78.56608	-250.5811	172.015	1.132673	1.170513
1200	-83.42715	-252.701	169.2739	2.0936	2.424763
1206	-71.31511	-243.3827	172.0676	1.01006	1.230573
1212	-62.25994	-233.6985	171.4385	0.9976759	1.718171
1218	-62.21243	-235.0169	172.8045	0.4281074	1.094519
1224	-51.32416	-222.9757	171.6516	1.182171	1.426306
1230	-45.25242	-216.5454	171.293	1.375759	1.55061
1236	-56.45398	-228.7887	172.3347	0.9264741	1.067908
1242	-52.04661	-223.5781	171.5315	1.548652	1.228456
1248	-56.03719	-227.6416	171.6044	1.475736	1.228456
1254	-61.85808	-234.1956	172.3376	0.7425653	1.228456
1260	-63.12623	-235.4638	172.3376	0.7425653	1.228456
1266	-60.53258	-231.9829	171.4503	1.146409	1.603322
1272	-53.18717	-225.6219	172.4347	0.8507827	1.044834
1278	-59.61614	-231.6546	172.0385	1.04883	1.222407
1284	-62.65387	-233.952	171.2982	1.400241	1.528625
1290	-58.86697	-230.3973	171.5304	0.7926377	1.797271
1296	-46.61236	-217.6117	170.9993	2.010786	1.286588
1302	-46.20387	-217.5375	171.3336	1.378896	1.518145
1308	-41.05401	-211.8751	170.8211	1.848852	1.549681
1314	-55.13143	-225.4311	170.2997	1.838647	1.923543
1320	-58.5957	-230.3912	171.7955	1.20107	1.297646
1326	-49.91499	-221.3959	171.4809	1.20107	1.540805
1332	-51.5755	-222.1931	170.6176	1.501999	1.936215
1338	-49.47713	-221.6987	172.2216	1.044707	1.06307
1344	-50.72204	-222.4399	171.7179	1.204759	1.356938
1350	-67.52828	-239.5091	171.9808	1.359139	0.9912766
1356	-54.9936	-226.7569	171.7633	1.081281	1.417931
1362	-53.42414	-225.1111	171.687	0.8200495	1.6679
1368	-53.60023	-225.4452	171.845	1.20626	1.252646
1374	-59.08031	-230.7363	171.656	1.290882	1.337656
1380	-63.35922	-233.7484	170.3892	1.790356	1.895668
1386	-60.25932	-230.8039	170.5446	2.182386	1.507348
1392	-44.97689	-216.601	171.6241	0.8900883	1.662776
1398	-52.88169	-223.0649	170.1832	1.212077	2.40725
1404	-52.4275	-223.8616	171.4341	1.856604	1.03984
1410	-51.10189	-222.7741	171.6722	1.461175	1.182998
1416	-54.17328	-224.8752	170.7019	1.110744	2.139655
1422	-55.23993	-221.7374	166.4975	2.327174	3.93875
1428	-57.47788	-229.9861	172.5082	0.5341176	1.260065
1434	-45.55469	-217.7736	172.2189	1.049046	1.061532
1440	-56.50593	-228.1201	171.6142	1.264405	1.391585
1446	-53.59739	-225.6769	172.0795	0.7990065	1.391585
1452	-53.42789	-225.0416	171.6137	1.72656	0.9910186
1458	-50.07526	-222.1771	172.1019	1.238341	0.9910186
1464	-45.5254	-217.042	171.5166	1.221878	1.498666
1470	-47.91831	-219.0162	171.0979	1.640623	1.498666
1476	-49.84798	-221.2307	171.3827	1.133772	1.661161
1482	-52.85381	-225.3285	172.4747	0.8346695	1.021718
1488	-60.96746	-232.4187	171.4513	0.9765901	1.724049
1494	-55.93762	-227.6872	171.7496	0.6782585	1.724049
1500	-58.59686	-230.1731	171.5762	1.265014	1.420532
1506	-54.15853	-226.2438	172.0853	1.029607	1.198893
1512	-62.75186	-234.978	172.2262	0.9461593	1.148844
1518	-57.14002	-227.8243	170.6843	1.887188	1.621626
1524	-64.53426	-236.1118	171.5775	1.4231	1.294328
1530	-71.03325	-241.9928	170.9595	1.304563	1.837907
1536	-69.0361	-239.7699	170.7338	1.615704	1.778881
1542	-63.31113	-235.4549	172.1438	0.3012255	1.71193
1548	-60.99761	-232.0528	171.0552	0.8887874	2.053425
1554	-55.07232	-227.129	172.0566	0.3556013	1.735031
1560	-60.99739	-232.9329	171.9355	0.909497	1.41761
1566	-69.10091	-240.8236	171.7227	1.31656	1.262571
1572	-58.65768	-229.8153	171.1576	0.9293693	1.95813
1578	-65.98292	-238.4571	172.4742	0.5852477	1.245837
1584	-59.25909	-229.5022	170.2431	1.101231	2.439366
1590	-80.24422	-252.0136	171.7694	0.847085	1.588954
1596	-73.52794	-244.4266	170.8986	0.8119484	2.205934
1602	-59.20743	-229.6715	170.4641	1.299725	2.171411
1608	-53.47447	-224.8879	171.4134	1.031914	1.711746
1614	-52.56598	-224.3926	171.8267	0.6186402	1.711746
1620	-56.64635	-227.8226	171.1763	0.808933	2.026106
1626	-59.60224	-231.052	171.4498	1.092389	1.64276
1632	-57.03346	-227.5025	170.4691	2.073069	1.64276
1638	-62.89285	-233.786	170.8932	1.648981	1.64276
1644	-70.99688	-242.7284	171.7316	0.8105878	1.64276
1650	-56.28215	-228.4846	172.2025	0.4172007	1.586615
1656	-58.93859	-231.0677	172.1291	0.5640491	1.532508
1662	-70.9431	-242.1518	171.2087	0.9254435	1.926424
1668	-63.36276	-233.6261	170.2634	1.87074	1.926424
1674	-72.34609	-243.3501	171.0041	1.226234	1.861073
1680	-66.45329	-237.7565	171.3032	1.128351	1.721436
1686	-59.6486	-232.2603	172.6117	0.8068221	0.9083034
1692	-54.22279	-226.2884	172.0656	0.7709217	1.424144
1698	-56.33613	-225.8145	169.4783	1.794138	2.484427
1704	-67.82211	-236.5839	168.7618	1.737882	2.95805
1710	-59.08764	-230.7374	171.6498	0.8582962	1.667149
1716	-56.74892	-227.7499	171.001	1.507095	1.667149
1722	-71.71116	-242.7841	171.073	1.424043	1.675067
1728	-78.88173	-250.697	171.8153	0.7918236	1.595767
1734	-67.20153	-238.1495	170.948	1.050755	2.017099
1740	-71.4865	-242.8497	171.3632	1.416598	1.467546
1746	-64.81268	-236.4194	171.6067	0.5518789	1.909864
1752	-62.12399	-234.4744	172.3504	0.9573552	1.023222
1758	-59.97389	-231.1046	171.1307	1.285816	1.732003
1764	-58.35912	-228.8022	170.443	1.764341	1.876706
1770	-70.66514	-242.2184	171.5532	1.015387	1.623681
1776	-56.15745	-228.0481	171.8906	0.8221169	1.517933
1782	-52.80917	-224.5308	171.7216	1.095754	1.438885
1788	-48.1251	-220.0801	171.955	1.184156	1.177981
1794	-50.45724	-221.2521	170.7949	1.930593	1.508428
1800	-49.3442	-221.8228	172.4786	0.8644903	0.9881356
1806	-51.7796	-223.5119	171.7323	1.670914	0.9250835
1812	-49.45917	-221.751	172.2918	1.170995	0.8571736
1818	-49.34918	-220.523	171.1739	1.403993	1.617003
1824	-51.56929	-223.2251	171.6558	1.121897	1.469141
1830	-59.20604	-231.5922	172.3861	0.3915444	1.469141
1836	-59.61011	-230.5659	170.9558	1.648286	1.597972
1842	-51.60213	-223.141	171.5389	1.001042	1.644369
1848	-52.45559	-223.3402	170.8847	1.370084	1.844331
1854	-69.88886	-241.4577	171.5689	1.535765	1.207686
1860	-73.60097	-244.7091	171.1081	1.055741	1.90631
1866	-68.84344	-241.1158	172.2723	0.9371943	1.11556
1872	-74.19693	-245.6225	171.4256	1.376922	1.450274
1878	-74.85789	-244.2132	169.3553	1.331945	2.844778
1884	-82.52326	-251.6377	169.1145	1.710262	2.761089
1890	-69.35322	-239.8313	170.4781	1.611403	1.956443
1896	-54.59512	-226.9295	172.3344	0.6249799	1.32769
1902	-57.84099	-228.3219	170.4809	1.252089	2.191414
1908	-63.0874	-233.0555	169.9681	1.789636	2.175395
1914	-61.6346	-232.9734	171.3388	1.581433	1.358827
1920	-55.87399	-228.0151	172.1411	1.215442	0.9744359
1926	-62.9141	-234.7899	171.8758	0.8630935	1.498426
1932	-63.06594	-235.1467	172.0808	1.049317	1.185788
1938	-71.30864	-242.9505	171.6418	1.110207	1.488496
1944	-66.01765	-238.0346	172.017	1.088966	1.206573
1950	-73.69065	-243.8264	170.1357	1.804819	2.055659
1956	-65.2665	-236.5402	171.2737	0.7186884	2.021299
1962	-65.47922	-234.2522	168.773	1.349669	3.183286
1968	-65.13362	-236.1543	171.0207	1.396426	1.731627
1974	-57.93544	-230.3506	172.4151	0.658199	1.234196
1980	-67.06682	-238.7141	171.6473	0.570832	1.869405
1986	-65.21985	-237.6618	172.4419	0.9893008	0.8940178
1992	-64.06658	-236.0363	171.9697	1.247973	1.108157
1998	-62.69598	-233.6954	170.9994	1.406849	1.739212
2004	-74.65875	-245.0185	170.3597	1.287057	2.247079
2010	-80.73076	-250.1929	169.4621	1.287057	2.807131
2016	-62.93252	-233.456	170.5235	1.228621	2.179029
2022	-58.63358	-229.5525	170.9189	1.228621	1.91734
2028	-71.91182	-242.8402	170.9284	0.8648826	2.152281
2034	-58.08828	-229.4147	171.3264	1.042328	1.765487
2040	-70.03871	-241.758	171.7193	0.8041736	1.65613
2046	-57.35972	-228.395	171.0353	1.48818	1.65613
2052	-65.63605	-236.0474	170.4114	1.568652	2.029519
2058	-64.86502	-234.6308	169.7658	1.236383	2.652238
2064	-60.61797	-232.1338	171.5158	0.7955197	1.805362
2070	-64.41636	-235.9045	171.4882	0.7867789	1.830435
2076	-71.391	-238.4863	167.0953	1.701409	3.95476
2082	-64.0086	-235.1081	171.0995	1.285214	1.754324
2088	-63.65256	-235.4518	171.7992	1.253641	1.251281
2094	-65.81221	-236.994	171.1818	1.253641	1.718695
2100	-59.78434	-231.2125	171.4282	1.298243	1.507753
2106	-50.42805	-222.1375	171.7095	1.298243	1.288523
2112	-62.25826	-233.2089	170.9507	0.8420133	2.152662
2118	-60.95223	-232.2436	171.2914	1.578833	1.398098
2124	-54.35706	-225.7418	171.3848	1.524511	1.367497
2130	-50.97582	-221.9272	170.9514	1.487036	1.716596
2136	-64.16172	-234.629	170.4673	1.08381	2.30834
2142	-70.56691	-239.8667	169.2998	1.342788	2.871822
2148	-60.81086	-232.4456	171.6347	1.054982	1.535098
2154	-69.87234	-242.7747	172.9024	0.2423678	1.173085
2160	-64.19336	-236.014	171.8206	0.9184935	1.498222
2166	-49.28832	-221.692	172.4036	0.4327758	1.424264
2172	-58.95529	-230.2246	171.2693	0.9034086	1.900296
2178	-63.03254	-233.7743	170.7417	0.8009651	2.313723
2184	-61.3707	-233.2753	171.9046	0.7727688	1.544189
2190	-57.58481	-229.4666	171.8818	1.049641	1.349995
2196	-77.04907	-248.8746	171.8256	1.105816	1.349995
2202	-70.97287	-241.293	170.3201	1.440564	2.173442
2208	-65.15786	-235.8768	170.719	1.041742	2.173442
2214	-62.94215	-234.2906	171.3485	1.138615	1.682131
2220	-54.57318	-224.3871	169.8139	1.727869	2.314311
2226	-70.43636	-241.5516	171.1152	1.046378	1.90782
2232	-55.85435	-227.6743	171.82	1.099664	1.359327
2238	-60.34205	-232.5374	172.1954	0.8479831	1.259202
2244	-62.49638	-233.8716	171.3753	1.715941	1.21909
2250	-72.95289	-240.5571	167.6042	1.380572	3.846871
2256	-68.00938	-238.3718	170.3624	1.728968	1.955181
2262	-66.37189	-237.9638	171.5919	1.23288	1.433188
2268	-86.95396	-257.0514	170.0975	1.23288	2.448134
2274	-76.46216	-244.1421	167.6799	2.183406	3.336422
2280	-61.59027	-232.9705	171.3802	1.331795	1.518516
2286	-63.07896	-235.309	172.2301	0.4819214	1.518516
2292	-58.89029	-231.4918	172.6015	0.3065855	1.368402
2298	-72.78332	-245.1019	172.3185	1.234924	0.7348843
2304	-70.46674	-240.5253	170.0586	1.670679	2.193857
2310	-67.97906	-238.5784	170.5994	1.670679	1.833813
2316	-61.24878	-232.309	171.0602	1.615445	1.545478
2322	-79.47506	-248.5719	169.0969	1.615445	2.829544
2328	-69.79895	-241.439	171.64	1.075329	1.515993
2334	-65.34775	-237.0597	171.7119	1.075329	1.461885
2340	-65.79838	-237.6432	171.8448	1.093126	1.344777
2346	-74.16318	-246.2475	172.0843	0.8536357	1.344777
2352	-65.09096	-237.0716	171.9806	0.70793	1.535944
2358	-60.77463	-232.4879	171.7133	0.9065397	1.586505
2364	-73.59838	-246.2807	172.6823	0.3965123	1.229534
2370	-67.71572	-239.7135	171.9978	0.441418	1.716054
2376	-62.49561	-233.8558	171.3602	1.079042	1.716054
2382	-64.59443	-236.0115	171.4171	0.6467993	1.973651
2388	-60.10149	-231.8025	171.701	0.7871232	1.681398
2394	-57.64364	-228.6726	171.029	1.543551	1.620865
2400	-63.08853	-232.0476	168.9591	1.543551	2.95628
2406	-64.92558	-236.3079	171.3823	0.7454665	1.930669
2412	-49.33335	-220.9804	171.6471	1.140498	1.461639
2418	-56.6303	-228.4746	171.8443	1.146421	1.302376
2424	-54.08356	-224.2481	170.1646	2.097186	1.839504
2430	-62.72978	-234.3733	171.6435	1.493684	1.179687
2436	-48.51665	-219.0202	170.5036	1.493684	2.018086
2442	-60.45195	-231.0168	170.5649	1.393807	2.043683
2448	-58.65673	-229.8206	171.1639	1.479283	1.569392
2454	-57.29954	-229.1233	171.8238	1.092763	1.361747
2460	-56.06475	-227.8885	171.8238	1.092763	1.361747
2466	-57.38287	-230.2972	172.9144	0.3995765	1.017206
2472	-53.10211	-225.605	172.5029	0.4960444	1.295715
2478	-51.87537	-224.2619	172.3865	0.7177715	1.20795
2484	-65.9327	-237.6312	171.6985	0.9225787	1.585569
2490	-75.16695	-247.2981	172.1311	0.7987366	1.351205
2496	-70.12188	-241.3295	171.2076	0.5114355	2.200463
2502	-67.54754	-236.8381	169.2906	1.591018	2.726336
2508	-70.46997	-240.2808	169.8108	0.9809195	2.781237
2514	-53.18094	-224.6974	171.5165	0.8300523	1.780935
2520	-54.43215	-226.9836	172.5514	0.8300523	0.9484044
2526	-57.97988	-229.0477	171.0679	1.101377	1.902648
2532	-59.50529	-230.3487	170.8434	0.7177903	2.301945
2538	-51.78153	-223.1535	171.3719	1.524135	1.377892
2544	-53.28015	-225.5549	172.2747	0.540622	1.440451
2550	-68.96102	-241.5495	172.5885	0.07766191	1.552477
2556	-71.06229	-243.0416	171.9793	0.2998477	1.827562
2562	-52.0046	-223.4817	171.4771	1.328467	1.447947
2568	-54.09303	-225.6478	171.5547	0.9885878	1.641903
2574	-63.29132	-233.8816	170.5903	1.23966	2.128342
2580	-57.25221	-229.245	171.9928	0.5307104	1.656141
2586	-52.90511	-225.1357	172.2306	0.4008249	1.577993
2592	-57.45126	-229.2137	171.7625	1.729019	0.8217018
2598	-55.7419	-227.5916	171.8497	0.5561282	1.739507
2604	-50.60206	-222.1507	171.5486	1.048372	1.603137
2610	-52.18274	-223.6789	171.4962	1.114199	1.593389
2616	-65.33609	-236.1046	170.7685	1.475761	1.85154
2622	-74.27468	-245.1458	170.8711	1.070848	2.054762
2628	-75.74807	-245.6545	169.9065	0.9374949	2.749344
2634	-72.45328	-243.0248	170.5716	1.404134	2.032407
2640	-63.43396	-234.1936	170.7596	1.131263	2.088389
2646	-53.47635	-224.2831	170.8068	1.718354	1.654956
2652	-54.90226	-224.3934	169.4911	1.615706	2.587606
2658	-58.16354	-226.9083	168.7448	2.70043	2.375665
2664	-60.48382	-232.2322	171.7484	0.9008614	1.56493
2670	-57.85446	-230.3014	172.4469	0.6922085	1.177976
2676	-58.15931	-229.9051	171.7458	1.162863	1.367953
2682	-59.43386	-231.008	171.5742	1.522283	1.214635
2688	-63.92997	-234.1947	170.2647	1.095699	2.429215
2694	-49.31113	-220.8991	171.588	1.426459	1.283045
2700	-51.22734	-221.9422	170.7148	1.642482	1.773457
2706	-56.04266	-226.2441	170.2014	1.773945	2.032613
2712	-65.69273	-236.2782	170.5855	1.194179	2.161139
2718	-73.18182	-245.373	172.1912	0.5968082	1.461305
2724	-74.17332	-246.6904	172.5171	0.2709101	1.461305
2730	-83.14238	-252.9698	169.8275	1.540226	2.424636
2736	-73.85846	-245.1635	171.305	0.9116699	1.870345
2742	-57.65267	-230.0801	172.4274	0.03188867	1.701826
2748	-65.45416	-238.0352	172.581	0.04468625	1.582193
2754	-67.2535	-239.9991	172.7456	0.02055997	1.477824
2760	-59.31121	-231.9581	172.6469	0.02556189	1.547813
2766	-52.49295	-224.439	171.946	0.6739953	1.58636
2772	-63.44738	-233.6745	170.2271	1.906391	1.926849
2778	-69.94846	-241.491	171.5425	0.59093	1.926849
2784	-61.34383	-232.3178	170.974	1.791681	1.478251
2790	-68.11962	-239.722	171.6024	0.6067648	1.875514
2796	-63.59588	-233.2463	169.6504	1.456733	2.587379
2802	-51.58478	-222.8579	171.2731	1.19088	1.698538
2808	-50.68201	-222.5639	171.8819	1.121246	1.292248
2814	-51.28278	-223.2732	171.9904	1.326167	1.014599
2820	-49.1514	-220.6482	171.4968	1.081269	1.616847
2826	-46.04702	-217.2314	171.1844	1.393644	1.616847
2832	-56.11209	-226.8026	170.6905	1.078655	2.167979
2838	-55.53345	-227.0453	171.5119	1.468178	1.311012
2844	-53.73677	-225.4496	171.7129	1.267207	1.311012
2850	-73.37457	-244.9909	171.6163	0.6283624	1.851225
2856	-63.45673	-234.5608	171.1041	1.324431	1.723571
2862	-60.34532	-231.6099	171.2645	1.197209	1.700114
2868	-63.7808	-231.5655	167.7847	2.376531	3.160361
2874	-66.12551	-238.2135	172.088	0.6847486	1.472884
2880	-58.20305	-229.7413	171.5382	0.9504238	1.68103
2886	-58.69697	-230.4906	171.7936	1.445075	1.088874
2892	-49.7899	-220.7658	170.9759	1.194843	1.901655
2898	-59.60125	-231.4405	171.8393	0.9241624	1.479897
2904	-60.29886	-230.6809	170.382	1.405041	2.156299
2910	-63.51728	-235.3558	171.8385	0.9451953	1.464563
2916	-70.17826	-241.6663	171.4881	1.295628	1.464563
2922	-64.06202	-236.2086	172.1466	0.4815372	1.580415
2928	-74.41646	-245.597	171.1806	0.9558686	1.924842
2934	-62.81146	-233.2798	170.4684	1.901725	1.764542
2940	-64.36774	-234.2062	169.8384	1.390622	2.511563
2946	-65.2214	-236.5059	171.2845	1.119071	1.741121
2952	-71.6264	-242.3711	170.7447	1.354373	1.950019
2958	-72.82401	-242.9487	170.1247	1.409381	2.319201
2964	-72.18179	-243.4896	171.3078	1.395356	1.52507
2970	-75.06021	-245.121	170.0607	1.5712	2.256601
2976	-81.3243	-250.7722	169.4479	1.5712	2.641841
2982	-99.67047	-270.4357	170.7652	1.769445	1.648135
2988	-83.0591	-254.3592	171.3001	1.253346	1.634626
2994	-73.36214	-244.3748	171.0127	0.9647597	2.031234
3000	-78.04614	-249.3847	171.3385	1.000711	1.786016
3006	-80.20397	-250.2525	170.0485	1.977869	1.9987
3012	-83.58245	-254.5194	170.9369	1.089443	1.9987
3018	-60.48384	-231.645	171.1612	0.9095972	1.969012
3024	-54.63499	-226.7618	172.1268	0.9209315	1.255581
3030	-63.79771	-236.0973	172.2996	0.2590602	1.630878
3036	-49.16222	-220.8994	171.7372	1.022704	1.482611
3042	-56.27358	-227.5786	171.3051	1.4995	1.448684
3048	-55.95266	-228.4984	172.5458	0.7883186	0.9971886
3054	-52.62337	-224.3167	171.6933	1.518912	1.113091
3060	-58.22645	-229.8655	171.639	1.12535	1.479216
3066	-48.49947	-220.6765	172.1771	0.8389037	1.281793
3072	-58.72624	-230.6084	171.8822	0.7665655	1.565321
3078	-65.30658	-237.23	171.9234	0.7253607	1.565321
3084	-65.16677	-236.7691	171.6023	1.113393	1.515748
3090	-61.2978	-233.4333	172.1355	0.8416419	1.313393
3096	-51.74061	-223.4827	171.7421	1.313504	1.248988
3102	-47.73154	-219.5853	171.8537	1.313504	1.153371
3108	-52.72459	-225.1498	172.4253	0.4577425	1.388117
3114	-54.84849	-226.7903	171.9418	0.7994996	1.496579
3120	-67.16422	-237.5031	170.3389	1.539597	2.096547
3126	-61.60875	-230.4849	168.8761	1.539597	3.008489
3132	-46.0967	-217.6085	171.5118	1.759268	1.058575
3138	-47.55126	-219.9694	172.4181	0.8034023	1.104647
3144	-63.02197	-235.3017	172.2797	0.5610088	1.420964
3150	-58.68778	-230.0167	171.3289	1.38412	1.517762
3156	-59.34459	-231.3545	172.0099	0.9882406	1.29633
3162	-62.1858	-234.2874	172.1016	0.9382687	1.262093
3168	-53.13377	-224.8366	171.7028	1.291963	1.299098
3174	-51.35988	-222.6049	171.245	1.3494	1.604993
3180	-63.12413	-233.8688	170.7447	1.274399	2.00356
3186	-58.00422	-227.6758	169.6715	1.902566	2.293658
3192	-54.04296	-225.6927	171.6497	1.298479	1.336597
3198	-52.6605	-224.9762	172.3157	0.8795964	1.12839
3204	-72.92149	-243.3734	170.4519	1.673457	1.932323
3210	-46.95569	-217.2286	170.2729	1.702224	2.032809
3216	-49.0494	-216.5723	167.5229	2.464982	3.263023
3222	-67.64469	-238.5178	170.8731	1.65021	1.656245
3228	-71.12139	-243.6774	172.556	0.5562228	1.201199
3234	-71.72396	-242.2244	170.5005	1.308599	2.141958
3240	-61.87523	-232.9185	171.0433	0.9858504	1.996882
3246	-54.00303	-227.0694	173.0663	0.1182981	1.137939
3252	-51.87969	-224.6436	172.7639	0.1971146	1.326357
3258	-57.15197	-229.4205	172.2686	0.6924324	1.326357
3264	-67.4154	-238.6597	171.2443	1.174944	1.730085
3270	-69.46327	-238.178	168.7147	1.757074	2.974844
3276	-55.8587	-223.7665	167.9078	2.547912	2.984525
3282	-58.39652	-229.2853	170.8888	1.406513	1.816417
3288	-53.96707	-226.8693	172.9023	0.4425169	0.9864099
3294	-67.69378	-238.4945	170.8007	0.8975232	2.21389
3300	-55.73656	-225.4107	169.6741	2.036862	2.205675
3306	-59.60739	-230.4485	170.8411	1.138055	2.030097
3312	-58.97162	-230.7859	171.8143	0.8235604	1.573323
3318	-66.41694	-238.2921	171.8751	0.8738547	1.490802
3324	-55.86344	-225.9554	170.0919	2.219753	1.805109
3330	-53.13061	-224.7766	171.646	1.45349	1.212048
3336	-54.88763	-226.3556	171.468	1.518569	1.305768
3342	-56.81682	-225.3053	168.4884	2.040924	2.9402
3348	-67.40934	-236.1259	168.7166	2.653607	2.423049
3354	-61.65488	-233.7714	172.1165	0.9550719	1.235629
3360	-51.00316	-223.3578	172.3547	0.4077884	1.480652
3366	-51.33169	-223.3338	172.0021	0.5860132	1.609568
3372	-64.78211	-236.7861	172.004	0.4956652	1.673189
3378	-65.57145	-236.9848	171.4133	1.025819	1.716082
3384	-69.49556	-240.1913	170.6958	1.612459	1.807487
3390	-64.03137	-234.5924	170.561	1.102188	2.236507
3396	-58.54175	-227.7274	169.1857	1.601716	2.783863
3402	-56.48907	-227.9292	171.4401	0.9216071	1.770354
3408	-50.56462	-222.276	171.7114	1.368654	1.228536
3414	-58.39818	-229.6713	171.2731	1.633944	1.369232
3420	-57.40442	-228.7385	171.3341	1.27018	1.597856
3426	-60.67036	-232.89	172.2197	0.8123312	1.268605
3432	-73.60168	-244.7252	171.1235	1.117717	1.853589
3438	-61.70747	-233.356	171.6485	1.271445	1.359033
3444	-65.43444	-235.8743	170.4398	1.316324	2.176409
3450	-69.65671	-241.2356	171.5789	1.164105	1.495339
3456	-70.90723	-240.7202	169.8129	1.65634	2.360421
3462	-66.7226	-237.9233	171.2007	1.324563	1.65489
3468	-66.47026	-236.9095	170.4393	1.524639	2.040217
3474	-66.43909	-235.4477	169.0086	1.277801	3.085836
3480	-68.08415	-237.8031	169.719	1.824065	2.313493
3486	-67.30869	-235.6083	168.2996	1.758963	3.221235
3492	-72.19704	-241.7969	169.5999	1.986282	2.285969
3498	-72.97879	-244.4554	171.4767	1.60984	1.22308
3504	-60.99402	-231.8589	170.8649	1.291097	1.911607
3510	-51.95571	-223.975	172.0193	0.9716737	1.302167
3516	-51.41052	-223.8612	172.4507	0.6798232	1.185426
3522	-49.00529	-221.0319	172.0266	0.9590502	1.306469
3528	-56.16824	-227.4748	171.3066	1.053555	1.771482
3534	-65.60179	-237.8017	172.1999	0.6829209	1.388272
3540	-62.42602	-233.4784	171.0524	1.656951	1.52046
3546	-65.35655	-236.704	171.3474	0.9101266	1.8424
3552	-61.0578	-231.9608	170.903	1.716355	1.586833
3558	-57.41021	-229.7507	172.3405	0.9429591	1.046797
3564	-61.65017	-231.9357	170.2855	1.862988	1.916696
3570	-65.6183	-236.9768	171.3585	0.9501317	1.807193
3576	-57.1402	-229.1662	172.0259	0.8975873	1.356226
3582	-52.49325	-225.3127	172.8195	0.3228766	1.175177
3588	-50.87038	-223.5021	172.6317	0.3840095	1.281997
3594	-61.43881	-233.4885	172.0497	0.6340939	1.539437
3600	-63.13225	-235.5478	172.4156	0.9712979	0.9426826
3606	-60.10614	-230.8347	170.7285	1.680945	1.736979
3612	-56.42473	-228.3339	171.9092	0.9853782	1.37904
3618	-57.31389	-228.1194	170.8055	1.157706	2.040658
3624	-53.33883	-225.06	171.7211	1.255483	1.313803
3630	-53.52845	-225.7282	172.1998	0.7768429	1.313803
3636	-57.72523	-229.9964	172.2712	1.004506	1.054195
3642	-54.08267	-226.491	172.4083	0.9964305	0.9234418
3648	-53.36332	-222.2643	168.901	2.182647	2.601941
3654	-63.84795	-235.3769	171.529	1.31344	1.419628
3660	-51.23917	-223.5631	172.3239	0.3662287	1.534783
3666	-52.49678	-223.9184	171.4216	1.199472	1.585594
3672	-61.17564	-231.4499	170.2743	1.483422	2.175381
3678	-53.83585	-226.1007	172.2649	0.9089722	1.147503
3684	-59.11469	-231.8325	172.7178	0.2979188	1.282
3690	-48.89102	-221.2123	172.3213	0.1286764	1.708467
3696	-54.76617	-226.8858	172.1196	0.05991002	1.895647
3702	-75.32398	-247.052	171.728	0.3442512	1.968011
3708	-58.01767	-229.7825	171.7648	0.5973377	1.7701
3714	-67.21869	-239.9455	172.7269	0.2168467	1.3402
3720	-61.48552	-233.3753	171.8898	0.9026727	1.457905
3726	-66.68384	-237.6873	171.0035	1.457365	1.70076
3732	-75.06829	-244.5757	169.5074	1.358275	2.736063
3738	-70.76032	-242.5129	171.7526	0.9084178	1.556276
3744	-65.35228	-234.6386	169.2863	1.620823	2.710667
3750	-63.30476	-234.5247	171.22	1.234053	1.705588
3756	-54.52889	-225.9911	171.4622	0.9695288	1.721294
3762	-57.4386	-228.3181	170.8795	0.9695288	2.115874
3768	-51.49969	-223.0709	171.5712	0.5762679	1.917388
3774	-44.9719	-217.0904	172.1185	0.9467571	1.240954
3780	-46.7519	-218.6359	171.884	0.9904601	1.394776
3786	-47.30995	-218.7835	171.4736	1.182411	1.559971
3792	-60.31751	-231.8018	171.4843	1.120354	1.597563
3798	-56.33988	-227.981	171.6411	1.303474	1.339494
3804	-62.26521	-234.247	171.9818	0.6183797	1.600823
3810	-65.03178	-237.2091	172.1773	1.091154	1.06102
3816	-65.42579	-236.1722	170.7464	1.512884	1.841199
3822	-52.65987	-224.5331	171.8732	0.7932151	1.552284
3828	-55.20002	-227.1344	171.9344	0.8961222	1.428831
3834	-58.25718	-229.0627	170.8055	1.863802	1.550162
3840	-53.75691	-224.5751	170.8182	1.381918	1.88165
3846	-63.66642	-233.9131	170.2466	1.975612	1.866565
3852	-63.06478	-235.2935	172.2287	0.7136586	1.341254
3858	-73.76044	-244.7762	171.0158	1.036521	1.981375
3864	-69.78311	-241.2864	171.5033	1.036521	1.644457
3870	-60.8199	-231.9451	171.1252	0.9570823	1.961309
3876	-57.93084	-228.9439	171.0131	1.692599	1.523193
3882	-59.62404	-230.1753	170.5513	1.111144	2.237005
3888	-55.12695	-227.0241	171.8972	0.7467548	1.568838
3894	-53.80077	-225.5464	171.7456	0.8983016	1.568838
3900	-79.30338	-244.6535	165.3501	2.333484	4.58527
3906	-72.26166	-242.8557	170.594	1.416241	2.009457
3912	-70.87068	-241.743	170.8723	1.309908	1.893816
3918	-67.69097	-238.4891	170.7981	1.288919	1.958119
3924	-53.75945	-224.4284	170.669	1.288919	2.044189
3930	-58.15021	-230.1268	171.9765	0.8334124	1.444564
3936	-62.10248	-234.0305	171.928	0.881984	1.444564
3942	-64.98858	-236.3271	171.3386	0.8609023	1.882101
3948	-58.92672	-230.4314	171.5047	1.476286	1.310241
3954	-55.33957	-226.9852	171.6456	1.384555	1.270105
3960	-48.7179	-220.6353	171.9174	1.112757	1.270105
3966	-54.02369	-226.763	172.7393	0.7835686	0.7798944
3972	-55.19936	-226.8271	171.6277	1.124905	1.488076
3978	-51.21455	-223.7157	172.5011	0.614357	1.198384
3984	-51.52576	-223.3359	171.8102	1.320924	1.184945
3990	-59.94422	-231.0368	171.0926	1.320924	1.73416
3996	-49.13983	-221.456	172.3161	0.9942788	1.020653
4002	-70.91241	-241.5039	170.5915	0.9992006	2.283055
4008	-72.90771	-243.1678	170.2601	1.610313	2.101841
4014	-72.4521	-240.5328	168.0807	1.440545	3.536612
4020	-64.58032	-234.7907	170.2104	1.351674	2.301384
4026	-69.46187	-239.1699	169.708	1.677774	2.413214
4032	-83.94068	-254.1286	170.1879	0.8763016	2.613975
4038	-73.70265	-244.8551	171.1524	0.6428355	2.15098
4044	-72.20741	-244.4978	172.2904	0.6250631	1.362616
4050	-61.41301	-233.1971	171.7841	1.399164	1.139161
4056	-58.2809	-228.5562	170.2753	1.726573	2.015035
4062	-62.67964	-233.9751	171.2954	1.363152	1.55808
4068	-60.25302	-233.1053	172.8523	0.174715	1.272695
4074	-67.25675	-240.0087	172.7519	0.04216837	1.456681
4080	-64.11744	-235.8512	171.7337	0.006966995	2.186423
4086	-58.733	-231.5507	172.8177	0.005034042	1.434745
4092	-53.64638	-226.7037	173.0573	0.008538573	1.240457
4098	-57.55348	-230.6064	173.0529	0.0129176	1.240457
4104	-54.87332	-227.1719	172.2986	0.09219731	1.750099
4110	-50.20811	-220.2662	170.0581	1.51328	2.295404
4116	-43.156	-214.7351	171.5791	0.9727937	1.635759
4122	-48.67899	-218.6798	170.0008	2.195044	1.884592
4128	-52.32826	-222.0166	169.6883	1.52262	2.522869
4134	-53.56224	-225.0246	171.4624	1.178889	1.570776
4140	-67.85066	-239.2262	171.3756	1.305993	1.541118
4146	-79.47268	-250.5193	171.0466	1.775878	1.434982
4152	-73.0118	-244.109	171.0972	0.955455	1.981147
4158	-64.407	-235.4164	171.0094	0.967446	2.031645
4164	-70.68754	-240.8393	170.1518	1.908559	1.976001
4170	-63.78782	-235.4591	171.6713	0.9467676	1.587757
4176	-61.52013	-231.4125	169.8924	1.747864	2.251274
4182	-60.80832	-231.8025	170.9942	1.371713	1.767461
4188	-65.05156	-236.4008	171.3493	1.014959	1.768616
4194	-59.78422	-230.945	171.1608	1.386134	1.639302
4200	-58.57767	-229.6538	171.0761	0.9063145	2.027951
4206	-58.21216	-230.1691	171.9569	0.5882893	1.64056
4212	-59.52127	-229.9094	170.3881	1.38848	2.163118
4218	-52.15483	-222.4686	170.3138	1.67664	2.02261
4224	-57.07622	-227.5183	170.4421	1.511793	2.046843
4230	-60.06869	-232.1824	172.1138	0.8371149	1.334478
4236	-55.55158	-228.0973	172.5457	0.4051796	1.334478
4242	-56.32776	-229.099	172.7712	0.3385712	1.203265
4248	-52.38762	-223.7161	171.3285	1.258475	1.610385
4254	-63.32491	-235.0211	171.6962	1.258475	1.331457
4260	-54.38699	-226.3589	171.972	1.027175	1.295541
4266	-68.58375	-240.1087	171.5249	1.037049	1.628478
4272	-67.08448	-238.4342	171.3497	1.063788	1.734132
4278	-65.68989	-235.7623	170.0724	2.159871	1.85973
4284	-70.36192	-241.1565	170.7945	1.437714	1.85973
4290	-62.69309	-233.4047	170.7117	1.581845	1.817671
4296	-65.67786	-236.1254	170.4476	1.064964	2.332951
4302	-67.37021	-235.7376	168.3674	2.238889	2.893806
4308	-73.61982	-242.2913	168.6714	2.162791	2.755288
4314	-64.40114	-234.1531	169.752	1.082241	2.755288
4320	-76.91025	-245.5549	168.6446	2.209356	2.743229
4326	-79.99451	-250.4152	170.4207	1.02026	2.378351
4332	-61.07845	-232.7847	171.7063	0.5465413	1.845632
4338	-54.50904	-226.6222	172.1132	1.10896	1.104047
4344	-58.81737	-231.0387	172.2213	1.056736	1.051908
4350	-50.80439	-221.7094	170.905	1.292928	1.883142
4356	-59.63355	-231.7728	172.1392	1.116017	1.073463
4362	-56.11775	-226.6759	170.5581	1.411624	2.03634
4368	-59.19182	-231.2235	172.0316	1.037456	1.237734
4374	-61.03021	-232.097	171.0668	1.708981	1.470551
4380	-64.31442	-234.922	170.6076	2.147428	1.486259
4386	-72.02945	-242.6067	170.5772	2.147428	1.509074
4392	-80.21933	-248.6928	168.4735	1.62824	3.195686
4398	-67.93865	-237.6535	169.7148	1.963167	2.226957
4404	-55.46504	-226.3564	170.8914	1.406966	1.81431
4410	-60.82058	-231.0945	170.2739	1.735846	2.009797
4416	-64.84996	-237.013	172.1631	0.6341407	1.454303
4422	-61.19053	-233.0214	171.8309	0.673672	1.669692
4428	-65.283	-235.6741	170.3911	1.683515	1.96648
4434	-76.47315	-246.6589	170.1857	1.528822	2.203373
4440	-81.80302	-251.9285	170.1255	0.9003462	2.637679
4446	-75.774	-247.7918	172.0178	0.512249	1.651467
4452	-66.36404	-237.7817	171.4176	0.9788744	1.746076
4458	-62.6044	-232.8505	170.2461	2.21709	1.699108
4464	-61.8522	-233.3434	171.4912	1.168359	1.557383
4470	-60.98325	-231.2238	170.2405	2.18087	1.728616
4476	-62.84629	-233.9812	171.1349	1.865761	1.294256
4482	-61.69896	-233.1014	171.4025	1.321005	1.509953
4488	-63.75258	-233.9688	170.2162	1.946743	1.906914
4494	-61.1172	-232.5873	171.4701	1.42689	1.377129
4500	-58.56739	-230.7806	172.2132	1.00885	1.104117
4506	-57.65152	-230.1448	172.4933	0.4998301	1.300459
4512	-58.77185	-230.1285	171.3566	1.209826	1.625236
4518	-55.25343	-225.9523	170.6989	1.867591	1.625236
4524	-65.79724	-236.3567	170.5595	1.218133	2.16245
4530	-64.40712	-235.3522	170.9451	1.556565	1.671728
4536	-64.96193	-236.1839	171.222	1.617649	1.421796
4542	-64.83315	-235.857	171.0239	1.617649	1.570603
4548	-65.93623	-237.8026	171.8663	0.7751914	1.570603
4554	-66.18402	-236.9453	170.7613	1.920152	1.54121
4560	-58.00726	-230.1073	172.1	0.5814221	1.54121
4566	-65.53714	-237.0555	171.5184	0.8391504	1.773307
4572	-65.48024	-236.9413	171.4611	1.542321	1.292054
4578	-71.92297	-244.4341	172.5111	0.5836138	1.216122
4584	-77.0168	-246.025	169.0082	1.654319	2.859757
4590	-71.90719	-244.6525	172.7453	0.2847972	1.270183
4596	-66.53391	-238.5924	172.0585	0.4923496	1.636501
4602	-76.92881	-246.7545	169.8257	1.660253	2.349846
4608	-69.96161	-240.0569	170.0953	1.493084	2.284518
4614	-84.6468	-253.6922	169.0454	1.740348	2.78485
4620	-77.20698	-249.6196	172.4126	0.9037263	1.014831
4626	-75.73867	-246.0054	170.2668	2.374639	1.570709
4632	-54.5694	-224.3092	169.7398	1.449561	2.536341
4638	-65.64159	-237.3459	171.7043	1.449561	1.165148
4644	-68.95388	-240.6497	171.6958	1.191183	1.384985
4650	-71.62413	-242.2444	170.6203	1.629789	1.847538
4656	-76.75355	-248.7411	171.9875	0.9734953	1.326332
4662	-71.9358	-242.663	170.7272	1.110069	2.12354
4668	-60.29434	-230.5226	170.2282	1.666885	2.085619
4674	-69.38527	-240.3212	170.9359	1.29508	1.860608
4680	-70.56294	-239.6232	169.0603	1.865701	2.699121
4686	-61.04686	-232.365	171.3182	1.326328	1.568439
4692	-58.5121	-229.7594	171.2473	1.650915	1.376175
4698	-48.86657	-220.5999	171.7333	1.164926	1.376175
4704	-50.3645	-222.4197	172.0552	1.034013	1.22076
4710	-53.21279	-225.0613	171.8485	1.078466	1.353483
4716	-51.30381	-222.3793	171.0755	1.077681	1.913524
4722	-48.62305	-220.1544	171.5314	1.3513	1.388381
4728	-53.9767	-225.3304	171.3536	1.146717	1.672669
4734	-48.71562	-220.6778	171.9621	0.6708824	1.576835
4740	-60.63971	-230.5105	169.8708	1.684595	2.305628
4746	-61.59616	-231.639	170.0429	1.746545	2.154771
4752	-57.09828	-228.6537	171.5555	1.186493	1.496092
4758	-52.92555	-225.1213	172.1957	0.5496411	1.493522
4764	-53.4474	-222.6717	169.2243	2.290353	2.331578
4770	-55.23647	-226.7059	171.4694	1.362139	1.428007
4776	-55.45063	-227.3454	171.8948	1.295611	1.132805
4782	-55.80771	-226.3954	170.5877	1.464129	1.981716
4788	-61.26349	-233.506	172.2425	0.9108903	1.165571
4794	-69.25347	-240.6684	171.4149	1.176704	1.607033
4800	-72.50569	-244.7636	172.2579	0.900011	1.161594
4806	-71.98036	-243.1244	171.1441	1.293567	1.717142
4812	-56.19366	-228.186	171.9923	1.341462	0.997502
4818	-67.70885	-238.455	170.7461	1.341462	1.957753
4824	-68.92373	-240.5083	171.5845	0.7106275	1.816517
4830	-70.12447	-240.8025	170.6781	1.056829	2.190194
4836	-66.28121	-238.6292	172.348	1.002827	0.9802345
4842	-68.3524	-239.9069	171.5545	1.463531	1.280077
4848	-67.98944	-237.1325	169.143	2.303691	2.374724
4854	-69.57448	-240.7613	171.1868	1.570938	1.4842
4860	-62.79723	-234.5822	171.785	0.3921586	1.897287
4866	-65.34683	-237.1722	171.8254	0.279201	1.946331
4872	-68.04321	-240.5092	172.466	0.708098	1.147301
4878	-65.91649	-235.9156	169.9991	1.188773	2.537231
4884	-74.83723	-246.4536	171.6164	0.6003709	1.870299
4890	-71.67381	-242.2902	170.6164	0.9711436	2.285075
4896	-59.94243	-231.7364	171.794	1.271657	1.240657
4902	-69.56094	-241.6009	172.0399	0.7919925	1.427713
4908	-52.10769	-224.4171	172.3094	0.5456605	1.40988
4914	-56.77838	-228.7609	171.9825	1.078739	1.24432
4920	-56.90887	-228.5311	171.6222	1.438168	1.245026
4926	-58.81282	-230.7972	171.9844	0.5826761	1.624825
4932	-58.49844	-230.3004	171.802	0.7650399	1.624825
4938	-63.65169	-234.9311	171.2794	1.287607	1.624825
4944	-71.66124	-243.5358	171.8745	0.2990974	1.899672
4950	-59.74958	-231.607	171.8575	0.5248105	1.756037
4956	-59.54952	-231.0585	171.5089	0.8733327	1.756037
4962	-64.46461	-235.5282	171.0635	1.594888	1.558192
4968	-66.4445	-238.0003	171.5558	1.495509	1.252568
4974	-66.86651	-238.7038	171.8373	1.405157	1.085418
4980	-53.86369	-226.0447	172.181	1.395667	0.6963513
4986	-45.67916	-218.3565	172.6773	0.3783993	1.248912
4992	-44.53658	-216.3163	171.7798	0.9925152	1.473241
4998	-45.68301	-217.1348	171.4518	0.8385699	1.819817
5004	-46.62431	-218.439	171.8147	1.383127	1.126151
5010	-46.59817	-218.9398	172.3416	0.8561948	1.126151
5016	-46.14204	-218.5251	172.383	0.845896	1.097858
5022	-53.95553	-226.4071	172.4516	0.8061721	1.07108
5028	-50.49327	-222.9549	172.4617	0.8061721	1.061618
5034	-60.41052	-231.7056	171.2951	1.548796	1.418511
5040	-59.78954	-229.9381	170.1486	1.920856	1.96993
5046	-58.0927	-229.3794	171.2867	1.639882	1.353802
5052	-56.97883	-228.6247	171.6459	1.247445	1.380024
5058	-55.96091	-227.2146	171.2537	1.151828	1.739738
5064	-51.06214	-220.682	169.6198	1.942999	2.300878
5070	-51.37386	-222.0103	170.6364	1.584889	1.867213
5076	-56.16279	-227.741	171.5782	1.13149	1.520229
5082	-60.07323	-231.3097	171.2365	0.8457431	1.961339
5088	-52.86357	-224.512	171.6484	0.6595076	1.807706
5094	-51.42086	-222.671	171.2502	0.767428	2.004544
5100	-68.57053	-236.3906	167.8201	1.761725	3.501321
5106	-68.44217	-236.4544	168.0122	1.886876	3.315398
5112	-69.70717	-237.6327	167.9255	2.42635	3.046747
5118	-55.80961	-226.8789	171.0692	1.200917	1.833739
5124	-55.14305	-226.0408	170.8977	1.066269	2.04016
5130	-58.42233	-230.6416	172.2193	1.08834	1.02342
5136	-74.95462	-247.1154	172.1608	0.8041871	1.323198
5142	-58.77976	-228.6783	169.8986	1.470095	2.424035
5148	-60.62926	-232.5079	171.8787	1.317199	1.127873
5154	-62.28356	-233.3073	171.0238	1.318242	1.784077
5160	-63.99393	-234.2958	170.3019	1.862413	1.905999
5166	-54.1047	-224.8677	170.763	1.401264	1.905999
5172	-64.43691	-235.9671	171.5302	0.9916615	1.657284
5178	-71.17797	-242.2015	171.0236	0.8369775	2.108319
5184	-76.36297	-245.7531	169.3901	1.588867	2.66655
5190	-60.70245	-232.34	171.6376	0.5747296	1.873358
5196	-68.60674	-241.7102	173.1035	0.1108018	1.111218
5202	-57.5754	-229.877	172.3016	0.3445464	1.567203
5208	-70.86629	-242.1503	171.284	0.2590466	2.313482
5214	-69.47177	-241.1956	171.7238	0.1630408	2.091062
5220	-66.77787	-237.8298	171.052	0.252325	2.46449
5226	-67.99574	-239.0319	171.0361	1.039806	1.965564
5232	-46.13188	-217.8035	171.6716	1.563205	1.092481
5238	-50.10401	-221.5533	171.4493	1.674295	1.191456
5244	-49.93571	-222.1439	172.2082	0.8926606	1.210878
5250	-51.79494	-222.0278	170.2329	1.494726	2.194908
5256	-70.61635	-241.5562	170.9398	0.8841395	2.132256
5262	-65.82884	-236.6432	170.8144	0.8321878	2.247217
5268	-70.34616	-240.0507	169.7045	1.564104	2.486844
5274	-63.40667	-234.8914	171.4847	0.8928911	1.759303
5280	-71.74354	-242.9019	171.1584	1.263952	1.727937
5286	-62.47222	-232.5928	170.1206	1.614436	2.190127
5292	-60.8509	-230.85	169.9991	1.613149	2.269209
5298	-67.8628	-237.0937	169.2309	1.664599	2.717805
5304	-62.68901	-233.564	170.875	1.324141	1.88233
5310	-70.23754	-242.1867	171.9492	1.105325	1.249942
5316	-63.97239	-234.1004	170.128	1.439741	2.2977
5322	-61.91303	-232.3798	170.4667	1.704771	1.901113
5328	-60.2654	-231.5107	171.2453	1.367324	1.591777
5334	-72.69073	-243.737	171.0463	1.665084	1.519
5340	-61.38332	-232.8044	171.4211	0.8081486	1.86179
5346	-54.16855	-221.1582	166.9896	1.750519	3.987106
5352	-74.10169	-245.353	171.2513	1.105757	1.773628
5358	-69.32318	-239.656	170.3328	1.305506	2.252494
5364	-78.39558	-248.5823	170.1867	1.22845	2.394684
5370	-74.66405	-246.1275	171.4635	1.026601	1.680015
5376	-84.71373	-256.7865	172.0728	1.263517	0.9949313
5382	-62.91679	-234.0177	171.1009	0.8971302	2.017588
5388	-60.01174	-231.8252	171.8134	0.6782511	1.67887
5394	-54.21458	-225.7469	171.5323	1.169687	1.525953
5400	-57.44241	-230.1016	172.6592	0.5201009	1.142652
5406	-49.68136	-221.0523	171.371	1.484291	1.409705
5412	-55.1043	-226.6315	171.5272	1.261499	1.460797
5418	-56.02902	-227.5666	171.5376	1.369242	1.369449
5424	-66.92234	-237.1955	170.2732	1.369242	2.249855
5430	-58.57068	-230.44	171.8693	1.327445	1.127057
5436	-60.03529	-231.4672	171.4319	1.518573	1.334807
5442	-63.40044	-234.7513	171.3509	0.8139325	1.90564
5448	-60.82922	-232.3549	171.5257	0.9807817	1.668332
5454	-65.9938	-237.9754	171.9816	0.8965247	1.3919
5460	-74.66279	-246.5157	171.8529	1.474731	1.003663
5466	-54.28794	-225.3128	171.0248	0.5532117	2.291155
5472	-60.09853	-229.8913	169.7928	2.080366	2.100023
5478	-68.06967	-237.5965	169.5268	1.199287	2.821145
5484	-61.08367	-232.5017	171.418	0.9636907	1.756439
5490	-62.57637	-232.2707	169.6943	1.554396	2.499306
5496	-50.26493	-221.5692	171.3042	1.387003	1.533952
5502	-46.16378	-217.7481	171.5843	1.306879	1.381685
5508	-51.16134	-222.0679	170.9066	1.28773	1.885627
5514	-58.57841	-230.0721	171.4937	0.7930757	1.822314
5520	-58.28491	-228.7472	170.4623	1.029223	2.346303
5526	-58.96493	-229.0106	170.0456	1.445883	2.346303
5532	-59.77469	-231.4885	171.7139	0.9862714	1.527343
5538	-58.73687	-229.1447	170.4079	2.260092	1.551177
5544	-61.02402	-230.7163	169.6923	1.84811	2.315193
5550	-71.88718	-241.3987	169.5116	1.637437	2.561427
5556	-62.84035	-234.0845	171.2442	1.290236	1.648309
5562	-69.99413	-241.4796	171.4855	1.048936	1.648309
5568	-60.84429	-232.6711	171.8268	0.4927724	1.799629
5574	-54.65555	-225.7208	171.0653	0.7597249	2.131568
5580	-49.48767	-221.0178	171.5301	1.154336	1.538985
5586	-63.45406	-234.1133	170.6592	1.110095	2.167861
5592	-71.51344	-243.2837	171.7702	1.228088	1.29621
5598	-79.07315	-251.6824	172.6092	0.1055498	1.516422
5604	-44.80842	-216.1417	171.3333	1.251361	1.612095
5610	-61.73121	-233.7902	172.059	1.295419	0.9765719
5616	-58.39555	-229.9833	171.5878	1.580722	1.152239
5622	-62.56101	-232.175	169.614	1.580722	2.532979
5628	-67.95008	-239.3022	171.3521	1.579502	1.349815
5634	-66.93796	-238.2802	171.3423	1.233403	1.618593
5640	-66.04124	-237.9694	171.9282	0.632678	1.62928
5646	-54.6106	-226.8287	172.2181	0.3555958	1.62004
5652	-52.51408	-224.8363	172.3223	0.8296276	1.166857
5658	-56.24105	-227.8547	171.6136	1.410257	1.275291
5664	-54.41099	-225.7621	171.3511	1.515515	1.400848
5670	-52.29224	-223.4656	171.1734	1.445703	1.587016
5676	-50.04763	-221.8476	171.7999	0.8078334	1.59528
5682	-58.61159	-228.9246	170.3131	1.65105	2.040087
5688	-49.13893	-220.8438	171.7049	1.251114	1.330353
5694	-46.78775	-219.0244	172.2366	0.693216	1.351213
5700	-51.97114	-221.4802	169.509	1.836563	2.438542
5706	-54.24605	-225.8025	171.5564	1.196845	1.487578
5712	-57.54744	-229.1142	171.5668	1.481392	1.255219
5718	-59.90012	-231.2139	171.3138	1.820841	1.181873
5724	-54.76524	-226.6176	171.8524	1.40623	1.070287
5730	-64.17737	-235.236	171.0586	1.296205	1.775205
5736	-65.7015	-235.3412	169.6397	1.720077	2.429622
5742	-62.21986	-231.1436	168.9238	2.435985	2.429622
5748	-56.07362	-227.4811	171.4075	1.461472	1.399066
5754	-58.98166	-230.1399	171.1582	1.710715	1.399066
5760	-59.94159	-231.3455	171.4039	1.358218	1.48088
5766	-54.35277	-225.7066	171.3538	1.654185	1.288317
5772	-52.5575	-225.0928	172.5353	0.9474374	0.8328103
5778	-51.23705	-222.7746	171.5375	1.262574	1.452077
5784	-55.68091	-227.2813	171.6004	0.8331706	1.720025
5790	-57.47433	-227.1025	169.6282	1.261397	2.721449
5796	-63.12333	-234.8009	171.6775	0.9509147	1.580183
5802	-61.18565	-233.63	172.4444	0.8912114	0.9956982
5808	-65.54124	-236.619	171.0777	1.659143	1.499915
5814	-60.00594	-230.925	170.919	0.909173	2.129465
5820	-54.87092	-226.2787	171.4078	1.170731	1.616526
5826	-64.62049	-235.3345	170.714	0.9291658	2.249359
5832	-53.02739	-224.514	171.4866	0.9409224	1.724276
5838	-60.3894	-231.0834	170.694	1.733561	1.724276
5844	-61.80156	-233.1239	171.3224	0.9458482	1.83507
5850	-61.8574	-232.9898	171.1324	1.428559	1.629174
5856	-57.27851	-228.925	171.6465	0.9389742	1.611473
5862	-58.68084	-230.6514	171.9706	0.2860587	1.84304
5868	-61.78979	-232.915	171.1252	2.102006	1.099439
5874	-83.19216	-252.3929	169.2008	2.041006	2.503612
5880	-71.42055	-243.0239	171.6034	1.075305	1.543262
5886	-61.24903	-232.0846	170.8355	1.509227	1.782185
5892	-61.72411	-232.9497	171.2256	1.094378	1.799356
5898	-70.55366	-241.4965	170.9429	1.039903	2.027714
5904	-63.2554	-234.6211	171.3657	1.526141	1.381203
5910	-53.20909	-225.3746	172.1655	0.9064651	1.235352
5916	-60.49639	-231.6678	171.1714	1.083001	1.844532
5922	-62.65227	-233.9482	171.2959	1.79647	1.218092
5928	-76.92218	-248.0464	171.1243	1.104261	1.862278
5934	-59.75899	-231.2891	171.5301	0.9229789	1.706217
5940	-55.02955	-225.6037	170.5742	2.031804	1.596591
5946	-73.41462	-243.4812	170.0665	1.298949	2.426024
5952	-68.18977	-238.8718	170.682	1.191307	2.09991
5958	-79.25928	-250.0458	170.7865	1.419061	1.877945
5964	-66.84399	-238.3308	171.4868	0.786015	1.831919
5970	-48.39302	-220.2978	171.9048	0.8630511	1.476607
5976	-61.97965	-233.0635	171.0839	0.672911	2.176002
5982	-64.276	-236.1619	171.8859	0.6349934	1.657975
5988	-57.88075	-226.6003	168.7195	1.883599	2.895706
5994	-65.32028	-234.1756	168.8554	1.747738	2.895706
6000	-59.69669	-231.5145	171.8178	0.9643633	1.465745
6006	-60.83107	-231.5274	170.6964	1.557688	1.84479
6012	-55.61199	-227.0057	171.3937	0.9477503	1.784479
6018	-62.25107	-234.1419	171.8908	1.084521	1.314801
6024	-69.76465	-239.7625	169.9979	1.695263	2.217187
6030	-69.51995	-240.3375	170.8176	1.695263	1.66378
6036	-63.99149	-235.4729	171.4814	1.552176	1.267314
6042	-56.19424	-227.2978	171.1036	1.199432	1.811088
6048	-52.55912	-224.3964	171.8373	1.049807	1.384921
6054	-52.90894	-224.9217	172.0127	1.254639	1.062086
6060	-54.7879	-225.7866	170.9986	0.8996368	2.08353
6066	-60.63972	-232.0733	171.4336	1.252458	1.537806
6072	-51.1595	-222.8981	171.7386	1.252458	1.302081
6078	-55.14779	-226.1824	171.0346	1.159834	1.885512
6084	-47.93578	-219.9283	171.9925	1.033911	1.273215
6090	-61.33039	-233.1455	171.8151	0.8743147	1.535279
6096	-58.6027	-229.6066	171.0039	1.567457	1.621673
6102	-63.60157	-234.9836	171.382	1.267788	1.564522
6108	-51.67919	-223.2808	171.6016	1.267788	1.398717
6114	-45.93858	-217.4123	171.4737	0.8974654	1.763787
6120	-55.88763	-228.1961	172.3085	0.8862581	1.128902
6126	-53.61849	-225.3683	171.7498	1.085105	1.425455
6132	-79.62234	-250.0343	170.412	0.7540277	2.550836
6138	-74.45869	-245.4815	171.0228	0.272636	2.470045
6144	-54.10417	-225.68	171.5758	0.9806097	1.632499
6150	-75.17924	-247.3371	172.1578	0.2616648	1.729949
6156	-56.34709	-229.2017	172.8546	0.3100496	1.155671
6162	-59.23246	-231.2908	172.0583	0.7029085	1.481591
6168	-72.8441	-244.1608	171.3167	1.444502	1.481591
6174	-66.4898	-238.9333	172.4435	0.2611662	1.523956
6180	-72.13211	-244.0721	171.94	0.3726237	1.804447
6186	-64.66247	-235.0643	170.4018	0.861939	2.489906
6192	-71.52786	-243.2675	171.7396	0.7093429	1.709147
6198	-64.71315	-236.1094	171.3963	0.762007	1.910083
6204	-62.11759	-232.1337	170.0161	1.948593	2.039715
6210	-63.70417	-235.7333	172.0292	0.6516887	1.54164
6216	-70.52126	-241.9396	171.4184	0.6399837	1.977335
6222	-53.85261	-225.4491	171.5965	1.340163	1.34583
6228	-63.32182	-234.5102	171.1884	1.488352	1.544703
6234	-61.41614	-234.36	172.9439	0.4782807	0.9042006
6240	-50.79903	-222.45	171.651	0.7847999	1.718456
6246	-62.36495	-233.316	170.9511	1.40345	1.775402
6252	-70.45069	-240.7978	170.3471	1.40345	2.180049
6258	-53.30764	-224.7147	171.407	1.440155	1.415959
6264	-54.84004	-227.1971	172.357	1.078688	0.8889113
6270	-62.03664	-233.1258	171.0891	1.605289	1.531588
6276	-47.65173	-219.7265	172.0748	0.6196538	1.531588
6282	-60.91845	-232.549	171.6305	1.063875	1.531588
6288	-64.6086	-236.2124	171.6038	1.090656	1.531588
6294	-66.22357	-237.553	171.3294	1.379918	1.520514
6300	-66.46709	-237.5632	171.0961	1.320251	1.732172
6306	-60.11789	-231.2544	171.1365	1.127704	1.837837
6312	-56.75325	-228.5187	171.7654	1.127704	1.380199
6318	-71.58831	-243.2036	171.6153	1.185439	1.45159
6324	-80.36821	-249.4281	169.0599	2.300236	2.429371
6330	-73.15743	-243.3867	170.2293	1.853096	1.961221
6336	-75.53183	-245.3869	169.855	1.146595	2.652602
6342	-70.7224	-242.8454	172.123	0.7598107	1.388294
6348	-59.23998	-231.6265	172.3865	0.7327247	1.195148
6354	-74.48938	-246.755	172.2656	0.9689365	1.092657
6360	-62.34342	-233.6191	171.2756	1.231197	1.668049
6366	-64.80851	-237.5487	172.7402	0.4251867	1.15504
6372	-71.72824	-242.6319	170.9036	0.9750805	2.096405
6378	-64.04779	-234.8727	170.8249	1.072836	2.083902
6384	-59.64571	-230.1011	170.4554	1.442307	2.083902
6390	-67.17805	-239.0557	171.8777	0.8303573	1.521466
6396	-64.75275	-236.3956	171.6428	1.06521	1.521466
6402	-60.40295	-231.224	170.821	1.120515	2.05503
6408	-55.11576	-227.6342	172.5184	0.5732102	1.218727
6414	-62.7712	-234.1091	171.3378	0.3230386	2.237985
6420	-57.51289	-226.4752	168.9623	2.10607	2.61142
6426	-59.60231	-230.4497	170.8474	1.611813	1.701926
6432	-65.95862	-237.692	171.7333	1.341071	1.233272
6438	-68.81594	-240.0305	171.2146	1.357649	1.62108
6444	-67.98651	-238.8346	170.848	1.159925	2.010963
6450	-64.15336	-235.0227	170.8694	1.714034	1.612967
6456	-63.61319	-232.5761	168.9629	1.790572	2.804536
6462	-69.39488	-240.0837	170.6888	1.500513	1.888996
6468	-63.08756	-234.1213	171.0338	1.084973	1.936789
6474	-63.96391	-234.7666	170.8027	1.525992	1.793336
6480	-58.52384	-230.1896	171.6658	0.9153312	1.614658
6486	-60.0598	-229.0319	168.9721	1.917149	2.721656
6492	-73.13926	-244.5803	171.441	0.8151375	1.843373
6498	-65.14088	-236.0262	170.8854	0.7361184	2.263323
6504	-62.42772	-234.0945	171.6667	0.5860665	1.845659
6510	-61.51699	-232.8186	171.3016	1.015353	1.801485
6516	-53.97491	-225.4371	171.4622	1.372879	1.42528
6522	-52.39048	-222.34	169.9495	2.125296	1.966338
6528	-46.70652	-218.3542	171.6477	1.801216	0.8736256
6534	-57.22458	-229.0677	171.8431	1.126634	1.3193
6540	-64.5028	-235.2572	170.7544	1.945906	1.527184
6546	-57.13392	-229.0551	171.9211	1.137134	1.246786
6552	-60.70787	-232.4004	171.6926	1.192359	1.386615
6558	-50.58577	-222.5884	172.0026	0.8614848	1.402831
6564	-66.7794	-238.9772	172.1978	0.9815142	1.142633
6570	-65.65454	-236.0138	170.3593	1.263375	2.26257
6576	-60.0959	-231.6242	171.5283	0.7813062	1.80656
6582	-83.44823	-255.1647	171.7165	0.5930921	1.80656
6588	-66.28205	-238.5552	172.2731	0.3891054	1.555385
6594	-60.10342	-231.9179	171.8145	0.692752	1.667764
6600	-61.69754	-233.4552	171.7577	1.3243	1.226902
6606	-66.22757	-237.3848	171.1572	1.35406	1.664871
6612	-83.22528	-255.3296	172.1043	1.018488	1.192079
6618	-77.60126	-250.181	172.5798	0.09803717	1.54389
6624	-78.30875	-251.0497	172.741	0.14181	1.388293
6630	-75.4022	-247.7051	172.3029	0.5566166	1.406396
6636	-59.5836	-230.0016	170.418	1.254399	2.230595
6642	-69.04635	-240.2451	171.1988	1.354071	1.635054
6648	-64.0982	-235.7317	171.6335	0.7069417	1.785163
6654	-52.99973	-223.9051	170.9053	1.151611	1.978282
6660	-50.58343	-221.9987	171.4153	0.6416315	1.978282
6666	-46.47412	-218.2275	171.7534	1.049755	1.449754
6672	-51.44293	-223.2131	171.7702	1.254809	1.274344
6678	-65.58312	-237.2445	171.6614	1.555591	1.108816
6684	-64.70941	-234.9098	170.2004	1.555591	2.176535
6690	-61.56261	-232.3912	170.8285	1.419814	1.848705
6696	-59.91298	-231.0218	171.1088	1.275168	1.754853
6702	-67.99049	-238.34	170.3495	2.034488	1.754853
6708	-62.05274	-233.5671	171.5143	1.68249	1.127035
6714	-55.81227	-227.747	171.9347	0.9896368	1.355595
6720	-65.97702	-237.9115	171.9345	0.416325	1.777982
6726	-68.52311	-238.7078	170.1847	0.8770769	2.615495
6732	-54.53815	-225.8222	171.284	1.047859	1.791136
6738	-54.26224	-225.4817	171.2195	1.73597	1.330824
6744	-68.90916	-238.6422	169.7331	1.73597	2.360578
6750	-52.96443	-224.5856	171.6212	0.9594245	1.615004
6756	-60.99451	-231.1225	170.1279	1.638927	2.169441
6762	-60.27969	-231.0164	170.7367	1.50849	1.85087
6768	-56.03032	-228.2537	172.2234	0.5228252	1.492903
6774	-60.01061	-231.3196	171.309	1.412073	1.511707
6780	-58.89401	-229.916	171.022	1.491009	1.663664
6786	-70.21967	-239.3794	169.1598	1.937457	2.593545
6792	-70.53577	-241.0382	170.5024	1.893465	1.746517
6798	-86.17753	-256.2324	170.0549	1.110499	2.551238
6804	-66.05218	-235.6715	169.6193	1.546104	2.551238
6810	-60.98114	-232.2936	171.3124	1.124315	1.717799
6816	-56.79396	-227.8926	171.0986	1.834807	1.348395
6822	-61.39281	-231.3011	169.9083	1.927145	2.124758
6828	-60.63352	-231.9472	171.3136	1.710807	1.274814
6834	-67.22322	-238.7466	171.5234	1.343437	1.40075
6840	-63.42611	-233.8295	170.4034	0.9440732	2.43737
6846	-49.83612	-222.2551	172.419	0.8334978	1.076073
6852	-51.50099	-222.683	171.182	1.337538	1.65896
6858	-51.02271	-222.2795	171.2568	0.78022	1.991605
6864	-56.52794	-228.0497	171.5218	0.9105044	1.720953
6870	-60.62804	-232.3179	171.6898	0.8335325	1.656225
6876	-61.78404	-232.9786	171.1946	1.58919	1.464529
6882	-56.89515	-229.0427	172.1476	1.101408	1.079302
6888	-53.58523	-223.3908	169.8056	2.27056	1.965429
6894	-48.5445	-219.8054	171.2609	1.659655	1.358595
6900	-49.66896	-220.8511	171.1822	1.781664	1.324097
6906	-44.85098	-216.612	171.761	1.363144	1.190952
6912	-51.02322	-222.483	171.4598	0.9127991	1.762814
6918	-48.30539	-218.7635	170.4581	2.140498	1.601953
6924	-40.83369	-212.8471	172.0135	0.8144478	1.430805
6930	-45.70949	-216.0582	170.3488	1.553253	2.081082
6936	-43.19967	-214.6036	171.404	1.477829	1.389047
6942	-44.82048	-216.268	171.4476	1.621964	1.237375
6948	-47.93805	-220.1494	172.2113	1.259406	0.8476111
6954	-60.2526	-232.3253	172.0727	1.229299	1.02892
6960	-61.71411	-233.3619	171.6478	1.228889	1.393022
6966	-67.69252	-239.4445	171.752	0.4652395	1.870017
6972	-62.77511	-234.4867	171.7116	0.4330488	1.919281
6978	-64.15504	-236.1617	172.0066	0.7504904	1.48467
6984	-61.72763	-233.4561	171.7284	1.237314	1.322546
6990	-65.12032	-236.731	171.6106	1.041236	1.563003
6996	-56.58274	-228.7502	172.1675	1.123357	1.039655
7002	-55.47472	-227.5448	172.0701	0.5943608	1.553772
7008	-52.31251	-223.9816	171.6691	1.057885	1.50729
7014	-53.85132	-225.6829	171.8316	0.8954204	1.50729
7020	-64.97072	-236.8868	171.916	0.8954204	1.443415
7026	-49.61559	-220.3498	170.7342	1.510457	1.851217
7032	-44.96903	-215.9881	171.0191	1.16736	1.890958
7038	-54.41138	-224.998	170.5866	1.780059	1.766912
7044	-49.67556	-221.4697	171.7941	0.5725816	1.766912
7050	-66.84291	-238.5601	171.7172	0.6130551	1.792238
7056	-61.85007	-233.3562	171.5061	1.221388	1.506902
7062	-54.66535	-226.7572	172.0919	1.097173	1.133977
7068	-45.06946	-217.5277	172.4582	0.8064918	1.064593
7074	-43.69148	-215.5264	171.8349	0.8064918	1.570701
7080	-42.47362	-213.029	170.5553	1.803022	1.772716
7086	-51.62568	-224.1088	172.4831	0.2818956	1.478724
7092	-51.4798	-223.4291	171.9493	0.635118	1.612251
7098	-60.1904	-230.9702	170.7798	0.6787227	2.367232
7104	-57.05107	-228.3229	171.2718	1.503678	1.47079
7110	-56.12152	-227.7659	171.6443	1.503678	1.170232
7116	-51.62044	-222.4883	170.8679	1.316182	1.892593
7122	-62.48979	-234.3865	171.8967	0.9709038	1.400092
7128	-69.19676	-239.5008	170.3041	1.416356	2.199554
7134	-53.6325	-224.8785	171.246	1.355774	1.599674
7140	-57.52366	-229.3763	171.8526	0.7846812	1.573695
7146	-51.91918	-224.3334	172.4143	0.7440742	1.161205
7152	-50.12978	-221.5829	171.4531	1.390222	1.418955
7158	-56.82676	-228.6793	171.8526	0.9620162	1.441026
7164	-56.74766	-227.6665	170.9189	1.895718	1.441026
7170	-73.76162	-245.1432	171.3816	0.6300334	2.008524
7176	-60.67387	-231.7528	171.0789	1.203033	1.825627
7182	-55.31084	-227.773	172.4622	0.9643828	0.8992931
7188	-64.69986	-235.5258	170.8259	2.069108	1.378689
7194	-60.44814	-231.1365	170.6884	1.297437	2.025676
7200	-53.77401	-225.4584	171.6844	1.298345	1.308858
7206	-62.781	-233.4319	170.6509	1.236846	2.090477
7212	-72.14176	-242.5015	170.3597	1.168173	2.323152
7218	-66.98387	-237.6281	170.6442	1.434555	1.963642
7224	-65.49314	-235.1096	169.6165	1.774249	2.410128
7230	-75.64174	-245.9594	170.3177	1.237143	2.305966
7236	-78.06729	-247.1764	169.1091	1.556124	2.858125
7242	-75.81016	-243.0201	167.21	1.484557	4.013166
7248	-76.76178	-247.1462	170.3845	1.869932	1.844571
7254	-57.91819	-229.3909	171.4727	1.025852	1.673956
7260	-55.32401	-227.1272	171.8031	1.141395	1.339538
7266	-50.05909	-221.5621	171.503	0.862301	1.767876
7272	-44.7236	-216.0997	171.3761	0.8772922	1.84526
7278	-48.21637	-221.1374	172.921	0.185249	1.206262
7284	-43.73427	-215.6887	171.9544	0.7985857	1.487765
7290	-56.25954	-227.6792	171.4196	1.387057	1.447059
7296	-46.52629	-218.6327	172.1064	0.7002996	1.447059
7302	-49.46456	-221.672	172.2075	0.8830216	1.219706
7308	-59.08615	-229.9485	170.8623	1.479798	1.783997
7314	-75.09432	-244.6311	169.5368	1.140656	2.850686
7320	-73.59432	-245.2004	171.606	0.742451	1.779582
7326	-71.26868	-241.848	170.5793	1.108589	2.220583
7332	-66.16838	-237.2717	171.1033	0.9276505	1.995629
7338	-70.60079	-241.9153	171.3145	1.296622	1.592858
7344	-67.52634	-238.4805	170.9542	0.8125848	2.169503
7350	-57.1987	-228.0011	170.8024	1.198832	2.015422
7356	-70.95974	-241.9754	171.0157	1.210482	1.863901
7362	-61.89828	-233.1716	171.2733	1.532666	1.44764
7368	-64.23236	-236.001	171.7687	1.205013	1.31615
7374	-78.04047	-245.6095	167.569	1.327722	3.897423
7380	-58.94397	-230.6617	171.7177	1.327722	1.257454
7386	-71.92502	-243.6155	171.6905	1.354972	1.257454
7392	-59.13668	-230.5511	171.4144	1.45273	1.40049
7398	-61.86761	-232.0456	170.178	1.547547	2.196248
7404	-54.17481	-224.4487	170.2739	1.451602	2.196248
7410	-58.31445	-230.5281	172.2137	0.8022169	1.281825
7416	-60.84974	-233.0372	172.1874	1.053512	1.086791
7422	-58.04863	-228.8898	170.8412	1.347334	1.889573
7428	-58.13628	-229.0863	170.95	1.347334	1.815027
7434	-56.82053	-226.8719	170.0514	1.347334	2.405062
7440	-44.83534	-215.626	170.7906	1.648745	1.715931
7446	-58.81348	-231.2124	172.3989	0.6700503	1.237854
7452	-57.58352	-229.4506	171.8671	0.7052944	1.620982
7458	-55.69575	-228.3154	172.6196	0.2627333	1.388635
7464	-59.53563	-232.1811	172.6455	0.8987409	0.7490335
7470	-56.62942	-228.1695	171.5401	1.128626	1.550632
7476	-50.42153	-221.9712	171.5497	1.542111	1.218582
7482	-52.2423	-223.5401	171.2978	1.12034	1.730881
7488	-47.73247	-218.6914	170.9589	1.551367	1.665572
7494	-46.88591	-219.4903	172.6044	0.8009131	0.922861
7500	-46.81825	-218.1788	171.3605	1.908832	1.060161
7506	-50.67456	-222.2929	171.6183	1.099026	1.514503
7512	-53.96845	-225.7738	171.8053	1.122822	1.352575
7518	-49.2293	-221.0037	171.7744	1.166838	1.342141
7524	-51.78901	-224.3403	172.5512	0.6434275	1.128949
7530	-59.14672	-231.7631	172.6164	0.5159181	1.183923
7536	-59.86305	-230.9519	171.0889	1.357438	1.711025
7542	-48.21716	-219.9936	171.7764	0.5510931	1.79415
7548	-61.46632	-232.9592	171.4928	0.7467193	1.854731
7554	-59.19254	-231.5715	172.379	0.5501583	1.351767
7560	-52.48479	-224.0413	171.5565	1.372666	1.351767
7566	-58.84977	-231.3165	172.4668	0.9905229	0.8637654
7572	-52.457	-224.4128	171.9558	1.350082	1.025135
7578	-68.58683	-240.9233	172.3365	0.8957374	1.094838
7584	-67.50695	-239.4147	171.9078	1.164927	1.234702
7590	-58.45312	-229.8437	171.3906	1.283131	1.546933
7596	-59.18649	-230.3784	171.1919	1.169721	1.770462
7602	-64.9713	-236.1729	171.2016	1.169721	1.763664
7608	-58.80417	-228.8419	170.0377	2.194733	1.859596
7614	-60.77212	-233.3511	172.5789	0.5944821	1.147891
7620	-54.78168	-226.653	171.8713	1.062517	1.348046
7626	-51.40445	-223.1469	171.7425	1.287967	1.269891
7632	-55.46853	-227.4854	172.0169	1.224606	1.086276
7638	-60.125	-231.7893	171.6643	0.9302121	1.604919
7644	-73.6773	-245.6403	171.963	1.180061	1.174544
7650	-67.70035	-239.2069	171.5065	1.7541	1.068427
7656	-65.74483	-238.2939	172.5491	0.8272698	0.9538015
7662	-68.62917	-240.8105	172.1813	1.26205	0.8800973
7668	-60.70009	-232.1392	171.4391	1.096954	1.647115
7674	-67.88775	-239.0914	171.2037	1.573185	1.469759
7680	-54.99574	-226.0093	171.0136	1.008876	2.001334
7686	-63.442	-235.5987	172.1566	1.008876	1.154876
7692	-56.27402	-227.2114	170.9374	0.9687899	2.078354
7698	-60.59769	-231.8933	171.2956	1.420866	1.51515
7704	-67.77327	-238.0613	170.288	1.633952	2.067916
7710	-71.93203	-239.8778	167.9457	1.713347	3.456185
7716	-84.07577	-252.109	168.0332	1.625829	3.456185
7722	-79.04611	-245.1295	166.0834	2.174057	4.261742
7728	-66.97719	-238.9547	171.9775	0.9087205	1.385562
7734	-67.22343	-235.1504	167.927	2.6148	2.932725
7740	-70.9481	-236.9622	166.0141	2.6148	4.05062
7746	-70.93691	-236.5947	165.6578	1.964194	4.619815
7752	-65.9794	-235.1293	169.1499	1.777266	2.698358
7758	-71.73234	-241.4472	169.7148	1.153009	2.734738
7764	-54.36128	-225.4697	171.1084	1.153009	1.839763
7770	-55.30245	-226.5578	171.2553	1.387354	1.569759
7776	-60.2768	-231.2417	170.965	1.168	1.927199
7782	-58.44651	-229.8272	171.3807	1.163781	1.641097
7788	-62.71329	-232.598	169.8847	1.847467	2.191927
7794	-63.61287	-235.6872	172.0743	0.8091112	1.387783
7800	-65.31277	-236.1734	170.8607	1.511618	1.763003
7806	-68.09038	-239.2354	171.145	1.137984	1.824896
7812	-66.06387	-235.8771	169.8132	1.672974	2.349681
7818	-56.99538	-227.616	170.6207	1.555175	1.898165
7824	-54.13492	-225.4716	171.3367	1.696181	1.267896
7830	-60.42944	-231.4989	171.0694	1.600865	1.549435
7836	-58.92661	-230.305	171.3784	1.2919	1.549435
7842	-61.66601	-232.6202	170.9542	1.491101	1.711752
7848	-73.58048	-244.0505	170.47	1.259388	2.193769
7854	-72.85446	-243.6537	170.7992	1.633209	1.720811
7860	-69.01455	-240.7322	171.7176	1.317296	1.266174
7866	-62.7623	-234.5031	171.7408	1.090446	1.428252
7872	-72.55713	-243.8512	171.2941	1.070619	1.768316
7878	-71.25083	-241.7637	170.5129	1.74419	1.842731
7884	-58.7939	-230.0022	171.2083	0.9641196	1.900481
7890	-75.12903	-247.4761	172.3471	0.734728	1.227014
7896	-70.42154	-241.1592	170.7377	0.9411278	2.22643
7902	-60.17204	-230.6669	170.4948	1.920559	1.732833
7908	-59.9313	-231.2186	171.2874	1.531245	1.437954
7914	-62.48527	-234.1459	171.6606	1.048593	1.520586
7920	-61.0571	-232.344	171.2869	1.512658	1.452479
7926	-58.78439	-230.6925	171.9081	0.4154185	1.796922
7932	-82.05731	-253.9884	171.9311	0.9568846	1.384215
7938	-76.68793	-247.2661	170.5781	1.357543	2.058878
7944	-70.42943	-240.8191	170.3896	1.284396	2.229528
7950	-63.75765	-234.8073	171.0497	1.209562	1.84123
7956	-64.5716	-235.0889	170.5173	1.605413	1.934139
7962	-67.98223	-240.4968	172.5145	0.8673701	0.9479877
7968	-57.17744	-228.377	171.1996	1.611739	1.443527
7974	-55.20175	-225.5485	170.3467	1.224004	2.295826
7980	-59.3544	-230.1698	170.8154	1.058065	2.099811
7986	-57.69491	-229.3813	171.6864	1.058065	1.494192
7992	-52.53997	-224.2938	171.7539	1.124146	1.392014
7998	-43.00232	-213.8058	170.8035	1.337268	1.921952
8004	-48.3026	-219.8149	171.5123	1.202067	1.516774
8010	-54.46221	-225.7608	171.2986	1.409327	1.521533
8016	-56.97971	-228.7314	171.7517	0.7910829	1.642307
8022	-56.68235	-228.3038	171.6215	0.9212871	1.642307
8028	-59.33721	-230.0548	170.7176	0.9538089	2.23123
8034	-61.48012	-231.4405	169.9604	1.711004	2.23123
8040	-59.9159	-230.6415	170.7256	1.645117	1.764108
8046	-49.46314	-221.6457	172.1826	0.7078425	1.382311
8052	-60.39253	-231.8042	171.4117	1.480079	1.381258
8058	-56.70816	-229.1208	172.4127	0.9111589	1.007429
8064	-66.60895	-236.0959	169.487	0.7112513	3.138373
8070	-63.17058	-234.0146	170.844	1.140639	2.026467
8076	-61.24089	-231.6601	170.4192	1.123434	2.313759
8082	-59.50543	-231.5382	172.0327	1.144174	1.144798
8088	-65.77356	-237.4894	171.7159	0.9292299	1.567986
8094	-63.54685	-235.0061	171.4593	1.289236	1.49115
8100	-65.19367	-236.3789	171.1852	1.248415	1.719979
8106	-66.33041	-238.3502	172.0198	1.248415	1.061244
8112	-61.20599	-233.448	172.242	0.6394919	1.38929
8118	-60.06227	-229.4903	169.428	1.851275	2.480175
8124	-66.03637	-235.8566	169.8202	1.475215	2.470028
8130	-64.80544	-234.8615	170.0561	0.9353655	2.658873
8136	-73.61188	-242.9876	169.3757	2.107869	2.351336
8142	-62.16669	-232.5583	170.3916	1.079604	2.35921
8148	-64.61092	-233.6434	169.0325	1.415463	2.989171
8154	-52.06061	-221.9634	169.9028	1.702142	2.273915
8160	-63.85066	-235.0077	171.157	1.57715	1.501929
8166	-58.20583	-229.4733	171.2675	1.26534	1.649432
8172	-58.45761	-229.9998	171.5422	1.318438	1.405523
8178	-69.70385	-241.3308	171.627	1.233691	1.405523
8184	-67.21147	-238.0261	170.8146	1.180081	2.019813
8190	-68.15089	-239.6122	171.4614	1.405806	1.400457
8196	-63.24155	-234.8498	171.6082	1.405806	1.283351
8202	-76.56869	-247.85	171.2813	0.8751501	1.911302
8208	-75.13718	-246.3534	171.2162	0.9041671	1.935671
8214	-65.88874	-237.0597	171.171	0.9494173	1.935671
8220	-58.15463	-229.6039	171.4493	0.6711084	1.935671
8226	-55.98641	-228.5713	172.5849	0.6320634	1.108839
8232	-64.7201	-236.6705	171.9504	0.8630276	1.441896
8238	-71.60315	-242.1239	170.5208	1.054582	2.292857
8244	-64.60278	-231.704	167.1012	2.542484	3.465166
8250	-65.6078	-236.8829	171.2751	0.9602157	1.857654
8256	-55.79183	-226.8203	171.0285	1.261267	1.820237
8262	-59.31511	-230.052	170.7369	1.127962	2.105507
8268	-59.44281	-231.1749	171.7321	1.127962	1.405958
8274	-59.14793	-231.4827	172.3347	1.000557	0.9959806
8280	-61.29895	-232.1741	170.8752	0.8187438	2.216676
8286	-59.85495	-231.3589	171.5039	1.797209	1.029728
8292	-57.48914	-228.5291	171.0399	1.307529	1.780291
8298	-64.30886	-234.6036	170.2947	0.8846194	2.542554
8304	-69.22934	-240.5686	171.3393	1.113962	1.706114
8310	-66.07351	-238.0507	171.9772	0.8254589	1.450171
8316	-66.74692	-239.0231	172.2762	0.4423416	1.513647
8322	-61.10594	-232.0789	170.9729	1.824616	1.454035
8328	-67.69618	-240.0591	172.363	0.4766299	1.421805
8334	-59.56242	-231.7292	172.1667	0.7642786	1.350287
8340	-52.64614	-223.6548	171.0087	1.445692	1.705345
8346	-51.01329	-222.7683	171.755	1.149051	1.371613
8352	-58.40197	-229.4547	171.0528	0.4983889	2.308321
8358	-53.55376	-225.9481	172.3943	0.6158434	1.286542
8364	-59.20876	-230.0294	170.8207	2.189487	1.286542
8370	-53.99833	-224.4639	170.4656	2.189487	1.560677
8376	-62.67146	-234.0396	171.3682	1.390426	1.483573
8382	-63.73382	-234.4427	170.7089	1.180583	2.089338
8388	-65.70664	-234.0452	168.3386	2.246336	2.9067
8394	-75.39329	-243.8539	168.4606	1.47792	3.292151
8400	-62.66081	-231.9999	169.339	1.048624	3.025316
8406	-58.77703	-229.4276	170.6505	1.143507	2.151759
8412	-65.11607	-234.7718	169.6557	1.622046	2.481102
8418	-62.29277	-233.6723	171.3796	0.8142286	1.885956
8424	-67.86791	-238.9035	171.0356	1.244203	1.82709
8430	-60.01083	-231.2347	171.2239	1.203588	1.724332
8436	-75.41209	-245.9266	170.5145	1.162008	2.227935
8442	-69.6091	-241.2505	171.6414	1.162008	1.449576
8448	-62.43675	-232.4769	170.0402	1.051637	2.596907
8454	-58.92168	-229.1012	170.1795	1.703331	2.093695
8460	-57.88533	-229.4157	171.5303	1.198977	1.505564
8466	-46.63697	-218.0518	171.4149	1.112412	1.653421
8472	-54.16261	-225.9857	171.823	1.628314	0.870777
8478	-58.41248	-229.8353	171.4228	1.122893	1.64018
8484	-59.05716	-230.9489	171.8917	1.122893	1.282912
8490	-54.47814	-226.455	171.9769	1.110127	1.222641
8496	-61.05294	-233.0298	171.9769	1.110127	1.222641
8502	-64.76888	-236.0709	171.3021	1.293747	1.60398
8508	-71.16447	-242.4261	171.2616	1.205379	1.696396
8514	-56.82533	-227.5527	170.7274	1.494186	1.867052
8520	-63.45323	-235.2607	171.8075	1.333823	1.176108
8526	-76.40105	-247.1178	170.7167	1.283581	2.016052
8532	-60.86287	-230.6433	169.7805	1.294213	2.607495
8538	-58.39732	-228.5585	170.1612	1.332066	2.345222
8544	-48.48172	-220.0189	171.5371	1.172632	1.520165
8550	-54.15813	-224.9814	170.8232	1.885185	1.521183
8556	-59.99016	-230.4687	170.4786	1.924913	1.741187
8562	-56.13552	-226.819	170.6835	1.504395	1.889988
8568	-48.66657	-220.5524	171.8858	1.273686	1.160208
8574	-48.38274	-218.5632	170.1804	1.824274	2.013134
8580	-56.36157	-227.6483	171.2868	0.7877057	1.966543
8586	-65.50107	-236.9139	171.4128	0.6616939	1.966543
8592	-56.43284	-226.1877	169.7549	1.425801	2.541706
8598	-56.36274	-226.7872	170.4245	1.425801	2.11504
8604	-52.37883	-223.9294	171.5505	1.056676	1.59569
8610	-50.18929	-221.4376	171.2483	0.6021913	2.114893
8616	-53.61943	-225.0799	171.4605	1.185415	1.567395
8622	-50.20558	-220.8552	170.6496	1.471965	1.934874
8628	-51.89757	-224.0385	172.141	0.9817829	1.192134
8634	-72.16906	-244.6839	172.5149	0.6044013	1.195133
8640	-63.23431	-235.3117	172.0774	0.5944051	1.548327
8646	-62.0907	-234.1227	172.032	0.8686439	1.374249
8652	-57.24298	-228.1274	170.8844	1.702635	1.610331
8658	-56.27724	-227.0179	170.7406	1.170302	2.075217
8664	-56.57193	-226.8602	170.2882	1.089055	2.4186
8670	-58.7101	-229.8744	171.1643	1.124947	1.820572
8676	-68.63509	-239.8175	171.1824	1.161423	1.782816
8682	-65.29111	-234.8554	169.5643	1.648485	2.521712
8688	-60.76031	-231.7557	170.9954	1.600057	1.604269
8694	-72.50773	-243.7947	171.287	0.7117907	2.017091
8700	-67.16991	-237.6741	170.5042	1.740101	1.851466
8706	-72.68379	-242.3726	169.6888	1.740101	2.386018
8712	-73.66	-245.1285	171.4685	1.264908	1.502468
8718	-65.32256	-237.1295	171.807	1.227105	1.266895
8724	-65.46307	-236.8863	171.4233	0.954285	1.759326
8730	-63.30505	-235.4496	172.1446	0.8166844	1.326148
8736	-53.41702	-224.8657	171.4487	1.317349	1.477953
8742	-64.31269	-236.3744	172.0617	1.187429	1.079144
8748	-47.91479	-219.5262	171.6115	1.494145	1.206848
8754	-55.93359	-227.7908	171.8572	1.494145	0.9797406
8760	-62.98054	-234.6456	171.6651	1.089138	1.48688
8766	-67.12978	-236.3453	169.2156	1.727425	2.68867
8772	-62.1971	-232.3949	170.1978	1.591073	2.155147
8778	-62.61026	-234.2534	171.6431	0.578415	1.867039
8784	-76.12768	-247.0426	170.915	0.8757595	2.153932
8790	-64.26898	-235.3284	171.0594	1.714633	1.471881
8796	-72.21563	-244.1724	171.9567	0.7949801	1.488763
