Iteration	Posterior	Likelihood	Prior	part_rate_trans	tree_length
0	-2709.434	-2878.014	168.5806	1.323516	3.312404
6	-2699.703	-2868.387	168.6837	1.388704	3.213027
12	-2715.078	-2883.689	168.6109	1.47211	3.206739
18	-2697.286	-2865.584	168.298	1.30152	3.490977
24	-2704.959	-2873.102	168.1425	1.122072	3.68556
30	-2705.457	-2873.318	167.8615	1.080341	3.871545
36	-2689.142	-2857.697	168.5549	1.072884	3.474442
42	-2693.428	-2861.331	167.9023	0.994166	3.897566
48	-2679.517	-2847.707	168.1903	1.148565	3.642555
54	-2685.943	-2854.3	168.3577	1.214961	3.506618
60	-2693.93	-2862.499	168.5687	1.301933	3.332151
66	-2689.548	-2858.047	168.4993	1.30448	3.371399
72	-2699.553	-2868.256	168.7026	1.330798	3.236138
78	-2699.903	-2868.672	168.7692	1.264141	3.236138
84	-2691.982	-2860.825	168.8424	1.240814	3.206632
90	-2691.777	-2860.6	168.8232	1.321978	3.169913
96	-2690.088	-2858.836	168.7477	1.263259	3.249423
102	-2694.59	-2863.243	168.6531	1.431988	3.205528
108	-2707.936	-2876.597	168.6612	1.423907	3.205528
114	-2702.507	-2871.111	168.6047	1.306268	3.308413
120	-2710.14	-2878.756	168.6156	1.242777	3.339328
126	-2712.589	-2881.246	168.6571	1.439245	3.198856
132	-2707.99	-2876.992	169.0021	1.325088	3.06148
138	-2704.235	-2872.972	168.7374	1.472574	3.131397
144	-2709.968	-2878.601	168.633	1.373498	3.252029
150	-2707.363	-2876.169	168.8064	1.271132	3.21001
156	-2699.678	-2868.429	168.7511	1.271132	3.242707
162	-2698.554	-2867.003	168.4495	1.176456	3.475547
168	-2698.364	-2866.956	168.5924	1.283075	3.329259
174	-2685.617	-2854.336	168.719	1.328304	3.227893
180	-2689.811	-2858.614	168.8031	1.222344	3.240853
186	-2696.641	-2865.338	168.6968	1.182747	3.326875
192	-2685.433	-2854.07	168.6371	1.242491	3.326875
198	-2686.941	-2855.544	168.6031	1.293076	3.317099
204	-2691.038	-2859.554	168.5162	1.21524	3.413819
210	-2700.624	-2869.168	168.5447	1.186733	3.413819
216	-2694.039	-2862.362	168.3223	1.147999	3.566238
222	-2703.468	-2871.947	168.4787	1.236759	3.423177
228	-2689.513	-2858.123	168.6104	1.272022	3.325197
234	-2693.139	-2861.67	168.5302	1.352254	3.325197
240	-2692.46	-2861.579	169.12	1.462012	2.90846
246	-2692.878	-2861.602	168.724	1.462012	3.145661
252	-2700.308	-2869.107	168.7987	1.387307	3.145661
258	-2697.693	-2866.116	168.4223	1.383398	3.370291
264	-2699.751	-2867.795	168.0445	1.208064	3.692492
270	-2701.425	-2870.123	168.6974	1.231222	3.297963
276	-2703.871	-2872.691	168.82	1.293986	3.18838
282	-2706.355	-2874.259	167.904	1.02698	3.877772
288	-2686.08	-2854.484	168.4035	1.242595	3.463746
294	-2690.507	-2858.973	168.4667	1.133209	3.490736
300	-2686.688	-2855.552	168.8646	1.274299	3.173605
306	-2688.237	-2856.469	168.2319	1.05565	3.672278
312	-2690.068	-2858.876	168.8077	1.283855	3.201678
318	-2687.098	-2855.741	168.6434	1.266325	3.309127
324	-2695.7	-2864.092	168.3927	1.21534	3.486019
330	-2696.394	-2865.084	168.6902	1.21534	3.311598
336	-2687.092	-2855.545	168.4533	1.351852	3.370622
342	-2689.462	-2857.309	167.8474	1.178237	3.823415
348	-2689.796	-2857.961	168.165	1.262874	3.590916
354	-2693.995	-2862.42	168.4253	1.085641	3.54262
360	-2687.102	-2855.715	168.6135	1.289555	3.313023
366	-2689.357	-2857.902	168.5456	1.225319	3.390727
372	-2699.543	-2868.052	168.5089	1.225212	3.412253
378	-2721.256	-2889.77	168.5147	1.272975	3.380845
384	-2700.759	-2869.738	168.9793	1.272975	3.106205
390	-2705.364	-2874.262	168.8979	1.216206	3.188365
396	-2703.724	-2872.475	168.7513	1.344023	3.199489
402	-2688.692	-2857.141	168.4492	1.344023	3.377608
408	-2693.293	-2861.769	168.4756	1.256082	3.413698
414	-2690.535	-2858.915	168.3807	1.230649	3.484068
420	-2694.768	-2863.118	168.3495	1.265651	3.481873
426	-2697.635	-2866	168.3652	1.367448	3.413149
432	-2687.9	-2856.549	168.6489	1.221577	3.332229
438	-2692.257	-2861.127	168.8698	1.193238	3.218624
444	-2696.383	-2864.944	168.5606	1.159562	3.420438
450	-2699.272	-2867.808	168.5364	1.159562	3.434631
456	-2696.318	-2864.587	168.2684	1.18207	3.577779
462	-2693.358	-2861.607	168.2488	1.109726	3.631138
468	-2697.114	-2866.062	168.9479	1.348315	3.07997
474	-2696.41	-2865.043	168.6329	1.176562	3.36808
480	-2692.487	-2860.503	168.0159	1.176562	3.727266
486	-2686.745	-2854.827	168.0822	1.110199	3.727266
492	-2695.718	-2863.978	168.2596	1.274735	3.528984
498	-2700.667	-2869.081	168.4131	1.179353	3.495121
504	-2699.984	-2868.319	168.3355	1.256945	3.495121
510	-2698.463	-2867.154	168.6908	1.297722	3.262651
516	-2709.736	-2877.932	168.196	0.9726948	3.740984
522	-2724.898	-2892.543	167.6445	1.138383	3.962682
528	-2706.391	-2874.841	168.4501	1.232511	3.44241
534	-2710.668	-2878.884	168.2157	1.089044	3.662316
540	-2716.613	-2885.034	168.4207	1.248682	3.450154
546	-2708.725	-2877.306	168.5813	1.42213	3.253841
552	-2707.139	-2875.745	168.6061	1.25778	3.336095
558	-2696.378	-2865.05	168.6715	1.25778	3.297625
564	-2693.732	-2862.334	168.6019	1.427653	3.238425
570	-2693.045	-2861.696	168.6507	1.340551	3.261055
576	-2691.552	-2860.087	168.5344	1.340551	3.329582
582	-2703.868	-2872.517	168.6494	1.352052	3.255007
588	-2702.532	-2871.312	168.7795	1.302633	3.207296
594	-2701.527	-2870.16	168.6325	1.346198	3.268442
600	-2688.608	-2857.293	168.685	1.323538	3.250816
606	-2696.459	-2865.012	168.5537	1.287122	3.349638
612	-2708.863	-2877.117	168.2539	1.166362	3.595342
618	-2698.911	-2867.47	168.5592	1.209275	3.392117
624	-2702.161	-2870.688	168.527	1.287669	3.365026
630	-2702.604	-2871.17	168.566	1.173484	3.409137
636	-2707.137	-2875.744	168.6069	1.13259	3.409137
642	-2699.935	-2868.056	168.1205	1.17136	3.669797
648	-2687.571	-2855.939	168.3679	1.273845	3.466344
654	-2702.919	-2871.813	168.8939	1.252033	3.169449
660	-2701.812	-2870.605	168.7923	1.353658	3.169449
666	-2701.753	-2870.506	168.7526	1.393322	3.169449
672	-2702.584	-2871.158	168.5741	1.38999	3.277075
678	-2696.033	-2864.578	168.5443	1.211439	3.399582
684	-2689.676	-2858.167	168.4911	1.254646	3.40543
690	-2688.792	-2857.159	168.3669	1.416588	3.383356
696	-2689.426	-2858.163	168.7369	1.325352	3.219063
702	-2701.618	-2870.424	168.8059	1.275339	3.207807
708	-2703.99	-2872.6	168.6102	1.34301	3.283486
714	-2687.725	-2856.302	168.5767	1.376557	3.283486
720	-2686.002	-2854.744	168.7415	1.211692	3.283486
726	-2695	-2862.829	167.8286	1.038801	3.914243
732	-2707.116	-2874.702	167.5862	1.074105	4.032702
738	-2688.52	-2856.898	168.3784	1.217911	3.492861
744	-2686.27	-2854.582	168.312	1.214595	3.53347
750	-2679.579	-2847.569	167.9897	1.075499	3.800609
756	-2686.477	-2854.853	168.3765	1.221358	3.491936
762	-2694.903	-2863.212	168.309	1.131339	3.58368
768	-2699.093	-2867.398	168.3053	1.149233	3.575441
774	-2699.127	-2867.383	168.2553	1.35531	3.484518
780	-2697.387	-2866.023	168.636	1.182555	3.362738
786	-2705.937	-2874.233	168.2963	1.393638	3.438164
792	-2709.552	-2878.045	168.4927	1.341354	3.353626
798	-2702.54	-2871.213	168.6733	1.346221	3.244329
804	-2690.949	-2859.682	168.7331	1.2651	3.25696
810	-2707.677	-2876.293	168.6161	1.347665	3.277259
816	-2713.693	-2882.199	168.5058	1.358102	3.336069
822	-2702.781	-2871.44	168.6587	1.422805	3.20765
828	-2700.269	-2868.792	168.523	1.251626	3.388549
834	-2690.975	-2859.476	168.5009	1.251626	3.401469
840	-2699.179	-2867.869	168.6902	1.24323	3.295158
846	-2691.266	-2859.83	168.5649	1.156872	3.419523
852	-2693.374	-2862.307	168.9326	1.410422	3.052052
858	-2695.347	-2863.928	168.5812	1.3183	3.315157
864	-2692.217	-2860.654	168.4371	1.238241	3.446658
870	-2692.578	-2860.893	168.315	1.185002	3.548962
876	-2692.129	-2860.353	168.2242	1.180735	3.604232
882	-2692.193	-2860.388	168.1955	1.144405	3.64195
888	-2683.426	-2851.772	168.3459	1.302642	3.462351
894	-2708.447	-2877.054	168.6065	1.252706	3.33886
900	-2705.424	-2874.031	168.6065	1.252706	3.33886
906	-2691.028	-2859.052	168.0239	1.07988	3.778395
912	-2694.571	-2862.587	168.0155	1.07988	3.78326
918	-2701.935	-2870.472	168.5363	1.252161	3.380417
924	-2705.603	-2874.654	169.0511	1.445492	2.959899
930	-2696.364	-2865.206	168.8425	1.335782	3.150244
936	-2698.946	-2867.641	168.6957	1.423493	3.18534
942	-2691.76	-2860.458	168.6982	1.375167	3.212506
948	-2690.93	-2859.999	169.0687	1.508673	2.911245
954	-2697.816	-2866.863	169.0474	1.378063	3.002634
960	-2702.742	-2871.261	168.5188	1.194943	3.424215
966	-2698.834	-2867.668	168.834	1.419789	3.105297
972	-2686.362	-2855.337	168.975	1.278836	3.105297
978	-2684.502	-2853.166	168.664	1.252617	3.305044
984	-2680.985	-2849.82	168.8348	1.34636	3.148545
990	-2686.476	-2854.802	168.326	1.325213	3.460809
996	-2699.062	-2867.391	168.3298	1.321348	3.460809
1002	-2688.029	-2856.445	168.4156	1.249268	3.452827
1008	-2693.914	-2862.34	168.4257	1.243906	3.450005
1014	-2692.594	-2861.198	168.6036	1.236134	3.350303
1020	-2696.555	-2864.715	168.1603	1.241283	3.606202
1026	-2701.537	-2870.341	168.8034	1.372503	3.15166
1032	-2697.86	-2866.807	168.9461	1.342763	3.084408
1038	-2689.221	-2858.03	168.8087	1.25536	3.217994
1044	-2693.369	-2861.885	168.5163	1.214975	3.413938
1050	-2696.468	-2865.082	168.6137	1.214975	3.356809
1056	-2692.617	-2860.891	168.2742	1.122046	3.609299
1062	-2702.474	-2870.701	168.2269	1.105466	3.646342
1068	-2699.885	-2868.721	168.8363	1.178452	3.247141
1074	-2697.916	-2866.731	168.8147	1.272587	3.204209
1080	-2684.826	-2853.758	168.9319	1.25991	3.142178
1086	-2687.214	-2855.831	168.6166	1.21889	3.352786
1092	-2685.51	-2853.564	168.0537	1.269768	3.65147
1098	-2697.039	-2865.998	168.9591	1.314605	3.093449
1104	-2699.635	-2868.309	168.674	1.314605	3.262584
1110	-2689.582	-2857.887	168.3046	1.180733	3.557503
1116	-2695.469	-2863.921	168.4521	1.180733	3.47154
1122	-2693.806	-2861.848	168.042	1.085187	3.764899
1128	-2692.605	-2861.249	168.6445	1.447394	3.201532
1134	-2697.297	-2866.41	169.1132	1.349589	2.980249
1140	-2701.527	-2870.433	168.9061	1.196822	3.194964
1146	-2695.27	-2863.7	168.4304	1.260954	3.437329
1152	-2697.166	-2865.558	168.3924	1.177097	3.508481
1158	-2691.911	-2860.366	168.455	1.171181	3.475383
1164	-2698.987	-2867.315	168.3284	1.194646	3.535539
1170	-2700.426	-2868.683	168.2562	1.2566	3.541534
1176	-2688.943	-2857.269	168.3262	1.253144	3.502771
1182	-2687.986	-2856.564	168.5777	1.219439	3.375335
1188	-2694.832	-2863.365	168.533	1.198727	3.413656
1194	-2694.055	-2862.763	168.7073	1.273741	3.267062
1200	-2694.982	-2863.673	168.6912	1.289853	3.267062
1206	-2700.511	-2868.762	168.2506	1.260147	3.542705
1212	-2698.801	-2867.098	168.2978	1.309424	3.486498
1218	-2698.686	-2867.204	168.5179	1.104416	3.477679
1224	-2688.92	-2857.566	168.6463	1.381274	3.239554
1230	-2693.367	-2862.135	168.7684	1.308364	3.210447
1236	-2694.574	-2863.516	168.9423	1.308364	3.107175
1242	-2689.165	-2857.919	168.7544	1.308364	3.218729
1248	-2703.295	-2872.019	168.7244	1.313708	3.233373
1254	-2702.481	-2871.205	168.7244	1.313708	3.233373
1260	-2702.134	-2870.769	168.6354	1.313708	3.285934
1266	-2691.68	-2860.294	168.6145	1.281901	3.316974
1272	-2699.417	-2867.961	168.5439	1.247117	3.378933
1278	-2715.844	-2883.901	168.0567	1.074375	3.762655
1284	-2692.619	-2860.639	168.0201	1.171397	3.727803
1290	-2687.134	-2855.528	168.3946	1.164787	3.514396
1296	-2692.641	-2861.005	168.3645	1.194828	3.514396
1302	-2693.002	-2861.528	168.5264	1.179672	3.42872
1308	-2694.224	-2862.651	168.4271	1.157923	3.499423
1314	-2688.191	-2856.595	168.4044	1.180621	3.499423
1320	-2695.182	-2863.761	168.5789	1.110573	3.438422
1326	-2695.008	-2863.689	168.6807	1.337375	3.245172
1332	-2690.849	-2859.55	168.7013	1.31684	3.245172
1338	-2701.515	-2870.524	169.009	1.285491	3.081034
1344	-2691.772	-2860.267	168.495	1.170328	3.452504
1350	-2695.653	-2864.369	168.716	1.151201	3.334162
1356	-2696.747	-2865.434	168.6867	1.206158	3.319065
1362	-2687.198	-2856.365	169.1675	1.204144	3.034901
1368	-2686.723	-2855.166	168.4429	1.326534	3.391598
1374	-2686.987	-2855.824	168.8374	1.298268	3.175544
1380	-2683.051	-2851.566	168.5154	1.17462	3.43808
1386	-2688.982	-2857.476	168.4937	1.144631	3.468307
1392	-2687.941	-2856.221	168.2794	1.358959	3.468307
1398	-2694.773	-2863.639	168.8656	1.358959	3.122712
1404	-2689.399	-2857.775	168.3763	1.167344	3.523547
1410	-2686.832	-2855.23	168.3977	1.196945	3.493794
1416	-2695.135	-2864.052	168.9165	1.196945	3.188723
1422	-2689.903	-2858.607	168.7037	1.362496	3.216696
1428	-2692.184	-2860.261	168.0769	1.101445	3.735401
1434	-2683.459	-2851.273	167.8138	1.03358	3.925705
1440	-2688.086	-2856.44	168.3537	1.111937	3.568967
1446	-2698.726	-2867.032	168.3057	1.108298	3.598966
1452	-2691.042	-2859.434	168.3915	1.316057	3.427839
1458	-2688.472	-2857.108	168.6358	1.261997	3.31613
1464	-2693.19	-2861.63	168.4398	1.297134	3.410617
1470	-2695.29	-2863.479	168.1885	1.086528	3.679496
1476	-2696.877	-2864.823	167.9461	1.067122	3.830523
1482	-2694.685	-2862.554	167.869	1.144222	3.830523
1488	-2684.69	-2852.985	168.2943	1.18375	3.561752
1494	-2692.025	-2860.374	168.3492	1.20497	3.517441
1500	-2687.098	-2855.494	168.3965	1.165188	3.513025
1506	-2697.95	-2866.145	168.1947	1.065671	3.688019
1512	-2702.601	-2870.416	167.8148	1.065671	3.906739
1518	-2690.772	-2859.149	168.3773	1.150312	3.53288
1524	-2685.84	-2854.354	168.5142	1.137423	3.460521
1530	-2686.12	-2854.454	168.3341	1.317563	3.460521
1536	-2694.357	-2862.929	168.5721	0.9724899	3.522997
1542	-2688.811	-2856.639	167.8272	1.127805	3.863963
1548	-2685.393	-2853.364	167.9713	1.127805	3.781119
1554	-2699.057	-2867.903	168.8454	1.537239	3.028343
1560	-2703.341	-2871.985	168.644	1.483549	3.180387
1566	-2691.159	-2859.503	168.3443	1.281538	3.47558
1572	-2691.616	-2860.289	168.6734	1.198885	3.33113
1578	-2689.274	-2858.009	168.7356	1.263625	3.256341
1584	-2709.133	-2877.682	168.5496	1.166104	3.42308
1590	-2701.886	-2869.98	168.0941	1.214596	3.66001
1596	-2711.845	-2880.464	168.6186	1.320098	3.292056
1602	-2699.599	-2868.097	168.498	1.287353	3.382223
1608	-2695.917	-2864.512	168.5952	1.216524	3.366783
1614	-2713.849	-2882.446	168.5965	1.432159	3.238911
1620	-2698.516	-2867.056	168.5402	1.310358	3.343914
1626	-2692.109	-2861.002	168.8937	1.310358	3.134898
1632	-2691.235	-2859.773	168.5384	1.258345	3.375532
1638	-2697.792	-2866.244	168.4522	1.258345	3.426095
1644	-2700.379	-2869.059	168.6804	1.258345	3.292047
1650	-2697.849	-2866.726	168.8767	1.258345	3.175914
1656	-2689.251	-2858.284	169.0336	1.38222	3.008472
1662	-2690.786	-2859.973	169.1867	1.56653	2.804648
1668	-2703.427	-2872.015	168.5876	1.56653	3.164614
1674	-2709.38	-2878.286	168.9061	1.439105	3.050756
1680	-2697.71	-2866.344	168.634	1.302797	3.293179
1686	-2692.153	-2860.487	168.3337	1.186969	3.536927
1692	-2696.05	-2864.513	168.4627	1.283	3.405457
1698	-2693.586	-2861.587	168.0009	1.136573	3.758967
1704	-2693.666	-2862.175	168.5089	1.282327	3.37878
1710	-2692.546	-2861.129	168.5833	1.20791	3.37878
1716	-2695.776	-2864.173	168.3971	1.31244	3.426681
1722	-2691.753	-2860.365	168.6118	1.274353	3.323009
1728	-2683.549	-2852.213	168.6638	1.222318	3.323009
1734	-2687.836	-2856.415	168.579	1.171407	3.402743
1740	-2694.764	-2863.246	168.4812	1.269152	3.402743
1746	-2691.327	-2859.93	168.6031	1.187068	3.379396
1752	-2680.479	-2849.171	168.6916	1.250059	3.290282
1758	-2693.075	-2862.022	168.9465	1.513783	2.981767
1764	-2693.981	-2862.789	168.807	1.513783	3.06531
1770	-2690.248	-2859.257	169.0091	1.487707	2.959804
1776	-2691.503	-2860.652	169.1486	1.53036	2.849794
1782	-2701.559	-2870.666	169.1073	1.454323	2.920765
1788	-2703.69	-2872.35	168.66	1.148116	3.368869
1794	-2689.502	-2858.12	168.6173	1.20842	3.35854
1800	-2690.779	-2859.063	168.2841	1.173847	3.573453
1806	-2693.855	-2862.692	168.8364	1.478764	3.068695
1812	-2700.449	-2869.355	168.9066	1.384461	3.083102
1818	-2703.331	-2872.339	169.0074	1.436189	2.991753
1824	-2694.937	-2863.796	168.8592	1.436189	3.080492
1830	-2697.278	-2866.272	168.9933	1.378789	3.034642
1836	-2695.993	-2864.923	168.9305	1.219409	3.167075
1842	-2690.067	-2858.679	168.6121	1.203858	3.364241
1848	-2693.595	-2861.987	168.3922	1.203858	3.49302
1854	-2699.342	-2867.76	168.4174	1.178639	3.49302
1860	-2706.52	-2875.624	169.1043	1.380738	2.966898
1866	-2696.191	-2864.443	168.2528	1.207322	3.572172
1872	-2689.085	-2858.058	168.9727	1.353218	3.062265
1878	-2694.614	-2863.494	168.8803	1.353218	3.117381
1884	-2686.32	-2855.312	168.992	1.24156	3.117381
1890	-2698.089	-2866.379	168.2894	1.217967	3.544704
1896	-2697.072	-2865.727	168.6551	1.258445	3.306885
1902	-2690.993	-2859.262	168.2691	1.111824	3.618188
1908	-2696.369	-2864.934	168.5645	1.196817	3.396308
1914	-2695.719	-2863.984	168.2645	1.170959	3.586527
1920	-2695.405	-2863.917	168.5128	1.26475	3.386829
1926	-2694.281	-2862.795	168.5138	1.29731	3.367119
1932	-2698.184	-2866.577	168.3932	1.232479	3.475682
1938	-2697.645	-2865.886	168.241	1.235099	3.562861
1944	-2697.568	-2866.601	169.033	1.409295	2.992544
1950	-2703.965	-2872.364	168.399	1.111172	3.543031
1956	-2698.058	-2866.412	168.3544	1.34083	3.435048
1962	-2705.379	-2873.776	168.3979	1.362192	3.397025
1968	-2703.642	-2871.723	168.0816	1.257292	3.642557
1974	-2705.029	-2873.537	168.5075	1.210473	3.421738
1980	-2708.712	-2876.904	168.1914	1.067996	3.688543
1986	-2702.309	-2870.569	168.2602	1.23893	3.549452
1992	-2705.332	-2874.696	169.3644	1.290202	2.864573
1998	-2703.599	-2871.992	168.3925	1.404345	3.37546
2004	-2693.235	-2862.374	169.1388	1.30058	2.994297
2010	-2698.871	-2868.033	169.1621	1.54143	2.834845
2016	-2703.907	-2873.003	169.0959	1.313921	3.012032
2022	-2706.065	-2874.58	168.5144	1.313921	3.356995
2028	-2708.821	-2877.181	168.3599	1.328163	3.439228
2034	-2706.668	-2874.847	168.179	1.143128	3.652248
2040	-2708.277	-2876.234	167.9567	1.096508	3.807518
2046	-2695.366	-2863.489	168.1233	1.134252	3.689637
2052	-2702.773	-2870.934	168.1604	1.126344	3.672744
2058	-2687.06	-2855.598	168.5387	1.282681	3.361087
2064	-2690.553	-2858.918	168.3652	1.244786	3.484872
2070	-2704.1	-2872.082	167.9813	1.065747	3.811081
2076	-2699.427	-2867.685	168.258	1.065747	3.651289
2082	-2692.063	-2860.816	168.7531	1.094512	3.345665
2088	-2695.912	-2863.933	168.0211	1.074239	3.783247
2094	-2698.449	-2866.485	168.0356	1.059807	3.783247
2100	-2700.625	-2868.892	168.2671	1.269365	3.527744
2106	-2693.375	-2861.68	168.3053	1.178827	3.558202
2112	-2694.11	-2862.738	168.6276	1.178827	3.369836
2118	-2701.776	-2869.811	168.035	1.105664	3.757151
2124	-2711.474	-2879.44	167.9663	1.174338	3.757151
2130	-2710.472	-2879.039	168.5674	1.080785	3.462523
2136	-2695.336	-2863.765	168.429	1.219273	3.462523
2142	-2699.522	-2867.979	168.4564	1.094273	3.51944
2148	-2713.9	-2881.758	167.8579	1.094273	3.865615
2154	-2701.537	-2870.005	168.4681	1.228714	3.434096
2160	-2691.369	-2860.131	168.7625	1.4009	3.159098
2166	-2694.389	-2863.542	169.1527	1.440689	2.901602
2172	-2693.281	-2861.814	168.533	1.329106	3.337173
2178	-2703.912	-2872.99	169.0783	1.323084	3.017099
2184	-2692.036	-2860.931	168.895	1.384975	3.08969
2190	-2694.18	-2863.224	169.0434	1.357836	3.017209
2196	-2698.792	-2867.321	168.5287	1.382421	3.308276
2202	-2688.525	-2857.12	168.5944	1.249163	3.348064
2208	-2696.537	-2864.935	168.3975	1.249163	3.463443
2214	-2700.686	-2868.848	168.1622	1.217412	3.61891
2220	-2684.293	-2852.436	168.1434	1.236229	3.61891
2226	-2692.187	-2860.649	168.4623	1.236229	3.433136
2232	-2684.852	-2853.25	168.3982	1.300248	3.433136
2238	-2677.169	-2845.571	168.4022	1.26115	3.453702
2244	-2689.496	-2857.668	168.1718	1.183115	3.633256
2250	-2707.545	-2875.759	168.2143	1.140614	3.633256
2256	-2706.808	-2875.376	168.5689	1.185969	3.400125
2262	-2701.749	-2870.283	168.5344	1.320436	3.341431
2268	-2690.983	-2858.703	167.7196	1.07705	3.954781
2274	-2695.04	-2863.033	167.9922	1.156481	3.752532
2280	-2693.158	-2861.495	168.3374	1.056008	3.610914
2286	-2688.034	-2856.654	168.6194	1.211276	3.355646
2292	-2692.125	-2860.648	168.5226	1.487352	3.249993
2298	-2688.088	-2856.545	168.4575	1.221989	3.444251
2304	-2691.005	-2859.787	168.7815	1.345539	3.180695
2310	-2688.368	-2857.179	168.8109	1.316087	3.180695
2316	-2694.385	-2863.287	168.9016	1.353626	3.104468
2322	-2698.142	-2866.623	168.4807	1.306419	3.381207
2328	-2692.694	-2861.126	168.4314	1.231796	3.453756
2334	-2687.802	-2856.575	168.7722	1.295246	3.216005
2340	-2688.282	-2857.436	169.1533	1.271518	3.003037
2346	-2702.266	-2871.204	168.9386	1.329723	3.09661
2352	-2698.716	-2867.426	168.7098	1.346759	3.222418
2358	-2690.087	-2858.723	168.636	1.226082	3.337144
2364	-2708.155	-2876.638	168.483	1.250495	3.412632
2370	-2703.208	-2871.468	168.2597	1.221983	3.559633
2376	-2695.68	-2864	168.3194	1.313144	3.471681
2382	-2692.796	-2861.413	168.6174	1.510887	3.179945
2388	-2694.058	-2862.441	168.3834	1.304367	3.4394
2394	-2690.294	-2858.315	168.0209	1.186153	3.718818
2400	-2708.683	-2876.911	168.2275	1.015261	3.698173
2406	-2696.388	-2864.641	168.2529	1.074689	3.649093
2412	-2706.147	-2875.099	168.952	1.360577	3.070258
2418	-2707.791	-2876.451	168.6599	1.360577	3.243744
2424	-2695.901	-2864.718	168.8162	1.248876	3.217359
2430	-2694.633	-2863.347	168.7143	1.301391	3.24658
2436	-2703.191	-2872.138	168.947	1.461602	3.012771
2442	-2693.116	-2862.442	169.3254	1.444303	2.794669
2448	-2695.441	-2863.372	167.9316	1.13388	3.800478
2454	-2693.067	-2861.677	168.6099	1.331539	3.290411
2460	-2689.619	-2857.976	168.3574	1.360428	3.421788
2466	-2693.789	-2862.085	168.2952	1.166257	3.571388
2472	-2690.134	-2858.548	168.4138	1.215084	3.47385
2478	-2690.593	-2859.302	168.7084	1.260655	3.274127
2484	-2695.463	-2864.092	168.6284	1.260655	3.321316
2490	-2701.388	-2870.207	168.818	1.306163	3.182344
2496	-2697.852	-2866.339	168.4873	1.306163	3.377503
2502	-2695.079	-2864.011	168.9315	1.353369	3.086751
2508	-2687.334	-2856.351	169.0178	1.407726	3.002604
2514	-2693.13	-2862.078	168.9481	1.335969	3.087265
2520	-2693.936	-2862.471	168.535	1.384018	3.303674
2526	-2702.574	-2871.381	168.8071	1.454247	3.100792
2532	-2687.496	-2855.871	168.3746	1.22528	3.490746
2538	-2705.954	-2874.532	168.5781	1.302306	3.326371
2544	-2703.565	-2872.049	168.4841	1.186698	3.449359
2550	-2694.126	-2862.61	168.4841	1.186698	3.449359
2556	-2695.472	-2864.27	168.7989	1.503012	3.076621
2562	-2685.334	-2854.733	169.3988	1.503012	2.713954
2568	-2685.71	-2854.983	169.2732	1.635821	2.709524
2574	-2683.016	-2852.292	169.2761	1.632904	2.709524
2580	-2683.286	-2852.152	168.8662	1.291841	3.162238
2586	-2683.682	-2852.645	168.9631	1.315406	3.090587
2592	-2686.087	-2854.598	168.5104	1.345197	3.340964
2598	-2686.222	-2854.864	168.642	1.345197	3.263409
2604	-2695.764	-2864.412	168.6477	1.339496	3.263409
2610	-2689.151	-2858.02	168.8693	1.339496	3.132068
2616	-2690.141	-2858.942	168.8016	1.407279	3.132068
2622	-2698.68	-2867.35	168.6704	1.310307	3.267258
2628	-2693.456	-2861.678	168.2222	1.296452	3.538115
2634	-2701.455	-2869.669	168.2139	1.223825	3.585212
2640	-2697.503	-2866.125	168.6219	1.223825	3.346778
2646	-2693.256	-2862.044	168.7881	1.418744	3.133273
2652	-2690.821	-2859.545	168.7241	1.377404	3.195817
2658	-2692.512	-2861.762	169.2502	1.487975	2.813797
2664	-2686.498	-2855.057	168.5591	1.390541	3.285577
2670	-2701.162	-2869.803	168.641	1.308703	3.285577
2676	-2703.103	-2871.736	168.6328	1.300343	3.29535
2682	-2708.437	-2877.501	169.064	1.392983	2.983758
2688	-2697.898	-2866.467	168.5685	1.293218	3.337358
2694	-2699.503	-2867.928	168.4247	1.245285	3.449801
2700	-2702.639	-2871.244	168.6045	1.193047	3.37506
2706	-2707.696	-2876.086	168.3897	1.296132	3.440551
2712	-2696.721	-2864.931	168.2096	1.118628	3.648736
2718	-2690.565	-2858.812	168.247	1.075511	3.652055
2724	-2689.899	-2858.027	168.1274	1.169712	3.666721
2730	-2694.998	-2863.174	168.176	1.169712	3.638586
2736	-2704.753	-2872.969	168.2159	1.24033	3.574423
2742	-2700.914	-2869.11	168.196	1.103193	3.665535
2748	-2699.781	-2867.911	168.1298	1.169408	3.665535
2754	-2711.072	-2879.323	168.2506	1.225779	3.562726
2760	-2705.589	-2874.284	168.6954	1.189264	3.323849
2766	-2694.324	-2862.571	168.2474	1.264439	3.542067
2772	-2703.547	-2872.062	168.5147	1.345589	3.338226
2778	-2692.847	-2861.508	168.6615	1.198777	3.338226
2784	-2698.076	-2866.383	168.3074	1.198777	3.545372
2790	-2701.39	-2869.818	168.4277	1.169165	3.492495
2796	-2700.891	-2869.28	168.3895	1.269009	3.456537
2802	-2693.403	-2862.017	168.6139	1.396566	3.24971
2808	-2689.739	-2858.775	169.0361	1.393244	3.000315
2814	-2698.346	-2867.411	169.0647	1.424191	2.964548
2820	-2704.323	-2872.665	168.3428	1.09972	3.582412
2826	-2703.7	-2872.148	168.4481	1.312727	3.396599
2832	-2702.987	-2871.497	168.5098	1.374124	3.324305
2838	-2701.406	-2870.121	168.7142	1.374124	3.203622
2844	-2691.593	-2860.637	169.0438	1.455628	2.958242
2850	-2711.626	-2880.815	169.1888	1.455628	2.870701
2856	-2696.209	-2864.832	168.6231	1.333633	3.281425
2862	-2693.045	-2862.122	169.0772	1.333633	3.011437
2868	-2693.741	-2862.155	168.4136	1.169867	3.500367
2874	-2688.423	-2856.792	168.3699	1.213488	3.500367
2880	-2691.021	-2859.676	168.6548	1.219971	3.329679
2886	-2696.231	-2864.424	168.1931	1.208495	3.606172
2892	-2699.687	-2867.88	168.1931	1.208495	3.606172
2898	-2702.013	-2870.229	168.2159	1.185689	3.606172
2904	-2702.692	-2871.023	168.3307	1.102312	3.587929
2910	-2685.656	-2853.959	168.3037	1.274493	3.503438
2916	-2679.425	-2848.34	168.9154	1.258811	3.152634
2922	-2691.936	-2860.828	168.8914	1.244546	3.175355
2928	-2688.335	-2857.224	168.8893	1.401169	3.083443
2934	-2686.364	-2854.901	168.5365	1.274167	3.367377
2940	-2686.329	-2854.735	168.4056	1.350071	3.39966
2946	-2686.793	-2854.965	168.1717	1.215281	3.614644
2952	-2690.741	-2859.057	168.3158	1.178927	3.552061
2958	-2689.018	-2857.448	168.4304	1.412647	3.348344
2964	-2687.302	-2855.771	168.4687	1.264368	3.412896
2970	-2692.343	-2860.844	168.5018	1.264368	3.393496
2976	-2689.57	-2858.309	168.7395	1.218711	3.280535
2982	-2694.358	-2863.204	168.8459	1.457782	3.075537
2988	-2699.11	-2867.977	168.8674	1.257334	3.18203
2994	-2691.596	-2860.619	169.0231	1.419229	2.992554
3000	-2693.338	-2862.218	168.8794	1.419229	3.078548
3006	-2688.075	-2856.867	168.7927	1.356052	3.167779
3012	-2691.618	-2860.354	168.7362	1.356052	3.201289
3018	-2691.311	-2859.947	168.6358	1.448523	3.206002
3024	-2686.639	-2855.319	168.6802	1.338473	3.24485
3030	-2691.464	-2860.257	168.7937	1.441725	3.116255
3036	-2678.085	-2846.967	168.8818	1.193108	3.211587
3042	-2693.52	-2862.1	168.58	1.191623	3.39029
3048	-2687.541	-2856.014	168.473	1.29858	3.39029
3054	-2696.761	-2865.645	168.8842	1.285299	3.155431
3060	-2697.77	-2866.496	168.726	1.443557	3.155431
3066	-2708.086	-2876.559	168.4732	1.337978	3.367057
3072	-2695.05	-2863.62	168.5706	1.215327	3.381896
3078	-2699.991	-2868.773	168.7821	1.392407	3.152498
3084	-2695.061	-2863.889	168.8274	1.347063	3.152498
3090	-2689.857	-2858.593	168.7361	1.178905	3.306007
3096	-2680.572	-2848.871	168.2983	1.067899	3.626729
3102	-2682.428	-2850.815	168.3877	1.109253	3.550762
3108	-2687.849	-2856.316	168.4667	1.117319	3.500041
3114	-2685.362	-2853.711	168.3487	1.141012	3.554962
3120	-2701.16	-2869.553	168.3931	1.16344	3.516065
3126	-2706.617	-2874.802	168.1848	1.112592	3.666574
3132	-2702.036	-2870.077	168.0408	1.185435	3.707727
3138	-2711.215	-2879.187	167.9721	1.220437	3.727209
3144	-2708.775	-2877.35	168.5751	1.131594	3.428326
3150	-2714.179	-2882.489	168.3104	1.116282	3.591609
3156	-2705.27	-2873.74	168.4707	1.031027	3.547936
3162	-2704.501	-2872.762	168.2609	1.25589	3.539217
3168	-2704.478	-2873.147	168.6693	1.221355	3.320329
3174	-2698.192	-2866.842	168.6497	1.216424	3.334764
3180	-2697.111	-2865.495	168.3842	1.193389	3.503768
3186	-2693.907	-2861.909	168.002	1.125335	3.764838
3192	-2687.957	-2856.382	168.4254	1.307512	3.412985
3198	-2696.991	-2865.945	168.9539	1.156982	3.190265
3204	-2702.92	-2871.633	168.7129	1.259683	3.272075
3210	-2706.385	-2875.133	168.7476	1.266861	3.247315
3216	-2696.375	-2864.629	168.2545	1.223893	3.561536
3222	-2706.439	-2874.437	167.9976	1.141726	3.757895
3228	-2707.007	-2875.788	168.7811	1.298872	3.208595
3234	-2690.545	-2859.311	168.766	1.204964	3.273042
3240	-2692.966	-2861.55	168.5841	1.373134	3.281117
3246	-2690.263	-2859.051	168.788	1.323699	3.189737
3252	-2693.028	-2862.107	169.0793	1.255488	3.056947
3258	-2689.874	-2858.72	168.8466	1.348232	3.140413
3264	-2690.1	-2858.67	168.5695	1.348232	3.304428
3270	-2692.231	-2860.799	168.567	1.350641	3.304428
3276	-2686.507	-2855.599	169.0916	1.473538	2.918637
3282	-2688.092	-2856.735	168.6421	1.473538	3.187419
3288	-2686.334	-2855.629	169.2949	1.556977	2.744509
3294	-2690.396	-2859.351	168.9549	1.40068	3.044532
3300	-2691.801	-2861.053	169.2521	1.402698	2.864433
3306	-2693.272	-2861.736	168.4635	1.347536	3.367148
3312	-2691.431	-2860.191	168.7595	1.347536	3.192533
3318	-2701.564	-2870.594	169.03	1.59022	2.885362
3324	-2688.885	-2857.774	168.8891	1.414362	3.075658
3330	-2705.502	-2874.473	168.9711	1.514462	2.966583
3336	-2693.736	-2862.416	168.68	1.191885	3.331423
3342	-2688.081	-2856.772	168.6913	1.284357	3.270268
3348	-2695.478	-2864.41	168.9314	1.344435	3.092186
3354	-2686.624	-2855.479	168.8547	1.293974	3.167815
3360	-2695.778	-2864.259	168.4811	1.437233	3.304037
3366	-2695.474	-2863.52	168.0458	1.219405	3.685198
3372	-2692.062	-2860.58	168.5187	1.219405	3.409914
3378	-2693.278	-2861.681	168.4032	1.219405	3.477517
3384	-2694.636	-2863.166	168.5309	1.168318	3.432736
3390	-2709.119	-2877.732	168.6125	1.086662	3.432736
3396	-2703.57	-2871.692	168.1225	1.188177	3.658903
3402	-2701.706	-2869.922	168.2159	1.23912	3.575135
3408	-2702.438	-2870.799	168.3609	1.292798	3.459322
3414	-2709.098	-2877.582	168.4843	1.169381	3.459322
3420	-2713.017	-2880.999	167.9824	1.296325	3.677361
3426	-2702.54	-2870.3	167.7602	1.226873	3.845588
3432	-2693.098	-2861.74	168.6428	1.177472	3.361742
3438	-2683.968	-2852.332	168.364	1.227762	3.495471
3444	-2675.773	-2844.095	168.3218	1.205737	3.532916
3450	-2686.854	-2855.628	168.7733	1.265323	3.233017
3456	-2699.367	-2867.39	168.023	1.276866	3.665131
3462	-2687.714	-2856.331	168.6169	1.35432	3.272843
3468	-2687.635	-2856.042	168.4075	1.262876	3.449603
3474	-2687.281	-2855.764	168.4835	1.109695	3.494654
3480	-2695.566	-2863.916	168.3505	1.18016	3.531096
3486	-2694.142	-2863.121	168.979	1.338955	3.067025
3492	-2687.723	-2856.413	168.6895	1.161665	3.343562
3498	-2687.979	-2856.509	168.53	1.321245	3.343562
3504	-2681.274	-2850.04	168.766	1.409609	3.151813
3510	-2678.711	-2847.251	168.5397	1.409609	3.285805
3516	-2700.79	-2869.646	168.8559	1.409609	3.098346
3522	-2687.858	-2856.345	168.4873	1.160017	3.463061
3528	-2686.302	-2855.08	168.778	1.276922	3.223378
3534	-2690.98	-2859.498	168.5182	1.305144	3.359938
3540	-2684.114	-2852.91	168.7965	1.305144	3.195712
3546	-2684.807	-2853.529	168.7221	1.379579	3.195712
3552	-2689.222	-2858.017	168.7942	1.455627	3.107651
3558	-2692.767	-2861.852	169.0849	1.398441	2.967913
3564	-2707.934	-2876.9	168.9653	1.417012	3.028518
3570	-2705.623	-2874.121	168.4975	1.359002	3.340435
3576	-2708.084	-2876.785	168.7013	1.272274	3.271485
3582	-2693.123	-2861.98	168.8568	1.262988	3.18499
3588	-2686.308	-2854.889	168.5813	1.394334	3.270284
3594	-2689.108	-2857.672	168.5633	1.259667	3.360167
3600	-2686.732	-2855.249	168.5162	1.277613	3.37727
3606	-2687.54	-2856.35	168.8097	1.276663	3.204804
3612	-2686.583	-2855.23	168.647	1.3194	3.275695
3618	-2692.109	-2860.781	168.6719	1.32148	3.259774
3624	-2692.15	-2860.362	168.2116	1.129887	3.641006
3630	-2693.93	-2862.556	168.6258	1.287822	3.306825
3636	-2692.701	-2861.368	168.6668	1.287822	3.282651
3642	-2690.293	-2859.002	168.7088	1.245856	3.282651
3648	-2701.343	-2869.733	168.3892	1.2171	3.487005
3654	-2697.393	-2865.719	168.3259	1.280403	3.487005
3660	-2693.494	-2862.196	168.7025	1.36347	3.216842
3666	-2690.233	-2858.274	168.0411	1.231584	3.680879
3672	-2695.564	-2864.097	168.533	1.279194	3.366474
3678	-2697.683	-2866.321	168.6375	1.174703	3.366474
3684	-2712.699	-2880.808	168.1091	1.184721	3.668632
3690	-2696.568	-2864.743	168.1751	1.066778	3.698695
3696	-2696.234	-2864.276	168.0428	1.199028	3.698695
3702	-2691.396	-2859.422	168.0266	1.168649	3.725619
3708	-2705.712	-2873.93	168.2176	1.169601	3.614503
3714	-2691.162	-2859.737	168.5751	1.142309	3.422071
3720	-2697.596	-2866.058	168.4613	1.256046	3.422071
3726	-2698.46	-2867.03	168.57	1.238861	3.368412
3732	-2706.786	-2875.151	168.365	1.443907	3.368412
3738	-2691.926	-2860.447	168.5211	1.358051	3.32712
3744	-2701.183	-2870.144	168.9608	1.308867	3.095817
3750	-2695.187	-2863.825	168.6382	1.134722	3.389528
3756	-2695.403	-2864.032	168.6293	1.241325	3.332139
3762	-2700.213	-2868.73	168.5174	1.320943	3.351102
3768	-2712.801	-2881.535	168.7342	1.317235	3.225432
3774	-2698.967	-2867.565	168.5984	1.243005	3.349306
3780	-2701.579	-2869.87	168.291	1.251889	3.523974
3786	-2688.062	-2856.415	168.353	1.18991	3.523974
3792	-2686.642	-2855.236	168.5939	1.18991	3.383152
3798	-2684.305	-2852.878	168.5724	1.298874	3.331771
3804	-2684.359	-2853.125	168.7659	1.37132	3.174629
3810	-2689.985	-2858.634	168.6485	1.46409	3.189211
3816	-2694.271	-2863.303	169.0313	1.32847	3.041989
3822	-2693.385	-2862.442	169.0569	1.386233	2.992078
3828	-2694.617	-2863.399	168.7818	1.475792	3.103032
3834	-2705.667	-2874.593	168.9254	1.325263	3.107152
3840	-2705.747	-2874.39	168.643	1.269919	3.307212
3846	-2700.638	-2869.403	168.7652	1.380937	3.169331
3852	-2705.414	-2873.891	168.4764	1.462718	3.291773
3858	-2698.859	-2867.801	168.9417	1.462718	3.01526
3864	-2698.253	-2866.871	168.6182	1.303461	3.302093
3870	-2702.401	-2870.988	168.5863	1.335367	3.302093
3876	-2694.948	-2863.496	168.5485	1.193319	3.407737
3882	-2692.143	-2860.731	168.5883	1.153583	3.407737
3888	-2693.106	-2861.354	168.2485	1.199243	3.579384
3894	-2700.309	-2869.229	168.9197	1.239174	3.161769
3900	-2695.928	-2864.252	168.3238	1.274054	3.491917
3906	-2700.017	-2868.298	168.2808	1.126092	3.603115
3912	-2690.996	-2859.37	168.3743	1.381844	3.399377
3918	-2706.051	-2874.658	168.6067	1.381844	3.262628
3924	-2706.838	-2875.748	168.91	1.279425	3.143628
3930	-2693.995	-2862.557	168.5629	1.260492	3.359873
3936	-2694.104	-2863.213	169.1089	1.429801	2.934558
3942	-2688.789	-2857.839	169.0505	1.547884	2.898575
3948	-2686.706	-2855.571	168.8651	1.315346	3.148968
3954	-2698.496	-2867.107	168.6113	1.370714	3.266504
3960	-2693.156	-2861.783	168.6265	1.355476	3.266504
3966	-2696.917	-2865.843	168.9257	1.355476	3.088966
3972	-2704.635	-2873.173	168.5383	1.352272	3.320425
3978	-2709.661	-2877.979	168.3177	1.183909	3.548044
3984	-2705.312	-2873.711	168.3997	1.273269	3.448089
3990	-2689.605	-2858.362	168.7578	1.355759	3.188649
3996	-2691.307	-2860.065	168.7582	1.200037	3.280507
4002	-2696.166	-2865.12	168.9544	1.4339	3.02492
4008	-2696.421	-2865.416	168.995	1.526148	2.945142
4014	-2688.227	-2857.106	168.8785	1.293249	3.154126
4020	-2690.001	-2858.811	168.8105	1.371362	3.148127
4026	-2692.909	-2861.832	168.9224	1.371362	3.081438
4032	-2690.5	-2858.867	168.3669	1.384382	3.402198
4038	-2693.275	-2861.937	168.6627	1.222127	3.323804
4044	-2699.673	-2868.062	168.3881	1.200324	3.49745
4050	-2702.421	-2870.771	168.35	1.200324	3.519641
4056	-2696.418	-2864.766	168.3477	1.193971	3.524731
4062	-2696.776	-2865.303	168.5275	1.256483	3.383028
4068	-2701.347	-2870.104	168.7578	1.163546	3.30227
4074	-2697.027	-2864.988	167.9616	1.19871	3.745811
4080	-2694.081	-2862.174	168.0934	1.166151	3.688448
4086	-2693.899	-2862.402	168.5025	1.183838	3.440264
4092	-2697.595	-2866.068	168.4727	1.220463	3.436228
4098	-2691.151	-2859.688	168.5366	1.394009	3.29683
4104	-2698.855	-2867.755	168.9006	1.383325	3.087303
4110	-2691.748	-2860.575	168.8274	1.310051	3.174488
4116	-2687.925	-2856.537	168.6112	1.337011	3.286425
4122	-2686.977	-2855.554	168.5775	1.155529	3.412886
4128	-2680.319	-2849.306	168.9871	1.22984	3.12723
4134	-2690.974	-2859.82	168.8467	1.283327	3.17887
4140	-2680.645	-2849.241	168.5958	1.470788	3.216501
4146	-2687.195	-2856.048	168.853	1.404365	3.103164
4152	-2691.134	-2860.16	169.026	1.322709	3.048612
4158	-2694.327	-2862.535	168.2089	1.313056	3.536211
4164	-2697.616	-2866.092	168.4765	1.045416	3.536211
4170	-2688.441	-2856.763	168.3217	1.187473	3.543659
4176	-2694.351	-2862.646	168.2952	1.338344	3.471126
4182	-2693.795	-2862.22	168.4248	1.25638	3.443272
4188	-2702.728	-2871.248	168.5197	1.300633	3.361698
4194	-2690.767	-2859.296	168.5296	1.300633	3.355872
4200	-2684.56	-2853.408	168.8484	1.323638	3.153961
4206	-2686.476	-2855.217	168.7415	1.430564	3.153961
4212	-2701.998	-2870.6	168.602	1.323188	3.300031
4218	-2687.431	-2855.678	168.2469	1.217669	3.569574
4224	-2704.882	-2873.441	168.5591	1.213901	3.3895
4230	-2709.451	-2878.118	168.6667	1.250728	3.304599
4236	-2694.178	-2862.505	168.3272	1.216374	3.523599
4242	-2690.304	-2858.875	168.5711	1.234892	3.370102
4248	-2690.425	-2859.26	168.8351	1.392393	3.120944
4254	-2699.378	-2867.745	168.3674	1.397041	3.394496
4260	-2688.394	-2856.683	168.2894	1.286155	3.50497
4266	-2688.647	-2857.461	168.8133	1.231226	3.229566
4272	-2701.52	-2870.533	169.0122	1.366495	3.030681
4278	-2698.824	-2867.562	168.7384	1.293458	3.237061
4284	-2701.877	-2870.501	168.6235	1.408291	3.237061
4290	-2711.087	-2879.649	168.5617	1.274854	3.352149
4296	-2704.158	-2872.753	168.5951	1.241452	3.352149
4302	-2692.411	-2861.122	168.7107	1.125841	3.352149
4308	-2691.758	-2860.497	168.739	1.319283	3.221418
4314	-2702.474	-2870.129	167.6556	1.211751	3.914302
4320	-2692.157	-2860.089	167.9313	1.198308	3.763532
4326	-2703.7	-2871.626	167.9258	1.203774	3.763532
4332	-2687.898	-2856.243	168.345	1.300824	3.463958
4338	-2696.064	-2864.165	168.1005	1.184698	3.673614
4344	-2695.349	-2863.58	168.2318	1.098155	3.647703
4350	-2693.49	-2861.924	168.434	1.160437	3.493943
4356	-2693.316	-2862.031	168.7153	1.224252	3.291524
4362	-2692.193	-2860.786	168.5932	1.465713	3.221062
4368	-2695.146	-2863.938	168.7919	1.483261	3.09254
4374	-2698.884	-2868.138	169.2533	1.522494	2.790929
4380	-2693.094	-2862.164	169.0709	1.522494	2.901564
4386	-2691.788	-2861	169.2118	1.437948	2.867513
4392	-2695.497	-2863.947	168.4499	1.418142	3.333684
4398	-2696.134	-2864.561	168.4264	1.194417	3.478548
4404	-2694.472	-2862.878	168.4054	1.253249	3.456418
4410	-2696.781	-2865.556	168.7753	1.253249	3.239027
4416	-2696.652	-2865.073	168.4215	1.119267	3.525235
4422	-2695.191	-2863.39	168.1996	1.259237	3.572921
4428	-2701.954	-2870.968	169.0134	1.425951	2.994297
4434	-2696.994	-2866.098	169.1045	1.344234	2.98872
4440	-2683.117	-2852.09	168.9732	1.373601	3.049746
4446	-2690.927	-2859.694	168.7667	1.468358	3.116478
4452	-2696.466	-2864.882	168.4163	1.297931	3.423895
4458	-2694.405	-2863.207	168.8023	1.311508	3.188512
4464	-2694.798	-2863.191	168.3928	1.258284	3.460875
4470	-2698.67	-2867.532	168.8622	1.258284	3.184528
4476	-2697.498	-2866.284	168.7865	1.200242	3.263708
4482	-2699.103	-2867.717	168.6145	1.210183	3.359139
4488	-2700.685	-2869.584	168.8983	1.249448	3.168398
4494	-2700.111	-2868.344	168.2333	1.249448	3.55903
4500	-2700.419	-2869.13	168.7117	1.249448	3.278803
4506	-2689.517	-2858.11	168.5935	1.374645	3.274693
4512	-2700.241	-2869.122	168.8816	1.41074	3.082323
4518	-2683.301	-2851.88	168.5797	1.357569	3.292884
4524	-2696.692	-2865.273	168.5815	1.519288	3.196238
4530	-2685.205	-2853.847	168.6423	1.362186	3.253245
4536	-2705.695	-2874.298	168.6029	1.288469	3.319939
4542	-2702.807	-2871.547	168.7403	1.151012	3.319939
4548	-2702.631	-2871.029	168.3986	1.151012	3.520086
4554	-2710.325	-2878.674	168.3493	1.200296	3.520086
4560	-2692.626	-2861.189	168.5628	1.200296	3.395285
4566	-2689.859	-2858.505	168.6461	1.260029	3.31125
4572	-2693.18	-2861.71	168.5302	1.260029	3.379362
4578	-2683.826	-2852.386	168.5597	1.260029	3.362075
4584	-2692.114	-2860.688	168.5739	1.246778	3.361524
4590	-2701.315	-2870.075	168.7598	1.420198	3.149226
4596	-2702.902	-2872.132	169.2301	1.36324	2.901632
4602	-2687.443	-2855.951	168.5078	1.302477	3.367583
4608	-2681.394	-2849.716	168.3223	1.223165	3.522493
4614	-2683.6	-2851.822	168.2221	1.141438	3.628242
4620	-2700.809	-2868.767	167.958	1.031778	3.844032
4626	-2710.936	-2878.366	167.4306	1.084795	4.115327
4632	-2713.661	-2882.569	168.9077	1.42205	3.059981
4638	-2704.681	-2873.426	168.7449	1.314224	3.220883
4644	-2692.559	-2861.568	169.0094	1.429822	2.994404
4650	-2692.701	-2861.49	168.789	1.449898	3.114204
4656	-2708.875	-2877.153	168.2781	1.461014	3.409334
4662	-2697.408	-2866.38	168.9722	1.497726	2.975944
4668	-2704.071	-2872.399	168.3275	1.270402	3.491911
4674	-2703.584	-2872.515	168.9316	1.318767	3.107326
4680	-2699.748	-2868.034	168.2859	1.141007	3.591441
4686	-2686.311	-2854.729	168.4178	1.296932	3.423643
4692	-2698.366	-2866.656	168.2906	1.257084	3.521219
4698	-2699.43	-2867.74	168.3097	1.213863	3.535257
4704	-2696.457	-2865.386	168.9296	1.300941	3.119156
4710	-2695.317	-2864.054	168.7374	1.361448	3.197375
4716	-2692.422	-2861.399	168.9768	1.514517	2.963097
4722	-2693.353	-2862.289	168.9365	1.483028	3.00623
4728	-2694.271	-2862.825	168.554	1.290945	3.347219
4734	-2704.273	-2873.292	169.0182	1.402764	3.005355
4740	-2687	-2855.925	168.9249	1.380704	3.074371
4746	-2694.052	-2862.066	168.0138	1.246319	3.688115
4752	-2688.251	-2856.791	168.5399	1.309348	3.344699
4758	-2695.476	-2863.744	168.2675	1.190428	3.57344
4764	-2689.555	-2857.597	168.0411	1.128189	3.740619
4770	-2684.108	-2852.27	168.162	1.103164	3.685233
4776	-2689.56	-2857.893	168.333	1.119731	3.576439
4782	-2692.091	-2860.314	168.2231	1.222889	3.580375
4788	-2706.582	-2875.188	168.6057	1.32458	3.297038
4794	-2692.038	-2860.697	168.6589	1.217531	3.328703
4800	-2707.034	-2875.628	168.5949	1.281534	3.328703
4806	-2695.748	-2864.242	168.4931	1.281534	3.388518
4812	-2701.892	-2870.675	168.7828	1.240585	3.24203
4818	-2699.042	-2867.589	168.5469	1.476498	3.24203
4824	-2700.557	-2869.49	168.9331	1.476498	3.012183
4830	-2701.089	-2870.122	169.0331	1.319629	3.046218
4836	-2691.089	-2860.094	169.0044	1.348299	3.046218
4842	-2696.326	-2865.34	169.0141	1.408185	3.004542
4848	-2706.311	-2874.587	168.2765	1.248394	3.534459
4854	-2705.62	-2874.226	168.6065	1.199282	3.370215
4860	-2692.367	-2860.751	168.3836	1.115431	3.549533
4866	-2686.778	-2854.874	168.096	1.258317	3.633585
4872	-2696.991	-2865.458	168.4672	1.276782	3.406515
4878	-2701.919	-2870.28	168.3609	1.219011	3.502398
4884	-2687.534	-2856.143	168.6092	1.210062	3.362343
4890	-2690.792	-2859.058	168.2657	1.123165	3.613543
4896	-2681.165	-2849.504	168.3392	1.300266	3.467618
4902	-2682.143	-2850.842	168.6996	1.244879	3.288654
4908	-2687.422	-2855.996	168.5743	1.22392	3.374662
4914	-2695.551	-2864.156	168.6056	1.230036	3.35271
4920	-2687.322	-2855.938	168.6155	1.197598	3.365923
4926	-2686.554	-2855.295	168.7407	1.197598	3.292312
4932	-2696.422	-2865.028	168.6056	1.197598	3.371761
4938	-2692.498	-2860.525	168.0271	1.144115	3.739531
4944	-2688.638	-2857.027	168.3886	1.144115	3.529895
4950	-2687.724	-2856.335	168.6107	1.260825	3.331622
4956	-2684.594	-2853.25	168.6567	1.214787	3.331622
4962	-2689.104	-2857.421	168.3165	1.256528	3.506447
4968	-2696.783	-2865.092	168.309	1.263994	3.506447
4974	-2706.479	-2874.978	168.4988	1.276847	3.387954
4980	-2693.51	-2861.567	168.0567	1.147486	3.720486
4986	-2697.176	-2866.371	169.1953	1.295917	2.963165
4992	-2698.443	-2867.01	168.5674	1.240057	3.369237
4998	-2703.096	-2871.789	168.6927	1.314751	3.25144
5004	-2704.185	-2872.835	168.6501	1.422756	3.212809
5010	-2705.3	-2874.237	168.938	1.326809	3.098747
5016	-2697.83	-2866.257	168.4269	1.290478	3.422078
5022	-2690.242	-2858.961	168.7185	1.290478	3.250576
5028	-2690.555	-2858.933	168.3774	1.373322	3.402545
5034	-2701.699	-2870.105	168.4064	1.373322	3.385514
5040	-2707.397	-2875.916	168.5194	1.223563	3.40711
5046	-2699.925	-2868.553	168.6271	1.26695	3.318321
5052	-2708.644	-2876.823	168.1791	1.235389	3.598678
5058	-2689.039	-2857.664	168.6242	1.282299	3.311
5064	-2692.068	-2860.626	168.558	1.390729	3.286151
5070	-2693.874	-2862.423	168.5497	1.231977	3.384405
5076	-2683.473	-2852.282	168.8087	1.312992	3.18382
5082	-2684.676	-2852.794	168.1176	1.153912	3.681528
5088	-2688.861	-2857.018	168.1575	1.113828	3.681635
5094	-2692.701	-2860.498	167.7974	1.17854	3.851977
5100	-2691.587	-2859.847	168.2601	1.223863	3.558308
5106	-2687.701	-2856.431	168.7308	1.374769	3.193408
5112	-2691.503	-2860.075	168.5714	1.373534	3.288343
5118	-2696.031	-2864.46	168.4291	1.373112	3.372354
5124	-2686.635	-2855.03	168.395	1.407226	3.372354
5130	-2691.296	-2859.825	168.5283	1.244851	3.389393
5136	-2700.828	-2869.25	168.4218	1.181771	3.488585
5142	-2697.244	-2865.773	168.5288	1.187956	3.422447
5148	-2696.984	-2866.114	169.1309	1.382602	2.949774
5154	-2699.767	-2868.514	168.7473	1.298125	3.229002
5160	-2690.04	-2858.757	168.7167	1.308749	3.240835
5166	-2690.886	-2859.641	168.755	1.333144	3.203715
5172	-2682.623	-2851.406	168.7829	1.305285	3.203715
5178	-2687.152	-2855.884	168.7327	1.41055	3.171041
5184	-2680.587	-2849.28	168.6932	1.256929	3.285332
5190	-2695.229	-2863.665	168.4358	1.311221	3.404697
5196	-2689.337	-2857.965	168.6283	1.311221	3.291574
5202	-2695.481	-2864.317	168.8354	1.29137	3.180842
5208	-2699.236	-2867.999	168.7634	1.224684	3.262881
5214	-2704.868	-2873.668	168.8002	1.143437	3.289107
5220	-2693.342	-2861.232	167.8899	1.267079	3.747715
5226	-2695.652	-2864.165	168.5128	1.264751	3.38682
5232	-2688.153	-2856.354	168.2018	1.201145	3.605376
5238	-2697.534	-2866.094	168.5599	1.201145	3.396507
5244	-2702.059	-2870.82	168.7606	1.309576	3.214352
5250	-2685.36	-2854.065	168.7047	1.313564	3.245075
5256	-2679.368	-2847.917	168.549	1.219508	3.392103
5262	-2690.275	-2859.382	169.1066	1.219508	3.062116
5268	-2693.74	-2862.623	168.8835	1.442692	3.062116
5274	-2686.553	-2855.502	168.9492	1.388127	3.055446
5280	-2684.719	-2853.196	168.4769	1.266433	3.406883
5286	-2696.064	-2864.536	168.4713	1.266433	3.410134
5292	-2693.601	-2862.327	168.7263	1.359481	3.205119
5298	-2701.964	-2870.732	168.7681	1.234727	3.254186
5304	-2702.536	-2871.071	168.5349	1.203852	3.409553
5310	-2686.997	-2855.541	168.5442	1.194588	3.409553
5316	-2682.864	-2851.214	168.3497	1.210987	3.513603
5322	-2682.16	-2850.731	168.5717	1.239713	3.366945
5328	-2690.25	-2858.612	168.3614	1.23398	3.493364
5334	-2698.35	-2866.974	168.6241	1.317915	3.290117
5340	-2706.119	-2874.657	168.5386	1.260418	3.374195
5346	-2706.154	-2874.901	168.747	1.222017	3.274159
5352	-2702.244	-2870.858	168.6141	1.300668	3.306151
5358	-2701.774	-2870.151	168.3771	1.224894	3.489524
5364	-2693.247	-2861.895	168.6479	1.293589	3.290386
5370	-2682.626	-2851.421	168.7955	1.324475	3.184853
5376	-2685.531	-2854.131	168.5999	1.268767	3.333294
5382	-2704.361	-2872.687	168.3264	1.297997	3.476452
5388	-2703.359	-2871.936	168.5771	1.203538	3.385007
5394	-2698.909	-2867.014	168.1052	1.230809	3.64421
5400	-2706.733	-2875.467	168.7342	1.191479	3.299717
5406	-2710.725	-2879.001	168.2755	1.297052	3.506725
5412	-2699.223	-2868.041	168.8177	1.348192	3.157584
5418	-2700.059	-2869.044	168.9849	1.347733	3.058225
5424	-2703.767	-2872.551	168.7846	1.185217	3.273686
5430	-2701.08	-2870.041	168.961	1.353672	3.068976
5436	-2703.259	-2872.291	169.0314	1.423754	2.984829
5442	-2702.181	-2870.955	168.7739	1.452419	3.121666
5448	-2706.395	-2875.4	169.0053	1.549124	2.925105
5454	-2701.409	-2870.282	168.8733	1.383749	3.103344
5460	-2698.484	-2866.956	168.4725	1.392653	3.335379
5466	-2700.629	-2869.331	168.7017	1.163387	3.335379
5472	-2691.1	-2859.437	168.3373	1.27272	3.484835
5478	-2688.289	-2856.85	168.5605	1.179389	3.408892
5484	-2689.535	-2858.289	168.7548	1.248458	3.253945
5490	-2693.898	-2862.566	168.6678	1.34177	3.250233
5496	-2686.252	-2854.899	168.6468	1.327481	3.271074
5502	-2690.024	-2858.505	168.4815	1.259407	3.408322
5508	-2702.363	-2870.77	168.4076	1.305319	3.424675
5514	-2707.653	-2876.104	168.4513	1.484732	3.29362
5520	-2691.639	-2860.26	168.6212	1.34163	3.277814
5526	-2687.221	-2856.028	168.807	1.158301	3.276351
5532	-2687.441	-2855.898	168.4568	1.307969	3.39432
5538	-2689.974	-2858.431	168.4568	1.307969	3.39432
5544	-2698.745	-2867.064	168.3183	1.320815	3.467838
5550	-2695.464	-2864.692	169.2275	1.305367	2.938074
5556	-2699.252	-2868.364	169.1125	1.410115	2.944247
5562	-2688.031	-2856.556	168.5249	1.368877	3.318484
5568	-2688.912	-2857.666	168.7542	1.429558	3.147001
5574	-2698.61	-2867.279	168.6693	1.199052	3.333476
5580	-2685.1	-2854.109	169.0095	1.329654	3.054334
5586	-2704.891	-2873.948	169.057	1.493208	2.927645
5592	-2691.671	-2860.9	169.2288	1.452792	2.848175
5598	-2700.524	-2869.254	168.7297	1.283394	3.248109
5604	-2694.113	-2862.876	168.7633	1.386473	3.167157
5610	-2690.034	-2858.67	168.636	1.154258	3.379361
5616	-2687.925	-2855.871	167.9451	1.126685	3.796823
5622	-2689.258	-2857.148	167.8896	1.182211	3.796823
5628	-2689.294	-2857.156	167.8619	1.20993	3.796823
5634	-2695.996	-2864.231	168.2356	1.260306	3.551345
5640	-2691.445	-2860.195	168.7506	1.222253	3.271874
5646	-2690.228	-2858.936	168.7077	1.387989	3.199229
5652	-2683.547	-2851.813	168.2661	1.322505	3.49736
5658	-2683.828	-2852.514	168.686	1.192663	3.327379
5664	-2684.96	-2853.662	168.7019	1.19661	3.315733
5670	-2685.061	-2853.232	168.1708	1.19661	3.626025
5676	-2683.855	-2852.049	168.1939	1.173498	3.626025
5682	-2694.403	-2862.609	168.2068	1.049039	3.69063
5688	-2700.949	-2869.384	168.4352	1.159168	3.493955
5694	-2697.268	-2865.664	168.3956	1.159168	3.517073
5700	-2693.032	-2862.014	168.9819	1.196311	3.150276
5706	-2694.431	-2862.573	168.1419	1.255592	3.608521
5712	-2699.479	-2867.71	168.231	1.135572	3.626516
5718	-2691.662	-2860.103	168.4414	1.102353	3.523503
5724	-2688.836	-2856.95	168.1142	1.223197	3.643389
5730	-2688.902	-2857.109	168.2064	1.053667	3.688162
5736	-2697.813	-2866.284	168.4704	1.275547	3.405342
5742	-2706.247	-2874.737	168.4901	1.255811	3.405342
5748	-2692.005	-2860.312	168.3067	1.16362	3.566246
5754	-2706.515	-2874.832	168.317	1.153291	3.566246
5760	-2701.959	-2870.596	168.6367	1.083841	3.420253
5766	-2698.925	-2867.835	168.9096	1.301468	3.130765
5772	-2700.239	-2868.977	168.7381	1.482856	3.124831
5778	-2705.814	-2874.553	168.7387	1.379021	3.186181
5784	-2697.487	-2865.885	168.3982	1.427808	3.358347
5790	-2701.91	-2870.724	168.8137	1.182765	3.257966
5796	-2696.853	-2865.357	168.504	1.286224	3.379352
5802	-2700.767	-2869.381	168.6139	1.176394	3.379352
5808	-2704.059	-2872.079	168.0201	1.176394	3.724897
5814	-2705.109	-2873.983	168.8734	1.294721	3.15625
5820	-2694.117	-2862.821	168.704	1.320803	3.241237
5826	-2704.764	-2873.43	168.6662	1.358524	3.241237
5832	-2701.103	-2869.498	168.3946	1.353255	3.404239
5838	-2697.43	-2866.053	168.6233	1.353255	3.269709
5844	-2687.978	-2856.827	168.8487	1.353255	3.136175
5850	-2703.974	-2872.404	168.4304	1.231392	3.454623
5856	-2695.515	-2863.814	168.299	1.218995	3.538484
5862	-2687.283	-2855.782	168.4989	1.181223	3.443896
5868	-2687.442	-2855.65	168.2077	1.159529	3.626133
5874	-2687.284	-2855.654	168.3708	1.112233	3.558824
5880	-2703.939	-2872.52	168.5812	1.158436	3.409022
5886	-2693.531	-2862.07	168.5393	1.500626	3.23225
5892	-2693.997	-2862.989	168.9918	1.362902	3.045036
5898	-2685.214	-2854.127	168.9129	1.374226	3.085445
5904	-2698.786	-2867.581	168.795	1.510031	3.074763
5910	-2699.28	-2868.151	168.8707	1.340399	3.13073
5916	-2710.155	-2878.698	168.5429	1.27613	3.36248
5922	-2709.353	-2878.336	168.9829	1.365851	3.0486
5928	-2706.815	-2875.957	169.1421	1.397105	2.934263
5934	-2697.348	-2866.249	168.9012	1.638031	2.934263
5940	-2704.834	-2873.301	168.4673	1.403114	3.332279
5946	-2699.023	-2867.22	168.1972	1.208718	3.603666
5952	-2699.329	-2867.923	168.5942	1.309549	3.312652
5958	-2693.804	-2862.202	168.3985	1.156783	3.516769
5964	-2692.288	-2860.649	168.3609	1.267953	3.473843
5970	-2689.362	-2857.997	168.6346	1.306322	3.29073
5976	-2693.438	-2862.116	168.6778	1.297228	3.270612
5982	-2693.858	-2862.712	168.8539	1.297228	3.16637
5988	-2691.544	-2860.157	168.6134	1.307647	3.302448
5994	-2694.123	-2862.687	168.5639	1.327637	3.319808
6000	-2694.861	-2863.283	168.4224	1.279993	3.430861
6006	-2698.974	-2867.152	168.1782	1.122285	3.664782
6012	-2694.748	-2863.527	168.7788	1.249933	3.238895
6018	-2702.854	-2871.492	168.6382	1.388713	3.239984
6024	-2699.868	-2868.7	168.8313	1.388713	3.125394
6030	-2708.227	-2876.444	168.2171	1.319668	3.527547
6036	-2704.561	-2872.855	168.2948	1.193036	3.556073
6042	-2698.667	-2867.336	168.6691	1.225095	3.318275
6048	-2698.405	-2866.585	168.1794	1.225095	3.60449
6054	-2709.982	-2878.118	168.1351	1.143371	3.677549
6060	-2701.709	-2869.783	168.0746	1.162925	3.701199
6066	-2708.787	-2876.518	167.7316	1.135045	3.914714
6072	-2701.673	-2870.266	168.593	1.345309	3.292268
6078	-2694.984	-2863.595	168.6103	1.328058	3.292268
6084	-2708.692	-2876.982	168.2901	1.386374	3.445995
6090	-2713.366	-2882.015	168.649	1.46945	3.185781
6096	-2706.566	-2874.926	168.3604	1.127954	3.555737
6102	-2692.795	-2861.116	168.3202	1.060899	3.618068
6108	-2705.116	-2873.923	168.8072	1.212903	3.244012
6114	-2699.084	-2867.151	168.0672	1.116143	3.732533
6120	-2689.002	-2857.679	168.6771	1.230066	3.310614
6126	-2703.791	-2872.537	168.7451	1.257925	3.25408
6132	-2710.243	-2878.438	168.1954	1.385519	3.501822
6138	-2699.788	-2868.599	168.8115	1.367924	3.149579
6144	-2703.645	-2872.608	168.9632	1.314238	3.091199
6150	-2715.752	-2884.614	168.8621	1.359329	3.124566
6156	-2711.694	-2880.8	169.1058	1.307994	3.00968
6162	-2696.021	-2864.693	168.6713	1.333689	3.252903
6168	-2693.33	-2862.113	168.7831	1.221953	3.252903
6174	-2697.004	-2865.895	168.8909	1.269549	3.160857
6180	-2700.202	-2869.179	168.9764	1.311293	3.085086
6186	-2690.543	-2859.312	168.7691	1.373955	3.171187
6192	-2696.418	-2864.85	168.4328	1.368666	3.372801
6198	-2697.448	-2866.253	168.8053	1.304551	3.190865
6204	-2704.08	-2872.996	168.9154	1.304551	3.125462
6210	-2707.412	-2875.737	168.3252	1.068478	3.610746
6216	-2692.628	-2861.05	168.4216	1.301684	3.418622
6222	-2698.756	-2867.52	168.7637	1.482191	3.109999
6228	-2700.581	-2869.546	168.9647	1.325184	3.083789
6234	-2704.5	-2873.494	168.9946	1.183423	3.150401
6240	-2711.327	-2880.126	168.7991	1.483508	3.088111
6246	-2699.335	-2868.257	168.9227	1.450934	3.033703
6252	-2704.626	-2873.044	168.4173	1.349551	3.393089
6258	-2700.929	-2869.578	168.6491	1.344373	3.259742
6264	-2700.028	-2869.043	169.0151	1.476926	2.962697
6270	-2688.619	-2857.068	168.4491	1.23654	3.440638
6276	-2688.218	-2857.216	168.9977	1.395635	3.021949
6282	-2696.242	-2864.688	168.446	1.238985	3.441043
6288	-2691.633	-2860.505	168.872	1.436803	3.072469
6294	-2694.883	-2863.972	169.0896	1.512435	2.89634
6300	-2686.647	-2854.99	168.3433	1.24775	3.495932
6306	-2694.34	-2862.821	168.4813	1.119919	3.49
6312	-2695.161	-2863.86	168.6983	1.253432	3.284371
6318	-2711.161	-2879.772	168.6105	1.361513	3.272423
6324	-2697.108	-2865.225	168.1173	1.178798	3.667341
6330	-2698.362	-2867.491	169.1293	1.178798	3.072905
6336	-2699.545	-2868.164	168.6192	1.256506	3.329151
6342	-2696.838	-2865.704	168.8656	1.256506	3.183618
6348	-2699.36	-2867.945	168.5843	1.35132	3.293871
6354	-2701.03	-2869.572	168.5424	1.284823	3.357634
6360	-2697.29	-2865.969	168.6788	1.429091	3.192009
6366	-2692.19	-2860.46	168.2695	1.268814	3.526686
6372	-2689.876	-2858.616	168.7397	1.396782	3.175035
6378	-2703.657	-2872.039	168.382	1.090935	3.564714
6384	-2698.631	-2867.253	168.6218	1.160842	3.383819
6390	-2695.419	-2864.033	168.6132	1.464046	3.210162
6396	-2691.583	-2860.806	169.2224	1.518112	2.812412
6402	-2692.44	-2861.312	168.8714	1.33228	3.135113
6408	-2697.467	-2866.221	168.7536	1.331932	3.205281
6414	-2703.461	-2872.183	168.7219	1.342324	3.217879
6420	-2706.059	-2874.491	168.4322	1.155456	3.49787
6426	-2711.839	-2879.956	168.1166	1.295928	3.5998
6432	-2700.363	-2868.784	168.4209	1.132204	3.518069
6438	-2705.116	-2872.877	167.7607	1.064631	3.938373
6444	-2703.266	-2871.666	168.3998	1.256273	3.457966
6450	-2706.134	-2875.091	168.9571	1.406791	3.039578
6456	-2695.464	-2863.967	168.5029	1.331883	3.353217
6462	-2704.765	-2873.206	168.441	1.247833	3.43877
6468	-2698.122	-2866.911	168.79	1.298179	3.203715
6474	-2705.612	-2874.302	168.6898	1.259713	3.285687
6480	-2701.704	-2870.611	168.9076	1.369763	3.091232
6486	-2689.27	-2858.096	168.8261	1.300214	3.181072
6492	-2697.107	-2865.773	168.6664	1.424224	3.202256
6498	-2697.245	-2865.825	168.5799	1.262093	3.348958
6504	-2703.947	-2872.381	168.4336	1.284022	3.421916
6510	-2704.606	-2872.725	168.1184	1.066019	3.731882
6516	-2698.153	-2866.554	168.4011	1.24313	3.464853
6522	-2694.936	-2863.586	168.6493	1.304918	3.282866
6528	-2695.373	-2863.533	168.1609	1.213045	3.622215
6534	-2714.97	-2883.379	168.4088	1.157807	3.510177
6540	-2695.165	-2863.55	168.385	1.097311	3.559234
6546	-2698.79	-2867.193	168.403	1.289704	3.436534
6552	-2703.866	-2872.388	168.522	1.35558	3.328072
6558	-2701.881	-2870.57	168.688	1.374476	3.218914
6564	-2695.094	-2863.731	168.6374	1.290167	3.298636
6570	-2696.115	-2864.806	168.6915	1.235994	3.298636
6576	-2701.486	-2870.091	168.6042	1.210879	3.364812
6582	-2696.159	-2864.679	168.5197	1.222478	3.407575
6588	-2695.531	-2863.903	168.3718	1.240238	3.483656
6594	-2701.175	-2869.318	168.1433	1.190622	3.645401
6600	-2705.875	-2874.002	168.127	1.206919	3.645401
6606	-2708.977	-2877.285	168.3078	1.206919	3.540374
6612	-2703.831	-2871.78	167.9485	1.055949	3.835581
6618	-2716.388	-2885.176	168.7888	1.178468	3.275182
6624	-2701.64	-2870.446	168.8057	1.196541	3.254544
6630	-2703.237	-2871.508	168.2705	1.277666	3.520896
6636	-2705.306	-2873.623	168.3171	1.213849	3.530979
6642	-2698.654	-2866.971	168.3171	1.213849	3.530979
6648	-2701.212	-2869.612	168.4005	1.29605	3.434252
6654	-2699.22	-2867.813	168.5935	1.328703	3.301771
6660	-2693.362	-2862.009	168.6466	1.241371	3.321921
6666	-2681.563	-2850.176	168.6129	1.241371	3.341751
6672	-2692.922	-2861.577	168.6555	1.448524	3.194335
6678	-2696.502	-2865.028	168.5261	1.300128	3.358224
6684	-2696.041	-2864.615	168.5738	1.252492	3.358224
6690	-2706.203	-2874.836	168.6331	1.37879	3.248855
6696	-2695.391	-2863.925	168.5333	1.313035	3.346438
6702	-2696.6	-2865.013	168.4126	1.31177	3.417992
6708	-2695.204	-2863.581	168.3769	1.347476	3.417992
6714	-2702.295	-2871.155	168.8601	1.347476	3.132809
6720	-2687.796	-2856.27	168.474	1.347476	3.361026
6726	-2694.359	-2862.775	168.416	1.314522	3.414364
6732	-2691.387	-2859.744	168.3576	1.227491	3.499372
6738	-2701.098	-2869.514	168.4155	1.23015	3.464058
6744	-2703.754	-2872.241	168.4865	1.159083	3.464058
6750	-2712.031	-2880.739	168.7072	1.159083	3.334682
6756	-2700.751	-2869.962	169.2108	1.370562	2.908861
6762	-2700.819	-2869.874	169.0543	1.538688	2.901814
6768	-2696.418	-2865.319	168.9015	1.526436	3.001175
6774	-2689.98	-2858.808	168.828	1.326712	3.164218
6780	-2705.584	-2874.011	168.4272	1.252411	3.444172
6786	-2718.941	-2886.663	167.7225	1.093009	3.94396
6792	-2693.65	-2861.942	168.2922	1.094582	3.614773
6798	-2697.07	-2865.253	168.1831	1.203634	3.614773
6804	-2699.998	-2868.449	168.4507	1.300561	3.402205
6810	-2691.632	-2860.41	168.7781	1.300561	3.209336
6816	-2691.486	-2860.003	168.517	1.497881	3.247089
6822	-2693.53	-2862.253	168.7237	1.336749	3.22011
6828	-2698.672	-2867.086	168.4135	1.220768	3.470706
6834	-2693.203	-2861.884	168.6811	1.323937	3.252911
6840	-2689.175	-2857.89	168.7151	1.2899	3.252911
6846	-2690.898	-2859.489	168.5908	1.401511	3.2604
6852	-2682.119	-2851.146	169.0268	1.255493	3.088325
6858	-2684.573	-2853.509	168.9366	1.34428	3.089139
6864	-2687.463	-2856.313	168.8499	1.245884	3.199213
6870	-2700.463	-2868.997	168.5337	1.320563	3.341743
6876	-2703.711	-2872.285	168.5741	1.428504	3.254361
6882	-2694.319	-2863.09	168.7706	1.391023	3.160156
6888	-2702.714	-2871.338	168.6246	1.304714	3.297572
6894	-2692.706	-2861.429	168.723	1.277807	3.255421
6900	-2695.73	-2864.351	168.6202	1.380548	3.255421
6906	-2689.737	-2858.166	168.4282	1.237713	3.45218
6912	-2691.518	-2860.253	168.7342	1.265418	3.256075
6918	-2696.474	-2864.428	167.9534	1.165669	3.769566
6924	-2687.847	-2855.893	168.0453	1.163748	3.717645
6930	-2688.918	-2856.852	167.9337	1.133772	3.799305
6936	-2686.009	-2853.996	167.9874	1.080115	3.799305
6942	-2697.161	-2864.946	167.785	1.196994	3.848472
6948	-2693.372	-2861.578	168.2062	1.196994	3.605256
6954	-2705.753	-2874.288	168.5351	1.279913	3.364846
6960	-2703.028	-2871.613	168.5853	1.210249	3.376221
6966	-2700.644	-2869.419	168.7749	1.228118	3.254109
6972	-2703.447	-2871.985	168.5381	1.376367	3.306329
6978	-2715.011	-2883.632	168.6205	1.293958	3.306329
6984	-2701.402	-2870.243	168.8406	1.153457	3.259393
6990	-2699.425	-2867.94	168.5148	1.15327	3.450907
6996	-2703.548	-2871.709	168.1609	1.154501	3.656169
7002	-2694.616	-2863.338	168.7215	1.533873	3.104339
7008	-2696.943	-2866.046	169.1032	1.622924	2.821143
7014	-2692.251	-2860.459	168.2085	1.088949	3.666559
7020	-2697.113	-2865.47	168.3566	1.145061	3.547991
7026	-2685.961	-2854.187	168.2263	1.273233	3.549235
7032	-2691.546	-2860.05	168.5034	1.214652	3.421681
7038	-2690.109	-2858.655	168.546	1.258537	3.370974
7044	-2684.464	-2853.074	168.6101	1.346106	3.281741
7050	-2692.163	-2861.186	169.0226	1.285834	3.072712
7056	-2694.462	-2863.228	168.7655	1.472701	3.114566
7062	-2689.538	-2858.261	168.7232	1.394139	3.186442
7068	-2685.115	-2853.635	168.52	1.239911	3.397177
7074	-2695.985	-2864.406	168.4208	1.183319	3.488286
7080	-2693.041	-2861.364	168.323	1.24866	3.507211
7086	-2694.357	-2863.093	168.7355	1.301058	3.234243
7092	-2694.458	-2863.355	168.8973	1.363031	3.101405
7098	-2696.983	-2865.825	168.8429	1.222325	3.217301
7104	-2696.634	-2865.349	168.7153	1.349895	3.217301
7110	-2687.983	-2856.544	168.5612	1.309182	3.332254
7116	-2696.2	-2864.913	168.7134	1.308789	3.242736
7122	-2694.334	-2862.989	168.6545	1.170144	3.359173
7128	-2702.165	-2871.019	168.8542	1.370856	3.122391
7134	-2696.633	-2865.335	168.7021	1.370856	3.212713
7140	-2693.146	-2861.985	168.8383	1.184438	3.242452
7146	-2687.387	-2856.065	168.6784	1.344329	3.242452
7152	-2682.433	-2851.117	168.6839	1.311968	3.258297
7158	-2688.595	-2856.935	168.3398	1.28119	3.478433
7164	-2691.841	-2860.738	168.8969	1.268086	3.158165
7170	-2692.743	-2861.065	168.3218	1.268086	3.496583
7176	-2690.855	-2859.644	168.7889	1.320097	3.19137
7182	-2691.255	-2859.836	168.5809	1.200495	3.384546
7188	-2692.223	-2860.732	168.508	1.164475	3.448334
7194	-2697.76	-2866.249	168.4891	1.183424	3.448334
7200	-2690.234	-2858.594	168.3599	1.312626	3.448334
7206	-2689.574	-2857.957	168.3832	1.258719	3.466223
7212	-2686.127	-2854.576	168.4487	1.346142	3.376637
7218	-2699.211	-2867.738	168.5274	1.267489	3.376637
7224	-2705.006	-2873.811	168.8054	1.491815	3.079431
7230	-2715.177	-2884.175	168.9986	1.541423	2.93379
7236	-2703.552	-2872.56	169.0079	1.724075	2.817598
7242	-2694.627	-2863.555	168.9276	1.410103	3.055197
7248	-2698.695	-2867.265	168.5697	1.198449	3.392301
7254	-2697.756	-2866.28	168.5242	1.224162	3.403944
7260	-2692.881	-2861.376	168.4941	1.254203	3.403944
7266	-2692.42	-2860.868	168.4481	1.300262	3.403944
7272	-2699.599	-2868.243	168.644	1.300262	3.288768
7278	-2693.462	-2862.463	169.0011	1.397499	3.018747
7284	-2697.114	-2865.926	168.8128	1.218594	3.237311
7290	-2704.223	-2872.939	168.7159	1.452974	3.155843
7296	-2692.555	-2861.317	168.7613	1.40752	3.155843
7302	-2691.895	-2860.628	168.7334	1.548917	3.088291
7308	-2702.684	-2871.56	168.876	1.383001	3.102216
7314	-2692.903	-2861.687	168.784	1.383001	3.156952
7320	-2695.041	-2864.113	169.0717	1.394505	2.978201
7326	-2693.951	-2863.166	169.2153	1.531144	2.80877
7332	-2687.933	-2856.775	168.8421	1.389116	3.118728
7338	-2678.607	-2847.241	168.6346	1.394922	3.238445
7344	-2681.727	-2850.535	168.8079	1.554276	3.040594
7350	-2688.326	-2856.645	168.3186	1.42413	3.407228
7356	-2689.787	-2858.433	168.6456	1.253559	3.315361
7362	-2698.654	-2866.78	168.1268	1.342305	3.566968
7368	-2700.818	-2869.6	168.7822	1.342305	3.182147
7374	-2694.318	-2863.525	169.2069	1.411268	2.886579
7380	-2690.638	-2859.121	168.4828	1.369104	3.343129
7386	-2698.557	-2867.606	169.0494	1.435305	2.967064
7392	-2695.197	-2864.304	169.1073	1.392579	2.957932
7398	-2691.207	-2859.707	168.4998	1.289009	3.380194
7404	-2689.092	-2857.487	168.3953	1.323107	3.4215
7410	-2685.201	-2854.133	168.9325	1.253988	3.145348
7416	-2689.229	-2857.558	168.329	1.253988	3.500627
7422	-2701.111	-2870.058	168.9467	1.374831	3.06488
7428	-2695.416	-2864.153	168.7372	1.326634	3.21811
7434	-2706.781	-2875.666	168.885	1.330734	3.127949
7440	-2714.199	-2882.394	168.1955	1.214604	3.601222
7446	-2714.974	-2883.386	168.4121	1.288305	3.432018
7452	-2710.537	-2879.138	168.601	1.371278	3.272216
7458	-2693.963	-2862.563	168.6005	1.434638	3.235116
7464	-2689.803	-2858.354	168.5503	1.404718	3.28241
7470	-2680.966	-2849.591	168.625	1.33008	3.28241
7476	-2682.024	-2850.971	168.9469	1.392417	3.054266
7482	-2694.927	-2864.044	169.1173	1.378578	2.960387
7488	-2693.038	-2861.486	168.4486	1.241678	3.437932
7494	-2707.87	-2876.412	168.5416	1.181336	3.418801
7500	-2698.466	-2867.262	168.7963	1.330192	3.180992
7506	-2703.281	-2872.119	168.8378	1.475437	3.069819
7512	-2704.945	-2872.925	167.9803	1.236408	3.713263
7518	-2702.035	-2869.988	167.9524	1.26404	3.713386
7524	-2700.197	-2868.595	168.3988	1.177185	3.504702
7530	-2687.457	-2855.715	168.258	1.191872	3.578097
7536	-2697.878	-2866.169	168.2914	1.190236	3.559645
7542	-2700.269	-2868.407	168.1389	1.190236	3.648191
7548	-2694.382	-2863.152	168.7693	1.243735	3.24816
7554	-2689.851	-2858.129	168.2784	1.166741	3.580848
7560	-2687.158	-2856.077	168.9181	1.526682	2.991048
7566	-2693.834	-2862.979	169.1453	1.289071	2.997314
7572	-2689.708	-2858.551	168.8434	1.333741	3.150938
7578	-2695.754	-2864.419	168.6646	1.354329	3.244667
7584	-2702.297	-2871.035	168.7382	1.280725	3.244667
7590	-2708.635	-2877.097	168.4619	1.280725	3.407315
7596	-2704.709	-2872.968	168.2584	1.235988	3.552263
7602	-2704.311	-2872.887	168.5767	1.235988	3.366175
7608	-2703.07	-2871.561	168.4919	1.295934	3.38078
7614	-2697.715	-2866.058	168.3423	1.290559	3.471506
7620	-2701.149	-2869.731	168.5819	1.214677	3.37564
7626	-2699.962	-2868.46	168.4977	1.298912	3.37564
7632	-2703.107	-2871.52	168.4133	1.246354	3.455861
7638	-2713.171	-2881.685	168.5145	1.244658	3.397617
7644	-2693.973	-2862.744	168.7711	1.439703	3.13091
7650	-2688.254	-2856.721	168.4668	1.263418	3.41453
7656	-2700.698	-2869.298	168.5999	1.263418	3.336421
7662	-2697.682	-2866.36	168.6781	1.280515	3.280287
7668	-2697.098	-2864.9	167.8023	1.016961	3.94181
7674	-2693.504	-2861.981	168.4772	1.323438	3.373258
7680	-2683.86	-2852.704	168.8434	1.319809	3.159191
7686	-2690.726	-2859.9	169.1735	1.508504	2.847932
7692	-2690.659	-2860.047	169.3882	1.410661	2.776858
7698	-2687.757	-2857.009	169.2519	1.400133	2.866106
