Iteration	Posterior	Likelihood	Prior	acrv_sd	tree_length
0	-397.203	-566.8369	169.6339	1.648346	2.478293
6	-408.5661	-578.804	170.2379	1.284004	2.326974
12	-411.6606	-582.3162	170.6556	0.8458329	2.340006
18	-401.7541	-572.4985	170.7444	1.128012	2.100517
24	-403.7027	-572.8892	169.1865	1.843467	2.635119
30	-395.3663	-566.7034	171.3372	0.5721547	2.076276
36	-395.7663	-565.8396	170.0733	1.75995	2.126179
42	-404.2216	-572.8935	168.6719	1.75995	2.998846
48	-406.8398	-576.7359	169.8961	1.609733	2.337183
54	-406.5135	-576.804	170.2905	1.123856	2.395187
60	-410.8731	-580.7539	169.8808	1.082729	2.676049
66	-409.8134	-578.6373	168.8239	2.139662	2.676049
72	-410.33	-580.7048	170.3748	0.5812623	2.680657
78	-405.7025	-575.59	169.8875	1.430121	2.456144
84	-413.0143	-583.6381	170.6238	1.362319	2.025493
90	-409.1547	-579.3559	170.2012	1.205559	2.40001
96	-411.3325	-582.3339	171.0014	1.205559	1.87699
102	-417.6963	-589.0112	171.3148	1.2823	1.60302
108	-425.334	-596.1543	170.8203	1.373145	1.886172
114	-407.7232	-576.7191	168.9958	1.534321	2.939728
120	-409.9892	-579.3986	169.4094	1.986575	2.406808
126	-432.3105	-602.9665	170.6561	0.73991	2.406808
132	-419.4628	-589.4716	170.0089	1.875477	2.092696
138	-419.7679	-588.9325	169.1646	0.7564253	3.302476
144	-414.9136	-582.1956	167.282	1.372198	4.036207
150	-425.8904	-594.7125	168.8221	1.58095	3.016124
156	-413.4337	-583.3835	169.9498	0.8385723	2.783263
162	-404.1593	-573.9077	169.7484	1.805238	2.306719
168	-404.3623	-573.6972	169.335	1.608423	2.688408
174	-401.8062	-571.8366	170.0304	0.9130473	2.688408
180	-402.3014	-573.3015	171.0001	0.5386384	2.31622
186	-406.203	-575.3459	169.1428	1.372346	2.948737
192	-415.9274	-585.4718	169.5444	1.672672	2.519056
198	-399.8689	-569.858	169.9891	1.608199	2.278824
204	-398.9289	-569.1758	170.2469	1.608199	2.11189
210	-398.117	-568.7536	170.6367	1.424105	1.975721
216	-404.6741	-574.2616	169.5875	1.424105	2.64646
222	-404.8367	-574.4006	169.5638	1.743449	2.462603
228	-403.105	-573.1415	170.0365	1.113296	2.560927
234	-395.7182	-566.6765	170.9584	0.8128137	2.166641
240	-395.707	-566.101	170.394	1.377138	2.166641
246	-407.8767	-577.8693	169.9927	0.6276555	2.885299
252	-407.2492	-577.6819	170.4327	0.7446575	2.543767
258	-402.6019	-573.8365	171.2345	0.8311283	1.972444
264	-395.7342	-565.4598	169.7257	0.7784818	2.955383
270	-399.3887	-570.9008	171.5121	0.2171371	2.193822
276	-399.3157	-569.5447	170.229	0.8042126	2.633133
282	-401.1798	-571.7026	170.5228	1.369214	2.087679
288	-404.3138	-574.7761	170.4622	0.8468113	2.461501
294	-393.967	-565.1037	171.1366	1.007169	1.919878
300	-413.2409	-581.8231	168.5822	1.952534	2.936989
306	-408.181	-578.5427	170.3617	0.7552531	2.5813
312	-414.016	-584.3168	170.3008	1.001917	2.46545
318	-409.9114	-578.9219	169.0105	1.501843	2.950447
324	-406.3039	-576.5355	170.2316	0.7946312	2.637434
330	-406.4794	-575.8483	169.3689	1.018572	3.025425
336	-409.8899	-580.4894	170.5995	1.101611	2.212068
342	-402.0131	-573.4429	171.4297	0.8581863	1.821507
348	-401.8244	-571.8024	169.9779	0.850879	2.758588
354	-408.5071	-576.8808	168.3737	2.248478	2.884151
360	-411.1672	-580.9588	169.7916	1.978433	2.167371
366	-405.7837	-575.7168	169.9331	1.978433	2.074832
372	-421.3764	-591.7852	170.4088	0.3396693	2.80758
378	-404.8649	-576.2338	171.3689	0.8497287	1.86905
384	-401.4081	-571.8665	170.4584	1.256882	2.202916
390	-407.3642	-577.5759	170.2117	1.256882	2.360859
396	-410.8885	-582.4203	171.5318	0.8399416	1.763392
402	-409.8475	-579.2723	169.4248	1.906829	2.447353
408	-407.5646	-576.1224	168.5578	1.906829	2.979127
414	-401.7535	-571.6556	169.9022	0.7577311	2.861344
420	-387.7622	-559.0662	171.304	0.6609921	2.039493
426	-394.2178	-564.9616	170.7438	0.8891045	2.256011
432	-395.41	-565.4964	170.0864	1.727601	2.138756
438	-394.1938	-564.2495	170.0557	1.7314	2.156253
444	-396.1371	-566.528	170.391	1.02395	2.394832
450	-400.8542	-571.1069	170.2527	1.33	2.288198
456	-407.8182	-577.9529	170.1348	0.788886	2.700534
462	-399.5036	-570.138	170.6343	0.9655627	2.277155
468	-383.3281	-553.7944	170.4662	0.8951882	2.428587
474	-394.6191	-564.8095	170.1904	1.068143	2.493112
480	-402.4137	-572.2597	169.846	1.397305	2.502661
486	-403.7556	-574.4125	170.6569	0.9571407	2.268088
492	-401.9419	-572.4761	170.5342	0.6782742	2.521929
498	-403.6446	-573.8023	170.1577	1.374256	2.320577
504	-412.1054	-581.8417	169.7364	1.493408	2.511121
510	-410.04	-580.2926	170.2525	1.016965	2.486281
516	-414.8148	-586.2903	171.4755	0.5695752	1.98621
522	-412.8317	-582.0807	169.249	0.8465028	3.199365
528	-410.7086	-581.5276	170.819	0.8466633	2.234907
534	-413.268	-583.8549	170.5869	1.528202	1.93923
540	-409.802	-577.5017	167.6997	0.9326789	4.048643
546	-408.7564	-578.8808	170.1244	0.9326789	2.618373
552	-411.3575	-582.482	171.1245	1.214756	1.785989
558	-400.626	-570.6098	169.9839	1.753874	2.188349
564	-400.0542	-570.4448	170.3906	0.6993191	2.598084
570	-406.8274	-577.6162	170.7887	0.2634714	2.621391
576	-409.3381	-580.5431	171.205	0.6422504	2.117041
582	-409.4548	-580.3772	170.9225	0.6747412	2.278879
588	-414.6819	-585.425	170.7432	0.5710045	2.458295
594	-410.9417	-581.3058	170.3641	0.5793439	2.688397
600	-410.7636	-581.099	170.3354	0.6147949	2.684239
606	-403.8034	-574.9469	171.1435	0.8935735	1.991591
612	-395.6756	-566.3616	170.686	0.9904479	2.227943
618	-401.9014	-572.8084	170.907	0.3368198	2.502356
624	-398.6601	-568.7203	170.0602	1.1836	2.502356
630	-393.376	-563.0084	169.6324	1.667879	2.467028
636	-395.3018	-566.7654	171.4636	0.6337557	1.951165
642	-408.6496	-579.7639	171.1143	0.7393637	2.112833
648	-402.6273	-573.356	170.7287	0.7188175	2.37424
654	-397.3467	-567.831	170.4844	1.77148	1.843568
660	-401.1526	-571.7243	170.5717	1.033849	2.273544
666	-394.6894	-565.1616	170.4722	1.025097	2.342637
672	-416.0827	-585.3161	169.2334	0.7638979	3.257489
678	-403.4668	-574.3463	170.8795	0.764705	2.248698
684	-406.5998	-577.1548	170.555	1.089229	2.248698
690	-402.5604	-573.9152	171.3548	0.8619768	1.870317
696	-396.0344	-566.7852	170.7509	0.307397	2.617644
702	-395.9889	-567.1372	171.1483	0.3091039	2.367929
708	-406.632	-577.2725	170.6406	0.3091039	2.684573
714	-411.5356	-581.6986	170.1631	1.146694	2.461064
720	-414.4345	-584.713	170.2785	0.4292543	2.832327
726	-404.1189	-574.7149	170.596	0.1116959	2.832327
732	-408.6808	-579.8773	171.1965	0.05682181	2.496401
738	-395.709	-566.4564	170.7474	0.6463269	2.408234
744	-400.8772	-571.2827	170.4055	0.9575889	2.427561
750	-407.5095	-578.1072	170.5978	0.7173627	2.457689
756	-406.1535	-577.2015	171.0481	0.2670448	2.457689
762	-393.0187	-562.9475	169.9288	1.030897	2.678423
768	-400.5343	-570.8478	170.3135	0.893766	2.525152
774	-398.6655	-569.4357	170.7702	1.61085	1.756922
780	-415.6508	-586.6801	171.0293	0.6421536	2.231211
786	-411.9647	-582.1222	170.1575	1.271534	2.385914
792	-406.932	-576.4669	169.5349	1.082989	2.886736
798	-407.7353	-578.1994	170.4642	1.010871	2.356772
804	-403.1357	-573.4455	170.3098	1.115679	2.388162
810	-406.3333	-577.9981	171.6648	0.557219	1.866732
816	-399.3323	-570.0629	170.7306	0.4957637	2.513226
822	-409.7124	-577.7667	168.0543	2.006108	3.22015
828	-404.5336	-573.5102	168.9766	1.290213	3.097541
834	-420.0988	-586.9677	166.8689	2.372837	3.698762
840	-420.2138	-590.8846	170.6708	1.511562	1.893733
846	-425.7555	-597.2763	171.5208	0.9182666	1.716156
852	-408.7635	-576.9092	168.1457	2.093349	3.114064
858	-412.5311	-581.7886	169.2575	0.9815805	3.114064
864	-404.8382	-572.556	167.7178	2.230492	3.286404
870	-409.6015	-577.9404	168.3389	1.995396	3.057259
876	-406.0236	-576.7183	170.6947	0.5873132	2.478434
882	-401.3814	-570.2807	168.8993	1.356775	3.10397
888	-395.0541	-564.347	169.2929	1.356775	2.867534
894	-407.2002	-577.187	169.9868	1.007079	2.657382
900	-400.2671	-570.4629	170.1958	0.9693705	2.551384
906	-410.7758	-580.9975	170.2216	1.410458	2.2565
912	-410.2263	-579.9331	169.7069	1.566665	2.483759
918	-401.9785	-573.1533	171.1748	1.261034	1.71841
924	-407.8947	-578.8939	170.9992	1.261034	1.84058
930	-405.5718	-575.195	169.6232	1.680751	2.464709
936	-412.3158	-581.0915	168.7757	1.935965	2.829907
942	-411.4848	-581.6497	170.1649	1.469448	2.255051
948	-414.5931	-583.8973	169.3041	1.469448	2.79228
954	-417.9321	-587.4703	169.5382	0.9373174	2.972581
960	-423.5847	-593.8923	170.3076	1.119379	2.387218
966	-413.9514	-584.6712	170.7198	1.371699	1.955106
972	-418.7406	-588.8501	170.1094	1.192493	2.465987
978	-406.8664	-577.1163	170.2499	1.491462	2.186007
984	-405.6542	-576.5697	170.9155	0.8258537	2.186007
990	-409.8793	-579.0551	169.1758	1.963927	2.567194
996	-406.27	-576.4131	170.1431	1.102342	2.501343
1002	-411.323	-580.623	169.3001	1.790444	2.597703
1008	-400.815	-571.5272	170.7121	1.075324	2.156055
1014	-387.9125	-558.8097	170.8972	0.7349141	2.256475
1020	-389.5542	-560.0277	170.4735	0.5826565	2.618968
1026	-394.7809	-565.1014	170.3205	0.846289	2.550342
1032	-393.8406	-563.1937	169.3531	1.597169	2.684191
1038	-391.3603	-561.2257	169.8654	1.518275	2.414572
1044	-398.1077	-567.9001	169.7924	1.264635	2.618414
1050	-402.1317	-571.1808	169.0491	1.693546	2.811091
1056	-398.2212	-568.6571	170.4359	0.9944276	2.385103
1062	-396.1309	-565.8943	169.7635	1.666829	2.385103
1068	-396.2221	-567.0803	170.8582	0.341842	2.529656
1074	-403.5493	-573.2015	169.6522	1.179816	2.756665
1080	-401.0113	-571.1916	170.1802	1.179816	2.429443
1086	-392.9268	-562.9655	170.0387	1.43899	2.355062
1092	-389.84	-560.6385	170.7984	1.042133	2.121394
1098	-395.5897	-566.6492	171.0594	0.6864002	2.183086
1104	-384.0568	-554.7911	170.7343	0.7696847	2.338359
1110	-405.5236	-575.0768	169.5532	1.784881	2.443294
1116	-412.9861	-583.0641	170.0781	1.526884	2.27391
1122	-401.6116	-572.2811	170.6696	0.8896491	2.303189
1128	-406.3775	-576.6104	170.2329	0.5960498	2.758489
1134	-407.9339	-577.89	169.9561	0.7627449	2.825547
1140	-397.151	-567.3607	170.2097	1.289952	2.341157
1146	-395.9738	-566.3898	170.416	1.083596	2.341157
1152	-406.9148	-577.2083	170.2935	1.576324	2.10222
1158	-408.2363	-579.2752	171.0389	0.7999296	2.122555
1164	-402.5037	-572.552	170.0483	1.130605	2.542811
1170	-407.3046	-576.1228	168.8181	1.739859	2.922951
1176	-400.0287	-569.3788	169.3501	1.527736	2.72863
1182	-405.7802	-576.3601	170.5799	1.030486	2.270435
1188	-396.6694	-566.7846	170.1152	0.6544979	2.794631
1194	-404.9129	-574.6615	169.7486	0.6603548	3.012545
1200	-400.0665	-569.9492	169.8827	1.059927	2.688887
1206	-390.4876	-561.8262	171.3386	1.059927	1.74465
1212	-396.1104	-567.0722	170.9618	0.7920521	2.177893
1218	-394.8514	-564.5401	169.6886	0.7920521	2.96949
1224	-391.4551	-560.8622	169.4071	1.968852	2.419421
1230	-388.2304	-558.5253	170.2949	0.9317047	2.513079
1236	-398.1683	-568.8867	170.7184	1.505564	1.865395
1242	-397.8812	-567.6913	169.8101	1.554992	2.426279
1248	-391.3767	-562.161	170.7844	0.6160243	2.404018
1254	-395.403	-565.3866	169.9836	0.4959905	2.970129
1260	-398.8905	-568.4378	169.5474	1.344091	2.720288
1266	-412.3578	-581.5376	169.1798	1.24155	3.005152
1272	-412.9421	-583.6158	170.6737	0.7607499	2.382489
1278	-395.7958	-566.1238	170.328	1.537751	2.104904
1284	-409.7548	-580.9369	171.182	0.9235261	1.94567
1290	-416.2939	-585.7718	169.4779	0.829305	3.073442
1296	-422.3529	-593.5161	171.1632	0.252169	2.394563
1302	-413.6828	-583.9811	170.2983	1.040315	2.442905
1308	-414.8044	-581.94	167.1356	2.296012	3.588753
1314	-410.4434	-581.4871	171.0438	0.7781609	2.133583
1320	-415.0379	-584.7356	169.6977	0.8175805	2.948666
1326	-407.9278	-577.3211	169.3933	0.6676244	3.219825
1332	-398.2462	-568.5456	170.2994	1.055527	2.432662
1338	-402.8322	-572.6908	169.8586	1.296528	2.557603
1344	-405.8226	-576.5294	170.7067	0.6777473	2.414057
1350	-408.712	-577.0987	168.3867	0.8419758	3.706295
1356	-406.7173	-571.122	164.4047	2.667388	4.926934
1362	-402.7755	-569.8203	167.0448	1.261457	4.234073
1368	-405.5641	-571.9266	166.3624	1.943852	4.234073
1374	-410.7595	-581.1981	170.4386	1.690638	1.929734
1380	-390.1932	-560.6662	170.473	0.9271952	2.404132
1386	-394.1947	-564.3987	170.204	1.045465	2.49883
1392	-397.6593	-568.4137	170.7544	1.045465	2.147993
1398	-410.099	-579.4984	169.3994	1.406702	2.772479
1404	-414.4401	-586.0779	171.6378	0.3565388	2.020033
1410	-412.9253	-582.8822	169.957	0.8648762	2.762843
1416	-408.2487	-579.1717	170.9229	0.49136	2.395248
1422	-412.6742	-582.0739	169.3997	1.065509	2.978775
1428	-422.1265	-592.5272	170.4007	1.065509	2.362393
1434	-400.0948	-570.7356	170.6408	0.7239527	2.426512
1440	-399.3151	-568.786	169.4709	1.800283	2.485258
1446	-401.1962	-571.0744	169.8782	1.478355	2.431649
1452	-396.2533	-566.2017	169.9484	1.056032	2.650891
1458	-392.4173	-562.4139	169.9966	1.291104	2.474886
1464	-404.3795	-575.6056	171.2261	0.4167292	2.249598
1470	-392.6775	-562.9032	170.2257	1.533084	2.174696
1476	-394.8554	-565.2481	170.3928	1.315066	2.207684
1482	-388.4894	-559.224	170.7346	0.9732319	2.207684
1488	-393.7498	-562.6859	168.936	1.743085	2.849699
1494	-396.276	-565.9196	169.6436	1.521925	2.551153
1500	-410.6709	-579.2013	168.5304	1.811721	3.052588
1506	-410.6828	-580.2467	169.5638	1.541643	2.588427
1512	-412.533	-583.3708	170.8378	0.7873107	2.261002
1518	-403.7256	-573.933	170.2074	0.9695799	2.544016
1524	-401.3875	-572.3821	170.9946	0.1870217	2.541133
1530	-402.4382	-572.4205	169.9823	1.507842	2.347178
1536	-397.2271	-566.5779	169.3507	1.692279	2.627079
1542	-398.3265	-567.5189	169.1923	1.800741	2.657862
1548	-399.6666	-568.8396	169.173	1.800741	2.669757
1554	-388.501	-558.3318	169.8308	1.781046	2.269528
1560	-395.6767	-566.2516	170.5749	0.9372544	2.333177
1566	-391.7062	-561.6413	169.9351	1.577055	2.333177
1572	-395.2117	-565.6886	170.4769	1.15525	2.256461
1578	-395.5764	-566.2763	170.6999	0.8744515	2.293514
1584	-388.8124	-559.6757	170.8633	1.113018	2.032018
1590	-390.4316	-561.5403	171.1088	0.9716304	1.962571
1596	-394.981	-565.1657	170.1847	1.045569	2.510818
1602	-397.4961	-567.7567	170.2605	1.883967	1.919396
1608	-402.56	-572.7683	170.2083	0.7934756	2.652516
1614	-405.7311	-576.4112	170.6802	1.029867	2.206287
1620	-404.769	-574.616	169.847	0.7225999	2.915938
1626	-416.0835	-586.2594	170.1758	1.108876	2.476766
1632	-418.6705	-589.5741	170.9036	1.108876	2.007937
1638	-401.2226	-571.6657	170.443	1.593992	1.991597
1644	-416.8664	-587.6728	170.8064	1.193219	2.016509
1650	-410.8377	-581.6368	170.7991	0.9117481	2.205731
1656	-405.9532	-576.0723	170.1191	1.049863	2.549027
1662	-416.9597	-587.2356	170.2759	1.195046	2.35935
1668	-398.0831	-569.2219	171.1387	1.155071	1.817448
1674	-407.3414	-577.1546	169.8132	0.7673902	2.909309
1680	-398.2925	-568.2464	169.954	1.339391	2.471353
1686	-396.1057	-566.8454	170.7397	1.120677	2.108401
1692	-405.7787	-576.9892	171.2105	0.6498878	2.108401
1698	-415.7785	-585.325	169.5465	1.486741	2.633111
1704	-407.869	-577.6093	169.7404	1.370844	2.584873
1710	-407.8336	-578.318	170.4844	0.8367627	2.453888
1716	-400.6977	-570.1167	169.419	1.695529	2.58281
1722	-402.4214	-573.0794	170.6579	1.350688	2.010535
1728	-406.2144	-577.2093	170.9949	0.7758594	2.166894
1734	-402.7056	-572.9471	170.2416	1.193924	2.381841
1740	-403.6191	-574.1804	170.5613	0.7581586	2.454955
1746	-406.9997	-577.3928	170.393	1.037886	2.384724
1752	-402.9936	-573.5845	170.5909	0.7137942	2.464219
1758	-399.5671	-569.9282	170.361	0.6531461	2.644859
1764	-399.7256	-569.2926	169.567	1.447227	2.644859
1770	-412.0864	-583.3822	171.2958	0.2310156	2.323823
1776	-402.5095	-573.6867	171.1772	0.3496655	2.323823
1782	-399.6025	-570.363	170.7605	0.801888	2.301129
1788	-393.5829	-564.7249	171.142	1.227154	1.765198
1794	-398.2628	-568.1667	169.9039	1.521639	2.38811
1800	-393.2707	-564.4699	171.1992	0.5308151	2.193368
1806	-399.8988	-570.6169	170.7181	1.143369	2.107701
1812	-408.9436	-579.4447	170.5011	1.175955	2.227575
1818	-394.7464	-563.4831	168.7367	1.63872	3.032647
1824	-402.0339	-573.1443	171.1103	0.9525287	1.974314
1830	-398.0058	-567.3593	169.3536	0.8987911	3.106145
1836	-400.9232	-571.7754	170.8522	0.8987911	2.17975
1842	-402.4254	-572.7886	170.3633	0.780608	2.564614
1848	-396.954	-567.2201	170.2661	1.445499	2.205296
1854	-405.3182	-575.0998	169.7816	1.803082	2.286919
1860	-409.9854	-580.2338	170.2484	1.573396	2.133644
1866	-411.4259	-581.5344	170.1086	1.044881	2.558658
1872	-405.9383	-576.3583	170.42	0.7213869	2.566157
1878	-405.1878	-574.7997	169.612	1.060166	2.853911
1884	-397.5477	-568.286	170.7383	1.168334	2.07802
1890	-396.2822	-567.1743	170.8921	1.014589	2.07802
1896	-404.482	-575.381	170.899	1.091707	2.022419
1902	-411.9185	-581.5967	169.6782	1.107563	2.784856
1908	-408.0143	-578.8244	170.8101	1.070381	2.095261
1914	-409.8209	-579.5752	169.7543	1.966247	2.199488
1920	-412.9486	-582.6913	169.7427	2.023523	2.16988
1926	-409.7956	-579.6661	169.8706	0.9155564	2.784642
1932	-404.62	-574.8021	170.1821	1.763578	2.052285
1938	-403.251	-574.269	171.018	0.9276921	2.052285
1944	-410.043	-581.3002	171.2572	0.588098	2.118288
1950	-401.2309	-572.0113	170.7805	0.8649317	2.247944
1956	-401.2825	-571.6848	170.4023	0.4879255	2.721041
1962	-398.1832	-569.345	171.1618	0.2281737	2.41058
1968	-401.7212	-571.6761	169.955	1.435036	2.41058
1974	-399.9682	-570.5107	170.5425	0.8475217	2.41058
1980	-417.5827	-587.5167	169.9341	1.08432	2.642273
1986	-405.874	-576.2606	170.3866	0.631819	2.642273
1992	-408.3423	-579.4776	171.1353	1.009022	1.91951
1998	-400.6647	-571.7477	171.083	1.06132	1.91951
2004	-402.1779	-572.4265	170.2486	1.482007	2.19296
2010	-398.8838	-569.8245	170.9407	1.482007	1.727673
2016	-400.8509	-570.9978	170.1469	1.298357	2.375677
2022	-407.3669	-575.9748	168.6079	1.884886	2.962213
2028	-404.3089	-572.2262	167.9173	1.884886	3.372326
2034	-402.6234	-572.8672	170.2438	0.6169109	2.739079
2040	-394.1639	-565.2948	171.1309	0.7560944	2.090945
2046	-398.2672	-569.0885	170.8212	0.3737702	2.532793
2052	-399.3334	-569.4066	170.0732	1.121802	2.532793
2058	-399.3454	-567.0927	167.7474	2.034245	3.384434
2064	-388.9135	-560.1568	171.2433	0.2547532	2.34215
2070	-386.1716	-557.2826	171.111	0.4275248	2.316403
2076	-392.7543	-562.562	169.8077	1.417786	2.513766
2082	-388.5415	-558.904	170.3625	1.417786	2.160724
2088	-405.1169	-575.3578	170.2409	1.539417	2.160724
2094	-408.9988	-579.1068	170.108	0.7207126	2.758645
2100	-414.9696	-583.0148	168.0452	1.604481	3.461665
2106	-410.3712	-579.3472	168.976	1.938354	2.70625
2112	-405.3137	-574.2897	168.976	1.938354	2.70625
2118	-400.7195	-570.9539	170.2343	0.6800129	2.70625
2124	-410.9009	-580.2465	169.3456	1.568756	2.70625
2130	-404.3557	-575.3259	170.9702	0.8342552	2.144997
2136	-406.7749	-577.4297	170.6548	0.7163287	2.422485
2142	-407.3469	-578.3959	171.049	0.3221023	2.422485
2148	-408.1435	-578.242	170.0985	0.9864016	2.601165
2154	-398.3624	-568.45	170.0876	0.65265	2.812586
2160	-391.0367	-561.0577	170.021	1.461908	2.3518
2166	-410.6575	-580.1824	169.5249	1.209274	2.816243
2172	-392.6627	-561.6312	168.9685	1.235654	3.134839
2178	-388.5044	-557.3205	168.8161	2.08404	2.714954
2184	-393.3875	-563.4844	170.097	1.929097	1.998917
2190	-408.8158	-578.4796	169.6638	0.8035317	2.977542
2196	-391.6408	-561.8079	170.1672	1.352706	2.328275
2202	-387.0771	-557.9939	170.9168	0.8135728	2.1931
2208	-408.0119	-578.8459	170.834	1.213584	1.984537
2214	-401.3506	-571.7234	170.3728	1.486873	2.1089
2220	-412.6518	-582.7275	170.0757	0.673832	2.806916
2226	-416.3459	-587.4553	171.1093	0.673832	2.158842
2232	-406.9861	-577.3388	170.3527	0.8834884	2.507104
2238	-398.901	-569.1302	170.2292	1.592037	2.13404
2244	-387.082	-558.0553	170.9733	1.131615	1.946104
2250	-396.6659	-566.9038	170.2379	0.6047948	2.750139
2256	-409.3663	-578.5358	169.1695	1.673159	2.750139
2262	-406.0979	-574.936	168.8381	2.164614	2.65193
2268	-393.2284	-562.5681	169.3397	1.705501	2.625719
2274	-396.0148	-566.593	170.5783	1.395747	2.033506
2280	-399.175	-570.5512	171.3762	1.329846	1.522941
2286	-386.453	-556.5952	170.1422	0.6051748	2.808227
2292	-391.7154	-561.9152	170.1998	0.9705601	2.548156
2298	-395.8706	-566.9913	171.1206	0.9705601	1.955311
2304	-402.3772	-573.1263	170.7492	1.472355	1.867069
2310	-398.9023	-568.1356	169.2333	1.650835	2.72476
2316	-400.9599	-572.5201	171.5601	0.6719445	1.85986
2322	-396.0178	-566.8427	170.8249	1.071222	2.084978
2328	-396.8292	-567.5993	170.7701	1.071222	2.120871
2334	-387.8942	-557.7526	169.8584	1.346665	2.526551
2340	-410.0951	-581.2575	171.1624	0.6279681	2.154143
2346	-407.6658	-576.6208	168.9549	1.843157	2.777336
2352	-405.2794	-575.3626	170.0832	0.9979663	2.603506
2358	-407.9428	-578.3365	170.3936	0.8312457	2.514168
2364	-402.0844	-572.3238	170.2394	1.520207	2.174174
2370	-400.8437	-570.7303	169.8866	1.163085	2.622921
2376	-402.7723	-574.154	171.3817	0.274127	2.241273
2382	-404.6789	-576.2352	171.5563	0.3478326	2.079703
2388	-399.1302	-570.6427	171.5125	0.0339243	2.311323
2394	-391.0895	-562.0423	170.9529	0.02940123	2.664529
2400	-393.222	-563.9503	170.7283	0.2539618	2.664529
2406	-399.7094	-570.9894	171.2799	0.7549048	1.993054
2412	-396.8841	-567.9143	171.0302	1.443964	1.691278
2418	-395.5783	-567.1366	171.5583	0.7016536	1.840747
2424	-403.8393	-573.8368	169.9976	0.6887196	2.845345
2430	-404.8625	-573.6926	168.8302	2.051189	2.726464
2436	-405.2265	-572.4291	167.2027	2.265979	3.567212
2442	-404.9532	-572.1558	167.2027	2.265979	3.567212
2448	-404.993	-572.2913	167.2984	2.265979	3.511495
2454	-409.1931	-579.8985	170.7054	0.8462696	2.307967
2460	-417.864	-586.8754	169.0114	0.8462696	3.339745
2466	-414.8925	-583.8712	168.9786	1.230761	3.131732
2472	-401.0112	-571.6128	170.6016	1.201859	2.145627
2478	-406.1186	-576.7913	170.6727	0.8025024	2.356668
2484	-400.7594	-570.6115	169.8521	1.00198	2.74314
2490	-414.9373	-585.2495	170.3122	0.7770438	2.598474
2496	-402.7058	-573.9093	171.2035	0.8599821	1.973899
2502	-400.0702	-570.9706	170.9004	0.7822343	2.224
2508	-406.6591	-578.0362	171.377	0.5325695	2.076077
2514	-405.8135	-576.1413	170.3279	1.205042	2.319961
2520	-402.5273	-573.4686	170.9413	0.9765702	2.070654
2526	-389.5026	-559.2382	169.7356	1.606147	2.440941
2532	-401.5488	-571.6905	170.1416	1.361008	2.339238
2538	-401.8191	-573.0521	171.233	0.7891211	2.001538
2544	-404.571	-574.6139	170.0429	0.7891211	2.756655
2550	-399.6993	-568.5803	168.8809	0.8739272	3.400109
2556	-396.297	-567.3518	171.0548	0.8739272	2.063495
2562	-392.3794	-563.0003	170.6209	0.6167411	2.506234
2568	-403.0134	-573.6343	170.6209	0.6167411	2.506234
2574	-397.0829	-568.9052	171.8223	0.6207577	1.713322
2580	-402.0431	-573.2736	171.2305	0.4125407	2.249437
2586	-394.4321	-564.9321	170.5	1.483701	2.027103
2592	-403.8509	-572.8526	169.0017	1.230531	3.118156
2598	-408.3931	-576.8909	168.4978	1.115228	3.483083
2604	-401.9986	-571.8963	169.8977	0.9759417	2.731172
2610	-403.069	-573.1039	170.035	1.52542	2.30243
2616	-400.758	-570.8683	170.1102	0.5265733	2.875321
2622	-407.5409	-578.6215	171.0806	0.9914525	1.968199
2628	-406.3821	-576.8032	170.4211	1.315931	2.188772
2634	-406.8192	-577.1437	170.3245	1.578318	2.080574
2640	-418.5547	-587.5143	168.9596	1.578318	2.935067
2646	-410.8756	-580.9328	170.0572	0.7809744	2.752875
2652	-410.4133	-579.6798	169.2665	0.9693161	3.11598
2658	-414.9678	-585.3284	170.3605	1.735359	1.952165
2664	-406.4444	-575.3056	168.8612	1.918621	2.788463
2670	-404.7191	-573.8714	169.1523	1.814927	2.673761
2676	-403.6423	-574.0367	170.3943	0.6486866	2.627068
2682	-402.3004	-572.6341	170.3337	1.641343	2.032832
2688	-406.1126	-576.5241	170.4114	0.5641624	2.668624
2694	-418.2502	-588.9885	170.7383	0.6949556	2.38323
2700	-407.5496	-577.5657	170.0161	0.9975952	2.645181
2706	-414.2478	-585.6009	171.3531	1.222767	1.618441
2712	-404.0559	-574.9268	170.8709	1.087032	2.044181
2718	-414.7936	-586.0352	171.2417	0.7162526	2.044181
2724	-405.2285	-575.3447	170.1163	1.200287	2.4568
2730	-403.2722	-573.9626	170.6905	0.6029263	2.471316
2736	-410.051	-580.0428	169.9917	0.7333275	2.82181
2742	-396.2815	-566.6635	170.382	0.4812473	2.737564
2748	-406.754	-577.579	170.825	1.408146	1.859108
2754	-403.1336	-573.5996	170.466	0.7833215	2.498917
2760	-402.6898	-573.7001	171.0102	1.379089	1.751102
2766	-411.5059	-581.2206	169.7147	1.759253	2.357427
2772	-410.5034	-581.0006	170.4972	0.9767797	2.357427
2778	-403.4091	-574.9807	171.5716	0.7501801	1.798093
2784	-418.5336	-588.3766	169.843	1.582794	2.387953
2790	-404.7393	-575.3119	170.5726	1.582794	1.912001
2796	-389.6939	-559.1491	169.4552	1.582794	2.630187
2802	-405.384	-576.3813	170.9974	0.3566218	2.433264
2808	-394.6048	-565.7045	171.0997	1.35344	1.706196
2814	-390.9417	-561.4358	170.4941	1.139534	2.255499
2820	-405.6629	-574.8162	169.1533	1.928424	2.603144
2826	-405.6002	-576.4966	170.8964	0.7166185	2.268717
2832	-404.3356	-574.928	170.5924	1.020645	2.268717
2838	-413.1439	-582.8779	169.734	0.6650766	3.018451
2844	-408.7339	-579.7703	171.0365	1.059633	1.952014
2850	-412.3305	-583.6071	171.2766	0.6082696	2.092365
2856	-398.8311	-569.541	170.7099	0.6300081	2.442103
2862	-403.6421	-573.676	170.0339	0.6272887	2.860546
2868	-396.9706	-567.782	170.8114	0.3578323	2.548865
2874	-398.4502	-568.5916	170.1414	0.6622763	2.773922
2880	-398.7633	-569.7992	171.0358	0.6622763	2.213986
2886	-403.8406	-574.5986	170.758	0.9883391	2.182738
2892	-408.3088	-576.0758	167.7671	2.106054	3.330665
2898	-410.3173	-579.7478	169.4305	1.948682	2.417401
2904	-385.7792	-554.7944	169.0152	2.025145	2.628718
2910	-407.4527	-578.1029	170.6502	1.35959	2.00974
2916	-396.9804	-567.2449	170.2645	0.571549	2.754199
2922	-394.9383	-566.0533	171.115	0.5270915	2.250056
2928	-394.8811	-563.8556	168.9744	1.882663	2.741302
2934	-408.2417	-577.2998	169.0581	1.803339	2.738663
2940	-405.4784	-576.568	171.0896	1.059269	1.916457
2946	-395.906	-567.2385	171.3325	0.8163338	1.916457
2952	-404.0857	-572.8243	168.7386	2.162417	2.714444
2958	-412.3881	-580.2177	167.8296	2.165592	3.258686
2964	-405.7188	-573.3046	167.5858	2.165592	3.402139
2970	-410.243	-580.7933	170.5503	0.5764454	2.575259
2976	-404.5803	-573.402	168.8218	1.989643	2.769202
2982	-405.5549	-573.1172	167.5624	2.176145	3.409705
2988	-400.6587	-570.1951	169.5364	1.843397	2.417024
2994	-396.6622	-566.4099	169.7477	1.176767	2.700047
3000	-412.9583	-581.4368	168.4785	1.894577	3.034038
3006	-419.0838	-587.0007	167.9169	2.351411	3.09666
3012	-409.7955	-580.8291	171.0336	0.9263832	2.042794
3018	-398.2158	-568.6841	170.4683	1.036329	2.337977
3024	-400.9683	-571.2097	170.2414	1.062573	2.464687
3030	-403.3525	-573.9302	170.5778	0.6499288	2.512424
3036	-409.9548	-579.2539	169.299	1.922253	2.516407
3042	-404.4716	-572.9022	168.4306	1.824738	3.104394
3048	-403.6486	-574.7149	171.0662	0.7478764	2.138692
3054	-408.8654	-580.2081	171.3427	0.4713695	2.138692
3060	-410.5648	-580.9063	170.3415	1.196793	2.316505
3066	-411.9763	-582.8939	170.9177	0.7492532	2.234106
3072	-418.7889	-585.126	166.3371	2.383226	3.99841
3078	-410.2367	-580.4108	170.1741	1.887138	1.975402
3084	-396.7147	-565.508	168.7933	1.887138	2.848887
3090	-399.6807	-570.2607	170.58	0.9483665	2.322888
3096	-410.9756	-581.7161	170.7405	1.327075	1.971166
3102	-403.0966	-573.8565	170.76	1.352962	1.940692
3108	-401.0294	-571.6528	170.6235	1.352962	2.031906
3114	-407.5281	-576.4448	168.9166	2.067016	2.663664
3120	-417.2962	-586.7559	169.4597	0.5590102	3.244826
3126	-416.1808	-586.0977	169.9169	1.344109	2.491615
3132	-405.2714	-576.2119	170.9405	0.3623503	2.465403
3138	-411.5838	-581.5834	169.9996	0.1858621	3.145992
3144	-408.7998	-579.283	170.4832	0.2124674	2.83966
3150	-400.8863	-570.333	169.4467	0.9310139	3.031283
3156	-418.4591	-588.968	170.5089	1.056352	2.299313
3162	-411.4006	-581.3287	169.9281	1.600972	2.322388
3168	-404.5967	-574.8897	170.2929	1.760867	1.980395
3174	-410.5487	-579.623	169.0743	1.6332	2.832475
3180	-406.5464	-576.6123	170.0659	1.6332	2.213336
3186	-407.7001	-578.0481	170.348	0.8602371	2.524577
3192	-419.0219	-588.947	169.9251	1.509702	2.382283
3198	-416.371	-586.4303	170.0593	0.6049366	2.858737
3204	-418.7301	-589.0287	170.2986	0.5896542	2.722231
3210	-417.9873	-588.3637	170.3764	1.151722	2.322998
3216	-404.7798	-574.0842	169.3044	1.047835	3.04651
3222	-409.237	-579.8872	170.6502	1.086899	2.18878
3228	-412.8008	-583.3823	170.5814	1.64081	1.866585
3234	-405.6484	-575.5415	169.8931	1.438568	2.447269
3240	-402.5504	-572.9889	170.4385	1.176413	2.267525
3246	-404.7104	-576.1029	171.3925	1.30292	1.53086
3252	-398.7816	-569.3508	170.5692	0.5564026	2.575974
3258	-400.5584	-572.155	171.5966	0.7392045	1.788412
3264	-398.3527	-568.683	170.3302	0.7148559	2.625787
3270	-403.8833	-574.0393	170.1559	0.8055344	2.677326
3276	-401.5335	-572.4925	170.9589	1.229324	1.889742
3282	-401.001	-569.6549	168.6539	1.849344	2.955934
3288	-412.9081	-580.928	168.0199	1.973899	3.259514
3294	-408.335	-579.0899	170.7549	0.8270112	2.288645
3300	-406.8629	-577.2682	170.4053	0.7542471	2.554896
3306	-406.9802	-577.0714	170.0913	1.782559	2.099611
3312	-391.3525	-561.2563	169.9038	1.144503	2.62378
3318	-394.8611	-565.8616	171.0005	0.786588	2.156298
3324	-402.224	-572.4917	170.2676	0.8515199	2.579957
3330	-411.486	-581.8696	170.3836	1.12398	2.336122
3336	-399.4221	-570.0807	170.6587	0.622479	2.479002
3342	-393.1125	-562.8475	169.735	1.631019	2.425703
3348	-389.1588	-559.8075	170.6487	0.810553	2.366803
3354	-400.9574	-570.9742	170.0168	1.695203	2.205028
3360	-406.5586	-576.599	170.0404	1.030661	2.609737
3366	-405.0887	-575.4094	170.3206	0.7504196	2.609737
3372	-393.3892	-564.106	170.7168	0.624071	2.441543
3378	-399.0876	-570.1532	171.0656	0.275228	2.441543
3384	-408.4799	-579.6882	171.2083	0.1325132	2.441543
3390	-401.4148	-571.4538	170.039	0.8205972	2.739761
3396	-403.831	-574.3609	170.5299	1.063553	2.281291
3402	-401.3996	-572.2162	170.8166	0.6113832	2.386573
3408	-408.5457	-578.626	170.0803	0.764693	2.7487
3414	-402.4945	-573.1595	170.665	1.022809	2.220632
3420	-391.7248	-561.8733	170.1485	1.175731	2.452002
3426	-388.2156	-558.7466	170.5311	0.9643975	2.343784
3432	-400.092	-569.9207	169.8287	1.817065	2.247722
3438	-412.2892	-582.9747	170.6855	1.09551	2.160235
3444	-395.5264	-565.8404	170.314	0.8469426	2.553981
3450	-396.9499	-567.5372	170.5873	0.7355372	2.452861
3456	-410.7894	-581.3526	170.5633	0.7595544	2.452861
3462	-404.6261	-574.6488	170.0226	1.102296	2.576366
3468	-421.3323	-592.0561	170.7238	0.4011099	2.576366
3474	-412.1509	-582.4209	170.2699	0.5643658	2.755239
3480	-419.907	-590.596	170.689	0.7644803	2.370463
3486	-418.1204	-589.0695	170.9491	0.9044841	2.112881
3492	-415.4249	-585.8243	170.3994	0.7392005	2.567878
3498	-407.9656	-576.4652	168.4996	1.936819	2.996076
3504	-400.4632	-571.4195	170.9564	0.1595011	2.581995
3510	-404.6535	-575.1781	170.5246	0.3592711	2.724935
3516	-394.7881	-565.9615	171.1734	0.7030457	2.097861
3522	-400.1184	-571.0172	170.8989	1.019728	2.070142
3528	-411.628	-581.5106	169.8826	1.287047	2.5486
3534	-407.7756	-577.7292	169.9536	0.7650858	2.825672
3540	-409.9298	-580.2904	170.3606	1.379211	2.186983
3546	-400.17	-570.9107	170.7407	1.123351	2.105984
3552	-418.1655	-587.4471	169.2816	1.541981	2.761801
3558	-414.2865	-584.9251	170.6386	0.5206147	2.555062
3564	-410.9884	-578.6286	167.6402	2.273168	3.306993
3570	-404.7579	-573.3441	168.5862	1.327153	3.306993
3576	-394.9427	-565.9377	170.9949	0.9522582	2.05127
3582	-396.1012	-567.0681	170.9669	0.7401998	2.208171
3588	-408.9821	-579.6915	170.7094	0.8223845	2.320661
3594	-407.1026	-575.8199	168.7173	1.130872	3.345325
3600	-400.8616	-571.4159	170.5543	1.246474	2.147348
3606	-400.3282	-570.7215	170.3934	0.4298881	2.76199
3612	-398.2818	-568.2404	169.9586	0.8646781	2.76199
3618	-395.8635	-564.7868	168.9233	1.906147	2.758212
3624	-387.11	-556.757	169.647	1.291416	2.691482
3630	-398.0781	-568.6374	170.5593	0.8103126	2.423436
3636	-410.1615	-579.6439	169.4824	0.7849599	3.097208
3642	-405.1965	-576.4842	171.2878	1.076407	1.768678
3648	-402.8703	-574.3545	171.4842	0.4166291	2.081886
3654	-409.2859	-580.4786	171.1927	0.7197739	2.074167
3660	-408.4114	-578.3823	169.9709	1.416163	2.412432
3666	-396.0954	-566.6481	170.5527	0.4959996	2.623582
3672	-400.867	-571.4593	170.5923	1.551209	1.920071
3678	-411.7781	-583.2119	171.4339	0.7916789	1.864326
3684	-408.8747	-578.5377	169.663	1.235156	2.716178
3690	-412.8389	-583.366	170.5271	0.8724232	2.404581
3696	-414.5786	-585.741	171.1624	0.817411	2.029668
3702	-425.5041	-595.4301	169.926	1.252204	2.543261
3708	-420.8962	-590.6751	169.7789	1.252204	2.63442
3714	-419.3886	-589.5278	170.1391	1.145726	2.47666
3720	-409.1444	-578.2764	169.132	0.9949634	3.180689
3726	-404.4484	-575.2357	170.7873	1.130904	2.070411
3732	-399.7118	-570.7622	171.0504	0.8866136	2.057989
3738	-397.1366	-567.1817	170.0452	1.138949	2.539573
3744	-422.3586	-591.1	168.7414	1.678554	3.005964
3750	-402.0142	-571.699	169.6848	1.678554	2.427368
3756	-407.4955	-578.2388	170.7433	1.317834	1.975466
3762	-411.3452	-582.6102	171.2651	0.8228173	1.957541
3768	-402.5422	-572.9871	170.4449	0.7227363	2.54981
3774	-407.2856	-577.8093	170.5237	1.243266	2.169367
3780	-403.3852	-573.6263	170.2411	1.140768	2.415688
3786	-409.4477	-579.4435	169.9958	1.172651	2.549341
3792	-403.2891	-574.268	170.9789	0.4472633	2.387737
3798	-419.9364	-591.2557	171.3192	1.163378	1.6853
3804	-411.6377	-583.1497	171.5119	1.083635	1.604149
3810	-402.6971	-573.0056	170.3085	0.9816583	2.473338
3816	-411.2315	-580.8715	169.64	0.9816583	2.88447
3822	-420.87	-589.4634	168.5934	0.9760833	3.508501
3828	-412.555	-582.5799	170.0249	1.137055	2.553355
3834	-412.6285	-582.502	169.8735	1.146145	2.641496
3840	-419.6188	-590.5024	170.8836	1.250547	1.926386
3846	-406.836	-576.7702	169.9342	1.031244	2.674841
3852	-416.418	-587.5108	171.0928	1.604231	1.529671
3858	-400.7855	-572.5058	171.7203	0.9767064	1.529671
3864	-408.0501	-579.408	171.3579	1.441378	1.452686
3870	-398.3964	-570.0584	171.662	1.030257	1.533198
3876	-408.0123	-576.7923	168.7799	1.616879	3.019829
3882	-400.9031	-570.4803	169.5772	1.771721	2.436452
3888	-393.5255	-563.8868	170.3613	0.7762848	2.568528
3894	-394.6902	-565.8182	171.1279	0.7762848	2.079637
3900	-394.4294	-564.107	169.6776	1.363859	2.628016
3906	-415.1667	-585.7749	170.6082	0.2762528	2.724571
3912	-409.8832	-580.3908	170.5075	0.7031963	2.522994
3918	-421.3744	-592.5172	171.1427	0.7031963	2.11789
3924	-413.2876	-583.5527	170.2651	1.494447	2.174188
3930	-406.2443	-576.3281	170.0838	1.048735	2.571633
3936	-403.991	-574.5874	170.5963	0.7372461	2.446096
3942	-402.0424	-571.4299	169.3875	0.9293254	3.067684
3948	-401.6109	-571.279	169.6681	1.091496	2.800798
3954	-407.2281	-577.7171	170.489	0.389932	2.72795
3960	-416.6611	-586.381	169.7199	0.9227121	2.871816
3966	-410.971	-580.8738	169.9028	0.3029277	3.133903
3972	-410.3435	-580.1191	169.7756	0.5974001	3.034073
3978	-415.5047	-585.8564	170.3516	0.5948417	2.686519
3984	-410.689	-581.9403	171.2513	0.7610199	2.008053
3990	-405.0711	-575.5669	170.4958	1.367323	2.106619
3996	-408.8541	-579.5086	170.6545	1.423152	1.964409
4002	-406.9138	-577.5533	170.6395	0.3548223	2.65711
4008	-402.4043	-572.6531	170.2488	0.7973716	2.625095
4014	-405.5121	-576.7822	171.2701	0.619273	2.089401
4020	-406.4505	-576.4466	169.9961	0.7170103	2.829056
4026	-414.4811	-583.4795	168.9984	0.8471158	3.346907
4032	-397.1211	-567.6614	170.5403	0.8234432	2.427095
4038	-399.8248	-570.7088	170.884	0.4797398	2.427095
4044	-397.4155	-568.3106	170.8951	0.6886521	2.28751
4050	-408.4254	-579.0558	170.6303	0.3734398	2.651282
4056	-404.2748	-575.0406	170.7658	0.09186735	2.740938
4062	-419.4485	-590.6867	171.2382	0.9819779	1.868007
4068	-410.6152	-580.4648	169.8496	0.7969951	2.869399
4074	-405.7126	-573.0876	167.3749	2.100712	3.563138
4080	-421.1663	-590.4473	169.281	2.236128	2.329985
4086	-415.1738	-585.7136	170.5398	0.9698284	2.334812
4092	-414.6832	-584.5111	169.8278	1.336818	2.551685
4098	-404.197	-573.8988	169.7018	1.283446	2.662709
4104	-403.7555	-574.4683	170.7128	0.7211802	2.382782
4110	-397.0086	-567.6192	170.6107	0.8233381	2.382782
4116	-401.9798	-571.9662	169.9864	1.219431	2.526083
4122	-401.8647	-571.8363	169.9716	1.219431	2.535295
4128	-388.4582	-559.1305	170.6722	0.985092	2.240271
4134	-402.7956	-572.8914	170.0959	1.369262	2.363057
4140	-406.3265	-576.8218	170.4952	0.8794166	2.420265
4146	-403.4108	-574.235	170.8242	0.8794166	2.210409
4152	-398.8454	-569.3303	170.4849	0.8193457	2.464516
4158	-396.6094	-567.3256	170.7162	0.4727195	2.536572
4164	-396.0467	-566.1726	170.1259	1.004705	2.572839
4170	-392.8469	-562.9406	170.0937	0.9847736	2.605146
4176	-390.5335	-559.7376	169.2042	1.672201	2.729526
4182	-396.4162	-566.5765	170.1602	0.9723455	2.571614
4188	-402.1999	-572.5899	170.39	0.905427	2.470047
4194	-407.679	-578.6665	170.9875	0.5287848	2.330541
4200	-406.4736	-577.9588	171.4852	0.5103545	2.019205
4206	-394.586	-565.8541	171.2681	0.8593045	1.930974
4212	-410.2652	-577.6161	167.351	2.191847	3.524041
4218	-418.5561	-587.4514	168.8953	0.6475002	3.524041
4224	-412.928	-583.7543	170.8263	0.6927056	2.328808
4230	-414.2802	-584.6565	170.3764	1.24836	2.261239
4236	-410.2662	-581.2043	170.9381	0.6506783	2.284271
4242	-411.8204	-582.6181	170.7977	1.310929	1.943592
4248	-415.4401	-585.6511	170.2111	0.9580546	2.54892
4254	-424.6604	-594.8065	170.1461	1.864041	2.009534
4260	-415.0199	-583.7915	168.7716	1.434667	3.133585
4266	-406.804	-576.9491	170.1451	0.9656761	2.58516
4272	-408.6132	-579.6354	171.0222	0.5020057	2.325505
4278	-424.9612	-596.2515	171.2903	0.6953662	2.025801
4284	-396.4719	-567.0712	170.5993	1.328024	2.064405
4290	-404.8343	-574.6154	169.7811	1.328024	2.586186
4296	-404.0232	-574.484	170.4608	0.7490772	2.523533
4302	-415.5973	-585.9133	170.316	0.8938307	2.523533
4308	-400.8737	-571.0824	170.2087	0.6418906	2.745287
4314	-415.6526	-585.8632	170.2106	0.9803001	2.535335
4320	-414.2695	-582.4587	168.1891	0.9993122	3.729574
4326	-413.9156	-583.9272	170.0117	1.545519	2.304458
4332	-413.5574	-583.6094	170.052	1.145923	2.530979
4338	-418.0242	-588.1601	170.1359	1.559026	2.216042
4344	-411.6545	-581.8938	170.2393	1.202795	2.377621
4350	-403.3855	-573.4468	170.0613	1.872828	2.059922
4356	-404.2287	-574.2937	170.065	0.8891651	2.681804
4362	-430.7824	-600.8612	170.0788	0.9234434	2.652227
4368	-420.092	-589.9972	169.9052	1.068438	2.669839
4374	-400.5225	-571.429	170.9065	1.456186	1.769715
4380	-406.3817	-576.3576	169.9759	1.569071	2.312247
4386	-411.9565	-582.7252	170.7688	1.259423	1.997494
4392	-412.1556	-582.7056	170.5499	1.259872	2.141499
4398	-407.564	-577.8857	170.3217	1.585072	2.077937
4404	-397.0525	-567.569	170.5165	1.207641	2.197151
4410	-393.7376	-563.3467	169.6091	1.713864	2.452791
4416	-400.1904	-570.7434	170.553	1.058613	2.269658
4422	-388.27	-558.6308	170.3609	0.9985971	2.4298
4428	-387.7521	-558.1771	170.425	0.961862	2.412575
4434	-386.0105	-557.0048	170.9943	0.9598251	2.046723
4440	-401.7501	-572.7654	171.0153	0.6133926	2.25871
4446	-402.8918	-572.0077	169.1159	1.030003	3.169475
4452	-401.3166	-571.2102	169.8936	1.399619	2.471432
4458	-397.5974	-567.1984	169.6011	1.6512	2.497059
4464	-399.0891	-569.7439	170.6548	0.5975145	2.497059
4470	-407.0332	-577.8526	170.8194	0.4328545	2.497059
4476	-411.5569	-581.3975	169.8405	1.411731	2.497059
4482	-412.2798	-581.9969	169.7172	1.017451	2.815999
4488	-413.2014	-583.9193	170.7179	0.6328666	2.435305
4494	-398.5209	-569.7655	171.2446	0.7394085	2.026901
4500	-406.1319	-576.6629	170.531	0.5988163	2.573356
4506	-410.661	-581.2593	170.5982	0.06361235	2.860153
4512	-401.0818	-571.5726	170.4907	0.8219578	2.459209
4518	-410.2762	-580.7122	170.4359	0.9047099	2.441672
4524	-403.7793	-573.6359	169.8566	1.453518	2.46085
4530	-413.0896	-583.4704	170.3808	1.130224	2.333898
4536	-398.6512	-569.5021	170.8509	0.3866617	2.506269
4542	-415.2951	-585.7047	170.4096	0.7977545	2.525085
4548	-409.8001	-579.2799	169.4798	1.371111	2.745119
4554	-397.0633	-567.6054	170.5421	1.075277	2.265948
4560	-411.6121	-580.762	169.1499	1.590884	2.81222
4566	-402.8848	-573.0423	170.1575	1.027268	2.539172
4572	-402.9096	-571.8588	168.9493	1.434191	3.027844
4578	-390.2951	-560.9048	170.6098	0.5684769	2.543234
4584	-397.9516	-567.4155	169.4639	1.91109	2.42004
4590	-401.1861	-571.0519	169.8658	1.742157	2.27198
4596	-389.3301	-559.9664	170.6363	1.50173	1.923736
4602	-385.8137	-556.802	170.9883	0.7054781	2.216765
4608	-403.3363	-573.4706	170.1342	1.898681	1.994349
4614	-412.1172	-582.8764	170.7591	0.1845339	2.688257
4620	-411.2351	-582.301	171.0659	1.134985	1.881152
4626	-396.7537	-567.1508	170.3971	0.6459864	2.627029
4632	-395.4495	-566.0008	170.5513	0.4917915	2.627029
4638	-398.8755	-569.5764	170.701	0.5727918	2.483618
4644	-408.4487	-577.914	169.4653	1.104526	2.915825
4650	-399.0795	-570.0374	170.9579	1.403502	1.770572
4656	-405.3359	-576.4452	171.1093	0.557431	2.234214
4662	-405.4086	-576.19	170.7814	0.802481	2.287392
4668	-425.6866	-595.4016	169.715	0.3842275	3.197142
4674	-417.2159	-586.2952	169.0793	1.124199	3.135255
4680	-420.6075	-591.5819	170.9744	0.6985752	2.230192
4686	-408.4263	-578.8388	170.4125	1.260507	2.230192
4692	-419.1305	-589.3408	170.2103	0.6477679	2.740693
4698	-416.3252	-585.6974	169.3722	1.485896	2.740693
4704	-405.3228	-575.3752	170.0524	0.7611412	2.767889
4710	-404.0543	-574.523	170.4687	0.4141042	2.7256
4716	-397.5562	-568.3024	170.7462	0.6587299	2.401173
4722	-404.6944	-575.4136	170.7192	0.7634358	2.351968
4728	-400.5784	-571.0949	170.5165	1.130313	2.247072
4734	-402.9764	-574.1213	171.1449	0.6345746	2.161251
4740	-402.5112	-572.7781	170.2669	1.138185	2.401042
4746	-413.6105	-583.6618	170.0512	1.612198	2.236343
4752	-399.2193	-569.9	170.6807	1.339236	2.002998
4758	-397.4796	-567.8643	170.3847	1.339236	2.197294
4764	-412.5375	-581.8008	169.2633	1.351596	2.888583
4770	-410.0418	-581.0559	171.0141	0.6564001	2.231764
4776	-402.9946	-571.6984	168.7038	2.189655	2.719084
4782	-410.3599	-580.7693	170.4093	1.662183	1.968524
4788	-415.5775	-585.4961	169.9185	0.865651	2.78582
4794	-401.3306	-570.0799	168.7493	2.034879	2.78582
4800	-405.2671	-576.0926	170.8255	0.308211	2.570903
4806	-399.4131	-569.8521	170.439	0.8849723	2.452127
4812	-409.947	-580.2864	170.3394	0.6842508	2.639001
4818	-412.2581	-583.4353	171.1772	0.6215417	2.148734
4824	-411.3818	-581.8392	170.4573	0.9428398	2.404151
4830	-408.453	-579.004	170.551	0.8491426	2.404151
4836	-397.9947	-567.6969	169.7022	1.466017	2.549488
4842	-408.458	-579.7891	171.3311	0.4999368	2.127604
4848	-401.5502	-571.6409	170.0908	0.7792793	2.733397
4854	-407.8159	-577.1172	169.3014	1.768597	2.610424
4860	-402.192	-573.5448	171.3528	1.022704	1.760737
4866	-403.4604	-572.831	169.3706	1.641039	2.646415
4872	-397.9215	-569.0352	171.1137	0.5774945	2.218478
4878	-411.8569	-581.7128	169.8558	1.193879	2.622927
4884	-395.23	-565.278	170.048	1.169605	2.51872
4890	-407.675	-578.0786	170.4036	1.21731	2.263693
4896	-412.9387	-583.4377	170.4989	1.262961	2.172681
4902	-405.2438	-574.5796	169.3358	1.021891	3.043248
4908	-403.7025	-574.0038	170.3014	1.294127	2.279973
4914	-404.8743	-575.5548	170.6805	1.41258	1.95404
4920	-410.6638	-580.9691	170.3054	0.9031887	2.524362
4926	-416.847	-587.109	170.2619	0.9465977	2.524362
4932	-412.1932	-582.242	170.0488	1.223776	2.484357
4938	-412.4602	-583.0158	170.5556	0.7169987	2.484357
4944	-410.2516	-581.1505	170.8989	1.104762	2.013825
4950	-422.6866	-593.2566	170.57	0.6350992	2.526517
4956	-410.1579	-581.0391	170.8813	0.2648325	2.563219
4962	-418.7971	-589.1016	170.3045	0.2688701	2.913643
4968	-404.162	-574.9769	170.8149	0.6429559	2.367679
4974	-397.8215	-568.3711	170.5496	0.9082147	2.367679
4980	-413.8827	-585.0533	171.1705	0.6974326	2.103439
4986	-406.1955	-576.8076	170.6121	0.9365026	2.30994
4992	-409.1983	-578.9509	169.7526	1.725064	2.355084
4998	-402.915	-573.2662	170.3512	0.8078728	2.555142
5004	-408.5166	-577.3714	168.8547	1.303541	3.162134
5010	-414.5086	-584.3783	169.8697	1.52068	2.410339
5016	-399.606	-568.9856	169.3796	1.298173	2.850504
5022	-408.5845	-578.82	170.2356	0.7598448	2.656436
5028	-403.347	-573.6246	170.2776	0.7598448	2.630536
5034	-402.251	-571.6683	169.4174	0.8336792	3.106932
5040	-405.1377	-576.3128	171.1751	1.060278	1.857565
5046	-399.2585	-570.3595	171.101	1.060278	1.90801
5052	-399.279	-569.6154	170.3364	0.8846564	2.516585
5058	-395.2524	-564.8884	169.636	1.585037	2.516585
5064	-413.9617	-584.8781	170.9165	0.7478364	2.235791
5070	-408.1604	-579.0482	170.8878	1.056596	2.053111
5076	-398.2016	-569.0165	170.8149	0.645979	2.365775
5082	-405.2385	-573.5386	168.3001	1.645089	3.288224
5088	-410.5629	-580.3527	169.7898	1.07162	2.738649
5094	-405.7252	-575.8254	170.1001	1.577737	2.22704
5100	-404.5981	-574.4716	169.8735	1.690633	2.300058
5106	-408.6315	-577.5707	168.9392	1.277377	3.127449
5112	-405.0533	-573.1451	168.0919	2.124751	3.127449
5118	-403.527	-573.3499	169.8229	1.470427	2.471348
5124	-398.9138	-568.1299	169.2161	1.292472	2.952704
5130	-402.0964	-573.3445	171.2481	1.206233	1.705364
5136	-417.7996	-587.2617	169.4621	1.206233	2.856253
5142	-416.0308	-586.074	170.0432	0.9464515	2.660002
5148	-420.0491	-590.1113	170.0622	0.9464515	2.648294
5154	-411.0856	-582.3722	171.2866	0.3853728	2.230829
5160	-402.1143	-571.5596	169.4453	1.410977	2.741831
5166	-418.1374	-587.9842	169.8467	0.7823147	2.880009
5172	-406.3204	-576.8385	170.5181	1.083731	2.275925
5178	-401.293	-571.4667	170.1737	1.012221	2.538455
5184	-408.0136	-577.0165	169.0029	1.622573	2.882153
5190	-405.3339	-574.1554	168.8215	1.855763	2.850827
5196	-399.0687	-569.1818	170.1131	1.57207	2.22234
5202	-404.6851	-575.1057	170.4206	1.277452	2.214051
5208	-393.9536	-564.5129	170.5592	0.3528037	2.707657
5214	-409.3	-579.092	169.792	0.8564987	2.868253
5220	-409.4898	-579.9553	170.4655	0.4205978	2.723582
5226	-400.1273	-570.6368	170.5095	0.8024561	2.459671
5232	-405.8298	-575.3344	169.5046	1.78244	2.4753
5238	-404.2206	-573.8532	169.6326	1.78244	2.394768
5244	-401.0469	-570.2075	169.1606	1.870391	2.634477
5250	-396.3582	-566.7225	170.3644	1.14751	2.333351
5256	-395.0373	-565.7481	170.7108	1.297724	2.010609
5262	-390.6829	-560.6878	170.0048	1.003507	2.648465
5268	-393.8819	-563.1445	169.2626	1.003507	3.097959
5274	-398.6819	-569.8597	171.1778	0.7109331	2.089842
5280	-397.3389	-566.6474	169.3085	1.310137	2.886322
5286	-407.5131	-577.138	169.6249	0.6472692	3.094339
5292	-406.2514	-576.8979	170.6466	0.6531009	2.467393
5298	-402.7767	-569.1366	166.3599	2.239138	4.067631
5304	-401.6131	-572.2697	170.6567	0.9075942	2.299949
5310	-399.7364	-570.0735	170.3371	1.530813	2.1035
5316	-401.3314	-571.8507	170.5193	1.428216	2.051044
5322	-399.6578	-570.0195	170.3617	0.186754	2.928715
5328	-409.5866	-580.3268	170.7402	0.6906182	2.384764
5334	-410.9829	-581.9002	170.9173	1.412152	1.792787
5340	-417.6819	-588.1053	170.4235	1.533995	2.044481
5346	-419.3035	-590.2181	170.9146	1.396866	1.805258
5352	-416.8847	-587.7315	170.8467	0.759686	2.272967
5358	-408.0254	-578.6866	170.6612	0.6486885	2.46097
5364	-424.0618	-593.8848	169.823	1.486899	2.46097
5370	-412.5336	-583.1659	170.6323	1.644077	1.829489
5376	-406.5415	-576.3859	169.8444	1.644077	2.348213
5382	-400.8118	-571.2768	170.465	0.2756681	2.812304
5388	-397.437	-567.6225	170.1855	0.916939	2.590339
5394	-392.7728	-562.4723	169.6994	1.800893	2.340694
5400	-403.9887	-574.547	170.5583	1.365158	2.066962
5406	-409.1618	-578.8641	169.7023	1.804559	2.336563
5412	-424.583	-595.4923	170.9093	1.194135	1.947063
5418	-415.6639	-585.6625	169.9985	0.6251635	2.883252
5424	-416.0042	-586.1424	170.1382	0.950702	2.598674
5430	-403.191	-573.762	170.571	0.8924687	2.364102
5436	-402.6686	-573.2274	170.5589	0.8267994	2.413312
5442	-405.3177	-575.9349	170.6172	0.8267994	2.376435
5448	-406.3164	-576.7894	170.4729	1.741573	1.871841
5454	-398.3571	-570.0723	171.7151	0.4993895	1.871841
5460	-404.3907	-576.0724	171.6817	0.9890698	1.549084
5466	-399.0522	-567.9625	168.9103	1.597848	2.952961
5472	-396.8327	-567.3896	170.5569	1.230635	2.155991
5478	-418.5439	-589.2424	170.6985	0.6539082	2.434261
5484	-410.0537	-580.6539	170.6002	0.982155	2.288413
5490	-394.1472	-565.1766	171.0294	0.5529622	2.288413
5496	-394.2958	-563.9455	169.6498	0.7682274	3.007142
5502	-401.1283	-571.6083	170.48	0.7682274	2.49957
5508	-396.1009	-566.7475	170.6466	0.840228	2.34927
5514	-391.2838	-561.1161	169.8323	1.233414	2.613062
5520	-401.9149	-573.4437	171.5288	0.8284804	1.773467
5526	-401.6201	-571.9493	170.3292	0.8282311	2.556163
5532	-402.205	-572.6824	170.4773	0.6071015	2.601471
5538	-411.0408	-581.6186	170.5777	0.5066701	2.601471
5544	-403.4032	-573.531	170.1278	0.7539421	2.72625
5550	-408.0605	-577.8684	169.8079	1.637862	2.375317
5556	-402.815	-571.3389	168.5239	1.637862	3.16006
5562	-400.3184	-570.6476	170.3292	1.057334	2.412785
5568	-401.502	-572.1051	170.6031	1.057334	2.238267
5574	-407.8983	-578.4108	170.5125	0.933834	2.374973
5580	-401.8537	-572.6499	170.7962	0.933834	2.193312
5586	-408.3984	-579.2593	170.8609	1.397052	1.84213
5592	-399.4124	-570.2278	170.8154	1.116938	2.061097
5598	-396.848	-567.1459	170.2978	1.415559	2.204098
5604	-409.4233	-580.7392	171.3159	0.8133449	1.929727
5610	-390.7743	-561.5583	170.784	1.206509	2.022583
5616	-390.8155	-561.9248	171.1094	0.9573134	1.971761
5622	-388.4065	-559.3662	170.9597	1.106942	1.971761
5628	-392.1391	-563.4964	171.3573	0.3684072	2.196129
5634	-410.1486	-580.7398	170.5912	0.5897429	2.541551
5640	-411.7503	-582.7059	170.9556	1.115235	1.968961
5646	-405.0089	-575.5144	170.5054	1.590827	1.951915
5652	-395.3224	-566.235	170.9126	1.156382	1.970247
5658	-394.6852	-563.7659	169.0808	1.751027	2.756767
5664	-394.4819	-565.6759	171.1939	1.098964	1.818076
5670	-390.9532	-561.3128	170.3597	0.9894244	2.436338
5676	-403.9861	-575.1643	171.1782	0.4515466	2.25798
5682	-403.1077	-573.3901	170.2824	1.008399	2.472975
5688	-407.4592	-578.3671	170.9079	1.405433	1.803977
5694	-408.5591	-578.3893	169.8302	1.550139	2.416663
5700	-401.5281	-571.6617	170.1336	1.550139	2.22326
5706	-402.7402	-574.0189	171.2787	0.496667	2.163912
5712	-404.8521	-574.492	169.6399	1.365567	2.650203
5718	-388.4294	-559.0281	170.5987	0.8793862	2.354842
5724	-401.0215	-570.754	169.7325	1.860364	2.281651
5730	-400.0703	-571.3978	171.3275	1.406581	1.50197
5736	-396.35	-566.7584	170.4084	0.8018978	2.523289
5742	-399.5187	-570.6759	171.1572	1.091972	1.848165
5748	-404.5492	-575.0388	170.4896	0.3843194	2.730997
5754	-401.4525	-571.8181	170.3656	0.9140691	2.479926
5760	-402.613	-572.7017	170.0886	0.7191762	2.77142
5766	-402.532	-572.9711	170.4391	0.578233	2.64291
5772	-408.3749	-579.011	170.6361	0.4750497	2.584898
5778	-410.7448	-581.4194	170.6746	0.4750497	2.561034
5784	-416.5251	-586.9647	170.4396	0.9265445	2.425586
5790	-416.3979	-587.0251	170.6272	1.543344	1.901748
5796	-416.3907	-586.6326	170.242	1.336656	2.290783
5802	-407.7364	-578.278	170.5416	1.037004	2.290783
5808	-405.1514	-575.1172	169.9657	0.9003569	2.735815
5814	-400.1579	-571.1568	170.9989	1.286218	1.82344
5820	-404.6464	-575.3581	170.7117	0.8865146	2.278205
5826	-404.7951	-575.0735	170.2784	0.6383056	2.704821
5832	-400.4775	-570.9882	170.5107	0.8871837	2.405591
5838	-410.942	-579.6303	168.6883	1.041076	3.415045
5844	-411.0409	-581.3181	170.2772	0.3251263	2.896174
5850	-398.1706	-568.6482	170.4777	1.175497	2.242964
5856	-407.7699	-577.4234	169.6535	1.087749	2.811948
5862	-407.2066	-578.7324	171.5258	0.5169621	1.987735
5868	-409.8534	-580.7209	170.8675	0.3143679	2.540984
5874	-416.9018	-587.5328	170.6311	0.2945773	2.699328
5880	-409.5059	-579.7602	170.2544	1.288155	2.313829
5886	-408.7781	-578.8343	170.0562	1.131995	2.537064
5892	-401.3671	-571.6159	170.2489	1.131995	2.416342
5898	-403.0982	-572.8443	169.7461	1.131995	2.728477
5904	-407.6534	-574.5605	166.9071	2.458457	3.627099
5910	-394.5061	-562.9408	168.4347	2.114593	2.92821
5916	-399.3715	-569.3032	169.9318	0.3659275	3.079109
5922	-404.5749	-574.7958	170.2209	0.9996931	2.51687
5928	-394.2828	-564.0431	169.7603	1.46021	2.51687
5934	-408.7657	-579.8242	171.0585	0.9589038	2.004706
5940	-414.734	-585.6652	170.9312	0.6107663	2.314188
5946	-408.6494	-579.413	170.7636	0.6561757	2.391759
5952	-415.8152	-586.5907	170.7755	0.6442605	2.391759
5958	-398.5626	-569.0121	170.4495	1.021679	2.35921
5964	-401.2143	-571.078	169.8637	1.455961	2.454864
5970	-403.2374	-574.4159	171.1785	0.9798204	1.910072
5976	-409.2569	-580.8689	171.6119	0.7381306	1.778505
5982	-414.6232	-583.5023	168.8791	1.744679	2.883214
5988	-418.668	-588.5958	169.9278	1.508827	2.381098
5994	-401.1988	-571.6927	170.494	1.412955	2.077843
6000	-404.3379	-574.8319	170.494	1.412955	2.077843
6006	-414.7188	-585.2082	170.4894	1.412955	2.080884
6012	-403.9347	-573.9562	170.0215	1.025556	2.624588
6018	-404.2743	-574.8216	170.5473	0.4997206	2.624588
6024	-413.7163	-584.0807	170.3644	0.672722	2.630693
6030	-418.7779	-588.6131	169.8352	1.029954	2.736373
6036	-405.7392	-574.9783	169.2392	1.525481	2.797726
6042	-408.9511	-578.0595	169.1084	1.733435	2.750667
6048	-406.1672	-576.0796	169.9125	1.701765	2.267977
6054	-415.529	-584.2015	168.6725	1.880891	2.925716
6060	-410.2795	-580.0077	169.7281	0.8252803	2.925716
6066	-408.4958	-578.5495	170.0537	0.499697	2.925716
6072	-413.3995	-580.6741	167.2746	2.344781	3.479395
6078	-411.5237	-578.7983	167.2746	2.344781	3.479395
6084	-401.9771	-571.3753	169.3982	0.8246757	3.123686
6090	-403.5004	-574.0195	170.519	0.8568229	2.419496
6096	-402.08	-571.8635	169.7835	0.9365463	2.824826
6102	-389.7601	-560.1598	170.3998	0.436069	2.754307
6108	-396.621	-566.6267	170.0056	1.6274	2.255892
6114	-407.2192	-578.2825	171.0633	1.121229	1.892271
6120	-399.7552	-570.5984	170.8432	1.043489	2.091142
6126	-405.8412	-576.8191	170.9779	1.403899	1.756352
6132	-408.7409	-579.7189	170.9779	1.403899	1.756352
6138	-394.6892	-564.3968	169.7076	1.875144	2.288163
6144	-392.8602	-563.0625	170.2023	1.486017	2.220327
6150	-395.3974	-565.6076	170.2102	1.230136	2.378755
6156	-396.3737	-566.4449	170.0712	1.369181	2.378755
6162	-395.9949	-566.5693	170.5744	1.347108	2.068237
6168	-396.0024	-567.0682	171.0658	0.5406573	2.272952
6174	-400.3948	-570.3744	169.9796	1.447033	2.38745
6180	-403.1612	-574.2851	171.1239	0.6048904	2.194119
6186	-409.1361	-580.3389	171.2028	0.1438949	2.43788
6192	-401.7458	-572.6462	170.9004	0.369985	2.485732
6198	-411.5639	-582.1277	170.5638	0.7066015	2.485732
6204	-408.4458	-578.1488	169.703	1.133551	2.753886
6210	-417.7559	-588.6418	170.8859	0.378272	2.48965
6216	-413.8892	-584.2982	170.409	0.6859755	2.594907
6222	-409.9735	-580.5347	170.5612	1.335066	2.084876
6228	-395.9661	-566.8699	170.9038	1.115447	2.003432
6234	-399.0301	-569.4651	170.435	1.335149	2.167285
6240	-395.0725	-565.8971	170.8246	0.7016387	2.324226
6246	-396.1116	-566.0755	169.9638	1.560175	2.325637
6252	-409.8061	-580.1184	170.3124	1.657275	2.036415
6258	-405.6447	-575.6217	169.9769	1.740039	2.201781
6264	-417.4205	-587.6224	170.2019	1.016988	2.51789
6270	-404.0448	-574.0203	169.9755	0.6841993	2.86146
6276	-411.6113	-581.8498	170.2384	0.8312064	2.610606
6282	-418.8616	-588.1999	169.3383	1.695511	2.632738
6288	-408.3411	-578.8186	170.4774	0.6242469	2.590786
6294	-414.3265	-584.0832	169.7567	1.224555	2.665115
6300	-408.5281	-578.3495	169.8214	0.6673316	2.964675
6306	-395.4397	-565.1117	169.672	0.6352518	3.073413
6312	-396.0909	-566.2776	170.1867	0.6843853	2.73275
6318	-398.2611	-567.9424	169.6813	1.768797	2.372613
6324	-407.9253	-577.3816	169.4562	0.6860741	3.171602
6330	-402.8447	-574.3996	171.5549	0.8396903	1.747421
6336	-395.9481	-567.2138	171.2657	0.9463208	1.873529
6342	-393.5988	-563.856	170.2572	0.6190397	2.7296
6348	-389.2353	-560.0256	170.7903	1.019566	2.141438
6354	-399.4514	-569.369	169.9177	1.324901	2.503137
6360	-398.6144	-569.1951	170.5807	0.6618577	2.503137
6366	-397.9262	-567.3894	169.4632	1.69871	2.553378
6372	-403.813	-572.74	168.9271	1.69871	2.882
6378	-388.7422	-560.299	171.5568	0.5744591	1.928311
6384	-398.2585	-569.2577	170.9992	0.5744591	2.293971
6390	-399.0128	-569.4719	170.4591	1.087628	2.311151
6396	-410.8709	-581.1468	170.2759	0.7786025	2.619948
6402	-413.8463	-584.4557	170.6094	1.423812	1.994159
6408	-413.1018	-582.9564	169.8547	1.423812	2.480664
6414	-400.4032	-570.945	170.5419	0.736629	2.480664
6420	-408.6486	-578.7395	170.0909	1.36922	2.366238
6426	-420.054	-591.0664	171.0124	1.36922	1.756512
6432	-420.2719	-589.8707	169.5988	1.498854	2.593264
6438	-411.7777	-582.0638	170.2861	1.498854	2.157669
6444	-414.5826	-584.4188	169.8362	1.130775	2.67394
6450	-412.8847	-583.4114	170.5267	0.5805563	2.587311
6456	-408.366	-579.3193	170.9533	1.209641	1.906903
6462	-411.6881	-582.1482	170.4602	1.747086	1.876808
6468	-402.2711	-572.9764	170.7053	1.16849	2.099657
6474	-410.1451	-580.5128	170.3677	0.8009812	2.549184
6480	-403.0938	-573.7269	170.6332	0.986592	2.264423
6486	-410.696	-581.0808	170.3848	1.384059	2.168146
6492	-411.0921	-580.3319	169.2397	1.612358	2.744372
6498	-407.7811	-578.2248	170.4436	1.437211	2.094987
6504	-408.8655	-578.9556	170.0901	1.256959	2.437616
6510	-425.7537	-597.1067	171.353	0.5837332	2.058187
6516	-410.2477	-580.7042	170.4564	0.1808516	2.875034
6522	-408.8993	-579.3237	170.4244	0.990993	2.394563
6528	-398.5163	-568.8554	170.3391	0.8831529	2.51581
6534	-410.7712	-580.4591	169.6878	1.10281	2.781892
6540	-423.748	-594.5481	170.8001	1.236147	1.992104
6546	-403.9421	-574.1776	170.2355	1.346397	2.288687
6552	-396.0808	-565.3171	169.2363	1.892672	2.573853
6558	-397.5395	-567.1964	169.6569	1.892672	2.309311
6564	-398.0572	-568.7187	170.6615	1.081591	2.184894
6570	-396.7236	-568.4131	171.6895	0.5270396	1.870465
6576	-391.1177	-561.1981	170.0804	1.16445	2.501719
6582	-384.9075	-555.5025	170.595	0.649783	2.501719
6588	-390.9579	-561.4405	170.4826	0.7922855	2.482932
6594	-401.1498	-571.3874	170.2376	1.111996	2.436023
6600	-399.1752	-570.4263	171.2512	0.6463748	2.084027
6606	-399.9001	-570.8669	170.9668	0.7349952	2.211603
6612	-405.2931	-573.9389	168.6458	2.010355	2.863598
6618	-403.0635	-572.9895	169.9261	1.528254	2.369894
6624	-406.8697	-577.0874	170.2176	1.105171	2.452861
6630	-416.8104	-587.5598	170.7494	1.489762	1.854981
6636	-407.8544	-578.6006	170.7462	1.489762	1.857163
6642	-409.0006	-578.9665	169.966	0.9980036	2.67577
6648	-397.8732	-568.8139	170.9407	0.7327317	2.229897
6654	-400.9987	-571.8927	170.894	0.7327317	2.259944
6660	-399.067	-569.8614	170.7944	0.9257469	2.199738
6666	-397.4293	-568.0628	170.6335	1.584705	1.869339
6672	-405.0708	-575.3162	170.2454	0.9635345	2.524126
6678	-405.729	-576.5943	170.8653	0.6909504	2.305047
6684	-412.2668	-581.4797	169.2129	2.141345	2.433075
6690	-395.4473	-566.4091	170.9618	0.6124341	2.293602
6696	-398.9201	-568.0763	169.1563	1.497015	2.865348
6702	-411.3755	-582.3088	170.9333	0.5906104	2.325679
6708	-412.9672	-583.1771	170.2099	1.490036	2.212777
6714	-412.2516	-582.1255	169.8739	2.077989	2.048177
6720	-402.4029	-572.9427	170.5398	0.9280566	2.36134
6726	-403.1032	-572.9345	169.8312	1.104952	2.692858
6732	-408.3325	-578.8516	170.5191	0.8245771	2.43975
6738	-407.7093	-577.3841	169.6748	1.127151	2.774991
6744	-406.3158	-576.9497	170.6339	0.65705	2.47286
6750	-402.9914	-573.4116	170.4201	0.8708149	2.47286
6756	-399.8161	-570.418	170.6018	0.949121	2.308456
6762	-396.3636	-567.0653	170.7017	1.451911	1.913246
6768	-405.2414	-575.6848	170.4434	0.8475017	2.472899
6774	-412.3774	-580.8661	168.4887	1.891943	3.029539
6780	-407.9874	-578.728	170.7406	0.916244	2.240577
6786	-394.1823	-564.5431	170.3608	0.916244	2.481549
6792	-392.4803	-562.6696	170.1893	0.8280568	2.642908
6798	-398.7734	-568.4332	169.6598	1.340001	2.653725
6804	-390.5824	-560.935	170.3525	1.274948	2.259477
6810	-392.7529	-564.028	171.2751	1.056162	1.791544
6816	-396.4793	-566.5232	170.0439	0.8292647	2.731458
6822	-393.7839	-565.0402	171.2563	1.152498	1.737425
6828	-397.7253	-567.9046	170.1793	0.7342198	2.706761
6834	-400.497	-571.4937	170.9967	0.2090764	2.526077
6840	-384.8071	-555.3612	170.5542	0.650381	2.526838
6846	-393.8066	-565.7277	171.9211	0.393806	1.802875
6852	-407.9824	-579.7383	171.7559	0.1596426	2.072186
6858	-412.0602	-583.1915	171.1313	0.1680573	2.46759
6864	-425.0626	-594.4899	169.4273	1.718826	2.563205
6870	-407.7012	-577.8909	170.1897	1.24305	2.38356
6876	-396.2745	-566.8396	170.5651	0.8676431	2.38356
6882	-395.728	-565.2212	169.4932	0.6710218	3.158594
6888	-404.522	-573.7572	169.2353	1.593553	2.758582
6894	-402.2507	-572.6847	170.434	1.38901	2.132885
6900	-401.3387	-571.7416	170.403	1.38901	2.153116
6906	-398.4925	-568.201	169.7085	0.8474297	2.924172
6912	-404.5541	-575.7787	171.2246	0.7335256	2.044014
6918	-399.9524	-570.703	170.7506	0.8632839	2.268221
6924	-408.0006	-578.7681	170.7675	1.084969	2.113584
6930	-406.3064	-576.8821	170.5757	0.9691229	2.312343
6936	-394.0272	-564.577	170.5497	1.102676	2.243437
6942	-396.6112	-567.0842	170.473	1.472566	2.052346
6948	-393.7177	-564.3299	170.6122	0.8574328	2.360179
6954	-397.8361	-566.8442	169.0081	2.066207	2.607719
6960	-397.0598	-567.9157	170.8559	1.016233	2.100727
6966	-404.6968	-575.3912	170.6944	1.016233	2.205893
6972	-398.6067	-568.5681	169.9614	1.64183	2.275021
6978	-397.3429	-567.9006	170.5577	0.7104596	2.487128
6984	-398.6224	-569.0792	170.4567	1.459287	2.071858
6990	-396.7952	-565.9262	169.131	1.459287	2.903451
6996	-396.3832	-566.6626	170.2794	0.5719021	2.744855
7002	-394.1018	-565.2645	171.1627	0.8732202	1.992321
7008	-395.8693	-566.462	170.5927	0.6184	2.522771
7014	-391.5645	-561.9844	170.4199	0.7911977	2.522771
7020	-404.6105	-574.7029	170.0925	0.8979954	2.65948
7026	-395.4104	-566.0462	170.6358	0.8979954	2.319401
7032	-398.1146	-568.9833	170.8687	1.020865	2.089267
7038	-395.3704	-565.5502	170.1798	1.506742	2.221439
7044	-404.725	-574.2026	169.4776	1.614798	2.596536
7050	-404.1702	-574.5285	170.3583	0.8161047	2.545644
7056	-403.8437	-573.2326	169.3889	1.243119	2.878231
7062	-412.2409	-583.3507	171.1098	0.2687592	2.417757
7068	-433.2492	-603.2574	170.0081	0.7618927	2.79444
7074	-399.5133	-570.0116	170.4983	1.237002	2.189899
7080	-409.4252	-578.8045	169.3793	1.907067	2.475699
7086	-397.005	-567.1298	170.1248	1.161585	2.475699
7092	-407.8759	-578.7498	170.8738	0.8002706	2.229476
7098	-417.9195	-588.9744	171.0548	0.562912	2.265732
7104	-409.3891	-579.4368	170.0477	1.37378	2.390697
7110	-410.9144	-580.8897	169.9753	1.357976	2.446287
7116	-410.9288	-581.4979	170.5691	0.764158	2.446287
7122	-405.8807	-575.4967	169.616	0.4405669	3.222431
7128	-404.9013	-575.4961	170.5948	1.455386	1.982791
7134	-412.4747	-582.7596	170.2849	0.9093237	2.533313
7140	-405.496	-576.036	170.54	0.9973315	2.31713
7146	-399.161	-569.0764	169.9154	1.307345	2.515516
7152	-408.8004	-578.3312	169.5308	1.691974	2.515516
7158	-408.7902	-579.605	170.8148	0.6513258	2.362452
7164	-415.1783	-586.0936	170.9154	1.320375	1.857332
7170	-405.733	-575.8432	170.1102	1.229911	2.441967
7176	-414.1114	-584.1482	170.0368	1.372255	2.398528
7182	-402.7082	-571.106	168.3979	1.659216	3.222125
7188	-391.7209	-562.2036	170.4827	1.332469	2.137994
7194	-417.0558	-586.6484	169.5926	1.790999	2.414626
7200	-397.295	-568.1679	170.8729	0.4842233	2.431278
7206	-393.8871	-564.945	171.0579	0.769491	2.130011
7212	-400.1415	-571.0075	170.8659	0.5160948	2.415597
7218	-398.7757	-569.043	170.2673	1.596855	2.105941
7224	-395.7554	-566.6606	170.9053	0.4683086	2.42093
7230	-393.789	-564.0319	170.2429	1.466777	2.206505
7236	-387.5268	-558.1445	170.6177	1.466777	1.959805
7242	-399.7582	-570.0767	170.3185	0.3442893	2.859611
7248	-410.2104	-580.2953	170.0848	1.580895	2.234865
7254	-420.0074	-590.0635	170.0561	1.890713	2.051536
7260	-420.5946	-591.6725	171.0779	1.269519	1.780355
7266	-425.7867	-596.4937	170.707	0.5346577	2.503695
7272	-412.8104	-582.8731	170.0627	0.8885004	2.68362
7278	-406.2002	-577.0134	170.8132	0.397358	2.52312
7284	-416.0807	-587.1957	171.115	0.06025834	2.545066
7290	-409.4588	-580.4217	170.9629	0.1381235	2.591218
7296	-414.6237	-585.2022	170.5785	0.1436533	2.823539
7302	-409.6926	-580.3773	170.6847	0.2838572	2.672932
7308	-411.4048	-582.2816	170.8768	0.8633861	2.186761
7314	-402.9259	-573.2333	170.3074	1.035371	2.44032
7320	-408.0406	-578.3546	170.314	0.923638	2.506211
7326	-404.8353	-574.3819	169.5466	2.047212	2.28104
7332	-398.7025	-565.4417	166.7391	2.315211	3.806866
7338	-418.2951	-587.5263	169.2312	0.7534257	3.264944
7344	-421.3899	-591.7257	170.3357	1.639238	2.032882
7350	-413.7058	-584.0604	170.3545	0.9506375	2.463933
7356	-402.9195	-573.5275	170.608	0.9025982	2.334173
7362	-401.9518	-570.9534	169.0015	1.425606	3.001666
7368	-413.0429	-582.7793	169.7364	1.730577	2.361876
7374	-407.4837	-578.0551	170.5713	1.219446	2.153881
7380	-416.7694	-588.2253	171.4559	0.5488272	2.013118
7386	-416.9594	-587.1955	170.2361	1.128318	2.426703
7392	-415.0091	-585.7971	170.788	0.5764154	2.426703
7398	-400.4504	-570.0313	169.5808	1.350138	2.696045
7404	-401.8741	-571.6451	169.7711	1.756306	2.323498
7410	-400.874	-571.1199	170.2459	1.696021	2.054779
7416	-402.9845	-573.0442	170.0597	1.696021	2.176684
7422	-394.9378	-566.2041	171.2663	1.176705	1.713365
7428	-393.5926	-564.7584	171.1659	1.061896	1.862809
7434	-416.0859	-586.557	170.471	0.3193986	2.782029
7440	-404.727	-573.8986	169.1716	0.8840062	3.22297
7446	-411.6344	-581.4911	169.8567	1.094252	2.683769
7452	-404.8105	-575.5001	170.6895	0.8715384	2.301985
7458	-402.9998	-574.1186	171.1188	1.058699	1.897062
7464	-404.4066	-575.0905	170.684	1.058699	2.185153
7470	-411.6013	-582.6508	171.0496	0.5667275	2.266635
7476	-415.5462	-584.5463	169	1.499073	2.958414
7482	-417.0239	-587.9862	170.9623	0.7449206	2.208079
7488	-418.5332	-588.5598	170.0267	0.6930521	2.825042
7494	-414.2353	-583.9733	169.738	0.8215588	2.921994
7500	-415.7663	-585.5849	169.8186	0.7409595	2.921994
7506	-417.0313	-587.2904	170.2591	0.7409595	2.65359
7512	-406.9311	-577.5981	170.6669	0.8020997	2.360574
7518	-395.9254	-566.9616	171.0362	1.472997	1.666334
7524	-398.4832	-568.8091	170.3259	1.673261	2.016822
7530	-401.6194	-571.6853	170.0659	1.560877	2.259946
7536	-398.6274	-569.4055	170.7781	0.6199351	2.405516
7542	-399.3691	-569.9647	170.5956	0.2101128	2.772684
7548	-399.8461	-570.9488	171.1027	1.07719	1.895424
7554	-403.7566	-574.8298	171.0732	1.295326	1.765628
7560	-408.9422	-579.6302	170.6879	1.253408	2.055133
7566	-393.5454	-562.091	168.5456	2.039236	2.906744
7572	-393.6724	-564.1956	170.5232	0.9325414	2.368992
7578	-409.3867	-578.8972	169.5105	1.592073	2.590245
7584	-410.69	-580.8414	170.1515	1.263095	2.395074
7590	-411.475	-581.6255	170.1504	0.9682892	2.580221
7596	-409.6605	-578.5347	168.8742	2.073508	2.685763
7602	-406.8145	-577.8524	171.0379	1.08306	1.93529
7608	-393.3097	-563.2493	169.9396	1.120141	2.61671
7614	-393.3737	-563.7271	170.3534	0.6712395	2.638408
7620	-407.3263	-578.2116	170.8854	0.6861101	2.295352
7626	-400.6656	-571.2343	170.5687	1.385005	2.046975
7632	-409.7017	-580.3909	170.6891	0.365441	2.619924
7638	-403.9574	-572.7843	168.8269	1.867144	2.840602
7644	-412.6066	-582.7952	170.1885	0.8039689	2.658226
7650	-412.1182	-582.2653	170.1471	1.569521	2.201994
7656	-401.0908	-570.9839	169.8931	1.203912	2.593655
7662	-409.4916	-580.939	171.4474	1.002389	1.70859
7668	-402.2702	-573.3772	171.107	0.7360358	2.119798
7674	-410.5669	-580.7419	170.1749	1.668071	2.119798
7680	-401.4126	-572.4789	171.0662	0.7767988	2.119798
7686	-407.9605	-579.4415	171.481	0.8016991	1.825122
7692	-397.357	-568.128	170.771	0.8260008	2.279025
7698	-415.0749	-585.7878	170.7129	0.8840546	2.279025
7704	-404.6482	-575.6619	171.0137	0.5832735	2.279025
7710	-399.2788	-570.1107	170.8319	1.127683	2.043054
7716	-413.3111	-584.6381	171.3271	0.2067036	2.319415
7722	-398.9618	-570.0515	171.0896	0.4884678	2.291111
7728	-401.8468	-572.7886	170.9418	0.4846248	2.387567
7734	-428.0328	-596.5911	168.5583	1.81264	3.03533
7740	-405.412	-574.8814	169.4694	0.7356608	3.134317
7746	-400.446	-571.3776	170.9316	0.6307188	2.301218
7752	-394.4215	-564.2463	169.8247	1.737552	2.301218
7758	-407.5137	-576.9652	169.4515	1.275323	2.820725
7764	-399.7812	-570.1898	170.4086	0.6009637	2.647689
7770	-401.1479	-571.9662	170.8183	0.9126705	2.192716
7776	-405.0954	-576.0628	170.9674	1.134108	1.948417
7782	-413.5218	-583.8391	170.3173	1.346934	2.235804
7788	-406.7291	-576.6632	169.9341	1.805057	2.187415
7794	-400.4448	-571.6019	171.1571	0.7791761	2.058484
7800	-401.4064	-571.976	170.5696	1.184795	2.17757
7806	-402.997	-573.8516	170.8546	0.7839876	2.252328
7812	-406.1879	-576.7051	170.5172	1.313169	2.128075
7818	-400.2669	-570.5142	170.2474	0.6806448	2.697863
7824	-408.447	-578.1372	169.6902	1.237865	2.697863
7830	-398.6442	-569.2567	170.6125	1.031304	2.249006
7836	-403.7557	-573.6184	169.8628	1.691073	2.306602
7842	-396.5085	-567.1193	170.6108	1.586901	1.883278
7848	-393.8981	-564.7401	170.842	0.6704245	2.333005
7854	-410.3123	-579.5882	169.2759	0.7070458	3.265953
7860	-397.2453	-567.554	170.3087	0.405828	2.82819
7866	-405.3014	-575.3997	170.0983	1.451304	2.309289
7872	-417.1273	-587.7522	170.6249	1.004605	2.258174
7878	-404.0948	-574.1867	170.0919	1.133215	2.514024
7884	-407.3745	-578.1065	170.732	0.966187	2.213965
7890	-403.545	-573.6254	170.0804	1.030615	2.584984
7896	-405.8566	-577.3239	171.4674	0.7557108	1.865997
