Iteration	Posterior	Likelihood	Prior	part_rate_trans	tree_length
0	-436.6186	-605.6582	169.0395	0.9679442	3.251452
6	-438.6456	-607.9087	169.2631	0.7443752	3.251452
12	-443.6687	-612.4052	168.7365	0.7656386	3.547706
18	-433.2928	-603.2725	169.9797	1.329933	2.461121
24	-428.3349	-598.3384	170.0035	1.329933	2.4462
30	-454.474	-624.624	170.1499	1.232838	2.415141
36	-451.5698	-621.9614	170.3916	1.232838	2.261421
42	-436.1266	-605.6992	169.5726	1.085512	2.862421
48	-433.5251	-603.6713	170.1461	1.361163	2.336287
54	-428.1703	-598.3283	170.158	0.9521709	2.585491
60	-420.0429	-589.7238	169.681	0.7659733	2.989773
66	-422.6145	-592.1314	169.5169	0.8492827	3.038158
72	-422.5622	-592.0463	169.4842	0.8895998	3.033636
78	-425.8432	-594.4425	168.5993	0.9496991	3.520451
84	-424.3047	-593.8703	169.5656	0.8092206	3.033018
90	-435.5884	-605.2623	169.6739	0.7684237	2.992522
96	-421.792	-591.8645	170.0725	0.9500214	2.639689
102	-431.5776	-601.3734	169.7959	0.7037737	2.9581
108	-425.901	-594.5222	168.6212	0.8236678	3.581027
114	-428.1431	-597.5906	169.4476	0.6932617	3.172494
120	-437.3068	-606.5204	169.2136	0.8468864	3.220125
126	-434.4361	-603.7281	169.292	0.6575818	3.285626
132	-443.8482	-612.6725	168.8243	1.009153	3.353979
138	-440.1999	-609.5566	169.3567	0.9927824	3.048143
144	-453.2682	-621.8968	168.6286	1.180871	3.368052
150	-440.929	-610.7607	169.8317	0.9830617	2.767174
156	-426.6292	-596.52	169.8908	0.9861139	2.729185
162	-425.292	-595.5509	170.2589	0.7603577	2.641752
168	-416.8574	-586.8694	170.012	1.094552	2.587791
174	-422.127	-592.0488	169.9218	1.060314	2.664596
180	-426.2195	-596.3318	170.1123	0.9909156	2.589807
186	-429.8975	-599.5581	169.6605	0.8475031	2.953037
192	-432.565	-602.8093	170.2444	0.7553502	2.653784
198	-433.8311	-603.1912	169.3601	1.00079	3.041355
204	-437.3577	-606.5843	169.2266	0.8927891	3.185187
210	-439.2803	-608.8012	169.5209	0.6665958	3.144746
216	-427.3485	-596.6405	169.292	1.118324	3.011744
222	-429.7244	-600.0413	170.3169	0.8569275	2.546016
228	-423.0846	-592.883	169.7985	0.6454868	2.991546
234	-435.3069	-604.6823	169.3755	0.8305771	3.133739
240	-432.2383	-601.7241	169.4858	0.9116614	3.019465
246	-430.4992	-600.4403	169.9412	0.9251434	2.735676
252	-420.9572	-590.298	169.3408	0.7022055	3.230469
258	-433.7693	-603.1674	169.3981	0.90231	3.077503
264	-437.768	-608.0376	170.2696	0.9220569	2.534858
270	-432.1553	-601.1595	169.0042	0.8339818	3.351227
276	-437.868	-607.9169	170.0488	1.26138	2.460772
282	-434.1974	-603.7626	169.5652	1.125557	2.842624
288	-434.3641	-604.1703	169.8062	1.295864	2.590569
294	-441.4927	-611.6817	170.1889	1.012919	2.528529
300	-435.0094	-604.5747	169.5653	1.19589	2.799851
306	-440.217	-609.8706	169.6537	1.158568	2.76872
312	-431.6297	-601.822	170.1923	1.392134	2.287065
318	-428.2166	-598.6928	170.4762	1.108204	2.287065
324	-428.5425	-597.3999	168.8574	0.8720003	3.41504
330	-436.8127	-605.379	168.5663	1.27069	3.351894
336	-424.4678	-593.8585	169.3907	0.8093731	3.137264
342	-420.4617	-589.1845	168.7229	0.8093731	3.530207
348	-438.2325	-608.6317	170.3992	0.8915709	2.472972
354	-429.7532	-600.1028	170.3496	1.017879	2.424775
360	-421.799	-591.1861	169.3871	0.9099302	3.079502
366	-422.2044	-592.1562	169.9518	1.339653	2.472548
372	-421.8681	-591.174	169.3059	0.9315942	3.115025
378	-432.6973	-602.4913	169.7939	0.8907438	2.846321
384	-429.0428	-598.9255	169.8828	0.8018798	2.846321
390	-423.654	-593.2876	169.6337	0.8760184	2.952054
396	-437.3595	-605.8269	168.4674	0.9111617	3.61952
402	-440.2328	-610.0455	169.8126	0.9111617	2.822559
408	-437.8547	-607.9958	170.1411	1.116419	2.493762
414	-435.6022	-605.2359	169.6337	0.9488985	2.908086
420	-452.4182	-621.4426	169.0244	0.9299226	3.282846
426	-444.2763	-613.1945	168.9181	0.8128251	3.41412
432	-429.6395	-598.5465	168.9071	0.758521	3.452387
438	-426.7985	-596.8158	170.0173	1.014715	2.633855
444	-426.0627	-595.7933	169.7305	0.7168432	2.989498
450	-444.2287	-612.481	168.2523	0.7713571	3.824545
456	-437.9921	-607.2602	169.2681	0.6690709	3.292951
462	-435.7834	-605.549	169.7656	1.028228	2.77995
468	-437.2091	-606.5039	169.2948	1.028228	3.063983
474	-419.5376	-589.2808	169.7432	0.8057992	2.928363
480	-432.5481	-601.6978	169.1497	0.8536593	3.253904
486	-430.6183	-599.7221	169.1037	0.6800285	3.383169
492	-442.8605	-611.8291	168.9686	0.6034809	3.507001
498	-444.7965	-613.545	168.7485	0.6409148	3.613221
504	-434.4567	-603.6528	169.196	0.8703465	3.216614
510	-429.6919	-599.7893	170.0974	1.271794	2.423681
516	-428.932	-599.4221	170.4901	0.9665626	2.368437
522	-418.8962	-588.9537	170.0576	0.8583939	2.705256
528	-424.0552	-593.8524	169.7972	0.9640037	2.799818
534	-422.1675	-591.5897	169.4222	1.090151	2.95044
540	-434.128	-603.8515	169.7235	0.7254489	2.988547
546	-432.3064	-601.6136	169.3071	1.023109	3.059673
552	-436.7073	-606.0239	169.3166	1.192436	2.952439
558	-425.9065	-596.0128	170.1064	0.8889784	2.656473
564	-435.9159	-605.1824	169.2665	0.8631729	3.17911
570	-451.7644	-620.6084	168.8439	0.6863578	3.531333
576	-455.2005	-624.2212	169.0208	0.6923017	3.4246
582	-436.102	-605.9697	169.8677	0.9598694	2.759351
588	-443.9844	-614.2316	170.2472	0.9598694	2.525295
594	-435.2125	-605.5638	170.3514	1.393352	2.18383
600	-433.8055	-604.0596	170.2541	0.8657064	2.579572
606	-443.4846	-613.0579	169.5734	1.024808	2.898666
612	-434.4069	-603.9446	169.5377	0.8975868	2.996736
618	-428.6071	-597.9551	169.348	0.8098206	3.162405
624	-438.406	-608.2003	169.7943	0.5807538	3.032865
630	-438.4127	-607.9199	169.5071	0.7341709	3.112752
636	-437.9432	-607.6656	169.7224	1.015907	2.813716
642	-449.3137	-619.714	170.4002	1.239195	2.251791
648	-435.6346	-605.827	170.1924	0.8729793	2.613278
654	-424.9194	-594.107	169.1876	0.7843062	3.272438
660	-422.4023	-592.3751	169.9728	0.7843062	2.802308
666	-424.2966	-594.3447	170.0481	1.048008	2.594236
672	-430.7878	-600.8223	170.0345	0.9594317	2.657339
678	-437.8669	-607.0798	169.2129	0.9202355	3.177066
684	-418.1966	-587.3169	169.1203	0.8968475	3.245742
690	-424.9675	-595.4173	170.4498	0.8442137	2.470928
696	-421.8274	-591.6297	169.8023	0.8192548	2.884522
702	-424.8622	-594.7184	169.8563	0.7653227	2.884522
708	-429.2316	-598.7434	169.5118	0.9005862	3.01048
714	-432.6259	-603.3998	170.7739	1.140977	2.07259
720	-433.4302	-602.6851	169.2549	0.8295696	3.2059
726	-434.7772	-603.5908	168.8136	0.8295696	3.465478
732	-443.5159	-612.3376	168.8217	0.8214497	3.465478
738	-429.4978	-598.7046	169.2067	0.8214497	3.239225
744	-428.3105	-598.1263	169.8158	0.8341128	2.86736
750	-433.3532	-602.8668	169.5136	0.6779928	3.142336
756	-422.028	-591.9616	169.9336	0.7992712	2.817054
762	-428.5459	-596.8305	168.2846	0.7606448	3.812112
768	-422.3894	-591.1455	168.7561	0.9779522	3.412325
774	-428.9993	-598.906	169.9067	0.9307579	2.753295
780	-447.3493	-615.8323	168.483	0.9307579	3.599127
786	-426.2307	-596.0639	169.8332	1.034598	2.734751
792	-428.2789	-598.0192	169.7403	0.8885304	2.880143
798	-427.1899	-596.727	169.5371	1.050118	2.90528
804	-432.7861	-602.3156	169.5295	0.6528607	3.14783
810	-423.8291	-593.1127	169.2835	0.7154919	3.256447
816	-423.6779	-593.9325	170.2547	1.152514	2.399722
822	-415.7051	-585.5662	169.8611	0.9664334	2.759376
828	-411.1727	-580.4016	169.2289	0.788529	3.245581
834	-413.1273	-582.3982	169.2709	0.728521	3.256225
840	-424.3497	-593.6536	169.3038	0.9065035	3.131188
846	-414.4332	-583.9608	169.5276	0.8783841	3.014355
852	-414.7301	-583.7082	168.9781	0.930676	3.309672
858	-418.8473	-588.8276	169.9802	0.8662882	2.747792
864	-425.986	-595.8522	169.8663	0.7516082	2.886783
870	-422.8239	-592.7204	169.8964	0.8562568	2.805003
876	-433.4549	-601.796	168.3412	0.7934244	3.760645
882	-437.9618	-607.5764	169.6147	0.7749365	3.024152
888	-433.0401	-603.0834	170.0433	0.985727	2.635695
894	-434.4951	-603.0822	168.5872	0.7986389	3.615314
900	-434.1317	-603.9819	169.8502	0.94348	2.78006
906	-426.8016	-596.3879	169.5864	0.94348	2.939916
912	-428.7335	-598.1885	169.455	0.9238138	3.030622
918	-436.9421	-606.9291	169.987	1.214397	2.5288
924	-440.6029	-610.4712	169.8683	1.159049	2.63674
930	-434.8134	-604.6758	169.8624	1.159049	2.640377
936	-437.8849	-607.253	169.3681	0.7759824	3.170571
942	-434.8224	-604.2616	169.4391	0.7628026	3.136181
948	-434.7139	-604.3319	169.618	0.886838	2.954979
954	-438.6089	-608.1639	169.555	0.949863	2.954979
960	-434.5247	-603.5566	169.0318	0.8055373	3.351688
966	-428.5111	-597.714	169.2029	0.6549475	3.33964
972	-428.9077	-598.4287	169.521	0.8796512	3.017538
978	-420.8713	-590.4394	169.5681	0.7733484	3.052996
984	-446.2466	-615.1831	168.9365	0.762703	3.432731
990	-435.2403	-604.8165	169.5762	0.6559045	3.118215
996	-430.8722	-601.251	170.3788	1.105247	2.351071
1002	-428.8728	-599.2283	170.3555	0.7945206	2.560778
1008	-432.3247	-601.4704	169.1457	0.6533736	3.374172
1014	-443.4205	-612.6129	169.1924	0.8382602	3.237762
1020	-443.3424	-612.6115	169.2691	0.682598	3.284403
1026	-431.4496	-600.698	169.2484	0.7032346	3.284403
1032	-438.0714	-607.9251	169.8537	0.885554	2.813163
1038	-429.5098	-599.5889	170.0791	0.7499173	2.75848
1044	-431.9702	-601.9016	169.9315	0.9158975	2.747271
1050	-439.4312	-608.149	168.7179	0.9158975	3.470972
1056	-427.0183	-595.7362	168.7179	0.9158975	3.470972
1062	-430.1943	-599.9106	169.7163	1.131774	2.746812
1068	-433.8334	-603.7271	169.8937	0.7610668	2.864454
1074	-421.7968	-591.2321	169.4353	1.041954	2.971538
1080	-434.6257	-604.3667	169.741	0.9558234	2.838933
1086	-439.1278	-608.0322	168.9044	0.7420473	3.463578
1092	-433.2447	-602.5797	169.335	0.6413243	3.269831
1098	-426.3268	-596.1793	169.8525	1.140789	2.657751
1104	-432.3262	-600.8824	168.5562	1.080446	3.469316
1110	-423.7782	-592.3336	168.5554	0.7303896	3.673301
1116	-430.5269	-600.3121	169.7853	0.8850092	2.855038
1122	-426.2705	-595.2869	169.0164	0.885834	3.313527
1128	-431.4403	-600.9817	169.5415	0.8474509	3.024572
1134	-436.2467	-605.5682	169.3215	0.8370776	3.161945
1140	-441.5088	-610.9794	169.4706	0.9492077	3.006078
1146	-443.3605	-612.9375	169.577	0.8427299	3.006078
1152	-444.7188	-614.3718	169.653	0.7667521	3.006078
1158	-436.7753	-606.6316	169.8563	1.039349	2.717697
1164	-432.7264	-603.238	170.5116	0.878769	2.410315
1170	-436.0507	-605.8061	169.7555	1.032718	2.783387
1176	-441.7922	-610.3485	168.5563	0.9171915	3.5644
1182	-422.4078	-592.1296	169.7218	1.101161	2.762149
1188	-424.1817	-593.4383	169.2566	0.9594793	3.127785
1194	-425.2744	-594.5983	169.3239	0.845269	3.155673
1200	-429.2669	-598.9186	169.6517	1.001363	2.865472
1206	-423.7061	-593.0259	169.3198	0.7829595	3.195041
1212	-420.7572	-589.9706	169.2134	0.7275767	3.2907
1218	-422.6193	-591.7751	169.1558	0.9018905	3.221785
1224	-441.5928	-610.9481	169.3553	0.9197626	3.092599
1230	-433.1061	-603.3768	170.2708	0.5854679	2.741828
1236	-425.0247	-594.7407	169.716	0.6254917	3.052934
1242	-425.7215	-594.0642	168.3427	0.6995675	3.813826
1248	-432.9792	-601.4102	168.4309	0.7754413	3.719213
1254	-430.2736	-599.7323	169.4587	0.683376	3.171742
1260	-434.8209	-604.1089	169.288	0.8960699	3.146827
1266	-442.3085	-611.3848	169.0763	0.9259573	3.254516
1272	-451.3599	-620.3416	168.9817	1.117681	3.197043
1278	-456.7489	-625.6221	168.8731	0.6692579	3.524277
1284	-446.9458	-616.443	169.4972	0.9868172	2.967491
1290	-450.839	-620.6214	169.7823	1.056121	2.752712
1296	-452.4825	-621.8185	169.336	0.8840937	3.125374
1302	-456.8154	-625.8274	169.012	1.168528	3.148905
1308	-432.4439	-601.8225	169.3786	0.7332902	3.189627
1314	-425.9159	-594.5001	168.5841	0.7092888	3.66887
1320	-421.044	-589.6885	168.6445	0.5183158	3.744368
1326	-426.9349	-596.2003	169.2654	0.8545992	3.184843
1332	-435.7061	-605.0416	169.3354	0.7951109	3.17858
1338	-443.4492	-612.2313	168.7821	0.9339619	3.422857
1344	-423.5156	-591.5558	168.0403	0.7333091	3.967976
1350	-432.9231	-602.3592	169.4361	1.013424	2.9882
1356	-439.2695	-608.498	169.2285	0.9950495	3.123304
1362	-443.4787	-611.5528	168.0741	0.5959995	4.027132
1368	-441.9364	-610.5867	168.6502	0.7629906	3.599421
1374	-441.7676	-610.4506	168.6829	0.7302723	3.599421
1380	-434.1604	-603.046	168.8856	1.202231	3.203905
1386	-441.5876	-611.3083	169.7208	0.9878997	2.831752
1392	-426.6467	-597.035	170.3883	0.9922696	2.416515
1398	-433.2168	-603.5639	170.3471	0.8949221	2.50349
1404	-435.6013	-605.1069	169.5056	1.109038	2.888749
1410	-435.6986	-605.0403	169.3417	0.8239405	3.157743
1416	-429.2917	-597.8739	168.5822	0.7596321	3.640827
1422	-426.2089	-595.5615	169.3526	0.768601	3.184121
1428	-432.1285	-600.4125	168.284	0.5753969	3.918822
1434	-426.4274	-595.9956	169.5682	0.6910842	3.101999
1440	-442.1349	-611.7115	169.5767	0.7067932	3.08761
1446	-427.063	-596.3794	169.3163	0.7750755	3.201798
1452	-437.5286	-606.9186	169.39	0.8094892	3.137632
1458	-435.1919	-604.6537	169.4618	0.947089	3.012596
1464	-429.2043	-598.6432	169.4389	0.5655985	3.253219
1470	-431.8843	-601.7162	169.8319	1.03074	2.737894
1476	-428.8119	-598.2386	169.4267	0.8073977	3.117018
1482	-434.7353	-603.5994	168.8641	0.7702022	3.470667
1488	-431.8299	-600.7517	168.9219	0.70901	3.47266
1494	-456.3821	-625.2401	168.858	0.8900914	3.404109
1500	-447.1056	-616.5328	169.4272	1.047699	2.972997
1506	-436.7812	-606.6323	169.8511	1.283542	2.570349
1512	-431.8978	-601.7614	169.8635	1.271086	2.570349
1518	-432.2523	-602.6937	170.4414	1.228297	2.232306
1524	-419.3836	-589.5554	170.1718	1.129077	2.466598
1530	-436.3037	-606.4519	170.1483	1.189747	2.443318
1536	-433.3632	-603.4442	170.081	1.257026	2.443318
1542	-433.5117	-603.5915	170.0798	0.9906112	2.610129
1548	-439.6595	-608.7005	169.041	0.7241905	3.394073
1554	-450.7558	-619.4055	168.6497	0.9317416	3.501521
1560	-444.6127	-613.2123	168.5996	0.5563979	3.748291
1566	-441.5843	-610.7278	169.1435	0.7486645	3.319448
1572	-432.1604	-601.158	168.9976	0.7720114	3.391445
1578	-431.7862	-601.0366	169.2504	0.6546658	3.311888
1584	-432.4948	-601.7451	169.2504	0.6546658	3.311888
1590	-428.2988	-597.7286	169.4298	0.7891373	3.126065
1596	-430.1728	-599.8194	169.6467	1.081712	2.819785
1602	-442.4256	-612.7089	170.2833	0.8211545	2.589047
1608	-440.398	-608.8323	168.4343	0.6314713	3.800297
1614	-425.9425	-595.2358	169.2934	0.8360938	3.179215
1620	-434.3202	-604.6551	170.3349	0.7312289	2.612768
1626	-431.0332	-600.1537	169.1205	1.106103	3.121495
1632	-442.3257	-611.1275	168.8018	1.016971	3.362638
1638	-436.7901	-606.9642	170.1741	1.068547	2.503053
1644	-436.4553	-606.3337	169.8784	0.9380768	2.766123
1650	-441.0376	-610.3666	169.329	0.9128808	3.112393
1656	-460.1725	-630.856	170.6835	0.7383078	2.390478
1662	-430.0061	-600.2295	170.2235	0.7511998	2.669201
1668	-419.0624	-589.1557	170.0933	0.9087522	2.65231
1674	-431.4124	-601.9881	170.5757	0.9087522	2.350796
1680	-428.866	-597.8137	168.9477	0.9611081	3.309663
1686	-418.8418	-587.4011	168.5593	0.7493203	3.660045
1692	-415.0811	-583.7952	168.7141	0.6077951	3.652406
1698	-410.8624	-581.1797	170.3173	0.9259554	2.502678
1704	-416.8827	-587.1454	170.2627	0.9806081	2.502678
1710	-421.9719	-591.5523	169.5803	0.9012879	2.968941
1716	-429.0618	-598.7618	169.7	0.7816145	2.968941
1722	-439.052	-607.771	168.719	0.9150038	3.470847
1728	-452.9704	-621.3511	168.3807	0.8653583	3.696273
1734	-457.4487	-625.9554	168.5067	0.8838607	3.612566
1740	-450.1641	-619.5808	169.4167	0.7562787	3.153395
1746	-427.1049	-596.5594	169.4545	0.7184477	3.153395
1752	-437.2931	-605.8616	168.5685	0.55359	3.767869
1758	-429.8706	-599.9607	170.0902	1.044463	2.570356
1764	-437.1176	-607.129	170.0113	1.044463	2.619168
1770	-424.7223	-594.4316	169.7092	0.9805146	2.84323
1776	-427.184	-597.3992	170.2153	0.8612088	2.606389
1782	-417.9509	-586.6359	168.685	0.7566244	3.582905
1788	-418.8528	-588.3176	169.4648	0.9334115	3.019017
1794	-431.4145	-600.6267	169.2122	0.9553105	3.156629
1800	-425.4883	-594.5243	169.036	0.8829405	3.303715
1806	-427.472	-596.626	169.154	0.9468398	3.196213
1812	-419.672	-589.6581	169.9861	1.16618	2.559396
1818	-428.4973	-598.5326	170.0353	1.116955	2.559396
1824	-428.8742	-598.3869	169.5127	1.004513	2.947533
1830	-424.4011	-594.0697	169.6686	1.140116	2.770857
1836	-429.1143	-599.5311	170.4168	1.099197	2.330766
1842	-435.4129	-605.3827	169.9698	0.9077686	2.728792
1848	-431.2331	-601.5746	170.3415	1.189014	2.321494
1854	-433.8106	-603.4785	169.6678	1.221013	2.721892
1860	-441.917	-610.0803	168.1633	0.7168911	3.906906
1866	-427.5524	-596.6953	169.1429	0.6985393	3.349291
1872	-421.8868	-592.208	170.3212	0.9202749	2.50379
1878	-415.3587	-585.4798	170.1211	0.7226879	2.749446
1884	-420.659	-590.5504	169.8914	0.9523416	2.749446
1890	-422.9491	-592.9878	170.0387	0.8875393	2.698928
1896	-426.0598	-596.0353	169.9754	0.7029301	2.850137
1902	-425.1407	-594.3376	169.1969	0.7907305	3.263175
1908	-429.7758	-598.9734	169.1977	0.874947	3.212909
1914	-420.9701	-590.7993	169.8292	0.907473	2.814718
1920	-420.4354	-590.1054	169.67	0.9534877	2.883388
1926	-427.0319	-597.5014	170.4695	0.6441902	2.58335
1932	-427.602	-596.4737	168.8717	0.9710508	3.348538
1938	-425.5329	-594.1945	168.6615	0.744947	3.60334
1944	-422.2086	-591.4972	169.2886	0.7128986	3.255004
1950	-438.2884	-606.8428	168.5544	0.7128986	3.684001
1956	-437.2904	-605.3271	168.0367	0.661389	4.011113
1962	-441.7891	-609.7725	167.9834	0.7595586	3.985516
1968	-449.8373	-619.3009	169.4636	0.8256952	3.084132
1974	-444.3478	-613.4289	169.081	0.8928735	3.271289
1980	-437.496	-606.4686	168.9726	0.9635984	3.293503
1986	-425.3345	-594.4485	169.114	0.8222611	3.293503
1992	-439.1574	-608.5375	169.3801	0.8222611	3.135924
1998	-430.7684	-601.019	170.2506	0.9213331	2.547144
2004	-433.5062	-602.9295	169.4233	0.8459961	3.096043
2010	-442.6359	-611.5694	168.9335	0.8345655	3.392358
2016	-439.5796	-609.9428	170.3633	1.260598	2.26178
2022	-430.422	-599.8709	169.4489	0.9274741	3.032081
2028	-435.6763	-604.3077	168.6314	0.5554367	3.730488
2034	-447.3223	-615.7398	168.4174	0.932796	3.635975
2040	-439.9155	-610.263	170.3475	1.117334	2.363258
2046	-431.589	-600.5888	168.9998	0.8195821	3.362264
2052	-436.443	-606.7291	170.2861	0.804485	2.597666
2058	-424.2777	-593.4635	169.1858	0.9953805	3.148517
2064	-430.4072	-598.9255	168.5184	0.8867862	3.604103
2070	-419.34	-588.8455	169.5055	0.811457	3.067606
2076	-420.281	-589.9562	169.6752	0.9390239	2.88899
2082	-433.2972	-602.7948	169.4976	0.9945695	2.962575
2088	-414.875	-584.2644	169.3894	0.9522214	3.052861
2094	-424.8637	-594.5097	169.646	1.096775	2.811018
2100	-428.0482	-597.1766	169.1285	1.023363	3.165954
2106	-431.703	-600.9649	169.2619	0.690272	3.2841
2112	-421.6319	-591.7065	170.0746	0.690272	2.797613
2118	-418.6356	-587.9427	169.3071	0.5389595	3.346587
2124	-420.9742	-590.8163	169.8421	0.7319164	2.913252
2130	-432.2233	-601.0246	168.8012	0.8616848	3.453935
2136	-425.3085	-594.569	169.2606	0.8757118	3.175183
2142	-431.8137	-601.6085	169.7948	1.061058	2.742087
2148	-417.9669	-587.6629	169.6961	0.6358403	3.058683
2154	-415.2156	-584.0791	168.8635	0.8271297	3.437721
2160	-426.7863	-595.8326	169.0463	0.8271297	3.330472
2166	-436.8227	-606.1717	169.349	1.020417	3.03623
2172	-425.1992	-595.4611	170.2619	1.063441	2.45126
2178	-436.3127	-605.6627	169.35	0.8460627	3.139694
2184	-435.6674	-605.1126	169.4453	0.7850648	3.119279
2190	-432.8244	-603.0502	170.2258	0.9743204	2.529602
2196	-425.5656	-594.6577	169.0921	0.9104981	3.254334
2202	-434.9069	-604.9045	169.9976	0.9934849	2.659066
2208	-445.3498	-614.8983	169.5485	0.9377318	2.966148
2214	-434.7351	-605.1504	170.4154	1.170337	2.286237
2220	-431.6378	-601.6869	170.0491	1.152608	2.528618
2226	-453.047	-623.0182	169.9712	1.104777	2.606724
2232	-445.8611	-615.5608	169.6998	1.169982	2.733557
2238	-450.4451	-619.7977	169.3526	0.9188403	3.094785
2244	-445.4081	-615.162	169.7539	1.036039	2.782311
2250	-444.2677	-614.0771	169.8093	0.9768523	2.784598
2256	-441.3543	-611.4702	170.1159	0.8949699	2.646917
2262	-438.2966	-607.2812	168.9846	0.955801	3.291032
2268	-450.0201	-618.6603	168.6402	0.7380935	3.619701
2274	-447.1844	-615.5846	168.4003	0.6664892	3.799737
2280	-448.9481	-617.0478	168.0997	0.5152538	4.058568
2286	-449.8628	-618.4747	168.6119	0.8482331	3.572162
2292	-446.025	-615.0122	168.9872	0.7766443	3.394876
2298	-431.1883	-600.2907	169.1025	0.8269322	3.297538
2304	-436.0408	-605.4585	169.4178	0.7403862	3.162192
2310	-427.6876	-596.9152	169.2276	0.7403862	3.274793
2316	-423.0171	-592.397	169.3799	0.7650237	3.170042
2322	-427.8388	-596.6736	168.8348	0.8239767	3.456355
2328	-422.2027	-591.5046	169.3019	0.8186037	3.184517
2334	-427.5987	-597.1672	169.5685	0.7366163	3.074709
2340	-434.6671	-604.1207	169.4536	0.8514316	3.074709
2346	-437.9654	-607.4711	169.5057	1.258079	2.798238
2352	-425.9467	-596.2092	170.2625	1.101266	2.427119
2358	-410.7867	-580.2889	169.5022	1.100534	2.895918
2364	-421.539	-591.329	169.79	0.8127618	2.895918
2370	-435.7257	-604.5219	168.7962	0.7607716	3.515808
2376	-425.7144	-595.0437	169.3293	0.7607716	3.202585
2382	-423.7009	-593.0249	169.324	0.8419718	3.157542
2388	-430.9877	-599.721	168.7333	0.7686048	3.547849
2394	-432.1801	-602.3093	170.1292	0.957883	2.599817
2400	-436.5932	-605.9829	169.3897	0.8671537	3.103469
2406	-427.5181	-597.077	169.5589	0.6979692	3.103469
2412	-441.3349	-611.4003	170.0654	0.8356025	2.714436
2418	-428.0581	-597.1973	169.1392	1.044477	3.147062
2424	-430.0439	-599.4187	169.3749	0.6956433	3.214168
2430	-439.4037	-608.1544	168.7507	0.9538857	3.429557
2436	-436.0146	-605.4159	169.4013	0.6944144	3.199221
2442	-434.869	-603.2763	168.4073	0.9100814	3.655004
2448	-432.8064	-602.5253	169.7189	0.9842577	2.835092
2454	-446.2647	-615.2196	168.9549	0.7464579	3.431436
2460	-438.7545	-607.7095	168.9549	0.7464579	3.431436
2466	-436.2977	-605.1369	168.8392	0.8621984	3.431436
2472	-427.1552	-596.5103	169.3551	0.7560829	3.190094
2478	-439.9143	-609.7864	169.8721	1.20497	2.606033
2484	-429.2081	-597.945	168.737	0.9544115	3.437292
2490	-436.5103	-605.7284	169.218	0.8635544	3.207603
2496	-421.1353	-590.8309	169.6955	1.057597	2.804738
2502	-422.9042	-592.6262	169.722	0.7005208	3.004414
2508	-427.8316	-597.3217	169.4902	0.626144	3.187033
2514	-427.0847	-597.1149	170.0301	1.092288	2.577919
2520	-454.0934	-623.196	169.1026	0.9924919	3.199596
2526	-441.8826	-611.4589	169.5763	0.8640865	2.993708
2532	-439.9152	-610.1359	170.2208	1.205732	2.387518
2538	-441.5978	-611.8242	170.2264	1.243239	2.36019
2544	-441.1739	-611.2972	170.1233	1.257672	2.416267
2550	-428.6055	-598.7493	170.1438	1.475212	2.264931
2556	-420.6529	-589.9052	169.2523	0.9256374	3.150466
2562	-431.9018	-601.893	169.9912	1.132089	2.577386
2568	-426.6498	-596.9404	170.2906	1.156819	2.374273
2574	-423.9705	-594.2479	170.2774	1.159069	2.381207
2580	-433.3866	-602.1264	168.7399	1.011391	3.402227
2586	-427.4508	-597.2542	169.8035	0.8956711	2.837541
2592	-433.2505	-603.209	169.9585	0.8956711	2.743071
2598	-421.769	-591.1629	169.3939	0.8286509	3.123908
2604	-418.0398	-587.3217	169.2819	0.7552448	3.233942
2610	-430.2794	-599.9047	169.6253	0.9271299	2.926287
2616	-428.3009	-597.8435	169.5426	1.052615	2.900455
2622	-417.5824	-587.9504	170.368	1.249397	2.265969
2628	-421.122	-590.94	169.818	0.7157187	2.937571
2634	-419.0403	-587.8278	168.7875	0.6779813	3.56906
2640	-418.1154	-587.1637	169.0483	0.6779813	3.416856
2646	-422.6863	-592.1789	169.4925	0.7540619	3.109583
2652	-419.0068	-588.5152	169.5084	0.9183947	3.001832
2658	-422.999	-592.1573	169.1583	0.7588244	3.304784
2664	-445.4131	-614.2208	168.8077	0.764311	3.507013
2670	-428.7855	-598.201	169.4155	0.7655253	3.148589
2676	-428.9335	-598.2372	169.3038	0.7655253	3.21489
2682	-426.8831	-596.0732	169.19	0.8792614	3.21489
2688	-439.1297	-608.47	169.3403	0.7731507	3.188745
2694	-428.383	-597.5891	169.2061	0.9563649	3.159662
2700	-431.5682	-600.8226	169.2544	0.9563649	3.130917
2706	-431.208	-601.1941	169.9862	0.8802005	2.735648
2712	-436.1961	-604.9014	168.7053	0.8237291	3.532066
2718	-447.3502	-617.5388	170.1886	0.89689	2.600815
2724	-444.759	-614.8927	170.1337	0.8429746	2.667972
2730	-423.2074	-592.3985	169.1911	0.8712435	3.218992
2736	-420.8318	-589.7321	168.9004	0.6814293	3.501303
2742	-430.3575	-600.2939	169.9364	0.9016936	2.752928
2748	-432.552	-602.7613	170.2093	1.387565	2.279073
2754	-429.8805	-599.6758	169.7953	0.9085804	2.834659
2760	-435.2141	-603.9074	168.6933	0.8962767	3.496755
2766	-428.13	-597.8356	169.7057	0.8962767	2.896414
2772	-445.9683	-615.1697	169.2014	0.8698056	3.213744
2778	-434.5138	-603.8233	169.3095	0.7471633	3.222383
2784	-429.036	-598.7262	169.6902	0.998319	2.843962
2790	-436.9492	-607.2049	170.2557	0.9641667	2.517288
2796	-442.931	-611.895	168.964	0.9039293	3.333698
2802	-428.0664	-597.1024	169.036	0.9939443	3.238192
2808	-433.926	-603.9312	170.0052	1.039789	2.625853
2814	-436.8528	-606.2436	169.3908	0.779804	3.154818
2820	-435.6567	-606.0019	170.3452	1.102923	2.373849
2826	-419.2785	-589.6539	170.3754	0.9886514	2.426922
2832	-425.1705	-595.0755	169.905	1.051726	2.680208
2838	-423.3898	-593.281	169.8912	1.043451	2.693783
2844	-428.0428	-598.252	170.2092	0.8558336	2.613445
2850	-427.5754	-596.8718	169.2965	0.9207707	3.127066
2856	-423.3931	-592.3203	168.9272	0.8520838	3.385771
2862	-425.1457	-594.0674	168.9217	0.6825346	3.488212
2868	-437.8216	-607.5999	169.7783	1.015221	2.780108
2874	-429.3208	-598.7846	169.4639	0.8527828	3.067784
2880	-432.3098	-602.5944	170.2846	1.083045	2.424652
2886	-427.6828	-596.5632	168.8804	0.7404739	3.478481
2892	-420.9296	-590.7839	169.8543	0.7191393	2.913637
2898	-430.7953	-600.341	169.5457	0.8937039	2.994292
2904	-426.5374	-595.9869	169.4494	1.020881	2.975725
2910	-433.7176	-603.0672	169.3496	0.8571814	3.133315
2916	-427.7526	-597.2465	169.4939	0.7073169	3.136585
2922	-419.9705	-589.7882	169.8176	1.02695	2.748964
2928	-425.9158	-595.8974	169.9816	0.6823575	2.858862
2934	-428.7174	-598.138	169.4206	0.6578996	3.209444
2940	-430.7254	-599.7624	169.0371	0.5927537	3.473278
2946	-426.7446	-595.7226	168.978	0.7037874	3.44292
2952	-433.1061	-602.5375	169.4314	0.8749387	3.07398
2958	-437.335	-606.879	169.544	0.8749387	3.006572
2964	-432.7071	-602.6638	169.9567	1.099859	2.618708
2970	-445.4452	-615.8133	170.3681	0.9740697	2.440717
2976	-435.4622	-604.9539	169.4918	1.207148	2.837679
2982	-416.6032	-585.5372	168.934	0.8387283	3.389634
2988	-423.6266	-592.6719	169.0453	0.8770462	3.301691
2994	-429.7409	-599.0453	169.3044	0.8486848	3.165206
3000	-425.9699	-594.956	168.9862	0.826951	3.365933
3006	-424.3054	-594.3103	170.0049	0.983995	2.660417
3012	-416.3115	-586.4075	170.096	1.079881	2.544683
3018	-423.1223	-592.9971	169.8749	1.043668	2.703689
3024	-427.4876	-597.6886	170.201	1.043668	2.50179
3030	-426.504	-596.5618	170.0578	1.13716	2.532829
3036	-427.7518	-598.2434	170.4916	1.1437	2.254449
3042	-423.8193	-592.2908	168.4715	0.8550053	3.649718
3048	-422.47	-592.2387	169.7687	0.9353674	2.834535
3054	-417.7165	-587.1061	169.3896	0.8282051	3.12676
3060	-414.7437	-584.0688	169.325	1.025859	3.047319
3066	-425.0398	-593.7044	168.6646	0.7853052	3.578122
3072	-429.722	-598.8625	169.1406	0.9331726	3.212246
3078	-442.9344	-611.8592	168.9248	1.148961	3.212246
3084	-426.0742	-595.8102	169.736	0.7793638	2.948648
3090	-429.9828	-599.3867	169.4039	0.9300705	3.057432
3096	-432.1843	-600.1017	167.9174	0.7314604	4.039218
3102	-427.2551	-596.8763	169.6212	0.821667	2.992186
3108	-426.9906	-596.7407	169.7501	0.6043192	3.04524
3114	-422.682	-592.3616	169.6796	0.5685898	3.108652
3120	-423.8508	-593.8247	169.9739	1.005914	2.666018
3126	-430.2314	-599.3137	169.0823	0.7818703	3.335929
3132	-445.2281	-614.476	169.2478	0.8092447	3.222118
3138	-445.7624	-615.3761	169.6137	0.7609595	3.033121
3144	-464.211	-633.8544	169.6433	0.7609595	3.015351
3150	-439.679	-608.2924	168.6134	0.8051297	3.596332
3156	-437.5805	-606.9399	169.3594	0.7318252	3.201916
3162	-418.6293	-588.3403	169.711	1.024249	2.815578
3168	-428.1898	-597.326	169.1362	0.9683293	3.194027
3174	-427.657	-596.7918	169.1347	1.133647	3.096607
3180	-424.8457	-595.6384	170.7927	0.8231585	2.266911
3186	-424.9231	-593.6679	168.7449	1.004539	3.40332
3192	-427.7927	-597.164	169.3713	0.6239409	3.258666
3198	-434.7151	-604.2777	169.5626	1.147219	2.83108
3204	-428.1904	-598.6363	170.4459	1.094193	2.315372
3210	-435.3774	-604.77	169.3926	0.9222005	3.068902
3216	-428.8941	-598.3226	169.4284	0.798862	3.121079
3222	-434.7923	-604.7873	169.995	0.7090857	2.834535
3228	-433.9314	-602.9368	169.0054	0.9013332	3.310866
3234	-424.0655	-593.8043	169.7388	0.9365151	2.852017
3240	-434.4912	-604.2195	169.7284	0.7905621	2.946485
3246	-436.7458	-605.5631	168.8174	0.6597947	3.562263
3252	-422.5095	-591.5697	169.0602	0.7398359	3.373638
3258	-426.0589	-595.0835	169.0245	0.9944011	3.24468
3264	-420.9938	-590.2819	169.2882	1.073888	3.04064
3270	-427.8703	-597.292	169.4217	0.8840807	3.074307
3276	-426.6223	-596.076	169.4537	0.9269287	3.029557
3282	-433.4057	-602.8166	169.411	0.9696327	3.029557
3288	-424.0349	-594.2408	170.2059	0.8261944	2.633812
3294	-422.1499	-591.9016	169.7517	0.9580234	2.831092
3300	-430.3087	-600.4171	170.1084	1.189993	2.468203
3306	-429.3347	-598.3612	169.0266	1.157441	3.146817
3312	-417.4138	-586.5582	169.1444	0.7528415	3.3165
3318	-418.5522	-588.6437	170.0915	0.7697446	2.738775
3324	-436.8135	-605.3608	168.5473	0.7103158	3.689603
3330	-435.1194	-604.8558	169.7364	0.9477079	2.846676
3336	-421.3021	-590.7043	169.4023	0.8472677	3.107833
3342	-434.9237	-605.397	170.4733	0.8705563	2.439648
3348	-425.2627	-594.2941	169.0314	0.8893908	3.302578
3354	-429.4199	-598.9363	169.5164	0.9567894	2.973992
3360	-439.6867	-609.6024	169.9157	0.9805537	2.717345
3366	-455.0368	-624.4098	169.373	0.9805537	3.045754
3372	-441.7507	-610.7478	168.9971	0.6924653	3.438361
3378	-438	-608.1314	170.1314	0.8450108	2.668135
3384	-436.0167	-605.0191	169.0024	0.7514122	3.400749
3390	-436.5622	-606.647	170.0848	0.8878644	2.670421
3396	-429.0505	-598.9076	169.8571	0.9444343	2.775248
3402	-445.2507	-614.1008	168.8501	1.186157	3.234436
3408	-430.1762	-600.3789	170.2027	0.9842712	2.537812
3414	-430.2824	-599.9885	169.7061	0.8684178	2.912962
3420	-443.0934	-612.7566	169.6632	0.9546423	2.886775
3426	-440.0733	-609.2637	169.1905	0.7942496	3.264891
3432	-441.6834	-610.5373	168.8539	0.8115855	3.452456
3438	-435.4926	-604.7249	169.2323	0.6421476	3.3299
3444	-448.875	-618.2296	169.3546	0.8577229	3.130003
3450	-435.0723	-603.8963	168.8241	0.8894102	3.424344
3456	-431.7777	-601.0316	169.2539	0.679049	3.295429
3462	-434.8336	-604.6142	169.7806	0.8858509	2.85735
3468	-440.8332	-609.65	168.8168	0.8795611	3.434367
3474	-433.683	-603.4462	169.7632	0.7409249	2.955387
3480	-436.2476	-606.1577	169.9101	1.196436	2.587783
3486	-435.3035	-605.5176	170.214	0.9719414	2.538422
3492	-431.7713	-601.8458	170.0746	1.220659	2.470179
3498	-429.9552	-600.0796	170.1244	1.0998	2.514602
3504	-420.9464	-590.2994	169.353	1.008314	3.041099
3510	-427.0643	-597.7956	170.7312	0.8524691	2.287526
3516	-433.9696	-603.3019	169.3323	0.7680203	3.196538
3522	-438.6296	-607.2261	168.5965	0.8971422	3.552693
3528	-443.6765	-612.3586	168.6821	0.81149	3.552693
3534	-443.8598	-611.9576	168.0979	1.161155	3.688779
3540	-434.1302	-602.9437	168.8135	0.895082	3.427231
3546	-441.1526	-610.0862	168.9336	0.8041225	3.410136
3552	-440.411	-610.2197	169.8087	1.085262	2.718715
3558	-426.3933	-596.464	170.0707	1.085262	2.557071
3564	-428.2396	-596.7894	168.5498	0.9353012	3.557646
3570	-427.1678	-596.4261	169.2583	0.7724703	3.237683
3576	-439.5014	-608.8423	169.3409	0.9039166	3.110664
3582	-445.5491	-614.9385	169.3893	0.9036641	3.081926
3588	-427.4494	-597.5072	170.0578	1.218415	2.482054
3594	-428.8634	-598.344	169.4806	1.207704	2.844118
3600	-426.6253	-596.4153	169.79	0.9196855	2.831145
3606	-426.5336	-596.0115	169.4779	0.8965836	3.033189
3612	-429.4292	-599.5989	170.1697	0.9867942	2.556766
3618	-430.0811	-598.9094	168.8283	0.9867942	3.364793
3624	-435.43	-604.1397	168.7097	0.9710638	3.443487
3630	-421.6413	-591.1546	169.5133	0.8091377	3.064339
3636	-420.4212	-590.422	170.0008	0.8191787	2.764012
3642	-416.1874	-585.7091	169.5217	0.6898566	3.130465
3648	-429.5328	-599.4772	169.9443	0.922447	2.735387
3654	-438.6271	-607.7734	169.1463	0.9570314	3.194736
3660	-441.3222	-610.3932	169.071	0.7905248	3.337483
3666	-439.6174	-608.7732	169.1557	0.7058166	3.337483
3672	-432.5308	-602.2049	169.6741	0.6229186	3.079528
3678	-431.143	-600.2689	169.1259	0.8892981	3.246902
3684	-429.8827	-599.1082	169.2255	0.7210636	3.287385
3690	-441.7964	-610.5691	168.7727	0.8243033	3.492451
3696	-424.7645	-594.593	169.8285	0.6094141	2.995185
3702	-423.2502	-592.4255	169.1753	0.6580653	3.354019
3708	-426.8552	-596.6179	169.7626	1.16173	2.700116
3714	-440.0567	-610.1777	170.121	1.189969	2.460284
3720	-434.1657	-603.4419	169.2762	0.7893506	3.217082
3726	-437.3675	-606.7595	169.392	0.7607234	3.165421
3732	-428.2588	-598.3211	170.0623	1.010177	2.608863
3738	-438.8887	-608.3554	169.4667	0.8558605	3.06427
3744	-428.9132	-597.6471	168.7339	0.9750307	3.427027
3750	-434.9983	-604.4536	169.4553	0.9750307	2.999723
3756	-433.5919	-602.9289	169.337	1.093362	2.999723
3762	-434.1933	-603.6849	169.4916	1.18268	2.852649
3768	-429.8383	-599.8378	169.9995	0.9382073	2.691915
3774	-438.5564	-608.3501	169.7937	0.7241474	2.947108
3780	-434.5589	-603.0924	168.5335	0.7223136	3.690654
3786	-441.5144	-611.5341	170.0197	0.6060604	2.881987
3792	-433.8064	-603.6915	169.8851	0.7406484	2.881987
3798	-433.0132	-602.8103	169.7972	0.7510731	2.928807
3804	-460.5437	-629.3061	168.7624	0.7969975	3.514363
3810	-458.7058	-628.3056	169.5999	0.6643322	3.09909
3816	-439.7164	-608.4459	168.7295	0.7305154	3.572208
3822	-437.0381	-605.6991	168.6609	0.6266023	3.672279
3828	-434.5439	-603.9235	169.3795	0.9581521	3.055232
3834	-430.1657	-599.8694	169.7037	0.8154423	2.946341
3840	-433.5722	-602.263	168.6908	0.9658898	3.457597
3846	-424.8438	-594.4473	169.6035	0.8078098	3.011149
3852	-430.6063	-599.515	168.9087	0.847402	3.399373
3858	-436.3934	-604.8039	168.4105	0.6807367	3.785627
3864	-436.0962	-604.7756	168.6794	0.6981372	3.620143
3870	-432.0671	-601.5332	169.4661	1.00733	2.97385
3876	-442.4377	-610.5516	168.1139	0.9338793	3.810679
3882	-445.5063	-614.1268	168.6204	0.9338793	3.517329
3888	-428.0274	-597.8496	169.8222	0.717476	2.933981
3894	-417.1278	-587.0177	169.8899	0.9006178	2.781956
3900	-429.042	-597.9287	168.8867	0.871658	3.398062
3906	-424.0183	-593.9715	169.9531	0.9076366	2.739067
3912	-422.6541	-591.5867	168.9326	0.8657363	3.374611
3918	-418.5027	-588.4783	169.9756	0.8492153	2.761023
3924	-427.7789	-597.0191	169.2403	0.8928279	3.177076
3930	-430.5781	-600.4915	169.9134	0.9251121	2.752665
3936	-421.8375	-592.55	170.7125	0.852733	2.299322
3942	-420.2398	-589.867	169.6272	0.852733	2.969951
3948	-425.2674	-594.5867	169.3193	0.8881603	3.132892
3954	-439.2486	-608.8043	169.5557	0.7666674	3.064375
3960	-434.84	-604.5142	169.6742	0.8564213	2.939457
3966	-423.3784	-593.0621	169.6837	0.9322553	2.887933
3972	-425.6695	-595.1384	169.4688	0.9322553	3.017284
3978	-418.6739	-588.2693	169.5954	0.9651498	2.921405
3984	-415.7424	-585.3934	169.651	1.100388	2.805763
3990	-424.0064	-593.7233	169.7169	1.034548	2.805763
3996	-428.4548	-596.9384	168.4835	0.6763321	3.74607
4002	-425.0239	-594.8395	169.8156	0.7027681	2.946816
4008	-435.3768	-605.67	170.2932	1.017478	2.460487
4014	-431.2429	-601.6128	170.3698	0.7267231	2.593947
4020	-428.7498	-598.6817	169.9319	0.9548871	2.723157
4026	-433.1354	-603.1426	170.0072	0.8795389	2.723157
4032	-425.7323	-595.1066	169.3743	0.9806253	3.044901
4038	-422.5124	-592.3835	169.8711	0.9557735	2.759804
4044	-423.7545	-593.0785	169.3241	0.9532822	3.09126
4050	-442.3008	-612.1222	169.8214	1.437169	2.493123
4056	-437.3569	-607.1448	169.7879	1.074798	2.737862
4062	-439.5014	-609.8886	170.3872	1.048032	2.382003
4068	-441.0632	-610.8496	169.7864	0.9710755	2.802085
4074	-432.8666	-602.4664	169.5998	0.9678412	2.91712
4080	-434.4328	-604.3727	169.9399	1.38592	2.450956
4086	-449.3878	-619.8851	170.4972	1.156938	2.242299
4092	-437.8971	-608.2926	170.3955	1.258673	2.242299
4098	-426.9891	-595.6199	168.6307	0.6955113	3.649873
4104	-429.9386	-599.8954	169.9568	0.7771348	2.816421
4110	-425.3591	-594.9184	169.5593	0.9901777	2.928093
4116	-428.2829	-598.7	170.4171	0.9901777	2.399659
4122	-426.9234	-597.7598	170.8363	0.8332828	2.232357
4128	-429.3954	-599.9081	170.5127	1.156933	2.232357
4134	-426.7954	-596.909	170.1136	0.8615459	2.668921
4140	-423.3704	-592.2648	168.8943	0.8615459	3.399512
4146	-444.6752	-614.3009	169.6258	0.5426453	3.156114
4152	-428.8189	-597.7232	168.9043	0.6919167	3.492913
4158	-432.1354	-601.018	168.8826	0.8388638	3.419684
4164	-439.9744	-608.8978	168.9234	0.8388638	3.395773
4170	-431.2712	-600.6199	169.3488	0.6715857	3.243839
4176	-433.1902	-602.2314	169.0413	0.6688787	3.426306
4182	-441.6578	-610.6598	169.002	0.7082032	3.426306
4188	-426.144	-595.2032	169.0592	0.7118964	3.390616
4194	-432.8971	-601.9084	169.0113	0.7118964	3.418644
4200	-426.1703	-596.2814	170.1111	0.8435698	2.681515
4206	-420.4845	-590.5185	170.0339	0.8048484	2.752508
4212	-433.5712	-602.6237	169.0525	1.054227	3.192721
4218	-430.5444	-600.0168	169.4724	1.054227	2.941819
4224	-425.4059	-595.5297	170.1239	1.054227	2.543326
4230	-429.5661	-599.0338	169.4677	0.982425	2.987861
4236	-428.3324	-596.9115	168.5791	0.8808186	3.57231
4242	-419.5732	-588.7457	169.1725	0.7071575	3.32681
4248	-431.9347	-601.7517	169.817	0.9284085	2.809438
4254	-446.5716	-615.4048	168.8332	0.7869252	3.478958
4260	-444.5929	-614.2973	169.7044	1.10924	2.767874
4266	-433.3531	-603.3283	169.9752	0.876407	2.744673
4272	-421.1682	-591.1071	169.9389	1.04835	2.661456
4278	-423.5326	-594.0349	170.5022	0.7877685	2.473466
4284	-426.5559	-596.7014	170.1455	1.023885	2.548758
4290	-449.0322	-618.6919	169.6597	0.7706673	2.999726
4296	-439.9101	-608.2447	168.3346	0.8474678	3.733237
4302	-417.9394	-586.7268	168.7874	0.7195307	3.544948
4308	-436.0974	-604.7735	168.6762	0.8307405	3.544948
4314	-428.459	-597.2571	168.7981	0.8021951	3.490522
4320	-431.0531	-600.6062	169.5531	0.8904774	2.991811
4326	-437.6946	-607.7657	170.0711	0.9887756	2.616659
4332	-428.5034	-598.6464	170.143	1.063455	2.525665
4338	-426.426	-596.2732	169.8472	1.034848	2.726062
4344	-430.7606	-600.5761	169.8155	1.066517	2.726062
4350	-438.0792	-608.097	170.0178	0.8006792	2.764885
4356	-426.6241	-595.492	168.8679	0.8515572	3.420876
4362	-419.7749	-588.688	168.9131	0.8429013	3.399475
4368	-419.7318	-589.32	169.5882	0.8682731	2.984042
4374	-424.6526	-594.196	169.5434	0.8201581	3.039756
4380	-423.2636	-592.807	169.5434	0.8201581	3.039756
4386	-431.2966	-600.7075	169.4108	0.9142783	3.062734
4392	-419.2816	-588.7352	169.4537	0.8714496	3.062734
4398	-424.9642	-595.0799	170.1157	0.9025198	2.642383
4404	-420.6951	-590.1773	169.4821	0.9948199	2.971734
4410	-427.886	-597.5095	169.6235	0.8534686	2.971734
4416	-435.046	-604.1868	169.1409	0.9683187	3.191263
4422	-446.6606	-615.0504	168.3898	0.8009643	3.728231
4428	-433.3839	-603.1971	169.8133	1.013921	2.759585
4434	-428.7201	-598.147	169.4269	0.8479765	3.092747
4440	-449.2301	-618.4736	169.2435	0.9335685	3.150985
4446	-440.9426	-611.0426	170.1	1.149796	2.498595
4452	-443.9728	-612.983	169.0102	0.7976046	3.369056
4458	-435.7089	-603.9211	168.2123	0.6617669	3.910459
4464	-432.5765	-601.7256	169.1491	0.8436328	3.26017
4470	-435.8423	-604.9147	169.0724	0.7783206	3.343824
4476	-435.1458	-604.0433	168.8975	0.7969915	3.43547
4482	-438.218	-606.312	168.094	0.5037802	4.068399
4488	-441.26	-609.2717	168.0118	0.6691052	4.020976
4494	-442.7752	-611.1389	168.3637	0.5046257	3.913748
4500	-442.343	-610.1773	167.8343	0.4960243	4.220454
4506	-448.9042	-616.8233	167.9191	0.4960243	4.172297
4512	-436.4621	-604.6649	168.2029	0.6618757	3.915781
4518	-450.3133	-618.3904	168.0771	0.787618	3.915781
4524	-431.1025	-599.1419	168.0393	0.6974934	3.989005
4530	-446.766	-616.6092	169.8432	0.8709545	2.828411
4536	-451.2957	-621.1978	169.9021	1.048309	2.684114
4542	-443.6893	-613.6339	169.9446	0.9957125	2.690335
4548	-443.2449	-612.6966	169.4516	1.180802	2.87796
4554	-434.0686	-603.0221	168.9534	0.8796148	3.354224
4560	-439.5001	-609.6441	170.1439	0.924625	2.611287
4566	-436.2519	-606.5464	170.2944	1.044871	2.44251
4572	-442.058	-611.843	169.7851	0.952432	2.814244
4578	-426.9444	-595.9555	169.011	0.7728288	3.383107
4584	-437.31	-605.8447	168.5348	0.7728288	3.66066
4590	-432.6194	-601.3275	168.7081	0.8391542	3.52148
4596	-439.7481	-609.6197	169.8717	0.8105734	2.847803
4602	-432.4165	-602.0754	169.659	1.272142	2.695952
4608	-415.685	-585.8384	170.1534	0.7239311	2.728943
4614	-431.0842	-601.4796	170.3954	1.010946	2.400276
4620	-427.1043	-597.3203	170.2159	1.19038	2.400276
4626	-436.379	-605.6326	169.2537	1.19038	2.991502
4632	-430.4111	-599.9642	169.5531	0.8909441	2.991502
4638	-438.7622	-608.9566	170.1944	0.9870893	2.541244
4644	-436.0906	-605.5826	169.492	0.8021112	3.081283
4650	-421.6813	-590.7618	169.0805	0.8165498	3.316601
4656	-430.9884	-600.9214	169.9331	0.852517	2.784971
4662	-436.226	-605.3245	169.0985	0.7288312	3.35761
4668	-428.2593	-597.1619	168.9025	0.9367011	3.350583
4674	-418.1304	-588.2626	170.1322	0.6979181	2.757792
4680	-420.2785	-589.3425	169.064	0.8032124	3.334129
4686	-430.2624	-598.9529	168.6906	0.7879642	3.561447
4692	-438.0271	-606.6025	168.5754	0.4391993	3.82972
4698	-435.3783	-605.2745	169.8962	0.4278125	3.063372
4704	-436.7061	-605.3137	168.6076	0.6833527	3.670323
4710	-448.7966	-618.6703	169.8737	0.5823638	2.984263
4716	-442.2677	-611.3093	169.0416	0.5840414	3.475707
4722	-443.3519	-611.883	168.5311	0.7158369	3.695764
4728	-440.3234	-610.2027	169.8792	0.8969839	2.790668
4734	-438.8344	-608.1024	169.2681	0.6191583	3.322377
4740	-438.4265	-606.6971	168.2706	0.6982721	3.856027
4746	-429.9508	-598.9567	169.0059	0.5262008	3.530295
4752	-433.5128	-602.5898	169.077	0.6311888	3.427429
4758	-431.8396	-600.7948	168.9553	0.7529814	3.427429
4764	-440.6681	-610.0836	169.4155	0.7246022	3.172902
4770	-436.6872	-605.9662	169.279	0.9906265	3.095861
4776	-431.3576	-601.1076	169.75	0.912723	2.859653
4782	-433.3342	-602.409	169.0748	1.055509	3.178721
4788	-434.5882	-604.3858	169.7976	0.9951596	2.78059
4794	-431.369	-600.7236	169.3546	0.9762175	3.059349
4800	-425.6216	-594.1317	168.5102	0.7057105	3.713721
4806	-426.9088	-596.2444	169.3356	0.7113151	3.228113
4812	-426.4216	-596.4439	170.0222	0.7835977	2.772615
4818	-423.1264	-592.9572	169.8309	0.9094604	2.812515
4824	-427.1365	-596.8117	169.6751	1.065193	2.812515
4830	-421.667	-591.2239	169.5569	1.065193	2.88424
4836	-421.6277	-590.7244	169.0967	0.8407687	3.292766
4842	-426.4296	-595.999	169.5694	0.8230996	3.022433
4848	-433.7309	-603.2127	169.4817	1.01079	2.96237
4854	-436.7564	-606.5461	169.7897	0.9859775	2.791025
4860	-434.8819	-605.3783	170.4964	1.098335	2.280456
4866	-429.0649	-599.2961	170.2312	0.9142088	2.563625
4872	-436.183	-605.377	169.194	0.833989	3.239338
4878	-437.7349	-607.0267	169.2917	0.7362353	3.239338
4884	-429.1938	-597.9895	168.7957	0.8213961	3.480723
4890	-440.2905	-610.1758	169.8853	1.353738	2.50533
4896	-425.7807	-594.5566	168.7759	0.6928011	3.567187
4902	-427.9983	-597.0442	169.0459	0.9262623	3.272307
4908	-445.9298	-615.6402	169.7105	1.240134	2.684004
4914	-441.0118	-611.0924	170.0806	0.9282859	2.64813
4920	-428.858	-597.9313	169.0733	1.204614	3.090946
4926	-425.8927	-595.2956	169.4029	0.7368646	3.173102
4932	-443.6392	-613.791	170.1518	1.044219	2.532181
4938	-439.9968	-608.7271	168.7303	0.7922648	3.535824
4944	-443.0278	-611.0747	168.0469	0.6373942	4.019016
4950	-423.0964	-592.0629	168.9665	0.605877	3.506799
4956	-424.4365	-592.915	168.4785	0.7065421	3.731528
4962	-424.2755	-593.3861	169.1106	0.7182522	3.356681
4968	-427.0046	-596.9679	169.9633	0.8438676	2.771789
4974	-428.3257	-597.7308	169.4051	0.8994805	3.074983
4980	-413.0305	-581.9726	168.942	0.9807012	3.301461
4986	-427.8026	-597.4686	169.6661	0.7318278	3.019188
4992	-427.7337	-596.8435	169.1099	0.8352882	3.288244
4998	-430.4705	-600.2119	169.7414	0.7937252	2.936733
5004	-433.6598	-601.6443	167.9845	0.6857983	4.026979
5010	-436.7647	-604.7804	168.0157	0.6546664	4.026979
5016	-437.7797	-605.4771	167.6974	0.6546664	4.208109
5022	-446.189	-615.3564	169.1674	0.6598667	3.35763
5028	-438.4863	-607.5392	169.0529	0.762229	3.364746
5034	-452.8392	-621.2575	168.4183	0.5829599	3.837391
5040	-436.1617	-604.6302	168.4685	0.5328041	3.837391
5046	-437.982	-607.0337	169.0517	0.7932807	3.347232
5052	-433.6637	-603.0438	169.3801	0.7462671	3.181076
5058	-430.4072	-600.075	169.6678	0.8498065	2.947279
5064	-435.7288	-605.6434	169.9146	0.9788649	2.719029
5070	-431.9439	-602.3326	170.3887	0.9788649	2.424697
5076	-426.5943	-595.9721	169.3777	0.9505394	3.060852
5082	-423.1314	-592.6535	169.5221	1.083057	2.894467
5088	-426.9487	-596.857	169.9083	0.9216683	2.757883
5094	-436.0032	-605.6727	169.6695	1.160523	2.757883
5100	-435.6382	-604.7804	169.1421	0.8688488	3.249375
5106	-430.1703	-599.8154	169.645	0.6970644	3.052579
5112	-431.7188	-601.3043	169.5855	0.9305689	2.948193
5118	-431.0263	-599.8239	168.7976	0.6996435	3.550557
5124	-435.4666	-603.3886	167.922	0.8688961	3.958068
5130	-421.128	-589.9899	168.862	0.7920748	3.459136
5136	-433.5665	-603.1177	169.5512	0.8356876	3.025786
5142	-437.1833	-607.2323	170.0491	0.8356876	2.724395
5148	-437.1104	-607.0665	169.956	0.8356876	2.781225
5154	-432.5307	-601.5369	169.0062	1.001117	3.251548
5160	-425.2932	-594.0143	168.7211	0.597228	3.654478
5166	-422.9145	-593.0452	170.1307	0.5668222	2.838525
5172	-427.9698	-596.7078	168.738	0.6837973	3.594426
5178	-418.7845	-587.4142	168.6297	0.6837973	3.65727
5184	-422.245	-591.5789	169.3339	0.9392916	3.093742
5190	-432.3791	-602.1937	169.8146	0.6153552	2.999945
5196	-434.9932	-604.4646	169.4714	0.9586056	2.999945
5202	-425.9877	-595.536	169.5483	0.8315034	3.030043
5208	-434.7513	-604.2995	169.5483	0.8315034	3.030043
5214	-433.0469	-601.6206	168.5737	0.5701667	3.755318
5220	-435.1366	-603.6776	168.5409	0.6028726	3.755318
5226	-425.2896	-594.9697	169.68	0.780276	2.981735
5232	-452.0094	-621.1369	169.1275	0.9951537	3.183246
5238	-440.049	-609.5204	169.4714	0.9324502	3.015612
5244	-432.2887	-601.6208	169.3321	0.6846017	3.246005
5250	-430.0571	-600.0976	170.0405	0.8104191	2.745084
5256	-426.786	-596.578	169.792	1.000706	2.780632
5262	-430.6259	-600.7308	170.1049	0.7228803	2.759235
5268	-434.3505	-603.3681	169.0176	0.7228803	3.408542
5274	-426.8814	-595.7128	168.8315	0.7228803	3.517324
5280	-419.6454	-589.0256	169.3803	0.7228803	3.19482
5286	-418.5618	-588.611	170.0493	0.7489369	2.777277
5292	-423.5079	-593.0769	169.569	0.573756	3.171326
5298	-429.0708	-598.1612	169.0905	0.8585458	3.285959
5304	-436.7936	-606.571	169.7774	0.7017691	2.970395
5310	-421.7846	-591.3354	169.5508	0.9283474	2.970395
5316	-426.9555	-596.2586	169.3032	0.9085391	3.130373
5322	-429.5499	-598.3317	168.7818	0.7442705	3.533789
5328	-431.2768	-600.3992	169.1224	0.8641772	3.263819
5334	-436.1376	-605.6176	169.48	0.9685148	2.988798
5340	-428.7881	-598.277	169.4889	0.9609892	2.988023
5346	-432.7416	-601.5792	168.8377	0.7774145	3.481873
5352	-434.6919	-602.9843	168.2924	0.7774145	3.797942
5358	-426.4435	-596.0949	169.6514	0.7256029	3.031723
5364	-440.5413	-610.3648	169.8235	1.035456	2.740152
5370	-437.8804	-607.6986	169.8183	1.156806	2.66895
5376	-445.893	-616.2953	170.4022	1.156806	2.3033
5382	-431.442	-601.5463	170.1043	0.9026873	2.649306
5388	-423.6535	-593.4627	169.8092	0.9026873	2.829803
5394	-422.8008	-592.202	169.4012	0.9026873	3.075435
5400	-428.5085	-597.6276	169.119	0.83659	3.282058
5406	-428.1462	-596.942	168.7958	0.7559185	3.518873
5412	-431.8684	-601.2754	169.4071	0.8974501	3.075042
5418	-428.0452	-598.0524	170.0072	0.9110245	2.703867
5424	-427.027	-596.6187	169.5917	0.8103226	3.016689
5430	-429.675	-598.2351	168.5602	0.6876749	3.695252
5436	-428.6485	-597.8177	169.1692	0.6966417	3.334959
5442	-430.4091	-600.6726	170.2635	1.037276	2.466684
5448	-428.5774	-597.7771	169.1998	1.037276	3.115275
5454	-421.6013	-590.8503	169.249	0.655505	3.312221
5460	-448.3504	-616.4535	168.1031	0.5139566	4.057375
5466	-437.9072	-606.7295	168.8223	0.8263895	3.462238
5472	-437.3068	-606.9875	169.6807	0.9780371	2.862017
5478	-432.7193	-603.1578	170.4385	0.9780371	2.393794
5484	-447.7721	-617.528	169.7559	0.6487518	3.01512
5490	-447.9021	-618.0599	170.1579	1.025541	2.54003
5496	-429.8008	-600.0379	170.2371	0.6616413	2.715836
5502	-435.3203	-605.0625	169.7422	0.9471957	2.843468
5508	-435.7668	-604.5746	168.8079	0.9252624	3.412853
5514	-425.2202	-595.0032	169.7829	0.7442638	2.941499
5520	-434.9143	-605.2843	170.37	0.9490817	2.455194
5526	-437.8311	-606.4889	168.6578	0.9108761	3.50896
5532	-436.7445	-606.0581	169.3136	0.8460078	3.161358
5538	-449.0993	-618.135	169.0357	0.6510248	3.440014
5544	-449.6558	-618.9192	169.2633	0.9651429	3.12038
5550	-449.1258	-618.5606	169.4348	0.8694684	3.075168
5556	-423.626	-592.5997	168.9737	0.8939237	3.333906
5562	-435.2183	-605.1953	169.9771	1.126323	2.589713
5568	-435.4587	-605.7016	170.2429	1.06653	2.461253
5574	-439.0209	-608.127	169.106	0.8358739	3.290153
5580	-442.9175	-612.572	169.6545	0.9708926	2.882218
5586	-445.2002	-614.1198	168.9196	0.9125183	3.354799
5592	-432.6621	-601.6704	169.0083	0.8238221	3.354799
5598	-423.2709	-592.1949	168.924	0.8922586	3.364094
5604	-437.2079	-605.5415	168.3336	0.7197026	3.807446
5610	-433.8624	-603.2447	169.3823	0.9295119	3.070706
5616	-430.9004	-599.7394	168.839	0.9295119	3.392118
5622	-431.5376	-601.7805	170.2428	0.996393	2.505212
5628	-436.6555	-605.9597	169.3043	0.928207	3.118008
5634	-424.7124	-594.1101	169.3977	0.9294791	3.061509
5640	-431.0033	-600.5735	169.5703	0.9294791	2.958039
5646	-434.2255	-602.8852	168.6597	0.867606	3.533061
5652	-433.9689	-603.0696	169.1007	0.9854181	3.204923
5658	-438.997	-606.9108	167.9138	0.7131965	4.051718
5664	-439.798	-609.0182	169.2202	0.8853673	3.193403
5670	-435.844	-603.0382	167.1942	0.6308842	4.505785
5676	-440.4177	-608.938	168.5203	0.7232049	3.697753
5682	-433.4747	-602.9447	169.47	0.7111161	3.14855
5688	-426.9408	-595.5539	168.6131	0.8482166	3.571457
5694	-427.1201	-597.2861	170.166	0.8482166	2.644817
5700	-425.785	-595.6782	169.8932	0.651845	2.93073
5706	-428.781	-596.8916	168.1106	0.6740387	3.961656
5712	-423.2659	-591.2265	167.9605	0.7156961	4.023615
5718	-419.916	-588.3343	168.4183	0.7156961	3.760984
5724	-421.284	-590.6077	169.3236	0.6989263	3.24254
5730	-442.0712	-611.299	169.2278	0.8060084	3.235898
5736	-441.5179	-609.6079	168.09	0.7028804	3.956931
5742	-426.6791	-595.7308	169.0517	0.652342	3.429893
5748	-439.6387	-608.2904	168.6517	0.8904698	3.524393
5754	-424.4352	-593.5719	169.1368	0.8727478	3.250253
5760	-429.5638	-599.5997	170.036	0.7848131	2.763511
5766	-438.5367	-607.8172	169.2804	0.7848131	3.217292
5772	-432.6722	-601.7643	169.092	0.9417751	3.23588
5778	-429.2806	-598.5913	169.3107	0.9093359	3.125405
5784	-437.9091	-606.1037	168.1946	0.9599422	3.749109
5790	-432.7952	-601.4283	168.6332	0.6808328	3.656961
5796	-442.1287	-612.0145	169.8858	0.6983662	2.907148
5802	-437.2424	-605.4109	168.1686	0.5911076	3.975937
5808	-441.1869	-609.3698	168.1829	0.5767657	3.975937
5814	-436.3202	-604.8944	168.5743	0.5472309	3.768175
5820	-427.1517	-595.8856	168.7339	0.6202473	3.633677
5826	-421.6743	-590.7478	169.0735	0.8089802	3.32515
5832	-415.2993	-585.5265	170.2271	0.8373383	2.613824
5838	-426.1884	-595.7701	169.5817	0.8104322	3.022618
5844	-423.7022	-593.3045	169.6023	0.8104322	3.01027
5850	-442.1388	-610.7844	168.6456	0.9037126	3.520264
5856	-437.4969	-606.6195	169.1225	0.8054038	3.298394
5862	-425.6733	-594.6678	168.9945	0.8038909	3.374577
5868	-431.5427	-600.5372	168.9945	0.8038909	3.374577
5874	-425.4125	-594.6331	169.2205	0.9538653	3.152555
5880	-426.9812	-596.0801	169.0989	1.101873	3.136872
5886	-429.2274	-598.8542	169.6268	0.7704868	3.01955
5892	-415.0812	-585.0469	169.9657	0.9642839	2.696677
5898	-428.1281	-597.3401	169.212	1.040959	3.105823
5904	-431.1069	-600.2093	169.1023	0.7805919	3.324897
5910	-427.98	-597.2616	169.2817	0.8544141	3.175307
5916	-426.3602	-595.6418	169.2817	0.8544141	3.175307
5922	-430.1339	-599.4654	169.3315	0.8628282	3.140686
5928	-423.9299	-594.4085	170.4786	0.9514075	2.385278
5934	-428.7083	-598.6487	169.9404	0.9680493	2.709864
5940	-432.7725	-602.0178	169.2453	1.063987	3.072197
5946	-433.1768	-603.0382	169.8614	0.8916254	2.804786
5952	-437.3338	-606.7187	169.3848	1.079207	2.979507
5958	-437.2685	-607.3005	170.0319	0.8664831	2.716023
5964	-434.0507	-603.2893	169.2386	0.7889491	3.239562
5970	-433.7297	-603.5913	169.8616	0.7082572	2.91578
5976	-432.2342	-601.9744	169.7402	0.911818	2.866103
5982	-424.2113	-594.5092	170.2979	0.7474579	2.625611
5988	-421.8134	-591.2887	169.4753	1.029896	2.954759
5994	-435.4387	-603.8793	168.4407	0.6679523	3.775616
6000	-431.0176	-600.2362	169.2186	0.6679523	3.32274
6006	-423.5741	-592.7856	169.2115	0.7753987	3.263607
6012	-433.7692	-602.659	168.8899	0.8228375	3.42482
6018	-425.4573	-595.1652	169.7079	0.6803559	3.024974
6024	-427.4709	-597.2267	169.7558	0.6951449	2.98735
6030	-441.1946	-610.2126	169.0179	0.7814785	3.373988
6036	-437.5565	-607.1262	169.5696	0.6275666	3.138993
6042	-435.8438	-604.8981	169.0543	0.799103	3.34228
6048	-441.0442	-609.6369	168.5928	0.6616903	3.691405
6054	-435.2342	-604.5807	169.3465	0.7039616	3.226035
6060	-433.1536	-602.5001	169.3465	0.7039616	3.226035
6066	-437.9127	-606.5583	168.6456	1.119013	3.394396
6072	-434.6979	-605.2231	170.5252	1.021669	2.311077
6078	-427.2518	-596.8001	169.5483	0.8221949	3.035591
6084	-429.863	-599.2164	169.3534	0.7326174	3.204997
6090	-420.6378	-590.3581	169.7203	0.7463208	2.977966
6096	-423.1666	-593.2747	170.1081	1.02233	2.572951
6102	-437.7112	-607.5211	169.8099	1.040766	2.745229
6108	-429.3432	-599.3241	169.9809	0.8828854	2.737196
6114	-431.1254	-601.1389	170.0135	0.8496639	2.73759
6120	-435.8471	-604.942	169.0949	0.8640797	3.28011
6126	-430.1355	-599.4491	169.3136	0.8640797	3.15059
6132	-432.4342	-601.8023	169.3681	0.8096345	3.15059
6138	-443.7523	-613.4877	169.7354	1.02025	2.803203
6144	-441.0736	-611.1758	170.1022	1.272593	2.420159
6150	-445.866	-615.4775	169.6115	0.9065398	2.947014
6156	-437.6522	-607.3213	169.6691	0.8489863	2.947014
6162	-441.4041	-610.1618	168.7577	0.9673633	3.417548
6168	-437.4621	-607.0288	169.5667	0.7180224	3.086862
6174	-437.5438	-606.8225	169.2787	0.9284142	3.133067
6180	-427.1671	-596.8458	169.6786	0.8247242	2.955851
6186	-434.8572	-603.6424	168.7851	1.00012	3.382292
6192	-425.0647	-593.7105	168.6458	0.8298092	3.563165
6198	-418.7072	-588.1945	169.4873	1.050291	2.93524
6204	-423.11	-592.8937	169.7838	0.8142636	2.898778
6210	-425.5253	-594.4521	168.9268	0.9389131	3.335024
6216	-430.5733	-600.61	170.0366	1.218592	2.495211
6222	-430.2589	-599.9216	169.6627	0.7498162	3.010407
6228	-429.355	-598.9989	169.6439	0.7686809	3.010407
6234	-436.9077	-606.3591	169.4514	0.6612868	3.189209
6240	-433.8422	-603.5707	169.7285	1.00991	2.813691
6246	-443.3892	-612.542	169.1528	1.029828	3.147658
6252	-439.1586	-609.7056	170.547	0.9023782	2.373049
6258	-438.1061	-608.0225	169.9164	0.8932152	2.770322
6264	-434.0119	-604.1063	170.0944	0.8932152	2.661236
6270	-433.5719	-603.1444	169.5725	0.9894226	2.920572
6276	-430.6954	-600.1309	169.4355	0.9055557	3.053227
6282	-430.6074	-600.0429	169.4355	0.9055557	3.053227
6288	-433.2892	-602.5431	169.2538	1.03505	3.084383
6294	-430.1672	-600.3951	170.2279	0.7780949	2.649909
6300	-424.1441	-594.0326	169.8885	0.8366936	2.821713
6306	-436.0793	-606.0082	169.9289	1.036724	2.674789
6312	-419.3369	-589.1192	169.7822	1.036724	2.764608
6318	-422.9518	-592.3121	169.3603	0.8833228	3.111344
6324	-431.3366	-601.0511	169.7145	0.9012517	2.888081
6330	-432.9829	-603.142	170.1591	0.8920086	2.622092
6336	-436.1799	-606.5476	170.3677	0.9723957	2.442012
6342	-436.8293	-605.9035	169.0742	0.9289464	3.254031
6348	-429.3699	-598.6735	169.3036	0.699557	3.254031
6354	-434.7631	-603.8742	169.1111	0.9166619	3.239481
6360	-434.6247	-604.0633	169.4386	0.6240399	3.218854
6366	-440.5608	-609.7619	169.201	0.9353283	3.175145
6372	-437.1597	-606.8834	169.7237	0.832562	2.923966
6378	-430.6792	-600.4336	169.7544	0.9692019	2.822675
6384	-425.4927	-595.2471	169.7544	0.9692019	2.822675
6390	-423.4107	-592.9503	169.5396	0.8540167	3.021774
6396	-436.0881	-606.1395	170.0514	0.8540167	2.711714
6402	-429.6199	-598.9994	169.3795	0.9522411	3.058768
6408	-439.9175	-609.3548	169.4373	0.896176	3.057737
6414	-446.3714	-614.7912	168.4198	0.7402984	3.745939
6420	-436.0072	-605.7046	169.6974	0.7386257	2.996329
6426	-433.296	-602.1788	168.8828	0.7477043	3.472896
6432	-425.0133	-593.8961	168.8828	0.7477043	3.472896
6438	-438.7047	-607.8596	169.1549	0.7217957	3.32858
6444	-425.069	-594.9205	169.8515	0.8392907	2.842618
6450	-428.8173	-597.1229	168.3057	0.8392907	3.754657
6456	-428.6762	-597.7966	169.1204	0.9862331	3.192747
6462	-427.0106	-596.3345	169.3239	0.8764309	3.137155
6468	-423.2175	-592.6218	169.4044	0.8685117	3.093921
6474	-428.8393	-598.6007	169.7615	0.8685117	2.879435
6480	-424.3374	-593.3836	169.0462	0.8973662	3.289204
6486	-427.0074	-596.3079	169.3005	0.9440954	3.110777
6492	-424.5735	-593.4897	168.9162	0.9047859	3.361309
6498	-419.8957	-589.8999	170.0042	1.1951	2.530143
6504	-427.6786	-596.9727	169.2942	0.8632531	3.162631
6510	-430.9453	-600.8208	169.8756	0.7947121	2.855055
6516	-431.523	-600.0635	168.5405	0.7812379	3.652469
6522	-428.4286	-598.3235	169.8949	0.8407558	2.815388
6528	-421.3521	-591.2086	169.8565	0.6697115	2.942108
6534	-419.225	-588.3708	169.1457	0.7137669	3.338682
6540	-431.1843	-600.6548	169.4705	0.961704	2.998605
6546	-427.7353	-597.4904	169.7552	0.9417454	2.838888
6552	-432.3557	-602.2185	169.8628	0.834106	2.838888
6558	-439.2756	-608.4132	169.1376	0.8178673	3.282145
6564	-432.2744	-601.0056	168.7311	0.6679823	3.60761
6570	-427.8912	-597.4803	169.5891	1.07629	2.857988
6576	-425.2494	-594.7852	169.5358	1.00554	2.932976
6582	-427.7595	-597.3059	169.5464	1.00554	2.926587
6588	-411.5322	-581.2039	169.6717	0.8693864	2.933106
6594	-433.4796	-603.2913	169.8117	1.009963	2.762979
6600	-427.1128	-596.4187	169.3059	1.0478	3.045646
6606	-424.2821	-594.3885	170.1064	0.8731093	2.666238
6612	-423.9188	-593.3181	169.3993	0.8731093	3.094209
6618	-419.4438	-589.0733	169.6296	0.5956812	3.122301
6624	-429.0647	-599.0368	169.9722	0.7001692	2.853797
6630	-433.051	-602.4846	169.4336	0.7480034	3.148278
6636	-427.8386	-597.1737	169.335	1.079231	3.009383
6642	-434.6471	-603.95	169.303	0.7104598	3.247936
6648	-428.0032	-597.3067	169.3034	0.9288141	3.118135
6654	-434.0405	-602.8215	168.781	1.178713	3.279676
6660	-430.8548	-599.5612	168.7064	0.6197544	3.649894
6666	-430.5264	-599.228	168.7016	0.7029475	3.604445
6672	-429.315	-597.9794	168.6644	0.7401995	3.604445
6678	-436.0827	-604.8582	168.7755	0.6290702	3.604445
6684	-434.6978	-603.4047	168.7068	0.7068037	3.599172
6690	-428.6453	-597.9776	169.3323	0.7732478	3.193432
6696	-428.4582	-597.8243	169.3661	0.7382252	3.194131
6702	-441.1105	-609.895	168.7845	0.8755773	3.45559
6708	-433.0281	-602.8482	169.8202	0.7014173	2.944888
6714	-436.1722	-605.3004	169.1282	0.9008821	3.238659
6720	-423.6657	-592.2792	168.6135	0.768289	3.617676
6726	-436.0641	-605.6062	169.5421	0.8290735	3.035183
6732	-436.5113	-606.1637	169.6524	0.6544587	3.073673
6738	-429.0663	-599.2372	170.171	0.7414398	2.707445
6744	-428.164	-597.4228	169.2588	0.8029792	3.219351
6750	-426.2625	-595.884	169.6215	0.8039497	3.002664
6756	-431.9357	-601.7103	169.7746	0.8643741	2.874004
6762	-429.7412	-599.2338	169.4925	0.8620388	3.045135
6768	-429.7705	-599.7727	170.0022	1.138453	2.566617
6774	-424.5348	-593.8822	169.3474	0.7667539	3.188303
6780	-425.1976	-594.739	169.5414	0.8652906	3.013944
6786	-425.5044	-595.1313	169.6269	0.779781	3.013944
6792	-430.654	-600.4492	169.7952	0.8098771	2.894509
6798	-429.825	-599.7882	169.9632	0.8739821	2.753459
6804	-428.842	-597.837	168.995	0.7705298	3.39385
6810	-446.1554	-615.5225	169.3671	0.7073541	3.211844
6816	-444.9774	-615.3138	170.3364	1.04001	2.419156
6822	-436.6972	-607.324	170.6269	1.099787	2.195532
6828	-446.097	-614.2123	168.1153	0.7947853	3.889767
6834	-449.7906	-618.0993	168.3087	1.026199	3.644851
6840	-451.7732	-620.7823	169.0091	0.7306396	3.408998
6846	-433.1681	-602.8794	169.7114	0.9098333	2.884764
6852	-424.7766	-594.7178	169.9412	1.210454	2.559765
6858	-430.1147	-600.5277	170.413	0.7386735	2.559765
6864	-418.415	-588.0772	169.6622	1.022125	2.846543
6870	-429.5734	-599.5397	169.9663	0.9064989	2.731721
6876	-430.206	-600.4942	170.2882	0.7321705	2.641033
6882	-440.5942	-609.0406	168.4464	0.8047504	3.693303
6888	-422.3343	-592.2295	169.8952	0.8502384	2.80938
6894	-431.203	-600.5435	169.3405	0.9143668	3.104646
6900	-428.379	-598.068	169.6889	0.9927675	2.848129
6906	-427.7407	-596.8099	169.0692	0.8428555	3.307745
6912	-420.0345	-589.2912	169.2567	0.6553894	3.307745
6918	-426.9724	-596.0345	169.0621	0.797543	3.338623
6924	-431.4059	-601.6489	170.243	1.062749	2.463571
6930	-431.4643	-600.8977	169.4334	0.8296023	3.099812
6936	-437.4807	-606.4957	169.015	0.7392508	3.400492
6942	-433.7331	-602.1491	168.416	0.8964337	3.657854
6948	-422.6391	-592.5535	169.9144	0.8964337	2.769544
6954	-431.5152	-600.8309	169.3157	1.219409	2.936766
6960	-432.7778	-602.4032	169.6255	0.6844725	3.071796
6966	-441.8488	-610.072	168.2232	0.7480304	3.854682
6972	-431.2705	-600.0683	168.7978	0.6408457	3.58463
6978	-423.7739	-592.386	168.6121	0.6656511	3.677953
6984	-427.439	-595.9398	168.5007	0.7769834	3.677953
6990	-418.5338	-588.4331	169.8994	0.8852724	2.785552
6996	-429.8895	-599.4738	169.5842	0.8225883	3.013837
7002	-423.5525	-592.4016	168.849	0.5478285	3.608904
7008	-422.9392	-592.3523	169.4131	0.7519126	3.1581
7014	-422.8631	-592.2007	169.3376	0.7684016	3.193139
7020	-436.3959	-605.9094	169.5135	0.9195306	2.998127
7026	-431.6634	-601.2553	169.592	0.8410518	2.998127
7032	-436.6423	-606.1215	169.4793	1.041695	2.945257
7038	-432.0771	-602.4816	170.4045	0.9487951	2.433721
7044	-421.4611	-591.594	170.1329	1.056377	2.536367
7050	-430.3233	-600.6817	170.3584	1.071947	2.385087
7056	-434.944	-604.7709	169.8269	0.7167564	2.931604
7062	-433.5324	-603.1136	169.5811	1.073307	2.864642
7068	-432.6363	-601.2597	168.6234	0.9024681	3.533904
7074	-440.3892	-609.3171	168.928	0.5978963	3.533904
7080	-435.4117	-604.207	168.7952	0.7306686	3.533904
7086	-442.905	-611.6736	168.7687	0.7692597	3.526889
7092	-439.3349	-609.5359	170.2009	1.038493	2.505085
7098	-431.18	-601.2368	170.0568	1.038493	2.594755
7104	-437.4496	-606.4855	169.0358	0.9447582	3.26734
7110	-430.3159	-599.5261	169.2102	0.6158206	3.358341
7116	-433.8063	-603.0972	169.2909	0.7167247	3.251343
7122	-446.7405	-616.7741	170.0336	0.9932423	2.637041
7128	-444.207	-614.2406	170.0336	0.9932423	2.637041
7134	-438.9895	-608.3442	169.3547	0.7385588	3.200678
7140	-440.2457	-610.6538	170.4081	0.7385588	2.562862
7146	-446.273	-615.8306	169.5576	0.8244254	3.02869
7152	-441.5629	-610.6901	169.1272	0.6987813	3.358392
7158	-439.2122	-608.1758	168.9636	0.8066115	3.391125
7164	-439.777	-609.7035	169.9265	0.7180376	2.870631
7170	-438.4724	-608.1146	169.6422	1.031624	2.852875
7176	-434.07	-603.9271	169.8571	0.8739094	2.818165
7182	-437.1843	-606.028	168.8438	0.8739094	3.421908
7188	-429.1337	-598.4315	169.2978	0.8616066	3.161468
7194	-419.5392	-589.5364	169.9972	0.8341312	2.757038
7200	-429.0689	-598.2621	169.1932	0.6014279	3.376788
7206	-434.1289	-604.5583	170.4294	0.9566909	2.413037
7212	-435.0418	-605.2482	170.2064	1.284491	2.346706
7218	-435.8795	-605.8092	169.9297	1.54317	2.358138
7224	-430.2206	-600.439	170.2184	1.20836	2.387344
7230	-428.5098	-597.7818	169.272	0.7913118	3.218414
7236	-429.7122	-599.0037	169.2915	0.775779	3.216073
7242	-418.6017	-588.7638	170.1622	0.7707617	2.694854
7248	-438.5535	-606.9751	168.4215	0.8257699	3.695548
7254	-434.472	-603.5493	169.0773	0.6515499	3.415336
7260	-442.9751	-611.7914	168.8162	0.7511702	3.509709
7266	-438.7349	-607.7079	168.973	0.8508353	3.359661
7272	-433.4923	-603.2655	169.7732	0.8366645	2.891607
7278	-427.8118	-597.0944	169.2827	0.8366645	3.185245
7284	-427.7499	-597.437	169.6871	0.7498787	2.995779
7290	-431.0108	-600.8736	169.8628	0.8324993	2.839845
7296	-435.8103	-605.0275	169.2173	1.02262	3.11359
7302	-436.3843	-606.3506	169.9662	0.9706144	2.692449
7308	-437.5757	-606.925	169.3493	1.010102	3.042241
7314	-426.3568	-595.495	169.1383	1.157397	3.080327
7320	-425.3883	-595.7983	170.41	1.059383	2.360368
7326	-435.7517	-604.7657	169.014	1.059383	3.212495
7332	-438.403	-608.1905	169.7875	0.8839817	2.854329
7338	-427.7759	-597.2269	169.451	0.7537573	3.134474
7344	-438.0995	-608.3369	170.2374	1.070817	2.462014
7350	-453.3451	-623.6784	170.3333	0.9749122	2.462014
7356	-453.9509	-623.2893	169.3383	0.9749122	3.069829
7362	-437.4909	-606.4169	168.926	0.6639094	3.496585
7368	-455.1099	-624.8299	169.72	0.7894836	2.952161
7374	-435.0909	-605.1054	170.0145	1.042338	2.618557
7380	-444.8293	-614.8437	170.0145	1.042338	2.618557
7386	-436.674	-606.9464	170.2724	1.078312	2.435315
7392	-445.0402	-614.4246	169.3844	0.7586303	3.171184
7398	-433.6538	-603.3188	169.6649	1.101315	2.796755
7404	-428.0695	-596.7574	168.6879	0.6920982	3.618701
7410	-422.5848	-591.1875	168.6027	0.777285	3.618701
7416	-438.5653	-606.0461	167.4808	0.6533759	4.331498
7422	-435.8142	-603.8594	168.0453	0.5786236	4.053479
7428	-440.0296	-609.3398	169.3102	0.7269732	3.233917
7434	-437.9907	-607.2992	169.3085	1.008053	3.067866
7440	-436.8855	-607.0066	170.1211	1.176349	2.468796
7446	-441.0485	-610.5331	169.4846	0.8068157	3.082845
7452	-438.06	-607.4333	169.3734	0.8963613	3.0958
7458	-433.6489	-603.1276	169.4787	0.8963613	3.032886
7464	-431.6712	-601.0902	169.419	0.9868691	3.01439
7470	-438.5915	-608.4105	169.819	1.04382	2.737795
7476	-446.1568	-615.1805	169.0237	0.7203609	3.406434
7482	-439.1584	-608.1579	168.9995	0.7445559	3.406434
7488	-435.5654	-604.5302	168.9648	0.7445559	3.426749
7494	-422.0211	-591.8124	169.7914	1.325871	2.581137
7500	-432.7647	-602.1006	169.3359	0.8140677	3.167067
7506	-435.9387	-606.3928	170.4541	0.8140677	2.487095
7512	-437.7166	-607.7096	169.9929	0.9460011	2.691153
7518	-433.8529	-603.5204	169.6675	0.6523003	3.065932
7524	-423.8999	-593.7975	169.8976	0.9437442	2.750967
7530	-434.2167	-604.1608	169.9441	0.8660685	2.769959
7536	-424.6278	-594.581	169.9532	0.8569486	2.769959
7542	-434.2143	-603.7721	169.5578	0.9955878	2.925712
7548	-435.0259	-603.8591	168.8332	0.763457	3.492634
7554	-427.9153	-596.6474	168.7321	0.682995	3.598345
7560	-426.3589	-595.5348	169.1759	0.6054639	3.384573
7566	-428.0403	-597.0848	169.0445	0.6335859	3.445051
7572	-444.1049	-613.9807	169.8758	0.5829741	2.982653
7578	-448.9021	-618.9178	170.0157	1.256712	2.484471
7584	-438.9198	-608.6317	169.7118	0.9815677	2.841018
7590	-423.4013	-593.519	170.1177	0.7685762	2.723453
7596	-420.4016	-590.1919	169.7903	0.7704677	2.92124
7602	-421.1914	-590.488	169.2966	0.6810008	3.2691
7608	-433.9597	-603.0789	169.1192	0.8583761	3.2691
7614	-441.7871	-610.4498	168.6627	0.7512211	3.599013
7620	-443.1337	-612.2884	169.1547	0.7542754	3.309548
7626	-424.7338	-594.9541	170.2204	1.051992	2.484504
7632	-442.6886	-612.6801	169.9915	1.132192	2.577105
7638	-447.1618	-617.3275	170.1657	1.203918	2.423426
7644	-439.2703	-609.4879	170.2176	0.8357257	2.620694
7650	-429.8558	-599.12	169.2643	0.9644346	3.120237
7656	-435.8154	-605.3374	169.522	0.6984981	3.12514
7662	-449.4984	-617.9689	168.4705	0.8910657	3.629413
7668	-430.0494	-598.2319	168.1825	0.61639	3.953518
7674	-446.6569	-616.3681	169.7111	0.9874803	2.837863
7680	-440.4325	-609.2097	168.7772	0.6738838	3.577408
7686	-441.4787	-610.6125	169.1338	0.7020701	3.352566
7692	-437.0989	-605.7511	168.6522	0.6761092	3.648677
7698	-449.6752	-618.69	169.0148	0.8199829	3.353227
7704	-440.6309	-609.1925	168.5616	0.7828673	3.639318
7710	-448.6746	-617.5154	168.8408	0.7673366	3.48595
7716	-456.8147	-625.1961	168.3814	0.7673366	3.752485
7722	-439.6818	-608.8492	169.1674	0.6791274	3.34629
7728	-449.1204	-617.3667	168.2463	0.6791274	3.880942
7734	-433.2528	-601.8263	168.5735	0.4912426	3.800882
7740	-436.2474	-604.8068	168.5594	0.4961895	3.80618
7746	-439.4675	-609.0749	169.6074	0.7772927	3.027111
7752	-441.5911	-611.2415	169.6504	0.7349469	3.026695
7758	-440.2707	-609.1132	168.8425	0.7114011	3.51755
7764	-460.793	-629.6416	168.8486	0.7053123	3.51755
7770	-453.8182	-623.6749	169.8567	0.852824	2.83124
7776	-442.5766	-612.2073	169.6307	1.078836	2.83124
7782	-452.8634	-622.5866	169.7232	0.8324549	2.924327
7788	-448.5033	-618.2765	169.7732	0.9747389	2.807886
7794	-439.1426	-608.0776	168.935	0.8739652	3.368346
7800	-444.849	-614.4534	169.6044	0.9336921	2.934922
7806	-450.2694	-620.1089	169.8394	0.7120567	2.926867
7812	-445.1652	-614.7918	169.6267	0.8041019	2.999485
7818	-451.1626	-619.8993	168.7367	0.9628569	3.432536
7824	-441.2494	-610.7536	169.5042	0.9341332	2.994947
7830	-438.1281	-607.447	169.319	0.7573512	3.210738
7836	-444.3457	-613.512	169.1662	0.7995286	3.276096
7842	-444.3097	-613.5668	169.257	0.7800227	3.233973
7848	-422.4802	-592.9066	170.4264	0.9209895	2.437407
7854	-434.2448	-603.9944	169.7496	0.9811284	2.818366
7860	-418.1301	-588.1665	170.0364	0.8679034	2.712407
7866	-423.3831	-593.386	170.0029	1.043046	2.625267
7872	-427.2566	-595.8236	168.5669	1.003431	3.507971
7878	-426.7644	-596.4419	169.6775	0.9507272	2.88051
7884	-421.8412	-591.857	170.0158	0.9507272	2.6742
7890	-422.848	-592.3949	169.5469	0.921149	2.977102
7896	-417.934	-587.5493	169.6152	0.88609	2.957096
7902	-412.2155	-582.0812	169.8657	1.053729	2.703159
7908	-418.1092	-587.5622	169.453	1.056421	2.952202
7914	-426.9842	-596.8524	169.8683	1.059658	2.697906
7920	-429.4026	-599.4222	170.0196	0.7388288	2.801513
7926	-427.39	-596.9612	169.5712	1.06073	2.878273
7932	-420.0118	-590.2635	170.2517	0.7463485	2.654832
7938	-427.8808	-596.1198	168.239	0.588824	3.936916
7944	-450.7782	-619.1287	168.3505	0.5601431	3.889479
7950	-433.5967	-602.8569	169.2602	0.7624057	3.242529
7956	-433.8639	-601.8351	167.9712	0.4977862	4.141691
7962	-433.8409	-602.7593	168.9183	0.4977862	3.597744
7968	-426.9908	-596.1763	169.1855	0.7169323	3.313432
7974	-428.6174	-598.4595	169.8421	0.7035859	2.930333
7980	-435.2348	-604.7755	169.5407	0.9468719	2.96538
7986	-438.0085	-607.1078	169.0993	0.7742677	3.330389
7992	-424.13	-593.5662	169.4362	0.615265	3.225457
7998	-437.2219	-607.2149	169.993	0.9738649	2.674018
8004	-432.8761	-601.5089	168.6328	0.9143932	3.52151
8010	-427.9401	-597.4751	169.535	0.9016788	2.995932
8016	-416.9969	-586.4573	169.4604	0.9763043	2.995932
8022	-422.3927	-592.1657	169.773	0.9354377	2.831897
8028	-419.4365	-588.8609	169.4243	0.9318422	3.044163
8034	-428.5407	-598.7783	170.2376	0.8746146	2.584238
8040	-422.3825	-591.3849	169.0024	0.6081373	3.484528
8046	-418.0399	-587.372	169.332	0.7835377	3.187467
8052	-429.8449	-599.9789	170.134	0.9597109	2.595731
8058	-434.7744	-604.837	170.0626	0.8670224	2.696908
8064	-425.0082	-594.7804	169.7722	0.8266955	2.898227
8070	-443.6522	-613.8673	170.215	0.769007	2.663425
8076	-444.9071	-615.3737	170.4666	0.8055114	2.484654
8082	-440.1531	-609.7206	169.5675	1.274404	2.750621
8088	-433.8022	-603.5819	169.7797	1.062157	2.750621
8094	-428.3335	-598.3739	170.0404	0.8578659	2.716104
8100	-422.1785	-591.4068	169.2283	0.7607012	3.262342
8106	-428.3412	-596.291	167.9498	0.7703018	3.998554
8112	-440.0159	-609.0507	169.0348	0.6423495	3.445601
8118	-435.9344	-605.3799	169.4455	0.7600161	3.134048
8124	-420.7238	-590.5692	169.8454	0.8199043	2.858047
8130	-438.4155	-607.8092	169.3937	0.8287185	3.123976
8136	-431.3145	-600.7083	169.3937	0.8287185	3.123976
8142	-443.2943	-612.3514	169.0571	0.9354066	3.260322
8148	-434.6443	-603.5094	168.8651	0.9723647	3.351639
8154	-437.8844	-606.7937	168.9093	0.8787431	3.380655
8160	-427.3069	-596.6741	169.3672	1.171742	2.934453
8166	-434.6977	-604.511	169.8133	0.9575274	2.79393
8172	-437.3102	-607.1616	169.8514	1.029248	2.726917
8178	-446.8799	-615.8431	168.9632	0.8620379	3.358819
8184	-442.3153	-611.5467	169.2314	0.8620379	3.200611
8190	-421.0162	-590.3932	169.3769	0.900367	3.091276
8196	-427.7519	-595.7987	168.0468	0.7128148	3.975991
8202	-416.7678	-586.0771	169.3093	0.8559733	3.15797
8208	-420.4852	-589.4254	168.9402	0.8633531	3.371534
8214	-425.9234	-594.9878	169.0643	0.7751156	3.350462
8220	-418.3471	-587.7351	169.388	0.7751156	3.159259
8226	-422.4517	-592.0624	169.6106	0.8797786	2.963639
8232	-436.4986	-606.1023	169.6038	0.8322683	2.99631
8238	-440.1978	-610.0495	169.8517	0.7587204	2.891304
8244	-441.31	-611.0352	169.7252	1.14004	2.736314
8250	-442.2477	-612.4726	170.2249	0.7180417	2.688693
8256	-447.6758	-616.6541	168.9783	0.6252758	3.488604
8262	-430.7943	-599.4863	168.6921	0.9115181	3.488604
8268	-422.5139	-591.6089	169.095	0.8258448	3.302544
8274	-423.3662	-592.7813	169.415	0.8099614	3.122449
8280	-428.1576	-597.4118	169.2542	0.8565085	3.190364
8286	-434.4394	-604.1224	169.683	1.168871	2.7445
8292	-457.3239	-627.6842	170.3603	1.236203	2.279315
8298	-436.6202	-606.6563	170.0361	0.964172	2.653428
8304	-421.1616	-590.8354	169.6738	0.9173381	2.902944
8310	-424.8595	-594.2675	169.408	1.024639	2.998348
8316	-424.503	-594.6561	170.1531	0.9694505	2.577868
8322	-423.5167	-593.6697	170.1531	0.9694505	2.577868
8328	-419.4003	-588.1893	168.789	0.8022333	3.495802
8334	-430.1424	-600.0343	169.892	0.9120606	2.773708
8340	-424.238	-594.1615	169.9236	0.8804912	2.773708
8346	-426.5927	-596.6059	170.0133	0.8328122	2.748048
8352	-413.3578	-583.207	169.8492	1.060986	2.708812
8358	-418.6379	-589.4504	170.8125	1.025471	2.123112
8364	-428.82	-599.069	170.249	1.067716	2.45671
8370	-440.9535	-611.2261	170.2726	1.419486	2.217886
8376	-430.8357	-601.2072	170.3715	1.320615	2.217886
8382	-440.515	-609.7326	169.2176	0.8265061	3.229823
8388	-428.8701	-599.0966	170.2265	0.8265061	2.620872
8394	-433.9968	-603.7195	169.7227	0.6599227	3.028345
8400	-436.5583	-605.1243	168.5661	0.8836021	3.578248
8406	-427.1322	-596.4432	169.3109	0.7028465	3.247725
8412	-423.4225	-592.7827	169.3602	0.8807923	3.112927
8418	-428.8855	-598.3942	169.5087	0.6269373	3.175589
8424	-429.9649	-599.9339	169.9691	1.209672	2.542923
8430	-421.6927	-591.4713	169.7786	0.9275565	2.83329
8436	-430.0875	-599.2604	169.1729	0.6868713	3.338511
8442	-433.5955	-603.1617	169.5662	0.8094868	3.03249
8448	-432.7807	-601.8517	169.0711	0.8112864	3.325238
8454	-431.2539	-600.4912	169.2373	0.8551317	3.201191
8460	-431.9648	-601.2617	169.2969	1.022269	3.06628
8466	-435.1321	-603.9712	168.8391	0.5458568	3.615839
8472	-421.9985	-590.821	168.8225	0.7813831	3.488437
8478	-424.0378	-593.6888	169.651	0.6723415	3.0638
8484	-423.1782	-592.7511	169.5729	0.716812	3.083854
8490	-417.7638	-587.3549	169.5911	0.9396021	2.939374
8496	-412.8456	-582.4704	169.6248	0.9058883	2.939374
8502	-418.4847	-588.3662	169.8815	0.9406026	2.762695
8508	-426.8672	-595.7093	168.8421	0.826538	3.450589
8514	-437.8102	-607.7704	169.9602	0.8356034	2.778741
8520	-437.1729	-606.7899	169.6171	0.6500302	3.097372
8526	-444.4636	-613.5535	169.09	0.7091422	3.37416
8532	-429.9257	-599.3581	169.4324	0.7197662	3.165727
8538	-435.3735	-605.1251	169.7515	1.243477	2.656673
8544	-431.5095	-601.1394	169.6299	1.167408	2.777827
8550	-425.9423	-595.6546	169.7123	0.7028902	3.008793
8556	-422.0782	-592.1397	170.0615	0.9126121	2.669536
8562	-430.9001	-599.8568	168.9567	0.7969996	3.400802
8568	-430.201	-599.7842	169.5832	0.9625483	2.930303
8574	-432.6269	-602.5211	169.8942	0.7756098	2.855302
8580	-427.1119	-596.2164	169.1044	1.066885	3.154371
8586	-426.485	-595.7386	169.2536	1.031091	3.08686
8592	-410.1542	-579.6748	169.5205	1.030093	2.927377
8598	-418.8461	-588.9922	170.1461	0.8543564	2.653297
8604	-449.5209	-619.6743	170.1534	0.7046994	2.740668
8610	-434.214	-603.8058	169.5918	0.8063741	3.018991
8616	-435.2591	-605.3494	170.0903	0.7120178	2.774761
8622	-441.7087	-611.0635	169.3548	0.8019906	3.163013
8628	-438.4974	-607.9941	169.4967	0.8613665	3.043038
8634	-427.0242	-596.8137	169.7894	0.9838016	2.792497
8640	-432.7163	-602.4497	169.7334	0.8535654	2.905446
8646	-426.2542	-594.767	168.5129	0.6502344	3.744203
8652	-435.3633	-604.8687	169.5054	0.535395	3.231762
8658	-445.3529	-614.111	168.7581	0.8300823	3.497608
8664	-443.7432	-611.4033	167.6601	0.7248736	4.189449
8670	-427.3319	-596.7682	169.4363	0.7669134	3.135402
8676	-440.216	-608.4799	168.2639	0.7196249	3.847603
8682	-431.4771	-599.3516	167.8744	0.6167987	4.129057
8688	-440.6445	-610.2931	169.6486	0.6960078	3.051082
8694	-430.1357	-598.9884	168.8527	0.7716511	3.476492
8700	-450.7889	-619.1975	168.4085	0.7845812	3.726869
8706	-447.0537	-616.2996	169.2459	0.8717209	3.186248
8712	-437.4817	-606.3781	168.8964	0.6321692	3.532318
8718	-430.4623	-600.6636	170.2013	0.9396323	2.566415
8724	-430.393	-600.6042	170.2111	1.024815	2.507263
8730	-425.3839	-595.4923	170.1084	0.7020404	2.769811
8736	-440.5931	-610.7992	170.2061	0.9385286	2.564118
8742	-432.8291	-602.5007	169.6715	1.071352	2.810955
8748	-426.1789	-595.9282	169.7493	0.8592681	2.892374
8754	-428.7543	-597.838	169.0838	0.9273132	3.249323
8760	-426.8918	-596.1327	169.2409	0.9147058	3.1637
8766	-417.4947	-587.5008	170.0061	0.8838701	2.721218
8772	-415.3815	-585.3066	169.9251	0.9648071	2.721218
8778	-425.3482	-595.7289	170.3808	1.189092	2.296379
8784	-428.3366	-598.2962	169.9596	1.165293	2.576412
8790	-427.0127	-596.7094	169.6967	0.8434936	2.933693
8796	-430.9242	-600.206	169.2818	1.226621	2.952787
