Iteration	Posterior	Likelihood	Prior	tree_length
0	-1802.701	-1966.689	163.9877	6.616596
6	-1804.536	-1968.764	164.2282	6.486403
12	-1814.746	-1978.038	163.2922	6.991925
18	-1816.518	-1980.303	163.785	6.726143
24	-1822.846	-1987.229	164.3828	6.402595
30	-1822.008	-1986.807	164.7986	6.176732
36	-1811.042	-1975.407	164.3644	6.412573
42	-1823.234	-1987.314	164.0797	6.566806
48	-1804.658	-1969.159	164.5006	6.338665
54	-1806.72	-1970.308	163.5885	6.832219
60	-1812.375	-1975.769	163.3939	6.937138
66	-1815.065	-1979.362	164.297	6.449104
72	-1816.437	-1981.109	164.6718	6.24568
78	-1809.146	-1974.486	165.3399	5.88162
84	-1806.78	-1970.731	163.9505	6.636702
90	-1806.304	-1970.487	164.1822	6.511291
96	-1803.047	-1967.23	164.1822	6.511291
102	-1805.151	-1969.252	164.101	6.555261
108	-1808.036	-1971.393	163.3568	6.957122
114	-1813.676	-1978.327	164.6509	6.257064
120	-1817.339	-1981.734	164.3951	6.395899
126	-1805.594	-1968.496	162.9018	7.201931
132	-1810.556	-1973.91	163.3543	6.958479
138	-1808.44	-1971.922	163.482	6.889645
144	-1812.197	-1976.268	164.0718	6.571073
150	-1813.164	-1976.485	163.3212	6.97631
156	-1812.815	-1976.071	163.2563	7.011268
162	-1812.139	-1975.587	163.4482	6.907859
168	-1798.3	-1962.301	164.0007	6.609569
174	-1794.169	-1957.912	163.7429	6.748871
180	-1803.596	-1967.13	163.5347	6.861251
186	-1805.192	-1970.389	165.1968	5.95976
192	-1802.096	-1967.317	165.2207	5.946691
198	-1790.931	-1955.256	164.3253	6.433752
204	-1792.992	-1956.681	163.6895	6.777703
210	-1806.761	-1969.958	163.1973	7.04303
216	-1797.865	-1960.95	163.085	7.103452
222	-1806.879	-1969.964	163.085	7.103452
228	-1803.753	-1966.86	163.1071	7.091555
234	-1807.106	-1971.422	164.3161	6.438774
240	-1807.883	-1972.199	164.3161	6.438774
246	-1811.426	-1974.97	163.5439	6.856254
252	-1794.482	-1959.298	164.8159	6.167347
258	-1805.329	-1969.156	163.8269	6.70353
264	-1800.757	-1964.017	163.2595	7.009538
270	-1802.1	-1966.578	164.4783	6.350787
276	-1809.233	-1972.954	163.7206	6.760914
282	-1801.34	-1965.627	164.2871	6.454499
288	-1806.044	-1970.453	164.4087	6.388547
294	-1806.177	-1970.589	164.4122	6.386668
300	-1796.691	-1961.103	164.4122	6.386668
306	-1803.592	-1968.445	164.8525	6.147422
312	-1810.897	-1975.234	164.3372	6.427319
318	-1826.362	-1989.849	163.4865	6.887233
324	-1815.302	-1979.7	164.398	6.394356
330	-1812.544	-1977.034	164.4901	6.344373
336	-1804.656	-1969.194	164.5378	6.318483
342	-1804.088	-1968.22	164.1311	6.538985
348	-1805.111	-1968.904	163.793	6.721844
354	-1801.005	-1965.297	164.2924	6.451621
360	-1814.582	-1977.206	162.6241	7.351037
366	-1804.082	-1968.066	163.9849	6.618111
372	-1795.962	-1959.82	163.8575	6.686957
378	-1795.87	-1959.727	163.8575	6.686957
384	-1802.785	-1966.97	164.1849	6.509845
390	-1797.062	-1960.721	163.6587	6.794327
396	-1809.16	-1973.614	164.4537	6.364134
402	-1807.475	-1970.907	163.4318	6.9167
408	-1806.07	-1970.417	164.3464	6.422341
414	-1814.576	-1978.267	163.6907	6.777078
420	-1820.892	-1984.696	163.8037	6.716017
426	-1820.018	-1983.62	163.6019	6.824982
432	-1824.031	-1987.665	163.6333	6.808044
438	-1814.016	-1978.123	164.1071	6.551987
444	-1815.922	-1980.034	164.1123	6.54917
450	-1815.02	-1979.277	164.2571	6.470745
456	-1800.044	-1963.681	163.6369	6.806124
462	-1802.217	-1965.011	162.7941	7.259792
468	-1806.134	-1971.053	164.9192	6.111087
474	-1803.686	-1967.889	164.2032	6.49995
480	-1808.735	-1973.566	164.8311	6.159027
486	-1811.107	-1976.232	165.1249	5.998972
492	-1806.923	-1971.684	164.7612	6.197083
498	-1808.388	-1973.149	164.7612	6.197083
504	-1804.691	-1968.217	163.526	6.86594
510	-1813.589	-1978.458	164.8694	6.138214
516	-1807.625	-1971.717	164.0926	6.559804
522	-1800.547	-1964.662	164.1153	6.547536
528	-1807.77	-1972.978	165.2076	5.95386
534	-1807.736	-1970.964	163.2272	7.026925
540	-1798.954	-1963.307	164.3527	6.418936
546	-1805.743	-1969.873	164.1301	6.539523
552	-1807.681	-1972.309	164.6286	6.26919
558	-1807.169	-1972.352	165.1833	5.967129
564	-1807.14	-1970.919	163.7797	6.729029
570	-1808.508	-1972.62	164.1122	6.549236
576	-1812.018	-1976.767	164.7497	6.203326
582	-1813.022	-1977.33	164.3085	6.442867
588	-1800.868	-1964.301	163.4333	6.915879
594	-1809.762	-1973.195	163.4333	6.915879
600	-1813.214	-1976.946	163.7321	6.754731
606	-1805.899	-1971.042	165.1428	5.989231
612	-1807.978	-1972.135	164.1569	6.525037
618	-1806.051	-1970.179	164.1285	6.540413
624	-1799.126	-1962.941	163.815	6.709951
630	-1793.57	-1957.522	163.9523	6.635709
636	-1790.938	-1954.187	163.2498	7.014746
642	-1802.808	-1966.108	163.3001	6.987639
648	-1809.622	-1973.966	164.3444	6.423391
654	-1794.904	-1958.649	163.7452	6.747621
660	-1819.45	-1984.619	165.1692	5.974835
666	-1822.942	-1985.512	162.5699	7.380059
672	-1813.107	-1976.199	163.0922	7.099549
678	-1802.565	-1967.034	164.4686	6.356028
684	-1809.054	-1972.354	163.2999	6.987757
690	-1815.785	-1981.363	165.5775	5.751619
696	-1810.08	-1974.354	164.2734	6.461895
702	-1803.764	-1967.549	163.7852	6.726054
708	-1805.098	-1969.55	164.4511	6.365558
714	-1799.762	-1963.427	163.6647	6.791084
720	-1799.391	-1963.998	164.6073	6.28072
726	-1801.021	-1965.649	164.6279	6.269568
732	-1824.877	-1988.407	163.5302	6.863663
738	-1807.268	-1971.588	164.3197	6.43679
744	-1813.406	-1976.792	163.3856	6.941622
750	-1815.225	-1978.36	163.1346	7.07675
756	-1819.648	-1983.552	163.9034	6.662175
762	-1814.153	-1978.012	163.8593	6.686002
768	-1817.701	-1981.69	163.9884	6.616221
774	-1804.25	-1968.081	163.8303	6.701643
780	-1810.847	-1975.236	164.3893	6.399064
786	-1814.847	-1978.809	163.9622	6.630352
792	-1809.174	-1973.451	164.2772	6.459844
798	-1805.783	-1970.334	164.5518	6.310873
804	-1808.634	-1972.496	163.8624	6.684326
810	-1805.814	-1970.203	164.3887	6.39939
816	-1819.174	-1983.563	164.3887	6.39939
822	-1810.049	-1974.274	164.2245	6.4884
828	-1808.217	-1973.339	165.1223	6.000426
834	-1807.132	-1972.077	164.9449	6.097109
840	-1810.127	-1973.995	163.8679	6.681378
846	-1809.293	-1972.82	163.5272	6.865273
852	-1806.788	-1971.775	164.9872	6.074048
858	-1812.429	-1977.417	164.9872	6.074048
864	-1806.854	-1971.622	164.7681	6.193311
870	-1806.589	-1970.144	163.5551	6.850216
876	-1808.049	-1971.604	163.5551	6.850216
882	-1803.225	-1966.99	163.7647	6.737123
888	-1815.388	-1979.316	163.9276	6.649088
894	-1800.958	-1964.296	163.3389	6.966744
900	-1806.963	-1971.291	164.3277	6.432446
906	-1798.242	-1962.57	164.3277	6.432446
912	-1800.432	-1964.598	164.1652	6.520522
918	-1801.144	-1965.237	164.0932	6.559473
924	-1798.513	-1962.978	164.4646	6.358204
930	-1814.231	-1978.363	164.1321	6.538463
936	-1805.089	-1969.221	164.1321	6.538463
942	-1812.046	-1975.875	163.8286	6.702603
948	-1799.997	-1963.926	163.9288	6.648416
954	-1814.569	-1977.559	162.99	7.154517
960	-1801.842	-1966.328	164.4869	6.346123
966	-1805.32	-1969.354	164.0338	6.591662
972	-1796.954	-1960.854	163.8998	6.664103
978	-1802.183	-1966.006	163.8234	6.705376
984	-1797.759	-1961.576	163.8166	6.709058
990	-1799.743	-1964.986	165.2434	5.934295
996	-1807.395	-1971.256	163.8617	6.684703
1002	-1791.636	-1955.51	163.8745	6.677797
1008	-1804.192	-1968.647	164.4551	6.363366
1014	-1812.429	-1976.744	164.3149	6.439388
1020	-1810.441	-1974.552	164.1106	6.550063
1026	-1812.755	-1977.046	164.2904	6.45269
1032	-1806.796	-1971.012	164.2154	6.493325
1038	-1809.377	-1972.323	162.9457	7.178298
1044	-1814.321	-1978.066	163.7443	6.748134
1050	-1813.972	-1978.01	164.0379	6.589426
1056	-1811.315	-1975.424	164.1088	6.55106
1062	-1816.084	-1980.017	163.9332	6.646029
1068	-1819.828	-1984.716	164.8871	6.128549
1074	-1810.792	-1974.978	164.1859	6.50931
1080	-1820.211	-1984.143	163.9327	6.646304
1086	-1822.668	-1986.989	164.3215	6.435813
1092	-1817.634	-1980.822	163.188	7.047994
1098	-1809.913	-1973.101	163.188	7.047994
1104	-1814.491	-1978.35	163.8593	6.685996
1110	-1804.926	-1969.335	164.4092	6.388262
1116	-1811.287	-1975.062	163.7752	6.731445
1122	-1807.355	-1972.175	164.8194	6.165439
1128	-1811.977	-1976.314	164.3372	6.42734
1134	-1811.452	-1974.42	162.9679	7.166379
1140	-1811.554	-1975.394	163.8399	6.696462
1146	-1814.263	-1978.097	163.8337	6.699806
1152	-1808.386	-1973.33	164.9438	6.097717
1158	-1821.295	-1986.091	164.7959	6.178206
1164	-1822.626	-1986.297	163.6705	6.787944
1170	-1797.149	-1961.502	164.3532	6.418655
1176	-1813.668	-1977.11	163.4423	6.911027
1182	-1804.486	-1968.459	163.9739	6.624018
1188	-1807.131	-1970.997	163.8667	6.681997
1194	-1799.238	-1964.148	164.9095	6.116382
1200	-1810.949	-1975.036	164.0863	6.56325
1206	-1818.962	-1983.34	164.3778	6.405284
1212	-1808.081	-1970.94	162.8591	7.22486
1218	-1798.565	-1962.122	163.5571	6.849132
1224	-1801.225	-1965.736	164.5116	6.332697
1230	-1815.613	-1979.079	163.4657	6.89842
1236	-1813.27	-1977.442	164.1719	6.516895
1242	-1826.355	-1990.488	164.1332	6.537855
1248	-1815.015	-1978.426	163.4107	6.928088
1254	-1808.163	-1972.082	163.9187	6.653876
1260	-1808.343	-1971.96	163.6168	6.816936
1266	-1811.148	-1976.272	165.1245	5.99921
1272	-1808.401	-1972.828	164.4278	6.378178
1278	-1819.673	-1983.131	163.4588	6.902176
1284	-1803.338	-1967.191	163.8531	6.689326
1290	-1812.948	-1975.85	162.9017	7.201975
1296	-1811.671	-1975.408	163.7372	6.751952
1302	-1821.046	-1985.204	164.1584	6.524219
1308	-1813.706	-1977.756	164.0495	6.583149
1314	-1807.32	-1971.563	164.2431	6.478343
1320	-1813.584	-1975.859	162.2748	7.538259
1326	-1796.744	-1961.706	164.9614	6.088135
1332	-1788.977	-1953.313	164.3359	6.428008
1338	-1804.234	-1968.601	164.3667	6.41133
1344	-1803.523	-1967.55	164.0275	6.595041
1350	-1808.626	-1972.177	163.5505	6.852698
1356	-1817.205	-1981.973	164.7686	6.193053
1362	-1801.393	-1965.794	164.4016	6.392404
1368	-1797.211	-1960.965	163.754	6.742878
1374	-1799.18	-1963.425	164.2453	6.477153
1380	-1803.324	-1968.273	164.9494	6.094653
1386	-1800.427	-1964.211	163.7843	6.726535
1392	-1807.795	-1972.918	165.1235	5.999746
1398	-1797.258	-1961.259	164.0006	6.609621
1404	-1803.838	-1966.61	162.7714	7.271947
1410	-1805.306	-1968.907	163.6013	6.825285
1416	-1803.791	-1968.139	164.3485	6.421213
1422	-1820.012	-1984.15	164.1373	6.535616
1428	-1808.359	-1972.675	164.3159	6.438864
1434	-1803.676	-1967.723	164.0467	6.584664
1440	-1807.473	-1971.163	163.6897	6.777609
1446	-1805.518	-1969.996	164.478	6.350943
1452	-1815.867	-1980.361	164.4942	6.342153
1458	-1807.925	-1971.83	163.9048	6.661415
1464	-1801.877	-1966.164	164.2866	6.454767
1470	-1817.057	-1981.771	164.7142	6.222652
1476	-1810.865	-1975.647	164.7818	6.185865
1482	-1817.104	-1981.506	164.4013	6.392561
1488	-1801.21	-1966.064	164.8544	6.146348
1494	-1797.884	-1961.42	163.5355	6.860811
1500	-1802.726	-1966.299	163.5726	6.840778
1506	-1800.035	-1963.729	163.6937	6.775418
1512	-1799.87	-1965.006	165.1358	5.993041
1518	-1804.676	-1968.69	164.0136	6.602574
1524	-1801.107	-1966.211	165.1044	6.010181
1530	-1808.574	-1973.081	164.5065	6.335449
1536	-1807.011	-1971.904	164.8933	6.125215
1542	-1816.177	-1981.63	165.4537	5.819379
1548	-1813.293	-1977.706	164.4136	6.385893
1554	-1798.111	-1961.889	163.7782	6.729839
1560	-1812.546	-1975.888	163.3426	6.964758
1566	-1816.97	-1981.297	164.3268	6.432937
1572	-1805.656	-1968.974	163.3185	6.977779
1578	-1798.334	-1961.857	163.5232	6.867454
1584	-1802.532	-1967.012	164.4791	6.350326
1590	-1793.861	-1957.689	163.8274	6.703224
1596	-1801.047	-1966.39	165.3436	5.879558
1602	-1804.749	-1968.369	163.6198	6.815306
1608	-1804.674	-1969.522	164.848	6.149875
1614	-1809.433	-1974.351	164.918	6.111759
1620	-1811.181	-1975.362	164.1807	6.512105
1626	-1802.752	-1966.564	163.8117	6.711699
1632	-1820.119	-1983.875	163.7558	6.741891
1638	-1810.639	-1975.134	164.4956	6.341403
1644	-1813.872	-1977.163	163.2915	6.992285
1650	-1805.981	-1970.782	164.8011	6.17536
1656	-1806.481	-1971.741	165.26	5.925272
1662	-1798.186	-1962.699	164.5127	6.332091
1668	-1801.743	-1966.477	164.7342	6.211785
1674	-1813.648	-1977.819	164.171	6.517379
1680	-1819.223	-1982.804	163.5805	6.836521
1686	-1808.966	-1972.88	163.9131	6.656918
1692	-1806.386	-1969.844	163.4583	6.902451
1698	-1802.811	-1966.796	163.985	6.618044
1704	-1809.2	-1972.446	163.2458	7.016882
1710	-1807.853	-1972.73	164.877	6.134058
1716	-1807.829	-1971.462	163.6332	6.808112
1722	-1797.551	-1961.435	163.884	6.672675
1728	-1817.869	-1982.202	164.3329	6.429632
1734	-1822.972	-1986.125	163.1531	7.066774
1740	-1816.417	-1980.81	164.3933	6.396911
1746	-1803.533	-1966.989	163.4563	6.903502
1752	-1811.039	-1974.806	163.7677	6.73546
1758	-1813.768	-1977.919	164.1518	6.527778
1764	-1824.368	-1987.932	163.5641	6.845386
1770	-1804.182	-1968.162	163.9801	6.620688
1776	-1802.883	-1966.386	163.5028	6.878445
1782	-1802.236	-1965.501	163.2646	7.006788
1788	-1801.802	-1965.644	163.8414	6.69565
1794	-1800.885	-1964.505	163.6202	6.815122
1800	-1801.113	-1964.565	163.4518	6.905909
1806	-1805.444	-1969.017	163.5729	6.840628
1812	-1812.184	-1975.611	163.427	6.919276
1818	-1813.044	-1976.796	163.7519	6.744023
1824	-1804.169	-1968.458	164.2889	6.453486
1830	-1809.943	-1974.516	164.5727	6.299522
1836	-1813.219	-1976.302	163.0829	7.104575
1842	-1814.197	-1979.675	165.478	5.806105
1848	-1810.307	-1974.601	164.2934	6.451068
1854	-1807.276	-1971.379	164.1031	6.554125
1860	-1806.409	-1971.246	164.8371	6.155764
1866	-1802.42	-1966.465	164.0459	6.585101
1872	-1800.58	-1964.176	163.5958	6.828263
1878	-1805.196	-1970.189	164.9923	6.071264
1884	-1805.038	-1969.604	164.5654	6.303491
1890	-1817.261	-1980.99	163.7287	6.756524
1896	-1800.674	-1964.104	163.4301	6.917617
1902	-1799.141	-1962.501	163.3599	6.955455
1908	-1803.696	-1967.84	164.1437	6.53214
1914	-1798.745	-1962.171	163.4258	6.919932
1920	-1794.723	-1958.528	163.8055	6.715074
1926	-1798.206	-1962.238	164.0318	6.592704
1932	-1803	-1967.72	164.7199	6.219552
1938	-1813.529	-1979.333	165.8043	5.627296
1944	-1803.816	-1969.339	165.5228	5.781605
1950	-1804.858	-1969.575	164.7169	6.221144
1956	-1809.399	-1974.116	164.7169	6.221144
1962	-1800.337	-1965.293	164.9558	6.091177
1968	-1797.785	-1961.558	163.7725	6.732877
1974	-1790.574	-1955.031	164.4577	6.361977
1980	-1799.004	-1963.025	164.0206	6.598794
1986	-1804.501	-1967.959	163.4575	6.90285
1992	-1811.211	-1975.237	164.0259	6.595933
1998	-1811.106	-1974.736	163.6297	6.81001
2004	-1806.609	-1971.329	164.7206	6.219181
2010	-1802.051	-1966.214	164.1626	6.521901
2016	-1808.826	-1973.111	164.2859	6.455152
2022	-1821.954	-1985.138	163.1835	7.050413
2028	-1807.273	-1970.948	163.6747	6.78572
2034	-1807.579	-1971.43	163.8507	6.690622
2040	-1808.445	-1972.401	163.9561	6.633656
2046	-1814.857	-1978.813	163.9561	6.633656
2052	-1815.026	-1978.682	163.6559	6.79585
2058	-1818.955	-1982.037	163.0824	7.104835
2064	-1815.387	-1979.418	164.0301	6.593622
2070	-1807.954	-1970.952	162.9979	7.150272
2076	-1816.175	-1980.096	163.9211	6.652609
2082	-1810.012	-1974.472	164.4601	6.36067
2088	-1811.458	-1975.206	163.7485	6.745869
2094	-1806.158	-1969.821	163.6625	6.792275
2100	-1807.799	-1971.485	163.6857	6.779783
2106	-1813.623	-1977.309	163.6857	6.779783
2112	-1803.444	-1966.949	163.5052	6.877119
2118	-1805.241	-1969.061	163.8202	6.707112
2124	-1809.019	-1972.961	163.9421	6.641224
2130	-1803.505	-1966.335	162.8307	7.240131
2136	-1809.332	-1972.855	163.523	6.867521
2142	-1804.328	-1969.626	165.2978	5.904626
2148	-1799.72	-1964.073	164.3524	6.419095
2154	-1810.06	-1974.412	164.3524	6.419095
2160	-1805.322	-1969.594	164.2715	6.462931
2166	-1800.865	-1965.724	164.8587	6.144059
2172	-1801.033	-1964.64	163.6068	6.822356
2178	-1800.764	-1964.689	163.9243	6.650853
2184	-1805.307	-1970.554	165.2466	5.93255
2190	-1805.677	-1969.815	164.1379	6.535316
2196	-1797.846	-1961.746	163.9003	6.66382
2202	-1799.986	-1964.99	165.0036	6.06513
2208	-1806.103	-1970.243	164.1397	6.534303
2214	-1796.272	-1959.948	163.6758	6.785115
2220	-1803.099	-1966.774	163.6758	6.785115
2226	-1802.058	-1966.229	164.1706	6.517567
2232	-1803.451	-1966.874	163.4237	6.921051
2238	-1798.725	-1962.924	164.1995	6.501968
2244	-1803.71	-1967.187	163.4768	6.892459
2250	-1801.43	-1965.777	164.347	6.422006
2256	-1797.266	-1961.646	164.3802	6.404023
2262	-1810.628	-1974.564	163.9366	6.644209
2268	-1817.813	-1981.068	163.255	7.011952
2274	-1815.775	-1980.349	164.5736	6.299028
2280	-1806.616	-1970.687	164.0715	6.571239
2286	-1807.466	-1971.102	163.6358	6.806713
2292	-1811.126	-1974.621	163.4953	6.882475
2298	-1807.354	-1971.788	164.4339	6.374866
2304	-1807.587	-1971.886	164.299	6.448055
2310	-1800.802	-1965.101	164.299	6.448055
2316	-1809.882	-1973.394	163.5121	6.873422
2322	-1815.154	-1977.888	162.7336	7.292246
2328	-1822.596	-1986.204	163.6084	6.821494
2334	-1814.768	-1978.909	164.1408	6.533752
2340	-1811.739	-1975.904	164.1654	6.520409
2346	-1803.238	-1966.892	163.6533	6.797269
2352	-1807.555	-1972.257	164.7018	6.229357
2358	-1813.493	-1978.195	164.7018	6.229357
2364	-1811.581	-1975.257	163.6763	6.784845
2370	-1811.877	-1976.144	164.2669	6.465431
2376	-1812.439	-1975.714	163.2755	7.0009
2382	-1816.007	-1979.676	163.6686	6.789017
2388	-1823.325	-1987.629	164.3046	6.445
2394	-1812.99	-1977.384	164.3936	6.396724
2400	-1814.32	-1978.531	164.211	6.4957
2406	-1808.614	-1973.821	165.2065	5.954466
2412	-1807.623	-1972.783	165.1602	5.979721
2418	-1798.743	-1963.193	164.4502	6.366037
2424	-1819.509	-1983.96	164.4502	6.366037
2430	-1799.271	-1963.292	164.0212	6.598465
2436	-1796.881	-1961.21	164.3284	6.432088
2442	-1802.783	-1966.725	163.9424	6.641093
2448	-1806.418	-1970.197	163.7791	6.729312
2454	-1812.967	-1976.843	163.8761	6.676906
2460	-1799.8	-1963.916	164.1165	6.546864
2466	-1808.036	-1972.153	164.1165	6.546864
2472	-1810.444	-1975.481	165.0375	6.046625
2478	-1815.529	-1979.137	163.6082	6.821585
2484	-1796.534	-1961.223	164.6892	6.236247
2490	-1807.379	-1971.695	164.3166	6.438492
2496	-1805.106	-1969.722	164.6166	6.275664
2502	-1804.289	-1969.038	164.7488	6.203828
2508	-1803.414	-1967.439	164.0251	6.596359
2514	-1800.276	-1964.74	164.4632	6.358974
2520	-1804.278	-1967.726	163.4485	6.907712
2526	-1801.651	-1964.762	163.1113	7.089292
2532	-1797.873	-1961.39	163.5178	6.870349
2538	-1804.667	-1968.977	164.3108	6.441634
2544	-1812.61	-1976.866	164.2562	6.471217
2550	-1816.341	-1980.407	164.0659	6.574276
2556	-1813.24	-1977.003	163.763	6.738037
2562	-1803.649	-1967.926	164.2769	6.460002
2568	-1806.686	-1971.126	164.4409	6.371071
2574	-1807.94	-1972.436	164.4953	6.341555
2580	-1807.111	-1970.48	163.3684	6.950861
2586	-1803.644	-1967.752	164.1084	6.551285
2592	-1812.433	-1976.373	163.9395	6.642621
2598	-1811.16	-1974.957	163.7969	6.719688
2604	-1805.838	-1969.244	163.406	6.930592
2610	-1790.486	-1954.31	163.8241	6.705041
2616	-1791.776	-1956.284	164.5074	6.334978
2622	-1784.879	-1949.393	164.5139	6.331453
2628	-1783.285	-1947.799	164.5139	6.331453
2634	-1797.743	-1963.291	165.5476	5.768027
2640	-1808.554	-1972.47	163.9155	6.655598
2646	-1800.699	-1964.615	163.9155	6.655598
2652	-1802.197	-1966.129	163.9314	6.647035
2658	-1799.981	-1964.103	164.1218	6.544035
2664	-1804.535	-1968.23	163.6954	6.774519
2670	-1803.028	-1967.015	163.9877	6.616579
2676	-1801.57	-1965.839	164.2694	6.464088
2682	-1803.817	-1968.123	164.3064	6.443992
2688	-1797.308	-1961.758	164.4499	6.36618
2694	-1819.384	-1984.646	165.2624	5.923922
2700	-1807.578	-1972.436	164.8587	6.144021
2706	-1800.38	-1965.936	165.5561	5.763337
2712	-1821.597	-1983.993	162.3958	7.473416
2718	-1818.796	-1981.557	162.7608	7.277642
2724	-1820.79	-1983.551	162.7608	7.277642
2730	-1818.581	-1982.646	164.0647	6.574913
2736	-1811.368	-1975.519	164.1511	6.528163
2742	-1811.564	-1976.015	164.4515	6.365344
2748	-1813.229	-1975.899	162.6705	7.326096
2754	-1806.36	-1970.515	164.1548	6.526161
2760	-1794.396	-1958.669	164.2732	6.462015
2766	-1800.545	-1965	164.4549	6.363494
2772	-1797.02	-1960.962	163.9424	6.64109
2778	-1794.179	-1958.065	163.8862	6.671475
2784	-1809.17	-1973.512	164.3422	6.424635
2790	-1822.051	-1986.761	164.7098	6.225013
2796	-1804.238	-1967.337	163.0982	7.096316
2802	-1810.734	-1975.113	164.3789	6.404694
2808	-1796.696	-1961.083	164.3877	6.399938
2814	-1804.037	-1968.309	164.2726	6.462331
2820	-1807.327	-1971.24	163.9123	6.657332
2826	-1800.479	-1964.969	164.49	6.34445
2832	-1800.771	-1965.209	164.438	6.372669
2838	-1812.625	-1975.665	163.0406	7.12729
2844	-1812.413	-1977.235	164.8215	6.164262
2850	-1831.303	-1994.989	163.6867	6.779229
2856	-1823.181	-1986.868	163.6867	6.779229
2862	-1818.195	-1981.148	162.9535	7.174116
2868	-1811.068	-1975.855	164.7877	6.182654
2874	-1806.294	-1971.082	164.7877	6.182654
2880	-1801.956	-1967.279	165.3226	5.891058
2886	-1808.469	-1972.301	163.8328	6.700336
2892	-1804.662	-1968.227	163.5655	6.844621
2898	-1799.161	-1962.284	163.1236	7.082691
2904	-1804.15	-1968.673	164.5228	6.326649
2910	-1809.289	-1972.585	163.296	6.989867
2916	-1805.981	-1969.039	163.0578	7.118061
2922	-1806.09	-1970.062	163.9713	6.625441
2928	-1801.814	-1965.785	163.9713	6.625441
2934	-1807.794	-1972.439	164.6447	6.260429
2940	-1822.949	-1987.045	164.0959	6.558022
2946	-1824.23	-1988.198	163.9689	6.626758
2952	-1812.22	-1976.264	164.0435	6.586406
2958	-1798.506	-1962.644	164.1379	6.535323
2964	-1815.843	-1981.453	165.6104	5.733639
2970	-1815.701	-1979.721	164.0192	6.599535
2976	-1811.316	-1974.891	163.5755	6.839248
2982	-1797.874	-1961.566	163.6926	6.77606
2988	-1812.102	-1975.795	163.6926	6.77606
2994	-1816.156	-1980.748	164.592	6.289062
3000	-1808.696	-1971.849	163.1533	7.066699
3006	-1808.253	-1972.459	164.2057	6.498567
3012	-1821.5	-1984.652	163.1517	7.067534
3018	-1819.253	-1983.926	164.6728	6.245169
3024	-1819.791	-1983.18	163.3887	6.939926
3030	-1824.553	-1988.419	163.866	6.682363
3036	-1831.757	-1995.623	163.866	6.682363
3042	-1814.953	-1979.601	164.6476	6.258845
3048	-1811.73	-1975.297	163.567	6.843803
3054	-1811.018	-1973.84	162.8222	7.244662
3060	-1795.977	-1959.956	163.9785	6.62155
3066	-1803.881	-1967.282	163.4004	6.933646
3072	-1806.53	-1970.81	164.2806	6.458001
3078	-1814.01	-1977.992	163.9819	6.619721
3084	-1809.338	-1972.979	163.6403	6.804266
3090	-1804.72	-1969.089	164.3688	6.410174
3096	-1813.606	-1977.975	164.3688	6.410174
3102	-1808.395	-1972.427	164.0317	6.592805
3108	-1809.091	-1973.173	164.0819	6.565632
3114	-1802.004	-1965.527	163.5231	6.867476
3120	-1807.52	-1971.605	164.0844	6.564243
3126	-1814.93	-1979.654	164.7241	6.217253
3132	-1819.286	-1982.199	162.9133	7.195736
3138	-1816.159	-1980.215	164.0564	6.579426
3144	-1814.647	-1977.59	162.9432	7.179646
3150	-1824.227	-1987.414	163.187	7.04857
3156	-1809.981	-1973.324	163.3429	6.964614
3162	-1803.142	-1967.707	164.5656	6.303382
3168	-1799.991	-1964.539	164.5476	6.313167
3174	-1811.078	-1975.074	163.9962	6.611997
3180	-1807.491	-1971.185	163.6933	6.775646
3186	-1804.197	-1968.756	164.559	6.30695
3192	-1800.3	-1963.347	163.0469	7.123908
3198	-1793.929	-1959.005	165.0759	6.025725
3204	-1802.539	-1966.489	163.95	6.636981
3210	-1807.779	-1971.643	163.8647	6.683107
3216	-1813.522	-1977.678	164.1558	6.525593
3222	-1814.944	-1979.1	164.1558	6.525593
3228	-1805.72	-1969.876	164.1558	6.525593
3234	-1800.638	-1963.915	163.2777	6.999735
3240	-1793.379	-1957.217	163.8382	6.697403
3246	-1800.943	-1965.169	164.2259	6.487615
3252	-1808.097	-1972.227	164.1298	6.539688
3258	-1803.226	-1967.031	163.8048	6.715457
3264	-1805.535	-1970.513	164.9778	6.079175
3270	-1807.063	-1970.981	163.9176	6.6545
3276	-1805.905	-1969.714	163.8088	6.713286
3282	-1815.23	-1979.64	164.4102	6.387755
3288	-1808.536	-1972.946	164.4102	6.387755
3294	-1801.802	-1966.138	164.336	6.427959
3300	-1816.098	-1980.434	164.336	6.427959
3306	-1814.876	-1978.444	163.568	6.843261
3312	-1821.246	-1985.426	164.1803	6.512324
3318	-1822.806	-1987.412	164.606	6.281466
3324	-1818.327	-1983.598	165.2716	5.918941
3330	-1808.612	-1972.58	163.968	6.62725
3336	-1802.727	-1966.796	164.0691	6.572526
3342	-1801.491	-1965.56	164.0691	6.572526
3348	-1815.254	-1979.584	164.3308	6.430803
3354	-1826.46	-1991.566	165.1063	6.009155
3360	-1816.282	-1981.253	164.9708	6.083001
3366	-1811.314	-1975.407	164.0925	6.559857
3372	-1803.358	-1967.541	164.1834	6.510686
3378	-1809.874	-1973.84	163.9662	6.628213
3384	-1797.344	-1961.407	164.0635	6.575556
3390	-1805.931	-1969.531	163.5994	6.826317
3396	-1797.538	-1961.764	164.226	6.487598
3402	-1807.602	-1971.563	163.9613	6.630843
3408	-1803.791	-1968.057	164.2654	6.466257
3414	-1800.566	-1964.538	163.9718	6.625185
3420	-1805.795	-1970.559	164.7641	6.195529
3426	-1810.834	-1975.244	164.4092	6.388289
3432	-1818.596	-1983.54	164.9436	6.097795
3438	-1802.703	-1966.846	164.1422	6.532991
3444	-1805.638	-1969.686	164.048	6.583957
3450	-1803.687	-1967.484	163.7971	6.719608
3456	-1795.85	-1960.232	164.3816	6.403267
3462	-1805.329	-1969.711	164.3816	6.403267
3468	-1804.939	-1969.32	164.3816	6.403267
3474	-1803.329	-1967.448	164.1194	6.545327
3480	-1808.625	-1972.305	163.6797	6.783007
3486	-1803.391	-1967.187	163.7959	6.720261
3492	-1809.863	-1974.492	164.6282	6.269394
3498	-1802.493	-1967.84	165.347	5.877718
3504	-1799.175	-1962.493	163.318	6.978033
3510	-1813.169	-1977.353	164.1839	6.510364
3516	-1811.62	-1975.804	164.1839	6.510364
3522	-1806.306	-1969.876	163.5705	6.84194
3528	-1816.954	-1980.256	163.3015	6.986891
3534	-1815.406	-1978.708	163.3015	6.986891
3540	-1802.566	-1966.709	164.1429	6.532584
3546	-1803.572	-1968.058	164.4863	6.346446
3552	-1801.988	-1966.591	164.603	6.283059
3558	-1800.217	-1964.313	164.0962	6.557855
3564	-1810.893	-1974.178	163.2851	6.995762
3570	-1812.971	-1975.972	163.001	7.148623
3576	-1821.023	-1985.681	164.658	6.253212
3582	-1827.977	-1991.101	163.1231	7.082938
3588	-1823.684	-1988.203	164.5194	6.328495
3594	-1814.19	-1977.758	163.5687	6.842872
3600	-1807.834	-1971.363	163.5295	6.864062
3606	-1813.608	-1977.308	163.7	6.772055
3612	-1810.343	-1973.812	163.4686	6.896861
3618	-1808.729	-1972.2	163.4708	6.895712
3624	-1807.42	-1970.625	163.2044	7.039168
3630	-1807.81	-1971.417	163.6072	6.822137
3636	-1814.436	-1978.612	164.1763	6.514487
3642	-1820.122	-1984.546	164.424	6.380227
3648	-1820.626	-1982.968	162.342	7.50224
3654	-1815.083	-1977.425	162.342	7.50224
3660	-1813.028	-1976.391	163.3623	6.954176
3666	-1822.302	-1985.606	163.3042	6.985454
3672	-1819.831	-1984.083	164.2516	6.473731
3678	-1820.038	-1982.902	162.8641	7.222164
3684	-1815.537	-1979.077	163.5394	6.858675
3690	-1830.041	-1994.52	164.4789	6.350461
3696	-1812.332	-1976.478	164.1457	6.531065
3702	-1808.614	-1972.091	163.4775	6.892087
3708	-1809.619	-1972.837	163.2184	7.031643
3714	-1807.949	-1971.465	163.5157	6.871469
3720	-1800.614	-1965.318	164.7045	6.227888
3726	-1808.487	-1972.429	163.9424	6.641061
3732	-1815.828	-1978.747	162.9191	7.192645
3738	-1814.27	-1978.149	163.8789	6.67543
3744	-1813.959	-1976.89	162.9316	7.185901
3750	-1804.46	-1967.385	162.9252	7.189345
3756	-1805.243	-1968.308	163.0644	7.114483
3762	-1803.516	-1967.976	164.4609	6.360232
3768	-1808.308	-1971.51	163.2011	7.040945
3774	-1811.75	-1975.902	164.1527	6.527293
3780	-1810.682	-1974.822	164.1408	6.533756
3786	-1818.452	-1982.556	164.1042	6.553554
3792	-1815.289	-1979.195	163.9061	6.66072
3798	-1801.891	-1965.494	163.603	6.824417
3804	-1799.728	-1964.451	164.7237	6.21748
3810	-1797.172	-1961.157	163.9847	6.618194
3816	-1804.137	-1968.49	164.3528	6.418842
3822	-1804.308	-1968.044	163.7361	6.752572
3828	-1805.59	-1968.654	163.0643	7.114538
3834	-1809.852	-1974.209	164.3569	6.416634
3840	-1800.474	-1964.851	164.3764	6.40604
3846	-1813.885	-1978.412	164.5267	6.324507
3852	-1812.474	-1975.729	163.2551	7.01187
3858	-1801.652	-1965.529	163.8777	6.676057
3864	-1808.03	-1971.935	163.9055	6.661055
3870	-1813.326	-1976.641	163.3148	6.979728
3876	-1813.289	-1976.344	163.0555	7.119275
3882	-1818.222	-1982.306	164.0846	6.564159
3888	-1807.626	-1972.046	164.4198	6.382511
3894	-1798.029	-1961.561	163.5316	6.8629
3900	-1811.106	-1974.526	163.4198	6.923191
3906	-1812.31	-1976.062	163.7522	6.743862
3912	-1811.497	-1975.557	164.0601	6.577435
3918	-1807.166	-1970.791	163.6255	6.812279
3924	-1799.292	-1964.356	165.0638	6.032307
3930	-1815.312	-1979.149	163.8372	6.697957
3936	-1808.507	-1972.739	164.2323	6.484168
3942	-1821.118	-1984.782	163.6638	6.791594
3948	-1813.176	-1976.657	163.4804	6.890518
3954	-1819.45	-1984.125	164.6748	6.244066
3960	-1808.982	-1972.683	163.7003	6.771856
3966	-1825.676	-1989.376	163.7003	6.771856
3972	-1823.097	-1987.256	164.159	6.523875
3978	-1820.935	-1985.094	164.159	6.523875
3984	-1810.359	-1974.188	163.829	6.702354
3990	-1832.923	-1997.121	164.1974	6.503092
3996	-1819.257	-1982.875	163.6175	6.816587
4002	-1804.097	-1967.557	163.4597	6.901678
4008	-1818.967	-1982.747	163.7802	6.728751
4014	-1820.215	-1984.615	164.3996	6.393473
4020	-1812.445	-1975.847	163.402	6.932748
4026	-1816.15	-1979.533	163.3834	6.942774
4032	-1820.544	-1983.594	163.05	7.122259
4038	-1805.658	-1969.325	163.6667	6.790034
4044	-1814.552	-1979.043	164.4919	6.343408
4050	-1808.403	-1972.027	163.6236	6.813289
4056	-1817.424	-1981.048	163.6236	6.813289
4062	-1817.793	-1981.923	164.1297	6.539763
4068	-1819.717	-1983.955	164.2382	6.480972
4074	-1806.129	-1970.35	164.2217	6.489918
4080	-1818.346	-1981.471	163.1246	7.082103
4086	-1812.48	-1977.321	164.8411	6.153592
4092	-1798.486	-1962.473	163.9874	6.616747
4098	-1798.285	-1962.516	164.2311	6.484839
4104	-1795.884	-1959.524	163.6394	6.804773
4110	-1798.732	-1963.068	164.3363	6.427798
4116	-1800.582	-1964.31	163.7278	6.757049
4122	-1797.786	-1962.378	164.592	6.289028
4128	-1801.394	-1966.227	164.8324	6.158347
4134	-1800.37	-1964.93	164.5602	6.306304
4140	-1809.267	-1973.649	164.3824	6.402786
4146	-1811.367	-1974.688	163.3209	6.976442
4152	-1805.758	-1970.102	164.3444	6.423421
4158	-1798.936	-1963.738	164.8028	6.174442
4164	-1798.905	-1962.486	163.5807	6.836405
4170	-1816.045	-1978.798	162.7528	7.281959
4176	-1807.916	-1970.478	162.5624	7.384103
4182	-1822.27	-1985.593	163.3235	6.975038
4188	-1805.216	-1968.843	163.6271	6.811405
4194	-1814.388	-1978.088	163.7002	6.771942
4200	-1824.489	-1986.987	162.4984	7.418441
4206	-1809.686	-1973.422	163.7351	6.753106
4212	-1814.097	-1977.346	163.2482	7.015586
4218	-1819.459	-1983.049	163.5899	6.831441
4224	-1815.976	-1979.145	163.168	7.058759
4230	-1809.295	-1972.994	163.6993	6.772446
4236	-1818.446	-1982.431	163.985	6.618046
4242	-1808.667	-1972.652	163.985	6.618046
4248	-1813.358	-1977.567	164.2093	6.496609
4254	-1795.798	-1960.007	164.2093	6.496609
4260	-1817.159	-1980.827	163.6674	6.789643
4266	-1810.799	-1974.605	163.8055	6.715072
4272	-1810.486	-1974.24	163.7538	6.742972
4278	-1822.611	-1986.048	163.4371	6.91387
4284	-1822.791	-1986.502	163.7109	6.766165
4290	-1817.504	-1981.125	163.6214	6.814466
4296	-1805.03	-1969.46	164.4296	6.377202
4302	-1809.433	-1973.303	163.8701	6.680164
4308	-1813.632	-1977.064	163.4317	6.916783
4314	-1828.559	-1992.11	163.5516	6.852124
4320	-1813.277	-1977.754	164.4765	6.351741
4326	-1802.741	-1967.218	164.4765	6.351741
4332	-1807.271	-1972.091	164.8201	6.165014
4338	-1807.694	-1972.97	165.2765	5.916216
4344	-1808.539	-1971.151	162.6115	7.35775
4350	-1813.764	-1977.602	163.8375	6.697758
4356	-1806.996	-1970.176	163.1801	7.052255
4362	-1818.421	-1982.096	163.675	6.785553
4368	-1804.838	-1969.265	164.4269	6.37866
4374	-1809.143	-1972.42	163.2775	6.999824
4380	-1805.442	-1969.754	164.3122	6.440864
4386	-1797.614	-1962.071	164.4572	6.362222
4392	-1808.369	-1973.191	164.822	6.164008
4398	-1807.979	-1972.397	164.4177	6.38364
4404	-1811.163	-1974.672	163.5088	6.875209
4410	-1797.205	-1961.534	164.3282	6.432183
4416	-1796.373	-1959.531	163.1579	7.064232
4422	-1801.71	-1965.368	163.6576	6.794908
4428	-1807.757	-1971.496	163.7386	6.751203
4434	-1805.155	-1969.341	164.1855	6.509545
4440	-1807.161	-1971.436	164.2756	6.460692
4446	-1799.381	-1963.565	164.1845	6.510071
4452	-1808.123	-1971.807	163.6843	6.7805
4458	-1808.392	-1972.608	164.2154	6.493351
4464	-1802.993	-1967.492	164.4991	6.339482
4470	-1804.846	-1968.834	163.9882	6.61629
4476	-1807.732	-1971.458	163.726	6.757999
4482	-1803.95	-1967.997	164.047	6.584521
4488	-1808.077	-1973.138	165.0609	6.033863
4494	-1811.359	-1974.677	163.3174	6.978345
4500	-1819.128	-1983.585	164.4572	6.362252
4506	-1816.602	-1981.125	164.5231	6.326477
4512	-1816.409	-1979.938	163.5291	6.864267
4518	-1814.464	-1977.629	163.1647	7.060568
4524	-1820.908	-1984.919	164.0103	6.604345
4530	-1809.94	-1973.381	163.4411	6.911712
4536	-1812.14	-1976.014	163.8739	6.678107
4542	-1803.937	-1968.035	164.0988	6.55644
4548	-1816.943	-1981.885	164.942	6.098677
4554	-1810.05	-1973.385	163.3348	6.968994
4560	-1809.307	-1973.377	164.0699	6.572105
4566	-1804.715	-1969.39	164.6751	6.243901
4572	-1803.355	-1966.864	163.5088	6.875213
4578	-1808.275	-1972.073	163.7984	6.718909
4584	-1812.729	-1977.401	164.6726	6.245263
4590	-1820.289	-1984.683	164.3931	6.396981
4596	-1815.409	-1979.266	163.8571	6.687162
4602	-1803.792	-1968.35	164.5588	6.307102
4608	-1809.846	-1974.404	164.5588	6.307102
4614	-1809.641	-1974.223	164.5823	6.294301
4620	-1811.199	-1975.781	164.5823	6.294301
4626	-1801.695	-1964.696	163.0008	7.148717
4632	-1806.317	-1969.075	162.7581	7.279079
4638	-1804.987	-1969.358	164.371	6.408979
4644	-1803.678	-1967.242	163.5636	6.845653
4650	-1811.108	-1974.672	163.5636	6.845653
4656	-1806.396	-1971.206	164.81	6.17051
4662	-1809.871	-1974.698	164.8271	6.161252
4668	-1813.279	-1977.665	164.3856	6.4011
4674	-1802.481	-1965.882	163.4008	6.933404
4680	-1802.901	-1966.398	163.497	6.881541
4686	-1806.462	-1971.597	165.1349	5.993543
4692	-1808.479	-1973.092	164.6125	6.277935
4698	-1809.283	-1973.035	163.7513	6.744331
4704	-1808.519	-1972.512	163.9938	6.613284
4710	-1815.18	-1979.071	163.8904	6.669183
4716	-1821.512	-1985.778	164.2661	6.465841
4722	-1816.494	-1980.982	164.4871	6.346002
4728	-1804.659	-1969.146	164.4871	6.346002
4734	-1802.146	-1966.708	164.5624	6.305143
4740	-1803.627	-1968.189	164.5624	6.305143
4746	-1794.234	-1958.546	164.3118	6.441069
4752	-1802.832	-1966.646	163.814	6.710496
4758	-1802.043	-1966.684	164.6408	6.26255
4764	-1800.737	-1965.378	164.6408	6.26255
4770	-1819.754	-1984.31	164.5558	6.308683
4776	-1819.298	-1984.426	165.128	5.99731
4782	-1799.948	-1963.686	163.7372	6.751971
4788	-1819.979	-1983.716	163.7372	6.751971
4794	-1808.705	-1973.127	164.4225	6.38105
4800	-1803.366	-1966.459	163.0932	7.098999
4806	-1807.085	-1971.934	164.8489	6.149366
4812	-1797.178	-1961.628	164.4499	6.366199
4818	-1816.681	-1981.192	164.5112	6.332912
4824	-1811.282	-1975.374	164.0922	6.560065
4830	-1819.321	-1983.586	164.2652	6.466333
4836	-1813.965	-1978.407	164.4417	6.370653
4842	-1807.298	-1971.221	163.9232	6.651452
4848	-1798.01	-1961.854	163.8441	6.694189
4854	-1796.059	-1960.568	164.5088	6.334239
4860	-1799.902	-1963.875	163.973	6.624545
4866	-1802.798	-1967.112	164.3133	6.440258
4872	-1806.513	-1969.618	163.1045	7.092934
4878	-1810.396	-1973.865	163.4687	6.896834
4884	-1836.475	-1999.475	163.0003	7.148966
4890	-1809.469	-1973.358	163.8887	6.670129
4896	-1811.421	-1975.071	163.6498	6.799124
4902	-1802.872	-1965.858	162.9858	7.156794
4908	-1796.477	-1960.213	163.7352	6.753033
4914	-1795.495	-1960.156	164.6603	6.251955
4920	-1805.817	-1969.619	163.8015	6.717208
4926	-1799.53	-1964.029	164.4991	6.339481
4932	-1799.955	-1964.35	164.3948	6.396058
4938	-1809.27	-1973.022	163.752	6.743946
4944	-1810.336	-1974.281	163.9454	6.639445
4950	-1806.439	-1970.609	164.1698	6.518045
4956	-1812.345	-1976.86	164.5142	6.331294
4962	-1799.347	-1964.157	164.8095	6.170811
4968	-1809.243	-1973.33	164.0869	6.562905
4974	-1814.393	-1978.48	164.0869	6.562905
4980	-1806.967	-1971.388	164.4208	6.381999
4986	-1808.963	-1972.808	163.8447	6.693885
4992	-1822.704	-1986.405	163.7008	6.771598
4998	-1823.558	-1986.568	163.0094	7.144064
5004	-1820.646	-1983.655	163.0094	7.144064
5010	-1807.85	-1972.073	164.2232	6.489109
5016	-1806.953	-1971.502	164.5492	6.312267
5022	-1805.07	-1968.792	163.7217	6.760337
5028	-1800.286	-1964.946	164.6601	6.252047
5034	-1812.084	-1976.153	164.0695	6.572345
5040	-1813.428	-1977.197	163.7686	6.734988
5046	-1808.84	-1973.044	164.2038	6.499604
5052	-1804.72	-1968.532	163.8119	6.711608
5058	-1794.577	-1959.586	165.0086	6.062371
5064	-1789.344	-1953.796	164.4519	6.36509
5070	-1819.476	-1983.38	163.9042	6.661747
5076	-1813.159	-1977.063	163.9042	6.661747
5082	-1789.552	-1953.81	164.2575	6.470546
5088	-1798.509	-1962.585	164.076	6.568823
5094	-1793.78	-1957.883	164.1028	6.554284
5100	-1795.363	-1959.424	164.0603	6.577286
5106	-1806.117	-1969.822	163.7048	6.76943
5112	-1813.632	-1978.094	164.4621	6.359559
5118	-1820.478	-1984.279	163.8014	6.717303
5124	-1823.273	-1986.877	163.6041	6.823796
5130	-1805.841	-1969.219	163.378	6.945725
5136	-1815.701	-1979.904	164.2024	6.500346
5142	-1823.338	-1986.616	163.2779	6.999599
5148	-1814.302	-1978.435	164.1328	6.538082
5154	-1819.903	-1983.479	163.5754	6.839273
5160	-1801.531	-1965.984	164.4526	6.364703
5166	-1808.168	-1971.494	163.3266	6.9734
5172	-1791.321	-1955.212	163.8902	6.669281
5178	-1801.162	-1965.052	163.8902	6.669281
5184	-1805.859	-1969.941	164.0818	6.565659
5190	-1800.017	-1963.383	163.3662	6.952065
5196	-1809.765	-1973.131	163.3662	6.952065
5202	-1805.035	-1968.705	163.6694	6.788582
5208	-1809.684	-1974.431	164.747	6.204803
5214	-1806.257	-1970.391	164.1344	6.537176
5220	-1800.146	-1964.713	164.5669	6.302695
5226	-1796.579	-1961.312	164.7328	6.212504
5232	-1793.622	-1958.191	164.5694	6.301321
5238	-1798.715	-1963.124	164.4095	6.38813
5244	-1799.881	-1964.104	164.2232	6.489086
5250	-1805.559	-1969.318	163.7585	6.740477
5256	-1815.692	-1979.76	164.0678	6.573266
5262	-1800.28	-1964.106	163.8258	6.704112
5268	-1813.127	-1977.788	164.6609	6.251607
5274	-1813.904	-1977.53	163.6253	6.812386
5280	-1816.032	-1980.025	163.9931	6.613683
5286	-1813.522	-1978.295	164.7735	6.19038
5292	-1811.067	-1975.044	163.9778	6.621953
5298	-1808.26	-1972.334	164.0737	6.570074
5304	-1803.37	-1968.021	164.651	6.256982
5310	-1802.006	-1966.38	164.3737	6.40753
5316	-1810.158	-1974.968	164.8099	6.170596
5322	-1804.214	-1968.018	163.8043	6.715713
5328	-1807.441	-1971.38	163.9391	6.642867
5334	-1810.878	-1975.056	164.1787	6.513233
5340	-1811.359	-1974.241	162.8816	7.212783
5346	-1804.251	-1966.899	162.6482	7.33807
5352	-1807.46	-1971.299	163.839	6.696981
5358	-1803.05	-1967.125	164.0751	6.569283
5364	-1805.847	-1970.175	164.3277	6.43249
5370	-1799.713	-1963.809	164.0958	6.558104
5376	-1805.192	-1969.957	164.7654	6.194795
5382	-1803.629	-1967.434	163.8058	6.714881
5388	-1805.858	-1969.622	163.7644	6.73728
5394	-1801.266	-1965.38	164.1141	6.548188
5400	-1802.423	-1965.916	163.4933	6.88357
5406	-1794.853	-1957.863	163.01	7.143768
5412	-1798.644	-1962.502	163.858	6.686711
5418	-1795.861	-1959.626	163.7651	6.736893
5424	-1807.723	-1971.907	164.1842	6.510245
5430	-1802.172	-1966.045	163.8731	6.678535
5436	-1808.796	-1972.591	163.7957	6.72038
5442	-1808.513	-1973.221	164.7083	6.22582
5448	-1806.199	-1971.151	164.9523	6.093091
5454	-1807.267	-1971.802	164.5342	6.320425
5460	-1808.965	-1972.05	163.0848	7.10354
5466	-1805.509	-1970.312	164.8028	6.17444
5472	-1801.23	-1964.62	163.3901	6.939167
5478	-1791.133	-1954.654	163.5212	6.868489
5484	-1803.919	-1967.094	163.175	7.05501
5490	-1803.478	-1968.113	164.6348	6.265802
5496	-1809.73	-1974.262	164.5323	6.321476
5502	-1822.462	-1985.419	162.9569	7.17232
5508	-1807.082	-1970.482	163.4004	6.933643
5514	-1806.158	-1970.515	164.3577	6.416192
5520	-1808.132	-1972.195	164.062	6.576363
5526	-1807.387	-1970.292	162.9052	7.200093
5532	-1811.293	-1974.386	163.093	7.099153
5538	-1811.482	-1974.685	163.2032	7.039815
5544	-1810.873	-1975.167	164.2938	6.450868
5550	-1803.939	-1966.917	162.9778	7.161052
5556	-1793.599	-1957.683	164.0839	6.564552
5562	-1797.307	-1961.804	164.4968	6.340733
5568	-1804.251	-1967.443	163.1914	7.046168
5574	-1809.547	-1974.446	164.8991	6.122033
5580	-1803.108	-1966.593	163.4846	6.888227
5586	-1796.794	-1961.214	164.4206	6.382091
5592	-1806.778	-1971.985	165.2067	5.954366
5598	-1802.462	-1966.803	164.3407	6.425436
5604	-1801.738	-1966.194	164.4559	6.362914
5610	-1806.208	-1970.664	164.4559	6.362914
5616	-1799.802	-1964.041	164.2386	6.480784
5622	-1793.113	-1957.52	164.4072	6.389335
5628	-1800.137	-1963.574	163.4371	6.913867
5634	-1798.068	-1962.873	164.8051	6.173211
5640	-1794.654	-1958.49	163.8362	6.698466
5646	-1803.444	-1967.27	163.8263	6.703843
5652	-1803.529	-1967.779	164.2498	6.474679
5658	-1799.312	-1963.149	163.8378	6.697633
5664	-1801.141	-1964.979	163.8378	6.697633
5670	-1800.623	-1964.958	164.3349	6.428551
5676	-1807.508	-1972.072	164.5642	6.304161
5682	-1805.95	-1969.018	163.0675	7.112848
5688	-1808.111	-1972.428	164.3171	6.438214
5694	-1802.95	-1966.977	164.0271	6.595281
5700	-1795.297	-1959.324	164.0271	6.595281
5706	-1797.37	-1960.842	163.4712	6.895499
5712	-1803.066	-1967.404	164.338	6.426861
5718	-1796.157	-1959.701	163.5438	6.856317
5724	-1795.182	-1959.187	164.0055	6.606976
5730	-1800.968	-1965.672	164.7046	6.227845
5736	-1806.42	-1970.082	163.662	6.792554
5742	-1811.036	-1975.382	164.346	6.422568
5748	-1794.743	-1959.441	164.6977	6.231621
5754	-1805.972	-1970.204	164.2325	6.484052
5760	-1805.783	-1969.424	163.6407	6.80403
5766	-1797.827	-1962.334	164.5071	6.335159
5772	-1807.941	-1972.106	164.1651	6.520548
5778	-1804.921	-1968.271	163.35	6.960781
5784	-1806.874	-1971.035	164.1613	6.522652
5790	-1807.046	-1970.666	163.6205	6.814926
5796	-1802.443	-1966.354	163.9113	6.657878
5802	-1800.723	-1965.822	165.099	6.013135
5808	-1811.298	-1975.579	164.2819	6.45732
5814	-1803.902	-1967.916	164.0137	6.602515
5820	-1800.925	-1964.481	163.5558	6.849836
5826	-1800.503	-1965.318	164.8142	6.168272
5832	-1798.934	-1962.481	163.5469	6.85464
5838	-1813.001	-1978.043	165.0427	6.043821
5844	-1811.556	-1974.6	163.0442	7.125372
5850	-1812.167	-1976.321	164.1531	6.527044
5856	-1813.198	-1978.28	165.0822	6.022263
5862	-1795.423	-1958.728	163.3047	6.985211
5868	-1802.016	-1966.421	164.4052	6.390453
5874	-1792.876	-1957.448	164.571	6.300427
5880	-1802.811	-1967.363	164.5519	6.310822
5886	-1805.219	-1969.079	163.8596	6.685833
5892	-1802.054	-1965.914	163.8596	6.685833
5898	-1797.67	-1961.477	163.8077	6.713898
5904	-1809.089	-1973.419	164.3308	6.430798
5910	-1811.9	-1975.75	163.8493	6.691383
5916	-1809.295	-1972.335	163.0397	7.127767
5922	-1813.353	-1976.392	163.0397	7.127767
5928	-1800.778	-1964.856	164.0784	6.567516
5934	-1802.638	-1966.554	163.9155	6.655609
5940	-1802.925	-1966.117	163.1914	7.046198
5946	-1805.957	-1968.416	162.4585	7.439807
5952	-1800.148	-1964.49	164.3418	6.424812
5958	-1805.407	-1969.748	164.3418	6.424812
5964	-1804.64	-1968.982	164.3418	6.424812
5970	-1802.449	-1965.652	163.2025	7.040195
5976	-1820.45	-1983.504	163.0544	7.119862
5982	-1816.777	-1980.742	163.9648	6.628987
5988	-1819.317	-1983.784	164.467	6.356901
5994	-1813.164	-1976.915	163.7515	6.74426
6000	-1802.969	-1967.397	164.4279	6.378134
6006	-1812.552	-1976.294	163.742	6.749388
6012	-1803.431	-1968.132	164.7013	6.229673
6018	-1809.359	-1973.325	163.9663	6.62818
6024	-1813.658	-1977.23	163.5711	6.841595
6030	-1819.046	-1982.244	163.1984	7.042393
6036	-1825.921	-1990.517	164.5956	6.28709
6042	-1814.387	-1979.047	164.6599	6.25213
6048	-1817.59	-1981.894	164.3044	6.445096
6054	-1822.585	-1987.285	164.7008	6.229903
6060	-1818.761	-1983.628	164.8668	6.139598
6066	-1814.166	-1977.345	163.1793	7.05269
6072	-1813.843	-1978.33	164.4867	6.346204
6078	-1817.633	-1981.628	163.9942	6.613074
6084	-1813.487	-1977.875	164.3873	6.40016
6090	-1812.603	-1977.661	165.0575	6.035727
6096	-1810.744	-1974.07	163.326	6.9737
6102	-1811.169	-1976.202	165.0326	6.049314
6108	-1811.977	-1976.272	164.2957	6.44984
6114	-1801.392	-1964.853	163.4605	6.901263
6120	-1806.327	-1970.915	164.5878	6.291343
6126	-1811.545	-1976.089	164.544	6.315108
6132	-1812.869	-1977.259	164.3895	6.398938
6138	-1805.093	-1968.7	163.6072	6.822136
6144	-1805.844	-1970.177	164.3335	6.42931
6150	-1809.475	-1973.268	163.7929	6.721859
6156	-1814.371	-1977.2	162.8289	7.241089
6162	-1801.222	-1966.053	164.8306	6.159303
6168	-1805.159	-1969.116	163.9571	6.633155
6174	-1796.767	-1960.268	163.5018	6.878986
6180	-1799.211	-1962.53	163.3191	6.977446
6186	-1810.141	-1975.692	165.5506	5.766388
6192	-1812.444	-1976.316	163.8727	6.678733
6198	-1810.124	-1973.997	163.8727	6.678733
6204	-1810.854	-1974.322	163.4675	6.897465
6210	-1803.98	-1968.989	165.0089	6.062207
6216	-1797.381	-1960.826	163.4449	6.909659
6222	-1796.03	-1960.534	164.5044	6.336601
6228	-1806.36	-1970.607	164.2465	6.476503
6234	-1805.174	-1968.587	163.4121	6.927306
6240	-1798.804	-1962.493	163.689	6.778004
6246	-1812.392	-1976.271	163.8791	6.675286
6252	-1809.429	-1973.405	163.9754	6.623222
6258	-1805.203	-1969.276	164.0736	6.570099
6264	-1798.391	-1962.464	164.0736	6.570099
6270	-1798.679	-1962.586	163.9072	6.660124
6276	-1796.581	-1961.24	164.6589	6.252717
6282	-1803.883	-1967.737	163.8539	6.688914
6288	-1804.248	-1968.057	163.8088	6.713312
6294	-1801.831	-1965.924	164.0926	6.559822
6300	-1810.142	-1975.022	164.8795	6.132722
6306	-1812.994	-1977.601	164.607	6.280901
6312	-1808.547	-1974.115	165.5677	5.756983
6318	-1815.886	-1980.394	164.5079	6.334694
6324	-1800.478	-1964.565	164.0865	6.563125
6330	-1794.961	-1958.838	163.8766	6.67666
6336	-1797.853	-1962.029	164.1762	6.514555
6342	-1805.858	-1970.035	164.1762	6.514555
6348	-1812.443	-1975.885	163.4416	6.911406
6354	-1801.934	-1966.119	164.1854	6.509579
6360	-1807.907	-1971.553	163.6455	6.801451
6366	-1806.986	-1970.632	163.6455	6.801451
6372	-1806.771	-1970.417	163.6455	6.801451
6378	-1813.383	-1977.028	163.6455	6.801451
6384	-1826.476	-1990.693	164.2173	6.492316
6390	-1807.442	-1971.771	164.3285	6.432038
6396	-1798.198	-1963.106	164.9079	6.11723
6402	-1825.784	-1989.612	163.8284	6.7027
6408	-1811.637	-1975.473	163.8366	6.698247
6414	-1820	-1984.919	164.9196	6.110885
6420	-1825.349	-1989.297	163.9473	6.638452
6426	-1814.875	-1978.099	163.2241	7.028597
6432	-1813.965	-1977.69	163.7248	6.758643
6438	-1818.359	-1981.384	163.0255	7.135421
6444	-1806.239	-1970.609	164.3697	6.409704
6450	-1800.124	-1963.829	163.7047	6.769514
6456	-1805.086	-1969.1	164.0147	6.601994
6462	-1806.314	-1970.329	164.0147	6.601994
6468	-1806.127	-1970.367	164.24	6.479991
6474	-1798.278	-1960.905	162.6279	7.348979
6480	-1809.214	-1972.479	163.2656	7.006216
6486	-1800.2	-1963.723	163.523	6.867536
6492	-1810.634	-1974.94	164.3062	6.4441
6498	-1800.602	-1964.908	164.3062	6.4441
6504	-1802.821	-1967.088	164.2666	6.465607
6510	-1801.668	-1965.258	163.59	6.831412
6516	-1808.775	-1972.52	163.7447	6.747882
6522	-1806.582	-1969.754	163.1719	7.056661
6528	-1802.58	-1967.032	164.4522	6.364969
6534	-1811.446	-1975.58	164.1334	6.537721
6540	-1811.259	-1974.805	163.5459	6.855187
6546	-1807.841	-1972.964	165.1233	5.999851
6552	-1809.112	-1973.991	164.8785	6.133232
6558	-1812.827	-1975.888	163.0606	7.116558
6564	-1815.28	-1979.458	164.1772	6.514029
6570	-1814.075	-1978.456	164.381	6.403573
6576	-1816.966	-1981.081	164.1146	6.547929
6582	-1816.843	-1981.612	164.7688	6.192948
6588	-1807.61	-1971.282	163.6715	6.787438
6594	-1799.002	-1963.817	164.8146	6.168035
6600	-1803.886	-1967.881	163.995	6.612618
6606	-1805.323	-1969.753	164.43	6.376982
6612	-1811.795	-1976.877	165.0822	6.022248
6618	-1804.096	-1967.231	163.1346	7.076753
6624	-1804.051	-1967.604	163.5534	6.851126
6630	-1818.461	-1981.988	163.5272	6.865306
6636	-1811.592	-1975.572	163.98	6.620758
6642	-1812.829	-1976.694	163.8653	6.682765
6648	-1814.95	-1978.504	163.5542	6.8507
6654	-1817.359	-1981.516	164.1568	6.525067
6660	-1815.541	-1978.03	162.4896	7.423116
6666	-1808.342	-1972.482	164.1407	6.533766
6672	-1802.259	-1965.588	163.3289	6.972153
6678	-1794.867	-1959.77	164.9026	6.120148
6684	-1806.229	-1969.551	163.3219	6.975927
6690	-1825.365	-1988.661	163.2958	6.990005
6696	-1814.572	-1979.248	164.6761	6.243364
6702	-1799.539	-1964.024	164.4846	6.34734
6708	-1800.754	-1964.439	163.6854	6.779911
6714	-1802.278	-1966.892	164.6139	6.277128
6720	-1801.85	-1966.669	164.8188	6.165725
6726	-1801.102	-1965.79	164.6876	6.237097
6732	-1793.942	-1958.424	164.4824	6.34855
6738	-1808.803	-1973.186	164.3839	6.401999
6744	-1807.753	-1971.653	163.8997	6.664138
6750	-1813.213	-1977.113	163.8997	6.664138
6756	-1793.105	-1958.203	165.0974	6.013984
6762	-1802.481	-1966.941	164.4601	6.360652
6768	-1795.863	-1960.708	164.8454	6.151257
6774	-1808.316	-1973.161	164.8454	6.151257
6780	-1795.486	-1959.581	164.0945	6.558789
6786	-1808.463	-1971.599	163.1363	7.075817
6792	-1807.556	-1971.481	163.9248	6.650572
6798	-1810.169	-1973.714	163.5451	6.855626
6804	-1814.275	-1978.205	163.9291	6.648249
6810	-1806.138	-1969.453	163.3147	6.979783
6816	-1806.5	-1970.529	164.0288	6.594362
6822	-1801.671	-1965.7	164.0288	6.594362
6828	-1793.284	-1957.224	163.9401	6.642325
6834	-1806.739	-1970.431	163.6915	6.776624
6840	-1801.268	-1966.037	164.7683	6.193205
6846	-1814.892	-1979.228	164.336	6.427949
6852	-1815.959	-1979.498	163.5398	6.858498
6858	-1812.204	-1974.791	162.5872	7.370807
6864	-1805.054	-1968.675	163.6206	6.814881
6870	-1800.795	-1964.222	163.4276	6.918959
6876	-1815.009	-1979.675	164.6655	6.249108
6882	-1818.454	-1982.042	163.5878	6.832618
6888	-1832.69	-1996.436	163.7469	6.746733
6894	-1813.532	-1976.137	162.6047	7.361422
6900	-1809.308	-1971.953	162.645	7.339792
6906	-1802.378	-1965.956	163.5783	6.837735
6912	-1803.821	-1967.134	163.3135	6.980468
6918	-1804.737	-1969.719	164.9819	6.076924
6924	-1808.369	-1971.704	163.3348	6.968961
6930	-1812.303	-1976.121	163.8175	6.708593
6936	-1813.575	-1977.335	163.7603	6.739509
6942	-1809.642	-1973.342	163.7004	6.771846
6948	-1815.779	-1979.192	163.4134	6.92664
6954	-1813.498	-1977.351	163.8535	6.689149
6960	-1806.525	-1970.271	163.7455	6.747457
6966	-1821.827	-1985.635	163.808	6.713719
6972	-1817.585	-1981.009	163.4233	6.921283
6978	-1809.831	-1974.28	164.4491	6.366612
6984	-1802.943	-1965.972	163.0288	7.13364
6990	-1801.554	-1966.075	164.5208	6.327729
6996	-1812.868	-1975.762	162.8941	7.206041
7002	-1807.429	-1972.174	164.745	6.205872
7008	-1813.648	-1978.167	164.5189	6.328726
7014	-1792.601	-1956.605	164.0046	6.607435
7020	-1801.217	-1965.878	164.6606	6.251768
7026	-1802.372	-1967.197	164.8253	6.162216
7032	-1810.537	-1974.174	163.6369	6.806125
7038	-1812.517	-1976.315	163.7978	6.719227
7044	-1814.807	-1978.449	163.6415	6.803609
7050	-1808.309	-1972.262	163.9535	6.6351
7056	-1797.779	-1962.271	164.4918	6.34343
7062	-1804.266	-1967.534	163.2682	7.004836
7068	-1807.379	-1971.294	163.9145	6.656176
7074	-1817.979	-1981.107	163.1275	7.080562
7080	-1810.455	-1975.333	164.8785	6.133267
7086	-1813.506	-1975.497	161.991	7.69009
7092	-1817.266	-1980.911	163.6452	6.801638
7098	-1809.77	-1974.188	164.4179	6.383572
7104	-1811.035	-1974.849	163.8135	6.710723
7110	-1816.444	-1979.06	162.616	7.355352
7116	-1805.864	-1970.375	164.5108	6.333124
7122	-1813.099	-1978.247	165.1484	5.986155
7128	-1816.401	-1981.55	165.1484	5.986155
7134	-1808.496	-1973.347	164.8514	6.148029
7140	-1803.628	-1967.826	164.1973	6.503119
7146	-1810.022	-1974.42	164.3982	6.394248
7152	-1806.125	-1970.85	164.7246	6.216962
7158	-1804.586	-1968.327	163.7406	6.750124
7164	-1806.229	-1969.736	163.5063	6.876543
7170	-1813.473	-1976.727	163.254	7.012494
7176	-1819.557	-1982.213	162.6551	7.334383
7182	-1820.286	-1983.548	163.2624	7.007941
7188	-1815.154	-1978.565	163.4106	6.928121
7194	-1812.915	-1976.604	163.6887	6.778144
7200	-1818.055	-1981.183	163.1287	7.079904
7206	-1804.892	-1969.438	164.546	6.31402
7212	-1803.848	-1967.258	163.4096	6.928655
7218	-1811.507	-1974.196	162.6889	7.316219
7224	-1830.516	-1995.005	164.4886	6.345211
7230	-1814.093	-1977.248	163.1552	7.065668
7236	-1819.411	-1983.795	164.3844	6.401708
7242	-1801.806	-1966.354	164.5485	6.312687
7248	-1815.024	-1980.428	165.4042	5.846435
7254	-1793.015	-1957.165	164.1497	6.528912
7260	-1795.402	-1959.271	163.8691	6.680703
7266	-1814.752	-1979.952	165.2004	5.957809
7272	-1811.7	-1975.24	163.54	6.858356
7278	-1810.408	-1973.732	163.3242	6.974697
7284	-1810.21	-1973.534	163.3242	6.974697
7290	-1810.963	-1975.521	164.558	6.307516
7296	-1809.976	-1973.85	163.8739	6.678094
7302	-1808.085	-1972.198	164.1128	6.548896
7308	-1809.015	-1972.846	163.8303	6.701663
7314	-1810.258	-1974.088	163.8303	6.701663
7320	-1819.316	-1984.323	165.0069	6.063339
7326	-1795.753	-1960.76	165.0069	6.063339
7332	-1806.743	-1970.385	163.6424	6.80312
7338	-1809.036	-1972.679	163.6424	6.80312
7344	-1805.257	-1969.057	163.8006	6.717699
7350	-1800.246	-1964.267	164.0209	6.598605
7356	-1799.271	-1963.353	164.0817	6.565707
7362	-1804.632	-1969.176	164.5439	6.315193
7368	-1804.514	-1969.058	164.5439	6.315193
7374	-1815.307	-1978.753	163.4456	6.909261
7380	-1811.8	-1975.52	163.7199	6.761299
7386	-1800.909	-1965.243	164.3342	6.428942
7392	-1809.396	-1973.391	163.9958	6.612223
7398	-1801.356	-1965.383	164.0279	6.594838
7404	-1799.38	-1962.728	163.3483	6.961719
7410	-1803.171	-1967.202	164.0313	6.592986
7416	-1808.433	-1972.298	163.8656	6.682592
7422	-1812.96	-1976.425	163.4647	6.898985
7428	-1801.769	-1966.069	164.3004	6.447291
7434	-1804.676	-1969.812	165.1365	5.992682
7440	-1797.524	-1961.635	164.1111	6.549791
7446	-1801.586	-1964.838	163.2514	7.013872
7452	-1802.764	-1966.854	164.0901	6.561194
7458	-1799.312	-1961.957	162.6452	7.339702
7464	-1803.484	-1967.247	163.7626	6.738247
7470	-1802.132	-1965.895	163.7626	6.738247
7476	-1801.954	-1965.722	163.7675	6.735581
7482	-1815.682	-1979.128	163.446	6.909062
7488	-1817.042	-1981.533	164.491	6.343875
7494	-1810.828	-1975.001	164.1728	6.516413
7500	-1803.473	-1967.72	164.2471	6.476153
7506	-1801.808	-1965.943	164.135	6.536864
7512	-1805.979	-1970.21	164.2317	6.484499
7518	-1809.848	-1972.699	162.8512	7.229072
7524	-1818.72	-1982.922	164.2016	6.500823
7530	-1819.142	-1982.779	163.6377	6.805683
7536	-1822.276	-1986.575	164.2994	6.447802
7542	-1799.325	-1964.193	164.8684	6.138768
7548	-1801.167	-1965.329	164.1626	6.521942
7554	-1805.043	-1968.851	163.8081	6.713664
7560	-1814.578	-1978.655	164.0762	6.56871
7566	-1808.249	-1972.367	164.1178	6.546199
7572	-1828.944	-1992.9	163.9564	6.633531
7578	-1819.68	-1983.8	164.1199	6.545059
7584	-1802.108	-1966.469	164.3611	6.414356
7590	-1798.778	-1963.139	164.3611	6.414356
7596	-1807.138	-1971.499	164.3611	6.414356
7602	-1819.107	-1982.693	163.5863	6.833427
7608	-1827.415	-1991.713	164.2984	6.448338
7614	-1815.651	-1980.234	164.5826	6.294153
7620	-1811.39	-1976.827	165.4373	5.828384
7626	-1805.413	-1969.084	163.6709	6.787764
7632	-1809.637	-1973.663	164.0259	6.595916
7638	-1823.865	-1988.253	164.3878	6.399896
7644	-1811.755	-1976.321	164.5663	6.30303
7650	-1815.456	-1979.535	164.079	6.56718
7656	-1816.428	-1980.194	163.7656	6.736613
7662	-1816.7	-1981.616	164.9163	6.1127
7668	-1804.795	-1968.475	163.6792	6.78325
7674	-1800.259	-1965.3	165.0406	6.044946
7680	-1801.44	-1964.925	163.485	6.88802
7686	-1806.992	-1969.81	162.8182	7.246803
7692	-1815.508	-1979.756	164.2476	6.475881
7698	-1820.06	-1985.245	165.1845	5.966477
7704	-1805.682	-1968.861	163.1796	7.052556
7710	-1799.353	-1963.817	164.4649	6.358045
7716	-1804.307	-1969.006	164.6997	6.230532
7722	-1798.727	-1961.431	162.7045	7.307847
7728	-1807.787	-1970.743	162.9558	7.172903
7734	-1806.376	-1971.08	164.7038	6.228274
7740	-1805.378	-1969.831	164.4527	6.364686
7746	-1801.618	-1965.322	163.7034	6.770183
7752	-1805.544	-1969.664	164.1197	6.545161
7758	-1805.559	-1969.659	164.1	6.555795
7764	-1815.947	-1979.596	163.6491	6.79954
7770	-1804.673	-1969.748	165.0749	6.026259
7776	-1790.459	-1954.956	164.4971	6.340578
7782	-1800.669	-1965.1	164.4315	6.376149
7788	-1795.945	-1960.3	164.3556	6.41733
7794	-1810.266	-1973.766	163.5003	6.879789
7800	-1809.829	-1974.281	164.4514	6.365391
7806	-1803.927	-1968.531	164.6038	6.282629
7812	-1803.215	-1965.812	162.5977	7.365173
7818	-1806.158	-1970.237	164.0791	6.567142
7824	-1807.355	-1972.728	165.3721	5.863983
7830	-1798.544	-1962.153	163.6086	6.821372
7836	-1797.481	-1961.125	163.6443	6.802107
7842	-1811.114	-1976.223	165.1092	6.007567
7848	-1805.434	-1970.543	165.1092	6.007567
7854	-1804.294	-1968.021	163.7274	6.757268
7860	-1810.29	-1974.496	164.2065	6.498134
7866	-1814.291	-1978.769	164.4777	6.351086
7872	-1809.377	-1972.727	163.3494	6.961088
7878	-1805.234	-1968.747	163.513	6.872938
7884	-1798.032	-1962.555	164.5236	6.326192
7890	-1801.372	-1965.396	164.024	6.59694
7896	-1806.421	-1971.272	164.8509	6.148263
7902	-1812.896	-1977.737	164.8412	6.153554
7908	-1812.466	-1975.685	163.2189	7.031395
7914	-1808.185	-1973.269	165.0844	6.021097
7920	-1813.187	-1977.259	164.0727	6.570607
7926	-1802.341	-1966.452	164.1104	6.550186
7932	-1795.757	-1959.953	164.1959	6.503892
7938	-1792.634	-1956.276	163.6412	6.803761
7944	-1801.957	-1965.312	163.3552	6.957964
7950	-1810.72	-1974.777	164.0573	6.578945
7956	-1801.887	-1965.944	164.0573	6.578945
7962	-1804.774	-1968.351	163.5769	6.838454
7968	-1810.895	-1975.553	164.6578	6.253277
7974	-1815.903	-1978.808	162.9049	7.200251
7980	-1807.672	-1971.19	163.518	6.870258
7986	-1809.023	-1973.992	164.9687	6.084132
7992	-1803.576	-1968.243	164.6674	6.248093
7998	-1811.144	-1975.65	164.5062	6.33565
8004	-1804.799	-1969.099	164.2993	6.447888
8010	-1811.845	-1975.553	163.7077	6.767872
8016	-1807.549	-1971.234	163.6853	6.779953
8022	-1809.984	-1974.892	164.9076	6.117432
8028	-1804.872	-1968.387	163.5145	6.872119
8034	-1814.672	-1977.18	162.5075	7.413548
8040	-1802.714	-1965.221	162.5075	7.413548
8046	-1807.692	-1970.892	163.1996	7.041748
8052	-1808.622	-1972.861	164.2393	6.480394
8058	-1812.34	-1975.85	163.5095	6.874825
8064	-1814.565	-1978.075	163.5095	6.874825
8070	-1809.223	-1973.263	164.0404	6.588071
8076	-1811.899	-1975.773	163.8742	6.67795
8082	-1807.378	-1970.527	163.1491	7.068936
8088	-1812.413	-1976.02	163.6073	6.822085
8094	-1816.067	-1979.81	163.7426	6.749055
8100	-1810.782	-1974.39	163.6077	6.821879
8106	-1814.352	-1978.934	164.5814	6.294817
8112	-1815.327	-1978.315	162.9878	7.155714
8118	-1819.076	-1983.281	164.2047	6.499142
8124	-1812.295	-1976.267	163.9714	6.625398
8130	-1813.208	-1978.31	165.1016	6.011715
8136	-1813.846	-1978.496	164.6505	6.257262
8142	-1810.463	-1975.151	164.6875	6.237165
8148	-1811.197	-1974.69	163.4924	6.884054
8154	-1805.538	-1969.649	164.1117	6.54949
8160	-1803.993	-1968.966	164.9731	6.081743
8166	-1815.329	-1980.053	164.7249	6.216837
8172	-1810.487	-1974.539	164.0525	6.581531
8178	-1805.924	-1970.21	164.2864	6.454871
8184	-1801.801	-1965.372	163.5711	6.841584
8190	-1800.383	-1965.633	165.2504	5.930486
8196	-1802.039	-1966.423	164.3845	6.401661
8202	-1798.62	-1963.004	164.3845	6.401661
8208	-1821.664	-1985.599	163.9346	6.645285
8214	-1803.216	-1966.876	163.6602	6.793507
8220	-1813.443	-1976.729	163.2856	6.995493
8226	-1805.891	-1968.982	163.0911	7.100161
8232	-1812.213	-1975.478	163.2654	7.006357
8238	-1814.581	-1978.498	163.9164	6.655124
8244	-1822.651	-1986.866	164.2149	6.493591
8250	-1835.746	-2000.338	164.592	6.289069
8256	-1818.062	-1982.221	164.1588	6.523976
8262	-1803.443	-1968.078	164.6347	6.265845
8268	-1807.198	-1971.268	164.0706	6.571735
8274	-1818.351	-1982.17	163.8189	6.707825
8280	-1812.817	-1976.636	163.8189	6.707825
8286	-1805.805	-1969.676	163.8708	6.679811
8292	-1822.713	-1986.215	163.5021	6.87883
8298	-1804.511	-1968.292	163.7812	6.728172
