Iteration	Posterior	Likelihood	Prior	tree_length
0	-1379.897	-1553.171	173.2735	1.05627
6	-1379.95	-1553.223	173.2735	1.05627
12	-1381.465	-1554.72	173.2543	1.074328
18	-1383.837	-1557.194	173.3574	0.9735405
24	-1394.446	-1567.808	173.3618	0.9689854
30	-1393.783	-1567.11	173.3278	1.00349
36	-1408.539	-1581.739	173.1999	1.124239
42	-1400.367	-1573.596	173.2291	1.097663
48	-1389.585	-1562.94	173.3555	0.9754304
54	-1397.443	-1570.614	173.1707	1.150316
60	-1401.915	-1575.095	173.1794	1.142552
66	-1393.597	-1566.867	173.2702	1.059368
72	-1402.372	-1575.534	173.1623	1.157698
78	-1393.9	-1567.088	173.1888	1.134221
84	-1388.219	-1561.38	173.1608	1.159008
90	-1393.451	-1566.662	173.2107	1.114501
96	-1388.787	-1562.067	173.2804	1.049696
102	-1392.53	-1565.642	173.1125	1.200906
108	-1393.567	-1566.626	173.0592	1.246031
114	-1380.636	-1553.745	173.1089	1.204016
120	-1383.398	-1556.641	173.2428	1.085085
126	-1388.341	-1561.423	173.0812	1.22759
132	-1397.062	-1570.426	173.3639	0.9668485
138	-1388.442	-1561.851	173.4089	0.9189
144	-1383.466	-1556.54	173.0744	1.23329
150	-1381.276	-1554.513	173.237	1.090398
156	-1382.601	-1555.878	173.2766	1.053333
162	-1380.289	-1553.566	173.2766	1.053333
168	-1390.592	-1563.995	173.4027	0.9256575
174	-1387.046	-1560.439	173.3924	0.9368274
180	-1393.024	-1566.416	173.3924	0.9368274
186	-1390	-1563.245	173.2452	1.082821
192	-1389.055	-1562.166	173.1119	1.201434
198	-1387.178	-1560.594	173.416	0.9111287
204	-1386.498	-1559.706	173.2075	1.117346
210	-1395.362	-1568.618	173.2563	1.072463
216	-1393.482	-1566.608	173.1262	1.189174
222	-1387.368	-1560.687	173.3186	1.012643
228	-1392.518	-1565.7	173.1818	1.140483
234	-1392.143	-1565.312	173.1682	1.152495
240	-1395.71	-1568.949	173.238	1.089474
246	-1384.165	-1557.377	173.2122	1.113145
252	-1387.4	-1560.746	173.3459	0.9852451
258	-1387.398	-1560.822	173.4237	0.9025267
264	-1389.025	-1562.273	173.2481	1.080175
270	-1390.662	-1563.892	173.2299	1.096974
276	-1383.785	-1557.086	173.3015	1.029384
282	-1385.604	-1558.981	173.3772	0.9529441
288	-1405.996	-1578.914	172.9182	1.360472
294	-1393.717	-1567.045	173.3285	1.002742
300	-1385.111	-1558.238	173.1269	1.1886
306	-1383.798	-1556.925	173.1269	1.1886
312	-1391.355	-1564.708	173.3534	0.9776786
318	-1383.866	-1557.22	173.3534	0.9776786
324	-1385.775	-1558.77	172.9953	1.29864
330	-1379.157	-1552.446	173.2894	1.04104
336	-1374.338	-1547.698	173.36	0.9708437
342	-1381.491	-1554.559	173.0677	1.238866
348	-1392.74	-1566.14	173.3998	0.9288138
354	-1379.116	-1552.595	173.4788	0.8376796
360	-1379.837	-1552.995	173.1583	1.161234
366	-1378.521	-1551.701	173.1796	1.142372
372	-1375.79	-1548.951	173.1611	1.158729
378	-1381.352	-1554.657	173.3055	1.025496
384	-1379.904	-1553.175	173.2707	1.058934
390	-1387.734	-1560.971	173.2372	1.090199
396	-1385.193	-1558.373	173.1804	1.141689
402	-1383.827	-1557.007	173.1804	1.141689
408	-1387.373	-1560.674	173.3008	1.030065
414	-1380.128	-1553.388	173.2596	1.069345
420	-1374.86	-1548.119	173.2596	1.069345
426	-1377.394	-1550.653	173.2596	1.069345
432	-1378.485	-1551.744	173.2596	1.069345
438	-1381.44	-1554.734	173.2942	1.036429
444	-1386.073	-1559.176	173.1023	1.209674
450	-1376.02	-1549.364	173.3433	0.9878988
456	-1396.185	-1569.252	173.0666	1.239792
462	-1383.848	-1557.084	173.2361	1.091268
468	-1390.158	-1563.394	173.2361	1.091268
474	-1379.033	-1552.091	173.0584	1.246715
480	-1383.594	-1556.926	173.3321	0.9991675
486	-1373.142	-1546.428	173.2859	1.044462
492	-1384.254	-1557.38	173.1256	1.189725
498	-1381.252	-1554.409	173.1566	1.162756
504	-1389.34	-1562.597	173.2572	1.07167
510	-1391.825	-1565.157	173.3323	0.9989833
516	-1389.788	-1563.095	173.307	1.024035
522	-1387.5	-1560.834	173.3339	0.997386
528	-1379.206	-1552.344	173.1377	1.179221
534	-1395.566	-1568.901	173.3342	0.9970289
540	-1389.263	-1562.361	173.0977	1.213591
546	-1395.08	-1568.267	173.1873	1.135519
552	-1391.754	-1564.841	173.0872	1.222498
558	-1395.489	-1568.679	173.1898	1.13332
564	-1403.919	-1577.145	173.2254	1.101079
570	-1399.743	-1572.944	173.2012	1.123088
576	-1399.464	-1572.702	173.2379	1.089576
582	-1394.615	-1567.852	173.2379	1.089576
588	-1389.478	-1562.716	173.2379	1.089576
594	-1385.501	-1558.758	173.2579	1.070978
600	-1386.357	-1559.508	173.151	1.167672
606	-1384.172	-1557.438	173.2663	1.063075
612	-1384.601	-1557.901	173.3	1.030786
618	-1383.287	-1556.536	173.2491	1.079168
624	-1380.45	-1553.57	173.1198	1.194647
630	-1380.12	-1553.317	173.1973	1.126619
636	-1386.456	-1559.653	173.1973	1.126619
642	-1387.984	-1561.219	173.2349	1.09234
648	-1393.871	-1566.914	173.0429	1.259579
654	-1384.76	-1557.984	173.2244	1.102022
660	-1388.185	-1561.53	173.3447	0.9864682
666	-1385.398	-1558.735	173.3377	0.9935968
672	-1384.448	-1557.792	173.3437	0.9875026
678	-1381.178	-1554.045	172.8669	1.400665
684	-1390.326	-1563.628	173.3026	1.028295
690	-1378.879	-1552.133	173.2539	1.074683
696	-1395.391	-1568.722	173.3308	1.000489
702	-1384.431	-1557.63	173.1986	1.125389
708	-1382.589	-1555.896	173.3079	1.023151
714	-1384.572	-1557.816	173.2445	1.083497
720	-1389.193	-1562.312	173.1187	1.195589
726	-1378.274	-1551.472	173.1985	1.125497
732	-1377.224	-1550.435	173.2113	1.113905
738	-1374.816	-1547.952	173.1355	1.181164
744	-1382.397	-1555.747	173.3501	0.9810193
750	-1386.892	-1560.102	173.2099	1.115202
756	-1383.336	-1556.495	173.1593	1.160392
762	-1383.188	-1556.292	173.1044	1.20783
768	-1388.15	-1561.254	173.1044	1.20783
774	-1383.3	-1556.541	173.2411	1.086604
780	-1392.96	-1566.169	173.2089	1.116098
786	-1405.434	-1578.719	173.2848	1.045509
792	-1396.816	-1570.062	173.2464	1.081756
798	-1391.633	-1564.826	173.1932	1.130262
804	-1387.53	-1560.76	173.2294	1.097469
810	-1379.756	-1553.023	173.2673	1.062118
816	-1385.196	-1558.417	173.221	1.105106
822	-1394.437	-1567.658	173.221	1.105106
828	-1391.097	-1564.485	173.3882	0.9413136
834	-1379.926	-1553.243	173.3173	1.013936
840	-1389.146	-1562.205	173.0596	1.245688
846	-1385.769	-1558.828	173.0596	1.245688
852	-1382.079	-1555.525	173.4465	0.8764458
858	-1372.352	-1545.449	173.0968	1.214337
864	-1377.095	-1550.445	173.3502	0.9808878
870	-1383.857	-1556.92	173.0633	1.242574
876	-1386.644	-1560.01	173.3666	0.9639734
882	-1387.69	-1560.904	173.2138	1.111702
888	-1380.605	-1553.89	173.2847	1.045568
894	-1376.982	-1550.267	173.2847	1.045568
900	-1393.756	-1566.784	173.0286	1.271402
906	-1389.566	-1562.517	172.9505	1.33475
912	-1387.832	-1561.073	173.2413	1.086411
918	-1395.767	-1568.911	173.1439	1.17379
924	-1388.738	-1561.927	173.1888	1.134177
930	-1388.769	-1561.865	173.0958	1.215214
936	-1382.528	-1555.815	173.2868	1.043587
942	-1381.736	-1554.968	173.2319	1.095082
948	-1375.367	-1548.77	173.4023	0.9260889
954	-1383.522	-1556.726	173.2043	1.120267
960	-1382.775	-1556.142	173.3671	0.9634849
966	-1378.976	-1552.134	173.1582	1.161362
972	-1385.959	-1559.403	173.4447	0.8785327
978	-1382.221	-1555.463	173.2416	1.086179
984	-1383.896	-1557.293	173.3969	0.9319109
990	-1386.946	-1560.222	173.2754	1.054453
996	-1390.467	-1563.658	173.1909	1.132319
1002	-1379.591	-1552.933	173.3422	0.9889794
1008	-1385.365	-1558.435	173.0707	1.236377
1014	-1389.64	-1562.833	173.1932	1.130273
1020	-1375.489	-1548.908	173.4196	0.907028
1026	-1379.495	-1552.609	173.1139	1.19977
1032	-1377.949	-1551.196	173.2472	1.080934
1038	-1386.33	-1559.583	173.2535	1.075073
1044	-1378.872	-1551.96	173.0886	1.221293
1050	-1390.126	-1563.461	173.3348	0.9964546
1056	-1391.34	-1564.42	173.0805	1.228117
1062	-1384.565	-1557.658	173.0923	1.218187
1068	-1378.714	-1551.806	173.0928	1.217744
1074	-1389.504	-1562.642	173.1377	1.179198
1080	-1384.089	-1557.41	173.3213	1.009922
1086	-1380.333	-1553.562	173.2283	1.098471
1092	-1394.043	-1567.087	173.0434	1.259168
1098	-1392.006	-1565.457	173.4511	0.8711373
1104	-1385.901	-1559.266	173.3656	0.9650399
1110	-1383.174	-1556.478	173.3043	1.026663
1116	-1375.092	-1548.371	173.2789	1.051162
1122	-1379.802	-1553.072	173.2701	1.059493
1128	-1379.141	-1552.373	173.2317	1.095355
1134	-1386.5	-1559.736	173.2359	1.091428
1140	-1382.481	-1555.655	173.1749	1.146593
1146	-1390.709	-1564.067	173.3579	0.9729867
1152	-1383.941	-1557.161	173.2195	1.106474
1158	-1378.635	-1551.844	173.2087	1.116279
1164	-1381.642	-1554.85	173.2087	1.116279
1170	-1375.865	-1548.885	173.0192	1.279134
1176	-1375.967	-1549.134	173.1667	1.15388
1182	-1381.542	-1554.732	173.1903	1.132863
1188	-1385.769	-1558.959	173.1903	1.132863
1194	-1385.485	-1558.856	173.3717	0.9586785
1200	-1388	-1561.163	173.1636	1.156566
1206	-1390.854	-1563.967	173.1134	1.200167
1212	-1383.715	-1556.945	173.2297	1.097156
1218	-1389.924	-1563.198	173.2734	1.056365
1224	-1379.961	-1553.214	173.2533	1.075253
1230	-1391.212	-1564.511	173.2991	1.031697
1236	-1398.752	-1572.187	173.4346	0.8901148
1242	-1387.018	-1560.194	173.176	1.145643
1248	-1396.38	-1569.622	173.2425	1.085297
1254	-1394.771	-1567.784	173.0131	1.284143
1260	-1397.473	-1570.77	173.2969	1.033842
1266	-1389.466	-1562.636	173.1693	1.151534
1272	-1384.461	-1557.796	173.3356	0.9956619
1278	-1391.191	-1564.344	173.1537	1.16527
1284	-1386.425	-1559.778	173.3533	0.977706
1290	-1389.469	-1562.698	173.2288	1.097976
1296	-1379.656	-1553.009	173.3539	0.9771604
1302	-1384.202	-1557.508	173.3055	1.025484
1308	-1391.781	-1565.179	173.3981	0.9306285
1314	-1390.562	-1563.82	173.2575	1.071333
1320	-1381.444	-1554.794	173.3507	0.9804351
1326	-1393.83	-1567.009	173.1782	1.143627
1332	-1388.13	-1561.514	173.3837	0.9460858
1338	-1393.449	-1566.739	173.2906	1.039907
1344	-1384.29	-1557.5	173.2106	1.114618
1350	-1372.932	-1546.195	173.263	1.066164
1356	-1382.233	-1555.6	173.3674	0.9632268
1362	-1386.769	-1560.003	173.2346	1.092614
1368	-1386.059	-1559.305	173.2452	1.082852
1374	-1387.684	-1561.104	173.4195	0.9072012
1380	-1387.578	-1560.873	173.2949	1.035726
1386	-1386.551	-1559.791	173.2395	1.088097
1392	-1380.862	-1554.055	173.1934	1.130081
1398	-1381.163	-1554.42	173.257	1.071799
1404	-1396.619	-1569.922	173.3033	1.027612
1410	-1390.127	-1563.507	173.38	0.9500326
1416	-1384.576	-1557.556	172.9804	1.310706
1422	-1387.332	-1560.544	173.2125	1.112858
1428	-1385.589	-1558.894	173.3054	1.025601
1434	-1386.271	-1559.707	173.4357	0.8888897
1440	-1383.653	-1556.994	173.3406	0.9906011
1446	-1389.122	-1562.364	173.2423	1.085504
1452	-1386.925	-1560.126	173.2012	1.123043
1458	-1382.776	-1556.088	173.3113	1.019786
1464	-1384.051	-1557.461	173.4107	0.9169243
1470	-1385.91	-1559.246	173.3363	0.9950052
1476	-1385.986	-1559.325	173.3385	0.9927584
1482	-1379.086	-1552.184	173.0973	1.213951
1488	-1381.423	-1554.644	173.2206	1.105524
1494	-1380.921	-1554.183	173.2622	1.066948
1500	-1382.533	-1555.767	173.2342	1.092983
1506	-1381.979	-1555.222	173.243	1.084909
1512	-1382.957	-1556.108	173.1511	1.167548
1518	-1390.075	-1563.123	173.0485	1.254925
1524	-1387.279	-1560.405	173.1262	1.189194
1530	-1391.054	-1563.879	172.8257	1.432497
1536	-1387.54	-1560.772	173.2312	1.095788
1542	-1391.833	-1565.083	173.25	1.078405
1548	-1383.923	-1557.173	173.25	1.078405
1554	-1383.35	-1556.761	173.4111	0.916488
1560	-1395.241	-1568.344	173.1035	1.208676
1566	-1388.376	-1561.628	173.2521	1.07642
1572	-1398.714	-1571.991	173.2778	1.052189
1578	-1386.378	-1559.536	173.1575	1.161906
1584	-1391.782	-1565.228	173.4466	0.8763132
1590	-1385.411	-1558.77	173.3592	0.9717061
1596	-1386.648	-1559.792	173.1432	1.174454
1602	-1398.056	-1571.447	173.3912	0.9381305
1608	-1399.634	-1572.611	172.9773	1.313275
1614	-1380.846	-1553.969	173.1226	1.192243
1620	-1378.932	-1552.026	173.0947	1.216163
1626	-1382.06	-1555.432	173.3718	0.958553
1632	-1390.249	-1563.433	173.1845	1.138064
1638	-1389.564	-1562.631	173.0667	1.239766
1644	-1383.839	-1557.222	173.383	0.9468202
1650	-1401.552	-1574.892	173.3404	0.9908218
1656	-1400.751	-1573.559	172.8081	1.445992
1662	-1389.883	-1563.068	173.1855	1.13715
1668	-1397.033	-1570.19	173.1565	1.162845
1674	-1394.449	-1567.868	173.4191	0.9075944
1680	-1393.951	-1567.176	173.2249	1.101518
1686	-1380.777	-1554.047	173.2696	1.059958
1692	-1376.515	-1549.629	173.1138	1.199874
1698	-1376.934	-1550.007	173.0722	1.235143
1704	-1378.19	-1551.467	173.2766	1.053325
1710	-1374.837	-1548.168	173.3305	1.000767
1716	-1386.722	-1559.996	173.2733	1.056461
1722	-1381.661	-1555.002	173.3405	0.9907047
1728	-1380.401	-1553.721	173.3199	1.011351
1734	-1377.652	-1550.873	173.2212	1.10493
1740	-1372.893	-1545.856	172.9626	1.325059
1746	-1371.605	-1544.903	173.2977	1.033074
1752	-1384.059	-1557.197	173.1376	1.179342
1758	-1386.806	-1559.944	173.1376	1.179342
1764	-1385.616	-1558.842	173.2266	1.099948
1770	-1391.069	-1564.379	173.3094	1.021626
1776	-1391.983	-1565.247	173.264	1.065285
1782	-1400.723	-1573.907	173.1839	1.138598
1788	-1390.669	-1564.014	173.3451	0.9860583
1794	-1393.992	-1567.3	173.3085	1.022536
1800	-1387.371	-1560.544	173.1728	1.148468
1806	-1395.552	-1568.813	173.2611	1.067947
1812	-1382.79	-1556.086	173.2958	1.0349
1818	-1386.253	-1559.456	173.2026	1.121859
1824	-1388.366	-1561.526	173.1601	1.159693
1830	-1390.213	-1563.507	173.2937	1.03693
1836	-1387.744	-1560.893	173.149	1.169399
1842	-1387.929	-1561.207	173.2783	1.051737
1848	-1390.032	-1563.305	173.2732	1.056586
1854	-1389.746	-1562.854	173.1075	1.205226
1860	-1379.328	-1552.654	173.3264	1.00488
1866	-1384.853	-1558.015	173.1616	1.158293
1872	-1394.681	-1567.839	173.1576	1.161838
1878	-1388.209	-1561.367	173.1576	1.161838
1884	-1392.052	-1565.231	173.1783	1.143546
1890	-1394.231	-1567.403	173.1714	1.149666
1896	-1393.809	-1566.852	173.0429	1.259546
1902	-1389.523	-1562.807	173.2835	1.046724
1908	-1395.716	-1568.849	173.133	1.183311
1914	-1383.484	-1556.746	173.2617	1.067386
1920	-1404.123	-1577.3	173.1766	1.145122
1926	-1387.05	-1560.227	173.1766	1.145122
1932	-1404.945	-1578.14	173.1951	1.128529
1938	-1388.159	-1561.365	173.2052	1.119478
1944	-1382.498	-1555.678	173.1801	1.141985
1950	-1392.09	-1565.144	173.0537	1.250642
1956	-1389.824	-1563.032	173.2087	1.116286
1962	-1392.246	-1565.426	173.1804	1.141672
1968	-1393.665	-1566.986	173.3213	1.00995
1974	-1389.459	-1562.691	173.2324	1.094677
1980	-1384.888	-1558.12	173.2324	1.094677
1986	-1384.015	-1557.16	173.1443	1.173446
1992	-1375.04	-1548.166	173.1254	1.189819
1998	-1383.728	-1556.792	173.0638	1.242131
2004	-1387.627	-1560.855	173.2273	1.099326
2010	-1394.573	-1567.81	173.2364	1.091019
2016	-1389.762	-1562.667	172.9046	1.371155
2022	-1384.567	-1557.787	173.22	1.106063
2028	-1385.666	-1559.098	173.4314	0.8938178
2034	-1383.403	-1556.58	173.177	1.144737
2040	-1384.521	-1557.72	173.1991	1.124948
2046	-1387.835	-1560.928	173.0937	1.216996
2052	-1385.716	-1558.82	173.1043	1.207974
2058	-1381.565	-1554.82	173.2554	1.073309
2064	-1389.6	-1562.888	173.2881	1.042353
2070	-1388.654	-1561.789	173.1354	1.181218
2076	-1389.577	-1562.777	173.2002	1.124013
2082	-1393.02	-1566.365	173.3446	0.9865777
2088	-1389.221	-1562.384	173.1635	1.156694
2094	-1391.266	-1564.448	173.1823	1.140029
2100	-1385.82	-1559.002	173.1823	1.140029
2106	-1395.541	-1568.615	173.0738	1.233746
2112	-1398.129	-1571.365	173.2354	1.091905
2118	-1398.616	-1571.847	173.2309	1.096001
2124	-1395.861	-1568.804	172.9429	1.3408
2130	-1388.202	-1561.366	173.1646	1.155702
2136	-1381.274	-1554.554	173.2801	1.049928
2142	-1389.814	-1563.067	173.2533	1.075259
2148	-1386.63	-1559.887	173.2569	1.071929
2154	-1383.38	-1556.538	173.1585	1.16107
2160	-1374.594	-1547.736	173.1414	1.175993
2166	-1372.664	-1545.872	173.2078	1.117145
2172	-1386.478	-1559.741	173.2635	1.06576
2178	-1392.765	-1566.096	173.3313	0.9999975
2184	-1388.977	-1562.176	173.1985	1.125525
2190	-1388.857	-1562.09	173.2324	1.094669
2196	-1386.363	-1559.48	173.1167	1.197327
2202	-1386.857	-1560.17	173.3133	1.017803
2208	-1388.283	-1561.422	173.1389	1.178179
2214	-1385.785	-1559.056	173.2711	1.058561
2220	-1389.059	-1562.344	173.2854	1.044865
2226	-1379.535	-1552.747	173.2113	1.113911
2232	-1376.191	-1549.633	173.4419	0.8817625
2238	-1374.628	-1547.915	173.2861	1.044275
2244	-1388.386	-1561.748	173.3611	0.9696705
2250	-1382.976	-1556.15	173.1747	1.146731
2256	-1391.762	-1565.014	173.2524	1.076087
2262	-1384.763	-1558.133	173.3705	0.9600092
2268	-1388.147	-1561.299	173.1515	1.167154
2274	-1376.61	-1549.933	173.3237	1.00753
2280	-1381.599	-1554.818	173.2193	1.106689
2286	-1398.06	-1571.25	173.1904	1.132734
2292	-1404.335	-1577.718	173.3826	0.9472911
2298	-1397.036	-1570.258	173.2222	1.104045
2304	-1388.223	-1561.418	173.1956	1.128085
2310	-1394.24	-1567.251	173.0114	1.285494
2316	-1389.928	-1563.235	173.3067	1.024259
2322	-1388.617	-1562.024	173.407	0.9210309
2328	-1379.518	-1552.833	173.3147	1.016482
2334	-1387.724	-1560.939	173.2154	1.110178
2340	-1381.127	-1554.336	173.2093	1.115761
2346	-1395.973	-1569.168	173.1951	1.128551
2352	-1397.176	-1570.34	173.1648	1.155493
2358	-1388.98	-1562.248	173.2679	1.061548
2364	-1392.857	-1565.975	173.1175	1.19665
2370	-1388.371	-1561.631	173.2603	1.068685
2376	-1391.05	-1564.31	173.2603	1.068685
2382	-1389.727	-1562.937	173.2101	1.115072
2388	-1386.836	-1559.989	173.1531	1.165767
2394	-1406.481	-1579.634	173.1531	1.165767
2400	-1395.212	-1568.39	173.1781	1.143764
2406	-1390.312	-1563.613	173.3018	1.029074
2412	-1386.728	-1560.102	173.3741	0.9561882
2418	-1381.839	-1555.141	173.3018	1.029031
2424	-1383.807	-1557.089	173.2818	1.048319
2430	-1378.762	-1552.171	173.409	0.9187682
2436	-1384.434	-1557.856	173.4222	0.9041429
2442	-1385.587	-1558.882	173.2944	1.036194
2448	-1387.542	-1560.79	173.2478	1.080412
2454	-1397.418	-1570.666	173.2478	1.080412
2460	-1397.031	-1570.168	173.1369	1.179922
2466	-1388.029	-1561.294	173.2651	1.06421
2472	-1381.51	-1554.768	173.2585	1.070451
2478	-1376.768	-1550.026	173.2585	1.070451
2484	-1383.456	-1556.414	172.9573	1.32929
2490	-1383.508	-1556.721	173.2133	1.112116
2496	-1387.594	-1560.67	173.0762	1.231734
2502	-1387.545	-1560.77	173.2245	1.101892
2508	-1382.575	-1555.889	173.3136	1.017565
2514	-1377.403	-1550.592	173.189	1.134015
2520	-1377.278	-1550.517	173.2387	1.088816
2526	-1385.987	-1559.312	173.325	1.006254
2532	-1395.604	-1568.929	173.325	1.006254
2538	-1387.966	-1561.12	173.1534	1.165499
2544	-1390.874	-1564.202	173.3277	1.003548
2550	-1396.686	-1569.509	172.8233	1.434369
2556	-1397.402	-1570.671	173.2683	1.06118
2562	-1390.692	-1563.942	173.2501	1.078258
2568	-1378.727	-1552.074	173.347	0.9841097
2574	-1378.705	-1552.059	173.3541	0.9769522
2580	-1377.991	-1551.162	173.1707	1.150284
2586	-1376.859	-1550.247	173.3882	0.941315
2592	-1375.965	-1549.385	173.4201	0.9065199
2598	-1369.479	-1542.731	173.2518	1.076665
2604	-1377.567	-1550.887	173.3199	1.011323
2610	-1377.876	-1550.976	173.1006	1.211122
2616	-1384.434	-1557.607	173.1722	1.148972
2622	-1393.826	-1567.075	173.2492	1.07909
2628	-1391.687	-1564.85	173.1637	1.156488
2634	-1377.555	-1550.843	173.2875	1.042892
2640	-1379.702	-1552.959	173.2566	1.072159
2646	-1388.492	-1561.638	173.1456	1.172348
2652	-1378.012	-1551.427	173.4153	0.9119046
2658	-1378.694	-1552.088	173.394	0.93504
2664	-1371.695	-1545.06	173.3645	0.9662088
2670	-1372.911	-1546.196	173.2854	1.04488
2676	-1386.061	-1559.346	173.2854	1.04488
2682	-1397.478	-1570.37	172.8919	1.38117
2688	-1399.323	-1572.548	173.2258	1.100681
2694	-1401.086	-1574.256	173.1704	1.150551
2700	-1387.34	-1560.585	173.2455	1.082547
2706	-1399.233	-1572.561	173.3277	1.003545
2712	-1393.864	-1567.029	173.1646	1.155674
2718	-1390.066	-1563.351	173.2855	1.044827
2724	-1385.297	-1558.627	173.3295	1.001771
2730	-1377.987	-1551.252	173.2651	1.064247
2736	-1385.443	-1558.738	173.2946	1.036011
2742	-1377.185	-1550.55	173.3643	0.9663572
2748	-1376.551	-1549.861	173.31	1.021032
2754	-1383.006	-1556.156	173.1496	1.168848
2760	-1385.4	-1558.549	173.1496	1.168848
2766	-1385.03	-1558.354	173.3237	1.007542
2772	-1388.148	-1561.486	173.3381	0.9931551
2778	-1391.821	-1565.164	173.3429	0.9883378
2784	-1392.242	-1565.343	173.1012	1.210619
2790	-1375.305	-1548.566	173.2611	1.067958
2796	-1377.799	-1551.025	173.226	1.100548
2802	-1381.263	-1554.472	173.2086	1.116388
2808	-1388.191	-1561.662	173.4711	0.8471355
2814	-1385.428	-1558.572	173.1435	1.174206
2820	-1390.313	-1563.585	173.2717	1.057918
2826	-1388.427	-1561.701	173.2743	1.055473
2832	-1383.71	-1556.879	173.1691	1.151755
2838	-1395.647	-1568.949	173.3024	1.028526
2844	-1396.54	-1569.747	173.2062	1.118556
2850	-1400.565	-1573.687	173.1219	1.19289
2856	-1394.831	-1568.018	173.1878	1.135124
2862	-1394.118	-1567.353	173.2347	1.092571
2868	-1396.129	-1569.363	173.2347	1.092571
2874	-1393.683	-1567.041	173.3586	0.972325
2880	-1388.16	-1561.209	173.0492	1.254329
2886	-1396.519	-1569.793	173.2736	1.056121
2892	-1401.517	-1574.766	173.2485	1.07975
2898	-1391.106	-1564.403	173.2975	1.033287
2904	-1389.029	-1562.262	173.2331	1.094026
2910	-1393.833	-1566.969	173.1354	1.181179
2916	-1380.706	-1554.011	173.3055	1.025437
2922	-1385.649	-1559.057	173.4083	0.9195991
2928	-1387.835	-1560.888	173.053	1.251183
2934	-1375.083	-1548.38	173.2971	1.033611
2940	-1385.324	-1558.621	173.2971	1.033611
2946	-1381.424	-1554.726	173.3025	1.028403
2952	-1373.455	-1546.801	173.3459	0.9852902
2958	-1381.999	-1555.148	173.1489	1.169422
2964	-1399.414	-1572.751	173.337	0.9943006
2970	-1398.382	-1571.595	173.2129	1.112453
2976	-1388.222	-1561.435	173.2129	1.112453
2982	-1391.069	-1564.284	173.2149	1.110708
2988	-1388.903	-1562.022	173.1198	1.194692
2994	-1388.446	-1561.718	173.2724	1.05729
3000	-1375.102	-1548.372	173.2692	1.060318
3006	-1373.089	-1546.413	173.3235	1.007779
3012	-1373.818	-1547.141	173.3235	1.007779
3018	-1381.133	-1554.457	173.3235	1.007779
3024	-1385.078	-1558.255	173.1763	1.145312
3030	-1393.451	-1566.448	172.9968	1.297459
3036	-1382.167	-1555.302	173.1356	1.181025
3042	-1381.005	-1554.141	173.1356	1.181025
3048	-1379.911	-1553.066	173.1549	1.164175
3054	-1376.216	-1549.437	173.221	1.105097
3060	-1388.555	-1561.753	173.1982	1.125808
3066	-1388.161	-1561.428	173.2671	1.062295
3072	-1391.742	-1565.167	173.4248	0.9013149
3078	-1387.827	-1561.094	173.2671	1.062345
3084	-1381.678	-1554.827	173.1489	1.169424
3090	-1387.127	-1560.596	173.4687	0.8500949
3096	-1373.98	-1547.262	173.282	1.048172
3102	-1386.001	-1559.341	173.3402	0.9910858
3108	-1393.123	-1566.548	173.4251	0.9009793
3114	-1396.661	-1569.706	173.0448	1.258006
3120	-1389.85	-1563.097	173.2474	1.080765
3126	-1396.826	-1570.074	173.2474	1.080765
3132	-1388.303	-1561.452	173.149	1.169338
3138	-1391.371	-1564.688	173.3164	1.014746
3144	-1389.12	-1562.146	173.0262	1.273351
3150	-1379.648	-1552.856	173.2077	1.117172
3156	-1377.767	-1550.741	172.9742	1.315726
3162	-1393.201	-1566.476	173.2743	1.055536
3168	-1398.027	-1571.038	173.0116	1.285394
3174	-1395.019	-1568.159	173.1406	1.176725
3180	-1396.749	-1570.013	173.2642	1.065083
3186	-1384.121	-1557.297	173.1757	1.145918
3192	-1392.263	-1565.46	173.1963	1.1275
3198	-1382.476	-1555.662	173.1854	1.137213
3204	-1381.59	-1554.894	173.304	1.026905
3210	-1387.62	-1560.859	173.239	1.088532
3216	-1384.753	-1557.886	173.1332	1.183124
3222	-1385.38	-1558.573	173.1931	1.130338
3228	-1392.182	-1565.497	173.3151	1.016094
3234	-1392.977	-1566.254	173.2775	1.052497
3240	-1383.146	-1556.45	173.3039	1.026996
3246	-1389.334	-1562.753	173.4196	0.9071109
3252	-1378.726	-1551.911	173.1858	1.136874
3258	-1384.471	-1557.607	173.1364	1.180328
3264	-1394.493	-1567.629	173.1364	1.180328
3270	-1392.428	-1565.573	173.1451	1.172822
3276	-1390.503	-1563.876	173.3725	0.9578415
3282	-1386.824	-1560.085	173.2612	1.067878
3288	-1393.88	-1567.114	173.2333	1.093797
3294	-1395.298	-1568.672	173.3741	0.9561826
3300	-1384.413	-1557.807	173.3942	0.9348302
3306	-1379.177	-1552.562	173.3856	0.9440646
3312	-1389.521	-1562.59	173.0686	1.238148
3318	-1385.538	-1558.817	173.2794	1.050624
3324	-1389.341	-1562.725	173.3838	0.9459233
3330	-1383.276	-1556.557	173.2811	1.049043
3336	-1386.132	-1559.334	173.2023	1.122127
3342	-1381.624	-1554.93	173.3061	1.024908
3348	-1386.282	-1559.5	173.2183	1.107568
3354	-1386.651	-1560.026	173.375	0.955298
3360	-1388.523	-1561.898	173.375	0.955298
3366	-1396.474	-1569.719	173.2445	1.083466
3372	-1392.491	-1565.792	173.3012	1.029689
3378	-1385.997	-1559.259	173.2615	1.067584
3384	-1382.948	-1556.113	173.1651	1.155225
3390	-1399.604	-1572.717	173.1127	1.20078
3396	-1379.36	-1552.573	173.2135	1.111904
3402	-1388.358	-1561.427	173.0681	1.238554
3408	-1385.373	-1558.74	173.3673	0.9632626
3414	-1383.472	-1556.702	173.2294	1.097427
3420	-1389.518	-1562.82	173.3018	1.029115
3426	-1391.717	-1565.018	173.3018	1.029115
3432	-1392.159	-1565.42	173.2611	1.068002
3438	-1389.911	-1562.933	173.0223	1.276565
3444	-1383.217	-1556.447	173.2302	1.09671
3450	-1382.53	-1555.79	173.2593	1.069626
3456	-1380.262	-1553.374	173.1117	1.201618
3462	-1385.89	-1559.121	173.2311	1.095899
3468	-1377.536	-1550.725	173.1885	1.134482
3474	-1398.074	-1571.384	173.3104	1.020705
3480	-1394.682	-1567.909	173.2269	1.099731
3486	-1386.668	-1559.895	173.2269	1.099731
3492	-1404.164	-1577.392	173.2284	1.098306
3498	-1386.294	-1559.507	173.2128	1.112605
3504	-1386.195	-1559.36	173.1655	1.1549
3510	-1379.397	-1552.449	173.0521	1.25197
3516	-1373.999	-1547.148	173.1497	1.168734
3522	-1378.466	-1551.627	173.1614	1.158542
3528	-1367.362	-1540.524	173.1614	1.158542
3534	-1382.534	-1555.819	173.2845	1.045761
3540	-1387.969	-1561.088	173.1195	1.194978
3546	-1378.962	-1552.127	173.1651	1.155229
3552	-1390.204	-1563.553	173.3493	0.9818491
3558	-1385.29	-1558.455	173.1652	1.155159
3564	-1382.798	-1556.085	173.2874	1.042958
3570	-1380.786	-1554.139	173.3534	0.9776527
3576	-1385.745	-1558.999	173.2543	1.07435
3582	-1382.228	-1555.637	173.4088	0.9190179
3588	-1388.897	-1562.306	173.4088	0.9190179
3594	-1384.617	-1557.912	173.2954	1.035297
3600	-1400.853	-1574.138	173.285	1.045253
3606	-1392.566	-1565.871	173.3053	1.02563
3612	-1380.761	-1554.007	173.246	1.082121
3618	-1382.807	-1556.094	173.2866	1.043783
3624	-1385.156	-1558.173	173.0175	1.280556
3630	-1383.39	-1556.683	173.2931	1.037519
3636	-1382.86	-1556.097	173.2366	1.090825
3642	-1385.919	-1559.156	173.2366	1.090825
3648	-1384.975	-1558.172	173.197	1.126871
3654	-1389.193	-1562.415	173.2226	1.103656
3660	-1401.003	-1574.307	173.3035	1.027422
3666	-1408.871	-1581.957	173.0865	1.223115
3672	-1404.251	-1577.487	173.236	1.091306
3678	-1394.715	-1567.858	173.1432	1.174424
3684	-1383.793	-1557.101	173.3075	1.023523
3690	-1377.507	-1550.772	173.2655	1.063794
3696	-1381.168	-1554.396	173.2288	1.09799
3702	-1386.619	-1559.845	173.2262	1.100327
3708	-1392.279	-1565.455	173.1765	1.145135
3714	-1382.837	-1556.045	173.2078	1.117097
3720	-1380.361	-1553.569	173.2078	1.117097
3726	-1383.156	-1556.401	173.2454	1.082639
3732	-1388.411	-1561.825	173.4135	0.9138249
3738	-1379.273	-1552.645	173.3719	0.9584615
3744	-1387.648	-1560.804	173.1562	1.163033
3750	-1390.321	-1563.494	173.1737	1.147686
3756	-1385.546	-1558.878	173.3318	0.9995079
3762	-1394.868	-1568.127	173.2592	1.069758
3768	-1392.334	-1565.74	173.4056	0.9225045
3774	-1396.334	-1569.707	173.3733	0.9570075
3780	-1390.272	-1563.556	173.2834	1.046864
3786	-1389.944	-1563.227	173.2834	1.046864
3792	-1383.363	-1556.647	173.2834	1.046864
3798	-1390.658	-1563.873	173.2155	1.110134
3804	-1386.781	-1560.036	173.2549	1.073794
3810	-1382.518	-1555.81	173.2928	1.037832
3816	-1377.595	-1550.849	173.2538	1.074788
3822	-1381.157	-1554.325	173.1678	1.152838
3828	-1381.35	-1554.573	173.2228	1.103504
3834	-1391.127	-1564.256	173.1292	1.186542
3840	-1389.328	-1562.615	173.2871	1.043257
3846	-1389.292	-1562.533	173.2411	1.086661
3852	-1391.132	-1564.352	173.2209	1.105171
3858	-1379.904	-1553.122	173.2178	1.108075
3864	-1380.307	-1553.507	173.1999	1.12429
3870	-1377.326	-1550.726	173.3999	0.9286615
3876	-1375.63	-1548.963	173.3328	0.998515
3882	-1382.163	-1555.349	173.1866	1.136143
3888	-1384.759	-1558.07	173.3113	1.019784
3894	-1382.674	-1556.031	173.3573	0.9736605
3900	-1381.504	-1554.722	173.2175	1.108346
3906	-1382.198	-1555.256	173.0585	1.24658
3912	-1376.821	-1549.968	173.1467	1.171417
3918	-1371.344	-1544.608	173.2645	1.064805
3924	-1378.894	-1552.124	173.23	1.09686
3930	-1385.527	-1558.815	173.2881	1.042266
3936	-1378.049	-1551.315	173.2659	1.063444
3942	-1384.569	-1557.835	173.2659	1.063444
3948	-1390.161	-1563.257	173.0955	1.21545
3954	-1393.699	-1566.837	173.1382	1.178799
3960	-1391.86	-1564.809	172.9496	1.335488
3966	-1377.156	-1550.538	173.3821	0.9477643
3972	-1385.04	-1558.194	173.1539	1.165059
3978	-1392.633	-1565.865	173.2318	1.09526
3984	-1383.881	-1557.122	173.2414	1.086335
3990	-1386.126	-1559.286	173.1601	1.15964
3996	-1388.184	-1561.565	173.3813	0.9486095
4002	-1390.488	-1563.714	173.2261	1.100422
4008	-1411.338	-1584.425	173.0867	1.222936
4014	-1390.838	-1564.078	173.2396	1.088063
4020	-1395.766	-1568.858	173.0915	1.218808
4026	-1395.098	-1568.367	173.2682	1.061255
4032	-1391.601	-1564.739	173.1381	1.178849
4038	-1387.364	-1560.509	173.1454	1.172483
4044	-1388.497	-1561.804	173.3074	1.023618
4050	-1387.532	-1560.752	173.2201	1.105925
4056	-1382.748	-1556.002	173.254	1.074623
4062	-1392.693	-1566.058	173.3655	0.9651671
4068	-1393.227	-1566.512	173.2847	1.045572
4074	-1391.945	-1565.133	173.1882	1.13471
4080	-1380.993	-1554.148	173.155	1.16416
4086	-1387.555	-1560.71	173.155	1.16416
4092	-1386.938	-1560.109	173.1705	1.150512
4098	-1387.47	-1560.641	173.1705	1.150512
4104	-1387.869	-1561.048	173.1787	1.143193
4110	-1380.277	-1553.439	173.1625	1.157572
4116	-1379.196	-1552.387	173.1905	1.132643
4122	-1381.689	-1554.915	173.2263	1.100279
4128	-1372.736	-1545.958	173.2216	1.104536
4134	-1374.806	-1548.08	173.2741	1.055648
4140	-1379.203	-1552.608	173.4054	0.9227166
4146	-1388.524	-1561.71	173.1859	1.136823
4152	-1382.283	-1555.5	173.2166	1.109159
4158	-1387.631	-1560.898	173.2676	1.061863
4164	-1385.709	-1558.924	173.2151	1.110501
4170	-1379.178	-1552.346	173.1677	1.152962
4176	-1381.993	-1555.25	173.257	1.071854
4182	-1388.116	-1561.25	173.1338	1.182619
4188	-1393.886	-1566.909	173.0232	1.275868
4194	-1397.728	-1570.725	172.9972	1.297102
4200	-1391.446	-1564.73	173.2837	1.046499
4206	-1377.484	-1550.715	173.2304	1.096494
4212	-1379.849	-1553.171	173.3219	1.009347
4218	-1385.262	-1558.481	173.219	1.106946
4224	-1388.121	-1561.274	173.153	1.165861
4230	-1391.132	-1564.286	173.1538	1.16516
4236	-1386.622	-1559.754	173.1319	1.18421
4242	-1379.796	-1553.106	173.3097	1.021387
4248	-1391.714	-1564.924	173.2099	1.115241
4254	-1392.583	-1565.897	173.314	1.017157
4260	-1390.787	-1563.999	173.2118	1.113521
4266	-1385.935	-1559.244	173.3088	1.022266
4272	-1389.961	-1563.02	173.0593	1.245954
4278	-1386.412	-1559.542	173.1297	1.186172
4284	-1376.896	-1550.229	173.3326	0.9987319
4290	-1375.198	-1548.483	173.2853	1.045025
4296	-1375.499	-1548.725	173.2258	1.100763
4302	-1378.113	-1551.357	173.2441	1.08381
4308	-1377.55	-1550.794	173.2441	1.08381
4314	-1382.334	-1555.478	173.1434	1.174221
4320	-1379.471	-1552.682	173.211	1.114212
4326	-1382.463	-1555.765	173.3016	1.029224
4332	-1386.522	-1559.84	173.3183	1.012911
4338	-1386.632	-1559.694	173.0625	1.243245
4344	-1375.674	-1548.939	173.2644	1.064843
4350	-1381.107	-1554.241	173.134	1.18243
4356	-1376.386	-1549.744	173.3583	0.9725647
4362	-1377.663	-1550.861	173.1985	1.125525
4368	-1379.059	-1552.371	173.3119	1.019229
4374	-1379.155	-1552.535	173.3805	0.94945
4380	-1384.425	-1557.758	173.3327	0.9985528
4386	-1380.851	-1554.079	173.2286	1.098132
4392	-1370.735	-1544.007	173.2721	1.057622
4398	-1382.587	-1555.942	173.3546	0.9763856
4404	-1380.019	-1553.327	173.3077	1.023347
4410	-1380.161	-1553.436	173.2746	1.055181
4416	-1383.593	-1556.701	173.1076	1.20515
4422	-1393.174	-1566.355	173.1815	1.140755
4428	-1391.948	-1565.129	173.1815	1.140755
4434	-1391.504	-1564.713	173.2089	1.116104
4440	-1395.527	-1568.8	173.2734	1.056387
4446	-1399.375	-1572.648	173.2734	1.056387
4452	-1396.731	-1570.094	173.3635	0.9671935
4458	-1388.974	-1562.237	173.263	1.066227
4464	-1392.509	-1565.742	173.2332	1.093902
4470	-1392.192	-1565.425	173.2332	1.093902
4476	-1404.682	-1578.055	173.3733	0.9570486
4482	-1401.722	-1574.957	173.2358	1.0915
4488	-1395.575	-1568.856	173.2819	1.048269
4494	-1381.493	-1554.822	173.3292	1.002057
4500	-1373.184	-1546.36	173.1756	1.145957
4506	-1385.138	-1558.33	173.1914	1.13191
4512	-1392.567	-1565.689	173.1218	1.192946
4518	-1385.515	-1558.879	173.3637	0.9669805
4524	-1386.081	-1559.213	173.1321	1.184053
4530	-1398.488	-1571.894	173.4054	0.9227354
4536	-1389.497	-1562.712	173.2153	1.11034
4542	-1388.476	-1561.701	173.2252	1.10124
4548	-1388.877	-1561.998	173.1218	1.192955
4554	-1379.077	-1552.274	173.1972	1.126664
4560	-1400.017	-1573.214	173.1972	1.126664
4566	-1393.33	-1566.603	173.2736	1.056117
4572	-1388.79	-1561.728	172.9383	1.344482
4578	-1389.903	-1562.841	172.9383	1.344482
4584	-1385.356	-1558.559	173.2035	1.120958
4590	-1380.699	-1554.015	173.3157	1.015439
4596	-1376.497	-1549.619	173.1218	1.192924
4602	-1383.984	-1557.272	173.2876	1.042777
4608	-1383.681	-1556.867	173.1855	1.137184
4614	-1382.212	-1555.507	173.2945	1.036126
4620	-1384.291	-1557.491	173.1999	1.124236
4626	-1387.212	-1560.382	173.1695	1.151391
4632	-1384.962	-1558.25	173.2883	1.042167
4638	-1380.004	-1553.189	173.1852	1.137452
4644	-1371.479	-1544.68	173.2013	1.123019
4650	-1381.369	-1554.648	173.2788	1.051181
4656	-1393.327	-1566.634	173.3067	1.02425
4662	-1392.685	-1565.975	173.29	1.040486
4668	-1391.434	-1564.682	173.2482	1.08005
4674	-1383.221	-1556.408	173.1875	1.135341
4680	-1383.866	-1557.234	173.3684	0.9621005
4686	-1382.542	-1555.557	173.0147	1.282846
4692	-1388.928	-1562.244	173.3157	1.015427
4698	-1399.929	-1573.248	173.3187	1.012485
4704	-1416.748	-1590.018	173.2697	1.059828
4710	-1398.515	-1571.733	173.2186	1.10728
4716	-1395.411	-1568.626	173.2159	1.109803
4722	-1397.694	-1570.613	172.9192	1.35963
4728	-1394.919	-1568.103	173.1842	1.138315
4734	-1400.577	-1573.756	173.1792	1.142736
4740	-1381.916	-1555.189	173.2726	1.057132
4746	-1382.277	-1555.528	173.2508	1.077641
4752	-1384.594	-1557.533	172.9387	1.34416
4758	-1392.035	-1565.008	172.9728	1.316876
4764	-1384.776	-1557.941	173.1648	1.155551
4770	-1380.702	-1553.95	173.2484	1.079815
4776	-1381.545	-1554.675	173.1295	1.186298
4782	-1391.057	-1564.353	173.2962	1.034458
4788	-1395.978	-1569.116	173.1379	1.179026
4794	-1399.193	-1572.425	173.2328	1.094318
4800	-1397.766	-1570.915	173.1493	1.169144
4806	-1401.016	-1574.166	173.1493	1.169144
4812	-1396.922	-1570.295	173.373	0.9573821
4818	-1399.185	-1572.476	173.2902	1.040302
4824	-1395.865	-1569.025	173.1602	1.159535
4830	-1409.353	-1582.582	173.2292	1.09763
4836	-1391.233	-1564.555	173.3218	1.009447
4842	-1401.092	-1574.381	173.2886	1.041856
4848	-1394.351	-1567.64	173.2886	1.041856
4854	-1387.595	-1560.916	173.3206	1.0106
4860	-1387.846	-1561.21	173.3648	0.9659022
4866	-1388.966	-1562.331	173.3648	0.9659022
4872	-1387.235	-1560.414	173.1799	1.142186
4878	-1373.555	-1546.758	173.203	1.121475
4884	-1376.894	-1550.097	173.203	1.121475
4890	-1385.119	-1558.384	173.2644	1.064874
4896	-1396.894	-1570.233	173.3395	0.9917599
4902	-1408.03	-1581.257	173.2272	1.099461
4908	-1392.882	-1566.187	173.3056	1.025341
4914	-1392.142	-1565.234	173.092	1.218429
4920	-1380.916	-1554.165	173.2494	1.078921
4926	-1384.327	-1557.576	173.2494	1.078921
4932	-1392.942	-1566.314	173.3718	0.9585865
4938	-1382.801	-1555.953	173.1518	1.166892
4944	-1383.469	-1556.792	173.3233	1.007999
4950	-1393.518	-1566.712	173.1932	1.130248
4956	-1397.461	-1570.546	173.0853	1.224081
4962	-1396.602	-1569.606	173.0045	1.291184
4968	-1393.274	-1566.435	173.1608	1.159022
4974	-1383.745	-1556.996	173.2507	1.077712
4980	-1389.891	-1563.236	173.3454	0.9857743
4986	-1397.552	-1570.673	173.1207	1.193866
4992	-1389.668	-1562.878	173.2104	1.114721
4998	-1378.85	-1552.061	173.2104	1.114721
5004	-1386.828	-1560.01	173.1819	1.140328
5010	-1384.652	-1557.912	173.2595	1.069514
5016	-1402.648	-1575.972	173.3239	1.007367
5022	-1384.268	-1557.443	173.1757	1.145837
5028	-1375.943	-1549.116	173.1727	1.148497
5034	-1377.097	-1550.412	173.3151	1.01606
5040	-1381.469	-1554.516	173.0467	1.25642
5046	-1378.7	-1551.8	173.1005	1.211206
5052	-1371.945	-1545.343	173.3977	0.9310593
5058	-1373.404	-1546.847	173.4432	0.8802857
5064	-1375.088	-1548.244	173.1556	1.163598
5070	-1379.501	-1552.595	173.0941	1.216629
5076	-1390.774	-1563.868	173.0941	1.216629
5082	-1398.897	-1572.197	173.3	1.030831
5088	-1383.234	-1556.515	173.2813	1.048782
5094	-1378.36	-1551.713	173.3528	0.9782636
5100	-1404.462	-1577.572	173.1095	1.203536
5106	-1393.944	-1567.26	173.3156	1.015584
5112	-1381.358	-1554.733	173.375	0.9552379
5118	-1380.067	-1553.159	173.0915	1.21884
5124	-1385.257	-1558.524	173.2672	1.062195
5130	-1386.291	-1559.558	173.2672	1.062195
5136	-1375.868	-1549.149	173.2812	1.04892
5142	-1385.557	-1558.925	173.3688	0.9617148
5148	-1383.921	-1557.085	173.1632	1.156889
5154	-1386.547	-1559.775	173.2281	1.098591
5160	-1392.42	-1565.648	173.2281	1.098591
5166	-1396.65	-1569.77	173.12	1.19453
5172	-1387.265	-1560.46	173.1953	1.128399
5178	-1392.755	-1566.025	173.2694	1.0601
5184	-1380.73	-1554.059	173.3292	1.00212
5190	-1392.248	-1565.498	173.2498	1.078555
5196	-1387.785	-1560.94	173.1547	1.164365
5202	-1397.424	-1570.64	173.2164	1.109274
5208	-1387.195	-1560.478	173.2838	1.04648
5214	-1383.4	-1556.517	173.1165	1.197506
5220	-1382.619	-1555.879	173.2596	1.069428
5226	-1387.923	-1561.183	173.2596	1.069428
5232	-1384.524	-1557.691	173.1674	1.153182
5238	-1387.586	-1560.994	173.4081	0.9197357
5244	-1394.509	-1567.735	173.2253	1.101213
5250	-1393.927	-1566.853	172.9265	1.353909
5256	-1397.865	-1571.203	173.3376	0.9936731
5262	-1396.254	-1569.513	173.2584	1.070547
5268	-1395.671	-1568.925	173.2539	1.074711
5274	-1387.397	-1560.664	173.2673	1.062107
5280	-1386.951	-1560.21	173.2588	1.070087
5286	-1382.192	-1555.344	173.1526	1.1662
5292	-1381.985	-1555.17	173.1843	1.138216
5298	-1386.214	-1559.399	173.1843	1.138216
5304	-1385.086	-1558.49	173.4042	0.9240797
5310	-1389.846	-1562.919	173.0724	1.235
5316	-1387.019	-1560.356	173.3372	0.9940653
5322	-1394.1	-1567.341	173.2406	1.087099
5328	-1389.39	-1562.716	173.3267	1.00453
5334	-1384.73	-1557.898	173.1678	1.152855
5340	-1393.524	-1566.8	173.2759	1.05399
5346	-1375.961	-1549.155	173.1945	1.129127
5352	-1380.745	-1554.017	173.2714	1.058273
5358	-1379.206	-1552.383	173.1773	1.144425
5364	-1381.909	-1555.138	173.2295	1.097315
5370	-1384.246	-1557.721	173.4751	0.8422285
5376	-1393.355	-1566.485	173.1297	1.18612
5382	-1397.413	-1570.763	173.3494	0.9816973
5388	-1387.685	-1560.714	173.029	1.271103
5394	-1382.793	-1556.164	173.3707	0.9597088
5400	-1387.835	-1561.269	173.4341	0.8907454
5406	-1376.269	-1549.532	173.2626	1.066588
5412	-1382.809	-1556.009	173.2004	1.123761
5418	-1380.608	-1553.962	173.3533	0.977746
5424	-1382.197	-1555.551	173.3533	0.977746
5430	-1393.826	-1566.875	173.0494	1.254167
5436	-1390.825	-1564.02	173.1958	1.127935
5442	-1394.927	-1568.238	173.3105	1.020543
5448	-1392.628	-1565.635	173.0074	1.288794
5454	-1388.964	-1562.243	173.2788	1.05125
5460	-1386.349	-1559.714	173.3641	0.9665708
5466	-1393.312	-1566.62	173.3077	1.023349
5472	-1396.226	-1569.634	173.4071	0.9208535
5478	-1395.975	-1569.196	173.2205	1.105607
5484	-1402.995	-1576.027	173.0316	1.26896
5490	-1385.764	-1558.969	173.2048	1.119823
5496	-1387.611	-1560.674	173.0634	1.242524
5502	-1389.837	-1563.051	173.2142	1.111314
5508	-1388.313	-1561.615	173.3012	1.029661
5514	-1392.727	-1565.983	173.2558	1.072985
5520	-1382.886	-1556.138	173.2519	1.07656
5526	-1373.713	-1546.929	173.2159	1.109748
5532	-1384.463	-1557.568	173.1054	1.20705
5538	-1385.551	-1558.889	173.3383	0.9930007
5544	-1383.538	-1556.799	173.2612	1.067897
5550	-1375.488	-1548.802	173.3141	1.017021
5556	-1379.494	-1552.605	173.1116	1.20169
5562	-1382.86	-1556.163	173.3023	1.028546
5568	-1379.536	-1552.712	173.1758	1.145819
5574	-1385.505	-1558.681	173.1758	1.145819
5580	-1404.092	-1577.447	173.3551	0.9759048
5586	-1396.181	-1569.419	173.2383	1.089225
5592	-1388.485	-1561.774	173.2892	1.041216
5598	-1394.8	-1568.121	173.3208	1.010434
5604	-1387.149	-1560.255	173.1055	1.20694
5610	-1375.627	-1548.935	173.3087	1.022303
5616	-1374.205	-1547.565	173.3596	0.9712742
5622	-1380.578	-1553.947	173.3692	0.9612844
5628	-1382.847	-1556.015	173.1678	1.152875
5634	-1391.102	-1564.293	173.1913	1.131947
5640	-1389.68	-1563.022	173.3426	0.9886532
5646	-1388.636	-1561.978	173.3426	0.9886532
5652	-1383.174	-1556.452	173.278	1.051961
5658	-1386.942	-1560.174	173.2326	1.094522
5664	-1402.141	-1575.461	173.32	1.011178
5670	-1399.369	-1572.37	173.0017	1.293472
5676	-1389.77	-1562.849	173.0791	1.229299
5682	-1393.137	-1566.31	173.1733	1.147975
5688	-1383.01	-1556.338	173.3285	1.002736
5694	-1383.214	-1556.321	173.1064	1.206127
5700	-1379.054	-1552.247	173.1923	1.131099
5706	-1389.864	-1563.265	173.4011	0.927445
5712	-1393.28	-1566.548	173.2672	1.062237
5718	-1384.719	-1557.975	173.2558	1.072927
5724	-1386.339	-1559.565	173.2262	1.100325
5730	-1377.06	-1550.206	173.1458	1.172179
5736	-1373.65	-1547.067	173.4179	0.9090246
5742	-1378.648	-1551.782	173.1337	1.18272
5748	-1377.115	-1550.371	173.2565	1.072321
5754	-1375.804	-1548.995	173.1907	1.132521
5760	-1384.769	-1557.961	173.1924	1.130981
5766	-1379.084	-1552.288	173.2045	1.120132
5772	-1380.171	-1553.478	173.3071	1.023916
5778	-1373.845	-1546.949	173.1041	1.208165
5784	-1379.244	-1552.569	173.3253	1.005969
5790	-1378.572	-1551.897	173.3253	1.005969
5796	-1391.25	-1564.533	173.2835	1.046701
5802	-1394.575	-1567.809	173.2341	1.093121
5808	-1390.165	-1563.416	173.2509	1.077526
5814	-1381.229	-1554.53	173.3012	1.02965
5820	-1397.05	-1570.436	173.3858	0.9438351
5826	-1392.765	-1565.98	173.2151	1.110461
5832	-1379.341	-1552.67	173.329	1.002294
5838	-1380.171	-1553.536	173.3647	0.9659555
5844	-1376.48	-1549.61	173.1296	1.186256
5850	-1384.471	-1557.735	173.2646	1.064715
5856	-1375.885	-1549.162	173.2761	1.053825
5862	-1388.645	-1561.878	173.2325	1.094535
5868	-1386.761	-1559.967	173.2063	1.118511
5874	-1390.681	-1563.887	173.2063	1.118511
5880	-1387.08	-1560.382	173.3027	1.028217
5886	-1385.942	-1559.298	173.3562	0.9748029
5892	-1386.155	-1559.462	173.3067	1.024281
5898	-1392.099	-1565.163	173.0647	1.241409
5904	-1398.018	-1571.343	173.3251	1.00619
5910	-1398.896	-1572.309	173.4137	0.9136422
5916	-1391.023	-1564.373	173.3499	0.9812319
5922	-1380.661	-1554.011	173.3499	0.9812319
5928	-1385.598	-1558.686	173.088	1.221826
5934	-1386.495	-1559.638	173.1428	1.174819
5940	-1387.94	-1561.192	173.252	1.07654
5946	-1383.638	-1556.92	173.282	1.048184
5952	-1379.804	-1553.037	173.233	1.094079
5958	-1387.715	-1561.004	173.29	1.040528
5964	-1379.145	-1552.45	173.3058	1.025199
5970	-1377.067	-1550.164	173.0964	1.214683
5976	-1382.187	-1555.511	173.3239	1.007388
5982	-1382.92	-1556.088	173.1672	1.153389
5988	-1382.031	-1555.33	173.2986	1.032132
5994	-1388.048	-1561.089	173.0411	1.261066
6000	-1383.053	-1556.277	173.2234	1.102909
6006	-1387.439	-1560.662	173.2234	1.102909
6012	-1394.525	-1567.737	173.2117	1.113607
6018	-1392.678	-1565.817	173.1389	1.178191
6024	-1387.785	-1560.937	173.1513	1.16737
6030	-1389.505	-1562.599	173.0939	1.216789
6036	-1382.934	-1556.205	173.2715	1.058199
6042	-1394.875	-1568.126	173.2512	1.077223
6048	-1389.979	-1563.144	173.1655	1.154872
6054	-1388.787	-1562.084	173.2969	1.033865
6060	-1391.373	-1564.45	173.0772	1.230951
6066	-1393.311	-1566.293	172.9814	1.309914
6072	-1388.695	-1561.962	173.2671	1.062307
6078	-1382.257	-1555.435	173.1776	1.144224
6084	-1384.246	-1557.526	173.2795	1.050592
6090	-1400.474	-1573.508	173.0336	1.26725
6096	-1396.513	-1569.603	173.0895	1.220578
6102	-1381.114	-1554.422	173.3085	1.02252
6108	-1388.072	-1561.207	173.1349	1.181641
6114	-1391.006	-1564.169	173.1631	1.157011
6120	-1389.506	-1562.757	173.2508	1.077623
6126	-1377.58	-1551.003	173.4225	0.9038674
6132	-1384.876	-1558.258	173.3814	0.9484761
6138	-1392.867	-1566.127	173.2595	1.069446
6144	-1394.755	-1568.063	173.3082	1.022805
6150	-1387.792	-1561.122	173.33	1.001246
6156	-1384.986	-1558.191	173.2056	1.119132
6162	-1374.987	-1548.138	173.1512	1.167447
6168	-1379.471	-1552.757	173.2862	1.044152
6174	-1387.514	-1560.809	173.2954	1.035261
6180	-1396.796	-1569.882	173.0864	1.223127
6186	-1405.973	-1579.415	173.4424	0.881168
6192	-1393.401	-1566.73	173.329	1.00225
6198	-1389.779	-1562.941	173.1618	1.158195
6204	-1393.626	-1566.829	173.2027	1.12169
6210	-1406.033	-1579.28	173.2473	1.080852
6216	-1402.531	-1575.746	173.2148	1.110758
6222	-1394.525	-1567.715	173.1905	1.132716
6228	-1393.712	-1566.728	173.0161	1.281686
6234	-1391.195	-1564.296	173.1017	1.210156
6240	-1390.139	-1563.27	173.1317	1.184396
6246	-1389.695	-1562.952	173.257	1.071863
6252	-1385.824	-1559.14	173.3159	1.015293
6258	-1388.346	-1561.589	173.2435	1.08444
6264	-1391.757	-1564.955	173.1987	1.125331
6270	-1391.224	-1564.423	173.1987	1.125331
6276	-1408.298	-1581.434	173.1357	1.180926
6282	-1386.936	-1560.072	173.1357	1.180926
6288	-1388.306	-1561.701	173.3941	0.934952
6294	-1384.574	-1557.9	173.3265	1.004804
6300	-1372.111	-1545.458	173.3475	0.9836439
6306	-1376.595	-1549.934	173.3396	0.991628
6312	-1369.408	-1542.581	173.1732	1.148049
6318	-1369.522	-1542.818	173.2963	1.034389
6324	-1382.207	-1555.51	173.3027	1.028186
6330	-1371.205	-1544.367	173.1628	1.157239
6336	-1379.766	-1552.871	173.1051	1.207306
6342	-1380.243	-1553.439	173.1955	1.128164
6348	-1383.4	-1556.413	173.0134	1.283919
6354	-1390.213	-1563.619	173.4069	0.9211365
6360	-1383.487	-1556.725	173.2381	1.089425
6366	-1382.218	-1555.377	173.159	1.160611
6372	-1391.803	-1565.12	173.317	1.014146
6378	-1385.861	-1558.915	173.0543	1.250071
6384	-1393.75	-1567.043	173.2933	1.037303
6390	-1392.373	-1565.552	173.1798	1.142256
6396	-1390.358	-1563.538	173.1798	1.142256
6402	-1383.666	-1556.844	173.1776	1.144183
6408	-1382.01	-1555.416	173.4056	0.922462
6414	-1390.031	-1563.271	173.2399	1.087729
6420	-1389.033	-1562.235	173.2029	1.121574
6426	-1383.513	-1556.716	173.2029	1.121574
6432	-1378.235	-1551.492	173.2569	1.071934
6438	-1384.674	-1557.741	173.0669	1.239568
6444	-1380.374	-1553.68	173.3068	1.024159
6450	-1391.777	-1564.972	173.1954	1.128333
6456	-1384.714	-1557.916	173.2018	1.12253
6462	-1377.631	-1550.643	173.0119	1.285116
6468	-1378.367	-1551.601	173.2338	1.093368
6474	-1377.571	-1550.811	173.2392	1.088403
6480	-1398.322	-1571.588	173.2657	1.063598
6486	-1389.611	-1563.018	173.4062	0.9218561
6492	-1395.851	-1569.101	173.2506	1.077845
6498	-1397.578	-1570.883	173.3051	1.025887
6504	-1392.723	-1565.986	173.2636	1.065635
6510	-1386.303	-1559.639	173.3361	0.9951847
6516	-1391.839	-1565.175	173.3361	0.9951847
6522	-1392.255	-1565.559	173.3044	1.026496
6528	-1392.251	-1565.556	173.3044	1.026496
6534	-1387.627	-1560.803	173.176	1.145637
6540	-1389.67	-1562.9	173.2307	1.096213
6546	-1394.261	-1567.492	173.2307	1.096213
6552	-1395.122	-1568.362	173.2394	1.088232
6558	-1387.974	-1561.112	173.1383	1.178705
6564	-1390.725	-1564.025	173.3003	1.030494
6570	-1388.014	-1561.258	173.2439	1.084045
6576	-1389.873	-1563.206	173.3327	0.9985488
6582	-1380.745	-1553.919	173.1733	1.14797
6588	-1389.724	-1562.944	173.2193	1.106635
6594	-1386.376	-1559.573	173.1973	1.12659
6600	-1380.998	-1554.254	173.2565	1.072264
6606	-1389.878	-1562.883	173.0043	1.291351
6612	-1387.155	-1560.376	173.2207	1.10538
6618	-1386.998	-1560.156	173.1576	1.161874
6624	-1395.568	-1568.952	173.3839	0.9458407
6630	-1398.755	-1572.172	173.4164	0.9106743
6636	-1393.454	-1566.717	173.2631	1.066108
6642	-1401.003	-1574.151	173.1474	1.170759
6648	-1388.97	-1562.018	173.0475	1.255777
6654	-1395.172	-1568.282	173.1103	1.202839
6660	-1402.798	-1576.078	173.2807	1.04936
6666	-1382.423	-1555.583	173.16	1.159781
6672	-1393.135	-1566.444	173.3096	1.021423
6678	-1389.028	-1562.246	173.2183	1.107574
6684	-1384.833	-1557.906	173.0732	1.234323
6690	-1387.306	-1560.479	173.1735	1.147867
6696	-1388.78	-1562.087	173.3068	1.024232
6702	-1389.671	-1562.94	173.2698	1.059733
6708	-1389.138	-1562.231	173.0936	1.217094
6714	-1393.469	-1566.501	173.0319	1.268673
6720	-1386.378	-1559.685	173.3067	1.02429
6726	-1386.727	-1560.116	173.3882	0.9412995
6732	-1376.305	-1549.328	173.0232	1.275811
6738	-1381.184	-1554.474	173.2893	1.04118
6744	-1384.238	-1557.357	173.1193	1.19514
6750	-1390.848	-1563.952	173.1046	1.207662
6756	-1382.538	-1555.857	173.3182	1.013035
6762	-1388.017	-1561.326	173.3091	1.021916
6768	-1382.55	-1555.655	173.1052	1.207202
6774	-1388.515	-1561.814	173.2987	1.032109
6780	-1396.938	-1570.186	173.2481	1.080161
6786	-1396.476	-1569.765	173.2885	1.041953
6792	-1392.827	-1566.067	173.2394	1.088241
6798	-1386.604	-1559.873	173.2686	1.060907
6804	-1393.138	-1566.464	173.3256	1.005663
6810	-1382.225	-1555.458	173.2332	1.093923
6816	-1394.083	-1567.316	173.2332	1.093923
6822	-1385.484	-1558.695	173.2108	1.114424
6828	-1387.885	-1561.149	173.2648	1.064503
6834	-1380.108	-1553.396	173.2877	1.04266
6840	-1394.544	-1567.794	173.2501	1.078234
6846	-1395.624	-1568.846	173.2223	1.103963
6852	-1384.599	-1557.8	173.2004	1.123792
6858	-1397.123	-1570.412	173.2886	1.04186
6864	-1400.271	-1573.493	173.2221	1.104124
6870	-1388.26	-1561.332	173.072	1.235288
6876	-1395.713	-1568.776	173.0621	1.243592
6882	-1387.888	-1560.946	173.0578	1.24716
6888	-1393.092	-1566.235	173.1435	1.174213
6894	-1395.8	-1569.192	173.3927	0.936517
6900	-1373.064	-1546.205	173.1413	1.176059
6906	-1392.728	-1566.008	173.2806	1.049457
6912	-1388.962	-1562.308	173.3457	0.9854819
6918	-1395.263	-1568.342	173.0794	1.229086
6924	-1393.136	-1566.219	173.0837	1.225452
6930	-1395.182	-1568.533	173.3511	0.9800064
6936	-1407.487	-1580.546	173.0591	1.246109
6942	-1397.8	-1571.149	173.3492	0.9818689
6948	-1410.985	-1584.198	173.2124	1.112939
6954	-1395.172	-1568.25	173.0772	1.230929
6960	-1384.604	-1557.818	173.2138	1.111718
6966	-1380.113	-1553.272	173.1591	1.160524
6972	-1377.572	-1550.806	173.2349	1.092377
6978	-1378.165	-1551.513	173.3489	0.9822162
6984	-1370.388	-1543.797	173.4097	0.918048
6990	-1374.893	-1548.145	173.2519	1.076559
6996	-1388.567	-1561.819	173.2519	1.076559
7002	-1395.409	-1568.604	173.1948	1.12884
7008	-1399.543	-1572.738	173.1948	1.12884
7014	-1388.109	-1561.518	173.409	0.9187625
7020	-1378.141	-1551.385	173.2438	1.084107
7026	-1387.22	-1560.609	173.3887	0.9408013
7032	-1382.794	-1556.143	173.3498	0.981341
7038	-1378.772	-1551.933	173.1608	1.159047
7044	-1380.568	-1553.777	173.2089	1.116143
7050	-1382.188	-1555.525	173.3374	0.9938581
7056	-1392.85	-1565.923	173.073	1.234436
7062	-1388.27	-1561.453	173.1825	1.139874
7068	-1388.351	-1561.571	173.2199	1.106121
7074	-1389.049	-1562.269	173.2199	1.106121
7080	-1383.174	-1556.512	173.3384	0.9928204
7086	-1386.052	-1559.314	173.262	1.067119
7092	-1395.294	-1568.354	173.0591	1.246119
7098	-1385.839	-1559.113	173.2742	1.055552
7104	-1394.621	-1567.858	173.2369	1.090481
7110	-1384.595	-1557.871	173.2756	1.054281
7116	-1390.026	-1563.214	173.1882	1.134733
7122	-1384.087	-1557.311	173.2242	1.102192
7128	-1381.689	-1555.135	173.4457	0.8774242
7134	-1388.42	-1561.66	173.2403	1.087351
7140	-1388.304	-1561.516	173.2116	1.113684
7146	-1386.929	-1560.056	173.1277	1.187897
7152	-1382.217	-1555.515	173.2981	1.032674
7158	-1378.635	-1551.869	173.2337	1.093457
7164	-1388.38	-1561.787	173.4067	0.9212815
7170	-1378.866	-1552.094	173.2284	1.098348
7176	-1378.855	-1552.042	173.1866	1.136185
7182	-1373.056	-1546.243	173.1866	1.136185
7188	-1381.847	-1555.049	173.2026	1.121813
7194	-1376.746	-1549.991	173.2452	1.082793
7200	-1396.415	-1569.746	173.3317	0.99954
7206	-1394.89	-1568.012	173.122	1.192761
7212	-1401.155	-1574.501	173.3463	0.9848544
7218	-1394.938	-1568.164	173.226	1.100554
7224	-1385.497	-1558.722	173.2258	1.1007
7230	-1394.402	-1567.928	173.5261	0.7753609
7236	-1394.224	-1567.724	173.4996	0.8112102
7242	-1389.149	-1562.505	173.3554	0.9755717
7248	-1392.62	-1565.72	173.0996	1.211925
7254	-1393.925	-1567.025	173.0996	1.211925
7260	-1397.499	-1570.491	172.9922	1.301171
7266	-1394.795	-1568.201	173.4064	0.9216518
7272	-1395.972	-1569.332	173.36	0.9708308
7278	-1389.045	-1562.306	173.2609	1.068176
7284	-1391.711	-1565.006	173.2946	1.036034
7290	-1393.25	-1566.383	173.133	1.183273
7296	-1389.258	-1562.451	173.1925	1.130903
7302	-1386.217	-1559.37	173.1534	1.165501
7308	-1388.184	-1561.389	173.2049	1.119718
7314	-1388.711	-1561.874	173.1636	1.156594
7320	-1379.302	-1552.583	173.2811	1.048978
7326	-1377.062	-1550.262	173.2004	1.123799
7332	-1383.358	-1556.453	173.0948	1.216079
7338	-1399.861	-1573.171	173.3099	1.021161
7344	-1393.926	-1567.14	173.2137	1.111792
7350	-1395.717	-1568.93	173.2125	1.112868
7356	-1389.172	-1562.387	173.2154	1.110246
7362	-1388.477	-1561.703	173.2254	1.10107
7368	-1383.33	-1556.526	173.1956	1.12816
7374	-1392.759	-1565.965	173.2065	1.118301
7380	-1387.423	-1560.687	173.2647	1.06461
7386	-1394.398	-1567.663	173.2647	1.06461
7392	-1396.513	-1569.893	173.3799	0.950097
7398	-1395.789	-1569.08	173.2913	1.039253
7404	-1394.393	-1567.854	173.4607	0.859683
7410	-1390.174	-1563.445	173.2714	1.058235
7416	-1387.333	-1560.796	173.4633	0.8565763
7422	-1382.622	-1555.75	173.1275	1.188004
7428	-1384.972	-1558.191	173.2187	1.107178
7434	-1382.698	-1555.924	173.226	1.100503
7440	-1391.142	-1564.192	173.0503	1.253458
7446	-1391.103	-1564.025	172.922	1.357423
7452	-1383.931	-1557.046	173.1153	1.198514
7458	-1386.771	-1560.117	173.3463	0.9848218
7464	-1385.258	-1558.494	173.2357	1.091667
7470	-1387.841	-1561.181	173.3397	0.9915377
7476	-1399.323	-1572.531	173.2079	1.117057
7482	-1387.589	-1560.775	173.1863	1.136468
7488	-1395.592	-1568.83	173.2389	1.088701
7494	-1413.512	-1586.751	173.2389	1.088701
7500	-1396.293	-1569.634	173.3414	0.9898431
7506	-1395.358	-1568.463	173.1047	1.207578
7512	-1383.653	-1556.812	173.1593	1.160373
7518	-1390.33	-1563.442	173.1114	1.201879
7524	-1389.999	-1563.137	173.1383	1.178683
7530	-1403.653	-1576.893	173.2402	1.087438
7536	-1384.323	-1557.691	173.3677	0.9628614
7542	-1389.689	-1563.037	173.3478	0.9833186
7548	-1392.472	-1565.822	173.3499	0.981207
7554	-1386.557	-1559.741	173.1838	1.138687
7560	-1380.622	-1553.939	173.3173	1.013845
7566	-1386.551	-1559.848	173.2971	1.033663
7572	-1382.962	-1556.332	173.3702	0.9602535
7578	-1392.345	-1565.448	173.1026	1.209417
7584	-1383.015	-1556.056	173.0416	1.260645
7590	-1388.511	-1561.708	173.1972	1.126669
7596	-1392.827	-1566.096	173.2686	1.060932
7602	-1383.442	-1556.843	173.4009	0.9276059
7608	-1386.279	-1559.531	173.2517	1.076805
7614	-1394.843	-1568.192	173.3488	0.9822783
7620	-1389.797	-1562.922	173.1257	1.189619
7626	-1391.407	-1564.787	173.3793	0.9507068
7632	-1398.895	-1571.942	173.047	1.256153
7638	-1401.521	-1574.681	173.1593	1.16037
7644	-1398.462	-1571.778	173.3168	1.014374
7650	-1389.314	-1562.728	173.4143	0.9129868
7656	-1389.919	-1562.939	173.0193	1.279012
7662	-1383.275	-1556.285	173.0101	1.286628
7668	-1385.369	-1558.727	173.3581	0.9728084
7674	-1390.76	-1563.778	173.0172	1.280759
7680	-1395.751	-1569.059	173.3077	1.023359
7686	-1382.242	-1555.482	173.2395	1.088109
7692	-1382.351	-1555.457	173.1059	1.206612
7698	-1385.825	-1559.162	173.3367	0.9945955
7704	-1386.705	-1560.02	173.3142	1.016913
7710	-1379.502	-1552.867	173.3653	0.9653729
7716	-1371.874	-1545.121	173.247	1.081201
7722	-1380.936	-1554.162	173.226	1.100521
7728	-1384.222	-1557.379	173.1567	1.162679
7734	-1378.154	-1551.49	173.3359	0.9954017
7740	-1382.371	-1555.813	173.4418	0.8819188
7746	-1377.135	-1550.263	173.1282	1.187419
7752	-1368.935	-1542.204	173.269	1.060515
7758	-1380.016	-1553.37	173.3539	0.9770668
7764	-1386.85	-1559.97	173.1205	1.194081
7770	-1385.911	-1559.182	173.2706	1.059001
7776	-1384.89	-1558.193	173.3027	1.028199
7782	-1374.371	-1547.565	173.1935	1.130019
7788	-1385.628	-1558.822	173.1935	1.130019
7794	-1383.193	-1556.364	173.1714	1.14966
7800	-1390.623	-1563.794	173.1714	1.14966
7806	-1381.424	-1554.788	173.3643	0.966456
7812	-1380.198	-1553.481	173.2831	1.047119
7818	-1371.52	-1544.672	173.1527	1.166169
7824	-1378.439	-1551.592	173.1527	1.166169
7830	-1377.872	-1551.13	173.2584	1.070541
7836	-1371.341	-1544.439	173.0978	1.213517
7842	-1379.162	-1552.405	173.2436	1.084354
7848	-1383.411	-1556.555	173.1442	1.173568
7854	-1369.639	-1542.832	173.1926	1.13083
7860	-1383.76	-1556.951	173.1914	1.131925
7866	-1385.477	-1558.772	173.2955	1.035218
7872	-1385.733	-1559.099	173.3667	0.9639482
7878	-1390.617	-1563.706	173.0895	1.220524
7884	-1391.254	-1564.494	173.2399	1.087785
7890	-1393.279	-1566.317	173.0383	1.263389
7896	-1393.514	-1566.708	173.1934	1.13008
7902	-1398.015	-1571.208	173.1934	1.13008
7908	-1389.328	-1562.532	173.2043	1.120309
7914	-1395.98	-1569.062	173.0827	1.226321
7920	-1383.827	-1557.133	173.3056	1.025321
7926	-1383.176	-1556.215	173.0388	1.262987
7932	-1388.702	-1561.884	173.1821	1.140151
7938	-1384.691	-1557.791	173.0995	1.212072
7944	-1386.695	-1560.016	173.3205	1.010702
7950	-1391.077	-1564.169	173.092	1.218447
7956	-1390.076	-1563.363	173.2872	1.043203
7962	-1387.414	-1560.618	173.2045	1.120123
7968	-1383.436	-1556.65	173.2134	1.112001
7974	-1381.008	-1554.367	173.3583	0.9725974
7980	-1393.307	-1566.63	173.323	1.00823
7986	-1388.076	-1561.262	173.1861	1.136594
7992	-1404.309	-1577.675	173.3657	0.9649456
7998	-1388.009	-1561.189	173.1804	1.141718
8004	-1396.119	-1569.446	173.3265	1.00478
8010	-1381.623	-1554.95	173.3265	1.00478
8016	-1385.853	-1559.106	173.2532	1.075358
8022	-1382.924	-1556.055	173.1314	1.184649
8028	-1377.095	-1550.338	173.2432	1.08473
8034	-1377.264	-1550.505	173.2412	1.086505
8040	-1383.818	-1557.143	173.3255	1.005792
8046	-1373.525	-1546.85	173.3255	1.005792
8052	-1377.156	-1550.444	173.2873	1.043056
8058	-1397.908	-1571.237	173.3294	1.001856
8064	-1388.583	-1561.839	173.2555	1.073224
8070	-1379.115	-1552.349	173.2336	1.093562
8076	-1381.533	-1554.716	173.1827	1.139677
8082	-1391.75	-1564.937	173.1872	1.135622
8088	-1386.343	-1559.546	173.2028	1.121621
8094	-1383.098	-1556.301	173.2028	1.121621
8100	-1390.005	-1563.276	173.2708	1.058822
