Iteration	Posterior	Likelihood	Prior	gain_loss_ratio	tree_length
0	-981.3534	-1149.706	168.3528	3.147843	2.606713
6	-980.7523	-1149.267	168.515	2.914748	2.606713
12	-989.7358	-1158.123	168.3868	3.590132	2.403737
18	-985.7305	-1153.96	168.2292	3.322955	2.610395
24	-993.7235	-1162.122	168.3983	3.322955	2.505293
30	-997.5115	-1166.129	168.6178	3.322955	2.367159
36	-975.7376	-1144.15	168.4128	3.056834	2.608306
42	-995.2431	-1163.941	168.6981	3.552312	2.220467
48	-998.7518	-1167.029	168.2775	3.552312	2.487563
54	-985.6506	-1153.595	167.9446	3.100685	2.876136
60	-979.7776	-1148.2	168.4228	2.872684	2.682076
66	-991.834	-1160.563	168.7291	2.410024	2.70615
72	-988.223	-1156.464	168.2407	3.076997	2.705697
78	-993.616	-1161.84	168.2238	3.497604	2.542974
84	-982.9936	-1151.984	168.9905	3.02816	2.25708
90	-988.9271	-1157.156	168.2286	3.598415	2.49982
96	-981.8475	-1150.11	168.263	3.160294	2.656944
102	-990.5977	-1159.044	168.4466	2.636183	2.773345
108	-987.8458	-1155.935	168.0892	2.653485	2.981814
114	-990.8014	-1158.913	168.1114	2.725116	2.936577
120	-987.5367	-1155.739	168.2019	2.634714	2.922383
126	-988.3456	-1156.735	168.3896	2.303796	2.963099
132	-996.2044	-1164.856	168.6515	2.436089	2.741247
138	-992.2621	-1160.595	168.3329	3.388027	2.519356
144	-980.2048	-1148	167.7955	2.930838	3.037207
150	-995.0172	-1163.769	168.7516	3.331463	2.278354
156	-989.5193	-1158.557	169.0372	2.615226	2.41712
162	-993.1197	-1161.383	168.2632	2.536003	2.930324
168	-986.5078	-1155.275	168.7675	3.207747	2.320989
174	-993.3494	-1161.849	168.4999	3.020575	2.569949
180	-991.9523	-1160.144	168.1916	3.026043	2.757355
186	-1016.583	-1184.746	168.1633	2.860475	2.845805
192	-984.5064	-1152.938	168.4311	3.092859	2.581527
198	-984.1715	-1152.709	168.5377	2.719538	2.679739
204	-996.2162	-1164.52	168.304	3.473313	2.502734
210	-995.3437	-1163.965	168.6217	2.493358	2.732439
216	-989.4737	-1157.368	167.8939	3.609903	2.702538
222	-986.361	-1154.782	168.4212	2.942411	2.6525
228	-989.9985	-1158.538	168.5393	2.118772	2.9633
234	-993.8863	-1162.038	168.1517	2.331883	3.09222
240	-990.837	-1158.887	168.0501	2.504799	3.072501
246	-991.1931	-1160.183	168.99	2.768206	2.375462
252	-985.1218	-1153.553	168.4308	2.52214	2.835353
258	-980.5254	-1149.112	168.587	2.962778	2.540976
264	-990.4863	-1159.153	168.6669	2.981446	2.482899
270	-982.7475	-1151.008	168.2604	3.081224	2.691843
276	-975.3759	-1143.995	168.6187	2.584285	2.691843
282	-986.481	-1154.199	167.7177	2.584285	3.234108
288	-979.4504	-1147.458	168.0073	3.718594	2.590575
294	-987.4118	-1155.735	168.3227	3.244741	2.584746
300	-995.8945	-1164.034	168.1395	3.700929	2.515192
306	-986.0687	-1154.441	168.3725	3.384712	2.495943
312	-990.8795	-1159.135	168.2552	3.44821	2.543293
318	-982.5327	-1151.165	168.6319	2.894145	2.543293
324	-995.08	-1163.052	167.9716	3.624817	2.648956
330	-997.6968	-1165.77	168.0735	3.036041	2.825073
336	-990.0637	-1157.924	167.86	3.036041	2.954201
342	-986.4872	-1154.89	168.4029	2.305655	2.954201
348	-1001.202	-1169.237	168.0348	2.584518	3.045388
354	-996.1431	-1164.342	168.1987	3.026404	2.752868
360	-1001.031	-1169.23	168.1987	3.026404	2.752868
366	-992.6732	-1160.622	167.9483	4.274078	2.420153
372	-998.8435	-1167.043	168.1997	3.122581	2.711612
378	-997.1942	-1165.591	168.3969	2.898154	2.686775
384	-998.734	-1167.023	168.2887	3.052197	2.686775
390	-989.7354	-1158.386	168.6506	2.283948	2.814818
396	-992.7808	-1161.001	168.2204	3.080766	2.716578
402	-991.7288	-1159.89	168.1615	2.537504	2.990861
408	-986.017	-1154.676	168.6591	2.718321	2.605397
414	-994.2769	-1162.604	168.3267	2.731107	2.803581
420	-986.4263	-1154.47	168.0438	2.599193	3.033441
426	-987.6843	-1155.656	167.972	2.343973	3.193352
432	-988.4736	-1156.841	168.3675	3.15926	2.59282
438	-984.1783	-1152.415	168.2365	2.887341	2.789602
444	-1001.752	-1169.598	167.8459	2.887341	3.025494
450	-988.5608	-1156.986	168.4256	2.576137	2.813571
456	-983.5861	-1151.97	168.3843	2.631154	2.813571
462	-971.1259	-1139.123	167.9967	3.134949	2.830294
468	-981.221	-1149.85	168.6294	3.48565	2.29207
474	-973.9744	-1142.105	168.1309	3.135627	2.748259
480	-978.9431	-1146.954	168.0108	3.028182	2.866427
486	-991.9381	-1159.93	167.9924	3.029551	2.877006
492	-995.9729	-1164.22	168.2474	2.495124	2.958647
498	-986.0858	-1154.535	168.4488	2.487951	2.840297
504	-989.247	-1157.528	168.2806	2.803378	2.799519
510	-980.928	-1149.698	168.7698	3.319557	2.271731
516	-983.9678	-1151.816	167.8481	3.42857	2.801581
522	-983.0509	-1151.828	168.777	3.215131	2.311777
528	-986.5581	-1154.449	167.8906	3.408948	2.783509
534	-984.2966	-1152.389	168.0927	2.477251	3.059649
540	-986.0585	-1155.052	168.9939	2.54646	2.476967
546	-989.6451	-1157.646	168.001	3.514059	2.67425
552	-982.5726	-1151.223	168.6502	2.856292	2.548722
558	-977.8397	-1146.22	168.3801	2.561632	2.84786
564	-975.0191	-1143.281	168.2623	2.666247	2.87169
570	-981.1899	-1149.056	167.8663	2.758652	3.068866
576	-983.0126	-1151.683	168.6706	2.758652	2.579992
582	-988.7983	-1157.093	168.295	2.857141	2.767149
588	-989.9411	-1158.034	168.0927	3.079306	2.79518
594	-979.0946	-1147.217	168.122	2.684214	2.948383
600	-982.982	-1151.06	168.0784	2.316964	3.142922
606	-985.755	-1153.906	168.1514	3.024955	2.782351
612	-986.5979	-1154.491	167.8934	3.024955	2.938726
618	-988.5452	-1156.592	168.0466	3.029933	2.843982
624	-991.8878	-1160.721	168.8336	2.538663	2.580588
630	-990.869	-1159.028	168.1585	3.039383	2.771918
636	-997.0841	-1165.218	168.1342	3.631805	2.545516
642	-1005.19	-1173.868	168.6784	2.704921	2.599566
648	-1002.842	-1171.034	168.1919	2.387697	3.041954
654	-1000.136	-1168.753	168.6169	3.317421	2.370079
660	-987.9775	-1157.227	169.2499	2.681749	2.250197
666	-981.4625	-1149.614	168.1515	2.705966	2.920906
672	-976.4111	-1145.091	168.6803	2.591337	2.650671
678	-991.8785	-1160.871	168.9922	2.434362	2.531787
684	-984.2384	-1152.64	168.4013	3.209173	2.550803
690	-983.8528	-1151.972	168.1193	3.696518	2.529532
696	-987.9812	-1156.241	168.26	3.474901	2.529532
702	-994.6274	-1162.782	168.1546	3.640169	2.529532
708	-974.0461	-1142.262	168.2156	3.103029	2.71009
714	-981.5658	-1150.62	169.0541	3.110559	2.179241
720	-987.2686	-1155.447	168.1782	3.459425	2.586589
726	-988.9132	-1156.931	168.0178	2.690736	3.008057
732	-990.6517	-1158.67	168.0178	2.690736	3.008057
738	-1000.871	-1168.93	168.0583	2.690736	2.983762
744	-992.7975	-1161.307	168.5094	2.6165	2.743951
750	-987.846	-1156.253	168.4068	2.860471	2.697249
756	-986.9312	-1155.384	168.4531	3.089095	2.569501
762	-993.0255	-1160.579	167.5533	2.516694	3.361269
768	-974.0326	-1142.015	167.9826	2.804723	2.979117
774	-983.7242	-1151.895	168.1708	3.366672	2.628632
780	-985.0785	-1152.926	167.8471	3.366672	2.826851
786	-994.4904	-1162.364	167.874	3.273336	2.848071
792	-1003.367	-1171.164	167.7966	2.754157	3.112444
798	-987.3463	-1155.185	167.8383	3.01382	2.976556
804	-1006.552	-1175.107	168.5545	3.277575	2.426261
810	-997.1261	-1165.134	168.0076	2.586134	3.060954
816	-998.8194	-1166.77	167.9502	2.677821	3.054315
822	-993.6442	-1161.567	167.9228	3.476477	2.737046
828	-985.6616	-1153.99	168.3285	2.87907	2.737046
834	-990.787	-1158.805	168.0178	2.884622	2.923363
840	-996.7686	-1164.92	168.151	3.162179	2.724922
846	-985.5846	-1153.711	168.1262	3.00204	2.807483
852	-983.9226	-1152.114	168.1912	2.492401	2.993688
858	-994.6753	-1162.966	168.2904	2.7363	2.82329
864	-989.7608	-1158.311	168.5506	2.536063	2.755924
870	-992.7052	-1161.271	168.5659	2.883671	2.588922
876	-983.8183	-1151.714	167.8954	3.202761	2.863818
882	-983.3586	-1151.791	168.4325	3.145294	2.558383
888	-993.4288	-1161.626	168.1972	3.500448	2.558383
894	-995.5093	-1163.36	167.8503	2.716927	3.096679
900	-990.1364	-1158.436	168.3	3.040604	2.684799
906	-981.5494	-1149.786	168.2362	3.040604	2.723919
912	-987.4304	-1155.43	167.9994	2.873624	2.939215
918	-985.8117	-1153.952	168.1401	2.689954	2.934914
924	-987.443	-1155.674	168.2308	2.863679	2.803433
930	-988.974	-1156.816	167.8421	3.236628	2.882274
936	-993.6979	-1162.362	168.6643	2.456806	2.723604
942	-990.1862	-1158.206	168.0201	2.901057	2.914898
948	-998.8444	-1167.39	168.5459	2.617096	2.721348
954	-1002.737	-1171.142	168.4055	2.80771	2.721348
960	-1009.379	-1177.975	168.5952	2.737135	2.63632
966	-1000.37	-1168.48	168.1099	2.263902	3.149363
972	-1009.877	-1177.904	168.027	2.839448	2.937368
978	-990.5902	-1158.993	168.4031	2.188508	3.010757
984	-1004.264	-1172.042	167.778	2.062247	3.44239
990	-999.4313	-1168.28	168.8483	2.414281	2.630756
996	-997.0039	-1165.035	168.0314	2.414281	3.125324
1002	-986.7683	-1155.106	168.338	2.841675	2.747665
1008	-987.1538	-1155.607	168.4529	2.841675	2.67725
1014	-989.7683	-1158.169	168.4011	2.914157	2.67725
1020	-982.8968	-1151.499	168.602	3.631438	2.250025
1026	-966.5445	-1135.027	168.482	3.026443	2.578518
1032	-980.2586	-1148.508	168.2495	2.722425	2.854337
1038	-979.3052	-1147.489	168.1836	3.195612	2.691018
1044	-981.1659	-1149.363	168.1973	2.680936	2.904425
1050	-992.7437	-1160.926	168.1828	2.680936	2.913172
1056	-992.3282	-1160.511	168.1828	2.680936	2.913172
1062	-984.1962	-1152.391	168.1947	3.176952	2.691975
1068	-974.8783	-1142.989	168.1106	3.176952	2.743491
1074	-974.7663	-1142.722	167.9558	3.048414	2.891191
1080	-984.2064	-1152.481	168.2744	2.85298	2.781538
1086	-989.1386	-1157.418	168.2795	2.845805	2.781538
1092	-984.3171	-1152.3	167.9832	2.703183	3.0233
1098	-990.4416	-1158.777	168.3355	3.156809	2.613667
1104	-986.7371	-1154.923	168.1855	2.945558	2.795544
1110	-982.473	-1150.83	168.3567	2.661853	2.816445
1116	-983.506	-1151.85	168.344	2.787293	2.768007
1122	-994.8733	-1163.137	168.264	2.898562	2.768007
1128	-986.3607	-1153.699	167.3386	2.801619	3.362828
1134	-980.6475	-1149.158	168.5109	2.775246	2.671133
1140	-987.5687	-1155.955	168.3864	3.056523	2.624747
1146	-989.8625	-1158.336	168.4737	2.931847	2.624747
1152	-997.3681	-1165.259	167.8912	3.300398	2.826648
1158	-993.3157	-1161.897	168.5818	2.929738	2.558718
1164	-1001.668	-1170.502	168.8337	2.144846	2.772029
1170	-982.3967	-1150.679	168.2827	2.863138	2.772029
1176	-991.3355	-1158.905	167.5694	2.666201	3.285491
1182	-989.4105	-1157.5	168.0893	2.82079	2.907892
1188	-981.193	-1149.533	168.34	2.634223	2.839084
1194	-985.2925	-1153.067	167.7745	2.988749	3.025352
1200	-988.4954	-1156.927	168.4314	2.533726	2.829611
1206	-994.8612	-1163.196	168.3348	2.305744	2.99508
1212	-1007.022	-1174.623	167.6013	2.112039	3.521363
1218	-997.3497	-1166.25	168.9006	2.125974	2.740634
1224	-998.788	-1166.326	167.5377	3.256876	3.057104
1230	-992.0492	-1160.219	168.17	2.923561	2.814404
1236	-1000.072	-1168.578	168.5059	2.685579	2.714585
1242	-1002.527	-1170.531	168.0034	2.995344	2.884768
1248	-1008.673	-1176.803	168.1302	2.666234	2.951449
1254	-996.4785	-1164.915	168.4366	2.391019	2.893216
1260	-982.9305	-1151.088	168.1571	3.246699	2.68617
1266	-986.809	-1155.06	168.2506	3.370355	2.577762
1272	-992.4324	-1160.192	167.7593	3.129709	2.975887
1278	-998.7854	-1166.809	168.0235	3.347245	2.727077
1284	-1000.648	-1169.016	168.3677	2.631595	2.82342
1290	-1002.747	-1171.335	168.5881	3.064927	2.495805
1296	-998.3524	-1166.603	168.251	3.252297	2.626028
1302	-999.3273	-1167.522	168.1945	3.222843	2.67303
1308	-998.2362	-1166.943	168.7071	2.744842	2.563566
1314	-990.2202	-1158.048	167.8274	2.946841	3.011269
1320	-997.8574	-1165.991	168.1334	2.529733	3.011269
1326	-994.8858	-1163.096	168.2099	3.086128	2.720714
1332	-1019.092	-1187.368	168.2763	2.999127	2.717036
1338	-1007.493	-1175.347	167.8537	2.714408	3.095757
1344	-996.4054	-1164.34	167.9341	2.831224	2.996737
1350	-985.206	-1153.892	168.6865	2.991515	2.466191
1356	-988.9985	-1157.946	168.9474	2.427413	2.563024
1362	-998.9832	-1166.774	167.7913	2.946266	3.033145
1368	-987.3733	-1155.463	168.0902	2.832703	2.902145
1374	-998.1115	-1166.057	167.9453	3.301654	2.793259
1380	-993.5746	-1161.671	168.0962	3.192378	2.745903
1386	-992.6275	-1161.046	168.4188	3.25065	2.522552
1392	-988.6416	-1156.917	168.275	2.95879	2.735173
1398	-985.423	-1153.863	168.4404	2.83908	2.686039
1404	-991.1989	-1159.584	168.385	3.182576	2.57215
1410	-983.7377	-1151.925	168.1868	2.425919	3.02711
1416	-987.1028	-1155.832	168.7291	3.108255	2.388366
1422	-994.3413	-1162.897	168.556	2.720137	2.668196
1428	-996.4086	-1164.956	168.5473	2.744767	2.662411
1434	-985.9985	-1154.301	168.3021	2.903139	2.742701
1440	-985.6841	-1153.724	168.0401	3.095871	2.820228
1446	-988.8713	-1157.189	168.318	2.526685	2.901533
1452	-987.3448	-1155.732	168.3875	2.836037	2.719883
1458	-982.0475	-1150.711	168.6639	2.4651	2.719883
1464	-985.3122	-1153.794	168.4822	2.873892	2.644938
1470	-982.8501	-1151.564	168.7143	2.443449	2.699285
1476	-982.7335	-1151.11	168.3764	3.035726	2.639829
1482	-977.6767	-1146.398	168.7218	2.927744	2.472222
1488	-988.1491	-1156.097	167.9476	3.258755	2.809268
1494	-994.2358	-1162.3	168.0639	3.20313	2.761203
1500	-994.4432	-1162.294	167.851	3.630332	2.720915
1506	-986.3025	-1154.295	167.993	3.094642	2.849348
1512	-1001.113	-1168.854	167.7413	3.202715	2.956875
1518	-996.4913	-1164.926	168.4347	2.14139	3.014906
1524	-998.4929	-1166.785	168.2917	3.152945	2.642304
1530	-1008.718	-1177.043	168.3245	3.007651	2.68384
1536	-1005.848	-1174.4	168.5511	2.679026	2.689848
1542	-991.493	-1159.964	168.4708	3.145954	2.534294
1548	-994.5501	-1163.134	168.5839	3.102634	2.48217
1554	-996.1771	-1163.771	167.5942	2.915173	3.16382
1560	-1007.57	-1175.351	167.7814	2.915173	3.052285
1566	-991.9322	-1159.98	168.048	2.55418	3.051255
1572	-988.1711	-1156.456	168.2849	3.200695	2.626481
1578	-991.3431	-1159.663	168.3198	2.457685	2.932458
1584	-1007.644	-1175.473	167.8283	3.527745	2.774661
1590	-988.5594	-1157.23	168.6707	2.341667	2.774661
1596	-996.8645	-1164.858	167.9938	3.270147	2.776512
1602	-997.1473	-1164.773	167.6257	3.871567	2.767324
1608	-1003.085	-1171.084	167.9985	2.621892	3.050344
1614	-995.9018	-1164.113	168.2114	2.673715	2.899161
1620	-983.0656	-1151.383	168.3172	3.407417	2.521238
1626	-997.7785	-1166.093	168.3145	2.806365	2.777549
1632	-989.9173	-1157.899	167.9815	2.806365	2.979097
1638	-998.138	-1166.691	168.5531	3.518787	2.327183
1644	-996.8577	-1165.471	168.6138	3.424951	2.327183
1650	-987.204	-1155.264	168.0605	2.607336	3.019759
1656	-982.3974	-1150.352	167.9545	2.607336	3.083138
1662	-985.8615	-1154.681	168.8198	2.621404	2.550344
1668	-991.891	-1160.188	168.2972	2.880387	2.755612
1674	-986.3463	-1154.681	168.3344	3.15724	2.61414
1680	-996.9553	-1165.246	168.2904	3.395663	2.54271
1686	-992.1966	-1159.827	167.6303	3.517037	2.898979
1692	-972.637	-1141.217	168.5796	2.821803	2.607912
1698	-975.7594	-1144.113	168.3536	2.988859	2.674038
1704	-995.3681	-1163.743	168.3754	3.097545	2.614071
1710	-1005.619	-1173.476	167.8564	3.463334	2.782778
1716	-995.5373	-1164.301	168.7636	2.993264	2.416954
1722	-989.8776	-1158.352	168.4743	2.43507	2.849613
1728	-1000.341	-1168.1	167.7587	2.876641	3.082218
1734	-992.8707	-1161.306	168.4356	2.00441	3.082704
1740	-995.0621	-1163.708	168.6455	2.555595	2.688729
1746	-984.5377	-1153.028	168.4906	2.328907	2.890174
1752	-991.2172	-1160.341	169.1238	2.19712	2.567236
1758	-1000.385	-1168.499	168.1138	2.85189	2.879515
1764	-987.9054	-1156.451	168.546	3.126395	2.495671
1770	-989.4801	-1158.441	168.961	2.51029	2.514766
1776	-989.4619	-1157.386	167.9244	3.812634	2.605942
1782	-1001.985	-1169.541	167.556	2.423145	3.402006
1788	-978.0499	-1146.505	168.4547	2.723264	2.728922
1794	-974.7648	-1143.1	168.3354	2.769547	2.781154
1800	-975.2335	-1143.836	168.6022	2.770022	2.617202
1806	-983.1604	-1151.054	167.8937	3.25073	2.8453
1812	-985.1416	-1153.539	168.3978	2.684091	2.781356
1818	-985.9041	-1154.524	168.62	2.656829	2.657636
1824	-986.6706	-1154.694	168.0234	2.818284	2.948682
1830	-992.7553	-1160.704	167.9489	4.03916	2.505787
1836	-1000.034	-1167.509	167.4755	3.05575	3.175725
1842	-999.0085	-1167.426	168.4177	2.647045	2.786019
1848	-991.4965	-1160.289	168.7922	2.945432	2.420099
1854	-994.6608	-1162.678	168.0171	2.945432	2.897701
1860	-997.9789	-1166.621	168.6424	2.615141	2.662986
1866	-1001.446	-1168.946	167.4997	2.798778	3.269227
1872	-1000.181	-1168.512	168.3306	2.565279	2.876186
1878	-987.0532	-1155.774	168.7204	2.72867	2.562699
1884	-992.9421	-1161.12	168.1784	2.614578	2.94568
1890	-992.2127	-1159.944	167.7313	2.989918	3.050708
1896	-981.7349	-1150.199	168.4639	2.365495	2.888852
1902	-989.1804	-1157.414	168.2337	2.589442	2.923714
1908	-988.5876	-1156.868	168.2806	3.210804	2.624951
1914	-983.513	-1151.645	168.1316	4.082681	2.374712
1920	-984.7881	-1153.7	168.9116	2.908448	2.361186
1926	-993.4139	-1161.849	168.4347	2.819706	2.698125
1932	-991.7581	-1160.58	168.8216	2.887826	2.427328
1938	-982.5002	-1150.865	168.3645	3.257131	2.553662
1944	-987.1126	-1155.723	168.6107	2.765968	2.613732
1950	-999.374	-1167.064	167.6905	2.923574	3.10298
1956	-1016.596	-1184.315	167.7186	3.140851	2.99575
1962	-1009.839	-1178.177	168.3378	2.428997	2.934991
1968	-994.3453	-1162.622	168.2767	2.50826	2.934991
1974	-991.5285	-1159.236	167.707	2.781309	3.153946
1980	-1000.382	-1168.187	167.8048	2.932047	3.031098
1986	-992.2456	-1159.953	167.7076	2.924614	3.092338
1992	-981.8465	-1150.495	168.6487	2.862723	2.54679
1998	-995.3153	-1163.874	168.5591	2.98923	2.54679
2004	-988.6705	-1156.54	167.8698	2.98923	2.96792
2010	-987.8461	-1155.692	167.8458	3.168232	2.907973
2016	-986.1177	-1154.312	168.1945	3.645762	2.502416
2022	-979.7608	-1148.387	168.6265	2.554818	2.700755
2028	-975.5643	-1144.079	168.5143	2.473528	2.807252
2034	-980.9178	-1148.844	167.9261	3.035558	2.914557
2040	-986.6772	-1155.769	169.0917	3.035558	2.188495
2046	-993.921	-1161.616	167.6951	3.146206	3.00764
2052	-995.9401	-1164.338	168.3981	3.17344	2.567865
2058	-985.5835	-1153.776	168.1927	2.737364	2.882071
2064	-997.3713	-1165.107	167.7356	2.737364	3.156006
2070	-991.0824	-1159.822	168.7399	2.694909	2.566032
2076	-991.8493	-1159.975	168.1253	2.871186	2.864182
2082	-995.0026	-1163.584	168.581	1.99286	3.001587
2088	-1004.498	-1172.622	168.1237	2.929844	2.839836
2094	-990.2374	-1158.28	168.0427	3.196852	2.776706
2100	-988.8652	-1156.95	168.0844	3.843	2.494867
2106	-981.8256	-1150.406	168.5801	3.078731	2.494867
2112	-991.4376	-1159.987	168.5498	3.078731	2.513793
2118	-987.4263	-1155.551	168.1251	2.920226	2.843122
2124	-991.1748	-1159.63	168.455	3.178678	2.53027
2130	-985.5672	-1153.953	168.3858	2.955225	2.66878
2136	-991.1955	-1159.432	168.2362	2.992099	2.744626
2142	-986.1214	-1154.449	168.3274	3.489506	2.481555
2148	-995.3215	-1164.133	168.8111	2.79667	2.475161
2154	-981.0938	-1149.547	168.4529	3.328402	2.468846
2160	-992.4247	-1160.108	167.6829	3.328402	2.941446
2166	-984.0897	-1152.399	168.3094	3.217231	2.60448
2172	-981.0003	-1149.288	168.2879	3.320901	2.57484
2178	-994.128	-1162.504	168.3762	3.144462	2.593665
2184	-988.7426	-1157.331	168.5887	2.841094	2.593665
2190	-987.1429	-1155.414	168.2709	3.266113	2.608
2196	-981.8915	-1150.208	168.3165	2.549558	2.891926
2202	-983.1089	-1151.6	168.4909	2.971648	2.596769
2208	-992.0419	-1160.136	168.0938	3.067973	2.799274
2214	-982.8542	-1151.591	168.7371	3.019699	2.421971
2220	-986.605	-1154.559	167.9544	3.790956	2.595599
2226	-991.9506	-1160.578	168.6277	2.914957	2.536689
2232	-989.461	-1157.997	168.5357	3.221386	2.461708
2238	-991.1834	-1159.169	167.986	2.430564	3.144784
2244	-1000.81	-1168.923	168.1131	2.784899	2.90923
2250	-991.8187	-1159.876	168.0569	2.778977	2.945667
2256	-992.1137	-1160.844	168.7303	2.546887	2.640603
2262	-985.7657	-1154.361	168.5958	2.867179	2.577683
2268	-993.9768	-1162.122	168.1451	3.531698	2.578244
2274	-977.7639	-1146.048	168.2843	2.764117	2.814663
2280	-993.9119	-1162.245	168.3331	2.268413	3.013985
2286	-1004.391	-1172.337	167.9453	2.268413	3.244784
2292	-988.1599	-1156.207	168.0467	3.055408	2.83321
2298	-987.3017	-1155.136	167.8339	2.526191	3.191424
2304	-977.3807	-1145.925	168.5439	2.526191	2.764618
2310	-988.4561	-1156.89	168.4334	2.526191	2.831887
2316	-994.7179	-1163.244	168.5259	2.539734	2.769331
2322	-994.1785	-1162.356	168.1774	3.192853	2.695941
2328	-977.5429	-1145.898	168.355	3.176853	2.593126
2334	-989.8382	-1158.383	168.5445	2.662996	2.701198
2340	-997.9881	-1166.311	168.3226	2.969998	2.701198
2346	-1003.207	-1171.54	168.3322	3.407154	2.512004
2352	-1001.298	-1169.337	168.0389	3.407154	2.693485
2358	-983.6845	-1151.726	168.0418	2.585108	3.040964
2364	-980.8165	-1148.586	167.7699	3.493148	2.823737
2370	-981.3795	-1149.453	168.0731	2.72668	2.958929
2376	-984.5746	-1152.951	168.3765	2.72668	2.775175
2382	-989.032	-1156.873	167.8414	2.911671	3.017816
2388	-1001.84	-1169.687	167.8471	3.797384	2.659413
2394	-992.3126	-1160.482	168.169	3.797384	2.459395
2400	-993.38	-1161.397	168.0171	3.776771	2.562147
2406	-995.2538	-1163.175	167.9209	2.815167	3.011632
2412	-988.2216	-1156.382	168.1608	2.62742	2.950442
2418	-988.4504	-1156.472	168.0215	2.62742	3.034076
2424	-977.2356	-1145.983	168.7475	2.402626	2.698351
2430	-975.0693	-1143.253	168.1842	3.078818	2.739521
2436	-984.2306	-1152.046	167.8152	3.155114	2.931789
2442	-993.846	-1162.215	168.3687	2.29845	2.978212
2448	-980.7388	-1148.472	167.7332	3.326754	2.911752
2454	-983.1872	-1151.621	168.4334	2.35605	2.911752
2460	-998.1084	-1166.542	168.4334	2.35605	2.911752
2466	-998.3708	-1166.541	168.1704	3.231717	2.684131
2472	-1006.956	-1175.548	168.5919	3.119593	2.469849
2478	-1000.208	-1168.855	168.6474	3.105962	2.440858
2484	-997.104	-1165.168	168.0638	3.126727	2.792903
2490	-1006.199	-1174.356	168.1573	2.645395	2.944479
2496	-996.4842	-1165.138	168.6538	2.5525	2.685091
2502	-1005.935	-1173.695	167.76	3.551623	2.806943
2508	-998.2451	-1166.433	168.1882	2.915209	2.806943
2514	-994.4013	-1162.072	167.6704	3.25046	2.980186
2520	-983.6986	-1152.178	168.4796	3.25046	2.48467
2526	-979.9725	-1147.894	167.9214	3.338643	2.79291
2532	-1002.196	-1170.426	168.2303	3.21132	2.655733
2538	-985.2488	-1153.297	168.0485	3.287761	2.735889
2544	-987.548	-1156.124	168.576	2.672221	2.677665
2550	-984.1285	-1152.442	168.3139	3.020513	2.684824
2556	-991.0669	-1159.292	168.2252	3.044586	2.728948
2562	-993.8997	-1162.272	168.3719	2.928366	2.688946
2568	-999.8877	-1168.404	168.5162	3.150719	2.503929
2574	-999.3427	-1167.54	168.1974	3.604286	2.516966
2580	-997.7023	-1166.15	168.4474	2.826375	2.68736
2586	-994.7462	-1163.214	168.4676	2.377128	2.881036
2592	-986.7764	-1155.031	168.2543	2.954594	2.749671
2598	-981.5816	-1149.856	168.2748	2.357243	3.006594
2604	-992.5191	-1160.588	168.0689	2.466174	3.078964
2610	-989.5124	-1157.883	168.3708	2.869849	2.715213
2616	-992.0423	-1160.219	168.1765	3.233155	2.679842
2622	-977.5547	-1146.361	168.8061	2.946694	2.410776
2628	-978.9725	-1147.326	168.3537	3.170126	2.596762
2634	-975.1916	-1143.755	168.5634	2.559749	2.737132
2640	-974.4267	-1142.708	168.281	2.559749	2.908731
2646	-979.1274	-1147.547	168.4192	2.77759	2.726368
2652	-979.7802	-1148.145	168.3651	3.002404	2.6611
2658	-980.2622	-1148.627	168.3647	2.59308	2.842837
2664	-995.9655	-1164.117	168.1511	2.607467	2.965314
2670	-987.855	-1156.152	168.2968	3.214203	2.613537
2676	-993.1654	-1161.77	168.6048	2.986063	2.519665
2682	-999.3388	-1167.856	168.5169	2.69357	2.704271
2688	-995.2291	-1162.893	167.6638	3.154515	3.023056
2694	-991.4176	-1159.611	168.1938	3.154515	2.701889
2700	-992.0675	-1160.802	168.7347	2.319924	2.746089
2706	-988.1355	-1156.478	168.3427	2.997389	2.677051
2712	-995.2313	-1163.056	167.8247	2.550901	3.185692
2718	-998.7894	-1167.576	168.7862	2.527784	2.61505
2724	-996.5455	-1164.363	167.8177	3.325218	2.861241
2730	-984.3055	-1152.873	168.5672	2.414903	2.802717
2736	-979.7947	-1147.938	168.1437	2.988102	2.802717
2742	-976.9846	-1145.634	168.6497	3.49928	2.273489
2748	-982.488	-1151.065	168.5768	3.260303	2.419465
2754	-992.7904	-1161.315	168.5243	3.200638	2.477638
2760	-989.6108	-1158.253	168.6417	2.366487	2.780394
2766	-989.1781	-1157.753	168.5753	3.070418	2.50145
2772	-984.6535	-1153.211	168.5576	2.293833	2.86646
2778	-991.7974	-1160.719	168.9218	2.112676	2.734403
2784	-991.4716	-1159.528	168.0559	4.089548	2.41998
2790	-992.0637	-1160.384	168.3204	3.573368	2.452253
2796	-995.3883	-1163.319	167.9306	2.927194	2.957683
2802	-981.438	-1149.91	168.4724	2.953282	2.616218
2808	-996.0585	-1164.34	168.2811	3.231019	2.616218
2814	-983.1422	-1150.903	167.7612	3.262143	2.920787
2820	-986.9365	-1155.4	168.4633	3.093534	2.561264
2826	-981.1355	-1149.436	168.3009	3.319943	2.567186
2832	-989.7907	-1158.363	168.5724	3.414277	2.357872
2838	-989.3326	-1157.94	168.6077	3.393628	2.344053
2844	-998.4434	-1166.993	168.5495	3.415458	2.371954
2850	-983.558	-1151.2	167.6417	3.415458	2.931777
2856	-990.4817	-1158.698	168.2161	4.089202	2.318544
2862	-988.1423	-1156.503	168.361	3.744975	2.35863
2868	-994.3807	-1162.57	168.189	3.166492	2.699823
2874	-981.0708	-1149.485	168.4139	2.769671	2.73314
2880	-987.3748	-1155.984	168.6096	3.327719	2.370382
2886	-990.7838	-1159.005	168.2215	2.485028	2.978909
2892	-993.8166	-1162.081	168.2649	2.872784	2.778678
2898	-993.0452	-1161.22	168.1744	3.341413	2.636719
2904	-1011.789	-1180.58	168.7912	3.117909	2.344786
2910	-1002.131	-1170.526	168.3951	2.726308	2.764028
2916	-985.6328	-1153.637	168.0043	3.280153	2.766009
2922	-976.1992	-1144.91	168.7109	3.013905	2.44102
2928	-974.2082	-1142.363	168.1546	2.829748	2.864467
2934	-978.0519	-1146.326	168.2741	2.876424	2.771476
2940	-992.1462	-1160.392	168.2453	2.386596	3.010452
2946	-984.4216	-1152.91	168.4886	3.110051	2.538473
2952	-976.5764	-1145.094	168.5174	3.043476	2.549174
2958	-976.482	-1145.245	168.763	2.722764	2.538888
2964	-979.9835	-1147.838	167.8546	3.285291	2.854953
2970	-980.8813	-1149.507	168.626	2.989008	2.505124
2976	-997.7445	-1166.489	168.7441	3.027503	2.414128
2982	-988.05	-1157.234	169.1842	2.561026	2.350007
2988	-1003.529	-1171.279	167.7499	3.408404	2.869174
2994	-992.3232	-1160.34	168.0166	2.707578	3.001339
3000	-994.2289	-1162.682	168.4536	2.487157	2.837784
3006	-1003.526	-1172.502	168.9755	2.041278	2.737961
3012	-994.4058	-1162.699	168.2936	2.926074	2.737961
3018	-991.5518	-1159.93	168.3784	2.39227	2.927772
3024	-993.2015	-1161.19	167.9886	2.39227	3.161018
3030	-1003.396	-1172.14	168.7441	2.795729	2.517433
3036	-991.8445	-1159.733	167.888	2.795729	3.039747
3042	-983.2658	-1151.213	167.9472	2.732649	3.031914
3048	-980.3295	-1148.267	167.9378	2.927817	2.953045
3054	-984.1309	-1152.678	168.5471	2.908208	2.589747
3060	-986.0115	-1154.071	168.0593	3.500314	2.643811
3066	-985.1602	-1153.433	168.2729	2.812165	2.800323
3072	-984.0234	-1152.292	168.2686	2.921079	2.755389
3078	-1007.637	-1175.091	167.4535	3.427061	3.040301
3084	-1006.224	-1173.93	167.706	3.140315	3.00351
3090	-991.9913	-1160.811	168.8197	2.679926	2.52323
3096	-1000.219	-1168.1	167.8804	3.029039	2.944794
3102	-992.4687	-1160.695	168.2263	3.311995	2.616659
3108	-993.8754	-1162.32	168.4445	2.918886	2.64845
3114	-1001.673	-1169.7	168.0271	2.785427	2.960796
3120	-999.4461	-1167.569	168.1232	3.059638	2.784865
3126	-992.3965	-1160.815	168.4187	2.583675	2.814335
3132	-994.9297	-1163.675	168.7455	3.112554	2.376118
3138	-993.6542	-1162.039	168.3853	2.578241	2.837104
3144	-1001.519	-1169.893	168.3743	2.851615	2.721075
3150	-990.1786	-1158.591	168.4128	2.696208	2.766727
3156	-986.1615	-1154.491	168.3294	2.738581	2.798587
3162	-994.1242	-1162.224	168.1	2.545001	3.024269
3168	-991.5248	-1159.883	168.3578	3.078175	2.633174
3174	-990.0913	-1158.434	168.3424	3.10046	2.633174
3180	-985.8772	-1154.298	168.4212	3.365568	2.47336
3186	-993.8049	-1161.271	167.4665	3.894747	2.85563
3192	-1000.669	-1169.287	168.6175	2.652716	2.661066
3198	-990.4382	-1158.812	168.3741	2.989579	2.661066
3204	-986.8659	-1154.976	168.1101	2.848864	2.883083
3210	-991.3626	-1159.765	168.4023	2.871209	2.695315
3216	-991.598	-1159.955	168.3575	2.928258	2.69787
3222	-1000.248	-1168.257	168.0089	2.788685	2.970302
3228	-995.7065	-1164.159	168.453	2.609482	2.781636
3234	-998.9854	-1167.805	168.82	2.563651	2.577228
3240	-986.1226	-1154.289	168.1667	3.427115	2.606728
3246	-990.4934	-1158.546	168.0525	3.427115	2.677178
3252	-1002.388	-1170.248	167.8593	2.59844	3.143802
3258	-985.1562	-1153.882	168.7257	2.59844	2.619388
3264	-999.8562	-1167.959	168.1026	2.449525	3.066549
3270	-981.5345	-1149.847	168.3127	2.815288	2.774747
3276	-992.6332	-1160.991	168.3582	2.815288	2.746932
3282	-990.9266	-1159.461	168.5342	2.577165	2.746932
3288	-983.5354	-1151.839	168.3037	2.891234	2.746932
3294	-975.1101	-1143.874	168.7634	2.332122	2.7226
3300	-987.9194	-1156.31	168.3904	3.078053	2.613053
3306	-977.16	-1146.163	169.0033	3.22694	2.160862
3312	-982.9392	-1151.307	168.3677	2.334679	2.96152
3318	-977.7013	-1145.867	168.1657	3.219734	2.691985
3324	-971.5535	-1139.771	168.2173	2.91794	2.788068
3330	-971.3539	-1139.813	168.4588	3.033345	2.589918
3336	-977.0036	-1145.289	168.2857	2.896009	2.755867
3342	-991.0495	-1159.482	168.4324	3.33583	2.478652
3348	-986.3586	-1153.753	167.3947	3.18108	3.172719
3354	-989.1875	-1157.727	168.5398	3.420387	2.376048
3360	-991.0783	-1159.899	168.8203	3.24924	2.269428
3366	-989.3567	-1157.419	168.0624	3.293593	2.725023
3372	-990.3279	-1158.736	168.408	2.795992	2.725023
3378	-994.699	-1162.58	167.8809	2.263623	3.285092
3384	-988.195	-1156.424	168.2287	2.487542	2.973427
3390	-996.4813	-1165.032	168.5509	2.827625	2.623087
3396	-999.3101	-1167.853	168.5431	3.508087	2.337944
3402	-987.4519	-1155.811	168.3588	3.595234	2.419399
3408	-1004.594	-1172.655	168.0614	3.615531	2.597103
3414	-995.0147	-1163.392	168.3778	3.145631	2.592179
3420	-984.7813	-1152.982	168.2005	3.103394	2.719218
3426	-988.6207	-1156.547	167.9261	3.193864	2.848845
3432	-982.0126	-1150.308	168.2955	2.510889	2.922407
3438	-980.3322	-1148.578	168.2456	3.134278	2.678536
3444	-986.3722	-1154.747	168.3746	3.134278	2.598952
3450	-981.9988	-1150.892	168.8929	2.571408	2.52824
3456	-985.7152	-1153.812	168.0964	2.689095	2.961628
3462	-992.1105	-1160.608	168.4971	2.352469	2.874925
3468	-997.9212	-1165.764	167.8431	2.531933	3.183346
3474	-1007.324	-1175.619	168.2954	2.583008	2.889391
3480	-989.644	-1157.662	168.0185	2.666638	3.018399
3486	-1000.6	-1168.848	168.2482	2.745763	2.844712
3492	-1002.532	-1170.459	167.9274	2.785396	3.020668
3498	-992.804	-1161.123	168.3188	3.156145	2.624227
3504	-999.078	-1167.264	168.1855	3.115417	2.723346
3510	-988.6084	-1156.708	168.0993	2.728767	2.942261
3516	-989.2201	-1157.489	168.269	2.344795	3.015958
3522	-1002.31	-1169.897	167.5873	3.154169	3.068909
3528	-995.0472	-1162.607	167.5593	3.13536	3.09328
3534	-991.7403	-1159.522	167.7818	3.434897	2.839385
3540	-1000.25	-1168.424	168.1741	2.939353	2.805109
3546	-990.2914	-1158.487	168.1951	2.926149	2.798009
3552	-995.9485	-1164.674	168.7251	2.942793	2.463462
3558	-986.583	-1154.496	167.9134	2.957631	2.955053
3564	-984.8686	-1153.025	168.1565	2.910591	2.828204
3570	-1004.401	-1172.606	168.2052	2.936799	2.787308
3576	-1008.9	-1177.226	168.3256	3.285808	2.565962
3582	-987.7457	-1156.188	168.4418	2.803678	2.700864
3588	-989.1912	-1157.661	168.4702	2.493249	2.824833
3594	-990.779	-1159.13	168.3505	2.704754	2.800845
3600	-990.5976	-1158.677	168.0798	2.666768	2.981516
3606	-986.8796	-1154.948	168.0683	2.532323	3.049059
3612	-986.0036	-1154.316	168.312	3.279868	2.576801
3618	-994.4789	-1162.543	168.0637	3.070662	2.816444
3624	-993.6898	-1162.091	168.4012	2.725748	2.760511
3630	-990.2656	-1158.864	168.5984	2.957291	2.536287
3636	-982.8904	-1151.709	168.8182	3.039897	2.361831
3642	-993.6996	-1162.277	168.5778	2.386279	2.809847
3648	-975.8195	-1144.196	168.3766	2.920567	2.689507
3654	-990.4306	-1158.877	168.4462	3.157652	2.544619
3660	-1002.297	-1170.579	168.2816	2.906585	2.753733
3666	-996.1586	-1164.324	168.165	2.906585	2.824764
3672	-991.8398	-1160.237	168.397	2.589691	2.824764
3678	-995.8851	-1164.635	168.7501	2.247881	2.771861
3684	-985.0071	-1153.514	168.507	2.55939	2.771737
3690	-987.642	-1155.787	168.1447	3.405376	2.629116
3696	-986.3111	-1154.44	168.1284	3.405376	2.639158
3702	-987.7572	-1156.082	168.3247	2.573286	2.876105
3708	-980.0121	-1148.33	168.3184	3.034509	2.676067
3714	-992.6657	-1161.146	168.4799	3.30527	2.461542
3720	-976.1107	-1144.521	168.4108	2.632364	2.796875
3726	-980.4525	-1148.82	168.3675	2.690625	2.796875
3732	-983.215	-1151.493	168.2776	2.484644	2.94535
3738	-981.1227	-1149.47	168.3469	2.830915	2.746967
3744	-979.735	-1148.085	168.3504	3.343161	2.526853
3750	-985.9039	-1153.892	167.9879	3.194558	2.811012
3756	-979.4541	-1147.275	167.8211	3.446283	2.811012
3762	-973.9733	-1141.626	167.6531	3.262144	2.985869
3768	-993.8623	-1162.158	168.2958	2.682569	2.844053
3774	-980.4468	-1148.477	168.03	3.049452	2.84582
3780	-983.3746	-1151.542	168.1671	2.962908	2.799299
3786	-983.0807	-1151.541	168.4602	2.251319	2.945873
3792	-984.9247	-1153.45	168.5253	2.791814	2.654819
3798	-976.6261	-1144.385	167.7588	3.324591	2.897161
3804	-987.5615	-1155.877	168.3157	3.177087	2.617387
3810	-987.9495	-1156.228	168.2787	3.299336	2.589412
3816	-990.9013	-1159.367	168.4662	2.499986	2.824139
3822	-980.4513	-1148.497	168.0459	2.818661	2.93498
3828	-985.9127	-1154.177	168.2645	2.471345	2.959356
3834	-989.9301	-1157.957	168.0268	2.911367	2.906461
3840	-990.9851	-1159.092	168.1066	3.113477	2.772382
3846	-987.1526	-1155.805	168.6524	2.915322	2.521149
3852	-985.5346	-1153.679	168.1444	2.759101	2.901638
3858	-993.0406	-1160.997	167.9562	2.336107	3.206434
3864	-990.7544	-1158.667	167.9126	3.591059	2.69838
3870	-981.7817	-1149.757	167.9755	3.04374	2.88127
3876	-983.5417	-1151.647	168.1056	2.679379	2.960388
3882	-978.6683	-1146.304	167.6359	2.855578	3.164323
3888	-976.6498	-1145.437	168.7869	2.465678	2.64402
3894	-979.1514	-1146.961	167.8099	3.358641	2.852638
3900	-984.8373	-1152.58	167.743	2.943748	3.063118
3906	-976.87	-1145.349	168.4794	2.885848	2.641388
3912	-980.2758	-1148.42	168.1443	2.638788	2.955251
3918	-980.8857	-1149.046	168.16	3.230504	2.69103
3924	-984.1116	-1152.472	168.3602	2.852885	2.729166
3930	-986.6191	-1155.141	168.5223	2.50783	2.786335
3936	-985.9919	-1154.117	168.1251	2.863999	2.867434
3942	-985.4625	-1153.704	168.2413	2.418047	2.998123
3948	-999.468	-1167.354	167.8865	3.010372	2.949006
3954	-998.9146	-1167.043	168.1283	2.483795	3.035389
3960	-994.78	-1163.532	168.7522	2.874616	2.476868
3966	-995.0695	-1163.426	168.3564	2.46007	2.909224
3972	-984.9715	-1153.072	168.1004	2.883198	2.87409
3978	-983.5954	-1151.922	168.3266	2.961007	2.70263
3984	-994.9383	-1163.359	168.4205	3.247343	2.522894
3990	-996.2258	-1164.512	168.2865	2.874438	2.764775
3996	-988.9683	-1156.992	168.0233	3.264233	2.760887
4002	-982.5641	-1150.267	167.7031	3.591546	2.826065
4008	-994.9586	-1163.272	168.3132	3.591546	2.44951
4014	-998.0237	-1166.945	168.9211	3.20155	2.225224
4020	-992.7466	-1161.575	168.828	3.246336	2.265719
4026	-994.1218	-1163.016	168.894	3.045656	2.311108
4032	-983.338	-1152.098	168.7597	2.810552	2.501021
4038	-998.766	-1167.36	168.5941	3.223629	2.424056
4044	-992.8734	-1160.788	167.915	2.253368	3.26984
4050	-983.8664	-1152.254	168.3879	2.541649	2.852349
4056	-995.1044	-1163.076	167.9721	3.075382	2.870053
4062	-982.5037	-1151.044	168.5408	3.33016	2.412875
4068	-991.06	-1159.372	168.3124	2.99257	2.697749
4074	-991.8526	-1160.368	168.5149	3.238251	2.467646
4080	-998.8337	-1167.428	168.5943	2.97651	2.530395
4086	-1013.628	-1182.026	168.3977	3.288664	2.519871
4092	-991.6848	-1159.599	167.9139	2.659619	3.084013
4098	-990.9943	-1159.062	168.0675	2.370493	3.124239
4104	-995.4434	-1163.725	168.282	2.749319	2.822597
4110	-986.3989	-1154.93	168.5308	2.749319	2.67054
4116	-991.1188	-1159.919	168.8001	2.749319	2.503599
4122	-993.1887	-1162.272	169.083	2.201182	2.590451
4128	-981.3022	-1149.431	168.1291	2.960495	2.823444
4134	-987.399	-1155.549	168.1504	3.01654	2.786528
4140	-996.5838	-1164.892	168.3082	2.994143	2.699631
4146	-998.0376	-1166.057	168.0197	3.177917	2.798552
4152	-987.1039	-1155.182	168.0778	2.632833	2.997907
4158	-999.157	-1167.589	168.4317	2.632833	2.783929
4164	-987.2158	-1155.072	167.8561	3.052475	2.949681
4170	-996.1757	-1164.009	167.8331	2.686482	3.120303
4176	-991.8112	-1160.154	168.3423	2.342983	2.97283
4182	-990.9553	-1159.509	168.5542	2.342983	2.844909
4188	-989.9235	-1157.959	168.0358	3.188962	2.784171
4194	-989.9039	-1158.417	168.5131	2.620149	2.740011
4200	-1002.385	-1169.886	167.5017	3.8826	2.838723
4206	-1002.679	-1170.294	167.6148	2.958467	3.133383
4212	-991.5415	-1159.62	168.079	3.275059	2.722422
4218	-997.3326	-1165.865	168.5323	3.275059	2.441237
4224	-1001.435	-1169.661	168.2256	3.275059	2.632264
4230	-992.6552	-1160.958	168.3028	2.71611	2.824818
4236	-994.5102	-1162.949	168.4383	2.497681	2.842149
4242	-997.7677	-1165.376	167.6081	3.158884	3.054572
4248	-988.1428	-1156.704	168.5609	2.585593	2.726693
4254	-985.6572	-1153.774	168.1171	2.753735	2.920514
4260	-990.0019	-1158.157	168.155	3.024361	2.780426
4266	-990.9537	-1159.105	168.1514	2.544202	2.993854
4272	-982.1517	-1150.863	168.7112	2.697733	2.582556
4278	-982.0175	-1150.156	168.138	2.886461	2.849848
4284	-980.3439	-1148.749	168.4052	2.67919	2.779067
4290	-976.4785	-1144.576	168.0972	2.609113	2.996964
4296	-983.6363	-1151.983	168.347	2.61214	2.844834
4302	-991.6001	-1159.54	167.9397	3.561055	2.693436
4308	-996.1704	-1164.846	168.6756	2.631032	2.635187
4314	-1002.093	-1170.356	168.263	3.21238	2.635187
4320	-1005.664	-1174.158	168.4941	2.942912	2.607321
4326	-989.6229	-1158.272	168.6488	2.772466	2.587219
4332	-986.6748	-1154.938	168.2627	2.753886	2.832297
4338	-993.637	-1162.406	168.7693	2.833334	2.484738
4344	-987.6574	-1156.089	168.4315	2.833334	2.694056
4350	-986.1741	-1154.199	168.0249	2.807817	2.952336
4356	-992.9488	-1160.742	167.7929	2.805426	3.092382
4362	-994.5137	-1163.164	168.6502	3.002087	2.484313
4368	-986.4239	-1154.806	168.3823	3.550314	2.422586
4374	-996.5456	-1165.279	168.7334	3.099866	2.389311
4380	-987.413	-1155.83	168.4174	2.787209	2.723163
4386	-982.3989	-1150.327	167.9278	2.651525	3.079353
4392	-985.9658	-1153.415	167.449	2.638078	3.368631
4398	-983.6092	-1151.413	167.8038	2.976546	3.012903
4404	-983.3034	-1152.23	168.9266	3.017557	2.302751
4410	-977.4851	-1146.357	168.8715	2.321286	2.661501
4416	-983.3738	-1151.843	168.4692	2.909175	2.637487
4422	-991.3086	-1158.952	167.6433	3.39854	2.937468
4428	-988.5396	-1156.395	167.8552	3.865476	2.628745
4434	-991.0672	-1159.991	168.9237	3.09265	2.271302
4440	-986.3671	-1154.531	168.1643	2.436396	3.035705
4446	-994.63	-1162.558	167.9282	3.017099	2.921004
4452	-994.0332	-1161.97	167.9369	2.898071	2.966302
4458	-990.6656	-1159.039	168.3737	3.432131	2.475819
4464	-994.5606	-1162.674	168.1135	3.549986	2.590625
4470	-991.3419	-1159.082	167.7398	3.180372	2.966851
4476	-1000.37	-1168.974	168.6042	2.668289	2.662115
4482	-1000.148	-1168.26	168.1119	3.145665	2.755723
4488	-992.0222	-1159.849	167.8266	2.784754	3.081226
4494	-992.0007	-1159.899	167.8985	2.742971	3.056503
4500	-982.0143	-1150.345	168.3309	2.445661	2.931318
4506	-984.6309	-1152.941	168.3101	2.413584	2.958898
4512	-992.2924	-1159.781	167.4882	2.745709	3.298766
4518	-991.4528	-1159.23	167.7771	2.365005	3.298766
4524	-983.6676	-1151.501	167.8331	2.528427	3.190831
4530	-993.1662	-1160.934	167.7673	3.155204	2.960616
4536	-984.6307	-1153.005	168.3747	3.155204	2.590028
4542	-993.5845	-1162.022	168.4376	3.155204	2.551004
4548	-989.8722	-1157.699	167.8264	3.291901	2.869371
4554	-984.1677	-1152.028	167.8599	3.217197	2.879402
4560	-993.7679	-1161.73	167.9623	2.566079	3.097041
4566	-986.3957	-1154.855	168.4597	3.141056	2.543258
4572	-989.8425	-1158.294	168.4515	2.564363	2.803265
4578	-999.2012	-1167.196	167.9952	3.088901	2.850428
4584	-999.9395	-1167.964	168.0245	2.631221	3.030574
4590	-985.2999	-1153.364	168.0636	3.014925	2.840012
4596	-993.0007	-1160.827	167.8263	2.495262	3.209914
4602	-988.469	-1157.258	168.789	2.842146	2.468431
4608	-984.727	-1152.934	168.2071	3.659514	2.489146
4614	-984.2391	-1152.76	168.5206	3.024402	2.555412
4620	-983.8493	-1152.246	168.3962	3.205773	2.555412
4626	-1001.229	-1169.421	168.1919	3.205773	2.681709
4632	-1005.372	-1174.021	168.6488	2.566249	2.681709
4638	-989.7076	-1158.578	168.8706	2.566249	2.544608
4644	-995.6424	-1164.027	168.385	3.17928	2.573528
4650	-999.1689	-1167.144	167.9753	2.445419	3.144306
4656	-989.1898	-1157.193	168.0035	2.677177	3.022686
4662	-991.2266	-1159.571	168.3445	2.688569	2.811785
4668	-985.7058	-1154.088	168.3826	2.646248	2.807741
4674	-982.6469	-1151.367	168.7202	2.908768	2.481683
4680	-986.3487	-1154.195	167.8462	2.594222	3.153492
4686	-982.7125	-1151.139	168.4264	2.329234	2.928755
4692	-1001.864	-1170.879	169.0145	1.768612	2.857514
4698	-1001.751	-1169.971	168.2194	2.36366	3.036788
4704	-1001.012	-1169.322	168.3096	2.643336	2.853361
4710	-987.0127	-1155.819	168.8059	2.683842	2.530063
4716	-984.7964	-1152.524	167.7272	2.689822	3.181777
4722	-987.8085	-1156.011	168.202	2.568372	2.952381
4728	-994.6239	-1162.879	168.2556	2.433518	2.982325
4734	-1000.105	-1167.986	167.8808	2.614307	3.123963
4740	-981.5771	-1149.49	167.913	2.571718	3.123851
4746	-980.9037	-1149.523	168.6189	2.069494	2.940049
4752	-984.983	-1154.073	169.0903	2.213555	2.579692
4758	-1001.633	-1169.861	168.2283	2.550734	2.944638
4764	-994.946	-1162.866	167.9196	3.707182	2.649151
4770	-996.0204	-1163.666	167.6456	2.621952	3.259974
4776	-988.0744	-1156.215	168.1403	2.862314	2.858923
4782	-999.9984	-1168.039	168.0406	3.127186	2.806873
4788	-1002.361	-1170.58	168.2185	2.813902	2.832646
4794	-1000.66	-1168.85	168.1898	2.853717	2.832646
4800	-986.35	-1154.148	167.7983	2.868494	3.062037
4806	-974.6706	-1142.67	167.9997	3.018912	2.877033
4812	-996.5547	-1165.01	168.4555	3.014333	2.600159
4818	-1002.569	-1170.592	168.0236	3.26631	2.759861
4824	-1004.685	-1172.848	168.163	3.07783	2.752918
4830	-997.3733	-1165.321	167.9478	3.475038	2.722306
4836	-987.3325	-1155.127	167.7942	2.717772	3.129762
4842	-980.8768	-1149.583	168.7062	3.010105	2.445647
4848	-987.1618	-1155.52	168.3585	3.21247	2.576001
4854	-996.007	-1164.289	168.2823	3.21247	2.623233
4860	-997.0668	-1165.482	168.4148	3.424064	2.453329
4866	-980.1673	-1148.63	168.4627	3.424064	2.423254
4872	-981.8253	-1150.031	168.2062	2.923907	2.792252
4878	-976.7705	-1144.796	168.0253	3.184827	2.792252
4884	-995.7543	-1163.515	167.7609	2.301351	3.337983
4890	-988.7473	-1157.064	168.3164	2.263061	3.026597
4896	-982.0141	-1150.079	168.0645	2.651735	2.997445
4902	-978.6999	-1146.601	167.9009	2.875902	2.997445
4908	-989.6142	-1157.57	167.9563	2.798985	2.997445
4914	-983.497	-1151.82	168.3234	2.417604	2.948996
4920	-992.9707	-1161.263	168.2924	3.294246	2.583033
4926	-986.3846	-1155.228	168.8436	2.520392	2.583033
4932	-986.7033	-1155.331	168.6275	3.502989	2.286173
4938	-983.7336	-1152.473	168.7396	2.453425	2.678987
4944	-989.4044	-1157.264	167.8594	2.377413	3.244424
4950	-983.4854	-1151.779	168.2935	2.596389	2.884413
4956	-990.6693	-1158.811	168.1416	2.87301	2.853494
4962	-994.5679	-1163.372	168.8042	2.92168	2.423132
4968	-990.4326	-1158.836	168.4038	3.256203	2.529604
4974	-1012.028	-1181.255	169.2268	2.585639	2.311048
4980	-990.7373	-1159.229	168.4913	2.738161	2.699807
4986	-990.7897	-1158.864	168.0747	3.336995	2.699807
4992	-998.0921	-1166.809	168.7167	2.272991	2.779931
4998	-988.7053	-1156.905	168.1999	2.458733	3.00405
5004	-982.1398	-1150.416	168.2766	2.796601	2.80493
5010	-987.6181	-1155.962	168.3441	2.250194	3.016186
5016	-982.5576	-1150.398	167.8402	2.917204	3.016186
5022	-986.7471	-1155.021	168.2744	2.975324	2.728469
5028	-986.962	-1155.73	168.7677	2.537385	2.621985
5034	-981.5605	-1149.262	167.7012	2.868241	3.12008
5040	-980.4924	-1148.554	168.0612	3.132651	2.792039
5046	-983.7156	-1151.947	168.2319	2.534782	2.949762
5052	-990.147	-1158.564	168.4168	2.34737	2.925867
5058	-991.3765	-1159.756	168.3795	3.123943	2.600292
5064	-996.3643	-1164.618	168.2537	3.184731	2.652449
5070	-981.9508	-1150.985	169.0342	3.184731	2.159359
5076	-979.9611	-1148.345	168.3842	3.453762	2.460438
5082	-980.8896	-1149.453	168.5636	2.779342	2.636816
5088	-986.2866	-1155.038	168.751	2.713308	2.550679
5094	-991.88	-1159.737	167.8573	2.809299	3.05226
5100	-985.1687	-1153.249	168.0803	2.741139	2.948244
5106	-982.9257	-1151.435	168.5097	2.86158	2.633409
5112	-991.8962	-1160.209	168.3131	2.858575	2.755484
5118	-987.4527	-1155.968	168.5156	3.092302	2.529262
5124	-990.8695	-1158.866	167.9967	2.8661	2.944073
5130	-1004.344	-1172.54	168.1961	2.961988	2.782034
5136	-995.4891	-1163.961	168.4722	2.656275	2.74857
5142	-1006.036	-1174.372	168.3359	2.767891	2.781549
5148	-999.3382	-1168.288	168.9501	2.767891	2.400902
5154	-1001.57	-1169.698	168.1275	3.047141	2.787538
5160	-993.967	-1161.86	167.8927	3.047141	2.929829
5166	-984.9344	-1153.756	168.8215	3.10271	2.332185
5172	-987.3334	-1155.711	168.3777	2.614794	2.825018
5178	-991.6706	-1160.229	168.5588	2.308072	2.858862
5184	-983.0853	-1151.465	168.3793	2.308072	2.967218
5190	-975.2192	-1143.094	167.8744	2.465729	3.194884
5196	-983.065	-1151.38	168.3147	3.321588	2.557931
5202	-980.3516	-1148.697	168.3458	3.274835	2.557931
5208	-985.8121	-1154.45	168.6383	3.538093	2.264796
5214	-979.9717	-1148.544	168.5727	2.365847	2.822742
5220	-988.7523	-1157.071	168.3183	3.167234	2.619866
5226	-979.3944	-1147.679	168.2842	3.167234	2.640948
5232	-977.5149	-1145.943	168.4284	2.958839	2.640948
5238	-978.7313	-1147.207	168.4758	2.892879	2.64057
5244	-987.9754	-1156.048	168.0729	3.555669	2.613485
5250	-1004.453	-1172.583	168.1304	3.29577	2.682401
5256	-999.2667	-1167.835	168.5683	2.696607	2.671281
5262	-990.5323	-1159.419	168.8871	2.256528	2.683711
5268	-996.8269	-1165.865	169.0382	2.469987	2.485849
5274	-990.8289	-1159.147	168.3185	2.417891	2.951822
5280	-987.1039	-1155.318	168.2136	2.666286	2.901133
5286	-996.2371	-1164.303	168.0661	2.868551	2.901133
5292	-988.1306	-1156.074	167.9431	2.858123	2.979766
5298	-979.0422	-1147.926	168.8836	2.308204	2.660442
5304	-976.2458	-1144.593	168.347	2.818363	2.752412
5310	-977.8996	-1145.7	167.8	3.125569	2.953104
5316	-977.3578	-1145.716	168.3581	3.125569	2.612884
5322	-978.6294	-1146.924	168.2944	3.125569	2.652155
5328	-980.6487	-1148.835	168.1863	2.664347	2.9185
5334	-985.6323	-1153.727	168.0942	3.116638	2.778601
5340	-993.7203	-1162.091	168.3706	2.709979	2.786283
5346	-996.247	-1164.657	168.4104	2.937687	2.661217
5352	-981.5817	-1150.09	168.5086	2.937687	2.6006
5358	-984.0162	-1152.523	168.5063	2.715772	2.700704
5364	-997.8921	-1166.523	168.6309	3.462733	2.300621
5370	-987.7574	-1156.472	168.7142	3.439918	2.256732
5376	-982.227	-1150.649	168.4223	3.120671	2.575154
5382	-990.6536	-1159.198	168.5445	3.120671	2.499097
5388	-1001.133	-1169.597	168.464	3.120671	2.549257
5394	-990.835	-1159.064	168.2286	3.001789	2.745112
5400	-998.5224	-1167.027	168.5045	2.831517	2.649987
5406	-983.7123	-1151.482	167.7694	3.477786	2.830026
5412	-988.218	-1156.224	168.0065	3.642983	2.62035
5418	-992.0385	-1160.464	168.4254	2.834144	2.697458
5424	-1004.454	-1172.532	168.0786	2.785479	2.929775
5430	-1005.225	-1172.873	167.6481	2.601361	3.267628
5436	-1005.105	-1172.959	167.8541	2.62737	3.133977
5442	-996.3968	-1164.78	168.3836	3.127048	2.596449
5448	-991.285	-1158.926	167.6406	3.127048	3.04817
5454	-981.638	-1149.739	168.1005	2.544446	3.024247
5460	-1000.56	-1168.242	167.6816	2.32222	3.374823
5466	-1014.581	-1181.809	167.2274	2.981102	3.352986
5472	-994.1244	-1162.297	168.1723	3.042809	2.762026
5478	-993.1578	-1161.494	168.3357	3.042809	2.661877
5484	-996.9933	-1165.395	168.4021	3.427875	2.459736
5490	-987.657	-1155.965	168.308	3.198641	2.613116
5496	-986.0564	-1154.382	168.326	3.729391	2.386958
5502	-983.4019	-1151.922	168.5202	3.423996	2.386958
5508	-992.9301	-1160.524	167.5936	4.144848	2.687287
5514	-991.1815	-1159.547	168.3651	3.187931	2.582198
5520	-986.5864	-1155.209	168.6229	3.01014	2.49786
5526	-981.8324	-1149.693	167.8611	2.916644	3.003893
5532	-989.369	-1157.678	168.309	3.094093	2.65646
5538	-990.1566	-1158.116	167.9595	2.382897	3.18264
5544	-995.912	-1164.137	168.2247	2.64983	2.901847
5550	-986.9707	-1154.965	167.9947	3.533055	2.670615
5556	-978.3321	-1146.892	168.5603	2.803915	2.627859
5562	-970.6614	-1139.224	168.5623	3.033022	2.525724
5568	-990.8876	-1159.333	168.4452	3.598797	2.36333
5574	-987.8078	-1155.866	168.0581	2.964723	2.864658
5580	-1001.346	-1169.357	168.011	2.964723	2.893177
5586	-997.5567	-1166.082	168.525	2.523841	2.77727
5592	-997.4778	-1165.598	168.12	2.506465	3.029909
5598	-997.6175	-1165.186	167.569	3.284002	3.027579
5604	-988.67	-1157.105	168.435	2.960331	2.636252
5610	-996.7575	-1164.373	167.6151	3.243715	3.016097
5616	-991.7426	-1160.26	168.5174	2.652912	2.722446
5622	-995.5845	-1163.292	167.707	2.924862	3.092595
5628	-991.7998	-1159.902	168.102	2.924862	2.85517
5634	-995.4753	-1164.339	168.8634	2.279348	2.687034
5640	-998.2201	-1166.662	168.4419	3.214007	2.523493
5646	-984.7816	-1152.899	168.1175	3.214007	2.723931
5652	-985.6292	-1153.993	168.3639	3.066498	2.634391
5658	-985.8674	-1154.729	168.8617	2.946023	2.375964
5664	-979.6768	-1147.899	168.2218	2.789874	2.841207
5670	-978.8673	-1147.193	168.3256	2.648788	2.841207
5676	-979.3981	-1147.648	168.2495	2.993907	2.735688
5682	-978.3915	-1146.69	168.299	2.800626	2.789554
5688	-979.3754	-1147.335	167.96	2.920746	2.942736
5694	-984.1785	-1152.497	168.3185	3.318397	2.55688
5700	-989.3718	-1157.368	167.9959	2.296869	3.201352
5706	-987.9291	-1156.037	168.1082	2.179362	3.19098
5712	-993.3964	-1161.041	167.6443	2.560047	3.288251
5718	-985.1979	-1152.995	167.7968	3.166603	2.938169
5724	-993.0896	-1161.568	168.478	2.814877	2.67366
5730	-994.4827	-1162.3	167.8178	2.523991	3.201954
5736	-976.0517	-1144.538	168.4868	2.661254	2.737385
5742	-985.2611	-1153.09	167.8286	2.579368	3.170622
5748	-979.4754	-1147.874	168.3987	3.458607	2.449341
5754	-986.0808	-1154.52	168.439	3.480539	2.415051
5760	-990.1274	-1158.431	168.3039	2.524655	2.911029
5766	-990.7842	-1159.325	168.5408	2.524655	2.767224
5772	-993.1686	-1162.388	169.219	2.524655	2.34541
5778	-989.315	-1157.663	168.3481	3.31304	2.540699
5784	-994.6114	-1162.973	168.3618	3.582836	2.422451
5790	-989.6092	-1157.57	167.9606	3.000074	2.908653
5796	-993.6038	-1161.795	168.1911	2.775464	2.8662
5802	-995.5268	-1163.73	168.2035	2.758484	2.8662
5808	-987.1887	-1155.147	167.9583	2.777824	3.005444
5814	-986.2253	-1154.42	168.1948	2.462312	3.005444
5820	-1001.306	-1169.425	168.1188	2.75476	2.91902
5826	-982.5231	-1150.568	168.0447	2.857062	2.91902
5832	-981.7674	-1150.634	168.8663	2.933664	2.378537
5838	-981.9816	-1150.278	168.2967	2.933664	2.732785
5844	-991.7347	-1160.287	168.5523	2.716787	2.67196
5850	-992.1409	-1160.013	167.8724	2.953022	2.981676
5856	-988.4564	-1156.906	168.4498	2.703067	2.741034
5862	-989.3699	-1157.535	168.1654	3.000202	2.784378
5868	-990.2119	-1158.377	168.1654	3.000202	2.784378
5874	-995.6339	-1164.02	168.3857	3.000202	2.649372
5880	-1005.828	-1174.201	168.3727	2.582726	2.842724
5886	-994.83	-1163.468	168.6376	2.564814	2.689279
5892	-987.2566	-1155.713	168.4563	2.753436	2.7144
5898	-1003.619	-1172.232	168.6127	3.041679	2.490474
5904	-1007.636	-1176.539	168.903	2.887747	2.375966
5910	-1019.963	-1188.239	168.2768	2.472125	2.951635
5916	-1011.686	-1180.855	169.1687	2.472125	2.402812
5922	-991.7327	-1159.994	168.2616	2.776972	2.822777
5928	-986.0523	-1153.771	167.7183	3.083086	3.019698
5934	-982.067	-1150.692	168.6252	2.627942	2.667677
5940	-987.271	-1155.532	168.261	3.00541	2.723767
5946	-997.6575	-1165.878	168.2206	3.285869	2.630938
5952	-999.1956	-1167.223	168.027	4.000392	2.471363
5958	-1009.427	-1178.012	168.5847	3.454414	2.333524
5964	-997.5703	-1165.752	168.1816	2.957111	2.792955
5970	-996.8047	-1165.191	168.3859	2.573723	2.838828
5976	-1005.48	-1173.451	167.9711	3.151945	2.838828
5982	-989.2898	-1157.772	168.4825	2.586604	2.774126
5988	-988.968	-1157.313	168.3448	3.324613	2.537939
5994	-998.2026	-1166.818	168.6157	2.980142	2.515495
6000	-988.0301	-1156.285	168.2553	2.980142	2.738076
6006	-999.9535	-1167.67	167.7167	2.526324	3.260708
6012	-989.3695	-1157.005	167.6352	2.770408	3.201258
6018	-990.5987	-1158.569	167.9702	2.606155	3.074302
6024	-981.0686	-1149.796	168.7272	2.292723	2.763924
6030	-978.7329	-1146.458	167.7253	3.37694	2.896542
6036	-986.4403	-1154.779	168.339	2.995052	2.680329
6042	-979.2796	-1147.253	167.9731	2.361449	3.184546
6048	-988.0949	-1156.524	168.4293	2.674894	2.766287
6054	-984.0478	-1152.788	168.7406	2.674894	2.574804
6060	-979.5421	-1147.932	168.3899	2.901315	2.689733
6066	-988.7251	-1156.852	168.1272	2.901315	2.849977
6072	-998.6258	-1166.943	168.3171	2.640862	2.849977
6078	-989.2184	-1157.601	168.3829	2.987882	2.656424
6084	-983.3563	-1151.852	168.4955	2.752973	2.69055
6090	-984.5915	-1153.057	168.4653	3.055221	2.576491
6096	-990.4949	-1158.921	168.4258	3.593853	2.377576
6102	-991.6073	-1159.823	168.2157	3.221027	2.660706
6108	-992.453	-1161.001	168.5482	2.236524	2.899978
6114	-993.0786	-1161.284	168.2051	3.20158	2.675315
6120	-999.617	-1167.543	167.9257	3.277469	2.814991
6126	-993.6188	-1161.821	168.2019	2.328539	3.063853
6132	-983.6494	-1151.778	168.1281	2.869458	2.863219
6138	-990.1499	-1158.617	168.4674	2.869458	2.656047
6144	-987.8451	-1156.821	168.9762	2.654722	2.436965
6150	-986.3869	-1154.735	168.3477	2.652113	2.826321
6156	-986.3009	-1154.836	168.5351	3.370951	2.399466
6162	-992.2896	-1160.83	168.5407	2.630231	2.718495
6168	-979.3258	-1147.367	168.0408	3.300969	2.735218
6174	-983.0125	-1151.712	168.6999	2.766389	2.558254
6180	-989.6204	-1157.491	167.8708	2.555972	3.156023
6186	-989.1238	-1157.281	168.1575	3.034316	2.774681
6192	-977.0221	-1145.371	168.3488	2.829124	2.746585
6198	-984.0598	-1152.928	168.8685	2.444815	2.603594
6204	-991.9354	-1159.969	168.0337	3.245435	2.762252
6210	-987.1259	-1155.578	168.4525	2.652612	2.762252
6216	-996.5713	-1164.924	168.3524	2.620961	2.837544
6222	-993.4827	-1161.979	168.4964	2.669225	2.727872
6228	-984.3724	-1152.572	168.1997	3.084026	2.727872
6234	-1006.481	-1175.077	168.5965	2.303594	2.838188
6240	-998.0758	-1165.664	167.5885	3.512369	2.926039
6246	-996.5943	-1164.878	168.2838	2.622655	2.878387
6252	-1003.598	-1171.692	168.0949	3.071167	2.797287
6258	-996.9102	-1165.233	168.3228	2.749619	2.797653
6264	-991.6757	-1159.838	168.1621	2.973761	2.797653
6270	-997.4736	-1166.022	168.5484	2.973761	2.560135
6276	-999.9192	-1168.294	168.3753	2.706567	2.784955
6282	-999.4422	-1167.545	168.1028	2.706567	2.95001
6288	-981.0884	-1149.228	168.1396	2.706567	2.927785
6294	-988.0591	-1156.809	168.7499	2.969881	2.43592
6300	-980.0533	-1148.505	168.4519	3.123044	2.555782
6306	-986.5335	-1154.702	168.1686	2.73648	2.897025
6312	-983.1424	-1151.311	168.1686	2.73648	2.897025
6318	-976.0483	-1144.907	168.859	2.734487	2.473576
6324	-992.3952	-1161.127	168.7322	3.219341	2.338464
6330	-988.4103	-1156.511	168.101	3.341107	2.682043
6336	-991.3715	-1159.679	168.3071	2.744006	2.80975
6342	-999.1704	-1167.4	168.2293	2.57926	2.930994
6348	-999.1741	-1167.083	167.9091	2.797111	3.026525
6354	-1022.072	-1189.536	167.464	2.625634	3.365336
6360	-1014.049	-1181.959	167.9105	2.261858	3.268418
6366	-1004.343	-1172.266	167.9237	3.440262	2.750882
6372	-1024.966	-1192.689	167.7226	3.860648	2.712118
6378	-990.7712	-1159.046	168.2747	3.166187	2.647209
6384	-988.1942	-1156.672	168.4777	2.455651	2.837878
6390	-996.7022	-1164.713	168.0108	3.04548	2.859135
6396	-997.4951	-1166.019	168.5243	3.04548	2.544006
6402	-999.4252	-1167.302	167.8772	3.91724	2.595718
6408	-1010.404	-1178.118	167.714	3.660352	2.793073
6414	-1000.512	-1168.628	168.1158	3.160778	2.747007
6420	-993.7487	-1162.09	168.3413	3.484746	2.474807
6426	-986.4864	-1154.74	168.2534	2.907809	2.770419
6432	-981.8422	-1150.292	168.4499	2.638123	2.770419
6438	-1000.388	-1168.392	168.0045	2.638123	3.039465
6444	-979.4065	-1147.5	168.0933	3.330774	2.690912
6450	-998.3459	-1166.772	168.4257	3.213479	2.533818
6456	-996.2201	-1164.587	168.3673	2.808666	2.744331
6462	-986.4354	-1154.691	168.2557	3.135798	2.671698
6468	-986.6077	-1155.05	168.4425	2.852792	2.678712
6474	-983.2724	-1151.276	168.0041	2.631825	3.042544
6480	-988.1383	-1156.759	168.621	2.747493	2.615695
6486	-976.072	-1144.012	167.9404	3.130962	2.86609
6492	-981.6899	-1149.804	168.1139	3.130962	2.760617
6498	-978.0903	-1145.767	167.6766	3.184174	3.003255
6504	-974.1842	-1142.678	168.4939	3.262187	2.470757
6510	-981.5725	-1148.99	167.4174	2.997682	3.23411
6516	-978.7577	-1147.117	168.359	2.725892	2.786233
6522	-984.7064	-1152.841	168.1343	3.067723	2.774696
6528	-994.4392	-1162.584	168.1444	3.033191	2.78317
6534	-996.3794	-1164.292	167.9121	3.365323	2.787804
6540	-982.3616	-1150.709	168.3477	2.870511	2.729084
6546	-990.717	-1158.99	168.2728	3.056056	2.694925
6552	-989.5603	-1158.385	168.825	2.667397	2.525733
6558	-980.6392	-1148.973	168.3335	3.027284	2.669846
6564	-986.38	-1154.739	168.3592	2.823146	2.742893
6570	-985.9684	-1154.338	168.3697	2.573582	2.848727
6576	-1001.498	-1169.293	167.7949	2.203232	3.364379
6582	-1005.104	-1173.375	168.2707	2.516854	2.934623
6588	-1007.898	-1175.79	167.8914	2.985452	2.956532
6594	-993.2016	-1161.33	168.1288	2.582769	2.989872
6600	-988.7454	-1156.597	167.8515	2.980842	2.982445
6606	-981.2085	-1149.501	168.2929	2.823325	2.783267
6612	-991.7175	-1159.985	168.267	3.362569	2.570745
6618	-989.7284	-1157.418	167.69	3.079495	3.038159
6624	-988.5466	-1156.69	168.1437	2.871341	2.852956
6630	-980.173	-1148.362	168.1891	3.421862	2.594984
6636	-991.5742	-1160.246	168.6714	2.887871	2.521428
6642	-975.7146	-1144.156	168.4415	2.978004	2.624569
6648	-996.43	-1164.651	168.2212	3.081902	2.715617
6654	-981.6029	-1149.979	168.3762	3.091886	2.615962
6660	-982.8336	-1151.174	168.3408	3.143532	2.615962
6666	-974.5294	-1143.005	168.4754	2.488153	2.824034
6672	-979.4798	-1147.909	168.4289	2.549116	2.824034
6678	-985.8715	-1154.485	168.6138	2.747371	2.620259
6684	-984.8029	-1153.169	168.3664	2.829938	2.735491
6690	-996.6621	-1164.49	167.8277	3.002429	2.987705
6696	-996.9785	-1165.556	168.5773	3.164707	2.459709
6702	-998.9096	-1166.99	168.0806	3.048385	2.815531
6708	-993.3865	-1161.413	168.0267	3.451713	2.683161
6714	-991.0862	-1159.574	168.4881	3.536436	2.361327
6720	-994.4183	-1162.63	168.2114	3.033774	2.741983
6726	-993.8023	-1162.343	168.541	2.57885	2.741983
6732	-994.374	-1162.694	168.3197	3.1017	2.646645
6738	-1002.546	-1170.761	168.2148	3.531658	2.53494
6744	-987.5002	-1155.683	168.1823	2.623906	2.939093
6750	-1000.112	-1167.679	167.5667	2.584019	3.323344
6756	-982.7243	-1151.118	168.3938	2.698373	2.777368
6762	-991.9915	-1160.581	168.5896	2.439596	2.777368
6768	-990.4006	-1158.839	168.4384	2.413106	2.881688
6774	-986.2185	-1154.721	168.5026	3.034369	2.56232
6780	-998.5163	-1166.359	167.8423	2.665552	3.124065
6786	-992.4366	-1160.297	167.8607	2.913084	3.005649
6792	-996.0327	-1163.663	167.6302	2.60997	3.274389
6798	-997.8052	-1165.922	168.1163	2.975822	2.824654
6804	-983.5399	-1152.101	168.561	2.470898	2.78005
6810	-989.9799	-1157.666	167.6856	2.830094	3.14567
6816	-988.6443	-1157.105	168.4605	2.830094	2.677676
6822	-984.4494	-1152.788	168.3389	2.573009	2.867646
6828	-984.042	-1152.412	168.3697	2.868153	2.716617
6834	-978.0845	-1146.689	168.6046	2.868153	2.571779
6840	-988.464	-1155.696	167.232	2.557531	3.530982
6846	-983.1248	-1151.598	168.4732	2.736761	2.711542
6852	-997.8399	-1166.118	168.2782	3.009336	2.711542
6858	-991.0324	-1158.787	167.7549	2.809366	3.113343
6864	-986.589	-1155.059	168.4705	2.769866	2.698375
6870	-981.1011	-1149.405	168.3042	3.302116	2.572499
6876	-983.9765	-1152.604	168.6276	3.378452	2.337757
6882	-982.9451	-1150.486	167.5409	2.496079	3.377792
6888	-985.3598	-1153.708	168.3477	2.529388	2.882354
6894	-986.4194	-1154.722	168.3029	2.333587	3.000987
6900	-986.8462	-1155.527	168.6805	2.708348	2.596731
6906	-981.777	-1150.277	168.5002	2.958458	2.596731
6912	-986.8849	-1155.802	168.9167	2.619545	2.490767
6918	-990.2473	-1159.015	168.7679	2.793701	2.503533
6924	-983.2424	-1151.442	168.1993	3.815236	2.43342
6930	-975.8564	-1143.955	168.0985	3.254206	2.719011
6936	-981.7043	-1150.093	168.389	2.442827	2.897587
6942	-989.377	-1157.769	168.3923	2.4386	2.897587
6948	-990.9677	-1159.421	168.4531	3.200404	2.522249
6954	-991.9867	-1160.635	168.6483	2.891906	2.534053
6960	-978.5098	-1147.081	168.571	2.486188	2.76676
6966	-986.6384	-1154.908	168.2693	2.613368	2.891379
6972	-987.1326	-1155.83	168.6969	2.745384	2.569644
6978	-994.5417	-1162.799	168.2577	2.559069	2.923068
6984	-981.1422	-1149.297	168.1543	2.69732	2.923068
6990	-991.0949	-1159.813	168.7182	3.063037	2.414962
6996	-986.3806	-1154.915	168.5348	3.397352	2.388747
7002	-1000.049	-1168.181	168.1329	2.969469	2.817272
7008	-985.4446	-1153.785	168.3403	2.480334	2.909525
7014	-995.1809	-1163.011	167.8301	3.187479	2.909525
7020	-989.063	-1157.409	168.3461	2.981772	2.681691
7026	-990.1499	-1158.569	168.419	2.521834	2.842624
7032	-992.6643	-1160.832	168.1678	2.631934	2.944227
7038	-990.0688	-1158.244	168.1752	2.981805	2.786231
7044	-1006.869	-1175.025	168.1563	3.300533	2.664557
7050	-1004.308	-1172.72	168.412	3.62602	2.373454
7056	-999.5471	-1168.158	168.611	2.757289	2.617505
7062	-1002.149	-1170.593	168.4449	2.615703	2.783714
7068	-1004.526	-1172.526	168.0007	2.615703	3.051756
7074	-986.7397	-1155.014	168.2748	2.262479	3.051756
7080	-985.2296	-1153.529	168.2992	3.118566	2.652172
7086	-991.7153	-1159.136	167.4211	3.004535	3.229083
7092	-991.6183	-1160.251	168.6327	2.46592	2.738583
7098	-987.1157	-1155.565	168.4498	2.947172	2.63284
7104	-996.5466	-1165.083	168.5365	3.119783	2.504455
7110	-1002.359	-1171.027	168.6683	2.521913	2.690427
7116	-1001.92	-1170.935	169.0154	2.510653	2.480627
7122	-1005.855	-1174.235	168.3809	2.728607	2.771677
7128	-997.8473	-1166.436	168.5883	2.540631	2.730765
7134	-998.8112	-1167.194	168.3827	2.818034	2.730765
7140	-997.8043	-1166.157	168.3526	2.859828	2.730765
7146	-995.7196	-1164.325	168.605	2.819425	2.593244
7152	-997.9	-1165.349	167.4488	2.344254	3.500838
7158	-1007.721	-1175.512	167.7909	2.78304	3.103283
7164	-990.2227	-1158.825	168.6019	2.409026	2.784349
7170	-996.721	-1165.326	168.605	2.658086	2.666268
7176	-991.2902	-1159.748	168.4578	2.885371	2.654926
7182	-997.5352	-1166.06	168.5244	3.338437	2.419715
7188	-995.6841	-1164.111	168.427	2.949416	2.645896
7194	-1003.632	-1172.229	168.5969	2.713791	2.645896
7200	-989.7284	-1158.183	168.4542	2.953453	2.627348
7206	-989.1583	-1157.226	168.0678	3.52661	2.628154
7212	-988.3708	-1157.068	168.697	3.129614	2.399381
7218	-1000.299	-1168.871	168.5722	3.441844	2.346647
7224	-989.5886	-1157.775	168.1864	4.06466	2.346647
7230	-996.1705	-1164.54	168.3699	3.868885	2.304553
7236	-982.1051	-1150.015	167.9098	2.634256	3.097794
7242	-983.7649	-1152.294	168.5288	3.509703	2.346362
7248	-978.9119	-1146.799	167.8867	3.492259	2.752939
7254	-988.0544	-1156.726	168.6715	2.554384	2.673306
7260	-985.883	-1154.745	168.8625	2.486432	2.587424
7266	-980.1705	-1148.343	168.1726	3.131907	2.724343
7272	-994.6582	-1162.647	167.9888	3.175418	2.818392
7278	-988.3768	-1156.326	167.9493	2.680879	3.053484
7284	-1002.793	-1170.245	167.4513	2.900391	3.254676
7290	-981.1653	-1149.589	168.4242	2.666448	2.773249
7296	-990.9381	-1159.402	168.4643	2.612675	2.773249
7302	-979.5642	-1148.203	168.6385	3.14285	2.430624
7308	-979.2044	-1147.501	168.2968	3.14285	2.643416
7314	-980.7845	-1149.076	168.2917	3.23798	2.606804
7320	-1000.496	-1168.616	168.1205	3.306928	2.683956
7326	-1004.702	-1172.372	167.6701	2.587633	3.260773
7332	-999.2757	-1167.381	168.1057	2.587633	3.001536
7338	-996.0685	-1164.303	168.2347	2.803201	2.827541
7344	-986.8183	-1155.199	168.381	2.698319	2.785196
7350	-997.9072	-1165.822	167.9151	3.367344	2.785196
7356	-1008.776	-1176.808	168.0323	3.109081	2.819471
7362	-1004.98	-1173.31	168.3303	2.578247	2.870458
7368	-996.5772	-1165.408	168.8307	3.718432	2.065747
7374	-991.1326	-1159.326	168.1934	3.102634	2.723905
7380	-1002.328	-1170.937	168.6088	3.459906	2.315863
7386	-994.009	-1161.718	167.7089	3.135294	3.003848
7392	-984.484	-1152.294	167.81	2.845836	3.064802
7398	-993.1489	-1161.733	168.5837	3.247613	2.420491
7404	-996.6485	-1165.039	168.3904	2.944733	2.670483
7410	-976.8382	-1144.99	168.1515	2.745862	2.903183
7416	-997.2001	-1164.921	167.7208	2.584842	3.232014
7422	-998.0259	-1165.906	167.8804	2.198039	3.316566
7428	-996.6708	-1164.751	168.0798	2.909916	2.875001
7434	-996.0712	-1164.031	167.9595	3.081811	2.875001
7440	-994.7868	-1163.163	168.3759	2.6582	2.806371
7446	-991.038	-1159.33	168.2917	3.313251	2.575631
7452	-992.2641	-1160.574	168.3095	3.31294	2.564717
7458	-987.5633	-1156.095	168.5317	3.040021	2.541757
7464	-995.1029	-1163.652	168.5488	3.040021	2.531097
7470	-980.8334	-1148.776	167.9426	3.229404	2.824272
7476	-984.1727	-1152.196	168.0232	3.509593	2.662372
7482	-984.5477	-1153.258	168.7105	2.845929	2.515815
7488	-992.0338	-1160.594	168.56	2.919052	2.576937
7494	-994.3959	-1162.74	168.3439	2.956275	2.694042
7500	-992.3151	-1160.948	168.6326	2.822706	2.574679
7506	-1002.518	-1170.927	168.4088	3.04321	2.616626
7512	-986.634	-1155.065	168.4314	3.04321	2.602618
7518	-983.5154	-1152.116	168.6005	3.415274	2.339652
7524	-983.3982	-1151.296	167.8978	3.729174	2.654128
7530	-992.6858	-1161.508	168.8227	3.022976	2.366482
7536	-995.2603	-1162.926	167.6654	2.459769	3.321053
7542	-992.8901	-1160.761	167.8705	3.263997	2.853957
7548	-980.5353	-1149.206	168.6708	2.427694	2.73343
7554	-990.0196	-1158.062	168.0424	2.761202	2.962185
7560	-994.0881	-1162.131	168.0424	2.761202	2.962185
7566	-985.9771	-1154.33	168.353	2.517169	2.884758
7572	-984.4846	-1152.786	168.3017	2.606478	2.87489
7578	-982.6259	-1150.755	168.1287	2.828647	2.880618
7584	-989.6075	-1157.532	167.9246	3.028398	2.918476
7590	-980.8142	-1148.605	167.7906	2.438883	3.256743
7596	-983.4472	-1151.468	168.0204	3.619039	2.621101
7602	-986.7548	-1154.731	167.9766	2.901365	2.941033
7608	-991.9879	-1160.203	168.2155	2.633475	2.914777
7614	-995.055	-1163.488	168.4329	2.953741	2.640404
7620	-990.8638	-1158.751	167.8868	3.047843	2.933108
7626	-988.4892	-1156.752	168.2631	3.789285	2.403267
7632	-987.5131	-1155.764	168.2509	2.993979	2.734828
7638	-985.1784	-1153.26	168.0812	3.288834	2.71545
7644	-990.5866	-1158.595	168.0089	3.645053	2.618069
7650	-992.0244	-1160.697	168.6721	2.673016	2.618069
7656	-992.4793	-1161.089	168.6098	2.676383	2.654984
7662	-981.8009	-1150.196	168.3955	3.047338	2.623052
7668	-991.9044	-1159.846	167.9414	3.047338	2.900361
7674	-996.0662	-1163.885	167.8185	2.80815	3.075924
7680	-993.8858	-1162.591	168.7049	2.894719	2.497457
7686	-991.227	-1159.516	168.2889	3.400103	2.541826
7692	-991.0929	-1158.952	167.8588	2.741465	3.080864
7698	-985.5416	-1153.677	168.1353	3.800461	2.479327
7704	-982.1674	-1150.417	168.2499	2.811084	2.814841
7710	-986.4749	-1154.629	168.1545	3.138218	2.732788
7716	-991.1463	-1159.649	168.5025	2.570602	2.769277
7722	-993.3003	-1160.757	167.4566	2.363763	3.487278
7728	-997.1706	-1165.772	168.601	2.275723	2.848931
7734	-989.4836	-1158.627	169.143	2.495896	2.407522
7740	-993.4099	-1161.72	168.3096	2.693757	2.830665
7746	-996.0571	-1164.284	168.2266	2.697321	2.87939
7752	-988.0576	-1156.589	168.5315	2.697321	2.693606
7758	-988.454	-1156.622	168.1678	2.697321	2.914937
7764	-994.7363	-1162.904	168.1678	2.697321	2.914937
7770	-999.1523	-1166.655	167.5024	2.697321	3.311365
7776	-986.0132	-1154.426	168.4132	2.74382	2.745091
7782	-992.1272	-1160.35	168.2224	2.867654	2.80679
7788	-997.6829	-1165.137	167.4541	3.237068	3.114924
7794	-993.4677	-1161.77	168.3018	3.237068	2.600887
7800	-1012.827	-1181.331	168.504	3.166769	2.504688
7806	-1008.194	-1177.052	168.8586	2.982591	2.361606
7812	-993.0647	-1161.422	168.3573	3.081356	2.632132
7818	-998.777	-1166.926	168.1488	2.784748	2.887684
7824	-995.6758	-1163.593	167.9175	3.690091	2.657031
7830	-991.2905	-1160.11	168.8196	2.822435	2.458112
7836	-1005.759	-1173.25	167.4908	2.749337	3.295698
7842	-994.9095	-1163.342	168.4323	2.749337	2.730933
7848	-991.1142	-1159.827	168.7127	2.924716	2.47927
7854	-981.1057	-1149.337	168.2311	2.809882	2.826783
7860	-992.4244	-1160.905	168.4806	2.580509	2.778078
7866	-999.7472	-1167.961	168.214	2.482578	2.984541
7872	-982.7866	-1151.248	168.461	2.342272	2.901669
7878	-978.9999	-1146.688	167.6886	2.707996	3.196737
7884	-988.3551	-1156.681	168.3259	2.758301	2.791907
7890	-984.7736	-1153.227	168.4535	2.974923	2.618461
7896	-994.2183	-1162.395	168.177	2.903588	2.818802
7902	-999.1703	-1167.657	168.4863	2.573269	2.777966
7908	-991.2651	-1159.678	168.4128	3.0373	2.616702
7914	-993.8564	-1162.265	168.4086	3.043256	2.616702
7920	-983.3454	-1151.211	167.8654	2.68572	3.101403
7926	-991.1215	-1158.961	167.8395	2.874818	3.034731
7932	-993.5145	-1160.981	167.4662	2.641501	3.357031
7938	-989.3292	-1157.048	167.7185	2.426822	3.304809
7944	-981.2674	-1149.348	168.081	2.628493	2.997932
7950	-993.27	-1161.494	168.2243	3.001527	2.74783
7956	-1005.707	-1173.354	167.6468	4.339285	2.585268
7962	-994.2172	-1162.391	168.1742	2.261886	3.112055
7968	-993.086	-1161.543	168.4569	2.960166	2.622789
7974	-992.1064	-1159.866	167.7596	3.027363	3.018069
7980	-998.0344	-1166.726	168.6912	2.958707	2.477659
7986	-995.7915	-1164.175	168.3835	2.958707	2.668633
7992	-988.7624	-1156.985	168.2226	2.365309	3.034108
7998	-986.4767	-1154.432	167.9551	2.615704	3.079003
8004	-995.5581	-1164.109	168.5513	2.893947	2.593379
8010	-994.6364	-1163.108	168.4721	3.573606	2.356406
8016	-997.6629	-1166.242	168.5791	2.972581	2.541589
8022	-981.1254	-1149.597	168.4717	3.125959	2.542216
8028	-977.6155	-1145.889	168.2731	3.071121	2.688286
8034	-995.8235	-1164.554	168.7305	3.236746	2.332101
8040	-995.7715	-1164.324	168.5525	2.990389	2.550365
8046	-990.1118	-1158.454	168.3426	2.231551	3.026052
8052	-986.8625	-1155.449	168.5866	2.307534	2.842261
8058	-988.3047	-1155.619	167.3146	2.399049	3.55395
8064	-987.2243	-1156.114	168.8893	2.610858	2.512
8070	-985.7772	-1154.455	168.6773	2.689123	2.607457
8076	-993.2567	-1161.405	168.148	3.541749	2.57249
8082	-995.7351	-1164.31	168.5749	2.999763	2.532319
8088	-989.5246	-1157.562	168.0371	2.852341	2.925686
8094	-996.7747	-1165.067	168.2927	2.507487	2.925686
8100	-987.0704	-1155.377	168.3065	2.639306	2.857083
8106	-991.8242	-1160.286	168.4617	2.406574	2.870705
8112	-991.1756	-1159.553	168.3771	2.552441	2.853952
8118	-999.3187	-1168.126	168.8073	2.6107	2.563099
8124	-993.9295	-1162.267	168.3371	2.54043	2.883672
8130	-988.7974	-1157.235	168.4372	2.762754	2.721926
8136	-998.2144	-1165.624	167.4091	2.867204	3.293546
8142	-999.6915	-1167.388	167.6969	2.310426	3.37134
8148	-991.3266	-1159.499	168.1729	2.920441	2.814028
8154	-985.5287	-1153.746	168.2171	2.980868	2.761119
8160	-984.2665	-1152.397	168.1304	3.011838	2.800755
8166	-976.3045	-1144.346	168.0416	2.482096	3.087969
8172	-978.23	-1146.443	168.2126	2.482096	2.985588
8178	-980.3446	-1149.122	168.7777	2.803141	2.493115
8184	-985.3478	-1153.511	168.1634	3.361489	2.635329
8190	-988.1105	-1156.274	168.1634	3.361489	2.635329
8196	-991.9145	-1159.935	168.0209	3.581753	2.635329
8202	-980.9732	-1148.869	167.8958	3.022239	2.938394
8208	-986.7963	-1155.351	168.5551	2.657563	2.697218
8214	-994.4105	-1162.877	168.4664	3.110099	2.552294
8220	-987.1872	-1155.829	168.6422	2.600972	2.669671
8226	-988.3208	-1156.619	168.2981	2.831023	2.776685
8232	-976.6965	-1144.976	168.2795	2.831023	2.788066
8238	-982.5036	-1150.715	168.2116	3.041268	2.738701
8244	-994.2269	-1162.507	168.2796	2.736628	2.829728
8250	-986.1875	-1154.36	168.1723	3.131662	2.724608
8256	-982.768	-1151.238	168.4703	2.784487	2.691939
8262	-977.2039	-1145.671	168.4671	1.982372	3.075087
8268	-986.3916	-1154.264	167.8725	2.735958	3.075087
8274	-976.4109	-1144.624	168.2133	2.835743	2.826245
8280	-985.4662	-1153.923	168.4565	2.540731	2.811101
8286	-990.7617	-1158.874	168.1119	2.639283	2.974516
8292	-986.5029	-1154.347	167.8438	2.663544	3.1241
8298	-986.3224	-1154.198	167.8752	3.192826	2.880095
