Iteration	Posterior	Likelihood	Prior	tree_length
0	-230.9478	-404.0054	173.0576	1.247378
6	-228.9632	-402.0018	173.0386	1.263165
12	-226.9182	-400.3383	173.4201	0.9064947
18	-229.9409	-403.5333	173.5924	0.6668931
24	-220.5548	-394.106	173.5512	0.7383557
30	-223.4651	-396.7337	173.2687	1.060816
36	-222.0643	-395.4475	173.3832	0.9466139
42	-222.3755	-395.7587	173.3832	0.9466139
48	-223.1578	-396.1359	172.9781	1.312588
54	-229.1274	-401.9726	172.8452	1.41748
60	-232.2413	-405.2281	172.9869	1.305497
66	-222.5918	-396.0222	173.4304	0.8950012
72	-229.4445	-402.5605	173.116	1.197964
78	-232.6248	-405.7407	173.116	1.197964
84	-235.645	-408.5945	172.9495	1.335571
90	-239.546	-412.4955	172.9495	1.335571
96	-230.8898	-403.2714	172.3816	1.756478
102	-229.2336	-402.1203	172.8867	1.385214
108	-236.8875	-410.1173	173.2298	1.09704
114	-230.5488	-403.7581	173.2093	1.115718
120	-222.4198	-395.4607	173.0409	1.26122
126	-226.7136	-399.927	173.2133	1.112088
132	-223.7796	-397.0597	173.2801	1.050002
138	-213.3659	-386.5163	173.1504	1.168159
144	-228.0789	-401.1237	173.0448	1.258033
150	-225.3113	-398.4632	173.1519	1.166837
156	-228.9181	-402.07	173.1519	1.166837
162	-217.459	-390.5124	173.0534	1.250846
168	-222.5628	-395.7239	173.1611	1.158779
174	-222.2674	-395.8033	173.5359	0.7614138
180	-220.7479	-393.9872	173.2392	1.088351
186	-219.1972	-392.6388	173.4416	0.8821016
192	-223.7063	-396.9374	173.2311	1.095823
198	-221.7186	-395.1583	173.4397	0.8843492
204	-223.3199	-396.3374	173.0175	1.280519
210	-220.2091	-393.2956	173.0866	1.223011
216	-224.4557	-398.0089	173.5532	0.7352939
222	-218.8167	-392.2068	173.3902	0.939202
228	-226.4433	-399.4405	172.9972	1.297102
234	-235.4554	-408.8412	173.3858	0.943867
240	-229.0076	-402.1826	173.1751	1.146422
246	-225.85	-399.0773	173.2272	1.099429
252	-232.527	-405.7001	173.1731	1.148176
258	-231.5592	-404.5649	173.0057	1.290195
264	-219.1844	-392.5568	173.3725	0.9578987
270	-226.5066	-399.3735	172.8669	1.400633
276	-221.4729	-394.6601	173.1872	1.135674
282	-226.2931	-399.4372	173.1441	1.173647
288	-221.4012	-394.3815	172.9803	1.310839
294	-218.9095	-392.2833	173.3738	0.9565205
300	-222.3513	-395.6486	173.2973	1.033468
306	-220.5169	-393.8141	173.2973	1.033468
312	-216.5866	-389.9681	173.3814	0.9484629
318	-219.2576	-392.4074	173.1498	1.168636
324	-223.6547	-397.1478	173.4931	0.8195984
330	-230.681	-403.8217	173.1406	1.176669
336	-233.4164	-406.557	173.1406	1.176669
342	-227.8729	-401.1622	173.2893	1.041147
348	-236.6753	-410.0825	173.4072	0.9207968
354	-228.3741	-401.623	173.2489	1.079365
360	-226.2391	-399.2385	172.9994	1.295345
366	-219.3979	-392.8216	173.4237	0.9025321
372	-226.7035	-399.9081	173.2046	1.119987
378	-230.6	-403.8579	173.258	1.070906
384	-224.5975	-397.8633	173.2658	1.06352
390	-222.1331	-395.2174	173.0843	1.224937
396	-217.0939	-390.1661	173.0722	1.235139
402	-217.36	-390.1379	172.7779	1.468987
408	-231.015	-404.2997	173.2847	1.045559
414	-219.5326	-392.6008	173.0683	1.238422
420	-220.0509	-393.0428	172.9919	1.301383
426	-225.0519	-398.2968	173.2449	1.083114
432	-225.0047	-398.2437	173.239	1.088575
438	-229.0276	-402.2781	173.2505	1.077852
444	-225.462	-398.7981	173.3361	0.9951569
450	-221.263	-394.5991	173.3361	0.9951569
456	-234.723	-407.6933	172.9703	1.318881
462	-230.3417	-403.5248	173.1831	1.139334
468	-225.1498	-398.5457	173.3958	0.9330919
474	-222.9313	-396.0592	173.1279	1.187735
480	-218.7351	-392.05	173.3148	1.016304
486	-222.1236	-395.3534	173.2298	1.097068
492	-215.4595	-388.5714	173.112	1.201416
498	-220.8482	-393.9818	173.1336	1.182731
504	-223.4555	-396.6324	173.177	1.144761
510	-220.3052	-393.2601	172.9549	1.331261
516	-216.7616	-389.6939	172.9322	1.349322
522	-227.6609	-401.1192	173.4583	0.8625739
528	-223.7911	-396.8628	173.0717	1.235553
534	-222.5034	-395.4998	172.9964	1.297758
540	-212.5465	-385.9255	173.379	0.9510881
546	-223.3591	-396.0835	172.7244	1.509228
552	-227.8892	-400.6136	172.7244	1.509228
558	-227.1147	-400.6256	173.5109	0.7963
564	-227.194	-400.3389	173.1449	1.172992
570	-219.7078	-392.9957	173.2879	1.042496
576	-222.6131	-395.417	172.8039	1.449231
582	-221.2603	-394.1652	172.905	1.370864
588	-221.7249	-394.4359	172.7109	1.519304
594	-244.3182	-417.4373	173.1191	1.195294
600	-236.9881	-410.1744	173.1863	1.136416
606	-238.9651	-412.3885	173.4235	0.9027512
612	-238.3065	-411.0428	172.7363	1.500335
618	-235.0627	-408.2407	173.178	1.143825
624	-231.1363	-404.1804	173.0441	1.25857
630	-232.3472	-405.4961	173.149	1.169389
636	-220.3229	-393.4719	173.149	1.169389
642	-227.8757	-401.0219	173.1462	1.171814
648	-238.9152	-412.1248	173.2097	1.115435
654	-238.3272	-411.1777	172.8505	1.413364
660	-228.6496	-401.4646	172.8151	1.440661
666	-236.375	-409.0645	172.6895	1.535257
672	-228.7002	-401.7036	173.0034	1.292058
678	-228.0502	-401.0351	172.985	1.307049
684	-231.3637	-404.619	173.2552	1.073474
690	-231.2162	-404.4714	173.2552	1.073474
696	-219.4679	-392.7457	173.2778	1.052144
702	-226.6229	-399.9007	173.2778	1.052144
708	-230.3941	-403.2331	172.839	1.422255
714	-234.4284	-407.0329	172.6045	1.597654
720	-229.7894	-403.0394	173.25	1.078357
726	-225.5725	-398.2164	172.6439	1.568847
732	-225.9054	-398.8901	172.9847	1.307284
738	-242.7804	-415.972	173.1916	1.131732
744	-230.9778	-404.421	173.4432	0.8802554
750	-233.9909	-406.9273	172.9364	1.346011
756	-223.9768	-397.423	173.4462	0.8768107
762	-230.481	-403.5804	173.0994	1.212147
768	-220.9971	-393.6407	172.6436	1.569096
774	-231.0501	-404.3745	173.3244	1.006867
780	-225.0156	-398.4791	173.4635	0.8563673
786	-224.8809	-398.105	173.2241	1.102295
792	-224.0883	-397.6255	173.5372	0.7594299
798	-218.709	-391.735	173.026	1.273507
804	-217.8832	-390.9548	173.0716	1.235641
810	-208.2522	-381.8283	173.5762	0.6972744
816	-205.3416	-378.6163	173.2747	1.055105
822	-210.5282	-383.7917	173.2635	1.065731
828	-214.0805	-387.1165	173.036	1.265263
834	-207.9913	-381.0213	173.03	1.270211
840	-221.8489	-394.6253	172.7764	1.470101
846	-214.3875	-387.855	173.4675	0.851564
852	-225.9924	-399.4495	173.4571	0.864045
858	-221.1797	-394.274	173.0943	1.216453
864	-223.1679	-396.2205	173.0526	1.251517
870	-222.971	-396.0637	173.0927	1.217794
876	-221.0637	-394.3417	173.2781	1.051917
882	-224.3585	-397.7389	173.3804	0.9495559
888	-230.1004	-403.1048	173.0044	1.291217
894	-232.1918	-404.8829	172.6911	1.534064
900	-233.589	-406.4508	172.8617	1.404673
906	-224.1252	-397.5181	173.393	0.9361799
912	-232.4402	-405.2686	172.8285	1.430365
918	-223.2487	-396.3457	173.097	1.214137
924	-223.0152	-395.9396	172.9243	1.355598
930	-222.1928	-395.0415	172.8487	1.414769
936	-215.4629	-388.6712	173.2083	1.116662
942	-234.9502	-408.3438	173.3936	0.9354741
948	-225.8792	-399.1476	173.2684	1.06111
954	-227.08	-399.9754	172.8954	1.378383
960	-224.7573	-397.6545	172.8973	1.376949
966	-232.616	-405.3863	172.7703	1.474721
972	-224.2352	-397.491	173.2558	1.072903
978	-224.8247	-397.8688	173.0441	1.258546
984	-214.0232	-387.2049	173.1817	1.140559
990	-216.2029	-389.354	173.1511	1.167516
996	-228.8848	-401.3967	172.5119	1.664411
1002	-230.1044	-403.2279	173.1235	1.191478
1008	-230.3572	-403.7087	173.3515	0.9796021
1014	-224.5318	-397.361	172.8292	1.429846
1020	-229.1079	-401.7452	172.6374	1.573666
1026	-228.8553	-402.1688	173.3135	1.017671
1032	-232.3628	-405.1626	172.7998	1.452351
1038	-228.4403	-401.2228	172.7825	1.465517
1044	-223.5947	-396.757	173.1624	1.157666
1050	-219.2009	-392.3255	173.1246	1.190505
1056	-216.8635	-390.0417	173.1781	1.143724
1062	-224.0117	-397.4445	173.4328	0.8921709
1068	-221.9456	-395.1745	173.2289	1.097872
1074	-224.4851	-397.7177	173.2326	1.09451
1080	-238.5397	-411.8361	173.2965	1.034259
1086	-232.9135	-405.9704	173.0568	1.247987
1092	-226.3721	-399.703	173.3308	1.000446
1098	-231.7575	-404.89	173.1325	1.183744
1104	-219.5357	-392.6313	173.0956	1.21536
1110	-228.8347	-401.8766	173.042	1.260353
1116	-221.8289	-394.9519	173.123	1.191918
1122	-222.9208	-395.3591	172.4383	1.716681
1128	-217.4942	-390.5672	173.0729	1.234505
1134	-223.6181	-396.5093	172.8912	1.381737
1140	-220.9959	-394.1411	173.1452	1.172681
1146	-214.872	-388.2535	173.3814	0.9484927
1152	-224.5026	-397.884	173.3814	0.9484927
1158	-225.8149	-399.2894	173.4745	0.843031
1164	-218.4862	-391.6309	173.1447	1.173108
1170	-219.2642	-392.6926	173.4284	0.8972348
1176	-219.7768	-393.2068	173.43	0.8953946
1182	-221.651	-394.8997	173.2487	1.079552
1188	-222.5324	-395.6174	173.0849	1.2244
1194	-226.6995	-399.8258	173.1264	1.189023
1200	-237.1447	-409.7921	172.6474	1.566311
1206	-234.4243	-406.8727	172.4484	1.709534
1212	-226.4786	-399.9404	173.4618	0.8584368
1218	-244.7666	-417.4412	172.6746	1.546249
1224	-229.7813	-402.7111	172.9298	1.351224
1230	-219.1121	-392.3116	173.1995	1.124634
1236	-217.817	-391.0035	173.1864	1.136309
1242	-214.7643	-387.5468	172.7825	1.465467
1248	-215.7395	-388.81	173.0705	1.236557
1254	-212.5571	-385.6876	173.1304	1.185516
1260	-216.1356	-389.6515	173.5159	0.7895768
1266	-210.0351	-383.3079	173.2728	1.056962
1272	-211.8833	-385.1768	173.2935	1.037134
1278	-212.9644	-386.1021	173.1377	1.179188
1284	-218.348	-391.6169	173.2689	1.060588
1290	-216.004	-389.273	173.2689	1.060588
1296	-219.1722	-392.3766	173.2044	1.120184
1302	-229.2088	-402.2495	173.0407	1.261429
1308	-232.4029	-405.644	173.2412	1.086548
1314	-236.3278	-409.2602	172.9324	1.349232
1320	-233.2472	-406.2678	173.0206	1.278008
1326	-234.8359	-407.7786	172.9427	1.340988
1332	-234.268	-407.6269	173.3589	0.9719865
1338	-228.3087	-401.3312	173.0224	1.276494
1344	-236.8087	-409.539	172.7303	1.504809
1350	-224.6936	-397.7432	173.0495	1.254079
1356	-222.3941	-395.0801	172.686	1.537792
1362	-217.4451	-390.3326	172.8875	1.384626
1368	-230.7821	-402.9295	172.1474	1.917423
1374	-221.4711	-394.4663	172.9952	1.29874
1380	-221.9083	-395.138	173.2297	1.097149
1386	-221.0412	-393.9777	172.9366	1.34588
1392	-219.2159	-392.4416	173.2257	1.100801
1398	-213.577	-386.4559	172.8789	1.391321
1404	-209.7303	-382.999	173.2687	1.060798
1410	-221.8086	-395.3093	173.5006	0.8099298
1416	-219.3569	-392.772	173.4151	0.9120379
1422	-214.6523	-388.0675	173.4151	0.9120379
1428	-217.3869	-390.514	173.1271	1.188357
1434	-215.8894	-389.4459	173.5564	0.7301963
1440	-215.0995	-388.4669	173.3674	0.9631637
1446	-225.2892	-398.3947	173.1055	1.206936
1452	-225.3204	-398.4259	173.1055	1.206936
1458	-228.6082	-401.3096	172.7015	1.526333
1464	-225.0343	-398.1198	173.0856	1.22387
1470	-220.8772	-394.1813	173.304	1.026882
1476	-219.7816	-393.0713	173.2897	1.040795
1482	-214.6277	-387.7946	173.1668	1.153739
1488	-221.3729	-394.7122	173.3393	0.9919485
1494	-225.8664	-399.1362	173.2698	1.059779
1500	-205.3427	-378.7753	173.4327	0.892365
1506	-205.8657	-378.5649	172.6992	1.528019
1512	-209.8703	-383.3846	173.5143	0.7917523
1518	-215.6299	-388.5875	172.9576	1.329113
1524	-225.6227	-399.0362	173.4135	0.9138368
1530	-231.5975	-404.4543	172.8568	1.408501
1536	-221.0544	-394.2699	173.2155	1.1101
1542	-224.938	-397.7742	172.8363	1.424385
1548	-220.9878	-393.8192	172.8314	1.428131
1554	-222.2062	-395.6907	173.4846	0.8304629
1560	-217.5688	-391.0533	173.4846	0.8304629
1566	-215.8824	-389.367	173.4846	0.8304629
1572	-211.2245	-384.3585	173.1341	1.182354
1578	-218.2567	-390.8122	172.5555	1.633172
1584	-213.7227	-386.7022	172.9795	1.311476
1590	-223.7687	-396.8384	173.0697	1.237215
1596	-215.1472	-388.2169	173.0697	1.237215
1602	-215.8604	-388.8119	172.9515	1.333955
1608	-220.7788	-393.7097	172.9309	1.350355
1614	-216.2844	-389.2153	172.9309	1.350355
1620	-213.7421	-387.0859	173.3438	0.9874479
1626	-213.9836	-387.2089	173.2253	1.101182
1632	-213.388	-386.8477	173.4598	0.8608384
1638	-214.4506	-387.6521	173.2015	1.122816
1644	-230.6832	-403.8045	173.1214	1.193318
1650	-229.6937	-402.9478	173.2541	1.074568
1656	-228.071	-400.9775	172.9065	1.3697
1662	-220.4661	-393.7632	173.2971	1.033608
1668	-222.8907	-396.1878	173.2971	1.033608
1674	-227.5456	-400.309	172.7633	1.48
1680	-248.0016	-421.3614	173.3598	0.9710139
1686	-232.6104	-405.7808	173.1704	1.150593
1692	-218.4213	-391.5701	173.1488	1.169583
1698	-231.0808	-404.3514	173.2707	1.058949
1704	-226.3195	-398.9516	172.6321	1.577523
1710	-221.4515	-394.6318	173.1804	1.141736
1716	-213.9985	-386.8058	172.8072	1.446655
1722	-219.0557	-392.173	173.1173	1.19687
1728	-221.7093	-394.841	173.1317	1.184439
1734	-214.9196	-388.0221	173.1025	1.209517
1740	-226.902	-400.0488	173.1467	1.17136
1746	-231.7207	-405.2806	173.5599	0.724648
1752	-229.3459	-402.4756	173.1297	1.186161
1758	-233.4353	-406.6913	173.256	1.072748
1764	-231.9263	-404.9579	173.0316	1.268904
1770	-227.3242	-400.5975	173.2733	1.056473
1776	-220.4882	-393.7289	173.2407	1.087022
1782	-220.8842	-393.9949	173.1107	1.202485
1788	-217.326	-390.7009	173.3749	0.9553156
1794	-221.3755	-394.896	173.5205	0.7831764
1800	-221.9799	-395.2514	173.2715	1.058143
1806	-216.9252	-390.1967	173.2715	1.058143
1812	-233.8651	-406.9891	173.124	1.191072
1818	-227.2481	-400.5162	173.2681	1.061385
1824	-223.3354	-396.5281	173.1927	1.130722
1830	-229.393	-402.6657	173.2727	1.05697
1836	-228.6873	-401.647	172.9597	1.327419
1842	-238.7699	-411.9652	173.1953	1.128402
1848	-243.8069	-416.9403	173.1334	1.18297
1854	-230.9359	-403.8125	172.8766	1.393081
1860	-229.4325	-402.6528	173.2203	1.105717
1866	-236.4273	-409.616	173.1887	1.134328
1872	-228.1914	-401.2059	173.0144	1.283032
1878	-220.6257	-393.8927	173.267	1.062375
1884	-224.2928	-397.5599	173.267	1.062375
1890	-229.201	-402.509	173.308	1.023038
1896	-223.807	-396.7801	172.9731	1.316662
1902	-229.0148	-402.0568	173.042	1.260335
1908	-225.7215	-399.1414	173.4199	0.9066979
1914	-230.1146	-403.4327	173.3182	1.013035
1920	-228.8507	-402.0991	173.2484	1.079837
1926	-216.1222	-389.4604	173.3382	0.9930821
1932	-217.6642	-390.8254	173.1612	1.158712
1938	-219.4037	-392.3751	172.9714	1.317988
1944	-213.0368	-386.2665	173.2297	1.097124
1950	-210.0476	-383.4602	173.4126	0.9148289
1956	-222.3881	-394.8415	172.4534	1.706007
1962	-220.2513	-392.9376	172.6863	1.537594
1968	-226.0481	-398.4881	172.4401	1.71545
1974	-220.6605	-393.6024	172.9419	1.34166
1980	-217.6526	-390.9825	173.3299	1.001373
1986	-224.1076	-397.4375	173.3299	1.001373
1992	-218.5475	-391.9578	173.4103	0.9173607
1998	-216.678	-389.5103	172.8322	1.427478
2004	-218.8684	-392.3147	173.4464	0.8766259
2010	-222.4254	-395.707	173.2816	1.048537
2016	-223.3548	-396.0445	172.6897	1.535099
2022	-230.7228	-403.9778	173.255	1.073709
2028	-219.9532	-393.0534	173.1001	1.211519
2034	-230.9095	-403.7623	172.8528	1.411595
2040	-236.9423	-409.8343	172.8919	1.381111
2046	-231.3097	-404.6063	173.2966	1.034108
2052	-229.1697	-402.3855	173.2159	1.109789
2058	-237.2009	-410.4168	173.2159	1.109789
2064	-236.8955	-410.0288	173.1333	1.183052
2070	-241.9894	-415.308	173.3186	1.012652
2076	-239.8539	-413.1128	173.2589	1.070061
2082	-229.7283	-402.8576	173.1293	1.186451
2088	-228.842	-401.8748	173.0328	1.267933
2094	-236.1253	-409.1581	173.0328	1.267933
2100	-219.0659	-392.0973	173.0313	1.269164
2106	-223.7971	-396.8284	173.0313	1.269164
2112	-221.293	-394.137	172.8439	1.41846
2118	-217.6636	-390.8719	173.2083	1.116653
2124	-212.1696	-385.4278	173.2582	1.070726
2130	-217.7054	-390.9381	173.2326	1.094448
2136	-231.4318	-404.7109	173.2791	1.050895
2142	-227.9109	-401.1901	173.2791	1.050895
2148	-229.3921	-402.6545	173.2624	1.066743
2154	-227.2646	-400.4634	173.1988	1.12527
2160	-214.1183	-387.2706	173.1523	1.16653
2166	-220.0981	-393.5486	173.4504	0.8718522
2172	-218.2906	-391.5804	173.2897	1.040735
2178	-218.5643	-391.706	173.1418	1.17567
2184	-221.6853	-395.0756	173.3904	0.9389683
2190	-222.5559	-395.7295	173.1736	1.147755
2196	-213.2586	-386.6497	173.3911	0.9381817
2202	-222.3248	-395.6844	173.3596	0.9712738
2208	-211.548	-384.7234	173.1754	1.146127
2214	-215.1602	-388.3392	173.1789	1.142997
2220	-218.4583	-391.5145	173.0562	1.248525
2226	-228.5963	-402.0753	173.4791	0.837355
2232	-222.6317	-396.0654	173.4337	0.8911632
2238	-230.8285	-403.6398	172.8113	1.443563
2244	-227.4153	-400.2265	172.8113	1.443563
2250	-232.284	-405.0953	172.8113	1.443563
2256	-227.9491	-400.8428	172.8937	1.379755
2262	-220.5095	-393.8917	173.3822	0.9476732
2268	-222.599	-396.0239	173.4249	0.9011362
2274	-218.2237	-391.314	173.0903	1.219881
2280	-213.8775	-387.1899	173.3124	1.018681
2286	-217.8706	-391.1475	173.2769	1.053008
2292	-220.7555	-393.7564	173.0009	1.294106
2298	-210.8799	-383.9313	173.0513	1.252563
2304	-216.3939	-389.6835	173.2896	1.040911
2310	-211.0792	-384.3843	173.3051	1.025882
2316	-209.8025	-383.0786	173.2761	1.053789
2322	-223.0583	-395.7673	172.709	1.520708
2328	-214.124	-387.177	173.053	1.251161
2334	-214.6898	-387.9425	173.2527	1.075851
2340	-216.5385	-389.6571	173.1187	1.195662
2346	-239.4809	-412.6142	173.1333	1.183046
2352	-226.1106	-399.291	173.1804	1.141745
2358	-230.7664	-404.0132	173.2468	1.081325
2364	-218.4863	-391.8045	173.3182	1.012961
2370	-216.109	-389.3812	173.2721	1.057547
2376	-215.717	-388.8238	173.1068	1.205853
2382	-215.8139	-388.9771	173.1632	1.156922
2388	-215.067	-388.2302	173.1632	1.156922
2394	-221.7572	-394.8774	173.1202	1.194343
2400	-223.1724	-396.2295	173.0571	1.247762
2406	-234.3781	-407.4251	173.0469	1.256231
2412	-226.4229	-399.8766	173.4537	0.8680651
2418	-217.7246	-391.1397	173.4151	0.9121163
2424	-218.0629	-391.3465	173.2836	1.046666
2430	-221.9318	-395.4521	173.5203	0.7835016
2436	-214.1975	-387.6335	173.436	0.8885447
2442	-218.5898	-391.4212	172.8314	1.42811
2448	-225.7803	-399.3039	173.5236	0.7788592
2454	-233.7808	-407.1805	173.3997	0.9289413
2460	-223.01	-396.4096	173.3997	0.9289413
2466	-234.2052	-407.0656	172.8604	1.405718
2472	-229.4684	-402.3604	172.8919	1.381145
2478	-226.593	-399.4926	172.8996	1.375096
2484	-227.9966	-400.8717	172.8751	1.394244
2490	-216.0984	-389.2614	173.163	1.157122
2496	-216.4545	-389.8689	173.4144	0.9128312
2502	-215.8616	-388.6603	172.7987	1.453144
2508	-218.4433	-391.8594	173.4161	0.9110087
2514	-217.4019	-390.4677	173.0658	1.2405
2520	-221.2776	-394.5342	173.2566	1.072189
2526	-226.2891	-399.3574	173.0682	1.238448
2532	-216.0726	-389.1038	173.0312	1.269247
2538	-217.8463	-390.9772	173.131	1.185042
2544	-223.4618	-396.3298	172.868	1.399775
2550	-223.2879	-396.2913	173.0034	1.292041
2556	-224.9749	-398.2988	173.324	1.007305
2562	-217.3063	-390.4987	173.1924	1.130993
2568	-227.4998	-400.5251	173.0253	1.274127
2574	-223.6346	-396.8971	173.2625	1.06664
2580	-226.7647	-400.1258	173.3611	0.9697511
2586	-221.4265	-394.5589	173.1324	1.1838
2592	-222.5829	-395.7	173.1171	1.196995
2598	-230.5798	-403.7593	173.1795	1.142523
2604	-215.9752	-389.106	173.1308	1.185178
2610	-219.941	-393.3159	173.3749	0.955344
2616	-226.1037	-399.3593	173.2556	1.073096
2622	-228.079	-400.9383	172.8593	1.406532
2628	-224.7767	-398.1023	173.3256	1.005645
2634	-223.0618	-396.374	173.3123	1.018848
2640	-224.9891	-397.7106	172.7216	1.511374
2646	-220.9173	-394.2431	173.3258	1.005508
2652	-224.2652	-397.5887	173.3235	1.007734
2658	-220.4517	-393.4859	173.0342	1.26681
2664	-214.6631	-387.6424	172.9793	1.311643
2670	-219.6704	-392.7494	173.079	1.22937
2676	-219.3735	-392.5963	173.2228	1.103503
2682	-215.7441	-388.9669	173.2228	1.103503
2688	-218.5499	-391.9262	173.3763	0.9538977
2694	-227.2712	-400.6475	173.3763	0.9538977
2700	-234.919	-408.2716	173.3526	0.9784123
2706	-238.9563	-412.309	173.3526	0.9784123
2712	-245.9495	-419.3259	173.3764	0.9537498
2718	-246.9903	-420.3668	173.3764	0.9537498
2724	-233.7493	-406.6418	172.8925	1.380662
2730	-227.8598	-400.559	172.6992	1.528002
2736	-234.025	-407.3356	173.3106	1.020434
2742	-237.1704	-410.355	173.1846	1.137957
2748	-235.2046	-408.1895	172.9849	1.307123
2754	-230.8322	-404.0961	173.2639	1.065334
2760	-226.2072	-399.0944	172.8872	1.384811
2766	-224.7213	-397.7187	172.9974	1.296974
2772	-222.0121	-394.9639	172.9518	1.333713
2778	-226.7614	-399.9573	173.1959	1.12784
2784	-231.9195	-404.7976	172.8781	1.391974
2790	-228.3391	-401.5425	173.2035	1.121046
2796	-229.7394	-402.8106	173.0712	1.235963
2802	-231.2702	-404.5087	173.2384	1.089089
2808	-233.4836	-406.6191	173.1355	1.181087
2814	-234.2359	-407.2928	173.0569	1.247967
2820	-222.2868	-395.4524	173.1657	1.154739
2826	-226.9354	-400.161	173.2256	1.100936
2832	-222.8972	-396.1228	173.2256	1.100936
2838	-224.4746	-397.4377	172.9631	1.324663
2844	-222.7716	-396.0744	173.3028	1.028105
2850	-221.8535	-394.7351	172.8816	1.389216
2856	-218.8461	-391.9413	173.0952	1.215679
2862	-216.7245	-390.0312	173.3067	1.024265
2868	-217.3153	-390.3088	172.9935	1.300108
2874	-224.8412	-397.8261	172.9849	1.307066
2880	-219.1199	-392.524	173.4041	0.9241222
2886	-222.8095	-396.0239	173.2144	1.111088
2892	-226.2829	-399.4105	173.1276	1.18793
2898	-216.1789	-389.5408	173.3619	0.9689337
2904	-208.4158	-381.6445	173.2287	1.098038
2910	-214.2275	-387.3549	173.1274	1.188111
2916	-215.8649	-389.1278	173.2628	1.066335
2922	-220.2066	-393.009	172.8023	1.450381
2928	-219.6972	-392.8456	173.1484	1.169863
2934	-220.0132	-392.8418	172.8286	1.430276
2940	-226.2339	-398.9614	172.7275	1.506937
2946	-223.5023	-396.6874	173.1851	1.137556
2952	-229.0128	-402.1191	173.1063	1.20624
2958	-226.9503	-399.7436	172.7933	1.457264
2964	-215.1359	-388.0671	172.9312	1.350146
2970	-222.7549	-395.4516	172.6967	1.5299
2976	-224.035	-397.2763	173.2413	1.086448
2982	-217.8664	-391.1077	173.2413	1.086448
2988	-216.6344	-390.0016	173.3671	0.9634488
2994	-223.8743	-397.1883	173.314	1.017104
3000	-222.9322	-396.1105	173.1783	1.143558
3006	-221.3671	-394.4086	173.0416	1.260681
3012	-226.0646	-399.0076	172.9431	1.340694
3018	-213.6677	-386.5752	172.9075	1.36887
3024	-225.0928	-398.0837	172.9908	1.302284
3030	-230.7597	-403.6781	172.9184	1.360329
3036	-234.9984	-408.1982	173.1998	1.124353
3042	-233.6738	-406.5847	172.9109	1.366243
3048	-227.643	-401.1434	173.5005	0.8100972
3054	-225.5897	-398.8853	173.2957	1.035002
3060	-221.2544	-394.021	172.7666	1.477496
3066	-228.157	-401.0882	172.9313	1.350108
3072	-223.995	-396.8125	172.8175	1.4388
3078	-225.4605	-398.552	173.0915	1.218821
3084	-227.6083	-401.0034	173.3951	0.9338924
3090	-230.3854	-403.7736	173.3883	0.9412229
3096	-229.2858	-402.1852	172.8993	1.375313
3102	-231.1176	-403.9833	172.8656	1.401658
3108	-224.4751	-397.7364	173.2613	1.0678
3114	-231.0766	-404.3891	173.3125	1.018612
3120	-227.4061	-400.8198	173.4138	0.9135146
3126	-221.3643	-394.6998	173.3355	0.9957393
3132	-216.7597	-389.5155	172.7557	1.485729
3138	-231.7316	-404.6705	172.939	1.34398
3144	-237.8475	-410.4284	172.5809	1.614786
3150	-233.7026	-407.0485	173.3458	0.9853346
3156	-237.4804	-410.6437	173.1633	1.156815
3162	-231.8798	-405.2224	173.3427	0.9885652
3168	-223.208	-396.2187	173.0107	1.286099
3174	-231.9958	-405.0953	173.0995	1.212088
3180	-230.9415	-404.4812	173.5397	0.7558774
3186	-227.8061	-400.832	173.0259	1.273653
3192	-225.9359	-398.6739	172.7381	1.498993
3198	-224.6377	-397.9617	173.324	1.007272
3204	-210.7668	-384.0041	173.2374	1.090075
3210	-221.9464	-394.9574	173.011	1.28588
3216	-223.0221	-396.1482	173.1261	1.189243
3222	-228.6407	-401.9545	173.3138	1.017335
3228	-227.9858	-400.8457	172.8599	1.406077
3234	-229.272	-402.5519	173.2799	1.050195
3240	-221.1838	-393.8784	172.6946	1.531442
3246	-220.9376	-394.1957	173.2581	1.070786
3252	-213.987	-387.2601	173.273	1.05669
3258	-204.4017	-377.7664	173.3646	0.9660752
3264	-213.9118	-386.5547	172.6429	1.569617
3270	-232.7627	-405.7847	173.022	1.276805
3276	-226.6999	-400.0745	173.3746	0.9556736
3282	-227.6105	-400.8748	173.2643	1.064922
3288	-222.972	-396.2364	173.2643	1.064922
3294	-221.8723	-394.9909	173.1186	1.195687
3300	-225.4677	-398.7563	173.2886	1.04182
3306	-217.4253	-390.0754	172.6501	1.564319
3312	-224.7936	-398.0693	173.2758	1.054114
3318	-227.1712	-400.3569	173.1856	1.137033
3324	-227.454	-400.6396	173.1856	1.137033
3330	-225.0013	-398.4013	173.3999	0.9286725
3336	-214.4993	-387.6433	173.144	1.173718
3342	-214.5612	-387.9235	173.3624	0.9684189
3348	-210.9592	-384.2396	173.2804	1.049686
3354	-218.3853	-391.753	173.3677	0.9628822
3360	-226.5485	-399.6423	173.0939	1.21682
3366	-227.5648	-400.8996	173.3349	0.996418
3372	-230.9414	-403.9817	173.0403	1.261754
3378	-239.2173	-412.2576	173.0403	1.261754
3384	-241.746	-414.984	173.2379	1.089549
3390	-238.503	-411.3492	172.8461	1.41677
3396	-240.8185	-413.7986	172.9801	1.310944
3402	-225.8322	-398.2191	172.3869	1.75278
3408	-222.3818	-395.4788	173.097	1.214146
3414	-213.7759	-386.973	173.1972	1.126698
3420	-216.1231	-389.212	173.0889	1.221069
3426	-222.0808	-395.5331	173.4523	0.8696154
3432	-212.5252	-385.956	173.4308	0.8945202
3438	-221.1213	-394.683	173.5617	0.7217803
3444	-221.0874	-394.5336	173.4462	0.8768351
3450	-226.2737	-399.2914	173.0176	1.280414
3456	-225.5089	-398.5997	173.0908	1.21947
3462	-222.2698	-395.2409	172.9711	1.318213
3468	-222.7847	-396.1404	173.3557	0.9753149
3474	-229.4433	-402.3663	172.923	1.356666
3480	-214.7399	-387.7875	173.0476	1.255715
3486	-228.8573	-401.9049	173.0476	1.255715
3492	-218.3482	-391.5391	173.1909	1.132298
3498	-221.5492	-394.7689	173.2197	1.106309
3504	-233.1395	-406.2916	173.152	1.166711
3510	-237.9877	-410.7522	172.7645	1.479075
3516	-244.2581	-417.5204	173.2623	1.066887
3522	-227.1955	-400.2151	173.0196	1.278767
3528	-225.3371	-398.3651	173.028	1.271902
3534	-223.8731	-397.0821	173.209	1.116039
3540	-218.2203	-391.051	172.8306	1.428699
3546	-218.9763	-392.4677	173.4914	0.8217771
3552	-214.6278	-387.8646	173.2369	1.090563
3558	-214.0103	-387.1914	173.1811	1.141077
3564	-210.8884	-383.9606	173.0722	1.23513
3570	-221.7091	-394.8466	173.1375	1.179388
3576	-214.3516	-387.3109	172.9593	1.327714
3582	-220.6909	-393.5168	172.826	1.432294
3588	-213.8413	-386.6469	172.8056	1.447908
3594	-227.7092	-400.442	172.7329	1.502921
3600	-222.7737	-395.7952	173.0215	1.277264
3606	-234.7921	-408.3611	173.569	0.7097313
3612	-224.2225	-397.4832	173.2607	1.068316
3618	-220.3945	-393.4685	173.0739	1.233678
3624	-220.5453	-393.7189	173.1736	1.147722
3630	-219.8624	-392.9137	173.0513	1.252581
3636	-221.4588	-394.7208	173.2619	1.067175
3642	-214.6395	-387.7758	173.1362	1.180489
3648	-225.2543	-398.3548	173.1005	1.211223
3654	-228.0728	-401.3086	173.2358	1.091524
3660	-227.2553	-399.8604	172.6051	1.597252
3666	-224.8632	-397.4683	172.6051	1.597252
3672	-230.61	-403.3699	172.7599	1.482587
3678	-232.7692	-405.9439	173.1746	1.146838
3684	-239.8942	-413.141	173.2468	1.081328
3690	-225.497	-398.7502	173.2532	1.075402
3696	-224.6367	-397.8898	173.2532	1.075402
3702	-217.5998	-390.437	172.8372	1.423648
3708	-228.5359	-401.4105	172.8746	1.394682
3714	-230.8267	-403.3626	172.5358	1.647279
3720	-220.0415	-393.3697	173.3283	1.00302
3726	-224.4626	-397.5852	173.1226	1.19229
3732	-233.6962	-407.0957	173.3995	0.9291724
3738	-221.6792	-394.6204	172.9412	1.342211
3744	-219.4342	-392.4619	173.0277	1.272141
3750	-214.8762	-388.0743	173.1981	1.125894
3756	-208.8052	-382.2889	173.4836	0.8316381
3762	-208.8819	-382.1913	173.3095	1.021575
3768	-219.5974	-392.7677	173.1703	1.150667
3774	-219.4495	-392.5361	173.0865	1.223039
3780	-221.1957	-393.7786	172.5829	1.613341
3786	-225.6851	-398.6257	172.9406	1.342693
3792	-224.6424	-397.7144	173.072	1.235307
3798	-226.6091	-399.9011	173.292	1.038588
3804	-229.1937	-401.9168	172.7232	1.510161
3810	-231.6544	-404.5893	172.935	1.347154
3816	-225.7129	-398.9449	173.232	1.095071
3822	-229.6911	-402.923	173.232	1.095071
3828	-228.8555	-401.7101	172.8546	1.410211
3834	-231.7106	-404.8766	173.166	1.154472
3840	-243.536	-416.5723	173.0363	1.265027
3846	-232.7211	-405.4678	172.7467	1.492516
3852	-231.6067	-404.6937	173.087	1.222668
3858	-217.6335	-390.1254	172.4919	1.678699
3864	-217.1632	-390.256	173.0928	1.217742
3870	-217.8987	-391.2609	173.3622	0.9685933
3876	-226.6793	-399.9941	173.3148	1.016361
3882	-225.3695	-398.7172	173.3477	0.9834574
3888	-222.8213	-395.4583	172.637	1.573936
3894	-216.0242	-389.0794	173.0551	1.249406
3900	-223.433	-396.4882	173.0551	1.249406
3906	-232.1697	-405.2248	173.0551	1.249406
3912	-224.7014	-397.5774	172.876	1.393559
3918	-223.0425	-396.2097	173.1672	1.153388
3924	-220.6336	-393.7916	173.158	1.161487
3930	-217.7287	-391.0669	173.3383	0.9929703
3936	-230.2122	-402.9195	172.7073	1.522028
3942	-235.808	-408.5153	172.7073	1.522028
3948	-225.4438	-398.7919	173.3481	0.9830281
3954	-223.5253	-396.3033	172.778	1.468871
3960	-226.0981	-399.2153	173.1171	1.196979
3966	-226.9619	-400.079	173.1171	1.196979
3972	-222.6612	-395.4016	172.7405	1.49721
3978	-221.6649	-394.8528	173.1879	1.135014
3984	-222.4157	-395.6025	173.1867	1.13606
3990	-217.1172	-390.3891	173.2719	1.057762
3996	-226.2668	-399.3196	173.0528	1.251332
4002	-224.2018	-397.6123	173.4104	0.917223
4008	-224.858	-397.5374	172.6794	1.542738
4014	-217.1614	-390.349	173.1875	1.135327
4020	-213.712	-387.0591	173.3471	0.984015
4026	-218.6298	-391.4792	172.8494	1.414243
4032	-210.6433	-383.9526	173.3094	1.021694
4038	-207.7895	-380.8041	173.0146	1.282932
4044	-218.9547	-392.2042	173.2494	1.078877
4050	-211.4882	-384.8863	173.3981	0.9306125
4056	-209.458	-382.6727	173.2147	1.110821
4062	-221.1493	-394.6216	173.4723	0.8457143
4068	-220.2165	-393.3718	173.1553	1.163874
4074	-236.8418	-409.9971	173.1553	1.163874
4080	-223.3584	-396.5137	173.1553	1.163874
4086	-212.4133	-385.7628	173.3495	0.9816026
4092	-221.0868	-394.4561	173.3693	0.9612476
4098	-218.6781	-391.2998	172.6217	1.585124
4104	-221.2719	-394.7579	173.4861	0.8285936
4110	-225.8207	-398.7429	172.9222	1.357299
4116	-237.265	-410.3295	173.0645	1.241606
4122	-224.1303	-397.1948	173.0645	1.241606
4128	-216.2145	-389.5586	173.3441	0.9871466
4134	-223.5984	-396.5073	172.9089	1.367764
4140	-221.5145	-394.8897	173.3752	0.9550539
4146	-224.2171	-397.6476	173.4305	0.8948561
4152	-227.6189	-400.7476	173.1287	1.187047
4158	-220.4254	-393.8623	173.4369	0.8875281
4164	-219.4042	-392.6566	173.2523	1.076177
4170	-213.3614	-386.4926	173.1312	1.184827
4176	-215.9939	-389.3234	173.3294	1.001836
4182	-220.9021	-394.1036	173.2015	1.122797
4188	-234.3716	-407.5361	173.1644	1.155844
4194	-212.0439	-385.4488	173.4048	0.9233426
4200	-210.8126	-384.1422	173.3296	1.001716
4206	-218.6471	-391.9029	173.2558	1.072954
4212	-230.2843	-403.9079	173.6237	0.5899228
4218	-230.3712	-403.9133	173.542	0.7523471
4224	-215.1877	-388.2726	173.0849	1.224436
4230	-214.6736	-387.6225	172.9488	1.336094
4236	-213.2916	-386.4617	173.17	1.150884
4242	-225.892	-399.0834	173.1915	1.131824
4248	-220.2387	-392.8828	172.6441	1.568702
4254	-220.1878	-393.4996	173.3119	1.019233
4260	-231.1837	-404.3819	173.1982	1.125807
4266	-229.3888	-402.6194	173.2306	1.096366
4272	-224.2532	-397.5997	173.3465	0.9846744
4278	-217.8309	-391.2133	173.3825	0.9473974
4284	-222.9762	-395.9072	172.931	1.350343
4290	-222.6447	-396.0118	173.3671	0.9634501
4296	-230.633	-403.2194	172.5864	1.610841
4302	-226.2656	-399.4735	173.2079	1.117067
4308	-224.606	-397.8664	173.2605	1.068575
4314	-220.6661	-393.9357	173.2696	1.059933
4320	-219.7549	-392.7877	173.0328	1.267923
4326	-218.8907	-392.082	173.1913	1.131938
4332	-216.1484	-389.3445	173.1962	1.127609
4338	-214.8808	-387.9348	173.054	1.250359
4344	-213.6624	-386.8395	173.1771	1.144624
4350	-216.4274	-389.7266	173.2992	1.031597
4356	-231.4691	-404.6082	173.1392	1.177955
4362	-230.5937	-403.8701	173.2764	1.053487
4368	-232.9079	-406.1132	173.2053	1.119347
4374	-243.5998	-416.5297	172.93	1.351135
4380	-232.5234	-405.9728	173.4495	0.8729894
4386	-225.8258	-399.1712	173.3454	0.9857966
4392	-228.7797	-401.7553	172.9756	1.314634
4398	-227.2385	-400.8156	173.5771	0.6956534
4404	-216.2151	-389.3134	173.0983	1.213038
4410	-219.5164	-392.1184	172.602	1.599481
4416	-220.2806	-393.4919	173.2113	1.113944
4422	-219.708	-392.7782	173.0702	1.236845
4428	-229.8463	-402.8807	173.0344	1.266625
4434	-229.5639	-402.6123	173.0483	1.255062
4440	-219.1237	-392.4397	173.3161	1.015112
4446	-220.0285	-393.1614	173.1329	1.183415
4452	-221.0727	-394.1127	173.04	1.261956
4458	-225.3902	-398.6679	173.2776	1.052311
4464	-225.9014	-398.8763	172.975	1.315124
4470	-231.7704	-404.6794	172.909	1.367695
4476	-228.1972	-401.2604	173.0632	1.242672
4482	-230.4366	-403.7576	173.321	1.010241
4488	-222.7027	-395.7366	173.0339	1.266992
4494	-230.1224	-402.9634	172.841	1.42073
4500	-237.3515	-410.3765	173.025	1.274387
4506	-243.1551	-416.2588	173.1037	1.208451
4512	-246.361	-419.4647	173.1037	1.208451
4518	-232.1363	-404.9102	172.7738	1.472044
4524	-227.7292	-401.1704	173.4412	0.8826553
4530	-228.738	-401.923	173.1849	1.137664
4536	-225.5957	-398.9805	173.3847	0.9449618
4542	-231.4259	-404.3866	172.9606	1.326655
4548	-222.4105	-395.4274	173.0169	1.281017
4554	-223.4018	-396.3608	172.959	1.327948
4560	-226.8941	-399.9907	173.0966	1.214479
4566	-232.4018	-405.3549	172.9532	1.332618
4572	-234.8495	-408.0943	173.2448	1.083203
4578	-233.3925	-406.629	173.2365	1.090878
4584	-229.3291	-402.1655	172.8363	1.424317
4590	-240.3576	-413.2171	172.8595	1.40643
4596	-240.6582	-413.5177	172.8595	1.40643
4602	-225.1734	-398.5366	173.3632	0.9675776
4608	-228.5785	-401.9377	173.3592	0.9716331
4614	-228.7644	-402.1167	173.3522	0.978826
4620	-222.5709	-395.491	172.9201	1.358983
4626	-225.0584	-397.8994	172.841	1.420704
4632	-227.1206	-400.6044	173.4837	0.8315128
4638	-218.6252	-391.7171	173.0919	1.218514
4644	-220.6145	-393.8162	173.2017	1.12263
4650	-221.6503	-394.8949	173.2447	1.083308
4656	-222.3149	-395.5596	173.2447	1.083308
4662	-228.1392	-401.4012	173.262	1.067149
4668	-215.9302	-389.1944	173.2642	1.065075
4674	-212.7036	-385.9894	173.2858	1.044541
4680	-214.0982	-387.384	173.2858	1.044541
4686	-226.4477	-399.5099	173.0622	1.243491
4692	-224.0383	-397.0376	172.9993	1.295392
4698	-226.2593	-399.2586	172.9993	1.295392
4704	-215.2637	-388.4771	173.2134	1.112045
4710	-223.0919	-396.1554	173.0635	1.242451
4716	-222.0851	-395.1486	173.0635	1.242451
4722	-218.4135	-391.729	173.3155	1.015681
4728	-219.8031	-392.4367	172.6336	1.576402
4734	-225.4127	-398.8577	173.445	0.8782008
4740	-229.2515	-402.5019	173.2504	1.077957
4746	-227.856	-400.389	172.533	1.649305
4752	-227.4645	-400.5553	173.0909	1.219379
4758	-240.3793	-413.7982	173.4189	0.9078114
4764	-232.4717	-405.1438	172.6721	1.548124
4770	-221.7215	-394.821	173.0995	1.212044
4776	-227.256	-400.4384	173.1824	1.139914
4782	-214.8947	-387.9848	173.0901	1.22001
4788	-224.4848	-397.8149	173.3302	1.001119
4794	-223.7095	-397.0716	173.362	0.9687629
4800	-224.3332	-397.7284	173.3952	0.9337892
4806	-226.8444	-400.0946	173.2502	1.078183
4812	-225.2783	-398.5285	173.2502	1.078183
4818	-228.4495	-401.6195	173.17	1.150894
4824	-228.5223	-401.5741	173.0517	1.252248
4830	-238.8078	-412.056	173.2482	1.080025
4836	-229.1052	-401.957	172.8518	1.412414
4842	-223.6027	-396.8108	173.208	1.116907
4848	-217.9782	-391.4424	173.4642	0.855461
4854	-213.9245	-387.213	173.2885	1.041949
4860	-223.8599	-397.1913	173.3314	0.9998992
4866	-222.4774	-395.511	173.0336	1.267305
4872	-213.6319	-386.6328	173.0009	1.294122
4878	-209.0334	-382.4433	173.41	0.917732
4884	-217.15	-389.838	172.688	1.536331
4890	-222.7985	-395.6959	172.8973	1.376898
4896	-220.254	-393.1933	172.9393	1.343725
4902	-226.2848	-399.1785	172.8937	1.379736
4908	-217.6697	-390.4278	172.7581	1.483936
4914	-211.1032	-384.1124	173.0092	1.287301
4920	-211.3105	-384.0021	172.6916	1.533696
4926	-216.4422	-389.3966	172.9544	1.331659
4932	-223.6902	-396.6446	172.9544	1.331659
4938	-234.9837	-407.3781	172.3944	1.747522
4944	-226.3973	-399.3206	172.9233	1.356434
4950	-224.5831	-397.7696	173.1865	1.136291
4956	-223.433	-396.5241	173.0912	1.219138
4962	-237.6484	-411.0479	173.3994	0.929209
4968	-229.4638	-402.4269	172.9632	1.324633
4974	-221.4466	-394.6223	173.1757	1.145867
4980	-230.0154	-403.4065	173.3911	0.9382057
4986	-235.7475	-408.9082	173.1607	1.159127
4992	-225.3529	-398.6977	173.3448	0.986366
4998	-227.3993	-400.2695	172.8702	1.398133
5004	-218.4529	-391.7901	173.3372	0.9940235
5010	-221.6096	-394.5478	172.9383	1.344529
5016	-220.1109	-393.2185	173.1075	1.205192
5022	-219.4871	-392.7454	173.2583	1.070582
5028	-213.0605	-385.7363	172.6758	1.545398
5034	-223.6241	-396.4545	172.8305	1.428822
5040	-230.0261	-402.937	172.9109	1.366184
5046	-222.7984	-396.215	173.4166	0.9104111
5052	-230.5835	-403.7535	173.1701	1.150858
5058	-215.0089	-388.179	173.1701	1.150858
5064	-223.3023	-396.6033	173.301	1.029885
5070	-218.5523	-391.6899	173.1376	1.179313
5076	-219.7725	-393.2146	173.4421	0.881607
5082	-229.9634	-403.1919	173.2285	1.098219
5088	-230.2546	-403.7544	173.4998	0.8109982
5094	-224.0655	-397.2141	173.1486	1.169718
5100	-230.3275	-402.9353	172.6079	1.595204
5106	-232.2877	-405.1406	172.8529	1.411511
5112	-234.4153	-407.7666	173.3513	0.9797349
5118	-232.493	-405.9126	173.4196	0.9070948
5124	-219.9459	-393.0684	173.1225	1.192348
5130	-224.7487	-397.8514	173.1027	1.209329
5136	-224.0004	-397.2427	173.2423	1.085535
5142	-228.506	-401.7613	173.2553	1.07339
5148	-221.5951	-394.5978	173.0027	1.29265
5154	-231.4427	-404.0524	172.6098	1.593807
5160	-233.4293	-406.8571	173.4278	0.8978879
5166	-226.3318	-399.3103	172.9785	1.312283
5172	-230.1087	-403.2572	173.1485	1.16979
5178	-223.9531	-397.1328	173.1797	1.142334
5184	-240.1896	-413.3728	173.1831	1.139253
5190	-243.6382	-416.7286	173.0904	1.219762
5196	-240.2741	-413.1996	172.9255	1.354647
5202	-242.6217	-415.6791	173.0574	1.247501
5208	-242.9596	-416.3151	173.3555	0.9754847
5214	-227.3641	-400.7253	173.3611	0.9696745
5220	-233.5584	-406.9196	173.3611	0.9696745
5226	-236.2778	-409.4353	173.1576	1.161878
5232	-236.7831	-410.1516	173.3685	0.9620026
5238	-229.8714	-403.152	173.2806	1.049522
5244	-222.1951	-395.193	172.9979	1.296526
5250	-227.6776	-400.6755	172.9979	1.296526
5256	-232.6255	-405.4034	172.7779	1.468993
5262	-233.267	-406.0913	172.8243	1.43356
5268	-239.9975	-412.9731	172.9755	1.314659
5274	-235.1629	-408.406	173.2431	1.084743
5280	-232.306	-405.2942	172.9882	1.304387
5286	-233.6155	-406.5402	172.9247	1.355312
5292	-217.7655	-390.9532	173.1877	1.135179
5298	-219.8632	-393.2161	173.3529	0.978153
5304	-227.1946	-399.9464	172.7518	1.488726
5310	-221.2834	-394.2507	172.9673	1.321327
5316	-217.6516	-390.6575	173.0059	1.289985
5322	-216.3552	-389.6599	173.3048	1.026189
5328	-217.9202	-391.3218	173.4016	0.9269013
5334	-220.1708	-393.1055	172.9347	1.347333
5340	-217.4044	-390.3392	172.9347	1.347333
5346	-218.0856	-391.3216	173.236	1.091346
5352	-227.4565	-400.7121	173.2556	1.07309
5358	-227.5435	-400.7843	173.2407	1.086958
5364	-223.2902	-396.4899	173.1997	1.124428
5370	-221.1688	-394.3644	173.1956	1.128095
5376	-230.0455	-403.5731	173.5275	0.7733696
5382	-222.2956	-395.4824	173.1868	1.135991
5388	-226.7696	-400.0197	173.2501	1.078292
5394	-229.1584	-402.1613	173.003	1.292405
5400	-228.7656	-401.7686	173.003	1.292405
5406	-221.7204	-395.2031	173.4828	0.832732
5412	-228.6494	-402.0367	173.3873	0.9422126
5418	-219.0747	-392.1491	173.0744	1.233267
5424	-231.1851	-403.7713	172.5862	1.610985
5430	-234.1818	-406.8724	172.6906	1.534424
5436	-225.7832	-398.6347	172.8515	1.412646
5442	-226.3681	-399.5336	173.1656	1.154834
5448	-221.5336	-394.6779	173.1442	1.173542
5454	-230.9304	-403.5317	172.6014	1.599949
5460	-223.3939	-396.0923	172.6984	1.528644
5466	-224.4681	-397.5182	173.0501	1.253575
5472	-216.4665	-389.6231	173.1566	1.162753
5478	-217.092	-390.4475	173.3554	0.975537
5484	-225.897	-399.2524	173.3554	0.975537
5490	-221.6192	-395.0401	173.421	0.9055449
5496	-227.5527	-401.1057	173.553	0.7356501
5502	-222.3646	-395.5251	173.1605	1.159325
5508	-218.7431	-391.9185	173.1754	1.146164
5514	-226.4475	-399.6839	173.2363	1.091026
5520	-221.0498	-394.1513	173.1015	1.210361
5526	-220.0458	-393.1291	173.0833	1.225787
5532	-223.6555	-396.6898	173.0343	1.266721
5538	-222.1815	-394.8992	172.7177	1.514223
5544	-217.4387	-390.6432	173.2045	1.120104
5550	-215.6148	-388.6818	173.067	1.239507
5556	-209.788	-382.855	173.067	1.239507
5562	-214.7037	-387.8283	173.1246	1.19053
5568	-212.2918	-385.4164	173.1246	1.19053
5574	-216.3315	-389.7496	173.4181	0.9087023
5580	-210.3778	-383.839	173.4612	0.8591748
5586	-218.4359	-391.3004	172.8645	1.402564
5592	-221.9538	-395.2086	173.2548	1.073919
5598	-219.4752	-392.3098	172.8346	1.425652
5604	-223.2634	-396.2814	173.018	1.28012
5610	-222.8415	-395.8595	173.018	1.28012
5616	-224.9005	-398.1208	173.2204	1.105685
5622	-221.8266	-395.2628	173.4362	0.8883324
5628	-222.2044	-395.1596	172.9552	1.331011
5634	-209.573	-382.9183	173.3453	0.9858945
5640	-218.825	-392.1703	173.3453	0.9858945
5646	-229.7062	-403.0624	173.3562	0.974735
5652	-217.6395	-390.6517	173.0122	1.28489
5658	-227.366	-400.8311	173.465	0.854536
5664	-234.9885	-408.0803	173.0919	1.218531
5670	-227.6367	-400.774	173.1373	1.179563
5676	-217.3199	-390.6692	173.3493	0.9818237
5682	-216.0436	-389.2522	173.2086	1.116377
5688	-213.9775	-387.2527	173.2752	1.054639
5694	-217.7183	-390.7837	173.0655	1.240781
5700	-209.1196	-382.0446	172.925	1.355078
5706	-215.4143	-388.4875	173.0732	1.23432
5712	-222.7509	-396.0573	173.3065	1.024522
5718	-219.3574	-392.4447	173.0873	1.222397
5724	-220.8901	-393.8771	172.987	1.305415
5730	-217.1198	-390.169	173.0491	1.254422
5736	-213.0988	-386.4364	173.3376	0.9937078
5742	-212.4347	-385.6382	173.2036	1.120958
5748	-223.133	-396.1485	173.0155	1.282179
5754	-225.1383	-398.3662	173.2279	1.098838
5760	-226.8828	-400.0504	173.1675	1.153091
5766	-223.8931	-396.9278	173.0347	1.266332
5772	-228.6839	-401.615	172.9311	1.350204
5778	-226.0352	-398.8888	172.8535	1.411026
5784	-234.714	-407.8124	173.0984	1.213003
5790	-241.0214	-413.8231	172.8017	1.450868
5796	-231.2566	-404.479	173.2224	1.103878
5802	-228.9312	-401.5302	172.599	1.601651
5808	-228.8947	-402.1559	173.2612	1.067883
5814	-217.4883	-390.8789	173.3906	0.9387733
5820	-220.2212	-393.5542	173.333	0.9983051
5826	-225.4877	-398.766	173.2783	1.051731
5832	-219.3442	-392.627	173.2828	1.047353
5838	-218.5464	-391.7251	173.1787	1.143237
5844	-227.5563	-400.3644	172.808	1.446036
5850	-228.8077	-401.6157	172.808	1.446036
5856	-229.3355	-402.1226	172.7871	1.461992
5862	-223.6698	-397.1495	173.4797	0.836527
5868	-221.6193	-394.9586	173.3393	0.9919301
5874	-237.4152	-410.7383	173.3232	1.008081
5880	-229.2677	-402.1506	172.883	1.388138
5886	-230.4057	-403.7976	173.3919	0.937291
5892	-231.9411	-404.8335	172.8924	1.380738
5898	-235.0262	-407.9004	172.8742	1.394995
5904	-233.7264	-406.5933	172.8669	1.400666
5910	-232.1709	-404.9231	172.7522	1.488425
5916	-220.8864	-393.8459	172.9595	1.327578
5922	-229.3469	-402.3538	173.0069	1.289235
5928	-225.4407	-398.4352	172.9945	1.299324
5934	-236.7888	-409.7833	172.9945	1.299324
5940	-240.5396	-413.6781	173.1385	1.178495
5946	-233.7626	-406.5557	172.793	1.457489
5952	-225.7171	-399.0987	173.3816	0.9482984
5958	-229.3676	-402.6091	173.2415	1.086256
5964	-229.3649	-402.4675	173.1026	1.209422
5970	-220.4497	-393.7428	173.2931	1.037481
5976	-230.9449	-404.1467	173.2018	1.122568
5982	-241.7258	-414.686	172.9602	1.326988
5988	-233.0484	-406.379	173.3306	1.000712
5994	-231.9838	-405.4023	173.4185	0.9083512
6000	-226.9071	-400.2667	173.3596	0.9712165
6006	-225.7537	-399.1134	173.3596	0.9712165
6012	-235.0531	-407.6116	172.5585	1.630981
6018	-231.3317	-403.7494	172.4176	1.731254
6024	-240.106	-412.9307	172.8247	1.433309
6030	-216.8333	-389.953	173.1196	1.194811
6036	-217.7782	-391.0568	173.2787	1.051338
6042	-216.0006	-389.2702	173.2696	1.059953
6048	-223.5492	-396.6398	173.0907	1.219528
6054	-232.1737	-405.2378	173.0642	1.24187
6060	-221.0354	-393.8725	172.8371	1.423709
6066	-217.6945	-390.4481	172.7535	1.487385
6072	-217.309	-390.588	173.279	1.051004
6078	-216.4234	-389.6805	173.257	1.071775
6084	-220.9444	-394.0508	173.1064	1.206197
6090	-226.9298	-400.1502	173.2204	1.105696
6096	-221.379	-394.6999	173.3208	1.010415
6102	-226.0747	-399.2335	173.1588	1.160781
6108	-216.599	-389.8839	173.2849	1.045382
6114	-216.2137	-389.5481	173.3344	0.9969275
6120	-219.1192	-392.3692	173.25	1.078401
6126	-224.2427	-397.464	173.2213	1.104833
6132	-230.8209	-404.2449	173.4241	0.9020739
6138	-234.3523	-407.271	172.9187	1.360071
6144	-231.3971	-404.2508	172.8537	1.41091
6150	-233.5142	-406.6015	173.0874	1.222348
6156	-230.7929	-404.0149	173.222	1.104165
6162	-229.8351	-402.305	172.4699	1.69433
6168	-223.4963	-396.7533	173.257	1.07181
6174	-228.1192	-401.3816	173.2625	1.066672
6180	-220.5444	-393.735	173.1906	1.132593
6186	-227.0906	-399.885	172.7944	1.456473
6192	-228.6295	-401.3806	172.7511	1.489192
6198	-222.4494	-395.2006	172.7511	1.489192
6204	-215.3568	-388.4577	173.1009	1.210823
6210	-217.0749	-390.0297	172.9548	1.331319
6216	-218.0642	-391.2736	173.2094	1.115694
6222	-222.0401	-394.702	172.6619	1.555658
6228	-212.2244	-385.213	172.9886	1.304083
6234	-226.7819	-399.7705	172.9886	1.304083
6240	-226.243	-399.5548	173.3118	1.019252
6246	-222.0653	-394.8679	172.8025	1.450232
6252	-220.8693	-394.217	173.3477	0.9833982
6258	-215.882	-388.7377	172.8558	1.409319
6264	-219.0374	-391.991	172.9536	1.332303
6270	-225.3787	-398.8193	173.4406	0.8833382
6276	-229.8367	-402.9912	173.1545	1.164546
6282	-227.2712	-400.3293	173.0581	1.2469
6288	-242.2135	-415.4788	173.2653	1.063973
6294	-242.7595	-416.1276	173.3681	0.9624108
6300	-231.757	-404.8686	173.1116	1.201754
6306	-231.9806	-404.9862	173.0056	1.29024
6312	-237.3399	-410.2114	172.8715	1.397065
6318	-237.3313	-410.2277	172.8964	1.377603
6324	-229.0706	-402.2536	173.183	1.13938
6330	-225.1119	-398.4067	173.2948	1.035831
6336	-225.1538	-398.2974	173.1435	1.174149
6342	-223.4709	-396.9508	173.4799	0.8363409
6348	-238.1498	-411.4256	173.2758	1.054047
6354	-228.4818	-401.4846	173.0028	1.292546
6360	-226.8137	-399.8165	173.0028	1.292546
6366	-226.6549	-399.7845	173.1296	1.186248
6372	-220.2874	-393.4879	173.2005	1.12371
6378	-225.5642	-398.8346	173.2704	1.059186
6384	-226.0103	-398.8856	172.8754	1.394077
6390	-218.6802	-391.4467	172.7665	1.477632
6396	-221.6066	-394.8675	173.261	1.068098
6402	-208.0217	-380.9902	172.9685	1.320328
6408	-215.659	-388.4374	172.7784	1.468589
6414	-215.1164	-388.6005	173.4842	0.8309929
6420	-216.0691	-389.5533	173.4842	0.8309929
6426	-207.5001	-380.6188	173.1187	1.195642
6432	-224.4511	-397.1064	172.6553	1.560518
6438	-221.709	-395.0176	173.3085	1.022489
6444	-224.101	-397.5926	173.4915	0.8216696
6450	-230.6064	-403.8796	173.2732	1.056579
6456	-228.7327	-401.6257	172.893	1.380263
6462	-228.8423	-402.1581	173.3157	1.015434
6468	-226.9224	-400.0129	173.0905	1.219715
6474	-226.5602	-399.6757	173.1154	1.198424
6480	-222.3925	-395.6601	173.2676	1.061848
6486	-230.6688	-403.6107	172.9419	1.341625
6492	-226.7071	-399.9534	173.2463	1.081839
6498	-241.8834	-414.8165	172.9331	1.348669
6504	-231.5557	-404.4888	172.9331	1.348669
6510	-225.0723	-398.5114	173.4391	0.8850513
6516	-223.5776	-396.7152	173.1376	1.179261
6522	-213.8401	-386.7223	172.8821	1.388801
6528	-236.3768	-408.8092	172.4324	1.720827
6534	-231.7562	-404.1886	172.4324	1.720827
6540	-235.6451	-408.5357	172.8906	1.382183
6546	-230.514	-403.7438	173.2299	1.09701
6552	-241.658	-414.8773	173.2193	1.106625
6558	-240.911	-414.1588	173.2478	1.080444
6564	-231.7667	-404.888	173.1214	1.193337
6570	-222.8506	-396.2444	173.3938	0.9352897
6576	-222.4393	-395.6269	173.1875	1.135346
6582	-228.9602	-402.1477	173.1875	1.135346
6588	-236.0131	-409.3688	173.3557	0.9752625
6594	-230.9208	-403.93	173.0091	1.287366
6600	-225.1386	-398.5824	173.4438	0.8795566
6606	-224.6558	-397.9874	173.3316	0.99968
6612	-228.3581	-401.4059	173.0478	1.255496
6618	-230.3322	-403.4663	173.134	1.182382
6624	-229.6652	-402.7551	173.09	1.22013
6630	-236.2498	-409.2576	173.0079	1.288406
6636	-227.5771	-400.6069	173.0298	1.2704
6642	-227.5108	-400.5452	173.0344	1.266653
6648	-239.2741	-412.1678	172.8937	1.379775
6654	-224.5963	-397.4899	172.8937	1.379775
6660	-218.848	-391.9388	173.0909	1.21937
6666	-221.6195	-394.7103	173.0909	1.21937
6672	-219.5962	-392.9819	173.3858	0.9438797
6678	-231.6446	-404.8018	173.1571	1.162262
6684	-225.1242	-398.4833	173.3591	0.9717733
6690	-223.8752	-396.8521	172.9769	1.313541
6696	-225.7218	-398.8068	173.0849	1.224417
6702	-221.4244	-394.4472	173.0228	1.276215
6708	-238.8581	-411.7197	172.8616	1.404786
6714	-236.895	-410.1138	173.2188	1.107148
6720	-220.6099	-393.73	173.1201	1.194405
6726	-226.1219	-399.6014	173.4796	0.8367252
6732	-229.9997	-402.9447	172.945	1.339157
6738	-221.4737	-394.5227	173.049	1.254508
6744	-229.1774	-402.4087	173.2313	1.095674
6750	-231.6085	-404.8279	173.2194	1.106535
6756	-226.4253	-399.6195	173.1942	1.129371
6762	-215.322	-388.5162	173.1942	1.129371
6768	-218.1142	-391.4029	173.2888	1.04165
6774	-215.2698	-388.289	173.0192	1.279148
6780	-223.2089	-396.6153	173.4064	0.9215936
6786	-220.6778	-393.735	173.0572	1.247691
6792	-230.501	-403.4544	172.9534	1.332446
6798	-232.205	-405.5799	173.3749	0.9553993
6804	-223.7242	-397.0331	173.309	1.022084
6810	-224.7844	-398.0266	173.2422	1.085621
6816	-215.0062	-388.0958	173.0895	1.220503
6822	-216.1659	-389.4028	173.2368	1.090589
6828	-224.9099	-398.1467	173.2368	1.090589
6834	-227.9595	-401.2317	173.2722	1.057489
6840	-219.2976	-392.2915	172.9939	1.299804
6846	-233.7602	-407.1548	173.3946	0.9344009
6852	-223.7387	-397.1315	173.3929	0.936309
6858	-223.8061	-396.8602	173.0541	1.250242
6864	-223.7151	-396.742	173.027	1.272738
6870	-226.828	-400.1687	173.3407	0.9905693
6876	-219.5376	-392.3989	172.8613	1.405034
6882	-222.7202	-395.5735	172.8532	1.411261
6888	-206.9564	-380.0745	173.1181	1.196133
6894	-214.5031	-387.5119	173.0087	1.28772
6900	-207.857	-381.1002	173.2432	1.084672
6906	-220.4065	-393.6497	173.2432	1.084672
6912	-217.0856	-390.48	173.3944	0.9346395
6918	-210.7661	-384.0229	173.2568	1.072032
6924	-219.688	-393.006	173.318	1.013228
6930	-217.133	-390.317	173.1841	1.138437
6936	-215.5439	-388.8755	173.3315	0.9997445
6942	-223.3199	-396.6255	173.3056	1.025344
6948	-227.0741	-400.1855	173.1114	1.201897
6954	-223.2861	-396.6807	173.3946	0.9344343
6960	-214.0136	-387.2885	173.2749	1.054927
6966	-218.7731	-392.0244	173.2513	1.077173
6972	-223.9825	-397.2095	173.227	1.09959
6978	-221.3892	-394.5033	173.1141	1.199558
6984	-222.1731	-395.4493	173.2762	1.053709
6990	-215.6431	-388.8015	173.1584	1.161146
6996	-217.8333	-391.0421	173.2088	1.116213
7002	-218.2578	-391.6412	173.3834	0.9463961
7008	-219.4817	-392.9994	173.5177	0.7871267
7014	-220.3642	-393.7927	173.4286	0.8970223
7020	-224.8535	-398.1771	173.3236	1.007672
7026	-225.8683	-399.0381	173.1699	1.151027
7032	-243.1614	-416.2173	173.0559	1.248811
7038	-238.9536	-412.0094	173.0559	1.248811
7044	-229.9334	-402.9776	173.0442	1.258481
7050	-224.2018	-397.3642	173.1623	1.157672
7056	-216.6726	-389.6688	172.9962	1.297936
7062	-213.6593	-387.0458	173.3864	0.9431746
7068	-218.4985	-391.7266	173.2282	1.098559
7074	-216.4971	-390.0027	173.5057	0.8033028
7080	-227.7253	-400.636	172.9107	1.366399
7086	-227.0668	-400.3004	173.2336	1.093567
7092	-217.7915	-390.7227	172.9312	1.350118
7098	-221.7365	-394.531	172.7945	1.456344
7104	-222.729	-395.892	173.163	1.157138
7110	-228.4474	-401.6309	173.1835	1.13892
7116	-217.2808	-390.617	173.3362	0.9950933
7122	-219.6207	-392.7635	173.1428	1.174772
7128	-229.6028	-402.7456	173.1428	1.174772
7134	-224.6154	-397.953	173.3375	0.9937162
7140	-228.517	-401.7545	173.2375	1.089939
7146	-225.1729	-398.4104	173.2375	1.089939
7152	-227.3252	-400.5722	173.247	1.081139
7158	-227.6627	-401.0477	173.385	0.9446428
7164	-220.6123	-393.712	173.0997	1.211904
7170	-222.8264	-395.6845	172.858	1.407544
7176	-211.5571	-384.8017	173.2446	1.083357
7182	-219.6859	-393.1006	173.4147	0.9124916
7188	-224.5381	-397.54	173.0018	1.293343
7194	-221.7231	-394.7249	173.0018	1.293343
7200	-215.5717	-388.785	173.2133	1.112138
7206	-222.2671	-395.6368	173.3697	0.9608417
7212	-213.7889	-386.7163	172.9273	1.353218
7218	-219.2309	-392.3486	173.1177	1.196462
7224	-223.1312	-396.2662	173.135	1.18157
7230	-226.1156	-399.4207	173.3051	1.025822
7236	-229.5185	-403.0716	173.5531	0.735437
7242	-221.8964	-395.1842	173.2878	1.042617
7248	-232.3523	-405.306	172.9537	1.332243
7254	-218.9744	-392.2642	173.2899	1.040595
7260	-213.6431	-386.8785	173.2354	1.091858
7266	-217.3646	-390.7634	173.3988	0.9299513
7272	-220.2562	-393.5948	173.3385	0.9927337
7278	-211.7344	-384.867	173.1325	1.183716
7284	-219.289	-392.5858	173.2968	1.03394
7290	-224.606	-397.7346	173.1286	1.187083
7296	-222.1925	-395.2927	173.1002	1.211446
7302	-235.6691	-408.8294	173.1603	1.159452
7308	-241.9601	-415.1946	173.2344	1.092808
7314	-218.2462	-391.5943	173.348	0.983095
7320	-204.5419	-377.2514	172.7095	1.520377
7326	-202.8425	-375.8077	172.9653	1.322928
7332	-219.3822	-392.3124	172.9302	1.350925
7338	-215.6187	-388.604	172.9853	1.306763
7344	-220.8698	-393.9851	173.1153	1.198579
7350	-219.8574	-393.1325	173.275	1.054789
7356	-216.6369	-389.7511	173.1141	1.199552
7362	-218.6285	-391.5721	172.9436	1.340297
7368	-221.9172	-395.2056	173.2884	1.042063
7374	-220.8941	-394.1824	173.2884	1.042063
7380	-217.4926	-390.7008	173.2082	1.116796
7386	-221.0917	-394.2254	173.1337	1.182718
7392	-226.7821	-399.9157	173.1337	1.182718
7398	-218.5038	-391.4668	172.9629	1.324799
7404	-223.853	-396.9999	173.1469	1.171208
7410	-221.2095	-394.4097	173.2002	1.123953
7416	-223.3913	-396.7934	173.4021	0.9263249
7422	-225.0828	-398.0488	172.966	1.322363
7428	-233.2575	-406.1373	172.8798	1.390589
7434	-230.1429	-403.5439	173.401	0.9275005
7440	-226.82	-399.9311	173.111	1.202189
7446	-225.8982	-398.78	172.8818	1.38907
7452	-230.5887	-403.8279	173.2392	1.088437
7458	-218.7693	-391.6885	172.9193	1.359611
7464	-223.1602	-396.4024	173.2422	1.085633
7470	-219.9358	-392.9525	173.0167	1.281211
7476	-226.4158	-399.3045	172.8887	1.383648
7482	-231.7643	-404.5603	172.796	1.455257
7488	-216.587	-389.4667	172.8798	1.390631
7494	-226.5313	-399.3514	172.8201	1.436804
7500	-227.6942	-400.9263	173.2321	1.094939
7506	-235.1185	-407.7377	172.6192	1.586939
7512	-240.2431	-412.6534	172.4103	1.736428
7518	-247.5737	-420.2703	172.6966	1.529983
7524	-238.5919	-411.2733	172.6815	1.541193
7530	-229.4889	-402.2429	172.7541	1.486979
7536	-229.8879	-402.8587	172.9708	1.318454
7542	-222.5367	-395.6618	173.1252	1.190045
7548	-220.457	-393.7788	173.3217	1.009492
7554	-220.4228	-393.7423	173.3195	1.011758
7560	-225.484	-398.8188	173.3348	0.9964927
7566	-218.2624	-391.8752	173.6127	0.6212986
7572	-218.5535	-391.7084	173.1549	1.164218
7578	-220.9164	-394.4162	173.4998	0.811004
7584	-208.0806	-381.3806	173.3	1.030822
7590	-212.7791	-385.9005	173.1214	1.193327
7596	-217.1544	-390.5582	173.4037	0.9245409
7602	-227.1053	-400.2304	173.1251	1.190135
7608	-210.9399	-384.1757	173.2358	1.091487
7614	-211.3776	-384.3405	172.9629	1.324849
7620	-210.2504	-383.5433	173.2929	1.037696
7626	-210.8477	-383.5609	172.7132	1.517597
7632	-219.5273	-392.9871	173.4598	0.860771
7638	-215.2064	-388.6739	173.4675	0.8515683
7644	-212.2685	-385.4079	173.1394	1.177752
7650	-221.5645	-395.0876	173.5231	0.7795838
7656	-219.2547	-392.2834	173.0287	1.271295
7662	-216.1398	-389.4023	173.2626	1.066587
7668	-220.5055	-393.6348	173.1293	1.186495
7674	-231.1182	-404.4061	173.2879	1.042459
7680	-222.1293	-395.1823	173.053	1.251201
7686	-226.0509	-399.2382	173.1873	1.135508
7692	-218.4126	-391.8351	173.4225	0.9038495
7698	-229.5935	-402.4138	172.8203	1.436628
7704	-228.4886	-401.7377	173.2491	1.079176
7710	-226.0439	-399.2292	173.1853	1.137368
7716	-230.3247	-403.4094	173.0847	1.22461
7722	-225.2195	-397.6307	172.4112	1.735779
7728	-229.1773	-402.2766	173.0993	1.212205
7734	-223.0872	-396.1287	173.0415	1.260754
7740	-225.6377	-398.7087	173.071	1.236113
7746	-225.1777	-398.5054	173.3276	1.003635
7752	-227.5664	-400.846	173.2796	1.050498
7758	-229.8735	-403.2017	173.3282	1.003126
7764	-228.1029	-401.4311	173.3282	1.003126
7770	-230.4662	-403.7944	173.3282	1.003126
7776	-236.0058	-408.646	172.6402	1.571599
7782	-227.5662	-400.2064	172.6402	1.571599
7788	-223.9616	-397.108	173.1463	1.171706
7794	-230.7336	-403.7927	173.0592	1.246045
7800	-226.5055	-399.5649	173.0593	1.245896
7806	-224.2805	-397.4516	173.1711	1.149995
7812	-229.7838	-403.2257	173.4419	0.8817737
7818	-228.3249	-401.6127	173.2878	1.04261
7824	-221.5052	-394.8157	173.3105	1.020552
7830	-231.2958	-404.6339	173.3381	0.9931841
7836	-235.9172	-409.3486	173.4314	0.8937833
7842	-238.9012	-411.7017	172.8005	1.451822
7848	-235.3543	-408.5272	173.1729	1.148348
7854	-225.1915	-397.988	172.7965	1.454803
7860	-235.358	-408.092	172.734	1.50207
7866	-228.3549	-401.5334	173.1785	1.143372
7872	-217.4795	-390.7389	173.2594	1.069605
7878	-221.991	-395.2504	173.2594	1.069605
7884	-219.9432	-393.2025	173.2594	1.069605
7890	-225.9074	-399.0573	173.1499	1.168623
7896	-215.6677	-388.7659	173.0982	1.213193
7902	-222.9822	-396.3859	173.4037	0.9245562
7908	-229.8521	-403.1684	173.3163	1.014825
7914	-219.9121	-392.9778	173.0657	1.240556
7920	-218.6057	-391.8794	173.2737	1.056091
7926	-219.1734	-392.2512	173.0779	1.230363
7932	-222.4604	-395.5786	173.1182	1.196037
7938	-210.2289	-383.6316	173.4027	0.9256553
7944	-222.4358	-395.901	173.4652	0.8543428
7950	-200.9022	-373.8155	172.9133	1.364343
7956	-206.8837	-380.1122	173.2285	1.098207
7962	-221.1376	-394.1246	172.987	1.30536
7968	-225.2072	-398.5183	173.3111	1.019973
7974	-224.7302	-398.1193	173.3891	0.940324
7980	-229.0641	-402.4237	173.3596	0.9712775
7986	-220.4492	-392.9849	172.5357	1.6474
7992	-212.9746	-386.1762	173.2015	1.122774
7998	-215.7625	-389.3241	173.5616	0.7219142
8004	-219.8655	-393.137	173.2715	1.058143
8010	-226.2178	-399.0473	172.8295	1.42958
8016	-228.3001	-401.6519	173.3518	0.9792666
8022	-223.7073	-397.1503	173.443	0.8805772
8028	-223.3192	-396.0325	172.7133	1.517521
8034	-236.0681	-409.1218	173.0537	1.250646
8040	-227.0563	-399.968	172.9117	1.365601
8046	-222.2956	-395.4372	173.1415	1.175878
8052	-217.5323	-390.6738	173.1415	1.175878
8058	-214.9806	-388.1221	173.1415	1.175878
8064	-216.1761	-389.0518	172.8757	1.393844
8070	-215.9324	-388.9359	173.0035	1.292002
8076	-216.0592	-389.1316	173.0723	1.235015
8082	-215.4287	-388.5578	173.129	1.186713
8088	-213.7414	-386.7199	172.9785	1.312291
8094	-213.5801	-386.9789	173.3988	0.9299448
8100	-219.1619	-392.1414	172.9796	1.311387
8106	-218.461	-391.7792	173.3181	1.013059
8112	-225.2038	-398.3217	173.1179	1.196321
8118	-220.6355	-393.7943	173.1588	1.160755
8124	-224.8328	-397.7797	172.947	1.3376
8130	-220.597	-393.6872	173.0902	1.219933
8136	-241.9733	-415.3216	173.3483	0.9828426
8142	-242.0883	-414.6485	172.5602	1.629744
8148	-235.9369	-409.1245	173.1876	1.135314
8154	-223.2979	-396.3747	173.0768	1.231226
8160	-228.1931	-401.4785	173.2854	1.044902
8166	-224.0962	-397.4226	173.3263	1.004926
8172	-230.3133	-403.3484	173.0351	1.266064
8178	-218.8954	-391.7021	172.8067	1.447039
8184	-216.7438	-389.7488	173.005	1.290736
8190	-221.4509	-394.593	173.1421	1.175436
8196	-225.9449	-399.087	173.1421	1.175436
8202	-224.8722	-398.127	173.2548	1.073875
8208	-223.8685	-397.1233	173.2548	1.073875
8214	-228.2215	-401.0182	172.7967	1.454691
8220	-219.4699	-392.7179	173.2479	1.080279
8226	-225.6944	-398.3954	172.701	1.526683
8232	-224.3035	-397.673	173.3695	0.9610218
8238	-223.3694	-396.7389	173.3695	0.9610218
8244	-234.9482	-407.926	172.9778	1.312804
8250	-222.6276	-395.7736	173.146	1.171968
8256	-226.5904	-399.5626	172.9722	1.317352
8262	-226.2789	-399.6897	173.4108	0.9168557
8268	-228.6606	-401.8358	173.1753	1.146251
8274	-229.2296	-402.357	173.1274	1.188097
8280	-233.7277	-407.189	173.4613	0.858938
8286	-223.8251	-397.138	173.3129	1.018199
8292	-227.4221	-400.735	173.3129	1.018199
8298	-236.5791	-409.771	173.1919	1.131446
8304	-227.5761	-400.5217	172.9457	1.338633
8310	-232.7392	-405.7893	173.0501	1.25362
8316	-232.1688	-404.6624	172.4935	1.677536
8322	-228.0465	-401.2967	173.2502	1.078149
8328	-230.6557	-404.0839	173.4282	0.8973923
8334	-230.4413	-403.8142	173.3729	0.9574695
8340	-226.2205	-399.4822	173.2618	1.067343
8346	-225.085	-398.3627	173.2777	1.052258
8352	-228.8429	-402.1988	173.3559	0.975054
8358	-229.8235	-403.1741	173.3507	0.9804257
8364	-228.4219	-401.1181	172.6961	1.530305
8370	-216.2771	-389.3512	173.0741	1.233519
8376	-207.8309	-381.1577	173.3268	1.004448
8382	-218.5226	-391.3808	172.8582	1.407391
8388	-219.287	-392.298	173.011	1.285853
8394	-224.5718	-397.8507	173.279	1.051043
8400	-219.6967	-392.6348	172.938	1.344724
8406	-214.5231	-387.8941	173.3709	0.9595212
8412	-211.5293	-384.6899	173.1606	1.159226
8418	-215.5254	-388.5534	173.028	1.271927
8424	-222.7697	-396.2072	173.4375	0.8868999
8430	-231.0444	-404.4765	173.4321	0.8929617
8436	-222.3349	-395.7693	173.4343	0.8904672
8442	-229.4496	-402.6961	173.2465	1.081615
8448	-231.4745	-404.6423	173.1679	1.15282
8454	-220.0976	-393.6297	173.5321	0.7668701
8460	-215.7186	-388.6065	172.8879	1.384291
8466	-220.9537	-394.1554	173.2017	1.122607
8472	-217.1718	-390.3099	173.1382	1.178819
8478	-218.1711	-391.5069	173.3358	0.9955029
8484	-212.2523	-385.6938	173.4415	0.8822164
8490	-220.0212	-393.6465	173.6253	0.5844273
8496	-227.0887	-400.1948	173.1062	1.206352
8502	-225.1436	-398.2923	173.1487	1.169661
8508	-231.3166	-404.5064	173.1898	1.133321
8514	-238.0675	-410.7234	172.6559	1.560031
8520	-229.5883	-402.2442	172.6559	1.560031
8526	-226.0373	-399.5489	173.5117	0.7952666
8532	-211.8623	-384.8489	172.9866	1.305715
8538	-208.173	-381.2068	173.0337	1.26717
8544	-200.3102	-373.8228	173.5126	0.7940508
8550	-201.2528	-374.337	173.0842	1.224991
8556	-211.5792	-384.9074	173.3282	1.003082
8562	-220.2178	-393.6254	173.4076	0.9203464
8568	-224.8594	-397.9609	173.1015	1.210349
8574	-221.6865	-394.7314	173.0448	1.257971
8580	-223.3979	-396.7357	173.3378	0.9935016
8586	-225.1893	-398.5246	173.3353	0.9959777
8592	-213.7243	-386.7918	173.0675	1.239043
8598	-217.7028	-390.8994	173.1967	1.127147
8604	-224.0303	-397.0552	173.025	1.274406
8610	-215.0333	-388.2658	173.2325	1.094591
8616	-225.6383	-398.826	173.1876	1.135252
8622	-239.4452	-412.9243	173.4791	0.837285
8628	-236.4938	-410.0184	173.5246	0.7774948
8634	-221.1375	-394.4555	173.3179	1.013253
8640	-229.131	-402.1667	173.0357	1.265501
8646	-231.7782	-405.2878	173.5096	0.7981134
8652	-219.9647	-393.3429	173.3782	0.9518353
8658	-215.2673	-388.3086	173.0413	1.260888
8664	-219.8584	-392.6669	172.8085	1.445705
8670	-214.7705	-387.9457	173.1753	1.146244
8676	-226.1559	-399.3613	173.2054	1.119292
8682	-232.1572	-405.3626	173.2054	1.119292
8688	-227.9253	-401.2565	173.3313	1.000006
8694	-232.9741	-406.2382	173.264	1.065218
8700	-228.7968	-401.9906	173.1938	1.129719
8706	-235.6501	-408.9137	173.2636	1.065623
8712	-232.7541	-406.0879	173.3339	0.9973921
8718	-219.7829	-393.0998	173.317	1.01423
8724	-230.9853	-404.2418	173.2564	1.072366
8730	-230.5761	-403.2275	172.6514	1.563344
8736	-234.1791	-407.5612	173.3821	0.9477328
8742	-227.6733	-401.0396	173.3663	0.9643625
8748	-221.2272	-394.5793	173.3521	0.9789412
8754	-216.547	-389.7281	173.1811	1.141081
8760	-225.0812	-398.0208	172.9396	1.343438
8766	-225.0717	-398.4511	173.3795	0.9505536
8772	-221.2007	-394.5954	173.3947	0.9342893
8778	-230.519	-403.4557	172.9368	1.345733
8784	-228.4122	-401.1829	172.7707	1.474424
8790	-223.3055	-396.3644	173.0589	1.246233
8796	-224.4783	-397.421	172.9427	1.341024
8802	-241.0374	-413.7551	172.7177	1.514285
8808	-223.7573	-396.6481	172.8908	1.38199
8814	-224.378	-397.4687	173.0906	1.219574
8820	-222.1436	-394.9299	172.7863	1.462564
8826	-222.4487	-395.1306	172.6818	1.540907
8832	-224.1535	-397.2347	173.0812	1.227523
8838	-230.148	-403.2293	173.0812	1.227523
8844	-234.6416	-408.0721	173.4305	0.8948842
8850	-221.2419	-394.5462	173.3043	1.026647
8856	-238.4615	-411.2858	172.8243	1.433575
8862	-227.7928	-400.929	173.1362	1.18054
8868	-229.3276	-402.7298	173.4022	0.9262123
8874	-228.9075	-402.2942	173.3866	0.942963
8880	-225.911	-398.9831	173.0721	1.235231
8886	-220.0252	-393.0324	173.0072	1.28894
8892	-223.2105	-396.3067	173.0962	1.214875
8898	-221.998	-394.6561	172.6581	1.558396
8904	-224.7993	-398.0239	173.2246	1.101794
8910	-215.3024	-388.4321	173.1297	1.18617
8916	-217.2776	-390.5441	173.2665	1.062853
8922	-222.0016	-395.3489	173.3473	0.9838415
8928	-217.9012	-390.5234	172.6222	1.584778
8934	-214.8706	-388.178	173.3073	1.023672
8940	-225.4606	-398.1269	172.6663	1.552368
8946	-221.3599	-394.4	173.04	1.261951
8952	-226.8502	-399.7697	172.9195	1.359396
8958	-212.3571	-385.2946	172.9375	1.345159
8964	-218.8366	-391.7959	172.9593	1.327716
8970	-221.5039	-394.7335	173.2296	1.097227
8976	-225.1901	-397.8128	172.6228	1.584329
8982	-237.7903	-410.5168	172.7265	1.507697
8988	-242.3042	-414.5919	172.2877	1.821673
8994	-223.3979	-396.2483	172.8504	1.413488
9000	-224.5207	-397.3752	172.8545	1.410267
9006	-219.5942	-392.2828	172.6886	1.535932
9012	-216.469	-389.1575	172.6886	1.535932
9018	-228.3084	-401.1414	172.833	1.426873
9024	-235.5581	-408.9518	173.3937	0.9353973
9030	-224.017	-397.306	173.289	1.041437
9036	-220.0089	-392.9539	172.945	1.339174
9042	-216.5438	-389.8105	173.2667	1.062685
9048	-220.3507	-393.5598	173.2091	1.115941
9054	-224.2553	-397.0094	172.7541	1.486968
9060	-221.3887	-394.6622	173.2735	1.056231
9066	-230.1974	-403.1734	172.976	1.314325
9072	-230.5928	-403.6631	173.0703	1.236748
9078	-231.8249	-404.9663	173.1414	1.175997
9084	-224.6589	-397.7807	173.1219	1.192913
9090	-216.7068	-389.6449	172.9381	1.344691
9096	-223.1369	-396.3527	173.2159	1.109809
9102	-217.6228	-391.1673	173.5445	0.7487004
9108	-218.0431	-390.8783	172.8352	1.425181
9114	-215.3954	-388.2947	172.8993	1.375377
9120	-213.4648	-386.8908	173.4259	0.8999908
9126	-219.9572	-393.1645	173.2073	1.117554
9132	-227.5992	-400.9721	173.3729	0.9574495
9138	-209.5899	-383.0629	173.473	0.8448491
9144	-214.2239	-387.6845	173.4606	0.8598748
9150	-214.2734	-387.684	173.4106	0.9169859
9156	-219.4984	-392.9308	173.4323	0.8927683
9162	-209.578	-382.7913	173.2133	1.112148
9168	-212.3758	-385.5418	173.166	1.154446
9174	-210.3374	-383.737	173.3996	0.9290423
9180	-215.9429	-389.3164	173.3735	0.9568369
9186	-216.213	-389.1507	172.9377	1.344968
9192	-210.4443	-383.6853	173.241	1.086709
9198	-224.0626	-397.1786	173.1161	1.197866
9204	-219.7363	-392.8524	173.1161	1.197866
9210	-222.644	-395.6893	173.0453	1.257621
9216	-228.3807	-401.7056	173.3249	1.006351
9222	-222.9256	-395.9018	172.9762	1.314146
9228	-221.4258	-394.4584	173.0326	1.268086
9234	-227.25	-400.672	173.4219	0.9044955
9240	-227.3896	-400.643	173.2534	1.075229
9246	-225.8522	-399.1891	173.3369	0.9943433
9252	-229.0953	-401.7821	172.6868	1.537207
9258	-229.8725	-403.1337	173.2611	1.067953
9264	-219.7871	-392.8294	173.0423	1.260063
9270	-221.1595	-394.317	173.1575	1.161954
9276	-216.5662	-389.9675	173.4013	0.9272137
9282	-217.8282	-390.719	172.8908	1.381973
9288	-223.2571	-396.3392	173.0822	1.22675
9294	-213.7261	-386.8083	173.0822	1.22675
9300	-222.6488	-395.8622	173.2134	1.112008
9306	-224.4383	-397.618	173.1797	1.142296
9312	-216.8081	-389.9878	173.1797	1.142296
9318	-214.1699	-387.3496	173.1797	1.142296
9324	-219.754	-393.0263	173.2723	1.057408
9330	-217.0916	-390.3622	173.2706	1.059002
9336	-220.5621	-393.4716	172.9094	1.367357
9342	-221.3928	-394.3698	172.9769	1.313537
9348	-224.6803	-398.0869	173.4066	0.9214367
9354	-225.6007	-398.526	172.9253	1.354861
9360	-228.987	-401.9956	173.0086	1.28778
9366	-233.896	-407.1349	173.2389	1.088663
9372	-230.6617	-404.0724	173.4106	0.9169993
9378	-221.2003	-394.6048	173.4045	0.923721
9384	-219.4874	-392.8919	173.4045	0.923721
9390	-229.4303	-402.7971	173.3668	0.96386
9396	-238.6847	-411.5413	172.8566	1.40865
9402	-231.6909	-405.0114	173.3205	1.010681
9408	-222.4547	-395.5568	173.1021	1.209834
9414	-228.0151	-400.8945	172.8794	1.390953
9420	-231.8277	-405.0674	173.2398	1.087842
9426	-232.6512	-405.7446	173.0934	1.217265
9432	-226.7697	-399.8509	173.0812	1.227514
9438	-232.3469	-405.7654	173.4185	0.9083392
9444	-234.5566	-407.4541	172.8975	1.376765
9450	-228.3769	-401.8431	173.4662	0.8530552
9456	-224.0454	-397.2332	173.1878	1.135135
9462	-224.4127	-397.4413	173.0286	1.271374
9468	-223.6474	-396.621	172.9735	1.31627
9474	-229.6213	-403.2393	173.618	0.6070985
9480	-231.0498	-404.495	173.4451	0.8780327
9486	-226.7005	-399.5838	172.8833	1.387877
9492	-228.5429	-401.8481	173.3052	1.025784
9498	-228.5846	-401.921	173.3365	0.9948086
9504	-221.7205	-394.7454	173.0249	1.274468
9510	-233.19	-406.1352	172.9452	1.338973
9516	-231.1602	-404.1122	172.9521	1.333505
9522	-231.2143	-404.0835	172.8692	1.398892
9528	-221.8558	-395.149	173.2932	1.037391
9534	-218.9554	-392.4109	173.4555	0.8658656
9540	-214.1137	-387.5606	173.4469	0.8760316
9546	-224.5302	-397.5793	173.0491	1.254411
9552	-231.4507	-404.7417	173.291	1.039532
9558	-235.8138	-408.8749	173.0611	1.244462
9564	-221.2217	-394.3501	173.1284	1.187285
9570	-221.904	-395.28	173.3759	0.9542837
9576	-219.3008	-392.6767	173.3759	0.9542837
9582	-221.5523	-394.6826	173.1302	1.185679
9588	-219.1285	-392.2587	173.1302	1.185679
9594	-221.926	-395.3814	173.4554	0.8660106
9600	-227.0499	-400.4014	173.3516	0.9795196
9606	-220.4726	-393.4423	172.9697	1.319352
9612	-224.7552	-397.4716	172.7164	1.515211
9618	-232.8757	-406.2503	173.3746	0.9557152
9624	-224.6851	-397.8532	173.168	1.152651
9630	-229.2654	-402.1195	172.8542	1.410544
9636	-234.4081	-407.8221	173.414	0.9132446
9642	-234.3892	-407.7438	173.3546	0.9764021
9648	-234.2937	-407.3579	173.0642	1.241845
9654	-229.1392	-402.3492	173.21	1.115135
9660	-230.0788	-402.942	172.8631	1.403579
9666	-225.2701	-398.338	173.068	1.238687
9672	-218.7921	-392.0273	173.2352	1.092055
9678	-228.7816	-401.8945	173.113	1.200538
9684	-231.7713	-404.8002	173.0289	1.271148
9690	-230.2238	-403.3821	173.1583	1.161234
9696	-230.9121	-404.1072	173.1951	1.12857
9702	-223.5012	-396.7239	173.2227	1.103561
9708	-225.2985	-398.5055	173.207	1.11788
9714	-222.5311	-396.0094	173.4783	0.8383278
9720	-225.9099	-399.1514	173.2415	1.08624
9726	-221.517	-394.8317	173.3147	1.016416
9732	-224.5162	-397.5866	173.0704	1.236615
9738	-219.3054	-392.6013	173.296	1.034721
9744	-218.4275	-391.4709	173.0434	1.259165
9750	-232.0685	-405.1379	173.0694	1.237473
9756	-221.1229	-394.2841	173.1612	1.158719
9762	-226.9587	-400.2057	173.247	1.081113
9768	-223.3902	-396.1417	172.7515	1.488914
9774	-225.7333	-399.0893	173.356	0.9749849
9780	-222.3714	-395.5229	173.1515	1.16721
9786	-224.4619	-397.3793	172.9174	1.361102
9792	-227.1395	-399.6825	172.543	1.642173
9798	-237.798	-411.1414	173.3434	0.9878316
9804	-237.4004	-410.2268	172.8263	1.432011
9810	-250.1943	-423.4783	173.2839	1.046304
9816	-237.4866	-410.7893	173.3027	1.028193
9822	-223.4183	-396.1284	172.7102	1.51988
9828	-222.6046	-395.9563	173.3517	0.9793559
9834	-227.1799	-399.9703	172.7904	1.459496
9840	-229.7052	-402.8623	173.1572	1.162241
9846	-223.8833	-397.1581	173.2748	1.055063
9852	-221.1132	-394.348	173.2347	1.092504
9858	-219.0847	-392.4376	173.3529	0.9781274
9864	-217.3102	-390.337	173.0268	1.272893
9870	-221.1669	-394.4922	173.3253	1.006006
9876	-219.7192	-392.8298	173.1107	1.202526
9882	-220.5259	-393.2599	172.734	1.502025
9888	-226.418	-398.8459	172.4279	1.72403
9894	-217.9824	-390.5831	172.6007	1.600446
9900	-221.7422	-394.6631	172.9209	1.358315
9906	-216.1758	-389.3642	173.1884	1.134535
9912	-219.5565	-392.8829	173.3265	1.004797
9918	-218.5136	-391.737	173.2233	1.102981
9924	-224.7116	-397.9111	173.1995	1.124644
9930	-224.9344	-398.1339	173.1995	1.124644
9936	-227.4245	-400.6313	173.2068	1.118059
9942	-227.4032	-400.4999	173.0967	1.214417
9948	-229.9433	-403.3322	173.3889	0.9405354
9954	-222.391	-395.7499	173.3589	0.9719588
9960	-225.4581	-398.1924	172.7342	1.501878
9966	-217.1525	-390.4748	173.3223	1.008945
9972	-225.2079	-398.2216	173.0138	1.283597
9978	-225.2259	-398.4677	173.2418	1.08601
9984	-215.7285	-388.7063	172.9778	1.312808
9990	-222.4316	-395.8098	173.3782	0.9519207
9996	-214.6867	-387.8215	173.1348	1.181755
