Iteration	Posterior	Likelihood	Prior	tree_length
0	-634.5114	-801.8004	167.289	4.806087
6	-635.5764	-803.2777	167.7013	4.575356
12	-643.5074	-811.4434	167.9361	4.443305
18	-648.0131	-815.544	167.5309	4.670859
24	-644.7169	-813.4219	168.7051	4.007143
30	-646.0511	-813.0598	167.0087	4.962218
36	-640.6393	-807.648	167.0087	4.962218
42	-640.4152	-807.8692	167.454	4.713872
48	-648.4342	-817.3544	168.9201	3.883999
54	-661.739	-830.4119	168.673	4.02547
60	-648.0817	-816.2882	168.2065	4.290633
66	-656.0337	-824.0172	167.9835	4.41659
72	-650.1253	-818.8805	168.7553	3.978462
78	-635.7012	-803.8631	168.1619	4.31584
84	-642.3606	-811.3603	168.9998	3.838257
90	-640.484	-808.5592	168.0753	4.364777
96	-633.7636	-801.0143	167.2507	4.827455
102	-650.2283	-818.7906	168.5623	4.088607
108	-644.7551	-812.0526	167.2975	4.80134
114	-640.2108	-808.095	167.8842	4.47252
120	-640.3204	-809.1433	168.8229	3.939755
126	-650.7448	-819.5236	168.7788	3.965012
132	-641.3551	-808.0353	166.6801	5.144552
138	-640.9203	-807.6004	166.6801	5.144552
144	-636.904	-804.7863	167.8824	4.473552
150	-632.0773	-799.9597	167.8824	4.473552
156	-631.1815	-799.4972	168.3157	4.228762
162	-639.8386	-808.2081	168.3695	4.19822
168	-639.2288	-807.9501	168.7213	3.997846
174	-642.4787	-811.2001	168.7213	3.997846
180	-637.8466	-806.4972	168.6506	4.038231
186	-641.2993	-809.8312	168.5319	4.105901
192	-636.4385	-803.5892	167.1507	4.883181
198	-635.5601	-804.741	169.1809	3.733929
204	-640.5774	-808.8912	168.3138	4.229798
210	-633.1922	-801.5693	168.3771	4.193913
216	-660.0252	-828.3801	168.3549	4.206482
222	-651.4875	-818.994	167.5065	4.684505
228	-635.3411	-803.7221	168.381	4.191703
234	-639.9788	-807.2074	167.2286	4.839776
240	-636.7306	-805.9814	169.2508	3.693507
246	-639.9781	-807.9162	167.9381	4.442166
252	-639.6864	-808.3555	168.6691	4.02768
258	-648.3151	-817.0143	168.6992	4.010474
264	-670.2845	-837.4958	167.2113	4.849423
270	-663.1838	-830.3316	167.1478	4.88479
276	-651.1175	-818.277	167.1596	4.878241
282	-650.4299	-818.2528	167.8228	4.507037
288	-651.1233	-819.3958	168.2725	4.253239
294	-657.9138	-826.3162	168.4024	4.17956
300	-644.9616	-813.7756	168.8139	3.944883
306	-644.1387	-813.0357	168.897	3.89728
312	-648.723	-816.4095	167.6865	4.583619
318	-655.6131	-822.1794	166.5662	5.207575
324	-651.1979	-819.5947	168.3968	4.182742
330	-648.6893	-817.2528	168.5636	4.087868
336	-644.6996	-813.9091	169.2095	3.717387
342	-652.0619	-819.4848	167.4228	4.731321
348	-643.866	-812.1872	168.3211	4.225654
354	-647.3511	-816.1705	168.8194	3.941773
360	-659.9434	-828.3306	168.3872	4.18818
366	-641.4797	-810.1931	168.7134	4.002385
372	-646.016	-815.3305	169.3146	3.656632
378	-648.6576	-815.658	167.0004	4.966833
384	-641.2094	-810.266	169.0566	3.805561
390	-638.5551	-806.9029	168.3478	4.210555
396	-647.0469	-814.8225	167.7756	4.533598
402	-644.4061	-811.9754	167.5693	4.649349
408	-643.8696	-812.4121	168.5425	4.099845
414	-647.2601	-814.3612	167.1011	4.910819
420	-633.5326	-801.9064	168.3738	4.1958
426	-638.8791	-807.0687	168.1896	4.300183
432	-630.7942	-798.9838	168.1896	4.300183
438	-640.2909	-809.4713	169.1804	3.734207
444	-626.0057	-794.6497	168.644	4.041999
450	-640.8613	-809.2748	168.4135	4.173237
456	-645.1007	-812.7677	167.667	4.594569
462	-649.2614	-818.1914	168.93	3.878343
468	-635.8481	-803.1056	167.2575	4.823665
474	-642.5581	-811.4042	168.8462	3.92642
480	-637.6919	-806.2332	168.5413	4.100554
486	-638.2718	-805.5796	167.3078	4.795603
492	-641.9677	-809.8281	167.8603	4.485948
498	-652.4641	-821.1149	168.6508	4.038156
504	-655.2522	-822.4855	167.2333	4.837182
510	-648.581	-817.7427	169.1617	3.745013
516	-640.5073	-808.9381	168.4308	4.163384
522	-630.5119	-798.8206	168.3087	4.232716
528	-629.3992	-797.8276	168.4284	4.164769
534	-630.4485	-799.0945	168.646	4.04087
540	-624.8042	-793.4502	168.646	4.04087
546	-629.3011	-797.235	167.934	4.444495
552	-628.8031	-796.3628	167.5598	4.65469
558	-631.6761	-799.9249	168.2487	4.266688
564	-640.841	-808.6714	167.8304	4.50281
570	-636.909	-804.1559	167.2469	4.829548
576	-630.7761	-799.8217	169.0456	3.811904
582	-661.3996	-830.0948	168.6952	4.012809
588	-649.0026	-817.7757	168.773	3.968295
594	-644.2607	-812.6056	168.3449	4.212184
600	-630.2848	-798.9572	168.6724	4.025776
606	-651.571	-818.9487	167.3777	4.75656
612	-652.2961	-819.9713	167.6753	4.58994
618	-648.6312	-816.3065	167.6753	4.58994
624	-645.4041	-813.4122	168.0081	4.402711
630	-644.6218	-811.9016	167.2798	4.811203
636	-657.1627	-824.3688	167.2061	4.852342
642	-650.1577	-817.9135	167.7558	4.544712
648	-654.1226	-820.9816	166.859	5.045383
654	-654.4753	-822.1968	167.7215	4.563971
660	-645.3055	-812.8355	167.53	4.671366
666	-648.892	-816.34	167.448	4.717268
672	-636.2929	-804.0729	167.7801	4.531085
678	-644.0946	-813.4319	169.3373	3.643476
684	-632.4073	-801.2002	168.7929	3.956902
690	-641.1439	-809.1306	167.9868	4.414733
696	-649.7714	-817.663	167.8916	4.468362
702	-647.9394	-815.9571	168.0177	4.397261
708	-646.6888	-814.7868	168.098	4.351954
714	-641.8622	-809.9679	168.1057	4.347585
720	-652.2917	-820.487	168.1952	4.296977
726	-645.6838	-814.1294	168.4456	4.154985
732	-652.9105	-820.0142	167.1038	4.909328
738	-649.9856	-817.0894	167.1038	4.909328
744	-638.3069	-805.7592	167.4523	4.714877
750	-633.7557	-802.2013	168.4456	4.154988
756	-640.5037	-808.5222	168.0184	4.396873
762	-636.7192	-804.0918	167.3726	4.759391
768	-640.3296	-809.0433	168.7137	4.002231
774	-641.1414	-808.6495	167.5081	4.683649
780	-630.6812	-800.1711	169.4898	3.554879
786	-636.9503	-806.4401	169.4898	3.554879
792	-642.0559	-810.7181	168.6621	4.031668
798	-648.6549	-817.3684	168.7135	4.00231
804	-656.7262	-823.8705	167.1443	4.886734
810	-635.6455	-802.9445	167.299	4.80049
816	-633.2026	-802.2247	169.0221	3.825437
822	-626.8771	-794.658	167.7809	4.530611
828	-639.0105	-808.0163	169.0058	3.834789
834	-652.6591	-820.7064	168.0472	4.380621
840	-636.0267	-804.9581	168.9313	3.877575
846	-636.9697	-804.7294	167.7597	4.542552
852	-651.1972	-818.2571	167.0599	4.933767
858	-669.7981	-837.82	168.0219	4.394901
864	-641.3438	-810.0962	168.7524	3.980108
870	-639.8662	-808.6185	168.7524	3.980108
876	-640.8456	-808.5618	167.7162	4.566961
882	-642.0595	-810.7227	168.6632	4.031061
888	-661.8507	-829.8499	167.9993	4.407677
894	-639.153	-806.448	167.295	4.802739
900	-650.1788	-818.4583	168.2795	4.249267
906	-649.2992	-816.7983	167.4992	4.688634
912	-649.1587	-817.3258	168.1671	4.312881
918	-652.9475	-820.7442	167.7967	4.521717
924	-644.0131	-811.6824	167.6693	4.593283
930	-643.7583	-810.9438	167.1855	4.863792
936	-642.8161	-811.5883	168.7722	3.96878
942	-641.8789	-811.0272	169.1483	3.752737
948	-651.7395	-821.1683	169.4288	3.590377
954	-636.6655	-804.9789	168.3135	4.230014
960	-647.544	-816.2179	168.6738	4.024976
966	-646.6503	-814.4188	167.7684	4.537622
972	-652.574	-820.3889	167.8149	4.511532
978	-670.9648	-839.6808	168.716	4.000923
984	-643.017	-811.316	168.299	4.238199
990	-656.2677	-825.7161	169.4483	3.579033
996	-642.4883	-810.931	168.4427	4.15662
1002	-645.2377	-813.9461	168.7084	4.005248
1008	-649.1089	-817.6804	168.5715	4.083373
1014	-639.6385	-806.7931	167.1547	4.880976
1020	-633.5641	-801.5683	168.0042	4.404902
1026	-634.4066	-801.1239	166.7172	5.123993
1032	-637.2418	-805.7805	168.5387	4.10202
1038	-638.2683	-805.6553	167.387	4.75136
1044	-634.3189	-801.8549	167.536	4.668019
1050	-630.3053	-798.1245	167.8192	4.509102
1056	-631.1425	-799.7954	168.6529	4.036911
1062	-623.6486	-791.7223	168.0737	4.365703
1068	-632.4127	-800.7264	168.3137	4.229864
1074	-631.0399	-800.7858	169.7458	3.4054
1080	-623.9699	-791.5638	167.5939	4.635557
1086	-640.9283	-810.1861	169.2578	3.689504
1092	-639.9525	-808.2205	168.268	4.255769
1098	-643.652	-812.0738	168.4219	4.168468
1104	-629.9204	-797.6901	167.7697	4.536927
1110	-628.7037	-797.7208	169.0171	3.828275
1116	-645.9698	-814.2949	168.3251	4.223433
1122	-635.783	-803.9621	168.1792	4.306077
1128	-640.435	-809.1214	168.6864	4.017788
1134	-634.9598	-802.5449	167.5852	4.640468
1140	-641.261	-809.6303	168.3693	4.198356
1146	-643.5787	-811.5686	167.9899	4.412939
1152	-663.7145	-831.8671	168.1526	4.321124
1158	-657.5277	-824.9503	167.4225	4.731488
1164	-658.9277	-826.3423	167.4146	4.735923
1170	-664.6758	-832.0683	167.3925	4.748279
1176	-665.6525	-834.1638	168.5113	4.117642
1182	-652.7905	-820.3246	167.5341	4.669074
1188	-642.3463	-809.8804	167.5341	4.669074
1194	-641.3292	-808.9283	167.5991	4.632634
1200	-648.298	-816.1423	167.8443	4.494954
1206	-659.2168	-826.9208	167.7039	4.573862
1212	-650.2423	-818.2313	167.9889	4.413513
1218	-655.3579	-822.5638	167.2059	4.852422
1224	-659.5153	-826.7328	167.2176	4.845931
1230	-641.156	-808.3735	167.2176	4.845931
1236	-638.2697	-805.1913	166.9216	5.010644
1242	-640.7885	-808.5209	167.7324	4.557866
1248	-634.9306	-803.0176	168.087	4.35819
1254	-636.508	-804.9124	168.4044	4.178407
1260	-644.7269	-812.0391	167.3122	4.793148
1266	-652.9511	-820.1665	167.2154	4.847146
1272	-654.5698	-822.6022	168.0324	4.388974
1278	-654.0054	-821.601	167.5956	4.634603
1284	-663.9912	-831.2626	167.2714	4.815903
1290	-645.001	-811.9465	166.9456	4.997315
1296	-662.6915	-831.2062	168.5147	4.115702
1302	-648.4771	-817.5627	169.0856	3.788881
1308	-650.494	-818.1534	167.6594	4.598832
1314	-650.137	-817.7964	167.6594	4.598832
1320	-660.0677	-828.4261	168.3585	4.204478
1326	-665.7228	-833.5387	167.8158	4.510974
1332	-660.5105	-827.6217	167.1112	4.905172
1338	-658.1374	-825.6809	167.5435	4.663796
1344	-644.7707	-812.5661	167.7954	4.522465
1350	-640.0826	-807.878	167.7954	4.522465
1356	-642.3831	-810.0739	167.6908	4.581208
1362	-630.2052	-798.2535	168.0483	4.379991
1368	-631.7784	-800.4922	168.7138	4.002182
1374	-643.9756	-811.7782	167.8026	4.518402
1380	-644.9742	-813.2282	168.254	4.263719
1386	-634.0342	-801.6799	167.6457	4.606501
1392	-657.7395	-825.5783	167.8389	4.498028
1398	-642.1584	-810.8436	168.6851	4.018538
1404	-637.3212	-805.1491	167.8279	4.504198
1410	-633.2547	-801.3706	168.1158	4.341883
1416	-643.7875	-812.1957	168.4082	4.176274
1422	-637.3208	-805.5833	168.2625	4.258897
1428	-640.9598	-809.2548	168.295	4.240468
1434	-647.002	-814.7426	167.7405	4.553294
1440	-637.928	-805.6685	167.7405	4.553294
1446	-639.1938	-807.3555	168.1617	4.315951
1452	-631.4979	-799.1874	167.6895	4.581963
1458	-645.503	-813.1925	167.6895	4.581963
1464	-666.4278	-834.1173	167.6895	4.581963
1470	-653.2275	-820.2684	167.0408	4.944341
1476	-659.0525	-827.7032	168.6507	4.038162
1482	-647.7073	-815.5679	167.8606	4.485797
1488	-652.4106	-819.7159	167.3053	4.796982
1494	-635.8766	-804.4368	168.5602	4.0898
1500	-636.0104	-804.4881	168.4777	4.136762
1506	-658.0104	-826.7827	168.7723	3.968725
1512	-642.7775	-811.083	168.3055	4.234511
1518	-641.7766	-809.6889	167.9123	4.456711
1524	-645.1376	-812.4081	167.2705	4.816404
1530	-634.6826	-803.2698	168.5873	4.074371
1536	-646.1524	-814.0839	167.9316	4.445843
1542	-662.9285	-829.8905	166.962	4.988186
1548	-650.9595	-819.1121	168.1526	4.32109
1554	-662.5812	-829.7697	167.1885	4.862126
1560	-660.6843	-828.7778	168.0934	4.354534
1566	-657.0372	-825.8949	168.8577	3.919841
1572	-650.0891	-818.3781	168.289	4.243882
1578	-647.5584	-815.3356	167.7771	4.53274
1584	-643.6764	-811.1691	167.4927	4.692229
1590	-639.127	-807.2922	168.1652	4.313966
1596	-639.0416	-807.2577	168.2161	4.285174
1602	-641.432	-809.4043	167.9723	4.422881
1608	-648.7585	-817.6183	168.8598	3.91862
1614	-646.6761	-813.6544	166.9783	4.979126
1620	-642.4215	-810.9118	168.4903	4.129594
1626	-647.6143	-816.4222	168.808	3.94831
1632	-651.4456	-818.5359	167.0903	4.916846
1638	-639.8659	-807.773	167.9071	4.459612
1644	-649.5553	-817.4382	167.883	4.473213
1650	-653.2962	-821.7476	168.4514	4.151688
1656	-667.195	-836.1738	168.9788	3.850295
1662	-646.8734	-813.6101	166.7367	5.1132
1668	-641.6774	-809.6812	168.0038	4.405131
1674	-638.4329	-806.4875	168.0546	4.376476
1680	-652.1541	-820.7095	168.5554	4.092514
1686	-637.2158	-805.3653	168.1495	4.32283
1692	-647.743	-816.5239	168.7809	3.963792
1698	-640.0199	-807.9685	167.9487	4.436217
1704	-645.1172	-813.3075	168.1903	4.299792
1710	-629.6875	-798.4596	168.772	3.968869
1716	-640.6404	-808.8448	168.2045	4.291763
1722	-643.4664	-810.0108	166.5444	5.219679
1728	-639.0066	-807.5775	168.571	4.083655
1734	-636.8848	-805.9451	169.0603	3.803473
1740	-634.4663	-802.8552	168.3889	4.187193
1746	-627.4152	-795.7561	168.3409	4.214451
1752	-633.7896	-801.2826	167.493	4.692084
1758	-631.8345	-800.2132	168.3787	4.192997
1764	-639.1355	-807.1261	167.9906	4.412574
1770	-636.4805	-805.5203	169.0398	3.81524
1776	-639.0869	-807.7406	168.6537	4.036487
1782	-641.3388	-809.968	168.6292	4.050468
1788	-659.245	-828.4223	169.1773	3.735986
1794	-657.1528	-825.7066	168.5537	4.093477
1800	-649.4377	-818.052	168.6143	4.05893
1806	-649.4676	-817.4621	167.9945	4.410385
1812	-649.4709	-817.8898	168.4189	4.170195
1818	-642.3456	-810.986	168.6404	4.044077
1824	-636.4432	-803.9234	167.4803	4.699207
1830	-643.7791	-811.7097	167.9306	4.44636
1836	-645.5976	-812.7394	167.1417	4.888187
1842	-641.7927	-809.9501	168.1574	4.318364
1848	-636.9505	-805.4695	168.519	4.113245
1854	-641.12	-808.9836	167.8636	4.484124
1860	-656.8714	-825.2854	168.414	4.172942
1866	-658.1415	-826.6	168.4584	4.147695
1872	-648.3695	-816.4837	168.1142	4.342825
1878	-649.8734	-817.3723	167.4989	4.688765
1884	-634.5121	-802.7529	168.2408	4.271166
1890	-633.8384	-801.6983	167.8599	4.486198
1896	-634.7258	-803.334	168.6082	4.062414
1902	-642.5807	-810.8571	168.2765	4.250991
1908	-646.1041	-814.7762	168.6721	4.025977
1914	-636.048	-805.283	169.235	3.702653
1920	-637.1952	-805.2202	168.025	4.393158
1926	-627.2869	-795.015	167.7281	4.560263
1932	-644.9801	-813.4365	168.4565	4.148814
1938	-641.8949	-809.7852	167.8902	4.469116
1944	-642.8765	-812.0018	169.1254	3.765964
1950	-629.2937	-797.9681	168.6744	4.024678
1956	-642.8582	-811.5399	168.6816	4.02053
1962	-643.5228	-812.0049	168.4821	4.134253
1968	-656.0194	-822.9462	166.9268	5.00773
1974	-650.5204	-819.4047	168.8844	3.904532
1980	-635.0485	-802.6884	167.6399	4.609774
1986	-634.8319	-802.8526	168.0207	4.395579
1992	-641.0328	-808.9766	167.9437	4.43899
1998	-632.8162	-801.0669	168.2507	4.265569
2004	-644.9268	-812.3962	167.4694	4.705289
2010	-632.5266	-800.8821	168.3555	4.206164
2016	-636.0459	-804.3598	168.3139	4.229782
2022	-639.0109	-807.6535	168.6426	4.042791
2028	-643.8332	-811.7541	167.9209	4.451871
2034	-647.9396	-815.0253	167.0857	4.919399
2040	-641.5989	-808.6846	167.0857	4.919399
2046	-642.0822	-809.8199	167.7377	4.554879
2052	-654.8253	-822.575	167.7498	4.548114
2058	-647.2642	-815.6581	168.3939	4.184372
2064	-651.4226	-819.3377	167.9151	4.455134
2070	-642.7337	-811.5757	168.842	3.928824
2076	-633.2452	-802.5353	169.2901	3.670792
2082	-636.5066	-803.8142	167.3076	4.795694
2088	-632.8879	-800.7383	167.8504	4.491541
2094	-635.6683	-803.6423	167.9739	4.421967
2100	-639.4756	-807.4586	167.983	4.416827
2106	-646.1823	-813.5051	167.3228	4.787214
2112	-650.8205	-817.9448	167.1243	4.897885
2118	-639.81	-807.6883	167.8782	4.475873
2124	-641.5873	-809.2669	167.6796	4.587495
2130	-636.6248	-804.3117	167.6869	4.583419
2136	-632.0067	-800.5863	168.5795	4.078764
2142	-638.4153	-805.8159	167.4006	4.743779
2148	-641.2402	-808.3493	167.1091	4.90635
2154	-641.3957	-808.0181	166.6224	5.176509
2160	-645.3373	-813.1415	167.8042	4.517509
2166	-643.2611	-811.475	168.2139	4.286418
2172	-637.7003	-805.7151	168.0148	4.398928
2178	-630.6058	-798.3886	167.7828	4.529527
2184	-622.4608	-790.6634	168.2026	4.29282
2190	-632.3918	-800.5555	168.1636	4.314868
2196	-633.8189	-801.4451	167.6262	4.617475
2202	-644.4259	-812.5777	168.1518	4.321558
2208	-640.5095	-809.2041	168.6946	4.013143
2214	-635.9129	-803.7594	167.8465	4.493744
2220	-638.0033	-806.3981	168.3948	4.183876
2226	-643.5489	-811.6967	168.1478	4.323816
2232	-639.4542	-807.3688	167.9146	4.455394
2238	-646.5594	-814.7228	168.1634	4.31501
2244	-648.5071	-815.3422	166.8351	5.058662
2250	-640.5681	-808.7606	168.1924	4.298571
2256	-640.4309	-809.53	169.0991	3.7811
2262	-633.3995	-801.6556	168.2562	4.262468
2268	-636.5481	-804.1383	167.5901	4.637688
2274	-645.8013	-813.3164	167.5151	4.679716
2280	-645.7805	-813.8924	168.1119	4.344084
2286	-643.4937	-811.6056	168.1119	4.344084
2292	-639.6751	-807.584	167.9089	4.458607
2298	-639.926	-808.8859	168.9599	3.861167
2304	-635.1148	-802.3298	167.2151	4.847314
2310	-648.3683	-816.7399	168.3716	4.19703
2316	-648.6999	-816.5445	167.8446	4.494826
2322	-657.1597	-824.0793	166.9196	5.011726
2328	-648.3227	-815.933	167.6103	4.626406
2334	-636.2045	-805.6376	169.4331	3.587874
2340	-634.6045	-802.5311	167.9266	4.448637
2346	-634.1243	-801.9941	167.8698	4.480638
2352	-640.3091	-808.1788	167.8698	4.480638
2358	-632.7695	-800.8035	168.034	4.388092
2364	-642.9856	-810.6224	167.6367	4.611563
2370	-637.5598	-804.8428	167.2831	4.809387
2376	-650.6545	-817.8569	167.2024	4.854399
2382	-631.3195	-799.9998	168.6803	4.021279
2388	-635.3821	-804.0625	168.6803	4.021279
2394	-629.8324	-798.4671	168.6346	4.047364
2400	-627.6348	-795.837	168.2022	4.293065
2406	-645.1509	-814.01	168.8591	3.919015
2412	-643.2574	-812.2974	169.04	3.81513
2418	-641.8129	-810.2765	168.4636	4.144752
2424	-650.9969	-819.4605	168.4636	4.144752
2430	-635.9025	-804.3661	168.4636	4.144752
2436	-634.535	-803.2242	168.6892	4.016184
2442	-643.1226	-811.8188	168.6962	4.012199
2448	-640.5168	-808.3333	167.8165	4.510597
2454	-639.3762	-807.3018	167.9256	4.449199
2460	-632.1764	-799.6472	167.4708	4.704498
2466	-637.3609	-805.063	167.702	4.574917
2472	-645.3324	-813.7671	168.4346	4.161226
2478	-647.342	-815.5633	168.2213	4.282239
2484	-642.3681	-810.6797	168.3115	4.231116
2490	-661.3338	-828.9276	167.5937	4.635656
2496	-646.5349	-814.9762	168.4413	4.157453
2502	-648.7254	-816.8878	168.1624	4.315551
2508	-641.0117	-809.286	168.2742	4.252241
2514	-645.0544	-813.3914	168.337	4.216671
2520	-638.4338	-806.834	168.4003	4.180753
2526	-649.7146	-818.1504	168.4357	4.160603
2532	-641.2407	-808.8641	167.6234	4.619012
2538	-661.2248	-828.2775	167.0527	4.937752
2544	-648.2019	-815.26	167.0581	4.934733
2550	-653.0164	-821.8609	168.8445	3.927378
2556	-647.9506	-815.4015	167.4509	4.715626
2562	-657.4491	-826.1917	168.7426	3.985702
2568	-645.8513	-812.7117	166.8604	5.044577
2574	-644.0653	-811.0361	166.9708	4.983267
2580	-654.9342	-823.4615	168.5273	4.108528
2586	-644.0522	-811.6295	167.5773	4.64489
2592	-655.5664	-822.5077	166.9413	4.999668
2598	-639.2393	-807.3772	168.1379	4.329409
2604	-637.1991	-804.6345	167.4354	4.724303
2610	-631.3405	-798.8273	167.4868	4.695568
2616	-630.8972	-798.8059	167.9087	4.458708
2622	-646.3196	-814.5605	168.2409	4.271134
2628	-639.5462	-807.416	167.8698	4.480632
2634	-636.1997	-804.711	168.5113	4.117638
2640	-635.7851	-804.0717	168.2866	4.245249
2646	-629.5163	-797.8029	168.2866	4.245249
2652	-634.6289	-802.0841	167.4552	4.713254
2658	-649.009	-817.471	168.462	4.145667
2664	-636.1879	-804.8463	168.6583	4.033829
2670	-648.415	-815.8276	167.4125	4.737079
2676	-651.1354	-818.9057	167.7702	4.536611
2682	-647.8007	-815.1602	167.3595	4.766718
2688	-638.552	-807.4158	168.8638	3.916315
2694	-643.1346	-811.5124	168.3778	4.193507
2700	-648.474	-815.8025	167.3285	4.784057
2706	-634.3074	-802.4181	168.1107	4.344763
2712	-642.227	-810.3377	168.1107	4.344763
2718	-639.6971	-807.3335	167.6363	4.611776
2724	-644.9072	-812.5406	167.6334	4.61345
2730	-634.0449	-802.6571	168.6121	4.060183
2736	-641.5302	-810.1251	168.5949	4.070015
2742	-641.671	-809.4255	167.7546	4.545423
2748	-636.3092	-804.2976	167.9884	4.413809
2754	-628.5948	-796.3406	167.7458	4.550319
2760	-641.0951	-808.4226	167.3275	4.784566
2766	-640.4534	-808.0514	167.598	4.633268
2772	-647.0077	-815.427	168.4193	4.16993
2778	-638.9807	-807.2477	168.267	4.25634
2784	-636.6504	-804.9174	168.267	4.25634
2790	-647.8278	-815.4553	167.6275	4.616712
2796	-636.638	-805.3753	168.7372	3.988776
2802	-641.4135	-809.6209	168.2074	4.290116
2808	-641.9273	-809.5587	167.6314	4.61454
2814	-645.356	-812.7206	167.3646	4.763862
2820	-639.9198	-807.5984	167.6786	4.588048
2826	-645.032	-813.2777	168.2457	4.268397
2832	-651.9246	-819.8071	167.8825	4.473483
2838	-653.7901	-821.6725	167.8825	4.473483
2844	-648.4726	-816.4417	167.9691	4.424695
2850	-654.3937	-822.9558	168.5621	4.08869
2856	-643.8095	-812.3716	168.5621	4.08869
2862	-648.6899	-817.3551	168.6652	4.02992
2868	-651.0221	-818.8088	167.7867	4.527345
2874	-665.1624	-833.5479	168.3855	4.189143
2880	-657.865	-826.338	168.473	4.139408
2886	-661.1191	-829.0274	167.9083	4.458927
2892	-648.9339	-816.7885	167.8546	4.489153
2898	-640.2966	-808.1512	167.8546	4.489153
2904	-649.4645	-816.8384	167.3739	4.758694
2910	-651.4188	-819.5335	168.1146	4.342558
2916	-647.4619	-814.9579	167.496	4.690396
2922	-645.4122	-813.1445	167.7323	4.557929
2928	-635.0022	-803.1119	168.1097	4.345361
2934	-640.396	-809.4894	169.0934	3.78439
2940	-637.1974	-806.2495	169.0521	3.808172
2946	-638.6378	-807.3114	168.6736	4.025125
2952	-642.9501	-810.7694	167.8193	4.509034
2958	-635.2831	-803.6122	168.3291	4.221156
2964	-635.3772	-804.8269	169.4497	3.578224
2970	-644.8772	-813.8052	168.928	3.879512
2976	-650.8846	-817.5671	166.6826	5.143185
2982	-645.8659	-812.8197	166.9538	4.992725
2988	-644.5187	-812.3451	167.8265	4.504995
2994	-649.9293	-817.52	167.5907	4.637365
3000	-648.0123	-816.0082	167.9959	4.409584
3006	-638.7089	-807.3292	168.6203	4.05552
3012	-646.2026	-813.8916	167.6891	4.582198
3018	-631.5583	-800.3313	168.773	3.968329
3024	-644.5758	-812.6528	168.077	4.363789
3030	-662.5898	-830.7409	168.1511	4.321949
3036	-657.2854	-825.4263	168.1409	4.327716
3042	-642.6145	-809.9556	167.3412	4.776964
3048	-634.3022	-803.1169	168.8148	3.9444
3054	-644.5584	-813.1093	168.551	4.095049
3060	-643.3054	-811.0471	167.7417	4.552662
3066	-642.0354	-810.44	168.4045	4.178323
3072	-648.1108	-815.4847	167.3739	4.758688
3078	-653.7017	-821.6748	167.9731	4.42243
3084	-666.5863	-834.3194	167.7331	4.557467
3090	-646.8452	-814.5783	167.7331	4.557467
3096	-651.9793	-819.5672	167.5879	4.638959
3102	-634.1286	-801.7773	167.6487	4.604859
3108	-637.3349	-804.4395	167.1046	4.908886
3114	-632.2053	-800.5857	168.3804	4.192048
3120	-637.5194	-805.9614	168.442	4.157044
3126	-636.8172	-805.3971	168.5799	4.078564
3132	-643.2442	-811.8542	168.61	4.061394
3138	-639.3134	-808.1253	168.8119	3.946024
3144	-640.3959	-807.7132	167.3174	4.790241
3150	-646.9691	-815.5203	168.5512	4.094922
3156	-631.7685	-800.561	168.7926	3.95712
3162	-632.8187	-801.2587	168.44	4.158169
3168	-638.3644	-806.8044	168.44	4.158169
3174	-644.0514	-812.4915	168.44	4.158169
3180	-630.2942	-798.8674	168.5732	4.082379
3186	-635.0112	-803.4823	168.4712	4.140452
3192	-649.1816	-817.1918	168.0102	4.401542
3198	-650.4667	-818.1677	167.701	4.575496
3204	-655.3695	-823.2979	167.9284	4.44762
3210	-638.4904	-806.6332	168.1428	4.326635
3216	-641.405	-809.5478	168.1428	4.326635
3222	-646.8606	-814.5905	167.7299	4.55928
3228	-665.4801	-833.3613	167.8812	4.474193
3234	-648.3959	-815.9939	167.598	4.633258
3240	-654.5467	-822.7015	168.1548	4.319856
3246	-639.2845	-807.1815	167.897	4.465295
3252	-645.1326	-813.2255	168.093	4.354785
3258	-644.0376	-812.4519	168.4143	4.172806
3264	-637.1143	-804.8496	167.7353	4.556233
3270	-635.6172	-803.9956	168.3784	4.193142
3276	-635.818	-803.2345	167.4165	4.73486
3282	-625.4614	-793.4776	168.0162	4.398111
3288	-630.12	-798.2087	168.0886	4.357257
3294	-635.6214	-803.7637	168.1423	4.326919
3300	-628.3966	-797.077	168.6804	4.021254
3306	-632.9989	-800.51	167.5112	4.681909
3312	-634.8347	-803.9132	169.0785	3.79298
3318	-636.4424	-804.4765	168.0341	4.388047
3324	-630.597	-798.6311	168.0341	4.388047
3330	-657.7505	-826.9373	169.1868	3.730534
3336	-650.5716	-820.1315	169.5599	3.514095
3342	-642.9381	-811.3234	168.3853	4.18927
3348	-647.6339	-815.9302	168.2963	4.239746
3354	-641.3415	-809.5805	168.239	4.272223
3360	-636.7323	-805.8909	169.1586	3.746764
3366	-629.5728	-798.7315	169.1586	3.746764
3372	-641.0238	-808.9787	167.9549	4.4327
3378	-648.5262	-816.1314	167.6052	4.629213
3384	-649.3389	-817.5269	168.1879	4.301106
3390	-649.8595	-818.0474	168.1879	4.301106
3396	-658.7324	-826.8859	168.1535	4.320586
3402	-653.0615	-821.3661	168.3046	4.23503
3408	-650.5124	-819.1136	168.6012	4.06641
3414	-652.08	-818.8553	166.7752	5.091853
3420	-645.3776	-813.5445	168.1669	4.313023
3426	-648.9944	-816.1662	167.1718	4.871409
3432	-648.5734	-817.4625	168.8891	3.901804
3438	-647.0108	-814.8184	167.8076	4.515592
3444	-647.3492	-815.7439	168.3946	4.183961
3450	-639.6292	-807.6197	167.9904	4.412662
3456	-636.2029	-804.5401	168.3372	4.216536
3462	-636.8759	-804.537	167.6611	4.597882
3468	-637.7807	-806.6682	168.8875	3.902747
3474	-640.0949	-808.7149	168.6199	4.05574
3480	-640.8181	-808.8239	168.0059	4.403964
3486	-637.8624	-805.8682	168.0059	4.403964
3492	-639.8981	-808.3634	168.4654	4.143753
3498	-641.8237	-810.2891	168.4654	4.143753
3504	-627.8518	-796.3016	168.4497	4.152651
3510	-633.5527	-802.1692	168.6164	4.057738
3516	-648.7659	-817.3144	168.5485	4.096457
3522	-625.6345	-794.1099	168.4754	4.13804
3528	-637.0554	-804.9997	167.9443	4.438691
3534	-636.8328	-804.7771	167.9443	4.438691
3540	-639.8772	-807.8214	167.9443	4.438691
3546	-643.7901	-811.7344	167.9443	4.438691
3552	-638.8532	-807.0356	168.1824	4.304242
3558	-637.9166	-807.5046	169.588	3.497697
3564	-642.7631	-810.8509	168.0879	4.357682
3570	-631.7524	-800.3563	168.6038	4.064912
3576	-639.466	-808.5725	169.1065	3.776827
3582	-638.6603	-806.702	168.0417	4.383723
3588	-655.6995	-822.8034	167.104	4.909223
3594	-656.9516	-824.0555	167.104	4.909223
3600	-646.0151	-813.984	167.9689	4.424815
3606	-638.397	-806.0065	167.6095	4.626811
3612	-641.703	-809.5543	167.8514	4.491004
3618	-652.5618	-820.1389	167.5771	4.644979
3624	-632.5084	-800.0037	167.4954	4.690753
3630	-651.3211	-818.4752	167.1541	4.881291
3636	-653.9042	-822.5816	168.6774	4.022962
3642	-648.2213	-816.1646	167.9433	4.439232
3648	-660.8829	-828.7168	167.8339	4.500812
3654	-658.6078	-827.7606	169.1527	3.750172
3660	-653.9857	-822.1053	168.1196	4.339735
3666	-652.1925	-819.6146	167.4222	4.731702
3672	-630.3315	-798.5356	168.2041	4.291972
3678	-640.2188	-808.4229	168.2041	4.291972
3684	-644.3593	-813.0033	168.644	4.041989
3690	-647.3102	-814.2198	166.9096	5.017309
3696	-654.6739	-821.7392	167.0653	4.930716
3702	-663.048	-831.2702	168.2222	4.281709
3708	-641.8073	-810.5878	168.7805	3.964025
3714	-641.3566	-808.2963	166.9397	5.000575
3720	-645.6863	-814.053	168.3666	4.199858
3726	-640.2623	-808.8447	168.5824	4.077126
3732	-660.8953	-829.4777	168.5824	4.077126
3738	-655.0221	-822.7559	167.7338	4.55711
3744	-664.3679	-832.3379	167.97	4.424162
3750	-648.455	-815.4671	167.0122	4.960294
3756	-669.2392	-837.0871	167.8479	4.492963
3762	-651.0273	-818.2935	167.2662	4.818804
3768	-647.2798	-815.0718	167.792	4.524364
3774	-659.1497	-828.0623	168.9126	3.88833
3780	-648.7904	-816.4178	167.6274	4.616797
3786	-643.3622	-811.9823	168.6201	4.055634
3792	-643.7832	-812.4033	168.6201	4.055634
3798	-637.0101	-806.0391	169.0289	3.821487
3804	-634.4293	-802.9184	168.4891	4.130272
3810	-648.4446	-817.0761	168.6316	4.049108
3816	-648.9885	-817.321	168.3325	4.219228
3822	-648.4872	-817.2207	168.7334	3.990931
3828	-655.3472	-822.6971	167.3499	4.772055
3834	-641.96	-809.2767	167.3167	4.790621
3840	-657.6774	-825.3464	167.669	4.593481
3846	-642.1555	-810.1391	167.9836	4.416513
3852	-639.6387	-807.4598	167.8211	4.507997
3858	-638.6402	-805.8977	167.2574	4.823699
3864	-646.3362	-814.7887	168.4525	4.151056
3870	-638.8049	-806.589	167.784	4.528875
3876	-653.0644	-820.966	167.9016	4.46273
3882	-642.9177	-811.4525	168.5348	4.10428
3888	-634.7267	-803.7579	169.0312	3.820175
3894	-650.9478	-819.6201	168.6723	4.025889
3900	-641.3201	-808.7263	167.4062	4.740627
3906	-647.099	-814.8193	167.7203	4.56465
3912	-638.6067	-806.6506	168.0439	4.382482
3918	-635.1762	-803.2201	168.0439	4.382482
3924	-636.9961	-806.0267	169.0306	3.820531
3930	-630.163	-799.3405	169.1775	3.73588
3936	-640.14	-808.2453	168.1054	4.34779
3942	-635.963	-804.491	168.528	4.108141
3948	-635.5231	-802.4098	166.8867	5.030027
3954	-637.7626	-806.0575	168.2949	4.24053
3960	-643.4364	-811.9557	168.5192	4.113125
3966	-642.0379	-810.1433	168.1053	4.347803
3972	-648.9058	-816.262	167.3562	4.768579
3978	-643.5498	-812.1463	168.5965	4.069105
3984	-648.0334	-817.2321	169.1987	3.723637
3990	-651.0643	-820.6248	169.5604	3.513769
3996	-653.8614	-820.6919	166.8305	5.061179
4002	-654.5654	-822.8036	168.2382	4.272643
4008	-650.2531	-818.4914	168.2382	4.272643
4014	-645.6472	-813.4348	167.7875	4.526886
4020	-634.7514	-802.9519	168.2005	4.294009
4026	-649.1118	-817.2697	168.1578	4.318134
4032	-634.3018	-803.5452	169.2435	3.697767
4038	-635.5471	-803.2788	167.7317	4.558266
4044	-635.0392	-802.557	167.5178	4.678182
4050	-645.4321	-813.1694	167.7373	4.555114
4056	-643.4824	-811.3626	167.8801	4.474804
4062	-635.5282	-803.4083	167.8801	4.474804
4068	-642.7631	-810.1508	167.3877	4.750989
4074	-646.4885	-814.9224	168.4339	4.161665
4080	-647.9641	-814.9055	166.9414	4.999596
4086	-644.5431	-813.6412	169.0981	3.781662
4092	-647.6745	-816.1516	168.4771	4.137093
4098	-639.8264	-807.9035	168.0771	4.363752
4104	-635.5944	-803.6715	168.0771	4.363752
4110	-650.9183	-817.5505	166.6322	5.171056
4116	-638.6315	-806.8824	168.251	4.265418
4122	-649.0485	-816.1237	167.0752	4.925226
4128	-648.0538	-816.0352	167.9814	4.417784
4134	-645.1148	-812.8662	167.7514	4.54719
4140	-651.6638	-819.9949	168.3312	4.219962
4146	-643.2119	-812.0011	168.7892	3.959027
4152	-637.8067	-805.7255	167.9187	4.453076
4158	-644.4138	-812.3728	167.9589	4.430436
4164	-652.3676	-821.0151	168.6475	4.040019
4170	-649.3562	-816.4949	167.1387	4.889874
4176	-651.5936	-819.7	168.1064	4.347186
4182	-642.2566	-810.49	168.2334	4.275392
4188	-645.4227	-812.788	167.3652	4.763524
4194	-679.0575	-846.1073	167.0498	4.939362
4200	-648.0054	-816.9068	168.9014	3.894756
4206	-635.8425	-804.7439	168.9014	3.894756
4212	-632.2494	-800.4732	168.2238	4.280812
4218	-640.915	-808.9884	168.0734	4.365848
4224	-639.4582	-807.275	167.8168	4.510421
4230	-640.7217	-809.1524	168.4307	4.163439
4236	-651.3745	-818.0963	166.7218	5.121472
4242	-638.8929	-806.877	167.9842	4.416194
4248	-644.6265	-812.903	168.2765	4.250955
4254	-629.1667	-797.4432	168.2765	4.250955
4260	-635.1519	-803.0547	167.9028	4.462039
4266	-631.6684	-799.6515	167.9831	4.416773
4272	-649.4892	-817.5894	168.1002	4.350727
4278	-652.5495	-820.8212	168.2717	4.253689
4284	-669.016	-837.9859	168.97	3.855401
4290	-655.2884	-822.5471	167.2587	4.822981
4296	-646.8238	-814.0294	167.2056	4.852616
4302	-645.4205	-812.9376	167.5171	4.678598
4308	-653.7811	-821.7363	167.9552	4.432525
4314	-646.7585	-814.7087	167.9502	4.435344
4320	-645.1616	-814.0392	168.8776	3.908408
4326	-634.422	-801.9585	167.5365	4.66774
4332	-655.0991	-820.7962	165.6971	5.686101
4338	-650.5012	-816.6314	166.1301	5.448226
4344	-654.7122	-823.3432	168.631	4.049415
4350	-657.593	-825.5592	167.9662	4.426309
4356	-640.2568	-807.8048	167.5479	4.66133
4362	-653.7866	-821.423	167.6364	4.611759
4368	-643.6624	-811.1525	167.4901	4.693678
4374	-656.15	-823.5475	167.3975	4.745477
4380	-644.4717	-812.0573	167.5855	4.640261
4386	-642.9188	-810.6936	167.7748	4.534054
4392	-638.6643	-806.4391	167.7748	4.534054
4398	-642.6932	-810.7275	168.0343	4.387898
4404	-642.5766	-809.8192	167.2426	4.831983
4410	-635.6428	-802.848	167.2052	4.852816
4416	-629.5219	-797.9086	168.3867	4.188455
4422	-645.6875	-814.8432	169.1558	3.748412
4428	-638.9458	-806.7976	167.8519	4.490722
4434	-640.0632	-808.1417	168.0786	4.362939
4440	-648.2966	-815.6351	167.3386	4.77842
4446	-653.6006	-821.1879	167.5873	4.639247
4452	-641.3633	-809.6836	168.3203	4.226141
4458	-657.9906	-826.0032	168.0126	4.400159
4464	-644.6118	-811.706	167.0943	4.914615
4470	-650.0171	-816.7548	166.7377	5.112669
4476	-645.4632	-811.9046	166.4415	5.276547
4482	-646.5853	-814.7995	168.2142	4.286247
4488	-653.4175	-821.6317	168.2142	4.286247
4494	-651.0096	-819.7852	168.7756	3.96682
4500	-642.7861	-810.4185	167.6324	4.613979
4506	-634.6521	-802.0328	167.3807	4.754874
4512	-636.0889	-804.2827	168.1938	4.297805
4518	-650.5858	-818.5984	168.0126	4.400172
4524	-648.3789	-815.2708	166.8919	5.027118
4530	-645.3818	-813.8785	168.4967	4.12591
4536	-663.0901	-831.8422	168.7521	3.980273
4542	-632.9575	-801.922	168.9645	3.858544
4548	-640.1033	-808.4826	168.3792	4.192692
4554	-643.4934	-811.0683	167.5749	4.64623
4560	-653.9639	-821.7801	167.8163	4.510744
4566	-656.0079	-823.255	167.247	4.829491
4572	-650.6945	-819.5633	168.8687	3.913483
4578	-652.9502	-821.2845	168.3343	4.21818
4584	-642.2965	-810.1378	167.8413	4.496633
4590	-639.0257	-807.1049	168.0792	4.362583
4596	-648.1985	-815.8154	167.6169	4.622687
4602	-646.7715	-814.6169	167.8454	4.494367
4608	-659.9742	-827.2428	167.2686	4.81745
4614	-653.0648	-820.2654	167.2006	4.855409
4620	-653.7941	-822.3268	168.5327	4.105437
4626	-645.2597	-813.1172	167.8576	4.487507
4632	-639.9224	-809.2526	169.3302	3.647585
4638	-653.9168	-822.6487	168.7319	3.991806
4644	-664.1507	-831.8668	167.7162	4.566977
4650	-660.1396	-828.9964	168.8568	3.920357
4656	-652.1259	-820.734	168.6082	4.062449
4662	-640.4168	-808.621	168.2042	4.291917
4668	-647.3931	-815.3628	167.9697	4.424334
4674	-649.9703	-818.4055	168.4352	4.160893
4680	-648.8869	-816.9354	168.0485	4.379879
4686	-641.7473	-810.795	169.0478	3.810648
4692	-646.8581	-814.5993	167.7412	4.552935
4698	-650.9708	-817.7516	166.7808	5.088755
4704	-661.2257	-828.9997	167.774	4.534472
4710	-645.6198	-814.3342	168.7144	4.001809
4716	-641.5041	-810.0977	168.5936	4.07074
4722	-641.9236	-809.5353	167.6116	4.625631
4728	-640.0451	-808.4244	168.3794	4.192622
4734	-644.6022	-813.5961	168.994	3.841603
4740	-639.1073	-806.7723	167.665	4.595684
4746	-643.1032	-810.6392	167.536	4.667998
4752	-640.5005	-809.1755	168.675	4.024341
4758	-652.0134	-820.6883	168.675	4.024341
4764	-638.4159	-806.4455	168.0295	4.390601
4770	-640.8939	-809.1345	168.2406	4.271287
4776	-642.1217	-810.0379	167.9163	4.45445
4782	-646.3537	-814.4115	168.0579	4.374607
4788	-644.0445	-812.9134	168.8689	3.913383
4794	-650.7819	-819.8286	169.0468	3.811237
4800	-643.3029	-811.1947	167.8918	4.468254
4806	-642.4523	-810.3703	167.918	4.453485
4812	-647.1955	-814.4816	167.2861	4.807698
4818	-646.2628	-815.3591	169.0963	3.782698
4824	-637.6211	-806.0177	168.3966	4.18284
4830	-648.8265	-817.0817	168.2552	4.263036
4836	-644.3088	-811.3866	167.0778	4.923789
4842	-640.148	-808.2784	168.1304	4.333633
4848	-633.5548	-802.1113	168.5564	4.09194
4854	-638.1088	-806.0304	167.9216	4.451446
4860	-635.1527	-803.0596	167.9069	4.45974
4866	-638.1376	-805.5994	167.4618	4.70955
4872	-643.3316	-811.0735	167.7419	4.552517
4878	-644.9509	-812.617	167.6661	4.595084
4884	-646.1967	-813.4505	167.2538	4.825716
4890	-651.206	-818.8759	167.6698	4.592982
4896	-649.7873	-817.6813	167.894	4.46701
4902	-651.2851	-819.633	168.3479	4.210461
4908	-646.4612	-813.6933	167.2321	4.837797
4914	-649.7256	-817.0686	167.343	4.77592
4920	-652.6471	-819.5908	166.9437	4.998324
4926	-647.3923	-816.7956	169.4033	3.605161
4932	-649.4162	-817.337	167.9209	4.451868
4938	-637.3078	-806.3609	169.0532	3.807552
4944	-646.2915	-815.2084	168.917	3.88583
4950	-646.534	-814.7608	168.2267	4.279144
4956	-637.7057	-807.0753	169.3697	3.624699
4962	-633.5798	-801.3226	167.7429	4.551992
4968	-629.4569	-797.0788	167.6219	4.619873
4974	-643.5775	-811.9226	168.3451	4.212063
4980	-647.6793	-816.0244	168.3451	4.212063
4986	-637.9828	-806.8997	168.9168	3.885908
4992	-636.6076	-805.5244	168.9168	3.885908
4998	-650.2605	-818.2318	167.9713	4.423474
5004	-654.6128	-823.1981	168.5853	4.075486
5010	-639.9019	-808.7595	168.8576	3.919874
5016	-644.6003	-812.0281	167.4278	4.728534
5022	-642.2769	-810.0912	167.8144	4.511804
5028	-649.2795	-816.7208	167.4413	4.720997
5034	-633.3806	-801.2415	167.8609	4.485616
5040	-636.5176	-805.5054	168.9878	3.845139
5046	-635.4332	-803.2359	167.8027	4.518369
5052	-638.163	-805.9758	167.8129	4.512644
5058	-654.1912	-821.5758	167.3847	4.752662
5064	-644.2793	-812.8381	168.5588	4.090607
5070	-645.5309	-814.6967	169.1658	3.742643
5076	-651.6478	-819.337	167.6892	4.582137
5082	-645.7351	-813.771	168.0359	4.387006
5088	-647.5971	-814.6939	167.0969	4.913172
5094	-637.3763	-806.0795	168.7032	4.008212
5100	-633.4497	-800.7764	167.3267	4.78505
5106	-644.0886	-812.3479	168.2593	4.260691
5112	-640.4408	-808.7002	168.2593	4.260691
5118	-635.2737	-804.3295	169.0557	3.806068
5124	-638.8678	-806.4604	167.5926	4.636279
5130	-644.7044	-812.9762	168.2718	4.253619
5136	-647.8995	-816.1401	168.2405	4.271357
5142	-668.5851	-836.8417	168.2567	4.262198
5148	-647.0943	-815.6686	168.5743	4.081741
5154	-640.3636	-808.0896	167.726	4.56144
5160	-638.4118	-807.2345	168.8227	3.939843
5166	-643.718	-811.7738	168.0558	4.375799
5172	-648.4829	-816.6977	168.2149	4.285871
5178	-651.2684	-818.9619	167.6935	4.57973
5184	-646.9984	-815.2153	168.2169	4.284725
5190	-650.3931	-818.2441	167.8509	4.491231
5196	-646.729	-815.5436	168.8146	3.944487
5202	-646.7301	-815.1501	168.4201	4.169512
5208	-645.3805	-812.7386	167.358	4.767532
5214	-642.3823	-810.2396	167.8573	4.487645
5220	-637.4808	-806.2077	168.7269	3.994684
5226	-639.8816	-807.8721	167.9905	4.412634
5232	-640.9062	-808.9413	168.0351	4.387492
5238	-646.3205	-814.9635	168.643	4.042582
5244	-635.1449	-802.9371	167.7923	4.524241
5250	-644.9333	-813.8332	168.8999	3.895617
5256	-637.629	-806.4137	168.7848	3.961589
5262	-639.4673	-807.6551	168.1878	4.301169
5268	-647.269	-814.3714	167.1024	4.9101
5274	-631.4414	-799.7262	168.2847	4.246297
5280	-631.6115	-800.0918	168.4803	4.13526
5286	-634.1226	-802.9947	168.8721	3.911559
5292	-645.6632	-814.3014	168.6383	4.045278
5298	-633.2695	-801.3789	168.1095	4.345472
5304	-628.9158	-797.0252	168.1095	4.345472
5310	-635.2192	-803.7675	168.5483	4.096543
5316	-637.9167	-806.3529	168.4362	4.160365
5322	-645.6132	-814.0034	168.3901	4.186503
5328	-642.7631	-810.1422	167.379	4.755819
5334	-638.6821	-807.3837	168.7016	4.009122
5340	-634.5857	-803.2803	168.6946	4.013145
5346	-633.1576	-802.1653	169.0077	3.833717
5352	-657.8112	-825.7735	167.9623	4.428512
5358	-649.7584	-817.29	167.5316	4.670454
5364	-660.8732	-829.782	168.9088	3.890531
5370	-654.2578	-822.6405	168.3827	4.19074
5376	-642.1885	-811.0259	168.8374	3.931423
5382	-646.1903	-814.8856	168.6953	4.012737
5388	-659.7308	-827.3704	167.6396	4.609925
5394	-659.9833	-828.003	168.0197	4.396137
5400	-644.452	-812.9551	168.5032	4.122246
5406	-637.38	-805.133	167.7529	4.546327
5412	-642.0762	-810.4059	168.3296	4.220833
5418	-638.1263	-806.6578	168.5316	4.106098
5424	-628.9887	-797.3569	168.3682	4.198988
5430	-638.2662	-807.0732	168.807	3.948861
5436	-630.7587	-799.5144	168.7557	3.978195
5442	-649.0907	-816.2525	167.1618	4.876988
5448	-650.6536	-819.3988	168.7453	3.984166
5454	-640.8262	-808.4761	167.6499	4.604183
5460	-635.1786	-803.3195	168.1409	4.32772
5466	-646.655	-815.2693	168.6143	4.058962
5472	-643.5038	-810.6464	167.1425	4.887736
5478	-638.5809	-808.2101	169.6292	3.473662
5484	-643.1235	-811.4475	168.3239	4.224078
5490	-639.4732	-807.7971	168.3239	4.224078
5496	-635.777	-804.4573	168.6803	4.02132
5502	-627.1527	-796.1731	169.0205	3.826368
5508	-644.8553	-812.9309	168.0757	4.364576
5514	-645.5528	-813.6284	168.0757	4.364576
5520	-652.1368	-819.7907	167.6539	4.601936
5526	-633.7997	-802.3579	168.5582	4.090916
5532	-636.0933	-804.6515	168.5582	4.090916
5538	-637.4608	-805.6097	168.1489	4.323205
5544	-638.1259	-807.0247	168.8988	3.896251
5550	-639.6708	-808.3103	168.6394	4.044624
5556	-642.1005	-809.6567	167.5562	4.65667
5562	-646.9891	-815.0093	168.0202	4.395865
5568	-644.5627	-812.6333	168.0707	4.3674
5574	-647.5498	-815.3641	167.8143	4.511865
5580	-652.1532	-819.4146	167.2614	4.821471
5586	-647.7062	-815.4936	167.7874	4.526942
5592	-647.7088	-815.8142	168.1054	4.347769
5598	-634.8183	-802.9238	168.1054	4.347769
5604	-624.7471	-792.7577	168.0105	4.401323
5610	-631.9071	-800.9164	169.0092	3.832824
5616	-644.6185	-813.5659	168.9474	3.86837
5622	-639.5007	-807.557	168.0563	4.375493
5628	-640.4051	-807.7851	167.38	4.755251
5634	-632.0292	-800.6324	168.6032	4.065267
5640	-632.241	-800.3931	168.1521	4.321406
5646	-649.4245	-817.2892	167.8647	4.48349
5652	-650.0199	-818.9919	168.972	3.854222
5658	-650.3715	-818.2134	167.8419	4.496316
5664	-654.9454	-822.1321	167.1867	4.863141
5670	-648.6594	-817.3639	168.7046	4.007427
5676	-648.2322	-815.2722	167.04	4.944785
5682	-644.8668	-812.0883	167.2215	4.843708
5688	-653.6724	-822.0066	168.3342	4.218243
5694	-650.6403	-818.2477	167.6075	4.627968
5700	-660.8826	-826.817	165.9344	5.555869
5706	-652.8444	-820.6859	167.8415	4.496548
5712	-639.4983	-806.771	167.2727	4.815205
5718	-646.669	-814.8688	168.1998	4.294374
5724	-649.2975	-817.0243	167.7268	4.561009
5730	-649.0992	-816.7251	167.6258	4.617661
5736	-651.8946	-819.5204	167.6258	4.617661
5742	-654.6322	-823.02	168.3877	4.187867
5748	-643.9546	-811.9561	168.0015	4.40645
5754	-639.9327	-808.0057	168.073	4.366061
5760	-641.3846	-809.5023	168.1178	4.340793
5766	-636.2453	-804.342	168.0967	4.352685
5772	-643.1923	-812.1758	168.9836	3.847586
5778	-636.3383	-804.6982	168.3598	4.203709
5784	-651.7432	-820.3586	168.6154	4.058315
5790	-657.8066	-824.9876	167.181	4.866297
5796	-648.5459	-815.9934	167.4475	4.717524
5802	-645.7521	-813.1649	167.4128	4.736939
5808	-647.1773	-814.6666	167.4893	4.694176
5814	-647.486	-815.5689	168.0829	4.360488
5820	-643.313	-811.293	167.98	4.418543
5826	-636.2405	-804.0406	167.8002	4.519798
5832	-647.5935	-816.2881	168.6946	4.013112
5838	-640.2121	-808.64	168.4279	4.165059
5844	-641.6021	-809.6585	168.0564	4.375424
5850	-652.1179	-819.8248	167.7069	4.572165
5856	-648.1998	-815.9068	167.7069	4.572165
5862	-650.1777	-817.4538	167.2761	4.813273
5868	-649.5615	-818.0032	168.4418	4.157177
5874	-652.8214	-821.2631	168.4418	4.157177
5880	-632.0549	-800.4529	168.398	4.182053
5886	-636.6521	-804.7028	168.0507	4.378678
5892	-638.5262	-806.5691	168.0429	4.383089
5898	-647.4723	-815.1924	167.7201	4.564785
5904	-670.627	-838.3018	167.6748	4.590201
5910	-656.9559	-824.8126	167.8567	4.488002
5916	-649.6541	-817.1701	167.516	4.679213
5922	-639.3523	-807.1399	167.7876	4.526847
5928	-645.0744	-812.862	167.7876	4.526847
5934	-653.1683	-820.5859	167.4176	4.734244
5940	-653.0042	-820.8192	167.815	4.511447
5946	-648.1067	-816.289	168.1823	4.304279
5952	-633.3375	-801.526	168.1885	4.300795
5958	-637.4708	-804.5777	167.107	4.907543
5964	-634.6741	-802.9049	168.2308	4.276877
5970	-639.2568	-808.1414	168.8846	3.904419
5976	-636.3941	-803.9708	167.5767	4.645214
5982	-642.9555	-810.6802	167.7247	4.562197
5988	-644.9594	-814.1663	169.2069	3.718903
5994	-644.2093	-812.2347	168.0254	4.392914
6000	-662.3271	-829.4878	167.1607	4.877619
6006	-663.4691	-831.6571	168.1879	4.301111
6012	-656.7552	-824.6822	167.927	4.4484
6018	-653.8923	-822.3303	168.438	4.159301
6024	-638.1946	-806.4785	168.2838	4.2468
6030	-633.9211	-801.817	167.8959	4.465924
6036	-641.4001	-809.9832	168.5831	4.076731
6042	-645.7614	-813.531	167.7695	4.537004
6048	-633.3424	-801.112	167.7695	4.537004
6054	-640.3376	-808.4461	168.1085	4.346046
6060	-644.7896	-813.4889	168.6993	4.010447
6066	-634.4623	-802.2392	167.7768	4.53292
6072	-648.0056	-816.3721	168.3665	4.199949
6078	-645.1209	-813.523	168.4022	4.179672
6084	-650.2584	-817.9799	167.7215	4.564
6090	-645.5802	-813.3012	167.721	4.564261
6096	-647.3725	-814.9978	167.6253	4.61797
6102	-658.7446	-826.3205	167.5759	4.645653
6108	-662.1121	-829.5933	167.4812	4.698692
6114	-641.1937	-809.7499	168.5562	4.092064
6120	-640.2672	-809.1268	168.8596	3.918749
6126	-639.9604	-807.9506	167.9901	4.412839
6132	-636.5138	-804.3542	167.8404	4.497163
6138	-636.3279	-804.9637	168.6358	4.046676
6144	-639.6028	-807.5191	167.9163	4.454448
6150	-632.7998	-801.1242	168.3244	4.223819
6156	-639.6928	-807.6052	167.9124	4.456641
6162	-648.9379	-817.3312	168.3933	4.184731
6168	-639.0677	-806.7537	167.6859	4.583953
6174	-648.5605	-817.2483	168.6878	4.016989
6180	-648.0768	-816.0061	167.9293	4.44713
6186	-657.7284	-826.5876	168.8592	3.918938
6192	-641.373	-809.4008	168.0278	4.391577
6198	-646.9175	-814.183	167.2656	4.819161
6204	-639.7149	-806.6569	166.9419	4.99933
6210	-630.1826	-798.3143	168.1317	4.332933
6216	-639.0888	-807.5924	168.5036	4.122003
6222	-655.6119	-823.4399	167.828	4.50414
6228	-659.4626	-827.2597	167.7971	4.521522
6234	-640.3206	-809.2802	168.9596	3.861346
6240	-639.721	-809.1195	169.3985	3.607983
6246	-635.2102	-804.4236	169.2134	3.715156
6252	-647.2239	-815.6784	168.4545	4.149961
6258	-648.4397	-815.8109	167.3712	4.760187
6264	-645.4437	-813.5996	168.1559	4.319205
6270	-640.3247	-808.4205	168.0958	4.353176
6276	-643.4363	-810.8334	167.3971	4.745712
6282	-646.0283	-813.9219	167.8936	4.467252
6288	-644.7554	-812.649	167.8936	4.467252
6294	-645.9685	-815.1567	169.1882	3.729716
6300	-647.9104	-815.3271	167.4167	4.734762
6306	-661.218	-829.1836	167.9656	4.42664
6312	-637.5599	-805.3212	167.7613	4.541613
6318	-632.7696	-801.4369	168.6673	4.028708
6324	-629.8455	-798.6685	168.823	3.9397
6330	-645.925	-814.6132	168.6882	4.016779
6336	-653.516	-821.0555	167.5395	4.666063
6342	-640.6185	-808.158	167.5395	4.666063
6348	-639.0854	-807.2198	168.1343	4.331426
6354	-663.7817	-831.77	167.9882	4.413911
6360	-650.4634	-818.214	167.7506	4.547635
6366	-642.1213	-810.8876	168.7663	3.972119
6372	-649.0914	-817.5358	168.4444	4.155685
6378	-648.6582	-816.8911	168.2329	4.27566
6384	-645.8837	-814.0958	168.212	4.287469
6390	-652.9846	-820.7379	167.7532	4.54617
6396	-642.5564	-811.3392	168.7828	3.962721
6402	-635.9179	-803.8088	167.8908	4.468775
6408	-650.5258	-818.0947	167.5688	4.649621
6414	-644.8067	-813.652	168.8453	3.926937
6420	-648.5428	-815.9737	167.431	4.726766
6426	-656.9137	-824.5822	167.6685	4.593765
6432	-654.032	-822.0398	168.0078	4.40287
6438	-647.7572	-816.2179	168.4607	4.146429
6444	-654.6514	-822.7213	168.07	4.367775
6450	-660.7897	-828.7072	167.9175	4.453783
6456	-647.5036	-815.276	167.7724	4.535387
6462	-644.2642	-812.3167	168.0525	4.377646
6468	-642.4837	-810.8774	168.3937	4.184461
6474	-640.7047	-808.2981	167.5933	4.635882
6480	-654.9779	-823.4981	168.5201	4.112615
6486	-645.4117	-814.6792	169.2675	3.683878
6492	-634.9848	-803.7591	168.7743	3.967572
6498	-633.48	-801.3681	167.888	4.470365
6504	-634.6807	-803.1749	168.4941	4.127398
6510	-645.1235	-812.3243	167.2008	4.85528
6516	-652.7022	-820.6524	167.9502	4.435329
6522	-642.5029	-810.1481	167.6451	4.606841
6528	-657.0262	-824.6247	167.5985	4.632988
6534	-643.3835	-810.4356	167.052	4.938113
6540	-634.5984	-802.9577	168.3593	4.204036
6546	-636.8799	-804.5232	167.6434	4.60784
6552	-633.2815	-802.4118	169.1303	3.76313
6558	-634.4295	-802.1719	167.7425	4.552222
6564	-628.3839	-797.3735	168.9896	3.844111
6570	-635.0839	-802.8372	167.7533	4.546148
6576	-637.9081	-806.3496	168.4414	4.157381
6582	-632.8601	-801.1454	168.2853	4.245959
6588	-634.9678	-803.2531	168.2853	4.245959
6594	-639.3972	-808.145	168.7478	3.982699
6600	-641.2359	-809.7579	168.5219	4.111574
6606	-637.3759	-805.8979	168.5219	4.111574
6612	-633.9973	-802.218	168.2207	4.282595
6618	-647.7727	-815.1359	167.3633	4.764609
6624	-646.1749	-814.5147	168.3398	4.215092
6630	-641.8607	-808.8072	166.9465	4.99677
6636	-647.0774	-815.6814	168.6041	4.064787
6642	-644.4207	-812.4025	167.9818	4.417526
6648	-650.1161	-817.0947	166.9785	4.978983
6654	-648.871	-816.9549	168.0839	4.359929
6660	-634.7368	-802.8207	168.0839	4.359929
6666	-635.9866	-804.7584	168.7717	3.969044
6672	-632.7396	-801.472	168.7323	3.991564
6678	-639.3041	-807.4303	168.1262	4.335992
6684	-629.6108	-797.6039	167.993	4.411195
6690	-637.5112	-804.9304	167.4191	4.733391
6696	-632.7213	-800.718	167.9967	4.409147
6702	-640.5641	-809.7148	169.1507	3.751343
6708	-644.7777	-814.6313	169.8536	3.342153
6714	-633.5669	-801.7641	168.1972	4.29587
6720	-640.6297	-809.7443	169.1146	3.772191
6726	-632.125	-800.3951	168.2701	4.254588
6732	-641.6373	-809.1029	167.4656	4.70742
6738	-642.6724	-810.3776	167.7052	4.573127
6744	-634.0788	-801.9759	167.897	4.465298
6750	-633.2765	-801.5695	168.293	4.241604
6756	-641.2291	-809.1512	167.9221	4.451197
6762	-638.2788	-806.6102	168.3314	4.219844
6768	-650.3345	-818.1382	167.8037	4.517796
6774	-634.8299	-802.2464	167.4165	4.734891
6780	-633.6464	-802.0438	168.3974	4.182355
6786	-648.4159	-817.0778	168.6619	4.0318
6792	-645.4696	-812.4805	167.0109	4.960992
6798	-646.5049	-813.5158	167.0109	4.960992
6804	-643.5372	-810.5494	167.0122	4.960278
6810	-647.506	-815.5108	168.0048	4.40457
6816	-663.7995	-832.4418	168.6422	4.043027
6822	-647.1859	-815.0001	167.8142	4.511886
6828	-652.7053	-820.3568	167.6514	4.603307
6834	-647.939	-816.6133	168.6743	4.024726
6840	-651.3406	-820.0473	168.7067	4.006225
6846	-661.6624	-830.4193	168.7569	3.977546
6852	-647.9795	-816.0512	168.0717	4.366794
6858	-647.8165	-814.5201	166.7036	5.131531
6864	-639.8966	-807.5115	167.6149	4.6238
6870	-655.4225	-823.6695	168.247	4.267691
6876	-642.4462	-810.5124	168.0662	4.369901
6882	-645.3667	-813.2385	167.8718	4.479493
6888	-646.9808	-814.9414	167.9606	4.429487
6894	-646.8778	-814.2237	167.3459	4.77432
6900	-655.4954	-824.7041	169.2087	3.717871
6906	-647.3903	-816.8747	169.4843	3.558102
6912	-663.1138	-830.6577	167.5439	4.663573
6918	-642.8228	-810.3667	167.5439	4.663573
6924	-644.6461	-812.0016	167.3555	4.768948
6930	-659.0748	-826.6069	167.532	4.670223
6936	-643.8294	-811.5634	167.734	4.55697
6942	-644.0733	-811.415	167.3417	4.776658
6948	-649.5063	-816.5909	167.0846	4.920001
6954	-643.9727	-812.3768	168.4042	4.178533
6960	-644.7482	-813.1523	168.4042	4.178533
6966	-658.5028	-827.4288	168.926	3.880646
6972	-644.0348	-811.6685	167.6337	4.613251
6978	-655.5957	-823.9927	168.397	4.182608
6984	-650.1059	-818.5577	168.4518	4.15148
6990	-642.3018	-811.4159	169.1141	3.77244
6996	-643.5408	-812.1245	168.5837	4.076415
7002	-643.7443	-811.3732	167.6289	4.615969
7008	-640.5116	-807.8966	167.385	4.752481
7014	-627.9687	-796.3599	168.3911	4.185943
7020	-636.1178	-804.5089	168.3911	4.185943
7026	-637.3407	-804.8166	167.4759	4.701653
7032	-639.2986	-807.1444	167.8458	4.494149
7038	-643.0803	-811.0449	167.9645	4.427266
7044	-642.5278	-810.3852	167.8574	4.487587
7050	-640.8014	-808.8219	168.0205	4.395683
7056	-637.0855	-805.2142	168.1287	4.334635
7062	-637.2124	-804.25	167.0376	4.94614
7068	-643.1054	-810.143	167.0376	4.94614
7074	-631.4833	-799.5138	168.0305	4.390083
7080	-637.361	-805.5323	168.1713	4.310501
7086	-645.0062	-811.6881	166.682	5.143534
7092	-645.3528	-813.7771	168.4243	4.167106
7098	-648.183	-816.6318	168.4488	4.153171
7104	-630.3791	-798.9916	168.6125	4.059963
7110	-624.5169	-792.7836	168.2668	4.256483
7116	-638.0877	-805.4582	167.3705	4.760592
7122	-640.2162	-808.0041	167.7878	4.526734
7128	-655.2147	-823.0026	167.7878	4.526734
7134	-650.4193	-817.7221	167.3027	4.798409
7140	-649.5736	-817.1458	167.5722	4.647729
7146	-647.3427	-815.7379	168.3951	4.183683
7152	-634.3616	-802.8899	168.5283	4.107927
7158	-637.3602	-805.3681	168.0078	4.402845
7164	-633.7015	-802.3488	168.6473	4.040106
7170	-641.9652	-809.8757	167.9105	4.457705
7176	-645.2499	-812.9927	167.7428	4.552043
7182	-631.2556	-800.1511	168.8955	3.898134
7188	-641.9555	-810.1594	168.204	4.292038
7194	-641.1867	-809.195	168.0082	4.40263
7200	-639.7501	-806.9062	167.1561	4.880181
7206	-638.8092	-805.9574	167.1482	4.884589
7212	-638.7703	-806.4502	167.6799	4.587337
7218	-639.9367	-808.9911	169.0544	3.806828
7224	-635.399	-802.8274	167.4284	4.728214
7230	-657.8375	-827.4699	169.6325	3.471731
7236	-653.9938	-823.3447	169.3509	3.635583
7242	-637.861	-805.6503	167.7893	4.5259
7248	-639.6877	-807.1564	167.4687	4.705652
7254	-639.776	-807.4709	167.6949	4.578925
7260	-640.6947	-808.5243	167.8296	4.503234
7266	-638.8103	-807.2676	168.4572	4.148376
7272	-646.3201	-814.6139	168.2938	4.241145
7278	-641.2376	-809.5314	168.2938	4.241145
7284	-635.9773	-804.8323	168.855	3.921358
7290	-634.2054	-802.6139	168.4085	4.17608
7296	-626.537	-794.0901	167.5531	4.658418
7302	-630.0318	-798.1143	168.0825	4.360696
7308	-629.969	-799.2641	169.2951	3.667919
7314	-626.6013	-795.3139	168.7126	4.002834
7320	-628.3847	-797.0642	168.6795	4.02177
7326	-634.5334	-802.334	167.8005	4.519599
7332	-634.7985	-802.599	167.8005	4.519599
7338	-635.1178	-804.2895	169.1717	3.739209
7344	-647.1427	-815.4006	168.2579	4.261478
7350	-644.1655	-811.5678	167.4024	4.742768
7356	-640.6701	-809.1082	168.438	4.159295
7362	-646.5735	-813.9431	167.3696	4.761062
7368	-637.0364	-804.4061	167.3696	4.761062
7374	-635.3859	-803.921	168.535	4.104114
7380	-646.0027	-814.3735	168.3708	4.197489
7386	-645.304	-812.0204	166.7164	5.124438
7392	-657.8726	-825.7387	167.8661	4.48269
7398	-638.8604	-806.6625	167.8021	4.518684
7404	-647.5249	-815.327	167.8021	4.518684
7410	-647.3269	-815.1996	167.8727	4.479001
7416	-649.9732	-818.4797	168.5065	4.120341
7422	-644.6217	-811.8618	167.2402	4.833329
7428	-657.3337	-824.7882	167.4546	4.713584
7434	-642.5305	-809.272	166.7415	5.110549
7440	-645.7422	-814.0353	168.2931	4.241573
7446	-636.541	-804.7494	168.2084	4.289535
7452	-643.9722	-812.095	168.1228	4.337927
7458	-651.4457	-818.7273	167.2815	4.810252
7464	-641.4513	-809.75	168.2987	4.23841
7470	-642.0224	-810.1659	168.1436	4.326212
7476	-637.6409	-805.8748	168.2339	4.275108
7482	-638.0615	-804.1191	166.0576	5.488134
7488	-649.9402	-819.0534	169.1132	3.773
7494	-644.4848	-812.4275	167.9427	4.439561
7500	-652.511	-821.4384	168.9273	3.879882
7506	-643.7475	-811.8023	168.0547	4.376389
7512	-647.41	-815.6842	168.2743	4.25222
7518	-634.6095	-803.2257	168.6162	4.057864
7524	-648.6109	-815.6242	167.0133	4.959678
7530	-646.287	-815.3197	169.0327	3.819317
7536	-644.9821	-814.0149	169.0327	3.819317
7542	-639.414	-808.35	168.936	3.874907
7548	-647.9913	-816.2632	168.2719	4.253543
7554	-656.0228	-824.7716	168.7487	3.982205
7560	-644.6549	-810.7266	166.0717	5.480355
7566	-646.1369	-813.8486	167.7117	4.569467
7572	-635.597	-803.3788	167.7817	4.53015
7578	-633.5017	-801.2834	167.7817	4.53015
7584	-636.7681	-804.8796	168.1115	4.344339
7590	-635.8982	-804.2792	168.381	4.191697
7596	-635.9302	-804.3112	168.381	4.191697
7602	-650.7958	-818.594	167.7982	4.520885
7608	-653.3072	-820.7683	167.4611	4.70993
7614	-644.3804	-812.8508	168.4704	4.140879
7620	-640.7854	-809.3504	168.565	4.087061
7626	-638.1912	-805.9617	167.7705	4.536486
7632	-632.0093	-799.8674	167.8581	4.487192
7638	-636.1368	-803.4755	167.3387	4.778325
7644	-639.5915	-806.8158	167.2243	4.842178
7650	-643.2662	-811.8274	168.5611	4.08925
7656	-634.7824	-802.2454	167.463	4.708862
7662	-630.8083	-798.7968	167.9885	4.413742
7668	-636.7846	-805.1485	168.364	4.201363
7674	-627.5446	-796.3835	168.8389	3.930573
7680	-636.8118	-805.3492	168.5374	4.10277
7686	-632.8695	-801.2013	168.3318	4.219618
7692	-635.0981	-803.1955	168.0974	4.352308
7698	-633.8882	-801.0954	167.2072	4.851703
7704	-643.5585	-811.733	168.1744	4.30875
7710	-650.3567	-818.7994	168.4428	4.156616
7716	-639.4577	-808.0593	168.6016	4.06619
7722	-657.6359	-826.4637	168.8278	3.936971
7728	-643.8112	-811.0096	167.1984	4.856623
7734	-641.0398	-808.9816	167.9418	4.440064
7740	-659.7556	-827.1288	167.3732	4.759057
7746	-648.4148	-816.5057	168.0909	4.355941
7752	-659.3184	-826.3653	167.0469	4.940983
7758	-654.301	-822.554	168.2531	4.264231
7764	-658.135	-825.1942	167.0593	4.934081
7770	-645.714	-813.7314	168.0174	4.397457
7776	-642.1977	-809.5515	167.3538	4.769888
7782	-650.1822	-818.1932	168.011	4.401085
7788	-646.3213	-813.8583	167.537	4.667425
7794	-653.4455	-821.0554	167.6099	4.626594
7800	-641.3628	-809.1799	167.8172	4.510241
7806	-647.8097	-815.1977	167.388	4.750786
7812	-631.6319	-799.379	167.7472	4.549568
7818	-636.3574	-804.4462	168.0888	4.357149
7824	-643.9914	-812.7956	168.8043	3.950428
7830	-653.7063	-822.1202	168.4139	4.17301
7836	-662.0604	-829.848	167.7876	4.526861
7842	-655.0079	-822.5967	167.5887	4.638473
7848	-649.1703	-817.0151	167.8448	4.494697
7854	-648.8753	-816.6004	167.7251	4.561958
7860	-634.4103	-802.6784	168.2681	4.255721
7866	-628.4463	-796.5574	168.1111	4.344575
7872	-631.4831	-799.9458	168.4627	4.145302
7878	-632.6104	-800.658	168.0476	4.380426
7884	-636.2283	-804.7608	168.5325	4.105554
7890	-641.991	-809.491	167.5	4.688144
7896	-655.3353	-823.7768	168.4414	4.157366
7902	-640.1116	-809.0952	168.9836	3.847562
7908	-639.0814	-807.5772	168.4959	4.126418
7914	-641.4497	-809.5032	168.0535	4.377064
7920	-633.5419	-801.3673	167.8253	4.505648
7926	-640.817	-808.6855	167.8685	4.481373
7932	-644.6219	-812.3246	167.7027	4.57455
7938	-633.931	-801.9413	168.0104	4.401429
7944	-644.3333	-812.6916	168.3583	4.204553
7950	-648.5078	-816.4081	167.9003	4.46346
7956	-647.2841	-815.7389	168.4548	4.149773
7962	-652.2804	-820.3958	168.1154	4.342128
7968	-651.9615	-820.6346	168.673	4.025446
7974	-643.8429	-812.479	168.6361	4.046492
7980	-653.0036	-821.2626	168.259	4.260882
7986	-647.3076	-815.0126	167.705	4.57323
7992	-641.1107	-809.3641	168.2535	4.264021
7998	-641.7188	-809.9723	168.2535	4.264021
8004	-651.8745	-820.0879	168.2134	4.286672
8010	-666.3603	-834.3341	167.9738	4.422038
8016	-664.0027	-833.3481	169.3454	3.638743
8022	-639.6432	-808.3262	168.683	4.019779
8028	-635.7162	-803.6151	167.8988	4.464287
8034	-632.8084	-800.7822	167.9739	4.421997
8040	-627.9718	-797.1965	169.2247	3.7086
8046	-649.4948	-818.0938	168.599	4.067687
8052	-652.5468	-821.1125	168.5657	4.086657
8058	-643.7739	-810.92	167.1461	4.88573
8064	-632.8989	-800.436	167.5371	4.667396
8070	-642.5659	-811.0125	168.4466	4.154422
8076	-642.2266	-809.6504	167.4238	4.730794
8082	-636.8567	-804.7894	167.9327	4.445177
8088	-641.4568	-809.098	167.6411	4.609093
8094	-652.3155	-820.1745	167.8589	4.48673
8100	-641.3151	-809.5398	168.2247	4.280328
8106	-653.1037	-821.8422	168.7385	3.988051
8112	-655.3089	-823.5091	168.2002	4.294184
8118	-655.9678	-823.3829	167.4151	4.735657
8124	-661.8253	-829.518	167.6928	4.580124
8130	-647.7107	-816.1745	168.4638	4.144624
8136	-661.7106	-830.1875	168.4769	4.137197
8142	-653.9612	-822.04	168.0788	4.362784
8148	-650.1196	-818.5595	168.44	4.158204
8154	-649.4915	-817.805	168.3135	4.230019
8160	-658.0447	-826.3581	168.3135	4.230019
8166	-661.06	-828.8132	167.7532	4.546159
8172	-666.2078	-835.0944	168.8865	3.903284
8178	-666.1229	-833.0638	166.9409	4.999913
8184	-662.4567	-829.5499	167.0932	4.91523
8190	-656.124	-823.5985	167.4745	4.702429
8196	-656.5741	-825.4488	168.8747	3.91006
8202	-660.3539	-827.8573	167.5034	4.686248
8208	-642.1467	-810.7754	168.6286	4.05079
8214	-635.2669	-803.7644	168.4975	4.12546
8220	-636.4103	-803.7017	167.2915	4.804714
8226	-640.2366	-808.0715	167.8349	4.500281
8232	-642.0131	-809.9211	167.908	4.459143
8238	-633.3249	-801.6597	168.3349	4.217876
8244	-636.0979	-802.9522	166.8543	5.047994
8250	-641.0825	-808.5917	167.5093	4.682966
8256	-637.7792	-806.6462	168.867	3.914493
8262	-654.9078	-823.7747	168.867	3.914493
8268	-637.8792	-805.756	167.8768	4.47669
8274	-632.6502	-800.1555	167.5052	4.685238
8280	-628.078	-796.7129	168.6349	4.047217
8286	-646.6238	-815.7348	169.111	3.774241
8292	-633.3883	-801.867	168.4787	4.136197
8298	-628.1687	-795.986	167.8173	4.510175
8304	-632.3243	-801.5205	169.1961	3.725117
8310	-636.9509	-804.8922	167.9414	4.44033
8316	-638.3251	-805.4685	167.1433	4.887289
8322	-635.127	-803.1053	167.9783	4.41948
8328	-632.7122	-801.1792	168.467	4.142843
8334	-627.9275	-796.6542	168.7267	3.994812
8340	-645.9462	-813.6679	167.7218	4.563836
8346	-640.0528	-807.9585	167.9056	4.46045
8352	-641.5891	-809.9464	168.3573	4.20517
8358	-646.3796	-815.1758	168.7961	3.955087
8364	-637.49	-806.222	168.7321	3.991706
8370	-643.1912	-811.4697	168.2785	4.249854
8376	-649.6597	-817.2048	167.5451	4.662926
8382	-647.8811	-816.2629	168.3817	4.191271
8388	-646.3169	-814.6839	168.3669	4.199686
8394	-660.9328	-828.1523	167.2195	4.844836
8400	-639.5462	-808.5769	169.0306	3.820519
8406	-651.542	-819.5069	167.9649	4.427072
8412	-644.6247	-812.8549	168.2301	4.277229
8418	-634.9746	-803.5372	168.5626	4.088419
8424	-641.4783	-809.8489	168.3707	4.197561
8430	-656.9228	-825.212	168.2892	4.24378
8436	-653.2283	-821.427	168.1987	4.295014
8442	-642.3905	-811.3635	168.9729	3.853688
8448	-649.8309	-818.6551	168.8242	3.938994
8454	-643.8306	-811.7699	167.9393	4.441505
8460	-647.5281	-815.2984	167.7703	4.536577
8466	-646.3567	-814.3506	167.9938	4.410744
8472	-670.0996	-838.5062	168.4067	4.17711
8478	-655.0916	-823.4	168.3084	4.232862
8484	-652.3117	-819.9828	167.6711	4.592283
8490	-659.0646	-826.7357	167.6711	4.592283
8496	-655.6972	-824.3109	168.6138	4.059243
8502	-655.6024	-823.1151	167.5126	4.681082
8508	-646.7719	-814.9241	168.1523	4.321288
8514	-649.6587	-817.4865	167.8277	4.504288
8520	-634.8458	-803.4967	168.651	4.038045
8526	-647.9089	-815.0427	167.1339	4.89256
8532	-650.1382	-818.0494	167.9112	4.457332
8538	-656.687	-824.1993	167.5123	4.681256
8544	-647.0654	-814.3555	167.29	4.805501
8550	-649.7958	-818.2466	168.4508	4.152026
8556	-662.9973	-831.2842	168.2869	4.245068
8562	-648.4104	-816.6973	168.2869	4.245068
8568	-651.954	-820.8236	168.8696	3.912985
8574	-641.1207	-808.6533	167.5326	4.669893
8580	-660.3293	-827.9614	167.6321	4.614149
8586	-654.8864	-822.4861	167.5996	4.632354
8592	-644.5147	-812.4002	167.8855	4.471784
8598	-631.2627	-799.2254	167.9627	4.428274
8604	-643.6603	-812.7101	169.0498	3.809492
8610	-635.5376	-803.9738	168.4362	4.160327
8616	-657.9413	-826.4355	168.4942	4.12737
8622	-649.7084	-816.7022	166.9938	4.970495
8628	-644.3372	-812.9081	168.5709	4.083709
8634	-645.9878	-814.4931	168.5053	4.12105
8640	-637.3399	-805.3817	168.0417	4.383725
8646	-646.0388	-814.6103	168.5714	4.083401
8652	-635.9001	-803.467	167.5669	4.650692
8658	-641.0081	-808.6962	167.6881	4.582734
8664	-656.2042	-824.0882	167.884	4.472633
8670	-656.6464	-823.6889	167.0425	4.94341
8676	-649.4251	-817.5516	168.1265	4.335874
8682	-639.726	-807.9185	168.1925	4.298554
8688	-641.5075	-809.007	167.4995	4.688444
8694	-635.1383	-803.7137	168.5755	4.081097
8700	-655.3453	-823.1514	167.806	4.516492
8706	-650.78	-818.2141	167.4341	4.725025
8712	-652.6372	-820.9886	168.3513	4.208532
8718	-660.0962	-828.0837	167.9875	4.414309
8724	-646.2454	-814.0115	167.7661	4.538915
8730	-631.3305	-799.7646	168.434	4.161566
8736	-636.574	-804.4687	167.8947	4.466609
8742	-635.0916	-803.5109	168.4193	4.16994
8748	-625.6109	-794.0302	168.4193	4.16994
8754	-637.5597	-805.6693	168.1096	4.345417
8760	-655.3104	-824.1149	168.8045	3.950274
8766	-648.5563	-816.1494	167.5931	4.636034
8772	-639.7701	-808.1198	168.3497	4.209453
8778	-646.8101	-814.7077	167.8976	4.46495
8784	-653.4004	-821.0611	167.6608	4.598083
8790	-630.3737	-797.9559	167.5822	4.642122
8796	-636.3315	-804.8067	168.4752	4.138182
8802	-628.9145	-798.5359	169.6214	3.478212
8808	-640.9135	-808.9199	168.0064	4.403657
8814	-622.8462	-791.1572	168.311	4.231415
8820	-637.1762	-806.2852	169.1091	3.775343
8826	-632.3457	-800.1792	167.8336	4.501012
8832	-631.5753	-798.8816	167.3063	4.796414
8838	-634.2133	-801.7376	167.5244	4.674519
8844	-643.424	-811.7523	168.3283	4.221607
8850	-640.6852	-809.0135	168.3283	4.221607
8856	-633.1389	-801.4672	168.3283	4.221607
8862	-641.3565	-809.2062	167.8496	4.491974
8868	-632.1955	-801.0164	168.8209	3.940905
8874	-639.7139	-808.4428	168.7289	3.993538
8880	-631.8054	-800.6455	168.8401	3.929871
8886	-637.8232	-805.9559	168.1328	4.332306
8892	-645.7017	-813.8345	168.1328	4.332306
8898	-637.762	-805.8948	168.1328	4.332306
8904	-643.3292	-811.2671	167.9379	4.442274
8910	-639.64	-808.2302	168.5903	4.072665
8916	-641.605	-809.9559	168.3508	4.208819
8922	-643.794	-811.917	168.123	4.337821
8928	-649.0368	-817.4824	168.4455	4.155027
8934	-648.8238	-817.7009	168.8771	3.908701
8940	-645.0825	-813.1253	168.0428	4.383137
8946	-638.4352	-806.478	168.0428	4.383137
8952	-639.5843	-806.7704	167.1861	4.863466
8958	-646.3208	-813.5069	167.1861	4.863466
8964	-646.7545	-814.0369	167.2824	4.809761
8970	-648.3763	-816.3051	167.9289	4.447365
8976	-639.5639	-806.9064	167.3425	4.776195
8982	-649.6458	-816.3828	166.7371	5.112986
8988	-653.4549	-820.192	166.7371	5.112986
8994	-645.6488	-813.5485	167.8996	4.463839
9000	-649.2098	-816.1609	166.9511	4.994233
9006	-644.6195	-812.0916	167.4721	4.703782
9012	-637.5345	-804.4174	166.8829	5.032103
9018	-656.6803	-823.5632	166.8829	5.032103
9024	-640.3573	-809.2777	168.9205	3.883823
9030	-643.5661	-811.6753	168.1092	4.345649
9036	-643.2528	-811.362	168.1092	4.345649
9042	-653.3652	-821.8124	168.4472	4.154113
9048	-649.7624	-816.6271	166.8646	5.042244
9054	-642.5728	-810.6069	168.0341	4.388007
9060	-645.0183	-812.4368	167.4185	4.73375
9066	-646.2007	-813.2751	167.0744	4.925661
9072	-653.9472	-822.4599	168.5127	4.116855
9078	-641.8719	-810.4429	168.571	4.083641
9084	-633.148	-801.4864	168.3383	4.215898
9090	-631.2195	-799.2909	168.0714	4.366982
9096	-631.8325	-800.8815	169.049	3.809929
9102	-637.9263	-805.822	167.8956	4.466087
9108	-640.5621	-809.2859	168.7238	3.996444
9114	-637.3281	-805.236	167.9079	4.459192
9120	-639.2953	-807.2032	167.9079	4.459192
9126	-639.3462	-806.8634	167.5172	4.678555
9132	-629.6743	-797.8891	168.2148	4.285934
9138	-643.6834	-810.5254	166.842	5.054796
9144	-644.1533	-810.9953	166.842	5.054796
9150	-639.8453	-808.8562	169.0109	3.831862
9156	-637.8003	-806.7255	168.9252	3.881095
9162	-646.9014	-814.3916	167.4902	4.693625
9168	-639.3159	-807.1076	167.7918	4.524519
9174	-644.915	-812.5966	167.6816	4.586374
9180	-655.0403	-822.8768	167.8364	4.499399
9186	-640.9171	-809.1035	168.1864	4.301986
9192	-645.9133	-814.8767	168.9634	3.85916
9198	-642.655	-810.1676	167.5126	4.681106
9204	-645.7667	-814.1129	168.3462	4.211434
9210	-644.5019	-811.3401	166.8381	5.056968
9216	-642.9195	-811.6996	168.7801	3.964243
9222	-645.9662	-813.8396	167.8733	4.478632
9228	-649.2806	-818.2547	168.9741	3.853019
9234	-663.9638	-830.8719	166.9081	5.018139
9240	-647.8082	-816.3004	168.4922	4.128509
9246	-650.4028	-819.32	168.9172	3.885696
9252	-643.5848	-811.8584	168.2736	4.252622
9258	-641.1806	-809.4542	168.2736	4.252622
9264	-648.074	-816.907	168.833	3.933982
9270	-644.5447	-812.6276	168.0829	4.360466
9276	-658.7173	-827.058	168.3407	4.214581
9282	-670.2338	-838.916	168.6822	4.020193
9288	-649.0738	-817.6544	168.5806	4.078145
9294	-652.4963	-819.6595	167.1632	4.876214
9300	-639.3576	-806.8822	167.5246	4.674407
9306	-644.9037	-811.713	166.8093	5.072933
9312	-651.5043	-818.664	167.1597	4.878181
9318	-651.6718	-819.4965	167.8247	4.506011
9324	-653.0619	-821.1965	168.1345	4.331319
9330	-642.692	-809.6512	166.9592	4.989721
9336	-644.7793	-812.4404	167.6612	4.597861
9342	-641.5095	-808.3931	166.8836	5.031723
9348	-639.2295	-807.744	168.5145	4.115826
9354	-630.2484	-798.0222	167.7738	4.534615
9360	-636.4065	-804.8819	168.4754	4.138068
9366	-641.4316	-809.1733	167.7416	4.552679
9372	-647.405	-816.4312	169.0262	3.823089
9378	-642.7168	-811.8092	169.0923	3.78499
9384	-641.8174	-809.8448	168.0275	4.391772
9390	-641.0514	-808.9921	167.9407	4.440681
9396	-643.128	-810.5348	167.4068	4.740266
9402	-640.4782	-808.3698	167.8916	4.468341
9408	-645.763	-814.3438	168.5808	4.078041
9414	-635.557	-803.386	167.829	4.503599
9420	-622.325	-791.515	169.1901	3.728633
9426	-639.3572	-808.5472	169.1901	3.728633
9432	-633.8297	-801.497	167.6672	4.594455
9438	-636.4366	-805.1043	168.6676	4.028537
9444	-641.6434	-810.6507	169.0074	3.833907
9450	-649.5359	-818.2898	168.7539	3.979262
9456	-660.6502	-829.1171	168.4669	4.142871
9462	-655.5105	-823.9774	168.4669	4.142871
9468	-654.2014	-822.6969	168.4954	4.12665
9474	-653.9825	-820.4747	166.4922	5.248528
9480	-629.3621	-797.0496	167.6875	4.583083
9486	-644.1665	-812.6215	168.455	4.149665
9492	-642	-810.462	168.462	4.145653
9498	-645.1335	-813.4003	168.2668	4.256484
9504	-645.8728	-814.6994	168.8267	3.937589
9510	-637.8906	-805.0938	167.2033	4.853899
9516	-651.8934	-820.4277	168.5343	4.104547
9522	-653.2816	-821.8995	168.618	4.056847
9528	-656.723	-823.718	166.995	4.969831
9534	-652.303	-820.0113	167.7083	4.571391
9540	-639.6241	-807.9724	168.3483	4.210271
9546	-648.8097	-816.176	167.3663	4.762921
9552	-642.1012	-810.1866	168.0854	4.359088
9558	-645.4166	-812.5944	167.1778	4.868114
9564	-651.9215	-819.9775	168.0561	4.375637
9570	-644.7498	-813.166	168.4162	4.171697
9576	-650.6484	-818.9258	168.2775	4.250411
9582	-657.4474	-824.3529	166.9055	5.019579
9588	-656.5323	-824.207	167.6747	4.59026
9594	-640.0264	-808.0059	167.9795	4.418812
9600	-652.4301	-820.4096	167.9795	4.418812
