Iteration	Posterior	Likelihood	Prior	part_rate_trans	tree_length
0	-685.175	-856.7679	171.5929	0.6253142	1.869318
6	-693.357	-865.345	171.988	0.7046703	1.532896
12	-689.7252	-861.4707	171.7456	0.7608494	1.668341
18	-693.4858	-865.3542	171.8683	0.8017238	1.549613
24	-687.5199	-859.5073	171.9874	0.6386237	1.581957
30	-682.8128	-854.6634	171.8506	0.8663922	1.514787
36	-686.5167	-858.4526	171.9359	0.8516087	1.461659
42	-687.13	-859.0763	171.9463	0.5268248	1.692046
48	-690.3384	-861.7244	171.3861	0.7157619	1.948166
54	-680.8492	-852.6245	171.7753	0.7272744	1.671091
60	-695.9259	-867.3627	171.4368	0.9421322	1.75837
66	-698.9041	-870.8219	171.9179	1.354041	1.057781
72	-695.8219	-867.7369	171.915	1.098192	1.284078
78	-697.3464	-869.5049	172.1585	0.8030447	1.325916
84	-692.8658	-864.8402	171.9745	0.8378634	1.442753
90	-677.0349	-848.913	171.8782	0.9807401	1.406873
96	-675.692	-847.5624	171.8704	0.8334342	1.524603
102	-682.3358	-854.0042	171.6684	0.8637605	1.649961
108	-686.7022	-858.3826	171.6804	0.8516981	1.649961
114	-681.3446	-853.3534	172.0089	0.8516981	1.405596
120	-693.0364	-864.763	171.7266	0.7525106	1.687819
126	-690.09	-862.0058	171.9158	0.7451211	1.55639
132	-685.5334	-857.3617	171.8283	0.8325799	1.55639
138	-681.3478	-853.1329	171.7851	1.097682	1.388318
144	-692.0335	-864.1797	172.1462	1.00111	1.17085
150	-688.6015	-860.7171	172.1155	1.014263	1.186062
156	-689.0965	-861.0311	171.9346	1.014263	1.336117
162	-708.0977	-879.9958	171.8981	0.8845729	1.465377
168	-687.6812	-859.5165	171.8353	1.106139	1.341976
174	-680.6399	-852.7971	172.1573	0.8920647	1.254242
180	-684.1222	-855.6864	171.5642	1.00818	1.620958
186	-685.5253	-857.5207	171.9953	0.9516899	1.337554
192	-672.1406	-844.1572	172.0166	0.9120184	1.352227
198	-685.9337	-858.0239	172.0901	0.9838238	1.233652
204	-686.7002	-858.4562	171.756	0.9838238	1.497668
210	-692.9589	-864.7351	171.7762	0.6161778	1.748969
216	-695.253	-866.7081	171.4551	0.8800209	1.788902
222	-699.3676	-871.0574	171.6897	1.192019	1.38909
228	-706.7602	-878.7681	172.0078	0.9895917	1.296917
234	-697.7505	-869.9611	172.2105	1.152037	0.9682015
240	-688.7049	-860.566	171.8611	1.138009	1.295546
246	-691.9743	-864.1322	172.1579	0.8412503	1.295546
252	-703.0736	-874.8575	171.7838	0.9389969	1.510436
258	-682.9421	-854.7476	171.8055	0.64556	1.707671
264	-696.7224	-868.3133	171.5909	0.8601478	1.707671
270	-688.1614	-860.0928	171.9314	1.020292	1.333815
276	-687.8001	-859.893	172.093	0.7975496	1.382242
282	-680.6782	-852.4423	171.7642	0.5522451	1.80185
288	-691.2232	-862.8555	171.6323	0.7513831	1.755054
294	-691.1714	-863.03	171.8585	0.6852133	1.641596
300	-684.4072	-856.3956	171.9884	0.677796	1.552483
306	-687.7452	-859.7291	171.9839	0.5860932	1.622718
312	-690.1939	-862.2007	172.0067	0.8150764	1.435479
318	-677.4512	-849.2557	171.8045	0.7119836	1.661156
324	-688.0922	-859.8462	171.754	0.7419857	1.675785
330	-684.3729	-856.1269	171.754	0.7419857	1.675785
336	-680.5319	-852.2325	171.7006	0.7419857	1.713691
342	-687.6244	-859.4413	171.8169	0.7419857	1.630717
348	-685.1474	-857.1264	171.979	0.7254946	1.524077
354	-680.666	-852.6106	171.9445	0.866852	1.443488
360	-695.2675	-866.8341	171.5665	1.103765	1.54944
366	-694.5329	-866.3627	171.8298	0.7300605	1.630013
372	-694.5895	-866.2816	171.6922	0.7416734	1.719839
378	-681.1868	-853.0497	171.8629	0.6196139	1.685412
384	-684.4774	-856.0231	171.5457	0.9367567	1.685412
390	-684.1126	-855.8374	171.7248	0.9176046	1.56999
396	-689.3385	-861.1264	171.7879	0.8527792	1.571217
402	-697.7889	-869.3548	171.5658	0.8527792	1.730551
408	-690.9694	-862.4649	171.4955	0.6236704	1.936492
414	-676.5412	-848.3194	171.7782	0.7291025	1.66769
420	-684.1669	-855.809	171.6421	0.8652448	1.66769
426	-681.3872	-853.4922	172.105	0.8196853	1.355337
432	-688.5043	-860.5176	172.0133	0.7416163	1.486369
438	-684.7518	-856.9036	172.1518	0.7095544	1.404979
444	-686.914	-858.6114	171.6974	0.6525428	1.77857
450	-688.7664	-860.5474	171.781	0.735949	1.660832
456	-674.9001	-846.795	171.8949	0.9206598	1.44027
462	-679.356	-851.4431	172.0871	0.9206598	1.288521
468	-679.9458	-852.0227	172.077	0.9307739	1.288521
474	-686.1179	-857.8382	171.7204	0.8500375	1.622379
480	-685.2242	-857.1296	171.9055	0.8500375	1.485889
486	-688.8988	-860.9548	172.056	0.6995114	1.485889
492	-695.4635	-867.2999	171.8363	1.001104	1.423466
498	-689.9455	-861.6052	171.6597	0.9585824	1.587626
504	-688.5677	-860.7667	172.199	0.7351159	1.347842
510	-685.9635	-857.8313	171.8678	1.348269	1.109609
516	-680.8405	-852.61	171.7695	0.9718228	1.496552
522	-687.9027	-859.5284	171.6257	1.007514	1.576713
528	-690.4468	-862.6983	172.2515	0.6304819	1.388879
534	-694.5246	-866.2872	171.7625	0.8762428	1.572617
540	-687.6371	-859.3191	171.682	0.9317534	1.590913
546	-682.8261	-854.4285	171.6024	0.7995035	1.742264
552	-686.7351	-858.6813	171.9461	0.8680147	1.441368
558	-684.4011	-856.2625	171.8613	0.9528082	1.441368
564	-688.9902	-860.953	171.9628	0.7202342	1.540014
570	-677.341	-849.2196	171.8786	0.8044654	1.540014
576	-680.1479	-852.0343	171.8864	0.7616333	1.565869
582	-690.211	-862.1667	171.9557	0.8933801	1.414473
588	-696.7995	-868.6412	171.8417	1.076418	1.360525
594	-687.0854	-859.1044	172.019	1.042644	1.243997
600	-686.7793	-858.8542	172.0749	1.042644	1.196578
606	-693.1047	-864.9286	171.8239	0.8374294	1.556058
612	-684.9636	-856.6891	171.7255	0.8773691	1.598867
618	-687.9749	-859.5683	171.5934	0.6796966	1.831736
624	-681.0607	-852.6012	171.5404	0.7666586	1.808295
630	-687.5591	-859.4422	171.8831	0.5401556	1.727301
636	-690.4307	-862.0572	171.6265	0.5462715	1.900247
642	-683.8423	-855.9499	172.1076	0.7861089	1.37972
648	-666.467	-838.1932	171.7262	0.9276021	1.561583
654	-680.6071	-852.4968	171.8896	0.7641748	1.561583
660	-689.5084	-861.3981	171.8896	0.7641748	1.561583
666	-684.1962	-855.8654	171.6692	0.8210336	1.679877
672	-692.3882	-864.0004	171.6122	0.7079317	1.799264
678	-677.4222	-848.9941	171.5719	0.7079317	1.827105
684	-673.6476	-845.5317	171.884	0.7451675	1.579633
690	-684.2925	-856.1458	171.8533	0.7898682	1.569411
696	-676.084	-847.9424	171.8584	0.7296945	1.609559
702	-692.7764	-864.6899	171.9135	0.6938259	1.595588
708	-700.1502	-871.9656	171.8154	0.8187462	1.576051
714	-701.6117	-873.3065	171.6948	0.8806256	1.61874
720	-681.6268	-853.3806	171.7537	1.022161	1.470505
726	-676.8733	-848.5165	171.6431	0.7562359	1.744073
732	-700.1359	-872.1561	172.0202	0.5734578	1.605571
738	-706.1956	-877.9821	171.7865	1.108756	1.378514
744	-695.7792	-867.2647	171.4855	0.8643388	1.778634
750	-690.5392	-862.5377	171.9985	0.8656563	1.402773
756	-693.6308	-865.604	171.9732	0.7554667	1.506031
762	-677.8055	-849.2057	171.4003	0.7076838	1.944063
768	-674.0331	-845.7545	171.7214	0.5333593	1.844329
774	-690.9106	-862.4653	171.5547	0.8457853	1.743317
780	-686.213	-858.1972	171.9842	0.5695202	1.634445
786	-689.0653	-860.7362	171.6709	1.130173	1.451377
792	-683.6879	-855.4757	171.7878	0.8287851	1.588843
798	-675.0839	-847.0139	171.93	0.8362782	1.477798
804	-688.0293	-860.1833	172.154	0.8054469	1.327599
810	-680.3045	-852.1995	171.8951	0.9940952	1.383305
816	-682.2035	-854.1926	171.9891	0.9922661	1.309952
822	-683.6557	-855.3457	171.69	0.7677935	1.702925
828	-684.816	-856.6029	171.7869	1.176573	1.324383
834	-684.3656	-856.0543	171.6887	0.754514	1.713205
840	-688.2	-860.0047	171.8047	0.7728437	1.617197
846	-687.3348	-859.0678	171.7329	0.6630195	1.746476
852	-685.9308	-857.9606	172.0298	0.6745539	1.524219
858	-689.4866	-861.3368	171.8503	0.612414	1.699435
864	-688.6768	-860.3897	171.7129	0.7865419	1.673323
870	-686.9394	-858.7787	171.8392	0.6654845	1.669572
876	-696.2005	-867.6564	171.4559	0.9110613	1.766718
882	-682.7933	-854.3731	171.5798	0.7871569	1.766718
888	-678.6134	-850.5719	171.9584	0.6678608	1.581764
894	-688.503	-860.3772	171.8741	0.5071111	1.756748
900	-681.0587	-852.8877	171.829	0.7022304	1.650607
906	-683.5502	-855.6533	172.1031	0.5617551	1.553425
912	-687.7757	-859.8684	172.0926	0.7299988	1.434849
918	-700.444	-872.7263	172.2823	0.9370076	1.106688
924	-677.7025	-849.5845	171.882	1.168034	1.253681
930	-674.1914	-846.3489	172.1575	0.9611205	1.195683
936	-682.5885	-854.4581	171.8696	1.052765	1.35714
942	-702.0173	-873.9531	171.9358	0.9680171	1.371793
948	-693.6719	-865.7061	172.0341	0.9306729	1.323297
954	-689.492	-861.2791	171.7871	0.9408861	1.506554
960	-691.2248	-863.2101	171.9853	0.9408861	1.354164
966	-682.3512	-854.312	171.9608	0.8771518	1.423096
972	-685.8567	-857.7707	171.914	0.9239028	1.423096
978	-682.3524	-854.1952	171.8428	0.7157458	1.630933
984	-682.9779	-855.2364	172.2585	0.8233026	1.227057
990	-680.5081	-852.3672	171.8591	0.8518776	1.519286
996	-681.4571	-853.272	171.8149	0.8518776	1.552039
1002	-687.5921	-859.6599	172.0678	1.0203	1.221718
1008	-674.5709	-846.3844	171.8136	1.004532	1.438315
1014	-675.8665	-847.8247	171.9582	0.768697	1.507393
1020	-688.7513	-860.5942	171.8429	0.8045326	1.5663
1026	-688.9243	-860.686	171.7617	0.8126128	1.619577
1032	-673.5259	-845.4579	171.9319	0.8126128	1.494139
1038	-672.3993	-844.4728	172.0736	0.7521579	1.432494
1044	-684.831	-856.8434	172.0123	0.7521579	1.479122
1050	-684.4013	-856.6933	172.292	0.5076003	1.452512
1056	-688.4167	-859.8296	171.4129	0.699862	1.940804
1062	-681.8822	-853.6758	171.7936	0.7707865	1.626738
1068	-682.7989	-854.7916	171.9928	0.6578378	1.563945
1074	-692.602	-864.6791	172.0771	0.6416738	1.513422
1080	-691.1326	-862.7952	171.6625	0.7367918	1.744094
1086	-680.2591	-851.3846	171.1254	0.7448901	2.101901
1092	-672.5305	-844.5768	172.0463	0.8283714	1.394627
1098	-682.1629	-854.0408	171.8779	0.7687857	1.566792
1104	-691.5163	-863.2015	171.6851	0.5887036	1.831215
1110	-685.6967	-857.8943	172.1976	0.7938482	1.301785
1116	-689.361	-861.1902	171.8293	1.020784	1.413741
1122	-703.9156	-874.9475	171.0318	0.8464556	2.09667
1128	-700.1526	-871.9616	171.8089	0.833727	1.56979
1134	-683.3085	-855.5714	172.2629	0.7827642	1.257314
1140	-678.207	-849.9294	171.7223	0.9148309	1.573798
1146	-689.6532	-861.1712	171.518	0.7146927	1.859405
1152	-694.7942	-866.3282	171.534	0.9830612	1.660737
1158	-696.9209	-868.4081	171.4872	0.6359946	1.933782
1164	-708.6111	-879.7565	171.1454	0.7211374	2.104409
1170	-716.6415	-888.1827	171.5412	0.7838999	1.795797
1176	-704.6788	-875.9478	171.269	0.6387487	2.077307
1182	-698.4193	-870.5916	172.1723	0.5716908	1.494556
1188	-695.9924	-867.9712	171.9788	0.9427965	1.357778
1194	-688.9896	-860.7482	171.7586	0.8876268	1.56714
1200	-689.0293	-860.8386	171.8093	0.8852638	1.531492
1206	-704.3458	-876.0342	171.6883	1.006216	1.531492
1212	-692.3732	-864.3372	171.9641	0.7418647	1.523033
1218	-681.0778	-853.0703	171.9925	0.7418647	1.501808
1224	-681.105	-852.6222	171.5173	0.8936586	1.735954
1230	-683.4509	-855.4821	172.0311	0.8948066	1.354337
1236	-676.7352	-848.5759	171.8407	0.8948066	1.500905
1242	-683.2224	-854.8842	171.6618	0.8345576	1.675537
1248	-695.7145	-867.6798	171.9653	0.6937592	1.557742
1254	-686.4489	-858.4645	172.0157	0.8039965	1.437143
1260	-681.0114	-852.9365	171.9251	0.6920853	1.588433
1266	-682.1828	-854.1323	171.9496	0.724285	1.546809
1272	-688.8631	-860.2545	171.3914	0.7591642	1.915297
1278	-691.2309	-862.5146	171.2837	0.6467752	2.062306
1284	-695.8926	-867.3907	171.4981	0.7547989	1.845574
1290	-692.893	-864.5902	171.6972	0.9894103	1.537346
1296	-695.0288	-866.7785	171.7497	0.8236063	1.620263
1302	-685.5126	-857.3146	171.8019	0.6681298	1.694217
1308	-685.9563	-857.6435	171.6872	0.6338259	1.798668
1314	-686.0102	-858.1786	172.1685	0.5728995	1.496514
1320	-678.3651	-850.3324	171.9674	0.7108737	1.543578
1326	-682.4452	-854.2953	171.8501	0.8281745	1.543578
1332	-691.5487	-863.3678	171.8191	0.747476	1.625157
1338	-688.554	-860.04	171.4859	0.719353	1.878154
1344	-688.3364	-860.214	171.8776	0.5272792	1.740237
1350	-677.8742	-849.8825	172.0083	0.7403491	1.49109
1356	-679.1522	-851.416	172.2637	0.5527608	1.439579
1362	-682.1397	-854.1619	172.0222	0.6289104	1.563571
1368	-674.6433	-846.5654	171.9221	0.740183	1.555325
1374	-678.9417	-850.7038	171.7621	0.4838091	1.850363
1380	-677.9934	-849.5957	171.6022	0.5913521	1.886121
1386	-683.0822	-854.6682	171.5859	1.200754	1.462302
1392	-684.1307	-855.9212	171.7904	0.8965482	1.537094
1398	-674.6635	-846.751	172.0876	0.8084256	1.377938
1404	-688.126	-860.0061	171.8801	0.7153952	1.604177
1410	-693.3852	-865.5251	172.1399	0.7153952	1.40966
1416	-700.9594	-872.7015	171.7421	0.861533	1.598311
1422	-690.0169	-861.6849	171.668	0.8015877	1.694561
1428	-675.4934	-847.1447	171.6513	0.5379722	1.889063
1434	-683.2934	-855.3076	172.0142	0.9330451	1.337359
1440	-686.1415	-858.2101	172.0686	0.8307125	1.375317
1446	-688.3284	-859.7091	171.3807	0.6765571	1.978108
1452	-688.7376	-860.7473	172.0098	0.6069858	1.588745
1458	-691.7424	-863.4676	171.7251	0.6498542	1.761115
1464	-681.5482	-853.3905	171.8423	0.5326783	1.761115
1470	-674.2958	-846.2482	171.9524	0.6847904	1.573784
1476	-685.5837	-857.4754	171.8917	0.7854284	1.544391
1482	-691.9846	-863.886	171.9014	0.7543616	1.560152
1488	-692.4976	-864.3086	171.811	0.814615	1.58228
1494	-686.2581	-858.2228	171.9647	0.6668261	1.577939
1500	-691.6006	-863.3349	171.7343	0.6496036	1.754912
1506	-696.7999	-868.6264	171.8265	0.7476668	1.619664
1512	-688.5377	-860.5823	172.0446	0.9040485	1.336245
1518	-682.371	-854.4066	172.0356	0.6272227	1.554932
1524	-686.4524	-858.2617	171.8093	0.6067974	1.732301
1530	-687.0792	-859.0607	171.9815	0.4776999	1.701942
1536	-683.5179	-855.3626	171.8447	0.8669664	1.518787
1542	-687.7703	-859.4277	171.6574	0.821154	1.688166
1548	-696.0319	-868.0332	172.0013	0.8485835	1.413896
1554	-687.3191	-859.3694	172.0504	0.9126736	1.324715
1560	-695.7513	-867.3032	171.5519	0.7689702	1.798735
1566	-697.5006	-869.3451	171.8444	0.8584912	1.525257
1572	-697.6936	-869.3236	171.6301	0.8405066	1.693842
1578	-696.0702	-867.6378	171.5676	0.6213012	1.889277
1584	-691.2704	-863.5417	172.2714	0.9877306	1.069837
1590	-696.7222	-868.7139	171.9917	0.8314274	1.434496
1596	-688.4131	-860.1662	171.7532	0.8314274	1.612126
1602	-685.5595	-857.521	171.9615	0.9867291	1.336572
1608	-677.1528	-849.1673	172.0145	1.039402	1.250408
1614	-676.5648	-848.5947	172.03	0.8899259	1.359113
1620	-683.579	-855.5384	171.9594	0.7798802	1.498098
1626	-686.2847	-858.001	171.7163	0.599248	1.802451
1632	-685.877	-857.6399	171.7629	0.6123276	1.760971
1638	-677.4296	-849.31	171.8804	0.6936125	1.619797
1644	-680.8595	-852.7205	171.861	0.8964742	1.484424
1650	-676.243	-847.9702	171.7271	0.8637707	1.607534
1656	-685.0099	-856.7341	171.7242	0.9483646	1.547784
1662	-681.4871	-853.3438	171.8568	0.9174247	1.471778
1668	-672.4678	-844.418	171.9502	1.040767	1.30218
1674	-684.045	-856.2378	172.1928	0.7981848	1.30218
1680	-685.8171	-857.529	171.7119	0.7582175	1.694166
1686	-685.2967	-856.9655	171.6688	0.4918892	1.908473
1692	-694.2182	-865.8889	171.6707	0.6951654	1.767488
1698	-684.7757	-856.3519	171.5762	0.7126752	1.820842
1704	-682.0364	-853.9634	171.927	1.087844	1.282666
1710	-683.3733	-855.4715	172.0982	0.6394503	1.499345
1716	-682.5428	-854.4208	171.878	0.7541439	1.577513
1722	-675.2858	-847.1834	171.8976	0.9877587	1.386285
1728	-675.7742	-847.6323	171.8581	0.9066823	1.478908
1734	-674.387	-846.3739	171.987	0.7187538	1.523192
1740	-683.5108	-855.3589	171.8481	0.6547607	1.670863
1746	-680.4259	-851.8958	171.4699	1.011269	1.686364
1752	-671.9185	-843.8115	171.893	0.7001624	1.605924
1758	-681.6709	-853.4611	171.7902	0.6552632	1.711629
1764	-682.4616	-854.2695	171.8079	0.671539	1.687571
1770	-681.2079	-852.9944	171.7865	0.7954186	1.614059
1776	-698.7705	-870.4998	171.7294	0.8525502	1.614059
1782	-700.5402	-872.27	171.7298	0.703836	1.71997
1788	-677.4973	-849.6162	172.1189	0.703836	1.434785
1794	-686.011	-857.8846	171.8736	0.9491111	1.434785
1800	-684.8779	-856.9214	172.0435	1.03444	1.230315
1806	-685.7868	-857.6654	171.8785	0.7777447	1.559781
1812	-697.9129	-869.9316	172.0187	0.7376717	1.485244
1818	-705.0642	-876.9231	171.8589	0.8038752	1.555014
1824	-687.3489	-859.3091	171.9603	0.6537412	1.590747
1830	-697.4263	-869.021	171.5947	0.8166504	1.73568
1836	-690.781	-862.5634	171.7825	0.7004839	1.685071
1842	-689.4292	-861.417	171.9879	0.5373304	1.654908
1848	-697.6621	-868.9645	171.3024	0.7069881	2.009991
1854	-701.9134	-873.6827	171.7692	0.9256988	1.5312
1860	-703.0499	-874.9757	171.9257	0.5729028	1.673899
1866	-691.7018	-863.4509	171.7492	0.7639456	1.663575
1872	-678.9318	-850.9443	172.0124	0.7639456	1.470129
1878	-679.6352	-851.3326	171.6974	0.532775	1.861178
1884	-688.9542	-860.1272	171.173	0.6426475	2.137671
1890	-687.1664	-858.8514	171.6851	0.6426475	1.793997
1896	-690.9688	-862.107	171.1382	0.5716345	2.20641
1902	-686.5929	-858.3197	171.7268	0.6864639	1.734323
1908	-682.3064	-854.1669	171.8605	0.7018793	1.628178
1914	-697.1806	-869.0976	171.917	0.9035618	1.436467
1920	-688.1247	-860.2049	172.0802	0.8697146	1.335209
1926	-685.9461	-857.6377	171.6916	0.7656858	1.703295
1932	-688.0641	-860.0031	171.9389	0.8542361	1.457374
1938	-695.8378	-867.7083	171.8705	1.013844	1.387084
1944	-690.0153	-861.7414	171.7261	0.6826201	1.737517
1950	-699.2087	-870.8505	171.6418	1.08877	1.504628
1956	-685.6856	-857.4566	171.771	0.8235754	1.604882
1962	-680.3303	-851.9949	171.6646	0.8872997	1.635751
1968	-675.9454	-847.6818	171.7363	0.9272617	1.554383
1974	-688.7437	-859.7623	171.0186	0.6399265	2.239495
1980	-690.2413	-861.857	171.6157	0.7042177	1.799435
1986	-694.9708	-867.1145	172.1437	0.8467041	1.302642
1992	-701.1612	-872.6958	171.5346	1.392016	1.353822
1998	-697.3619	-869.4121	172.0502	0.9879704	1.263492
2004	-698.1103	-870.0028	171.8925	1.212523	1.207303
2010	-675.0778	-847.1558	172.078	0.8173539	1.378454
2016	-682.597	-854.3562	171.7592	0.9306654	1.534965
2022	-688.5459	-859.9612	171.4153	0.8669523	1.825407
2028	-679.1743	-851.0093	171.835	0.8643157	1.527954
2034	-686.2842	-858.0084	171.7241	0.7749501	1.673589
2040	-697.8639	-869.5428	171.6789	0.7450148	1.72681
2046	-683.9186	-855.4704	171.5518	0.6293771	1.894548
2052	-689.0397	-860.8182	171.7785	0.8766196	1.560612
2058	-697.2346	-869.0582	171.8237	0.8136665	1.57369
2064	-695.4288	-867.2732	171.8444	0.7571886	1.599781
2070	-694.5945	-865.7003	171.1057	0.3410421	2.374689
2076	-692.6814	-864.2567	171.5753	0.5066904	1.961518
2082	-689.799	-861.8717	172.0726	0.6477804	1.512217
2088	-678.1673	-849.8138	171.6465	0.5065768	1.913594
2094	-679.6177	-851.2787	171.661	0.7252636	1.753215
2100	-681.116	-852.756	171.64	0.7252636	1.767896
2106	-691.2501	-862.9358	171.6857	0.6444653	1.792312
2112	-674.6317	-846.3893	171.7576	0.5726141	1.792312
2118	-677.521	-849.2646	171.7436	0.7478499	1.679034
2124	-684.3319	-856.5728	172.2408	0.6837295	1.355433
2130	-677.9379	-849.6737	171.7358	0.8167999	1.635226
2136	-677.8768	-849.6847	171.808	0.6937395	1.671709
2142	-670.5771	-842.2872	171.7101	0.6937395	1.740926
2148	-671.5835	-843.5354	171.9519	0.8548515	1.447004
2154	-678.8394	-851.2111	172.3717	0.8225672	1.129304
2160	-677.11	-849.1152	172.0051	0.9486681	1.332137
2166	-685.9216	-857.7842	171.8627	0.8655878	1.506373
2172	-693.9932	-866.1745	172.1813	0.850603	1.268677
2178	-689.7739	-861.4693	171.6953	0.9302649	1.582268
2184	-702.8663	-874.4733	171.607	0.9302649	1.646258
2190	-679.2029	-850.649	171.446	0.8157208	1.839513
2196	-683.7752	-855.9041	172.129	0.7185137	1.415723
2202	-692.2766	-864.031	171.7545	1.058109	1.44256
2208	-699.1882	-871.332	172.1438	0.6823231	1.432214
2214	-682.1535	-853.9142	171.7607	0.5923888	1.776377
2220	-695.5683	-867.4004	171.8321	0.8880399	1.512448
2226	-696.8654	-868.2971	171.4317	1.009654	1.71454
2232	-688.131	-859.5695	171.4385	0.7576071	1.884417
2238	-668.2232	-839.9234	171.7003	0.6251531	1.795611
2244	-683.0943	-854.6841	171.5898	0.7356121	1.795611
2250	-687.542	-859.5014	171.9594	0.713807	1.547319
2256	-689.3374	-861.2655	171.9281	0.7017046	1.579177
2262	-690.5029	-862.3504	171.8474	0.5219417	1.765031
2268	-689.498	-861.1183	171.6203	1.017145	1.573622
2274	-693.5235	-864.9557	171.4323	0.5345605	2.038274
2280	-693.369	-865.0281	171.659	0.850169	1.666355
2286	-687.8936	-860.1287	172.2351	0.979784	1.110656
2292	-694.7691	-866.2482	171.479	0.868205	1.780465
2298	-688.1093	-859.8547	171.7454	0.8789728	1.58316
2304	-675.8649	-847.8916	172.0268	0.6470177	1.54685
2310	-681.9563	-853.601	171.6447	1.133726	1.468604
2316	-680.2888	-852.3522	172.0634	0.569773	1.576727
2322	-680.6961	-852.2235	171.5274	0.8302882	1.773203
2328	-687.1308	-858.9247	171.7939	1.055459	1.4143
2334	-687.4869	-859.447	171.9601	0.5397907	1.673015
2340	-699.4286	-871.0171	171.5885	0.7179714	1.808706
2346	-689.2085	-860.9588	171.7503	0.8587594	1.594349
2352	-698.3911	-870.6948	172.3037	0.7441907	1.255448
2358	-703.8404	-875.3033	171.4629	0.6193502	1.961319
2364	-708.0069	-879.3814	171.3745	0.5784451	2.047478
2370	-695.1917	-866.9839	171.7921	0.7155113	1.667465
2376	-688.5609	-860.4695	171.9086	0.8927369	1.451178
2382	-681.5115	-853.0596	171.548	0.9390355	1.682155
2388	-688.0967	-859.807	171.7104	0.7908407	1.67207
2394	-681.9957	-854.1063	172.1107	0.5779821	1.535852
2400	-685.3007	-856.8526	171.5519	0.5394864	1.955221
2406	-683.3696	-855.4714	172.1018	0.6721604	1.471923
2412	-684.7893	-856.8685	172.0792	0.6721604	1.48904
2418	-678.4044	-850.1741	171.7697	0.7389938	1.666718
2424	-677.4346	-849.4368	172.0022	0.7919785	1.456625
2430	-678.7869	-850.4605	171.6736	0.9236479	1.60294
2436	-680.4823	-852.04	171.5577	0.8967211	1.7053
2442	-677.1664	-848.5634	171.397	0.5093398	2.078245
2448	-677.6157	-849.0743	171.4586	0.5808204	1.990011
2454	-696.6953	-868.1995	171.5042	0.5974997	1.948287
2460	-679.2476	-851.0409	171.7932	0.7432975	1.646787
2466	-679.0902	-850.8079	171.7177	0.5552911	1.831794
2472	-689.166	-860.9565	171.7905	0.6084921	1.744328
2478	-679.5017	-851.5056	172.0039	0.8111191	1.440691
2484	-690.4893	-862.2078	171.7186	0.8111191	1.651696
2490	-690.3111	-861.9256	171.6145	0.6092635	1.865526
2496	-689.6688	-861.592	171.9232	0.7231014	1.567123
2502	-678.6231	-850.2514	171.6283	0.889618	1.660126
2508	-672.7691	-844.3585	171.5894	0.7811599	1.764197
2514	-672.8472	-844.6053	171.7581	0.8528519	1.592955
2520	-678.6474	-850.5328	171.8854	0.9504931	1.424666
2526	-676.9968	-849.1479	172.1511	0.8789928	1.270196
2532	-678.4188	-850.3649	171.9462	1.084054	1.270064
2538	-675.622	-847.7237	172.1017	0.7980242	1.375005
2544	-680.6024	-852.3559	171.7535	0.6185473	1.763203
2550	-697.4569	-869.2569	171.7999	1.053422	1.411178
2556	-685.2518	-857.228	171.9762	0.9746441	1.334508
2562	-696.0394	-868.0084	171.969	0.9882017	1.329433
2568	-685.3886	-857.3647	171.9762	0.983828	1.327176
2574	-682.8583	-854.5682	171.71	0.5418473	1.846327
2580	-690.4844	-862.4489	171.9645	0.6920631	1.559527
2586	-687.7976	-859.3231	171.5256	0.73167	1.842613
2592	-693.1078	-864.9341	171.8263	0.73167	1.631344
2598	-682.0892	-853.7656	171.6764	0.8815652	1.631344
2604	-689.9592	-862.1126	172.1534	0.8815652	1.266122
2610	-690.3062	-862.4221	172.1159	0.9966205	1.200893
2616	-691.0757	-862.9181	171.8424	0.7646128	1.595862
2622	-679.8206	-851.7864	171.9658	0.7189112	1.538753
2628	-688.842	-860.7378	171.8958	0.7045192	1.600704
2634	-672.1663	-844.3036	172.1373	0.7598022	1.37707
2640	-677.9913	-850.0297	172.0384	0.9092879	1.337044
2646	-677.1903	-849.025	171.8347	0.9350401	1.475189
2652	-687.0685	-859.1439	172.0754	1.132824	1.11673
2658	-690.0258	-861.7412	171.7154	1.132824	1.415122
2664	-681.6568	-853.625	171.9683	0.7062937	1.546301
2670	-681.9066	-853.959	172.0524	0.6408881	1.532421
2676	-690.8084	-862.3274	171.519	0.6513935	1.901855
2682	-683.9288	-856.0939	172.165	0.8776433	1.259762
2688	-679.2345	-851.2081	171.9736	0.5212546	1.676565
2694	-681.857	-853.5454	171.6884	0.8065041	1.676565
2700	-685.6493	-857.5054	171.856	0.5369625	1.748523
2706	-688.5856	-860.3316	171.7461	0.663394	1.73698
2712	-684.8831	-856.9128	172.0297	0.7273084	1.484768
2718	-678.8722	-850.5679	171.6956	0.7273084	1.727501
2724	-686.8664	-858.6659	171.7995	0.7273084	1.653793
2730	-684.5317	-856.1046	171.5728	0.7716212	1.782381
2736	-676.7657	-848.6605	171.8948	0.7848495	1.542509
2742	-684.135	-856.1093	171.9743	0.7682183	1.495695
2748	-708.0365	-879.9876	171.9512	0.7913173	1.495695
2754	-698.7266	-870.5349	171.8083	0.8521117	1.556731
2760	-692.3255	-864.3054	171.9799	0.6604356	1.571493
2766	-688.8632	-860.4955	171.6323	0.8026586	1.719039
2772	-683.4195	-854.8428	171.4233	0.6491544	1.967872
2778	-693.1204	-864.7605	171.6401	0.7662673	1.739163
2784	-687.9644	-859.9447	171.9804	0.6935142	1.546773
2790	-671.1638	-842.5519	171.3881	0.6040269	2.021528
2796	-671.6338	-843.4791	171.8453	0.7329758	1.616692
2802	-680.4074	-852.1375	171.7301	1.083206	1.442014
2808	-676.2315	-848.3309	172.0994	0.9403548	1.262209
2814	-680.0658	-852.3641	172.2983	0.5395521	1.423167
2820	-693.251	-864.9947	171.7438	0.8772743	1.585615
2826	-686.1713	-857.8887	171.7173	0.7537164	1.693511
2832	-683.6389	-855.7583	172.1194	0.7537164	1.395803
2838	-684.1673	-855.9594	171.7921	0.8697497	1.555685
2844	-688.2204	-860.4228	172.2024	0.9171267	1.194922
2850	-691.861	-863.9516	172.0906	0.498783	1.608634
2856	-691.6205	-863.4655	171.845	0.7444311	1.608634
2862	-687.1199	-858.9135	171.7936	0.6666262	1.7012
2868	-685.8066	-857.5473	171.7407	0.7194898	1.7012
2874	-685.4221	-857.2434	171.8213	0.7290795	1.636857
2880	-683.9235	-855.8962	171.9726	1.05929	1.268664
2886	-697.9734	-869.4926	171.5191	1.034702	1.634362
2892	-690.5918	-862.4426	171.8507	0.7030688	1.634362
2898	-701.3115	-873.1214	171.81	0.5865527	1.746064
2904	-690.6724	-862.6456	171.9732	0.7953004	1.476115
2910	-682.185	-854.3928	172.2078	0.7712046	1.31187
2916	-692.081	-864.0861	172.0051	0.5821299	1.610198
2922	-687.2788	-859.4578	172.179	0.9914486	1.150524
2928	-685.0936	-857.3878	172.2943	0.5800239	1.394919
2934	-685.7361	-857.5424	171.8064	0.7285149	1.647969
2940	-689.9518	-861.8835	171.9317	0.7039151	1.574968
2946	-681.2405	-852.6693	171.4288	0.6332186	1.974902
2952	-692.1004	-864.0637	171.9633	0.9905954	1.332086
2958	-688.7089	-860.3652	171.6563	0.733885	1.750485
2964	-678.5214	-850.2982	171.7768	0.6428868	1.729783
2970	-680.3671	-852.1592	171.7921	0.6428868	1.719034
2976	-687.2819	-859.4619	172.18	0.5663492	1.492814
2982	-681.6679	-853.704	172.0361	0.6997073	1.50069
2988	-681.851	-853.6856	171.8346	0.9454351	1.467378
2994	-688.704	-860.7947	172.0907	1.005135	1.215204
3000	-697.0809	-868.8129	171.732	1.014476	1.492712
3006	-690.9387	-862.4422	171.5034	0.7821188	1.823141
3012	-691.9732	-863.886	171.9128	0.7794015	1.533243
3018	-692.0149	-864.0221	172.0072	0.8379619	1.41754
3024	-684.969	-856.9489	171.9799	1.016707	1.297578
3030	-682.9531	-854.9542	172.0011	0.7157046	1.514928
3036	-678.2871	-850.2472	171.9601	0.5348949	1.676511
3042	-685.7505	-857.7241	171.9736	0.5213423	1.676511
3048	-688.2785	-859.9715	171.693	0.8019958	1.676511
3054	-691.4517	-863.0655	171.6138	0.7398207	1.776013
3060	-699.4808	-870.8072	171.3264	0.965615	1.818688
3066	-691.7406	-863.5087	171.7681	1.072045	1.421384
3072	-697.4983	-869.6121	172.1138	1.213833	1.003666
3078	-690.3674	-862.5294	172.162	0.9095922	1.235649
3084	-681.1223	-853.0638	171.9415	0.6329714	1.619429
3090	-677.3444	-849.0193	171.6749	1.014276	1.535479
3096	-681.7338	-853.3568	171.623	0.8212345	1.712492
3102	-682.045	-853.797	171.752	0.6809746	1.720472
3108	-685.0118	-856.9714	171.9596	0.6752043	1.575537
3114	-683.5621	-855.5039	171.9419	0.9574568	1.375335
3120	-685.0435	-856.7112	171.6677	0.7319152	1.743864
3126	-691.4436	-863.2251	171.7814	0.7725408	1.634262
3132	-680.2192	-852.3589	172.1396	0.642032	1.466125
3138	-696.0124	-868.0756	172.0632	0.6762697	1.497957
3144	-693.5446	-865.2714	171.7268	0.8292385	1.632785
3150	-682.7961	-854.8777	172.0817	0.5178128	1.60132
3156	-690.8674	-862.0422	171.1748	0.5178128	2.217553
3162	-690.6572	-862.3225	171.6653	0.6414147	1.80853
3168	-701.3741	-872.994	171.6199	0.6618377	1.825766
3174	-688.8593	-860.263	171.4037	0.63113	1.993048
3180	-681.6481	-853.5542	171.9061	0.5454449	1.707338
3186	-676.8457	-848.8395	171.9937	0.7919236	1.463101
3192	-688.0114	-859.8307	171.8193	0.9416952	1.481785
3198	-685.0998	-856.5683	171.4685	0.6956988	1.906068
3204	-680.1568	-852.1362	171.9794	0.7009532	1.54202
3210	-687.429	-859.5607	172.1317	0.6651299	1.454578
3216	-682.916	-854.7282	171.8122	0.5362347	1.779605
3222	-697.3916	-869.2042	171.8126	0.8550727	1.551355
3228	-695.4689	-867.2361	171.7673	0.8060225	1.620305
3234	-689.2906	-861.2243	171.9337	0.7158963	1.564656
3240	-700.5597	-872.1725	171.6127	1.036908	1.564656
3246	-688.9998	-860.7667	171.7669	0.8827385	1.564656
3252	-691.6271	-863.2394	171.6123	1.041589	1.561514
3258	-694.6777	-866.2298	171.5521	0.7262675	1.828063
3264	-688.4809	-860.1847	171.7038	0.5746048	1.828063
3270	-681.3322	-852.9188	171.5866	0.824038	1.736137
3276	-682.1309	-854.2639	172.1329	0.6632474	1.455069
3282	-684.3628	-856.007	171.6442	1.247316	1.381456
3288	-681.1366	-853.1547	172.018	0.8734651	1.381456
3294	-682.0252	-853.8063	171.7811	0.8651878	1.567152
3300	-682.4503	-854.4873	172.037	0.8628991	1.374881
3306	-682.5928	-854.5213	171.9285	0.8628991	1.458727
3312	-678.0349	-849.6404	171.6054	0.7298493	1.788769
3318	-687.18	-858.9293	171.7493	0.8129413	1.628295
3324	-691.8421	-863.7873	171.9452	0.7350563	1.54208
3330	-696.1576	-867.9067	171.7491	0.6496269	1.744509
3336	-689.1814	-860.988	171.8066	0.6225948	1.723141
3342	-681.8242	-853.7323	171.9081	0.8666558	1.471372
3348	-679.7267	-851.7712	172.0445	0.8745794	1.359767
3354	-683.5084	-855.3422	171.8338	0.8890323	1.51045
3360	-687.0283	-858.3648	171.3365	0.5909363	2.064326
3366	-684.6178	-856.2765	171.6587	0.5909363	1.847819
3372	-682.2861	-854.1197	171.8337	0.9834152	1.439113
3378	-681.7686	-853.7408	171.9722	0.7334001	1.523283
3384	-685.5916	-857.705	172.1134	0.5921943	1.523283
3390	-694.57	-866.4763	171.9063	0.8798029	1.462731
3396	-704.9073	-877.0827	172.1754	0.8542449	1.270505
3402	-680.0003	-852.0041	172.0038	0.5938195	1.602644
3408	-684.3079	-855.9178	171.6099	0.9877091	1.602644
3414	-685.8016	-857.7446	171.943	0.9313251	1.394858
3420	-676.6324	-848.3733	171.7409	0.7919931	1.649413
3426	-689.9989	-861.9872	171.9883	0.7919931	1.467157
3432	-692.4152	-864.3557	171.9406	1.030489	1.318261
3438	-689.1191	-860.8556	171.7365	0.9851613	1.511272
3444	-687.8612	-859.4838	171.6226	1.324451	1.337488
3450	-680.3687	-852.4237	172.055	1.135967	1.132228
3456	-674.5983	-846.5042	171.9059	1.175821	1.227093
3462	-679.7357	-851.8309	172.0953	0.9958337	1.219183
3468	-672.0685	-843.7882	171.7197	0.8445932	1.626779
3474	-695.8518	-867.6775	171.8258	0.8195106	1.567865
3480	-690.507	-862.1585	171.6515	0.7586206	1.736505
3486	-689.8403	-861.801	171.9607	0.5136899	1.691164
3492	-696.0292	-867.8931	171.8639	0.8159391	1.542383
3498	-683.1737	-855.1881	172.0144	0.6798808	1.531712
3504	-679.9535	-851.5199	171.5664	0.8419592	1.737745
3510	-694.9136	-866.5351	171.6214	0.9049786	1.654037
3516	-690.2355	-862.209	171.9735	0.959827	1.34847
3522	-683.727	-855.7459	172.0189	0.753001	1.473531
3528	-678.4104	-850.5102	172.0998	0.8182168	1.360592
3534	-689.4322	-860.9142	171.482	0.9391334	1.728801
3540	-685.3662	-857.3911	172.0248	0.6094301	1.575926
3546	-687.1899	-859.3453	172.1554	0.7448046	1.374606
3552	-689.2248	-860.9916	171.7669	0.6998567	1.696599
3558	-696.2939	-868.0471	171.7532	0.8594678	1.591748
3564	-696.5205	-868.261	171.7405	1.086484	1.431535
3570	-681.7911	-853.9104	172.1193	0.8080659	1.353198
3576	-685.2842	-857.4327	172.1484	0.7789358	1.353198
3582	-684.3337	-856.1723	171.8387	0.8696167	1.521275
3588	-684.8454	-856.2504	171.4049	0.5811734	2.025499
3594	-683.6282	-855.5824	171.9542	0.6797762	1.576154
3600	-684.3155	-856.1503	171.8347	0.775947	1.593161
3606	-675.6069	-847.6902	172.0832	0.9236356	1.289221
3612	-672.8384	-844.5757	171.7373	0.9272592	1.553687
3618	-681.6617	-853.5513	171.8896	0.9528885	1.419572
3624	-686.8697	-858.4903	171.6205	0.7414401	1.770198
3630	-687.5938	-859.1296	171.5358	1.022128	1.63142
3636	-680.6915	-852.4063	171.7147	1.022128	1.499914
3642	-684.4078	-856.3801	171.9723	1.214487	1.136032
3648	-683.13	-854.9266	171.7966	1.17368	1.318889
3654	-676.6413	-848.6039	171.9626	0.8913358	1.41076
3660	-690.755	-862.2681	171.5131	0.8913358	1.740499
3666	-679.4598	-851.4749	172.0152	0.777267	1.457947
3672	-681.1806	-852.9941	171.8135	0.6457363	1.701895
3678	-687.8506	-859.8468	171.9962	0.6457363	1.570279
3684	-693.3549	-865.2606	171.9058	0.697492	1.598553
3690	-679.0618	-850.7756	171.7138	0.697492	1.735699
3696	-672.521	-844.3014	171.7804	0.5912247	1.763446
3702	-679.6561	-851.4482	171.7921	0.8776698	1.549807
3708	-678.0368	-850.1628	172.126	0.6957145	1.43557
3714	-689.3976	-860.8486	171.451	0.7018254	1.913747
3720	-693.0452	-864.8382	171.793	0.8077743	1.600408
3726	-695.5461	-867.2166	171.6706	1.105785	1.470146
3732	-691.1149	-862.8558	171.7409	1.007426	1.491308
3738	-694.0337	-866.1	172.0663	0.6583905	1.509039
3744	-688.4153	-860.0248	171.6096	0.6517312	1.839827
3750	-685.8251	-857.9459	172.1208	0.8144029	1.346945
3756	-697.8499	-869.5428	171.693	1.270525	1.324352
3762	-695.0356	-866.5513	171.5157	0.8603781	1.760341
3768	-680.3741	-852.4875	172.1134	0.7043876	1.438548
3774	-684.2336	-855.844	171.6104	0.6624736	1.831875
3780	-674.9466	-846.557	171.6104	0.6624736	1.831875
3786	-677.3237	-849.115	171.7913	0.6420521	1.720198
3792	-687.3337	-859.3376	172.0039	0.7982373	1.450541
3798	-679.6756	-851.5585	171.8829	1.006906	1.382791
3804	-676.395	-848.3239	171.9289	0.8062687	1.501204
3810	-681.5064	-853.5453	172.0389	0.6332464	1.548063
3816	-693.159	-864.807	171.6479	1.079699	1.50682
3822	-688.2928	-860.1462	171.8534	0.8742158	1.50682
3828	-696.5402	-868.5536	172.0134	0.9404871	1.332071
3834	-696.3878	-868.0316	171.6439	0.721847	1.767591
3840	-704.1101	-875.6871	171.577	0.7427296	1.799574
3846	-708.5451	-880.3556	171.8105	1.022099	1.427199
3852	-690.5727	-862.6153	172.0426	0.7939219	1.42421
3858	-696.6869	-868.3125	171.6255	0.7437326	1.765113
3864	-676.0966	-848.0363	171.9397	0.7422724	1.540803
3870	-676.581	-848.5207	171.9397	0.7422724	1.540803
3876	-687.8383	-860.0193	172.181	0.7348708	1.362293
3882	-690.9562	-862.8128	171.8566	0.753753	1.593381
3888	-686.3193	-858.4662	172.1469	0.9178958	1.241334
3894	-687.5601	-859.4666	171.9065	1.060238	1.321741
3900	-675.3246	-847.2632	171.9386	0.7801409	1.513502
3906	-688.9708	-860.9273	171.9565	0.8973486	1.410829
3912	-692.6948	-864.61	171.9152	0.8973486	1.442564
3918	-698.8306	-871.0377	172.207	0.749445	1.329995
3924	-691.518	-863.346	171.828	0.857391	1.53825
3930	-703.7944	-875.8425	172.0481	1.081628	1.186116
3936	-703.759	-875.8625	172.1035	1.081628	1.137507
3942	-691.1713	-863.2734	172.1021	0.7089467	1.443767
3948	-691.4035	-863.0412	171.6378	1.130472	1.47629
3954	-701.1448	-872.9857	171.841	0.8612938	1.525766
3960	-699.1033	-871.1103	172.007	0.7105194	1.514389
3966	-686.6561	-858.3407	171.6846	0.7105194	1.74704
3972	-674.2803	-846.3356	172.0553	0.6043495	1.557256
3978	-678.5066	-850.0898	171.5831	0.5861838	1.902592
3984	-681.8598	-853.2937	171.4339	0.7354192	1.902592
3990	-676.6585	-848.523	171.8646	0.5546848	1.730116
3996	-686.0674	-858.0289	171.9615	0.8869215	1.415011
4002	-695.3321	-867.5426	172.2104	0.7463531	1.329732
4008	-686.9747	-858.7776	171.8029	0.9135912	1.515164
4014	-682.9996	-854.9978	171.9983	0.9350186	1.348484
4020	-682.2334	-854.3009	172.0675	0.9195118	1.3054
4026	-684.129	-856.0379	171.9089	0.8828774	1.458414
4032	-687.0665	-859.1754	172.1089	0.885073	1.29972
4038	-694.2728	-866.0005	171.7277	0.8463547	1.619739
4044	-690.5602	-862.291	171.7308	0.7789338	1.666004
4050	-710.0414	-881.7405	171.699	0.9522215	1.563457
4056	-677.5546	-849.0059	171.4513	0.697725	1.916339
4062	-682.8154	-854.6058	171.7904	0.8219678	1.591912
4068	-681.0305	-852.8763	171.8458	0.7665618	1.591912
4074	-688.4695	-860.2647	171.7952	0.827226	1.584581
4080	-674.2142	-846.1595	171.9453	0.6771312	1.584581
4086	-677.8334	-849.7394	171.906	0.7220086	1.580518
4092	-693.1238	-864.9977	171.8738	0.8118461	1.538052
4098	-679.6887	-851.8096	172.121	0.8118461	1.348873
4104	-679.9013	-851.7683	171.867	0.6961438	1.627606
4110	-678.3335	-849.8823	171.5488	0.5710617	1.93605
4116	-693.2663	-865.4162	172.1499	0.6924298	1.419664
4122	-692.7069	-864.5428	171.8359	0.6337821	1.694484
4128	-685.8951	-857.4805	171.5855	0.6543118	1.854583
4134	-697.5959	-869.0977	171.5018	0.5725298	1.966626
4140	-685.4023	-856.8991	171.4968	0.7829435	1.827177
4146	-680.5905	-852.2647	171.6741	1.074558	1.491034
4152	-694.4669	-865.7996	171.3328	0.5507084	2.093276
4158	-689.7486	-861.5836	171.8349	0.7075858	1.642493
4164	-692.5514	-863.9503	171.3989	0.5252672	2.066498
4170	-690.8739	-862.5387	171.6648	0.9963958	1.556164
4176	-689.2624	-861.1986	171.9361	0.8614226	1.454022
4182	-687.3104	-859.0381	171.7277	0.6150768	1.78357
4188	-687.7295	-859.8522	172.1228	0.5452802	1.551099
4194	-679.4191	-851.4104	171.9914	0.6124424	1.598169
4200	-691.1204	-863.0315	171.911	0.976063	1.384914
4206	-680.2272	-852.196	171.9688	0.8359537	1.448524
4212	-685.1144	-856.3847	171.2703	0.738202	2.010596
4218	-678.6724	-850.7714	172.099	0.838204	1.345414
4224	-681.8269	-853.9024	172.0755	0.8841406	1.327446
4230	-687.2169	-859.0919	171.875	0.8250191	1.527406
4236	-688.1396	-859.9726	171.833	0.6882335	1.657738
4242	-694.4121	-866.0296	171.6175	0.6570275	1.830729
4248	-688.5776	-860.2835	171.7059	0.5349735	1.853834
4254	-686.8685	-858.351	171.4825	0.601389	1.960231
4260	-679.5408	-851.3476	171.8068	0.6640731	1.693628
4266	-684.1829	-856.0857	171.9028	0.9233391	1.432181
4272	-684.0839	-855.9804	171.8965	0.9296331	1.432181
4278	-692.9597	-864.9363	171.9765	0.9296331	1.369936
4284	-685.7917	-857.846	172.0543	0.6399178	1.531752
4290	-684.0861	-856.2564	172.1703	0.6678967	1.422873
4296	-671.9513	-843.9369	171.9856	0.6678967	1.561801
4302	-676.837	-848.0707	171.2337	0.5054744	2.187419
4308	-684.8898	-856.064	171.1741	0.5650193	2.187419
4314	-703.6317	-874.5627	170.931	0.6045911	2.318257
4320	-687.8318	-859.5403	171.7085	0.6339395	1.783809
4326	-673.5692	-845.693	172.1239	0.5971158	1.511806
4332	-701.279	-872.7718	171.4928	0.7319357	1.864858
4338	-697.1948	-868.4238	171.229	0.6817774	2.07532
4344	-687.7927	-859.6997	171.907	0.47859	1.753716
4350	-681.7784	-853.9603	172.1819	0.7982296	1.310937
4356	-684.8041	-856.8343	172.0302	0.9454927	1.314544
4362	-686.5031	-858.4937	171.9906	0.9851263	1.314544
4368	-694.3911	-866.5307	172.1396	1.140167	1.050322
4374	-688.5768	-860.3326	171.7558	1.179788	1.346682
4380	-688.5362	-860.0371	171.5009	0.6635498	1.905904
4386	-677.2774	-849.31	172.0327	0.6864265	1.513212
4392	-679.8504	-851.5504	171.6999	0.7685058	1.695373
4398	-674.155	-845.8925	171.7375	0.7685058	1.668632
4404	-676.4674	-848.1988	171.7314	0.5802627	1.805114
4410	-674.0288	-845.904	171.8752	0.7162189	1.607157
4416	-686.1766	-858.3535	172.1769	1.053233	1.096779
4422	-679.5753	-851.6011	172.0258	0.9343925	1.327034
4428	-684.9364	-856.831	171.8945	0.9898967	1.387004
4434	-702.6909	-874.6048	171.9139	0.8811179	1.455947
4440	-699.5997	-871.5798	171.9801	0.9553472	1.346797
4446	-690.3084	-862.4212	172.1128	0.8908787	1.29181
4452	-688.4338	-860.1271	171.6934	0.5911801	1.823835
4458	-691.9673	-864.0333	172.066	0.6403538	1.522696
4464	-695.1839	-867.0239	171.84	0.8459611	1.537854
4470	-686.0831	-857.7589	171.6758	0.8827971	1.630896
4476	-700.8792	-872.3366	171.4574	0.7486191	1.877606
4482	-700.8387	-872.4051	171.5665	0.7486191	1.802763
4488	-692.5502	-864.5077	171.9575	0.7701952	1.506805
4494	-702.8717	-874.4096	171.5379	0.9589794	1.675147
4500	-699.0594	-870.9105	171.8511	0.957171	1.445845
4506	-691.6881	-863.5985	171.9104	0.5928794	1.670612
4512	-692.552	-864.6346	172.0825	0.8002789	1.38828
4518	-694.7584	-866.5909	171.8325	1.014704	1.415936
4524	-691.9159	-863.6184	171.7025	0.8616009	1.626951
4530	-697.6745	-869.5404	171.866	0.7610307	1.581247
4536	-701.2404	-872.9648	171.7244	0.5987481	1.797182
4542	-694.2276	-866.2565	172.0289	0.5342339	1.627648
4548	-699.5541	-871.0093	171.4553	0.6978539	1.913571
4554	-697.9722	-869.8594	171.8872	0.7873695	1.54628
4560	-698.9602	-870.6696	171.7094	0.9036413	1.591415
4566	-690.6301	-862.158	171.5279	0.9761958	1.670031
4572	-678.9533	-850.6428	171.6895	0.6704912	1.771601
4578	-679.0189	-851.0512	172.0322	1.105754	1.178961
4584	-683.2935	-855.1739	171.8804	1.257608	1.178961
4590	-685.1893	-857.0699	171.8806	1.047752	1.352419
4596	-687.0228	-858.9963	171.9735	0.8239791	1.45411
4602	-685.1038	-857.4335	172.3296	0.8239791	1.165332
4608	-686.4577	-858.6452	172.1875	0.6099806	1.454089
4614	-691.4148	-862.9258	171.5111	0.7227264	1.858688
4620	-697.7843	-869.3034	171.5191	0.7898323	1.807037
4626	-692.6546	-864.6871	172.0325	0.7580951	1.459355
4632	-691.2784	-863.172	171.8936	0.7580951	1.563171
4638	-682.1797	-854.3352	172.1555	0.869472	1.27439
4644	-688.7397	-860.6203	171.8806	0.9228207	1.44957
4650	-682.1477	-854.1288	171.9811	0.7842853	1.478454
4656	-691.6473	-863.4616	171.8142	0.6488136	1.699184
4662	-692.6909	-864.7754	172.0845	0.4812566	1.625746
4668	-701.0571	-872.7587	171.7016	0.5755725	1.828913
4674	-688.8711	-860.5861	171.715	0.6790904	1.747751
4680	-688.5606	-860.3119	171.7513	0.6118863	1.769322
4686	-699.089	-870.6878	171.5988	0.7106604	1.806627
4692	-687.4139	-859.457	172.043	0.7438305	1.46216
4698	-698.0198	-869.3597	171.3399	0.9477647	1.821678
4704	-699.0329	-870.8531	171.8202	1.168676	1.303883
4710	-691.2686	-863.0403	171.7717	1.217143	1.303883
4716	-691.8111	-863.7385	171.9274	1.025741	1.332662
4722	-687.9835	-859.9251	171.9415	0.8915848	1.426789
4728	-693.9322	-866.1129	172.1807	0.7570078	1.344971
4734	-695.0002	-866.5419	171.5417	0.9607342	1.671191
4740	-683.629	-855.4624	171.8334	0.9599974	1.45721
4746	-686.2144	-857.8414	171.627	0.7664704	1.748186
4752	-686.1483	-857.7753	171.627	0.7664704	1.748186
4758	-699.8317	-871.2802	171.4485	0.670722	1.936452
4764	-695.9842	-867.8488	171.8646	0.61738	1.685731
4770	-710.3143	-881.7345	171.4202	0.9564017	1.759992
4776	-689.2613	-861.0912	171.83	1.035822	1.40152
4782	-683.2101	-854.9805	171.7704	0.8945825	1.553365
4788	-699.2334	-870.9628	171.7295	0.935498	1.553365
4794	-696.5248	-868.1233	171.5985	0.7201385	1.800308
4800	-699.7641	-871.6979	171.9338	0.7216818	1.560391
4806	-686.062	-857.8682	171.8062	1.038003	1.418256
4812	-693.4559	-865.3237	171.8679	1.101425	1.319679
4818	-681.9473	-854.2506	172.3033	0.8235601	1.188594
4824	-681.9453	-853.8782	171.9329	0.914116	1.416086
4830	-681.9957	-854.0388	172.0431	0.7281406	1.474013
4836	-684.7888	-857.1292	172.3404	0.6906673	1.269392
4842	-695.9736	-867.7917	171.8181	1.012717	1.42856
4848	-687.5631	-859.2933	171.7301	0.6433942	1.762144
4854	-687.8663	-859.8033	171.937	0.4552838	1.749054
4860	-675.7543	-847.5552	171.8009	0.9106085	1.518873
4866	-688.3218	-860.276	171.9542	0.7705338	1.50897
4872	-693.1322	-864.7438	171.6116	0.8357468	1.71031
4878	-671.892	-843.7191	171.8272	0.7372557	1.626703
4884	-684.3702	-856.4032	172.033	1.104256	1.179603
4890	-686.3363	-858.101	171.7648	1.104256	1.399018
4896	-682.0013	-854.0011	171.9998	1.089681	1.220524
4902	-674.3626	-846.3036	171.941	0.7827938	1.509722
4908	-671.1924	-842.9846	171.7922	0.7827938	1.619077
4914	-673.4272	-845.2525	171.8253	0.7324957	1.631498
4920	-687.9932	-860.1502	172.157	0.7324957	1.383048
4926	-691.4512	-862.9096	171.4584	1.100262	1.630868
4932	-675.8046	-847.7934	171.9888	0.7004181	1.535424
4938	-673.248	-845.3918	172.1437	0.8541599	1.296536
4944	-682.4276	-854.1491	171.7215	0.720229	1.71426
4950	-697.9604	-869.6673	171.707	0.734785	1.71426
4956	-688.942	-860.6995	171.7575	0.6842847	1.71426
4962	-701.5019	-873.3778	171.876	0.745682	1.585164
4968	-703.7427	-875.5014	171.7587	0.735723	1.676897
4974	-692.2611	-863.9722	171.7111	0.7994633	1.665379
4980	-687.4977	-859.3815	171.8838	0.928774	1.4426
4986	-683.5868	-855.503	171.9162	1.03454	1.334593
4992	-682.3232	-854.0457	171.7225	0.7997174	1.657021
4998	-689.4251	-861.3433	171.9182	0.8392872	1.484437
5004	-686.9957	-858.5884	171.5928	1.034648	1.58095
5010	-686.459	-858.1086	171.6496	0.9388072	1.609354
5016	-681.5148	-853.3205	171.8057	0.9002509	1.523017
5022	-685.9995	-857.7688	171.7693	1.082704	1.412209
5028	-687.813	-859.6045	171.7915	1.082704	1.394961
5034	-679.1272	-851.1686	172.0414	0.7972563	1.422536
5040	-683.8717	-855.3365	171.4649	0.9296234	1.747473
5046	-689.0105	-860.6918	171.6814	0.6963816	1.759183
5052	-688.5604	-860.5682	172.0078	0.9991124	1.289165
5058	-682.7254	-854.423	171.6976	0.9712665	1.550484
5064	-688.6167	-860.5949	171.9782	0.6907018	1.550484
5070	-696.6012	-868.3065	171.7053	0.5414835	1.849766
5076	-696.9786	-868.5508	171.5722	0.6744531	1.849884
5082	-695.3492	-866.9502	171.601	0.8567315	1.702969
5088	-682.9318	-854.6686	171.7368	0.9465433	1.539805
5094	-686.4735	-858.3654	171.8919	0.6745732	1.625233
5100	-687.1459	-859.0378	171.8919	0.9896681	1.389221
5106	-692.0824	-863.6953	171.6129	0.7286366	1.784431
5112	-693.758	-865.3546	171.5966	0.7449538	1.784431
5118	-703.178	-874.9078	171.7297	0.8421726	1.621299
5124	-687.2626	-859.0673	171.8047	0.7400822	1.640869
5130	-677.7749	-849.7059	171.9309	0.6138254	1.640869
5136	-680.8913	-852.957	172.0656	0.667584	1.502643
5142	-690.6193	-862.5601	171.9408	0.792426	1.502643
5148	-682.1543	-853.7843	171.63	0.8086402	1.716466
5154	-687.6815	-859.316	171.6345	0.6724377	1.808387
5160	-690.5406	-862.2978	171.7572	0.6080828	1.767871
5166	-684.0936	-856.0105	171.9169	0.7373361	1.561259
5172	-678.5809	-850.3095	171.7287	0.9718282	1.527053
5178	-674.6563	-846.5126	171.8564	0.9465824	1.449928
5184	-681.0977	-853.0774	171.9797	0.8320814	1.443165
5190	-683.0423	-854.8957	171.8534	0.8727944	1.507909
5196	-688.0858	-860.253	172.1672	0.8011288	1.320459
5202	-685.5627	-857.4758	171.9131	0.7298492	1.569548
5208	-691.04	-862.9016	171.8616	0.802693	1.553893
5214	-684.1399	-856.4063	172.2664	0.6357978	1.373075
5220	-687.1112	-859.0513	171.9401	0.8312379	1.473971
5226	-687.1636	-859.1439	171.9803	0.664649	1.568088
5232	-695.1098	-866.786	171.6761	0.689407	1.76771
5238	-685.821	-856.9669	171.1459	0.5079082	2.242528
5244	-685.6207	-857.3587	171.738	0.5868569	1.796001
5250	-677.6435	-849.6414	171.9978	0.5868569	1.612042
5256	-665.6794	-837.373	171.6936	0.8910648	1.612042
5262	-672.2358	-844.0923	171.8566	0.8380937	1.531413
5268	-678.2331	-850.141	171.9078	0.786818	1.531413
5274	-693.8725	-865.9833	172.1108	1.057218	1.152638
5280	-696.6645	-868.3324	171.6679	1.057218	1.508741
5286	-702.4761	-874.503	172.027	1.030609	1.247386
5292	-697.1372	-869.1132	171.976	0.5582603	1.648425
5298	-694.4303	-866.0943	171.664	0.8702782	1.648425
5304	-684.7602	-856.4658	171.7056	0.7036403	1.737144
5310	-682.2608	-853.978	171.7172	0.6849782	1.742089
5316	-685.6261	-858.0077	172.3816	0.5518509	1.348373
5322	-691.985	-863.9883	172.0034	0.9300741	1.348373
5328	-691.4644	-863.3603	171.8958	0.9293711	1.432881
5334	-687.7752	-859.4624	171.6873	0.7854582	1.692343
5340	-699.9468	-871.6613	171.7145	0.7581739	1.692343
5346	-685.2745	-857.1893	171.9148	0.6985335	1.591219
5352	-679.5887	-851.4635	171.8748	0.7436223	1.58749
5358	-687.0116	-858.6981	171.6865	0.8594563	1.640027
5364	-685.4491	-857.3025	171.8534	0.8784902	1.503656
5370	-684.3313	-856.3854	172.0541	0.7766908	1.428581
5376	-689.9127	-861.6032	171.6905	0.6758347	1.767168
5382	-691.3458	-863.175	171.8292	0.8023749	1.577923
5388	-692.001	-863.8681	171.8671	0.7644362	1.577923
5394	-693.0118	-865.022	172.0102	0.7266971	1.499894
5400	-694.1804	-866.2631	172.0827	0.6729366	1.485766
5406	-701.6016	-872.8955	171.2939	0.7543725	1.984095
5412	-687.2413	-858.8397	171.5984	0.9851601	1.612894
5418	-690.0538	-861.9667	171.9129	0.8102326	1.510194
5424	-687.85	-859.8436	171.9936	0.8096788	1.44968
5430	-693.3787	-865.3121	171.9334	0.8698738	1.44968
5436	-683.9631	-856.0673	172.1042	0.8698738	1.31585
5442	-678.8619	-851.0774	172.2154	0.8424434	1.247138
5448	-687.7121	-859.5733	171.8612	0.8312009	1.533094
5454	-681.9861	-853.6579	171.6719	0.6835096	1.774783
5460	-688.1399	-860.0344	171.8945	0.8960241	1.459368
5466	-677.0063	-848.73	171.7236	0.6944031	1.73095
5472	-676.5423	-848.691	172.1487	0.6843959	1.4268
5478	-678.7668	-850.7309	171.964	0.9061033	1.398161
5484	-684.5573	-856.3681	171.8108	0.9061033	1.514881
5490	-678.328	-850.1871	171.859	0.7949974	1.561429
5496	-679.0282	-850.6277	171.5995	0.7026965	1.811645
5502	-674.6992	-846.4342	171.735	0.5477765	1.825054
5508	-692.2095	-863.9956	171.7861	1.113758	1.374921
5514	-685.693	-857.7173	172.0243	0.7507502	1.47112
5520	-683.3101	-855.3723	172.0622	0.8106422	1.396008
5526	-686.4908	-858.0812	171.5904	0.8106422	1.742882
5532	-685.3393	-856.3876	171.0483	0.6030178	2.244176
5538	-678.7908	-850.6267	171.8359	0.6780262	1.662951
5544	-686.3347	-858.2328	171.8981	0.7614363	1.557396
5550	-697.4563	-868.6625	171.2062	0.7170342	2.067105
5556	-686.3987	-858.2217	171.823	0.6877587	1.665265
5562	-681.7045	-853.4323	171.7278	0.6248987	1.776635
5568	-683.3537	-855.3172	171.9635	0.807956	1.473891
5574	-688.157	-860.1111	171.9541	0.9854773	1.34349
5580	-696.56	-868.5917	172.0317	0.956506	1.304423
5586	-689.3571	-861.376	172.0189	0.9693112	1.304423
5592	-703.3155	-875.2161	171.9006	0.8952402	1.455367
5598	-711.2794	-882.8836	171.6041	0.9712935	1.618755
5604	-688.602	-860.1617	171.5597	0.5356653	1.952537
5610	-687.3666	-859.0573	171.6907	1.157549	1.41509
5616	-679.5651	-851.6256	172.0605	0.8577037	1.360449
5622	-678.5113	-850.6365	172.1252	0.9376288	1.242977
5628	-690.6391	-862.4	171.7608	0.8511697	1.592188
5634	-691.585	-863.6076	172.0226	0.8876647	1.36671
5640	-696.7609	-868.7084	171.9475	0.9846364	1.349401
5646	-695.7267	-867.9521	172.2254	0.7839839	1.287184
5652	-679.5115	-851.6793	172.1679	0.6090838	1.469699
5658	-676.8395	-848.6703	171.8308	0.6090838	1.715601
5664	-690.3358	-861.8587	171.5228	0.5834336	1.945191
5670	-690.4173	-862.1646	171.7473	0.5723797	1.79955
5676	-678.1707	-850.1574	171.9867	0.5950021	1.614205
5682	-675.0724	-846.6004	171.528	0.7439793	1.832487
5688	-679.4168	-851.5578	172.141	0.6746062	1.440278
5694	-691.322	-862.7493	171.4272	0.8247321	1.846243
5700	-685.8559	-857.4358	171.5799	0.6425148	1.866436
