Iteration	Posterior	Likelihood	Prior	gain_loss_ratio	tree_length
0	-1497.813	-1669.54	171.7269	1.258123	1.373366
6	-1502.59	-1674.16	171.5708	1.756779	1.11335
12	-1512.712	-1684.766	172.0545	1.099525	1.234634
18	-1519.156	-1690.561	171.4055	1.465586	1.4676
24	-1496.382	-1667.975	171.5936	1.331546	1.421627
30	-1495.702	-1667.404	171.7017	1.377244	1.301391
36	-1495.268	-1667.081	171.8128	1.377244	1.209019
42	-1495.648	-1667.088	171.44	1.255408	1.592006
48	-1505.444	-1677.064	171.6207	1.406436	1.344069
54	-1499.27	-1671.033	171.7627	1.406436	1.227841
60	-1501.272	-1672.687	171.4149	1.457715	1.466055
66	-1497.286	-1668.964	171.6788	1.22407	1.436596
72	-1505.776	-1677.5	171.7244	1.323927	1.32449
78	-1500.556	-1671.92	171.3633	1.403491	1.543271
84	-1503.413	-1674.996	171.5823	1.55148	1.264562
90	-1500.063	-1671.643	171.5802	1.450121	1.343236
96	-1496.684	-1668.615	171.9308	1.090233	1.343236
102	-1496.183	-1667.867	171.6839	1.409009	1.291146
108	-1509.174	-1680.67	171.4962	1.603496	1.295815
114	-1507.433	-1678.452	171.0193	2.20708	1.259304
120	-1503.153	-1674.716	171.5624	1.557589	1.276313
126	-1495.024	-1666.803	171.7789	1.326795	1.277966
132	-1496.969	-1668.466	171.4972	1.354698	1.478098
138	-1506.693	-1678.419	171.7253	1.354698	1.299781
144	-1508.01	-1679.65	171.6398	1.231048	1.461116
150	-1508.733	-1680.463	171.7303	1.253117	1.374507
156	-1502.753	-1674.424	171.671	1.190203	1.467971
162	-1500.489	-1672.086	171.5972	1.224392	1.498221
168	-1485.482	-1657.357	171.8747	1.255066	1.256475
174	-1481.014	-1652.682	171.6685	1.248358	1.426241
180	-1492.397	-1663.742	171.345	1.926782	1.181661
186	-1497.581	-1669.175	171.5945	1.214202	1.507752
192	-1489.628	-1661.11	171.4819	1.466173	1.408549
198	-1490.704	-1662.155	171.4507	1.697601	1.262873
204	-1486.181	-1658.032	171.8506	1.184867	1.332357
210	-1489.4	-1661.244	171.8438	1.170882	1.348779
216	-1491.388	-1663.042	171.6532	1.462502	1.274708
222	-1515.587	-1687.365	171.7784	1.383976	1.232693
228	-1501.878	-1673.901	172.0229	1.260994	1.123561
234	-1507.556	-1679.243	171.6868	1.501806	1.215829
240	-1510.427	-1682.063	171.6363	1.619221	1.165563
246	-1512.217	-1684.212	171.9953	1.234155	1.171305
252	-1507.259	-1678.816	171.5565	1.447045	1.364346
258	-1513.094	-1684.595	171.5016	1.447045	1.407354
264	-1512.55	-1684.31	171.7601	1.291938	1.320708
270	-1509.784	-1681.201	171.4164	1.328414	1.557304
276	-1495.802	-1667.32	171.5179	1.412907	1.419807
282	-1493.915	-1665.635	171.72	1.209413	1.41598
288	-1496.409	-1668.062	171.653	1.320921	1.383391
294	-1501.056	-1672.956	171.9004	1.194375	1.284471
300	-1491.35	-1662.819	171.4696	1.641451	1.28917
306	-1500.809	-1672.479	171.6702	1.376673	1.327263
312	-1489.791	-1661.192	171.4015	1.360745	1.5453
318	-1492.318	-1664.258	171.9399	1.126845	1.306686
324	-1486.163	-1657.941	171.7774	1.342051	1.267078
330	-1498.318	-1669.33	171.0121	1.755683	1.562667
336	-1499.344	-1670.361	171.0173	1.713781	1.58632
342	-1504.184	-1675.677	171.4925	1.293592	1.525927
348	-1513.706	-1685.174	171.4682	1.417869	1.454291
354	-1494.553	-1666.079	171.526	1.417869	1.409873
360	-1490.316	-1662.121	171.8048	1.205921	1.352263
366	-1490.578	-1661.848	171.2699	1.753435	1.36845
372	-1496.579	-1668.438	171.8586	1.120422	1.376601
378	-1507.965	-1679.329	171.3633	1.58429	1.415114
384	-1507.484	-1678.992	171.5078	1.481758	1.3769
390	-1513.645	-1685.136	171.4911	1.122343	1.649945
396	-1500.729	-1672.325	171.5958	1.321035	1.427718
402	-1500.023	-1671.603	171.5803	1.308717	1.448787
408	-1504.762	-1676.26	171.4971	1.348021	1.483042
414	-1506.423	-1678.267	171.8434	1.415636	1.150662
420	-1512.416	-1683.934	171.5182	1.580561	1.295113
426	-1505.398	-1676.882	171.4843	1.580561	1.322474
432	-1501.56	-1673.173	171.6126	1.271907	1.451448
438	-1508.812	-1680.69	171.8786	1.427358	1.109088
444	-1511.653	-1683.45	171.7966	1.229148	1.340675
450	-1511.595	-1683.391	171.7966	1.229148	1.340675
456	-1508.966	-1680.905	171.9393	1.013956	1.396537
462	-1507.508	-1679.012	171.5038	1.459336	1.396537
468	-1518.66	-1690.587	171.9273	1.258055	1.209755
474	-1508.257	-1679.891	171.6335	1.258055	1.445765
480	-1505.273	-1677.072	171.7987	1.290497	1.290598
486	-1508.691	-1680.586	171.8942	1.1693	1.309646
492	-1505.185	-1676.469	171.2839	1.43987	1.576274
498	-1498.664	-1670.18	171.5154	1.462931	1.384867
504	-1503.684	-1675.078	171.3937	1.503889	1.449167
510	-1492.318	-1663.831	171.5121	1.44785	1.398533
516	-1499.273	-1671.323	172.0504	1.03018	1.295214
522	-1492.727	-1664.184	171.4566	1.587167	1.339846
528	-1494.003	-1665.502	171.4992	1.411937	1.434844
534	-1496.862	-1668.446	171.5834	1.489003	1.311308
540	-1499.142	-1670.41	171.2679	1.326664	1.666196
546	-1507.586	-1678.929	171.3428	1.229832	1.680051
552	-1513.284	-1684.598	171.3148	1.584194	1.452475
558	-1493.401	-1665.078	171.6773	1.474838	1.245143
564	-1490.963	-1662.369	171.4065	1.66205	1.325117
570	-1486.77	-1658.471	171.7007	1.311671	1.352908
576	-1494.249	-1665.943	171.694	1.36416	1.317767
582	-1494.574	-1666.138	171.5641	1.320422	1.452493
588	-1501.28	-1672.633	171.3522	1.516176	1.472011
594	-1496.645	-1668.591	171.9458	1.187671	1.252415
600	-1493.049	-1665.171	172.1221	1.083089	1.191036
606	-1490.742	-1662.507	171.7652	1.420452	1.214459
612	-1495.581	-1667.131	171.5496	1.420452	1.389615
618	-1492.942	-1664.605	171.6633	1.302116	1.389615
624	-1495.208	-1666.967	171.7595	1.203715	1.389615
630	-1488.052	-1659.899	171.8466	1.250041	1.283705
636	-1487.339	-1658.857	171.5178	1.589399	1.288766
642	-1486.38	-1657.971	171.5901	1.367167	1.397741
648	-1500.858	-1672.721	171.8638	1.261237	1.260514
654	-1501.531	-1673.046	171.5144	1.444458	1.399309
660	-1492.735	-1664.336	171.6011	1.444458	1.330847
666	-1497.094	-1668.581	171.487	1.423442	1.435813
672	-1499.334	-1670.66	171.3254	1.423442	1.557212
678	-1492.465	-1664.304	171.8386	1.18477	1.341993
684	-1499.756	-1671.355	171.5982	1.18477	1.526647
690	-1499.07	-1670.661	171.591	1.244059	1.488432
696	-1493.874	-1665.189	171.3157	1.866533	1.250834
702	-1490.804	-1662.646	171.8418	1.338575	1.21597
708	-1497.618	-1669.232	171.6136	1.089544	1.584926
714	-1509.641	-1681.39	171.7491	1.374723	1.264483
720	-1503.452	-1674.89	171.4381	1.200106	1.632721
726	-1499.573	-1671.119	171.5468	1.493264	1.337481
732	-1495.802	-1667.421	171.6186	1.373805	1.3704
738	-1490.913	-1662.377	171.4638	1.373805	1.489486
744	-1505.474	-1677.019	171.5444	1.323745	1.46501
750	-1500.16	-1671.882	171.7225	1.112158	1.487469
756	-1499.467	-1670.803	171.3355	1.512085	1.487469
762	-1507.349	-1678.836	171.4867	1.411683	1.444611
768	-1501.802	-1673.941	172.1386	1.052434	1.203147
774	-1496.229	-1667.589	171.3599	1.417199	1.536118
780	-1501.758	-1673.431	171.6728	1.335395	1.356844
786	-1505.104	-1676.828	171.7242	1.225355	1.400567
792	-1501.34	-1673.134	171.794	1.08747	1.451924
798	-1507.292	-1679.164	171.8714	1.018727	1.445278
804	-1507.986	-1679.624	171.638	1.349878	1.373275
810	-1497.264	-1668.908	171.6439	1.343727	1.373275
816	-1498.367	-1670.1	171.7331	1.327898	1.314425
822	-1488.345	-1659.679	171.335	1.525081	1.478736
828	-1486.374	-1658.312	171.9387	1.040825	1.375979
834	-1495.476	-1667.679	172.203	1.047753	1.151251
840	-1502.624	-1674.535	171.9109	1.125108	1.331415
846	-1490.4	-1661.923	171.5228	1.4432	1.393643
852	-1492.164	-1663.508	171.3446	1.680903	1.360795
858	-1491.124	-1662.534	171.4096	1.5731	1.387166
864	-1505.054	-1676.618	171.5644	1.444406	1.360089
870	-1507.839	-1679.389	171.55	1.323902	1.460597
876	-1499.904	-1671.353	171.4491	1.556553	1.368149
882	-1502.788	-1674.519	171.7303	1.228252	1.393581
888	-1485.111	-1656.724	171.6124	1.216243	1.492865
894	-1497.878	-1669.709	171.8308	1.216243	1.323449
900	-1485.354	-1657.121	171.7669	1.233488	1.360855
906	-1503.481	-1675.144	171.6629	1.342296	1.359366
912	-1494.349	-1665.734	171.3846	1.51206	1.450261
918	-1499.559	-1671.287	171.7273	1.054781	1.526686
924	-1502.291	-1674.197	171.9054	1.210827	1.266972
930	-1509.563	-1681.299	171.7367	1.274728	1.352859
936	-1506.385	-1677.992	171.6067	1.274728	1.453801
942	-1498.235	-1670.019	171.7846	1.36451	1.243129
948	-1497.442	-1669.171	171.7283	1.431031	1.237075
954	-1504.562	-1675.754	171.1914	2.031005	1.237075
960	-1503.327	-1674.623	171.2962	2.031005	1.14678
966	-1490.799	-1662.382	171.5831	1.318442	1.439413
972	-1485.755	-1657.625	171.8708	1.224769	1.284191
978	-1493.039	-1664.848	171.8088	1.224769	1.334363
984	-1493.163	-1664.747	171.5846	1.244641	1.492808
990	-1500.551	-1671.736	171.1841	1.668901	1.492808
996	-1488.541	-1659.983	171.442	1.489513	1.42241
1002	-1488.491	-1660.028	171.5371	1.489513	1.348015
1008	-1489.402	-1661.085	171.6829	1.502785	1.21834
1014	-1489.565	-1660.999	171.4333	1.364772	1.518814
1020	-1489.332	-1660.799	171.4665	1.47263	1.41575
1026	-1487.227	-1658.803	171.5761	1.36258	1.412047
1032	-1489.077	-1660.701	171.6242	1.311622	1.412813
1038	-1491.78	-1663.653	171.8733	1.153081	1.339292
1044	-1496.402	-1667.589	171.1869	1.688203	1.477489
1050	-1487.423	-1659.149	171.7255	1.183003	1.431774
1056	-1486.522	-1658.374	171.8521	1.188188	1.32848
1062	-1499.987	-1671.156	171.1686	1.862598	1.372481
1068	-1490.639	-1661.979	171.3397	1.52219	1.477185
1074	-1491.872	-1663.42	171.5478	1.614345	1.245089
1080	-1494.104	-1665.731	171.6276	1.419522	1.328552
1086	-1495.92	-1667.515	171.5954	1.282535	1.456601
1092	-1498.81	-1670.578	171.7678	1.382995	1.242375
1098	-1501.131	-1672.54	171.4091	1.474446	1.458467
1104	-1500.932	-1672.532	171.6006	1.418711	1.350724
1110	-1503.453	-1674.961	171.5073	1.418711	1.423705
1116	-1503.393	-1674.886	171.4929	1.549688	1.338479
1122	-1497.96	-1669.573	171.6138	1.421044	1.338479
1128	-1511.309	-1683.118	171.8091	1.127822	1.40943
1134	-1498.663	-1670.091	171.4285	1.616094	1.341053
1140	-1502.448	-1674.182	171.7336	1.196393	1.415365
1146	-1495.368	-1666.894	171.5261	1.366081	1.447894
1152	-1496.178	-1667.911	171.7329	1.366081	1.284672
1158	-1496.024	-1667.313	171.2883	1.628198	1.441816
1164	-1487.126	-1658.501	171.375	1.492894	1.471246
1170	-1484.925	-1656.423	171.4982	1.667663	1.245909
1176	-1484.609	-1656.434	171.8249	1.27678	1.280118
1182	-1497.099	-1668.941	171.8429	1.27678	1.265273
1188	-1494.028	-1665.883	171.8548	1.21224	1.307226
1194	-1495.699	-1667.461	171.7621	1.278066	1.329998
1200	-1499.831	-1671.509	171.6777	1.278066	1.39661
1206	-1490.858	-1662.44	171.5827	1.332782	1.429088
1212	-1500.49	-1671.951	171.4608	1.329274	1.523836
1218	-1491.929	-1663.668	171.7393	1.125408	1.464802
1224	-1498.957	-1670.524	171.567	1.361372	1.419948
1230	-1491.976	-1663.69	171.7141	1.331781	1.326669
1236	-1492.425	-1664.034	171.6083	1.444578	1.324982
1242	-1501.174	-1672.649	171.4749	1.444578	1.429741
1248	-1490.291	-1661.69	171.3988	1.525604	1.429741
1254	-1500.691	-1672.77	172.0797	1.166552	1.155691
1260	-1514.513	-1686.019	171.5058	1.281705	1.52463
1266	-1506.909	-1678.643	171.7344	1.411873	1.247241
1272	-1500.815	-1672.588	171.773	1.319991	1.288227
1278	-1498.296	-1669.792	171.4963	1.319991	1.504037
1284	-1505.078	-1676.876	171.7979	1.08933	1.44752
1290	-1508.712	-1680.588	171.876	1.025242	1.436735
1296	-1493.048	-1664.737	171.689	1.388351	1.303091
1302	-1491.521	-1663.195	171.6747	1.476973	1.245576
1308	-1501.498	-1673.134	171.6356	1.600174	1.181384
1314	-1492.692	-1664.216	171.5237	1.155199	1.602871
1320	-1490.32	-1662.336	172.0164	1.158703	1.217183
1326	-1506.958	-1678.67	171.712	1.425613	1.254986
1332	-1500.714	-1672.061	171.347	1.347935	1.594316
1338	-1486.468	-1657.784	171.316	1.564631	1.465299
1344	-1491.753	-1663.364	171.6115	1.123436	1.561762
1350	-1495.038	-1666.781	171.7426	1.303397	1.325883
1356	-1483.967	-1655.594	171.6269	1.427805	1.322857
1362	-1486.072	-1657.629	171.5569	1.496319	1.327139
1368	-1491.098	-1662.76	171.6618	1.385549	1.327139
1374	-1496.577	-1668.081	171.5048	1.598168	1.292757
1380	-1515.961	-1687.294	171.3328	1.646334	1.394683
1386	-1506.602	-1678.306	171.7036	1.180464	1.450497
1392	-1502.877	-1674.287	171.4107	1.662944	1.321078
1398	-1494.41	-1665.815	171.4043	1.691677	1.30528
1404	-1492.011	-1663.684	171.6732	1.351887	1.343876
1410	-1497.788	-1669.467	171.6788	1.226833	1.434489
1416	-1495.505	-1667.126	171.6214	1.285562	1.434489
1422	-1497.993	-1669.582	171.5889	1.206006	1.517988
1428	-1498.591	-1670.268	171.6769	1.271341	1.402344
1434	-1504.664	-1676.156	171.4923	1.271341	1.542142
1440	-1516.822	-1688.799	171.9775	1.298983	1.131145
1446	-1517.538	-1689.173	171.6349	1.540756	1.228917
1452	-1503.634	-1675.357	171.7231	1.314554	1.332846
1458	-1507.023	-1678.643	171.6201	1.295633	1.428019
1464	-1501.456	-1673.205	171.7488	1.39163	1.251337
1470	-1514.138	-1685.746	171.6078	1.631037	1.180993
1476	-1497.211	-1668.924	171.7131	1.524209	1.175153
1482	-1504.149	-1676.156	172.0078	1.237638	1.157384
1488	-1512.734	-1684.444	171.7104	1.387683	1.286109
1494	-1502.036	-1673.786	171.7505	1.387683	1.253096
1500	-1523.135	-1694.76	171.6253	1.523901	1.250115
1506	-1515.388	-1686.854	171.4665	1.598041	1.323851
1512	-1505.361	-1676.991	171.6299	1.416148	1.329298
1518	-1500.661	-1672.269	171.6075	1.447375	1.32349
1524	-1497.412	-1669.095	171.6822	1.329789	1.353667
1530	-1500.135	-1671.995	171.8602	1.208252	1.30605
1536	-1485.28	-1656.749	171.4695	1.447869	1.431499
1542	-1497.696	-1669.31	171.6143	1.625127	1.180101
1548	-1507.391	-1678.662	171.2703	1.866299	1.288456
1554	-1505.055	-1676.699	171.6444	1.298951	1.406741
1560	-1512.789	-1684.382	171.593	1.341181	1.414849
1566	-1515.242	-1686.666	171.4245	1.329759	1.550348
1572	-1503.103	-1674.8	171.6976	1.407864	1.280863
1578	-1502.698	-1674.755	172.0571	1.081157	1.247729
1584	-1500.917	-1672.775	171.8578	1.068505	1.417462
1590	-1498.984	-1670.899	171.9151	1.137197	1.318459
1596	-1499.486	-1670.843	171.3572	1.454816	1.511578
1602	-1495.611	-1667.196	171.5847	1.483144	1.314688
1608	-1491.692	-1663.482	171.7904	1.441571	1.175531
1614	-1496.482	-1668.093	171.6101	1.217642	1.493522
1620	-1504.548	-1675.938	171.39	1.479064	1.469676
1626	-1510.587	-1681.999	171.4119	1.455813	1.469676
1632	-1511.479	-1682.706	171.2266	1.619004	1.494975
1638	-1508.449	-1680.189	171.7404	1.432315	1.225852
1644	-1503.997	-1675.681	171.6846	1.515716	1.206597
1650	-1501.961	-1673.57	171.6094	1.62838	1.181777
1656	-1509.104	-1680.961	171.8568	1.281883	1.249589
1662	-1507.615	-1679.293	171.6778	1.264302	1.406976
1668	-1504.067	-1675.73	171.663	1.204785	1.463128
1674	-1496.232	-1667.654	171.4224	1.587728	1.36655
1680	-1495.58	-1666.866	171.2859	1.444582	1.57151
1686	-1494.19	-1665.642	171.4518	1.388787	1.48773
1692	-1490.192	-1661.871	171.6792	1.313015	1.368872
1698	-1502.906	-1674.688	171.7812	1.20853	1.368872
1704	-1506.601	-1678.086	171.4852	1.472642	1.401301
1710	-1510.076	-1681.914	171.8377	1.117395	1.395303
1716	-1506.767	-1678.608	171.8404	1.179288	1.34488
1722	-1505.669	-1677.099	171.43	1.291401	1.573658
1728	-1498.789	-1670.093	171.3032	1.50851	1.514176
1734	-1503.038	-1674.542	171.5039	1.560015	1.321974
1740	-1517.136	-1688.945	171.8089	1.051012	1.468293
1746	-1497.282	-1668.573	171.291	1.841063	1.289513
1752	-1490.682	-1662.362	171.6797	1.415545	1.289513
1758	-1490.987	-1662.819	171.8316	1.274845	1.276107
1764	-1496.131	-1667.675	171.5448	1.244255	1.522833
1770	-1489.439	-1661.079	171.6398	1.298205	1.410877
1776	-1512.533	-1684.158	171.625	1.298205	1.422302
1782	-1499.185	-1670.938	171.7529	1.384585	1.253574
1788	-1500.828	-1672.648	171.8196	1.268305	1.291196
1794	-1505.707	-1677.409	171.7022	1.228516	1.41524
1800	-1510.23	-1681.873	171.6436	1.157888	1.512655
1806	-1512.803	-1684.639	171.8358	1.181007	1.347173
1812	-1499.777	-1671.241	171.4645	1.424629	1.452165
1818	-1491.345	-1662.839	171.4942	1.28952	1.527671
1824	-1503.498	-1675.238	171.7407	1.293485	1.335088
1830	-1503.725	-1675.684	171.9584	1.017121	1.379106
1836	-1495.364	-1667.104	171.74	1.186067	1.418313
1842	-1501.638	-1673.051	171.4129	1.50118	1.436422
1848	-1492.728	-1664.299	171.571	1.54931	1.275513
1854	-1492.827	-1664.3	171.4722	1.506761	1.386415
1860	-1495.181	-1666.853	171.672	1.26635	1.409952
1866	-1499.678	-1671.51	171.8321	1.167378	1.360807
1872	-1502.666	-1674.056	171.3894	1.65667	1.342727
1878	-1504.596	-1676.526	171.9298	1.042229	1.381866
1884	-1495.113	-1666.723	171.6094	1.403087	1.355548
1890	-1497.84	-1669.962	172.1224	1.115575	1.162636
1896	-1490.276	-1662.251	171.9743	1.085711	1.311987
1902	-1507.166	-1678.881	171.7146	1.318365	1.336634
1908	-1511.041	-1682.499	171.4576	1.590413	1.336634
1914	-1504.719	-1676.367	171.6481	1.429554	1.304416
1920	-1500.593	-1672.258	171.6652	1.300326	1.389476
1926	-1500.203	-1671.773	171.5701	1.441936	1.357413
1932	-1508.041	-1679.512	171.4711	1.274136	1.555847
1938	-1504.251	-1675.808	171.5567	1.576722	1.266401
1944	-1498.561	-1670.541	171.9801	1.056685	1.330601
1950	-1494.341	-1666.046	171.7053	1.144452	1.47626
1956	-1502.209	-1673.641	171.4322	1.355492	1.526255
1962	-1501.854	-1673.43	171.5758	1.448085	1.348345
1968	-1506.463	-1678.073	171.6096	1.519952	1.266206
1974	-1506.195	-1677.774	171.5797	1.350556	1.418138
1980	-1510.599	-1682.522	171.9228	1.074269	1.362228
1986	-1489.703	-1661.602	171.8986	1.176312	1.300451
1992	-1503.609	-1675.325	171.7152	1.328648	1.328241
1998	-1503.598	-1675.111	171.5125	1.351601	1.4688
2004	-1498.342	-1669.641	171.2987	1.561317	1.480683
2010	-1510.547	-1681.822	171.2748	1.349933	1.645182
2016	-1514.187	-1685.93	171.7434	1.142584	1.448725
2022	-1500.843	-1672.303	171.4602	1.351873	1.508007
2028	-1490.626	-1662.176	171.5506	1.222354	1.534528
2034	-1496.365	-1668.414	172.0482	1.05418	1.277434
2040	-1509.99	-1681.278	171.2878	1.519888	1.517734
2046	-1502.938	-1675.016	172.0779	0.9871018	1.307855
2052	-1498.402	-1670.669	172.2666	0.9871018	1.148611
2058	-1503.633	-1675.408	171.7745	1.079107	1.473069
2064	-1507.837	-1679.413	171.5761	1.357068	1.416083
2070	-1487.04	-1658.634	171.5937	1.357068	1.402446
2076	-1491.346	-1662.722	171.3764	1.406063	1.531742
2082	-1487.764	-1658.999	171.2354	1.556192	1.531613
2088	-1501.705	-1673.349	171.6431	1.241442	1.450858
2094	-1496.572	-1668.192	171.6196	1.457678	1.305922
2100	-1493.285	-1664.913	171.6277	1.429698	1.320706
2106	-1499.321	-1671.128	171.8071	1.244135	1.320464
2112	-1509.627	-1680.743	171.1157	1.858879	1.416273
2118	-1499.249	-1670.785	171.5358	1.398917	1.416273
2124	-1498.555	-1670.212	171.657	1.321186	1.380056
2130	-1503.435	-1675.094	171.6598	1.09336	1.548212
2136	-1503.31	-1675.319	172.0091	1.047332	1.314803
2142	-1492.243	-1663.898	171.6544	1.312835	1.388457
2148	-1488.403	-1660.122	171.7183	1.130941	1.476604
2154	-1489.69	-1661.737	172.0467	1.134897	1.211493
2160	-1493.835	-1665.609	171.7743	1.197091	1.383168
2166	-1493.182	-1664.636	171.4536	1.469387	1.428109
2172	-1493.268	-1665.109	171.8407	1.215207	1.316265
2178	-1492.233	-1663.887	171.6546	1.439824	1.291179
2184	-1488.691	-1660.507	171.8158	1.42376	1.168124
2190	-1490.204	-1661.864	171.6595	1.346999	1.358445
2196	-1492.319	-1664.312	171.9929	1.125642	1.264344
2202	-1488.223	-1659.907	171.6847	1.323609	1.356384
2208	-1496.206	-1667.907	171.7003	1.307535	1.356384
2214	-1497.557	-1669.232	171.6748	1.319686	1.367269
2220	-1504.649	-1676.309	171.6606	1.352915	1.353112
2226	-1515.435	-1687.159	171.7241	1.280852	1.358086
2232	-1498.255	-1669.692	171.4369	1.557858	1.376786
2238	-1499.965	-1671.349	171.3846	1.477103	1.475175
2244	-1492.178	-1664.065	171.8867	1.231433	1.26575
2250	-1494.308	-1666.056	171.748	1.335704	1.296243
2256	-1499.851	-1671.599	171.748	1.335704	1.296243
2262	-1500.889	-1672.543	171.6545	1.167483	1.497388
2268	-1510.546	-1682.121	171.5745	1.288398	1.468204
2274	-1491.091	-1662.731	171.6404	1.268398	1.432762
2280	-1492.387	-1663.771	171.3839	1.318556	1.588112
2286	-1485.45	-1657.024	171.5744	1.384413	1.397087
2292	-1492.313	-1664.034	171.7212	1.158702	1.45347
2298	-1503.977	-1675.29	171.3128	1.703435	1.369878
2304	-1497.129	-1668.764	171.6355	1.405649	1.332845
2310	-1510.238	-1681.972	171.7335	1.435935	1.228845
2316	-1505.344	-1676.821	171.4764	1.435935	1.434847
2322	-1505.853	-1677.521	171.668	1.128586	1.516137
2328	-1502.278	-1674.098	171.8205	1.151327	1.382408
2334	-1500.344	-1671.554	171.2101	1.59135	1.526268
2340	-1491.61	-1662.997	171.3863	1.683645	1.32566
2346	-1494.017	-1665.939	171.9219	1.117125	1.328987
2352	-1501.439	-1672.899	171.4603	1.471297	1.421509
2358	-1501.805	-1673.652	171.8465	1.202259	1.32187
2364	-1508.235	-1679.974	171.7384	1.124181	1.466424
2370	-1499.455	-1671.39	171.9349	1.124181	1.312915
2376	-1497.736	-1669.255	171.5187	1.561337	1.30911
2382	-1506.541	-1678.537	171.9954	1.097397	1.285383
2388	-1500.422	-1671.968	171.5456	1.573949	1.27766
2394	-1502.758	-1674.595	171.8366	1.192415	1.337561
2400	-1500.607	-1672.344	171.7374	1.192415	1.415451
2406	-1500.618	-1672.31	171.6916	1.192415	1.450655
2412	-1505.233	-1676.924	171.6916	1.192415	1.450655
2418	-1509.749	-1681.114	171.3651	1.606866	1.397647
2424	-1512.823	-1684.288	171.4652	1.602583	1.321528
2430	-1523.868	-1695.343	171.4748	1.602583	1.313821
2436	-1520.567	-1691.824	171.2571	1.730154	1.394764
2442	-1514.586	-1685.698	171.1118	1.768533	1.479901
2448	-1498.619	-1670.183	171.5634	1.617341	1.229698
2454	-1514.781	-1686.532	171.7511	1.132986	1.450124
2460	-1517.099	-1688.479	171.3804	1.5898	1.397957
2466	-1497.524	-1669.02	171.4965	1.4652	1.397957
2472	-1498.425	-1669.691	171.2665	1.561775	1.504582
2478	-1503.91	-1675.446	171.5367	1.561775	1.294126
2484	-1508.471	-1679.814	171.3426	1.47097	1.511093
2490	-1503.052	-1674.862	171.8102	1.140002	1.399189
2496	-1504.57	-1676.254	171.6839	1.348065	1.338286
2502	-1507.415	-1678.819	171.4038	1.616324	1.360452
2508	-1502.861	-1674.538	171.6777	1.418021	1.289196
2514	-1506.053	-1677.585	171.5319	1.576152	1.287207
2520	-1494.54	-1666.241	171.7006	1.396593	1.287207
2526	-1503.287	-1675.043	171.7559	1.387323	1.248818
2532	-1490.058	-1661.594	171.5361	1.418642	1.40149
2538	-1499.6	-1671.309	171.7091	1.412914	1.267436
2544	-1498.774	-1670.747	171.9727	1.319906	1.117174
2550	-1503.524	-1675.055	171.5318	1.314919	1.480977
2556	-1503.475	-1675.024	171.5495	1.288688	1.48683
2562	-1507.655	-1678.951	171.2958	1.651474	1.419759
2568	-1502.265	-1673.793	171.5287	1.401583	1.419759
2574	-1497.035	-1668.864	171.8284	1.12475	1.396858
2580	-1493.858	-1665.483	171.6252	1.407282	1.339851
2586	-1505.406	-1677.195	171.789	1.504454	1.124317
2592	-1497.236	-1668.713	171.4766	1.411529	1.452478
2598	-1499.215	-1671.419	172.2043	1.07173	1.128723
2604	-1498.11	-1669.891	171.7818	1.13435	1.425579
2610	-1501.39	-1673.141	171.751	1.179726	1.414648
2616	-1504.012	-1675.824	171.8122	1.089959	1.436135
2622	-1498.673	-1670.149	171.4753	1.311932	1.525505
2628	-1501.877	-1673.181	171.3045	1.61734	1.437051
2634	-1521.484	-1692.905	171.4207	1.291724	1.580207
2640	-1508.487	-1680.169	171.6816	1.326021	1.357056
2646	-1502.536	-1674.205	171.6691	1.541228	1.199528
2652	-1486.669	-1658.307	171.6382	1.401175	1.334097
2658	-1481.063	-1652.625	171.5626	1.267794	1.492343
2664	-1489.49	-1660.943	171.4528	1.263814	1.576638
2670	-1491.919	-1663.548	171.6289	1.521798	1.248797
2676	-1488.885	-1660.429	171.544	1.578579	1.275463
2682	-1478.856	-1650.5	171.6445	1.401276	1.328949
2688	-1492.778	-1664.613	171.8352	1.300061	1.25286
2694	-1493.102	-1664.716	171.6136	1.402571	1.352634
2700	-1504.078	-1675.529	171.4508	1.444868	1.448016
2706	-1508.748	-1680.242	171.4939	1.399455	1.448016
2712	-1503.03	-1674.793	171.7636	1.423393	1.213441
2718	-1497.21	-1668.912	171.7014	1.254518	1.396092
2724	-1502.775	-1674.48	171.7047	1.254518	1.393524
2730	-1505.809	-1677.534	171.7246	1.220498	1.403981
2736	-1493.271	-1665.076	171.8047	1.229239	1.334135
2742	-1492.613	-1664.417	171.8039	1.229239	1.334724
2748	-1497.266	-1668.984	171.7181	1.084511	1.511456
2754	-1502.97	-1674.992	172.022	1.084511	1.274059
2760	-1493.578	-1665.379	171.8001	1.264419	1.310104
2766	-1498.357	-1670.158	171.8017	1.16623	1.385598
2772	-1503.752	-1675.383	171.6312	1.243235	1.45864
2778	-1494.558	-1666.13	171.5719	1.45828	1.343726
2784	-1493.978	-1665.613	171.6353	1.41473	1.326078
2790	-1484.922	-1656.704	171.7819	1.281427	1.311448
2796	-1490.556	-1662.448	171.8913	1.199222	1.287996
2802	-1493.827	-1665.237	171.4097	1.410949	1.503438
2808	-1502.719	-1674.106	171.3861	1.560195	1.414693
2814	-1504.307	-1676.349	172.0422	0.9847184	1.338493
2820	-1493.406	-1665.119	171.7124	1.31829	1.338493
2826	-1498.584	-1670.564	171.9806	1.046276	1.338493
2832	-1502.082	-1673.913	171.8314	1.292079	1.262439
2838	-1492.355	-1664.145	171.7909	1.308894	1.282376
2844	-1512.728	-1684.592	171.8631	1.032404	1.441132
2850	-1498.054	-1669.612	171.5583	1.34175	1.441132
2856	-1506.669	-1678.21	171.5413	1.398956	1.411947
2862	-1503.504	-1675.28	171.7756	1.429042	1.198565
2868	-1499.938	-1671.625	171.6871	1.343176	1.339482
2874	-1505.643	-1677.228	171.5846	1.493434	1.306952
2880	-1522.411	-1694.126	171.7145	0.9867268	1.586276
2886	-1516.995	-1688.398	171.4037	1.557318	1.403144
2892	-1512.533	-1684.219	171.6858	1.130216	1.501556
2898	-1507.046	-1679.171	172.1252	1.059338	1.208708
2904	-1515.521	-1687.176	171.6552	1.44517	1.286509
2910	-1514.494	-1686.048	171.5536	1.629031	1.228913
2916	-1515.071	-1686.904	171.8323	1.234155	1.308002
2922	-1508.56	-1680.206	171.6456	1.234155	1.454438
2928	-1507.705	-1679.311	171.6068	1.342391	1.403238
2934	-1497.833	-1669.475	171.6427	1.46212	1.28364
2940	-1500.553	-1672.179	171.6256	1.387696	1.354384
2946	-1497.018	-1668.367	171.3484	1.544355	1.454961
2952	-1503.054	-1674.662	171.6086	1.482148	1.296067
2958	-1493.918	-1665.465	171.5474	1.460911	1.361187
2964	-1508.155	-1679.968	171.8129	1.377764	1.208543
2970	-1493.55	-1665.123	171.5733	1.249318	1.497867
2976	-1481.233	-1653.152	171.919	0.9370987	1.471075
2982	-1490.335	-1662.197	171.8618	1.244538	1.275622
2988	-1495.48	-1667.115	171.6348	1.217664	1.474933
2994	-1496.989	-1668.944	171.9548	1.217664	1.220071
3000	-1486.578	-1658.487	171.9097	1.217664	1.257891
3006	-1493.741	-1665.323	171.5824	1.451554	1.3404
3012	-1497.931	-1669.777	171.8459	1.217262	1.310437
3018	-1490.098	-1661.776	171.6775	1.273501	1.400257
3024	-1491.297	-1663.143	171.8464	1.176781	1.342096
3030	-1496.981	-1668.65	171.669	1.233897	1.436751
3036	-1501.433	-1672.873	171.4395	1.472421	1.436751
3042	-1498.929	-1670.445	171.5163	1.493026	1.361902
3048	-1503.829	-1675.194	171.3654	1.364881	1.568917
3054	-1499.323	-1671.023	171.6996	1.411644	1.276275
3060	-1502.182	-1673.907	171.7249	1.25396	1.378133
3066	-1504.447	-1676.256	171.809	1.314225	1.26324
3072	-1506.855	-1678.953	172.0986	1.093289	1.20252
3078	-1498.463	-1670.363	171.8997	1.323545	1.178707
3084	-1508.642	-1680.27	171.6279	1.554936	1.223723
3090	-1510.737	-1682.782	172.0451	1.017522	1.309803
3096	-1500.419	-1671.846	171.4274	1.278387	1.584828
3102	-1498.743	-1670.668	171.9244	1.14661	1.303371
3108	-1494.472	-1666.136	171.6641	1.372672	1.335207
3114	-1501.647	-1673.346	171.6995	1.397088	1.287732
3120	-1496.803	-1668.61	171.807	1.355573	1.231546
3126	-1491.055	-1662.565	171.51	1.319393	1.494149
3132	-1495.218	-1667.005	171.787	1.319393	1.27721
3138	-1499.421	-1671.241	171.8201	1.285358	1.27721
3144	-1502.385	-1674.354	171.9687	1.164174	1.252646
3150	-1492.021	-1663.347	171.3254	1.592388	1.43857
3156	-1496.21	-1667.905	171.6948	1.516695	1.1971
3162	-1505.086	-1676.625	171.539	1.571307	1.285033
3168	-1506.928	-1678.741	171.8128	1.102022	1.426448
3174	-1499.248	-1671.486	172.2384	1.02095	1.143549
3180	-1501.09	-1672.631	171.541	1.52533	1.318081
3186	-1504.093	-1675.911	171.8186	1.275127	1.286554
3192	-1515.806	-1687.4	171.5936	1.440759	1.33962
3198	-1498.663	-1670.175	171.5126	1.374832	1.451728
3204	-1507.245	-1678.907	171.6624	1.374832	1.33488
3210	-1498.13	-1669.695	171.5657	1.39439	1.396455
3216	-1502.136	-1673.684	171.5472	1.360664	1.4357
3222	-1506.79	-1678.063	171.2726	1.850019	1.298077
3228	-1515.853	-1687.626	171.7726	1.07142	1.480352
3234	-1498.27	-1670.31	172.0405	1.070939	1.269955
3240	-1498.686	-1670.267	171.5812	1.386572	1.390135
3246	-1506.855	-1678.237	171.3823	1.598596	1.390135
3252	-1497.054	-1668.659	171.6056	1.351406	1.39744
3258	-1510.578	-1681.862	171.2834	1.845784	1.292294
3264	-1498.062	-1669.462	171.3999	1.845661	1.194987
3270	-1493.498	-1665.094	171.5962	1.308045	1.437062
3276	-1506.155	-1677.389	171.2334	1.495619	1.574742
3282	-1487.447	-1659.366	171.9194	1.064779	1.372409
3288	-1498.84	-1670.476	171.6361	1.491392	1.266385
3294	-1515.569	-1687.221	171.6516	1.491392	1.253538
3300	-1514.531	-1685.954	171.4232	1.507915	1.423605
3306	-1506.838	-1678.388	171.5491	1.249389	1.515894
3312	-1492.268	-1663.692	171.4246	1.442902	1.469318
3318	-1499.627	-1671.22	171.5927	1.268132	1.469318
3324	-1487.909	-1659.517	171.6072	1.432837	1.334798
3330	-1493.525	-1665.158	171.6326	1.458603	1.294589
3336	-1502.697	-1674.26	171.5632	1.443333	1.361877
3342	-1502.067	-1673.304	171.2375	1.92064	1.276781
3348	-1503.396	-1674.926	171.5304	1.582864	1.283417
3354	-1506.896	-1678.242	171.3463	1.423325	1.541904
3360	-1493.184	-1664.78	171.5958	1.485206	1.304171
3366	-1500.275	-1672.089	171.8141	1.094185	1.431392
3372	-1506.874	-1678.339	171.4645	1.449667	1.434006
3378	-1501.291	-1672.936	171.6453	1.261732	1.434006
3384	-1494.137	-1665.978	171.8404	1.219199	1.313322
3390	-1489.512	-1661.406	171.8938	1.16506	1.313322
3396	-1493.572	-1665.568	171.9958	1.052638	1.321222
3402	-1494.906	-1666.395	171.4885	1.217966	1.583393
3408	-1502.009	-1673.62	171.6104	1.217966	1.493116
3414	-1502.736	-1674.118	171.3817	1.335573	1.577719
3420	-1487.326	-1659.006	171.6799	1.335573	1.351067
3426	-1494.403	-1666.515	172.1121	0.9676369	1.29588
3432	-1492.514	-1664.259	171.7443	1.311477	1.31819
3438	-1487.876	-1659.977	172.1005	1.122412	1.17584
3444	-1495.33	-1666.815	171.4852	1.48427	1.392749
3450	-1490.791	-1662.515	171.7236	1.363704	1.294162
3456	-1488.3	-1660.108	171.8079	1.169205	1.378396
3462	-1492.998	-1664.522	171.5235	1.463104	1.378396
3468	-1506.239	-1678.076	171.836	1.066663	1.435654
3474	-1510.567	-1682.04	171.4724	1.383805	1.475797
3480	-1503.303	-1675.105	171.8026	1.10093	1.435082
3486	-1518.438	-1689.868	171.4304	1.607694	1.345662
3492	-1506.72	-1678.354	171.6341	1.351039	1.375443
3498	-1503.361	-1675	171.6385	1.157043	1.51704
3504	-1497.275	-1668.972	171.6965	1.187892	1.450308
3510	-1503.657	-1675.251	171.5944	1.251289	1.480529
3516	-1502.047	-1673.891	171.8447	1.157027	1.358889
3522	-1498.087	-1669.597	171.5099	1.461478	1.390272
3528	-1489.162	-1660.744	171.5824	1.506082	1.299113
3534	-1504.382	-1676.151	171.769	1.407556	1.221579
3540	-1502.095	-1673.919	171.8236	1.071222	1.441701
3546	-1507.155	-1678.543	171.3881	1.492348	1.461667
3552	-1510.415	-1682.043	171.6281	1.492348	1.272306
3558	-1510.699	-1681.987	171.2873	1.434251	1.577689
3564	-1503.125	-1674.581	171.4555	1.351638	1.511656
3570	-1489.175	-1660.793	171.6189	1.351638	1.386912
3576	-1504.542	-1676.414	171.8714	1.033858	1.433682
3582	-1498.763	-1670.352	171.5896	1.525193	1.27865
3588	-1495.261	-1667.092	171.8308	1.29884	1.257521
3594	-1503.177	-1674.78	171.6024	1.449611	1.325909
3600	-1495.931	-1667.373	171.4415	1.415857	1.475991
3606	-1491.164	-1662.923	171.759	1.280888	1.330233
3612	-1496.031	-1667.554	171.5229	1.2697	1.520654
3618	-1498.784	-1670.174	171.3902	1.323059	1.580334
3624	-1502.18	-1674.012	171.8318	1.308473	1.248914
3630	-1500.448	-1671.958	171.5102	1.205619	1.576425
3636	-1492.503	-1663.796	171.2926	1.570473	1.478894
3642	-1503.484	-1675.002	171.5172	1.570473	1.30348
3648	-1487.028	-1658.644	171.6166	1.299268	1.427971
3654	-1490.592	-1662.08	171.4886	1.515631	1.36705
3660	-1493.574	-1665.11	171.5367	1.517111	1.32769
3666	-1496.917	-1668.464	171.5471	1.574876	1.275754
3672	-1503.392	-1674.952	171.5599	1.639301	1.215636
3678	-1516.005	-1688.05	172.0446	1.163952	1.188594
3684	-1497.146	-1668.98	171.834	1.119878	1.396229
3690	-1500.221	-1671.674	171.4538	1.554057	1.366314
3696	-1505.104	-1676.722	171.6174	1.431077	1.327954
3702	-1502.267	-1673.499	171.2319	1.584146	1.514962
3708	-1495.161	-1666.496	171.335	1.418951	1.553297
3714	-1507.957	-1679.896	171.9398	1.302211	1.161771
3720	-1498.712	-1670.507	171.7947	1.397951	1.207533
3726	-1494.819	-1666.479	171.6603	1.397951	1.318868
3732	-1493.297	-1664.604	171.3076	1.397951	1.588084
3738	-1496.468	-1667.742	171.2748	1.611025	1.464134
3744	-1508.617	-1680.454	171.8365	1.253941	1.288864
3750	-1502.458	-1673.857	171.3988	1.445123	1.487245
3756	-1490.985	-1662.49	171.5046	1.445123	1.406369
3762	-1491.296	-1663.04	171.7434	1.277319	1.345518
3768	-1486.408	-1658.167	171.7586	1.261659	1.345518
3774	-1496.424	-1667.921	171.4968	1.535966	1.345518
3780	-1496.063	-1667.62	171.5568	1.286066	1.483294
3786	-1503.653	-1675.198	171.5448	1.447542	1.373179
3792	-1513.771	-1685.372	171.6013	1.326535	1.419402
3798	-1513.962	-1685.75	171.7883	1.406197	1.20632
3804	-1524.748	-1696.273	171.5244	1.373951	1.443428
3810	-1507.389	-1679.24	171.8505	1.373951	1.179341
3816	-1502.1	-1673.76	171.6597	1.223852	1.451341
3822	-1499.035	-1670.678	171.6428	1.50647	1.249109
3828	-1501.105	-1672.822	171.7169	1.296222	1.351936
3834	-1500.462	-1671.983	171.5206	1.187912	1.581539
3840	-1500.041	-1671.534	171.4933	1.576316	1.318376
3846	-1502.643	-1674.167	171.5232	1.56548	1.302318
3852	-1504.034	-1675.437	171.4027	1.59301	1.378211
3858	-1495.979	-1667.733	171.7538	1.232903	1.371658
3864	-1500.765	-1672.593	171.8284	1.206478	1.33305
3870	-1499.146	-1670.819	171.6724	1.287427	1.39366
3876	-1487.75	-1659.556	171.8051	1.287427	1.287812
3882	-1495.004	-1666.471	171.4675	1.397407	1.469636
3888	-1500.725	-1672.193	171.4675	1.397407	1.469636
3894	-1488.078	-1659.743	171.6656	1.383988	1.325274
3900	-1491.787	-1663.321	171.5342	1.348872	1.454345
3906	-1496.158	-1668.05	171.8921	1.233218	1.259806
3912	-1508.425	-1680.02	171.5953	1.544751	1.25894
3918	-1502.012	-1673.325	171.313	1.544751	1.481499
3924	-1499.995	-1671.304	171.309	1.542191	1.486271
3930	-1495.276	-1667.084	171.8083	1.081239	1.445743
3936	-1495.51	-1667.047	171.5366	1.357997	1.445743
3942	-1494.784	-1666.49	171.7064	1.4004	1.279493
3948	-1504.574	-1676.337	171.7629	1.439512	1.200925
3954	-1501.4	-1673.156	171.7562	1.5087	1.150082
3960	-1503.474	-1675.15	171.6763	1.257534	1.413266
3966	-1497.019	-1668.592	171.5733	1.382588	1.399261
3972	-1500.811	-1672.44	171.6293	1.382588	1.355345
3978	-1497.049	-1668.546	171.4965	1.154315	1.62326
3984	-1506.954	-1678.504	171.5506	1.094376	1.627174
3990	-1508.291	-1680.131	171.8404	1.108006	1.400432
3996	-1503.503	-1675.298	171.7954	1.174035	1.384505
4002	-1504.198	-1675.776	171.5782	1.396434	1.385112
4008	-1503.826	-1675.578	171.7514	1.173643	1.418968
4014	-1504.598	-1676.101	171.5025	1.25265	1.548149
4020	-1508.191	-1679.763	171.5722	1.364897	1.413336
4026	-1518.704	-1690.028	171.3234	1.566095	1.458627
4032	-1523.641	-1695.476	171.8351	1.132427	1.385672
4038	-1522.253	-1693.753	171.5006	1.542009	1.338004
4044	-1504.376	-1676.193	171.8167	1.252549	1.306081
4050	-1500.506	-1671.995	171.4895	1.51327	1.368054
4056	-1498.392	-1670.416	172.0242	1.11986	1.243058
4062	-1494.31	-1666.169	171.8592	1.208162	1.306883
4068	-1508.013	-1679.569	171.5558	1.615897	1.237189
4074	-1510.424	-1682.017	171.5933	1.307032	1.440025
4080	-1498.869	-1670.825	171.9564	1.129245	1.291338
4086	-1491.205	-1662.851	171.6462	1.27078	1.426538
4092	-1484.739	-1656.485	171.7458	1.170569	1.425601
4098	-1496.701	-1668.334	171.6328	1.463756	1.290517
4104	-1498.574	-1670.241	171.6662	1.253579	1.424056
4110	-1495.631	-1667.327	171.6962	1.124679	1.497869
4116	-1496.893	-1668.582	171.6889	1.139702	1.492149
4122	-1501.23	-1673.006	171.7755	1.104781	1.452876
4128	-1497.13	-1668.494	171.3637	1.411315	1.537462
4134	-1505.475	-1677.39	171.9151	1.162693	1.297984
4140	-1498.77	-1670.669	171.8997	1.248437	1.241043
4146	-1495.531	-1667.184	171.6539	1.32353	1.380762
4152	-1500.288	-1672.033	171.7453	1.32353	1.307947
4158	-1494.923	-1666.279	171.3553	1.413888	1.541875
4164	-1489.22	-1660.767	171.5469	1.215962	1.541875
4170	-1499.11	-1670.67	171.5595	1.419377	1.382675
4176	-1495.156	-1666.634	171.4777	1.630193	1.290956
4182	-1493.75	-1665.386	171.6361	1.623731	1.162149
4188	-1496.226	-1667.551	171.3256	1.775739	1.308122
4194	-1492.277	-1663.747	171.47	1.496065	1.395976
4200	-1505.141	-1676.735	171.5943	1.136578	1.564757
4206	-1496.939	-1668.266	171.3275	1.595952	1.434449
4212	-1503.088	-1674.614	171.5262	1.588622	1.282497
4218	-1504.679	-1675.868	171.1895	1.401267	1.670983
4224	-1499.506	-1671.084	171.5776	1.401267	1.382004
4230	-1497.298	-1668.935	171.6367	1.401267	1.335232
4236	-1489.625	-1661.299	171.6737	1.29951	1.38345
4242	-1500.404	-1671.935	171.5309	1.528499	1.323852
4248	-1493.491	-1665.108	171.6169	1.426815	1.331586
4254	-1494.692	-1665.907	171.2153	1.530486	1.564102
4260	-1514.481	-1686.134	171.6528	1.224014	1.456517
4266	-1509.521	-1681.143	171.6225	1.254904	1.456517
4272	-1500.402	-1671.823	171.4209	1.600528	1.358388
4278	-1486.538	-1658.23	171.6929	1.306839	1.362806
4284	-1494.702	-1665.83	171.1285	1.440055	1.688178
4290	-1487.895	-1659.491	171.5966	1.265085	1.468672
4296	-1490.406	-1661.93	171.5242	1.536752	1.32303
4302	-1500.193	-1671.636	171.4422	1.531935	1.391517
4308	-1507.967	-1679.86	171.8924	1.132449	1.340403
4314	-1496.069	-1667.266	171.197	1.513923	1.58884
4320	-1507.049	-1678.809	171.7599	1.222446	1.374875
4326	-1506.284	-1677.736	171.4521	1.544186	1.374875
4332	-1500.726	-1672.655	171.9286	1.205491	1.252072
4338	-1508.989	-1679.908	170.919	1.77937	1.615251
4344	-1512.604	-1684.376	171.772	1.434904	1.196862
4350	-1504.925	-1676.68	171.7543	1.343947	1.284605
4356	-1497.797	-1669.377	171.5802	1.230365	1.506597
4362	-1499.575	-1671.251	171.6764	1.233115	1.431609
4368	-1505.796	-1677.37	171.574	1.303701	1.457256
4374	-1508.629	-1680.321	171.6916	1.134659	1.493937
4380	-1500.426	-1672.251	171.8246	1.130774	1.395173
4386	-1508.884	-1680.29	171.4054	1.526149	1.424248
4392	-1501.107	-1672.828	171.7205	1.359097	1.300283
4398	-1504.381	-1676.457	172.0753	1.08324	1.230775
4404	-1508.877	-1680.692	171.8148	1.286651	1.28048
4410	-1510.696	-1682.405	171.7085	1.109163	1.50026
4416	-1497.308	-1668.878	171.5695	1.302786	1.461327
4422	-1502.41	-1673.967	171.5569	1.384858	1.410339
4428	-1486.394	-1658.034	171.6398	1.421677	1.317108
4434	-1486.826	-1658.391	171.5651	1.440622	1.362401
4440	-1500.146	-1672.049	171.9035	1.0565	1.391326
4446	-1496.961	-1668.687	171.7264	1.23525	1.391326
4452	-1493.858	-1665.658	171.7997	1.188332	1.370005
4458	-1501.134	-1672.721	171.5871	1.427819	1.354588
4464	-1494.56	-1665.951	171.3915	1.63794	1.354588
4470	-1493.395	-1665.227	171.8315	1.177913	1.353034
4476	-1494.667	-1666.055	171.3884	1.632403	1.361027
4482	-1492.692	-1664.355	171.6629	1.215566	1.455142
4488	-1492.064	-1663.551	171.4872	1.434791	1.42744
4494	-1500.598	-1672.059	171.4607	1.547043	1.365962
4500	-1490.705	-1662.398	171.6928	1.035247	1.56661
4506	-1495.682	-1667.226	171.5433	1.522137	1.318677
4512	-1494.186	-1665.914	171.7288	1.304703	1.335887
4518	-1504.625	-1676.392	171.7672	1.157906	1.418793
4524	-1504.31	-1676.256	171.9465	1.039465	1.370913
4530	-1499.323	-1670.595	171.2716	1.388121	1.621035
4536	-1490.504	-1662.594	172.0893	1.149932	1.16175
4542	-1495.314	-1667.154	171.8391	1.149932	1.368902
4548	-1503.191	-1674.744	171.5527	1.441818	1.371251
4554	-1494.718	-1666.478	171.7605	1.335546	1.28613
4560	-1497.892	-1668.867	170.9743	1.903994	1.49413
4566	-1499.153	-1670.672	171.5197	1.229935	1.551875
4572	-1500.936	-1672.397	171.4609	1.486984	1.409658
4578	-1506.321	-1677.874	171.553	1.239403	1.520272
4584	-1491.986	-1663.779	171.7925	1.23377	1.340296
4590	-1490.597	-1662.14	171.5428	1.572957	1.280732
4596	-1496.368	-1667.579	171.2109	1.741688	1.422543
4602	-1494.151	-1665.703	171.5517	1.329921	1.4549
4608	-1492.121	-1663.844	171.7225	1.274877	1.363955
4614	-1502.221	-1673.887	171.6658	1.333281	1.363955
4620	-1505.999	-1677.567	171.5683	1.554983	1.27345
4626	-1497.603	-1669.216	171.6124	1.551814	1.239255
4632	-1505.406	-1677.283	171.8769	1.155521	1.334478
4638	-1500.348	-1671.684	171.3359	1.617749	1.412585
4644	-1501.37	-1673.251	171.8812	1.140838	1.342701
4650	-1491.011	-1662.628	171.6168	1.414861	1.34078
4656	-1495.28	-1667.226	171.9464	1.078767	1.3399
4662	-1494.252	-1666.11	171.8571	1.281546	1.249637
4668	-1502.972	-1674.489	171.5168	1.237693	1.548382
4674	-1509.322	-1680.858	171.5354	1.539463	1.311978
4680	-1493.591	-1665.534	171.9438	1.012892	1.393861
4686	-1495.727	-1667.699	171.9719	1.114599	1.29058
4692	-1502.763	-1674.547	171.7843	1.114599	1.438699
4698	-1496.205	-1667.928	171.7227	1.283312	1.357301
4704	-1499.435	-1671.155	171.7209	1.47168	1.21086
4710	-1506.635	-1678.096	171.4614	1.574879	1.344998
4716	-1505.442	-1676.815	171.3733	1.789924	1.258794
4722	-1501.659	-1673.325	171.6659	1.469492	1.258794
4728	-1499.71	-1671.41	171.6999	1.258786	1.39398
4734	-1508.562	-1679.905	171.3427	1.336526	1.605425
4740	-1500.142	-1671.84	171.6974	1.018617	1.575432
4746	-1501.204	-1673.24	172.0357	1.021268	1.3144
4752	-1500.178	-1671.883	171.7056	1.275671	1.376607
4758	-1511.915	-1683.549	171.6343	1.2528	1.449093
4764	-1498.791	-1670.452	171.661	1.149137	1.50607
4770	-1490.17	-1661.609	171.4395	1.517258	1.404268
4776	-1507.771	-1679.211	171.4395	1.517258	1.404268
4782	-1486.616	-1658.082	171.4653	1.479475	1.411763
4788	-1507.717	-1679.195	171.4788	1.879682	1.09872
4794	-1508.141	-1679.837	171.6958	1.637432	1.097358
4800	-1493.74	-1665.677	171.9372	1.094923	1.33444
4806	-1503.561	-1675.404	171.8435	1.151279	1.364373
4812	-1507.476	-1679.098	171.6225	1.295022	1.426564
4818	-1503.358	-1674.948	171.5899	1.367369	1.397763
4824	-1502.7	-1674.486	171.7867	1.295758	1.296218
4830	-1489.474	-1661.088	171.6138	1.202369	1.502038
4836	-1493.507	-1665.324	171.8167	1.17559	1.366519
4842	-1496.9	-1668.398	171.4979	1.32722	1.497598
4848	-1503.688	-1675.347	171.6589	1.38824	1.327437
4854	-1496.141	-1667.672	171.5312	1.29708	1.494501
4860	-1504.698	-1676.448	171.75	1.29708	1.324847
4866	-1493.785	-1665.393	171.6074	1.252923	1.469464
4872	-1505.826	-1676.953	171.1266	1.851794	1.412571
4878	-1506.615	-1678.566	171.951	1.138383	1.288314
4884	-1501.814	-1673.319	171.5052	1.41603	1.427256
4890	-1501.795	-1673.665	171.8701	1.09572	1.386865
4896	-1494.413	-1666.289	171.8759	1.247675	1.261479
4902	-1485.435	-1657.137	171.7021	1.247675	1.400729
4908	-1497.34	-1668.981	171.641	1.588177	1.186301
4914	-1494.963	-1666.576	171.6123	1.643146	1.167493
4920	-1496.383	-1668.111	171.7275	1.293832	1.345394
4926	-1497.602	-1669.322	171.7192	1.293832	1.351926
4932	-1497.638	-1669.065	171.4266	1.242036	1.611229
4938	-1498.108	-1669.798	171.6899	1.346347	1.334846
4944	-1503.688	-1675.28	171.5917	1.264098	1.473104
4950	-1504.621	-1676.048	171.4267	1.455454	1.4587
4956	-1494.265	-1666.058	171.7933	1.38644	1.218091
4962	-1493.358	-1665.103	171.7449	1.148037	1.443475
4968	-1500.09	-1671.96	171.87	1.148037	1.345956
4974	-1495.049	-1666.506	171.4563	1.335224	1.522851
4980	-1491.623	-1662.845	171.2214	1.742356	1.41398
4986	-1502.057	-1673.539	171.4815	1.395956	1.460031
4992	-1488.653	-1659.967	171.3144	1.395956	1.584473
4998	-1490.994	-1662.401	171.407	1.850641	1.18514
5004	-1490.14	-1661.547	171.4071	1.500357	1.441458
5010	-1486.996	-1658.751	171.7552	1.313053	1.30817
5016	-1503.85	-1675.521	171.671	1.204269	1.457466
5022	-1500.365	-1672.113	171.7486	1.257268	1.356864
5028	-1514.504	-1686.099	171.5949	1.608744	1.209608
5034	-1496.042	-1667.63	171.5875	1.288011	1.45857
5040	-1498.145	-1669.926	171.7817	1.119339	1.437087
5046	-1503.023	-1674.328	171.3053	1.836005	1.281399
5052	-1504.862	-1676.446	171.5836	1.507995	1.296747
5058	-1497.051	-1668.538	171.4872	1.467696	1.403375
5064	-1498.577	-1670.25	171.6736	1.273412	1.403375
5070	-1499.622	-1670.886	171.2641	1.788358	1.348466
5076	-1497.769	-1669.33	171.5616	1.72594	1.146322
5082	-1502.855	-1674.429	171.5735	1.680655	1.171677
5088	-1501.001	-1672.876	171.8743	1.291364	1.227189
5094	-1520.512	-1691.808	171.2961	1.641977	1.426184
5100	-1501.518	-1673.082	171.5649	1.227936	1.519811
5106	-1502.969	-1674.578	171.6094	1.545254	1.246829
5112	-1498.519	-1669.974	171.4549	1.545254	1.371853
5118	-1486.744	-1658.301	171.5567	1.218365	1.53289
5124	-1529.873	-1701.306	171.4329	1.334127	1.541049
5130	-1502.977	-1674.487	171.5101	1.383192	1.447537
5136	-1506.356	-1678.415	172.059	1.081825	1.245634
5142	-1491.488	-1663.245	171.7564	1.430856	1.213502
5148	-1500.501	-1672.179	171.6777	1.44802	1.265857
5154	-1493.939	-1665.531	171.5923	1.289306	1.453987
5160	-1496.622	-1668.483	171.861	1.333611	1.203744
5166	-1501.964	-1673.502	171.538	1.486769	1.349341
5172	-1502.415	-1674.284	171.8683	1.145419	1.349341
5178	-1496.804	-1668.601	171.7974	1.392208	1.209937
5184	-1490.195	-1661.958	171.7635	1.379104	1.249077
5190	-1492.792	-1664.71	171.9175	1.361564	1.130704
5196	-1498.121	-1669.663	171.5415	1.462115	1.36493
5202	-1498.993	-1670.267	171.2741	1.840593	1.303612
5208	-1495.356	-1666.866	171.5101	1.235796	1.554697
5214	-1495.069	-1666.579	171.5101	1.235796	1.554697
5220	-1492.578	-1664.401	171.8223	1.199018	1.3438
5226	-1488.724	-1660.336	171.6125	1.595612	1.204915
5232	-1489.647	-1661.036	171.3886	1.716371	1.299957
5238	-1489.659	-1661.139	171.4794	1.506652	1.380884
5244	-1485.585	-1657.161	171.5765	1.506652	1.30349
5250	-1484.899	-1656.724	171.8247	1.251435	1.300494
5256	-1491.193	-1662.868	171.6756	1.394599	1.309069
5262	-1500.87	-1672.776	171.9055	1.086472	1.366256
5268	-1504.435	-1676.275	171.8398	1.261026	1.280513
5274	-1497.671	-1669.191	171.5198	1.261026	1.52922
5280	-1516.89	-1688.288	171.3973	1.747629	1.269975
5286	-1503.82	-1675.632	171.8125	1.182578	1.364431
5292	-1508.396	-1680.141	171.7457	1.174441	1.42278
5298	-1507.476	-1679.314	171.8378	1.273281	1.272259
5304	-1498.118	-1669.577	171.4592	1.549812	1.36516
5310	-1512.282	-1684.359	172.0764	0.9988565	1.299527
5316	-1509.095	-1680.755	171.6607	1.212833	1.458891
5322	-1502.485	-1674.008	171.5235	1.353055	1.45941
5328	-1499.788	-1671.627	171.8391	1.156693	1.36358
5334	-1502.012	-1673.194	171.182	1.741958	1.444597
5340	-1507.556	-1679.405	171.8488	1.086065	1.410883
5346	-1502.614	-1674.392	171.7781	1.27905	1.316378
5352	-1496.814	-1668.385	171.5706	1.483942	1.325477
5358	-1502.809	-1674.486	171.6769	1.289812	1.388356
5364	-1502.159	-1673.985	171.8258	1.40025	1.178924
5370	-1499.193	-1670.96	171.7669	1.40025	1.229303
5376	-1503.563	-1675.311	171.7484	1.41962	1.229303
5382	-1498.491	-1670.294	171.8036	1.242511	1.324571
5388	-1499.091	-1670.424	171.333	1.474174	1.515972
5394	-1503.18	-1674.743	171.5626	1.424128	1.376677
5400	-1514.671	-1686.272	171.6014	1.492525	1.294024
5406	-1514.248	-1685.868	171.6199	1.425195	1.330461
5412	-1504.168	-1675.67	171.5026	1.498362	1.368785
5418	-1505.612	-1677.557	171.945	1.24286	1.207347
5424	-1500.569	-1672.241	171.6728	1.24286	1.42702
5430	-1506.886	-1678.46	171.5741	1.301266	1.458951
5436	-1516.261	-1687.878	171.6177	1.403649	1.348544
5442	-1516.645	-1687.824	171.1789	1.932748	1.31598
5448	-1512.068	-1684.074	172.0057	1.211539	1.181603
5454	-1510.634	-1681.61	170.9761	1.801847	1.559077
5460	-1494.825	-1666.165	171.3403	1.55653	1.452475
5466	-1487.213	-1658.851	171.6381	1.223943	1.467708
5472	-1506.087	-1677.931	171.8441	1.104764	1.400098
5478	-1500.692	-1672.223	171.531	1.439851	1.389709
5484	-1489.958	-1661.541	171.5827	1.493895	1.308136
5490	-1505.814	-1677.262	171.4479	1.407752	1.477003
5496	-1499.403	-1671.083	171.6803	1.156974	1.485786
5502	-1502.936	-1674.73	171.7939	1.053704	1.477593
5508	-1503.446	-1675.037	171.5914	1.406297	1.367351
5514	-1490.744	-1662.266	171.5216	1.406297	1.42182
5520	-1498.663	-1670.481	171.8176	1.119116	1.409614
5526	-1514.467	-1686.393	171.9265	0.9123097	1.484116
5532	-1509.145	-1680.916	171.7709	1.068046	1.484116
5538	-1509.425	-1680.946	171.5212	1.486654	1.362748
5544	-1502.496	-1674.098	171.6012	1.56122	1.24128
5550	-1499.281	-1670.638	171.357	1.65839	1.367116
5556	-1493.84	-1665.5	171.6599	1.12903	1.521793
5562	-1502.214	-1673.877	171.6632	1.244172	1.43343
5568	-1500.299	-1672.051	171.7523	1.141265	1.44289
5574	-1506.214	-1678.127	171.9132	1.194352	1.273931
5580	-1499.024	-1670.6	171.5755	1.307262	1.453458
5586	-1501.808	-1673.656	171.8473	1.032103	1.453458
5592	-1488.061	-1659.561	171.5006	1.379827	1.457221
5598	-1494.655	-1666.016	171.3603	1.465636	1.501586
5604	-1495.322	-1667.035	171.7134	1.076741	1.520699
5610	-1494.428	-1666.083	171.6551	1.395227	1.325128
5616	-1495.158	-1666.845	171.6873	1.451456	1.255186
5622	-1507.411	-1678.814	171.4024	1.55958	1.40249
5628	-1497.332	-1668.641	171.3085	1.734996	1.350915
5634	-1489.015	-1660.738	171.7229	1.256454	1.37782
5640	-1496.765	-1668.548	171.7836	1.192265	1.379594
5646	-1509.884	-1681.368	171.4841	1.540179	1.352501
5652	-1504.366	-1675.742	171.3768	1.781268	1.262186
5658	-1495.8	-1667.759	171.9586	1.207821	1.22505
5664	-1493.783	-1665.493	171.7103	1.388545	1.285585
5670	-1496.875	-1668.553	171.6781	1.314194	1.368784
5676	-1495.58	-1667.196	171.6158	1.61131	1.189733
5682	-1496.212	-1667.691	171.4792	1.442639	1.427862
5688	-1496.256	-1667.58	171.3238	1.451091	1.539027
5694	-1513.952	-1685.409	171.4571	1.160199	1.647393
5700	-1509.227	-1680.754	171.5261	1.207296	1.563539
5706	-1508.742	-1680.237	171.4951	1.324934	1.501358
5712	-1505.528	-1677.207	171.6793	1.437612	1.27267
5718	-1520.697	-1692.904	172.207	0.9431899	1.237702
5724	-1514.327	-1686.097	171.7701	1.302292	1.304533
5730	-1504.015	-1675.847	171.8323	1.103283	1.410383
5736	-1501.275	-1673.172	171.8973	1.038158	1.410383
5742	-1511.296	-1682.763	171.4667	1.43237	1.444916
5748	-1501.422	-1672.923	171.501	1.39293	1.4474
5754	-1527.721	-1699.659	171.9377	0.9956269	1.411996
5760	-1509.809	-1681.753	171.9442	0.9956269	1.406969
5766	-1499.577	-1670.938	171.3608	1.45722	1.50715
5772	-1492.372	-1664.047	171.6746	1.465187	1.254969
5778	-1497.483	-1669.308	171.8243	1.093374	1.424196
5784	-1499.141	-1670.827	171.6855	1.1577	1.48132
5790	-1495.925	-1667.634	171.7086	1.271199	1.377715
5796	-1499.781	-1671.396	171.615	1.199149	1.50351
5802	-1501.791	-1673.466	171.6752	1.104309	1.52871
5808	-1481.392	-1653.456	172.0635	1.104309	1.22297
5814	-1476.196	-1647.6	171.4041	1.559085	1.401548
5820	-1478.494	-1650.12	171.6261	1.486614	1.278394
5826	-1487.668	-1659.367	171.6996	1.426554	1.264579
5832	-1495.393	-1667.041	171.6476	1.426554	1.307071
5838	-1496.641	-1668.48	171.8391	1.247376	1.291974
5844	-1502.457	-1674.271	171.8138	1.247376	1.312504
5850	-1497.125	-1669.062	171.9363	1.221296	1.232629
5856	-1486.986	-1658.679	171.6931	1.335583	1.340568
5862	-1496.691	-1668.277	171.586	1.345757	1.416853
5868	-1496.526	-1668.252	171.7252	1.250508	1.380547
5874	-1503.639	-1674.917	171.2773	1.727834	1.380547
5880	-1503.446	-1675.162	171.7165	1.394887	1.275516
5886	-1502.338	-1673.597	171.2592	1.805052	1.340673
5892	-1503.157	-1674.605	171.4478	1.394125	1.486843
5898	-1511.132	-1682.987	171.8549	1.436865	1.122354
5904	-1489.801	-1661.599	171.798	1.402513	1.201034
5910	-1499.419	-1671.202	171.7823	1.314007	1.285316
5916	-1507.973	-1679.442	171.4687	1.248574	1.575905
5922	-1501.133	-1672.745	171.6114	1.189215	1.513522
5928	-1496.096	-1667.839	171.7435	1.246937	1.36894
5934	-1504.651	-1676.511	171.8599	1.254612	1.269091
5940	-1493.408	-1665.314	171.9052	1.289174	1.202717
5946	-1499.956	-1671.638	171.6822	1.319445	1.361602
5952	-1499.243	-1670.805	171.5625	1.374625	1.413571
5958	-1499.11	-1670.996	171.8861	1.16943	1.316037
5964	-1489.765	-1661.534	171.7686	1.21487	1.373921
5970	-1500.963	-1672.796	171.8324	1.209139	1.327736
5976	-1495.332	-1666.795	171.4622	1.492506	1.404645
5982	-1490.284	-1662.342	172.0578	1.018111	1.298996
5988	-1485.127	-1656.416	171.2893	1.501286	1.529591
5994	-1489.713	-1661.189	171.4758	1.501286	1.38766
6000	-1491.956	-1663.936	171.9798	0.9848184	1.38766
6006	-1490.277	-1661.931	171.6542	1.372373	1.343365
6012	-1490.094	-1662.156	172.0626	1.113761	1.215813
6018	-1490.749	-1662.515	171.7667	1.417191	1.215813
6024	-1500.734	-1672.434	171.7003	1.360489	1.31552
6030	-1493.068	-1664.836	171.7677	1.078539	1.478625
6036	-1494.424	-1665.856	171.4319	1.620614	1.335015
6042	-1504.328	-1676.004	171.6758	1.401042	1.303931
6048	-1500.673	-1672.306	171.633	1.3859	1.349908
6054	-1487.345	-1659.102	171.7571	1.257586	1.349908
6060	-1490.43	-1662.249	171.8181	1.176137	1.364982
6066	-1486.941	-1658.238	171.2974	1.727535	1.364982
6072	-1490.441	-1662.406	171.9652	1.167553	1.25282
6078	-1492.712	-1664.094	171.3819	1.165074	1.69762
6084	-1496.043	-1667.194	171.1507	1.652148	1.52908
6090	-1501.685	-1673.431	171.7462	1.083187	1.491346
6096	-1498.966	-1670.256	171.2902	1.572108	1.479559
6102	-1501.84	-1673.841	172.0015	1.114659	1.266234
6108	-1502.363	-1673.787	171.424	1.424008	1.483323
6114	-1493.791	-1665.356	171.5649	1.424008	1.374937
6120	-1484.372	-1656.345	171.9734	1.102651	1.299053
6126	-1502.639	-1673.664	171.025	1.614431	1.645964
6132	-1494.414	-1666.064	171.6493	1.387213	1.335898
6138	-1513.37	-1685.082	171.7118	1.248171	1.392771
6144	-1500.592	-1672.62	172.028	1.055451	1.292899
6150	-1500.246	-1671.861	171.6149	1.353603	1.388523
6156	-1489.815	-1661.164	171.3488	1.353603	1.589064
6162	-1488.365	-1659.988	171.6229	1.353603	1.382328
6168	-1500.193	-1671.617	171.4231	1.504221	1.426393
6174	-1495.716	-1667.28	171.5649	1.146767	1.57897
6180	-1500.048	-1671.698	171.6505	1.146767	1.515682
6186	-1497.823	-1669.259	171.4359	1.468205	1.442544
6192	-1506.924	-1678.282	171.3579	1.677802	1.352506
6198	-1495.097	-1666.792	171.6956	1.217357	1.428783
6204	-1500.164	-1671.95	171.7866	1.303199	1.290375
6210	-1495.851	-1667.319	171.4679	1.447824	1.432732
6216	-1491.575	-1663.008	171.4332	1.484637	1.432732
6222	-1504.118	-1675.926	171.8075	1.384863	1.207351
6228	-1489.048	-1660.875	171.8273	1.133561	1.390849
6234	-1483.375	-1655.091	171.7154	1.135362	1.475414
6240	-1486.856	-1658.694	171.8387	1.363208	1.198353
6246	-1487.85	-1659.733	171.8827	1.12196	1.356366
6252	-1483.669	-1655.092	171.4232	1.630097	1.335031
6258	-1495.448	-1666.78	171.3315	1.580675	1.442139
6264	-1497.369	-1669.001	171.6315	1.185134	1.501549
6270	-1498.268	-1669.71	171.4421	1.55221	1.376867
6276	-1493.604	-1665.197	171.5929	1.210984	1.511343
6282	-1498.836	-1670.387	171.5514	1.425926	1.384154
6288	-1496.101	-1667.351	171.2501	1.561198	1.517206
6294	-1506.101	-1677.68	171.5795	1.223386	1.512256
6300	-1510.012	-1681.541	171.5282	1.303148	1.492309
6306	-1512.028	-1683.802	171.7744	1.201155	1.379957
6312	-1506.868	-1678.643	171.7744	1.201155	1.379957
6318	-1505.416	-1677.153	171.7375	1.201155	1.408732
6324	-1504.636	-1676.367	171.7306	1.416328	1.246894
6330	-1486.231	-1657.636	171.4047	1.480246	1.457663
6336	-1489.888	-1661.484	171.5958	1.355826	1.401785
6342	-1484.257	-1655.797	171.5404	1.355826	1.444476
6348	-1492.26	-1663.988	171.7279	1.355514	1.297016
6354	-1504.243	-1675.741	171.4974	1.230214	1.568064
6360	-1506.463	-1677.826	171.3638	1.602483	1.401799
6366	-1505.853	-1677.508	171.6551	1.232507	1.448372
6372	-1511.787	-1683.237	171.4503	1.46126	1.436542
6378	-1515.387	-1687.116	171.7287	1.176349	1.434382
6384	-1509.397	-1681.159	171.7619	1.251783	1.350621
6390	-1509.881	-1681.04	171.1587	1.561164	1.584677
6396	-1516.408	-1687.739	171.3312	1.646237	1.395982
6402	-1503.91	-1675.616	171.7065	1.297454	1.359207
6408	-1504.466	-1676.386	171.9199	1.081	1.359207
6414	-1516.216	-1687.789	171.5731	1.263641	1.487454
6420	-1502.209	-1673.715	171.506	1.694754	1.218715
6426	-1506.611	-1678.329	171.718	1.286908	1.358238
6432	-1505.463	-1677.323	171.8597	1.286908	1.243105
6438	-1511.184	-1682.999	171.8155	1.059752	1.456619
6444	-1509.571	-1681.029	171.4581	1.192646	1.62363
6450	-1498.446	-1669.755	171.3085	1.401748	1.584791
6456	-1483.224	-1654.945	171.7211	1.401748	1.26632
6462	-1488.157	-1660.069	171.9117	1.213973	1.259197
6468	-1501.184	-1672.65	171.466	1.4136	1.45903
6474	-1510.457	-1682.07	171.6127	1.306677	1.425461
6480	-1499.699	-1671.301	171.6012	1.318454	1.425461
6486	-1498.365	-1669.777	171.4121	1.733187	1.268423
6492	-1502.611	-1674.558	171.9473	1.166561	1.268423
6498	-1503.282	-1675.42	172.1384	1.2019	1.070782
6504	-1492.145	-1664.343	172.198	1.144964	1.067641
6510	-1495.068	-1666.677	171.609	1.213548	1.497434
6516	-1499.544	-1671.304	171.7593	1.365737	1.263257
6522	-1497.591	-1669.052	171.4612	1.362099	1.499841
6528	-1490.823	-1662.627	171.804	1.312384	1.2688
6534	-1497.268	-1668.746	171.4787	1.416337	1.447405
6540	-1506.015	-1677.666	171.6508	1.238235	1.447405
6546	-1508.705	-1680.256	171.5512	1.238235	1.52249
6552	-1508.306	-1679.792	171.4866	1.394882	1.456958
6558	-1498.256	-1669.927	171.671	1.286397	1.395555
6564	-1506.682	-1678.328	171.6455	1.218122	1.46644
6570	-1521.134	-1692.829	171.6942	1.200083	1.442846
6576	-1511.756	-1683.73	171.9739	1.097587	1.302764
6582	-1506.499	-1677.901	171.4017	1.421353	1.502046
6588	-1499.303	-1671.208	171.9048	1.115993	1.343544
6594	-1501.717	-1673.332	171.6152	1.282256	1.441722
6600	-1497.887	-1669.251	171.3635	1.328001	1.596325
6606	-1505.133	-1677.097	171.9647	1.09149	1.315062
6612	-1496.047	-1668.034	171.9863	1.132941	1.26379
6618	-1502.026	-1674.029	172.0024	1.037036	1.328461
6624	-1499.197	-1670.391	171.1948	1.828917	1.375014
6630	-1501.191	-1672.518	171.3268	1.526019	1.484221
6636	-1501.318	-1673.282	171.9642	1.167581	1.253662
6642	-1503.867	-1675.399	171.5324	1.586786	1.278769
6648	-1496.486	-1668.309	171.823	1.130512	1.396566
6654	-1500.725	-1672.617	171.8926	1.060648	1.396566
6660	-1498.719	-1670.042	171.323	1.291083	1.651414
6666	-1505.743	-1677.136	171.3933	1.645842	1.347416
6672	-1513.416	-1684.988	171.5725	1.345501	1.427444
6678	-1508.055	-1679.501	171.4459	1.478445	1.427444
6684	-1490.896	-1662.459	171.563	1.312721	1.458991
6690	-1502.586	-1673.891	171.3046	1.75034	1.343095
6696	-1508.136	-1679.537	171.4015	1.580389	1.388242
6702	-1496.998	-1668.732	171.7335	1.266112	1.361998
6708	-1496.28	-1667.96	171.6805	1.40619	1.296112
6714	-1492.446	-1663.858	171.4117	1.34651	1.547903
6720	-1491.91	-1663.322	171.4117	1.34651	1.547903
6726	-1486.828	-1658.39	171.5618	1.175812	1.560078
6732	-1490.651	-1662.412	171.7618	1.291255	1.319935
6738	-1506.57	-1677.944	171.3745	1.510398	1.459172
6744	-1512.162	-1683.574	171.4118	1.667263	1.317052
6750	-1516.454	-1687.854	171.4	1.641696	1.345073
6756	-1505.563	-1677.162	171.5991	1.382299	1.379369
6762	-1506.762	-1678.276	171.5134	1.346969	1.471497
6768	-1501.809	-1673.154	171.3452	1.57064	1.438779
6774	-1491.563	-1663.421	171.8578	1.361702	1.183133
6780	-1492.48	-1664.136	171.656	1.20866	1.465527
6786	-1483.07	-1655.006	171.9359	1.211792	1.240819
6792	-1495.732	-1667.16	171.4282	1.25032	1.60419
6798	-1497.604	-1669.279	171.6758	1.25032	1.41914
6804	-1506.564	-1678.27	171.7059	1.168761	1.457543
6810	-1506.483	-1678.551	172.0673	0.9718289	1.328682
6816	-1509.244	-1680.985	171.7406	1.220633	1.391372
6822	-1517.517	-1689.149	171.6316	1.471297	1.285696
6828	-1499.97	-1671.867	171.897	1.086432	1.373041
6834	-1494.722	-1666.424	171.702	1.402735	1.281204
6840	-1490.905	-1662.545	171.6407	1.091402	1.563732
6846	-1487.243	-1658.976	171.7337	1.213892	1.401942
6852	-1490.187	-1661.878	171.6912	1.212568	1.43578
6858	-1503.799	-1675.395	171.5955	1.374095	1.388313
6864	-1499.99	-1671.485	171.4952	1.435754	1.420558
6870	-1504.227	-1675.638	171.4109	1.304708	1.578164
6876	-1516.179	-1687.423	171.244	1.522382	1.548548
6882	-1519.366	-1690.863	171.4966	1.498503	1.373351
6888	-1514.888	-1686.436	171.5475	1.341901	1.449281
6894	-1500.82	-1672.524	171.7042	1.258727	1.390657
6900	-1519.085	-1690.83	171.7452	1.561122	1.116267
6906	-1505.116	-1676.487	171.3714	1.782507	1.265772
6912	-1497.675	-1669.245	171.5704	1.202474	1.53432
6918	-1506.823	-1678.499	171.6769	1.444094	1.269555
6924	-1502.801	-1674.728	171.9267	1.237985	1.226982
6930	-1500.452	-1672.413	171.9614	1.060499	1.34251
6936	-1496.634	-1668.698	172.0638	0.9580929	1.34251
6942	-1497.075	-1668.998	171.9224	1.099631	1.34251
6948	-1489.821	-1661.534	171.7129	1.180661	1.443229
6954	-1512.856	-1684.177	171.3218	1.768365	1.316499
6960	-1515.268	-1686.716	171.448	1.636374	1.310503
6966	-1507.134	-1678.537	171.4031	1.45557	1.47653
6972	-1496.102	-1667.727	171.6252	1.225244	1.47653
6978	-1501.64	-1673.582	171.9421	1.156922	1.280578
6984	-1501.564	-1673.241	171.6766	1.154837	1.490136
6990	-1504.057	-1675.985	171.9282	1.055949	1.372419
6996	-1493.521	-1665.319	171.7978	1.187146	1.372419
7002	-1495.259	-1666.885	171.6251	1.525402	1.249175
7008	-1490.758	-1662.871	172.1132	1.098435	1.185505
7014	-1494.746	-1666.712	171.9662	1.098435	1.308302
7020	-1500.965	-1672.506	171.541	1.310653	1.477211
7026	-1503.595	-1674.933	171.3388	1.569683	1.444369
7032	-1504.605	-1676.138	171.5332	1.347348	1.456208
7038	-1513.842	-1685.626	171.7837	1.13526	1.423356
7044	-1524.779	-1696.413	171.6344	1.165154	1.514098
7050	-1506.219	-1677.866	171.6465	1.346516	1.369091
7056	-1507.821	-1679.355	171.5348	1.346516	1.455624
7062	-1509.845	-1681.476	171.6307	1.241558	1.460248
7068	-1507.018	-1678.692	171.674	1.440947	1.27436
7074	-1505.194	-1677.004	171.8097	1.235241	1.325397
7080	-1516.546	-1688.421	171.8747	1.217931	1.286443
7086	-1499.388	-1670.853	171.4654	1.514294	1.386266
7092	-1485.117	-1656.536	171.4198	1.344959	1.54296
7098	-1494.837	-1666.456	171.619	1.377583	1.367241
7104	-1500.768	-1672.475	171.7069	1.377583	1.296921
7110	-1505.271	-1676.752	171.4815	1.377583	1.47335
7116	-1495.876	-1667.348	171.473	1.297753	1.537461
7122	-1492.798	-1664.441	171.643	1.321662	1.390678
7128	-1500.067	-1671.681	171.6142	1.321662	1.413085
7134	-1506.462	-1678.206	171.7448	1.321662	1.30986
7140	-1500.442	-1672.272	171.8297	1.142149	1.382367
7146	-1503.46	-1675.103	171.6433	1.552644	1.212483
7152	-1496.968	-1668.435	171.4676	1.601047	1.320797
7158	-1486.135	-1658.019	171.8836	1.166035	1.320797
7164	-1482.249	-1653.746	171.4975	1.325668	1.498972
7170	-1492.695	-1664.375	171.6799	1.27412	1.397901
7176	-1499.462	-1671.156	171.694	1.532968	1.184657
7182	-1488.607	-1660.071	171.4646	1.532968	1.373251
7188	-1503.382	-1674.798	171.4163	1.407488	1.50096
7194	-1503.291	-1674.923	171.6317	1.28057	1.430324
7200	-1500.697	-1672.15	171.4529	1.247107	1.588495
7206	-1507.589	-1679.294	171.7048	1.058879	1.540384
7212	-1516.511	-1687.919	171.4079	1.700572	1.295868
7218	-1512.608	-1684.408	171.7999	1.275422	1.301585
7224	-1514.334	-1686.031	171.6973	1.164871	1.467025
7230	-1510.802	-1682.517	171.7156	1.218488	1.41247
7236	-1511.886	-1683.619	171.7332	1.354697	1.293378
7242	-1517.331	-1689.324	171.9934	1.077308	1.303301
7248	-1516.994	-1688.698	171.7038	1.176366	1.453419
7254	-1501.615	-1673.105	171.4899	1.486632	1.38734
7260	-1505.348	-1676.767	171.4197	1.655507	1.319285
7266	-1512.957	-1684.807	171.85	1.099327	1.399677
7272	-1504.771	-1676.102	171.3305	1.502207	1.498156
7278	-1514.597	-1686.451	171.8532	1.369853	1.180366
7284	-1505.278	-1676.894	171.6161	1.372073	1.373692
7290	-1488.736	-1660.442	171.7061	1.266045	1.383627
7296	-1504.104	-1675.748	171.6443	1.266045	1.431535
7302	-1509.596	-1681.311	171.7149	1.082707	1.515199
7308	-1505.978	-1677.632	171.6543	1.143646	1.515199
7314	-1502.619	-1674.194	171.575	1.495302	1.313332
7320	-1505.099	-1676.712	171.6129	1.350706	1.392298
7326	-1513.264	-1684.872	171.6074	1.145361	1.548717
7332	-1492.141	-1663.829	171.6883	1.183662	1.459762
7338	-1506.573	-1678.201	171.6283	1.244637	1.459762
7344	-1497.811	-1669.647	171.8361	1.162776	1.361198
7350	-1498.029	-1669.439	171.4099	1.489554	1.447035
7356	-1497.373	-1668.964	171.5907	1.489554	1.305015
7362	-1500.79	-1672.356	171.5663	1.497665	1.318525
7368	-1493.172	-1664.564	171.3923	1.566785	1.405166
7374	-1491.381	-1663.179	171.7975	1.145075	1.405166
7380	-1503.745	-1675.722	171.977	1.095814	1.30164
7386	-1495.71	-1667.367	171.6569	1.2644	1.423104
7392	-1496.021	-1667.79	171.7693	1.245505	1.349607
7398	-1501.799	-1673.504	171.7049	1.44211	1.247876
7404	-1504.513	-1676.174	171.6608	1.488876	1.247876
7410	-1509.02	-1680.702	171.682	1.188575	1.460834
7416	-1513.408	-1685.248	171.8401	1.087482	1.416551
7422	-1499.814	-1671.337	171.5225	1.442521	1.394385
7428	-1498.046	-1669.463	171.4169	1.576365	1.379069
7434	-1499.72	-1671.525	171.806	1.235106	1.328486
7440	-1505.396	-1677.298	171.9022	1.267156	1.223517
7446	-1496.691	-1668.151	171.4602	1.642842	1.295824
7452	-1507.212	-1678.971	171.7587	1.293709	1.320495
7458	-1501.442	-1673.064	171.6221	1.282626	1.436135
7464	-1496.783	-1668.322	171.5391	1.436322	1.385991
7470	-1499.844	-1671.543	171.6995	1.430435	1.261554
7476	-1505.985	-1677.4	171.4152	1.2756	1.595739
7482	-1500.698	-1672.457	171.7595	1.2756	1.334004
7488	-1496.723	-1668.376	171.6536	1.503092	1.242766
7494	-1504.257	-1675.994	171.7376	1.423961	1.234934
7500	-1508.793	-1680.604	171.8108	1.147783	1.392742
7506	-1502.194	-1673.652	171.4578	1.2471	1.584965
7512	-1492.907	-1664.476	171.569	1.573146	1.258982
7518	-1490.694	-1662.357	171.6635	1.405874	1.310148
7524	-1493.723	-1665.689	171.966	1.096276	1.310148
7530	-1492.003	-1663.766	171.7627	1.38041	1.248699
7536	-1493.402	-1665.31	171.9087	1.157366	1.307447
7542	-1494.167	-1665.971	171.8039	1.360297	1.230371
7548	-1499.505	-1671.189	171.6838	1.360297	1.328935
7554	-1496.342	-1667.967	171.6253	1.414981	1.333929
7560	-1496.546	-1668.164	171.6174	1.414981	1.340223
7566	-1495.168	-1666.634	171.466	1.41574	1.457508
7572	-1496.896	-1668.551	171.6544	1.41574	1.309933
7578	-1491.221	-1662.97	171.7482	1.199026	1.402035
7584	-1499.598	-1671.249	171.6503	1.461753	1.277703
7590	-1494.549	-1666.11	171.5606	1.303505	1.467585
7596	-1492.694	-1664.634	171.9395	1.097106	1.330825
7602	-1495.977	-1667.524	171.547	1.36146	1.435292
7608	-1495.862	-1667.826	171.9644	1.165577	1.25509
7614	-1495.576	-1667.631	172.0541	0.957809	1.350402
7620	-1500.971	-1672.717	171.7452	1.47565	1.186771
7626	-1493.586	-1665.224	171.6372	1.45073	1.296916
7632	-1494.819	-1666.244	171.4253	1.423108	1.482982
7638	-1489.33	-1660.662	171.3312	1.256764	1.669545
7644	-1491.853	-1663.384	171.531	1.325932	1.473559
7650	-1510.023	-1681.517	171.4934	1.306105	1.516258
7656	-1497.836	-1669.716	171.8805	1.215159	1.283987
7662	-1505.734	-1677.427	171.6927	1.393873	1.29572
7668	-1510.619	-1682.456	171.8372	1.131376	1.384829
7674	-1515.319	-1686.931	171.6123	1.551222	1.23974
7680	-1516.914	-1688.511	171.5975	1.376702	1.384829
7686	-1509.921	-1681.716	171.7947	1.133554	1.416177
7692	-1506.229	-1678.079	171.85	1.078061	1.416177
7698	-1500.95	-1672.828	171.878	1.100451	1.376929
7704	-1505.36	-1677.352	171.9923	1.090255	1.293681
7710	-1527.549	-1698.836	171.2871	1.930887	1.228161
7716	-1513.892	-1685.219	171.3272	1.498045	1.503611
7722	-1494.868	-1666.605	171.7375	1.375159	1.273729
7728	-1488.862	-1660.339	171.4769	1.387468	1.469687
7734	-1497.423	-1669.318	171.8946	1.162851	1.314488
7740	-1489.545	-1661.068	171.5231	1.39806	1.426697
7746	-1497.02	-1669.146	172.1261	0.85199	1.376582
7752	-1497.641	-1669.324	171.683	1.271792	1.39724
7758	-1504.373	-1675.979	171.6062	1.202571	1.507577
7764	-1505.845	-1677.004	171.1593	1.488103	1.633691
7770	-1508.922	-1680.401	171.4795	1.488103	1.394371
7776	-1506.879	-1678.204	171.3248	1.747915	1.328701
7782	-1508.905	-1680.572	171.6672	1.328579	1.366476
7788	-1503.931	-1675.674	171.7439	1.158435	1.43635
7794	-1492.113	-1663.694	171.5814	1.521034	1.288605
7800	-1493.427	-1664.867	171.4399	1.521034	1.4012
7806	-1498.724	-1670.321	171.5973	1.380414	1.38215
7812	-1499.367	-1671.071	171.7039	1.224797	1.41671
7818	-1499.218	-1670.629	171.4112	1.534046	1.414089
7824	-1504.539	-1675.984	171.4444	1.430045	1.463542
7830	-1495.706	-1667.306	171.6002	1.313057	1.430279
7836	-1486.312	-1658.206	171.8939	1.252137	1.242883
7842	-1494.363	-1666.055	171.6925	1.252137	1.404841
7848	-1498.845	-1670.64	171.7943	1.408913	1.198941
7854	-1493.416	-1665.294	171.8773	1.065032	1.405089
7860	-1498.216	-1669.958	171.7414	1.564173	1.117144
7866	-1486.6	-1658.244	171.6443	1.44984	1.291857
7872	-1513.77	-1684.853	171.0827	1.538665	1.654779
7878	-1498.001	-1669.956	171.9552	1.219758	1.217948
7884	-1495.089	-1666.92	171.8309	1.253879	1.293475
7890	-1501.636	-1673.241	171.6048	1.197625	1.512312
7896	-1505.04	-1676.613	171.5732	1.232764	1.510091
