Iteration	Posterior	Likelihood	Prior	part_rate_trans	tree_length
0	-280.7783	-451.7138	170.9355	2.199475	1.181595
6	-275.5629	-447.3015	171.7387	1.507948	1.081529
12	-270.7978	-442.4799	171.6821	1.533592	1.109997
18	-263.1549	-434.6342	171.4793	1.55645	1.265512
24	-281.2383	-452.8741	171.6358	1.088447	1.509335
30	-267.645	-438.9411	171.2961	1.508986	1.448317
36	-268.3257	-439.7399	171.4142	1.477578	1.381224
42	-279.5017	-451.1252	171.6235	0.8698457	1.677696
48	-272.3048	-443.608	171.3032	1.027237	1.792117
54	-272.5976	-444.1166	171.519	1.26846	1.46168
60	-269.7205	-441.4548	171.7343	1.124993	1.40656
66	-271.2312	-441.851	170.6199	2.893174	0.7934236
72	-270.67	-441.8928	171.2229	2.290179	0.7934236
78	-282.4909	-453.9537	171.4628	2.107098	0.7081479
84	-280.6158	-452.0886	171.4728	1.85311	1.005343
90	-278.9468	-449.8278	170.881	2.696615	0.6947391
96	-282.0374	-452.5595	170.5221	2.970906	0.8197565
102	-274.9452	-445.7852	170.84	2.642229	0.8333864
108	-280.7487	-452.3159	171.5672	1.915017	0.8333864
114	-283.439	-454.7633	171.3243	2.128619	0.8689592
120	-285.0327	-456.5648	171.5321	1.598403	1.185482
126	-276.5793	-448.1022	171.523	1.299722	1.434826
132	-274.7135	-446.0976	171.3841	1.874982	1.069878
138	-269.2255	-440.1438	170.9183	2.490309	0.9191796
144	-279.1043	-450.7044	171.6001	1.881327	0.8344225
150	-285.3359	-455.3298	169.9939	3.642134	0.4684206
156	-280.3498	-450.3413	169.9915	3.642134	0.548744
162	-272.4316	-442.1026	169.671	3.919207	0.6712076
168	-271.3345	-442.3349	171.0004	2.467666	0.8508792
174	-280.123	-450.7745	170.6515	2.87287	0.7777815
180	-271.0099	-441.6437	170.6338	2.825248	0.8617158
186	-278.3111	-448.8498	170.5387	2.904992	0.8797346
192	-268.7603	-439.8035	171.0432	2.394386	0.8867389
198	-274.9981	-446.8162	171.8181	1.556753	0.9554345
204	-278.4787	-449.6225	171.1439	2.222325	0.9644399
210	-277.5366	-448.7026	171.1661	1.712779	1.391364
216	-280.9896	-452.1918	171.2022	1.56308	1.47852
222	-267.0933	-438.5205	171.4272	1.600602	1.272044
228	-253.949	-425.2858	171.3369	1.821539	1.16115
234	-253.829	-425.4161	171.5871	1.640508	1.099033
240	-263.7423	-435.4456	171.7033	1.640508	0.9873744
246	-266.7391	-438.3365	171.5974	1.794911	0.936884
252	-267.7335	-438.8767	171.1433	2.029178	1.148765
258	-259.4795	-431.306	171.8265	1.270446	1.214251
264	-264.5946	-436.0374	171.4428	1.588083	1.26953
270	-262.3644	-433.5315	171.1671	2.243867	0.916651
276	-265.6515	-437.4778	171.8263	1.448961	1.054564
282	-265.5011	-437.0379	171.5367	1.159015	1.530598
288	-260.7021	-431.703	171.001	1.977654	1.31216
294	-268.4514	-439.904	171.4527	2.013775	0.8527817
300	-271.9808	-443.1699	171.1891	2.013775	1.121605
306	-272.7963	-444.2213	171.425	1.613861	1.262892
312	-281.9353	-452.6501	170.7148	2.74879	0.8562363
318	-274.2507	-445.5986	171.3479	2.024681	0.957765
324	-271.0785	-442.5224	171.4439	1.939268	0.9466773
330	-275.0153	-446.4107	171.3955	1.939268	0.9965308
336	-271.1152	-442.8819	171.7667	1.618446	0.9445731
342	-264.3962	-436.0657	171.6694	1.386403	1.248821
348	-266.9516	-438.2507	171.2991	2.151968	0.8711083
354	-261.198	-432.7595	171.5615	1.537529	1.212452
360	-260.3227	-431.7013	171.3787	1.544391	1.356594
366	-259.9881	-431.852	171.8639	1.175325	1.262641
372	-267.1616	-438.5889	171.4273	1.382027	1.445037
378	-271.9271	-443.3064	171.3793	1.479777	1.406735
384	-279.8026	-451.182	171.3793	1.479777	1.406735
390	-280.1623	-451.5394	171.3771	1.666512	1.258964
396	-274.9939	-446.3181	171.3242	1.666512	1.302356
402	-283.6276	-454.6904	171.0628	1.263107	1.79525
408	-273.2124	-445.0071	171.7947	1.175338	1.319058
414	-284.2232	-456.0861	171.8629	1.179886	1.25969
420	-285.4767	-457.1517	171.6751	1.817821	0.8199252
426	-280.2289	-451.5234	171.2945	1.959302	1.074812
432	-270.9696	-441.4321	170.4626	3.116025	0.6929555
438	-263.8666	-434.142	170.2754	3.301702	0.6955238
444	-280.4524	-451.6309	171.1785	2.161323	0.9914571
450	-280.5575	-452.2271	171.6696	1.401652	1.235914
456	-272.4848	-443.4048	170.92	2.467132	0.9424671
462	-267.0478	-437.991	170.9432	2.638283	0.6876923
468	-267.6676	-438.2663	170.5987	2.978615	0.6952053
474	-262.5824	-433.6469	171.0645	2.261142	1.00561
480	-270.2663	-441.7538	171.4875	1.715022	1.121885
486	-273.0805	-444.9032	171.8228	1.37977	1.121885
492	-281.3886	-452.3332	170.9446	1.508377	1.70631
498	-273.3615	-444.6332	171.2717	2.174844	0.8764085
504	-274.7383	-446.0686	171.3303	2.158837	0.8246705
510	-273.8653	-444.941	171.0757	2.230698	1.024578
516	-269.1611	-440.1632	171.0021	2.364801	0.9637113
522	-273.154	-443.8457	170.6917	2.536724	1.098324
528	-279.0724	-450.5248	171.4524	2.001043	0.8682723
534	-281.2459	-452.8455	171.5997	1.754538	0.9767889
540	-270.3518	-440.9012	170.5493	2.88393	0.8916895
546	-286.0538	-457.8506	171.7967	1.114861	1.365667
552	-266.0398	-437.5109	171.4711	1.39533	1.401058
558	-266.5599	-437.878	171.3181	1.548287	1.401058
564	-266.044	-437.4528	171.4088	1.880516	1.041173
570	-262.5751	-434.3257	171.7506	1.028724	1.467908
576	-271.9188	-443.7054	171.7866	1.347254	1.182542
582	-270.2102	-441.6846	171.4744	1.852201	1.004656
588	-265.7363	-437.4011	171.6648	1.778698	0.8799607
594	-266.8498	-438.1969	171.3472	2.190077	0.7593952
600	-274.0898	-444.7666	170.6768	2.803017	0.8363672
606	-268.5415	-440.1293	171.5879	1.542402	1.185663
612	-263.6474	-435.2948	171.6474	1.419513	1.239539
618	-270.711	-441.7548	171.0438	1.622664	1.552261
624	-268.5002	-440.2798	171.7796	1.341072	1.193919
630	-267.889	-439.5577	171.6688	1.341072	1.286807
636	-275.5598	-446.4688	170.909	2.03827	1.337319
642	-272.1899	-443.3361	171.1462	1.722223	1.39947
648	-272.9283	-444.4312	171.5029	1.370616	1.395532
654	-274.7491	-446.2999	171.5508	1.701811	1.075892
660	-267.1857	-438.7365	171.5508	1.701811	1.075892
666	-267.8369	-439.4072	171.5702	1.560207	1.185494
672	-278.4559	-450.0049	171.549	1.44623	1.298711
678	-280.5527	-452.1696	171.6169	1.44623	1.242732
684	-274.8235	-446.3704	171.5469	1.531379	1.230038
690	-271.6579	-443.3299	171.672	1.418794	1.219474
696	-274.9683	-446.4616	171.4933	1.547823	1.261092
702	-278.5506	-450.0423	171.4916	1.395747	1.384679
708	-274.8154	-446.3895	171.5742	1.524381	1.212864
714	-274.4106	-445.7694	171.3588	1.90271	1.067576
720	-271.3606	-442.7039	171.3433	1.779655	1.191969
726	-273.8057	-445.9736	172.1679	1.228908	0.9320614
732	-267.6726	-439.7859	172.1132	1.232782	0.985169
738	-266.7589	-438.708	171.9491	1.396546	0.9855262
744	-282.1518	-453.3164	171.1646	1.72538	1.382621
750	-275.5378	-447.1321	171.5943	1.728316	1.008633
756	-287.8089	-459.298	171.489	1.728316	1.108443
762	-284.5365	-456.0407	171.5042	1.355336	1.406381
768	-285.6685	-456.592	170.9235	1.243094	1.90443
774	-257.2516	-428.6344	171.3828	2.068504	0.8708153
780	-270.0756	-440.9023	170.8267	2.561617	0.9411859
786	-267.9592	-438.8703	170.9112	2.478212	0.9400221
792	-255.0723	-426.543	171.4707	1.91867	0.9400221
798	-269.4013	-440.4988	171.0974	1.669432	1.477337
804	-284.8059	-455.4036	170.5977	2.275585	1.39568
810	-285.2417	-456.2772	171.0355	2.400515	0.8885364
816	-279.9897	-451.162	171.1722	2.395586	0.7116716
822	-286.3418	-457.2576	170.9158	2.401897	1.013539
828	-280.3822	-450.8896	170.5074	2.854848	0.9685628
834	-276.1139	-446.7066	170.5927	2.854848	0.8751987
840	-269.9234	-441.589	171.6656	1.69067	0.9746458
846	-277.4588	-448.61	171.1511	2.097666	1.079491
852	-271.6761	-443.3697	171.6936	1.773132	0.8524147
858	-274.2721	-445.8937	171.6216	1.721841	0.9877345
864	-268.6934	-439.8551	171.1617	2.075997	1.08979
870	-265.1032	-436.6216	171.5184	1.722749	1.086545
876	-268.194	-439.5573	171.3633	1.960703	1.007287
882	-263.9914	-435.6105	171.6191	1.14631	1.478435
888	-261.3441	-432.7033	171.3593	1.663225	1.276436
894	-257.7203	-429.6697	171.9494	1.223193	1.148624
900	-272.1567	-443.4857	171.329	1.518363	1.415778
906	-259.6269	-431.28	171.6531	0.973723	1.581375
912	-264.1993	-435.9914	171.7921	1.013602	1.447825
918	-268.1514	-439.4322	171.2808	1.97633	1.071667
924	-260.2776	-431.4282	171.1506	2.389145	0.7558109
930	-251.6586	-422.6085	170.9499	2.531513	0.8344593
936	-255.1383	-426.1529	171.0147	2.551794	0.7139029
942	-264.3339	-435.5231	171.1892	2.025697	1.110677
948	-272.3992	-443.5009	171.1017	2.354449	0.8651771
954	-274.1012	-445.2118	171.1106	1.946844	1.247509
960	-259.5733	-430.4606	170.8873	2.619374	0.8019591
966	-265.6903	-437.3044	171.6142	1.807002	0.9053259
972	-259.314	-430.4667	171.1527	2.268497	0.9053259
978	-271.729	-443.0294	171.3004	2.268497	0.7098775
984	-262.4292	-433.8226	171.3934	2.12349	0.7882061
990	-262.8657	-434.5693	171.7037	1.521211	1.101584
996	-265.425	-436.552	171.127	2.062907	1.133246
1002	-276.2477	-447.3946	171.147	2.315299	0.8578408
1008	-276.6885	-447.922	171.2335	2.275404	0.7990193
1014	-268.978	-440.1446	171.1666	2.301786	0.8503992
1020	-268.256	-439.9467	171.6907	1.440955	1.184467
1026	-268.231	-439.7229	171.4919	1.57653	1.238289
1032	-271.2987	-442.8453	171.5466	1.666268	1.112525
1038	-275.5433	-446.9498	171.4065	2.108977	0.7900729
1044	-275.94	-447.1281	171.1881	2.108977	1.033679
1050	-273.27	-444.5588	171.2888	1.529654	1.438099
1056	-270.8941	-442.1829	171.2888	1.529654	1.438099
1062	-266.2537	-438.1752	171.9215	1.365477	1.043344
1068	-273.3806	-444.8567	171.4761	1.640967	1.197007
1074	-278.3468	-449.8229	171.4761	1.640967	1.197007
1080	-258.749	-430.1392	171.3902	1.4188	1.445263
1086	-259.9413	-430.9745	171.0332	1.210542	1.851883
1092	-259.0855	-430.6975	171.612	1.362902	1.315196
1098	-270.0846	-441.4008	171.3161	2.119644	0.8888205
1104	-273.8988	-445.7528	171.854	1.573647	0.8980306
1110	-276.8204	-448.5116	171.6912	1.573647	1.064475
1116	-264.1945	-435.426	171.2315	1.955998	1.135418
1122	-265.6454	-437.1737	171.5284	1.652775	1.141026
1128	-271.2181	-442.0513	170.8332	2.468367	1.029294
1134	-257.1972	-429.0862	171.889	1.6603	0.7413654
1140	-261.1614	-432.2689	171.1076	2.303243	0.916817
1146	-277.0599	-448.8471	171.7872	1.570678	0.9730427
1152	-263.3777	-434.8184	171.4407	1.788587	1.097504
1158	-267.3664	-438.801	171.4346	1.505034	1.343478
1164	-256.2299	-427.4296	171.1997	1.731574	1.350106
1170	-266.2347	-437.0438	170.8091	2.471058	1.049955
1176	-258.675	-429.8062	171.1312	2.148934	1.049955
1182	-261.8877	-433.4288	171.5411	1.701832	1.08496
1188	-261.1849	-432.5463	171.3613	2.013833	0.9550732
1194	-271.0637	-442.3748	171.3111	1.85368	1.155515
1200	-266.2487	-438.3314	172.0827	1.287854	0.9599253
1206	-277.4984	-448.364	170.8656	2.173219	1.262946
1212	-276.5107	-447.9398	171.4291	1.947175	0.9538861
1218	-272.4468	-443.6201	171.1732	2.177785	0.9800911
1224	-265.4847	-436.3939	170.9093	2.615486	0.7773024
1230	-266.2885	-437.7313	171.4428	1.932511	0.9549545
1236	-264.9744	-436.3862	171.4118	1.932511	0.9868398
1242	-275.8195	-447.228	171.4085	1.932511	0.9902247
1248	-275.8515	-447.4221	171.5706	1.767725	0.9929377
1254	-266.3075	-437.6917	171.3842	2.083964	0.8507342
1260	-274.7953	-446.239	171.4437	1.762965	1.118179
1266	-259.8719	-430.7725	170.9006	2.660841	0.7222086
1272	-270.2197	-441.8205	171.6008	1.759726	0.9703416
1278	-258.5771	-429.8527	171.2756	2.109619	0.9444612
1284	-260.3888	-432.021	171.6322	1.560111	1.131094
1290	-271.924	-442.8903	170.9663	2.48948	0.8655592
1296	-264.1613	-435.7401	171.5788	1.821694	0.928123
1302	-265.3997	-436.9374	171.5377	1.442367	1.311012
1308	-271.0885	-442.631	171.5425	1.359969	1.372871
1314	-283.3545	-455.1949	171.8403	1.147788	1.304497
1320	-274.0353	-445.1882	171.1529	1.992119	1.172852
1326	-284.8775	-456.333	171.4555	1.992119	0.8751788
1332	-294.2975	-464.8562	170.5588	2.926889	0.8291244
1338	-291.5421	-462.5325	170.9904	2.335996	1.004844
1344	-277.2768	-449.3344	172.0576	1.024851	1.226456
1350	-269.8819	-441.7431	171.8611	1.235842	1.21418
1356	-271.0644	-443.0563	171.9919	1.352402	0.9869016
1362	-261.4033	-432.6368	171.2335	1.768865	1.292878
1368	-271.0577	-442.3982	171.3405	2.151777	0.8207139
1374	-264.2999	-435.9925	171.6925	1.698817	0.9379212
1380	-266.9537	-438.4493	171.4956	1.798401	1.036655
1386	-268.9215	-440.3492	171.4277	1.90599	0.9975707
1392	-269.3007	-440.3953	171.0945	2.454095	0.7423822
1398	-263.9897	-435.3109	171.3212	1.896946	1.10776
1404	-265.7818	-437.4702	171.6884	1.559022	1.080804
1410	-271.238	-442.8939	171.6559	1.455234	1.202093
1416	-259.1045	-430.7087	171.6042	1.576171	1.141714
1422	-262.1851	-434.0091	171.8239	1.312597	1.180219
1428	-268.179	-439.3324	171.1534	1.778016	1.349999
1434	-272.1769	-443.8164	171.6395	1.107061	1.492668
1440	-262.4591	-434.1185	171.6594	1.616985	1.053492
1446	-254.2018	-425.6717	171.4699	1.528976	1.295757
1452	-259.845	-431.443	171.5981	1.253456	1.412585
1458	-258.2184	-429.7813	171.5629	0.9990898	1.628485
1464	-272.8487	-444.3787	171.5301	1.08432	1.590458
1470	-264.2876	-435.9573	171.6697	1.264989	1.34738
1476	-259.8943	-431.465	171.5707	0.9526403	1.656232
1482	-273.04	-444.534	171.494	1.592958	1.222671
1488	-269.3366	-440.6627	171.3261	1.943694	1.059775
1494	-269.165	-440.5287	171.3637	1.919401	1.047112
1500	-257.9694	-428.9769	171.0075	2.099178	1.205937
1506	-256.744	-428.7357	171.9917	1.427934	0.9069936
1512	-259.2088	-430.6491	171.4404	1.180478	1.585749
1518	-257.1879	-428.8384	171.6505	1.180478	1.428452
1524	-259.7921	-431.0616	171.2696	1.895315	1.155431
1530	-253.9914	-425.8372	171.8458	1.238586	1.22483
1536	-255.2074	-426.5625	171.355	1.921992	1.052891
1542	-273.1404	-444.1192	170.9788	2.318541	1.033416
1548	-275.5522	-445.9517	170.3995	3.149023	0.7425364
1554	-279.1161	-449.3147	170.1987	3.415586	0.6173786
1560	-278.4889	-448.6723	170.1834	3.256638	0.8839344
1566	-264.0609	-435.4856	171.4247	1.909244	0.9973032
1572	-268.4817	-440.1839	171.7022	1.363258	1.24077
1578	-260.4708	-432.2556	171.7848	1.216001	1.29419
1584	-268.3998	-439.9809	171.5811	1.487286	1.238292
1590	-261.0673	-432.7048	171.6375	1.371948	1.28714
1596	-254.1089	-425.6877	171.5788	1.865048	0.8794922
1602	-268.3163	-439.57	171.2537	1.594155	1.41543
1608	-258.3496	-429.6337	171.2842	1.965936	1.078271
1614	-264.7662	-436.4652	171.699	1.673617	0.9577925
1620	-268.2031	-439.8174	171.6144	1.544441	1.16079
1626	-262.4669	-433.8923	171.4254	1.39362	1.437612
1632	-260.7251	-432.4502	171.7251	1.093918	1.437657
1638	-259.928	-431.6531	171.7251	1.093918	1.437657
1644	-265.3303	-437.1299	171.7995	1.456572	1.072646
1650	-273.1331	-444.6138	171.4807	1.886249	0.9636881
1656	-263.4826	-434.2473	170.7647	2.750108	0.7910177
1662	-271.6635	-442.5041	170.8406	2.087478	1.352633
1668	-276.0447	-447.0739	171.0292	2.403037	0.8928155
1674	-276.1975	-446.6252	170.4277	2.762258	1.133192
1680	-273.6384	-444.2154	170.577	2.73012	1.023907
1686	-268.6096	-439.7933	171.1838	2.02174	1.119205
1692	-264.8765	-435.3667	170.4902	2.990587	0.8351685
1698	-268.3221	-438.8233	170.5012	2.951851	0.8688264
1704	-269.3142	-440.6149	171.3007	2.152354	0.8688264
1710	-284.0553	-454.6795	170.6241	2.795686	0.9068499
1716	-295.5212	-465.5894	170.0682	3.247405	1.015526
1722	-273.0253	-444.4407	171.4153	1.657946	1.234218
1728	-270.5987	-441.81	171.2113	1.836608	1.255432
1734	-274.3534	-445.7018	171.3484	2.081995	0.8949516
1740	-257.2865	-428.681	171.3944	1.924772	1.012017
1746	-249.6278	-420.2394	170.6115	2.987277	0.6536069
1752	-248.5864	-419.3292	170.7428	2.809203	0.737173
1758	-258.2096	-429.4599	171.2503	1.914084	1.155881
1764	-270.1309	-441.3843	171.2534	1.975683	1.0977
1770	-279.2466	-450.5021	171.2556	1.779506	1.266069
1776	-289.8384	-461.2097	171.3713	1.922731	1.03662
1782	-286.5766	-458.0823	171.5058	1.912043	0.9090812
1788	-277.7484	-448.9477	171.1993	1.858886	1.246892
1794	-269.8784	-441.2626	171.3843	1.717881	1.209794
1800	-259.7417	-430.3411	170.5993	3.007168	0.6365243
1806	-256.1061	-427.4252	171.3192	1.981327	1.030313
1812	-256.0951	-427.141	171.0459	2.511942	0.7279057
1818	-265.6155	-436.6433	171.0277	2.511942	0.7558369
1824	-268.2044	-438.8558	170.6514	2.818969	0.848035
1830	-271.6678	-442.9283	171.2605	2.179151	0.8844042
1836	-267.1873	-437.7788	170.5915	2.879013	0.8478546
1842	-265.9773	-437.5127	171.5354	1.85163	0.9424969
1848	-259.3138	-430.9484	171.6346	1.62561	1.068788
1854	-256.8184	-428.5164	171.6979	1.773326	0.8469615
1860	-255.6392	-427.0632	171.424	1.646419	1.236662
1866	-270.8486	-442.1186	171.27	1.475626	1.493371
1872	-264.676	-436.174	171.498	1.638521	1.180213
1878	-262.6568	-434.4863	171.8295	1.335784	1.155108
1884	-266.4072	-438.0226	171.6154	1.267123	1.388472
1890	-259.4442	-431.0112	171.5671	1.453256	1.278208
1896	-258.4536	-430.516	172.0624	1.21254	1.054922
1902	-262.6333	-433.9066	171.2733	1.412032	1.538317
1908	-266.008	-437.7641	171.7561	1.135286	1.381529
1914	-280.9209	-451.8158	170.8949	2.426798	1.009577
1920	-274.8356	-445.6403	170.8046	2.661551	0.8531327
1926	-288.3826	-460.059	171.6765	1.514233	1.132515
1932	-277.9291	-449.4691	171.54	1.612301	1.166489
1938	-281.1914	-452.5997	171.4083	1.893599	1.029018
1944	-284.1044	-455.4772	171.3728	1.543581	1.361919
1950	-281.664	-452.2641	170.6001	2.599018	1.124911
1956	-276.9717	-447.6349	170.6632	2.749569	0.9146843
1962	-274.3129	-445.1615	170.8485	2.20165	1.253532
1968	-269.8711	-441.3724	171.5013	1.763968	1.064025
1974	-281.904	-453.1211	171.2171	1.345394	1.628109
1980	-289.3423	-460.9557	171.6134	1.519209	1.183649
1986	-284.6434	-455.8452	171.2018	1.519209	1.511812
1992	-272.5263	-443.1009	170.5746	2.570043	1.173164
1998	-270.729	-441.6284	170.8994	2.586951	0.8282955
2004	-279.4527	-450.3888	170.9361	2.586951	0.7797201
2010	-285.2347	-456.7453	171.5106	1.888197	0.9298858
2016	-278.6114	-449.9434	171.3321	2.035095	0.9634259
2022	-277.6576	-448.8852	171.2276	2.096864	1.006807
2028	-261.5652	-433.034	171.4688	1.855649	1.006807
2034	-259.4701	-431.0727	171.6026	1.75077	0.9776375
2040	-262.8636	-433.9721	171.1085	2.324269	0.8922771
2046	-253.8871	-425.3591	171.472	1.595699	1.238927
2052	-259.5099	-430.8289	171.319	1.966057	1.045223
2058	-263.646	-434.9868	171.3408	1.966057	1.024103
2064	-269.4149	-440.8485	171.4336	1.814384	1.080219
2070	-273.2921	-445.1874	171.8953	1.460772	0.9748402
2076	-269.8341	-441.2679	171.4339	2.10554	0.7562175
2082	-268.1121	-439.2892	171.177	1.776469	1.332373
2088	-262.9007	-434.4745	171.5738	1.776469	0.980803
2094	-254.9619	-426.5721	171.6101	1.776469	0.9429958
2100	-256.3049	-428.1064	171.8015	1.294046	1.215408
2106	-273.7418	-445.5392	171.7975	1.435735	1.093937
2112	-268.7949	-440.9207	172.1259	1.107334	1.093937
2118	-271.9636	-443.4677	171.5041	1.444444	1.336324
2124	-270.2003	-441.7296	171.5293	1.616573	1.172144
2130	-267.9445	-439.5066	171.5621	1.607363	1.151401
2136	-268.0268	-439.764	171.7371	1.339575	1.231325
2142	-261.5176	-432.7618	171.2442	1.998623	1.085063
2148	-271.755	-442.8366	171.0816	1.705198	1.462239
2154	-280.6051	-451.1753	170.5702	2.824992	0.9337989
2160	-267.4344	-438.2002	170.7658	2.760785	0.7747933
2166	-267.8612	-438.9604	171.0991	2.018986	1.196124
2172	-263.8274	-435.3145	171.4871	1.993721	0.835194
2178	-266.3996	-437.8431	171.4435	1.898827	0.9889179
2184	-268.9943	-440.3404	171.3461	2.186022	0.7668901
2190	-272.1123	-443.2608	171.1485	2.394279	0.7511908
2196	-282.0825	-451.7077	169.6252	3.996518	0.5962089
2202	-286.9011	-458.2048	171.3037	2.050196	0.9771622
2208	-270.1095	-441.1246	171.0152	2.31636	0.999761
2214	-268.551	-439.9816	171.4307	1.524652	1.330912
2220	-256.6782	-428.4981	171.8198	1.435854	1.07304
2226	-259.469	-430.4758	171.0068	2.047783	1.249852
2232	-260.0949	-431.6836	171.5887	1.440895	1.270591
2238	-258.6766	-429.8439	171.1674	1.888677	1.248662
2244	-267.5061	-439.0837	171.5776	1.478392	1.248662
2250	-270.2741	-441.9986	171.7245	1.532921	1.071442
2256	-268.2607	-440.1579	171.8972	1.328436	1.100848
2262	-259.7883	-431.76	171.9717	1.051074	1.276214
2268	-258.4009	-429.7412	171.3403	1.588928	1.351725
2274	-263.0814	-434.1699	171.0885	1.075564	1.906181
2280	-257.8657	-429.4811	171.6154	1.413426	1.271228
2286	-259.2114	-430.2827	171.0713	2.497867	0.7093419
2292	-273.0258	-443.7696	170.7438	2.569439	1.017895
2298	-273.3059	-444.5771	171.2712	2.231128	0.8077314
2304	-272.9712	-444.7638	171.7926	1.490639	1.046948
2310	-276.7922	-448.265	171.4728	1.716709	1.133589
2316	-273.4658	-445.0623	171.5965	1.935084	0.767662
2322	-269.9684	-441.1245	171.1562	1.807944	1.323857
2328	-266.3984	-437.7592	171.3608	1.94894	1.021355
2334	-259.8255	-431.3081	171.4826	2.039061	0.7815645
2340	-274.857	-446.2519	171.3949	2.064253	0.8615057
2346	-271.0088	-442.3655	171.3568	2.138431	0.8169612
2352	-271.3053	-442.9273	171.622	1.755296	0.9528529
2358	-279.0298	-450.5777	171.5479	1.574808	1.192179
2364	-268.665	-440.2391	171.5741	1.548635	1.192179
2370	-272.7702	-444.0247	171.2545	2.179204	0.8912128
2376	-281.9486	-452.0069	170.0583	3.533368	0.6683131
2382	-270.3962	-441.7175	171.3213	1.903329	1.1018
2388	-274.447	-445.6384	171.1914	2.010123	1.122807
2394	-281.7503	-453.4993	171.749	1.472362	1.104795
2400	-290.5047	-461.9594	171.4547	1.274002	1.506064
2406	-283.2144	-454.9429	171.7285	1.27328	1.293405
2412	-272.9718	-444.0468	171.0749	1.801005	1.393642
2418	-268.0222	-439.2107	171.1886	2.21608	0.9235682
2424	-268.1278	-439.3103	171.1825	2.231903	0.9128471
2430	-272.2464	-443.122	170.8755	2.626426	0.8081705
2436	-281.7272	-452.5059	170.7786	2.451075	1.097126
2442	-274.1835	-445.2689	171.0853	2.18541	1.058876
2448	-281.3382	-452.2952	170.957	2.117338	1.233319
2454	-285.3086	-456.4638	171.1553	2.036893	1.131211
2460	-290.7364	-461.9584	171.222	2.090485	1.018625
2466	-274.381	-445.4489	171.068	2.090485	1.161108
2472	-272.5968	-443.6838	171.087	2.183561	1.059031
2478	-274.904	-446.0466	171.1426	2.183561	1.005091
2484	-271.639	-443.1323	171.4932	1.466008	1.327786
2490	-266.7092	-438.3809	171.6716	1.466008	1.179281
2496	-264.2901	-435.6516	171.3615	2.032143	0.9355143
2502	-260.4611	-431.8624	171.4013	1.880731	1.048136
2508	-260.7598	-432.0297	171.2699	1.880731	1.167908
2514	-269.0889	-440.2765	171.1876	2.074361	1.067137
2520	-275.2896	-446.8915	171.6019	1.805962	0.920024
2526	-267.8345	-438.6829	170.8485	2.680069	0.7719664
2532	-258.5463	-429.7266	171.1803	2.13064	1.020133
2538	-261.2813	-432.9629	171.6815	1.646435	1.003293
2544	-264.2164	-436.0426	171.8263	1.238983	1.240971
2550	-257.6861	-428.9002	171.2141	2.070192	1.045956
2556	-263.672	-435.1046	171.4326	1.898183	1.000491
2562	-259.3623	-430.6595	171.2972	2.038625	0.9954391
2568	-257.5616	-428.8689	171.3073	2.028558	0.9954391
2574	-264.2481	-435.7623	171.5142	1.164215	1.543471
2580	-269.0174	-441.246	172.2286	0.9981296	1.099864
2586	-265.3726	-437.2435	171.871	0.9725754	1.418769
2592	-275.3212	-446.8829	171.5617	1.64159	1.121193
2598	-282.7772	-454.1057	171.3286	2.198917	0.7734742
2604	-284.529	-455.5488	171.0198	2.509323	0.7710973
2610	-268.2026	-439.7552	171.5525	1.947535	0.8106404
2616	-270.6533	-442.0935	171.4401	1.281794	1.511103
2622	-262.2212	-433.3963	171.175	2.084308	1.069611
2628	-269.0157	-440.1728	171.1571	1.95012	1.205426
2634	-256.2653	-427.501	171.2357	2.032061	1.061663
2640	-259.563	-430.8589	171.2959	2.065693	0.969173
2646	-261.8512	-432.6694	170.8182	2.597002	0.9119546
2652	-260.0443	-431.5691	171.5248	1.890418	0.9119546
2658	-266.6569	-438.232	171.5751	1.807624	0.9471331
2664	-279.7598	-451.3661	171.6063	1.465907	1.235086
2670	-273.0558	-444.6448	171.5889	1.797887	0.9427555
2676	-270.4433	-441.8617	171.4183	2.04197	0.8601768
2682	-259.8713	-431.4259	171.5545	1.87055	0.9009305
2688	-260.1369	-431.7856	171.6486	1.323926	1.317054
2694	-260.716	-432.2858	171.5698	1.50153	1.235859
2700	-264.2139	-435.5618	171.3479	1.200518	1.638233
2706	-254.7929	-426.3064	171.5135	1.402043	1.362549
2712	-259.813	-431.6208	171.8077	1.402043	1.115321
2718	-250.592	-422.2054	171.6135	1.402043	1.282168
2724	-252.4029	-424.0163	171.6135	1.402043	1.282168
2730	-254.2145	-425.5464	171.3318	1.649546	1.30995
2736	-263.408	-434.9965	171.5885	1.579851	1.152339
2742	-265.2978	-436.6514	171.3536	1.341057	1.531399
2748	-271.4162	-442.6195	171.2032	1.49144	1.531399
2754	-262.6541	-434.5351	171.881	1.39189	1.056829
2760	-267.4428	-439.3229	171.8802	1.54247	0.9036977
2766	-266.2434	-437.322	171.0785	2.344105	0.9036977
2772	-266.5403	-438.0427	171.5024	1.849694	0.978993
2778	-257.5359	-429.1113	171.5755	1.849694	0.9008411
2784	-260.3326	-431.1344	170.8018	2.712526	0.7917355
2790	-260.5632	-431.3922	170.8291	2.59829	0.8983876
2796	-260.2782	-431.3405	171.0624	2.389198	0.8705409
2802	-265.2315	-437.013	171.7815	1.606337	0.941681
2808	-264.3217	-435.5735	171.2518	2.26456	0.7889772
2814	-269.9744	-441.5829	171.6085	1.828006	0.8880309
2820	-273.9695	-445.0621	171.0926	2.2709	0.9672612
2826	-283.2328	-454.4471	171.2143	2.05986	1.055666
2832	-267.713	-438.8157	171.1027	2.05986	1.157463
2838	-263.9489	-435.1755	171.2266	2.05986	1.043869
2844	-262.4336	-433.8033	171.3697	2.185471	0.7321979
2850	-261.9737	-433.759	171.7854	1.43392	1.106675
2856	-263.3148	-434.9651	171.6503	1.680239	1.00074
2862	-269.8669	-441.3833	171.5164	1.853006	0.9611162
2868	-269.5377	-440.3746	170.8369	2.687973	0.7771156
2874	-278.2621	-449.5209	171.2588	2.233185	0.8210701
2880	-282.6116	-453.5832	170.9715	2.473657	0.8780005
2886	-277.3687	-448.159	170.7904	2.473657	1.06523
2892	-276.7504	-448.0184	171.268	2.058648	1.004581
2898	-284.916	-456.2684	171.3524	2.11564	0.850848
2904	-289.0013	-459.9744	170.973	2.490449	0.8563617
2910	-273.8111	-444.9582	171.1472	2.40639	0.7347643
2916	-270.0132	-441.3709	171.3578	1.758106	1.198051
2922	-280.5909	-452.0561	171.4652	1.761302	1.100062
2928	-269.9848	-441.4723	171.4875	1.353308	1.420864
2934	-268.2635	-439.5372	171.2737	2.312527	0.6788368
2940	-267.3843	-438.3853	171.001	1.30612	1.808277
2946	-260.6641	-432.564	171.8999	1.160603	1.244966
2952	-272.6636	-443.7593	171.0957	2.400858	0.8152026
2958	-266.9989	-438.4391	171.4402	1.71785	1.161427
2964	-264.5947	-436.3107	171.716	1.462123	1.143708
2970	-262.2884	-434.1204	171.8319	1.462123	1.036581
2976	-272.5065	-444.6982	172.1917	1.269249	0.8593947
2982	-265.8733	-437.6501	171.7768	1.599273	0.9541101
2988	-277.3991	-448.5375	171.1384	2.237704	0.9541101
2994	-278.1552	-449.3077	171.1525	2.395964	0.7426807
3000	-278.6823	-449.349	170.6668	2.699407	0.9644423
3006	-267.6035	-439.2355	171.632	1.415051	1.256158
3012	-267.5378	-439.0205	171.4827	1.699119	1.140439
3018	-267.9321	-439.2504	171.3184	1.985013	1.027547
3024	-266.3194	-437.3603	171.0409	2.439299	0.8359267
3030	-267.7127	-439.0423	171.3296	1.664666	1.29948
3036	-284.7551	-456.6116	171.8565	0.8523379	1.520857
3042	-274.0779	-445.8497	171.7717	1.41038	1.140165
3048	-270.6204	-442.3949	171.7745	1.712025	0.8279997
3054	-264.3722	-435.6032	171.231	1.701071	1.349489
3060	-272.7648	-444.2639	171.4991	1.377989	1.392736
3066	-267.8143	-439.1252	171.3108	2.222579	0.7649647
3072	-270.7544	-441.1368	170.3824	3.241032	0.5908697
3078	-271.435	-442.0499	170.6148	2.97701	0.6679411
3084	-281.5102	-452.7784	171.2682	2.024566	1.037784
3090	-265.7919	-437.235	171.4431	1.901239	0.9868582
3096	-263.843	-434.9754	171.1324	2.048986	1.140791
3102	-272.6044	-444.0608	171.4564	1.587814	1.258477
3108	-272.0638	-443.388	171.3242	1.880808	1.119619
3114	-270.9205	-442.2174	171.2968	2.038342	0.9960859
3120	-275.7638	-446.9752	171.2113	1.771521	1.308741
3126	-283.8456	-454.5074	170.6619	1.460497	1.934332
3132	-280.3064	-451.0548	170.7484	2.270221	1.279648
3138	-269.708	-441.0029	171.2949	1.608433	1.372194
3144	-266.3519	-437.9277	171.5758	1.371959	1.336973
3150	-266.3212	-438.3726	172.0514	1.017691	1.23773
3156	-278.1402	-449.233	171.0927	1.300653	1.74826
3162	-265.109	-436.6456	171.5366	1.53365	1.236749
3168	-263.6703	-435.0865	171.4162	0.9155973	1.791166
3174	-260.5516	-432.3626	171.8109	0.737834	1.637989
3180	-266.332	-437.7374	171.4053	1.239856	1.567924
3186	-263.3673	-434.8197	171.4523	1.555051	1.288798
3192	-268.9491	-440.4541	171.5051	1.440066	1.339049
3198	-260.9646	-432.2378	171.2732	1.435958	1.520652
3204	-265.9474	-437.53	171.5826	1.516499	1.21239
3210	-275.5336	-446.7491	171.2155	1.773356	1.303928
3216	-266.1069	-437.7892	171.6823	0.9930495	1.545699
3222	-262.9253	-434.5449	171.6196	1.734853	0.9765093
3228	-275.6432	-447.0983	171.4551	1.908989	0.9666577
3234	-276.5146	-448.1587	171.644	1.644368	1.042018
3240	-283.2526	-454.1662	170.9136	2.486305	0.928689
3246	-273.1858	-444.5082	171.3224	2.077522	0.928689
3252	-267.947	-439.2914	171.3443	1.684199	1.27146
3258	-267.9482	-439.4758	171.5276	1.500941	1.27146
3264	-266.5332	-438.0608	171.5276	1.500941	1.27146
3270	-274.2787	-444.9906	170.7118	2.774195	0.8286307
3276	-272.724	-442.8842	170.1602	3.393005	0.7353533
3282	-270.5841	-438.7538	168.1696	5.466177	0.4666386
3288	-261.8299	-432.1725	170.3426	3.215545	0.7274395
3294	-277.5197	-448.1198	170.6001	2.996211	0.6589425
3300	-269.0805	-439.671	170.5905	2.987366	0.6942528
3306	-272.1363	-443.3921	171.2558	2.283413	0.7565039
3312	-271.9301	-443.2168	171.2867	2.283413	0.7077328
3318	-277.5657	-448.5367	170.971	2.264685	1.091664
3324	-270.5392	-442.1209	171.5816	1.689226	1.058761
3330	-262.434	-434.2265	171.7925	1.016414	1.445347
3336	-266.0218	-437.8311	171.8094	0.9693279	1.468369
3342	-263.9469	-435.8106	171.8637	1.009103	1.396055
3348	-262.8101	-434.2258	171.4157	1.867512	1.046967
3354	-262.649	-434.1899	171.5409	1.867512	0.9194952
3360	-266.5014	-437.9552	171.4539	1.597163	1.252835
3366	-274.5854	-445.5333	170.9479	2.174933	1.192086
3372	-263.3632	-434.4685	171.1053	2.41952	0.7772087
3378	-260.8778	-432.5811	171.7033	1.444167	1.170676
3384	-261.975	-433.4658	171.4908	1.656682	1.170676
3390	-266.8016	-438.864	172.0623	1.400916	0.8566754
3396	-283.4845	-455.3615	171.877	1.355576	1.094501
3402	-267.0845	-438.2997	171.2152	2.234784	0.8723358
3408	-268.2074	-439.0485	170.841	2.608981	0.8723358
3414	-263.6318	-435.1451	171.5133	1.891146	0.923725
3420	-271.8819	-443.2399	171.3579	1.578266	1.346188
3426	-281.4568	-452.9023	171.4454	1.843737	1.041278
3432	-273.1501	-444.8407	171.6906	1.732375	0.9032823
3438	-275.6329	-446.7935	171.1606	2.139464	1.03074
3444	-266.9682	-438.1459	171.1776	2.19403	0.9587299
3450	-264.4213	-435.7647	171.3434	2.19403	0.7591766
3456	-263.0864	-434.9253	171.8389	1.535576	0.9558146
3462	-271.544	-443.0136	171.4696	1.912593	0.9476377
3468	-262.9422	-434.3941	171.4519	1.803171	1.073664
3474	-263.983	-435.2127	171.2297	2.289492	0.7849579
3480	-259.8786	-431.1623	171.2837	2.10943	0.9360426
3486	-260.2559	-432.1562	171.9003	1.270891	1.149862
3492	-264.4809	-435.9391	171.4582	2.099663	0.7279566
3498	-254.3459	-425.6973	171.3514	2.013975	0.9652647
3504	-255.5469	-426.9203	171.3734	2.112203	0.8291554
3510	-247.5596	-419.0131	171.4535	1.97654	0.895306
3516	-255.0906	-426.9536	171.863	1.372408	1.09186
3522	-257.2062	-428.6237	171.4175	1.626596	1.258563
3528	-264.6317	-436.4382	171.8065	1.363988	1.150471
3534	-257.5268	-429.1012	171.5744	1.590794	1.155155
3540	-252.7114	-424.2136	171.5022	1.590794	1.217575
3546	-252.7787	-424.5558	171.7771	1.444907	1.104155
3552	-261.5299	-432.8326	171.3027	2.178151	0.8351017
3558	-271.6942	-443.3406	171.6464	1.61765	1.065172
3564	-257.6974	-429.519	171.8216	1.245051	1.239784
3570	-252.9863	-425.0599	172.0736	1.245051	1.012529
3576	-269.2236	-440.4158	171.1923	2.126402	1.012529
3582	-261.7151	-433.0897	171.3746	1.758843	1.182928
3588	-257.4737	-428.7845	171.3108	1.739167	1.253709
3594	-266.7971	-438.462	171.665	1.567337	1.094736
3600	-268.815	-440.4555	171.6405	1.336497	1.313519
3606	-264.9112	-435.512	170.6008	2.912729	0.7927897
3612	-264.7107	-435.5724	170.8617	2.666734	0.7721303
3618	-269.973	-441.1957	171.2227	1.93147	1.164825
3624	-261.9892	-433.8006	171.8113	1.508301	1.011594
3630	-261.1496	-432.1449	170.9953	2.484944	0.8358413
3636	-249.9425	-420.9378	170.9953	2.484944	0.8358413
3642	-258.2595	-429.5582	171.2987	2.088242	0.9426408
3648	-259.1161	-430.885	171.7689	1.647885	0.9101741
3654	-263.965	-435.6079	171.6429	1.767981	0.9167825
3660	-260.5483	-431.9722	171.4239	1.587175	1.285797
3666	-267.8204	-439.1587	171.3383	1.964084	1.028494
3672	-280.0257	-451.5202	171.4945	1.587647	1.226735
3678	-265.6416	-436.8275	171.1859	1.861145	1.256166
3684	-262.119	-433.5333	171.4143	1.755484	1.151083
3690	-264.7408	-436.2385	171.4977	1.67213	1.151083
3696	-267.5102	-438.797	171.2868	1.493012	1.467555
3702	-258.7043	-430.1234	171.4191	1.661728	1.227831
3708	-260.1668	-431.733	171.5662	0.8833385	1.708782
3714	-259.0782	-430.695	171.6168	1.405414	1.276623
3720	-255.8633	-427.4238	171.5605	1.644179	1.119947
3726	-266.0216	-435.833	169.8114	3.756986	0.7107285
3732	-270.9643	-441.0256	170.0613	3.568012	0.5695096
3738	-272.4683	-443.7683	171.3	2.249523	0.7410636
3744	-258.5924	-430.3525	171.7601	1.620773	0.949061
3750	-255.6631	-426.7383	171.0752	2.378227	0.8683833
3756	-263.274	-435.1392	171.8651	1.674719	0.7555594
3762	-274.7396	-445.311	170.5714	2.918605	0.8235854
3768	-275.0587	-446.3618	171.3031	1.647416	1.334778
3774	-270.0422	-441.8696	171.8274	1.12311	1.334778
3780	-282.3194	-453.3892	171.0699	1.686419	1.485308
3786	-269.7634	-441.0436	171.2802	1.503842	1.464327
3792	-268.0532	-439.497	171.4438	1.89124	0.9962202
3798	-280.8707	-452.2266	171.3559	1.859123	1.110553
3804	-275.976	-447.4718	171.4958	1.634115	1.185968
3810	-273.9035	-445.075	171.1715	1.997519	1.15177
3816	-272.0702	-443.7301	171.6599	1.671025	1.000371
3822	-278.2136	-449.1867	170.9731	2.138194	1.201953
3828	-273.4689	-445.4166	171.9478	1.16356	1.201953
3834	-271.2921	-442.6005	171.3084	1.761582	1.236998
3840	-268.6843	-439.5537	170.8694	2.7415	0.625907
3846	-263.1822	-433.8265	170.6444	2.966348	0.6263996
3852	-272.073	-443.365	171.292	2.190524	0.8330437
3858	-268.1241	-439.2854	171.1613	2.321254	0.8330437
3864	-272.1271	-443.786	171.6589	1.515	1.147461
3870	-272.2342	-443.5112	171.277	2.001588	1.051379
3876	-278.5766	-450.1144	171.5378	1.763325	1.029709
3882	-271.0993	-442.2862	171.187	2.196965	0.9458456
3888	-270.5887	-441.5187	170.9301	2.302678	1.094328
3894	-278.7155	-450.5283	171.8127	1.613758	0.8993443
3900	-272.3497	-443.5427	171.193	2.273235	0.8530271
3906	-273.8598	-445.0372	171.1774	2.273235	0.8716809
3912	-279.7734	-451.3472	171.5738	1.859294	0.8918985
3918	-290.4652	-461.5951	171.1299	2.250741	0.9493195
3924	-275.669	-447.0595	171.3905	1.815567	1.118714
3930	-292.7078	-463.6611	170.9533	2.404258	0.9733721
3936	-277.3523	-448.523	171.1706	2.230281	0.9276041
3942	-270.6444	-441.5527	170.9083	2.460564	0.9616887
3948	-263.4618	-434.4758	171.0141	2.460564	0.8428466
3954	-271.1458	-442.8137	171.6679	1.77504	0.8805779
3960	-271.7741	-442.9566	171.1825	2.059011	1.08625
3966	-270.9752	-442.2059	171.2307	2.152488	0.9466118
3972	-268.7054	-440.4241	171.7187	1.192836	1.36572
3978	-274.5411	-446.0368	171.4956	1.342361	1.423043
3984	-267.1206	-438.6583	171.5377	1.512664	1.253408
3990	-275.1034	-446.9138	171.8104	1.601043	0.9161265
3996	-275.2556	-446.1502	170.8946	2.53512	0.8957532
4002	-269.4718	-440.8551	171.3833	1.850731	1.093151
4008	-266.6927	-438.1796	171.487	1.833478	1.010755
4014	-263.5673	-435.0202	171.4529	1.93316	0.9435198
4020	-269.4918	-440.9624	171.4706	2.070698	0.7534336
4026	-271.2456	-442.6957	171.4501	1.739353	1.13359
4032	-276.9941	-448.5773	171.5832	1.739353	1.008714
4038	-283.2658	-454.7398	171.474	1.654654	1.187086
4044	-267.8632	-439.5903	171.7271	1.654654	0.9481246
4050	-258.605	-430.3464	171.7414	1.58002	1.009795
4056	-266.6685	-438.3276	171.6591	1.692148	0.9798077
4062	-255.8374	-427.553	171.7156	1.479306	1.128752
4068	-268.2106	-439.7479	171.5373	1.217736	1.48628
4074	-275.3271	-447.1153	171.7882	1.227244	1.282249
4080	-258.9454	-430.8153	171.8699	1.44092	1.020217
4086	-261.2675	-432.507	171.2396	2.108774	0.9827903
4092	-270.2153	-441.3734	171.1582	2.10248	1.068392
4098	-263.0934	-434.4055	171.312	1.906546	1.107323
4104	-267.7672	-438.6416	170.8744	2.63504	0.7983126
4110	-270.4374	-441.8276	171.3902	1.693654	1.225314
4116	-264.8686	-436.674	171.8055	1.619217	0.9013864
4122	-271.5235	-443.1599	171.6364	1.556897	1.130141
4128	-263.9401	-435.3862	171.4461	1.556897	1.292355
4134	-277.9952	-449.3009	171.3057	1.5955	1.37384
4140	-266.4602	-438.0669	171.6066	1.369268	1.314367
4146	-254.938	-426.2485	171.3105	2.025163	0.9956346
4152	-255.5724	-427.6686	172.0962	1.071746	1.152765
4158	-261.8962	-433.2985	171.4024	1.530482	1.348827
4164	-263.1123	-434.655	171.5427	1.398517	1.342191
4170	-268.3604	-439.8485	171.4881	1.491812	1.311141
4176	-276.1217	-447.6634	171.5417	1.491812	1.267311
4182	-268.3257	-440.0835	171.7577	1.289372	1.256113
4188	-285.2076	-456.6719	171.4643	1.960207	0.9015412
4194	-281.1676	-452.9299	171.7623	1.584246	0.9845886
4200	-279.053	-449.7557	170.7027	2.915396	0.606783
4206	-274.1575	-444.6627	170.5051	3.078674	0.6834238
4212	-267.3308	-438.6463	171.3156	1.849117	1.155606
4218	-265.5737	-436.898	171.3244	1.729613	1.250374
4224	-272.5397	-443.9685	171.4288	1.668736	1.213699
4230	-278.8841	-450.3074	171.4233	1.544696	1.320741
4236	-269.3589	-440.5422	171.1833	2.046247	1.097306
4242	-265.2797	-436.5251	171.2454	1.806645	1.251981
4248	-271.4885	-443.2249	171.7364	1.473737	1.115037
4254	-264.9291	-436.3135	171.3844	1.679343	1.242206
4260	-279.8854	-451.3574	171.472	1.259184	1.50415
4266	-274.4545	-445.9613	171.5068	1.621759	1.187113
4272	-265.099	-436.4645	171.3655	1.763084	1.187113
4278	-274.3387	-445.9267	171.588	1.828146	0.9109133
4284	-277.9743	-449.83	171.8557	1.468023	1.007542
4290	-269.5065	-441.3302	171.8237	1.698375	0.781088
4296	-267.173	-438.8256	171.6526	1.697421	0.98105
4302	-275.7634	-446.4553	170.692	1.474545	1.904495
4308	-276.06	-447.0754	171.0154	1.474545	1.680092
4314	-275.5236	-446.2159	170.6923	1.590256	1.82523
4320	-269.3284	-440.8102	171.4818	1.590256	1.235213
4326	-264.2542	-435.6889	171.4347	1.322071	1.484932
4332	-258.3049	-429.7633	171.4584	1.344507	1.449982
4338	-257.0746	-428.9858	171.9113	1.384081	1.035327
4344	-261.6838	-433.3453	171.6615	1.548754	1.114934
4350	-268.9469	-440.0977	171.1507	1.913724	1.241626
4356	-272.8242	-444.1164	171.2922	2.274854	0.7129974
4362	-275.2338	-446.5985	171.3647	2.02957	0.9347791
4368	-253.9869	-425.4332	171.4463	2.02957	0.8413146
4374	-266.5654	-437.6282	171.0628	2.41305	0.8413146
4380	-264.5925	-436.1937	171.6012	1.643316	1.083458
4386	-259.1951	-430.683	171.4878	1.397594	1.386228
4392	-259.4676	-431.0977	171.6301	1.804165	0.8904988
4398	-273.9128	-445.3818	171.469	1.871647	0.9905774
4404	-271.7668	-443.6536	171.8868	1.24456	1.184724
4410	-265.7167	-437.0772	171.3605	1.590409	1.334481
4416	-268.8253	-439.4308	170.6054	2.837015	0.8811479
4422	-265.0888	-436.1597	171.0709	2.482186	0.7354745
4428	-258.756	-429.7142	170.9582	2.579237	0.7591272
4434	-271.0592	-441.5044	170.4453	2.978136	0.9028438
4440	-270.6934	-441.9104	171.217	2.115199	0.9991314
4446	-270.3375	-441.891	171.5535	1.644036	1.126339
4452	-267.638	-439.2246	171.5865	1.640097	1.099983
4458	-259.9103	-430.8545	170.9442	2.392847	0.9942411
4464	-267.0287	-438.4428	171.4142	1.56547	1.311364
4470	-267.7541	-439.6057	171.8516	1.358979	1.114597
4476	-269.9124	-441.7612	171.8488	1.520076	0.9616679
4482	-260.8894	-432.4263	171.5369	1.520076	1.247865
4488	-264.7904	-436.4464	171.656	1.359944	1.281798
4494	-265.9434	-437.7202	171.7768	1.423747	1.123645
4500	-267.406	-439.3613	171.9552	1.239835	1.128591
4506	-270.088	-441.7962	171.7081	1.60559	1.01743
4512	-273.8332	-445.8085	171.9753	1.430214	0.9225966
4518	-274.0373	-444.6994	170.662	2.722935	0.944728
4524	-281.0404	-452.1063	171.0659	2.319052	0.944728
4530	-265.2972	-436.931	171.6338	1.69604	1.001488
4536	-277.2404	-449.0406	171.8002	1.69604	0.8155767
4542	-275.4209	-446.7659	171.345	1.905167	1.078217
4548	-272.0393	-443.3513	171.312	1.548963	1.40526
4554	-272.0705	-443.5071	171.4366	1.80381	1.087306
4560	-280.8368	-452.5374	171.7006	1.628313	1.002388
4566	-279.9703	-451.2936	171.3233	1.567725	1.38184
4572	-276.6736	-447.9244	171.2509	1.333447	1.612324
4578	-272.2762	-443.5421	171.266	2.187476	0.8683096
4584	-280.0998	-450.3418	170.2419	3.254787	0.8149869
4590	-271.3978	-442.6083	171.2105	2.020154	1.096283
4596	-269.0325	-440.513	171.4805	1.453904	1.347632
4602	-280.422	-450.9161	170.494	2.797518	1.038976
4608	-269.3444	-440.6367	171.2923	1.481098	1.4724
4614	-268.0924	-439.7567	171.6643	1.038114	1.525611
4620	-272.2245	-443.2988	171.0743	1.825855	1.374669
4626	-269.426	-441.1564	171.7304	1.467215	1.126285
4632	-256.898	-428.491	171.5929	1.467215	1.24523
4638	-266.9398	-438.398	171.4582	1.709748	1.152722
4644	-267.147	-437.631	170.484	2.976889	0.8594612
4650	-265.7965	-436.919	171.1225	2.482698	0.6394547
4656	-269.1179	-440.3069	171.189	2.152319	0.9899439
4662	-279.499	-450.4471	170.9482	2.472459	0.9059049
4668	-264.8995	-435.614	170.7145	2.42549	1.17719
4674	-260.2396	-431.9253	171.6857	1.683137	0.9617417
4680	-254.2897	-425.6422	171.3525	1.664669	1.280784
4686	-253.911	-425.2227	171.3117	1.469083	1.466751
4692	-261.4783	-432.8493	171.371	1.292078	1.554776
4698	-265.1389	-436.7476	171.6088	1.522482	1.184809
4704	-259.727	-431.3597	171.6327	1.747424	0.9498241
4710	-263.9107	-435.1512	171.2406	2.112705	0.977777
4716	-259.8735	-431.2068	171.3333	1.925053	1.070574
4722	-268.9891	-440.3893	171.4003	1.858046	1.070574
4728	-273.5864	-444.82	171.2335	2.329599	0.7194261
4734	-270.8192	-442.2226	171.4034	1.918786	1.009027
4740	-270.1644	-441.3307	171.1663	2.327605	0.8186497
4746	-278.4973	-449.6161	171.1188	1.919241	1.263568
4752	-271.2372	-442.8683	171.6311	1.406992	1.263568
4758	-267.0948	-438.7062	171.6114	1.406992	1.279835
4764	-267.0517	-438.7302	171.6785	1.507218	1.136984
4770	-261.7204	-432.9102	171.1898	2.023078	1.112504
4776	-259.6051	-429.8689	170.2638	3.336082	0.6514249
4782	-257.867	-429.5084	171.6415	1.768994	0.9172072
4788	-270.719	-442.096	171.377	2.033474	0.9172072
4794	-276.4901	-446.5801	170.0899	3.521026	0.6258433
4800	-276.4496	-447.0811	170.6316	3.001785	0.5504395
4806	-256.91	-427.1236	170.2136	3.302493	0.789336
4812	-268.1626	-438.4703	170.3077	3.302493	0.6276488
4818	-267.9225	-439.1466	171.2241	2.387452	0.6242177
4824	-258.2952	-429.2038	170.9086	2.60864	0.787732
4830	-265.7562	-437.1177	171.3615	2.110621	0.8458579
4836	-253.4641	-424.8722	171.4081	2.110621	0.7856803
4842	-261.3736	-433.0696	171.6959	1.712735	0.9191845
4848	-255.6402	-427.2814	171.6412	1.578786	1.106035
4854	-263.033	-435.0162	171.9832	1.298161	1.048781
4860	-264.3463	-435.1715	170.8252	2.456168	1.048781
4866	-266.5167	-437.6549	171.1382	2.009678	1.170378
4872	-274.87	-445.8479	170.9779	2.355208	0.9981899
4878	-269.7999	-441.2015	171.4016	1.665329	1.239552
4884	-273.5281	-445.3084	171.7803	1.665329	0.8774472
4890	-267.8017	-438.8979	171.0962	2.299608	0.9331352
4896	-266.9762	-438.1193	171.1431	2.295209	0.8859319
4902	-265.7237	-436.7533	171.0297	2.327158	0.974129
4908	-263.2954	-434.4751	171.1796	1.965785	1.172502
4914	-275.2648	-447.1522	171.8873	1.393719	1.049051
4920	-282.2535	-453.4703	171.2168	2.03884	1.073089
4926	-278.4021	-449.6886	171.2865	1.796207	1.226283
4932	-265.8123	-437.5171	171.7048	1.5595	1.064937
4938	-274.1213	-445.2978	171.1765	2.331658	0.7999568
4944	-267.6408	-439.1926	171.5518	1.429422	1.310105
4950	-269.7729	-441.061	171.2881	1.923614	1.113562
4956	-269.0936	-440.3549	171.2613	1.955478	1.108953
4962	-272.9072	-443.886	170.9788	2.19172	1.150446
4968	-277.5195	-448.7236	171.2041	2.042487	1.081545
4974	-271.0877	-442.4307	171.3431	2.029413	0.9579017
4980	-273.2117	-444.134	170.9223	2.437474	0.9710822
4986	-270.4302	-441.9047	171.4744	1.972707	0.8757012
4992	-271.8972	-442.9432	171.046	2.528337	0.7004601
4998	-265.5525	-436.3716	170.8191	2.53702	0.9748537
5004	-264.4548	-435.5217	171.0669	2.349008	0.9111674
5010	-276.9502	-448.147	171.1968	2.17953	0.9538391
5016	-261.5918	-433.0659	171.4741	1.764181	1.089235
5022	-253.5251	-425.0984	171.5733	1.764181	0.9937875
5028	-248.4551	-420.1493	171.6942	1.382826	1.231085
5034	-249.4796	-421.0637	171.5841	1.55596	1.177189
5040	-263.902	-435.5914	171.6894	1.266131	1.330721
5046	-277.5963	-449.4198	171.8235	1.433642	1.0717
5052	-273.3011	-443.6989	170.3978	3.112295	0.7974459
5058	-283.2529	-454.7353	171.4823	1.719206	1.122793
5064	-267.4668	-439.0255	171.5587	1.512073	1.236313
5070	-268.0357	-439.4801	171.4444	1.467743	1.365201
5076	-269.9905	-442.1304	172.1398	0.8649928	1.290909
5082	-268.4287	-440.2381	171.8094	1.21987	1.270846
5088	-268.7459	-440.0735	171.3276	1.70163	1.270846
5094	-267.9235	-439.4231	171.4996	1.842351	0.9892726
5100	-271.1864	-442.6879	171.5015	1.698358	1.124259
5106	-269.669	-440.4453	170.7763	2.602671	0.9510466
5112	-262.2782	-433.3224	171.0442	2.116449	1.159169
5118	-270.6636	-442.2027	171.5391	1.5064	1.257384
5124	-266.3734	-437.9788	171.6054	1.304092	1.367289
5130	-264.6425	-435.743	171.1006	1.323108	1.726979
5136	-266.433	-437.9793	171.5463	1.648131	1.129156
5142	-269.8409	-441.0831	171.2422	1.541418	1.46466
5148	-263.6354	-434.8217	171.1863	1.576659	1.480307
5154	-274.2936	-445.513	171.2194	2.091386	1.020304
5160	-261.6958	-432.9456	171.2498	2.091386	0.9900475
5166	-272.927	-443.8234	170.8964	2.662137	0.7269388
5172	-277.7353	-449.2326	171.4973	1.786428	1.046551
5178	-271.1175	-442.1392	171.0217	2.424125	0.8772334
5184	-278.8426	-449.8997	171.0571	2.424125	0.834637
5190	-281.3643	-452.5804	171.2161	2.323708	0.7556557
5196	-278.5551	-449.6806	171.1254	2.005958	1.18469
5202	-286.6182	-458.3763	171.758	1.460359	1.107485
5208	-294.9086	-466.0805	171.1719	1.404399	1.618158
5214	-286.3293	-457.1945	170.8652	2.461772	1.0043
5220	-274.5954	-445.9767	171.3812	1.727276	1.204371
5226	-278.338	-449.7494	171.4114	1.68544	1.214272
5232	-282.2431	-453.5366	171.2936	2.14195	0.8891138
5238	-284.0438	-454.8534	170.8096	2.689711	0.8116333
5244	-279.4413	-450.9467	171.5054	1.348961	1.410359
5250	-278.1738	-449.9129	171.7391	1.348961	1.221748
5256	-281.779	-453.6155	171.8365	1.575919	0.9150141
5262	-262.8769	-434.2526	171.3757	1.744917	1.193994
5268	-258.899	-430.6228	171.7238	1.39682	1.193994
5274	-259.7461	-430.8625	171.1165	2.330659	0.8757409
5280	-267.2832	-438.5278	171.2446	2.294227	0.7571312
5286	-254.2725	-425.5887	171.3162	2.124581	0.8830468
5292	-258.1859	-429.0963	170.9104	2.409669	1.011174
5298	-259.9156	-431.7746	171.859	1.461046	1.011174
5304	-270.5376	-441.9993	171.4616	1.727035	1.134333
5310	-283.7834	-455.4101	171.6266	1.382906	1.28706
5316	-276.231	-447.708	171.477	1.638582	1.198305
5322	-275.6376	-447.1851	171.5475	1.5681	1.198305
5328	-271.6193	-443.1602	171.541	1.558277	1.212272
5334	-279.6442	-450.9545	171.3102	1.95758	1.06163
5340	-273.4774	-444.6723	171.1949	2.251325	0.8767481
5346	-281.044	-452.6323	171.5883	1.639109	1.099289
5352	-296.011	-467.1387	171.1277	1.902788	1.26988
5358	-274.9517	-446.1292	171.1775	2.137397	1.016239
5364	-270.141	-441.6276	171.4866	1.424903	1.36576
5370	-260.5856	-432.0079	171.4223	1.246078	1.550843
5376	-271.4051	-443.1281	171.723	1.099049	1.435281
5382	-270.1649	-441.1352	170.9703	1.379874	1.778386
5388	-277.2423	-448.7685	171.5262	1.139871	1.552591
5394	-274.2288	-445.8381	171.6093	1.454697	1.241976
5400	-274.4015	-446.3345	171.933	1.022809	1.330514
5406	-279.5629	-451.0065	171.4436	1.232723	1.544994
5412	-260.0349	-431.7654	171.7305	1.234197	1.323428
5418	-275.2467	-446.8303	171.5835	1.515266	1.212664
5424	-290.3943	-461.3083	170.9141	2.496175	0.9174359
5430	-290.1665	-461.5133	171.3469	1.687015	1.267025
5436	-275.5124	-446.5715	171.0591	2.285306	0.9867972
5442	-268.1496	-439.8037	171.6541	1.557703	1.113483
5448	-275.7817	-446.8188	171.0371	1.98386	1.277682
5454	-275.8166	-447.6313	171.8147	1.413174	1.098796
5460	-283.2481	-454.0912	170.8431	2.539405	0.9473684
5466	-280.7549	-452.7733	172.0184	1.156586	1.146466
5472	-268.9636	-440.3253	171.3617	1.927751	1.041041
5478	-261.2643	-432.1684	170.9041	2.388934	1.037595
5484	-263.2048	-434.7721	171.5673	2.017817	0.6808597
5490	-261.8081	-433.2547	171.4466	1.960654	0.9207332
5496	-263.5176	-435.0353	171.5177	1.389467	1.369144
5502	-271.0224	-442.2849	171.2625	1.884454	1.171174
5508	-264.2214	-435.4712	171.2498	2.203895	0.868053
5514	-271.5666	-443.4395	171.8729	1.170677	1.259034
5520	-270.1144	-441.4172	171.3028	1.639834	1.341074
5526	-264.1432	-436.1638	172.0206	1.147154	1.152947
5532	-267.6761	-438.7134	171.0374	1.984976	1.276563
5538	-285.4456	-455.9336	170.488	3.028513	0.7886593
5544	-274.9621	-446.3463	171.3842	2.010128	0.9346845
5550	-274.0568	-445.2772	171.2205	1.872475	1.217629
5556	-267.3572	-438.333	170.9758	2.563354	0.7566293
5562	-276.7054	-448.1808	171.4755	1.955446	0.8943565
5568	-271.7273	-442.917	171.1897	2.196182	0.9437143
5574	-279.5438	-450.5519	171.0081	2.217045	1.101327
5580	-276.3252	-448.0733	171.748	1.728793	0.8401323
5586	-270.8747	-441.5986	170.7239	2.793695	0.787176
5592	-268.6817	-440.0718	171.3901	1.799237	1.133747
5598	-267.6845	-439.193	171.5084	1.347622	1.409079
5604	-280.4834	-451.5365	171.0531	1.18314	1.857028
5610	-273.2131	-444.9272	171.714	1.386921	1.210795
5616	-280.9368	-452.4735	171.5368	1.663947	1.123514
5622	-276.749	-448.2662	171.5172	1.598512	1.19816
5628	-266.8339	-438.1128	171.2789	1.468217	1.492192
5634	-267.7489	-438.798	171.0491	1.821267	1.397966
5640	-267.5006	-438.9826	171.482	0.9258949	1.738066
5646	-265.4391	-436.8106	171.3715	1.214663	1.611017
5652	-263.6453	-435.5114	171.8661	0.7424516	1.594691
5658	-267.6761	-439.4563	171.7802	0.7424516	1.656738
5664	-256.3818	-428.3508	171.969	0.9123027	1.389479
5670	-255.9421	-427.551	171.6089	1.755563	0.9662548
5676	-267.1102	-438.4083	171.2981	1.784268	1.226596
5682	-277.866	-449.2496	171.3837	1.947367	1.000223
5688	-268.4746	-439.9505	171.4759	2.024561	0.8101158
5694	-262.9069	-434.4002	171.4933	1.711264	1.120009
5700	-254.8017	-426.6461	171.8444	1.089587	1.34793
5706	-262.9127	-434.6808	171.7681	1.165862	1.34793
5712	-265.6705	-437.3491	171.6787	1.165862	1.41801
5718	-264.8155	-436.4142	171.5987	1.165862	1.479099
5724	-261.553	-433.1517	171.5987	1.165862	1.479099
5730	-258.1765	-429.6195	171.443	1.685564	1.187122
5736	-266.3384	-437.6145	171.2761	1.852458	1.187122
5742	-266.3049	-438.2323	171.9273	1.238245	1.154822
5748	-272.5227	-444.5557	172.033	1.104286	1.179583
5754	-258.46	-429.9586	171.4986	1.87201	0.9598141
5760	-266.5598	-437.8713	171.3115	2.141472	0.8688412
5766	-262.3284	-433.2214	170.893	2.577037	0.8484126
5772	-268.3812	-439.7367	171.3555	2.015936	0.9589926
5778	-261.2317	-432.6569	171.4253	1.324558	1.490154
5784	-260.7252	-432.656	171.9308	1.324558	1.073405
5790	-284.4541	-456.0172	171.5631	1.266331	1.429648
5796	-276.7122	-447.6244	170.9123	2.636663	0.7419083
5802	-274.2921	-445.7696	171.4774	1.900589	0.9520667
5808	-271.3271	-442.4014	171.0742	2.396948	0.8470574
5814	-260.0055	-431.014	171.0085	2.490696	0.8117395
5820	-264.602	-435.9088	171.3068	2.058677	0.965221
5826	-257.893	-429.147	171.254	2.047168	1.029653
5832	-265.9377	-437.3712	171.4335	2.06082	0.8180946
5838	-262.578	-433.8178	171.2399	2.113276	0.9778978
5844	-283.7835	-455.4107	171.6272	1.241753	1.399054
5850	-284.2415	-455.9669	171.7254	1.012802	1.498907
5856	-273.7808	-445.1175	171.3367	1.516188	1.411551
5862	-268.8049	-440.4495	171.6446	1.204915	1.414127
5868	-261.3473	-433.1422	171.7948	1.261926	1.248049
5874	-264.3266	-435.9891	171.6625	1.379485	1.260357
5880	-262.8603	-434.3893	171.529	1.891224	0.9064221
5886	-264.9032	-436.4502	171.547	1.958715	0.8032026
5892	-269.4436	-440.6136	171.1701	1.990717	1.159056
5898	-271.9732	-443.4179	171.4447	1.716095	1.159056
5904	-275.3666	-447.0164	171.6498	1.51254	1.15772
5910	-278.289	-449.7087	171.4198	2.094805	0.7913493
5916	-268.1567	-440.0116	171.8549	1.479139	0.997234
5922	-280.0257	-451.0924	171.0667	2.328683	0.9336199
5928	-273.6729	-444.6732	171.0003	2.395081	0.9336199
5934	-262.9513	-434.8529	171.9015	1.396737	1.032493
5940	-254.6919	-426.0489	171.357	1.919173	1.053728
5946	-258.4665	-430.0307	171.5643	1.004819	1.623345
5952	-262.885	-434.4275	171.5425	1.175823	1.513778
5958	-267.592	-439.2548	171.6628	1.216283	1.39116
5964	-267.3131	-439.4365	172.1234	1.086832	1.114947
5970	-266.5764	-438.0541	171.4777	1.453132	1.350446
5976	-264.9168	-436.225	171.3082	1.940783	1.079317
5982	-260.1136	-431.7935	171.6799	1.552833	1.094384
5988	-276.7135	-447.8866	171.1731	1.663597	1.424028
5994	-281.0645	-452.2689	171.2043	1.3611	1.625987
6000	-273.4026	-445.0273	171.6247	1.65851	1.046971
6006	-276.9737	-448.5337	171.56	1.416012	1.314295
6012	-280.1257	-451.6652	171.5395	1.689542	1.097769
6018	-271.0227	-442.4365	171.4138	1.483906	1.376595
6024	-269.333	-440.431	171.098	2.383573	0.8342459
6030	-261.3189	-432.6738	171.3549	1.841648	1.127274
6036	-261.0418	-432.4913	171.4495	1.939716	0.9401927
6042	-272.3047	-444.3325	172.0279	1.359234	0.9424415
6048	-268.1918	-439.4151	171.2233	1.325791	1.637733
6054	-273.7954	-445.1331	171.3377	1.977807	1.015678
6060	-262.4773	-433.8139	171.3366	2.051209	0.941745
6066	-265.0692	-436.081	171.0117	2.5171	0.7715798
6072	-268.144	-439.4625	171.3185	1.635114	1.332294
6078	-268.6353	-440.2539	171.6186	1.553137	1.149415
6084	-266.6698	-438.394	171.7242	1.593275	1.013736
6090	-264.3524	-436.2791	171.9267	1.344229	1.058715
6096	-263.9462	-435.3892	171.443	1.6287	1.235535
6102	-254.6589	-426.6952	172.0363	1.306177	0.988699
6108	-256.8689	-428.5299	171.6609	1.715842	0.9533741
6114	-264.3046	-435.369	171.0644	2.446326	0.7964758
6120	-268.029	-439.6595	171.6306	1.619258	1.078533
6126	-272.5943	-443.9192	171.3249	2.225869	0.7391303
6132	-283.7571	-454.7262	170.9691	2.58163	0.7391303
6138	-274.5607	-446.3254	171.7647	1.280269	1.257857
6144	-265.4734	-436.7964	171.3229	1.738804	1.243896
6150	-269.059	-439.8222	170.7632	2.718384	0.83426
6156	-267.8223	-439.2487	171.4264	2.055183	0.83426
6162	-269.8874	-441.4986	171.6111	1.605386	1.109194
6168	-276.5058	-447.9188	171.413	1.605386	1.279773
6174	-275.7502	-447.0898	171.3396	1.837627	1.144483
6180	-273.165	-444.3205	171.1555	1.624848	1.467101
6186	-270.2156	-441.966	171.7504	1.496924	1.08086
6192	-273.8251	-445.5306	171.7055	1.496924	1.122012
6198	-269.9284	-441.9469	172.0185	1.121655	1.177105
6204	-259.1247	-430.7301	171.6054	1.835364	0.8830954
6210	-266.0425	-437.6115	171.5689	1.692752	1.067416
6216	-261.8332	-433.1405	171.3073	2.04054	0.9833245
6222	-273.7781	-445.1572	171.3791	1.970455	0.981577
6228	-277.8098	-448.3305	170.5207	2.954933	0.8416185
6234	-267.5942	-438.7321	171.1378	2.073669	1.113765
6240	-267.09	-437.873	170.7831	2.672249	0.866133
6246	-275.6648	-446.2107	170.5459	2.912846	0.8620824
6252	-274.6285	-446.3722	171.7437	1.56914	1.018247
6258	-283.6236	-455.0522	171.4286	1.575286	1.291631
6264	-274.2773	-445.3127	171.0354	2.126259	1.158303
6270	-273.5439	-444.6742	171.1303	1.541528	1.548298
6276	-266.182	-437.4177	171.2357	1.541528	1.469446
6282	-264.669	-435.8945	171.2255	1.120278	1.781448
6288	-261.2782	-433.1881	171.9099	0.8743764	1.464105
6294	-257.8518	-429.7814	171.9296	0.8183315	1.491601
6300	-265.3109	-436.5968	171.286	1.911054	1.126842
6306	-258.7915	-430.2245	171.433	1.964832	0.9309338
6312	-268.1045	-439.4637	171.3592	1.489323	1.4149
6318	-261.501	-432.034	170.533	3.040658	0.7016342
6324	-266.873	-437.3202	170.4472	3.040658	0.8263492
6330	-306.4988	-477.2507	170.7519	2.724743	0.8403416
6336	-278.4731	-449.3777	170.9047	2.545562	0.8720891
6342	-269.2419	-439.7876	170.5456	2.90821	0.8678664
6348	-269.1111	-439.7681	170.657	2.90821	0.7159361
6354	-274.469	-444.5886	170.1195	3.477703	0.6569595
6360	-271.853	-443.2166	171.3637	1.892699	1.072411
6366	-253.5189	-425.1105	171.5916	1.299607	1.381696
6372	-254.5944	-426.2694	171.6749	1.730791	0.9223933
6378	-258.298	-429.1672	170.8693	2.608023	0.8395362
6384	-254.7689	-425.5194	170.7505	2.755462	0.8029063
6390	-268.663	-440.0605	171.3975	2.207603	0.6397806
6396	-280.8429	-451.6969	170.8541	2.293818	1.170351
6402	-281.5942	-452.8009	171.2067	1.891174	1.213397
6408	-271.7251	-443.1842	171.4591	1.884725	0.987406
6414	-268.9016	-440.6371	171.7355	1.523073	1.070343
6420	-279.0819	-451.1409	172.059	1.046029	1.207342
6426	-274.3214	-445.5899	171.2685	2.083443	0.9791132
6432	-266.9382	-438.3518	171.4136	1.690622	1.208046
6438	-276.7502	-447.9547	171.2044	2.211444	0.9112344
6444	-254.1234	-425.3544	171.231	2.14697	0.9521463
6450	-282.3515	-453.7065	171.355	1.613056	1.320687
6456	-279.2121	-450.7242	171.5121	1.800068	1.018933
6462	-261.6847	-433.8388	172.1541	1.158082	1.018933
6468	-264.9554	-436.7093	171.7539	1.567295	1.010043
6474	-262.8734	-434.7002	171.8267	1.567295	0.935056
6480	-271.2039	-442.3161	171.1121	2.276853	0.9404519
6486	-267.1464	-438.3763	171.2299	2.007586	1.08996
6492	-274.1582	-444.593	170.4347	3.046528	0.834622
6498	-277.0246	-448.4015	171.3769	2.104398	0.834622
6504	-275.2151	-446.3835	171.1685	2.378755	0.7445466
6510	-268.5269	-439.671	171.1441	2.343413	0.826774
6516	-261.7998	-432.9279	171.1281	2.23201	0.9707228
6522	-262.0162	-433.0117	170.9955	2.497273	0.8200992
6528	-269.1162	-440.0405	170.9244	2.568394	0.8200992
6534	-257.6592	-429.2016	171.5424	1.684248	1.099926
6540	-259.5973	-431.2804	171.6831	1.649769	0.9983636
6546	-254.1669	-425.7994	171.6325	1.689536	1.009239
6552	-264.1979	-434.9786	170.7807	2.4993	1.050043
6558	-279.9563	-450.8669	170.9106	2.018823	1.351559
6564	-268.8066	-440.5413	171.7346	1.356651	1.219017
6570	-261.5511	-433.188	171.6369	1.356651	1.300048
6576	-275.0996	-446.7031	171.6035	1.558187	1.158281
6582	-265.9193	-437.3139	171.3945	1.395155	1.460012
6588	-281.7397	-453.1327	171.393	1.396665	1.460012
6594	-286.6701	-457.8199	171.1499	1.198108	1.779953
6600	-271.5561	-443.3946	171.8385	1.398678	1.090259
6606	-271.8237	-443.5789	171.7552	1.482013	1.090259
6612	-262.5231	-433.8207	171.2976	2.076847	0.9557986
6618	-281.9497	-453.1786	171.2289	2.14556	0.9557986
6624	-288.6773	-459.8656	171.1883	2.087371	1.054211
6630	-272.0321	-443.6229	171.5907	1.705728	1.034279
6636	-272.0048	-443.4149	171.4102	1.879652	1.040657
6642	-266.8654	-438.6858	171.8205	1.136322	1.329747
6648	-269.4774	-440.883	171.4056	1.136322	1.64293
6654	-255.8832	-427.5103	171.6271	1.753753	0.9491009
6660	-261.0831	-432.3182	171.2351	2.366244	0.6482426
6666	-271.6747	-442.9657	171.291	2.116987	0.9198612
6672	-288.6049	-459.9596	171.3547	2.010281	0.9656836
6678	-280.1918	-450.6911	170.4992	2.890601	0.9395377
6684	-267.0568	-438.375	171.3181	1.980754	1.031887
6690	-254.1096	-425.5115	171.4019	1.897035	1.031887
6696	-270.692	-442.0108	171.3187	1.811259	1.185894
6702	-280.4068	-451.8655	171.4587	2.167561	0.5811332
6708	-274.0717	-444.9749	170.9032	2.288194	1.131861
6714	-269.8233	-440.8254	171.0022	2.48479	0.8274852
6720	-273.7521	-444.9148	171.1627	2.122942	1.044642
6726	-272.7327	-444.5336	171.8009	1.697875	0.8122877
6732	-262.1116	-433.6437	171.5321	1.697875	1.096922
6738	-264.1368	-435.7466	171.6098	1.785364	0.933816
6744	-272.1953	-442.1163	169.921	3.685301	0.6368867
6750	-262.3949	-432.091	169.6961	3.937488	0.5492989
6756	-259.8748	-430.7975	170.9227	2.714873	0.4833032
6762	-268.592	-439.6216	171.0296	2.403592	0.891779
6768	-269.1989	-439.847	170.6481	2.889912	0.7582805
6774	-264.4091	-436.2503	171.8412	1.433895	1.054757
6780	-261.2732	-432.9956	171.7225	1.493444	1.109751
6786	-267.119	-438.2817	171.1627	1.097197	1.840784
6792	-264.3509	-434.8712	170.5204	3.069826	0.6711942
6798	-263.2571	-433.3559	170.0987	3.535215	0.5470774
6804	-260.9576	-432.4234	171.4658	1.726718	1.130871
6810	-266.7374	-438.3447	171.6073	1.340328	1.337098
6816	-266.3588	-437.983	171.6242	1.323354	1.337098
6822	-280.5925	-451.6076	171.0151	2.536328	0.7380355
6828	-276.1597	-446.39	170.2303	3.317936	0.7429825
6834	-272.1507	-443.4217	171.271	2.130102	0.9274169
6840	-270.7792	-441.4119	170.6327	2.879042	0.7951388
6846	-277.0929	-448.4996	171.4067	2.036528	0.8802715
6852	-273.6487	-444.8978	171.2491	1.766653	1.281957
6858	-279.5501	-451.1241	171.574	1.201456	1.470842
6864	-277.0623	-448.354	171.2917	1.8492	1.176472
6870	-271.8714	-442.2795	170.408	3.082272	0.8232554
6876	-269.9331	-440.603	170.6699	2.840908	0.7964595
6882	-269.7419	-440.3827	170.6409	2.840908	0.8339867
6888	-266.4888	-437.5549	171.0661	2.491897	0.7277623
6894	-257.3638	-428.3101	170.9463	2.253369	1.124441
6900	-266.9453	-438.4567	171.5114	1.003441	1.662323
6906	-273.9323	-445.5641	171.6317	1.003441	1.575288
6912	-265.3225	-437.3873	172.0648	1.061954	1.188681
6918	-268.7611	-440.3155	171.5543	1.319613	1.395196
6924	-265.966	-437.0852	171.1193	1.754674	1.395196
6930	-264.1813	-435.8895	171.7082	1.754674	0.8570968
6936	-285.6125	-457.3919	171.7794	1.513431	1.037724
6942	-271.0892	-442.7542	171.665	1.651639	1.014562
6948	-276.7526	-448.3511	171.5985	1.625526	1.102363
6954	-271.4443	-442.6899	171.2456	2.265184	0.7964788
6960	-271.9123	-442.99	171.0777	1.996909	1.233094
6966	-271.8909	-442.7561	170.8652	2.487679	0.9781396
6972	-264.6818	-436.36	171.6782	1.141133	1.437376
6978	-261.1763	-432.8673	171.691	1.128395	1.437376
6984	-262.02	-433.4308	171.4108	2.062143	0.8449062
6990	-270.9291	-442.6967	171.7676	1.593818	0.9694138
6996	-264.4668	-436.4867	172.02	0.9897974	1.286864
7002	-270.9497	-442.4098	171.4601	1.373145	1.426705
7008	-263.0422	-434.5583	171.5161	1.408204	1.355598
7014	-268.2936	-439.6152	171.3216	1.742119	1.242203
7020	-266.3805	-437.9166	171.5362	1.706819	1.084901
7026	-266.7939	-438.4743	171.6804	1.484856	1.155125
7032	-263.1518	-435.0753	171.9234	1.246836	1.150673
7038	-259.2336	-430.7457	171.512	1.816512	1.002733
7044	-260.157	-431.5834	171.4264	1.910929	0.9939326
7050	-265.6337	-437.0392	171.4055	1.919894	1.005905
7056	-261.0754	-432.3948	171.3194	1.661086	1.310646
7062	-262.1992	-433.5363	171.3371	2.019629	0.9742148
7068	-268.7202	-439.9535	171.2333	2.254344	0.8265735
7074	-268.083	-439.657	171.5741	1.230907	1.448387
7080	-261.4594	-432.8632	171.4039	1.605757	1.286973
7086	-267.9375	-439.1165	171.179	1.830609	1.286973
7092	-267.37	-438.6675	171.2976	1.537705	1.425152
7098	-261.5557	-432.9922	171.4365	1.536428	1.316754
7104	-263.524	-435.4645	171.9405	1.379302	1.01142
7110	-263.1521	-434.2472	171.0951	2.139587	1.092553
7116	-262.5384	-433.8078	171.2694	2.139587	0.9187762
7122	-264.3945	-435.74	171.3455	2.034529	0.9499896
7128	-271.7255	-443.1149	171.3894	1.970603	0.9707964
7134	-267.7986	-439.0267	171.2281	2.090636	1.012439
7140	-269.4855	-440.728	171.2425	1.842692	1.2242
7146	-266.3392	-437.0907	170.7516	2.652063	0.9246742
7152	-279.2466	-450.9529	171.7063	1.681108	0.9421374
7158	-266.1028	-437.1841	171.0813	2.20363	1.045352
7164	-274.6365	-445.9513	171.3147	2.090329	0.9231206
7170	-269.6433	-441	171.3567	1.999631	0.9745753
7176	-275.1704	-446.4969	171.3265	1.924126	1.077735
7182	-275.7888	-446.9617	171.1728	2.077856	1.077735
7188	-266.5207	-437.7244	171.2036	2.029434	1.094057
7194	-268.9668	-439.9713	171.0045	1.855196	1.406259
7200	-262.5481	-434.2221	171.674	1.224	1.376341
7206	-266.6887	-439.0116	172.3229	0.953887	1.053134
7212	-259.3195	-430.9013	171.5818	1.780812	0.9681177
7218	-260.1332	-430.5031	170.37	3.203129	0.7026383
7224	-264.1302	-435.2531	171.1229	1.867359	1.302774
7230	-267.6113	-439.0784	171.4671	1.867359	0.9967899
7236	-268.0811	-440.3555	172.2744	1.191612	0.8533398
7242	-265.105	-436.7049	171.5999	1.919097	0.7853141
7248	-268.7374	-439.3768	170.6395	2.722	0.9693149
7254	-272.2047	-443.1193	170.9146	2.722	0.5284477
7260	-274.3223	-444.4988	170.1765	3.324679	0.8091651
7266	-266.6113	-437.5084	170.8971	2.646966	0.7493743
7272	-280.6418	-450.8055	170.1636	3.265017	0.8969198
7278	-277.4406	-448.4558	171.0152	2.545665	0.723077
7284	-274.5906	-445.3895	170.7989	2.615607	0.9127084
7290	-279.667	-451.0701	171.4031	1.690809	1.21676
7296	-268.1135	-439.5852	171.4718	1.933651	0.9227175
7302	-273.6636	-444.5582	170.8946	1.87197	1.477551
7308	-275.8962	-446.7983	170.9021	2.413887	1.015194
7314	-274.6097	-445.853	171.2432	2.122889	0.9645379
7320	-269.2599	-440.3157	171.0558	2.134309	1.133066
7326	-275.9274	-446.8053	170.8778	2.487728	0.965084
7332	-273.9681	-445.5551	171.5869	1.879884	0.8523679
7338	-260.382	-432.0378	171.6558	1.454249	1.20307
7344	-256.8153	-428.6874	171.8721	1.4479	1.011239
7350	-263.6101	-435.5434	171.9333	1.345299	1.051423
7356	-259.4963	-431.3557	171.8594	1.557344	0.9102849
7362	-261.4393	-432.7497	171.3104	2.04669	0.9738606
7368	-268.2363	-439.3761	171.1398	2.335915	0.8414459
7374	-263.3304	-434.4911	171.1607	2.315096	0.8414459
7380	-272.6325	-443.9253	171.2928	2.190205	0.8324563
7386	-276.8908	-448.2819	171.391	1.628391	1.278936
7392	-272.8045	-443.622	170.8175	2.512223	1.001556
7398	-262.5077	-434.1109	171.6031	1.618713	1.10437
7404	-272.2541	-443.3887	171.1347	1.396579	1.650593
7410	-268.2815	-439.8282	171.5467	1.647497	1.129332
7416	-255.9063	-427.2577	171.3515	1.966226	1.013492
7422	-264.9115	-436.0082	171.0967	1.955999	1.251466
7428	-262.431	-433.8878	171.4568	1.558514	1.282284
7434	-268.9168	-440.0228	171.106	2.104184	1.114981
7440	-265.4654	-436.5714	171.106	2.104184	1.114981
7446	-272.6751	-443.6508	170.9758	2.42207	0.9309561
7452	-265.2174	-436.1297	170.9123	2.081747	1.299652
7458	-260.6989	-432.5293	171.8304	1.308057	1.178534
7464	-275.2063	-446.8515	171.6452	1.493293	1.178534
7470	-277.4088	-448.5737	171.1649	2.044126	1.115996
7476	-274.0978	-445.4389	171.3411	1.125234	1.696873
7482	-281.1332	-453.0041	171.871	1.376656	1.080593
7488	-265.0779	-436.6669	171.589	1.842004	0.8943044
7494	-271.024	-441.8507	170.8267	2.656796	0.8317992
7500	-268.1328	-439.6102	171.4774	1.720341	1.126208
7506	-257.5914	-429.3249	171.7335	1.358352	1.218557
7512	-273.731	-444.7869	171.0559	2.075952	1.1843
7518	-266.3343	-438.1253	171.7911	1.5391	1.001128
7524	-274.5882	-445.5633	170.9751	2.378143	0.9777938
7530	-275.4954	-446.8288	171.3333	2.191712	0.7768979
7536	-271.228	-442.5864	171.3584	2.191712	0.740119
7542	-266.5905	-436.9641	170.3737	3.183846	0.7285307
7548	-266.0566	-437.0002	170.9436	2.611078	0.7329737
7554	-266.3825	-437.4079	171.0254	2.54658	0.7045018
7560	-269.1076	-439.852	170.7444	2.747017	0.8217981
7566	-265.6755	-436.5833	170.9078	2.583668	0.8217981
7572	-271.885	-443.7485	171.8635	1.360459	1.102391
7578	-273.5712	-444.8524	171.2812	1.5361	1.438921
7584	-271.4365	-443.1527	171.7162	1.365388	1.227224
7590	-286.0445	-456.6823	170.6378	2.906136	0.749563
7596	-280.3498	-451.7587	171.4088	1.962984	0.958575
7602	-280.0885	-451.8288	171.7403	1.364993	1.207111
7608	-276.9876	-448.6421	171.6545	1.450804	1.207111
7614	-270.6253	-441.7287	171.1034	2.362681	0.8532212
7620	-269.8675	-440.8465	170.979	2.430844	0.9178787
7626	-267.8807	-439.5686	171.6879	1.745354	0.8917555
7632	-271.3129	-442.153	170.8401	2.585539	0.9003244
7638	-270.1803	-441.1483	170.968	2.585539	0.734818
7644	-264.3591	-436.2023	171.8433	1.405491	1.079505
7650	-274.4953	-445.9667	171.4715	1.025205	1.675291
7656	-271.3173	-442.5587	171.2414	2.128496	0.960556
7662	-269.5897	-440.8975	171.3079	2.112349	0.9063668
7668	-263.9323	-434.6256	170.6933	2.783254	0.8404819
7674	-265.3878	-436.8813	171.4935	1.943145	0.8878329
7680	-271.211	-442.2421	171.0311	2.417326	0.8741966
7686	-258.744	-429.8935	171.1494	1.814003	1.324411
7692	-267.7336	-439.5923	171.8588	1.263079	1.192918
7698	-274.1834	-445.8938	171.7104	1.805385	0.7896776
7704	-271.1315	-441.7528	170.6213	2.876656	0.8133348
7710	-261.0171	-432.4488	171.4318	1.636337	1.238561
7716	-270.546	-442.3247	171.7788	1.395046	1.147549
7722	-267.7834	-439.1027	171.3193	1.886338	1.119108
7728	-262.1094	-433.4053	171.2958	1.723948	1.278642
7734	-269.756	-441.7545	171.9985	1.143749	1.175255
7740	-281.5267	-452.3151	170.7883	1.749237	1.646039
7746	-266.178	-438.1305	171.9525	1.126452	1.229429
7752	-259.3192	-430.7148	171.3956	1.943052	0.9925984
7758	-253.76	-425.4976	171.7375	1.714734	0.8697093
7764	-269.254	-440.7893	171.5352	1.315215	1.41342
7770	-269.2942	-440.5954	171.3012	1.395308	1.530031
7776	-271.6887	-443.1357	171.4469	1.721513	1.152307
7782	-275.7839	-447.239	171.4551	1.932112	0.942317
7788	-270.7747	-442.032	171.2573	2.089072	0.9848227
7794	-260.3971	-432.1157	171.7187	1.681573	0.9283224
7800	-274.2724	-445.394	171.1217	2.016816	1.178534
7806	-282.0032	-453.3375	171.3343	1.858113	1.130976
7812	-268.2759	-439.3201	171.0442	1.866265	1.366564
7818	-261.9922	-433.7303	171.738	1.454329	1.131025
7824	-262.5267	-434.3991	171.8724	1.45312	1.005715
7830	-275.8474	-447.4549	171.6076	1.860928	0.8503452
7836	-267.7286	-438.2558	170.5272	2.97986	0.8014348
7842	-266.0471	-437.1819	171.1347	1.734291	1.399013
7848	-259.9167	-432.0184	172.1017	1.207906	1.021414
7854	-264.7114	-435.9371	171.2258	1.499157	1.50885
7860	-266.658	-438.4127	171.7547	1.137587	1.380821
7866	-265.6561	-436.6555	170.9995	2.317675	1.014048
7872	-268.4754	-439.9291	171.4536	1.461162	1.363131
7878	-262.4288	-434.0254	171.5966	1.461162	1.247257
7884	-267.5325	-438.9871	171.4546	1.395743	1.413505
7890	-258.397	-430.1517	171.7547	1.395743	1.168092
7896	-267.7242	-439.3484	171.6241	1.355592	1.311282
7902	-267.2515	-439.1434	171.8919	1.297294	1.133857
7908	-263.8252	-435.3066	171.4814	1.297294	1.468355
7914	-274.4981	-446.603	172.1049	1.168852	1.056017
7920	-269.9487	-441.5465	171.5977	1.600701	1.12556
7926	-269.2947	-441.0986	171.8039	1.444282	1.080065
7932	-273.5213	-445.0325	171.5112	1.444282	1.330755
7938	-275.2849	-446.9113	171.6264	1.709783	0.9951127
7944	-283.075	-454.5456	171.4706	1.19712	1.551346
7950	-278.3174	-449.9732	171.6558	1.462258	1.196178
7956	-274.8729	-446.1017	171.2288	1.581987	1.443918
7962	-274.4086	-445.3665	170.9579	1.789197	1.492214
7968	-274.5305	-445.5491	171.0185	1.759812	1.468638
7974	-274.1842	-445.6287	171.4445	1.477255	1.357658
7980	-271.9479	-443.1177	171.1698	2.049626	1.106596
7986	-267.6699	-438.8275	171.1576	1.86848	1.273496
7992	-284.5701	-456.2267	171.6566	1.369446	1.273496
7998	-268.1507	-439.9676	171.817	1.362885	1.142185
8004	-272.1767	-443.6612	171.4845	1.952181	0.8878121
8010	-275.9324	-446.9765	171.0442	2.447765	0.8211445
8016	-285.2518	-456.1303	170.8785	2.64699	0.7762205
8022	-278.7829	-449.7019	170.919	2.64699	0.7146857
8028	-273.8565	-444.3618	170.5053	3.061664	0.713063
8034	-271.1912	-441.1504	169.9592	3.607754	0.713063
8040	-272.263	-443.0629	170.7999	2.468346	1.06128
8046	-271.7173	-442.4894	170.7721	2.468346	1.087199
8052	-277.1929	-448.3982	171.2053	2.161463	0.9638037
8058	-273.1968	-444.4112	171.2144	2.245899	0.8601865
8064	-263.8965	-434.7279	170.8314	2.52519	0.9743854
8070	-265.4041	-436.9954	171.5913	1.904767	0.8158841
8076	-262.4191	-433.528	171.1089	1.904767	1.283683
8082	-270.9723	-442.5295	171.5572	1.399378	1.329895
8088	-272.8386	-444.6581	171.8195	1.43677	1.07254
8094	-265.0548	-436.4107	171.3559	1.43677	1.457738
8100	-268.8268	-440.2969	171.4701	1.423364	1.379952
8106	-269.7692	-441.3356	171.5664	1.372533	1.344017
8112	-273.8329	-445.1993	171.3664	1.957553	1.007282
8118	-270.5397	-442.1058	171.566	1.942684	0.7992481
8124	-267.4883	-438.6692	171.1808	1.756312	1.345416
8130	-270.164	-441.0981	170.9341	2.003078	1.345416
8136	-269.5973	-441.6551	172.0578	1.320764	0.9515117
8142	-265.1819	-436.81	171.6281	1.556012	1.138426
8148	-262.2815	-433.9722	171.6908	1.463232	1.165007
8154	-273.8077	-445.8876	172.0799	1.243598	1.007761
8160	-271.458	-443.2447	171.7867	1.252101	1.263001
8166	-277.9652	-449.8636	171.8984	1.59842	0.8148602
8172	-277.6368	-449.1103	171.4736	1.940764	0.9129279
8178	-281.1544	-452.7313	171.5768	1.203358	1.467229
8184	-289.4473	-460.8471	171.3998	1.193564	1.605784
8190	-271.5065	-443.1104	171.6038	1.454192	1.247003
8196	-258.3268	-429.7574	171.4307	1.779865	1.114654
8202	-255.7027	-427.4403	171.7376	1.309327	1.256225
8208	-256.2816	-428.0148	171.7332	1.313724	1.256225
8214	-256.2136	-427.9885	171.7749	1.687985	0.8570379
8220	-258.584	-430.0299	171.4459	2.105205	0.7386417
8226	-276.7364	-448.0075	171.2711	1.821145	1.218209
8232	-269.8167	-441.6081	171.7913	1.300905	1.218209
8238	-287.7362	-459.3298	171.5936	1.723279	1.014318
8244	-287.0716	-458.4459	171.3742	1.632261	1.289532
8250	-268.9266	-439.9672	171.0406	2.252887	1.037149
8256	-269.5523	-440.5001	170.9478	1.793778	1.496393
8262	-273.7083	-445.0055	171.2972	1.281908	1.616082
8268	-260.7225	-432.4305	171.7079	1.207652	1.362521
8274	-256.8726	-428.6624	171.7898	1.125826	1.362521
8280	-258.7902	-430.2058	171.4156	1.625561	1.261045
8286	-259.4973	-430.8842	171.3869	1.86076	1.080571
8292	-251.9395	-423.561	171.6215	1.615306	1.090625
8298	-251.1026	-422.7678	171.6653	1.553274	1.10737
8304	-271.8255	-443.0401	171.2146	2.0017	1.109388
8310	-286.747	-457.2896	170.5425	2.924615	0.8519511
8316	-280.4313	-452.1237	171.6924	1.504398	1.127063
8322	-271.5746	-442.8983	171.3236	1.758379	1.226887
8328	-266.7325	-437.8761	171.1436	2.208585	0.9788935
8334	-271.9023	-443.1166	171.2143	2.394586	0.6308842
8340	-258.3225	-429.1987	170.8762	2.732655	0.6308842
8346	-259.9447	-431.3788	171.4341	1.824421	1.070374
8352	-257.9425	-429.3637	171.4212	1.698268	1.194962
8358	-255.7029	-427.2882	171.5853	1.465002	1.253393
8364	-266.7497	-438.3606	171.6109	1.465002	1.232012
8370	-265.0795	-436.6775	171.598	1.477899	1.232012
8376	-263.1981	-434.7655	171.5674	1.50854	1.232012
8382	-269.2901	-440.3888	171.0987	2.030783	1.186341
8388	-274.1914	-445.4509	171.2595	2.250417	0.7976585
8394	-268.5584	-439.6919	171.1336	2.317274	0.8713904
8400	-279.84	-450.8976	171.0576	2.279429	0.9942858
8406	-275.2094	-446.4773	171.2679	1.437616	1.52332
8412	-264.9689	-436.6606	171.6917	1.013805	1.52332
8418	-272.4114	-443.372	170.9606	2.227585	1.134771
8424	-278.5009	-449.7148	171.2139	2.297141	0.7961667
8430	-262.652	-433.6464	170.9944	2.524864	0.7849774
8436	-272.667	-444.3575	171.6905	1.880219	0.7067366
8442	-264.5017	-434.9913	170.4896	3.072289	0.7214972
8448	-267.3033	-438.545	171.2417	2.320642	0.7207529
8454	-264.4777	-436.2846	171.807	1.516097	1.008189
8460	-268.9909	-440.6143	171.6234	1.632973	1.07245
8466	-271.6156	-443.0454	171.4298	1.817012	1.081329
8472	-270.9889	-442.4173	171.4285	1.707088	1.181059
8478	-271.9848	-443.6704	171.6855	1.233635	1.359694
8484	-272.6519	-444.287	171.6351	1.754444	0.9398871
8490	-282.132	-453.2407	171.1088	1.754444	1.403541
8496	-280.3935	-451.4387	171.0452	2.138862	1.138479
8502	-289.3839	-460.8697	171.4858	1.7087	1.129089
8508	-270.2404	-442.039	171.7985	1.591319	0.9395427
8514	-281.2045	-453.0649	171.8604	1.460211	1.01062
8520	-276.8544	-448.4038	171.5494	1.771186	1.01062
8526	-266.1939	-437.4923	171.2983	1.972502	1.058795
8532	-268.5087	-439.6442	171.1355	1.748107	1.387671
8538	-274.0441	-445.7181	171.6739	1.712738	0.9429225
8544	-282.7957	-454.3302	171.5345	1.791753	1.004978
8550	-272.9181	-444.5579	171.6399	1.621363	1.067827
8556	-269.7182	-441.2734	171.5552	1.56812	1.191628
8562	-277.5999	-448.6394	171.0395	2.242047	1.048603
8568	-281.1506	-452.4938	171.3432	1.940048	1.046993
8574	-273.2935	-444.7077	171.4142	1.848911	1.066117
8580	-270.9531	-442.1767	171.2235	1.982146	1.119026
8586	-271.7439	-443.0924	171.3485	1.833211	1.140552
8592	-268.8319	-440.2818	171.45	1.488459	1.344382
8598	-266.452	-437.7941	171.3421	2.098367	0.8834014
8604	-272.9452	-444.0749	171.1297	2.194245	1.007353
8610	-274.5982	-445.3694	170.7713	2.737215	0.799535
8616	-275.2389	-446.5496	171.3107	2.167833	0.8380497
8622	-263.5169	-434.7929	171.276	1.8592	1.181415
8628	-258.777	-429.9206	171.1436	1.8592	1.292559
8634	-261.5436	-432.8005	171.2569	2.249098	0.802886
8640	-270.3437	-441.4046	171.0609	2.249098	1.021072
8646	-268.5868	-439.4013	170.8145	2.629147	0.8797667
8652	-267.6312	-438.6784	171.0472	2.315779	0.967789
8658	-260.9682	-432.0761	171.1078	2.388042	0.8160936
8664	-266.9234	-438.02	171.0966	2.253907	0.9805676
8670	-267.7348	-438.9397	171.2049	2.084162	1.041374
8676	-267.8683	-438.9403	171.072	2.183803	1.072945
8682	-265.1128	-435.7989	170.6861	2.894007	0.6901906
8688	-278.861	-450.2302	171.3693	1.492994	1.404271
8694	-277.6418	-449.1478	171.506	1.383765	1.382794
8700	-263.382	-434.9988	171.6168	1.510258	1.188411
8706	-267.2807	-438.3727	171.092	2.280281	0.9581053
8712	-269.2945	-440.9866	171.6921	1.57014	1.066906
8718	-276.0986	-446.9709	170.8724	2.539645	0.9154918
8724	-272.0154	-443.0546	171.0393	2.527767	0.7129513
8730	-274.4179	-445.4664	171.0486	2.566633	0.6148725
8736	-270.7481	-441.8373	171.0892	2.315662	0.92335
8742	-268.7471	-439.7074	170.9604	2.393003	0.9776618
8748	-267.9304	-439.1415	171.211	1.73055	1.341878
8754	-263.5736	-435.3149	171.7413	1.655224	0.9323844
8760	-265.0082	-435.959	170.9508	2.087023	1.263825
8766	-278.0246	-448.9995	170.9748	2.062944	1.263825
8772	-286.4412	-457.7696	171.3284	1.472734	1.451307
8778	-274.8905	-446.2271	171.3366	1.548097	1.386791
8784	-269.3469	-440.7192	171.3723	1.514474	1.385193
8790	-263.8984	-435.5959	171.6975	1.189217	1.385193
8796	-277.3061	-448.3646	171.0585	2.352263	0.9168829
8802	-268.9564	-440.8579	171.9015	1.579907	0.8344785
8808	-267.042	-437.8341	170.792	2.622449	0.912746
8814	-282.2225	-452.4747	170.2522	3.364776	0.6099558
8820	-281.3097	-451.8302	170.5205	3.086415	0.6355499
8826	-273.1935	-443.6279	170.4344	3.086415	0.7827845
8832	-274.5233	-444.8152	170.2919	3.190596	0.8330978
8838	-274.6249	-445.6604	171.0355	2.230761	1.063076
8844	-268.6833	-439.7902	171.1069	2.263547	0.9599747
8850	-282.9079	-454.2934	171.3854	1.63197	1.28061
8856	-274.6912	-446.0742	171.383	1.933284	1.014849
8862	-274.012	-444.9793	170.9673	2.178528	1.172103
8868	-264.7757	-436.3624	171.5868	1.672012	1.070129
8874	-270.0848	-441.7885	171.7037	1.507326	1.114197
8880	-278.1274	-449.1346	171.0072	2.346469	0.9773512
8886	-278.917	-449.7139	170.7969	2.755399	0.7367602
8892	-276.2675	-447.8402	171.5728	1.432954	1.290165
8898	-282.0065	-453.8124	171.8059	1.481917	1.042581
8904	-277.6585	-449.381	171.7225	1.376716	1.212271
8910	-273.4751	-444.888	171.4129	0.9886885	1.742531
8916	-263.4077	-434.9032	171.4955	1.521859	1.280659
8922	-256.5113	-427.5957	171.0844	2.155137	1.088087
8928	-260.7498	-432.332	171.5822	1.585971	1.152499
8934	-254.9156	-426.7017	171.7861	1.379909	1.154463
8940	-258.6835	-430.3972	171.7137	1.452285	1.154463
8946	-259.4605	-430.9956	171.5351	1.75127	1.04399
8952	-264.3708	-435.3909	171.0201	2.1908	1.11431
8958	-266.9145	-438.5436	171.6292	1.581728	1.11431
8964	-263.9895	-436.0659	172.0764	1.17593	1.076213
8970	-266.2114	-437.5459	171.3345	1.17593	1.665452
8976	-265.6823	-436.6734	170.9911	1.17593	1.904144
8982	-266.3596	-438.0216	171.662	1.192194	1.410548
8988	-265.3236	-437.0432	171.7196	1.761704	0.8345092
8994	-271.4192	-442.735	171.3158	1.761704	1.230692
9000	-262.0205	-433.6859	171.6654	1.64823	1.017528
9006	-270.66	-441.8729	171.2129	2.239497	0.8695946
9012	-275.681	-446.8729	171.1918	2.213095	0.9232332
9018	-279.0079	-449.7927	170.7849	2.655811	0.8832078
9024	-282.2626	-453.5591	171.2965	2.06577	0.9684708
9030	-270.8134	-442.3768	171.5634	1.528238	1.218734
9036	-268.3668	-439.4202	171.0534	1.909699	1.324646
9042	-263.8256	-435.8081	171.9826	1.373363	0.975021
9048	-271.6259	-443.3011	171.6752	1.429051	1.207991
9054	-272.1209	-443.262	171.141	2.215739	0.9741744
9060	-269.3761	-440.9154	171.5393	1.699634	1.088601
9066	-265.4148	-437.0151	171.6003	1.553877	1.164861
9072	-260.4475	-431.8766	171.4291	1.85594	1.045263
9078	-259.3186	-430.9176	171.5991	1.685971	1.045263
9084	-256.7857	-428.9312	172.1455	0.8220876	1.321044
9090	-263.021	-434.3709	171.3499	0.9982498	1.779849
9096	-263.4674	-434.9057	171.4382	1.57302	1.285659
9102	-256.119	-427.89	171.771	1.488296	1.069673
9108	-257.0929	-428.8076	171.7147	1.426629	1.176025
9114	-265.361	-436.8246	171.4636	1.481772	1.338867
9120	-269.4428	-440.921	171.4782	2.013443	0.8215077
9126	-268.0914	-439.215	171.1236	2.297415	0.9055108
9132	-288.182	-459.1317	170.9497	2.460464	0.9174752
9138	-289.1009	-460.6383	171.5374	1.465289	1.292656
9144	-271.0602	-442.6716	171.6115	1.474117	1.223852
9150	-256.5741	-428.3788	171.8048	1.325511	1.18566
9156	-260.4234	-432.0696	171.6462	1.749133	0.9336273
9162	-269.8058	-440.6995	170.8937	2.50603	0.9288887
9168	-256.5291	-428.0558	171.5268	1.836392	0.9675839
9174	-260.7877	-432.165	171.3773	2.066433	0.8796508
9180	-264.8384	-435.9552	171.1168	2.066433	1.139183
9186	-259.6281	-431.1946	171.5665	1.264936	1.428077
9192	-258.5713	-430.0926	171.5214	1.464176	1.306584
9198	-263.197	-434.9665	171.7695	1.216021	1.306584
9204	-270.8164	-442.7892	171.9728	1.412282	0.9445961
9210	-275.5063	-446.668	171.1617	1.730066	1.381281
9216	-266.6422	-437.6112	170.969	2.608623	0.6946087
9222	-266.6014	-437.6107	171.0093	2.536671	0.7464365
9228	-276.6904	-447.5668	170.8764	2.698022	0.7003312
9234	-266.6235	-438.0334	171.4099	2.019158	0.8965022
9240	-270.6063	-441.6815	171.0752	2.353811	0.8965022
9246	-275.0792	-446.2278	171.1486	2.371079	0.7842994
9252	-262.6394	-433.5405	170.9011	2.454223	0.9756305
9258	-266.5938	-438.4411	171.8473	1.289935	1.179612
9264	-267.3169	-438.7017	171.3848	1.223459	1.594932
9270	-263.4676	-435.2658	171.7982	1.316677	1.19891
9276	-263.8877	-435.5909	171.7032	1.317384	1.277977
9282	-262.6291	-434.1794	171.5502	1.239464	1.460007
9288	-265.8383	-437.5759	171.7376	1.333001	1.236433
9294	-268.3817	-440.0349	171.6532	1.417474	1.236433
9300	-266.3396	-438.0645	171.7249	1.204674	1.35141
9306	-267.7213	-439.7286	172.0073	0.9223505	1.35141
9312	-270.8787	-442.0748	171.1962	1.221076	1.731511
9318	-281.2255	-452.7803	171.5548	1.390019	1.33933
9324	-276.8925	-448.4296	171.537	1.078159	1.58987
9330	-263.0759	-434.3177	171.2418	1.912427	1.164812
9336	-272.4616	-444.0711	171.6095	1.441378	1.252914
9342	-272.8337	-443.7669	170.9332	2.175071	1.204554
9348	-275.7186	-447.3762	171.6575	0.9525791	1.593575
9354	-267.4105	-439.457	172.0465	1.00468	1.252713
9360	-273.1415	-444.471	171.3295	1.109143	1.716461
9366	-276.1167	-447.4462	171.3295	1.109143	1.716461
9372	-277.734	-448.6021	170.8681	1.649177	1.660599
9378	-272.0763	-443.8959	171.8196	0.998877	1.43803
9384	-267.1384	-438.9567	171.8183	1.557167	0.95481
9390	-268.4238	-439.5919	171.1681	2.28866	0.8643837
9396	-279.9382	-450.9334	170.9952	2.173854	1.151743
9402	-265.2414	-436.5601	171.3187	1.976549	1.035436
9408	-268.6564	-439.8451	171.1887	2.196069	0.9449345
9414	-272.0416	-443.1126	171.071	2.196069	1.062338
9420	-277.9243	-448.8847	170.9604	2.502396	0.8571978
9426	-275.9615	-446.86	170.8985	2.336466	1.092292
9432	-290.4156	-461.6066	171.1909	1.797508	1.304213
9438	-275.0079	-445.8085	170.8005	2.187916	1.304213
9444	-269.8521	-441.1591	171.307	1.985974	1.037649
9450	-269.6156	-441.1384	171.5228	1.901135	0.9022063
9456	-268.0543	-439.624	171.5697	1.696229	1.063428
9462	-268.641	-440.2102	171.5693	1.524078	1.217281
9468	-262.5617	-434.4264	171.8647	1.524078	0.9406539
9474	-261.4348	-433.1058	171.671	1.714963	0.9436962
9480	-274.1434	-445.2333	171.0899	2.328129	0.9087853
9486	-265.3007	-437.0616	171.7609	1.657161	0.9087853
9492	-266.1449	-437.4319	171.287	1.657161	1.339831
9498	-276.0059	-446.8701	170.8642	2.274344	1.178512
9504	-279.5947	-451.3425	171.7478	1.390154	1.17901
9510	-279.4568	-451.1126	171.6557	1.351582	1.288872
9516	-269.9441	-441.4404	171.4964	1.510927	1.288872
9522	-269.7658	-441.721	171.9552	1.353139	1.022649
9528	-260.893	-432.447	171.554	1.782914	0.9943663
9534	-264.0519	-435.5092	171.4573	1.658354	1.198258
9540	-277.2511	-448.4	171.1489	2.367759	0.7884743
9546	-289.6232	-460.7787	171.1555	2.228527	0.9457539
9552	-269.4905	-441.3867	171.8962	1.249808	1.172017
9558	-255.4703	-426.7854	171.315	2.099542	0.9126542
9564	-265.0998	-436.0114	170.9116	2.67338	0.6812332
9570	-259.7487	-430.7619	171.0132	2.429335	0.8810739
9576	-258.7134	-430.3274	171.614	1.736161	0.9809652
9582	-271.8654	-443.2617	171.3963	2.079529	0.8413133
9588	-267.1452	-438.6444	171.4991	1.66872	1.152838
9594	-269.3506	-440.9553	171.6047	1.790819	0.9334527
9600	-281.1163	-452.8234	171.7071	1.233907	1.342375
9606	-270.9137	-442.2855	171.3718	1.424116	1.455252
9612	-273.2424	-444.8862	171.6438	1.289087	1.348823
9618	-280.4898	-451.9197	171.4298	1.543659	1.316306
9624	-266.2029	-437.9649	171.762	1.413403	1.146161
9630	-276.4898	-447.7562	171.2665	1.908892	1.146161
9636	-281.3014	-452.2371	170.9357	2.262805	1.125526
9642	-270.2961	-441.7145	171.4184	2.029067	0.8753757
9648	-267.4437	-438.6691	171.2255	2.029067	1.074127
9654	-263.544	-435.4291	171.8851	1.30217	1.135543
9660	-264.5345	-436.402	171.8675	1.213932	1.227385
9666	-270.0606	-441.3986	171.338	1.850603	1.13435
9672	-267.5557	-439.2715	171.7158	1.601359	1.014011
9678	-273.8858	-445.5501	171.6643	1.7037	0.9625232
9684	-271.2481	-442.8241	171.576	1.772228	0.9828763
9690	-280.2052	-450.8958	170.6905	2.478842	1.151475
9696	-275.9403	-446.9887	171.0484	2.442271	0.822807
