Iteration	Posterior	Likelihood	Prior	part_rate_trans	tree_length
0	-1643.618	-1810.301	166.6836	1.927763	4.060649
6	-1638.388	-1805.362	166.974	1.873159	3.925869
12	-1648.07	-1815.301	167.2301	2.243117	3.564523
18	-1642.853	-1809.942	167.0892	2.243117	3.646345
24	-1654.611	-1821.668	167.0575	1.890546	3.867961
30	-1630.054	-1796.908	166.8531	1.981243	3.933218
36	-1636.903	-1803.896	166.9927	1.964544	3.862694
42	-1636.128	-1802.733	166.6054	1.83123	4.160101
48	-1642.239	-1808.923	166.6841	1.762782	4.154255
54	-1638.067	-1804.952	166.8858	1.935934	3.940412
60	-1644.574	-1810.841	166.2674	1.598882	4.482629
66	-1634.769	-1801.014	166.2454	1.516703	4.541176
72	-1639.302	-1805.408	166.1059	1.65622	4.541176
78	-1637.531	-1804.395	166.8635	1.629334	4.12812
84	-1648.398	-1814.989	166.5906	1.58408	4.308626
90	-1645.539	-1812.013	166.4745	1.700145	4.308626
96	-1662.953	-1830.032	167.0798	1.662376	3.985939
102	-1660.785	-1827.542	166.7568	1.98535	3.985939
108	-1655.093	-1821.756	166.6634	1.915583	4.079099
114	-1663.703	-1830.157	166.4544	1.885355	4.215094
120	-1643.316	-1810.024	166.7086	1.801101	4.118524
126	-1636.85	-1803.181	166.3313	1.689118	4.395728
132	-1634.377	-1800.633	166.2561	1.764364	4.395728
138	-1636.352	-1803.306	166.9541	2.019745	3.85319
144	-1644.429	-1811.211	166.7817	1.937918	3.998819
150	-1643.301	-1810.454	167.1528	2.134313	3.67253
156	-1655.057	-1822.707	167.6507	2.076409	3.416397
162	-1666.324	-1833.661	167.3366	2.390487	3.416397
168	-1652.378	-1819.354	166.9758	2.072748	3.810236
174	-1640.511	-1807.927	167.4168	2.154453	3.507454
180	-1643.313	-1810.343	167.0299	1.977444	3.833894
186	-1640.16	-1807.486	167.3259	2.045561	3.623649
192	-1621.094	-1788.158	167.0637	1.787324	3.923613
198	-1633.218	-1800.025	166.8063	1.958215	3.97316
204	-1632.849	-1799.63	166.7814	1.958215	3.987404
210	-1641.185	-1808.168	166.9832	1.785756	3.970611
216	-1640.745	-1807.363	166.618	1.948219	4.086381
222	-1642.685	-1808.966	166.2806	1.752114	4.388813
228	-1647.527	-1814	166.4725	1.825623	4.238734
234	-1637.771	-1804.266	166.4945	1.868079	4.202122
240	-1642.56	-1809.99	167.4306	2.038069	3.567206
246	-1627.301	-1794.078	166.7768	2.038069	3.944358
252	-1629.877	-1796.77	166.8927	1.9222	3.944358
258	-1634.6	-1801.087	166.487	1.769713	4.262195
264	-1642.419	-1808.076	165.657	1.517202	4.870098
270	-1623.627	-1790.185	166.5572	1.638113	4.296913
276	-1630.323	-1797.201	166.8781	1.743628	4.054717
282	-1640.857	-1806.876	166.0192	1.731485	4.547575
288	-1644.713	-1810.599	165.8859	1.731485	4.622389
294	-1644.154	-1810.838	166.6837	1.838488	4.111454
300	-1642.04	-1809.073	167.0332	1.932904	3.857599
306	-1638.569	-1804.838	166.2687	1.56667	4.500012
312	-1646.6	-1813.457	166.8571	2.069979	3.880024
318	-1645.487	-1811.919	166.4319	2.038463	4.140941
324	-1650.562	-1817.648	167.0862	1.830345	3.886091
330	-1644.145	-1811.074	166.9286	1.987893	3.886091
336	-1636.554	-1803.977	167.4237	2.058868	3.559121
342	-1634.816	-1802.294	167.4782	1.934565	3.599693
348	-1626.504	-1793.356	166.8517	1.934565	3.960696
354	-1636.08	-1802.812	166.7318	1.912332	4.041909
360	-1636.734	-1803.183	166.4491	1.865288	4.229501
366	-1640.854	-1807.301	166.4475	1.672457	4.339567
372	-1642.688	-1809.275	166.5867	1.535666	4.338202
378	-1629.561	-1795.433	165.8717	1.557527	4.72776
384	-1649.993	-1815.971	165.9778	1.557527	4.668391
390	-1641.051	-1807.057	166.0058	1.578236	4.641095
396	-1638.556	-1804.538	165.9815	1.631204	4.625046
402	-1637.337	-1803.844	166.5079	1.861765	4.198132
408	-1646.92	-1813.408	166.4887	1.950454	4.158685
414	-1652.279	-1818.502	166.223	1.78724	4.401492
420	-1651.744	-1818.153	166.409	1.606684	4.398419
426	-1641.439	-1807.983	166.5443	1.606684	4.322025
432	-1635.523	-1802.027	166.5047	1.727638	4.275978
438	-1644.61	-1811.586	166.9752	1.699466	4.024487
444	-1629.853	-1796.659	166.806	1.85247	4.033748
450	-1641.058	-1807.461	166.4032	1.626028	4.390792
456	-1637.788	-1804.226	166.4375	1.62962	4.369399
462	-1630.876	-1797.605	166.7287	1.725356	4.150212
468	-1637.761	-1804.738	166.9773	1.872204	3.924528
474	-1655.413	-1822.217	166.804	1.720733	4.110011
480	-1640.045	-1806.093	166.0485	1.730694	4.531572
486	-1633.676	-1799.922	166.2458	1.533429	4.531572
492	-1647.793	-1814.403	166.6102	1.884197	4.127276
498	-1635.239	-1802.13	166.8912	1.860359	3.980556
504	-1642.714	-1808.906	166.1923	1.927884	4.339422
510	-1648.998	-1816.23	167.2318	2.146639	3.619597
516	-1646.701	-1813.957	167.2561	2.122376	3.619597
522	-1650.972	-1816.886	165.9138	1.89006	4.517711
528	-1663.23	-1830.444	167.2138	1.86998	3.78991
534	-1655.761	-1822.854	167.0929	1.640926	3.990703
540	-1652.341	-1818.584	166.2428	1.686822	4.446948
546	-1643.166	-1809.099	165.9329	1.5794	4.681295
552	-1648.426	-1815.115	166.6884	1.557619	4.268215
558	-1652.423	-1819.757	167.3345	1.969161	3.662964
564	-1643.222	-1809.777	166.5548	1.996104	4.095094
570	-1646.065	-1812.466	166.4016	1.799505	4.293678
576	-1647.941	-1815.092	167.1518	1.755828	3.891164
582	-1648.336	-1814.852	166.5167	1.936128	4.150891
588	-1661.586	-1828.948	167.3624	1.786819	3.752177
594	-1649.572	-1816.443	166.8708	1.948898	3.941571
600	-1642.155	-1809.11	166.9555	1.948898	3.893039
606	-1636.985	-1804.392	167.4063	1.745985	3.750437
612	-1642.908	-1809.509	166.6009	2.017741	4.056477
618	-1639.846	-1806.785	166.9398	1.859631	3.953167
624	-1640.965	-1807.314	166.3497	1.809139	4.317571
630	-1634.838	-1800.932	166.0939	1.677728	4.535805
636	-1630.404	-1796.709	166.3044	1.55556	4.486147
642	-1633.289	-1798.87	165.581	1.709605	4.805175
648	-1631.664	-1797.836	166.1714	1.676969	4.492697
654	-1644.495	-1811.507	167.0119	1.82957	3.929089
660	-1635.283	-1802.628	167.3449	2.320661	3.452395
666	-1645.145	-1811.742	166.5966	2.123641	3.998477
672	-1653.438	-1820.71	167.2718	2.347582	3.479356
678	-1643.797	-1811.026	167.2293	2.141946	3.623779
684	-1643.956	-1811.411	167.4555	1.940158	3.609615
690	-1637.024	-1803.463	166.4394	1.865383	4.234954
696	-1633.017	-1799.677	166.6599	1.548535	4.289514
702	-1633.903	-1800.118	166.2154	1.620427	4.499726
708	-1641.405	-1808.237	166.832	1.772139	4.064739
714	-1644.448	-1810.407	165.9589	1.764437	4.562962
720	-1641.266	-1808.168	166.9016	1.846327	3.982656
726	-1642.524	-1809.048	166.5235	1.563562	4.358106
732	-1645.845	-1812.204	166.3595	1.66033	4.396085
738	-1640.05	-1806.377	166.3267	1.761774	4.357325
744	-1635.734	-1802.281	166.5469	1.756421	4.235743
750	-1642.47	-1807.871	165.4005	1.421366	5.066005
756	-1637.882	-1803.46	165.5786	1.481205	4.933819
762	-1638.893	-1805.092	166.1995	1.39202	4.636877
768	-1629.516	-1795.517	166.0009	1.52903	4.671412
774	-1633.037	-1799.278	166.2406	1.523654	4.539954
780	-1647.407	-1813.78	166.3727	1.650796	4.393987
786	-1654.452	-1820.989	166.5367	1.956298	4.128017
792	-1654.11	-1820.926	166.8155	1.874574	4.015691
798	-1638.73	-1805.725	166.9941	1.752513	3.983429
804	-1645.664	-1812.375	166.7104	1.885347	4.069542
810	-1655.617	-1822.831	167.2147	2.200318	3.598359
816	-1652.551	-1819.034	166.4832	2.029151	4.11703
822	-1652.546	-1819.522	166.9761	1.682127	4.033871
828	-1636.427	-1803.138	166.7109	1.810537	4.111857
834	-1635.224	-1802.29	167.0658	1.940883	3.834265
840	-1629.004	-1796.149	167.1449	2.091798	3.701693
846	-1636.681	-1803.865	167.1846	1.782838	3.856823
852	-1637.918	-1805.048	167.1305	1.944501	3.794982
858	-1634.035	-1800.499	166.4643	1.609104	4.365824
864	-1627.764	-1794.108	166.3435	1.51827	4.485134
870	-1630.577	-1796.365	165.7874	1.460198	4.82916
876	-1629.065	-1795.243	166.1779	1.684947	4.484535
882	-1639.219	-1805.295	166.0761	1.694219	4.53657
888	-1632.797	-1799.074	166.277	1.931733	4.28933
894	-1649.396	-1816.083	166.6875	1.819392	4.120128
900	-1646.798	-1813.485	166.6875	1.819392	4.120128
906	-1645.175	-1811.195	166.02	1.8824	4.462246
912	-1655.423	-1821.289	165.8659	1.726306	4.636504
918	-1639.063	-1806.198	167.1348	2.121045	3.69062
924	-1649.454	-1816.907	167.4538	2.001216	3.575156
930	-1644.91	-1811.978	167.0683	1.944446	3.830802
936	-1626.642	-1793.748	167.1064	1.990267	3.782481
942	-1637.976	-1805.534	167.5578	2.073358	3.472514
948	-1640.136	-1807.223	167.0862	1.889404	3.852184
954	-1640.68	-1807.761	167.0809	1.986019	3.799606
960	-1641.398	-1808.207	166.8092	2.014228	3.939419
966	-1637.73	-1804.699	166.969	1.949399	3.885025
972	-1639.289	-1806.354	167.065	1.951769	3.828473
978	-1631.059	-1797.857	166.7979	1.74036	4.102302
984	-1640.885	-1808.061	167.1755	2.170236	3.63857
990	-1639.977	-1806.009	166.0314	1.744664	4.533342
996	-1646.201	-1812.443	166.2418	1.738988	4.418121
1002	-1632.233	-1799.232	166.9996	1.884106	3.904919
1008	-1641.632	-1808.346	166.7133	1.875084	4.073703
1014	-1647.411	-1814.552	167.1404	1.862015	3.836733
1020	-1640.766	-1807.619	166.8533	1.87203	3.995549
1026	-1639.142	-1805.807	166.6647	1.941008	4.063855
1032	-1635.578	-1802.527	166.9492	1.941008	3.901179
1038	-1626.438	-1793.671	167.2331	1.800554	3.818764
1044	-1632.294	-1799.411	167.1167	1.808176	3.881258
1050	-1634.819	-1801.198	166.3784	1.808176	4.301901
1056	-1641.797	-1807.829	166.0328	1.570237	4.630455
1062	-1637.496	-1804.098	166.6021	1.908952	4.117753
1068	-1633.233	-1799.598	166.3655	1.794907	4.316674
1074	-1638.538	-1805.343	166.8054	1.632638	4.159303
1080	-1638.428	-1804.877	166.4494	1.610318	4.373553
1086	-1635.592	-1801.85	166.258	1.605397	4.48423
1092	-1634.83	-1801.697	166.8673	1.794923	4.031627
1098	-1639.827	-1806.342	166.5152	1.794923	4.231907
1104	-1645.996	-1812.199	166.2023	1.790023	4.411591
1110	-1638.172	-1804.179	166.0077	1.546428	4.657837
1116	-1629.023	-1795.759	166.7365	1.575109	4.231079
1122	-1623.964	-1790.194	166.2291	1.65122	4.474685
1128	-1634.581	-1801.381	166.8003	1.800894	4.066404
1134	-1644.117	-1811.356	167.2394	2.155154	3.610243
1140	-1643.236	-1809.824	166.5882	2.167908	3.978
1146	-1646.813	-1813.409	166.5955	1.94039	4.103607
1152	-1658.146	-1824.772	166.6263	1.685848	4.230732
1158	-1662.636	-1828.919	166.283	2.107052	4.186527
1164	-1663.266	-1829.548	166.2827	1.965665	4.266904
1170	-1659.177	-1826.083	166.9057	1.658847	4.087337
1176	-1654.351	-1820.727	166.3762	1.730527	4.347042
1182	-1653.758	-1820.649	166.8907	1.608196	4.124691
1188	-1648.797	-1816.191	167.3939	1.988984	3.617027
1194	-1645.542	-1812.629	167.0866	2.296271	3.617027
1200	-1649.821	-1817.497	167.676	1.669235	3.638849
1206	-1647.29	-1813.87	166.5791	1.930495	4.118614
1212	-1651.868	-1819.096	167.2284	2.11234	3.641487
1218	-1662.304	-1829.665	167.3602	2.042416	3.605546
1224	-1646.991	-1814.315	167.3235	1.824932	3.752647
1230	-1643.761	-1811.251	167.4907	1.94856	3.584308
1236	-1642.059	-1808.756	166.6963	1.94856	4.041548
1242	-1642.315	-1808.783	166.468	1.94856	4.171517
1248	-1644.225	-1810.661	166.4355	2.042565	4.13654
1254	-1647.558	-1814.3	166.7422	1.735813	4.13654
1260	-1643.084	-1809.865	166.7811	1.762185	4.099416
1266	-1636.929	-1803.794	166.8649	1.637914	4.122433
1272	-1646.247	-1812.84	166.5938	1.575342	4.311751
1278	-1635.783	-1801.861	166.0781	1.677674	4.544739
1284	-1634.351	-1800.78	166.4293	1.83598	4.257336
1290	-1637.537	-1803.803	166.2663	1.607714	4.478228
1296	-1646.616	-1813.518	166.9023	1.751768	4.03629
1302	-1642.345	-1809.409	167.0645	1.751768	3.943525
1308	-1638.532	-1804.364	165.8318	1.675333	4.684188
1314	-1634.033	-1800.627	166.5938	1.796321	4.186514
1320	-1633.688	-1800.485	166.7972	1.685916	4.133671
1326	-1642.137	-1809.393	167.2554	1.884048	3.757813
1332	-1640.029	-1807.202	167.1729	1.964276	3.759133
1338	-1634.517	-1801.283	166.7661	1.799062	4.086971
1344	-1631.842	-1799.264	167.4216	1.911856	3.645708
1350	-1631.698	-1798.965	167.2668	1.864965	3.762282
1356	-1640.487	-1807.781	167.294	1.870478	3.743409
1362	-1628.43	-1795.001	166.571	1.647092	4.284062
1368	-1629.628	-1796.249	166.6208	1.597237	4.284062
1374	-1623.535	-1790.407	166.872	1.660052	4.105825
1380	-1629.261	-1795.516	166.2548	1.668913	4.450253
1386	-1636.579	-1803.041	166.4619	1.708394	4.311076
1392	-1656.894	-1824.004	167.1099	2.100094	3.717123
1398	-1638.605	-1804.937	166.3324	1.966218	4.238411
1404	-1639.525	-1805.467	165.9423	1.355631	4.801091
1410	-1649.352	-1815.841	166.4889	1.673368	4.315633
1416	-1643.548	-1810.238	166.6897	1.727997	4.170874
1422	-1643.391	-1809.985	166.5939	1.876678	4.140824
1428	-1639.332	-1804.995	165.6639	1.480144	4.886926
1434	-1646.001	-1810.984	164.9835	1.334024	5.34496
1440	-1647.186	-1813.683	166.4963	1.586533	4.36053
1446	-1640.474	-1806.897	166.4234	1.674921	4.351763
1452	-1647.059	-1813.302	166.2436	1.746885	4.412655
1458	-1634.808	-1801.254	166.4466	1.736299	4.303973
1464	-1637.2	-1803.579	166.3789	1.790335	4.311681
1470	-1632.471	-1798.496	166.0253	1.45226	4.700705
1476	-1625.238	-1791.121	165.8835	1.594076	4.700705
1482	-1642.37	-1808.324	165.9536	1.615688	4.649381
1488	-1646.055	-1813.26	167.205	1.75039	3.863742
1494	-1644.61	-1811.56	166.9494	1.827307	3.96621
1500	-1642.716	-1809.528	166.8127	1.97362	3.960693
1506	-1654.06	-1820.408	166.3476	1.659876	4.403067
1512	-1646.556	-1812.93	166.3738	1.619254	4.411183
1518	-1631.74	-1798.746	167.0053	1.709661	4.001473
1524	-1633.828	-1800.439	166.6114	1.714441	4.222981
1530	-1644.253	-1810.567	166.314	1.303292	4.622432
1536	-1645.269	-1811.809	166.5403	1.537637	4.363266
1542	-1638.213	-1804.872	166.6594	1.866351	4.1094
1548	-1638.818	-1805.759	166.941	2.111045	3.808197
1554	-1643.104	-1809.453	166.3491	1.906191	4.262967
1560	-1649.363	-1815.737	166.3733	1.869986	4.269803
1566	-1642.647	-1809.171	166.5238	1.777964	4.236625
1572	-1642.847	-1809.217	166.3702	1.697362	4.36915
1578	-1637.279	-1803.514	166.2355	1.652947	4.470111
1584	-1640.027	-1807.13	167.1026	1.696463	3.953381
1590	-1642.38	-1808.224	165.8439	1.772098	4.623205
1596	-1637.188	-1803.853	166.6649	1.990522	4.035472
1602	-1643.782	-1810.295	166.5137	1.647428	4.316294
1608	-1647.638	-1814.624	166.9858	1.942653	3.879253
1614	-1644.421	-1811.719	167.2977	2.080115	3.619986
1620	-1649.976	-1816.89	166.914	1.960393	3.910229
1626	-1646.927	-1813.74	166.8127	1.960393	3.968265
1632	-1641.89	-1808.547	166.6574	1.729693	4.188237
1638	-1646.467	-1813.213	166.7459	1.829278	4.081269
1644	-1643.767	-1811.178	167.4115	2.059336	3.565941
1650	-1638.285	-1805.429	167.1446	2.072744	3.712869
1656	-1632.725	-1799.87	167.1446	2.072744	3.712869
1662	-1628.994	-1795.985	166.9908	2.042098	3.819189
1668	-1631.02	-1797.995	166.9749	2.014754	3.844085
1674	-1640.088	-1807.205	167.1173	1.872355	3.844085
1680	-1644.209	-1810.975	166.7666	2.35264	3.769475
1686	-1645.771	-1812.504	166.7334	1.841587	4.081343
1692	-1666.079	-1832.905	166.826	1.855198	4.02077
1698	-1652.779	-1819.556	166.7771	1.904152	4.020742
1704	-1642.182	-1808.977	166.7943	1.886966	4.020742
1710	-1659.294	-1826.614	167.3201	1.942675	3.686601
1716	-1649.011	-1815.66	166.6493	1.954951	4.064702
1722	-1646.943	-1813.313	166.3706	1.665207	4.387082
1728	-1639.707	-1805.99	166.2835	1.726506	4.401649
1734	-1635.152	-1801.682	166.5299	1.721973	4.264918
1740	-1643.157	-1809.565	166.4073	1.766971	4.308841
1746	-1644.215	-1811.173	166.9585	1.755548	4.002029
1752	-1633.995	-1800.934	166.9386	1.869474	3.948239
1758	-1642.902	-1809.459	166.5576	1.856843	4.172687
1764	-1631.023	-1797.999	166.9754	1.916109	3.900418
1770	-1661.204	-1827.92	166.7163	2.140324	3.920416
1776	-1652.491	-1819.787	167.2958	2.14115	3.585619
1782	-1649.586	-1816.069	166.483	1.876965	4.203609
1788	-1643.423	-1810.404	166.9809	1.579704	4.089544
1794	-1634.545	-1801.58	167.035	1.955361	3.843659
1800	-1630.45	-1797.271	166.8215	1.967656	3.959087
1806	-1633.035	-1800.257	167.2226	1.846174	3.798552
1812	-1631.976	-1798.819	166.8424	1.756805	4.067549
1818	-1634.089	-1800.776	166.6869	1.756805	4.156091
1824	-1637.18	-1803.791	166.6109	1.820141	4.163284
1830	-1640.354	-1807.386	167.0325	1.900157	3.876837
1836	-1640.621	-1807.391	166.7705	2.006759	3.965893
1842	-1649.075	-1816.385	167.3106	1.768485	3.792648
1848	-1635.451	-1801.981	166.5302	1.651247	4.304775
1854	-1651.542	-1818.104	166.5617	1.824756	4.188597
1860	-1652.148	-1818.694	166.5453	1.98797	4.105145
1866	-1647.177	-1814.464	167.2866	1.954548	3.699094
1872	-1644.099	-1811.02	166.9211	1.916759	3.931195
1878	-1639.432	-1806.276	166.8442	1.993586	3.931195
1884	-1643.826	-1810.398	166.5725	1.763841	4.217048
1890	-1654.359	-1821.103	166.7448	1.703856	4.153287
1896	-1654.773	-1821.55	166.7763	1.792179	4.085058
1902	-1655.125	-1822.151	167.026	1.791406	3.942876
1908	-1654.995	-1822.083	167.0881	1.945734	3.818681
1914	-1650.378	-1816.374	165.9964	1.58919	4.640226
1920	-1649.016	-1816.188	167.1723	1.969801	3.756283
1926	-1643.795	-1810.515	166.7199	1.846066	4.086511
1932	-1656.988	-1823.695	166.7073	1.836586	4.099052
1938	-1659.527	-1825.561	166.0341	1.619237	4.602244
1944	-1661.055	-1827.962	166.9073	1.7234	4.049582
1950	-1647.048	-1812.713	165.6649	1.480303	4.886255
1956	-1656.758	-1823.163	166.4052	1.448875	4.489482
1962	-1643.789	-1810.493	166.7038	1.85942	4.08804
1968	-1633.841	-1800.551	166.7102	1.836971	4.097219
1974	-1642.663	-1809.406	166.7429	2.027866	3.969601
1980	-1636.787	-1802.534	165.7468	1.634594	4.754507
1986	-1646.593	-1813.656	167.063	1.745737	3.947865
1992	-1653.644	-1820.41	166.7654	1.6695	4.161069
1998	-1645.841	-1812.87	167.0281	1.755244	3.962408
2004	-1648.778	-1815.574	166.7967	1.989524	3.960731
2010	-1644.22	-1810.917	166.6971	1.897279	4.07032
2016	-1640.976	-1807.389	166.4134	1.673344	4.358316
2022	-1643.222	-1809.968	166.7461	1.673344	4.169863
2028	-1639.469	-1805.648	166.1783	1.612328	4.525169
2034	-1634.015	-1800.629	166.6141	1.963186	4.080076
2040	-1634.455	-1801.33	166.875	1.70221	4.080076
2046	-1639.392	-1805.727	166.3351	1.65647	4.412045
2052	-1637.743	-1804.429	166.6859	1.760768	4.154362
2058	-1643.466	-1809.748	166.2815	1.760768	4.3834
2064	-1637.181	-1803.772	166.5904	1.648682	4.272187
2070	-1635.724	-1802.262	166.5381	1.648682	4.301739
2076	-1644.046	-1811.204	167.158	1.862716	3.826222
2082	-1654.329	-1821.085	166.7561	1.548832	4.234841
2088	-1652.777	-1818.874	166.0978	1.547602	4.606698
2094	-1637.663	-1803.883	166.2199	1.547602	4.538136
2100	-1662.879	-1828.585	165.706	1.547415	4.82596
2106	-1645.55	-1811.971	166.4212	1.78542	4.29056
2112	-1629.544	-1796.206	166.662	1.84222	4.12164
2118	-1647.248	-1814.111	166.8626	1.641687	4.12164
2124	-1640.453	-1807.107	166.654	1.685037	4.215516
2130	-1644.546	-1811.016	166.4699	1.869084	4.215516
2136	-1633.704	-1799.799	166.0946	1.876348	4.423645
2142	-1637.479	-1803.81	166.3303	1.873114	4.292373
2148	-1629.066	-1795.651	166.5847	1.895471	4.135317
2154	-1637.675	-1804.713	167.0379	1.995874	3.818694
2160	-1637.506	-1804.634	167.1281	2.024398	3.750313
2166	-1634.916	-1801.975	167.0582	1.933657	3.842813
2172	-1640.432	-1807.633	167.2014	2.017381	3.712066
2178	-1647.71	-1814.129	166.419	1.922011	4.214361
2184	-1661.466	-1828.152	166.6854	1.944775	4.049885
2190	-1664.231	-1830.153	165.9218	1.709734	4.614448
2196	-1655.864	-1821.741	165.8769	1.556505	4.725401
2202	-1668.373	-1834.822	166.4491	1.905623	4.206625
2208	-1644.603	-1811.297	166.6938	2.00156	4.012664
2214	-1641.859	-1808.743	166.8846	1.810832	4.012664
2220	-1651.199	-1816.664	165.4648	1.796859	4.821365
2226	-1638.942	-1805.253	166.311	1.62388	4.443953
2232	-1632.93	-1798.641	165.7107	1.491409	4.854565
2238	-1640.333	-1806.141	165.8076	1.524557	4.781972
2244	-1634.489	-1801.187	166.6988	1.736669	4.160772
2250	-1635.518	-1801.774	166.2559	1.946326	4.293039
2256	-1639.798	-1806.807	167.0088	1.713273	3.99744
2262	-1638.775	-1804.68	165.9047	1.713273	4.622086
2268	-1643.607	-1810.44	166.8334	1.752573	4.075102
2274	-1648.793	-1815.234	166.441	1.510326	4.434711
2280	-1635.279	-1801.647	166.3685	1.652391	4.395463
2286	-1630.051	-1796.441	166.3902	1.630709	4.395463
2292	-1630.438	-1797.428	166.9901	1.91735	3.89126
2298	-1636.745	-1803.351	166.6066	1.889502	4.126306
2304	-1633.907	-1801.071	167.1639	1.89999	3.801394
2310	-1625.756	-1792.818	167.0617	1.754076	3.943821
2316	-1639.84	-1806.723	166.8837	1.948281	3.934525
2322	-1643.537	-1810.959	167.4215	1.910908	3.646294
2328	-1640.602	-1807.486	166.8843	2.023464	3.891114
2334	-1652.27	-1819.858	167.5882	2.195059	3.383489
2340	-1639.439	-1806.576	167.137	1.937082	3.795521
2346	-1639.432	-1806.763	167.3309	1.937082	3.683621
2352	-1641.643	-1808.724	167.0809	1.660403	3.986451
2358	-1643.389	-1810.661	167.272	1.758371	3.820645
2364	-1646.423	-1812.908	166.4849	1.799862	4.246293
2370	-1653.751	-1819.989	166.2376	1.7033	4.440598
2376	-1659.267	-1825.77	166.5032	2.01056	4.116234
2382	-1644.366	-1811.316	166.9496	2.01056	3.861032
2388	-1632.688	-1799.266	166.5773	2.050607	4.051167
2394	-1632.868	-1799.554	166.6856	1.894613	4.078359
2400	-1633.516	-1800.196	166.68	1.709498	4.186889
2406	-1642.383	-1809.053	166.6696	1.719828	4.186889
2412	-1635.06	-1801.63	166.5699	1.840715	4.174887
2418	-1631.952	-1798.6	166.6483	1.920767	4.084725
2424	-1639.496	-1806.265	166.7691	1.707704	4.137272
2430	-1638.174	-1805.741	167.567	1.82982	3.608962
2436	-1640.822	-1807.648	166.8255	1.997741	3.93955
2442	-1636.381	-1803.129	166.7478	1.964753	4.002895
2448	-1632.086	-1799.576	167.4906	2.09559	3.498727
2454	-1643.832	-1810.716	166.884	1.833149	4.000259
2460	-1633.092	-1799.762	166.6693	1.833149	4.12269
2466	-1635.59	-1802.174	166.5834	1.919004	4.12269
2472	-1645.091	-1812.05	166.9591	1.999493	3.861936
2478	-1647.203	-1814.312	167.1086	1.999493	3.775898
2484	-1655.242	-1821.632	166.39	1.717723	4.346467
2490	-1648.455	-1814.672	166.2168	1.717723	4.44418
2496	-1628.323	-1794.784	166.4607	1.821726	4.24759
2502	-1631.374	-1797.66	166.2861	1.939558	4.279761
2508	-1633.352	-1800.653	167.3001	1.906307	3.719212
2514	-1646.284	-1813.246	166.9622	1.906307	3.913625
2520	-1636.227	-1803.615	167.3884	2.382841	3.390507
2526	-1636.275	-1803.37	167.0956	1.998658	3.783894
2532	-1643.056	-1809.866	166.8096	2.036679	3.92636
2538	-1642.849	-1809.903	167.0537	1.835977	3.901509
2544	-1642.847	-1809.177	166.3302	1.63749	4.425508
2550	-1654.386	-1821.323	166.937	2.323271	3.688058
2556	-1640.043	-1807.101	167.0581	2.28704	3.638924
2562	-1629.698	-1796.664	166.966	1.903766	3.91288
2568	-1642.52	-1809.499	166.9792	1.903766	3.905332
2574	-1637.84	-1804.874	167.034	1.829002	3.916767
2580	-1641.938	-1808.657	166.7187	1.716209	4.161098
2586	-1636.138	-1802.763	166.625	1.742877	4.199125
2592	-1643.562	-1810.177	166.6151	1.786986	4.179722
2598	-1650.698	-1817.435	166.7369	1.665184	4.179722
2604	-1635.601	-1802.222	166.6212	1.673316	4.240767
2610	-1635.317	-1801.789	166.4716	1.768086	4.271829
2616	-1636.181	-1802.464	166.2834	1.593536	4.476627
2622	-1643.809	-1809.423	165.614	1.66492	4.811696
2628	-1640.723	-1807.278	166.5545	1.737132	4.242383
2634	-1639.369	-1806.582	167.2128	1.846656	3.803914
2640	-1631.182	-1798.341	167.1585	1.912177	3.797453
2646	-1628.173	-1795.526	167.353	1.93631	3.671264
2652	-1638.741	-1806.143	167.4026	1.857382	3.688214
2658	-1638.562	-1805.144	166.5821	1.857382	4.15849
2664	-1635.098	-1801.801	166.7036	1.735814	4.15849
2670	-1635.305	-1801.755	166.4495	1.811122	4.259937
2676	-1643.409	-1809.562	166.1532	1.576236	4.55953
2682	-1646.897	-1813.971	167.0741	1.8588	3.876686
2688	-1646.047	-1812.978	166.931	1.748565	4.021687
2694	-1654.717	-1821.96	167.2427	1.730932	3.853312
2700	-1648.769	-1815.411	166.6423	1.849726	4.128572
2706	-1646.114	-1812.712	166.5978	1.918557	4.114738
2712	-1645.422	-1812.119	166.6973	1.820288	4.114032
2718	-1638.39	-1804.978	166.5878	1.820288	4.176291
2724	-1628.574	-1795.575	167.0003	1.957903	3.862158
2730	-1633.771	-1801.178	167.4078	2.090269	3.550089
2736	-1640.579	-1807.707	167.1288	1.982213	3.774212
2742	-1643.064	-1809.654	166.5901	1.922331	4.116999
2748	-1643.743	-1810.039	166.2958	1.638362	4.444405
2754	-1636.354	-1802.595	166.2404	1.693738	4.444405
2760	-1638.673	-1804.807	166.1343	1.638118	4.53541
2766	-1640.523	-1806.594	166.0711	1.829974	4.463035
2772	-1635.563	-1802.387	166.8242	1.863524	4.017058
2778	-1637.829	-1804.652	166.8232	2.044588	3.91401
2784	-1636.07	-1802.869	166.7991	2.044723	3.927785
2790	-1636.309	-1803.109	166.7999	1.921718	3.997683
2796	-1642.447	-1808.915	166.468	1.857413	4.223237
2802	-1642.89	-1809.904	167.0132	1.88712	3.895376
2808	-1637.654	-1804.73	167.0751	2.184287	3.688549
2814	-1642.717	-1810.116	167.3989	2.049874	3.578753
2820	-1651.227	-1817.657	166.4302	2.0847	4.115573
2826	-1644.145	-1810.771	166.6254	2.025267	4.038236
2832	-1639.025	-1805.225	166.2	1.669419	4.480813
2838	-1645.155	-1811.674	166.5189	1.669419	4.300911
2844	-1634.54	-1801.223	166.6831	1.812341	4.12666
2850	-1633.46	-1800.666	167.2056	1.792619	3.83918
2856	-1632.791	-1799.717	166.9258	1.794177	3.998611
2862	-1630.042	-1797.46	167.4181	1.598561	3.828572
2868	-1647.13	-1814.171	167.0415	2.19265	3.703175
2874	-1647.233	-1813.831	166.5982	1.662637	4.259843
2880	-1637.803	-1804.248	166.4451	1.672553	4.340872
2886	-1637.44	-1803.491	166.0505	1.655005	4.572984
2892	-1650.05	-1816.101	166.0505	1.655005	4.572984
2898	-1648.473	-1814.612	166.1385	1.607642	4.550131
2904	-1645.854	-1812.914	167.0596	1.666354	3.995235
2910	-1639.857	-1807.443	167.5864	2.086425	3.448164
2916	-1644.019	-1811.376	167.357	2.035817	3.611285
2922	-1647.271	-1814.078	166.8069	1.526488	4.218738
2928	-1653.312	-1819.184	165.8726	1.95862	4.502355
2934	-1640.574	-1807.63	167.0559	1.632464	4.016672
2940	-1638.539	-1804.645	166.1062	1.809274	4.454925
2946	-1645.247	-1810.961	165.7137	1.692908	4.740388
2952	-1648.997	-1816.128	167.1307	1.823429	3.86451
2958	-1635.184	-1802.288	167.1034	1.817231	3.883723
2964	-1630.117	-1796.756	166.6395	1.703104	4.21351
2970	-1634.28	-1800.203	165.9234	1.703104	4.617305
2976	-1637.222	-1804.737	167.5143	1.740821	3.691055
2982	-1633.857	-1800.794	166.9367	2.001199	3.873828
2988	-1635.668	-1802.695	167.0268	1.707302	3.990545
2994	-1638.001	-1804.97	166.9689	1.954398	3.882192
3000	-1634.19	-1800.767	166.5777	1.952351	4.10695
3006	-1634.748	-1801.991	167.2433	1.758814	3.83694
3012	-1638.462	-1804.879	166.4166	1.867002	4.246929
3018	-1644.756	-1811.217	166.4609	1.789461	4.265768
3024	-1652.773	-1819.929	167.1557	1.97352	3.763711
3030	-1652.529	-1819.314	166.7848	1.808362	4.070999
3036	-1659.359	-1825.664	166.3058	1.909643	4.285547
3042	-1660.411	-1826.088	165.6776	1.573091	4.827447
3048	-1649.14	-1815.666	166.5257	1.849342	4.19508
3054	-1643.364	-1809.911	166.5475	1.849342	4.182717
3060	-1654.741	-1821.052	166.3103	1.99723	4.233351
3066	-1652.036	-1819.643	167.6072	1.99723	3.488084
3072	-1651.676	-1819.234	167.5581	2.250916	3.368364
3078	-1657.002	-1824.833	167.8312	2.158759	3.261823
3084	-1653.784	-1820.38	166.5958	2.013146	4.062006
3090	-1656.424	-1823.152	166.7275	2.161385	3.901943
3096	-1661.61	-1829.051	167.4409	2.107407	3.520846
3102	-1646.016	-1813.203	167.1873	2.015928	3.721005
3108	-1648.106	-1815.173	167.0668	2.008239	3.794939
3114	-1645.845	-1812.012	166.1674	1.89149	4.374014
3120	-1660.468	-1826.917	166.4487	1.838594	4.244858
3126	-1660.618	-1827.117	166.4989	1.85677	4.206061
3132	-1649.047	-1814.33	165.2828	1.711218	4.970369
3138	-1641.923	-1808.39	166.468	1.956367	4.167081
3144	-1639.052	-1805.891	166.8397	2.00966	3.924595
3150	-1644.166	-1811.347	167.1807	1.643288	3.939127
3156	-1641.642	-1808.768	167.1256	1.771696	3.897135
3162	-1644.323	-1810.359	166.0364	1.650879	4.583188
3168	-1641.722	-1808.106	166.3834	1.868465	4.264925
3174	-1642.357	-1808.958	166.601	1.614541	4.285476
3180	-1639.41	-1805.387	165.9776	1.512137	4.693916
3186	-1639.859	-1806.127	166.2688	1.731817	4.406942
3192	-1632.1	-1798.995	166.895	1.921145	3.943626
3198	-1636.231	-1802.774	166.5434	1.760651	4.235345
3204	-1638.361	-1805.378	167.0173	1.763846	3.963633
3210	-1652.405	-1818.861	166.4561	1.879643	4.217388
3216	-1653.077	-1819.418	166.3418	1.739377	4.361451
3222	-1645.24	-1811.942	166.7025	1.895241	4.068375
3228	-1643.354	-1810.079	166.7249	1.71362	4.159027
3234	-1635.851	-1802.187	166.3359	1.569682	4.46046
3240	-1639.795	-1806.669	166.8736	1.478203	4.208267
3246	-1630.662	-1797.171	166.509	1.842801	4.208267
3252	-1647.166	-1814.228	167.0619	1.822476	3.904525
3258	-1652.876	-1819.025	166.1491	1.822476	4.423317
3264	-1636.394	-1803.357	166.9631	1.932258	3.898234
3270	-1639.691	-1806.666	166.9754	1.919945	3.898234
3276	-1646.712	-1814.064	167.3515	2.365704	3.42217
3282	-1635.722	-1802.794	167.0724	2.153665	3.707836
3288	-1633.023	-1799.488	166.4653	1.972255	4.159578
3294	-1636.288	-1803.387	167.0986	1.814131	3.888256
3300	-1635.401	-1802.07	166.669	1.814131	4.133641
3306	-1634.861	-1801.86	166.9998	1.811975	3.94614
3312	-1658.963	-1826.397	167.4341	2.525363	3.279779
3318	-1668.033	-1835.367	167.3344	2.215767	3.519748
3324	-1640.374	-1807.325	166.9505	1.999884	3.866642
3330	-1644.372	-1811.193	166.8212	1.707573	4.107698
3336	-1650.591	-1816.986	166.3957	1.489391	4.472038
3342	-1643.509	-1810.327	166.8177	1.693684	4.117571
3348	-1646.521	-1812.75	166.2284	1.608296	4.499264
3354	-1636.152	-1803.42	167.2682	1.953089	3.71057
3360	-1641.337	-1807.508	166.1713	1.766587	4.442304
3366	-1643.668	-1810.155	166.487	1.714128	4.293637
3372	-1639.105	-1805.325	166.2201	1.647906	4.48163
3378	-1635.476	-1802.461	166.9853	1.750706	3.989448
3384	-1640.415	-1807.094	166.6789	1.724361	4.17908
3390	-1632.4	-1799.07	166.6697	1.733553	4.17908
3396	-1637.227	-1804.398	167.1715	1.816704	3.844927
3402	-1637.938	-1804.673	166.7351	1.904747	4.04441
3408	-1647.161	-1812.9	165.7393	1.774115	4.680665
3414	-1659.041	-1825.133	166.0917	1.482634	4.646509
3420	-1659.61	-1825.067	165.4568	1.378564	5.058474
3426	-1651.195	-1817.447	166.252	1.758611	4.401305
3432	-1644.582	-1811.538	166.9555	1.86918	3.938704
3438	-1646.253	-1813.219	166.9666	1.882267	3.924858
3444	-1642.847	-1810.053	167.2057	1.962383	3.741332
3450	-1640.627	-1807.923	167.2954	1.982371	3.677916
3456	-1642.805	-1809.488	166.6832	1.950313	4.047991
3462	-1643.958	-1810.551	166.5933	1.87712	4.140891
3468	-1636.23	-1802.901	166.6711	1.799343	4.140891
3474	-1644.07	-1810.346	166.2759	1.905208	4.304976
3480	-1645.663	-1812.99	167.3274	1.847633	3.7373
3486	-1634.762	-1800.872	166.1101	1.622646	4.55768
3492	-1641.275	-1807.639	166.3637	1.477024	4.496979
3498	-1628.526	-1795.242	166.7162	1.81241	4.107752
3504	-1643.619	-1809.406	165.7865	1.570438	4.768146
3510	-1632.109	-1798.822	166.7131	1.570438	4.246973
3516	-1635.485	-1801.52	166.0348	1.539212	4.646706
3522	-1629.915	-1796.333	166.4181	1.707497	4.336365
3528	-1634.635	-1800.452	165.8167	1.688844	4.685082
3534	-1647.209	-1813.674	166.4655	1.497562	4.428122
3540	-1653.166	-1819.456	166.2901	1.593187	4.473039
3546	-1653.494	-1820.012	166.5179	1.744563	4.258918
3552	-1638.967	-1805.817	166.8503	1.648177	4.124936
3558	-1638.44	-1805.212	166.7717	1.775347	4.097279
3564	-1636.496	-1803.112	166.6166	1.794086	4.174849
3570	-1632.268	-1799.232	166.9638	1.851973	3.943806
3576	-1629.491	-1796.793	167.3015	2.023372	3.650656
3582	-1629.9	-1796.864	166.9641	2.173031	3.759149
3588	-1640.745	-1807.035	166.2907	1.841131	4.332818
3594	-1641.36	-1807.09	165.7299	1.568188	4.801031
3600	-1648.917	-1815.768	166.8506	1.729572	4.078398
3606	-1649.212	-1815.965	166.7535	1.984353	3.988433
3612	-1637.341	-1804.227	166.8858	1.987845	3.910673
3618	-1636.958	-1803.258	166.3006	1.675752	4.42059
3624	-1643.415	-1809.705	166.2898	1.701687	4.41208
3630	-1637.652	-1804.172	166.5192	1.701687	4.282465
3636	-1641.398	-1808.144	166.7461	1.801011	4.09723
3642	-1647.729	-1814.359	166.6298	1.890385	4.112597
3648	-1660.216	-1826.461	166.245	1.816142	4.372795
3654	-1645.987	-1812.584	166.5978	1.839171	4.159901
3660	-1652.042	-1819.291	167.2487	2.063926	3.657729
3666	-1648.27	-1815.055	166.785	1.976243	3.975055
3672	-1654.749	-1820.928	166.1791	1.616107	4.522569
3678	-1653.79	-1820.043	166.253	1.631497	4.472337
3684	-1643.383	-1809.557	166.1734	1.638872	4.512967
3690	-1629.473	-1795.646	166.173	1.639306	4.512967
3696	-1629.763	-1795.939	166.1768	1.7115	4.470203
3702	-1642.257	-1808.042	165.785	1.522024	4.796011
3708	-1635.578	-1801.882	166.3043	1.506334	4.51389
3714	-1636.97	-1803.917	166.9477	1.771972	3.998825
3720	-1665.843	-1832.567	166.7239	2.091158	3.944218
3726	-1654.554	-1821.442	166.8873	1.927762	3.944218
3732	-1641.009	-1807.886	166.8771	2.03145	3.890674
3738	-1644.735	-1812.165	167.4303	2.03145	3.571236
3744	-1638.061	-1805.137	167.0753	1.732242	3.948569
3750	-1639.601	-1806.156	166.5551	1.922148	4.136975
3756	-1635.809	-1802.741	166.9321	2.154793	3.788124
3762	-1647.589	-1814.589	167.0002	2.090858	3.785719
3768	-1639.662	-1806.682	167.0199	2.13931	3.746464
3774	-1641.181	-1807.518	166.3365	1.830408	4.312987
3780	-1637.931	-1804.344	166.4134	1.753544	4.312987
3786	-1636.006	-1802.847	166.8409	1.674526	4.115256
3792	-1636.526	-1802.908	166.3824	1.676047	4.374273
3798	-1642.653	-1809.285	166.6322	1.681633	4.229811
3804	-1652.995	-1819.792	166.7974	1.85451	4.037479
3810	-1644.994	-1811.741	166.7478	1.79296	4.100862
3816	-1652.618	-1819.215	166.5972	1.87168	4.141787
3822	-1646.941	-1813.581	166.6397	1.829139	4.141787
3828	-1648.612	-1814.965	166.3535	1.800666	4.32023
3834	-1646.627	-1812.392	165.765	1.92991	4.578915
3840	-1641.301	-1808.072	166.7708	1.812279	4.076763
3846	-1640.342	-1806.729	166.3868	1.888457	4.251656
3852	-1636.259	-1803.407	167.1483	1.809675	3.862294
3858	-1630.58	-1796.942	166.3618	1.817477	4.306017
3864	-1627.507	-1794.582	167.0744	1.812645	3.903006
3870	-1635.342	-1801.864	166.5227	1.827801	4.209001
3876	-1631.756	-1798.505	166.7489	1.601595	4.209001
3882	-1643.614	-1809.56	165.9461	1.601715	4.661396
3888	-1641.223	-1808.023	166.7996	1.661346	4.146267
3894	-1645.57	-1812.405	166.8353	2.118724	3.864559
3900	-1631.421	-1798.641	167.22	2.113913	3.645397
3906	-1636.621	-1803.786	167.1648	2.113913	3.67737
3912	-1643.147	-1809.371	166.2236	1.842163	4.370139
3918	-1651.037	-1817.724	166.6867	1.69046	4.193859
3924	-1644.946	-1810.678	165.7322	1.923176	4.601127
3930	-1644.2	-1811.189	166.9882	1.798856	3.960291
3936	-1644.036	-1810.91	166.8737	1.798856	4.025704
3942	-1651.431	-1818.347	166.9156	1.872333	3.959755
3948	-1648.695	-1815.748	167.0522	1.755163	3.948644
3954	-1649.52	-1816.561	167.0412	1.898501	3.872778
3960	-1644.69	-1811.832	167.1428	1.796942	3.872778
3966	-1649.863	-1816.513	166.6496	1.780712	4.163665
3972	-1648.066	-1814.62	166.5538	1.811602	4.200545
3978	-1650.304	-1816.765	166.4601	1.5673	4.391789
3984	-1650.635	-1816.339	165.7039	1.67885	4.753727
3990	-1652.84	-1818.833	165.9926	1.659838	4.602763
3996	-1652.672	-1819.355	166.683	1.789514	4.139707
4002	-1659.324	-1826.222	166.8981	1.998013	3.897772
4008	-1647.6	-1814.162	166.5627	1.779934	4.213481
4014	-1653.231	-1819.713	166.4828	1.8598	4.213481
4020	-1643.064	-1809.87	166.8066	1.8598	4.029241
4026	-1644.542	-1811.654	167.1116	1.894787	3.834449
4032	-1639.566	-1806.554	166.9875	1.968131	3.863654
4038	-1639.51	-1806.496	166.9858	1.968131	3.864595
4044	-1647.525	-1813.714	166.1895	1.830519	4.39595
4050	-1651.335	-1817.692	166.3566	1.736054	4.354957
4056	-1628.363	-1795.138	166.7748	1.704108	4.136064
4062	-1630.784	-1797.774	166.9906	1.680107	4.026794
4068	-1627.51	-1794.257	166.7473	1.884605	4.048917
4074	-1638.744	-1805.548	166.8043	1.827569	4.048917
4080	-1648.026	-1814.124	166.0974	1.785545	4.473227
4086	-1637.306	-1803.448	166.142	1.740898	4.473227
4092	-1635.624	-1802	166.3759	1.791798	4.312578
4098	-1633.018	-1799.417	166.3995	1.78309	4.304119
4104	-1629.004	-1795.807	166.8025	1.714263	4.114537
4110	-1645.165	-1812.089	166.9239	1.95268	3.908996
4116	-1634.642	-1801.456	166.8138	1.95268	3.972054
4122	-1657.013	-1823.579	166.5666	1.802255	4.198597
4128	-1659.523	-1826.331	166.8076	1.83087	4.045141
4134	-1658.765	-1824.949	166.1841	1.828295	4.400304
4140	-1652.312	-1818.552	166.2406	1.655944	4.465576
4146	-1648.168	-1814.519	166.3516	1.82879	4.305371
4152	-1643.896	-1810.743	166.8475	2.092524	3.872582
4158	-1647.859	-1814.787	166.9281	1.622538	4.095216
4164	-1643.881	-1810.562	166.6802	1.870456	4.095216
4170	-1649.095	-1815.616	166.5208	2.043356	4.087519
4176	-1639.29	-1806.309	167.0186	1.904206	3.88248
4182	-1639.219	-1806.677	167.4572	1.80837	3.684993
4188	-1634.569	-1801.304	166.7352	1.676087	4.17449
4194	-1637.638	-1804.73	167.0924	2.034799	3.764887
4200	-1640.443	-1807.578	167.1349	2.219078	3.633816
4206	-1639.55	-1806.952	167.4023	2.269531	3.448735
4212	-1645.525	-1812.231	166.7061	2.187781	3.899045
4218	-1630.736	-1797.29	166.5543	1.693929	4.266996
4224	-1633.881	-1799.905	166.0239	1.53636	4.654433
4230	-1635.165	-1802.177	167.0118	1.812435	3.938966
4236	-1644.158	-1810.518	166.3606	1.849641	4.28849
4242	-1641.183	-1807.52	166.3362	1.855449	4.298982
4248	-1633.521	-1800.375	166.8543	1.898492	3.979895
4254	-1641.581	-1808.278	166.6966	1.73112	4.165139
4260	-1632.765	-1799.209	166.4435	1.824531	4.255746
4266	-1649.282	-1816.079	166.7969	1.907608	4.00745
4272	-1642.185	-1809.274	167.0882	1.942252	3.820607
4278	-1648.632	-1815.416	166.7847	1.973529	3.97678
4284	-1642.582	-1809.492	166.9103	2.002518	3.888231
4290	-1645.019	-1812.22	167.201	1.833312	3.818404
4296	-1633.583	-1800.518	166.9352	1.833312	3.970892
4302	-1633.057	-1799.992	166.9356	1.832897	3.970892
4308	-1655.165	-1820.214	165.0489	1.771466	5.066822
4314	-1643.401	-1809.094	165.6933	1.515189	4.851009
4320	-1650.921	-1815.968	165.0473	1.679746	5.118565
4326	-1657.195	-1823.26	166.0647	1.814341	4.475426
4332	-1645.559	-1811.75	166.1911	1.593623	4.528455
4338	-1640.079	-1805.945	165.8659	1.47953	4.774557
4344	-1649.947	-1817.115	167.1673	2.321107	3.555738
4350	-1643.646	-1810.832	167.1858	2.243211	3.590224
4356	-1636.918	-1804.012	167.0938	2.335287	3.590224
4362	-1640.452	-1807.957	167.5051	2.36651	3.331548
4368	-1645.199	-1812.928	167.7288	2.365038	3.200326
4374	-1643.476	-1811.157	167.6804	2.413449	3.200326
4380	-1641.312	-1808.837	167.525	1.958136	3.558806
4386	-1644.639	-1811.625	166.9865	2.069527	3.805901
4392	-1635.688	-1802.28	166.5926	1.97611	4.084921
4398	-1634.447	-1801.755	167.3076	1.97611	3.674498
4404	-1632.451	-1799.704	167.2531	1.97611	3.705993
4410	-1640.377	-1807.704	167.3269	1.902395	3.705993
4416	-1642.521	-1809.184	166.663	1.944676	4.062754
4422	-1638.545	-1805.442	166.8965	1.926595	3.939634
4428	-1654.172	-1821.153	166.981	1.842081	3.939634
4434	-1645.411	-1812.297	166.8863	1.686061	4.082847
4440	-1662.277	-1829.623	167.3455	2.312831	3.456594
4446	-1644.494	-1811.059	166.5647	2.015345	4.078477
4452	-1645.473	-1812.159	166.6863	1.559971	4.268072
4458	-1639.587	-1805.876	166.289	1.730335	4.39636
4464	-1631.733	-1798.366	166.6328	1.730335	4.201853
4470	-1620.203	-1786.676	166.4736	1.889538	4.201853
4476	-1636.448	-1803.411	166.9624	1.522052	4.132919
4482	-1637.482	-1803.203	165.7208	1.47519	4.857944
4488	-1624.546	-1791.532	166.9856	1.683013	4.027958
4494	-1626.565	-1793.478	166.913	1.683013	4.069394
4500	-1638.714	-1805.788	167.0745	1.969918	3.812607
4506	-1635.427	-1802.677	167.2498	1.746385	3.840349
4512	-1635.817	-1802.633	166.8162	1.669649	4.132118
4518	-1644.026	-1810.582	166.5563	1.893095	4.152819
4524	-1635.844	-1802.523	166.6788	1.807739	4.131731
4530	-1641.223	-1807.978	166.7544	1.7321	4.131731
4536	-1652.193	-1818.815	166.6219	1.700876	4.224718
4542	-1651.314	-1818.281	166.9662	1.700876	4.028814
4548	-1651.376	-1818.178	166.8013	2.154409	3.863609
4554	-1658.879	-1824.933	166.0543	1.797345	4.49083
4560	-1643.338	-1810.107	166.7693	1.894034	4.030977
4566	-1642.384	-1809.153	166.7693	1.894034	4.030977
4572	-1631.375	-1797.97	166.595	1.865722	4.146423
4578	-1633.917	-1799.667	165.7494	1.567912	4.790273
4584	-1636.005	-1802.791	166.7862	1.761847	4.096735
4590	-1636.637	-1803.727	167.0897	2.024527	3.772396
4596	-1631.341	-1798.609	167.2682	2.135382	3.604993
4602	-1629.214	-1796.299	167.0843	1.990793	3.794924
4608	-1640.156	-1806.887	166.731	1.990793	3.997569
4614	-1644.968	-1811.81	166.8416	1.710121	4.094592
4620	-1655.86	-1821.679	165.8188	1.672019	4.693291
4626	-1638.806	-1805.203	166.3972	1.886477	4.246876
4632	-1640.557	-1807.53	166.9735	1.849607	3.939636
4638	-1645.314	-1811.836	166.5217	2.032069	4.093437
4644	-1630.701	-1797.376	166.675	1.897525	4.082767
4650	-1639.768	-1806.125	166.3573	1.897525	4.26322
4656	-1636.028	-1803.499	167.4714	2.361381	3.354375
4662	-1633.769	-1800.376	166.6065	2.02028	4.051829
4668	-1641.384	-1808.21	166.8254	1.893553	3.99919
4674	-1635.33	-1801.79	166.4603	1.982234	4.156734
4680	-1642.24	-1808.933	166.6921	1.982234	4.024699
4686	-1643.834	-1810.517	166.6825	1.820874	4.122115
4692	-1645.496	-1812.179	166.6825	1.820874	4.122115
4698	-1634.247	-1800.837	166.5902	1.72919	4.226676
4704	-1639.223	-1806.134	166.9112	1.847348	3.976564
4710	-1646.204	-1813.161	166.9561	2.361295	3.65499
4716	-1636.754	-1803.794	167.0407	2.174737	3.713995
4722	-1646.121	-1813.264	167.1424	1.846197	3.844694
4728	-1648.958	-1815.68	166.722	2.036742	3.976485
4734	-1642.966	-1809.895	166.9287	2.001031	3.878488
4740	-1639.165	-1805.394	166.2286	1.850757	4.362508
4746	-1635.684	-1802.635	166.9507	1.955511	3.892019
4752	-1646.444	-1812.827	166.3827	2.039638	4.168226
4758	-1645.441	-1811.656	166.2149	1.627438	4.496057
4764	-1661.081	-1827.039	165.9583	1.418851	4.756844
4770	-1650.364	-1816.758	166.3939	1.561816	4.432259
4776	-1649.174	-1815.351	166.1776	1.768506	4.437664
4782	-1644.272	-1810.608	166.3353	1.879562	4.285847
4788	-1633.345	-1799.476	166.1312	1.677142	4.515193
4794	-1646.758	-1813.515	166.757	1.84801	4.064267
4800	-1645.235	-1812.18	166.9443	1.893557	3.931186
4806	-1647.513	-1814.782	167.2693	1.895379	3.743305
4812	-1649.043	-1816.265	167.222	2.247941	3.566439
4818	-1651.596	-1819.149	167.5524	2.220829	3.38936
4824	-1646.103	-1813.65	167.5473	2.274767	3.360653
4830	-1640.03	-1807.738	167.7087	2.113399	3.360653
4836	-1646.436	-1813.843	167.4077	2.041957	3.578256
4842	-1639.024	-1806.547	167.5235	2.041957	3.510861
4848	-1630.908	-1797.923	167.0155	1.749398	3.972945
4854	-1642.965	-1808.953	165.9878	1.613463	4.631456
4860	-1647.283	-1814.054	166.771	1.481369	4.264639
4866	-1650.314	-1816.862	166.5476	1.704771	4.264639
4872	-1650.191	-1816.285	166.0946	1.588016	4.585792
4878	-1645.696	-1811.844	166.1484	1.768117	4.454342
4884	-1649.784	-1816.248	166.4644	1.671304	4.330637
4890	-1640.982	-1807.759	166.7766	1.700173	4.137269
4896	-1643.332	-1809.655	166.3233	1.642901	4.426346
4902	-1642.994	-1809.956	166.9619	1.902833	3.915785
4908	-1642.208	-1808.906	166.6988	1.913448	4.060139
4914	-1631.19	-1798.352	167.1621	1.857222	3.827018
4920	-1639.98	-1807.183	167.2036	1.960336	3.743701
4926	-1639.862	-1806.95	167.0878	1.960336	3.810443
4932	-1640.733	-1807.107	166.3736	1.862891	4.273644
4938	-1646.356	-1813.014	166.658	1.953633	4.060485
4944	-1643.678	-1810.994	167.3159	2.182657	3.549782
4950	-1638.352	-1805.193	166.8411	1.696717	4.10254
4956	-1640.435	-1806.854	166.4193	1.696717	4.341768
4962	-1642.258	-1808.666	166.4081	1.707972	4.341768
4968	-1633.473	-1799.93	166.4568	1.95737	4.172872
4974	-1638.665	-1805.398	166.7331	1.886583	4.055893
4980	-1644.035	-1811.865	167.8298	2.096849	3.299149
4986	-1639.811	-1806.782	166.9714	1.996237	3.856744
4992	-1652.411	-1819.445	167.0341	1.794898	3.936239
4998	-1646.613	-1813.392	166.7794	1.794898	4.081754
5004	-1650.266	-1817.445	167.1787	1.889756	3.798727
5010	-1644.635	-1811.721	167.0862	1.943374	3.821113
5016	-1638.305	-1805.191	166.8858	1.844404	3.992757
5022	-1633.616	-1799.842	166.2259	1.929163	4.319694
5028	-1646.722	-1813.21	166.4879	1.929163	4.171193
5034	-1645.178	-1811.941	166.7626	1.695926	4.147652
5040	-1652.259	-1819.31	167.0511	2.081792	3.761646
5046	-1659.485	-1825.129	165.6439	1.716309	4.766318
5052	-1638.742	-1805.652	166.9106	1.804306	4.001509
5058	-1646.929	-1813.656	166.7276	1.604711	4.219335
5064	-1647.102	-1813.021	165.9194	1.711758	4.614675
5070	-1638.003	-1804.674	166.6715	1.727513	4.181442
5076	-1639.979	-1806.415	166.4366	1.534793	4.423411
5082	-1646.208	-1812.439	166.2312	1.54601	4.5327
5088	-1640.578	-1806.886	166.3077	1.855747	4.314944
5094	-1648.384	-1814.912	166.5283	1.923884	4.151272
5100	-1650.899	-1817.997	167.0975	1.979532	3.793821
5106	-1640.327	-1806.786	166.4592	1.676473	4.330677
5112	-1650.496	-1817.504	167.0077	2.234987	3.698249
5118	-1640.263	-1806.874	166.6113	1.840696	4.151357
5124	-1635.029	-1801.602	166.5737	1.840696	4.172745
5130	-1637.559	-1803.998	166.4383	1.736916	4.308282
5136	-1629.912	-1796.44	166.5274	1.647832	4.308282
5142	-1638.067	-1804.73	166.6636	1.966626	4.049865
5148	-1638.347	-1805.145	166.7972	1.833012	4.049865
5154	-1629.313	-1795.612	166.2997	1.833012	4.33233
5160	-1628.97	-1795.284	166.3143	1.612766	4.448392
5166	-1646.621	-1813.025	166.4044	1.612766	4.397603
5172	-1644.802	-1811.206	166.4044	1.765188	4.311489
5178	-1634.685	-1801.312	166.6278	1.688273	4.228552
5184	-1641.617	-1808.466	166.8482	1.791036	4.04474
5190	-1640.465	-1807.329	166.8642	1.791036	4.035619
5196	-1643.747	-1810.639	166.8918	1.707794	4.067323
5202	-1645.283	-1811.531	166.2479	1.707794	4.432249
5208	-1643.364	-1809.628	166.2639	1.845557	4.345467
5214	-1662.14	-1827.791	165.6502	1.683462	4.781149
5220	-1647.254	-1813.864	166.6096	1.826346	4.160483
5226	-1643.545	-1810.257	166.7118	1.724147	4.160483
5232	-1627.997	-1794.465	166.4683	1.70722	4.308114
5238	-1642.813	-1809.541	166.7276	1.452712	4.305424
5244	-1644.835	-1810.276	165.4414	1.459875	5.021935
5250	-1643.939	-1810.306	166.3679	1.774714	4.326756
5256	-1656.85	-1823.716	166.8668	1.682175	4.096184
5262	-1649.876	-1815.753	165.877	1.832324	4.570818
5268	-1641.463	-1807.401	165.9378	1.761526	4.576442
5274	-1639.694	-1805.803	166.1092	1.590086	4.576442
5280	-1645.342	-1812.272	166.9304	1.852394	3.962712
5286	-1642.58	-1809.301	166.7203	1.879131	4.067422
5292	-1650.644	-1816.601	165.9566	1.585967	4.664342
5298	-1648.559	-1815.377	166.8173	1.610393	4.165147
5304	-1639.495	-1807.039	167.5438	1.996083	3.525743
5310	-1653.528	-1819.309	165.7812	1.749736	4.670846
5316	-1646.188	-1812.495	166.3074	1.607401	4.455293
5322	-1633.37	-1800.128	166.7589	1.844277	4.065296
5328	-1633.494	-1800.588	167.0941	1.950009	3.812756
5334	-1641.073	-1808.232	167.1587	1.856087	3.829646
5340	-1624.917	-1792.238	167.3214	1.793092	3.772247
5346	-1631.911	-1798.782	166.8715	1.973126	3.927319
5352	-1635.655	-1802.669	167.0141	2.173538	3.730039
5358	-1637.647	-1804.841	167.1933	1.994333	3.730039
5364	-1642.06	-1808.698	166.6385	1.716658	4.206383
5370	-1629.363	-1795.839	166.4761	1.651006	4.335522
5376	-1637.852	-1803.582	165.7297	1.692201	4.731849
5382	-1633.033	-1799.101	166.0677	1.600172	4.594118
5388	-1637.722	-1804.057	166.335	1.787975	4.337835
5394	-1658.972	-1825.896	166.9241	1.715623	4.044448
5400	-1656.608	-1822.423	165.8148	1.680382	4.690845
5406	-1653.694	-1820.228	166.5339	1.543603	4.363536
5412	-1658.449	-1824.16	165.711	1.543016	4.825604
5418	-1639.514	-1805.682	166.1681	1.580265	4.548914
5424	-1645.927	-1812.412	166.4847	1.7581	4.270067
5430	-1647.95	-1814.453	166.5023	1.968777	4.14052
5436	-1654.29	-1820.416	166.1258	1.848656	4.421681
5442	-1649.351	-1816.651	167.2997	1.89021	3.728745
5448	-1649.628	-1816.383	166.7552	1.96763	3.996999
5454	-1646.103	-1812.406	166.3029	2.123813	4.165709
5460	-1643.332	-1810.677	167.3451	1.956947	3.663875
5466	-1643.827	-1810.964	167.1372	1.981508	3.769803
5472	-1636.806	-1803.38	166.574	1.820052	4.184305
5478	-1636.732	-1803.632	166.9004	1.75235	4.037033
5484	-1638.389	-1805.067	166.6783	1.910319	4.073574
5490	-1645.246	-1811.607	166.3613	1.887629	4.266565
5496	-1651.037	-1817.366	166.329	1.606106	4.443848
5502	-1643.785	-1809.925	166.1399	1.753214	4.467482
5508	-1637.262	-1804.262	167.0006	2.188193	3.729358
5514	-1653.539	-1820.608	167.0688	2.0572	3.765567
5520	-1646.505	-1813.236	166.7312	1.769857	4.123486
5526	-1643.388	-1809.638	166.2495	1.735065	4.415979
5532	-1637.282	-1803.969	166.6867	1.735065	4.168569
5538	-1656.701	-1823.622	166.9218	1.754093	4.023806
5544	-1656.797	-1823.639	166.842	2.113852	3.863499
5550	-1645.548	-1812.427	166.8791	1.766725	4.040982
5556	-1644.807	-1810.902	166.0952	1.717006	4.513029
5562	-1650.531	-1817.009	166.4772	2.00386	4.134826
5568	-1653.759	-1819.702	165.9433	1.592697	4.668012
5574	-1636.777	-1803.194	166.4168	1.884592	4.236856
5580	-1631.057	-1797.408	166.3507	1.953256	4.235376
5586	-1641.671	-1808.743	167.0712	1.894349	3.857929
5592	-1649.779	-1816.81	167.0309	2.022833	3.807219
5598	-1660.257	-1827.192	166.9351	2.070305	3.835041
5604	-1641.089	-1807.667	166.5779	1.926889	4.12131
5610	-1645.493	-1811.919	166.4257	1.887685	4.230059
5616	-1646.729	-1813.224	166.4952	1.818185	4.230059
5622	-1638.422	-1805.249	166.8265	1.956425	3.962653
5628	-1649.141	-1815.963	166.8221	1.897106	3.999086
5634	-1644.768	-1812.13	167.3617	2.055893	3.596858
5640	-1644.656	-1811.711	167.0551	1.865914	3.883496
5646	-1651.138	-1817.527	166.3895	1.774482	4.314679
5652	-1639.634	-1806.187	166.553	1.541696	4.353801
5658	-1643.904	-1810.42	166.5165	1.608098	4.336918
5664	-1651.422	-1817.783	166.361	1.66318	4.393648
5670	-1641.768	-1807.747	165.9786	1.496932	4.701832
5676	-1641.889	-1808.31	166.4218	1.484128	4.46031
5682	-1646.281	-1812.581	166.3002	1.652014	4.434182
5688	-1631.364	-1798.033	166.6686	1.869889	4.10218
5694	-1636.251	-1803.109	166.8582	1.789471	4.039929
5700	-1633.977	-1801.425	167.4479	1.778603	3.707605
5706	-1634.322	-1800.491	166.1694	1.778603	4.4366
5712	-1643.408	-1809.674	166.2661	1.68188	4.4366
5718	-1640.694	-1807.054	166.3602	1.587744	4.4366
5724	-1630.628	-1796.873	166.245	1.595621	4.497056
5730	-1629.313	-1795.819	166.5067	1.91834	4.166658
5736	-1645.233	-1811.504	166.2716	1.654941	4.448693
5742	-1646.32	-1811.999	165.679	1.702046	4.754668
5748	-1644.793	-1810.457	165.6635	1.717593	4.754668
5754	-1639.621	-1806.586	166.9648	1.640253	4.064251
5760	-1655.799	-1822.849	167.0503	2.145329	3.725427
5766	-1644.407	-1811.824	167.4171	1.995625	3.599714
5772	-1646.391	-1813.781	167.3902	2.078448	3.56719
5778	-1635.828	-1803.241	167.4132	1.873804	3.672585
5784	-1641.536	-1808.302	166.7665	1.843569	4.061354
5790	-1647.689	-1814.813	167.1245	1.843569	3.856509
5796	-1640.541	-1807.049	166.5081	1.689196	4.295836
5802	-1659.063	-1825.94	166.8768	2.112927	3.844017
5808	-1643.73	-1810.32	166.5898	2.30561	3.898178
5814	-1657.39	-1825.211	167.8205	1.958558	3.385904
5820	-1648.034	-1815.674	167.6397	2.139378	3.385904
5826	-1645.237	-1812.472	167.2351	1.991752	3.707398
5832	-1636.133	-1803.438	167.3051	1.991752	3.666863
5838	-1632.111	-1798.95	166.8398	1.83926	4.021991
5844	-1641.337	-1808.572	167.2354	1.818303	3.807215
5850	-1635.971	-1802.85	166.8797	1.823695	4.008104
5856	-1641.879	-1808.706	166.8273	1.891146	3.999527
5862	-1647.602	-1814.511	166.9093	1.97025	3.907301
5868	-1637.792	-1804.912	167.1203	1.829962	3.866741
5874	-1641.433	-1807.541	166.1083	1.71506	4.506751
5880	-1633.569	-1800.135	166.5665	1.767424	4.218409
5886	-1641.27	-1808.294	167.0242	1.926008	3.866753
5892	-1652.577	-1820.11	167.5327	1.759657	3.669517
5898	-1629.206	-1796.137	166.9314	1.923773	3.921253
5904	-1631.735	-1798.031	166.2955	1.774487	4.367789
5910	-1629.268	-1795.746	166.4775	1.686581	4.314623
5916	-1632.961	-1799.248	166.2863	1.687015	4.422308
5922	-1648.036	-1815.2	167.1643	2.448429	3.483249
5928	-1648.503	-1815.143	166.6392	2.059972	4.010525
5934	-1639.961	-1806.099	166.1378	1.597497	4.556261
5940	-1647.089	-1813.208	166.1196	1.615673	4.556261
5946	-1641.534	-1808.438	166.9041	1.709829	4.059154
5952	-1644.751	-1811.259	166.5087	1.638253	4.324313
5958	-1654.161	-1820.38	166.2199	1.502106	4.56373
5964	-1647.899	-1814.272	166.3734	1.605798	4.419023
5970	-1657.15	-1824.152	167.0011	1.593328	4.070267
5976	-1647.603	-1814.391	166.7876	1.806835	4.070267
5982	-1648.703	-1815.58	166.8768	1.974929	3.92324
5988	-1643.74	-1810.575	166.8355	1.979926	3.944041
5994	-1639.064	-1805.676	166.6115	1.947439	4.090506
6000	-1638.824	-1805.04	166.2153	1.796351	4.400683
6006	-1634.879	-1801.281	166.4017	1.954325	4.205865
6012	-1648.901	-1815.833	166.9319	1.682349	4.058988
6018	-1646.331	-1813.244	166.9135	1.944171	3.919817
6024	-1656.943	-1823.213	166.2702	1.714739	4.415752
6030	-1641.719	-1808.492	166.7729	2.179744	3.865372
6036	-1639.188	-1805.994	166.8055	1.835929	4.04348
6042	-1642.572	-1809.018	166.4465	1.835929	4.247599
6048	-1653.98	-1821.193	167.2131	1.835929	3.809907
6054	-1657.01	-1823.256	166.2457	1.871002	4.341411
6060	-1657.373	-1824.188	166.8157	1.853689	4.027502
6066	-1656.046	-1822.907	166.8612	2.060121	3.883316
6072	-1648.577	-1815.523	166.9455	2.054492	3.83816
6078	-1639.379	-1805.485	166.1057	1.807282	4.456329
6084	-1635.974	-1802.98	167.0061	1.932602	3.873353
6090	-1627.461	-1794.497	167.0359	2.036872	3.796288
6096	-1639.658	-1806.348	166.6904	2.101899	3.957277
6102	-1639.118	-1805.604	166.4864	1.88676	4.196167
6108	-1641.63	-1808.393	166.7625	2.026729	3.959004
6114	-1640.074	-1807.005	166.9316	1.857648	3.959004
6120	-1637.019	-1803.134	166.1145	1.870613	4.415641
6126	-1639.838	-1805.96	166.1218	1.776463	4.464586
6132	-1640.655	-1807.841	167.1855	1.931564	3.77076
6138	-1639.426	-1806.689	167.2628	1.912947	3.736867
6144	-1640.163	-1807.487	167.3243	2.472802	3.375335
6150	-1653.782	-1819.972	166.1896	1.633024	4.507144
6156	-1644.461	-1811.665	167.2042	1.74016	3.870129
6162	-1648.963	-1816.251	167.2882	1.866656	3.748962
6168	-1639.118	-1806.509	167.3916	1.935281	3.649503
6174	-1633.344	-1800.125	166.7813	2.038769	3.941361
6180	-1629.74	-1796.972	167.2316	1.828686	3.803454
6186	-1645.279	-1812.311	167.0324	1.719521	3.980374
6192	-1643.395	-1809.86	166.4643	1.870827	4.217744
6198	-1641.172	-1807.073	165.9007	1.497212	4.745244
6204	-1639.426	-1805.178	165.7526	1.524789	4.812556
6210	-1647.456	-1813.405	165.9493	1.524789	4.702686
6216	-1637.83	-1804.517	166.6867	1.524789	4.287755
6222	-1642.158	-1808.606	166.4479	1.472125	4.452341
6228	-1641.278	-1807.819	166.5404	1.853113	4.184566
6234	-1645.384	-1812.238	166.8535	1.958364	3.946079
6240	-1637.331	-1803.764	166.433	1.785329	4.283929
6246	-1642.873	-1809.313	166.4406	1.777687	4.283929
6252	-1653.492	-1820.266	166.7743	2.012261	3.960541
6258	-1643.755	-1810.653	166.8975	1.889065	3.960541
6264	-1646.356	-1812.656	166.3002	1.878281	4.306487
6270	-1657.872	-1824.25	166.3779	1.753281	4.333177
6276	-1650.193	-1816.821	166.6279	1.753281	4.191595
6282	-1649.822	-1816.406	166.5843	1.855307	4.158429
6288	-1649.6	-1815.364	165.7639	1.63841	4.742807
6294	-1644.632	-1810.645	166.0132	1.579011	4.636494
6300	-1639.386	-1805.818	166.4324	1.676705	4.345685
6306	-1643.511	-1808.853	165.3423	1.772901	4.902963
6312	-1642.939	-1809.919	166.9796	1.633291	4.059774
6318	-1643.865	-1811.062	167.1972	1.976756	3.737955
6324	-1638.3	-1805.497	167.1972	1.976756	3.737955
6330	-1638.84	-1804.766	165.9253	1.666797	4.636569
6336	-1638.081	-1803.919	165.8381	1.621791	4.710617
6342	-1639.959	-1806.414	166.4549	1.619946	4.365048
6348	-1644.006	-1810.632	166.6267	1.867958	4.12709
6354	-1637.725	-1804.562	166.837	1.859497	4.012018
6360	-1640.568	-1806.638	166.0698	1.845667	4.454892
6366	-1648.463	-1815.388	166.925	1.532519	4.148215
6372	-1645.112	-1811.524	166.4127	1.612233	4.393213
6378	-1645.899	-1812.436	166.5365	1.801972	4.215847
6384	-1638.183	-1805.451	167.2677	2.090225	3.631484
6390	-1646.646	-1813.49	166.8439	2.136996	3.8491
6396	-1646.442	-1813.571	167.1281	2.025558	3.749654
6402	-1639.192	-1806.685	167.4932	1.879445	3.622981
6408	-1640.805	-1807.671	166.8657	1.895817	3.974863
6414	-1641.002	-1807.896	166.8943	1.727778	4.054527
6420	-1639.415	-1805.848	166.433	1.966487	4.181206
6426	-1640.523	-1806.762	166.2387	1.618609	4.487677
6432	-1643.161	-1809.963	166.8022	1.660572	4.145234
6438	-1646.788	-1813.585	166.7977	1.802897	4.066739
6444	-1637.734	-1805.013	167.2787	1.832261	3.774266
6450	-1637.946	-1803.847	165.9013	1.652177	4.658193
6456	-1649.916	-1815.566	165.6504	1.610676	4.821646
6462	-1640.951	-1807.487	166.5359	1.881539	4.170978
6468	-1660.286	-1827.132	166.8462	1.571323	4.170978
6474	-1640.034	-1807.445	167.411	1.757911	3.740869
6480	-1641.725	-1808.646	166.9206	1.757911	4.022292
6486	-1635.094	-1801.794	166.7001	1.546648	4.267805
6492	-1651.204	-1818.273	167.0683	1.968949	3.816718
6498	-1647.933	-1814.508	166.5747	1.804353	4.192823
6504	-1643.21	-1810.109	166.8988	1.796624	4.012666
6510	-1640.637	-1807.823	167.1861	1.915309	3.779787
6516	-1638.181	-1805.484	167.3027	1.915309	3.712508
6522	-1631.624	-1798.611	166.9876	1.878135	3.915201
6528	-1630.85	-1797.843	166.9931	1.768957	3.974587
6534	-1648.007	-1814.764	166.7573	1.820766	4.0796
6540	-1640.631	-1807.324	166.6934	1.853745	4.097252
6546	-1641.862	-1808.521	166.6592	1.845773	4.121222
6552	-1641.457	-1807.996	166.5388	1.784788	4.224276
6558	-1630.723	-1797.014	166.2915	1.68506	4.4205
6564	-1636.037	-1801.552	165.515	1.268349	5.087321
6570	-1644.574	-1810.361	165.7873	1.476386	4.820196
6576	-1637.453	-1804.431	166.9782	1.767863	3.983731
6582	-1641.521	-1808.636	167.1157	1.929611	3.812078
6588	-1636.573	-1803.506	166.9328	1.761634	4.013248
6594	-1639.947	-1806.284	166.3363	1.705338	4.383777
6600	-1645.166	-1810.938	165.7721	1.804319	4.645381
6606	-1652.629	-1818.827	166.1982	1.521418	4.565061
6612	-1653.446	-1819.566	166.12	1.868424	4.413777
6618	-1648.957	-1815.609	166.6517	1.718858	4.197639
6624	-1652.478	-1819.269	166.7907	1.849414	4.044227
6630	-1645.305	-1812.458	167.1536	1.934462	3.78747
6636	-1652.666	-1820.059	167.3926	2.081219	3.564207
6642	-1644.459	-1811.023	166.5638	1.814502	4.19321
6648	-1646.485	-1812.519	166.0345	1.814502	4.492333
6654	-1647.226	-1814.034	166.8087	1.814502	4.053872
6660	-1643.805	-1810.782	166.9772	1.706472	4.019359
6666	-1642.424	-1809.354	166.9302	1.993959	3.881697
6672	-1640.653	-1807.023	166.3704	1.578578	4.436056
6678	-1642.305	-1809.108	166.8036	1.685375	4.130355
6684	-1654.063	-1820.789	166.7255	2.136386	3.917418
6690	-1640.805	-1807.592	166.7873	1.990382	3.965623
6696	-1631.472	-1798.369	166.8976	1.769397	4.028864
6702	-1641.033	-1807.128	166.0958	1.726888	4.507147
6708	-1641.006	-1808.746	167.7407	1.801257	3.524523
6714	-1637.685	-1804.468	166.7827	1.792095	4.081488
6720	-1638.057	-1804.678	166.6206	1.695262	4.228629
6726	-1655.404	-1821.735	166.3308	1.743611	4.365303
6732	-1648.12	-1815.726	167.6057	1.747828	3.634047
6738	-1643.44	-1809.498	166.0579	1.750771	4.51502
6744	-1650.394	-1816.825	166.4316	1.750771	4.304238
6750	-1635.595	-1802.831	167.2358	1.934181	3.740229
6756	-1643.378	-1810.314	166.936	2.175984	3.773689
6762	-1640.522	-1807.817	167.2946	2.064678	3.630723
6768	-1638.98	-1805.988	167.0085	2.095624	3.778186
6774	-1651.89	-1817.688	165.7988	1.79497	4.635652
6780	-1648.925	-1815.068	166.1437	1.569715	4.568554
6786	-1641.145	-1807.257	166.1117	1.698752	4.514
6792	-1635.955	-1802.225	166.2702	1.652845	4.450633
6798	-1643.264	-1810.044	166.7806	1.874506	4.03566
6804	-1638.162	-1805.421	167.259	1.874506	3.76129
6810	-1648.86	-1815.125	166.2649	1.711856	4.4204
6816	-1663.248	-1829.005	165.757	1.822786	4.643498
6822	-1648.244	-1815.564	167.3199	2.015825	3.644361
6828	-1644.791	-1812.146	167.3555	1.980263	3.644361
6834	-1642.01	-1809.209	167.1985	2.137246	3.644361
6840	-1634.793	-1801.367	166.5741	1.810412	4.189686
6846	-1644.957	-1811.897	166.9404	1.821454	3.974662
6852	-1644.341	-1811.721	167.3796	2.087671	3.568016
6858	-1641.471	-1808.185	166.7143	2.058917	3.96818
6864	-1636.441	-1802.876	166.4352	2.034819	4.141118
6870	-1637.183	-1804.081	166.8981	1.975329	3.910794
6876	-1644.392	-1811.096	166.7038	1.839051	4.099679
6882	-1650.812	-1817.487	166.6754	1.989952	4.029814
6888	-1648.259	-1815.578	167.3191	2.169324	3.555721
6894	-1637.777	-1804.351	166.574	1.849608	4.167511
6900	-1649.195	-1815.915	166.7197	2.067739	3.960075
6906	-1644.739	-1809.873	165.1344	1.398347	5.226076
6912	-1651.312	-1816.753	165.4407	1.536879	4.979522
6918	-1650.058	-1816.319	166.2608	1.623664	4.472369
6924	-1647.306	-1813.363	166.0567	1.838348	4.466428
6930	-1643.997	-1810.238	166.2409	1.654127	4.466428
6936	-1651.225	-1818.513	167.2882	1.855095	3.755648
6942	-1657.686	-1823.696	166.01	1.670656	4.586924
6948	-1659.118	-1825.95	166.8327	1.992346	3.938538
6954	-1651.776	-1819.113	167.3373	1.931142	3.68335
6960	-1652.107	-1819.094	166.9875	2.167416	3.748907
6966	-1654.675	-1821.884	167.2088	2.023105	3.704451
6972	-1643.051	-1809.739	166.6878	1.977503	4.029883
6978	-1645.539	-1811.477	165.9373	1.403853	4.776945
6984	-1646.273	-1812.28	166.0067	1.723124	4.55933
6990	-1631.532	-1797.584	166.052	1.940118	4.411742
6996	-1635.773	-1801.886	166.1131	1.563704	4.589088
7002	-1636.48	-1803.505	167.0244	1.667667	4.014557
7008	-1644.02	-1810.748	166.7285	1.717003	4.155029
7014	-1648.544	-1814.456	165.912	1.721305	4.613468
7020	-1640.731	-1806.791	166.0598	1.630947	4.581264
7026	-1658.629	-1825.008	166.3789	1.610759	4.413073
7032	-1643.108	-1809.421	166.313	1.806809	4.339647
7038	-1633.951	-1800.424	166.4738	1.716764	4.299605
7044	-1643.099	-1810.41	167.3118	1.997445	3.659713
7050	-1631.708	-1798.965	167.2566	2.038592	3.667849
7056	-1632.099	-1799.148	167.0488	1.76214	3.946594
7062	-1645.797	-1812.176	166.3797	1.672848	4.377645
7068	-1634.241	-1801.289	167.0488	1.850138	3.896154
7074	-1637.831	-1805.29	167.4592	1.850138	3.659664
7080	-1647.879	-1814.56	166.6806	1.93699	4.057078
7086	-1640.72	-1807.463	166.7439	1.93699	4.020974
7092	-1644.156	-1811.301	167.145	1.771072	3.886327
7098	-1636.933	-1803.563	166.63	1.834884	4.144016
7104	-1643.788	-1810.268	166.4795	1.747519	4.278985
7110	-1640.918	-1807.41	166.4923	1.664276	4.318856
7116	-1638.877	-1805.501	166.6239	1.664276	4.244323
7122	-1649.158	-1814.887	165.7289	1.651732	4.754897
7128	-1659.602	-1825.432	165.8302	1.550452	4.754897
7134	-1638.962	-1805.597	166.6357	1.760599	4.183024
7140	-1626.894	-1793.623	166.729	1.627329	4.205681
7146	-1629.921	-1795.992	166.0711	1.725721	4.521683
7152	-1624.232	-1790.192	165.9608	1.614439	4.646034
7158	-1630.47	-1796.663	166.193	1.614439	4.515726
7164	-1623.583	-1790.664	167.081	1.876129	3.862794
7170	-1628.382	-1795.718	167.3366	1.926277	3.686555
7176	-1634.043	-1800.699	166.6567	1.94221	4.067708
7182	-1631.636	-1798.292	166.6567	1.94221	4.067708
7188	-1636.528	-1803.233	166.7042	1.853661	4.091098
7194	-1635.385	-1801.837	166.4517	1.910505	4.202351
7200	-1639.829	-1806.089	166.2599	1.628778	4.47
7206	-1638.404	-1804.826	166.4214	1.981624	4.17918
7212	-1647.206	-1814.585	167.3793	1.785105	3.743431
7218	-1646.743	-1813.914	167.1709	2.02102	3.727546
7224	-1648.616	-1815.792	167.1759	2.360375	3.527836
7230	-1644.483	-1811.482	166.9989	2.023651	3.825153
7236	-1641.6	-1807.707	166.1075	2.002416	4.345219
7242	-1628.9	-1795.276	166.3759	1.734005	4.345219
7248	-1633.635	-1800.469	166.8346	1.781559	4.057895
7254	-1639.731	-1806.084	166.3528	1.82749	4.305452
7260	-1629.588	-1796.289	166.7011	1.888545	4.073025
7266	-1635.987	-1803.048	167.0608	2.171676	3.704135
7272	-1636.246	-1803.557	167.3111	2.050178	3.62955
7278	-1645.474	-1812.144	166.6701	2.050178	3.998466
7284	-1647.135	-1814.648	167.5132	2.059352	3.506696
7290	-1638.9	-1805.134	166.234	1.784575	4.396803
7296	-1640.969	-1807.147	166.1782	1.852044	4.390222
7302	-1641.343	-1808.148	166.8049	1.852044	4.034639
7308	-1644.144	-1810.363	166.2184	1.828041	4.381052
7314	-1637.823	-1804.974	167.1516	2.072457	3.708993
7320	-1652.917	-1820.192	167.2747	2.027424	3.663818
7326	-1639.85	-1806.719	166.8693	2.031806	3.89492
7332	-1621.875	-1788.949	167.0734	2.161028	3.703019
7338	-1635.846	-1803.347	167.5009	2.028756	3.531677
7344	-1641.373	-1808.194	166.821	1.880316	4.009318
7350	-1648.303	-1813.725	165.4217	1.759592	4.866145
7356	-1642.186	-1809.214	167.0284	1.759592	3.959761
7362	-1644.663	-1811.992	167.3293	1.89316	3.709891
7368	-1649.708	-1816.513	166.805	1.972869	3.965547
7374	-1635.119	-1801.967	166.8485	2.019769	3.913775
7380	-1645.267	-1812.585	167.3173	1.995976	3.657369
7386	-1643.64	-1810.191	166.5509	1.961095	4.117218
7392	-1646.468	-1812.393	165.9241	1.556594	4.698939
7398	-1635.645	-1802.409	166.7636	1.900279	4.030681
7404	-1647.787	-1814.942	167.1556	1.900279	3.806017
7410	-1646.435	-1813.716	167.2813	1.915959	3.724448
7416	-1645.864	-1812.712	166.8481	1.841156	4.016161
7422	-1637.874	-1804.769	166.8945	1.713401	4.062598
7428	-1640.58	-1806.487	165.9068	1.675456	4.642105
7434	-1639.916	-1806.296	166.3801	1.670216	4.37887
7440	-1640.567	-1807.163	166.5959	1.789306	4.18928
7446	-1644.501	-1811.127	166.6266	1.758694	4.18928
7452	-1644.772	-1811.359	166.5872	1.890606	4.136678
7458	-1635.348	-1801.649	166.3005	1.778851	4.36246
7464	-1642.533	-1808.668	166.1351	1.815659	4.435045
7470	-1635.569	-1802.453	166.8849	1.88438	3.970461
7476	-1647.442	-1814.509	167.0673	2.138165	3.719725
7482	-1640.997	-1807.564	166.5668	1.610332	4.307249
7488	-1639.442	-1806.195	166.7529	1.522457	4.251614
7494	-1644.546	-1812.157	167.6106	1.925049	3.528216
7500	-1641.744	-1809.067	167.3227	2.248474	3.507488
7506	-1647.868	-1815.005	167.1362	2.130405	3.684385
7512	-1647.977	-1814.042	166.0653	1.804783	4.480487
7518	-1641.299	-1807.182	165.8827	1.651842	4.668829
7524	-1638.967	-1805.312	166.3453	1.7534	4.351538
7530	-1650.715	-1817.073	166.358	2.004654	4.202129
7536	-1652.814	-1820.162	167.3486	2.049382	3.608249
7542	-1644.178	-1811.66	167.4816	1.940068	3.594519
7548	-1644.483	-1812.04	167.5571	1.92816	3.557556
7554	-1642.517	-1809.24	166.7228	1.59643	4.226739
7560	-1639.972	-1806.792	166.8196	1.722623	4.100027
7566	-1647.741	-1814.633	166.8919	1.727435	4.05608
7572	-1643.107	-1809.943	166.8358	1.783533	4.05608
7578	-1652.209	-1818.623	166.4131	1.808589	4.281993
7584	-1636.755	-1802.869	166.1138	1.73823	4.490606
7590	-1636.164	-1802.565	166.4006	1.519392	4.452376
7596	-1661.953	-1827.943	165.9902	1.814168	4.517431
7602	-1645.977	-1812.501	166.5239	1.726415	4.26578
7608	-1641.911	-1808.202	166.2909	1.491597	4.529747
7614	-1651.872	-1818.182	166.3101	1.725041	4.387431
7620	-1650.405	-1817.379	166.9736	1.839885	3.945146
7626	-1647.238	-1814.408	167.1695	1.881186	3.809006
7632	-1639.595	-1806.784	167.1885	2.077868	3.68452
7638	-1643.477	-1810.616	167.1385	2.274309	3.599654
7644	-1646.525	-1813.592	167.0674	2.043459	3.774294
7650	-1650.546	-1817.399	166.8527	1.922906	3.966828
7656	-1639.834	-1806.157	166.3225	1.812724	4.330902
7662	-1649.289	-1815.23	165.9411	1.649774	4.637283
7668	-1638.512	-1805.036	166.5234	1.644726	4.312315
7674	-1642.817	-1809.88	167.0628	1.948419	3.831681
7680	-1630.953	-1797.842	166.8893	1.807927	4.011609
7686	-1649.557	-1816.476	166.9187	1.778583	4.011609
7692	-1643.601	-1810.867	167.2659	2.155682	3.594532
7698	-1642.463	-1809.482	167.0183	1.713635	3.991804
7704	-1640.943	-1807.391	166.4471	1.98866	4.160587
7710	-1636.626	-1803.213	166.5866	1.708726	4.240283
7716	-1644.255	-1810.691	166.4362	1.859163	4.240283
7722	-1627.793	-1794.593	166.7999	1.685845	4.132176
7728	-1629.967	-1796.763	166.7957	1.759174	4.092806
7734	-1640.255	-1806.97	166.7146	1.806221	4.112227
7740	-1653.728	-1820.578	166.8494	1.892605	3.986042
7746	-1636.373	-1803.291	166.918	2.03347	3.866029
7752	-1648.356	-1814.7	166.3441	1.714034	4.374474
7758	-1648.097	-1814.814	166.7167	1.945523	4.031598
7764	-1643.107	-1809.984	166.8768	1.82905	4.006691
7770	-1645.818	-1813.081	167.263	2.052482	3.656114
7776	-1657.714	-1824.181	166.4665	1.959561	4.166076
7782	-1641.498	-1808.315	166.8178	1.794049	4.060356
7788	-1639.696	-1806.136	166.4393	1.930489	4.198073
7794	-1642.336	-1808.207	165.8709	1.678325	4.660573
7800	-1645.657	-1811.626	165.9689	1.545963	4.679828
7806	-1642.196	-1807.591	165.3953	1.630224	4.952885
7812	-1641.924	-1807.682	165.7581	1.620164	4.756251
7818	-1647.376	-1812.97	165.5938	1.623021	4.846355
7824	-1636.214	-1802.544	166.3303	1.623021	4.433608
7830	-1638.483	-1805.169	166.6862	1.844619	4.106506
7836	-1634.242	-1800.625	166.3829	1.844619	4.278724
7842	-1631.745	-1798.27	166.5249	1.702618	4.278724
7848	-1649.295	-1815.52	166.2251	1.552051	4.532748
7854	-1641.761	-1808.261	166.5001	1.792639	4.241739
7860	-1636.667	-1802.998	166.3304	1.955437	4.245662
7866	-1640.505	-1807.264	166.7593	1.775164	4.104461
7872	-1637.366	-1804.005	166.6388	1.89562	4.104461
7878	-1636.322	-1803.172	166.8496	1.856797	4.006373
7884	-1633.075	-1800.791	167.7162	1.856797	3.50645
7890	-1643.302	-1809.754	166.4512	1.757159	4.289532
7896	-1652.031	-1818.599	166.568	1.757159	4.223354
7902	-1645.517	-1812.354	166.8366	2.019299	3.920826
7908	-1643.981	-1810.907	166.9266	1.810651	3.988743
7914	-1637.339	-1803.774	166.4346	1.810651	4.268646
7920	-1640.754	-1808.03	167.2759	1.802084	3.793246
7926	-1631.525	-1798.438	166.9129	1.878777	3.957608
7932	-1635.512	-1801.854	166.3427	1.794256	4.329934
7938	-1636.523	-1803.28	166.7569	1.779772	4.103164
7944	-1633.807	-1800.08	166.2723	1.857331	4.334057
7950	-1639.697	-1806.118	166.4213	1.876893	4.23867
7956	-1641.02	-1807.56	166.5403	1.855383	4.183334
7962	-1646.587	-1812.693	166.1063	1.738448	4.494747
7968	-1643.981	-1810.447	166.4661	1.813721	4.249076
7974	-1642.614	-1809.428	166.8133	1.934296	3.982832
7980	-1644.664	-1811.461	166.7973	1.950346	3.982832
7986	-1653.371	-1820.826	167.4544	2.030795	3.557589
7992	-1642.57	-1809.862	167.2917	1.788963	3.791697
7998	-1643.783	-1810.474	166.691	1.843713	4.104313
8004	-1648.974	-1816.191	167.2162	1.907369	3.766971
8010	-1640.513	-1806.971	166.4581	2.057263	4.115306
8016	-1648.217	-1815.137	166.9196	1.813942	3.990901
8022	-1651.677	-1818.41	166.7326	1.801965	4.104363
8028	-1654.647	-1821.379	166.7326	1.801965	4.104363
8034	-1661.276	-1827.789	166.5127	1.875374	4.187657
8040	-1645.61	-1812.758	167.1478	1.979998	3.764545
8046	-1643.717	-1809.958	166.2406	1.805633	4.381176
8052	-1642.887	-1809.8	166.9129	1.941124	3.921925
8058	-1649.608	-1816.685	167.0762	1.907262	3.847631
8064	-1645.641	-1812.488	166.8473	1.937715	3.961432
8070	-1655.172	-1821.798	166.626	2.141052	3.971735
8076	-1640.64	-1807.948	167.308	1.911402	3.711669
8082	-1635.622	-1802.316	166.6941	2.029091	3.99682
8088	-1641.281	-1807.987	166.7068	2.016319	3.99682
8094	-1642.07	-1809.529	167.4593	1.811446	3.682011
8100	-1621.229	-1787.864	166.6351	1.838242	4.139236
