Iteration	Posterior	Likelihood	Prior	tree_length
0	-38.26263	-211.1473	172.8847	1.386777
6	-47.00682	-219.6424	172.6356	1.574977
12	-47.7113	-220.4069	172.6956	1.530672
18	-48.81265	-221.6601	172.8474	1.415777
24	-59.05553	-231.985	172.9295	1.351504
30	-40.47265	-213.4577	172.9851	1.306953
36	-45.49973	-218.0256	172.5259	1.654429
42	-38.17224	-211.4861	173.3138	1.017321
48	-41.12592	-213.8425	172.7166	1.515067
54	-42.24743	-215.0094	172.7619	1.481062
60	-44.32119	-217.567	173.2458	1.08228
66	-42.16552	-215.0848	172.9193	1.359605
72	-39.59209	-212.8071	173.215	1.110612
78	-43.4289	-216.5769	173.148	1.170239
84	-45.19329	-218.0493	172.856	1.409113
90	-43.86199	-216.9282	173.0662	1.240187
96	-45.71499	-218.7131	172.9981	1.296351
102	-50.31925	-222.9431	172.6238	1.583562
108	-49.25135	-222.2284	172.9771	1.313413
114	-43.90353	-216.2971	172.3935	1.748163
120	-51.56545	-223.6353	172.0699	1.969639
126	-51.02792	-224.2302	173.2023	1.122062
132	-58.36049	-230.5837	172.2232	1.8659
138	-74.35155	-246.7244	172.3729	1.762584
144	-78.54827	-250.8601	172.3119	1.804995
150	-57.89442	-230.8481	172.9537	1.332207
156	-43.48147	-216.4707	172.9892	1.30362
162	-38.18773	-211.4097	173.2219	1.104255
168	-42.75185	-216.1006	173.3488	0.9823671
174	-46.74407	-220.0928	173.3488	0.9823671
180	-47.92216	-220.6212	172.699	1.528144
186	-36.58926	-209.9502	173.3609	0.9698883
192	-45.55023	-218.9671	173.4169	0.9101137
198	-43.0943	-216.029	172.9347	1.347407
204	-42.64621	-215.5061	172.8598	1.406142
210	-56.25104	-229.1109	172.8598	1.406142
216	-52.0906	-224.9504	172.8598	1.406142
222	-57.23525	-230.0329	172.7977	1.453941
228	-58.87431	-231.6308	172.7564	1.485187
234	-58.79946	-231.1038	172.3044	1.810156
240	-52.52493	-224.9867	172.4617	1.70012
246	-50.02685	-222.8505	172.8236	1.434102
252	-45.32672	-218.1503	172.8236	1.434102
258	-49.57239	-222.8575	173.2851	1.045151
264	-58.68616	-231.5187	172.8326	1.427228
270	-47.92187	-220.9792	173.0573	1.247576
276	-49.33336	-222.3666	173.0332	1.267608
282	-36.28475	-209.5813	173.2966	1.034135
288	-33.08174	-205.7085	172.6267	1.581445
294	-46.57677	-219.5019	172.9251	1.354957
300	-52.55748	-225.0576	172.5001	1.672832
306	-53.54245	-226.6851	173.1426	1.174925
312	-51.40738	-223.7335	172.3262	1.795084
318	-53.10774	-225.4946	172.3868	1.752856
324	-50.59405	-223.0478	172.4537	1.705789
330	-44.46155	-216.9519	172.4903	1.679807
336	-46.69442	-219.4263	172.7319	1.50366
342	-48.24935	-220.3995	172.1501	1.915611
348	-55.67735	-227.6802	172.0029	2.014359
354	-63.1775	-235.6452	172.4677	1.695921
360	-60.00049	-233.1678	173.1673	1.153336
366	-47.115	-220.4443	173.3293	1.001976
372	-34.94614	-208.2432	173.297	1.03371
378	-42.90701	-215.6682	172.7612	1.48159
384	-55.97132	-228.8604	172.8891	1.383331
390	-51.70389	-224.593	172.8891	1.383331
396	-43.1966	-215.827	172.6304	1.578733
402	-52.63465	-225.6625	173.0279	1.271999
408	-51.66469	-223.7946	172.1299	1.929238
414	-46.45217	-219.5528	173.1006	1.211104
420	-44.36834	-216.5664	172.1981	1.883035
426	-63.72601	-235.9241	172.1981	1.883035
432	-63.4201	-235.5848	172.1647	1.905689
438	-60.29818	-231.6412	171.343	2.440178
444	-51.70179	-224.5179	172.8161	1.439842
450	-47.64326	-220.8878	173.2446	1.083407
456	-53.27483	-226.0865	172.8117	1.443241
462	-53.45236	-225.7146	172.2622	1.839196
468	-56.78236	-229.5007	172.7184	1.513749
474	-51.13173	-224.2499	173.1181	1.196114
480	-67.17325	-240.3711	173.1978	1.126116
486	-54.14625	-227.0308	172.8846	1.386898
492	-45.93091	-219.0046	173.0737	1.233907
498	-51.99863	-224.6764	172.6778	1.543883
504	-44.44874	-217.1001	172.6514	1.563381
510	-55.85678	-228.3523	172.4955	1.676155
516	-48.44691	-221.0948	172.6479	1.565948
522	-43.64034	-216.1226	172.4823	1.685544
528	-45.91083	-219.2568	173.346	0.9852037
534	-33.1397	-205.6431	172.5034	1.670533
540	-41.53196	-214.6319	173.0999	1.211706
546	-38.5819	-210.8238	172.2419	1.853137
552	-37.50545	-210.1102	172.6048	1.597443
558	-43.96051	-216.717	172.7565	1.485151
564	-40.25518	-213.0565	172.8013	1.451197
570	-41.85017	-214.8121	172.962	1.325578
576	-39.00583	-212.42	173.4141	0.9131258
582	-41.7967	-214.4006	172.6039	1.598095
588	-48.18027	-220.5623	172.3821	1.756184
594	-45.70452	-218.0866	172.3821	1.756184
600	-35.03284	-208.3787	173.3458	0.9853425
606	-35.89826	-208.7447	172.8464	1.41653
612	-37.5333	-210.4558	172.9225	1.357057
618	-40.44183	-213.2633	172.8215	1.435764
624	-40.31495	-213.2254	172.9104	1.366598
630	-44.78431	-217.3787	172.5944	1.605031
636	-48.45571	-221.3505	172.8948	1.378893
642	-58.90564	-230.8687	171.9631	2.040768
648	-55.88395	-228.6767	172.7928	1.457678
654	-51.6094	-224.292	172.6826	1.540326
660	-47.32638	-220.009	172.6826	1.540326
666	-45.92535	-218.7392	172.8138	1.441616
672	-55.55628	-228.1969	172.6407	1.571248
678	-55.58321	-228.0236	172.4404	1.715208
684	-64.04015	-236.9843	172.9442	1.33981
690	-65.65014	-238.209	172.5589	1.630697
696	-68.46195	-240.1776	171.7157	2.20262
702	-57.14035	-230.427	173.2866	1.043726
708	-52.70001	-225.4587	172.7587	1.483484
714	-50.31293	-223.629	173.3161	1.01505
720	-61.61322	-233.9616	172.3483	1.779699
726	-54.32084	-227.3038	172.983	1.308635
732	-58.28599	-230.9326	172.6466	1.566904
738	-52.60342	-225.5549	172.9515	1.333981
744	-37.61176	-209.8916	172.2799	1.827069
750	-36.33655	-209.3313	172.9947	1.299109
756	-35.38571	-207.9845	172.5988	1.60184
762	-38.629	-211.0081	172.3791	1.758275
768	-40.89775	-214.0971	173.1994	1.124741
774	-43.20382	-216.329	173.1252	1.190031
780	-46.3116	-218.938	172.6264	1.581651
786	-59.88367	-232.7894	172.9057	1.370295
792	-33.68246	-206.4317	172.7493	1.490586
798	-35.08346	-208.2354	173.152	1.166794
804	-42.4477	-215.0093	172.5616	1.628722
810	-46.98424	-219.7226	172.7384	1.498787
816	-46.28019	-219.3	173.0198	1.278666
822	-46.15831	-219.064	172.9056	1.37036
828	-46.72552	-220.1149	173.3894	0.9400572
834	-54.47121	-227.4063	172.9351	1.347041
840	-47.43458	-220.2453	172.8107	1.444015
846	-47.26593	-220.1157	172.8497	1.413978
852	-51.35075	-223.8156	172.4649	1.697902
858	-50.83481	-223.4299	172.5951	1.604494
864	-45.3538	-218.1786	172.8248	1.433171
870	-49.14639	-221.3849	172.2385	1.855452
876	-53.18447	-224.9952	171.8108	2.140861
882	-60.95165	-233.3484	172.3968	1.745889
888	-50.37017	-222.7669	172.3968	1.745889
894	-51.11755	-223.469	172.3514	1.777532
900	-44.05789	-217.4701	173.4122	0.9153007
906	-50.02404	-222.8162	172.7922	1.45815
912	-59.81134	-233.0449	173.2336	1.093591
918	-45.15856	-217.7642	172.6056	1.596851
924	-49.30173	-222.1645	172.8627	1.403896
930	-47.79357	-221.188	173.3944	0.9346437
936	-41.94955	-214.1923	172.2427	1.852563
942	-44.38813	-216.6244	172.2363	1.856962
948	-36.61467	-209.4063	172.7916	1.458563
954	-43.64603	-216.5657	172.9197	1.359299
960	-42.4913	-215.4987	173.0074	1.288764
966	-35.77224	-208.7797	173.0074	1.288764
972	-44.6803	-217.8404	173.1601	1.159692
978	-46.16689	-218.8327	172.6658	1.552785
984	-49.8104	-221.6383	171.8279	2.12967
990	-44.39415	-217.7902	173.396	0.9329213
996	-52.3004	-224.9361	172.6357	1.574875
1002	-57.35448	-229.6093	172.2548	1.844297
1008	-45.74565	-218.0004	172.2548	1.844297
1014	-48.21095	-220.2311	172.0202	2.002848
1020	-49.3625	-222.3475	172.985	1.306997
1026	-52.14209	-224.6909	172.5488	1.637967
1032	-53.02666	-225.3349	172.3082	1.807514
1038	-64.39764	-235.153	170.7554	2.803353
1044	-67.21528	-239.471	172.2558	1.84363
1050	-65.33451	-237.4535	172.119	1.936598
1056	-62.61565	-234.9848	172.3692	1.76519
1062	-63.25464	-234.8716	171.6169	2.266236
1068	-48.35787	-220.2057	171.8478	2.116671
1074	-43.68973	-216.297	172.6073	1.595644
1080	-44.57779	-217.2969	172.7191	1.513199
1086	-42.09333	-214.8124	172.7191	1.513199
1092	-46.14429	-219.4131	173.2688	1.060705
1098	-48.20909	-220.6187	172.4096	1.736871
1104	-54.62815	-227.5582	172.93	1.351092
1110	-58.46346	-231.0469	172.5834	1.612961
1116	-56.33898	-229.0301	172.6912	1.533998
1122	-50.21281	-222.2757	172.0629	1.974307
1128	-52.16179	-225.0766	172.9148	1.363107
1134	-48.13745	-221.1654	173.028	1.271925
1140	-53.58221	-225.4841	171.9019	2.081137
1146	-55.97041	-228.7934	172.823	1.434571
1152	-59.70443	-232.1492	172.4448	1.712129
1158	-50.9903	-223.8863	172.896	1.377946
1164	-64.25702	-236.8557	172.5987	1.601873
1170	-42.99963	-215.6343	172.6346	1.575653
1176	-57.73767	-230.629	172.8913	1.381639
1182	-55.80017	-228.5951	172.7949	1.456064
1188	-51.62838	-224.0446	172.4162	1.732234
1194	-54.95423	-227.7903	172.8361	1.424508
1200	-44.64021	-217.6494	173.0092	1.28736
1206	-59.71457	-233.2405	173.5259	0.7756408
1212	-57.90884	-229.9923	172.0835	1.960494
1218	-56.55821	-228.886	172.3278	1.793928
1224	-61.07454	-232.3198	171.2453	2.501425
1230	-58.25908	-231.5605	173.3014	1.029411
1236	-68.42264	-240.3353	171.9127	2.07404
1242	-64.64212	-237.3585	172.7164	1.515212
1248	-77.02783	-249.7629	172.7351	1.501272
1254	-76.69794	-248.7251	172.0272	1.998175
1260	-63.62133	-235.9319	172.3105	1.8059
1266	-68.7537	-241.4432	172.6895	1.535224
1272	-52.28135	-225.0541	172.7728	1.472862
1278	-77.2246	-250.0626	172.838	1.423022
1284	-60.13731	-232.2873	172.15	1.915683
1290	-66.421	-239.3845	172.9635	1.324349
1296	-54.63639	-226.7331	172.0967	1.951634
1302	-59.24328	-231.3326	172.0894	1.956552
1308	-55.86737	-228.7147	172.8474	1.415803
1314	-61.0748	-233.751	172.6762	1.545065
1320	-67.08859	-239.7648	172.6762	1.545065
1326	-67.62467	-239.5081	171.8834	2.093315
1332	-57.18374	-229.488	172.3042	1.810264
1338	-42.18179	-215.1616	172.9798	1.311181
1344	-40.45917	-213.3494	172.8902	1.382449
1350	-45.01256	-218.4549	173.4424	0.8812444
1356	-45.19568	-217.7105	172.5149	1.662314
1362	-47.92479	-220.6493	172.7245	1.509161
1368	-55.30608	-227.3422	172.0361	1.992224
1374	-47.75177	-220.8109	173.0592	1.24604
1380	-51.29408	-224.3533	173.0592	1.24604
1386	-33.06289	-205.9213	172.8584	1.407248
1392	-31.402	-204.3806	172.9786	1.312159
1398	-35.46573	-208.4189	172.9532	1.33262
1404	-33.55702	-206.6805	173.1235	1.191481
1410	-38.8565	-211.9621	173.1056	1.206869
1416	-42.60271	-215.4472	172.8445	1.418053
1422	-38.49843	-211.3429	172.8445	1.418053
1428	-51.12671	-223.9849	172.8582	1.407438
1434	-57.06731	-229.8379	172.7706	1.474509
1440	-57.9609	-231.2089	173.248	1.080255
1446	-52.05305	-224.0233	171.9703	2.035994
1452	-50.90089	-223.7263	172.8254	1.43273
1458	-48.16481	-220.9244	172.7596	1.482818
1464	-61.17789	-233.1373	171.9594	2.043195
1470	-46.37477	-218.6324	172.2576	1.84236
1476	-56.45527	-229.7127	173.2575	1.071396
1482	-56.3888	-229.6462	173.2575	1.071396
1488	-55.18456	-227.7609	172.5763	1.618117
1494	-56.52778	-229.4929	172.9651	1.323084
1500	-52.74122	-224.932	172.1908	1.888024
1506	-47.02725	-220.1744	173.1472	1.170988
1512	-43.79641	-216.2365	172.44	1.715464
1518	-44.75321	-217.5025	172.7493	1.490569
1524	-43.61523	-216.8816	173.2663	1.06303
1530	-53.50574	-225.9891	172.4834	1.684757
1536	-55.0303	-227.792	172.7617	1.4812
1542	-55.26315	-228.2337	172.9705	1.3187
1548	-46.01467	-218.9852	172.9705	1.3187
1554	-48.72871	-221.1558	172.4271	1.724566
1560	-45.53593	-218.4666	172.9307	1.350551
1566	-44.48333	-217.6566	173.1733	1.148021
1572	-70.74699	-243.0717	172.3247	1.796066
1578	-70.14537	-242.9204	172.775	1.471164
1584	-65.92504	-238.9905	173.0655	1.240758
1590	-53.34687	-225.9911	172.6443	1.568596
1596	-51.1371	-223.7814	172.6443	1.568596
1602	-61.34293	-234.4053	173.0624	1.24333
1608	-52.96979	-225.4618	172.4921	1.678591
1614	-48.33165	-220.629	172.2973	1.815034
1620	-52.94188	-226.0949	173.1531	1.16582
1626	-56.16856	-228.6841	172.5155	1.661852
1632	-68.63382	-241.6279	172.994	1.299682
1638	-58.57534	-231.2579	172.6825	1.540393
1644	-60.97373	-233.2266	172.2528	1.845646
1650	-46.44805	-218.6859	172.2378	1.855918
1656	-48.11356	-220.5137	172.4001	1.743521
1662	-40.3294	-213.1359	172.8065	1.447186
1668	-32.76391	-205.6005	172.8366	1.424117
1674	-37.19159	-210.2408	173.0492	1.254311
1680	-38.17074	-211.0304	172.8597	1.406286
1686	-36.29757	-208.8549	172.5573	1.631835
1692	-50.69134	-223.1881	172.4967	1.675256
1698	-44.43733	-216.9341	172.4967	1.675256
1704	-53.50093	-226.7587	173.2577	1.071141
1710	-47.22699	-220.3941	173.1671	1.153456
1716	-40.07732	-212.6826	172.6053	1.597084
1722	-48.12067	-220.4396	172.3189	1.800117
1728	-59.14454	-231.5224	172.3778	1.759138
1734	-51.88475	-224.3196	172.4348	1.719148
1740	-42.58477	-215.5699	172.9852	1.306887
1746	-49.35103	-222.725	173.374	0.9563488
1752	-41.89492	-214.8929	172.998	1.29644
1758	-43.72685	-216.2436	172.5168	1.660948
1764	-38.15558	-210.4049	172.2493	1.848051
1770	-46.07987	-218.9427	172.8628	1.403844
1776	-50.39369	-223.2565	172.8628	1.403844
1782	-44.25658	-217.1194	172.8628	1.403844
1788	-56.12947	-228.9157	172.7862	1.46264
1794	-58.62989	-230.5142	171.8843	2.092708
1800	-63.06835	-235.1377	172.0694	1.96995
1806	-62.0843	-234.6686	172.5843	1.612312
1812	-52.98779	-226.0832	173.0954	1.215502
1818	-54.64596	-226.9692	172.3232	1.79712
1824	-45.3069	-217.5838	172.2769	1.829078
1830	-49.15024	-221.4272	172.2769	1.829078
1836	-47.5846	-220.5074	172.9228	1.35683
1842	-37.79367	-211.2493	173.4556	0.8657553
1848	-35.04902	-208.2671	173.2181	1.107804
1854	-42.50409	-215.853	173.3489	0.9822421
1860	-53.64799	-225.8404	172.1925	1.886877
1866	-55.74212	-227.9346	172.1925	1.886877
1872	-64.10488	-237.0316	172.9267	1.353709
1878	-60.35207	-233.0381	172.686	1.53783
1884	-64.09168	-236.1109	172.0193	2.003445
1890	-52.495	-224.9086	172.4136	1.734074
1896	-61.44222	-234.7549	173.3126	1.018465
1902	-49.42968	-221.9033	172.4736	1.691686
1908	-49.6381	-222.2813	172.6432	1.569349
1914	-46.1898	-219.337	173.1472	1.170989
1920	-48.59954	-221.6535	173.0539	1.250407
1926	-45.04061	-218.2244	173.1838	1.138691
1932	-43.47016	-216.6319	173.1618	1.158184
1938	-52.51483	-225.4252	172.9104	1.366611
1944	-60.59438	-233.466	172.8716	1.396986
1950	-47.92754	-220.9927	173.0652	1.241041
1956	-44.68562	-217.8658	173.1801	1.141925
1962	-54.50193	-227.5492	173.0473	1.255918
1968	-51.52071	-224.1668	172.6461	1.567278
1974	-46.05881	-218.7281	172.6693	1.550199
1980	-51.01489	-223.3865	172.3716	1.763462
1986	-44.34802	-216.9337	172.5856	1.611365
1992	-44.22733	-216.5461	172.3188	1.800206
1998	-52.78429	-225.213	172.4287	1.723428
2004	-48.26497	-221.6328	173.3678	0.9627691
2010	-50.24172	-223.1515	172.9098	1.367116
2016	-43.52669	-216.4297	172.903	1.372405
2022	-39.36368	-212.5734	173.2098	1.115349
2028	-36.71514	-209.6626	172.9474	1.337233
2034	-49.09833	-222.3045	173.2062	1.118584
2040	-52.38047	-225.7311	173.3507	0.9804166
2046	-47.34713	-220.8528	173.5057	0.8032302
2052	-52.61422	-225.1707	172.5565	1.632456
2058	-45.21222	-217.7597	172.5475	1.63893
2064	-53.9274	-226.5702	172.6428	1.569661
2070	-51.00699	-223.9219	172.9149	1.363055
2076	-53.12917	-225.8484	172.7192	1.513114
2082	-50.83366	-223.4738	172.6401	1.571653
2088	-45.50408	-218.567	173.063	1.242864
2094	-66.09328	-238.1357	172.0424	1.987986
2100	-63.2548	-235.2601	172.0053	2.012747
2106	-68.87927	-241.0067	172.1274	1.930957
2112	-54.89014	-227.3119	172.4218	1.728325
2118	-61.62307	-233.8988	172.2758	1.82988
2124	-61.39625	-234.3351	172.9389	1.344037
2130	-47.94374	-220.983	173.0393	1.262597
2136	-51.37934	-224.4984	173.1191	1.195314
2142	-51.56777	-224.4246	172.8569	1.408448
2148	-47.3883	-220.3764	172.9881	1.304532
2154	-51.43949	-224.0168	172.5773	1.617368
2160	-41.4381	-214.0154	172.5773	1.617368
2166	-36.13458	-209.003	172.8684	1.399494
2172	-34.66207	-207.0321	172.37	1.764593
2178	-34.995	-208.4054	173.4104	0.9172232
2184	-37.13927	-209.7958	172.6565	1.559587
2190	-32.46905	-205.3221	172.8531	1.411392
2196	-37.31228	-210.4205	173.1082	1.204608
2202	-44.88688	-218.2837	173.3969	0.9319983
2208	-35.88608	-208.9854	173.0993	1.212179
2214	-51.50563	-223.731	172.2253	1.864464
2220	-63.60662	-236.309	172.7024	1.525654
2226	-70.75576	-243.4582	172.7024	1.525654
2232	-49.77776	-222.8474	173.0697	1.237242
2238	-48.9645	-221.7024	172.7379	1.499163
2244	-45.49177	-218.2968	172.805	1.448318
2250	-48.90574	-221.6373	172.7316	1.50388
2256	-38.45399	-211.134	172.68	1.542266
2262	-38.08816	-210.35	172.2619	1.839447
2268	-40.15144	-212.5448	172.3933	1.748305
2274	-41.74175	-214.771	173.0292	1.270898
2280	-47.41963	-220.4488	173.0292	1.270898
2286	-36.79849	-209.697	172.8985	1.375958
2292	-43.88845	-216.748	172.8595	1.406392
2298	-52.80387	-225.755	172.9511	1.334264
2304	-65.62494	-239.2231	173.5981	0.655057
2310	-44.60742	-217.6146	173.0072	1.288987
2316	-49.67364	-222.4367	172.763	1.480225
2322	-56.95462	-229.6659	172.7113	1.519051
2328	-62.12482	-234.8361	172.7113	1.519051
2334	-45.47562	-218.0057	172.5301	1.651397
2340	-41.4813	-214.4406	172.9593	1.327724
2346	-44.6633	-217.601	172.9377	1.344969
2352	-44.69469	-217.1831	172.4884	1.681191
2358	-43.4997	-216.819	173.3193	1.011922
2364	-52.98047	-226.0228	173.0424	1.260031
2370	-65.73436	-238.3938	172.6594	1.557457
2376	-48.75397	-221.4732	172.7192	1.513119
2382	-52.07757	-225.0633	172.9857	1.306413
2388	-48.81837	-221.9172	173.0989	1.212587
2394	-46.78269	-219.5072	172.7245	1.509141
2400	-49.74543	-222.5112	172.7657	1.478179
2406	-53.43124	-226.0034	172.5721	1.62113
2412	-45.68737	-218.6962	173.0088	1.287628
2418	-59.6727	-232.6053	172.9326	1.349008
2424	-49.27256	-222.24	172.9674	1.321184
2430	-45.15644	-218.1254	172.9689	1.319998
2436	-47.92339	-220.5588	172.6354	1.575107
2442	-48.49129	-221.4314	172.9401	1.343046
2448	-44.17196	-216.9804	172.8085	1.445709
2454	-41.67612	-214.4846	172.8085	1.445709
2460	-38.04448	-211.0559	173.0114	1.285545
2466	-39.38089	-212.3923	173.0114	1.285545
2472	-53.80249	-225.9701	172.1676	1.903777
2478	-55.34709	-228.4052	173.0581	1.246947
2484	-46.59268	-219.8914	173.2987	1.032037
2490	-47.09106	-219.9156	172.8245	1.4334
2496	-47.25065	-220.443	173.1923	1.131064
2502	-59.24791	-231.9989	172.751	1.489316
2508	-52.14802	-225.1072	172.9591	1.327845
2514	-80.60172	-252.6542	172.0525	1.98124
2520	-62.44723	-235.2797	172.8325	1.427273
2526	-62.37994	-234.892	172.512	1.664335
2532	-51.9886	-225.0074	173.0188	1.279456
2538	-40.66169	-213.5111	172.8494	1.414243
2544	-54.44748	-226.8286	172.3811	1.756825
2550	-48.32102	-221.2869	172.9658	1.322476
2556	-52.36368	-225.2426	172.8789	1.391308
2562	-52.90534	-225.0458	172.1404	1.922151
2568	-56.25626	-229.1254	172.8691	1.398963
2574	-48.18009	-220.516	172.3359	1.78836
2580	-47.11289	-219.5889	172.476	1.689997
2586	-47.75881	-220.9294	173.1706	1.150404
2592	-49.06038	-221.9049	172.8446	1.417984
2598	-44.566	-217.8672	173.3012	1.029698
2604	-41.38967	-214.4979	173.1082	1.204606
2610	-39.01033	-212.2014	173.1911	1.132164
2616	-39.80046	-212.7753	172.9749	1.315191
2622	-44.30458	-216.7035	172.3989	1.744397
2628	-42.11434	-214.7479	172.6336	1.576426
2634	-40.65778	-213.5052	172.8474	1.415797
2640	-39.97031	-212.8757	172.9054	1.370555
2646	-36.28318	-209.1877	172.9045	1.371233
2652	-38.01944	-211.1894	173.1699	1.150975
2658	-33.46718	-205.9184	172.4512	1.707567
2664	-39.76924	-213.183	173.4137	0.9136051
2670	-38.76552	-211.7328	172.9672	1.321339
2676	-45.49926	-218.3151	172.8158	1.440102
2682	-41.85848	-214.534	172.6755	1.545597
2688	-38.03156	-211.4517	173.4201	0.9065036
2694	-35.17837	-207.9546	172.7762	1.470274
2700	-27.68908	-200.8186	173.1295	1.186294
2706	-37.15197	-210.3868	173.2348	1.092477
2712	-36.99311	-210.0478	173.0547	1.249809
2718	-42.9143	-216.2715	173.3572	0.9737096
2724	-48.22175	-221.4186	173.1968	1.127005
2730	-43.28761	-216.4267	173.1391	1.178016
2736	-44.03734	-217.0258	172.9884	1.304235
2742	-51.07806	-223.6507	172.5727	1.620747
2748	-44.15694	-217.2842	173.1272	1.188277
2754	-46.08505	-218.8349	172.7499	1.490154
2760	-40.49426	-213.3657	172.8714	1.397156
2766	-35.80377	-208.9513	173.1476	1.170628
2772	-44.9356	-218.0832	173.1476	1.170628
2778	-44.15493	-217.0384	172.8835	1.387761
2784	-43.07231	-215.6601	172.5878	1.609825
2790	-47.64651	-219.7268	172.0803	1.962653
2796	-62.08391	-234.5556	172.4717	1.693067
2802	-67.34718	-240.1054	172.7582	1.483879
2808	-62.16682	-234.6611	172.4943	1.676975
2814	-80.89078	-252.8072	171.9164	2.071582
2820	-66.48279	-239.2994	172.8166	1.439487
2826	-75.82019	-247.55	171.7298	2.193477
2832	-65.34075	-237.4768	172.1361	1.925084
2838	-61.17183	-234.0605	172.8887	1.383651
2844	-56.27979	-228.4926	172.2128	1.873021
2850	-67.90553	-239.7003	171.7948	2.151272
2856	-60.97549	-233.3217	172.3462	1.781205
2862	-58.66043	-230.8697	172.2093	1.875425
2868	-44.74496	-217.3531	172.6081	1.595007
2874	-55.49151	-227.8014	172.3099	1.806345
2880	-66.02286	-239.3438	173.3209	1.010332
2886	-53.4651	-226.3064	172.8413	1.420515
2892	-49.73491	-223.0135	173.2786	1.051437
2898	-40.51091	-213.4702	172.9593	1.327745
2904	-50.95056	-224.3632	173.4126	0.9148275
2910	-54.20588	-227.2266	173.0207	1.277873
2916	-44.54189	-217.5626	173.0207	1.277873
2922	-44.00113	-217.3702	173.369	0.9614749
2928	-40.25993	-213.3269	173.0669	1.239552
2934	-42.33093	-215.4131	173.0821	1.226755
2940	-39.85185	-212.9538	173.102	1.209927
2946	-41.66079	-214.512	172.8512	1.412849
2952	-35.8008	-208.6984	172.8976	1.37666
2958	-37.95805	-210.9403	172.9823	1.309212
2964	-37.68877	-210.952	173.2632	1.066015
2970	-41.7135	-214.3605	172.647	1.56659
2976	-47.29309	-219.802	172.5089	1.666575
2982	-48.32424	-221.3027	172.9785	1.312289
2988	-55.55233	-227.9662	172.4138	1.733926
2994	-54.37985	-227.0138	172.634	1.576148
3000	-46.48609	-219.313	172.8269	1.431557
3006	-33.90166	-206.9325	173.0309	1.269538
3012	-43.58347	-216.7219	173.1384	1.178598
3018	-50.5482	-223.5501	173.0019	1.293317
3024	-41.5377	-214.4421	172.9044	1.371363
3030	-54.12259	-226.2493	172.1267	1.931413
3036	-52.30491	-224.4316	172.1267	1.931413
3042	-44.82266	-217.8265	173.0039	1.291689
3048	-44.65262	-217.1982	172.5456	1.640279
3054	-48.27448	-220.6471	172.3726	1.762812
3060	-59.41456	-232.5783	173.1638	1.156408
3066	-56.46983	-229.7745	173.3046	1.026305
3072	-62.30479	-235.3259	173.0211	1.27756
3078	-56.90979	-229.2193	172.3095	1.806625
3084	-52.5433	-225.1638	172.6205	1.585975
3090	-55.78056	-228.3977	172.6171	1.588478
3096	-56.61441	-229.2315	172.6171	1.588478
3102	-62.4617	-235.2532	172.7916	1.458605
3108	-64.55458	-237.5931	173.0385	1.26323
3114	-54.90755	-227.7623	172.8548	1.410064
3120	-53.87086	-226.4527	172.5818	1.614142
3126	-39.89954	-212.8986	172.999	1.295622
3132	-44.57942	-216.9254	172.346	1.781309
3138	-41.80943	-214.7162	172.9067	1.369495
3144	-41.19106	-214.0978	172.9067	1.369495
3150	-52.0804	-224.7636	172.6832	1.539873
3156	-58.80801	-231.2636	172.4556	1.704476
3162	-73.05372	-245.4308	172.377	1.759693
3168	-61.81124	-234.6158	172.8046	1.44866
3174	-66.37038	-238.9855	172.6151	1.589925
3180	-66.82085	-239.0659	172.245	1.850985
3186	-61.4858	-234.0503	172.5645	1.626679
3192	-42.28357	-214.7405	172.4569	1.703564
3198	-43.22523	-216.4979	173.2727	1.057058
3204	-36.37248	-209.659	173.2866	1.043794
3210	-41.07352	-213.8094	172.7359	1.500627
3216	-46.8847	-220.2791	173.3944	0.9346401
3222	-59.5321	-231.7607	172.2286	1.862242
3228	-61.127	-234.3159	173.1889	1.134111
3234	-47.59813	-220.6295	173.0314	1.269101
3240	-44.50532	-217.2381	172.7328	1.502938
3246	-32.71261	-205.986	173.2734	1.056316
3252	-44.74832	-218.0383	173.2899	1.040541
3258	-44.80576	-217.4807	172.6749	1.546007
3264	-46.85622	-219.4791	172.6229	1.584233
3270	-47.33341	-219.399	172.0656	1.97251
3276	-60.44496	-232.5105	172.0656	1.97251
3282	-56.98894	-229.486	172.4971	1.675012
3288	-53.93726	-226.871	172.9337	1.34816
3294	-42.88811	-215.7665	172.8784	1.391684
3300	-32.80077	-206.091	173.2903	1.040239
3306	-37.25811	-209.3662	172.1081	1.943985
3312	-36.7377	-209.7629	173.0252	1.274173
3318	-46.81262	-219.4989	172.6863	1.537609
3324	-48.26435	-221.1088	172.8444	1.418089
3330	-52.35784	-224.6013	172.2435	1.852065
3336	-54.43042	-227.2704	172.8399	1.421541
3342	-52.91232	-225.6201	172.7078	1.521621
3348	-53.25357	-225.9614	172.7078	1.521621
3354	-76.38749	-249.1888	172.8014	1.451139
3360	-52.45821	-224.9576	172.4994	1.673359
3366	-52.37148	-225.3467	172.9752	1.31495
3372	-52.85204	-225.6179	172.7659	1.478072
3378	-56.82743	-229.2551	172.4277	1.724185
3384	-56.94391	-228.8233	171.8794	2.095968
3390	-61.79906	-233.5797	171.7806	2.160488
3396	-64.26253	-236.3965	172.134	1.926486
3402	-57.19648	-229.8998	172.7034	1.52494
3408	-66.06211	-237.9656	171.9035	2.080098
3414	-58.00921	-231.0259	173.0167	1.281191
3420	-49.38921	-222.2356	172.8464	1.41658
3426	-64.03641	-236.2517	172.2152	1.871347
3432	-43.74251	-216.5035	172.761	1.481761
3438	-41.25231	-213.7855	172.5332	1.649216
3444	-40.31638	-212.9487	172.6323	1.577343
3450	-41.86674	-214.9608	173.094	1.216709
3456	-45.48802	-218.7359	173.2479	1.080361
3462	-48.55456	-221.6537	173.0991	1.212369
3468	-55.28099	-228.3927	173.1117	1.201596
3474	-62.66731	-234.9699	172.3026	1.811401
3480	-46.06254	-218.7211	172.6585	1.558127
3486	-43.16234	-215.9866	172.8243	1.43357
3492	-55.61877	-227.449	171.8302	2.12816
3498	-69.33676	-241.9851	172.6484	1.565578
3504	-54.83176	-227.7088	172.8771	1.392747
3510	-54.36414	-227.0711	172.707	1.522258
3516	-51.29117	-223.7142	172.4231	1.727433
3522	-43.2932	-216.3784	173.0852	1.224164
3528	-47.87338	-220.3901	172.5168	1.660953
3534	-44.67825	-217.951	173.2728	1.056924
3540	-50.52521	-222.7778	172.2526	1.845815
3546	-52.31423	-225.3767	173.0625	1.243287
3552	-50.25485	-223.166	172.9111	1.366041
3558	-44.93306	-218.3389	173.4058	0.922252
3564	-42.93262	-215.4778	172.5452	1.64058
3570	-52.1845	-225.2833	173.0988	1.212666
3576	-50.04258	-222.4828	172.4402	1.715347
3582	-33.74278	-206.6522	172.9095	1.367338
3588	-36.48022	-209.6643	173.184	1.13847
3594	-48.23729	-220.7729	172.5356	1.647471
3600	-56.10779	-228.7959	172.6882	1.536232
3606	-60.10331	-233.059	172.9556	1.330655
3612	-48.26636	-220.2612	171.9949	2.019681
3618	-45.9294	-218.2222	172.2928	1.81814
3624	-53.69478	-226.7387	173.0439	1.258734
3630	-67.43543	-239.7879	172.3524	1.776846
3636	-58.00202	-230.69	172.688	1.536367
3642	-46.96465	-219.6557	172.6911	1.534059
3648	-56.36589	-228.9321	172.5662	1.625405
3654	-57.62971	-230.2701	172.6404	1.571425
3660	-48.87815	-220.9158	172.0377	1.99115
3666	-40.59474	-213.2569	172.6622	1.55541
3672	-56.28905	-229.2712	172.9822	1.309294
3678	-63.52941	-236.4337	172.9043	1.371408
3684	-58.98059	-232.0471	173.0665	1.239937
3690	-65.51673	-237.5861	172.0694	1.969935
3696	-60.3881	-232.3845	171.9965	2.018624
3702	-44.72922	-216.9365	172.2073	1.876796
3708	-44.01996	-217.4418	173.4218	0.9046248
3714	-59.31887	-230.8938	171.5749	2.293166
3720	-40.83158	-213.4533	172.6217	1.585143
3726	-47.44482	-219.8141	172.3692	1.765137
3732	-50.64981	-223.8949	173.2451	1.08294
3738	-55.1509	-227.9326	172.7817	1.466092
3744	-57.57496	-230.4461	172.8711	1.39739
3750	-53.72386	-226.5395	172.8157	1.440196
3756	-49.702	-222.8233	173.1213	1.193418
3762	-50.44678	-223.1624	172.7157	1.51578
3768	-55.77312	-228.4888	172.7157	1.51578
3774	-53.19452	-225.8821	172.6876	1.536655
3780	-47.74884	-220.0346	172.2857	1.823017
3786	-53.98105	-226.8701	172.8891	1.383379
3792	-51.78174	-224.1046	172.3228	1.797411
3798	-41.39966	-213.5853	172.1856	1.891516
3804	-42.69675	-214.9749	172.2782	1.828244
3810	-53.17044	-226.6496	173.4792	0.8372041
3816	-38.86243	-211.7998	172.9374	1.345228
3822	-43.19235	-216.2448	173.0525	1.251616
3828	-35.60864	-208.6632	173.0546	1.249893
3834	-69.70398	-241.908	172.204	1.878992
3840	-58.15709	-231.0585	172.9014	1.373692
3846	-62.82428	-234.3105	171.4862	2.349675
3852	-65.62485	-237.8071	172.1822	1.893844
3858	-67.36758	-240.4362	173.0686	1.238119
3864	-46.5979	-219.0634	172.4655	1.697448
3870	-46.03487	-219.2145	173.1796	1.142411
3876	-42.12359	-215.3032	173.1796	1.142411
3882	-55.1898	-228.2394	173.0496	1.254031
3888	-49.5707	-222.5954	173.0247	1.274641
3894	-42.23335	-215.292	173.0587	1.246433
3900	-50.45854	-222.5967	172.1382	1.923657
3906	-60.98472	-232.9017	171.917	2.071238
3912	-40.58864	-213.5043	172.9157	1.362419
3918	-33.12427	-205.9967	172.8724	1.396354
3924	-48.16681	-220.1612	171.9944	2.019996
3930	-50.62975	-223.5707	172.941	1.342381
3936	-64.26941	-236.4112	172.1418	1.921195
3942	-69.9743	-242.8397	172.8654	1.401819
3948	-49.95748	-222.7587	172.8012	1.451246
3954	-57.98766	-230.6248	172.6372	1.573805
3960	-44.68962	-217.4877	172.7981	1.453655
3966	-44.9129	-217.9178	173.0049	1.290822
3972	-36.96122	-210.0867	173.1255	1.189786
3978	-45.44747	-218.8321	173.3846	0.9450772
3984	-51.01173	-223.6784	172.6666	1.552153
3990	-35.63099	-208.2214	172.5904	1.607878
3996	-26.83515	-199.9554	173.1203	1.194258
4002	-34.99097	-208.3	173.309	1.022062
4008	-37.70217	-210.2463	172.5441	1.641329
4014	-52.25341	-224.9304	172.677	1.544519
4020	-40.06252	-212.9631	172.9005	1.374378
4026	-29.47018	-202.3707	172.9005	1.374378
4032	-37.94386	-211.2053	173.2614	1.067653
4038	-39.38119	-212.3445	172.9633	1.324487
4044	-40.58212	-213.2519	172.6697	1.54985
4050	-29.59717	-202.8544	173.2573	1.071568
4056	-31.50551	-204.8594	173.3539	0.9770993
4062	-41.1772	-214.1783	173.0011	1.293915
4068	-41.04775	-213.2796	172.2319	1.859995
4074	-39.87515	-212.6238	172.7487	1.491051
4080	-38.85617	-211.8476	172.9914	1.301785
4086	-34.83153	-207.823	172.9914	1.301785
4092	-35.36792	-208.4628	173.0949	1.215945
4098	-33.67703	-206.3907	172.7137	1.517228
4104	-43.81515	-216.0789	172.2638	1.838133
4110	-46.19551	-218.8109	172.6154	1.5897
4116	-63.24106	-235.5305	172.2894	1.820498
4122	-46.45995	-219.4878	173.0278	1.272057
4128	-50.89087	-223.7222	172.8313	1.428184
4134	-47.9244	-221.3492	173.4248	0.901207
4140	-53.15868	-224.9268	171.7681	2.168654
4146	-46.29824	-218.3753	172.077	1.964818
4152	-43.95105	-216.0281	172.077	1.964818
4158	-48.40416	-220.9341	172.5299	1.651555
4164	-45.36849	-218.2981	172.9296	1.351427
4170	-49.42504	-221.7939	172.3689	1.765397
4176	-54.13331	-227.5697	173.4364	0.8881076
4182	-56.94801	-228.9868	172.0388	1.990407
4188	-54.3099	-227.0289	172.719	1.513318
4194	-48.95715	-221.0201	172.063	1.974261
4200	-41.72966	-214.503	172.7734	1.472413
4206	-42.06632	-214.4977	172.4314	1.721568
4212	-44.17262	-217.0297	172.8571	1.408308
4218	-58.41867	-231.2986	172.88	1.390492
4224	-39.48546	-212.0762	172.5907	1.607677
4230	-54.85988	-228.1091	173.2492	1.079115
4236	-44.24149	-217.6368	173.3953	0.9336899
4242	-37.23559	-210.0948	172.8593	1.406601
4248	-38.38032	-211.2857	172.9054	1.370547
4254	-44.22179	-217.3877	173.1659	1.154522
4260	-48.57866	-221.5141	172.9355	1.346758
4266	-54.99077	-227.31	172.3193	1.799867
4272	-58.66825	-231.0245	172.3563	1.774169
4278	-47.1736	-219.8914	172.7178	1.514161
4284	-53.29976	-225.66	172.3602	1.77141
4290	-54.49411	-226.8343	172.3402	1.785321
4296	-47.27928	-219.5839	172.3046	1.809994
4302	-62.13586	-234.4405	172.3046	1.809994
4308	-66.86183	-238.7896	171.9277	2.064121
4314	-54.92243	-227.4429	172.5205	1.658272
4320	-52.7381	-225.5756	172.8375	1.423455
4326	-52.53395	-225.7678	173.2338	1.093369
4332	-52.09266	-224.9777	172.885	1.386524
4338	-48.0458	-221.262	173.2162	1.109491
4344	-48.45752	-221.6914	173.2339	1.093289
4350	-44.11861	-217.0457	172.9271	1.353421
4356	-57.75533	-230.0338	172.2785	1.828025
4362	-49.11558	-221.3149	172.1993	1.882196
4368	-57.39806	-229.5974	172.1993	1.882196
4374	-72.6583	-244.9119	172.2536	1.845081
4380	-50.17013	-222.9743	172.8042	1.449
4386	-50.07894	-222.3511	172.2722	1.832357
4392	-50.78158	-223.7458	172.9642	1.323799
4398	-55.854	-228.5735	172.7195	1.512884
4404	-54.8669	-228.0895	173.2226	1.103621
4410	-53.4497	-226.6723	173.2226	1.103621
4416	-48.70808	-221.71	173.0019	1.293304
4422	-39.35686	-212.3135	172.9566	1.329875
4428	-46.54984	-219.7136	173.1637	1.156462
4434	-59.02757	-232.2195	173.1919	1.131405
4440	-43.46435	-216.9698	173.5055	0.8035273
4446	-52.34636	-224.906	172.5596	1.630173
4452	-47.28733	-220.0292	172.7418	1.496188
4458	-45.18127	-218.1901	173.0089	1.287603
4464	-64.83673	-237.0857	172.249	1.848272
4470	-44.33372	-217.3746	173.0409	1.261262
4476	-42.31793	-215.699	173.3811	0.9488196
4482	-45.03353	-217.9829	172.9494	1.335676
4488	-46.36052	-218.9961	172.6356	1.57497
4494	-52.99742	-225.633	172.6356	1.57497
4500	-52.53261	-224.5298	171.9972	2.018131
4506	-54.10898	-227.2822	173.1732	1.14809
4512	-43.31662	-215.9817	172.6651	1.553307
4518	-41.14655	-214.6364	173.4899	0.8237439
4524	-34.38986	-207.0476	172.6577	1.558689
4530	-46.79089	-219.8161	173.0252	1.274197
4536	-36.01789	-208.9437	172.9258	1.354425
4542	-33.68706	-206.6428	172.9558	1.33056
4548	-34.33734	-207.7897	173.4524	0.8696091
4554	-39.58672	-212.4729	172.8862	1.385608
4560	-50.66032	-223.2256	172.5653	1.626089
4566	-55.26179	-227.2693	172.0075	2.011244
4572	-50.99252	-223.8793	172.8867	1.385186
4578	-47.51356	-220.3018	172.7882	1.461127
4584	-57.7092	-229.6798	171.9706	2.035779
4590	-47.53369	-220.2072	172.6735	1.547088
4596	-45.56733	-218.9375	173.3702	0.9602958
4602	-54.28369	-225.958	171.6744	2.229307
4608	-54.42659	-227.4839	173.0573	1.247603
4614	-46.89577	-219.4469	172.5512	1.636257
4620	-52.84424	-225.8212	172.977	1.313521
4626	-56.65337	-229.4104	172.757	1.484779
4632	-49.51611	-222.7449	173.2288	1.098001
4638	-40.46275	-213.1541	172.6913	1.533882
4644	-54.46965	-228.0347	173.565	0.7163042
4650	-46.35756	-219.9226	173.565	0.7163042
4656	-40.87297	-213.7146	172.8416	1.420246
4662	-69.87503	-242.282	172.4069	1.738759
4668	-54.61558	-227.7769	173.1613	1.158616
4674	-38.4335	-211.7778	173.3443	0.9869121
4680	-37.90703	-211.0006	173.0936	1.217079
4686	-40.06702	-212.7046	172.6376	1.573488
4692	-37.94854	-209.4137	171.4652	2.363028
4698	-34.95168	-207.9409	172.9892	1.303629
4704	-52.31215	-225.7056	173.3935	0.9356408
4710	-38.52231	-211.2237	172.7014	1.526388
4716	-43.32383	-216.1925	172.8687	1.399294
4722	-45.58745	-218.3068	172.7194	1.513005
4728	-51.04264	-224.0471	173.0045	1.291194
4734	-52.37476	-224.4571	172.0824	1.961237
4740	-45.05538	-218.4092	173.3539	0.9771493
4746	-42.04141	-214.6811	172.6397	1.571948
4752	-58.50645	-230.636	172.1295	1.929523
4758	-48.16804	-220.6975	172.5295	1.651842
4764	-51.56055	-224.5661	173.0056	1.290295
4770	-51.33664	-223.5027	172.1661	1.904778
4776	-48.59479	-221.5874	172.9926	1.30085
4782	-50.88153	-224.1332	173.2517	1.076803
4788	-38.41693	-211.5368	173.1199	1.194598
4794	-36.72294	-209.8428	173.1199	1.194598
4800	-40.74325	-213.5524	172.8091	1.445193
4806	-46.80257	-219.5438	172.7412	1.496648
4812	-56.34606	-229.2859	172.9398	1.343294
4818	-55.46292	-228.4327	172.9698	1.31932
4824	-42.91626	-214.907	171.9907	2.022441
4830	-39.22053	-212.1801	172.9595	1.327533
4836	-38.45349	-211.4141	172.9606	1.326708
4842	-29.83604	-203.0974	173.2613	1.067748
4848	-35.73827	-208.6505	172.9122	1.365179
4854	-34.9513	-207.7215	172.7702	1.474815
4860	-31.45826	-204.7227	173.2644	1.06486
4866	-37.71454	-210.9208	173.2063	1.118489
4872	-37.79471	-210.5435	172.7488	1.490929
4878	-50.58252	-223.5997	173.0171	1.280825
4884	-55.44745	-228.2006	172.7531	1.487706
4890	-43.71781	-215.822	172.1042	1.946606
4896	-48.28672	-221.3748	173.0881	1.221737
4902	-46.2945	-219.1664	172.8719	1.396757
4908	-37.83141	-210.4944	172.6629	1.554859
4914	-46.91898	-219.6082	172.6892	1.535471
4920	-42.60019	-214.7055	172.1053	1.945858
4926	-56.43518	-228.8443	172.4091	1.737219
4932	-68.3499	-240.4439	172.094	1.953444
4938	-66.72321	-239.3061	172.5829	1.613326
4944	-50.65409	-223.6183	172.9642	1.323756
4950	-50.30414	-223.1422	172.8381	1.422996
4956	-52.358	-225.668	173.31	1.021029
4962	-39.73119	-212.2114	172.4802	1.687008
4968	-41.62228	-214.8296	173.2073	1.117569
4974	-42.63938	-215.651	173.0116	1.285364
4980	-41.32902	-214.3542	173.0252	1.274225
4986	-50.50234	-223.7533	173.251	1.077446
4992	-50.59298	-223.1329	172.5399	1.644384
4998	-46.09164	-218.4407	172.3491	1.779193
5004	-45.81869	-218.9619	173.1432	1.174405
5010	-46.81745	-218.6865	171.869	2.10276
5016	-46.90801	-219.4032	172.4952	1.676364
5022	-43.52898	-216.6048	173.0758	1.232085
5028	-43.2108	-216.2866	173.0758	1.232085
5034	-36.2395	-209.2533	173.0138	1.283547
5040	-29.18845	-201.8449	172.6564	1.55966
5046	-34.58565	-208.0394	173.4537	0.8680202
5052	-37.03541	-209.6461	172.6107	1.593182
5058	-38.38371	-210.8858	172.5021	1.671467
5064	-36.55067	-209.5974	173.0467	1.256435
5070	-46.10732	-218.4529	172.3456	1.781602
5076	-44.02678	-216.9203	172.8936	1.379843
5082	-45.9885	-219.0491	173.0606	1.244855
5088	-59.47342	-231.3472	171.8738	2.099617
5094	-69.46555	-241.4557	171.9902	2.022789
5100	-54.93574	-226.4679	171.5321	2.320451
5106	-61.68983	-234.4841	172.7943	1.456519
5112	-51.85782	-224.8167	172.9588	1.328093
5118	-52.19738	-224.7014	172.504	1.670077
5124	-46.91313	-219.7777	172.8646	1.402472
5130	-47.25667	-219.8617	172.605	1.597302
5136	-51.50149	-224.5864	173.0849	1.224437
5142	-62.11834	-235.1489	173.0306	1.269785
5148	-59.08367	-231.5821	172.4984	1.674063
5154	-60.24483	-232.8062	172.5614	1.628895
5160	-54.86931	-227.3775	172.5082	1.66706
5166	-60.47643	-232.5714	172.095	1.95279
5172	-57.63035	-230.6123	172.9819	1.309486
5178	-63.01559	-235.9975	172.9819	1.309486
5184	-46.82464	-219.2816	172.4569	1.703515
5190	-63.40554	-235.2478	171.8423	2.120266
5196	-56.55349	-228.5958	172.0423	1.988099
5202	-51.74201	-224.2831	172.5411	1.643531
5208	-53.00749	-225.4164	172.4089	1.737389
5214	-69.20973	-241.5642	172.3544	1.775458
5220	-51.15087	-223.5053	172.3544	1.775458
5226	-60.9455	-233.6158	172.6703	1.549467
5232	-50.51779	-223.905	173.3872	0.9423936
5238	-41.35017	-214.3046	172.9545	1.331608
5244	-61.68032	-233.7108	172.0305	1.995978
5250	-49.01301	-222.1428	173.1298	1.186032
5256	-37.4961	-210.5809	173.0848	1.224552
5262	-28.67361	-201.9131	173.2395	1.088103
5268	-36.91866	-209.2256	172.3069	1.808395
5274	-70.88101	-243.0716	172.1906	1.888126
5280	-50.49786	-222.9374	172.4395	1.715845
5286	-49.82041	-222.9246	173.1041	1.208094
5292	-46.41568	-219.4205	173.0048	1.290908
5298	-52.50736	-224.6799	172.1726	1.900376
5304	-43.36483	-215.8568	172.4919	1.678684
5310	-38.4862	-211.166	172.6798	1.542409
5316	-47.20789	-220.2634	173.0555	1.249119
5322	-44.32229	-216.645	172.3228	1.79745
5328	-36.77968	-209.0211	172.2414	1.853467
5334	-45.63385	-218.4311	172.7973	1.454242
5340	-51.84464	-224.3134	172.4687	1.695156
5346	-48.29001	-221.2996	173.0096	1.287001
5352	-41.87807	-214.4094	172.5314	1.650504
5358	-39.73518	-212.159	172.4238	1.726892
5364	-48.72484	-222.024	173.2992	1.031628
5370	-47.52015	-219.9697	172.4495	1.708752
5376	-42.81501	-215.9779	173.1629	1.15723
5382	-35.0892	-208.2521	173.1629	1.15723
5388	-44.14773	-216.1698	172.022	2.001598
5394	-38.40058	-211.6965	173.2959	1.034805
5400	-37.91465	-211.0642	173.1496	1.168893
5406	-33.79845	-206.7498	172.9513	1.3341
5412	-39.19204	-212.1434	172.9513	1.3341
5418	-55.92315	-228.2002	172.277	1.829011
5424	-44.4214	-217.1851	172.7637	1.479719
5430	-32.87525	-206.281	173.4058	0.9223466
5436	-35.74069	-208.2457	172.505	1.669384
5442	-58.17005	-230.5889	172.4188	1.730408
5448	-67.41098	-239.8298	172.4188	1.730408
5454	-49.03715	-221.7455	172.7083	1.521248
5460	-65.83402	-238.9567	173.1227	1.192163
5466	-61.21777	-233.9653	172.7475	1.491904
5472	-59.12591	-232.2703	173.1444	1.173381
5478	-55.24057	-227.8632	172.6226	1.584475
5484	-49.68805	-222.3106	172.6226	1.584475
5490	-44.8973	-218.0164	173.1191	1.195269
5496	-50.20847	-223.4339	173.2255	1.101028
5502	-47.18077	-219.4597	172.279	1.827684
5508	-49.96639	-223.1603	173.194	1.129595
5514	-40.91128	-213.4525	172.5412	1.643451
5520	-54.6084	-227.8967	173.2883	1.042115
5526	-47.66047	-220.0144	172.3539	1.775794
5532	-49.99776	-223.1328	173.1351	1.181511
5538	-58.91353	-231.9311	173.0175	1.2805
5544	-60.05303	-232.1188	172.0657	1.97239
5550	-57.0265	-229.7221	172.6956	1.530678
5556	-44.27673	-217.6038	173.3271	1.004193
5562	-35.34849	-208.0581	172.7096	1.520305
5568	-45.1993	-218.4348	173.2355	1.09181
5574	-37.92999	-210.6264	172.6964	1.530091
5580	-55.87938	-228.837	172.9576	1.329063
5586	-53.57961	-226.3568	172.7772	1.46952
5592	-51.36159	-223.4777	172.1161	1.938534
5598	-47.70437	-220.4529	172.7485	1.491152
5604	-46.93536	-219.3648	172.4295	1.722903
5610	-46.49225	-219.0977	172.6054	1.596994
5616	-46.11019	-219.1867	173.0765	1.231534
5622	-45.86516	-218.3223	172.4572	1.703369
5628	-40.17462	-212.9229	172.7483	1.491334
5634	-45.44574	-218.1797	172.734	1.502085
5640	-57.98355	-230.6055	172.6219	1.584963
5646	-63.88563	-236.1292	172.2436	1.851952
5652	-44.41325	-217.5519	173.1386	1.178417
5658	-40.68083	-213.7715	173.0907	1.219562
5664	-39.98801	-212.9718	172.9838	1.307961
5670	-36.28129	-208.9241	172.6428	1.569688
5676	-38.4538	-211.0096	172.5558	1.632943
5682	-39.20833	-211.4398	172.2315	1.860244
5688	-42.33675	-215.619	173.2822	1.047936
5694	-43.73663	-216.3868	172.6502	1.564252
5700	-50.13683	-223.4095	173.2726	1.057082
5706	-46.85506	-219.6529	172.7978	1.45384
5712	-45.47694	-218.5768	173.0999	1.211703
5718	-40.79524	-213.8951	173.0999	1.211703
5724	-50.20288	-222.7942	172.5913	1.607234
5730	-44.40814	-217.7136	173.3055	1.025482
5736	-42.926	-215.587	172.661	1.556323
5742	-52.8314	-225.8411	173.0097	1.286922
5748	-56.45186	-229.8589	173.407	0.9209576
5754	-52.37053	-225.2711	172.9005	1.374365
5760	-52.55992	-225.5432	172.9833	1.308395
5766	-53.46678	-226.146	172.6792	1.542852
5772	-53.18118	-225.8604	172.6792	1.542852
5778	-51.50576	-224.4778	172.9721	1.317451
5784	-54.8727	-227.5239	172.6512	1.563524
5790	-56.71619	-229.1437	172.4275	1.724326
5796	-61.36581	-233.8258	172.46	1.701335
5802	-54.62981	-226.8883	172.2585	1.841734
5808	-58.33918	-230.6469	172.3077	1.807847
5814	-70.91236	-243.5647	172.6524	1.562654
5820	-60.29468	-233.2588	172.9641	1.323865
5826	-38.12526	-211.1817	173.0565	1.248296
5832	-29.5587	-202.7251	173.1664	1.154143
5838	-31.53286	-204.6432	173.1104	1.202767
5844	-27.21755	-199.8538	172.6362	1.574489
5850	-37.64356	-210.5697	172.9261	1.354176
5856	-41.98562	-215.2327	173.2471	1.081081
5862	-46.41992	-218.6672	172.2472	1.849465
5868	-50.51429	-223.8477	173.3335	0.99783
5874	-53.94104	-227.2219	173.2809	1.049213
5880	-54.13552	-227.4164	173.2809	1.049213
5886	-55.753	-228.1472	172.3942	1.747663
5892	-49.9357	-222.5323	172.5966	1.603442
5898	-52.17892	-225.6328	173.4539	0.8677903
5904	-54.31369	-226.2417	171.928	2.063934
5910	-52.50418	-224.9008	172.3966	1.745999
5916	-42.50109	-214.9537	172.4526	1.706567
5922	-44.58438	-217.6527	173.0683	1.238396
5928	-48.4759	-220.177	171.7011	2.212049
5934	-42.94196	-215.7401	172.7982	1.453567
5940	-43.0578	-215.6096	172.5518	1.635802
5946	-45.14678	-217.9985	172.8517	1.412418
5952	-36.80445	-209.8187	173.0142	1.283209
5958	-31.25918	-204.1311	172.8719	1.396759
5964	-43.30174	-216.4121	173.1104	1.202753
5970	-49.86752	-222.8098	172.9423	1.341322
5976	-61.32937	-234.4853	173.156	1.163294
5982	-60.20706	-233.354	173.1469	1.171169
5988	-66.43051	-239.5775	173.1469	1.171169
5994	-71.35076	-243.344	171.9933	2.020726
6000	-66.2564	-238.9374	172.681	1.541551
6006	-63.71222	-236.1108	172.3986	1.744586
6012	-69.73369	-241.8313	172.0976	1.951041
6018	-68.61578	-241.6063	172.9906	1.30251
6024	-62.92358	-235.2485	172.3249	1.795927
6030	-59.48105	-232.2075	172.7264	1.507714
6036	-53.50434	-226.3405	172.8361	1.424471
6042	-70.89663	-242.7489	171.8523	2.113719
6048	-67.55928	-239.3491	171.7898	2.154521
6054	-66.66293	-238.1378	171.4748	2.356893
6060	-65.53415	-238.8022	173.268	1.06144
6066	-77.45629	-250.0867	172.6304	1.578778
6072	-62.17573	-234.713	172.5373	1.646268
6078	-61.32018	-233.736	172.4159	1.732493
6084	-59.42929	-231.4225	171.9932	2.020775
6090	-74.69874	-247.1867	172.4879	1.681535
6096	-74.38615	-247.3199	172.9337	1.348124
6102	-52.76174	-225.6071	172.8453	1.417379
6108	-50.81717	-224.0157	173.1985	1.125488
6114	-47.73872	-220.6757	172.9369	1.345591
6120	-65.67235	-237.9207	172.2483	1.848712
6126	-64.2506	-236.6611	172.4105	1.736262
6132	-52.48291	-225.2318	172.7489	1.490848
6138	-47.91567	-220.4374	172.5217	1.657411
6144	-55.08379	-228.1188	173.035	1.266126
6150	-46.53681	-219.6601	173.1233	1.191705
6156	-44.73947	-218.1067	173.3673	0.9633351
6162	-43.88725	-217.0687	173.1815	1.140755
6168	-47.8213	-220.7383	172.917	1.361423
6174	-34.97019	-208.0028	173.0326	1.268104
6180	-51.73542	-225.1215	173.3861	0.9435624
6186	-48.16088	-221.5183	173.3574	0.9735346
6192	-31.73917	-205.0896	173.3505	0.9806409
6198	-33.62294	-206.4809	172.8579	1.407629
6204	-45.2501	-218.0639	172.8138	1.441623
6210	-36.13096	-209.044	172.913	1.364517
6216	-43.48062	-215.9732	172.4926	1.678205
6222	-44.85646	-217.5923	172.7358	1.500678
6228	-44.25688	-217.3056	173.0487	1.25473
6234	-44.69303	-217.7843	173.0913	1.218995
6240	-55.01971	-227.9773	172.9576	1.32912
6246	-51.25485	-224.1235	172.8687	1.399281
6252	-51.36699	-223.8479	172.4809	1.686514
6258	-53.1994	-225.9616	172.7622	1.480844
6264	-60.46077	-232.6812	172.2204	1.867828
6270	-52.95442	-225.7038	172.7494	1.490517
6276	-63.25664	-236.1983	172.9417	1.341835
6282	-59.2226	-232.1266	172.904	1.37167
6288	-59.0597	-230.6926	171.6329	2.25597
6294	-66.01861	-238.6988	172.6802	1.542091
6300	-47.54658	-220.6346	173.088	1.221829
6306	-56.33228	-228.5917	172.2594	1.841114
6312	-56.82202	-229.0984	172.2764	1.82948
6318	-44.80155	-217.4632	172.6617	1.555812
6324	-48.38073	-221.0424	172.6617	1.555812
6330	-51.69586	-224.773	173.0772	1.230933
6336	-48.04922	-221.3992	173.35	0.9811089
6342	-44.58255	-217.5608	172.9783	1.312467
6348	-38.54505	-211.9582	173.4132	0.9142146
6354	-44.44788	-217.7285	173.2806	1.049491
6360	-40.17093	-212.8349	172.664	1.554121
6366	-44.98826	-218.0051	173.0168	1.281106
6372	-37.89432	-210.5199	172.6256	1.582268
6378	-38.50449	-211.1623	172.6578	1.558661
6384	-39.15123	-211.6603	172.5091	1.666432
6390	-42.99094	-215.8733	172.8824	1.388594
6396	-43.46876	-215.7135	172.2447	1.851217
6402	-51.17094	-223.5952	172.4243	1.726555
6408	-55.95266	-228.5672	172.6146	1.590321
6414	-48.90645	-222.1522	173.2458	1.082299
6420	-43.09572	-216.3966	173.3009	1.029916
6426	-42.36049	-215.1543	172.7938	1.45689
6432	-37.21098	-210.0048	172.7938	1.45689
6438	-32.46189	-205.5185	173.0566	1.2482
6444	-32.04729	-204.6477	172.6004	1.600637
6450	-45.41986	-218.5016	173.0817	1.227105
6456	-50.2472	-223.0383	172.7911	1.458917
6462	-52.34708	-225.5228	173.1757	1.14585
6468	-56.83874	-229.0153	172.1766	1.897655
6474	-56.03793	-228.9451	172.9072	1.36915
6480	-51.69061	-224.5827	172.8921	1.380963
6486	-51.903	-224.813	172.91	1.366938
6492	-46.47173	-219.2704	172.7986	1.453218
6498	-36.6791	-209.8293	173.1502	1.168353
6504	-43.46186	-216.5576	173.0957	1.215278
6510	-47.63097	-220.4248	172.7939	1.456844
6516	-49.43226	-221.789	172.3567	1.773851
6522	-53.14744	-225.2649	172.1175	1.937622
6528	-53.66106	-226.6397	172.9787	1.31215
6534	-39.46706	-212.0048	172.5378	1.645902
6540	-48.80488	-221.5701	172.7652	1.478588
6546	-48.98444	-221.8641	172.8797	1.390688
6552	-48.3541	-221.344	172.9899	1.303045
6558	-46.27515	-218.4875	172.2124	1.8733
6564	-54.96795	-227.817	172.8491	1.414474
6570	-53.91765	-227.1146	173.1969	1.12691
6576	-51.90827	-224.7404	172.8321	1.427546
6582	-38.93768	-212.2788	173.3411	0.9900958
6588	-39.42696	-212.7681	173.3411	0.9900958
6594	-39.59283	-212.763	173.1702	1.150752
6600	-46.2523	-219.4559	173.2036	1.120892
6606	-50.12393	-221.972	171.8481	2.116484
6612	-50.31548	-223.5537	173.2382	1.089286
6618	-43.88381	-216.9633	173.0795	1.228967
6624	-46.53207	-219.6116	173.0795	1.228967
6630	-43.83824	-216.5267	172.6885	1.535995
6636	-43.66938	-216.9475	173.2781	1.051895
6642	-49.55875	-222.5177	172.9589	1.328012
6648	-43.75679	-216.6934	172.9366	1.345821
6654	-57.70948	-230.141	172.4315	1.721463
6660	-51.07905	-223.7047	172.6257	1.582226
6666	-44.12898	-217.0741	172.9451	1.339089
6672	-52.74384	-225.1955	172.4517	1.70722
6678	-49.31245	-222.0846	172.7722	1.473302
6684	-43.07616	-215.8279	172.7518	1.48872
6690	-60.96657	-233.8659	172.8993	1.375319
6696	-59.49576	-232.0793	172.5835	1.612917
6702	-55.77145	-228.0256	172.2541	1.844739
6708	-60.09774	-231.915	171.8172	2.136639
6714	-66.66282	-239.5791	172.9162	1.361997
6720	-72.22146	-245.0308	172.8093	1.445032
6726	-73.25193	-246.2213	172.9694	1.319619
6732	-56.50866	-229.4208	172.9121	1.365233
6738	-63.16977	-235.8901	172.7203	1.512301
6744	-60.83661	-233.4956	172.659	1.557756
6750	-51.75322	-224.908	173.1548	1.164334
6756	-44.20372	-216.9384	172.7347	1.501516
6762	-49.56235	-222.3955	172.8332	1.42674
6768	-49.88278	-222.716	172.8332	1.42674
6774	-62.42845	-235.2172	172.7888	1.460723
6780	-54.55289	-228.0829	173.5301	0.7698027
6786	-47.6492	-221.214	173.5648	0.7167322
6792	-38.86861	-212.1414	173.2728	1.056916
6798	-38.27016	-211.3935	173.1234	1.191618
6804	-41.00619	-214.2947	173.2886	1.041873
6810	-47.3691	-219.8096	172.4406	1.715101
6816	-58.06402	-230.5046	172.4406	1.715101
6822	-62.20125	-235.0857	172.8844	1.387012
6828	-57.59657	-230.758	173.1614	1.158466
6834	-70.58723	-243.5595	172.9722	1.317329
6840	-70.82575	-243.8675	173.0418	1.260533
6846	-69.56416	-242.0083	172.4441	1.712571
6852	-69.94996	-242.3648	172.4148	1.733225
6858	-75.78146	-248.0616	172.2802	1.826847
6864	-71.41717	-244.1216	172.7044	1.524127
6870	-72.28957	-244.994	172.7044	1.524127
6876	-61.68616	-234.0723	172.3862	1.753309
6882	-49.7205	-222.6028	172.8823	1.388641
6888	-38.9866	-211.8689	172.8823	1.388641
6894	-46.39942	-219.2817	172.8823	1.388641
6900	-36.42542	-209.9259	173.5004	0.8101561
6906	-36.74041	-209.9422	173.2018	1.122551
6912	-43.01919	-216.221	173.2018	1.122551
6918	-41.86036	-214.9982	173.1378	1.179131
6924	-55.59137	-227.4723	171.8809	2.09495
6930	-49.36119	-222.0457	172.6846	1.5389
6936	-44.4807	-217.1652	172.6846	1.5389
6942	-36.53144	-209.7744	173.243	1.084902
6948	-45.86196	-218.2006	172.3387	1.786418
6954	-46.70089	-219.2459	172.5451	1.640665
6960	-51.09691	-223.6298	172.5329	1.649416
6966	-38.63592	-211.3894	172.7535	1.48739
6972	-43.88535	-216.436	172.5506	1.636655
6978	-46.87929	-220.1172	173.2379	1.089625
6984	-38.18017	-211.1877	173.0075	1.288718
6990	-39.95047	-212.8478	172.8973	1.376916
6996	-45.82618	-218.7235	172.8973	1.376916
7002	-42.6581	-215.4654	172.8074	1.446559
7008	-34.53734	-207.6161	173.0788	1.229573
7014	-45.11096	-217.9475	172.8366	1.424124
7020	-35.82465	-208.9656	173.1409	1.176406
7026	-35.71455	-208.1842	172.4697	1.694512
7032	-29.69032	-202.755	173.0647	1.24142
7038	-38.94188	-212.0186	173.0767	1.231328
7044	-72.66732	-245.3109	172.6436	1.569077
7050	-44.36546	-217.2393	172.8738	1.395284
7056	-45.35247	-217.9884	172.6359	1.574747
7062	-46.50939	-218.8717	172.3623	1.769954
7068	-44.41228	-217.3971	172.9848	1.307165
7074	-40.36417	-213.2576	172.8934	1.379944
7080	-39.19882	-210.8532	171.6543	2.242201
7086	-57.03671	-230.3785	173.3418	0.9893984
7092	-54.70204	-227.7201	173.018	1.280102
7098	-55.79739	-228.3392	172.5418	1.642975
7104	-47.10752	-219.7783	172.6708	1.549089
7110	-76.55009	-249.225	172.6749	1.546056
7116	-80.75908	-253.6997	172.9406	1.342686
7122	-53.52592	-226.279	172.7531	1.487699
7128	-53.37345	-224.6413	171.2679	2.487313
7134	-48.81446	-221.9515	173.137	1.179824
7140	-36.77648	-209.9135	173.137	1.179824
7146	-32.98644	-206.418	173.4316	0.893631
7152	-33.42639	-206.105	172.6786	1.543308
7158	-39.15896	-211.6179	172.459	1.702071
7164	-41.11088	-214.349	173.2381	1.089407
7170	-45.6137	-218.5985	172.9848	1.307166
7176	-40.89644	-213.8127	172.9162	1.361999
7182	-42.72179	-215.8511	173.1293	1.186513
7188	-47.21472	-220.072	172.8573	1.408149
7194	-57.18752	-229.5882	172.4007	1.743157
7200	-54.54534	-227.2884	172.743	1.495281
7206	-52.79637	-225.6596	172.8632	1.403554
7212	-51.05715	-224.5567	173.4995	0.8113655
7218	-39.8862	-213.1355	173.2493	1.079007
7224	-40.63685	-213.3658	172.729	1.50583
7230	-30.88479	-204.0978	173.213	1.112381
7236	-35.89373	-209.0591	173.1654	1.154995
7242	-39.6044	-212.7698	173.1654	1.154995
7248	-41.83459	-214.9311	173.0965	1.214561
7254	-58.08329	-230.9264	172.8431	1.419132
7260	-54.12629	-226.2985	172.1722	1.900641
7266	-47.62126	-220.9222	173.3009	1.029949
7272	-38.20962	-211.3186	173.1089	1.203991
7278	-38.30374	-211.2079	172.9042	1.371525
7284	-37.85272	-210.7263	172.8736	1.395469
7290	-52.82507	-225.3889	172.5638	1.627138
7296	-45.20662	-217.5084	172.3018	1.811938
7302	-43.80373	-215.9916	172.1878	1.890008
7308	-44.25417	-216.9387	172.6845	1.538902
7314	-54.51682	-226.7646	172.2478	1.849073
7320	-48.71963	-221.6416	172.922	1.357434
7326	-55.75079	-228.4688	172.718	1.514048
7332	-66.59204	-239.6459	173.0539	1.25048
7338	-51.68483	-223.9011	172.2163	1.870632
7344	-38.25811	-211.3891	173.131	1.185053
7350	-53.61489	-226.8786	173.2637	1.065555
7356	-34.38923	-207.2089	172.8197	1.437134
7362	-46.35848	-219.1847	172.8262	1.432135
7368	-49.43053	-222.6051	173.1746	1.146841
7374	-60.37845	-232.7344	172.356	1.774366
7380	-39.99325	-212.921	172.9277	1.35292
7386	-41.19157	-214.0579	172.8663	1.401138
7392	-42.38409	-215.2504	172.8663	1.401138
7398	-40.78516	-213.6515	172.8663	1.401138
7404	-45.83858	-218.7228	172.8842	1.387167
7410	-54.52315	-227.8641	173.3409	0.9903062
7416	-38.68759	-211.771	173.0834	1.225676
7422	-42.17954	-215.263	173.0834	1.225676
7428	-39.79325	-212.8018	173.0085	1.287882
7434	-43.89855	-216.3585	172.46	1.701368
7440	-50.54607	-223.0204	172.4744	1.691163
7446	-48.16549	-220.4702	172.3048	1.809902
7452	-51.96548	-224.2702	172.3048	1.809902
7458	-53.47337	-225.7781	172.3048	1.809902
7464	-56.08037	-228.8533	172.7729	1.472732
7470	-44.68649	-218.0186	173.3321	0.9991556
7476	-36.8188	-209.5358	172.717	1.514763
7482	-33.88151	-207.214	173.3324	0.998836
7488	-39.9674	-213.0912	173.1238	1.19126
7494	-39.26524	-212.3942	173.129	1.186786
7500	-40.36929	-213.3744	173.0051	1.290643
7506	-40.76391	-213.9401	173.1762	1.145446
7512	-46.34086	-219.2522	172.9114	1.365836
7518	-38.2617	-211.2532	172.9915	1.301729
7524	-36.01499	-209.011	172.9961	1.298042
7530	-41.80884	-214.8049	172.9961	1.298042
7536	-43.89849	-217.067	173.1685	1.15223
7542	-49.88089	-222.5377	172.6568	1.559416
7548	-39.31645	-212.3545	173.038	1.263602
7554	-37.91043	-211.219	173.3086	1.022415
7560	-36.54876	-210.0068	173.458	0.8629081
7566	-37.75349	-211.1575	173.404	0.9242792
7572	-35.01479	-208.2566	173.2418	1.085986
7578	-40.71406	-213.6542	172.9401	1.343073
7584	-37.9886	-210.7913	172.8027	1.450128
7590	-53.10293	-225.4128	172.3098	1.806393
7596	-49.66363	-222.8675	173.2038	1.120707
7602	-67.16508	-239.3766	172.2115	1.873903
7608	-73.33316	-244.6227	171.2895	2.473768
7614	-50.35164	-222.9448	172.5932	1.60589
7620	-55.57322	-228.8546	173.2813	1.048796
7626	-61.47442	-234.7444	173.27	1.059603
7632	-54.27709	-227.4735	173.1964	1.127436
7638	-71.43434	-243.2894	171.855	2.111931
7644	-55.24617	-228.0102	172.7641	1.479446
7650	-49.0441	-221.8082	172.7641	1.479446
7656	-38.34493	-211.6559	173.311	1.020117
7662	-39.94387	-213.3235	173.3796	0.9503804
7668	-44.63426	-217.6159	172.9817	1.309698
7674	-51.83941	-223.866	172.0265	1.998591
7680	-62.20995	-234.9841	172.7742	1.471805
7686	-52.42681	-225.0502	172.6234	1.583886
7692	-42.07731	-214.8106	172.7333	1.502587
7698	-47.07327	-219.7374	172.6641	1.553979
7704	-46.18039	-219.2024	173.022	1.276817
7710	-43.55283	-216.5748	173.022	1.276817
7716	-40.31228	-213.2427	172.9304	1.350803
7722	-38.5829	-211.4538	172.8709	1.397516
7728	-44.56945	-217.4404	172.8709	1.397516
7734	-42.26006	-214.9325	172.6725	1.547842
7740	-43.78805	-217.0186	173.2305	1.096394
7746	-33.92692	-206.2376	172.3106	1.805831
7752	-45.28467	-217.5953	172.3106	1.805831
7758	-45.00169	-218.2232	173.2215	1.104623
7764	-58.44113	-231.1444	172.7033	1.525017
7770	-56.26914	-228.7957	172.5266	1.653916
7776	-57.94252	-231.0426	173.1001	1.211577
7782	-48.94787	-222.2048	173.257	1.071855
7788	-43.53601	-216.8119	173.2759	1.053984
7794	-46.75014	-220.0741	173.324	1.007274
7800	-52.03887	-224.6826	172.6437	1.568987
7806	-58.48153	-231.414	172.9325	1.349111
7812	-40.04776	-213.5067	173.459	0.8617584
7818	-42.03566	-214.9329	172.8973	1.376925
7824	-41.67777	-214.7871	173.1093	1.203654
7830	-46.56513	-219.4233	172.8581	1.407468
7836	-40.19952	-213.6863	173.4868	0.827722
7842	-37.63737	-210.4465	172.8091	1.445215
7848	-51.45463	-224.6068	173.1521	1.166639
7854	-55.07137	-228.0146	172.9433	1.340557
7860	-48.37219	-220.8057	172.4335	1.720049
7866	-45.7257	-218.5451	172.8194	1.437308
7872	-52.4693	-225.3964	172.9271	1.353368
7878	-64.45146	-236.3068	171.8554	2.111704
7884	-52.52608	-225.6429	173.1169	1.197203
7890	-50.78122	-223.829	173.0478	1.255528
7896	-49.19219	-221.6639	172.4718	1.69302
7902	-60.15023	-232.9193	172.7691	1.475621
7908	-58.08635	-230.8147	172.7283	1.5063
7914	-55.92301	-229.2275	173.3045	1.026435
7920	-52.62673	-225.5196	172.8929	1.380388
7926	-50.74004	-223.6451	172.9051	1.370795
7932	-65.57199	-237.1636	171.5916	2.282478
7938	-59.21797	-231.3748	172.1568	1.911086
7944	-67.73823	-239.951	172.2128	1.873038
7950	-51.44019	-224.0631	172.6229	1.584246
7956	-59.54406	-232.0393	172.4952	1.676355
7962	-57.41226	-229.7722	172.36	1.771604
7968	-50.8826	-223.746	172.8634	1.403365
7974	-57.15015	-228.7391	171.5889	2.284177
7980	-53.88158	-225.7858	171.9042	2.079618
7986	-62.64711	-235.8191	173.172	1.149129
7992	-51.23021	-223.6786	172.4484	1.70956
7998	-56.22519	-228.9183	172.6931	1.532574
8004	-63.5211	-235.3123	171.7912	2.153585
8010	-55.9896	-228.4784	172.4888	1.68089
8016	-62.87714	-234.9109	172.0337	1.993803
8022	-67.14609	-239.7974	172.6513	1.563443
8028	-47.04425	-219.7638	172.7195	1.512877
8034	-54.54375	-227.3108	172.7671	1.477158
8040	-46.57609	-219.708	173.1319	1.184213
8046	-54.43654	-227.6145	173.178	1.143845
8052	-45.70552	-218.22	172.5144	1.662614
8058	-52.36373	-225.0775	172.7138	1.517154
8064	-46.90598	-219.5798	172.6738	1.546842
8070	-55.64568	-228.9049	173.2592	1.06975
8076	-58.46077	-231.7995	173.3388	0.9924864
8082	-47.45893	-220.0054	172.5464	1.639674
8088	-44.81063	-217.391	172.5804	1.615165
8094	-59.99382	-232.4835	172.4897	1.680295
8100	-44.45635	-217.4926	173.0363	1.265062
8106	-43.80995	-216.5058	172.6958	1.53054
8112	-48.90428	-221.763	172.8587	1.407051
8118	-47.943	-220.8017	172.8587	1.407051
8124	-47.13804	-219.2816	172.1436	1.920033
8130	-45.50208	-218.2691	172.767	1.477191
8136	-40.61475	-213.4461	172.8313	1.428187
8142	-42.46706	-215.0739	172.6068	1.595977
8148	-36.9841	-209.8968	172.9127	1.364778
8154	-34.26624	-207.179	172.9127	1.364778
8160	-32.082	-204.9947	172.9127	1.364778
8166	-42.8033	-215.4272	172.6239	1.58355
8172	-44.66099	-217.5275	172.8665	1.400947
8178	-41.47694	-214.6621	173.1852	1.137463
8184	-37.25332	-210.6772	173.4238	0.9023299
8190	-39.32795	-212.6628	173.3349	0.9963983
8196	-47.52157	-220.7924	173.2708	1.058793
8202	-61.37806	-233.5171	172.139	1.923117
8208	-66.27782	-239.3663	173.0884	1.221438
8214	-42.01389	-214.9421	172.9282	1.352494
8220	-33.82969	-205.8049	171.9752	2.032737
8226	-39.58253	-212.6139	173.0314	1.269124
8232	-40.94533	-213.3561	172.4108	1.736049
8238	-43.649	-216.1221	172.4731	1.692042
8244	-53.17597	-226.4052	173.2292	1.097614
8250	-56.54609	-228.9846	172.4385	1.716521
8256	-46.58811	-219.1741	172.586	1.611078
8262	-39.99736	-212.8499	172.8525	1.411839
8268	-45.75906	-218.7624	173.0033	1.292111
8274	-59.70283	-231.333	171.6302	2.257741
8280	-52.36604	-224.1786	171.8125	2.139699
8286	-48.4496	-221.0308	172.5812	1.614605
8292	-41.93848	-214.5196	172.5812	1.614605
8298	-41.55023	-214.0165	172.4663	1.696884
8304	-44.90703	-217.7822	172.8751	1.394248
8310	-47.72625	-220.5561	172.8299	1.429309
8316	-50.69394	-223.2993	172.6053	1.597054
8322	-42.61671	-215.7228	173.1061	1.206444
8328	-38.27468	-210.973	172.6983	1.528704
8334	-41.42136	-214.1197	172.6983	1.528704
8340	-50.08592	-222.9443	172.8584	1.407299
8346	-46.57228	-219.2427	172.6704	1.549351
8352	-46.58447	-219.0179	172.4334	1.720136
8358	-52.66936	-225.4234	172.754	1.486997
8364	-57.72826	-230.4823	172.754	1.486997
8370	-50.11823	-222.7746	172.6563	1.559737
8376	-56.87241	-229.9135	173.0411	1.26108
8382	-61.25283	-234.491	173.2381	1.089386
8388	-62.79571	-236.0338	173.2381	1.089386
8394	-64.6196	-237.5972	172.9776	1.313013
8400	-50.04138	-223.0545	173.0131	1.284149
8406	-45.31908	-217.6527	172.3336	1.789913
8412	-48.78262	-221.1405	172.3579	1.77304
8418	-45.89362	-218.6103	172.7166	1.515054
8424	-43.12326	-215.8399	172.7166	1.515054
8430	-49.44761	-222.5298	173.0822	1.226699
8436	-49.08441	-221.865	172.7806	1.466937
8442	-47.98663	-220.5423	172.5557	1.633026
8448	-56.12341	-228.7188	172.5954	1.604253
8454	-51.3601	-224.2878	172.9277	1.352931
8460	-59.47357	-232.3742	172.9006	1.374326
8466	-57.85746	-230.7745	172.917	1.361363
8472	-41.88598	-214.778	172.892	1.381051
8478	-59.01351	-231.5648	172.5513	1.636177
8484	-46.73359	-219.9491	173.2155	1.110105
8490	-45.79979	-218.9554	173.1556	1.163586
8496	-43.39695	-216.4145	173.0175	1.280517
8502	-60.55094	-233.4402	172.8892	1.383249
8508	-51.16668	-223.7735	172.6068	1.595952
8514	-53.04586	-224.401	171.3551	2.432535
8520	-50.15332	-222.0356	171.8823	2.094052
8526	-40.93678	-214.0764	173.1397	1.177506
8532	-47.50653	-220.2386	172.7321	1.503477
8538	-42.85454	-215.7542	172.8997	1.375048
8544	-56.24212	-229.1618	172.9196	1.359312
8550	-47.1373	-220.0206	172.8833	1.387902
8556	-42.22713	-215.1104	172.8833	1.387902
8562	-48.71608	-221.6411	172.9251	1.355025
8568	-53.16582	-225.8148	172.649	1.56516
8574	-54.71746	-227.7254	173.0079	1.288378
8580	-44.55443	-217.658	173.1035	1.208605
8586	-41.40366	-214.6783	173.2747	1.055157
8592	-44.52552	-217.5792	173.0536	1.250655
8598	-38.90754	-212.2794	173.3719	0.9585341
8604	-32.57104	-205.5936	173.0226	1.276342
8610	-39.45165	-212.0458	172.5942	1.605156
8616	-51.03476	-223.2857	172.2509	1.846946
8622	-58.40469	-231.8315	173.4268	0.8990066
8628	-45.06296	-217.5872	172.5243	1.655581
8634	-53.6673	-226.1038	172.4365	1.717946
8640	-47.78917	-220.4157	172.6265	1.581608
8646	-37.79214	-210.8387	173.0466	1.256524
8652	-48.75683	-221.3385	172.5817	1.61421
8658	-45.6765	-218.2582	172.5817	1.61421
8664	-43.90708	-216.7718	172.8647	1.402351
8670	-33.82553	-206.1054	172.2798	1.827079
8676	-43.46999	-215.7051	172.2351	1.857776
8682	-46.17582	-219.1808	173.0049	1.290799
8688	-43.20311	-215.9175	172.7144	1.516726
8694	-43.39267	-216.1937	172.801	1.451421
8700	-43.38745	-216.1884	172.801	1.451421
8706	-46.43456	-218.5255	172.091	1.955468
8712	-58.58549	-230.926	172.3405	1.78513
8718	-70.3138	-242.0142	171.7004	2.212515
8724	-77.90404	-249.5293	171.6253	2.260887
8730	-67.57712	-239.6258	172.0487	1.983817
8736	-62.27108	-234.6291	172.358	1.772954
8742	-52.27596	-225.1752	172.8993	1.375355
8748	-47.69037	-220.5557	172.8654	1.401866
8754	-55.20618	-227.1448	171.9386	2.05696
8760	-41.7512	-214.858	173.1068	1.205816
8766	-46.53653	-220.1554	173.6188	0.6047362
8772	-48.5226	-221.4403	172.9177	1.360808
8778	-50.38646	-223.6821	173.2956	1.035068
8784	-63.14356	-235.8126	172.669	1.550373
8790	-60.04228	-232.8035	172.7612	1.481619
8796	-53.45437	-226.043	172.5886	1.609228
8802	-51.88461	-224.5706	172.686	1.537798
8808	-61.58737	-234.0395	172.4521	1.706948
8814	-48.43977	-221.648	173.2082	1.116768
8820	-51.10341	-223.1367	172.0332	1.99412
8826	-49.53599	-221.7479	172.2119	1.873602
8832	-48.43123	-220.7467	172.3155	1.802456
8838	-50.13922	-222.8921	172.7528	1.487912
8844	-56.74902	-228.8775	172.1285	1.930237
8850	-47.29749	-219.7522	172.4548	1.705065
8856	-60.05269	-232.6208	172.5681	1.624039
8862	-66.37445	-238.5848	172.2103	1.874715
8868	-67.60281	-240.5037	172.9009	1.374066
8874	-62.51687	-234.9909	172.474	1.6914
8880	-46.93938	-218.7062	171.7668	2.169499
8886	-61.78717	-234.8007	173.0136	1.283752
8892	-58.0812	-230.8918	172.8106	1.44409
8898	-60.61243	-233.6416	173.0291	1.270972
8904	-49.14271	-221.8132	172.6705	1.549286
8910	-47.3033	-220.1757	172.8724	1.396348
8916	-46.31409	-219.1865	172.8724	1.396348
8922	-40.68035	-214.0726	173.3922	0.9369948
8928	-40.36013	-212.7025	172.3424	1.78381
8934	-46.52545	-219.7599	173.2344	1.092784
8940	-41.56344	-213.8759	172.3125	1.804553
8946	-44.29029	-216.6116	172.3213	1.798436
8952	-40.69011	-213.6801	172.99	1.302974
8958	-46.13224	-218.382	172.2497	1.847768
8964	-47.16994	-219.2691	172.0991	1.949996
8970	-39.51691	-212.2107	172.6937	1.532085
8976	-40.00423	-213.4388	173.4346	0.8901514
8982	-42.34895	-214.883	172.5341	1.648555
8988	-49.71991	-222.6482	172.9283	1.352429
8994	-47.54545	-220.6154	173.07	1.236982
9000	-59.65739	-233.0888	173.4315	0.8937476
9006	-51.5397	-224.944	173.4043	0.9239755
9012	-44.91251	-217.9665	173.054	1.250364
9018	-54.52912	-227.4005	172.8714	1.397158
9024	-47.45389	-220.5985	173.1446	1.173225
9030	-45.78161	-218.2588	172.4772	1.689181
9036	-40.94537	-214.0485	173.1031	1.208951
9042	-35.56522	-208.6801	173.1148	1.198938
9048	-48.19694	-221.2484	173.0514	1.25251
9054	-43.73614	-216.9871	173.251	1.077456
9060	-49.44094	-221.9716	172.5307	1.650992
9066	-52.12906	-224.7582	172.6291	1.579718
9072	-54.37212	-226.8854	172.5133	1.663469
9078	-54.25599	-226.7692	172.5133	1.663469
9084	-67.1459	-239.611	172.4651	1.697761
9090	-39.83456	-212.8796	173.045	1.257841
9096	-36.62093	-209.7161	173.0952	1.215709
9102	-37.99732	-211.3244	173.3271	1.004168
9108	-43.06912	-216.4776	173.4085	0.9193549
9114	-35.76394	-209.1724	173.4085	0.9193549
9120	-36.09695	-208.41	172.313	1.804175
9126	-36.55111	-209.8202	173.2691	1.060445
9132	-38.04851	-210.7708	172.7223	1.510843
9138	-48.24712	-220.5946	172.3475	1.78026
9144	-61.5461	-234.5274	172.9813	1.309981
9150	-69.11374	-241.7602	172.6464	1.567011
9156	-52.26289	-225.3897	173.1268	1.188681
9162	-53.32174	-226.3798	173.0581	1.246929
9168	-50.49601	-222.8838	172.3878	1.752202
9174	-65.82029	-238.5653	172.745	1.493813
9180	-50.50897	-222.6059	172.0969	1.951489
9186	-61.79673	-234.4435	172.6468	1.566765
9192	-51.78537	-224.7857	173.0004	1.294545
9198	-62.98616	-236.1865	173.2003	1.123846
9204	-67.84888	-240.6955	172.8467	1.416346
9210	-51.01032	-223.9367	172.9264	1.353936
9216	-52.75477	-225.6946	172.9399	1.343263
9222	-56.51271	-229.2629	172.7502	1.489881
9228	-48.56968	-221.2274	172.6577	1.558691
9234	-50.41912	-223.0769	172.6577	1.558691
9240	-50.74543	-223.278	172.5325	1.649665
9246	-58.62893	-231.6837	173.0547	1.249732
9252	-59.48015	-232.6424	173.1623	1.157745
9258	-59.88982	-232.7338	172.844	1.418422
9264	-55.75171	-228.85	173.0983	1.213043
9270	-40.23426	-213.5593	173.3251	1.006186
9276	-38.17193	-211.6304	173.4584	0.8624244
9282	-35.82516	-209.122	173.2969	1.033857
9288	-39.28513	-212.6819	173.3968	0.9320903
9294	-37.30522	-209.6875	172.3822	1.756051
9300	-45.00652	-218.4855	173.479	0.8374912
9306	-35.65538	-208.0922	172.4368	1.717728
9312	-54.27057	-227.2613	172.9908	1.30233
9318	-44.96635	-217.7188	172.7524	1.488223
9324	-45.16415	-217.3082	172.144	1.91972
9330	-45.61163	-218.3967	172.7851	1.463515
9336	-44.66322	-217.2207	172.5575	1.631684
9342	-48.6697	-222.0901	173.4204	0.9062305
9348	-45.09443	-217.7189	172.6245	1.583091
9354	-50.0214	-222.1486	172.1272	1.931108
9360	-42.78845	-215.7034	172.9149	1.363044
9366	-42.16009	-215.3597	173.1996	1.124546
9372	-50.25902	-223.016	172.757	1.484756
9378	-44.36304	-217.6333	173.2703	1.059283
9384	-37.33743	-209.9626	172.6252	1.582551
9390	-36.9608	-210.0979	173.1371	1.179718
9396	-41.25922	-214.2753	173.0161	1.281672
9402	-43.0575	-216.4307	173.3732	0.9571638
9408	-41.32019	-213.9347	172.6145	1.590354
9414	-47.53107	-220.3631	172.832	1.427631
9420	-47.44551	-220.1461	172.7005	1.527033
9426	-54.54939	-227.614	173.0646	1.241497
9432	-45.11515	-217.625	172.5099	1.665894
9438	-51.36687	-224.691	173.3241	1.007121
9444	-50.05764	-222.8178	172.7602	1.482359
9450	-44.50392	-217.0147	172.5108	1.66525
9456	-49.32526	-222.2917	172.9665	1.321971
9462	-55.376	-228.0137	172.6377	1.573392
9468	-52.02703	-224.7776	172.7506	1.489624
9474	-40.8689	-213.6195	172.7506	1.489624
9480	-39.61257	-212.6267	173.0141	1.283291
9486	-35.47632	-208.4904	173.0141	1.283291
9492	-45.21101	-218.0317	172.8207	1.436317
9498	-49.329	-222.3681	173.0391	1.262691
9504	-55.16657	-228.1231	172.9565	1.329977
9510	-43.95533	-216.4317	172.4764	1.689728
9516	-54.18011	-226.8339	172.6538	1.561584
9522	-46.28558	-219.7846	173.4991	0.811966
9528	-46.23423	-219.1759	172.9417	1.341817
9534	-44.25116	-217.1928	172.9417	1.341817
9540	-47.28944	-220.2311	172.9417	1.341817
9546	-46.2041	-219.1146	172.9105	1.366536
9552	-47.2781	-220.2372	172.959	1.327925
9558	-54.42613	-227.3852	172.959	1.327925
9564	-47.40549	-220.3105	172.905	1.370881
9570	-43.09715	-216.1464	173.0493	1.254279
9576	-46.34074	-219.0409	172.7002	1.527299
9582	-61.922	-234.2302	172.3082	1.807547
9588	-49.67391	-222.8008	173.1269	1.188596
9594	-38.3502	-211.5076	173.1574	1.162059
9600	-37.12967	-210.287	173.1574	1.162059
9606	-36.83705	-209.9944	173.1574	1.162059
9612	-36.20936	-209.5471	173.3377	0.9935632
9618	-42.63825	-215.1944	172.5561	1.632678
9624	-32.82246	-205.4317	172.6092	1.594227
9630	-43.07602	-215.9191	172.843	1.419152
9636	-44.95034	-217.7317	172.7813	1.46639
9642	-43.31562	-215.3468	172.0312	1.995485
9648	-38.27663	-210.7489	172.4723	1.692651
9654	-35.07351	-207.3222	172.2487	1.848449
9660	-34.73868	-207.976	173.2373	1.090123
9666	-27.83286	-201.0702	173.2373	1.090123
9672	-32.19941	-204.719	172.5195	1.658972
9678	-39.81606	-213.065	173.2489	1.079355
9684	-39.76216	-213.135	173.3729	0.957465
9690	-40.36837	-212.7299	172.3616	1.770488
9696	-44.91528	-217.9024	172.9871	1.305307
9702	-50.84214	-222.7781	171.936	2.058698
9708	-39.80044	-212.638	172.8376	1.423344
9714	-53.46622	-226.4054	172.9392	1.34379
9720	-59.31333	-232.0824	172.769	1.475678
9726	-53.15899	-224.8829	171.7239	2.197301
9732	-49.54796	-222.5221	172.9742	1.315756
9738	-49.11658	-221.7746	172.658	1.558491
9744	-52.72691	-225.0111	172.2842	1.824057
9750	-45.54291	-218.5946	173.0517	1.25226
9756	-45.43352	-218.1425	172.709	1.52075
9762	-42.21724	-214.8791	172.6618	1.555688
9768	-43.3317	-216.3514	173.0197	1.278752
9774	-39.46014	-212.3157	172.8555	1.409496
9780	-47.47448	-220.7789	173.3044	1.026553
9786	-42.94316	-215.8828	172.9396	1.343437
9792	-47.88561	-221.3521	173.4665	0.8527458
9798	-42.47593	-215.862	173.386	0.943593
9804	-48.00743	-220.9496	172.9421	1.34146
9810	-61.83101	-234.725	172.894	1.379522
9816	-63.50492	-235.9875	172.4826	1.685329
9822	-59.39343	-232.1281	172.7346	1.501576
9828	-64.0143	-236.3214	172.307	1.808316
9834	-73.10033	-245.2048	172.1045	1.946378
9840	-58.84579	-231.5976	172.7518	1.488707
9846	-62.61207	-234.1199	171.5078	2.335954
9852	-60.62234	-233.3446	172.7223	1.510812
9858	-75.22795	-248.1891	172.9611	1.326266
9864	-79.17823	-251.2088	172.0306	1.995903
9870	-72.166	-244.4257	172.2597	1.840931
9876	-40.55535	-213.0345	172.4791	1.687801
9882	-44.40032	-217.4328	173.0325	1.268195
9888	-42.1927	-215.0047	172.812	1.442997
9894	-47.6461	-219.8063	172.1602	1.908784
9900	-38.09468	-211.3008	173.2061	1.118615
9906	-48.36439	-220.9546	172.5902	1.608058
9912	-58.24684	-230.2426	171.9957	2.019104
9918	-52.59426	-225.1917	172.5974	1.602789
9924	-57.26735	-229.8648	172.5974	1.602789
9930	-49.06563	-222.3595	173.2939	1.036723
9936	-47.75297	-220.3043	172.5513	1.636142
9942	-68.16937	-240.6395	172.4701	1.694201
9948	-52.0281	-225.2223	173.1942	1.129383
9954	-59.27887	-232.1489	172.87	1.398265
9960	-51.83951	-224.5427	172.7031	1.5251
9966	-40.07385	-213.2436	173.1697	1.15116
9972	-38.57613	-211.5827	173.0066	1.289448
9978	-43.65729	-215.7685	172.1112	1.941834
9984	-34.3733	-206.904	172.5307	1.650985
9990	-58.66236	-231.7575	173.0952	1.215725
9996	-64.8076	-237.7575	172.9499	1.335234
10002	-65.22788	-237.8848	172.657	1.559269
10008	-52.51448	-225.7646	173.2501	1.078291
10014	-54.28711	-226.1626	171.8755	2.098509
10020	-49.71288	-222.7463	173.0334	1.26741
10026	-53.28047	-225.7868	172.5063	1.668413
10032	-55.38133	-228.352	172.9707	1.318559
10038	-42.96579	-216.2853	173.3195	1.011749
10044	-51.56105	-224.2391	172.6781	1.5437
10050	-48.68645	-221.263	172.5766	1.61794
10056	-43.73445	-217.0544	173.3199	1.011309
10062	-49.1635	-221.6309	172.4674	1.696121
10068	-59.22687	-231.9318	172.705	1.523738
10074	-58.95447	-231.7986	172.8442	1.418269
10080	-65.11004	-238.4713	173.3612	0.9695852
10086	-53.46973	-226.6397	173.17	1.150929
10092	-56.23084	-228.5987	172.3679	1.766071
10098	-61.40269	-234.5335	173.1308	1.185191
10104	-51.63142	-224.3594	172.7279	1.506605
10110	-44.65544	-217.3834	172.7279	1.506605
10116	-44.24796	-217.1596	172.9117	1.365597
10122	-47.77198	-220.3273	172.5553	1.633302
10128	-40.79424	-213.7237	172.9295	1.351517
10134	-54.83725	-227.5707	172.7334	1.502511
10140	-51.01382	-222.9684	171.9546	2.046369
10146	-59.91477	-232.1054	172.1907	1.888096
10152	-54.91018	-227.8486	172.9384	1.344396
10158	-51.41855	-223.5669	172.1484	1.916787
10164	-48.69402	-221.6866	172.9926	1.300844
10170	-46.46851	-219.2306	172.7621	1.480929
10176	-46.74556	-219.2133	172.4677	1.695866
10182	-46.71768	-219.1854	172.4677	1.695866
10188	-40.39407	-213.2425	172.8485	1.414968
10194	-63.55539	-235.6423	172.0869	1.958201
10200	-38.62977	-210.6454	172.0157	2.005845
10206	-43.36977	-215.6242	172.2544	1.844547
10212	-47.7763	-220.5625	172.7862	1.462675
10218	-39.74961	-212.745	172.9953	1.298617
10224	-46.78806	-220.4069	173.6189	0.6046692
10230	-42.11336	-215.29	173.1766	1.145071
10236	-41.18999	-214.2441	173.0541	1.250264
10242	-41.47489	-214.2872	172.8123	1.442759
10248	-47.3125	-220.7297	173.4172	0.9097036
10254	-46.88646	-219.9818	173.0954	1.215573
10260	-37.83774	-210.9951	173.1573	1.162087
10266	-32.94896	-205.9096	172.9607	1.326629
10272	-49.54767	-222.1694	172.6217	1.585091
10278	-37.72958	-210.4895	172.7599	1.482554
10284	-39.25099	-212.0109	172.7599	1.482554
10290	-45.61312	-217.2921	171.679	2.226332
10296	-40.82449	-213.4432	172.6187	1.587294
10302	-48.52783	-221.7484	173.2206	1.105473
10308	-41.71818	-214.2931	172.5749	1.619152
10314	-36.97149	-209.9596	172.9881	1.304467
10320	-54.25174	-226.52	172.2682	1.835055
10326	-48.72829	-221.2903	172.562	1.628472
10332	-49.80084	-222.4459	172.6451	1.568023
10338	-54.20522	-227.1559	172.9507	1.33463
10344	-49.32507	-222.3764	173.0513	1.252617
10350	-53.95847	-226.3501	172.3917	1.749462
10356	-55.83279	-228.5026	172.6698	1.549817
10362	-44.3839	-216.606	172.2221	1.866639
10368	-46.01796	-218.1954	172.1775	1.897049
10374	-66.45578	-238.7641	172.3083	1.807455
10380	-67.63999	-240.1756	172.5357	1.64742
10386	-73.9747	-246.5104	172.5357	1.64742
10392	-59.60047	-232.3259	172.7255	1.50846
10398	-39.20984	-212.5094	173.2996	1.031206
10404	-65.60371	-238.2763	172.6726	1.547733
10410	-63.67866	-235.2027	171.524	2.325643
10416	-52.97799	-225.7194	172.7414	1.496477
10422	-56.70671	-229.32	172.6133	1.591283
10428	-45.89323	-218.7532	172.8599	1.406087
10434	-45.88943	-218.8538	172.9643	1.323685
10440	-50.16213	-222.3306	172.1684	1.903197
10446	-39.83082	-213.0149	173.1841	1.13838
10452	-45.90039	-218.4749	172.5745	1.61943
10458	-54.1877	-226.8716	172.6839	1.539351
10464	-48.31108	-220.8856	172.5745	1.619396
10470	-47.04324	-219.6178	172.5745	1.619396
10476	-45.33422	-218.4259	173.0917	1.218682
10482	-37.24204	-209.76	172.518	1.660081
10488	-51.91676	-223.8073	171.8906	2.088611
10494	-46.82087	-219.7902	172.9693	1.319676
10500	-41.38726	-214.4348	173.0475	1.255726
10506	-44.58279	-217.4103	172.8275	1.431087
10512	-44.65359	-217.4811	172.8275	1.431087
10518	-44.0498	-217.0331	172.9833	1.308395
10524	-54.15862	-226.6466	172.488	1.681485
10530	-52.38823	-224.8762	172.488	1.681485
10536	-62.46824	-234.831	172.3628	1.769643
10542	-49.49315	-221.8652	172.372	1.763204
10548	-45.00567	-217.4937	172.488	1.681489
10554	-59.22991	-231.8642	172.6342	1.575946
10560	-53.71112	-226.4251	172.714	1.516992
10566	-51.65884	-224.7449	173.0861	1.223431
10572	-60.15357	-232.495	172.3414	1.784487
10578	-53.07002	-225.7023	172.6323	1.577355
10584	-42.71869	-216.3066	173.5879	0.6756393
10590	-37.4274	-209.8775	172.4501	1.708371
10596	-57.64185	-230.2114	172.5696	1.622975
10602	-49.47852	-222.0647	172.5862	1.61099
10608	-42.74858	-215.4446	172.696	1.530404
10614	-36.21043	-209.6074	173.3969	0.9319057
10620	-40.87039	-213.8166	172.9462	1.338185
10626	-41.23964	-214.4213	173.1816	1.140592
10632	-43.44552	-216.6374	173.1919	1.131477
10638	-36.33267	-208.876	172.5433	1.641904
10644	-42.75315	-215.2965	172.5433	1.641904
10650	-36.16901	-208.9757	172.8067	1.447085
10656	-38.75222	-211.6674	172.9152	1.362819
10662	-44.00013	-216.8569	172.8568	1.408497
10668	-53.64483	-227.1999	173.5551	0.7323627
10674	-58.38741	-232.0047	173.6173	0.6091105
10680	-36.89472	-210.0078	173.1131	1.200451
10686	-34.33873	-207.4205	173.0818	1.227068
10692	-42.92847	-215.7229	172.7945	1.456382
10698	-43.26989	-215.7477	172.4778	1.688738
10704	-44.0176	-216.5721	172.5545	1.633854
10710	-55.12302	-228.4557	173.3327	0.9986034
10716	-59.51851	-231.6883	172.1698	1.902241
10722	-54.73947	-227.5849	172.8455	1.417272
10728	-52.76378	-225.5119	172.7481	1.491442
10734	-54.0467	-227.152	173.1053	1.20709
10740	-48.57617	-222.0061	173.43	0.8954417
10746	-42.90305	-215.8272	172.9242	1.355736
10752	-40.25734	-213.7885	173.5312	0.7681712
10758	-33.94845	-207.4335	173.485	0.8298941
10764	-29.1541	-202.2862	173.1321	1.184102
10770	-23.91166	-197.3346	173.423	0.9033055
10776	-36.08032	-208.7355	172.6552	1.560548
10782	-31.91645	-204.8375	172.9211	1.35817
10788	-37.30635	-210.5686	173.2623	1.066846
10794	-35.32314	-208.5221	173.199	1.125089
10800	-37.89826	-211.2753	173.377	0.9531582
10806	-37.92101	-210.7585	172.8375	1.423414
10812	-49.34157	-222.2602	172.9186	1.3601
10818	-45.97755	-218.8959	172.9183	1.360365
10824	-52.61631	-225.8106	173.1943	1.129308
10830	-48.58421	-221.7845	173.2003	1.123886
10836	-52.17879	-224.347	172.1682	1.903365
10842	-47.9646	-221.284	173.3194	1.011862
10848	-49.65726	-222.62	172.9627	1.32496
10854	-49.49182	-222.1218	172.63	1.579036
10860	-51.87132	-224.8884	173.0171	1.280851
10866	-44.52564	-217.2373	172.7116	1.51877
10872	-45.27209	-218.3646	173.0925	1.217978
10878	-44.35176	-216.8339	172.4822	1.685616
10884	-37.39917	-210.7589	173.3598	0.9710927
10890	-36.56183	-209.3037	172.7419	1.49612
10896	-41.85375	-214.5378	172.6841	1.539247
10902	-39.91543	-213.0739	173.1585	1.161048
10908	-46.18	-218.6939	172.5139	1.663038
10914	-39.70039	-212.9043	173.2039	1.120626
10920	-45.97238	-219.1763	173.2039	1.120626
10926	-45.89519	-219.5033	173.6081	0.632773
10932	-42.52257	-215.3959	172.8734	1.395643
10938	-55.73382	-228.0588	172.325	1.795892
10944	-48.55313	-221.7245	173.1713	1.149746
10950	-51.46195	-224.2805	172.8186	1.437974
10956	-52.06229	-224.6802	172.6179	1.587883
10962	-52.29648	-225.2454	172.9489	1.336038
10968	-56.22183	-228.8531	172.6313	1.578138
10974	-50.08715	-222.7625	172.6753	1.545728
10980	-39.87695	-212.699	172.822	1.435336
10986	-52.69211	-225.8812	173.189	1.133998
10992	-56.07941	-228.9944	172.915	1.362953
10998	-50.7174	-223.7956	173.0782	1.230061
11004	-47.92959	-221.2611	173.3315	0.9997547
11010	-45.54421	-218.71	173.1658	1.154605
11016	-37.02559	-209.886	172.8604	1.405692
11022	-44.09158	-216.952	172.8604	1.405692
11028	-36.69395	-209.5544	172.8604	1.405692
11034	-56.63532	-229.4674	172.8321	1.42756
11040	-58.52263	-231.2853	172.7627	1.480505
11046	-60.35083	-233.2907	172.9399	1.343231
11052	-57.62859	-230.2323	172.6038	1.598208
11058	-54.55217	-226.8034	172.2513	1.846715
11064	-70.29864	-242.7649	172.4663	1.6969
11070	-54.55698	-227.9122	173.3552	0.9757942
11076	-54.07353	-227.3385	173.265	1.064309
11082	-53.53068	-225.2705	171.7398	2.187006
11088	-57.2421	-230.2077	172.9656	1.322674
11094	-52.8793	-225.6567	172.7774	1.469318
11100	-47.43812	-220.2652	172.8271	1.431415
11106	-49.72704	-222.0418	172.3147	1.803002
11112	-57.01766	-228.6197	171.602	2.275787
11118	-61.94382	-233.5459	171.602	2.275787
11124	-49.79006	-222.3176	172.5275	1.653246
11130	-43.89881	-216.262	172.3632	1.769345
11136	-43.65073	-216.4085	172.7577	1.48422
11142	-47.26962	-219.9858	172.7161	1.515411
11148	-44.54198	-217.3856	172.8436	1.418701
11154	-47.11041	-219.3736	172.2632	1.838509
11160	-48.91105	-221.7096	172.7985	1.453295
11166	-46.12071	-218.1136	171.9929	2.020993
11172	-53.4417	-226.5761	173.1344	1.182104
11178	-48.69222	-221.4354	172.7432	1.495168
11184	-45.02892	-218.3109	173.2819	1.048215
11190	-43.85043	-216.9767	173.1263	1.189104
11196	-35.01696	-208.2136	173.1967	1.127147
11202	-32.42542	-205.2477	172.8223	1.435123
11208	-31.55017	-204.7659	173.2157	1.10991
11214	-40.17888	-213.6074	173.4286	0.8970182
11220	-42.58734	-215.1384	172.551	1.636368
11226	-46.22779	-218.7459	172.5182	1.659963
11232	-49.20476	-222.0623	172.8575	1.407947
11238	-53.08962	-225.4103	172.3207	1.798867
11244	-54.39479	-226.88	172.4852	1.683467
11250	-55.55324	-227.913	172.3598	1.771722
11256	-48.90142	-222.2985	173.3971	0.9317198
11262	-52.99617	-226.0729	173.0767	1.231355
11268	-49.31573	-222.2437	172.928	1.35268
11274	-38.94538	-211.8775	172.9321	1.349434
11280	-53.72695	-226.9459	173.2189	1.106998
11286	-55.28341	-227.188	171.9046	2.07935
11292	-52.72671	-225.033	172.3063	1.808859
11298	-48.82816	-222.035	173.2068	1.118002
