Iteration	Posterior	Likelihood	Prior	gain_loss_ratio	tree_length
0	-3620.555	-3784.507	163.9518	0.9666093	6.155628
6	-3610.677	-3774.723	164.0465	0.9111171	6.134227
12	-3609.304	-3773.226	163.922	0.9828088	6.163062
18	-3603.07	-3767.383	164.3123	0.9828088	5.950316
24	-3607.872	-3772.133	164.2602	0.9806883	5.979944
30	-3604.695	-3769.183	164.4876	0.9370571	5.879539
36	-3597.812	-3761.832	164.0205	0.9697028	6.116587
42	-3603.2	-3767.58	164.3804	0.9697028	5.920329
48	-3613.249	-3776.717	163.4676	1.085335	6.354297
54	-3605.669	-3769.914	164.2453	0.8660197	6.050337
60	-3602.985	-3767.275	164.2894	0.9369399	5.987841
66	-3612.408	-3776.632	164.2235	0.8938003	6.047214
72	-3612.787	-3776.893	164.1062	0.9057196	6.104674
78	-3601.971	-3766.282	164.3106	1.014664	5.933855
84	-3597.734	-3762.279	164.545	0.8694347	5.884953
90	-3614.192	-3777.665	163.4731	0.9916774	6.402107
96	-3608.304	-3771.942	163.6383	0.9439333	6.338356
102	-3618.813	-3783.759	164.9469	0.8967025	5.650098
108	-3605.533	-3770.308	164.7758	0.9653637	5.706403
114	-3601.512	-3765.96	164.4477	1.072409	5.827444
120	-3623.692	-3788.535	164.843	0.8283329	5.744083
126	-3615.911	-3780.164	164.2529	0.9474078	6.00208
132	-3613.324	-3777.739	164.4146	0.9474078	5.913815
138	-3609.956	-3773.742	163.786	0.8732477	6.296335
144	-3603.606	-3767.314	163.7079	1.018593	6.260027
150	-3617.596	-3781.732	164.1363	0.977873	6.049028
156	-3604.516	-3768.681	164.1653	0.948903	6.049028
162	-3603.576	-3768.067	164.4914	0.9997719	5.843216
168	-3609.778	-3774.274	164.4957	0.9947201	5.843618
174	-3611.119	-3775.771	164.6528	1.028369	5.739275
180	-3604.686	-3769.536	164.8497	1.028369	5.631297
186	-3600.974	-3765.854	164.8797	0.9819923	5.640292
192	-3605.724	-3770.091	164.3662	0.9528932	5.937247
198	-3621.551	-3785.928	164.3771	0.9461802	5.934967
204	-3612.138	-3775.621	163.4832	1.028385	6.376714
210	-3608.309	-3772.93	164.6205	1.011555	5.766164
216	-3601.876	-3766.493	164.617	0.9593956	5.796578
222	-3605.982	-3770.795	164.8137	0.9358721	5.701743
228	-3615.964	-3780.238	164.2735	0.9751902	5.975689
234	-3616.286	-3780.329	164.0423	1.000871	6.087728
240	-3611.65	-3775.823	164.1729	1.000871	6.016567
246	-3612.617	-3777.652	165.0357	0.9468256	5.573936
252	-3611.148	-3774.796	163.6481	1.004662	6.300047
258	-3608.241	-3772.551	164.3106	1.004662	5.939363
264	-3622.012	-3786.006	163.9943	1.015941	6.105659
270	-3611.573	-3776.284	164.7105	0.8465536	5.806764
276	-3602.793	-3766.969	164.1755	0.9661375	6.034056
282	-3612.203	-3776.379	164.1755	0.9661375	6.034056
288	-3615.219	-3779.36	164.141	1.000606	6.034056
294	-3616.371	-3780.079	163.7078	1.000606	6.269851
300	-3604.907	-3768.697	163.7904	0.9564208	6.248957
306	-3618.023	-3782.274	164.2506	0.9906048	5.979779
312	-3608.806	-3773.032	164.2259	0.9755204	6.001472
318	-3608.372	-3772.192	163.8202	0.9755204	6.22237
324	-3604.056	-3768.284	164.2272	0.9985065	5.988193
330	-3601.403	-3764.857	163.4532	0.9790497	6.419737
336	-3611.217	-3774.984	163.7677	1.051426	6.209691
342	-3607.878	-3771.666	163.7879	1.031203	6.209691
348	-3621.431	-3785.134	163.7033	1.116044	6.209691
354	-3612.058	-3776.502	164.444	1.098134	5.815459
360	-3621.605	-3785.601	163.9953	1.044394	6.089618
366	-3614.434	-3778.605	164.1716	0.8676561	6.089618
372	-3610.349	-3774.361	164.0128	1.027964	6.08905
378	-3609.632	-3773.763	164.1311	0.9497031	6.06721
384	-3607.164	-3771.114	163.9496	1.064329	6.103675
390	-3604.873	-3769.244	164.3707	1.04066	5.886847
396	-3603.879	-3768.25	164.3707	1.04066	5.886847
402	-3611.88	-3775.916	164.0362	0.9624948	6.111969
408	-3607.085	-3771.121	164.0356	0.9630762	6.111969
414	-3611.513	-3775.334	163.8211	0.9630762	6.228637
420	-3610.193	-3775.001	164.8078	0.9630762	5.690068
426	-3601.168	-3765.82	164.6522	0.8822243	5.819385
432	-3612.393	-3776.856	164.4635	0.9522581	5.884437
438	-3603.468	-3768.265	164.7971	0.9522581	5.701877
444	-3610.79	-3775.151	164.3612	0.9980611	5.915336
450	-3605.734	-3770.025	164.2911	1.062199	5.918576
456	-3609.637	-3773.795	164.1577	0.9814624	6.035396
462	-3605.807	-3770.248	164.4409	1.043134	5.847146
468	-3611.922	-3775.976	164.0544	0.9219076	6.124065
474	-3620.576	-3784.361	163.7849	1.084462	6.182412
480	-3627.22	-3791.212	163.9917	0.8771285	6.182412
486	-3620.832	-3784.972	164.1404	0.9398059	6.067536
492	-3613.588	-3777.729	164.1404	0.9398059	6.067536
498	-3609.172	-3773.269	164.0973	1.039804	6.036519
504	-3621.253	-3785.226	163.9729	0.9026862	6.178833
510	-3611.536	-3775.02	163.4841	1.128733	6.321922
516	-3606.595	-3771.258	164.6633	0.9524097	5.775092
522	-3600.093	-3763.955	163.8617	0.9853719	6.194455
528	-3618.421	-3782.642	164.221	0.9853719	5.998777
534	-3611.219	-3775.668	164.4486	0.967022	5.884539
540	-3614.679	-3779.146	164.4667	0.8903843	5.916374
546	-3606.798	-3771.152	164.354	1.003277	5.916374
552	-3611.025	-3774.917	163.8919	0.9197185	6.213713
558	-3610.669	-3774.787	164.1174	0.9632531	6.067273
564	-3609.81	-3774.54	164.7294	0.9632531	5.73294
570	-3616.94	-3781.15	164.2101	0.9659104	6.015333
576	-3621.153	-3785.606	164.4528	0.9615784	5.885196
582	-3620.761	-3784.68	163.9191	1.025564	6.14138
588	-3612.851	-3777.252	164.4006	0.975053	5.906355
594	-3613.898	-3777.578	163.6801	0.975053	6.29875
600	-3601.446	-3766.23	164.7839	0.9220015	5.725664
606	-3608.006	-3772.916	164.9099	1.007623	5.609669
612	-3601.361	-3766.278	164.9166	1.000917	5.609669
618	-3598.057	-3763.009	164.952	0.9654921	5.609669
624	-3599.026	-3762.659	163.6329	1.067162	6.274408
630	-3605.939	-3769.471	163.5312	0.9659239	6.384524
636	-3605.325	-3770.017	164.6916	0.9957131	5.73589
642	-3610.026	-3774.163	164.1371	0.9251283	6.077309
648	-3604.93	-3769.917	164.9865	0.8865835	5.633873
654	-3608.498	-3772.313	163.8153	1.020941	6.200341
660	-3606.592	-3771.139	164.5463	0.9055496	5.864636
666	-3615.884	-3780.316	164.4318	1.020261	5.864636
672	-3613.222	-3777.845	164.6225	0.9415647	5.803354
678	-3601.736	-3766.751	165.0148	0.8541284	5.635973
684	-3612.233	-3776.483	164.2504	0.8328025	6.065386
690	-3606.637	-3771.169	164.5324	0.8436464	5.905742
696	-3610.9	-3775.248	164.3482	1.028562	5.905742
702	-3614.793	-3779.1	164.3067	1.133916	5.871059
708	-3621.183	-3785.206	164.0231	0.9497522	6.126033
714	-3609.874	-3773.826	163.9519	1.020931	6.126033
720	-3618.333	-3782.361	164.0277	0.9451165	6.126033
726	-3619.897	-3784.41	164.5131	0.8644045	5.905089
732	-3610.238	-3774.346	164.1076	0.9288124	6.091375
738	-3602.785	-3767.369	164.5841	0.943299	5.823383
744	-3618.127	-3783.472	165.3446	0.943299	5.405942
750	-3625.803	-3790.255	164.4524	0.9914043	5.869146
756	-3608.647	-3773.177	164.5301	0.9135425	5.869146
762	-3613.855	-3778.47	164.6155	0.9173264	5.820364
768	-3596.024	-3760.5	164.4761	1.056907	5.820364
774	-3604.186	-3768.798	164.6118	1.056907	5.746113
780	-3614.483	-3778.866	164.3829	0.9661651	5.920855
786	-3608.495	-3772.684	164.1894	0.9130567	6.055329
792	-3614.3	-3779.336	165.0362	1.040296	5.522316
798	-3615.103	-3779.483	164.3799	1.030812	5.887223
804	-3614.502	-3779.441	164.9386	0.8205758	5.695851
810	-3616.488	-3780.796	164.3084	0.8205758	6.04029
816	-3607.238	-3771.914	164.6762	0.8058835	5.847353
822	-3609.591	-3774.821	165.2306	0.858621	5.515025
828	-3618.738	-3784.149	165.4109	0.9065145	5.389634
834	-3610.386	-3775.319	164.9328	0.9110821	5.650009
840	-3615.867	-3780.8	164.9328	0.9110821	5.650009
846	-3622.265	-3787.316	165.0509	0.9493922	5.564212
852	-3625.07	-3789.262	164.1919	1.052693	5.977912
858	-3598.867	-3763.102	164.2356	1.009033	5.977912
864	-3612.804	-3777.336	164.532	0.9341933	5.856877
870	-3615.678	-3780.34	164.6623	0.9791454	5.761017
876	-3623.221	-3787.662	164.4404	1.020272	5.859918
882	-3605.276	-3769.424	164.1485	1.020272	6.019296
888	-3603.788	-3768.056	164.2681	0.9804382	5.975757
894	-3616.191	-3780.814	164.6227	0.9281437	5.810579
900	-3599.306	-3763.928	164.6227	0.9281437	5.810579
906	-3619.369	-3783.519	164.1498	1.075338	5.988588
912	-3608.378	-3772.645	164.2667	0.9228518	6.007914
918	-3609.68	-3773.803	164.1229	1.066764	6.007914
924	-3610.428	-3774.776	164.3482	1.056473	5.890516
930	-3600.895	-3764.952	164.0575	0.98087	6.090352
936	-3605.918	-3770.756	164.8375	0.9001573	5.708178
942	-3601.281	-3765.845	164.5646	1.019738	5.792282
948	-3611.144	-3775.437	164.2933	0.9366198	5.985902
954	-3601.576	-3765.829	164.2528	0.9816025	5.983447
960	-3614.757	-3778.834	164.077	0.9695446	6.085884
966	-3605.713	-3769.785	164.072	0.974539	6.085884
972	-3607.949	-3772.038	164.089	0.9575169	6.085884
978	-3615.173	-3780.183	165.0102	0.9575169	5.582102
984	-3612.994	-3777.514	164.5197	0.9790655	5.839081
990	-3605.338	-3769.055	163.7176	0.9481011	6.293038
996	-3618.038	-3782.553	164.5154	1.044526	5.805637
1002	-3619.43	-3783.511	164.0818	1.01211	6.060101
1008	-3620.64	-3784.801	164.1607	0.9331604	6.060101
1014	-3608.433	-3772.917	164.4844	0.9331604	5.883445
1020	-3607.747	-3772.048	164.301	0.8820588	6.011294
1026	-3621.283	-3785.813	164.5307	0.8584251	5.898662
1032	-3621.397	-3785.02	163.6232	0.8847245	6.378516
1038	-3607.092	-3771.686	164.5936	0.8070273	5.891871
1044	-3607.335	-3772.238	164.9035	0.7830848	5.735009
1050	-3606.197	-3770.494	164.2974	0.8620123	6.024076
1056	-3604.049	-3768.31	164.2615	0.8982362	6.024076
1062	-3607.916	-3772.466	164.5507	0.9701918	5.82695
1068	-3607.662	-3772.603	164.9403	0.9877267	5.603862
1074	-3596.781	-3761.517	164.7359	0.9594755	5.731439
1080	-3602.856	-3767.081	164.2247	0.8771373	6.055586
1086	-3604.889	-3769.095	164.2063	0.8956032	6.055586
1092	-3609.93	-3774.372	164.4414	0.9019898	5.923885
1098	-3602.168	-3766.779	164.6117	0.8801	5.842685
1104	-3608.73	-3772.739	164.0086	0.9563994	6.130288
1110	-3596.839	-3760.672	163.8327	1.075375	6.161302
1116	-3601.593	-3765.587	163.9936	0.8715972	6.18435
1122	-3593.793	-3758.231	164.4374	1.063773	5.837762
1128	-3614.959	-3779.772	164.813	0.8893947	5.727479
1134	-3602.172	-3765.906	163.7333	0.9808399	6.266716
1140	-3600.322	-3764.449	164.1266	1.000979	6.041712
1146	-3613.281	-3777.402	164.1206	1.006986	6.041712
1152	-3611.84	-3776.386	164.5462	0.9876828	5.819849
1158	-3610.902	-3775.536	164.6339	1.050504	5.73748
1164	-3613.253	-3777.879	164.6265	1.057902	5.73748
1170	-3607.13	-3771.649	164.519	0.9680721	5.845479
1176	-3603.774	-3768.256	164.4825	1.035166	5.828718
1182	-3604.305	-3768.864	164.5585	0.9591476	5.828718
1188	-3614.853	-3778.574	163.7208	1.092678	6.212781
1194	-3608.458	-3772.218	163.7604	1.066195	6.205599
1200	-3603.707	-3767.507	163.7994	1.03335	6.202233
1206	-3616.111	-3780.644	164.533	0.9183677	5.864947
1212	-3619.551	-3783.484	163.9332	0.8962877	6.203938
1218	-3608.33	-3772.625	164.2945	0.8962877	6.007123
1224	-3601.971	-3765.968	163.9971	0.9865464	6.12016
1230	-3609.743	-3773.994	164.2514	1.026873	5.959523
1236	-3617.013	-3781.297	164.2849	0.9934246	5.959523
1242	-3608.701	-3773.037	164.3365	0.941786	5.959523
1248	-3623.755	-3788.387	164.6321	0.8594161	5.842725
1254	-3613.381	-3777.563	164.1817	0.9217245	6.054822
1260	-3605.406	-3770.561	165.1541	0.9213219	5.522856
1266	-3604.292	-3769.139	164.8466	1.047923	5.622272
1272	-3610.139	-3774.158	164.0193	0.9505967	6.127614
1278	-3608.311	-3772.29	163.9792	0.9907555	6.127614
1284	-3594.96	-3759.927	164.9674	0.9583818	5.605127
1290	-3611.139	-3775.684	164.5446	0.8510939	5.89502
1296	-3616.849	-3781.061	164.2119	1.008209	5.99128
1302	-3609.721	-3774.413	164.6923	1.024149	5.719931
1308	-3610.362	-3774.304	163.9413	1.000345	6.143013
1314	-3606.408	-3771.124	164.7153	0.8590341	5.797407
1320	-3603.165	-3767.984	164.8182	0.8523716	5.744692
1326	-3616.606	-3780.375	163.7685	1.03211	6.219734
1332	-3610.46	-3773.965	163.5047	1.054559	6.35087
1338	-3612.8	-3777.122	164.3226	1.015695	5.926759
1344	-3629.615	-3794.298	164.6836	1.015695	5.729298
1350	-3608.07	-3771.715	163.6454	0.8980008	6.359327
1356	-3618.462	-3783.365	164.9033	0.8980008	5.673293
1362	-3625.273	-3789.333	164.06	0.9120986	6.126343
1368	-3624.134	-3787.908	163.7735	0.9120986	6.282149
1374	-3636.388	-3800.929	164.5409	1.014821	5.807898
1380	-3618.631	-3782.872	164.241	0.9804548	5.990548
1386	-3616.491	-3780.763	164.2712	0.9804548	5.974079
1392	-3614.147	-3778.22	164.0731	0.9189577	6.115519
1398	-3613.739	-3778.016	164.2765	0.8497377	6.042087
1404	-3608.068	-3772.88	164.812	0.9028986	5.720695
1410	-3614.398	-3779.198	164.8003	0.8797385	5.739711
1416	-3611.812	-3775.417	163.6052	0.9896671	6.331533
1422	-3620.728	-3784.948	164.2196	1.026785	5.97692
1428	-3624.046	-3788.499	164.4526	1.030383	5.847709
1434	-3611.982	-3775.959	163.9774	0.9959842	6.12574
1440	-3607.294	-3771.559	164.2653	1.056468	5.935825
1446	-3617.292	-3781.765	164.4731	1.047929	5.826926
1452	-3611.641	-3775.714	164.0724	1.06333	6.037285
1458	-3607.144	-3771.579	164.435	0.8840175	5.937101
1464	-3606.159	-3770.547	164.3887	0.9305855	5.937101
1470	-3610.602	-3775.087	164.4846	0.9144427	5.893502
1476	-3613.516	-3777.897	164.3804	1.018772	5.893502
1482	-3610.608	-3775.054	164.4464	0.9599413	5.889564
1488	-3617.101	-3781.532	164.4312	0.9751608	5.889564
1494	-3610.665	-3775.387	164.7219	0.9152714	5.763289
1500	-3618.413	-3782.695	164.2817	0.9579392	5.980617
1506	-3616.582	-3781.249	164.6671	0.9902276	5.752299
1512	-3630.437	-3795.408	164.9713	0.992744	5.584097
1518	-3610.159	-3774.885	164.7265	1.031931	5.696905
1524	-3609.483	-3774.086	164.6037	0.9740988	5.79585
1530	-3610.214	-3774.488	164.2737	0.9740988	5.976138
1536	-3615.747	-3779.949	164.2015	0.8784072	6.067525
1542	-3612.307	-3776.265	163.9583	1.025855	6.119858
1548	-3607.571	-3771.875	164.304	1.025855	5.931347
1554	-3604.98	-3769.152	164.1717	0.988509	6.023958
1560	-3592.757	-3757.096	164.339	0.9947843	5.929222
1566	-3607.302	-3772.002	164.6999	1.059882	5.696191
1572	-3604.949	-3769.623	164.6739	1.004415	5.740797
1578	-3607.915	-3772.867	164.9524	0.9887208	5.596675
1584	-3611.922	-3776.034	164.1115	0.9710496	6.066275
1590	-3611.326	-3775.176	163.8497	1.010691	6.187222
1596	-3609.821	-3774.25	164.429	0.9434927	5.908067
1602	-3610.192	-3774.883	164.6912	0.8942975	5.791518
1608	-3598.599	-3763.215	164.6154	0.8527653	5.855479
1614	-3601.647	-3766.251	164.6039	0.972259	5.796733
1620	-3604.342	-3769.16	164.8182	0.972259	5.679367
1626	-3611.731	-3776.48	164.7496	1.009684	5.696464
1632	-3609.204	-3773.364	164.1594	1.005378	6.021469
1638	-3613.7	-3778.14	164.4394	0.8774048	5.938286
1644	-3596.23	-3760.305	164.0753	0.9796108	6.081341
1650	-3610.978	-3775.515	164.5363	0.9796108	5.829682
1656	-3610.707	-3775.034	164.3265	0.9796108	5.944327
1662	-3602.133	-3766.514	164.3808	1.039998	5.881684
1668	-3601.776	-3766.373	164.597	0.8762306	5.852861
1674	-3610.667	-3774.805	164.1381	0.9129096	6.083393
1680	-3611.069	-3775.877	164.8085	0.9129096	5.717161
1686	-3616.569	-3780.528	163.9594	1.070462	6.094994
1692	-3622.665	-3786.743	164.078	0.9292563	6.107262
1698	-3622.187	-3787.187	165.0001	0.8509031	5.645815
1704	-3611.228	-3775.11	163.8826	0.9231792	6.216871
1710	-3635.272	-3799.897	164.6259	1.030548	5.75281
1716	-3618.48	-3783.218	164.7376	1.019147	5.697869
1722	-3615.903	-3779.863	163.9599	1.019147	6.122621
1728	-3611.459	-3776.284	164.8249	0.9805	5.671164
1734	-3612.212	-3776.446	164.2343	0.8555834	6.06196
1740	-3617.152	-3780.857	163.7045	0.8475965	6.35434
1746	-3612.843	-3777.153	164.3107	1.07001	5.903649
1752	-3618.023	-3782.418	164.3949	0.9856877	5.903649
1758	-3622.024	-3786.112	164.088	0.8849075	6.125836
1764	-3614.199	-3778.7	164.501	0.8849075	5.900624
1770	-3622.042	-3786.051	164.0082	1.04134	6.084254
1776	-3613.14	-3777.808	164.6682	0.9962807	5.748384
1782	-3615.37	-3778.952	163.5827	1.056944	6.307221
1788	-3620.019	-3783.709	163.6901	0.9940933	6.282974
1794	-3617.641	-3781.826	164.1845	1.022365	5.998476
1800	-3607.332	-3771.486	164.1543	1.052625	5.998476
1806	-3605.956	-3770.384	164.4284	0.9750632	5.891146
1812	-3611.381	-3775.085	163.7044	1.028384	6.256618
1818	-3606.781	-3771.835	165.0542	0.8144953	5.635698
1824	-3606.747	-3770.494	163.7465	0.9344907	6.284695
1830	-3597.312	-3761.305	163.9932	0.9709781	6.130714
1836	-3611.435	-3775.86	164.4248	0.9074528	5.929971
1842	-3607.573	-3771.968	164.3946	0.9377496	5.929971
1848	-3606.929	-3771.276	164.3468	1.068643	5.884642
1854	-3606.427	-3770.63	164.2032	0.912805	6.047943
1860	-3616.174	-3780.574	164.3997	1.016073	5.884451
1866	-3609.887	-3774.046	164.1587	1.123932	5.957304
1872	-3599.239	-3763.223	163.9839	0.98136	6.13014
1878	-3605.252	-3769.46	164.2084	1.046559	5.97225
1884	-3612.903	-3777.043	164.1398	0.9138933	6.081911
1890	-3602.528	-3767.09	164.562	1.088207	5.756279
1896	-3605.04	-3769.472	164.4314	0.8840165	5.939098
1902	-3603.629	-3768.076	164.4473	0.9020058	5.920637
1908	-3605.091	-3769.303	164.2119	0.8954686	6.05262
1914	-3615.325	-3779.665	164.3394	0.9309131	5.963869
1920	-3617.495	-3781.88	164.3854	0.9309131	5.93874
1926	-3616.255	-3780.804	164.5491	0.8912564	5.87089
1932	-3630.379	-3795.319	164.9395	0.8612359	5.673425
1938	-3619.46	-3784.689	165.2289	0.7687784	5.564081
1944	-3597.097	-3761.483	164.3865	0.9918123	5.904918
1950	-3608.611	-3772.932	164.3214	1.003717	5.933933
1956	-3610.464	-3774.572	164.1072	1.003717	6.050821
1962	-3621.963	-3786.449	164.4862	1.043993	5.821921
1968	-3613.931	-3777.402	163.4715	0.935928	6.43319
1974	-3604.941	-3768.743	163.8014	1.020102	6.20835
1980	-3603.825	-3767.926	164.1017	0.9900083	6.061259
1986	-3612.307	-3776.858	164.5516	0.9900083	5.815622
1992	-3624.924	-3788.599	163.6758	1.089639	6.238934
1998	-3617.137	-3781.299	164.1622	0.9547475	6.047491
2004	-3609.789	-3773.984	164.1951	1.042572	5.981681
2010	-3613.304	-3777.571	164.2666	1.019484	5.955287
2016	-3624.562	-3788.415	163.8528	1.019484	6.180731
2022	-3615.683	-3779.369	163.6855	0.922537	6.324289
2028	-3607.246	-3771.274	164.0289	0.9013752	6.149082
2034	-3610.539	-3774.268	163.7292	1.06929	6.22089
2040	-3619.819	-3783.75	163.931	0.959505	6.170831
2046	-3628.34	-3793.052	164.712	1.15902	5.635461
2052	-3619.045	-3782.675	163.63	1.15902	6.226318
2058	-3621.325	-3784.543	163.2183	0.9947985	6.538497
2064	-3617.759	-3782.519	164.7596	0.92678	5.736349
2070	-3624.829	-3789.017	164.1882	0.92678	6.048551
2076	-3606.176	-3770.09	163.9145	0.9951817	6.160381
2082	-3607.199	-3771.532	164.3338	0.8676622	6.001195
2088	-3606.155	-3770.359	164.204	0.9727396	6.014949
2094	-3613.174	-3777.283	164.109	1.017445	6.042363
2100	-3609.545	-3773.768	164.2232	0.9051619	6.041191
2106	-3606.358	-3770.478	164.1202	1.00835	6.041191
2112	-3607.412	-3771.305	163.8928	0.898469	6.224686
2118	-3614.827	-3779.28	164.4526	0.9095986	5.913627
2124	-3606.762	-3771.359	164.5975	0.9152775	5.831336
2130	-3600.026	-3764.6	164.5743	0.9385967	5.831336
2136	-3600.824	-3765.383	164.5589	0.9005596	5.860483
2142	-3613.756	-3778.322	164.5662	0.893152	5.860483
2148	-3617.203	-3780.582	163.3788	1.071351	6.410039
2154	-3616.935	-3781.559	164.6234	0.9420515	5.802578
2160	-3602.114	-3766.786	164.6727	0.9309944	5.781665
2166	-3618.067	-3781.311	163.2435	1.012706	6.515112
2172	-3606.472	-3770.783	164.3113	1.012706	5.934584
2178	-3603.805	-3768.475	164.6699	0.8514519	5.826361
2184	-3605.15	-3769.216	164.0666	0.9971375	6.076526
2190	-3601.186	-3765.25	164.0641	0.9297827	6.11452
2196	-3603.235	-3767.286	164.0502	0.9437054	6.11452
2202	-3599.042	-3764.146	165.1039	0.8616054	5.583012
2208	-3617.146	-3781.823	164.6763	0.9649933	5.761089
2214	-3614.504	-3779.119	164.6159	1.025433	5.761089
2220	-3614.522	-3778.655	164.1325	0.9650159	6.058097
2226	-3616.479	-3780.424	163.9448	1.067764	6.104406
2232	-3616.472	-3780.534	164.0624	1.067764	6.040347
2238	-3611.263	-3775.786	164.5228	0.9275726	5.865494
2244	-3622.527	-3787.038	164.5104	1.028002	5.817388
2250	-3620.563	-3784.566	164.0029	0.9351122	6.144956
2256	-3616.76	-3781.186	164.4258	0.9660215	5.897512
2262	-3620.433	-3784.843	164.4099	0.9328286	5.924329
2268	-3614.306	-3778.65	164.3445	0.9982346	5.924329
2274	-3603.512	-3767.584	164.0717	0.9576644	6.095211
2280	-3614.82	-3778.576	163.7568	1.059502	6.21119
2286	-3618.265	-3782.619	164.3541	0.881802	5.98247
2292	-3600.7	-3765.054	164.3532	0.9761448	5.931623
2298	-3608.268	-3773.197	164.9284	0.9626071	5.62421
2304	-3604.882	-3769.101	164.2188	0.9626071	6.012366
2310	-3621.618	-3786.198	164.5799	0.9041595	5.847038
2316	-3612.262	-3776.671	164.4083	0.9041595	5.940784
2322	-3616.017	-3780.505	164.4877	0.9041595	5.897412
2328	-3613.056	-3776.935	163.8794	1.133992	6.104153
2334	-3598.362	-3762.344	163.9822	1.010668	6.11514
2340	-3607.113	-3771.482	164.3688	1.008126	5.905675
2346	-3616.736	-3781.286	164.5493	1.008126	5.807015
2352	-3612.385	-3777.949	165.5631	0.8256274	5.349804
2358	-3597.118	-3761.504	164.3864	0.9645013	5.919875
2364	-3595.984	-3760.276	164.2919	0.9772467	5.964526
2370	-3609.086	-3773.768	164.682	0.8749523	5.807065
2376	-3611.535	-3775.545	164.0101	0.9456883	6.135291
2382	-3603.227	-3767.281	164.0544	0.9012269	6.135291
2388	-3603.962	-3769.052	165.0894	0.9644782	5.534755
2394	-3605.808	-3770.092	164.2839	1.019603	5.945781
2400	-3614.053	-3777.684	163.6303	0.9788534	6.323764
2406	-3610.632	-3775.324	164.6919	0.9801438	5.744276
2412	-3605.756	-3769.876	164.1198	0.9492207	6.073637
2418	-3621.235	-3784.911	163.6765	0.9950638	6.289843
2424	-3608.45	-3773.037	164.587	0.9950638	5.793487
2430	-3606.98	-3771.567	164.5867	0.9085126	5.840947
2436	-3602.861	-3767.259	164.3984	0.9223491	5.936308
2442	-3611.618	-3775.736	164.1183	0.9474446	6.075408
2448	-3610.536	-3774.453	163.9171	0.9474446	6.184924
2454	-3615.789	-3779.702	163.9128	0.9178902	6.203294
2460	-3622.546	-3785.906	163.3603	0.9613248	6.479673
2466	-3613.291	-3777.812	164.5206	0.9056501	5.878618
2472	-3613.158	-3777.499	164.3408	1.085765	5.878618
2478	-3604.446	-3768.254	163.8075	0.9686211	6.233041
2484	-3613.214	-3778.155	164.941	0.9398012	5.629785
2490	-3616.518	-3780.63	164.1121	0.8880851	6.110962
2496	-3616.956	-3780.985	164.0287	0.9717759	6.110962
2502	-3617.209	-3781.518	164.3087	0.9667135	5.961098
2508	-3607.049	-3771.846	164.797	0.9691005	5.692709
2514	-3616.204	-3779.939	163.7356	0.9705454	6.271053
2520	-3615.732	-3779.438	163.7063	1.018476	6.260971
2526	-3603.909	-3768.565	164.656	1.046232	5.727716
2532	-3623.263	-3787.777	164.5137	1.012364	5.824153
2538	-3626.673	-3791.252	164.5792	1.020088	5.784103
2544	-3615.872	-3780.555	164.6837	0.915438	5.784103
2550	-3604.068	-3768.388	164.3202	1.008322	5.932117
2556	-3609.203	-3773.411	164.208	1.025779	5.983802
2562	-3616.358	-3780.509	164.1508	1.083116	5.983802
2568	-3602.938	-3767.832	164.8945	0.971317	5.638031
2574	-3604.138	-3769.024	164.8853	0.9805398	5.638031
2580	-3609.863	-3773.977	164.1135	0.9072317	6.099853
2586	-3597.166	-3761.202	164.0359	0.9850132	6.099853
2592	-3617.848	-3781.775	163.927	1.025487	6.137123
2598	-3615.481	-3779.707	164.2259	0.8961897	6.044603
2604	-3598.263	-3762.848	164.5857	0.9212068	5.834575
2610	-3604.303	-3768.43	164.127	0.9323849	6.078844
2616	-3603.586	-3768.275	164.689	0.9323849	5.771947
2622	-3611.026	-3775.426	164.4003	1.028715	5.877192
2628	-3597.475	-3762.578	165.103	0.9157472	5.55398
2634	-3602.732	-3766.81	164.0777	0.9157472	6.114756
2640	-3604.925	-3768.825	163.8995	1.170744	6.073342
2646	-3607.812	-3771.736	163.9241	1.045331	6.127891
2652	-3595.388	-3759.716	164.3286	1.060048	5.899304
2658	-3610.119	-3774.433	164.3145	1.074108	5.899304
2664	-3605.225	-3770.043	164.8183	0.9644692	5.683553
2670	-3619.897	-3784.299	164.4022	1.182658	5.792403
2676	-3623.545	-3787.058	163.5129	1.111381	6.315663
2682	-3606.296	-3770.484	164.1881	1.041091	5.986313
2688	-3613.689	-3778.419	164.7298	1.005517	5.709609
2694	-3606.768	-3770.465	163.6964	1.031308	6.259339
2700	-3601.155	-3765.399	164.2441	1.045643	5.953253
2706	-3594.822	-3759.127	164.3053	1.045643	5.919843
2712	-3603.739	-3767.333	163.5939	1.061513	6.298643
2718	-3606.068	-3770.044	163.9756	1.040808	6.102305
2724	-3605.619	-3769.003	163.3837	1.007656	6.441911
2730	-3613.559	-3777.894	164.335	1.023896	5.915495
2736	-3605.432	-3769.814	164.3821	0.9996741	5.903015
2742	-3619.277	-3783.693	164.4157	1.068755	5.846938
2748	-3614.771	-3778.935	164.1634	1.02286	6.009745
2754	-3607.924	-3772.105	164.1813	1.00492	6.009745
2760	-3605.337	-3769.245	163.9078	1.110357	6.101482
2766	-3600.926	-3765.689	164.7634	0.911101	5.74282
2772	-3611.035	-3775.102	164.0662	0.940989	6.107293
2778	-3610.937	-3774.838	163.9005	0.9217846	6.207918
2784	-3622.476	-3785.768	163.2923	1.115259	6.433234
2790	-3613.129	-3777.063	163.9344	0.9426307	6.178126
2796	-3606.964	-3771.817	164.8535	1.058608	5.612648
2802	-3612.627	-3776.648	164.0208	0.9652968	6.118795
2808	-3613.683	-3777.763	164.0797	0.9682876	6.085094
2814	-3620.599	-3784.739	164.1406	0.9682876	6.051927
2820	-3619.852	-3784.069	164.2173	0.9164888	6.038288
2826	-3626.029	-3790.22	164.1914	0.9164888	6.052381
2832	-3620.795	-3785.32	164.5245	1.059591	5.792426
2838	-3610.675	-3774.893	164.218	1.016729	5.983278
2844	-3621.779	-3786.187	164.4082	0.8325694	5.979472
2850	-3615.259	-3779.667	164.4082	0.8325694	5.979472
2856	-3624.683	-3788.876	164.1936	1.048129	5.979472
2862	-3613.119	-3777.811	164.6919	1.041763	5.710491
2868	-3600.653	-3765.323	164.67	0.9647897	5.764618
2874	-3614.788	-3779.281	164.4931	0.9226553	5.884428
2880	-3610.786	-3774.517	163.7311	0.933537	6.293575
2886	-3612.709	-3776.409	163.6997	0.9540006	6.299569
2892	-3612.331	-3776.565	164.2342	1.23506	5.856098
2898	-3608.95	-3772.98	164.0296	0.9395668	6.127999
2904	-3600.86	-3765.445	164.5856	0.957143	5.815016
2910	-3610.675	-3774.693	164.0173	0.9463822	6.13099
2916	-3613.881	-3778.235	164.3538	0.927602	5.957775
2922	-3614.6	-3778.887	164.2873	0.9941455	5.957775
2928	-3611.801	-3775.881	164.0798	1.027421	6.052808
2934	-3613.84	-3777.836	163.9966	0.9365313	6.147637
2940	-3598.975	-3763.805	164.8301	1.022922	5.645055
2946	-3600.26	-3764.556	164.2964	0.906692	6.000451
2952	-3614.116	-3778.63	164.5145	0.968702	5.847603
2958	-3609.169	-3773.75	164.5809	1.020778	5.782756
2964	-3606.811	-3771.374	164.5631	0.9991832	5.804354
2970	-3606.103	-3770.311	164.2083	1.051073	5.96986
2976	-3604.495	-3768.744	164.2487	0.9518656	6.001928
2982	-3609.101	-3773.45	164.3485	0.9518656	5.947485
2988	-3599.171	-3763.639	164.4682	0.9282453	5.894976
2994	-3606.649	-3771.417	164.7677	0.957358	5.715176
3000	-3620.521	-3784.438	163.9169	0.957358	6.179655
3006	-3613.686	-3777.97	164.2837	0.957358	5.979807
3012	-3604.571	-3768.602	164.0307	1.029279	6.078566
3018	-3610.019	-3774.065	164.0462	0.9049677	6.13775
3024	-3610.724	-3775.126	164.4028	0.9791811	5.902908
3030	-3613.578	-3777.494	163.9158	1.03024	6.140602
3036	-3620.001	-3785.042	165.0412	0.9525469	5.567776
3042	-3618.347	-3782.294	163.9463	1.03439	6.121761
3048	-3611.607	-3775.598	163.9907	1.03439	6.097549
3054	-3609.645	-3773.304	163.6591	1.029587	6.280548
3060	-3610.684	-3775.261	164.5767	0.872167	5.866129
3066	-3609.489	-3773.472	163.983	1.001029	6.119913
3072	-3601.213	-3765.305	164.0917	0.8920789	6.119913
3078	-3606.807	-3770.584	163.7773	1.0336	6.214161
3084	-3611.023	-3775.154	164.1311	1.164088	5.950631
3090	-3619.156	-3783.472	164.3157	0.9788988	5.950631
3096	-3608.409	-3772.249	163.8396	1.012856	6.191537
3102	-3599.92	-3764.369	164.4484	0.9226052	5.908841
3108	-3607.698	-3772.443	164.7455	1.016234	5.695132
3114	-3602.569	-3766.891	164.3218	1.047338	5.909945
3120	-3605.93	-3770.543	164.6123	0.9200281	5.820654
3126	-3604.602	-3768.692	164.09	0.9533071	6.087615
3132	-3612.369	-3777.026	164.657	0.9373618	5.786768
3138	-3624.201	-3788.43	164.2292	1.019523	5.975658
3144	-3612.883	-3777.031	164.1475	1.032128	6.01334
3150	-3606.15	-3770.33	164.1807	0.9989443	6.01334
3156	-3610.77	-3774.395	163.6253	1.072827	6.275481
3162	-3611.61	-3775.119	163.5094	0.9604841	6.399321
3168	-3611.169	-3775.927	164.7581	0.8656771	5.7704
3174	-3616.568	-3781.604	165.0363	0.8656771	5.61795
3180	-3603.573	-3767.74	164.1668	1.098428	5.966754
3186	-3605.038	-3768.858	163.8198	0.9860243	6.216915
3192	-3601.297	-3765.345	164.0486	0.9888551	6.090812
3198	-3600.22	-3763.94	163.7204	1.025368	6.249524
3204	-3601.103	-3765.541	164.4381	0.8586135	5.94917
3210	-3609.518	-3773.322	163.8041	0.9953234	6.220358
3216	-3604.123	-3767.936	163.8137	1.046163	6.187521
3222	-3610.84	-3775.191	164.3502	0.9822983	5.929909
3228	-3609.98	-3774.358	164.3778	0.9822983	5.914833
3234	-3616.506	-3781.057	164.5507	0.8907311	5.870255
3240	-3607.649	-3772.032	164.3831	1.080833	5.858155
3246	-3622.926	-3786.589	163.6631	0.9615568	6.315341
3252	-3611.671	-3776.123	164.4517	0.9406278	5.89721
3258	-3616.954	-3781.411	164.4572	0.9406278	5.894199
3264	-3627.789	-3792.326	164.5374	1.000718	5.81753
3270	-3619.466	-3783.385	163.9196	0.9173931	6.199908
3276	-3621.212	-3784.85	163.6383	1.070197	6.269817
3282	-3621.189	-3785.791	164.6021	0.9158091	5.82854
3288	-3620.981	-3785.072	164.0914	1.028874	6.045694
3294	-3612.976	-3776.929	163.9531	1.014339	6.128943
3300	-3609.42	-3773.608	164.1881	1.008867	6.003877
3306	-3616.244	-3779.747	163.5027	0.9050444	6.43293
3312	-3610.328	-3774.173	163.845	0.9305678	6.233335
3318	-3621.415	-3785.156	163.7409	1.005659	6.249137
3324	-3616.109	-3780.022	163.9131	0.9525105	6.184376
3330	-3613.487	-3777.65	164.1627	0.9602631	6.044254
3336	-3604.183	-3768.87	164.687	0.956534	5.759868
3342	-3605.16	-3769.571	164.4115	0.956534	5.910515
3348	-3596.965	-3761.354	164.3884	0.979599	5.910515
3354	-3599.501	-3763.432	163.9305	0.996677	6.150871
3360	-3608.131	-3772.834	164.7028	0.8695396	5.798596
3366	-3612.21	-3776.9	164.6897	0.8827359	5.798596
3372	-3623.473	-3788.002	164.529	1.043819	5.798596
3378	-3616.892	-3781.296	164.4038	0.9738041	5.905296
3384	-3611.385	-3775.462	164.0767	0.9032894	6.122065
3390	-3604.467	-3768.802	164.3353	0.9502166	5.955557
3396	-3613.749	-3777.513	163.7642	0.9502166	6.266583
3402	-3618.182	-3782.611	164.4284	1.116337	5.814055
3408	-3615.939	-3779.9	163.9609	1.056241	6.101899
3414	-3621.348	-3785.671	164.3226	0.8840257	5.998435
3420	-3622.643	-3787.533	164.8904	0.9146312	5.671325
3426	-3613.667	-3778.247	164.5799	0.9669944	5.812762
3432	-3621.809	-3786.07	164.2611	0.9881005	5.975371
3438	-3608.218	-3772.241	164.0237	0.9390566	6.131497
3444	-3610.423	-3774.532	164.1092	0.9273888	6.091249
3450	-3604.936	-3769.663	164.7268	0.9162165	5.760064
3456	-3608.938	-3772.749	163.8115	0.9712156	6.229447
3462	-3595.22	-3759.024	163.8042	0.9785619	6.229447
3468	-3597.646	-3762.203	164.5566	1.047018	5.781712
3474	-3597.798	-3762.055	164.2568	0.9424054	6.002662
3480	-3598.079	-3761.812	163.7328	1.119918	6.191517
3486	-3607.796	-3772.375	164.5792	0.9635339	5.81504
3492	-3609.609	-3773.895	164.2867	1.0025	5.953572
3498	-3609.024	-3773.189	164.1649	0.9029027	6.07422
3504	-3608.593	-3772.714	164.1207	0.947276	6.07422
3510	-3613.955	-3778.096	164.1411	1.034044	6.015781
3516	-3616.372	-3781.159	164.7871	0.9579062	5.704291
3522	-3611.265	-3775.337	164.0721	1.11381	6.010032
3528	-3615.204	-3778.726	163.5223	1.042989	6.347587
3534	-3618.403	-3782.781	164.3782	0.9966775	5.906803
3540	-3624.196	-3788.901	164.7053	0.9168178	5.771516
3546	-3613.481	-3777.71	164.2288	1.133357	5.913919
3552	-3604.459	-3768.837	164.3775	1.035363	5.886046
3558	-3611.465	-3774.735	163.2697	0.9698005	6.524171
3564	-3601.736	-3765.743	164.0072	1.08375	6.061754
3570	-3606.393	-3770.773	164.3802	1.042277	5.880807
3576	-3604.83	-3768.846	164.0162	0.9268414	6.142219
3582	-3604.293	-3768.191	163.8985	1.044634	6.142219
3588	-3612.693	-3776.613	163.9206	0.9483394	6.182563
3594	-3616.202	-3779.765	163.5621	1.062169	6.31555
3600	-3608.673	-3773.042	164.3693	1.062169	5.875895
3606	-3617.282	-3781.294	164.0122	0.9173316	6.149563
3612	-3613.359	-3777.447	164.0878	0.9783067	6.075241
3618	-3618.459	-3782.52	164.0618	1.004315	6.075241
3624	-3614.289	-3778.581	164.2922	1.004315	5.949554
3630	-3618.873	-3782.979	164.1062	1.112143	5.992341
3636	-3618.574	-3783.378	164.8034	0.9912019	5.677109
3642	-3621.01	-3784.599	163.5893	1.052061	6.306289
3648	-3607.253	-3770.947	163.6941	1.058708	6.24575
3654	-3613.225	-3777.584	164.3591	0.9272156	5.955114
3660	-3606.795	-3771.338	164.5429	0.9272156	5.854682
3666	-3606.49	-3770.521	164.0308	1.025736	6.080453
3672	-3602.822	-3767.186	164.363	0.9698695	5.929699
3678	-3612.883	-3777.318	164.4345	0.9244367	5.915475
3684	-3608.503	-3773.073	164.5695	0.9067829	5.851273
3690	-3621.997	-3786.702	164.7048	1.066718	5.689754
3696	-3617.233	-3781.383	164.1503	0.8967741	6.085465
3702	-3609.365	-3773.935	164.5702	0.9412747	5.83213
3708	-3593.134	-3757.704	164.5702	0.9412747	5.83213
3714	-3601.063	-3764.928	163.8654	1.049903	6.157377
3720	-3609.242	-3773.136	163.894	0.9583334	6.191578
3726	-3605.184	-3769.85	164.6652	0.9015804	5.801775
3732	-3598.857	-3763.768	164.9113	0.9670492	5.631154
3738	-3608.136	-3772.338	164.2026	1.006226	5.997443
3744	-3601.31	-3765.564	164.2541	0.9546585	5.997443
3750	-3608.164	-3772.389	164.2256	1.094792	5.936608
3756	-3599.415	-3763.264	163.8491	1.063268	6.158955
3762	-3613.256	-3777.334	164.0783	1.071491	6.029659
3768	-3611.665	-3776.121	164.4557	0.933639	5.898839
3774	-3604.83	-3769.257	164.427	0.96241	5.898839
3780	-3607.795	-3771.955	164.1605	0.9401985	6.056367
3786	-3607.567	-3771.635	164.0679	1.032856	6.056367
3792	-3603.692	-3768.141	164.449	0.9071717	5.916924
3798	-3616.641	-3780.692	164.0513	1.004228	6.080997
3804	-3613.584	-3777.767	164.1823	0.9354246	6.047093
3810	-3614.454	-3778.372	163.9181	0.9612197	6.176934
3816	-3602.036	-3766.106	164.0699	0.9922791	6.077389
3822	-3600.024	-3763.925	163.9014	1.089612	6.11621
3828	-3610.427	-3775.376	164.9484	1.054938	5.562553
3834	-3605.573	-3770.499	164.9254	0.9169616	5.650846
3840	-3606.253	-3770.843	164.5895	1.005877	5.786227
3846	-3619.258	-3783.488	164.2299	0.8504923	6.0671
3852	-3605.343	-3770.069	164.726	0.9211894	5.757816
3858	-3602.52	-3766.843	164.3227	0.9591378	5.957579
3864	-3607.025	-3771.06	164.0349	0.9362784	6.126913
3870	-3611.753	-3776.512	164.759	1.069264	5.658632
3876	-3602.355	-3767.175	164.8201	0.8685017	5.734907
3882	-3600.115	-3764.296	164.1811	0.9335904	6.048746
3888	-3607.128	-3770.998	163.8699	0.9202945	6.225322
3894	-3613.967	-3778.158	164.1909	1.020291	5.996135
3900	-3613.912	-3778.194	164.282	1.002081	5.956354
3906	-3614.844	-3778.809	163.9645	0.9250153	6.171339
3912	-3615.629	-3779.75	164.1207	1.021482	6.033778
3918	-3614.075	-3777.856	163.7804	1.029845	6.214478
3924	-3597.07	-3761.086	164.0163	1.037164	6.082099
3930	-3607.214	-3771.421	164.2075	1.054102	5.968658
3936	-3603.655	-3767.99	164.3347	0.9004932	5.982945
3942	-3602.445	-3766.245	163.7996	0.9809967	6.230616
3948	-3596.519	-3761.575	165.0561	0.9809967	5.543971
3954	-3603.106	-3767.585	164.4788	1.030648	5.833228
3960	-3598.732	-3763.309	164.5773	0.8996418	5.850892
3966	-3601.668	-3766.061	164.3929	0.9049698	5.948736
3972	-3610.14	-3774.428	164.2883	1.009758	5.948736
3978	-3599.549	-3763.77	164.2205	0.9919047	5.995465
3984	-3609.666	-3774.554	164.8883	0.8981107	5.681467
3990	-3614.688	-3778.142	163.454	1.091071	6.358596
3996	-3608.96	-3772.924	163.9643	0.9255071	6.171192
4002	-3606.442	-3770.552	164.1104	0.9858986	6.058768
4008	-3613.621	-3778.344	164.7226	0.8640119	5.790724
4014	-3611.088	-3775.567	164.4789	1.011068	5.8439
4020	-3608.932	-3773.461	164.5289	0.9610608	5.8439
4026	-3605.853	-3770.185	164.3322	0.9678143	5.947681
4032	-3609.831	-3774.027	164.1963	0.9065546	6.055118
4038	-3611.1	-3775.052	163.9521	0.9747187	6.15106
4044	-3604.541	-3768.96	164.4191	0.9538188	5.907834
4050	-3613.366	-3777.956	164.5895	0.9480052	5.817892
4056	-3605.531	-3769.765	164.2346	1.039945	5.961553
4062	-3606.997	-3771.665	164.6677	1.019825	5.735772
4068	-3599.508	-3764.154	164.6467	1.04731	5.73222
4074	-3603.016	-3767.263	164.2471	0.964778	5.995765
4080	-3596.292	-3760.386	164.0935	1.044574	6.036032
4086	-3611.782	-3775.675	163.8927	1.053874	6.140314
4092	-3604.218	-3768.288	164.0707	0.9610398	6.093937
4098	-3612.276	-3777.254	164.9775	0.8961941	5.633579
4104	-3609.47	-3773.839	164.3689	1.010918	5.904081
4110	-3633.218	-3797.625	164.4068	0.9730226	5.904081
4116	-3618.989	-3783.329	164.3395	1.040312	5.904081
4122	-3616.79	-3781.009	164.2188	1.092072	5.941819
4128	-3616.749	-3781.077	164.3286	0.9821522	5.941819
4134	-3606.064	-3769.657	163.5925	0.9821522	6.342494
4140	-3612.037	-3776.363	164.3262	1.002907	5.931801
4146	-3620.071	-3784.65	164.5782	0.9824938	5.80522
4152	-3604.194	-3768.215	164.0208	1.001905	6.09887
4158	-3606.701	-3771.349	164.6477	0.9135975	5.804823
4164	-3620.441	-3784.387	163.9457	1.045697	6.115903
4170	-3619.695	-3784.448	164.753	1.018056	5.690002
4176	-3604.628	-3768.954	164.3261	1.002983	5.931781
4182	-3613.392	-3778.354	164.9617	0.923754	5.627216
4188	-3628.753	-3792.876	164.123	0.9010804	6.098018
4194	-3619.957	-3784.084	164.1272	0.8760052	6.109307
4200	-3610.168	-3774.688	164.5202	1.057747	5.795783
4206	-3604.774	-3769.092	164.3185	0.9857757	5.945363
4212	-3612.865	-3777.59	164.7253	0.9857757	5.722882
4218	-3603.843	-3767.935	164.0917	0.9986317	6.062016
4224	-3598.177	-3762.897	164.7203	1.025296	5.70394
4230	-3600.629	-3765.036	164.4077	0.9301376	5.926984
4236	-3601.586	-3765.258	163.6721	1.014472	6.281718
4242	-3606.187	-3770.666	164.4787	1.021081	5.838507
4248	-3601.409	-3765.947	164.5379	0.9653366	5.83664
4254	-3606.389	-3770.589	164.2003	1.001844	6.001051
4260	-3607.577	-3771.668	164.091	1.001844	6.060669
4266	-3605.439	-3769.931	164.4927	1.006587	5.838818
4272	-3602.987	-3767.458	164.4713	1.027954	5.838818
4278	-3609.814	-3774.388	164.5743	0.9925585	5.801853
4284	-3604.903	-3769.174	164.271	0.949777	5.99088
4290	-3593.729	-3758.032	164.3036	1.027057	5.930924
4296	-3604.439	-3768.484	164.045	0.9482217	6.114916
4302	-3604.216	-3767.942	163.7261	0.9607318	6.281533
4308	-3612.204	-3776.994	164.7899	0.9853459	5.687704
4314	-3603.072	-3767.86	164.7882	0.965242	5.699626
4320	-3610.876	-3774.952	164.0766	1.016226	6.060695
4326	-3616.256	-3780.537	164.2814	1.060857	5.92463
4332	-3610.513	-3775.208	164.695	0.9201664	5.775332
4338	-3605.323	-3769.52	164.1974	0.9682567	6.020941
4344	-3614.6	-3779.133	164.5334	0.8962937	5.876745
4350	-3610.4	-3774.966	164.566	0.8611543	5.877948
4356	-3608.211	-3772.741	164.5299	0.8975811	5.877948
4362	-3622.547	-3787.062	164.5149	0.9126277	5.877948
4368	-3609.663	-3773.94	164.2773	0.9045537	6.012026
4374	-3615.745	-3780.205	164.4594	0.9045537	5.91265
4380	-3604.894	-3769.406	164.5116	1.014579	5.824074
4386	-3602.483	-3767.052	164.5686	0.9438831	5.831557
4392	-3605.406	-3770.007	164.6005	0.9118648	5.831557
4398	-3627.342	-3791.922	164.5801	0.9323423	5.831557
4404	-3612.135	-3776.356	164.2203	1.017167	5.98182
4410	-3606.384	-3770.867	164.4834	1.028456	5.831905
4416	-3610.758	-3775.714	164.9559	0.9451001	5.618731
4422	-3606.049	-3770.284	164.2343	0.9451001	6.013471
4428	-3608.434	-3772.699	164.265	0.9343308	6.002576
4434	-3595.887	-3760.152	164.265	0.9343308	6.002576
4440	-3599.473	-3763.526	164.0527	1.058773	6.050502
4446	-3605.144	-3768.941	163.7974	1.00389	6.219378
4452	-3619.655	-3783.219	163.5638	1.01185	6.341956
4458	-3608.922	-3773.112	164.1896	1.00288	6.006344
4464	-3607.817	-3772.21	164.3935	0.9118045	5.944693
4470	-3624.741	-3788.656	163.9154	0.9771079	6.169769
4476	-3612.044	-3776.836	164.7918	0.9038719	5.731233
4482	-3612.035	-3776.446	164.4105	0.9915828	5.89194
4488	-3623.781	-3788.376	164.595	0.9407694	5.818831
4494	-3617.421	-3781.963	164.5419	0.9873788	5.822376
4500	-3605.912	-3769.759	163.8469	0.9873788	6.201399
4506	-3606.895	-3770.37	163.4744	1.080775	6.353116
4512	-3615.209	-3779.447	164.2377	0.9692573	5.998433
4518	-3611.704	-3776.067	164.3625	0.9970933	5.915116
4524	-3606.691	-3770.646	163.9548	0.9016337	6.189259
4530	-3599.572	-3763.503	163.9307	0.9349837	6.184287
4536	-3612.295	-3776.484	164.1892	0.9833229	6.017209
4542	-3610.593	-3774.305	163.712	0.9149354	6.314023
4548	-3611.878	-3775.972	164.0936	0.9569984	6.083657
4554	-3616.063	-3780.455	164.3922	0.9167895	5.942724
4560	-3610.181	-3774.498	164.3171	0.9920097	5.942724
4566	-3610.731	-3774.601	163.8699	0.9691247	6.198816
4572	-3610.378	-3775.481	165.1025	0.8920894	5.567217
4578	-3607.999	-3772.441	164.4415	1.104901	5.813106
4584	-3594.539	-3759.118	164.5793	0.9151552	5.841343
4590	-3603.932	-3767.938	164.0062	0.9151552	6.153976
4596	-3600.342	-3764.893	164.5505	0.9601238	5.832604
4602	-3617.878	-3781.66	163.782	1.00469	6.227296
4608	-3614.638	-3778.42	163.782	1.00469	6.227296
4614	-3615.656	-3780.1	164.4436	1.00469	5.866692
4620	-3615.687	-3779.067	163.3804	1.044001	6.424012
4626	-3598.593	-3763.331	164.7375	0.9394021	5.741586
4632	-3618.742	-3782.958	164.2162	0.9871172	6.000429
4638	-3618.422	-3783.156	164.7339	1.011839	5.70388
4644	-3602.095	-3766.215	164.12	0.9187865	6.090069
4650	-3604.455	-3768.359	163.9042	1.030376	6.14687
4656	-3599.514	-3763.418	163.9042	1.030376	6.14687
4662	-3597.912	-3762.78	164.8684	0.8480323	5.71953
4668	-3596.612	-3761.026	164.4139	0.8495786	5.9672
4674	-3610.954	-3775.61	164.656	1.001792	5.752075
4680	-3609.186	-3773.782	164.5958	0.899895	5.840641
4686	-3607.546	-3771.492	163.9455	1.049927	6.113727
4692	-3608.501	-3772.799	164.2977	0.9026827	6.001951
4698	-3618.179	-3783.034	164.8546	0.8918717	5.703349
4704	-3617.84	-3782.471	164.6312	0.9483062	5.794886
4710	-3613.085	-3777.051	163.9661	0.9483062	6.157836
4716	-3619.063	-3783.315	164.252	0.9103402	6.022686
4722	-3620.968	-3785.509	164.5413	0.9254249	5.856556
4728	-3607.395	-3771.883	164.4883	1.07172	5.805589
4734	-3606.114	-3770.725	164.611	0.9081035	5.827862
4740	-3608.16	-3772.708	164.5477	0.9075157	5.862822
4746	-3601.839	-3765.915	164.0757	0.841973	6.155635
4752	-3609.513	-3774.339	164.8264	0.9136047	5.706937
4758	-3610.741	-3775.17	164.4285	0.9687747	5.894553
4764	-3609.581	-3773.766	164.1845	0.9950354	6.013401
4770	-3595.691	-3760.531	164.8397	0.9476455	5.681047
4776	-3592.439	-3756.985	164.5465	0.9331926	5.849462
4782	-3611.1	-3775.485	164.3851	1.032876	5.883255
4788	-3607.145	-3771.465	164.3205	1.097553	5.883255
4794	-3600.063	-3764.293	164.2299	0.9472383	6.014671
4800	-3614.987	-3779.376	164.3893	0.8295206	5.991393
4806	-3614.877	-3778.775	163.8978	1.016061	6.158135
4812	-3609.967	-3774.364	164.3978	0.9892852	5.900136
4818	-3612.911	-3777.376	164.4648	0.922187	5.900136
4824	-3615.14	-3779.574	164.4343	0.8693371	5.945467
4830	-3617.117	-3781.429	164.3114	0.8279829	6.03469
4836	-3596.14	-3760.388	164.248	0.8922455	6.03469
4842	-3599.008	-3763.726	164.718	0.9946584	5.721986
4848	-3603.088	-3766.707	163.6194	1.062128	6.284477
4854	-3602.112	-3766.304	164.1927	0.9179789	6.050892
4860	-3602.181	-3766.165	163.9838	0.9179789	6.164645
4866	-3609.337	-3772.857	163.5196	0.8409867	6.458115
4872	-3623.544	-3788.07	164.5259	1.030931	5.807335
4878	-3622.072	-3786.735	164.6632	1.058127	5.717253
4884	-3610.435	-3774.782	164.3463	0.9803675	5.933119
4890	-3611.611	-3775.484	163.8721	1.022797	6.168422
4896	-3608.919	-3773.29	164.3714	1.054887	5.878737
4902	-3618.61	-3782.954	164.3443	1.028637	5.907858
4908	-3627.301	-3791.631	164.3302	0.8551431	6.009871
4914	-3621.076	-3785.419	164.3427	0.9761641	5.937392
4920	-3604.721	-3769.284	164.5635	0.9544963	5.828566
4926	-3600.631	-3764.849	164.2179	0.8894197	6.05261
4932	-3612.981	-3777.338	164.3572	0.9299146	5.954696
4938	-3603.479	-3767.91	164.4312	0.9299146	5.914275
4944	-3606.916	-3771.295	164.3783	0.9492312	5.932637
4950	-3608.426	-3772.774	164.348	0.9607856	5.942893
4956	-3609.107	-3773.379	164.2714	0.9046876	6.015192
4962	-3603.128	-3768.03	164.9016	0.937227	5.652787
4968	-3612.099	-3776.757	164.6578	1.013951	5.744418
4974	-3610.512	-3774.895	164.383	1.01509	5.894083
4980	-3619.144	-3783.11	163.9658	0.9476975	6.158299
4986	-3608.774	-3773.015	164.2411	0.9136939	6.026839
4992	-3619.465	-3783.474	164.0093	1.026253	6.091884
4998	-3613.158	-3777.344	164.1857	1.040055	5.988218
5004	-3610.973	-3774.243	163.2707	1.08831	6.459506
5010	-3606.701	-3770.18	163.4795	1.058204	6.362572
5016	-3614.052	-3778.139	164.087	1.096404	6.01136
5022	-3616.337	-3780.19	163.8535	1.052694	6.162314
5028	-3604.792	-3769.184	164.3923	0.9424368	5.928664
5034	-3607.003	-3771.121	164.1177	0.983899	6.055885
5040	-3609.646	-3774.32	164.6736	1.094757	5.691558
5046	-3609.64	-3774.815	165.1752	0.9291147	5.506975
5052	-3606.66	-3770.927	164.267	1.036872	5.945537
5058	-3616.187	-3779.789	163.6018	0.8417129	6.41319
5064	-3613.204	-3777.768	164.5643	1.033571	5.784848
5070	-3611.717	-3775.581	163.864	1.022656	6.172919
5076	-3621.199	-3785.246	164.0469	1.034027	6.067159
5082	-3615.97	-3779.371	163.4007	0.8921992	6.495107
5088	-3621.62	-3786.24	164.6202	0.8921992	5.831499
5094	-3625.256	-3788.961	163.7051	1.005389	6.268732
5100	-3622.355	-3785.479	163.1243	1.12475	6.519163
5106	-3614.371	-3778.056	163.6843	0.9605333	6.30438
5112	-3608.146	-3772.505	164.3585	0.9706793	5.931728
5118	-3619.317	-3784.318	165.0011	0.9341291	5.599907
5124	-3619.026	-3783.255	164.2297	0.935225	6.021339
5130	-3617.239	-3781.589	164.3505	1.051954	5.891711
5136	-3625.295	-3788.994	163.6987	1.08816	6.227247
5142	-3611.815	-3776.521	164.7054	0.9439822	5.756654
5148	-3611.701	-3775.251	163.5502	1.074396	6.315418
5154	-3611.913	-3775.742	163.8296	1.074396	6.163517
5160	-3611.592	-3775.943	164.3509	1.074396	5.879266
5166	-3608.294	-3772.124	163.8303	1.026227	6.189304
5172	-3609.583	-3774.496	164.9126	0.9182696	5.657159
5178	-3615.029	-3779.084	164.0551	1.086644	6.034051
5184	-3619.202	-3782.867	163.665	1.056123	6.26296
5190	-3613.764	-3778.196	164.4318	1.185791	5.774524
5196	-3608.454	-3772.91	164.4568	1.024732	5.848498
5202	-3603.423	-3767.71	164.2863	1.024732	5.941672
5208	-3616.633	-3780.536	163.9039	0.9819629	6.17338
5214	-3613.362	-3777.727	164.3645	0.9351623	5.947845
5220	-3619.635	-3784.423	164.7885	0.9227572	5.722712
5226	-3617.889	-3782.668	164.779	0.9323476	5.722712
5232	-3616.17	-3781.111	164.9412	0.908402	5.646849
5238	-3605.207	-3770.285	165.0786	0.8640176	5.595596
5244	-3601.359	-3766.364	165.005	0.9380942	5.595596
5250	-3612.032	-3777.054	165.0225	0.9204932	5.595596
5256	-3609.224	-3774.055	164.8303	1.020096	5.646519
5262	-3621.07	-3784.532	163.4623	0.981176	6.413623
5268	-3618.801	-3782.857	164.0564	1.014267	6.072752
5274	-3611.058	-3775.619	164.5619	0.8853942	5.867051
5280	-3619.423	-3783.619	164.1958	0.9306773	6.042269
5286	-3609.362	-3773.643	164.281	0.9479104	5.986478
5292	-3613.418	-3777.645	164.2266	0.9417355	6.019513
5298	-3615.934	-3780.13	164.1961	0.9261632	6.044582
5304	-3616.372	-3780.352	163.9803	0.9193568	6.165826
5310	-3606.008	-3770.467	164.4595	0.9886396	5.866767
5316	-3615.483	-3780.523	165.0403	0.9262835	5.582683
5322	-3613.007	-3776.707	163.7	0.958732	6.296825
5328	-3607.359	-3771.671	164.3122	0.9534001	5.966423
5334	-3609.422	-3773.756	164.3339	0.9316916	5.966423
5340	-3615.244	-3779.725	164.481	1.132464	5.77651
5346	-3612.854	-3776.637	163.783	1.031565	6.212162
5352	-3610.269	-3774.511	164.2414	1.031565	5.962436
5358	-3606.097	-3770.681	164.5836	1.016422	5.783659
5364	-3602.727	-3767.14	164.4123	1.074192	5.845825
5370	-3612.259	-3776.575	164.3159	0.9270548	5.978751
5376	-3620.566	-3785.658	165.0913	1.012436	5.507364
5382	-3616.264	-3780.497	164.2329	1.049191	5.957445
5388	-3616.392	-3780.602	164.2098	1.072379	5.957445
5394	-3612.872	-3777.149	164.2769	1.005199	5.957445
5400	-3613.665	-3778.22	164.5551	1.001075	5.807665
5406	-3623.049	-3787.068	164.0186	0.9361622	6.135814
5412	-3612.698	-3776.996	164.2974	0.8831918	6.012675
5418	-3613.146	-3777.26	164.1137	1.067196	6.012675
5424	-3606.503	-3771.398	164.8952	1.067196	5.585016
5430	-3610.236	-3775.017	164.7809	0.9334359	5.721034
5436	-3609.334	-3773.462	164.1277	0.89667	6.09785
5442	-3612.604	-3776.545	163.9412	1.006583	6.139652
5448	-3607.187	-3771.116	163.9289	1.018933	6.139652
5454	-3603.716	-3768.163	164.4467	1.059791	5.834872
5460	-3614.711	-3779.595	164.8839	1.010389	5.622417
5466	-3616.269	-3780.58	164.3104	1.010389	5.93632
5472	-3616.35	-3780.675	164.3248	0.9960246	5.93632
5478	-3609.045	-3773.373	164.3281	0.9927099	5.93632
5484	-3607.182	-3771.971	164.7891	1.086741	5.632582
5490	-3616.187	-3781.284	165.0976	0.934988	5.546449
5496	-3621.218	-3785.521	164.3029	0.9415328	5.977966
5502	-3613.488	-3777.466	163.9781	0.9988842	6.123795
5508	-3620.689	-3784.569	163.8805	1.043432	6.152644
5514	-3621.676	-3786.11	164.4348	1.027534	5.859001
5520	-3630.945	-3796.15	165.2051	0.961741	5.472627
5526	-3612.631	-3776.738	164.1068	0.9678155	6.070587
5532	-3619.369	-3783.426	164.0576	1.017053	6.070587
5538	-3611.917	-3776.532	164.6147	0.9406946	5.808073
5544	-3623.909	-3788.338	164.4287	0.9860374	5.885011
5550	-3617.592	-3782.178	164.5853	0.9865118	5.799114
5556	-3618.006	-3782.211	164.2054	0.9865118	6.00666
5562	-3609.561	-3774.404	164.8437	0.9821508	5.659956
5568	-3610.951	-3775.403	164.4513	1.031667	5.847729
5574	-3601.476	-3765.924	164.4482	1.0347	5.847729
5580	-3612.584	-3777.061	164.4772	1.005778	5.847729
5586	-3605.382	-3769.567	164.1849	1.005778	6.007315
5592	-3609.79	-3773.611	163.8214	1.005778	6.205283
5598	-3617.752	-3782.145	164.3928	0.9895881	5.902657
5604	-3604.196	-3768.536	164.3402	1.042241	5.902657
5610	-3608.977	-3773.459	164.4827	1.004842	5.845203
5616	-3603.606	-3768.042	164.436	1.05158	5.845203
5622	-3626.581	-3791.187	164.6068	1.046071	5.754783
5628	-3616.054	-3780.633	164.5795	1.00247	5.793568
5634	-3615.294	-3780.205	164.9112	1.062087	5.57903
5640	-3614.105	-3779.016	164.9112	1.062087	5.57903
5646	-3621	-3785.281	164.2812	1.062087	5.924067
5652	-3615.364	-3780.079	164.715	0.940976	5.753003
5658	-3616.297	-3781.078	164.7815	1.014657	5.67623
5664	-3614.463	-3778.864	164.4006	0.9629156	5.913005
5670	-3620.674	-3785.192	164.5182	0.881587	5.89301
5676	-3620.78	-3784.568	163.7886	1.017564	6.21669
5682	-3625.086	-3789.632	164.5454	1.031729	5.796196
5688	-3615.155	-3779.787	164.6319	0.9452263	5.796196
5694	-3613.779	-3778.472	164.6929	0.938873	5.766283
5700	-3617.366	-3781.261	163.8958	0.9436527	6.198606
5706	-3621.334	-3784.947	163.6123	1.000656	6.321678
5712	-3612.992	-3777.496	164.5039	0.908387	5.886256
5718	-3603.965	-3768.352	164.387	0.9322761	5.937123
5724	-3600.17	-3765.106	164.9363	0.9089157	5.649243
5730	-3608.751	-3772.769	164.0181	1.037288	6.08108
5736	-3608.198	-3772.283	164.0852	0.9701964	6.08108
5742	-3608.809	-3772.143	163.3341	1.075759	6.431916
5748	-3599.403	-3763.663	164.26	1.038283	5.948593
5754	-3607.243	-3770.931	163.6883	1.052746	6.252123
5760	-3613.933	-3778.577	164.6441	1.049043	5.732708
5766	-3605.862	-3769.915	164.0534	1.01332	6.074904
5772	-3615.157	-3779.291	164.1339	1.01332	6.031001
5778	-3618.706	-3783.478	164.7718	1.01332	5.682278
5784	-3615.262	-3779.702	164.4399	1.019875	5.860373
5790	-3616.712	-3779.971	163.2598	0.8929988	6.570993
5796	-3607.002	-3771.366	164.3641	1.067345	5.875893
5802	-3604.504	-3768.917	164.4128	1.018651	5.875893
5808	-3607.143	-3771.521	164.3785	1.02882	5.889072
5814	-3625.541	-3789.883	164.3421	1.052151	5.896215
5820	-3613.526	-3777.794	164.2687	1.052151	5.936317
5826	-3610.496	-3774.837	164.3411	0.9120187	5.973178
5832	-3614.459	-3778.468	164.0089	1.028907	6.090646
5838	-3613.993	-3778.863	164.8699	1.089315	5.58682
5844	-3617.8	-3782.534	164.7338	0.9914165	5.715118
5850	-3609.841	-3773.854	164.0128	0.9996244	6.104459
5856	-3622.772	-3787.139	164.3676	1.099931	5.856211
5862	-3621.428	-3785.116	163.6882	1.045215	6.256271
5868	-3621.927	-3786.2	164.2731	1.045215	5.937658
5874	-3624.306	-3788.24	163.9333	0.9771338	6.160004
5880	-3625.302	-3789.421	164.1187	0.9296788	6.084868
5886	-3620.412	-3784.538	164.1261	1.09023	5.993399
5892	-3626.2	-3790.408	164.2082	0.8770806	6.064596
5898	-3609.319	-3773.482	164.1639	0.9216692	6.064596
5904	-3621.509	-3786.456	164.9473	0.8859886	5.65572
5910	-3612.052	-3776.012	163.96	0.9462062	6.162292
5916	-3603.536	-3767.334	163.797	1.109379	6.162292
5922	-3603.948	-3767.903	163.9552	0.9509722	6.162292
5928	-3614.327	-3778.517	164.1902	1.019022	5.997202
5934	-3617.577	-3781.778	164.2014	1.007837	5.997202
5940	-3609.505	-3773.621	164.1158	1.007837	6.04387
5946	-3608.088	-3772.253	164.1653	1.082423	5.976237
5952	-3615.14	-3778.478	163.338	1.034142	6.452317
5958	-3609.353	-3773.573	164.2197	0.943447	6.022293
5964	-3605.023	-3768.54	163.5163	1.146469	6.294901
5970	-3614.666	-3777.999	163.3334	1.121381	6.407642
5976	-3616.82	-3780.552	163.7313	1.121381	6.191574
5982	-3618.252	-3781.972	163.7201	0.9881369	6.269919
5988	-3615.439	-3779.045	163.6063	1.109605	6.26589
5994	-3611.436	-3775.164	163.7273	1.196234	6.153405
6000	-3610.989	-3775.527	164.5384	1.028793	5.801623
6006	-3605.951	-3769.742	163.791	0.9823551	6.234572
6012	-3610.014	-3774.715	164.7013	0.8525966	5.808555
6018	-3604.842	-3768.608	163.7657	1.016641	6.229649
6024	-3603.821	-3767.295	163.4738	1.044852	6.372857
6030	-3604.507	-3768.867	164.3592	0.9723506	5.930462
6036	-3616.154	-3780.481	164.3269	0.9723506	5.948101
6042	-3599.735	-3764.062	164.3269	0.9723506	5.948101
6048	-3605.874	-3769.849	163.9746	0.9801969	6.135828
6054	-3616.332	-3780.181	163.8492	0.9801969	6.204082
6060	-3614.587	-3779.795	165.2082	1.000612	5.449517
6066	-3603.204	-3767.726	164.5219	1.00847	5.821818
6072	-3615.177	-3779.66	164.4834	0.9502625	5.874673
6078	-3615.398	-3779.954	164.5561	0.9502625	5.834926
6084	-3610.004	-3774.245	164.2412	0.9445201	6.010009
6090	-3604.913	-3769.778	164.8648	0.9249677	5.679678
6096	-3600	-3764.63	164.6299	0.966025	5.785941
6102	-3607.836	-3772.351	164.5152	0.9420837	5.861757
6108	-3611.221	-3775.545	164.3244	0.9450617	5.964312
6114	-3610.831	-3775.043	164.2125	1.007104	5.991562
6120	-3612.996	-3777.116	164.1201	0.9297349	6.084045
6126	-3617.047	-3781.073	164.0261	1.023795	6.084045
6132	-3624.747	-3788.24	163.4929	0.8496224	6.467995
6138	-3611.051	-3775.679	164.6287	0.8496224	5.849895
6144	-3618.664	-3783.121	164.4576	0.7969724	5.971466
6150	-3618.22	-3782.565	164.3446	1.013232	5.916119
6156	-3617.846	-3782.217	164.3712	0.9631218	5.928907
6162	-3624.622	-3788.925	164.3032	1.031193	5.928907
6168	-3611.571	-3776.244	164.6724	1.025357	5.730186
6174	-3607.146	-3771.818	164.6724	1.025357	5.730186
6180	-3608.657	-3772.545	163.8882	1.025357	6.1583
6186	-3612.369	-3776.73	164.3603	0.9432528	5.945726
6192	-3618.493	-3782.292	163.7992	0.9193939	6.264234
6198	-3623.922	-3787.822	163.9004	0.98257	6.174915
6204	-3618.17	-3781.919	163.7498	0.9824945	6.256869
6210	-3618.624	-3783.072	164.4477	0.9953277	5.869552
6216	-3612.559	-3776.975	164.4158	1.027265	5.869552
6222	-3612.733	-3776.491	163.7583	1.048682	6.216293
6228	-3607.713	-3772.176	164.463	0.9997616	5.858774
6234	-3598.67	-3763.203	164.5332	0.9381392	5.854036
6240	-3605.502	-3769.628	164.1256	1.086349	5.995755
6246	-3606.531	-3770.786	164.2545	1.007872	5.968221
6252	-3613.785	-3777.991	164.2061	0.979144	6.01029
6258	-3607.297	-3770.664	163.3664	1.092337	6.405452
6264	-3609.125	-3772.491	163.3664	1.092337	6.405452
6270	-3606.845	-3771.13	164.2847	0.9844542	5.964486
6276	-3626.754	-3790.575	163.8211	0.9259988	6.248764
6282	-3623.546	-3788.016	164.4697	1.057987	5.823248
6288	-3609.012	-3773.128	164.1164	0.9323916	6.084606
6294	-3623.192	-3787.653	164.461	0.9069312	5.910494
6300	-3604.268	-3768.186	163.9182	0.9982404	6.156714
6306	-3602.257	-3767.28	165.0228	0.9991638	5.552282
6312	-3609.975	-3774.142	164.166	0.9991638	6.021209
6318	-3600.96	-3765.203	164.243	0.9370851	6.013067
6324	-3625.685	-3789.51	163.8256	0.9160385	6.251709
6330	-3611.497	-3775.888	164.3911	0.9413373	5.929938
6336	-3618.627	-3782.953	164.326	1.006472	5.929938
6342	-3607.445	-3771.955	164.5102	0.9112628	5.881281
6348	-3601.22	-3765.741	164.5205	0.8932879	5.88542
6354	-3607.587	-3771.678	164.0918	0.9494463	6.088749
6360	-3611.649	-3775.63	163.9807	0.9831415	6.130926
6366	-3607.27	-3771.518	164.2482	0.9473991	6.004645
6372	-3617.296	-3781.521	164.2252	0.9853888	5.996446
6378	-3611.086	-3775.959	164.8731	0.9837327	5.642945
6384	-3611.166	-3775.444	164.2773	1.037887	5.939406
6390	-3606.257	-3770.42	164.1632	1.035802	6.002762
6396	-3610.842	-3775.095	164.2531	0.9238316	6.014775
6402	-3612.275	-3776.526	164.2505	0.9264885	6.014775
6408	-3614.733	-3779.315	164.5819	0.899706	5.848346
6414	-3607.089	-3771.405	164.3163	0.9125955	5.986401
6420	-3614.782	-3779.114	164.3319	0.9850039	5.93846
6426	-3622.369	-3786.676	164.3068	1.075283	5.902869
6432	-3615.984	-3780.282	164.2977	0.9568005	5.972478
6438	-3624.657	-3788.682	164.0248	0.9701149	6.113995
6444	-3625.89	-3790.137	164.2466	0.9193397	6.020767
6450	-3617.476	-3781.516	164.0398	0.9441948	6.119942
6456	-3623.498	-3787.049	163.5511	1.005159	6.352474
6462	-3628.512	-3792.333	163.8206	0.9750386	6.222451
6468	-3614.525	-3778.774	164.2484	0.8974237	6.031646
6474	-3615.523	-3779.978	164.4551	1.007824	5.858656
6480	-3615.408	-3779.864	164.4556	1.000476	5.862425
6486	-3623.579	-3787.722	164.1426	1.110495	5.973378
6492	-3624.006	-3787.815	163.8091	0.9986185	6.215876
6498	-3621.531	-3785.659	164.1277	0.9600255	6.063431
6504	-3614.377	-3778.141	163.7644	0.9586733	6.261859
6510	-3624.149	-3788.799	164.6502	0.9432798	5.787223
6516	-3631.813	-3796.02	164.2071	1.051026	5.970537
6522	-3628.676	-3792.806	164.1297	1.013803	6.033066
6528	-3617.02	-3780.746	163.7262	1.050414	6.232767
6534	-3622.24	-3786.285	164.0448	0.9112558	6.135103
6540	-3593.205	-3757.132	163.9268	0.9950387	6.153765
6546	-3600.039	-3764.744	164.7046	0.9995958	5.72662
6552	-3602.405	-3766.925	164.5195	1.013172	5.820548
6558	-3603.448	-3768.294	164.8464	0.924358	5.690118
6564	-3607.026	-3771.423	164.3969	0.9873338	5.90167
6570	-3608.068	-3772.547	164.4795	0.9873338	5.856533
6576	-3627.471	-3791.547	164.0759	0.8703759	6.140264
6582	-3615.572	-3780.224	164.6522	0.9175674	5.800158
6588	-3618.381	-3782.282	163.9009	1.05945	6.132834
6594	-3607.245	-3770.88	163.6349	1.102188	6.254349
6600	-3607.462	-3772.214	164.7523	0.9284137	5.73949
6606	-3607.242	-3770.814	163.5726	1.017974	6.333827
6612	-3614.535	-3778.143	163.6079	0.9826721	6.333827
6618	-3615.499	-3779.04	163.5402	1.058217	6.329609
6624	-3617.137	-3781.652	164.5146	0.8921583	5.889254
6630	-3609.027	-3773.729	164.7016	0.999271	5.728454
6636	-3619.997	-3784.277	164.2794	1.020201	5.947867
6642	-3600.906	-3765.727	164.8208	0.9293048	5.70144
6648	-3598.489	-3762.438	163.9486	0.9686783	6.156243
6654	-3601.982	-3765.93	163.9479	1.014734	6.131574
6660	-3606.358	-3770.67	164.3126	1.009783	5.935475
6666	-3595.864	-3760.224	164.3599	0.9624794	5.935475
6672	-3597.96	-3762.254	164.2943	0.9982712	5.951721
6678	-3599.919	-3764.254	164.3351	0.9574764	5.951721
6684	-3600	-3764.635	164.6345	0.9086207	5.814739
6690	-3604.739	-3768.25	163.5114	0.8820602	6.440608
6696	-3600.672	-3764.939	164.2672	1.040813	5.943314
6702	-3602.562	-3766.854	164.2921	1.015869	5.943314
6708	-3608.036	-3772.085	164.0492	1.02123	6.072877
6714	-3610.743	-3774.528	163.785	1.026765	6.21369
6720	-3622.212	-3786.583	164.3709	0.9082363	5.958968
6726	-3625.412	-3789.615	164.2032	1.023885	5.987476
6732	-3623.455	-3787.584	164.1291	1.010126	6.035357
6738	-3616.146	-3780.712	164.5658	0.9868522	5.809599
6744	-3619.812	-3784.372	164.5596	0.9930268	5.809599
6750	-3622.265	-3786.467	164.2026	1.13095	5.929541
6756	-3615.869	-3779.587	163.7179	0.9691168	6.281488
6762	-3614.997	-3778.724	163.727	0.9599766	6.281488
6768	-3612.612	-3776.591	163.9791	1.141896	6.045535
6774	-3621.704	-3786.521	164.8172	0.9641197	5.684384
6780	-3607.79	-3771.567	163.7772	0.9641197	6.25198
6786	-3611.919	-3775.562	163.6423	0.9936849	6.309162
6792	-3618.023	-3782.318	164.2953	1.040367	5.928178
6798	-3611.756	-3776.09	164.3346	1.00113	5.928178
6804	-3611.798	-3776.049	164.2512	0.9422694	6.005767
6810	-3613.762	-3778.496	164.7336	0.9624377	5.731094
6816	-3621.906	-3786.462	164.5567	0.9094085	5.856836
6822	-3618.902	-3783.328	164.4265	0.9229618	5.920596
6828	-3625.389	-3789.307	163.9179	1.098859	6.10218
6834	-3628.235	-3793.415	165.1795	0.8946493	5.523499
6840	-3625.62	-3790.863	165.2437	0.9155913	5.476732
6846	-3625.732	-3789.905	164.1728	1.120945	5.95122
6852	-3619.032	-3783.548	164.5167	1.004756	5.826676
6858	-3627.613	-3792.098	164.4847	1.0367	5.826676
6864	-3636.541	-3801.476	164.9348	0.9923017	5.604393
6870	-3633.28	-3796.949	163.6683	0.9545433	6.316325
6876	-3628.342	-3792.833	164.4919	0.9892783	5.848689
6882	-3621.099	-3785.445	164.3456	0.9684564	5.939991
6888	-3630.805	-3794.93	164.1241	0.9684564	6.060823
6894	-3640.372	-3804.186	163.8142	0.8797912	6.277491
6900	-3624.493	-3789.47	164.977	1.041331	5.554295
6906	-3628.084	-3792.254	164.1699	0.9141997	6.065345
6912	-3618.838	-3782.806	163.9683	1.116144	6.065345
6918	-3623.734	-3787.967	164.233	1.009698	5.978929
6924	-3627.08	-3791.328	164.2479	0.9948275	5.978929
6930	-3616.859	-3781.181	164.3217	0.9506908	5.962708
6936	-3616.277	-3780.205	163.9272	0.874176	6.219125
6942	-3609.075	-3772.982	163.9075	0.9562054	6.185397
6948	-3606.521	-3770.663	164.1421	1.012122	6.027201
6954	-3619.097	-3783.195	164.0978	1.041025	6.035611
6960	-3615.208	-3779.412	164.2045	0.8775621	6.066347
6966	-3616.527	-3780.826	164.2989	0.7982193	6.057344
6972	-3601.038	-3765.864	164.8261	0.8942799	5.717675
6978	-3594.944	-3759.742	164.7982	0.9222262	5.717675
6984	-3605.645	-3770.226	164.5808	0.8790969	5.860145
6990	-3611.837	-3776.417	164.5794	0.8805114	5.860145
6996	-3605.471	-3769.911	164.4408	1.019382	5.860145
7002	-3609.317	-3773.932	164.6149	0.9705503	5.791668
7008	-3611.009	-3775.965	164.9565	1.004447	5.58582
7014	-3608.579	-3772.636	164.0566	0.9596526	6.102385
7020	-3602.514	-3767.028	164.5142	1.034533	5.811726
7026	-3592.905	-3756.81	163.9043	0.9241922	6.204502
7032	-3606.539	-3770.459	163.9206	0.9241922	6.195663
7038	-3611.701	-3775.576	163.8758	1.053261	6.149844
7044	-3600.79	-3764.702	163.9115	1.017557	6.149844
7050	-3600.381	-3764.907	164.5254	0.9439757	5.855106
7056	-3598.907	-3763.593	164.6862	0.8795602	5.802218
7062	-3610.143	-3775.164	165.0211	1.075524	5.511305
7068	-3612.309	-3777.261	164.9519	0.8773557	5.657897
7074	-3609.488	-3774.376	164.8888	0.9407213	5.657897
7080	-3616.213	-3781.374	165.1608	0.978494	5.48781
7086	-3609.388	-3773.622	164.2339	0.9779509	5.995763
7092	-3616.073	-3780.307	164.2339	0.9779509	5.995763
7098	-3611.905	-3776.031	164.1258	0.991418	6.047378
7104	-3618.084	-3782.229	164.145	0.9722137	6.047378
7110	-3618.429	-3782.742	164.3135	0.9880154	5.946841
7116	-3617.703	-3782.16	164.4571	0.9178078	5.906733
7122	-3631.157	-3795.425	164.2684	0.9259065	6.005319
7128	-3621.185	-3785.68	164.4945	0.997225	5.84292
7134	-3611.263	-3775.436	164.173	1.021976	6.004972
7140	-3616.199	-3779.608	163.4087	1.050287	6.405236
7146	-3623.156	-3786.349	163.193	0.9239779	6.590442
7152	-3607.353	-3771.363	164.0096	1.006645	6.102399
7158	-3612.403	-3776.876	164.473	0.9108796	5.90181
7164	-3603.382	-3767.66	164.2786	0.9566331	5.983037
7170	-3613.218	-3776.935	163.7176	1.006089	6.26152
7176	-3607.654	-3771.692	164.0376	0.8959816	6.147296
7182	-3593.711	-3757.885	164.1742	1.031842	5.998959
7188	-3600.284	-3764.646	164.3622	1.007507	5.909595
7194	-3600.622	-3764.952	164.3303	1.002265	5.929872
7200	-3605.34	-3769.3	163.9606	0.9498089	6.159999
7206	-3602.019	-3766.144	164.1247	0.9196412	6.087029
7212	-3620.151	-3784.092	163.9411	0.9786503	6.154948
7218	-3620.393	-3784.261	163.8682	1.051512	6.154948
7224	-3611.439	-3775.27	163.8317	1.051512	6.17482
7230	-3604.311	-3768.587	164.2754	0.9977458	5.962336
7236	-3609.862	-3773.443	163.5809	0.9834288	6.348095
7242	-3607.581	-3771.597	164.016	1.055456	6.072316
7248	-3609.237	-3773.586	164.3491	0.9966119	5.922697
7254	-3609.944	-3774.793	164.8481	0.9966119	5.649589
7260	-3608.863	-3773.731	164.8679	0.9272086	5.67676
7266	-3608.428	-3772.7	164.272	1.063568	5.928251
7272	-3608.698	-3773.023	164.3244	0.9348684	5.969857
7278	-3600.756	-3765.209	164.4536	1.015835	5.855111
7284	-3591.428	-3756.099	164.6709	0.9305319	5.782899
7290	-3603.798	-3768.452	164.6533	0.9481382	5.782899
7296	-3610.946	-3775.636	164.6902	0.9916474	5.738869
7302	-3620.379	-3784.651	164.2719	0.9399401	5.995742
7308	-3614.859	-3778.056	163.1963	0.9902312	6.552848
7314	-3612.725	-3776.298	163.5737	0.9492939	6.370494
7320	-3609.079	-3773.038	163.9593	0.9253733	6.173944
7326	-3597.431	-3761.889	164.4573	1.016965	5.852473
7332	-3603.531	-3768.109	164.5785	0.9517471	5.821826
7338	-3600.238	-3763.955	163.7169	0.947092	6.293954
7344	-3603.42	-3767.608	164.1879	0.9482959	6.037033
7350	-3602.519	-3766.673	164.1544	0.9817633	6.037033
7356	-3602.621	-3767.019	164.3981	1.015566	5.88558
7362	-3593.711	-3758.187	164.4764	0.8938868	5.909147
7368	-3600.334	-3764.224	163.8905	0.9728606	6.185627
7374	-3599.686	-3763.878	164.1924	0.9643548	6.025806
7380	-3609.051	-3773.38	164.3292	0.9907838	5.936769
7386	-3603.301	-3767.637	164.336	0.9839596	5.936769
7392	-3610.077	-3774.457	164.3801	0.9398697	5.936769
7398	-3601.241	-3766.031	164.7891	0.9193914	5.724245
7404	-3604.817	-3769.505	164.6878	0.9151672	5.781984
7410	-3591.567	-3756.134	164.5662	0.8295512	5.894828
7416	-3601.858	-3766.346	164.4877	0.9088887	5.894828
7422	-3606.562	-3771.626	165.0634	0.9027383	5.582892
7428	-3603.193	-3767.6	164.4067	0.9027383	5.942431
7434	-3611.138	-3775.145	164.0071	0.980437	6.118017
7440	-3612.06	-3776.871	164.8109	0.980437	5.678872
7446	-3603.461	-3768.329	164.8682	0.9231037	5.678872
7452	-3605.772	-3769.737	163.9648	1.009688	6.125147
7458	-3601.756	-3766.233	164.4771	1.009688	5.84563
7464	-3604.147	-3768.603	164.4555	0.98452	5.871172
7470	-3607.73	-3772.489	164.759	0.98452	5.705093
7476	-3621.001	-3785.375	164.3741	0.9380315	5.941037
7482	-3611.333	-3775.861	164.528	0.9662067	5.841543
7488	-3612.757	-3777.285	164.528	0.9662067	5.841543
7494	-3603.494	-3768.035	164.5417	0.9846532	5.82397
7500	-3615.11	-3778.63	163.5197	0.9846532	6.380647
7506	-3618.278	-3781.79	163.5114	0.9668878	6.394745
7512	-3620.163	-3784.525	164.3619	1.144957	5.834894
7518	-3619.236	-3783.006	163.771	1.054549	6.20621
7524	-3610.711	-3774.701	163.9896	1.054549	6.087216
7530	-3615.242	-3778.528	163.2862	0.97477	6.512576
7536	-3612.276	-3775.857	163.5808	0.97477	6.352814
7542	-3612.063	-3775.861	163.7977	0.9418538	6.252913
7548	-3608.505	-3772.82	164.3145	0.9787	5.951362
7554	-3606.494	-3770.871	164.3771	0.9160141	5.951362
7560	-3607.698	-3772.339	164.6408	0.8553012	5.840174
7566	-3613.302	-3776.856	163.5537	0.9246973	6.394649
7572	-3609.476	-3773.498	164.0222	0.9996653	6.099338
7578	-3607.213	-3770.684	163.4719	1.057915	6.366851
7584	-3609.36	-3774.233	164.8724	1.000695	5.634012
7590	-3601.875	-3766.089	164.2143	0.88983	6.054367
7596	-3610.808	-3775.871	165.0626	0.8814989	5.594898
7602	-3609.26	-3774.446	165.1853	0.9512568	5.489267
7608	-3620.701	-3785.122	164.4209	0.9569918	5.905148
7614	-3618.863	-3783.126	164.2633	0.9848312	5.976007
7620	-3614.907	-3779.099	164.1928	0.9297878	6.044437
7626	-3602.317	-3766.93	164.6127	0.9297878	5.815105
7632	-3600.38	-3764.74	164.3597	0.8703866	5.985592
7638	-3612.816	-3777.398	164.5822	1.017402	5.783896
7644	-3609.051	-3772.66	163.6095	1.045599	6.298825
7650	-3598.661	-3762.497	163.8363	1.001611	6.199444
7656	-3614.041	-3777.881	163.8397	0.9982483	6.199444
7662	-3614.274	-3778.206	163.9317	0.9061	6.199444
7668	-3615.532	-3780.538	165.0065	0.8712986	5.631239
7674	-3617.079	-3782.148	165.0692	0.877713	5.593302
7680	-3609.191	-3774	164.8086	0.9530062	5.695181
7686	-3614.068	-3778.642	164.5735	0.863116	5.872773
7692	-3608.784	-3773.561	164.7776	0.9324843	5.723366
7698	-3620.151	-3784.659	164.5074	1.060677	5.801174
7704	-3599.011	-3763.182	164.171	1.014911	6.009939
7710	-3610.521	-3774.509	163.9883	1.013753	6.110106
7716	-3600.845	-3765.318	164.4735	0.9337534	5.889065
7722	-3607.512	-3770.978	163.4659	1.031554	6.384357
7728	-3606.058	-3770.111	164.0526	0.8874526	6.143706
7734	-3602.357	-3766.295	163.9389	1.001455	6.143706
7740	-3611.65	-3776.238	164.5876	1.001455	5.789685
7746	-3615.875	-3780.838	164.963	0.9534725	5.610202
7752	-3620.725	-3785.853	165.1282	0.8711507	5.564469
7758	-3617.996	-3782.819	164.8233	0.9029236	5.71446
7764	-3614.845	-3779.823	164.9776	0.9221367	5.61937
7770	-3611.156	-3776.178	165.0225	0.8789003	5.61829
7776	-3604.934	-3770.062	165.1276	0.8984441	5.549936
7782	-3601.773	-3766.026	164.2526	0.9398805	6.006315
7788	-3603.923	-3768.06	164.1374	0.9751054	6.049942
7794	-3606.505	-3770.877	164.3722	0.9641103	5.92785
7800	-3608.768	-3772.717	163.9488	1.106946	6.080956
7806	-3611.614	-3775.631	164.0165	1.054837	6.072406
7812	-3622.518	-3786.933	164.4149	0.9209044	5.92807
7818	-3622.299	-3786.173	163.8735	1.057872	6.148637
7824	-3620.286	-3785.244	164.958	0.9259672	5.628057
7830	-3612.21	-3776.053	163.8437	0.9084578	6.245993
7836	-3616.507	-3780.735	164.228	1.072615	5.947361
7842	-3609.383	-3773.303	163.9202	0.8615734	6.229685
7848	-3617.316	-3781.439	164.1222	0.9832178	6.053812
7854	-3614.406	-3778.688	164.2816	0.839843	6.044585
7860	-3606.747	-3771.196	164.449	0.8495775	5.948068
7866	-3606.302	-3770.257	163.9554	0.9565598	6.15913
7872	-3605.671	-3770.935	165.264	0.8769571	5.486687
7878	-3606.369	-3770.28	163.9106	0.9586737	6.182378
7884	-3612.757	-3776.531	163.7736	0.9601212	6.256062
7890	-3616.577	-3781.332	164.7549	0.9111596	5.747456
7896	-3615.217	-3779.264	164.0473	1.006527	6.081944
7902	-3625.78	-3790.823	165.0433	0.9902347	5.545918
7908	-3623.257	-3787.937	164.6808	0.9270206	5.779392
7914	-3620.444	-3785.055	164.6112	0.9966475	5.779392
7920	-3610.54	-3774.435	163.8947	1.059346	6.136247
7926	-3614.998	-3780.192	165.1946	0.963937	5.477206
7932	-3620.248	-3784.23	163.9819	0.9063905	6.171956
7938	-3614.539	-3778.361	163.822	1.071551	6.169206
7944	-3609.493	-3773.352	163.8589	0.9957549	6.190353
7950	-3601.756	-3766.221	164.4647	0.9957549	5.860005
7956	-3608.764	-3773.363	164.5994	1.043441	5.760259
7962	-3604.514	-3768.923	164.4096	1.056322	5.857064
7968	-3604.454	-3768.906	164.4513	1.014603	5.857064
7974	-3605.23	-3769.037	163.8064	1.058511	6.184762
7980	-3613.966	-3778.603	164.637	0.9295966	5.801946
7986	-3622.067	-3786.395	164.3279	0.9295966	5.970851
7992	-3613.311	-3777.663	164.3518	0.9465394	5.948579
7998	-3601.765	-3766.42	164.6551	0.9029626	5.806545
8004	-3609.59	-3773.841	164.2512	1.116098	5.911043
8010	-3604.14	-3768.759	164.6195	0.9345237	5.808825
8016	-3600.445	-3765.289	164.8447	1.055782	5.618997
8022	-3613.653	-3777.783	164.1299	1.104635	5.983514
8028	-3613.994	-3778.453	164.4598	0.9257464	5.900934
8034	-3603.372	-3767.294	163.9218	1.029793	6.137572
8040	-3601.663	-3765.94	164.2771	1.123999	5.892602
8046	-3599.046	-3763.432	164.3857	1.015106	5.892602
8052	-3609.942	-3774.012	164.0692	1.082217	6.028757
8058	-3608.749	-3774.213	165.4636	0.9004712	5.363876
8064	-3600.647	-3766.009	165.3624	1.001834	5.363876
8070	-3607.27	-3772.172	164.9019	0.9147893	5.664914
8076	-3608.68	-3773.254	164.5733	0.9022933	5.851641
8082	-3605.278	-3769.5	164.222	1.056286	5.959548
8088	-3606.602	-3770.648	164.0457	1.058295	6.054603
8094	-3616.229	-3780.53	164.301	1.01574	5.938513
8100	-3612.391	-3776.144	163.753	1.01574	6.237069
8106	-3618.168	-3782.727	164.559	1.008951	5.801225
8112	-3601.846	-3765.47	163.6243	0.9556051	6.339642
8118	-3615.771	-3779.443	163.672	0.875697	6.356922
8124	-3606.186	-3770.859	164.6737	0.9009012	5.797515
8130	-3609.03	-3773.368	164.3382	0.9812421	5.937062
8136	-3611.452	-3775.79	164.3382	0.9812421	5.937062
8142	-3621.778	-3786.035	164.257	0.9812421	5.98138
8148	-3609.322	-3773.875	164.5535	0.995648	5.811523
8154	-3601.174	-3765.586	164.4118	0.9394678	5.919673
8160	-3605.983	-3770.306	164.323	1.028303	5.919673
8166	-3607.565	-3772.212	164.6462	1.060508	5.725282
8172	-3616.13	-3780.09	163.9604	1.002185	6.131621
8178	-3612.911	-3777.177	164.2665	1.055846	5.935484
8184	-3606.068	-3769.792	163.724	0.9743502	6.27531
8190	-3613.392	-3777.81	164.4172	0.9743502	5.897698
8196	-3620.572	-3785.03	164.4584	0.9330761	5.897698
8202	-3619.898	-3784.869	164.9706	0.8604869	5.656799
8208	-3614.868	-3779.352	164.4842	0.9335861	5.883321
8214	-3621.906	-3786.718	164.8122	0.943573	5.698344
8220	-3603.914	-3768.819	164.9045	0.8506532	5.698344
8226	-3609.917	-3774.741	164.8246	0.8311237	5.752657
8232	-3609.007	-3773.259	164.2519	0.8446179	6.058247
8238	-3613.662	-3777.908	164.2459	0.9004584	6.031392
8244	-3615.496	-3779.594	164.0982	1.048384	6.031392
8250	-3612.57	-3776.723	164.153	1.024051	6.014744
8256	-3609.864	-3774.486	164.6219	0.965664	5.790509
8262	-3614.087	-3778.436	164.3484	0.9979139	5.922378
8268	-3620.435	-3784.773	164.3375	0.9257918	5.967643
8274	-3606.829	-3771.106	164.2768	0.9542971	5.985279
8280	-3603.102	-3767.348	164.2463	0.9848181	5.985279
8286	-3607.014	-3770.891	163.8772	0.9532798	6.203505
8292	-3608.704	-3772.683	163.9783	0.9532798	6.148482
8298	-3604.221	-3768.19	163.9695	0.9620651	6.148482
8304	-3602.458	-3766.758	164.3002	0.926579	5.987566
8310	-3598.571	-3762.859	164.2878	0.945674	5.983979
8316	-3598.856	-3763.128	164.272	0.9614817	5.983979
8322	-3610.732	-3775.02	164.2884	0.8974585	6.009851
8328	-3614.835	-3779.142	164.3062	0.9913942	5.94896
8334	-3612.949	-3776.982	164.0329	0.9301631	6.131329
8340	-3617.55	-3781.342	163.7925	0.9856224	6.231951
8346	-3615.236	-3779.037	163.8009	1.046239	6.194425
8352	-3623.937	-3788.625	164.6878	0.9506545	5.762608
8358	-3614.001	-3778.099	164.098	0.9452787	6.087638
8364	-3596.963	-3761.335	164.3721	1.051978	5.879921
8370	-3609.78	-3773.847	164.0673	1.051978	6.046285
8376	-3611.668	-3775.81	164.1418	1.049939	6.006772
8382	-3614.667	-3778.974	164.3068	0.8845662	6.006772
8388	-3623.609	-3787.364	163.7542	0.9668287	6.262989
8394	-3621.128	-3785.259	164.1303	0.9823924	6.049854
8400	-3613.963	-3777.744	163.781	1.077228	6.188438
8406	-3617.243	-3781.043	163.8	0.981278	6.230265
8412	-3605.807	-3769.688	163.8803	0.9603245	6.197968
8418	-3608.971	-3773.383	164.4129	1.13168	5.814201
8424	-3616.421	-3780.569	164.1483	1.122104	5.963959
8430	-3618.357	-3782.002	163.6449	1.092983	6.253879
8436	-3619.91	-3784.576	164.6656	0.9864283	5.755193
8442	-3606.592	-3771.192	164.6003	1.010419	5.777834
8448	-3598.232	-3761.998	163.7656	1.004565	6.236264
8454	-3598.283	-3762.475	164.1912	0.9902879	6.012328
8460	-3597.988	-3761.725	163.7361	1.01144	6.248566
8466	-3604.332	-3768.933	164.601	0.9428448	5.814418
8472	-3617.828	-3782.436	164.6081	0.9356665	5.814418
8478	-3619.02	-3782.996	163.9769	1.000227	6.123713
8484	-3621.497	-3786.092	164.5947	1.000227	5.786483
8490	-3615.17	-3779.743	164.5726	1.022311	5.786483
8496	-3623.021	-3787.143	164.1228	0.997237	6.045864
8502	-3625.102	-3789.576	164.4743	0.9386283	5.885981
8508	-3620.284	-3784.668	164.3844	1.028588	5.885981
8514	-3609.41	-3773.812	164.4024	1.089371	5.842974
8520	-3605.023	-3769.623	164.6	0.9392148	5.816946
8526	-3604.016	-3768.783	164.7668	0.9546172	5.717171
8532	-3624.066	-3788.193	164.1273	0.9969734	6.043539
8538	-3618.12	-3782.161	164.0413	1.082993	6.043539
8544	-3616.113	-3780.338	164.2255	1.037452	5.967871
8550	-3608.073	-3771.814	163.7417	1.036172	6.232094
8556	-3609.745	-3772.899	163.1548	1.036172	6.550469
8562	-3627.254	-3791.767	164.513	1.004676	5.828737
8568	-3630.185	-3793.749	163.564	1.004676	6.345736
8574	-3615.512	-3779.365	163.8525	1.024291	6.178279
8580	-3613.491	-3777.466	163.9748	1.023476	6.112175
8586	-3622.534	-3786.903	164.3695	0.9395666	5.94269
8592	-3619.867	-3783.1	163.2326	0.9419547	6.55933
8598	-3611.245	-3775.339	164.0935	1.029822	6.044043
8604	-3608.044	-3772.261	164.2162	0.9070041	6.044043
8610	-3611.786	-3776.535	164.7491	1.004503	5.699575
8616	-3615.641	-3778.942	163.3006	1.040708	6.469056
8622	-3607.048	-3771.867	164.8187	1.018468	5.653759
8628	-3607.327	-3770.988	163.661	1.029475	6.279582
8634	-3612.903	-3777.056	164.1525	0.9729519	6.042904
8640	-3599.944	-3764.111	164.1667	0.9587367	6.042904
8646	-3606.219	-3770.705	164.4859	1.020887	5.834686
8652	-3620.208	-3783.737	163.5294	0.9231567	6.408666
8658	-3611.737	-3776.025	164.2886	0.8946698	6.011214
8664	-3615.039	-3779.782	164.7427	0.9213696	5.74859
8670	-3610	-3774.25	164.2503	0.9954936	5.977269
8676	-3612.617	-3776.903	164.2861	0.9596128	5.977269
8682	-3602.364	-3766.688	164.324	0.8991825	5.98949
8688	-3604.443	-3768.258	163.8151	0.9896952	6.217454
8694	-3602.366	-3766.292	163.9256	0.9692111	6.168509
8700	-3612.564	-3776.569	164.0056	0.9692111	6.124944
8706	-3614.669	-3778.567	163.8987	1.017723	6.156718
8712	-3612.735	-3776.914	164.1784	0.9077388	6.064211
8718	-3605.327	-3769.465	164.1379	0.9484198	6.064211
8724	-3611.575	-3776.267	164.6922	0.8973699	5.789289
8730	-3614.493	-3778.862	164.3688	1.016322	5.901193
8736	-3612.141	-3776.24	164.0988	1.010799	6.051515
8742	-3615.046	-3780.017	164.9705	0.8442454	5.665629
8748	-3616.529	-3781.318	164.7892	1.048783	5.653329
8754	-3607.472	-3772.434	164.9619	0.8756023	5.653329
8760	-3609.301	-3773.249	163.9482	1.075984	6.098101
8766	-3620.11	-3785.352	165.2426	1.015665	5.422283
8772	-3612.972	-3777.925	164.9529	0.9741178	5.604439
8778	-3604.042	-3768.965	164.923	0.9741178	5.620858
8784	-3607.902	-3771.822	163.9205	0.9741178	6.168614
8790	-3613.559	-3778.433	164.8743	0.9527243	5.659324
8796	-3616.371	-3780.886	164.5152	0.9955806	5.832507
8802	-3609.11	-3773.949	164.8383	0.9336812	5.68944
8808	-3609.261	-3774.183	164.9216	0.9820863	5.617239
8814	-3610.013	-3773.651	163.6374	0.9837732	6.317216
8820	-3603.095	-3766.766	163.6707	0.950424	6.317216
8826	-3603.495	-3768.436	164.9408	0.9948719	5.599681
8832	-3597.054	-3761.502	164.448	0.9547561	5.891527
8838	-3605.063	-3769.533	164.4699	0.9221402	5.89736
8844	-3601.306	-3766.082	164.7764	0.9221402	5.729682
8850	-3619.637	-3784.325	164.6885	0.9173224	5.780471
8856	-3610.05	-3774.795	164.7446	1.005907	5.701282
8862	-3607.292	-3771.89	164.5983	1.033418	5.766311
8868	-3603.473	-3767.284	163.811	1.026244	6.19979
8874	-3598.868	-3762.641	163.7731	1.07544	6.1937
8880	-3607.715	-3771.254	163.5392	0.9408938	6.393742
8886	-3605.122	-3770.32	165.1977	0.8994719	5.510862
8892	-3611.71	-3775.204	163.494	1.019853	6.375449
8898	-3607.638	-3772.261	164.6237	0.9651998	5.789742
8904	-3622.167	-3786.613	164.4459	0.9545591	5.892795
8910	-3623.335	-3787.829	164.4936	0.9067388	5.892795
8916	-3604.445	-3769.047	164.6017	0.9512561	5.809405
8922	-3596.165	-3760.756	164.5909	0.9620576	5.809405
8928	-3608.044	-3771.602	163.5572	0.9620576	6.372544
8934	-3611.52	-3775.263	163.743	1.023961	6.238044
8940	-3612.001	-3775.796	163.7956	1.029263	6.206543
8946	-3612.481	-3775.807	163.3265	1.006047	6.473792
8952	-3617.896	-3782.348	164.4517	0.9511227	5.891507
8958	-3610.372	-3774.688	164.3159	1.087026	5.891507
8964	-3610.091	-3774.556	164.4657	0.937133	5.891507
8970	-3608.984	-3773.288	164.3036	1.046064	5.920545
8976	-3615.049	-3779.361	164.3129	1.032948	5.922642
8982	-3619.534	-3784.187	164.6535	0.7928772	5.866618
8988	-3619.088	-3783.651	164.5623	1.05598	5.773683
8994	-3612.896	-3777.775	164.8797	0.9387415	5.664014
9000	-3608.484	-3773.396	164.9115	0.9351147	5.648519
