Iteration	Posterior	Likelihood	Prior	tree_length
0	-1423.352	-1596.346	172.9945	1.299345
6	-1415.183	-1588.056	172.873	1.395898
12	-1417.05	-1590.302	173.2512	1.077275
18	-1415.286	-1588.671	173.3855	0.9441643
24	-1415.641	-1588.828	173.187	1.135812
30	-1409.156	-1582.294	173.1381	1.178878
36	-1412.477	-1585.597	173.1199	1.194589
42	-1422.762	-1595.755	172.9923	1.301062
48	-1419.634	-1592.902	173.2684	1.0611
54	-1422.896	-1596.265	173.3684	0.9621841
60	-1425.58	-1598.675	173.0946	1.216227
66	-1422.685	-1595.87	173.1856	1.13703
72	-1427.65	-1600.732	173.0821	1.226779
78	-1413.127	-1586.402	173.2746	1.055209
84	-1412.209	-1585.403	173.194	1.129547
90	-1413.813	-1587.022	173.209	1.116048
96	-1412.398	-1585.5	173.1021	1.209808
102	-1415.251	-1588.507	173.2558	1.072931
108	-1414.489	-1587.745	173.2558	1.072931
114	-1415.517	-1588.444	172.9267	1.35374
120	-1411.809	-1584.958	173.1491	1.169262
126	-1418.875	-1592.106	173.2311	1.095844
132	-1409.592	-1582.629	173.0372	1.264302
138	-1422.511	-1595.711	173.2	1.124134
144	-1410.695	-1583.947	173.252	1.076485
150	-1413.135	-1586.34	173.2051	1.119521
156	-1422.274	-1595.304	173.0302	1.270116
162	-1415.001	-1588.214	173.2131	1.112284
168	-1423.071	-1596.284	173.2131	1.112284
174	-1414.7	-1587.912	173.212	1.113304
180	-1412.365	-1585.541	173.1761	1.145556
186	-1412.53	-1585.445	172.9145	1.363394
192	-1405.117	-1578.443	173.3257	1.005593
198	-1405.919	-1578.951	173.0318	1.268725
204	-1425.448	-1598.651	173.2026	1.121786
210	-1437.581	-1610.62	173.0394	1.262499
216	-1420.909	-1594.058	173.1489	1.169493
222	-1412.466	-1585.439	172.9726	1.317028
228	-1428	-1601.204	173.2039	1.12065
234	-1409.251	-1582.473	173.2225	1.103762
240	-1399.08	-1572.335	173.255	1.073674
246	-1411.737	-1585.057	173.32	1.011193
252	-1413.597	-1586.674	173.0768	1.231258
258	-1410.536	-1583.539	173.003	1.29239
264	-1412.506	-1585.594	173.0878	1.221944
270	-1414.495	-1587.616	173.1211	1.193564
276	-1410.544	-1583.83	173.2858	1.044556
282	-1422.942	-1596.111	173.169	1.15185
288	-1421.532	-1594.678	173.1461	1.171878
294	-1429.198	-1602.344	173.1461	1.171878
300	-1433.04	-1606.107	173.0674	1.239142
306	-1430.989	-1604.027	173.0384	1.263316
312	-1424.2	-1597.327	173.1273	1.188177
318	-1408.564	-1581.692	173.1273	1.188177
324	-1409.056	-1582.154	173.0982	1.213161
330	-1415.716	-1588.881	173.1651	1.155293
336	-1415.484	-1588.649	173.1651	1.155293
342	-1423.357	-1596.278	172.9209	1.358298
348	-1422.434	-1595.355	172.9209	1.358298
354	-1415.627	-1588.919	173.2916	1.038937
360	-1400.487	-1573.715	173.2282	1.098512
366	-1416.648	-1589.746	173.0975	1.21375
372	-1411.052	-1584.261	173.2088	1.116216
378	-1402.963	-1576.266	173.3028	1.028112
384	-1402.518	-1575.925	173.4073	0.9206424
390	-1413.266	-1586.674	173.4073	0.9206424
396	-1416.061	-1589.339	173.2781	1.051898
402	-1428.21	-1601.355	173.1444	1.17343
408	-1441.625	-1614.769	173.1444	1.17343
414	-1424.649	-1597.737	173.0873	1.222424
420	-1413.18	-1586.243	173.0623	1.24339
426	-1419.291	-1592.567	173.2763	1.053643
432	-1419.566	-1592.76	173.1936	1.129895
438	-1414.176	-1587.287	173.111	1.202208
444	-1424.809	-1598.034	173.2249	1.10151
450	-1417.613	-1590.6	172.9872	1.305228
456	-1413.95	-1586.94	172.9895	1.303349
462	-1414.602	-1587.592	172.9895	1.303349
468	-1407.814	-1580.897	173.0831	1.225939
474	-1415.533	-1588.729	173.1964	1.127421
480	-1405.873	-1579.164	173.2913	1.039272
486	-1414.881	-1588.017	173.1355	1.181101
492	-1428.935	-1602.063	173.128	1.187593
498	-1423.921	-1597.049	173.128	1.187593
504	-1418.506	-1591.634	173.128	1.187593
510	-1421.329	-1594.508	173.1786	1.143324
516	-1411.709	-1584.688	172.9792	1.311665
522	-1421.098	-1594.229	173.1313	1.184776
528	-1419.602	-1592.737	173.1356	1.181072
534	-1415.172	-1588.439	173.2674	1.062003
540	-1415.576	-1588.795	173.2192	1.106716
546	-1421.768	-1594.837	173.0693	1.237545
552	-1415.417	-1588.686	173.2691	1.060448
558	-1415.233	-1588.346	173.113	1.200492
564	-1417.023	-1590.183	173.1607	1.159139
570	-1412.619	-1585.614	172.9951	1.298827
576	-1412.066	-1585.061	172.9951	1.298827
582	-1422.192	-1595.386	173.1934	1.1301
588	-1422.311	-1595.495	173.1845	1.138065
594	-1413.377	-1586.519	173.1423	1.175221
600	-1424.487	-1597.59	173.1033	1.208844
606	-1422.327	-1595.606	173.2792	1.050861
612	-1425.401	-1598.477	173.0765	1.231484
618	-1428.516	-1601.616	173.1001	1.211551
624	-1422.377	-1595.477	173.1001	1.211551
630	-1428.444	-1601.535	173.0917	1.218697
636	-1405.955	-1579.047	173.0917	1.218697
642	-1415.629	-1588.858	173.2293	1.097498
648	-1405.558	-1578.659	173.1015	1.210351
654	-1431.669	-1604.848	173.179	1.142976
660	-1422.003	-1595.103	173.1003	1.211332
666	-1417.223	-1590.491	173.2671	1.062313
672	-1426.632	-1599.794	173.1622	1.157798
678	-1413.749	-1587.041	173.2913	1.039274
684	-1407.953	-1581.168	173.215	1.110545
690	-1414.442	-1587.574	173.1323	1.183939
696	-1421.066	-1594.198	173.1322	1.183959
702	-1429.53	-1602.683	173.1533	1.16558
708	-1419.214	-1592.367	173.1533	1.16558
714	-1419.301	-1592.418	173.1174	1.196729
720	-1439.231	-1612.435	173.2036	1.12087
726	-1437.357	-1610.657	173.3001	1.030693
732	-1415.903	-1588.86	172.9567	1.329793
738	-1414.375	-1587.495	173.1196	1.194881
744	-1424.377	-1597.676	173.2983	1.0325
750	-1423.6	-1596.739	173.1387	1.178389
756	-1427.009	-1600.222	173.2124	1.112975
762	-1423.023	-1596.004	172.9806	1.310607
768	-1414.388	-1587.451	173.0628	1.242994
774	-1408.327	-1581.39	173.0627	1.243065
780	-1411.032	-1584.095	173.0627	1.243065
786	-1414.921	-1588.109	173.1887	1.134277
792	-1415.114	-1588.313	173.1992	1.124836
798	-1405.316	-1578.47	173.1545	1.164544
804	-1407.08	-1580.188	173.1078	1.20497
810	-1401.33	-1574.579	173.2485	1.079772
816	-1404.17	-1577.378	173.2077	1.117191
822	-1407.351	-1580.585	173.2338	1.093387
828	-1410.028	-1583.162	173.1343	1.182199
834	-1407.886	-1581.247	173.3612	0.9696447
840	-1407.295	-1580.421	173.1261	1.189221
846	-1409.528	-1582.633	173.1045	1.207758
852	-1421.411	-1594.497	173.0866	1.222991
858	-1419.288	-1592.375	173.0866	1.222991
864	-1423.935	-1596.988	173.0539	1.250433
870	-1412.121	-1585.319	173.1985	1.125521
876	-1413.686	-1586.953	173.2671	1.062301
882	-1427.39	-1600.358	172.9681	1.320642
888	-1416.899	-1590.226	173.3265	1.004764
894	-1418.193	-1591.33	173.1373	1.179573
900	-1420.996	-1593.972	172.9753	1.31485
906	-1407.11	-1580.279	173.1693	1.151519
912	-1403.423	-1576.462	173.0395	1.262374
918	-1421.459	-1594.544	173.0856	1.223803
924	-1417.364	-1590.526	173.162	1.158001
930	-1419.914	-1593.23	173.3152	1.015982
936	-1411.803	-1584.977	173.1735	1.147823
942	-1419.937	-1593.002	173.0645	1.241584
948	-1419.203	-1592.402	173.1994	1.124673
954	-1428.533	-1601.797	173.2641	1.065171
960	-1426.994	-1600.231	173.2366	1.090787
966	-1405.091	-1578.361	173.2706	1.059023
972	-1418.794	-1591.791	172.997	1.29725
978	-1409.541	-1582.574	173.0337	1.26721
984	-1402.514	-1575.812	173.2983	1.032482
990	-1408.752	-1582.025	173.2728	1.05688
996	-1419.155	-1592.32	173.1647	1.155625
1002	-1422.224	-1595.435	173.2105	1.114678
1008	-1420.149	-1593.36	173.2105	1.114678
1014	-1411.227	-1584.469	173.2422	1.085579
1020	-1417.701	-1590.943	173.242	1.085793
1026	-1422.283	-1595.359	173.0758	1.232135
1032	-1429.267	-1602.395	173.128	1.187585
1038	-1418.785	-1591.688	172.9026	1.372723
1044	-1417.672	-1590.644	172.9716	1.317848
1050	-1415.744	-1588.716	172.9716	1.317848
1056	-1413.023	-1586.168	173.1448	1.173027
1062	-1415.323	-1588.286	172.9625	1.325136
1068	-1412.174	-1585.158	172.9846	1.307311
1074	-1422.776	-1595.918	173.1426	1.174991
1080	-1410.398	-1583.54	173.1411	1.176305
1086	-1415.814	-1589.128	173.3135	1.017609
1092	-1423.058	-1596.093	173.0352	1.265981
1098	-1429.056	-1602.403	173.3468	0.9843584
1104	-1407.567	-1580.676	173.1093	1.203709
1110	-1414.042	-1587.265	173.2233	1.103014
1116	-1415.405	-1588.392	172.9875	1.305021
1122	-1420.468	-1593.574	173.1064	1.206148
1128	-1406.369	-1579.476	173.107	1.205661
1134	-1407.808	-1581.124	173.316	1.015206
1140	-1406.562	-1579.774	173.2121	1.113215
1146	-1406.348	-1579.561	173.2125	1.112897
1152	-1405.909	-1579.088	173.1792	1.142734
1158	-1410.927	-1584.051	173.1236	1.191451
1164	-1421.062	-1594.229	173.1677	1.152981
1170	-1415.789	-1588.956	173.1677	1.152981
1176	-1412.571	-1585.837	173.2655	1.063861
1182	-1420.57	-1593.866	173.2951	1.035535
1188	-1410.173	-1582.953	172.78	1.46739
1194	-1418.403	-1591.672	173.2689	1.060603
1200	-1412.034	-1585.065	173.0307	1.269683
1206	-1407.799	-1581.075	173.2761	1.053809
1212	-1405.289	-1578.48	173.191	1.132212
1218	-1406.872	-1580.099	173.227	1.099584
1224	-1411.884	-1584.902	173.0179	1.280214
1230	-1402.272	-1575.491	173.2193	1.106687
1236	-1408.459	-1581.559	173.0999	1.211668
1242	-1414.11	-1587.465	173.3545	0.9765429
1248	-1421.501	-1594.583	173.0819	1.226976
1254	-1417.382	-1590.529	173.1477	1.170503
1260	-1409.727	-1582.875	173.1477	1.170503
1266	-1402.753	-1575.881	173.1282	1.187467
1272	-1426.807	-1599.926	173.1189	1.195433
1278	-1422.082	-1595.136	173.0536	1.250692
1284	-1421.23	-1594.44	173.2099	1.115203
1290	-1428.221	-1601.176	172.955	1.331188
1296	-1434.096	-1607.378	173.2823	1.047916
1302	-1427.031	-1600.102	173.0714	1.23579
1308	-1428.768	-1601.861	173.0932	1.217416
1314	-1412.489	-1585.564	173.0754	1.232449
1320	-1419.714	-1592.906	173.1916	1.131671
1326	-1426.986	-1600.178	173.1916	1.131671
1332	-1431.03	-1604.221	173.1916	1.131671
1338	-1422.116	-1595.181	173.0646	1.241518
1344	-1423.747	-1596.926	173.1794	1.142554
1350	-1415.45	-1588.643	173.193	1.130486
1356	-1410.735	-1584.134	173.3986	0.9301161
1362	-1410.446	-1583.531	173.0851	1.224252
1368	-1412.695	-1586.014	173.3189	1.012259
1374	-1408.646	-1581.786	173.1401	1.177104
1380	-1415.132	-1588.335	173.2031	1.1214
1386	-1425.921	-1599.114	173.1926	1.130851
1392	-1423.306	-1596.518	173.2122	1.113161
1398	-1411.169	-1584.421	173.252	1.076531
1404	-1409.188	-1582.398	173.2098	1.11527
1410	-1413.826	-1586.804	172.9785	1.31227
1416	-1409.04	-1582.267	173.2266	1.099973
1422	-1409.091	-1582.252	173.1613	1.158632
1428	-1420.409	-1593.628	173.2192	1.106723
1434	-1413.251	-1586.416	173.165	1.155353
1440	-1421.199	-1594.456	173.2576	1.071295
1446	-1418.066	-1591.352	173.286	1.044322
1452	-1420.832	-1594.105	173.2732	1.056505
1458	-1415.345	-1588.399	173.0539	1.250476
1464	-1412.061	-1585.115	173.0539	1.250476
1470	-1417.15	-1590.556	173.4061	0.9219851
1476	-1432.55	-1605.73	173.1795	1.142477
1482	-1440.622	-1613.776	173.1544	1.164614
1488	-1434.059	-1607.241	173.182	1.140298
1494	-1425.073	-1598.255	173.182	1.140298
1500	-1421.205	-1594.417	173.2122	1.113087
1506	-1417.569	-1590.567	172.998	1.296448
1512	-1410.823	-1583.86	173.0374	1.264141
1518	-1424.625	-1597.853	173.2276	1.099102
1524	-1417.894	-1591.226	173.3317	0.9996228
1530	-1417.836	-1591.066	173.2299	1.096975
1536	-1412.077	-1585.195	173.1181	1.196171
1542	-1412.844	-1586.152	173.3076	1.023412
1548	-1411.58	-1584.774	173.1937	1.12981
1554	-1408.684	-1581.697	173.0127	1.284501
1560	-1406.17	-1579.407	173.237	1.090455
1566	-1400.27	-1573.422	173.1521	1.166629
1572	-1407.17	-1580.248	173.078	1.230208
1578	-1416.939	-1590.065	173.1255	1.189762
1584	-1416.405	-1589.533	173.1281	1.187567
1590	-1417.868	-1591.11	173.2424	1.085463
1596	-1410.442	-1583.663	173.221	1.10513
1602	-1415.202	-1588.408	173.2064	1.118398
1608	-1413.746	-1586.953	173.2064	1.118398
1614	-1418.49	-1591.716	173.226	1.100575
1620	-1415.893	-1589.162	173.2687	1.06076
1626	-1416.849	-1589.87	173.0206	1.278006
1632	-1416.904	-1590.041	173.1377	1.179211
1638	-1407.595	-1580.795	173.2	1.124145
1644	-1415.947	-1589.224	173.2775	1.052462
1650	-1415.188	-1588.482	173.2937	1.036933
1656	-1421.611	-1594.905	173.2937	1.036933
1662	-1419.884	-1592.973	173.0888	1.22111
1668	-1407.42	-1580.522	173.1023	1.209669
1674	-1415.261	-1588.416	173.1548	1.164262
1680	-1406.661	-1579.931	173.2707	1.058949
1686	-1408.558	-1581.858	173.3002	1.03063
1692	-1412.6	-1585.9	173.3002	1.03063
1698	-1406.789	-1579.75	172.9606	1.326691
1704	-1405.736	-1578.725	172.9894	1.303481
1710	-1408.019	-1580.972	172.953	1.332736
1716	-1411.098	-1584.33	173.2322	1.094876
1722	-1416.453	-1589.715	173.2624	1.066767
1728	-1411.781	-1584.905	173.1242	1.190887
1734	-1418.447	-1591.638	173.1908	1.132447
1740	-1406.493	-1579.746	173.2534	1.075203
1746	-1401.655	-1574.916	173.2613	1.067751
1752	-1406.879	-1580.141	173.2613	1.067751
1758	-1419.178	-1592.132	172.9544	1.331684
1764	-1425.834	-1598.919	173.0846	1.224687
1770	-1407.829	-1580.998	173.1687	1.152114
1776	-1419.751	-1592.877	173.1254	1.189843
1782	-1424.241	-1597.425	173.1842	1.138347
1788	-1411.835	-1585.071	173.2358	1.091546
1794	-1413.531	-1586.759	173.2284	1.098312
1800	-1415.073	-1588.333	173.2596	1.069361
1806	-1437.459	-1610.715	173.256	1.072717
1812	-1419.467	-1592.62	173.1527	1.166147
1818	-1425.96	-1599.075	173.1142	1.199503
1824	-1424.245	-1597.251	173.0055	1.29034
1830	-1410.788	-1583.902	173.1136	1.199994
1836	-1423.017	-1595.989	172.9723	1.31727
1842	-1420.652	-1593.661	173.0094	1.287176
1848	-1426.324	-1599.655	173.3315	0.9997569
1854	-1419.136	-1592.399	173.263	1.066159
1860	-1430.6	-1603.889	173.2892	1.041302
1866	-1437.98	-1611.06	173.0792	1.229236
1872	-1420.112	-1593.176	173.0639	1.242089
1878	-1426.999	-1600.063	173.0639	1.242089
1884	-1414.537	-1587.544	173.0071	1.289017
1890	-1420.782	-1593.781	172.9986	1.296006
1896	-1419.598	-1592.971	173.3732	0.957175
1902	-1412.715	-1586.088	173.3732	0.957175
1908	-1418.415	-1591.612	173.1976	1.126311
1914	-1418.849	-1592.055	173.206	1.11872
1920	-1407.703	-1580.689	172.986	1.306199
1926	-1409.95	-1583.108	173.1582	1.161342
1932	-1405.746	-1579.112	173.3659	0.9647758
1938	-1409.432	-1582.722	173.2903	1.040236
1944	-1413.62	-1586.821	173.201	1.123286
1950	-1415.453	-1588.493	173.0394	1.26246
1956	-1414.096	-1587.27	173.1732	1.148092
1962	-1427.62	-1600.784	173.1639	1.156341
1968	-1420.066	-1593.084	173.0188	1.279455
1974	-1411.426	-1584.672	173.2457	1.082405
1980	-1408.91	-1582.146	173.2359	1.091486
1986	-1413.455	-1586.421	172.9658	1.322477
1992	-1422.666	-1595.865	173.1994	1.124733
1998	-1420.567	-1593.766	173.1994	1.124733
2004	-1417.912	-1591.24	173.3281	1.003152
2010	-1428.431	-1601.646	173.2153	1.110324
2016	-1418.327	-1591.601	173.2732	1.05652
2022	-1415.245	-1588.489	173.2438	1.084085
2028	-1416.145	-1589.238	173.0928	1.217766
2034	-1416.991	-1590.249	173.2574	1.071405
2040	-1412.705	-1585.962	173.2574	1.071405
2046	-1409.694	-1582.975	173.2817	1.048431
2052	-1410.306	-1583.595	173.2895	1.040988
2058	-1410.086	-1583.376	173.2895	1.040988
2064	-1415.125	-1588.325	173.2001	1.124067
2070	-1417.078	-1590.323	173.2449	1.083141
2076	-1438.307	-1611.527	173.2196	1.10643
2082	-1433.601	-1606.703	173.1014	1.210409
2088	-1442.77	-1615.933	173.1622	1.157769
2094	-1413.677	-1586.793	173.1159	1.198038
2100	-1410.682	-1583.68	172.9984	1.296155
2106	-1410.792	-1584.061	173.2683	1.061188
2112	-1418.75	-1592.031	173.2808	1.049292
2118	-1422.156	-1595.435	173.2791	1.050899
2124	-1416.475	-1589.617	173.1422	1.175301
2130	-1418.457	-1591.436	172.9794	1.311582
2136	-1425.261	-1598.343	173.082	1.226857
2142	-1421.926	-1595.121	173.1948	1.128863
2148	-1432.402	-1605.308	172.9068	1.36945
2154	-1422.622	-1595.777	173.1556	1.1636
2160	-1421.039	-1594.176	173.1369	1.179922
2166	-1412.288	-1585.334	173.0455	1.257432
2172	-1410.357	-1583.396	173.0388	1.263009
2178	-1406.386	-1579.632	173.2458	1.082243
2184	-1412.739	-1585.936	173.1966	1.127212
2190	-1416.401	-1589.595	173.1942	1.129331
2196	-1415.747	-1588.752	173.0056	1.290304
2202	-1418.357	-1591.412	173.055	1.249499
2208	-1409.732	-1582.798	173.066	1.240367
2214	-1416.452	-1589.471	173.0188	1.27949
2220	-1402.252	-1575.2	172.9483	1.336495
2226	-1415.101	-1588.279	173.1781	1.143785
2232	-1405.097	-1578.488	173.3908	0.9385333
2238	-1409.256	-1582.5	173.244	1.08398
2244	-1405.578	-1578.858	173.2792	1.0508
2250	-1406.438	-1579.429	172.9917	1.301619
2256	-1400.625	-1573.817	173.1919	1.131405
2262	-1411.201	-1584.426	173.2248	1.101635
2268	-1418.004	-1591.33	173.3258	1.005421
2274	-1412.829	-1585.932	173.1032	1.208893
2280	-1415.457	-1588.435	172.9789	1.311981
2286	-1413.494	-1586.565	173.0714	1.235824
2292	-1417.486	-1590.768	173.2816	1.048509
2298	-1418.558	-1591.84	173.2816	1.048509
2304	-1415.127	-1588.328	173.2006	1.1236
2310	-1412.589	-1585.749	173.1601	1.159624
2316	-1412.563	-1585.973	173.4104	0.9172624
2322	-1404.775	-1577.959	173.1837	1.138732
2328	-1401.794	-1574.985	173.1917	1.131573
2334	-1403.398	-1576.59	173.1917	1.131573
2340	-1433.653	-1606.823	173.1703	1.150657
2346	-1419.573	-1592.763	173.1898	1.133354
2352	-1427.15	-1600.34	173.1898	1.133354
2358	-1408.138	-1581.411	173.2739	1.055914
2364	-1407.46	-1580.656	173.196	1.127732
2370	-1422.274	-1595.624	173.3507	0.9803814
2376	-1415.147	-1588.498	173.3507	0.9803814
2382	-1406.937	-1579.928	172.9905	1.302524
2388	-1404.955	-1578.312	173.3568	0.9740978
2394	-1414.649	-1587.804	173.155	1.164104
2400	-1420.877	-1594.15	173.2734	1.056398
2406	-1412.287	-1585.509	173.2226	1.103641
2412	-1418.725	-1591.927	173.2026	1.121795
2418	-1412.357	-1585.552	173.1946	1.129055
2424	-1411.249	-1584.552	173.3033	1.027565
2430	-1408.336	-1581.565	173.2289	1.097875
2436	-1422.014	-1595.192	173.1778	1.144046
2442	-1416.067	-1589.245	173.1778	1.144046
2448	-1421.767	-1594.961	173.1945	1.129128
2454	-1418.679	-1591.874	173.1945	1.129128
2460	-1425.659	-1598.913	173.2532	1.075422
2466	-1423.085	-1596.178	173.0934	1.217215
2472	-1430.637	-1603.637	173.0006	1.294336
2478	-1419.851	-1592.819	172.9688	1.320082
2484	-1412.446	-1585.556	173.1097	1.203309
2490	-1416.532	-1589.649	173.1166	1.197399
2496	-1417.661	-1590.839	173.1787	1.143199
2502	-1425.936	-1599.115	173.1787	1.143199
2508	-1422.443	-1595.558	173.1152	1.198625
2514	-1430.276	-1603.259	172.983	1.30864
2520	-1433.103	-1606.182	173.079	1.229427
2526	-1429.403	-1602.348	172.9447	1.339409
2532	-1418.991	-1592.218	173.2272	1.099413
2538	-1419.572	-1592.763	173.1914	1.131868
2544	-1432.694	-1605.792	173.0979	1.21339
2550	-1414.372	-1587.229	172.8578	1.407741
2556	-1415.391	-1588.373	172.9828	1.308798
2562	-1419.33	-1592.615	173.2854	1.044891
2568	-1409.076	-1582.228	173.1519	1.166843
2574	-1400.38	-1573.579	173.1987	1.125318
2580	-1411.692	-1584.891	173.1987	1.125318
2586	-1420.552	-1593.862	173.3101	1.020927
2592	-1407.959	-1580.896	172.9374	1.345226
2598	-1409.096	-1582.328	173.2322	1.094826
2604	-1400.613	-1573.94	173.3268	1.004465
2610	-1400.48	-1573.662	173.1822	1.140116
2616	-1408.123	-1581.305	173.1822	1.140063
2622	-1409.375	-1582.705	173.3298	1.001479
2628	-1409.929	-1583.031	173.102	1.209938
2634	-1407.155	-1580.312	173.1573	1.162079
2640	-1424.615	-1597.866	173.2512	1.077213
2646	-1417.192	-1590.242	173.0499	1.253794
2652	-1422.546	-1595.741	173.1955	1.128174
2658	-1414.047	-1587.21	173.1631	1.157003
2664	-1421.059	-1594.048	172.9891	1.303654
2670	-1416.422	-1589.691	173.2688	1.060727
2676	-1418.114	-1591.372	173.2586	1.070278
2682	-1411.105	-1584.378	173.2729	1.056851
2688	-1408.638	-1581.679	173.0416	1.260637
2694	-1422.434	-1595.596	173.1617	1.158211
2700	-1420.04	-1593.301	173.2607	1.068302
2706	-1418.717	-1591.978	173.2607	1.068302
2712	-1426.651	-1599.936	173.285	1.045318
2718	-1433.593	-1606.878	173.285	1.045318
2724	-1419.233	-1592.411	173.1787	1.1432
2730	-1414.901	-1588.08	173.1787	1.1432
2736	-1420.261	-1593.625	173.3634	0.9673749
2742	-1419.046	-1592.156	173.1096	1.203418
2748	-1412.885	-1585.934	173.0489	1.254602
2754	-1413.024	-1586.309	173.2852	1.045131
2760	-1403.189	-1576.194	173.005	1.290783
2766	-1406.314	-1579.539	173.2253	1.101156
2772	-1408.78	-1582.005	173.2253	1.101156
2778	-1412.951	-1586.177	173.2253	1.101156
2784	-1414.728	-1587.952	173.2234	1.102889
2790	-1416.174	-1589.41	173.2353	1.091969
2796	-1412.01	-1585.245	173.2353	1.091969
2802	-1408.754	-1581.996	173.2426	1.085282
2808	-1403.674	-1576.914	173.2401	1.087515
2814	-1410.877	-1583.952	173.075	1.232744
2820	-1410.098	-1583.408	173.31	1.021039
2826	-1409.845	-1583.235	173.3902	0.9391679
2832	-1405.24	-1578.492	173.2518	1.07671
2838	-1405.421	-1578.592	173.1714	1.149701
2844	-1415.322	-1588.46	173.1382	1.178798
2850	-1415.961	-1589.166	173.205	1.11967
2856	-1415.099	-1588.441	173.3417	0.9895395
2862	-1425.732	-1598.893	173.1613	1.158553
2868	-1415.861	-1589.075	173.2142	1.111284
2874	-1415.876	-1589.101	173.2245	1.101897
2880	-1425.432	-1598.718	173.2866	1.043713
2886	-1409.776	-1583.12	173.3439	0.9873291
2892	-1409.737	-1582.819	173.0819	1.226999
2898	-1408.745	-1582.016	173.2716	1.058078
2904	-1399.421	-1572.71	173.2893	1.0412
2910	-1402.399	-1575.688	173.2893	1.0412
2916	-1402.49	-1575.779	173.2893	1.0412
2922	-1393.796	-1567.086	173.2893	1.0412
2928	-1405.088	-1578.307	173.2195	1.106457
2934	-1417.042	-1590.261	173.2195	1.106457
2940	-1403.609	-1576.8	173.1911	1.132166
2946	-1420.206	-1593.397	173.1911	1.132166
2952	-1419.831	-1592.969	173.1381	1.178906
2958	-1420.29	-1593.59	173.2999	1.030916
2964	-1418.271	-1591.283	173.0128	1.284396
2970	-1410.876	-1584.123	173.2469	1.081274
2976	-1398.738	-1571.932	173.194	1.129563
2982	-1410.566	-1583.629	173.0627	1.243055
2988	-1424.818	-1597.966	173.148	1.170252
2994	-1411.929	-1585.082	173.153	1.165902
3000	-1414.535	-1587.878	173.3428	0.9883821
3006	-1420.522	-1593.537	173.0148	1.282773
3012	-1420.74	-1594	173.2597	1.069299
3018	-1416.231	-1589.472	173.2412	1.086504
3024	-1409.313	-1582.505	173.1918	1.131506
3030	-1406.705	-1579.791	173.0861	1.223438
3036	-1410.806	-1583.777	172.9711	1.318262
3042	-1416.503	-1589.659	173.1556	1.163605
3048	-1417.763	-1591.146	173.383	0.9468004
3054	-1420.137	-1593.497	173.3606	0.9702289
3060	-1413.15	-1586.201	173.0502	1.253495
3066	-1419.679	-1592.927	173.2485	1.079746
3072	-1412.584	-1585.69	173.1064	1.206164
3078	-1416.558	-1589.717	173.1589	1.160733
3084	-1427.626	-1600.72	173.0947	1.216125
3090	-1416.67	-1589.692	173.0218	1.277022
3096	-1417.73	-1590.829	173.0984	1.212942
3102	-1410.135	-1583.396	173.2613	1.067804
3108	-1420.221	-1593.297	173.0756	1.232276
3114	-1418.263	-1591.566	173.3034	1.027499
3120	-1423.79	-1597.046	173.2556	1.073091
3126	-1432.879	-1606.205	173.3268	1.00449
3132	-1429.561	-1602.756	173.1941	1.129449
3138	-1429.517	-1602.755	173.2376	1.089877
3144	-1427.574	-1600.452	172.8778	1.392175
3150	-1417.589	-1590.671	173.0819	1.226948
3156	-1422.914	-1596.193	173.2783	1.051689
3162	-1416.313	-1589.313	173.0005	1.294429
3168	-1416.049	-1589.144	173.095	1.215875
3174	-1418.086	-1591.228	173.1422	1.175316
3180	-1433.245	-1606.258	173.0125	1.284589
3186	-1419.205	-1592.483	173.2783	1.051661
3192	-1422.49	-1595.47	172.9802	1.310889
3198	-1414.657	-1587.671	173.0147	1.282816
3204	-1418.246	-1591.529	173.2832	1.047007
3210	-1405.663	-1578.791	173.1282	1.187474
3216	-1412.316	-1585.579	173.2624	1.066706
3222	-1409.207	-1582.415	173.2079	1.117054
3228	-1402.084	-1575.323	173.2393	1.088306
3234	-1405.703	-1578.865	173.1611	1.158729
3240	-1409.934	-1583.193	173.2585	1.070441
3246	-1410.399	-1583.407	173.0076	1.288646
3252	-1411.007	-1584.115	173.1079	1.204909
3258	-1415.739	-1588.81	173.0712	1.235974
3264	-1418.9	-1592.192	173.2921	1.038417
3270	-1425.913	-1598.935	173.0215	1.277217
3276	-1397.941	-1571.156	173.215	1.110574
3282	-1397.777	-1570.913	173.136	1.180662
3288	-1401.62	-1574.869	173.2484	1.07986
3294	-1410.113	-1583.253	173.1397	1.177518
3300	-1423.581	-1596.765	173.1839	1.138552
3306	-1420.87	-1593.97	173.0997	1.211891
3312	-1409.954	-1583.108	173.1541	1.164953
3318	-1403.689	-1576.815	173.1265	1.188872
3324	-1408.641	-1581.701	173.06	1.245373
3330	-1417.92	-1591.043	173.1225	1.192395
3336	-1417.588	-1590.915	173.3266	1.004629
3342	-1417.564	-1590.899	173.3354	0.9959062
3348	-1439.718	-1612.86	173.1425	1.175048
3354	-1422.912	-1596.221	173.3096	1.021463
3360	-1429.355	-1602.429	173.0743	1.233391
3366	-1417.34	-1590.383	173.0436	1.259036
3372	-1417.8	-1590.939	173.1387	1.178335
3378	-1431.143	-1604.04	172.8971	1.377048
3384	-1434.664	-1607.892	173.2288	1.097975
3390	-1418.594	-1591.823	173.2288	1.097975
3396	-1406.828	-1579.859	173.0307	1.269705
3402	-1418.601	-1591.735	173.1341	1.182363
3408	-1418.931	-1591.986	173.0549	1.249584
3414	-1417.459	-1590.541	173.0816	1.227255
3420	-1415.157	-1588.239	173.0816	1.227255
3426	-1408.765	-1581.96	173.1948	1.128874
3432	-1415.482	-1588.649	173.1675	1.153107
3438	-1419.939	-1593.05	173.111	1.202192
3444	-1420.603	-1593.714	173.111	1.202192
3450	-1418.726	-1592.061	173.3352	0.9960292
3456	-1424.791	-1597.73	172.9393	1.343742
3462	-1425.089	-1598.224	173.1346	1.181873
3468	-1422.79	-1595.934	173.1447	1.173111
3474	-1418.607	-1591.721	173.1141	1.199608
3480	-1433.962	-1607.105	173.1422	1.175305
3486	-1414.219	-1587.417	173.1975	1.126371
3492	-1416.523	-1589.543	173.0199	1.278577
3498	-1413.19	-1586.42	173.2299	1.096964
3504	-1406.187	-1579.404	173.2176	1.108248
3510	-1412.152	-1585.403	173.251	1.077478
3516	-1404.795	-1578.004	173.209	1.116011
3522	-1403.875	-1577.066	173.1912	1.132072
3528	-1411.891	-1585.194	173.3032	1.027673
3534	-1408.733	-1581.794	173.0606	1.244861
3540	-1415.056	-1588.117	173.0606	1.244861
3546	-1421.409	-1594.556	173.1467	1.171423
3552	-1405.087	-1578.234	173.1467	1.171423
3558	-1413.388	-1586.574	173.186	1.136686
3564	-1413.193	-1586.346	173.1537	1.165244
3570	-1414.623	-1587.584	172.9606	1.326685
3576	-1425.702	-1598.933	173.2315	1.095471
3582	-1424.841	-1597.949	173.1071	1.205561
3588	-1417.796	-1590.912	173.1156	1.198259
3594	-1418.748	-1591.871	173.1231	1.191881
3600	-1413.226	-1586.349	173.1231	1.191881
3606	-1423.111	-1596.345	173.2337	1.093506
3612	-1414.285	-1587.376	173.0907	1.219545
3618	-1402.738	-1576.012	173.2741	1.05565
3624	-1415.436	-1588.754	173.3178	1.013354
3630	-1413.407	-1586.575	173.1678	1.152905
3636	-1412.363	-1585.507	173.144	1.173744
3642	-1400.114	-1573.335	173.2204	1.105643
3648	-1420.52	-1593.755	173.2341	1.093123
3654	-1415.793	-1588.896	173.1027	1.209285
3660	-1412.452	-1585.746	173.2942	1.03639
3666	-1417.585	-1590.569	172.9835	1.308206
3672	-1435.996	-1609.301	173.3045	1.026464
3678	-1428.362	-1601.486	173.1235	1.191522
3684	-1429.055	-1602.265	173.2096	1.115505
3690	-1433.069	-1606.25	173.1808	1.141307
3696	-1429.697	-1602.772	173.0751	1.232663
3702	-1417.94	-1591.101	173.1611	1.158742
3708	-1416.638	-1589.746	173.1082	1.204658
3714	-1409.981	-1582.995	173.0141	1.283325
3720	-1426.746	-1599.948	173.2023	1.122123
3726	-1415.854	-1589.195	173.3413	0.9899676
3732	-1409.88	-1583.065	173.1855	1.137139
3738	-1413.852	-1586.827	172.9755	1.314684
3744	-1412.746	-1585.819	173.0729	1.234511
3750	-1421.845	-1594.969	173.1236	1.191426
3756	-1418.758	-1591.931	173.1727	1.148579
3762	-1411.412	-1584.404	172.992	1.301332
3768	-1418.679	-1591.64	172.9606	1.326672
3774	-1410.181	-1583.355	173.174	1.147386
3780	-1408.554	-1581.728	173.174	1.147386
3786	-1418.746	-1591.988	173.2421	1.085682
3792	-1414.978	-1588.105	173.1272	1.188296
3798	-1412.087	-1585.028	172.9404	1.34285
3804	-1422.975	-1595.916	172.9404	1.34285
3810	-1422.303	-1595.669	173.3659	0.9647116
3816	-1403.007	-1576.233	173.2266	1.10003
3822	-1404.193	-1577.329	173.1363	1.180388
3828	-1410.109	-1583.395	173.286	1.044314
3834	-1414.861	-1588.171	173.3096	1.021414
3840	-1412.889	-1586.043	173.154	1.165011
3846	-1414.046	-1587.18	173.1339	1.18252
3852	-1420.657	-1593.856	173.1991	1.124993
3858	-1425.491	-1598.652	173.1605	1.159265
3864	-1417.455	-1590.616	173.1605	1.159265
3870	-1405.153	-1578.477	173.3246	1.006683
3876	-1414.06	-1587.245	173.1857	1.137006
3882	-1413.933	-1586.829	172.8966	1.377487
3888	-1402.589	-1575.93	173.3407	0.9905102
3894	-1401.164	-1574.148	172.9832	1.308435
3900	-1393.621	-1566.678	173.0574	1.247509
3906	-1404.523	-1577.689	173.1664	1.154102
3912	-1415.702	-1589.058	173.3554	0.9755713
3918	-1407.665	-1580.915	173.2502	1.078138
3924	-1417.33	-1590.5	173.1705	1.150473
3930	-1418.956	-1592.125	173.1689	1.151911
3936	-1422.52	-1595.726	173.2059	1.118872
3942	-1418.111	-1591.445	173.3341	0.9971809
3948	-1412.684	-1585.947	173.2627	1.066423
3954	-1418.462	-1591.564	173.1021	1.209853
3960	-1416.985	-1590.2	173.2152	1.110395
3966	-1412.817	-1585.853	173.0361	1.265226
3972	-1416.296	-1589.332	173.0361	1.265226
3978	-1420.131	-1593.448	173.3171	1.014096
3984	-1420.609	-1593.981	173.3723	0.9580288
3990	-1419.159	-1592.441	173.2812	1.048894
3996	-1413.186	-1586.417	173.2315	1.09554
4002	-1421.656	-1594.887	173.2315	1.09554
4008	-1410.495	-1583.639	173.1441	1.173615
4014	-1408.837	-1581.97	173.1331	1.183178
4020	-1402.434	-1575.47	173.0355	1.265682
4026	-1396.141	-1569.188	173.0474	1.255834
4032	-1395.878	-1569.183	173.3045	1.026449
4038	-1406.475	-1579.608	173.1325	1.18376
4044	-1399.977	-1572.947	172.9703	1.318895
4050	-1408.404	-1581.375	172.9703	1.318895
4056	-1406.241	-1579.416	173.1754	1.146101
4062	-1419.166	-1592.436	173.2702	1.059345
4068	-1428.058	-1601.053	172.9949	1.298978
4074	-1417.193	-1590.556	173.3626	0.9681366
4080	-1407.731	-1580.855	173.1237	1.191291
4086	-1406.092	-1579.215	173.1237	1.191291
4092	-1410.039	-1583.356	173.3176	1.013633
4098	-1412.04	-1585.161	173.1206	1.194008
4104	-1414.726	-1587.752	173.0256	1.273885
4110	-1416.229	-1589.289	173.0597	1.245639
4116	-1420.576	-1593.813	173.2375	1.089927
4122	-1428.092	-1601.253	173.1605	1.159334
4128	-1418.453	-1591.811	173.3579	0.9730313
4134	-1414.717	-1588.033	173.3161	1.015086
4140	-1421.592	-1594.647	173.0557	1.248953
4146	-1421.589	-1594.837	173.2479	1.080351
4152	-1425.255	-1598.372	173.117	1.197074
4158	-1425.425	-1598.532	173.1071	1.205533
4164	-1421.31	-1594.613	173.3031	1.027823
4170	-1435.342	-1608.454	173.1124	1.201031
4176	-1416.02	-1589.178	173.1574	1.161988
4182	-1419.012	-1592.264	173.2518	1.076689
4188	-1418.347	-1591.599	173.2518	1.076689
4194	-1413.768	-1586.785	173.0168	1.281109
4200	-1413.927	-1587.107	173.1793	1.142684
4206	-1410.852	-1584.123	173.2712	1.058463
4212	-1408.065	-1581.337	173.2712	1.058463
4218	-1417.32	-1590.591	173.2712	1.058463
4224	-1419.677	-1592.973	173.296	1.03468
4230	-1412.076	-1585.348	173.272	1.0577
4236	-1420.195	-1593.305	173.1101	1.202995
4242	-1418.77	-1592.11	173.3402	0.9910867
4248	-1425.955	-1599.143	173.1878	1.13513
4254	-1411.881	-1585.105	173.2238	1.102603
4260	-1429.885	-1602.991	173.1058	1.206644
4266	-1416.906	-1590.01	173.1039	1.208266
4272	-1415.5	-1588.57	173.0695	1.23737
4278	-1424.4	-1597.499	173.0995	1.212086
4284	-1424.362	-1597.595	173.2335	1.09368
4290	-1408.727	-1581.893	173.1659	1.154549
4296	-1416.285	-1589.458	173.1729	1.148341
4302	-1408.925	-1582.118	173.193	1.130467
4308	-1406.02	-1579.124	173.1038	1.208398
4314	-1409.678	-1582.983	173.3047	1.026215
4320	-1412.637	-1585.944	173.3062	1.02476
4326	-1395.499	-1568.708	173.2095	1.115562
4332	-1410.608	-1583.818	173.2095	1.115562
4338	-1417.328	-1590.317	172.9893	1.303518
4344	-1415.061	-1588.276	173.2151	1.110483
4350	-1417.687	-1590.777	173.09	1.220093
4356	-1422.374	-1595.464	173.09	1.220093
4362	-1424.685	-1597.902	173.2179	1.107962
4368	-1427.61	-1600.856	173.246	1.082114
4374	-1421.959	-1595.15	173.1916	1.131683
4380	-1415.741	-1588.908	173.1669	1.153702
4386	-1414.473	-1587.742	173.2692	1.060361
4392	-1420.476	-1593.475	172.9994	1.29534
4398	-1416.863	-1590.014	173.1514	1.167313
4404	-1421.23	-1594.477	173.2465	1.08166
4410	-1415.709	-1588.648	172.9394	1.343616
4416	-1421.551	-1594.537	172.9869	1.305439
4422	-1414.057	-1587.071	173.0137	1.283606
4428	-1417.138	-1590.152	173.0137	1.283606
4434	-1416.756	-1589.873	173.1165	1.197495
4440	-1418.44	-1591.715	173.2749	1.054927
4446	-1412.102	-1585.407	173.3048	1.026171
4452	-1412.897	-1586.127	173.2307	1.096246
4458	-1410.401	-1583.49	173.0886	1.221331
4464	-1415.775	-1588.864	173.0886	1.221331
4470	-1412.369	-1585.429	173.0594	1.245844
4476	-1412.845	-1586.057	173.2115	1.113752
4482	-1412.935	-1586.016	173.0806	1.228098
4488	-1418.172	-1591.253	173.0806	1.228098
4494	-1424.578	-1597.693	173.115	1.19877
4500	-1417.681	-1590.942	173.2613	1.067774
4506	-1411.509	-1584.583	173.0746	1.2331
4512	-1414.646	-1587.97	173.3242	1.007023
4518	-1407.174	-1580.211	173.037	1.264425
4524	-1399.926	-1572.902	172.9766	1.313808
4530	-1407.874	-1581.218	173.3441	0.987132
4536	-1409.72	-1582.795	173.0751	1.232662
4542	-1426.243	-1599.199	172.9558	1.330531
4548	-1427.508	-1600.413	172.9054	1.370567
4554	-1410.326	-1583.517	173.1902	1.132997
4560	-1408.549	-1581.635	173.0855	1.223924
4566	-1414.191	-1587.234	173.0431	1.259395
4572	-1419.343	-1592.475	173.1314	1.184655
4578	-1414.341	-1587.26	172.919	1.359793
4584	-1417.179	-1590.409	173.23	1.0969
4590	-1419.192	-1592.422	173.23	1.0969
4596	-1410.407	-1583.67	173.2629	1.066309
4602	-1415	-1588.253	173.2525	1.075987
4608	-1420.218	-1593.496	173.2787	1.051296
4614	-1413.179	-1586.336	173.1573	1.162104
4620	-1416.621	-1589.702	173.0807	1.227933
4626	-1419.121	-1592.366	173.2451	1.08294
4632	-1416.81	-1590.055	173.2451	1.08294
4638	-1422.772	-1595.767	172.9947	1.299108
4644	-1416.577	-1589.655	173.0774	1.230745
4650	-1412.542	-1585.715	173.1725	1.148741
4656	-1423.485	-1596.609	173.1231	1.191828
4662	-1416.273	-1589.296	173.0231	1.275963
4668	-1419.8	-1592.824	173.0231	1.275963
4674	-1405.53	-1578.798	173.2683	1.061189
4680	-1407.725	-1580.867	173.1422	1.175268
4686	-1406.077	-1579.209	173.1317	1.184435
4692	-1412.896	-1585.935	173.0393	1.26257
4698	-1407.771	-1580.869	173.0978	1.213481
4704	-1408.986	-1582.233	173.2473	1.080839
4710	-1417.828	-1591.065	173.2371	1.090352
4716	-1406.974	-1580.289	173.3152	1.015935
4722	-1416.329	-1589.707	173.3781	0.9520373
4728	-1415.363	-1588.489	173.1262	1.189128
4734	-1404.753	-1577.96	173.2077	1.117207
4740	-1409.02	-1582.132	173.1112	1.202032
4746	-1411.219	-1584.293	173.074	1.2336
4752	-1415.538	-1588.802	173.2644	1.064845
4758	-1415.075	-1588.433	173.3582	0.9727482
4764	-1413.71	-1586.734	173.0237	1.27544
4770	-1412.773	-1585.991	173.2186	1.107267
4776	-1415.414	-1588.691	173.2767	1.053231
4782	-1418.415	-1591.407	172.9918	1.301515
4788	-1420.833	-1593.809	172.9762	1.314154
4794	-1407.612	-1580.74	173.128	1.187628
4800	-1407.76	-1581.011	173.2506	1.077824
4806	-1402.227	-1575.434	173.2061	1.118658
4812	-1408.241	-1581.304	173.0636	1.242332
4818	-1415.444	-1588.507	173.0636	1.242332
4824	-1415.003	-1588.108	173.1052	1.207156
4830	-1410.674	-1583.793	173.1188	1.195572
4836	-1417.06	-1590.126	173.0663	1.240048
4842	-1425.185	-1598.488	173.3028	1.028083
4848	-1419.256	-1592.376	173.1197	1.194784
4854	-1396.869	-1570.021	173.1518	1.166925
4860	-1401.001	-1574.105	173.1038	1.208365
4866	-1408.197	-1581.459	173.2624	1.066747
4872	-1405.756	-1579.04	173.2835	1.046707
4878	-1408.971	-1581.972	173.0013	1.293803
4884	-1413.016	-1586.233	173.2162	1.109458
4890	-1412.645	-1585.649	173.0044	1.29122
4896	-1413.027	-1586.22	173.1933	1.130165
4902	-1414.124	-1587.063	172.9385	1.344332
4908	-1411.088	-1584.241	173.153	1.165838
4914	-1414.037	-1587.19	173.153	1.165838
4920	-1425.402	-1598.411	173.0086	1.287819
4926	-1416.121	-1589.436	173.3149	1.016225
4932	-1413.419	-1586.681	173.2619	1.067265
4938	-1410.388	-1583.631	173.2425	1.085317
4944	-1406.112	-1579.078	172.9663	1.32214
4950	-1398.912	-1571.974	173.0617	1.243892
4956	-1405.911	-1579.23	173.3192	1.012014
4962	-1404.356	-1577.724	173.3677	0.9628265
4968	-1419.685	-1592.971	173.2866	1.043766
4974	-1431.862	-1605.153	173.291	1.039549
4980	-1441.499	-1614.591	173.0922	1.218209
4986	-1426.015	-1599.076	173.0609	1.244564
4992	-1426.687	-1599.844	173.157	1.162364
4998	-1428.306	-1601.598	173.2918	1.038733
5004	-1418.016	-1591.292	173.2761	1.053759
5010	-1420.934	-1594.21	173.2761	1.053759
5016	-1406.44	-1579.564	173.1234	1.191618
5022	-1410.771	-1584.058	173.2873	1.043123
5028	-1415.994	-1589	173.0058	1.29012
5034	-1409.884	-1582.886	173.0015	1.293613
5040	-1410.133	-1583.29	173.1571	1.162282
5046	-1407.583	-1580.808	173.2246	1.101815
5052	-1419.919	-1592.95	173.0308	1.269606
5058	-1417.804	-1590.877	173.0733	1.234238
5064	-1423.483	-1596.662	173.1795	1.142498
5070	-1422.075	-1595.218	173.1425	1.175071
5076	-1421.103	-1594.243	173.14	1.177181
5082	-1426.722	-1599.862	173.14	1.177181
5088	-1416.821	-1590.093	173.2726	1.057123
5094	-1419.163	-1592.311	173.1481	1.170124
5100	-1411.419	-1584.591	173.1724	1.148834
5106	-1406.819	-1579.948	173.1295	1.186327
5112	-1416.196	-1589.275	173.0784	1.229901
5118	-1424.262	-1597.34	173.0784	1.229901
5124	-1425.592	-1598.746	173.1535	1.16548
5130	-1418.338	-1591.594	173.2552	1.073461
5136	-1422.518	-1595.818	173.3005	1.030325
5142	-1421.922	-1594.933	173.0107	1.286105
5148	-1423.668	-1596.679	173.0107	1.286105
5154	-1420.7	-1593.857	173.1563	1.163
5160	-1419.204	-1592.328	173.1235	1.191537
5166	-1422.422	-1595.643	173.2216	1.104608
5172	-1414.944	-1588.106	173.1622	1.157811
5178	-1415.593	-1588.755	173.1622	1.157811
5184	-1417.142	-1590.373	173.2305	1.096378
5190	-1418.868	-1592.082	173.2147	1.110857
5196	-1410.9	-1584.031	173.131	1.184989
5202	-1409.73	-1583.021	173.2902	1.040277
5208	-1426.878	-1600.066	173.1882	1.134715
5214	-1432.153	-1605.412	173.2589	1.070069
5220	-1432.631	-1605.859	173.2281	1.09864
5226	-1414.497	-1587.792	173.2954	1.035241
5232	-1405.669	-1578.883	173.2148	1.110751
5238	-1405.166	-1578.313	173.1475	1.170643
5244	-1398.607	-1571.782	173.1758	1.145823
5250	-1410.423	-1583.695	173.2726	1.057136
5256	-1403.163	-1576.158	172.9942	1.299524
5262	-1404.378	-1577.375	172.9972	1.297133
5268	-1408.387	-1581.404	173.0168	1.281117
5274	-1423.55	-1596.526	172.9756	1.314633
5280	-1417.258	-1590.334	173.0764	1.231632
5286	-1437.67	-1610.746	173.0764	1.231632
5292	-1438.953	-1612.029	173.0764	1.231632
5298	-1431.603	-1604.68	173.0764	1.231632
5304	-1411.607	-1584.631	173.024	1.275153
5310	-1415.674	-1588.797	173.1234	1.191605
5316	-1423.532	-1596.522	172.9906	1.302486
5322	-1410.065	-1583.378	173.3129	1.018252
5328	-1405.782	-1578.889	173.1069	1.205701
5334	-1411.384	-1584.513	173.1297	1.18611
5340	-1419.602	-1592.732	173.1297	1.18611
5346	-1397.806	-1571.001	173.1955	1.128219
5352	-1419.2	-1592.362	173.162	1.157959
5358	-1425.678	-1598.844	173.1651	1.155243
5364	-1413.208	-1586.424	173.2161	1.109557
5370	-1406.794	-1580.101	173.3063	1.024724
5376	-1410.317	-1583.495	173.1776	1.144201
5382	-1407.906	-1581.286	173.3794	0.950579
5388	-1409.045	-1582.138	173.0931	1.217467
5394	-1420.014	-1593.158	173.144	1.173712
5400	-1407.288	-1580.48	173.1912	1.132081
5406	-1421.173	-1594.062	172.8886	1.38371
5412	-1410.746	-1584.006	173.2599	1.069111
5418	-1417.486	-1590.633	173.1473	1.170875
5424	-1416.443	-1589.593	173.1496	1.168826
5430	-1407.94	-1581.131	173.1902	1.132931
5436	-1420.04	-1593.397	173.3563	0.9746433
5442	-1417.133	-1590.245	173.1121	1.201324
5448	-1409.375	-1582.487	173.1121	1.201324
5454	-1407.951	-1581.279	173.3274	1.003921
5460	-1400.259	-1573.539	173.2803	1.049755
5466	-1407.741	-1580.929	173.1883	1.134613
5472	-1405.912	-1579.145	173.2329	1.094245
5478	-1412.907	-1586.14	173.2329	1.094245
5484	-1414.376	-1587.609	173.2329	1.094245
5490	-1428.281	-1601.516	173.2349	1.09234
5496	-1410.177	-1583.412	173.2349	1.09234
5502	-1433.702	-1607.009	173.307	1.024039
5508	-1434.354	-1607.502	173.1488	1.169559
5514	-1402.04	-1575.189	173.1488	1.169559
5520	-1418.666	-1591.887	173.2206	1.105482
5526	-1409.456	-1582.621	173.1645	1.155807
5532	-1411.663	-1584.884	173.2209	1.105166
5538	-1411.86	-1584.996	173.1362	1.18055
5544	-1403.366	-1576.559	173.1923	1.131107
5550	-1411.56	-1584.819	173.2588	1.070167
5556	-1412.112	-1585.278	173.1666	1.153936
5562	-1411.263	-1584.547	173.2839	1.046354
5568	-1404.913	-1578.084	173.1707	1.150345
5574	-1407.763	-1580.905	173.1421	1.175413
5580	-1421.489	-1594.807	173.3183	1.012942
5586	-1427.558	-1601.007	173.4496	0.8728264
5592	-1421.79	-1595.001	173.2114	1.113858
5598	-1412.673	-1585.94	173.2668	1.062636
5604	-1417.967	-1591.086	173.1186	1.195683
5610	-1411.178	-1584.424	173.2457	1.082354
5616	-1423.079	-1596.129	173.0502	1.253536
5622	-1432.33	-1605.268	172.9382	1.344593
5628	-1418.099	-1591.211	173.1117	1.201645
5634	-1407.164	-1580.382	173.2178	1.108072
5640	-1426.768	-1599.664	172.8963	1.377675
5646	-1424.062	-1597.322	173.2606	1.068442
5652	-1414.183	-1587.359	173.1766	1.145077
5658	-1418.286	-1591.501	173.2153	1.110268
5664	-1418.015	-1590.929	172.914	1.363789
5670	-1422.738	-1595.927	173.1895	1.133548
5676	-1416.981	-1590.141	173.1601	1.159687
5682	-1421.393	-1594.479	173.0857	1.223746
5688	-1432.259	-1605.29	173.031	1.269424
5694	-1418.737	-1591.913	173.1764	1.14524
5700	-1412.957	-1586.134	173.1764	1.14524
5706	-1414.729	-1587.905	173.1764	1.14524
5712	-1423.09	-1596.27	173.1806	1.141555
5718	-1416.11	-1589.051	172.9417	1.3418
5724	-1419.135	-1592.247	173.1123	1.201159
5730	-1424.942	-1597.902	172.9607	1.326629
5736	-1406.594	-1579.759	173.1651	1.155223
5742	-1419.671	-1592.831	173.1593	1.160311
5748	-1407.534	-1580.694	173.1593	1.160311
5754	-1411.179	-1584.399	173.2204	1.105653
5760	-1415.303	-1588.523	173.2204	1.105653
5766	-1403.542	-1576.687	173.1441	1.173636
5772	-1402.512	-1575.576	173.0643	1.241727
5778	-1400.906	-1573.879	172.9737	1.316105
5784	-1401.987	-1575.076	173.0889	1.221083
5790	-1400.769	-1573.944	173.1748	1.146693
5796	-1418.436	-1591.611	173.1748	1.146693
5802	-1405.289	-1578.546	173.2573	1.071522
5808	-1407.444	-1580.711	173.2672	1.062223
5814	-1414.822	-1588.002	173.1802	1.141865
5820	-1411.958	-1585.262	173.3039	1.027008
5826	-1420.548	-1593.711	173.1624	1.157647
5832	-1422.547	-1595.665	173.1173	1.196844
5838	-1415.795	-1589.009	173.2136	1.111828
5844	-1403.497	-1576.732	173.2353	1.091967
5850	-1406.231	-1579.475	173.2444	1.083577
5856	-1413.962	-1587.239	173.2763	1.053634
5862	-1422.967	-1596.243	173.2763	1.053634
5868	-1438.603	-1611.633	173.0295	1.270628
5874	-1417.551	-1590.748	173.1971	1.126791
5880	-1420.953	-1594.354	173.4006	0.927996
5886	-1408.022	-1581.097	173.075	1.232784
5892	-1405.001	-1578.106	173.1054	1.207002
5898	-1414.544	-1587.649	173.1054	1.207002
5904	-1407.251	-1580.33	173.0794	1.229068
5910	-1418.169	-1591.238	173.0687	1.238056
5916	-1416.489	-1589.719	173.2296	1.097223
5922	-1416.412	-1589.528	173.1163	1.197681
5928	-1411.052	-1584.257	173.2052	1.119424
5934	-1426.857	-1599.702	172.845	1.417632
5940	-1419.214	-1592.437	173.2231	1.103204
5946	-1412.598	-1585.821	173.2231	1.103204
5952	-1416.394	-1589.566	173.172	1.149153
5958	-1426.019	-1599.248	173.2289	1.097856
5964	-1417.12	-1590.256	173.1357	1.180909
5970	-1416.64	-1589.923	173.2835	1.046677
5976	-1420.974	-1594.258	173.2835	1.046677
5982	-1409.188	-1582.443	173.2547	1.073978
5988	-1412.823	-1586.077	173.2547	1.073978
5994	-1413.133	-1586.406	173.2734	1.056355
6000	-1401.406	-1574.518	173.1122	1.201164
6006	-1415.47	-1588.69	173.2197	1.106279
6012	-1412.823	-1586.047	173.2243	1.10214
6018	-1429.904	-1603.139	173.2348	1.092469
6024	-1424.701	-1597.991	173.2899	1.040565
6030	-1417.574	-1590.701	173.1276	1.187926
6036	-1419.516	-1592.863	173.3472	0.9839082
6042	-1415.725	-1588.898	173.1727	1.148535
6048	-1406.817	-1579.99	173.1727	1.148535
6054	-1401.397	-1574.636	173.2387	1.088816
6060	-1405.347	-1578.518	173.1701	1.15083
6066	-1404.285	-1577.455	173.1701	1.15083
6072	-1409.77	-1582.945	173.1745	1.146917
6078	-1398.038	-1571.212	173.1745	1.146917
6084	-1414.584	-1587.737	173.1525	1.166274
6090	-1414.878	-1588.006	173.1272	1.188284
6096	-1410.105	-1583.232	173.1272	1.188284
6102	-1407.188	-1580.315	173.1272	1.188284
6108	-1407.465	-1580.639	173.174	1.147407
6114	-1406.407	-1579.572	173.165	1.155347
6120	-1403.217	-1576.331	173.114	1.1997
6126	-1405.866	-1578.98	173.114	1.1997
6132	-1410.477	-1583.613	173.1352	1.181392
6138	-1409.2	-1582.392	173.1927	1.130698
6144	-1401.746	-1574.953	173.2066	1.118236
6150	-1417.25	-1590.433	173.1826	1.139786
6156	-1415.28	-1588.454	173.1735	1.147867
6162	-1421.212	-1594.378	173.1666	1.153883
6168	-1414.481	-1587.734	173.2533	1.075313
6174	-1408.822	-1581.946	173.1241	1.190995
6180	-1407.425	-1580.766	173.3409	0.9902989
6186	-1399.785	-1573.135	173.3496	0.981477
6192	-1417.062	-1590.354	173.2915	1.039036
6198	-1427.761	-1600.851	173.0903	1.219888
6204	-1425.379	-1598.576	173.1971	1.126761
6210	-1410.661	-1583.858	173.1971	1.126761
6216	-1424.923	-1598.157	173.2335	1.09361
6222	-1422.249	-1595.196	172.9471	1.337479
6228	-1423.29	-1596.45	173.1604	1.159394
6234	-1416.057	-1589.306	173.2486	1.079675
6240	-1418.332	-1591.683	173.3507	0.9803484
6246	-1417.151	-1590.233	173.0817	1.227108
6252	-1406.006	-1579.314	173.3087	1.022322
6258	-1416.964	-1590.222	173.2586	1.070295
6264	-1418.968	-1592.027	173.059	1.246216
6270	-1424.483	-1597.695	173.2113	1.113975
6276	-1433.368	-1606.534	173.1653	1.155087
6282	-1420.932	-1594.116	173.1841	1.138416
6288	-1416.831	-1590.137	173.3061	1.024839
6294	-1405.833	-1578.784	172.9518	1.333764
6300	-1405.387	-1578.577	173.19	1.133127
6306	-1408.711	-1581.918	173.2062	1.118591
6312	-1408.311	-1581.63	173.3191	1.012159
6318	-1408.255	-1581.391	173.1361	1.180582
6324	-1409.514	-1582.59	173.0763	1.231723
6330	-1400.53	-1573.622	173.092	1.218413
6336	-1405.534	-1578.944	173.41	0.9176528
6342	-1414.039	-1587.176	173.1371	1.179769
6348	-1425.765	-1599.047	173.2814	1.048688
6354	-1409.822	-1582.987	173.1648	1.155473
6360	-1411.204	-1584.3	173.0955	1.215418
6366	-1408.686	-1581.836	173.1494	1.169035
6372	-1412.628	-1585.767	173.1393	1.177787
6378	-1415.947	-1589.086	173.1393	1.177787
6384	-1415.669	-1588.817	173.1484	1.169911
6390	-1410.202	-1583.35	173.1484	1.169911
6396	-1402.232	-1575.479	173.2468	1.081383
