Iteration	Posterior	Likelihood	Prior	tree_length
0	-2997.837	-3165.123	167.286	4.807748
6	-3008.141	-3175.338	167.1977	4.857019
12	-3008.382	-3176.047	167.6651	4.595657
18	-3010.306	-3178.178	167.8715	4.479681
24	-3007.725	-3175.295	167.5706	4.648622
30	-3003.858	-3171.018	167.1602	4.877879
36	-3012.943	-3180.474	167.5305	4.671111
42	-3007.024	-3174.242	167.2175	4.845952
48	-3014.185	-3181.862	167.6772	4.588843
54	-3009.987	-3178	168.0136	4.39959
60	-3001.331	-3168.824	167.493	4.692084
66	-3009.109	-3176.576	167.4675	4.706326
72	-3005.89	-3172.932	167.0421	4.943653
78	-3002.314	-3169.923	167.6089	4.627186
84	-3002.679	-3170.042	167.363	4.764771
90	-3001.347	-3168.735	167.3888	4.750333
96	-3001.066	-3168.809	167.743	4.55192
102	-3002.025	-3169.351	167.326	4.785402
108	-3016.711	-3184.071	167.36	4.766466
114	-3013.531	-3181.013	167.4817	4.698403
120	-3011.667	-3179.148	167.4817	4.698403
126	-3008.522	-3176.117	167.5953	4.634785
132	-2997.561	-3165.024	167.4627	4.709009
138	-3002.398	-3169.92	167.5217	4.676007
144	-3009.883	-3177.511	167.6281	4.616371
150	-3002.648	-3169.981	167.3332	4.781408
156	-3005.581	-3173.043	167.4617	4.709603
162	-2999.626	-3167.415	167.7891	4.525987
168	-3003.954	-3171.858	167.9034	4.461696
174	-3003.045	-3170.517	167.4725	4.70354
180	-3007.399	-3174.749	167.3497	4.772197
186	-2998.29	-3165.556	167.2665	4.818618
192	-2995.548	-3162.814	167.2665	4.818618
198	-2995.159	-3162.268	167.1098	4.905975
204	-3011.335	-3178.978	167.6429	4.608117
210	-3001.377	-3168.752	167.3744	4.758423
216	-2993.799	-3161.174	167.3744	4.758423
222	-2998.427	-3165.631	167.2039	4.853539
228	-3006.752	-3173.956	167.2039	4.853539
234	-3011.486	-3179.116	167.6304	4.615084
240	-3003.446	-3170.838	167.392	4.748549
246	-2992.828	-3160.52	167.6921	4.580498
252	-2994.795	-3162.234	167.4384	4.722646
258	-2991.763	-3159.232	167.4688	4.705594
264	-2990.49	-3158.123	167.6333	4.613476
270	-3003.646	-3171.279	167.6333	4.613476
276	-3003.825	-3171.299	167.4746	4.702397
282	-3002.255	-3169.696	167.4419	4.720673
288	-3006.182	-3172.982	166.7993	5.078496
294	-3006.184	-3173.229	167.045	4.942023
300	-3006.811	-3174.548	167.7372	4.555173
306	-2998.269	-3165.569	167.3002	4.799855
312	-3000.908	-3168.545	167.6369	4.611442
318	-3007.625	-3175.795	168.1697	4.31144
324	-2999.254	-3166.572	167.3183	4.789714
330	-3010.043	-3177.922	167.8789	4.475492
336	-3007.83	-3175.709	167.8789	4.475492
342	-3006.67	-3173.622	166.9525	4.993473
348	-3007.181	-3174.083	166.9025	5.021247
354	-3006.842	-3173.681	166.8394	5.056256
360	-3014.566	-3181.856	167.2903	4.805346
366	-3007.332	-3174.984	167.6517	4.603152
372	-3010.441	-3177.741	167.3001	4.799869
378	-3023.208	-3191.283	168.0752	4.364808
384	-3009.218	-3176.289	167.0709	4.927606
390	-3015.402	-3183.617	168.2159	4.285261
396	-3015.817	-3183.424	167.607	4.628253
402	-3022.713	-3190.172	167.4593	4.710956
408	-3009.498	-3176.957	167.4593	4.710956
414	-3001.83	-3169.05	167.2196	4.844807
420	-3014.264	-3181.175	166.9107	5.016658
426	-3001.026	-3168.683	167.6577	4.599773
432	-3002.722	-3170.434	167.7127	4.568938
438	-2994.628	-3161.945	167.3165	4.790721
444	-2998.593	-3165.91	167.3165	4.790721
450	-3012.191	-3179.507	167.3164	4.790779
456	-3011.734	-3178.959	167.2248	4.841914
462	-3009.875	-3176.848	166.9725	4.982345
468	-3007.36	-3174.565	167.2053	4.852759
474	-2995.882	-3163.354	167.4718	4.703922
480	-2998.024	-3165.793	167.7689	4.537337
486	-2993.861	-3161.467	167.6055	4.629089
492	-3013.418	-3180.579	167.161	4.877454
498	-3008.853	-3176.014	167.161	4.877454
504	-3012.031	-3179.167	167.136	4.89136
510	-3011.462	-3179.217	167.7553	4.545001
516	-3005.513	-3173.262	167.7493	4.548366
522	-3001.991	-3169.22	167.2297	4.839147
528	-3002.697	-3170.065	167.3682	4.761847
534	-2996.701	-3164.703	168.0025	4.405872
540	-3011.639	-3179.556	167.9174	4.453804
546	-3021.297	-3188.506	167.2088	4.850812
552	-3015.806	-3182.908	167.1024	4.910106
558	-3007.665	-3175.272	167.6064	4.628538
564	-3012.663	-3179.807	167.144	4.886915
570	-3012.474	-3179.833	167.3589	4.767075
576	-3016.597	-3183.949	167.352	4.770921
582	-3009.179	-3176.399	167.2201	4.84449
588	-3013.301	-3179.978	166.6776	5.145964
594	-3020.41	-3187.309	166.8989	5.023238
600	-3014.887	-3182.115	167.2281	4.840033
606	-3014.512	-3181.936	167.4236	4.730895
612	-3011.424	-3178.653	167.2292	4.839451
618	-3020.86	-3187.817	166.9571	4.990915
624	-3015.802	-3183.105	167.3034	4.79804
630	-3014.467	-3181.749	167.2816	4.810199
636	-3007.058	-3174.339	167.2816	4.810199
642	-2999.452	-3166.548	167.0962	4.91352
648	-3001.045	-3168.03	166.9853	4.97523
654	-3007.179	-3174.546	167.3668	4.762661
660	-3010.575	-3177.606	167.0306	4.950032
666	-3019.604	-3187.316	167.7118	4.569455
672	-3016.745	-3183.413	166.6679	5.151298
678	-3012.257	-3178.941	166.6837	5.142595
684	-3005.109	-3172.413	167.3044	4.79747
690	-3004.335	-3172.245	167.9097	4.45817
696	-3006.695	-3174.194	167.4996	4.688413
702	-3018.493	-3185.993	167.4996	4.688413
708	-3018.082	-3185.183	167.1002	4.911326
714	-3011.55	-3178.65	167.1002	4.911326
720	-3003.398	-3171.206	167.8078	4.515511
726	-3003.897	-3171.795	167.8975	4.465004
732	-3006.488	-3174.136	167.6478	4.605343
738	-3010.452	-3177.608	167.1556	4.88047
744	-3004.782	-3171.912	167.1307	4.894311
750	-2996.792	-3164.088	167.2962	4.802068
756	-2992.997	-3160.596	167.599	4.632713
762	-3003.483	-3170.477	166.994	4.970363
768	-3007.458	-3174.654	167.1953	4.858335
774	-2995.433	-3162.628	167.1951	4.858456
780	-2994.991	-3162.186	167.1951	4.858456
786	-2999.279	-3166.439	167.1599	4.878056
792	-3008.587	-3175.483	166.8958	5.024947
798	-3008.072	-3174.877	166.8057	5.07495
804	-3002.669	-3169.856	167.187	4.862993
810	-3003.674	-3171.08	167.4061	4.740665
816	-3010.816	-3178.495	167.679	4.587852
822	-3010.551	-3178.28	167.7295	4.559511
828	-2999.531	-3166.983	167.4514	4.715372
834	-3004.467	-3171.907	167.44	4.721753
840	-3005.236	-3172.676	167.44	4.721753
846	-3008.932	-3176.339	167.4063	4.740572
852	-3005.166	-3172.572	167.4063	4.740572
858	-3006.277	-3173.683	167.4063	4.740572
864	-3001.974	-3169.614	167.64	4.609744
870	-2995.983	-3163.515	167.532	4.670244
876	-2996.601	-3164.369	167.7672	4.53832
882	-2996.948	-3164.61	167.662	4.597382
888	-3006.273	-3174.396	168.1231	4.337761
894	-2997.161	-3164.674	167.5127	4.681032
900	-3008.205	-3176.221	168.0167	4.397828
906	-2998.224	-3165.862	167.6377	4.611024
912	-3009.743	-3177.592	167.8493	4.492148
918	-3012.821	-3180.131	167.3103	4.794217
924	-3004.607	-3172.366	167.7596	4.542588
930	-3002.83	-3170.192	167.3623	4.765167
936	-3000.808	-3168.292	167.4832	4.69759
942	-2994.766	-3161.768	167.0023	4.965799
948	-2995.777	-3163.333	167.5564	4.656575
954	-2995.075	-3162.495	167.4201	4.732844
960	-2996.605	-3164.052	167.4469	4.717897
966	-2994.629	-3161.899	167.2703	4.81651
972	-3004.339	-3172.224	167.8849	4.47211
978	-3013.463	-3180.445	166.9824	4.976837
984	-3001.186	-3168.258	167.0722	4.926905
990	-2991.993	-3159.205	167.212	4.849035
996	-2994.738	-3161.947	167.2098	4.850235
1002	-2997.72	-3164.936	167.2154	4.84711
1008	-3013.568	-3180.637	167.0687	4.928832
1014	-3022.868	-3189.937	167.0687	4.928832
1020	-3022.101	-3189.234	167.1335	4.892775
1026	-3006.073	-3173.489	167.4155	4.735454
1032	-2998.412	-3165.827	167.4155	4.735454
1038	-3000.259	-3167.834	167.5753	4.645997
1044	-3008.495	-3176.302	167.8067	4.516143
1050	-2999.072	-3166.463	167.391	4.749094
1056	-3001.186	-3168.577	167.391	4.749094
1062	-2993.545	-3161.3	167.7551	4.545102
1068	-2997.804	-3164.956	167.1519	4.882548
1074	-3002.839	-3170.518	167.6788	4.587983
1080	-3003.921	-3171.272	167.3516	4.771112
1086	-3001.301	-3168.486	167.1849	4.864141
1092	-3005.915	-3173.626	167.7108	4.570011
1098	-3010.268	-3177.747	167.4795	4.699654
1104	-2998.061	-3165.936	167.8755	4.477407
1110	-3012.699	-3180.443	167.7433	4.551758
1116	-2993.578	-3160.895	167.3179	4.789948
1122	-2999.496	-3166.814	167.3179	4.789948
1128	-3006.385	-3173.702	167.3179	4.789948
1134	-3000.86	-3168.479	167.6191	4.621423
1140	-3012.451	-3179.7	167.2487	4.828553
1146	-2999.393	-3166.738	167.345	4.774826
1152	-3001.836	-3169.445	167.6097	4.62672
1158	-3012.944	-3180.554	167.6097	4.62672
1164	-3013.99	-3181.145	167.155	4.880777
1170	-3014.592	-3181.747	167.155	4.880777
1176	-3005.747	-3173.778	168.0307	4.389977
1182	-3007.325	-3175.569	168.244	4.269354
1188	-2996.112	-3164.289	168.1767	4.307468
1194	-2988.673	-3156.027	167.3535	4.770064
1200	-2986.934	-3154.171	167.2369	4.835125
1206	-2993.596	-3161.498	167.9021	4.462458
1212	-2987.8	-3155.416	167.6166	4.622837
1218	-2996.132	-3163.259	167.1261	4.896875
1224	-3006.849	-3174.238	167.3883	4.750623
1230	-3007.298	-3174.89	167.5922	4.636543
1236	-3003.296	-3170.697	167.4008	4.743648
1242	-3006.393	-3174.543	168.1492	4.323022
1248	-2996.12	-3163.562	167.4412	4.721045
1254	-2999.78	-3167.221	167.4412	4.721045
1260	-2993.919	-3161.36	167.4412	4.721045
1266	-2991.279	-3158.538	167.2593	4.822667
1272	-2988.335	-3155.595	167.2593	4.822667
1278	-2988.647	-3155.644	166.9972	4.968626
1284	-3000.208	-3167.54	167.3315	4.782383
1290	-2998.396	-3165.595	167.1987	4.856455
1296	-3013.054	-3180.144	167.0899	4.917026
1302	-3012.829	-3179.919	167.0899	4.917026
1308	-3011.109	-3178.253	167.1438	4.887021
1314	-3000.632	-3168.387	167.7551	4.545117
1320	-3005.104	-3172.486	167.3826	4.753836
1326	-3005.654	-3173.036	167.3826	4.753836
1332	-2998.64	-3166.022	167.3826	4.753836
1338	-3001.262	-3168.644	167.3826	4.753836
1344	-3003.003	-3170.962	167.9594	4.430154
1350	-2996.423	-3164.139	167.7163	4.566928
1356	-3009.784	-3177.201	167.4166	4.734797
1362	-3006.488	-3174.536	168.0481	4.380148
1368	-3004.297	-3172.047	167.7497	4.548174
1374	-3005.836	-3172.959	167.1234	4.898391
1380	-3007.38	-3175.012	167.6327	4.613825
1386	-3005.204	-3172.852	167.6483	4.605051
1392	-3000.291	-3167.939	167.6483	4.605051
1398	-2996.775	-3164.127	167.352	4.770907
1404	-2995.811	-3162.802	166.9911	4.972011
1410	-3010.985	-3177.897	166.9123	5.015766
1416	-3005.066	-3171.978	166.9123	5.015766
1422	-3010.118	-3177.763	167.6444	4.607251
1428	-3020.952	-3188.155	167.2031	4.854012
1434	-3009.232	-3176.158	166.9262	5.008069
1440	-3008.452	-3175.936	167.4842	4.697007
1446	-3014.019	-3181.772	167.7522	4.546757
1452	-3004.937	-3172.777	167.8405	4.497127
1458	-3012.678	-3180.478	167.8005	4.519629
1464	-3000.271	-3167.26	166.9887	4.973349
1470	-3004.852	-3172.368	167.5156	4.679429
1476	-3011.07	-3178.386	167.3163	4.790847
1482	-3016.107	-3183.454	167.3467	4.77388
1488	-3004.668	-3172.336	167.6684	4.593808
1494	-3009.502	-3177.17	167.6684	4.593808
1500	-3007.243	-3174.912	167.6684	4.593808
1506	-3012.334	-3179.554	167.2199	4.844647
1512	-3000.259	-3167.258	166.9991	4.967566
1518	-3006.476	-3174.27	167.7946	4.522933
1524	-3004.768	-3172.323	167.5548	4.657472
1530	-3004.666	-3171.837	167.1707	4.872032
1536	-3007.142	-3174.063	166.9211	5.01089
1542	-3001.703	-3169.859	168.1564	4.318935
1548	-3008.109	-3175.359	167.2493	4.828216
1554	-3018.395	-3185.63	167.2349	4.83627
1560	-3005.645	-3172.749	167.1041	4.909159
1566	-3019.016	-3186.073	167.057	4.935362
1572	-3010.508	-3177.651	167.1432	4.887384
1578	-3016.168	-3184.098	167.9302	4.446626
1584	-3010.25	-3177.138	166.8884	5.029055
1590	-3015.707	-3183.148	167.4413	4.721023
1596	-3004.316	-3171.692	167.3757	4.75765
1602	-3002.434	-3170.117	167.6824	4.585934
1608	-3010.411	-3178.093	167.6824	4.585934
1614	-3009.333	-3176.959	167.6259	4.61761
1620	-3008.741	-3175.807	167.0654	4.930657
1626	-3003.651	-3171.198	167.5467	4.662026
1632	-2997.821	-3165.097	167.2755	4.813597
1638	-3006.405	-3173.856	167.4511	4.715533
1644	-3003.508	-3170.572	167.0642	4.931353
1650	-3011.534	-3178.685	167.1511	4.882959
1656	-3017.595	-3184.967	167.3724	4.759507
1662	-3011.412	-3179.18	167.7673	4.538243
1668	-3017.935	-3184.978	167.0426	4.943355
1674	-3009.104	-3176.386	167.2821	4.809906
1680	-2992.921	-3160.871	167.9494	4.435799
1686	-2993.802	-3161.116	167.3142	4.792011
1692	-3002.066	-3169.843	167.7777	4.532447
1698	-2998.402	-3166.007	167.605	4.629329
1704	-2990.924	-3158.529	167.605	4.629329
1710	-2995.521	-3162.85	167.3285	4.784035
1716	-3004.564	-3172.308	167.7436	4.551599
1722	-3002.192	-3169.476	167.2842	4.808755
1728	-3008.607	-3176.485	167.8776	4.47625
1734	-3004.805	-3172.892	168.0876	4.357856
1740	-3008.314	-3175.973	167.6588	4.599189
1746	-3028.064	-3195.06	166.9963	4.969134
1752	-3010.652	-3177.875	167.2226	4.843095
1758	-3012.651	-3179.796	167.1451	4.886296
1764	-3012.579	-3180.51	167.9311	4.446086
1770	-3005.445	-3172.752	167.3066	4.796238
1776	-3004.46	-3171.399	166.9399	5.000441
1782	-3007.7	-3174.973	167.2728	4.815104
1788	-3003.953	-3171.411	167.4575	4.711928
1794	-3010.099	-3177.634	167.5348	4.668704
1800	-3002.827	-3170.025	167.1972	4.857277
1806	-3017.29	-3184.825	167.5355	4.668296
1812	-3020.811	-3188.039	167.228	4.840089
1818	-3017.132	-3184.253	167.122	4.899196
1824	-3013.454	-3180.507	167.0527	4.937719
1830	-3005.414	-3172.417	167.003	4.965404
1836	-3017.594	-3184.92	167.3253	4.785838
1842	-3011.098	-3179.016	167.9179	4.453552
1848	-2999.03	-3166.723	167.6928	4.580124
1854	-3016.483	-3184.135	167.6524	4.602758
1860	-3011.644	-3178.792	167.1474	4.885007
1866	-3009.737	-3177.295	167.5576	4.655937
1872	-3006.552	-3173.616	167.064	4.931448
1878	-3012.477	-3179.326	166.8494	5.050722
1884	-3002.471	-3169.588	167.1166	4.902162
1890	-2995.123	-3162.189	167.0666	4.930011
1896	-2997.826	-3164.394	166.5674	5.206946
1902	-3004.726	-3172.731	168.005	4.404448
1908	-3005.781	-3173.5	167.719	4.565383
1914	-3010.348	-3177.894	167.5465	4.662144
1920	-3004.332	-3172.079	167.7474	4.549421
1926	-3004.164	-3171.031	166.8667	5.041094
1932	-3001.008	-3167.528	166.5197	5.233308
1938	-3004.011	-3171.045	167.0337	4.948333
1944	-2997.697	-3165.539	167.8423	4.496077
1950	-3016.12	-3184.023	167.9029	4.462011
1956	-3011.756	-3178.846	167.0905	4.916688
1962	-3020.555	-3188.434	167.8783	4.475817
1968	-3029.242	-3195.899	166.6569	5.157384
1974	-3006.959	-3174.657	167.6978	4.577308
1980	-3011.379	-3178.991	167.612	4.625411
1986	-3009.012	-3176.323	167.3109	4.793852
1992	-3006.21	-3173.673	167.4635	4.708589
1998	-3009.92	-3177.025	167.1052	4.908547
2004	-3004.461	-3171.567	167.1052	4.908547
2010	-3003.479	-3170.793	167.314	4.792132
2016	-3014.885	-3181.737	166.8524	5.049046
2022	-3010.155	-3177.66	167.5051	4.685305
2028	-3006.158	-3174.218	168.0596	4.373649
2034	-3010.367	-3178.189	167.8219	4.50757
2040	-3007.558	-3175.273	167.7153	4.567488
2046	-3005.373	-3173.331	167.9583	4.430769
2052	-3011.241	-3178.933	167.6921	4.580488
2058	-3002.321	-3169.744	167.4231	4.731193
2064	-3020.227	-3186.972	166.7447	5.108789
2070	-3018.691	-3186.471	167.7804	4.530875
2076	-3014.416	-3181.819	167.4027	4.742577
2082	-2998.602	-3166.308	167.7063	4.572552
2088	-3005.35	-3172.945	167.5949	4.635001
2094	-3010.008	-3177.429	167.4214	4.732108
2100	-3011.634	-3178.519	166.8852	5.030831
2106	-3010.471	-3177.464	166.9927	4.971086
2112	-2993.571	-3161.192	167.6206	4.620598
2118	-2995.18	-3162.424	167.2436	4.831408
2124	-3003.157	-3170.895	167.7385	4.554415
2130	-2996.425	-3164.012	167.5873	4.639268
2136	-3005.289	-3172.623	167.3333	4.781369
2142	-3019.713	-3187.334	167.6209	4.620451
2148	-3011.617	-3179.238	167.6209	4.620451
2154	-3019.869	-3186.346	166.4761	5.257384
2160	-3016.757	-3184.591	167.8334	4.501091
2166	-3031.77	-3198.656	166.8859	5.030435
2172	-3029.181	-3196.597	167.416	4.735135
2178	-3021.997	-3189.413	167.416	4.735135
2184	-3022.35	-3190.052	167.7017	4.575106
2190	-3010.495	-3178.018	167.5224	4.675639
2196	-3001.494	-3168.925	167.4309	4.726803
2202	-2996.662	-3163.886	167.2239	4.842385
2208	-3004.717	-3171.941	167.2239	4.842385
2214	-3002.32	-3169.409	167.089	4.917543
2220	-3010.049	-3177.3	167.2512	4.827149
2226	-3011.641	-3179.017	167.3762	4.757394
2232	-3002.939	-3170.254	167.3145	4.791836
2238	-3003.087	-3170.263	167.1756	4.869337
2244	-2995.882	-3163.467	167.5855	4.640262
2250	-2994.324	-3162.162	167.8373	4.498896
2256	-2997.982	-3165.618	167.6361	4.611932
2262	-2997.831	-3165.559	167.7275	4.560638
2268	-3004.695	-3171.684	166.9894	4.972957
2274	-3009.201	-3176.388	167.1866	4.863172
2280	-3008.131	-3175.317	167.1866	4.863172
2286	-3004.799	-3172.175	167.3766	4.757193
2292	-3005.072	-3173.017	167.9449	4.438319
2298	-3008.708	-3175.572	166.8647	5.04223
2304	-3011.685	-3179.229	167.5442	4.663443
2310	-3007.78	-3174.726	166.9457	4.997242
2316	-3007.591	-3175.647	168.0553	4.376054
2322	-3000.374	-3167.738	167.3641	4.764173
2328	-3014.868	-3182.87	168.0022	4.406037
2334	-3007.171	-3174.448	167.2773	4.812613
2340	-2998.988	-3166.3	167.3124	4.793021
2346	-3005.039	-3172.352	167.3124	4.793021
2352	-2999.51	-3166.968	167.4577	4.711804
2358	-2997.27	-3164.727	167.4577	4.711804
2364	-2997.737	-3165.064	167.3276	4.784538
2370	-3007.741	-3175.57	167.8289	4.503643
2376	-2998.017	-3165.325	167.3078	4.795573
2382	-3004.102	-3171.124	167.0221	4.954792
2388	-3014.378	-3181.855	167.4769	4.701085
2394	-3015.581	-3182.758	167.177	4.868535
2400	-3013.211	-3181	167.7888	4.526181
2406	-3001.597	-3169.386	167.7888	4.526181
2412	-3013.127	-3180.56	167.4327	4.725819
2418	-3022.798	-3189.852	167.0536	4.937252
2424	-3005.518	-3172.831	167.3125	4.79297
2430	-3019.12	-3185.533	166.4133	5.292115
2436	-3006.274	-3173.897	167.6236	4.618907
2442	-3018.813	-3185.643	166.8296	5.061713
2448	-3000.578	-3168.206	167.6279	4.6165
2454	-2990.195	-3157.801	167.6063	4.628614
2460	-2998.786	-3166.433	167.6472	4.605668
2466	-3000.295	-3166.783	166.4877	5.250994
2472	-3008.624	-3175.259	166.6349	5.1696
2478	-3006.786	-3174.753	167.967	4.425869
2484	-3003.045	-3170.496	167.4511	4.715539
2490	-2998.674	-3166.125	167.4511	4.715539
2496	-3007.126	-3174.748	167.6226	4.619477
2502	-3002.401	-3170.013	167.6123	4.625254
2508	-2998.111	-3165.723	167.6123	4.625254
2514	-3008.423	-3175.381	166.9579	4.990428
2520	-3005.057	-3172.013	166.9551	4.99202
2526	-3006.283	-3174.525	168.2421	4.270448
2532	-3006.267	-3174.275	168.0081	4.402721
2538	-3002.871	-3170.536	167.6653	4.595512
2544	-2998.689	-3165.863	167.1741	4.870154
2550	-3006.252	-3173.426	167.1741	4.870154
2556	-3015.597	-3182.144	166.547	5.218216
2562	-3000.919	-3167.666	166.7465	5.107763
2568	-3005.568	-3173.243	167.6753	4.589931
2574	-2995.828	-3162.892	167.0647	4.931061
2580	-2992.785	-3160.355	167.5705	4.648706
2586	-3005.174	-3171.961	166.7866	5.085541
2592	-3008.03	-3175.14	167.1098	4.905965
2598	-3014.077	-3181.177	167.0995	4.911695
2604	-3005.789	-3172.94	167.1517	4.882628
2610	-3010.737	-3178.125	167.388	4.750774
2616	-3008.503	-3176.132	167.6296	4.61556
2622	-3007.017	-3174.805	167.7878	4.526762
2628	-3010.58	-3178.176	167.5953	4.634804
2634	-3013.008	-3180.21	167.2023	4.854446
2640	-2996.542	-3164.156	167.614	4.624331
2646	-3005.05	-3172.676	167.6259	4.617644
2652	-3008.841	-3176.467	167.6259	4.617644
2658	-3016.984	-3184.691	167.7073	4.571939
2664	-3012.753	-3180.217	167.4636	4.708541
2670	-3013.511	-3180.494	166.9825	4.976776
2676	-3007.206	-3174.394	167.1882	4.862276
2682	-2991.865	-3159.924	168.0592	4.373844
2688	-3001.71	-3168.881	167.1715	4.871629
2694	-3001.16	-3168.503	167.3434	4.775725
2700	-3002.52	-3169.909	167.3888	4.750374
2706	-3006.026	-3173.442	167.416	4.735143
2712	-2996.433	-3164.035	167.6017	4.631222
2718	-3004.672	-3172.273	167.6017	4.631222
2724	-3002.953	-3170.462	167.5095	4.682838
2730	-3003.933	-3171.478	167.5458	4.662539
2736	-3005.57	-3173.115	167.5458	4.662539
2742	-3006.435	-3173.908	167.4727	4.703416
2748	-3002.861	-3169.782	166.9212	5.010837
2754	-3005.834	-3172.154	166.3195	5.343858
2760	-3001.39	-3169.205	167.8142	4.511925
2766	-3007.082	-3173.898	166.8157	5.06939
2772	-3000.579	-3168.157	167.5779	4.644515
2778	-2993.213	-3160.791	167.5779	4.644515
2784	-3006.089	-3173.667	167.5779	4.644515
2790	-2999.436	-3167.008	167.5723	4.64766
2796	-3000.438	-3168.002	167.5638	4.652414
2802	-2998.623	-3166.187	167.5638	4.652414
2808	-3014.735	-3182.453	167.7182	4.565847
2814	-3004.702	-3172.42	167.7182	4.565847
2820	-3002.234	-3170.228	167.9942	4.410518
2826	-3005.457	-3173.46	168.0024	4.405919
2832	-3004.084	-3172.09	168.006	4.403903
2838	-3012.123	-3179.774	167.6507	4.603731
2844	-3004.162	-3171.578	167.4153	4.735549
2850	-3019.047	-3186.409	167.3616	4.765535
2856	-3009.892	-3177.084	167.1926	4.859846
2862	-3014.001	-3181.311	167.3097	4.794521
2868	-3007.732	-3175.513	167.7807	4.530735
2874	-3020.625	-3188.45	167.825	4.505812
2880	-3007.569	-3174.646	167.0763	4.924599
2886	-3006.825	-3174.705	167.8803	4.474722
2892	-3001.738	-3169.308	167.5697	4.649148
2898	-2998.524	-3165.432	166.9078	5.018267
2904	-3000.782	-3168.453	167.6709	4.592373
2910	-3005.879	-3173.398	167.519	4.677527
2916	-3009.964	-3177.371	167.4073	4.739989
2922	-3008.977	-3176.384	167.4073	4.739989
2928	-3013.854	-3181.952	168.0985	4.351674
2934	-3017.688	-3185.409	167.721	4.564248
2940	-3021.698	-3189.419	167.721	4.564248
2946	-3009.912	-3177.492	167.5804	4.643161
2952	-3000.286	-3167.866	167.5804	4.643161
2958	-2998.129	-3165.533	167.4044	4.741617
2964	-3007.267	-3175.248	167.9812	4.417895
2970	-2991.023	-3158.551	167.528	4.672461
2976	-3005.343	-3173.165	167.8218	4.507601
2982	-2999.171	-3166.976	167.8054	4.516841
2988	-3001.803	-3169.214	167.411	4.737932
2994	-3003.367	-3171.221	167.8542	4.4894
3000	-3015.621	-3183.767	168.1452	4.325252
3006	-3007.031	-3174.417	167.3866	4.751602
3012	-3003.043	-3170.725	167.6828	4.585718
3018	-3001.182	-3168.851	167.6694	4.593206
3024	-3010.451	-3177.897	167.4459	4.718406
3030	-3003.792	-3171.238	167.4459	4.718406
3036	-2993.928	-3161.504	167.5763	4.645414
3042	-2997.608	-3164.326	166.7182	5.123451
3048	-2999.21	-3166.638	167.4283	4.728255
3054	-3000.868	-3168.545	167.6772	4.588836
3060	-3018.628	-3185.908	167.28	4.811081
3066	-3013.987	-3181.093	167.1054	4.908391
3072	-3013.314	-3180.856	167.5421	4.664608
3078	-3008.792	-3176.091	167.2992	4.800389
3084	-3014.577	-3181.887	167.3094	4.794721
3090	-3006.46	-3174.053	167.5927	4.636237
3096	-3014.427	-3181.967	167.5406	4.665416
3102	-3011.205	-3179.616	168.4109	4.17474
3108	-3007.774	-3175.623	167.8496	4.491981
3114	-3011.356	-3179	167.6441	4.607409
3120	-2998.738	-3166.382	167.6441	4.607409
3126	-3002.226	-3169.715	167.489	4.694312
3132	-2998.025	-3164.882	166.8569	5.046525
3138	-2997.574	-3165.039	167.4648	4.70783
3144	-3009.26	-3176.853	167.5929	4.636115
3150	-3000.83	-3168.36	167.5307	4.670993
3156	-2990.062	-3157.729	167.6674	4.594339
3162	-2997.978	-3166.026	168.048	4.380206
3168	-3001.212	-3168.703	167.4915	4.692893
3174	-3008.823	-3176.611	167.788	4.526647
3180	-3003.251	-3170.413	167.1619	4.876951
3186	-3002.885	-3170.359	167.4742	4.702593
3192	-3006.233	-3172.93	166.6966	5.135449
3198	-3004.534	-3172.467	167.9331	4.444994
3204	-3013.555	-3181.515	167.9595	4.430109
3210	-3008.817	-3175.739	166.922	5.010402
3216	-3006.941	-3174.054	167.1121	4.90469
3222	-3011.994	-3179.194	167.2001	4.85564
3228	-3016.689	-3184.174	167.4852	4.696421
3234	-3004.756	-3172.533	167.777	4.532817
3240	-2991.045	-3158.44	167.3943	4.747252
3246	-3003.255	-3171.425	168.1701	4.31122
3252	-3002.916	-3170.3	167.3839	4.753087
3258	-3010.581	-3177.334	166.7528	5.104259
3264	-3013.67	-3181.044	167.374	4.7586
3270	-3013.463	-3181.368	167.9052	4.46071
3276	-3008.362	-3175.693	167.3312	4.782542
3282	-3013.056	-3180.33	167.274	4.814451
3288	-3022.03	-3189.836	167.8065	4.516237
3294	-3020.224	-3188.589	168.3644	4.201129
3300	-3024.915	-3191.751	166.8359	5.058223
3306	-3007.851	-3175.618	167.7676	4.538108
3312	-3002.503	-3169.401	166.898	5.023721
3318	-3003.219	-3170.679	167.46	4.710522
3324	-3005.417	-3172.553	167.136	4.891377
3330	-3009.392	-3176.528	167.136	4.891377
3336	-2999.594	-3166.73	167.136	4.891377
3342	-3009.293	-3177.092	167.799	4.520445
3348	-3010.778	-3178.674	167.8956	4.4661
3354	-3018.42	-3185.608	167.1882	4.862277
3360	-3011.179	-3179.067	167.8889	4.469894
3366	-3000.884	-3168.401	167.5174	4.678427
3372	-3003.14	-3170.583	167.443	4.720049
3378	-3001.143	-3168.535	167.3918	4.748699
3384	-3002.14	-3168.843	166.7038	5.131438
3390	-3021.154	-3188.413	167.2583	4.823184
3396	-3006.322	-3173.996	167.6746	4.590332
3402	-3002.242	-3169.192	166.9496	4.995078
3408	-3007.609	-3174.636	167.0263	4.952442
3414	-3004.576	-3171.197	166.6213	5.177135
3420	-3009.416	-3176.574	167.1577	4.879297
3426	-2994.35	-3161.507	167.1577	4.879297
3432	-2991.589	-3159.352	167.763	4.540702
3438	-2998.415	-3165.516	167.1009	4.910912
3444	-3009.79	-3177.298	167.5074	4.684013
3450	-3008.636	-3175.933	167.2967	4.80181
3456	-3002.134	-3169.811	167.6773	4.588829
3462	-3017.986	-3185.759	167.7723	4.535474
3468	-3010.963	-3178.78	167.8174	4.510079
3474	-2999.651	-3167.469	167.8174	4.510079
3480	-3000.548	-3167.795	167.2467	4.829679
3486	-3004.082	-3171.396	167.314	4.79213
3492	-3011.2	-3179.033	167.8333	4.501143
3498	-3015.725	-3182.815	167.0898	4.917077
3504	-3002.757	-3170.646	167.8891	4.469741
3510	-2997.036	-3164.876	167.8403	4.497246
3516	-3005.215	-3172.794	167.579	4.643933
3522	-3010.863	-3178.472	167.6088	4.627226
3528	-3010.111	-3177.669	167.5578	4.655771
3534	-3007.339	-3174.747	167.4075	4.739898
3540	-3013.91	-3181.345	167.4348	4.724654
3546	-3004.11	-3171.006	166.896	5.024813
3552	-3003.15	-3170.654	167.5043	4.685769
3558	-2994.06	-3161.379	167.3191	4.78928
3564	-2996.455	-3163.884	167.4294	4.727632
3570	-3010.465	-3177.894	167.4294	4.727632
3576	-3009.433	-3177.53	168.0974	4.352317
3582	-3018.347	-3185.527	167.1799	4.866911
3588	-3014.229	-3181.724	167.4949	4.691043
3594	-3005.271	-3173.123	167.8522	4.490547
3600	-2992.136	-3159.666	167.5304	4.671145
3606	-2994.771	-3162.302	167.5304	4.671145
3612	-3002.168	-3169.823	167.6549	4.601352
3618	-3014.599	-3181.128	166.5288	5.228272
3624	-3003.712	-3171.672	167.96	4.429799
3630	-3000.735	-3168.339	167.6038	4.63
3636	-3003.476	-3171.116	167.6404	4.60949
3642	-3008.204	-3175.159	166.9547	4.99221
3648	-3001.604	-3168.786	167.1826	4.865421
3654	-3007.259	-3175.003	167.744	4.551357
3660	-3011.027	-3178.52	167.4923	4.692447
3666	-3008.907	-3177.029	168.1212	4.338841
3672	-3013.104	-3180.739	167.6351	4.612501
3678	-3010.679	-3178.314	167.6351	4.612501
3684	-3009.548	-3176.636	167.0878	4.918225
3690	-3004.051	-3171.303	167.252	4.826713
3696	-3001.35	-3168.799	167.4491	4.716655
3702	-3008.149	-3176.155	168.0059	4.403923
3708	-3000.517	-3167.871	167.3545	4.769505
3714	-3010.872	-3178.082	167.2104	4.849947
3720	-3010.932	-3177.902	166.9699	4.983808
3726	-3002.766	-3170.604	167.8376	4.498743
3732	-3004.329	-3172.252	167.9232	4.450572
3738	-3001.355	-3168.615	167.2602	4.822165
3744	-3008.28	-3175.547	167.2671	4.818295
3750	-3008.37	-3175.483	167.1126	4.904421
3756	-2995.97	-3163.285	167.3152	4.791469
3762	-2999.123	-3166.818	167.6949	4.5789
3768	-3023.679	-3190.753	167.0748	4.925428
3774	-3034.698	-3201.974	167.2758	4.813445
3780	-3021.386	-3188.767	167.3811	4.754673
3786	-3016.981	-3184.177	167.1954	4.858309
3792	-3011.758	-3178.958	167.2006	4.855379
3798	-3011.541	-3178.926	167.3848	4.752612
3804	-3011.061	-3177.984	166.9238	5.009423
3810	-3005.235	-3172.159	166.9238	5.009423
3816	-3009.285	-3176.758	167.4733	4.703093
3822	-3001.326	-3168.937	167.6102	4.626429
3828	-2999.291	-3167.436	168.1452	4.32526
3834	-3016.013	-3183.522	167.5088	4.68325
3840	-3007.027	-3174.627	167.5993	4.632535
3846	-3008.948	-3176.545	167.5972	4.633726
3852	-2997.309	-3164.743	167.4336	4.725284
3858	-3000.571	-3168.771	168.2002	4.29415
3864	-2998.63	-3166.29	167.6605	4.598245
3870	-3002.36	-3169.74	167.3797	4.755463
3876	-3002.95	-3170.55	167.6004	4.631939
3882	-2996.803	-3164.17	167.3677	4.762128
3888	-3007.831	-3174.461	166.6304	5.172062
3894	-3000.494	-3168.351	167.8573	4.487645
3900	-2998.519	-3165.88	167.3603	4.766265
3906	-3005.422	-3172.774	167.3513	4.771279
3912	-3006.668	-3174.301	167.6322	4.614107
3918	-3007.356	-3175.229	167.8723	4.479201
3924	-3002.348	-3169.924	167.5755	4.645879
3930	-3008.835	-3176.27	167.4351	4.724475
3936	-3003.441	-3170.671	167.2297	4.839169
3942	-3015.215	-3182.396	167.1817	4.865909
3948	-3022.303	-3189.906	167.6027	4.630643
3954	-3022.093	-3188.612	166.5196	5.233371
3960	-3012.411	-3179.566	167.1552	4.880676
3966	-3003.091	-3170.25	167.1585	4.878819
3972	-3008.347	-3175.632	167.2853	4.80815
3978	-3003.754	-3171.04	167.2853	4.80815
3984	-3007.187	-3174.867	167.6803	4.587128
3990	-3003.785	-3171.6	167.8147	4.511625
3996	-3009.744	-3176.606	166.8619	5.043795
4002	-3004.063	-3170.899	166.8351	5.058633
4008	-2999.729	-3167.261	167.5322	4.670109
4014	-2993.929	-3161.543	167.614	4.624291
4020	-2995.647	-3162.741	167.0938	4.91489
4026	-3005.258	-3173.116	167.8574	4.487594
4032	-2999.267	-3166.42	167.1538	4.881449
4038	-3004.668	-3172.51	167.842	4.496283
4044	-3008.261	-3175.595	167.3342	4.780867
4050	-3008.932	-3175.857	166.9253	5.008553
4056	-3001.479	-3168.477	166.9978	4.968299
4062	-2995.032	-3162.244	167.2129	4.848508
4068	-2995.744	-3162.829	167.0849	4.919828
4074	-3007.978	-3175.111	167.1337	4.892637
4080	-3005.841	-3174.011	168.1701	4.31118
4086	-3015.558	-3183.012	167.4543	4.713755
4092	-3012.844	-3180.298	167.4543	4.713755
4098	-3007.536	-3175.089	167.5534	4.658241
4104	-3008.873	-3176.475	167.6013	4.631398
4110	-2995.713	-3163.015	167.3022	4.798703
4116	-3012.169	-3179.536	167.3662	4.762978
4122	-3013.571	-3180.788	167.2175	4.845956
4128	-3004.601	-3172.226	167.6243	4.618526
4134	-3023.232	-3191.66	168.4274	4.165349
4140	-3024.068	-3190.84	166.7725	5.093375
4146	-3003.45	-3170.222	166.7725	5.093375
4152	-3017.531	-3184.593	167.0625	4.932277
4158	-3011.488	-3178.979	167.4914	4.692991
4164	-3005.408	-3172.625	167.2168	4.84636
4170	-3019.075	-3187.097	168.0216	4.39509
4176	-3018.724	-3186.051	167.327	4.784885
4182	-3014.871	-3182.35	167.479	4.699936
4188	-3007.535	-3175.476	167.9404	4.440881
4194	-3004.333	-3172.224	167.8903	4.469098
4200	-3013.354	-3180.37	167.0158	4.958243
4206	-3027.724	-3194.827	167.1025	4.910057
4212	-3008.348	-3175.795	167.4469	4.717892
4218	-3018.675	-3186.122	167.4469	4.717892
4224	-3016.166	-3183.612	167.4469	4.717892
4230	-3007.163	-3174.761	167.5988	4.632801
4236	-3015.293	-3182.473	167.1798	4.866975
4242	-3012.998	-3180.803	167.8046	4.517302
4248	-3002.613	-3169.638	167.0255	4.952879
4254	-3003.856	-3171.405	167.5493	4.660585
4260	-3001.7	-3169.352	167.6527	4.602629
4266	-3007.3	-3174.953	167.6527	4.602629
4272	-3012.892	-3180.306	167.4138	4.736389
4278	-3002.708	-3170.069	167.3606	4.7661
4284	-3008.866	-3176.383	167.5172	4.678556
4290	-3002.556	-3169.847	167.2917	4.804596
4296	-3005.129	-3172.421	167.2917	4.804596
4302	-3006.725	-3173.64	166.9156	5.013928
4308	-3011.509	-3178.933	167.4238	4.730801
4314	-3006.747	-3173.924	167.1771	4.868505
4320	-3016.811	-3184.566	167.7549	4.545252
4326	-3013.156	-3180.702	167.5452	4.662846
4332	-3019.472	-3187.437	167.9648	4.427133
4338	-3003.261	-3170.755	167.4943	4.691342
4344	-3016.911	-3183.78	166.8687	5.039994
4350	-3027.046	-3194.684	167.6381	4.610773
4356	-3020.668	-3187.941	167.2732	4.814893
4362	-3014.76	-3182.599	167.8395	4.497653
4368	-3007.79	-3175.71	167.9203	4.452189
4374	-3015.977	-3183.721	167.7435	4.551635
4380	-3018.728	-3186.313	167.5856	4.640231
4386	-3018.45	-3186.206	167.7563	4.544471
4392	-3019.26	-3186.284	167.0247	4.953338
4398	-3010.361	-3177.513	167.1521	4.882424
4404	-3020.843	-3188.271	167.4275	4.728721
4410	-3008.747	-3176.707	167.9602	4.42969
4416	-3015.213	-3182.4	167.1868	4.863066
4422	-3017.615	-3184.909	167.2943	4.803107
4428	-3017.04	-3184.695	167.6553	4.601172
4434	-3023.716	-3191.576	167.8605	4.485875
4440	-3013.368	-3180.555	167.1878	4.86254
4446	-3018.254	-3185.745	167.4901	4.693675
4452	-3030.298	-3197.774	167.4758	4.701721
4458	-3021.087	-3188.264	167.1766	4.868748
4464	-3009.617	-3177.291	167.6741	4.590615
4470	-3015.387	-3182.231	166.8439	5.053753
4476	-3009.404	-3177.429	168.0247	4.393363
4482	-3000.17	-3167.67	167.4996	4.688387
4488	-3002.996	-3170.596	167.6	4.632167
4494	-3011.601	-3179.286	167.6854	4.584227
4500	-3004.435	-3172.12	167.6854	4.584227
4506	-2998.101	-3165.759	167.6585	4.599365
4512	-3005.125	-3171.904	166.7781	5.090254
4518	-2997.755	-3165.44	167.6851	4.584423
4524	-2987.179	-3155.071	167.8921	4.468074
4530	-2994.298	-3161.494	167.1959	4.857978
4536	-3004.409	-3172.499	168.0895	4.356775
4542	-2991.286	-3159.025	167.7386	4.554375
4548	-2998.941	-3165.748	166.807	5.074247
4554	-2998.884	-3166.359	167.4749	4.702203
4560	-3000.52	-3167.737	167.2166	4.846488
4566	-2998.872	-3166.088	167.2166	4.846488
4572	-3006.123	-3173.021	166.8983	5.023583
4578	-2998.732	-3166.594	167.8624	4.484814
4584	-2999.324	-3167.271	167.9461	4.437655
4590	-3006.289	-3173.554	167.2653	4.81929
4596	-3005.773	-3173.522	167.7486	4.548743
4602	-3004.919	-3172.041	167.122	4.899173
4608	-3009.831	-3177.594	167.7628	4.540794
4614	-2998.036	-3165.78	167.744	4.551369
4620	-2995.642	-3163.277	167.6347	4.612696
4626	-2994.717	-3162.09	167.3731	4.759124
4632	-2997.344	-3164.717	167.3731	4.759124
4638	-2989.922	-3157.417	167.4945	4.691245
4644	-3012.323	-3179.957	167.6341	4.613041
4650	-3006.966	-3174.28	167.3141	4.792055
4656	-2998.7	-3166.569	167.8686	4.4813
4662	-2996.367	-3164.284	167.9166	4.454284
4668	-2998.736	-3166.119	167.3826	4.753788
4674	-2997.623	-3165.006	167.3826	4.753788
4680	-3002.494	-3169.593	167.0991	4.911938
4686	-2996.966	-3164.065	167.0991	4.911938
4692	-3004.803	-3172.426	167.6225	4.619545
4698	-3007.882	-3174.963	167.0806	4.922215
4704	-3003.91	-3171.252	167.3422	4.77636
4710	-3005.129	-3172.514	167.3854	4.752238
4716	-3017.618	-3184.924	167.3063	4.796453
4722	-3003.218	-3170.277	167.0597	4.933835
4728	-3001.993	-3170.238	168.2458	4.268329
4734	-3007.16	-3174.644	167.4841	4.697032
4740	-2994.991	-3162.631	167.6398	4.609842
4746	-3000.289	-3167.665	167.3763	4.757349
4752	-3017.145	-3184.426	167.2807	4.810727
4758	-3025.909	-3193.017	167.1083	4.90678
4764	-3012.329	-3179.895	167.5667	4.650817
4770	-3011.548	-3179.255	167.7077	4.571761
4776	-3013.396	-3181.057	167.6613	4.597761
4782	-3009.437	-3177.035	167.5984	4.633049
4788	-3016.237	-3183.452	167.215	4.847338
4794	-3008.584	-3176.287	167.7024	4.574716
4800	-3006.592	-3174.23	167.6389	4.610362
4806	-3005.552	-3173.221	167.6695	4.593154
4812	-3014.345	-3181.883	167.5373	4.667258
4818	-3000.108	-3167.259	167.1515	4.882726
4824	-3005.764	-3172.916	167.1515	4.882726
4830	-2999.734	-3166.994	167.2592	4.822734
4836	-3000.233	-3167.806	167.5737	4.646864
4842	-3009.252	-3176.463	167.2108	4.849701
4848	-3009.66	-3177.542	167.8819	4.473794
4854	-2997.003	-3164.352	167.3488	4.772702
4860	-3014.944	-3182.458	167.5135	4.680607
4866	-3005.154	-3172.541	167.3869	4.751436
4872	-3006.986	-3174.816	167.8296	4.503236
4878	-3013.695	-3181.59	167.8947	4.466628
4884	-3006.424	-3173.877	167.453	4.71448
4890	-3008.402	-3175.952	167.5492	4.660613
4896	-3011.274	-3178.753	167.4795	4.699615
4902	-3003.762	-3171.218	167.4562	4.712645
4908	-2997.478	-3165.405	167.9269	4.448463
4914	-2995.171	-3162.462	167.2916	4.804625
4920	-3005.026	-3172.946	167.9208	4.451922
4926	-2999.952	-3167.32	167.3685	4.761689
4932	-2995.811	-3162.952	167.1402	4.889014
4938	-3005.935	-3173.075	167.1402	4.889014
4944	-3001.766	-3168.906	167.1402	4.889014
4950	-3010.535	-3177.52	166.9854	4.975185
4956	-3005.236	-3173.304	168.068	4.368923
4962	-3009.279	-3177.273	167.9938	4.410744
4968	-3000.223	-3167.109	166.8857	5.030573
4974	-2997.872	-3165.075	167.2032	4.853927
4980	-2998.526	-3165.525	166.9987	4.967791
4986	-3008.434	-3175.798	167.364	4.764195
4992	-3002.672	-3170.735	168.0632	4.371629
4998	-2996.65	-3164.264	167.6135	4.624572
5004	-3008.924	-3176.431	167.5074	4.683992
5010	-3007.333	-3174.624	167.2911	4.804899
5016	-3006.525	-3174.24	167.7148	4.567754
5022	-3009.075	-3175.895	166.8195	5.067305
5028	-3008.034	-3175.552	167.5176	4.678289
5034	-3002.01	-3168.858	166.8486	5.051173
5040	-2996.982	-3164.246	167.2639	4.820078
5046	-3003.698	-3170.952	167.2539	4.82569
5052	-3001.262	-3168.693	167.4309	4.72682
5058	-3001.644	-3169.267	167.6228	4.619368
5064	-3000.914	-3168.017	167.1026	4.909961
5070	-3012.866	-3179.468	166.6023	5.187628
5076	-3009.182	-3176.183	167.0011	4.966441
5082	-3013.863	-3181.482	167.6196	4.621148
5088	-2996.747	-3163.813	167.0663	4.930167
5094	-3013.539	-3180.605	167.0663	4.930167
5100	-2993.837	-3161.303	167.4661	4.707112
5106	-3009.756	-3177.206	167.4493	4.7165
5112	-3003.056	-3170.789	167.7334	4.557291
5118	-3013.289	-3180.777	167.4881	4.694815
5124	-3028.43	-3195.536	167.1061	4.908011
5130	-3016.812	-3184.651	167.8396	4.497632
5136	-3014.109	-3181.486	167.3767	4.757127
5142	-3014.239	-3182.101	167.8614	4.485325
5148	-3021.595	-3189.268	167.6731	4.591136
5154	-3010.232	-3177.442	167.2097	4.850305
5160	-3013.196	-3180.913	167.7179	4.565991
5166	-3008.828	-3175.77	166.9416	4.999497
5172	-3008.926	-3176.814	167.8878	4.47051
5178	-2997.43	-3165.155	167.7251	4.561942
5184	-3003.624	-3170.994	167.3697	4.761
5190	-3003.736	-3171.303	167.5671	4.650585
5196	-3004.517	-3171.982	167.4654	4.707501
5202	-2996.993	-3164.221	167.2278	4.840227
5208	-3008.042	-3175.962	167.9195	4.452615
5214	-3006.538	-3173.788	167.2501	4.82776
5220	-3010.7	-3178.334	167.6333	4.613509
5226	-3000.548	-3168.087	167.5394	4.666129
5232	-3001.874	-3169.101	167.2269	4.84074
5238	-3002.229	-3169.517	167.2874	4.806991
5244	-3004.02	-3171.111	167.0902	4.916882
5250	-3008.182	-3175.529	167.347	4.773679
5256	-2999.695	-3167.118	167.4229	4.731275
5262	-2988.089	-3155.799	167.7107	4.57004
5268	-2995.069	-3162.619	167.55	4.660177
5274	-3001.594	-3169.144	167.55	4.660177
5280	-3019.076	-3186.391	167.3152	4.791486
5286	-3014.353	-3181.871	167.5176	4.6783
5292	-3009.921	-3177.497	167.5764	4.645392
5298	-3006.054	-3173.674	167.6195	4.621205
5304	-3012.474	-3178.928	166.4542	5.269504
5310	-3011.741	-3178.767	167.0258	4.952685
5316	-3008.635	-3175.681	167.0457	4.941628
5322	-2993.909	-3160.987	167.0779	4.923729
5328	-3003.578	-3170.91	167.3322	4.781941
5334	-3005.88	-3173.185	167.3058	4.796724
5340	-3016.452	-3183.758	167.3058	4.796724
5346	-3022.663	-3190.029	167.3661	4.763022
5352	-3018.758	-3186.124	167.3661	4.763022
5358	-3016.258	-3184.124	167.866	4.482755
5364	-3033.528	-3200.588	167.0596	4.933907
5370	-3027.025	-3194.084	167.0596	4.933907
5376	-3017.414	-3184.811	167.3973	4.745613
5382	-3006.971	-3174.515	167.5443	4.663362
5388	-3012.174	-3179.179	167.0042	4.964708
5394	-3009.362	-3176.561	167.1994	4.856061
5400	-3019.066	-3186.536	167.4698	4.705044
5406	-3020.692	-3187.465	166.7725	5.093369
5412	-3002.94	-3170.716	167.776	4.533398
5418	-3021.091	-3188.828	167.7372	4.555188
5424	-3012.073	-3179.486	167.4127	4.736982
5430	-3018.287	-3185.87	167.583	4.641695
5436	-3004.046	-3171.814	167.7679	4.537924
5442	-3009.479	-3176.998	167.5195	4.677248
5448	-3010.376	-3177.458	167.0825	4.921187
5454	-3004.77	-3171.853	167.0825	4.921187
5460	-2994.74	-3162.363	167.6231	4.619224
5466	-3007.167	-3174.726	167.5588	4.655231
5472	-3009.877	-3177.174	167.2968	4.801733
5478	-3003.142	-3170.662	167.5201	4.676886
5484	-3001.976	-3169.496	167.5201	4.676886
5490	-3012.335	-3179.888	167.5534	4.658274
5496	-3010.039	-3177.689	167.6501	4.60405
5502	-3017.339	-3184.541	167.2024	4.854362
5508	-3018.802	-3186.054	167.2526	4.826403
5514	-3018.04	-3185.477	167.4367	4.723557
5520	-3010.703	-3177.951	167.2475	4.829221
5526	-2998.727	-3165.975	167.2475	4.829221
5532	-2999.654	-3166.926	167.2716	4.815791
5538	-3005.435	-3173.331	167.8957	4.46605
5544	-3015.772	-3182.868	167.0962	4.913561
5550	-3013.858	-3180.954	167.0962	4.913561
5556	-2996.305	-3163.42	167.1147	4.903251
5562	-3001.903	-3169.527	167.6242	4.618604
5568	-3009.045	-3176.669	167.6242	4.618604
5574	-2999.687	-3167.564	167.8774	4.476373
5580	-3011.365	-3178.513	167.148	4.884697
5586	-3007.804	-3174.925	167.1217	4.899352
5592	-3026.376	-3193.232	166.8554	5.047358
5598	-3019.307	-3186.764	167.4567	4.712402
5604	-3026.772	-3194.395	167.6228	4.619362
5610	-3013.862	-3181.538	167.6759	4.589603
5616	-3012.005	-3179.192	167.187	4.862947
5622	-3013.147	-3180.758	167.6109	4.626065
5628	-3011.507	-3179.118	167.6109	4.626065
5634	-3002.463	-3169.722	167.2588	4.822913
5640	-3003.155	-3170.81	167.6547	4.60146
5646	-3003.452	-3170.661	167.2087	4.850896
5652	-2995.676	-3163.542	167.8669	4.482278
5658	-3000.073	-3167.832	167.7595	4.542673
5664	-3011.064	-3178.637	167.5727	4.647433
5670	-3007.156	-3174.206	167.0502	4.939117
5676	-3003.037	-3169.989	166.9523	4.993594
5682	-3008.54	-3176.08	167.5395	4.666069
5688	-3011.374	-3179.634	168.2594	4.260649
5694	-3003.589	-3171.114	167.5245	4.674423
5700	-2995.319	-3163.077	167.7576	4.543723
5706	-3007.064	-3174.525	167.461	4.709988
5712	-3009.281	-3176.742	167.461	4.709988
5718	-3022.702	-3189.572	166.87	5.039264
5724	-3019.466	-3186.766	167.3003	4.799798
5730	-3016.075	-3183.375	167.3003	4.799798
5736	-3007.841	-3175.434	167.5927	4.636247
5742	-3010.414	-3178.132	167.7182	4.565846
5748	-3018.112	-3185.305	167.1932	4.859504
5754	-2998.936	-3166.283	167.3468	4.77382
5760	-3008.185	-3175.707	167.5223	4.675702
5766	-3003.027	-3170.549	167.5223	4.675702
5772	-3013.576	-3180.88	167.3047	4.797338
5778	-2999.976	-3166.732	166.7557	5.102679
5784	-3002.064	-3168.82	166.7557	5.102679
5790	-3002.22	-3169.305	167.0847	4.919967
5796	-2993.446	-3160.766	167.3202	4.78865
5802	-3002.824	-3170.642	167.818	4.509741
5808	-2998.489	-3165.844	167.3557	4.768838
5814	-3001.576	-3169.439	167.8629	4.484525
5820	-3002.038	-3169.157	167.1192	4.900745
5826	-2993.003	-3160.777	167.7739	4.534571
5832	-2998.36	-3165.693	167.3328	4.781627
5838	-2992.829	-3160.018	167.1888	4.861973
5844	-3008.654	-3176.114	167.4606	4.710206
5850	-3005.734	-3173.195	167.4606	4.710206
5856	-3001.905	-3169.432	167.5276	4.672709
5862	-3009.449	-3177.077	167.6276	4.616691
5868	-2996.787	-3164.48	167.6931	4.57995
5874	-2991.779	-3159.055	167.2754	4.81369
5880	-2998.449	-3165.653	167.2042	4.853389
5886	-3004.763	-3172.159	167.3958	4.746466
5892	-2996.566	-3163.926	167.3598	4.766535
5898	-2996.81	-3164.593	167.7837	4.529064
5904	-2993.072	-3160.355	167.2824	4.809762
5910	-2994.262	-3161.995	167.7332	4.557395
5916	-2992.802	-3160.152	167.3502	4.771903
5922	-3009.449	-3176.799	167.3502	4.771903
5928	-3018.774	-3186.694	167.92	4.452342
5934	-3019.03	-3187.074	168.0449	4.381933
5940	-3008.102	-3176.127	168.0245	4.393428
5946	-3019.478	-3186.945	167.4669	4.706679
5952	-3002.774	-3170.33	167.5562	4.656704
5958	-3009.444	-3177.648	168.2041	4.291947
5964	-3006.176	-3173.98	167.8042	4.517508
5970	-3003.578	-3171.192	167.6137	4.624469
5976	-3014.247	-3181.582	167.3349	4.780473
5982	-3003.413	-3171.354	167.941	4.440502
5988	-3004.996	-3171.582	166.586	5.19663
5994	-3016.786	-3184.23	167.4435	4.719744
6000	-3005.266	-3172.769	167.5034	4.686254
6006	-3004.898	-3172.312	167.4131	4.736761
6012	-3011.4	-3178.805	167.4052	4.741173
6018	-2999.126	-3166.657	167.5307	4.670952
6024	-3006.061	-3173.461	167.4	4.744112
6030	-3007.858	-3175.19	167.3317	4.782248
6036	-3012.554	-3179.768	167.2142	4.847795
6042	-3005.238	-3172.25	167.0115	4.960676
6048	-3014.949	-3181.961	167.0115	4.960676
6054	-3010.563	-3177.987	167.4241	4.730625
6060	-3011.101	-3178.514	167.4131	4.736762
6066	-3010.732	-3177.579	166.8467	5.052226
6072	-3010.799	-3178.28	167.4812	4.698697
6078	-3002.957	-3170.605	167.6477	4.605407
6084	-3005.282	-3172.93	167.6477	4.605407
6090	-2999.145	-3166.49	167.3455	4.774551
6096	-3021.934	-3188.553	166.6193	5.178241
6102	-3009.333	-3176.616	167.283	4.80943
6108	-3007.998	-3175.041	167.0429	4.943193
6114	-3011.371	-3178.885	167.5143	4.680134
6120	-3015.894	-3183.513	167.6196	4.621139
6126	-3009.427	-3176.783	167.3563	4.768518
6132	-2998.814	-3165.879	167.0653	4.930715
6138	-3010.074	-3178.036	167.9624	4.428447
6144	-3008.476	-3175.691	167.2147	4.847502
6150	-3007.118	-3174.774	167.6561	4.600691
6156	-3009.304	-3177.113	167.8094	4.514579
6162	-3001.248	-3168.671	167.4238	4.730811
6168	-3001.751	-3169.175	167.4238	4.730811
6174	-3004.87	-3172.546	167.6763	4.589379
6180	-3001.668	-3168.572	166.9048	5.019944
6186	-3011.74	-3178.713	166.9738	4.981598
6192	-3003.472	-3170.994	167.5228	4.675373
6198	-3006.566	-3174.089	167.5228	4.675373
6204	-3005.969	-3172.892	166.9233	5.009685
6210	-3014.411	-3181.331	166.9193	5.011886
6216	-3013.288	-3180.738	167.4506	4.715808
6222	-3017.689	-3184.828	167.1385	4.889994
6228	-3006.585	-3174.228	167.6423	4.608419
6234	-3015.653	-3183.258	167.6052	4.629263
6240	-3009.937	-3176.896	166.9588	4.989962
6246	-3015.241	-3182.031	166.79	5.083657
6252	-3014.619	-3182.224	167.6054	4.629151
6258	-2997.14	-3164.683	167.5432	4.663963
6264	-2994.462	-3161.89	167.4288	4.72802
6270	-3000.599	-3168.077	167.4785	4.700219
6276	-3000.185	-3167.663	167.4785	4.700219
6282	-3001.547	-3168.893	167.3463	4.774108
6288	-2998.66	-3165.658	166.9984	4.967932
6294	-3000.295	-3167.713	167.418	4.734041
6300	-3000.942	-3168.4	167.4577	4.711814
6306	-3012.385	-3179.842	167.4577	4.711814
6312	-3005.579	-3173.037	167.4577	4.711814
6318	-3016.369	-3184.733	168.3639	4.201416
6324	-3004.094	-3172.174	168.0805	4.36186
6330	-3005.829	-3173.672	167.8436	4.495339
6336	-2996.3	-3163.529	167.2283	4.839961
6342	-2995.08	-3162.285	167.2046	4.853159
6348	-2999.429	-3166.753	167.3237	4.78673
6354	-2996.168	-3163.767	167.5988	4.632797
6360	-2998.002	-3165.292	167.2909	4.805013
6366	-3010.068	-3177.08	167.012	4.960404
6372	-3011.181	-3178.868	167.6878	4.582927
6378	-3021.142	-3188.324	167.1814	4.866062
6384	-3013.654	-3181.389	167.7343	4.556787
6390	-2996.798	-3163.982	167.1839	4.864712
6396	-2989.925	-3157.184	167.2589	4.822872
6402	-3001.947	-3169.111	167.1637	4.875946
6408	-2993.598	-3161.144	167.5462	4.662272
6414	-3024.108	-3190.955	166.8465	5.052325
6420	-3007.964	-3175.78	167.8163	4.510709
6426	-3004.261	-3171.934	167.6727	4.591371
6432	-3017.272	-3185.247	167.9744	4.421689
6438	-3009.636	-3177.232	167.596	4.634387
6444	-3010.164	-3177.786	167.6224	4.619592
6450	-3008.902	-3176.543	167.6419	4.608687
6456	-3021.511	-3189.401	167.89	4.46927
6462	-3016.905	-3184.319	167.4136	4.736488
6468	-3022.752	-3189.654	166.9025	5.021251
6474	-3019.599	-3186.617	167.0183	4.956857
6480	-3007.666	-3175.184	167.5176	4.678284
6486	-3015.658	-3182.81	167.1519	4.882534
6492	-3024.236	-3191.399	167.1631	4.876285
6498	-3004.952	-3172.115	167.1631	4.876285
6504	-3015.751	-3182.914	167.1631	4.876285
6510	-3013.002	-3180.413	167.411	4.737961
6516	-3002.827	-3170.063	167.2364	4.83545
6522	-3003.82	-3171.601	167.7807	4.530721
6528	-3003.272	-3170.46	167.1876	4.862605
6534	-3002.75	-3170.591	167.8411	4.496772
6540	-2996.825	-3164.126	167.3009	4.799432
6546	-3004.837	-3172.138	167.3009	4.799432
6552	-3010.876	-3178.29	167.414	4.736283
6558	-3010.697	-3177.756	167.0593	4.934075
6564	-3016.312	-3183.825	167.5133	4.680695
6570	-3013.539	-3180.987	167.4483	4.717085
6576	-3006.932	-3174.276	167.3445	4.77512
6582	-3011.866	-3179.705	167.8395	4.497644
6588	-2998.85	-3165.96	167.1092	4.906274
6594	-3004.052	-3171.376	167.3241	4.786506
6600	-3007.167	-3174.996	167.8293	4.503419
6606	-3013.598	-3181.089	167.4917	4.692812
6612	-3020.279	-3188.038	167.7594	4.542678
6618	-3004.402	-3171.072	166.6706	5.149812
6624	-2996.089	-3163.692	167.6028	4.630607
6630	-2997.112	-3164.835	167.7236	4.562827
6636	-2996.745	-3164.372	167.6268	4.617148
6642	-3008.183	-3174.945	166.7614	5.099492
6648	-3008.606	-3175.949	167.3426	4.776133
6654	-3001.042	-3168.531	167.4889	4.694363
6660	-3000.048	-3167.701	167.6532	4.602347
6666	-2989.298	-3156.74	167.4419	4.720654
6672	-3002.614	-3169.986	167.3724	4.75951
6678	-2997.173	-3164.661	167.4881	4.694801
6684	-3015.48	-3182.968	167.4881	4.694801
6690	-3008.458	-3175.273	166.8153	5.069646
6696	-3004.239	-3171.578	167.339	4.778178
6702	-3007.421	-3174.744	167.3234	4.786907
6708	-3004.449	-3171.308	166.859	5.045393
6714	-3001.492	-3169.078	167.5858	4.640125
6720	-3003.166	-3171.059	167.8932	4.46747
6726	-3006.827	-3173.703	166.876	5.035918
6732	-3005.785	-3173.549	167.7633	4.540498
6738	-3001.516	-3169.124	167.6072	4.628141
6744	-3011.578	-3179.413	167.8349	4.500279
6750	-3018.373	-3185.166	166.7928	5.082125
6756	-3011.036	-3178.456	167.4205	4.732636
6762	-2997.352	-3164.59	167.2383	4.834383
6768	-3015.782	-3182.957	167.1748	4.869765
6774	-3004.907	-3172.298	167.3904	4.749483
6780	-3004.226	-3171.912	167.6863	4.583742
6786	-3007.267	-3174.525	167.2578	4.823496
6792	-3000.031	-3167.198	167.1665	4.874405
6798	-3003.702	-3171.686	167.9839	4.416345
6804	-3002.987	-3170.719	167.7317	4.558257
6810	-2991.997	-3159.807	167.8097	4.514415
6816	-3003.078	-3170.169	167.0914	4.916183
6822	-2996.334	-3163.909	167.5746	4.64636
6828	-2996.233	-3163.435	167.2014	4.854937
6834	-3002.18	-3169.507	167.3268	4.784957
6840	-3011.207	-3178.534	167.3268	4.784957
6846	-3009.153	-3176.594	167.441	4.721182
6852	-3014.367	-3181.827	167.4592	4.711006
6858	-3021.456	-3188.915	167.4592	4.711006
6864	-3015.173	-3182.384	167.2118	4.849132
6870	-3018.862	-3186.263	167.4015	4.743227
6876	-3024.277	-3191.952	167.6755	4.589792
6882	-3011.047	-3178.069	167.0223	4.954643
6888	-3013.971	-3181.115	167.1441	4.88687
6894	-3006.893	-3174.592	167.6988	4.57672
6900	-3013.619	-3181.59	167.9711	4.423583
6906	-3019.027	-3186.486	167.4595	4.710803
6912	-3016.573	-3184.318	167.7452	4.55066
6918	-3008.184	-3175.672	167.4875	4.695174
6924	-3006.203	-3173.774	167.5715	4.648129
6930	-3017.93	-3185.642	167.7121	4.569268
6936	-3008.517	-3176.288	167.7707	4.536345
6942	-3017.823	-3185.289	167.4656	4.707408
6948	-3013.226	-3180.468	167.2418	4.832415
6954	-3013.95	-3181.192	167.2418	4.832415
6960	-3015.975	-3184.18	168.2047	4.291636
6966	-3012.447	-3179.787	167.3402	4.777502
6972	-3027.244	-3195.14	167.8961	4.465793
6978	-3021.068	-3187.987	166.9186	5.012272
6984	-3010.629	-3178.498	167.8695	4.480803
6990	-3004.985	-3172.655	167.6695	4.593189
6996	-2998.444	-3166.113	167.6695	4.593189
7002	-3010.892	-3178.399	167.507	4.68426
7008	-3014.77	-3182.277	167.507	4.68426
7014	-3000.347	-3168.357	168.0105	4.401363
7020	-3014.626	-3182.201	167.5749	4.646203
7026	-3024.107	-3191.682	167.5749	4.646203
7032	-3006.298	-3173.86	167.5619	4.65349
7038	-3003.835	-3170.907	167.0716	4.927239
7044	-3007.568	-3174.934	167.3658	4.763213
7050	-3003.314	-3170.259	166.9449	4.997659
7056	-2992.605	-3159.754	167.1486	4.884368
7062	-3005.869	-3173.421	167.5516	4.659254
7068	-3014.806	-3182.33	167.5237	4.674899
7074	-3016.466	-3183.757	167.2905	4.805272
7080	-3018.005	-3185.292	167.2879	4.8067
7086	-3018.977	-3186.261	167.2848	4.808428
7092	-3010.825	-3178.392	167.5665	4.6509
7098	-3003.119	-3170.948	167.829	4.503563
7104	-3004.81	-3172.619	167.809	4.51485
7110	-3004.883	-3172.472	167.5891	4.638254
7116	-3015.499	-3182.307	166.8082	5.07359
7122	-3015.039	-3182.598	167.5592	4.654994
7128	-3016.496	-3183.342	166.8457	5.052732
7134	-3015.278	-3182.898	167.6209	4.620438
7140	-3019.615	-3187.236	167.6209	4.620438
7146	-3017.88	-3185.261	167.381	4.754735
7152	-3023.71	-3191.028	167.318	4.789913
7158	-3015.618	-3183.144	167.5267	4.673225
7164	-3015.824	-3183.165	167.3415	4.776766
7170	-3012.568	-3179.373	166.8051	5.075301
7176	-3007.548	-3175.253	167.7042	4.573685
7182	-3021.333	-3189.401	168.0675	4.369161
7188	-3019.208	-3186.194	166.9856	4.975037
7194	-3014.086	-3181.393	167.3073	4.795868
7200	-3006.647	-3174.116	167.4693	4.705357
7206	-3012.532	-3180.38	167.8489	4.492399
7212	-2996.98	-3164.397	167.4176	4.734254
7218	-3004.425	-3171.998	167.573	4.647264
7224	-3011.436	-3178.386	166.9501	4.994793
7230	-3009.042	-3175.958	166.9157	5.013916
7236	-3015.432	-3183.626	168.1939	4.29775
7242	-3014.985	-3182.611	167.626	4.617552
7248	-3006.242	-3173.675	167.4326	4.72584
7254	-3016.163	-3183.482	167.3192	4.789232
7260	-3017.362	-3184.337	166.9757	4.980536
7266	-3023.54	-3190.943	167.4032	4.742312
7272	-3021.152	-3188.665	167.5129	4.680915
7278	-3010.704	-3177.748	167.0433	4.942949
7284	-3010.049	-3177.659	167.6099	4.626582
7290	-3008.386	-3175.921	167.5355	4.668303
7296	-3003.083	-3170.618	167.5355	4.668303
7302	-3002.973	-3170.508	167.5355	4.668303
7308	-2998.484	-3165.966	167.4817	4.698377
7314	-2997.002	-3164.625	167.623	4.619263
7320	-3019.247	-3186.1	166.8532	5.048591
7326	-3000.228	-3168.066	167.838	4.498511
7332	-2992.906	-3159.908	167.0021	4.965862
7338	-3002.664	-3170.032	167.368	4.761989
7344	-2999.618	-3166.986	167.368	4.761989
7350	-2996.737	-3164.338	167.6015	4.631286
7356	-3010.496	-3178.357	167.8611	4.485544
7362	-3006.824	-3174.208	167.3836	4.753272
7368	-3013.614	-3180.998	167.3836	4.753272
7374	-3003.128	-3170.071	166.943	4.998756
7380	-2994.573	-3162.402	167.8287	4.503764
7386	-3004.829	-3172.269	167.4407	4.721313
7392	-3002.586	-3170.027	167.4407	4.721313
7398	-3001.592	-3169.428	167.8357	4.499836
7404	-3003.307	-3171.477	168.1708	4.310827
7410	-3009.366	-3176.946	167.5798	4.643456
7416	-3009.088	-3177.452	168.3638	4.201477
7422	-3013.51	-3181.152	167.6418	4.608726
7428	-3007.376	-3175.297	167.9209	4.451831
7434	-3006.8	-3174.342	167.5421	4.664574
7440	-3008.663	-3175.933	167.2703	4.816492
7446	-3001.051	-3168.227	167.176	4.869123
7452	-3015.403	-3183.078	167.6744	4.590407
7458	-3002.201	-3169.451	167.2497	4.828004
7464	-3008.6	-3175.94	167.3403	4.777436
7470	-3000.329	-3168.024	167.695	4.578885
7476	-2997.264	-3164.958	167.695	4.578885
7482	-3002.822	-3169.667	166.8452	5.053026
7488	-3005.434	-3172.707	167.2729	4.815077
7494	-3009.454	-3176.875	167.4213	4.732202
7500	-3007.417	-3174.949	167.532	4.670269
7506	-3007.778	-3175.31	167.532	4.670269
7512	-3004.107	-3171.722	167.6155	4.623464
7518	-2989.916	-3157.255	167.3385	4.778429
7524	-2994.264	-3161.69	167.4265	4.729271
7530	-3003.321	-3170.747	167.4265	4.729271
7536	-3021.287	-3188.872	167.5844	4.640892
7542	-3022.573	-3189.949	167.3764	4.757257
7548	-3012.8	-3180.177	167.3764	4.757257
7554	-3013.906	-3181.863	167.9567	4.431676
7560	-3014.221	-3182.123	167.9017	4.462669
7566	-2998.24	-3166.149	167.9086	4.458756
7572	-3000.691	-3167.993	167.3028	4.798356
7578	-3005.678	-3173.375	167.6971	4.577711
7584	-3012.418	-3179.628	167.2101	4.850099
7590	-2996.554	-3163.848	167.294	4.803289
7596	-3000.919	-3168.294	167.3742	4.758535
7602	-3011.674	-3179.337	167.6635	4.596564
7608	-3004.089	-3171.691	167.6022	4.630903
7614	-3017.746	-3184.348	166.602	5.187793
7620	-3009.538	-3176.523	166.9852	4.975273
7626	-3006.163	-3173.693	167.5299	4.671396
7632	-3013.277	-3181.004	167.7265	4.561182
7638	-2996.701	-3164.348	167.6464	4.606141
7644	-2990.685	-3158.181	167.4961	4.690349
7650	-3006.625	-3174.121	167.4961	4.690349
7656	-3006.927	-3174.216	167.2892	4.805966
7662	-3002.359	-3169.883	167.5243	4.674582
7668	-3005.875	-3174.105	168.2298	4.277439
7674	-3009.821	-3177.437	167.6161	4.623141
7680	-3007.762	-3175.266	167.504	4.685908
7686	-3003.552	-3170.864	167.3119	4.793287
7692	-3000.439	-3167.983	167.5444	4.663302
7698	-3004.103	-3171.212	167.1095	4.90613
7704	-3008.511	-3175.765	167.2543	4.825423
7710	-3014.312	-3181.412	167.1	4.9114
7716	-3018.775	-3185.845	167.0706	4.927782
7722	-3010.027	-3176.8	166.7731	5.093014
7728	-3007.544	-3175.097	167.5529	4.65853
7734	-3003.243	-3170.884	167.6409	4.609221
7740	-3005.001	-3172.607	167.6063	4.628607
7746	-3007.984	-3175.469	167.4845	4.696814
7752	-3001.086	-3168.731	167.6453	4.606764
7758	-2993.544	-3161.469	167.9253	4.449371
7764	-3006.773	-3174.561	167.7873	4.527037
7770	-3015.962	-3183.749	167.7873	4.527037
7776	-3000.198	-3167.893	167.6952	4.578759
7782	-3001.846	-3169.541	167.6952	4.578759
7788	-2998.187	-3165.275	167.0886	4.917773
7794	-2999.524	-3167.598	168.0741	4.365464
7800	-3002.479	-3170.133	167.6544	4.601624
7806	-3005.283	-3173.31	168.0269	4.392088
7812	-3009.419	-3176.643	167.2242	4.842245
7818	-3004.649	-3172.238	167.5895	4.638045
7824	-3014.336	-3181.566	167.2292	4.839459
7830	-3023.314	-3190.352	167.0386	4.945597
7836	-3020.848	-3187.988	167.1399	4.889201
7842	-3012.535	-3179.762	167.2269	4.840736
7848	-3007.098	-3174.182	167.0836	4.920565
7854	-3011.511	-3178.992	167.4812	4.69869
7860	-3011.492	-3178.357	166.8657	5.041663
7866	-3008.857	-3176.559	167.7023	4.574767
7872	-2999.145	-3167.018	167.873	4.478813
7878	-3005.829	-3172.618	166.7896	5.083903
7884	-2990.127	-3157.734	167.6064	4.628567
7890	-2995.975	-3163.131	167.156	4.880248
7896	-2991.09	-3158.693	167.603	4.630481
7902	-2997.264	-3164.85	167.5856	4.640207
7908	-3008.897	-3175.993	167.0956	4.913889
7914	-3002.406	-3169.987	167.5808	4.642902
7920	-3029.233	-3196.889	167.6562	4.600654
7926	-3014.555	-3182.163	167.6084	4.627437
7932	-3013.4	-3180.45	167.0503	4.939064
7938	-3004.919	-3172.524	167.6047	4.629514
7944	-3005.027	-3172.779	167.7526	4.546525
7950	-3007.667	-3175.228	167.5602	4.654472
7956	-3008.371	-3175.931	167.5602	4.654472
7962	-3004.36	-3171.921	167.5602	4.654472
7968	-3005.807	-3173.399	167.5918	4.636736
7974	-3009.391	-3176.776	167.3851	4.752422
7980	-3006.694	-3173.888	167.1946	4.858723
7986	-3010.459	-3177.529	167.0704	4.927889
7992	-3016.035	-3184.058	168.0228	4.394434
7998	-3024.611	-3192.25	167.6393	4.610134
8004	-3009.188	-3176.606	167.418	4.734046
8010	-3005.077	-3172.836	167.7593	4.542738
8016	-3002.285	-3169.617	167.3326	4.781759
8022	-3010.346	-3177.679	167.3326	4.781759
8028	-3008.149	-3176.218	168.0691	4.368284
8034	-3007.809	-3175.644	167.8353	4.500049
8040	-3005.844	-3173.62	167.7758	4.533499
8046	-3002.507	-3170.01	167.5029	4.686542
8052	-3010.102	-3177.32	167.2184	4.845467
8058	-3003.856	-3171.282	167.4266	4.729229
8064	-3006.866	-3174.308	167.4425	4.720313
8070	-3002.53	-3169.883	167.3533	4.770185
8076	-2999.713	-3167.066	167.3533	4.770185
8082	-3002.888	-3170.565	167.6774	4.588722
8088	-3000.69	-3168.201	167.5109	4.682077
8094	-2997.291	-3164.461	167.1699	4.872468
8100	-3007.258	-3174.465	167.2062	4.852251
8106	-3011.976	-3179.341	167.3645	4.763938
8112	-3013.836	-3181.693	167.8575	4.487524
8118	-3007.26	-3174.659	167.3983	4.745023
8124	-3005.429	-3173.034	167.6049	4.629381
8130	-3007.856	-3175.753	167.8966	4.465539
8136	-3008.502	-3175.833	167.3309	4.782699
8142	-3008.372	-3175.792	167.4199	4.732992
8148	-3012.772	-3180.105	167.3324	4.781868
8154	-3019.799	-3187.131	167.3324	4.781868
8160	-3015.632	-3183.655	168.023	4.394292
8166	-3005.612	-3173.005	167.3931	4.747972
8172	-2997.117	-3164.381	167.2641	4.819953
8178	-2998.519	-3165.588	167.0698	4.928207
8184	-3003.081	-3170.619	167.5378	4.667003
8190	-3006.492	-3174.634	168.1422	4.326986
8196	-3004.901	-3172.905	168.0044	4.40479
8202	-3002.344	-3169.622	167.2773	4.812634
8208	-2999.168	-3167.107	167.9389	4.44173
8214	-3000.217	-3167.35	167.1325	4.893303
8220	-3004.674	-3171.983	167.3095	4.794636
8226	-3005.404	-3172.915	167.5111	4.681924
8232	-3004.165	-3171.825	167.66	4.598515
8238	-3004.826	-3171.89	167.0645	4.931172
8244	-3013.3	-3180.859	167.5584	4.655457
8250	-3011.85	-3179.407	167.5573	4.656063
8256	-3024.823	-3192.342	167.5186	4.677749
8262	-3024.865	-3192.088	167.2233	4.842752
8268	-3013.997	-3181.22	167.2233	4.842752
8274	-3014.865	-3182.015	167.1502	4.883463
8280	-3008.343	-3175.945	167.6015	4.631301
8286	-3017.531	-3184.855	167.3231	4.787064
8292	-3014.073	-3181.392	167.3195	4.789053
8298	-3009.434	-3177.083	167.649	4.60467
8304	-3009.785	-3177.391	167.6062	4.628674
8310	-3011.775	-3179.64	167.865	4.483332
8316	-3008.018	-3175.368	167.3498	4.772152
8322	-3007.256	-3174.695	167.4388	4.722406
8328	-3006.244	-3173.785	167.5408	4.665333
8334	-3012.469	-3179.649	167.1796	4.867103
8340	-3021.606	-3188.541	166.9353	5.00299
8346	-3007.586	-3175.08	167.4942	4.691429
8352	-3008.34	-3175.838	167.4979	4.689334
8358	-2998.694	-3165.92	167.2266	4.840881
8364	-3005.367	-3173.044	167.6774	4.58873
8370	-2998.742	-3166.164	167.4213	4.732183
8376	-2999.669	-3166.945	167.2757	4.813516
8382	-3023.987	-3191.263	167.2757	4.813516
8388	-3019.846	-3187.243	167.3975	4.745477
8394	-3010.678	-3177.784	167.106	4.908107
8400	-3012.782	-3179.819	167.0379	4.945976
8406	-3005.685	-3173.093	167.4077	4.739761
8412	-3013.848	-3180.574	166.7255	5.119384
8418	-2997.677	-3165.369	167.6922	4.580452
8424	-3002.769	-3170.733	167.9645	4.427275
8430	-3011.027	-3178.326	167.2994	4.800282
8436	-3022.809	-3190.358	167.5485	4.661021
8442	-3033.759	-3200.777	167.0186	4.956737
8448	-3033.564	-3200.441	166.8778	5.034918
8454	-3017.674	-3184.73	167.0566	4.935572
8460	-3016.045	-3183.649	167.6032	4.630331
8466	-3010.256	-3177.781	167.5246	4.674378
8472	-3017.616	-3185.532	167.9162	4.454515
8478	-3003.704	-3171.002	167.2976	4.801276
8484	-3014.788	-3182	167.212	4.849051
8490	-3021.28	-3189.35	168.0704	4.367558
8496	-3022.061	-3189.946	167.8845	4.472337
8502	-3015.456	-3183.066	167.6098	4.626673
8508	-3022.848	-3190.538	167.6899	4.581736
8514	-3010.148	-3177.617	167.4694	4.705289
8520	-3003.789	-3170.785	166.9964	4.969051
8526	-3012.518	-3180.213	167.6949	4.578939
8532	-3009.937	-3177.239	167.3014	4.799175
8538	-3005.654	-3172.855	167.2006	4.855372
8544	-3001.962	-3169.207	167.2441	4.831137
8550	-2998.105	-3165.128	167.023	4.954292
8556	-2997.348	-3164.446	167.0983	4.912352
8562	-3009.705	-3177.513	167.8073	4.515803
8568	-2992.009	-3159.153	167.1442	4.886807
8574	-3015.048	-3182.192	167.1442	4.886807
8580	-3004.656	-3172.286	167.6306	4.614981
8586	-3013.867	-3181.527	167.6599	4.598566
8592	-3014.009	-3181.267	167.2573	4.823772
8598	-3016.032	-3183.731	167.6993	4.576476
8604	-3011.409	-3179	167.5902	4.637634
8610	-3003.292	-3170.882	167.5902	4.637634
8616	-3001.711	-3169.149	167.4384	4.722601
8622	-3003.57	-3170.508	166.9374	5.001825
8628	-2992.704	-3160.58	167.8769	4.476638
8634	-3002.967	-3170.617	167.6498	4.604248
8640	-3015.412	-3183.338	167.9259	4.449034
8646	-3004.727	-3172.72	167.9934	4.410996
8652	-3013.891	-3181.019	167.1277	4.895993
8658	-2999.857	-3167.029	167.1726	4.870988
8664	-3002.674	-3170.338	167.6643	4.596074
8670	-3003.099	-3170.666	167.5673	4.650464
8676	-3006.059	-3173.54	167.4812	4.698692
8682	-3016.47	-3183.404	166.9341	5.003664
8688	-3021.562	-3188.112	166.5499	5.216625
8694	-3010.363	-3177.47	167.1069	4.907568
8700	-3008.988	-3176.64	167.6519	4.603044
