Iteration	Posterior	Likelihood	Prior	part_rate_trans	tree_length
0	-1785.579	-1956.598	171.0192	2.124505	1.17399
6	-1804.936	-1976.11	171.1736	2.023569	1.126711
12	-1800.407	-1971.417	171.0094	2.192453	1.122452
18	-1804.564	-1975.463	170.8989	2.363095	1.067119
24	-1803.091	-1974.034	170.9428	2.073951	1.281115
30	-1786.642	-1957.595	170.9523	2.078377	1.269652
36	-1788.844	-1959.867	171.0233	2.19799	1.104818
42	-1787.761	-1958.513	170.7518	2.438959	1.132479
48	-1792.427	-1963.4	170.9733	2.174632	1.170351
54	-1780.955	-1951.822	170.8669	2.369578	1.090939
60	-1797.373	-1968.122	170.749	2.329267	1.23004
66	-1797.038	-1967.87	170.8315	2.411145	1.085216
72	-1785.493	-1956.557	171.0638	2.176673	1.087171
78	-1798.9	-1970.004	171.1033	2.26334	0.9640093
84	-1793.594	-1964.619	171.0249	2.242018	1.062486
90	-1792.067	-1962.992	170.9252	2.189241	1.199255
96	-1789.895	-1960.977	171.0817	2.189241	1.058713
102	-1794.945	-1965.808	170.8636	2.548689	0.9151557
108	-1796.596	-1967.694	171.0981	2.151277	1.078977
114	-1789.702	-1960.578	170.8759	2.130744	1.289385
120	-1803.566	-1974.568	171.0018	2.215745	1.108281
126	-1792.722	-1963.862	171.1401	2.036289	1.145284
132	-1808.128	-1979.01	170.8816	2.321274	1.1216
138	-1803.85	-1974.992	171.1419	1.876885	1.279452
144	-1802.106	-1973.114	171.0082	1.750606	1.483405
150	-1801.337	-1972.185	170.8485	2.152221	1.294252
156	-1800.783	-1971.858	171.0751	1.872313	1.337265
162	-1792.011	-1962.871	170.8603	2.126674	1.305404
168	-1786.171	-1957.283	171.1123	1.89732	1.287004
174	-1788.219	-1959.339	171.1205	1.89732	1.280246
180	-1798.384	-1969.08	170.6956	2.419675	1.198532
186	-1803.445	-1974.462	171.0173	1.91719	1.347557
192	-1799.545	-1970.505	170.9598	2.096413	1.248529
198	-1802.515	-1973.411	170.8958	2.125865	1.277084
204	-1797.366	-1968.316	170.9498	2.341804	1.038895
210	-1791.178	-1962.299	171.1211	2.151193	1.057384
216	-1793.047	-1963.812	170.7656	2.512877	1.051488
222	-1794.434	-1965.426	170.9925	2.262193	1.073992
228	-1786.079	-1956.922	170.8432	2.370766	1.111524
234	-1785.667	-1956.319	170.6514	2.644059	1.035215
240	-1787.016	-1957.755	170.7383	2.557185	1.035215
246	-1799.029	-1969.922	170.8931	2.402404	1.035215
252	-1787.951	-1958.96	171.0091	2.114699	1.191224
258	-1791.085	-1962.353	171.2675	1.841228	1.204175
264	-1801.092	-1972.204	171.113	1.97151	1.224796
270	-1799.146	-1970.332	171.186	1.99194	1.143887
276	-1799.645	-1970.497	170.8516	2.285399	1.17983
282	-1790.635	-1961.593	170.9583	2.284624	1.084953
288	-1795.238	-1966.175	170.9368	2.35288	1.04077
294	-1798.255	-1969.182	170.927	2.343527	1.059119
300	-1801.677	-1972.896	171.2193	1.951757	1.150007
306	-1797.137	-1968.218	171.0804	2.074282	1.164401
312	-1790.956	-1962.064	171.1081	1.893702	1.293382
318	-1793.132	-1964.208	171.0754	1.777935	1.411159
324	-1810.86	-1981.856	170.9962	1.862795	1.406833
330	-1810.978	-1982.221	171.2425	1.493973	1.500204
336	-1809.258	-1980.504	171.246	1.742375	1.304311
342	-1819.547	-1990.746	171.1991	2.022807	1.104293
348	-1793.653	-1964.703	171.05	2.158439	1.11652
354	-1793.118	-1964.091	170.9728	2.227005	1.124334
360	-1794.144	-1965.139	170.9946	2.249742	1.083604
366	-1789.996	-1960.815	170.8188	2.465231	1.046209
372	-1789.355	-1960.417	171.0612	1.92573	1.305434
378	-1788.13	-1959.244	171.1136	1.867019	1.310537
384	-1786.579	-1957.832	171.2526	1.910993	1.156592
390	-1799.401	-1970.415	171.0138	2.302896	1.014484
396	-1787.144	-1958.101	170.9576	2.302896	1.06858
402	-1787.079	-1958.189	171.1099	2.078915	1.134185
408	-1779.422	-1950.052	170.6304	2.589712	1.105912
414	-1782.067	-1953.06	170.9929	2.283857	1.053167
420	-1783.429	-1954.667	171.2379	1.813088	1.2529
426	-1786.803	-1957.751	170.9483	2.199054	1.17078
432	-1800.256	-1971.297	171.0416	1.940597	1.309279
438	-1794.206	-1965.18	170.9745	2.007729	1.309279
444	-1799.119	-1970.027	170.9084	2.284769	1.130322
450	-1813.552	-1984.308	170.7556	2.530089	1.044614
456	-1807.886	-1978.937	171.0506	2.102352	1.165901
462	-1803.775	-1974.727	170.9525	2.342707	1.035486
468	-1798.51	-1969.293	170.7832	2.454671	1.089591
474	-1796.166	-1967.239	171.0732	2.171116	1.083645
480	-1798.041	-1968.835	170.7947	2.367914	1.157475
486	-1785.953	-1956.918	170.9652	2.120244	1.223999
492	-1805.594	-1976.375	170.7814	2.359259	1.17667
498	-1799.275	-1970.331	171.0562	1.894546	1.334573
504	-1800.719	-1971.681	170.9617	1.925493	1.384806
510	-1800.407	-1971.663	171.2562	1.925493	1.14055
516	-1803.143	-1974.345	171.2025	1.771801	1.315638
522	-1789.349	-1960.55	171.2007	1.773666	1.315638
528	-1788.256	-1959.185	170.9289	1.773731	1.525512
534	-1795.041	-1966.206	171.165	1.773731	1.344154
540	-1784.48	-1955.635	171.1551	1.934831	1.220146
546	-1785.041	-1956.085	171.0437	2.040583	1.224991
552	-1788.822	-1959.934	171.1121	1.996051	1.204702
558	-1780.438	-1951.23	170.7921	2.497412	1.040969
564	-1780.827	-1951.669	170.8427	2.497412	0.9911313
570	-1789.196	-1960.037	170.8404	2.507944	0.9827773
576	-1793.313	-1964.109	170.7967	2.303174	1.211737
582	-1783.621	-1954.472	170.8509	2.402755	1.074945
588	-1793.778	-1964.675	170.8964	2.357306	1.074945
594	-1791.558	-1962.576	171.0176	2.140503	1.161425
600	-1798.76	-1969.922	171.1619	1.910755	1.234719
606	-1797.635	-1968.746	171.1117	1.810423	1.357371
612	-1786.418	-1957.516	171.0985	2.032103	1.185352
618	-1793.412	-1964.363	170.9512	1.890322	1.420347
624	-1799.93	-1970.934	171.0039	2.004669	1.287873
630	-1801.591	-1972.459	170.8681	2.143237	1.285588
636	-1805.161	-1976.015	170.8538	2.155226	1.28748
642	-1792.922	-1964.09	171.1686	1.719105	1.384447
648	-1792.427	-1963.544	171.1164	1.933652	1.253616
654	-1800.468	-1971.643	171.1755	1.752342	1.352784
660	-1817.924	-1989.138	171.214	1.988164	1.122225
666	-1805.65	-1976.603	170.9531	2.434645	0.9418186
672	-1794.165	-1965.014	170.849	2.297026	1.171962
678	-1789.813	-1961.146	171.333	1.813059	1.171962
684	-1792.727	-1963.865	171.1374	1.919782	1.247716
690	-1797.932	-1969.053	171.1213	2.257109	0.9517139
696	-1803.43	-1974.525	171.0956	2.055904	1.167171
702	-1811.491	-1982.771	171.2799	1.661089	1.342341
708	-1802.763	-1973.797	171.0342	1.980333	1.282995
714	-1802.996	-1974.029	171.0326	1.885535	1.360469
720	-1808.374	-1979.261	170.8871	1.989666	1.392996
726	-1802.899	-1974.172	171.2728	1.603969	1.392996
732	-1810.794	-1982.097	171.3024	1.775674	1.230213
738	-1792.16	-1963.106	170.9455	2.257569	1.121376
744	-1795.911	-1966.982	171.0713	2.127146	1.125581
750	-1790.906	-1961.873	170.9674	2.250941	1.107549
756	-1793.297	-1964.699	171.4027	1.71858	1.193406
762	-1786.114	-1957.206	171.0916	1.807944	1.375139
768	-1781.951	-1952.808	170.8569	2.269784	1.188778
774	-1790.083	-1960.948	170.8656	2.447685	1.01788
780	-1798.184	-1969.139	170.9548	2.358406	1.01788
786	-1796.512	-1967.499	170.9865	1.893224	1.390649
792	-1796.705	-1967.667	170.9623	1.893224	1.409527
798	-1792.442	-1963.504	171.0617	2.030726	1.218026
804	-1797.391	-1968.392	171.0009	2.09156	1.218026
810	-1803.134	-1974.272	171.1386	2.09156	1.096684
816	-1812.135	-1983.13	170.995	2.156937	1.166845
822	-1797.745	-1968.413	170.6685	2.559401	1.098782
828	-1799.021	-1969.794	170.7732	2.452874	1.100506
834	-1792.554	-1963.357	170.8028	2.433171	1.091332
840	-1797.972	-1968.995	171.0235	2.266837	1.040126
846	-1799.205	-1970.257	171.0527	2.200487	1.075398
852	-1798.984	-1969.976	170.9919	2.294459	1.044015
858	-1804.021	-1974.869	170.8473	2.258767	1.206451
864	-1793.358	-1964.369	171.0102	2.023431	1.267279
870	-1790.335	-1961.29	170.9556	2.03669	1.301124
876	-1794.043	-1965.192	171.1495	2.02853	1.143827
882	-1800.611	-1971.43	170.8186	2.444539	1.066041
888	-1804.842	-1975.471	170.6286	2.675141	1.027219
894	-1793.821	-1964.374	170.553	2.75073	1.027219
900	-1805.341	-1976.507	171.1665	1.921874	1.221486
906	-1804.155	-1975.483	171.3279	1.725186	1.251104
912	-1786.065	-1957.11	171.0454	1.963806	1.287287
918	-1793.655	-1964.989	171.3345	1.773426	1.204878
924	-1799.442	-1970.21	170.7678	2.544563	1.018777
930	-1790.778	-1961.845	171.0672	2.209258	1.053465
936	-1800.321	-1971.413	171.0923	2.161177	1.075146
942	-1800.667	-1971.517	170.8494	2.271623	1.193619
948	-1800.329	-1971.243	170.9145	2.228006	1.175079
954	-1810.015	-1980.554	170.5383	2.768123	1.0246
960	-1814.063	-1985.281	171.2181	1.768215	1.305964
966	-1805.818	-1976.941	171.1226	1.863667	1.305964
972	-1816.249	-1986.964	170.715	2.593567	1.022463
978	-1801.709	-1972.558	170.8486	2.5157	0.9663655
984	-1796.312	-1966.946	170.6342	2.853991	0.8258846
990	-1798.278	-1968.581	170.3025	3.131877	0.8904391
996	-1794.944	-1965.623	170.679	2.69819	0.9529478
1002	-1804.551	-1975.47	170.9197	2.457001	0.9534296
1008	-1790.975	-1961.753	170.7784	2.457001	1.0919
1014	-1782.394	-1953.159	170.765	2.559152	1.007109
1020	-1785.44	-1956.462	171.0229	2.185497	1.116604
1026	-1788.572	-1959.4	170.8287	2.350387	1.14291
1032	-1784.743	-1955.816	171.0728	2.164725	1.089969
1038	-1787.166	-1958.18	171.0139	2.144834	1.160881
1044	-1799.557	-1970.601	171.0436	1.832416	1.393595
1050	-1794.542	-1965.871	171.3288	1.766951	1.215226
1056	-1806.99	-1978.162	171.1719	2.026872	1.125231
1062	-1800.211	-1971.236	171.0246	2.174195	1.125231
1068	-1816.052	-1986.994	170.9418	1.754682	1.530061
1074	-1811.984	-1983.187	171.2029	1.590186	1.457467
1080	-1807.724	-1978.812	171.0883	1.739115	1.43122
1086	-1805.272	-1976.315	171.0427	1.811498	1.410534
1092	-1796.505	-1967.592	171.0875	1.701102	1.460876
1098	-1798.678	-1969.915	171.2377	1.668405	1.370027
1104	-1803.085	-1974.229	171.1435	1.658779	1.450408
1110	-1801.54	-1972.619	171.0791	1.970405	1.254121
1116	-1802.35	-1973.151	170.8011	2.40484	1.118794
1122	-1798.879	-1970.005	171.1264	1.801798	1.352559
1128	-1803.528	-1974.817	171.289	1.707278	1.297835
1134	-1790.176	-1961.008	170.8316	2.213661	1.257591
1140	-1795.47	-1966.553	171.0829	1.956754	1.2623
1146	-1790.953	-1961.676	170.7231	2.426314	1.168988
1152	-1791.837	-1962.906	171.0693	2.159299	1.098142
1158	-1796.589	-1967.609	171.0205	2.198762	1.106685
1164	-1803.537	-1974.248	170.7104	2.352116	1.243283
1170	-1813.22	-1984.143	170.9227	2.300117	1.103465
1176	-1811.503	-1982.369	170.8658	2.299505	1.155052
1182	-1810.246	-1981.476	171.2298	1.984448	1.111264
1188	-1796.948	-1967.969	171.0209	1.95639	1.313266
1194	-1790.018	-1961.18	171.1624	1.838379	1.294216
1200	-1798.039	-1968.746	170.7072	2.397407	1.207704
1206	-1794.134	-1964.944	170.8098	2.350663	1.159348
1212	-1790.821	-1961.676	170.855	2.485104	0.9911302
1218	-1785.953	-1956.866	170.914	2.312078	1.100505
1224	-1793.968	-1964.946	170.9789	1.844175	1.43453
1230	-1801.096	-1972.14	171.0434	1.823306	1.400782
1236	-1792.534	-1963.762	171.2276	1.614067	1.420204
1242	-1805.185	-1976.161	170.976	1.865717	1.420204
1248	-1799.389	-1970.365	170.976	1.865717	1.420204
1254	-1785.296	-1956.516	171.2199	1.713522	1.348394
1260	-1790.333	-1961.566	171.233	1.591472	1.433468
1266	-1792.544	-1963.525	170.981	1.8949	1.393684
1272	-1797.376	-1968.606	171.2293	1.865823	1.215744
1278	-1790.344	-1961.332	170.9877	2.123061	1.202399
1284	-1792.7	-1963.799	171.0993	2.026055	1.189897
1290	-1796.373	-1967.514	171.1405	1.880378	1.277758
1296	-1791.356	-1962.563	171.2062	1.716423	1.356948
1302	-1795.372	-1966.643	171.2702	1.716423	1.305675
1308	-1790.191	-1961.315	171.1237	1.936304	1.245364
1314	-1794.568	-1965.812	171.2433	1.907257	1.168028
1320	-1794.154	-1965.364	171.2096	1.957881	1.153112
1326	-1804.038	-1975.235	171.1966	1.61419	1.443923
1332	-1810.204	-1981.221	171.0172	2.059379	1.231408
1338	-1807.923	-1979.068	171.1445	1.936198	1.228015
1344	-1811.118	-1982.362	171.2432	1.824576	1.238836
1350	-1798.252	-1969.4	171.1476	2.004937	1.16627
1356	-1808.705	-1979.762	171.0564	1.647303	1.524703
1362	-1798.981	-1970.25	171.2685	1.647303	1.362322
1368	-1792.004	-1962.994	170.9903	1.835418	1.432493
1374	-1800.235	-1971.324	171.0883	1.835418	1.356116
1380	-1792.946	-1963.931	170.9849	2.049819	1.266332
1386	-1792.301	-1963.204	170.9026	2.198002	1.211077
1392	-1787.119	-1958.276	171.1565	2.053396	1.115198
1398	-1796.32	-1967.203	170.8834	2.291572	1.146532
1404	-1796.076	-1967.034	170.9579	2.111207	1.237734
1410	-1802.494	-1973.623	171.1288	1.952143	1.227784
1416	-1789.911	-1960.947	171.0361	2.150202	1.136477
1422	-1791.269	-1962.626	171.357	1.812948	1.151008
1428	-1803.043	-1973.93	170.8871	2.015224	1.372935
1434	-1799.155	-1970.216	171.061	2.015224	1.231706
1440	-1801.073	-1972.087	171.0138	1.894867	1.367969
1446	-1809.783	-1980.915	171.1321	1.933862	1.240364
1452	-1789.484	-1960.741	171.2568	1.842178	1.212505
1458	-1802.873	-1973.668	170.7943	2.3049	1.212316
1464	-1801.959	-1973.214	171.2549	1.844268	1.212316
1470	-1791.628	-1962.831	171.2027	1.822471	1.274257
1476	-1801.246	-1972.344	171.0981	1.951233	1.254213
1482	-1791.785	-1962.738	170.9535	2.110573	1.241958
1488	-1794.156	-1965.406	171.2503	1.813726	1.241958
1494	-1793.578	-1964.919	171.3416	1.604192	1.338559
1500	-1780.03	-1951.131	171.1009	2.024303	1.190024
1506	-1790.392	-1961.284	170.8927	2.139929	1.268105
1512	-1791.463	-1962.532	171.0689	2.159662	1.098204
1518	-1787.815	-1958.788	170.9734	2.283268	1.072103
1524	-1800.92	-1972.066	171.1456	2.044589	1.132969
1530	-1789.244	-1960.235	170.9906	2.152389	1.174594
1536	-1795.685	-1966.839	171.1539	2.059793	1.11177
1542	-1794.768	-1965.854	171.0859	2.0601	1.171988
1548	-1785.073	-1955.97	170.8976	2.206333	1.208266
1554	-1795.848	-1966.951	171.1026	2.001335	1.208266
1560	-1799.246	-1970.303	171.057	2.025481	1.22651
1566	-1788.437	-1959.285	170.8477	2.292735	1.176882
1572	-1795.905	-1966.978	171.0734	2.177384	1.077589
1578	-1800.857	-1971.923	171.0663	2.232691	1.031773
1584	-1795.757	-1966.72	170.9634	2.128803	1.218241
1590	-1791.127	-1962.179	171.0527	2.120685	1.147921
1596	-1790.338	-1961.393	171.0548	1.902207	1.329594
1602	-1781.927	-1953.065	171.1382	1.906851	1.257779
1608	-1783.203	-1953.994	170.7905	2.426114	1.10914
1614	-1799.545	-1970.65	171.105	1.886301	1.301927
1620	-1793.845	-1965.085	171.2406	1.706163	1.33779
1626	-1791.959	-1963.29	171.3311	1.561987	1.380228
1632	-1798.462	-1969.492	171.0301	1.812634	1.419402
1638	-1791.747	-1962.692	170.9446	2.202398	1.171148
1644	-1783.884	-1954.935	171.051	2.173122	1.102306
1650	-1793.776	-1964.752	170.9762	2.247903	1.102306
1656	-1792.158	-1963.27	171.1116	2.025715	1.17955
1662	-1796.049	-1967.199	171.1497	1.873785	1.27564
1668	-1797.952	-1969.116	171.1643	1.85914	1.27564
1674	-1800.78	-1971.63	170.8507	2.409447	1.068897
1680	-1802.098	-1973.181	171.0831	2.192731	1.054025
1686	-1797.877	-1968.911	171.0335	2.198656	1.094867
1692	-1792.677	-1963.667	170.9894	2.24277	1.094867
1698	-1799.803	-1970.72	170.9169	2.179219	1.214931
1704	-1790.945	-1961.765	170.8198	2.276297	1.214931
1710	-1801.675	-1972.907	171.2318	1.81871	1.253263
1716	-1800.278	-1971.189	170.9114	1.98186	1.380117
1722	-1799.733	-1970.708	170.9751	2.164873	1.17725
1728	-1802.849	-1973.97	171.1203	1.88074	1.293963
1734	-1801.572	-1972.774	171.2014	1.855665	1.24779
1740	-1814.911	-1985.991	171.0802	1.843544	1.356038
1746	-1811.341	-1982.236	170.895	1.978285	1.3957
1752	-1804.33	-1975.253	170.9231	2.218146	1.176176
1758	-1795.711	-1966.809	171.0978	2.022313	1.194373
1764	-1802.05	-1972.924	170.8737	1.885108	1.483409
1770	-1795.784	-1966.912	171.1283	1.784831	1.364421
1776	-1791.503	-1962.717	171.2145	1.698683	1.364421
1782	-1785.942	-1956.914	170.9712	2.216521	1.135158
1788	-1798.259	-1969.129	170.8696	2.217351	1.222696
1794	-1806.15	-1977.007	170.8571	2.472692	1.001489
1800	-1798.836	-1969.694	170.8571	2.472692	1.001489
1806	-1792.596	-1963.486	170.8898	2.440002	1.001489
1812	-1792.017	-1962.931	170.9142	2.433977	0.9829799
1818	-1802.387	-1973.153	170.7664	2.433977	1.123848
1824	-1796.343	-1967.503	171.1602	1.854277	1.283044
1830	-1782.932	-1954.118	171.1868	1.826066	1.284333
1836	-1789.553	-1960.355	170.8017	1.601995	1.741003
1842	-1801.2	-1972.387	171.187	1.601995	1.460562
1848	-1802.164	-1973.266	171.1025	1.584043	1.537418
1854	-1803.552	-1974.519	170.9664	1.831833	1.453519
1860	-1787.742	-1958.743	171.0014	1.832363	1.426285
1866	-1802.145	-1973.354	171.2097	1.53172	1.496519
1872	-1804.194	-1975.18	170.986	2.105427	1.218934
1878	-1798.71	-1969.64	170.9299	2.005761	1.346608
1884	-1794.188	-1965.344	171.1558	1.819241	1.315068
1890	-1801.415	-1972.577	171.1628	1.98178	1.173241
1896	-1797.748	-1968.757	171.0097	2.134854	1.173241
1902	-1801.724	-1972.975	171.2511	1.951134	1.12211
1908	-1796.12	-1967.179	171.0587	2.100003	1.160858
1914	-1800.71	-1971.784	171.0737	2.035923	1.203433
1920	-1800.787	-1971.673	170.886	2.237359	1.191588
1926	-1809.686	-1980.221	170.5352	2.760972	1.034553
1932	-1794.148	-1965.206	171.0576	2.060916	1.195745
1938	-1813.922	-1984.865	170.9425	2.351592	1.036538
1944	-1812.5	-1983.43	170.9304	2.351592	1.048145
1950	-1805.81	-1976.576	170.7664	2.595901	0.968499
1956	-1813.218	-1984.428	171.2109	1.956926	1.152883
1962	-1795.937	-1967.015	171.0776	1.944974	1.276373
1968	-1790.766	-1961.907	171.141	1.908476	1.254157
1974	-1804.226	-1975.289	171.0628	1.988997	1.252174
1980	-1809.614	-1980.393	170.7792	2.32312	1.209637
1986	-1800.512	-1971.237	170.7251	2.56709	1.038415
1992	-1797.254	-1968.126	170.8729	2.496607	0.9610128
1998	-1793.882	-1964.791	170.9089	2.489306	0.9305352
2004	-1797.006	-1967.788	170.7819	2.487762	1.059942
2010	-1795.93	-1966.774	170.8431	2.052659	1.378141
2016	-1797.59	-1968.252	170.6618	2.55435	1.109529
2022	-1794.404	-1965.488	171.084	2.132163	1.109529
2028	-1796.826	-1967.767	170.9411	2.194904	1.180646
2034	-1805.227	-1976.598	171.371	1.677953	1.254546
2040	-1799.594	-1970.759	171.1643	1.873881	1.263455
2046	-1799.52	-1970.694	171.1735	1.914341	1.221983
2052	-1804.763	-1975.871	171.1081	1.835217	1.340509
2058	-1802.717	-1973.666	170.9489	2.256785	1.118987
2064	-1804.106	-1974.991	170.886	2.305826	1.131543
2070	-1790.962	-1961.989	171.0276	2.257502	1.045147
2076	-1789.631	-1960.389	170.7586	2.526568	1.045147
2082	-1792.41	-1963.325	170.9149	2.123362	1.263461
2088	-1801.931	-1972.948	171.0169	2.123362	1.177031
2094	-1790.702	-1961.776	171.074	2.180538	1.074115
2100	-1791.164	-1962.304	171.1398	1.968768	1.204279
2106	-1793.051	-1964.156	171.1047	2.011324	1.197941
2112	-1795.833	-1966.294	170.4617	2.822336	1.046235
2118	-1793.689	-1964.44	170.7506	2.690878	0.8822371
2124	-1790.76	-1961.756	170.9961	2.30225	1.032423
2130	-1802.174	-1973.434	171.2601	2.03828	1.032423
2136	-1813.287	-1984.159	170.872	2.032529	1.371193
2142	-1793.51	-1964.726	171.2158	1.70279	1.360137
2148	-1797.943	-1969.165	171.2221	1.696533	1.360137
2154	-1803.293	-1974.229	170.9363	2.039328	1.314573
2160	-1792.366	-1963.291	170.9254	2.101884	1.272499
2166	-1789.54	-1960.647	171.1077	2.103756	1.11384
2172	-1789.824	-1961.194	171.3695	1.639183	1.287778
2178	-1790.735	-1961.843	171.1079	1.809764	1.360875
2184	-1788.45	-1959.571	171.1214	1.888498	1.286765
2190	-1802.853	-1974.079	171.2253	1.835153	1.24498
2196	-1807.249	-1978.345	171.096	1.502779	1.601838
2202	-1798.952	-1969.941	170.9893	1.84284	1.427585
2208	-1787.508	-1958.673	171.1647	1.84284	1.288713
2214	-1795.421	-1966.53	171.1091	2.017429	1.188911
2220	-1797.211	-1968.319	171.1077	1.90457	1.284786
2226	-1802.009	-1973.202	171.1932	1.669278	1.404125
2232	-1804.883	-1976.13	171.247	1.645949	1.380324
2238	-1800.808	-1971.899	171.0907	1.643731	1.501734
2244	-1808.286	-1979.279	170.9933	2.008811	1.293075
2250	-1801.353	-1972.294	170.9408	2.020924	1.325747
2256	-1801.752	-1972.779	171.0269	1.934893	1.325747
2262	-1801.007	-1972.018	171.0103	2.020464	1.26962
2268	-1793.032	-1964.037	171.0046	2.009156	1.283584
2274	-1789.005	-1960.102	171.0971	2.050713	1.17044
2280	-1788.144	-1959.444	171.2998	1.986131	1.044382
2286	-1794.09	-1965.223	171.1331	2.167145	1.030559
2292	-1791.596	-1962.673	171.0769	2.169134	1.082075
2298	-1790.243	-1961.223	170.9808	2.169134	1.168541
2304	-1788.662	-1959.567	170.9049	2.352641	1.071278
2310	-1786.806	-1957.588	170.7812	2.405685	1.135921
2316	-1793.264	-1964.083	170.8182	2.561809	0.9499378
2322	-1803.75	-1974.955	171.2043	1.897421	1.210179
2328	-1801.871	-1972.773	170.9028	2.397211	1.030834
2334	-1796.702	-1967.171	170.4689	3.012401	0.8345815
2340	-1795.061	-1965.501	170.4406	3.012401	0.8688536
2346	-1794.876	-1965.727	170.8519	2.478259	1.001132
2352	-1788.708	-1959.899	171.1915	2.020961	1.112884
2358	-1797.323	-1968.533	171.2098	1.835982	1.257215
2364	-1800.446	-1971.524	171.0783	1.994236	1.234884
2370	-1800.79	-1971.955	171.1653	2.030591	1.127866
2376	-1792.02	-1963.006	170.9859	2.078914	1.241361
2382	-1787.087	-1958.162	171.0745	2.01704	1.218783
2388	-1793.566	-1964.852	171.2863	1.836222	1.192375
2394	-1789.239	-1960.589	171.3497	1.673094	1.276183
2400	-1792.093	-1963.196	171.1032	1.763259	1.401016
2406	-1791.414	-1962.638	171.2239	1.948268	1.149008
2412	-1798.932	-1969.914	170.9822	2.233491	1.109926
2418	-1803.031	-1973.784	170.7535	2.588543	0.9891445
2424	-1798.357	-1969.388	171.0313	2.248937	1.049821
2430	-1790.275	-1961.448	171.173	1.975502	1.169805
2436	-1793.404	-1964.237	170.8334	2.014213	1.415652
2442	-1793.412	-1964.582	171.1698	2.014213	1.138439
2448	-1798.221	-1969.35	171.1293	2.014213	1.174127
2454	-1813.742	-1984.659	170.9161	2.182623	1.2127
2460	-1792.331	-1963.407	171.0759	1.760459	1.424304
2466	-1794.956	-1965.94	170.9835	1.82637	1.44466
2472	-1785.467	-1956.52	171.0534	1.812016	1.401809
2478	-1786.122	-1957.411	171.2892	1.880665	1.151046
2484	-1787.371	-1958.469	171.0978	2.080702	1.143355
2490	-1790.293	-1961.203	170.9101	2.117237	1.272475
2496	-1795.019	-1965.972	170.9532	2.237744	1.13227
2502	-1800.662	-1971.525	170.8634	2.427223	1.039893
2508	-1801.627	-1972.463	170.8364	2.42568	1.067052
2514	-1807.455	-1978.515	171.0594	2.030386	1.220253
2520	-1807.522	-1978.56	171.0389	2.178691	1.108224
2526	-1790.183	-1961.09	170.9076	2.14992	1.247441
2532	-1801.062	-1972.039	170.9769	1.905738	1.388385
2538	-1797.194	-1968.294	171.1008	1.816753	1.360993
2544	-1811.397	-1982.178	170.7814	2.376428	1.161675
2550	-1817.553	-1988.457	170.9043	2.004885	1.367589
2556	-1794.14	-1965.348	171.2081	2.004885	1.112433
2562	-1796.122	-1967.27	171.1484	1.873233	1.277122
2568	-1801.808	-1972.911	171.1029	1.873233	1.314176
2574	-1805.144	-1976.281	171.1372	1.754769	1.381077
2580	-1796.048	-1967.219	171.1717	2.005323	1.144721
2586	-1796.333	-1967.306	170.9725	2.177135	1.168845
2592	-1803.478	-1974.361	170.8833	2.328777	1.113254
2598	-1790.304	-1961.28	170.9758	2.157985	1.182615
2604	-1795.837	-1966.675	170.8381	2.095101	1.348576
2610	-1793.862	-1964.907	171.0444	1.987636	1.268586
2616	-1802.503	-1973.57	171.0669	2.108727	1.145941
2622	-1793.494	-1964.391	170.8974	2.181357	1.22962
2628	-1797.71	-1968.041	170.3313	2.989186	1.010786
2634	-1798.433	-1969.039	170.6054	2.735378	0.990473
2640	-1792.144	-1962.972	170.8288	2.567201	0.9329626
2646	-1807.027	-1977.986	170.9584	2.451952	0.9173544
2652	-1798.024	-1969.034	171.0097	2.055101	1.241364
2658	-1797.018	-1968.04	171.0212	1.894223	1.362647
2664	-1797.75	-1968.692	170.9416	2.315911	1.071368
2670	-1789.748	-1960.551	170.8032	2.579116	0.9475043
2676	-1802.139	-1973.33	171.1917	2.087839	1.050503
2682	-1795.453	-1966.489	171.0364	2.072446	1.204113
2688	-1792.822	-1963.868	171.0466	2.104418	1.167654
2694	-1799.803	-1970.868	171.0649	2.153592	1.107426
2700	-1802.8	-1973.896	171.0956	1.95082	1.256645
2706	-1807.114	-1978.076	170.9617	1.982243	1.340016
2712	-1801.673	-1972.635	170.9618	2.259401	1.104912
2718	-1795.131	-1966.281	171.1505	1.726686	1.392689
2724	-1793.12	-1963.942	170.8223	2.468231	1.040014
2730	-1800.424	-1971.461	171.0369	1.902798	1.343407
2736	-1802.694	-1973.93	171.2356	2.008194	1.084097
2742	-1793.068	-1964.219	171.1503	2.145717	1.034696
2748	-1805.025	-1976.194	171.1692	1.722356	1.381454
2754	-1797.546	-1968.509	170.9632	2.212821	1.145575
2760	-1799.273	-1970.427	171.1538	1.941602	1.215556
2766	-1801.061	-1972.179	171.1178	2.019628	1.179414
2772	-1799.35	-1970.704	171.3533	1.757796	1.202165
2778	-1797.433	-1968.734	171.3018	1.901539	1.121131
2784	-1793.63	-1964.571	170.9404	2.216058	1.162808
2790	-1794.569	-1965.581	171.0121	2.144378	1.162808
2796	-1794.89	-1965.956	171.0663	2.145541	1.11349
2802	-1801.753	-1972.627	170.8735	2.145541	1.279245
2808	-1788.464	-1959.603	171.1388	1.777965	1.361582
2814	-1782.348	-1953.337	170.9888	1.927993	1.361582
2820	-1786.604	-1957.543	170.9384	2.147793	1.223339
2826	-1792.657	-1963.316	170.659	2.582216	1.086523
2832	-1801.84	-1972.325	170.4845	2.92082	0.9228081
2838	-1797.277	-1967.943	170.6666	2.657639	1.007051
2844	-1793.256	-1964.099	170.8433	2.457653	1.029848
2850	-1787.28	-1957.996	170.7153	2.633947	0.9818573
2856	-1793.044	-1963.988	170.9438	2.38835	0.9991161
2862	-1800.576	-1971.702	171.1268	1.824815	1.333881
2868	-1795.3	-1966.463	171.1631	1.687036	1.413644
2874	-1787.851	-1958.958	171.1077	1.742491	1.413644
2880	-1788.962	-1960.004	171.0423	1.981554	1.275347
2886	-1794.433	-1965.48	171.047	1.951519	1.296053
2892	-1795.335	-1966.436	171.101	1.897496	1.296053
2898	-1802.717	-1973.553	170.8362	2.377096	1.112105
2904	-1795.559	-1966.371	170.8122	2.345219	1.161982
2910	-1801.789	-1972.645	170.8565	2.39188	1.079848
2916	-1799.446	-1970.322	170.8768	2.331419	1.116709
2922	-1796.935	-1968.121	171.1857	1.894047	1.228748
2928	-1797.235	-1968.303	171.0681	1.894047	1.325436
2934	-1788.187	-1959.093	170.9059	2.089508	1.298572
2940	-1789.458	-1960.643	171.1851	1.899262	1.224867
2946	-1801.722	-1973.016	171.2938	1.99229	1.044206
2952	-1801.828	-1972.679	170.8517	2.473647	1.005886
2958	-1804.777	-1975.297	170.5203	2.896981	0.9096637
2964	-1808.07	-1978.702	170.6319	2.655302	1.043181
2970	-1801.337	-1972.073	170.7359	2.511579	1.080698
2976	-1799.007	-1969.93	170.9231	2.324425	1.080698
2982	-1800.819	-1971.694	170.8746	2.319844	1.129119
2988	-1806.777	-1977.495	170.7183	2.559866	1.05182
2994	-1798.02	-1968.991	170.9705	2.342881	1.01779
3000	-1792.718	-1963.793	171.0749	2.094631	1.151364
3006	-1796.581	-1967.71	171.1288	2.094631	1.102892
3012	-1803.521	-1974.615	171.0936	2.020094	1.199923
3018	-1798.726	-1970.012	171.2856	1.78925	1.23288
3024	-1791.934	-1963.125	171.1915	1.883357	1.23288
3030	-1783.145	-1954.316	171.1709	2.07615	1.081115
3036	-1779.257	-1950.301	171.0438	1.988465	1.268383
3042	-1781.763	-1952.673	170.9105	2.17499	1.223904
3048	-1788.085	-1959.05	170.9651	2.300269	1.063965
3054	-1793.466	-1964.523	171.0578	2.085289	1.174574
3060	-1796.776	-1967.68	170.904	2.242522	1.171572
3066	-1788.833	-1959.922	171.0882	2.006357	1.216212
3072	-1791.878	-1962.666	170.788	2.513832	1.028989
3078	-1784.232	-1955.395	171.1629	2.015073	1.143891
3084	-1794.222	-1965.008	170.7851	2.466063	1.077239
3090	-1785.551	-1956.48	170.9294	2.273889	1.121217
3096	-1794.808	-1965.787	170.9785	2.232905	1.113837
3102	-1794.733	-1965.985	171.2518	1.865015	1.197228
3108	-1799.54	-1970.453	170.9134	2.224477	1.179054
3114	-1787.297	-1958.244	170.9469	2.255375	1.122064
3120	-1785.567	-1956.386	170.8187	2.495991	1.016486
3126	-1799.4	-1970.29	170.89	2.410858	1.030025
3132	-1795.797	-1966.863	171.0663	1.970596	1.264541
3138	-1805.157	-1976.258	171.1018	1.995011	1.214294
3144	-1798.761	-1969.99	171.2292	2.031121	1.068679
3150	-1786.412	-1957.641	171.2293	1.87191	1.210609
3156	-1788.178	-1959.171	170.9935	2.144057	1.179321
3162	-1794.212	-1965.396	171.1841	2.058048	1.085698
3168	-1790.128	-1960.973	170.8457	2.373666	1.10661
3174	-1790.057	-1960.917	170.8595	2.418109	1.052306
3180	-1805.885	-1976.765	170.8801	2.382902	1.066223
3186	-1796.634	-1967.561	170.9274	2.382902	1.020731
3192	-1800.135	-1970.857	170.7222	2.563403	1.04472
3198	-1801.594	-1972.42	170.8261	2.481036	1.023908
3204	-1793.316	-1964.093	170.777	2.230165	1.288954
3210	-1780.542	-1951.536	170.9938	2.09219	1.223523
3216	-1783.32	-1954.238	170.9182	2.110747	1.271153
3222	-1789.983	-1960.84	170.8577	2.32917	1.13596
3228	-1787.571	-1958.44	170.8693	2.430215	1.031301
3234	-1793.032	-1963.888	170.8558	2.443632	1.031379
3240	-1791.426	-1962.113	170.6873	2.639579	1.004357
3246	-1792.652	-1963.319	170.6675	2.639579	1.023895
3252	-1794.731	-1965.336	170.6043	2.775009	0.9507129
3258	-1803.952	-1974.661	170.709	2.652899	0.9688917
3264	-1805.268	-1975.829	170.5612	2.741615	1.028061
3270	-1807.502	-1978.251	170.7491	2.502208	1.07719
3276	-1790.657	-1961.466	170.8098	2.353439	1.156862
3282	-1791.578	-1962.578	171.0002	2.157152	1.162097
3288	-1781.651	-1952.643	170.9922	2.082349	1.233168
3294	-1788.772	-1959.566	170.7939	2.355545	1.168991
3300	-1790.307	-1961.43	171.1229	1.988235	1.202088
3306	-1793.509	-1964.539	171.0306	1.952871	1.308237
3312	-1800.83	-1971.771	170.9417	2.179585	1.193379
3318	-1803.02	-1973.965	170.9451	2.018037	1.324635
3324	-1799.557	-1970.839	171.2824	1.712716	1.298839
3330	-1796.075	-1967.042	170.9665	2.016052	1.308995
3336	-1789.163	-1960.185	171.0214	2.024954	1.2567
3342	-1795.433	-1966.543	171.1099	1.88168	1.301711
3348	-1795.22	-1966.391	171.1708	1.708471	1.391057
3354	-1805.723	-1976.55	170.8266	2.052584	1.391057
3360	-1792.418	-1963.388	170.9702	2.260782	1.096002
3366	-1790.417	-1961.45	171.0333	2.090341	1.191379
3372	-1792.011	-1963.073	171.0621	2.061566	1.191379
3378	-1792.602	-1963.816	171.2142	1.610507	1.433268
3384	-1807.171	-1978.352	171.1803	1.743432	1.356069
3390	-1806.705	-1977.773	171.0677	1.893266	1.326378
3396	-1798.099	-1969.257	171.1585	1.893266	1.252177
3402	-1800.448	-1971.773	171.3254	1.671853	1.297079
3408	-1791.168	-1962.314	171.1466	1.872866	1.27891
3414	-1803.301	-1974.257	170.9552	2.077612	1.267907
3420	-1798.09	-1968.957	170.8671	2.448628	1.015423
3426	-1795.827	-1966.311	170.4842	2.852854	0.9941873
3432	-1797.883	-1968.705	170.8221	2.145407	1.321105
3438	-1794.092	-1965.101	171.0081	2.121797	1.185971
3444	-1795.367	-1966.592	171.2249	1.780101	1.290735
3450	-1796.509	-1967.618	171.1096	1.763282	1.395996
3456	-1801.485	-1972.262	170.7771	2.156502	1.34828
3462	-1798.572	-1969.72	171.148	1.770493	1.360212
3468	-1794.505	-1965.646	171.1407	2.005636	1.17169
3474	-1807.455	-1978.688	171.2323	1.350401	1.613502
3480	-1805.606	-1976.879	171.2735	1.501356	1.471308
3486	-1794.411	-1965.729	171.3177	1.686968	1.291003
3492	-1785.758	-1956.785	171.0276	1.956924	1.307359
3498	-1784.611	-1955.647	171.0354	2.14067	1.145528
3504	-1789.256	-1960.013	170.7573	2.369325	1.188836
3510	-1790.729	-1962.037	171.3078	1.718038	1.273661
3516	-1792.11	-1963.236	171.127	1.956726	1.225448
3522	-1796.507	-1967.352	170.8455	2.177016	1.276446
3528	-1806.306	-1977.523	171.2171	1.853659	1.236338
3534	-1802.218	-1973.414	171.1961	1.970056	1.1543
3540	-1787.148	-1958.002	170.8539	2.377321	1.095762
3546	-1799.293	-1970.154	170.8608	2.048544	1.367429
3552	-1803.926	-1974.772	170.8461	2.253911	1.211572
3558	-1819.24	-1990.525	171.2846	1.986147	1.058884
3564	-1808.216	-1979.284	171.068	2.102984	1.150046
3570	-1809.853	-1980.913	171.0602	1.946672	1.289257
3576	-1803.694	-1974.809	171.1149	1.891915	1.289257
3582	-1793.587	-1964.459	170.8717	2.068956	1.342638
3588	-1803.543	-1974.645	171.1021	2.001834	1.208234
3594	-1790.979	-1961.888	170.9086	2.284205	1.130594
3600	-1791.874	-1962.712	170.8381	2.307698	1.172185
3606	-1784.668	-1955.682	171.0138	2.225963	1.087826
3612	-1783.569	-1954.637	171.0684	1.939371	1.288465
3618	-1800.51	-1971.696	171.1862	1.821634	1.288465
3624	-1795.695	-1966.806	171.1108	1.924508	1.265865
3630	-1797.966	-1969.023	171.0561	2.019277	1.232466
3636	-1798.987	-1970.25	171.2627	1.873802	1.180292
3642	-1810.749	-1981.59	170.8405	2.192687	1.267617
3648	-1792.628	-1963.66	171.0325	2.193654	1.100437
3654	-1792.865	-1963.805	170.9404	2.205379	1.172206
3660	-1797.589	-1968.771	171.1819	1.958227	1.17715
3666	-1790.591	-1961.596	171.0049	2.284559	1.040961
3672	-1790.798	-1961.769	170.9714	2.284559	1.072809
3678	-1796.02	-1966.78	170.7599	2.641627	0.9269209
3684	-1796.546	-1967.504	170.958	2.327539	1.044795
3690	-1809.734	-1980.791	171.0568	1.729838	1.462339
3696	-1805.8	-1976.866	171.0661	2.164686	1.096113
3702	-1809.604	-1980.616	171.0119	1.963303	1.314971
3708	-1808.126	-1978.955	170.8294	2.313338	1.174831
3714	-1796.458	-1967.478	171.0202	2.059332	1.228941
3720	-1795.589	-1966.554	170.965	2.134088	1.212368
3726	-1787.014	-1958.069	171.0555	2.068783	1.190858
3732	-1789.813	-1960.835	171.0228	2.206477	1.097494
3738	-1802.559	-1973.52	170.961	2.388512	0.9816367
3744	-1793.804	-1964.35	170.5463	2.645487	1.131522
3750	-1791.161	-1961.919	170.758	2.534893	1.037666
3756	-1792.619	-1963.341	170.7226	2.458386	1.141216
3762	-1793.644	-1964.237	170.5926	2.690004	1.047544
3768	-1795.539	-1966.263	170.7236	2.510449	1.093127
3774	-1779.793	-1950.715	170.9226	2.447799	0.9600618
3780	-1793.429	-1964.329	170.9001	2.422707	1.008447
3786	-1794.454	-1965.394	170.9403	2.249197	1.13358
3792	-1789.08	-1960.119	171.0391	2.117764	1.162526
3798	-1793.605	-1964.672	171.0664	2.090476	1.162526
3804	-1796.01	-1966.95	170.9404	2.351874	1.0383
3810	-1795.795	-1967.065	171.2702	2.010956	1.048941
3816	-1798.725	-1969.749	171.0246	2.028209	1.251329
3822	-1803.791	-1974.795	171.0049	1.874417	1.390987
3828	-1786.593	-1957.657	171.0637	2.110996	1.1468
3834	-1793.34	-1964.556	171.2165	1.79744	1.28342
3840	-1792.85	-1963.935	171.0852	2.000915	1.223438
3846	-1798.361	-1969.356	170.9944	2.24313	1.089917
3852	-1808.56	-1979.271	170.7116	2.553583	1.064116
3858	-1803.324	-1974.114	170.7898	2.606273	0.932894
3864	-1806.119	-1976.618	170.4985	2.952092	0.8716729
3870	-1795.614	-1966.109	170.4946	2.926812	0.9050016
3876	-1794.991	-1965.681	170.6899	2.684699	0.955648
3882	-1800.801	-1971.488	170.6865	2.620751	1.023799
3888	-1809.525	-1980.25	170.7251	2.591694	1.014406
3894	-1800.533	-1971.178	170.6445	2.79719	0.8820127
3900	-1793.932	-1964.742	170.8108	2.544721	0.9754771
3906	-1796.058	-1966.95	170.8925	2.432517	1.006201
3912	-1799.58	-1970.332	170.7521	2.495136	1.08095
3918	-1795.135	-1966.14	171.0056	2.231311	1.090505
3924	-1810.245	-1981.24	170.9946	2.154202	1.169524
3930	-1818.804	-1989.817	171.0139	2.133915	1.17044
3936	-1811.725	-1982.731	171.0055	1.994016	1.295261
3942	-1800.761	-1971.824	171.063	2.214302	1.052598
3948	-1787.017	-1957.887	170.87	2.093827	1.324128
3954	-1796.203	-1967.705	171.5025	1.603534	1.206471
3960	-1792.187	-1963.39	171.2022	1.530964	1.502657
3966	-1798.426	-1969.36	170.9344	2.107696	1.260247
3972	-1797.163	-1968.139	170.976	2.008352	1.30757
3978	-1790.761	-1961.847	171.0859	2.008352	1.216548
3984	-1787.176	-1958.338	171.1618	1.951699	1.200099
3990	-1786.548	-1957.67	171.122	2.040981	1.157126
3996	-1784.372	-1955.28	170.9078	2.261248	1.151807
4002	-1792.43	-1963.487	171.0577	2.242499	1.030581
4008	-1785.966	-1956.979	171.0127	2.159694	1.148774
4014	-1794.398	-1965.328	170.9294	2.069613	1.295611
4020	-1791.089	-1961.902	170.8133	2.258329	1.235628
4026	-1797.8	-1968.911	171.1114	1.755298	1.400798
4032	-1794.834	-1966.098	171.2642	1.732933	1.29717
4038	-1801.667	-1972.744	171.0771	1.900428	1.313084
4044	-1803.93	-1975.165	171.2343	1.852071	1.223156
4050	-1800.976	-1972.11	171.1341	1.952342	1.223156
4056	-1800.869	-1971.889	171.0201	2.115516	1.181014
4062	-1785.718	-1956.593	170.8754	2.083975	1.327675
4068	-1795.967	-1966.781	170.8134	2.582521	0.9330179
4074	-1799.474	-1970.097	170.6224	2.641208	1.065567
4080	-1803.505	-1974.265	170.7593	2.415883	1.146316
4086	-1796.821	-1967.711	170.8893	2.165649	1.249555
4092	-1800.486	-1971.488	171.0023	2.140442	1.174801
4098	-1796.456	-1967.551	171.0955	1.891054	1.305723
4104	-1799.828	-1970.872	171.0438	1.949174	1.300562
4110	-1795.283	-1966.247	170.9638	2.098403	1.243526
4116	-1797.755	-1968.884	171.1295	2.059472	1.134078
4122	-1782.888	-1954.017	171.1295	2.059472	1.134078
4128	-1794.347	-1965.468	171.1206	1.918452	1.262779
4134	-1792.331	-1963.444	171.1134	1.918452	1.26874
4140	-1795.406	-1966.517	171.1113	1.940334	1.252323
4146	-1798.185	-1969.241	171.0563	2.1822	1.088994
4152	-1816.385	-1987.153	170.7675	2.336525	1.208186
4158	-1797.404	-1968.606	171.202	1.903128	1.207219
4164	-1793.845	-1964.949	171.1039	1.763895	1.399962
4170	-1792.012	-1963.087	171.0751	1.603108	1.543611
4176	-1789.808	-1960.89	171.0816	1.636423	1.513982
4182	-1788.84	-1959.958	171.1188	1.590777	1.520337
4188	-1795.67	-1967.058	171.3872	1.695495	1.226331
4194	-1793.406	-1964.417	171.0107	2.11667	1.188182
4200	-1793.877	-1964.764	170.8872	2.020309	1.368871
4206	-1799.185	-1970.257	171.0722	2.020309	1.217985
4212	-1789.644	-1960.646	171.0026	1.891607	1.379372
4218	-1790.512	-1961.603	171.0911	1.891607	1.308836
4224	-1791.064	-1962.155	171.0911	1.891607	1.308836
4230	-1794.182	-1965.155	170.9738	2.088057	1.243838
4236	-1787.094	-1958.315	171.2212	1.648052	1.398867
4242	-1786.527	-1957.655	171.1282	2.061353	1.133558
4248	-1796.886	-1967.509	170.6231	2.658273	1.048724
4254	-1803.444	-1974.164	170.7194	2.56199	1.048724
4260	-1802.407	-1973.065	170.6585	2.562477	1.105111
4266	-1795.409	-1966.17	170.7606	2.502972	1.065643
4272	-1799.615	-1970.439	170.8241	2.115479	1.343463
4278	-1791.477	-1962.468	170.9919	2.033686	1.273887
4284	-1797.083	-1968.157	171.0747	2.024339	1.212481
4290	-1799.674	-1970.643	170.9685	2.430956	0.9292122
4296	-1797.455	-1968.39	170.9352	2.256146	1.13191
4302	-1807.935	-1978.868	170.9329	2.017937	1.33448
4308	-1802.531	-1973.87	171.3391	1.755753	1.216039
4314	-1808.954	-1980.218	171.2647	1.592838	1.407932
4320	-1803.122	-1974.049	170.9265	2.036619	1.32468
4326	-1795.085	-1966.314	171.2295	1.840453	1.236977
4332	-1795.312	-1966.355	171.0432	2.129468	1.148597
4338	-1804.25	-1975.355	171.1046	2.008881	1.200144
4344	-1801.664	-1972.634	170.9693	2.222769	1.13126
4350	-1798.202	-1969.182	170.9804	2.230304	1.114492
4356	-1787.458	-1958.584	171.1254	2.085317	1.114492
4362	-1807.016	-1978.215	171.1992	1.824889	1.275151
4368	-1808.415	-1979.59	171.1751	1.824889	1.29483
4374	-1808.9	-1980.163	171.2633	1.59489	1.407394
4380	-1794.597	-1965.605	171.008	1.933294	1.342104
4386	-1797.017	-1968.179	171.1622	1.852225	1.283061
4392	-1802.365	-1973.19	170.8242	2.511858	0.9952406
4398	-1792.282	-1963.115	170.833	2.497353	1.000881
4404	-1796.246	-1967.074	170.828	2.502405	1.000881
4410	-1798.834	-1969.586	170.7516	2.55184	1.027435
4416	-1802.395	-1973.26	170.8653	2.469819	0.9961499
4422	-1797.056	-1967.98	170.9245	2.356824	1.048832
4428	-1804.831	-1975.741	170.9098	2.28604	1.127867
4434	-1807.432	-1978.684	171.2518	1.834207	1.223494
4440	-1806.861	-1977.933	171.0712	2.043755	1.198817
4446	-1807.954	-1978.88	170.9256	2.12229	1.255433
4452	-1799.282	-1970.335	171.0531	2.039339	1.218053
4458	-1804.259	-1975.228	170.9683	2.212583	1.141237
4464	-1794.555	-1965.517	170.9618	2.311837	1.056165
4470	-1795.511	-1966.562	171.0505	1.896412	1.337606
4476	-1818.229	-1989.487	171.2579	1.945818	1.120775
4482	-1801.985	-1972.873	170.8887	2.333969	1.103596
4488	-1803.863	-1974.862	170.9989	2.334978	0.99744
4494	-1789.896	-1960.815	170.9188	2.141907	1.244721
4500	-1801.234	-1972.249	171.0154	2.23257	1.080255
4506	-1801.647	-1972.619	170.9716	2.23257	1.120438
4512	-1803.844	-1974.697	170.8528	1.690152	1.642211
4518	-1807.233	-1978.542	171.3095	1.442289	1.488663
4524	-1813.909	-1984.873	170.9636	1.633297	1.603165
4530	-1803.161	-1974.072	170.9115	1.82983	1.496579
4536	-1796.681	-1967.968	171.2866	1.771556	1.246898
4542	-1785.942	-1956.801	170.8584	2.069871	1.352498
4548	-1785.811	-1956.854	171.043	1.93696	1.311058
4554	-1784.975	-1956.113	171.1377	1.776783	1.363362
4560	-1793.633	-1964.821	171.1884	1.871013	1.245867
4566	-1797.308	-1968.232	170.9246	1.758845	1.539705
4572	-1791.2	-1962.448	171.2479	1.881809	1.18613
4578	-1800.635	-1971.739	171.1039	1.966232	1.236834
4584	-1800.88	-1971.81	170.9305	1.977745	1.368325
4590	-1797.488	-1968.666	171.1785	1.571198	1.490307
4596	-1797.141	-1968.336	171.1949	2.014622	1.115578
4602	-1804.996	-1975.813	170.8165	2.486654	1.02772
4608	-1818.579	-1989.814	171.2354	1.606052	1.42039
4614	-1815.479	-1986.279	170.7997	2.194855	1.299275
4620	-1803.037	-1974.232	171.1954	1.979773	1.146306
4626	-1799.885	-1970.997	171.1122	1.812864	1.354992
4632	-1796.384	-1967.339	170.9557	2.077122	1.267907
4638	-1803.582	-1974.523	170.9407	2.105092	1.257149
4644	-1791.094	-1962.052	170.9584	2.365289	1.007549
4650	-1800.263	-1970.837	170.5734	2.852214	0.9003721
4656	-1809.617	-1980.327	170.7107	2.689998	0.9277993
4662	-1802.903	-1973.667	170.7643	2.530157	1.036203
4668	-1807.761	-1978.648	170.8872	2.222983	1.202926
4674	-1798.368	-1969.649	171.2812	1.902417	1.138854
4680	-1798.983	-1969.856	170.8735	2.075887	1.335637
4686	-1793.57	-1964.586	171.016	1.944229	1.326973
4692	-1802.41	-1973.727	171.3176	1.756479	1.23358
4698	-1802.036	-1973.184	171.1484	1.580995	1.505484
4704	-1821.221	-1991.984	170.7633	2.137073	1.374538
4710	-1805.577	-1976.872	171.2953	1.734158	1.270712
4716	-1799.384	-1970.364	170.9799	1.62357	1.598413
4722	-1800.297	-1971.587	171.2904	1.62357	1.363751
4728	-1810.041	-1980.985	170.9435	1.953172	1.377422
4734	-1807.241	-1978.392	171.1501	1.926991	1.231011
4740	-1805.219	-1976.296	171.0775	2.122201	1.124448
4746	-1810.057	-1980.908	170.8507	2.331901	1.139781
4752	-1812.316	-1982.795	170.4794	2.921546	0.927583
4758	-1794.414	-1964.985	170.5713	2.884922	0.8649873
4764	-1800.034	-1970.83	170.796	2.695676	0.8214892
4770	-1800.577	-1971.229	170.6519	2.695676	0.9835289
4776	-1798.023	-1968.574	170.5514	2.91327	0.8549644
4782	-1807.401	-1977.626	170.2256	3.161374	0.942625
4788	-1807.878	-1979.009	171.1311	2.123857	1.073701
4794	-1806.105	-1977.279	171.1742	1.870304	1.25829
4800	-1809.76	-1980.823	171.0633	2.078467	1.175682
4806	-1807.466	-1978.463	170.9973	2.06606	1.242527
4812	-1800.569	-1971.523	170.9544	2.197425	1.166922
4818	-1805.841	-1976.735	170.8943	2.331137	1.101042
4824	-1810.31	-1981.308	170.9979	2.429308	0.8986038
4830	-1798.887	-1969.798	170.9108	2.129759	1.261541
4836	-1798.276	-1969.289	171.0124	2.056254	1.238147
4842	-1797.204	-1968.015	170.8104	2.530281	0.9905937
4848	-1797.208	-1968.109	170.9009	2.350986	1.076646
4854	-1801.044	-1972.007	170.9634	2.230756	1.129382
4860	-1804.962	-1975.726	170.7642	2.300898	1.241113
4866	-1806.005	-1977.239	171.2343	1.95317	1.1354
4872	-1815.836	-1986.634	170.7983	2.416665	1.110629
4878	-1801.422	-1972.52	171.0981	2.076226	1.147053
4884	-1804.053	-1974.851	170.7972	2.229767	1.272707
4890	-1808.235	-1979.293	171.0585	2.005836	1.241738
4896	-1803.669	-1974.701	171.032	2.033407	1.240811
4902	-1807.511	-1978.547	171.036	2.070375	1.206205
4908	-1800.605	-1971.448	170.8432	2.346312	1.133604
4914	-1799.916	-1971.085	171.1695	1.899746	1.237596
4920	-1803.036	-1974.22	171.1837	1.864841	1.254893
4926	-1800.965	-1972.167	171.2018	1.701351	1.372302
4932	-1799.124	-1970.141	171.017	2.105412	1.192428
4938	-1803.607	-1974.573	170.966	2.355288	1.009987
4944	-1791.908	-1963.001	171.0926	2.191275	1.046357
4950	-1792.589	-1963.829	171.2403	1.927285	1.153055
4956	-1793.055	-1964.259	171.2043	1.756708	1.326335
4962	-1799.779	-1970.964	171.1843	1.841952	1.273314
4968	-1799.286	-1970.511	171.2244	1.801837	1.273314
4974	-1795.612	-1966.694	171.0818	1.881907	1.324223
4980	-1785.289	-1956.371	171.082	1.767051	1.414543
4986	-1801.23	-1972.057	170.8272	2.132677	1.327241
4992	-1789.574	-1960.655	171.0806	2.143236	1.102483
4998	-1795.691	-1966.638	170.9472	2.366709	1.017251
5004	-1807.857	-1978.59	170.7328	2.517038	1.07849
5010	-1804.994	-1976.067	171.0729	1.992466	1.240869
5016	-1800.465	-1971.702	171.2368	1.809305	1.25693
5022	-1792.575	-1963.653	171.0777	1.969341	1.256177
5028	-1795.571	-1966.547	170.976	2.119607	1.215383
5034	-1801.347	-1972.481	171.1338	1.988674	1.192415
5040	-1788.799	-1959.746	170.9475	2.11463	1.243528
5046	-1799.013	-1969.997	170.9838	2.075989	1.245499
5052	-1796.467	-1967.299	170.8323	2.442064	1.055449
5058	-1794.779	-1965.724	170.9451	2.357391	1.028362
5064	-1792.384	-1963.131	170.7464	2.535516	1.048244
5070	-1794.336	-1965.408	171.0719	2.144398	1.109391
5076	-1798.244	-1969.285	171.0418	2.09763	1.17771
5082	-1801.476	-1972.391	170.9151	2.048522	1.32424
5088	-1807.732	-1978.714	170.9816	1.944023	1.354558
5094	-1796.938	-1968.059	171.1207	2.020111	1.176487
5100	-1791.157	-1962.162	171.0053	2.135525	1.176487
5106	-1788.422	-1959.17	170.7482	2.533171	1.048784
5112	-1784.518	-1955.608	171.0901	2.297833	0.9416217
5118	-1794.216	-1964.859	170.6426	2.597742	1.087328
5124	-1798.887	-1969.899	171.0119	2.035583	1.255805
5130	-1800.401	-1971.479	171.0774	1.974001	1.252486
5136	-1806.49	-1977.62	171.1301	1.947616	1.230516
5142	-1801.443	-1972.522	171.0791	1.997813	1.231146
5148	-1803.455	-1974.454	170.9988	2.078139	1.231146
5154	-1810.733	-1981.529	170.7966	2.504543	1.02967
5160	-1804.648	-1975.429	170.781	2.44468	1.100807
5166	-1807.367	-1978.441	171.074	2.12669	1.123531
5172	-1801.227	-1972.255	171.028	2.01872	1.256426
5178	-1801.106	-1971.871	170.7646	2.554249	1.012369
5184	-1807.96	-1978.725	170.7651	2.537131	1.028674
5190	-1804.646	-1975.641	170.9953	2.250676	1.082096
5196	-1796.542	-1967.56	171.0181	2.227933	1.082096
5202	-1786.684	-1957.649	170.965	2.281003	1.082096
5208	-1791.86	-1962.854	170.9942	2.187062	1.14096
5214	-1791.597	-1962.425	170.8276	2.380588	1.116794
5220	-1794.974	-1966.091	171.1175	1.898034	1.282118
5226	-1793.828	-1965.193	171.3653	1.789079	1.164663
5232	-1798.652	-1969.681	171.0284	1.725434	1.487184
5238	-1789.022	-1960.13	171.1075	1.784673	1.380941
5244	-1796.218	-1966.928	170.7107	2.208462	1.35972
5250	-1799.454	-1970.219	170.7645	2.229288	1.299868
5256	-1798.759	-1969.648	170.8892	2.229288	1.195773
5262	-1798.191	-1969.343	171.1516	2.110671	1.066882
5268	-1793.54	-1964.518	170.9776	2.119871	1.213797
5274	-1801.543	-1972.53	170.9877	2.075794	1.242411
5280	-1805.236	-1976.347	171.1106	2.122758	1.093825
5286	-1802.874	-1974.008	171.1338	2.070052	1.12068
5292	-1803.143	-1973.956	170.8128	2.13362	1.338065
5298	-1795.963	-1967.082	171.1185	1.840284	1.328148
5304	-1799.015	-1969.524	170.5092	2.556525	1.240545
5310	-1791.146	-1961.934	170.7874	2.251154	1.263167
5316	-1796.134	-1967.452	171.3177	1.616015	1.348177
5322	-1793.559	-1964.679	171.1196	1.925704	1.257556
5328	-1787.66	-1958.729	171.069	2.120681	1.133397
5334	-1790.644	-1961.64	170.9956	1.900597	1.377768
5340	-1791.239	-1962.372	171.1331	1.879294	1.284737
5346	-1797.981	-1968.926	170.9449	2.184912	1.186086
5352	-1812.628	-1983.94	171.312	1.94097	1.075589
5358	-1819.996	-1990.833	170.8371	2.286449	1.191484
5364	-1803.025	-1973.975	170.9503	2.286449	1.090668
5370	-1807.129	-1977.979	170.8498	2.124659	1.315493
5376	-1791.449	-1962.541	171.0915	2.166674	1.070704
5382	-1800.381	-1971.065	170.6847	2.604161	1.041626
5388	-1803.837	-1974.76	170.9226	2.156332	1.229429
5394	-1802.92	-1973.833	170.9126	2.281667	1.129332
5400	-1796.725	-1967.475	170.7496	2.501847	1.076997
5406	-1805.77	-1976.639	170.8697	2.3818	1.076997
5412	-1790.924	-1961.936	171.0118	2.121417	1.183082
5418	-1800.191	-1971.215	171.0234	2.061153	1.224709
5424	-1804.423	-1975.154	170.7311	2.547658	1.051291
5430	-1792.448	-1963.421	170.9739	2.108519	1.226527
5436	-1792.656	-1963.823	171.1666	1.983624	1.168278
5442	-1806.172	-1977.081	170.91	2.292829	1.121654
5448	-1808.38	-1979.29	170.91	2.292829	1.121654
5454	-1802.51	-1973.552	171.0425	2.26761	1.02093
5460	-1802.821	-1973.753	170.9314	2.296976	1.098329
5466	-1792.117	-1962.924	170.8068	2.578118	0.9447788
5472	-1795.218	-1965.892	170.6746	2.592007	1.062793
5478	-1791.794	-1962.688	170.8941	2.162041	1.248606
5484	-1798.271	-1969.376	171.1046	1.876908	1.309869
5490	-1791.59	-1962.58	170.9902	2.031744	1.276839
5496	-1803.092	-1974.139	171.0469	2.08703	1.182526
5502	-1796.808	-1967.703	170.8951	2.096651	1.30156
5508	-1804.859	-1975.752	170.8925	2.228511	1.193635
5514	-1814.773	-1985.791	171.0189	2.228511	1.080805
5520	-1811.754	-1982.83	171.0761	2.084856	1.158894
5526	-1792.742	-1963.833	171.0914	2.069587	1.158894
5532	-1803.334	-1974.361	171.0268	2.128849	1.163571
5538	-1812.414	-1983.455	171.041	2.114674	1.163571
5544	-1802.512	-1973.27	170.7576	2.360105	1.196503
5550	-1800.292	-1970.955	170.6625	2.535204	1.12622
5556	-1787.709	-1958.713	171.0034	2.0324	1.26544
5562	-1793.235	-1964.048	170.8134	2.578888	0.9369157
5568	-1791.244	-1961.813	170.5682	2.87076	0.8852008
5574	-1795.347	-1966.402	171.0551	2.234397	1.040964
5580	-1791.372	-1962.433	171.0611	2.145396	1.118258
5586	-1786.674	-1957.637	170.9637	2.242883	1.118258
5592	-1791.436	-1962.173	170.7367	2.573546	1.020864
5598	-1790.765	-1961.517	170.751	2.573546	1.006667
5604	-1791.936	-1962.87	170.934	2.461141	0.9338859
5610	-1799.296	-1970.058	170.7623	2.634596	0.9319908
5616	-1797.268	-1967.728	170.4606	2.9168	0.9527262
5622	-1797.227	-1968.117	170.89	2.370877	1.068161
5628	-1796.471	-1967.355	170.884	2.370877	1.073784
5634	-1788.312	-1959.381	171.0692	1.955148	1.274932
5640	-1800.794	-1971.761	170.9668	2.022511	1.303555
5646	-1788.336	-1959.506	171.1695	1.867785	1.264201
5652	-1790.65	-1961.771	171.1217	1.830375	1.333513
5658	-1796.993	-1968.018	171.0245	1.82699	1.412634
5664	-1790.351	-1961.318	170.9671	2.315676	1.04744
5670	-1791.876	-1962.837	170.9605	2.315676	1.053714
5676	-1790.221	-1961.099	170.8785	2.249095	1.187937
5682	-1791.823	-1962.821	170.9973	2.125188	1.19234
5688	-1795.037	-1966.031	170.9941	2.081793	1.232053
5694	-1785.078	-1956.327	171.2491	1.937527	1.136191
5700	-1794.496	-1965.268	170.7711	2.579663	0.9803486
5706	-1789.141	-1959.933	170.792	2.579663	0.958734
5712	-1789.103	-1959.888	170.7858	2.579663	0.9651963
5718	-1787.953	-1958.924	170.9704	2.11633	1.222912
5724	-1794.058	-1965.211	171.1531	1.822228	1.314865
5730	-1801.163	-1971.867	170.7038	2.470061	1.147539
5736	-1787.466	-1958.168	170.7027	2.538684	1.086407
5742	-1788.359	-1959.432	171.0738	2.238049	1.019224
5748	-1789.939	-1960.688	170.7489	2.604973	0.9771659
5754	-1784.489	-1955.264	170.7747	2.547192	1.009332
5760	-1803.284	-1974.084	170.8	2.459452	1.069513
5766	-1795.326	-1966.208	170.8819	2.408819	1.039831
5772	-1801.704	-1972.54	170.8361	2.367469	1.120948
5778	-1803.273	-1974.164	170.8909	2.339646	1.096389
5784	-1806.77	-1977.908	171.1378	2.18468	1.008783
5790	-1810.85	-1981.801	170.9509	2.130496	1.227416
5796	-1818.206	-1989.278	171.0718	2.130496	1.122069
5802	-1800.5	-1971.558	171.0584	2.257955	1.01486
5808	-1792.165	-1963.132	170.9669	2.162055	1.186833
5814	-1790.233	-1961.441	171.2076	1.921301	1.186833
5820	-1796.393	-1967.524	171.131	2.103173	1.093044
5826	-1790.416	-1961.639	171.2233	1.878513	1.210067
5832	-1786.678	-1957.895	171.2176	1.762036	1.311333
5838	-1785.988	-1957.022	171.0348	1.975465	1.286467
5844	-1787.738	-1958.694	170.9557	2.087043	1.259711
5850	-1798.77	-1969.941	171.171	1.56238	1.502532
5856	-1792.954	-1963.991	171.037	1.915648	1.333062
5862	-1797.826	-1969.045	171.2193	1.904353	1.191406
5868	-1798.914	-1969.946	171.0315	1.904353	1.346468
5874	-1800.709	-1971.726	171.0173	1.728431	1.493254
5880	-1801.262	-1972.667	171.4042	1.572494	1.313721
5886	-1793.164	-1963.955	170.7909	2.209097	1.294833
5892	-1790.844	-1961.903	171.0596	1.685184	1.493975
5898	-1789.396	-1960.456	171.0605	1.647838	1.521257
5904	-1808.485	-1979.264	170.779	1.958262	1.499631
5910	-1801.443	-1972.716	171.2728	1.907438	1.141801
5916	-1807.357	-1978.305	170.9475	1.810967	1.483648
5922	-1799.386	-1970.699	171.3128	1.481092	1.456788
5928	-1802.078	-1973.16	171.0822	1.628718	1.519325
5934	-1806.655	-1977.982	171.3269	1.591656	1.360174
5940	-1808.393	-1979.489	171.0956	1.67441	1.474939
5946	-1806.447	-1977.536	171.0893	1.855477	1.339345
5952	-1800.287	-1971.48	171.1927	1.674449	1.400501
5958	-1792.702	-1963.711	171.009	2.242055	1.0774
5964	-1788.474	-1959.542	171.0682	1.935455	1.291886
5970	-1794.56	-1965.781	171.2212	1.985585	1.118064
5976	-1800.299	-1971.255	170.9561	2.289842	1.08217
5982	-1810.956	-1982.053	171.0968	2.149112	1.08217
5988	-1790.305	-1961.324	171.0183	1.976991	1.298626
5994	-1797.016	-1968.004	170.9883	2.06463	1.251265
6000	-1805.958	-1976.804	170.8459	2.403279	1.079097
6006	-1805.151	-1976.064	170.9132	2.392786	1.025033
6012	-1810.967	-1981.694	170.7274	2.577813	1.025735
6018	-1808.148	-1979.202	171.054	2.02167	1.232244
6024	-1804.894	-1975.914	171.0203	1.94007	1.32687
6030	-1795.207	-1966.321	171.1142	1.818004	1.349383
6036	-1791.207	-1962.174	170.9671	2.094168	1.244266
6042	-1785.399	-1956.44	171.0409	2.020431	1.244266
6048	-1792.264	-1962.972	170.7084	2.352925	1.244266
6054	-1795.027	-1966.36	171.3326	1.950604	1.047025
6060	-1787.19	-1958.207	171.0174	2.008728	1.273427
6066	-1791.301	-1962.571	171.2705	1.616816	1.384745
6072	-1788.586	-1959.51	170.924	2.289598	1.111816
6078	-1799.452	-1969.994	170.5422	2.904818	0.8758995
6084	-1788.506	-1959.252	170.7453	2.630475	0.9544349
6090	-1789.911	-1960.929	171.0175	1.860334	1.392123
6096	-1786.188	-1957.206	171.0175	1.860334	1.392123
6102	-1791.734	-1962.924	171.1899	1.959931	1.168635
6108	-1793.655	-1964.576	170.9215	2.112398	1.267045
6114	-1803.23	-1974.242	171.0114	2.233943	1.082729
6120	-1797.9	-1968.622	170.7225	2.595335	1.013357
6126	-1801.184	-1971.883	170.6989	2.656518	0.97557
6132	-1807.801	-1979.079	171.2783	1.983427	1.067357
6138	-1801.54	-1972.567	171.0275	2.188148	1.109979
6144	-1802.937	-1973.445	170.5081	2.917958	0.899803
6150	-1797.877	-1968.766	170.8887	2.520416	0.9186573
6156	-1804.268	-1975.055	170.7874	2.429289	1.109052
6162	-1787.723	-1958.685	170.9626	2.160481	1.191828
6168	-1785.059	-1956.075	171.0162	2.106893	1.191828
6174	-1785.558	-1956.572	171.0143	2.045297	1.245678
6180	-1789.86	-1960.961	171.1011	2.045297	1.171626
6186	-1789.257	-1960.169	170.9121	2.358236	1.059238
6192	-1792.137	-1963.209	171.0724	2.157947	1.096565
6198	-1792.748	-1963.733	170.9846	2.094509	1.229293
6204	-1806.506	-1977.419	170.9138	2.214286	1.187504
6210	-1801.526	-1972.694	171.1681	1.519025	1.53699
6216	-1810.303	-1981.405	171.1018	1.435221	1.646459
6222	-1804.355	-1975.855	171.4999	1.559992	1.24547
6228	-1792.634	-1963.905	171.2713	1.865658	1.179831
6234	-1794.416	-1965.382	170.9666	2.250157	1.10902
6240	-1789.542	-1960.223	170.6813	2.535397	1.10902
6246	-1790.42	-1961.432	171.0122	1.924438	1.345833
6252	-1793.51	-1964.712	171.2021	1.886812	1.221022
6258	-1791.807	-1962.795	170.9879	2.038755	1.272971
6264	-1794.777	-1965.737	170.9608	2.225992	1.13602
6270	-1799.109	-1970.089	170.9799	2.206879	1.13602
6276	-1801.476	-1972.34	170.8643	2.257739	1.192781
6282	-1803.661	-1974.938	171.2772	1.916634	1.129662
6288	-1798.178	-1969.188	171.0103	1.834178	1.418059
6294	-1801.176	-1972.35	171.1738	1.892913	1.239724
6300	-1802.11	-1973.221	171.1108	2.051477	1.157766
6306	-1795.331	-1966.328	170.9971	1.822604	1.437121
6312	-1798.775	-1969.596	170.8216	2.361102	1.139653
6318	-1809.108	-1979.744	170.6361	2.664372	1.03038
6324	-1809.166	-1980.051	170.8846	2.307293	1.131419
6330	-1811.755	-1982.547	170.7921	2.339009	1.184936
6336	-1805.905	-1976.795	170.8891	2.161926	1.252822
6342	-1789.288	-1960.515	171.2279	2.043846	1.057967
6348	-1794.841	-1965.996	171.1549	1.885335	1.261818
6354	-1792.465	-1963.778	171.313	1.733434	1.256659
6360	-1791.207	-1962.21	171.0038	1.975963	1.311273
6366	-1795.773	-1966.826	171.0522	1.927541	1.311273
6372	-1793.944	-1964.944	170.9998	2.192411	1.131149
6378	-1788.46	-1959.095	170.6346	2.604533	1.08847
6384	-1795.169	-1966.372	171.203	2.084052	1.043338
6390	-1805.138	-1976.257	171.1184	2.012855	1.184805
6396	-1804.911	-1975.885	170.9748	2.168461	1.174369
6402	-1809.308	-1980.339	171.0315	1.938646	1.318971
6408	-1808.922	-1980.043	171.1212	2.050695	1.149291
6414	-1798.98	-1969.827	170.8476	2.297352	1.172865
6420	-1803.211	-1973.917	170.706	2.439031	1.172865
6426	-1795.461	-1966.233	170.7715	2.602873	0.9559021
6432	-1808.513	-1979.09	170.5763	2.82935	0.9224913
6438	-1810.151	-1981.01	170.8594	2.232792	1.218289
6444	-1802.361	-1973.575	171.214	1.878128	1.218289
6450	-1812.926	-1983.964	171.0377	2.03973	1.230752
6456	-1802.688	-1974.012	171.324	1.76067	1.22463
6462	-1805.804	-1976.879	171.0749	2.030494	1.207057
6468	-1793.037	-1964.238	171.2008	1.904505	1.207057
6474	-1805.214	-1975.959	170.745	2.770653	0.7898576
6480	-1801.543	-1972.016	170.4733	2.966092	0.8846304
6486	-1784.767	-1955.184	170.4174	3.038072	0.8659553
6492	-1797.448	-1968.559	171.1109	1.952641	1.24243
6498	-1803.474	-1974.576	171.1022	2.011608	1.19981
6504	-1797.44	-1968.57	171.1305	1.870669	1.29384
6510	-1794.112	-1965.064	170.9519	1.870669	1.434885
6516	-1795.25	-1966.57	171.3202	1.503422	1.43407
6522	-1794.168	-1965.253	171.0843	1.705747	1.459719
6528	-1794.275	-1965.524	171.2485	1.834603	1.22593
6534	-1797.274	-1967.884	170.6101	2.542762	1.165957
6540	-1789.701	-1960.329	170.6275	2.693887	1.009894
6546	-1801.129	-1971.908	170.7786	2.520196	1.031991
6552	-1792.919	-1963.63	170.7112	2.513235	1.101951
6558	-1790.27	-1961.155	170.8847	2.418099	1.028116
6564	-1803.664	-1974.639	170.9748	2.289424	1.065064
6570	-1795.301	-1966.188	170.8875	2.38967	1.052742
6576	-1804.921	-1975.996	171.0744	2.290037	0.9662609
6582	-1803.008	-1973.73	170.7227	2.554981	1.052322
6588	-1795.642	-1966.454	170.8117	2.495263	1.024048
6594	-1798.447	-1969.328	170.8804	2.365934	1.081752
6600	-1809.329	-1980.45	171.1216	1.858608	1.310859
6606	-1797.322	-1968.639	171.3173	1.858608	1.145664
6612	-1807.597	-1978.597	171.0001	1.969826	1.31915
6618	-1795.573	-1966.526	170.9526	2.163167	1.198152
6624	-1795.15	-1966.261	171.1108	2.006042	1.197235
6630	-1796.016	-1967.127	171.1108	2.006042	1.197235
6636	-1790.887	-1961.941	171.0542	2.062596	1.197235
6642	-1792.215	-1963.099	170.8844	2.536963	0.9050836
6648	-1799.797	-1970.576	170.7788	2.541433	1.010996
6654	-1783.593	-1954.804	171.2108	1.829223	1.261959
6660	-1796.248	-1967.295	171.0476	1.982872	1.269893
6666	-1788.956	-1959.809	170.8538	2.44742	1.02964
6672	-1791.362	-1962.235	170.8735	2.457476	1.000343
6678	-1794.73	-1965.786	171.0558	1.862366	1.360442
6684	-1786.663	-1957.75	171.087	1.901928	1.30382
6690	-1795.241	-1966.662	171.4213	1.696161	1.196679
6696	-1801.12	-1972.355	171.2355	1.722139	1.329051
6702	-1791.268	-1962.387	171.1187	1.775202	1.379544
6708	-1805.427	-1976.689	171.2628	1.703628	1.322032
6714	-1806.547	-1977.337	170.79	2.372938	1.157178
6720	-1794.405	-1965.528	171.1233	2.089582	1.112494
6726	-1795.965	-1966.785	170.8196	2.352183	1.149312
6732	-1785.934	-1957.033	171.0989	1.988599	1.222227
6738	-1777.981	-1948.74	170.7591	2.46167	1.105301
6744	-1779.569	-1950.498	170.9288	2.286845	1.109973
6750	-1793.45	-1964.429	170.9794	2.195953	1.146199
6756	-1795.399	-1966.27	170.8711	2.19731	1.238292
6762	-1797.03	-1968.135	171.1054	1.920585	1.273567
6768	-1795.406	-1966.038	170.6319	2.714522	0.984742
6774	-1798.381	-1969.194	170.8134	2.444182	1.071234
6780	-1796.577	-1967.405	170.8281	2.531168	0.9715686
6786	-1801.321	-1972.308	170.9868	2.269589	1.072353
6792	-1803.083	-1974.327	171.2442	1.784739	1.271161
6798	-1799.785	-1970.823	171.0384	1.943892	1.309214
6804	-1799.859	-1970.648	170.7891	2.375138	1.156011
6810	-1800.968	-1971.987	171.0191	2.174387	1.130003
6816	-1794.646	-1965.592	170.9458	2.371686	1.013661
6822	-1800.815	-1971.757	170.9422	2.375214	1.013782
6828	-1795.731	-1966.806	171.0749	2.095615	1.150458
6834	-1788.923	-1960.021	171.0975	1.919348	1.281055
6840	-1790.161	-1961.301	171.14	1.752916	1.380375
6846	-1800.283	-1971.148	170.8646	2.290152	1.164371
6852	-1792.426	-1963.403	170.9772	2.280845	1.070874
6858	-1790.955	-1961.858	170.9028	2.280845	1.138812
6864	-1782.806	-1953.786	170.9801	2.203532	1.138812
6870	-1797.056	-1968.105	171.0492	2.211428	1.068394
6876	-1805.128	-1976.509	171.3814	1.70008	1.227355
6882	-1798.903	-1970.226	171.3222	1.496046	1.438217
6888	-1796.459	-1967.534	171.0755	1.609387	1.538641
6894	-1798.182	-1969.207	171.0249	1.811801	1.424057
6900	-1796.69	-1968.077	171.3867	1.763943	1.167982
6906	-1798.802	-1969.714	170.9112	2.327507	1.088842
6912	-1809.499	-1980.395	170.8959	1.86373	1.482791
6918	-1801.845	-1973.232	171.3876	1.591421	1.311836
6924	-1792.74	-1963.971	171.2308	1.976057	1.117978
6930	-1804.822	-1975.926	171.1041	1.827435	1.349862
6936	-1803.094	-1974.242	171.1475	1.586311	1.502223
6942	-1801.18	-1972.156	170.9765	1.828447	1.448397
6948	-1793.071	-1964.069	170.9979	2.219541	1.108318
6954	-1796.199	-1966.892	170.6929	2.688343	0.9487088
6960	-1799.686	-1970.476	170.7896	2.591601	0.9487088
6966	-1797.271	-1968.053	170.7815	2.591601	0.957191
6972	-1793.945	-1964.698	170.7527	2.512807	1.063787
6978	-1796.204	-1966.831	170.6267	2.638842	1.063787
6984	-1789.306	-1960.281	170.9743	2.063932	1.263475
6990	-1789.219	-1960.328	171.1083	2.051552	1.159896
6996	-1791.524	-1962.393	170.8692	2.051552	1.358434
7002	-1809.269	-1979.934	170.6657	2.475729	1.176006
7008	-1801.04	-1971.806	170.7653	2.475729	1.086729
7014	-1801.948	-1972.961	171.0133	2.025075	1.263364
7020	-1803.823	-1974.983	171.1601	1.878198	1.263364
7026	-1795.048	-1966.123	171.0747	1.925117	1.294969
7032	-1799.68	-1970.861	171.1805	1.925117	1.20687
7038	-1790.321	-1961.685	171.3643	1.925117	1.041054
7044	-1802.409	-1973.275	170.8669	2.241073	1.204846
7050	-1800.335	-1971.261	170.9262	2.088164	1.283083
7056	-1796.205	-1967.155	170.9503	2.211964	1.157778
7062	-1806.771	-1977.79	171.0189	1.876752	1.37824
7068	-1803.617	-1974.316	170.6991	2.321193	1.278196
7074	-1802.921	-1974	171.0788	1.651687	1.504688
7080	-1802.07	-1973.169	171.0995	1.630967	1.504688
7086	-1804.551	-1975.623	171.0721	1.864372	1.345984
7092	-1797.897	-1969.106	171.2092	1.727239	1.345984
7098	-1803.725	-1974.827	171.1019	1.93987	1.260536
7104	-1799.464	-1970.537	171.073	2.082914	1.163324
7110	-1797.772	-1968.818	171.0459	2.025412	1.235909
7116	-1821.132	-1991.977	170.8452	2.386563	1.095292
7122	-1811.046	-1981.869	170.8233	2.40842	1.095292
7128	-1805.518	-1976.599	171.0808	2.109122	1.133165
7134	-1805.893	-1976.843	170.9498	2.176954	1.188693
7140	-1799.79	-1970.588	170.7987	2.496164	1.035807
7146	-1806.791	-1977.718	170.9272	2.322185	1.078966
7152	-1803.743	-1974.621	170.8781	2.322185	1.123901
7158	-1821.813	-1992.314	170.5003	2.700003	1.123901
7164	-1793.103	-1964.165	171.0614	2.043903	1.207065
7170	-1792.489	-1963.466	170.9774	2.151644	1.186697
7176	-1791.14	-1962.072	170.9315	2.312547	1.083865
7182	-1789.713	-1960.711	170.9981	2.25336	1.076957
7188	-1786.716	-1957.738	171.0224	2.23827	1.068377
7194	-1791.551	-1962.466	170.9151	2.344543	1.069339
7200	-1790.817	-1961.663	170.8467	2.344543	1.132029
7206	-1798.769	-1969.888	171.1188	1.892619	1.285497
7212	-1787.338	-1958.128	170.7895	2.272829	1.243439
7218	-1793.822	-1964.842	171.0199	1.913228	1.348598
7224	-1798.25	-1969.399	171.1496	1.777233	1.353574
7230	-1783.048	-1954.121	171.0731	2.046697	1.194698
7236	-1797.804	-1968.772	170.9672	2.04956	1.28111
7242	-1795.991	-1967.069	171.0781	1.805303	1.387828
7248	-1803.018	-1974.038	171.0203	1.839867	1.405901
7254	-1792.02	-1963.125	171.1043	2.090136	1.129169
7260	-1797.543	-1968.454	170.9102	2.336738	1.08121
7266	-1809.139	-1979.914	170.7749	2.396887	1.149363
7272	-1802.83	-1974.007	171.1762	2.025175	1.122911
7278	-1795.287	-1966.398	171.1115	1.886306	1.296618
7284	-1794.37	-1965.537	171.1671	1.830665	1.296618
7290	-1791.231	-1962.461	171.2296	1.761759	1.301886
7296	-1797.648	-1968.817	171.1686	1.809093	1.312887
7302	-1797.395	-1968.572	171.177	1.822984	1.294813
7308	-1786.725	-1957.673	170.9476	2.222658	1.150729
7314	-1784.667	-1955.553	170.886	2.416443	1.028396
7320	-1790.092	-1961.199	171.1066	2.130475	1.0904
7326	-1795.156	-1966.174	171.0176	2.130475	1.170169
7332	-1791.912	-1963.107	171.1945	1.995934	1.132744
7338	-1786.28	-1957.412	171.1315	2.126607	1.070736
7344	-1782.773	-1953.585	170.8126	2.316928	1.186306
7350	-1789.126	-1959.917	170.7914	2.410645	1.122342
7356	-1790.868	-1961.978	171.1099	1.915205	1.274286
7362	-1787.756	-1959.107	171.3509	1.712083	1.242885
7368	-1787.835	-1958.876	171.0407	2.230618	1.058294
7374	-1793.224	-1964.263	171.0394	2.230618	1.059512
7380	-1798.796	-1969.853	171.0568	2.278343	0.9961078
7386	-1813.999	-1984.784	170.7851	2.508877	1.036626
7392	-1808.246	-1979.423	171.1764	1.830563	1.289116
7398	-1791.633	-1962.776	171.1427	1.957319	1.211622
7404	-1787.829	-1958.886	171.0564	1.940909	1.297059
7410	-1796.348	-1967.452	171.1036	1.998515	1.209818
7416	-1781.246	-1952.162	170.9157	2.114471	1.27011
7422	-1789.349	-1960.362	171.0131	2.114471	1.187987
7428	-1786.524	-1957.559	171.0346	2.130465	1.155286
7434	-1794.586	-1965.308	170.7215	2.443573	1.155286
7440	-1798.986	-1969.771	170.785	2.497061	1.048074
7446	-1796.854	-1967.815	170.9608	2.229366	1.132959
7452	-1793.861	-1964.89	171.0296	2.161386	1.132255
7458	-1796.91	-1967.779	170.8691	2.342103	1.114059
7464	-1791.351	-1962.256	170.9049	2.342103	1.081179
7470	-1806.316	-1977.068	170.7528	2.703972	0.864412
7476	-1793.642	-1964.61	170.9678	2.369131	0.9942859
7482	-1800.69	-1971.976	171.2863	1.662729	1.335933
7488	-1805.194	-1976.357	171.1626	1.804211	1.321677
7494	-1806.566	-1977.754	171.1878	1.779014	1.321677
7500	-1793.095	-1964.188	171.0929	1.723981	1.439234
7506	-1798.476	-1969.555	171.0793	1.7376	1.439234
7512	-1791.247	-1962.365	171.1182	1.7376	1.409285
7518	-1802.073	-1973.144	171.0709	1.864098	1.347119
7524	-1811.326	-1982.355	171.0296	2.033363	1.242888
7530	-1795.85	-1966.996	171.146	2.042014	1.134919
7536	-1799.759	-1970.648	170.8884	2.179673	1.23859
7542	-1804.414	-1975.325	170.9115	2.382481	1.036655
7548	-1801.358	-1972.393	171.0348	2.209406	1.083741
7554	-1802.928	-1973.931	171.0032	1.914683	1.360713
7560	-1803.143	-1974.282	171.1393	2.008995	1.169957
7566	-1792.249	-1963.462	171.2131	1.95268	1.15461
7572	-1813.698	-1984.534	170.8364	2.342856	1.142682
7578	-1805.823	-1976.799	170.9762	2.060357	1.264868
7584	-1789.806	-1960.833	171.0271	2.02014	1.25602
7590	-1801.376	-1972.551	171.1752	1.862189	1.264133
7596	-1809.671	-1980.793	171.1218	1.915567	1.264133
7602	-1795.123	-1966.016	170.8929	2.115324	1.288085
7608	-1794.165	-1965.358	171.1926	1.915499	1.204747
7614	-1804.954	-1976.1	171.1459	1.795475	1.342021
7620	-1804.091	-1975.107	171.0152	1.993502	1.287725
7626	-1814.944	-1986.103	171.1586	1.970895	1.18634
7632	-1811.389	-1982.278	170.8889	2.196423	1.224075
7638	-1801.835	-1973.03	171.1948	1.961308	1.16312
7644	-1796.078	-1967.03	170.9517	2.219287	1.150032
7650	-1792.316	-1963.169	170.8536	2.362945	1.109149
7656	-1794.449	-1965.427	170.9781	1.932183	1.366736
7662	-1791.832	-1962.864	171.0319	1.97018	1.293149
7668	-1790.673	-1961.905	171.2325	1.911629	1.173586
7674	-1791.295	-1962.348	171.0531	2.143297	1.127367
7680	-1785.824	-1956.51	170.6859	2.510525	1.127367
7686	-1784.98	-1956.013	171.0333	2.163151	1.127367
7692	-1786.475	-1957.552	171.0763	1.999088	1.232447
7698	-1797.439	-1968.476	171.0367	2.239043	1.054153
7704	-1802.671	-1973.709	171.0382	2.237465	1.054153
7710	-1790.863	-1961.583	170.7202	2.641111	0.969501
7716	-1805.233	-1976.113	170.88	2.556117	0.8884462
7722	-1809.04	-1980.254	171.2146	2.019627	1.093021
7728	-1807.626	-1978.779	171.1525	1.952506	1.207371
7734	-1831.353	-2002.233	170.8803	2.300027	1.141756
7740	-1824.292	-1994.99	170.6978	2.300027	1.29658
7746	-1798.01	-1968.846	170.8357	2.27109	1.205857
7752	-1795.04	-1965.98	170.9395	2.153837	1.21729
7758	-1798.824	-1969.911	171.0873	2.103684	1.132277
7764	-1806.11	-1976.995	170.8848	2.348194	1.094156
7770	-1794.794	-1966.078	171.2837	1.803799	1.222241
7776	-1796.477	-1967.529	171.052	2.035465	1.222241
7782	-1794.985	-1966.147	171.1618	1.830002	1.301497
7788	-1812.113	-1983.202	171.0888	1.874963	1.324168
7794	-1789.535	-1960.677	171.1422	1.895665	1.263718
7800	-1800.194	-1971.276	171.0817	1.817032	1.375804
7806	-1802.205	-1973.218	171.0124	1.861759	1.395037
7812	-1792.903	-1964.159	171.2562	1.839581	1.215215
7818	-1793.467	-1964.732	171.2649	1.654172	1.359776
7824	-1805.224	-1976.346	171.1213	1.65611	1.469346
7830	-1804.546	-1975.648	171.1026	1.495167	1.602543
7836	-1791.008	-1962.112	171.104	1.670375	1.471658
7842	-1783.158	-1954.346	171.1879	1.66428	1.41205
7848	-1788.646	-1959.801	171.1556	1.919766	1.232467
7854	-1779.894	-1950.935	171.0417	1.881917	1.356133
7860	-1790.287	-1961.301	171.0138	2.180707	1.129117
7866	-1794.122	-1965.001	170.8788	2.180707	1.245781
7872	-1800.474	-1971.548	171.074	2.080487	1.164602
7878	-1800.382	-1971.259	170.8764	2.460654	0.9941694
7884	-1800.717	-1971.619	170.9023	2.362775	1.064231
7890	-1796.042	-1966.922	170.8802	2.290486	1.15036
7896	-1799.057	-1970.103	171.0458	2.091867	1.179262
7902	-1789.1	-1960.203	171.1034	2.091867	1.128444
7908	-1798.457	-1969.127	170.6699	2.587878	1.071122
7914	-1797.504	-1968.205	170.7005	2.647634	0.9829839
7920	-1811.887	-1982.817	170.9302	2.310954	1.086624
7926	-1813.367	-1984.224	170.8572	2.393603	1.077611
7932	-1804.451	-1975.259	170.8082	2.303275	1.201853
7938	-1801.084	-1972.336	171.2519	1.741192	1.300442
7944	-1809.069	-1980.1	171.0305	1.875283	1.370267
7950	-1798.483	-1969.558	171.0743	1.954759	1.271058
7956	-1791.943	-1963.104	171.1607	1.881434	1.260238
7962	-1803.867	-1974.863	170.9952	2.312718	1.023068
7968	-1793.101	-1963.966	170.8645	2.485504	0.9811274
7974	-1801.361	-1971.875	170.5134	2.847119	0.9702909
7980	-1799.597	-1970.53	170.9335	2.509301	0.8807148
7986	-1802.005	-1972.761	170.7557	2.641961	0.9311746
7992	-1808.75	-1979.451	170.7012	2.687462	0.9407491
7998	-1803.571	-1974.286	170.7149	2.628338	0.9879439
8004	-1798.99	-1969.596	170.6058	2.677335	1.047064
8010	-1811.301	-1982.151	170.8508	2.371607	1.10386
8016	-1813.431	-1984.579	171.1477	1.987751	1.181187
8022	-1802.334	-1973.293	170.9588	2.216493	1.146266
8028	-1803.766	-1974.822	171.0557	1.954452	1.286527
8034	-1811.107	-1982.101	170.9932	1.807288	1.451764
8040	-1801.684	-1972.74	171.0556	2.016636	1.235072
8046	-1811.197	-1982.277	171.0794	1.838995	1.360261
8052	-1823.686	-1994.84	171.1531	1.867868	1.277642
8058	-1822.58	-1993.605	171.0245	2.188368	1.112529
8064	-1794.261	-1965.172	170.9106	2.219227	1.186
8070	-1807.963	-1978.945	170.9815	2.219227	1.123545
8076	-1796.37	-1967.428	171.0584	2.159717	1.107712
8082	-1798.802	-1969.835	171.0332	2.204645	1.089646
8088	-1791.909	-1963.073	171.1635	2.063367	1.099706
8094	-1799.218	-1970.119	170.9018	2.202642	1.207808
8100	-1804.394	-1975.447	171.053	2.051516	1.207808
8106	-1791.153	-1962.138	170.9843	2.061611	1.257115
8112	-1792.137	-1963.05	170.9124	2.437808	0.9808878
8118	-1786.254	-1956.777	170.5237	2.935079	0.8620514
8124	-1793.801	-1964.754	170.9533	2.406713	0.9708784
8130	-1794.302	-1965.406	171.1032	2.166219	1.060152
8136	-1787.533	-1958.475	170.9419	2.307689	1.078714
8142	-1793.247	-1964.481	171.2342	1.966313	1.123691
8148	-1788.137	-1959.292	171.1555	2.045056	1.123691
8154	-1800.375	-1971.437	171.0624	2.073402	1.180825
8160	-1804.972	-1975.871	170.8988	2.15917	1.247023
8166	-1803.06	-1974.325	171.2646	1.812943	1.230639
8172	-1803.058	-1974.263	171.2047	1.934093	1.178302
8178	-1794.351	-1965.417	171.0662	1.825057	1.381623
8184	-1805.441	-1976.323	170.8816	1.848201	1.505207
8190	-1802.901	-1974.083	171.1819	1.848201	1.270198
8196	-1798.829	-1969.946	171.1177	2.042967	1.159153
8202	-1794.532	-1965.54	171.0075	1.742048	1.490381
8208	-1810.625	-1981.397	170.7721	1.663746	1.718417
8214	-1802.419	-1973.649	171.2301	1.663746	1.379649
8220	-1799.75	-1970.93	171.1805	1.767393	1.336856
8226	-1785.852	-1957.019	171.1668	1.830702	1.296856
8232	-1798.919	-1969.937	171.0178	1.99434	1.284935
8238	-1799.124	-1970.095	170.9704	2.222566	1.130505
8244	-1795.957	-1967.076	171.1191	2.035147	1.164796
8250	-1788.531	-1959.546	171.0152	2.139079	1.164796
8256	-1792.566	-1963.495	170.9291	2.236329	1.154982
8262	-1795.453	-1966.407	170.9542	2.174678	1.186848
8268	-1789.57	-1960.624	171.0533	2.128965	1.140001
8274	-1798.163	-1969.432	171.2684	1.913198	1.140672
8280	-1812.188	-1983.335	171.1476	1.901212	1.254709
8286	-1798.665	-1969.933	171.2686	1.777347	1.257076
8292	-1797.533	-1968.744	171.2113	1.640806	1.412172
8298	-1794.806	-1966.032	171.2266	1.76511	1.3016
8304	-1800.619	-1971.729	171.1101	2.033194	1.174385
8310	-1809.019	-1980.072	171.0539	2.146363	1.123927
8316	-1794.146	-1965.291	171.1444	2.034662	1.142899
8322	-1801.627	-1972.584	170.9572	2.272793	1.096915
8328	-1792.974	-1963.804	170.8305	2.301955	1.18378
8334	-1792.549	-1963.689	171.1405	2.002105	1.174975
8340	-1791.686	-1962.355	170.6684	2.424584	1.217569
8346	-1785.957	-1956.711	170.7544	2.495291	1.078656
8352	-1796.387	-1967.536	171.1489	2.151205	1.030692
8358	-1800.266	-1971.549	171.2832	2.052654	0.9954356
8364	-1793.748	-1964.695	170.9467	2.270587	1.108505
8370	-1789.093	-1959.677	170.5841	2.698803	1.04734
8376	-1788.878	-1959.496	170.6176	2.704351	1.009315
8382	-1782.865	-1954.004	171.1388	2.031962	1.15024
8388	-1788.588	-1959.733	171.145	1.92109	1.240284
8394	-1784.247	-1955.24	170.9922	2.139556	1.184392
8400	-1788.522	-1959.595	171.073	2.07093	1.173797
8406	-1790.194	-1961.315	171.1214	2.050072	1.1496
8412	-1790.895	-1962.031	171.1365	1.748952	1.386186
8418	-1794.621	-1965.809	171.1876	1.722006	1.367195
8424	-1794.31	-1965.57	171.2598	1.865463	1.189972
8430	-1796.959	-1968.128	171.1684	1.843971	1.284719
8436	-1799.744	-1971.07	171.3253	1.442381	1.476683
8442	-1801.333	-1972.223	170.89	1.679471	1.623072
8448	-1794.02	-1965.174	171.1536	1.746155	1.374995
8454	-1801.112	-1972.391	171.2793	1.468222	1.49188
8460	-1795.966	-1966.903	170.9372	1.720329	1.558887
8466	-1793.639	-1964.896	171.2576	1.563075	1.436334
8472	-1784.235	-1955.414	171.1786	1.650916	1.429544
8478	-1795.147	-1966.341	171.1939	1.595892	1.459932
8484	-1799.907	-1970.938	171.0311	1.736652	1.476652
8490	-1796.231	-1967.335	171.1043	2.138752	1.084859
8496	-1802.248	-1973.517	171.2695	1.848563	1.196154
8502	-1801.247	-1972.191	170.9444	2.173714	1.196154
8508	-1796.875	-1967.725	170.8499	2.275287	1.190041
8514	-1786.904	-1957.825	170.9219	2.20331	1.190041
8520	-1790.747	-1961.696	170.9489	2.068599	1.280522
8526	-1799.111	-1970.308	171.1968	2.175675	0.9578684
8532	-1797.293	-1968.147	170.8545	2.339419	1.129599
8538	-1791.847	-1962.823	170.9755	2.185593	1.158734
8544	-1782.983	-1954.038	171.0548	2.106371	1.158734
8550	-1794.748	-1965.801	171.0534	2.107726	1.158734
8556	-1797.433	-1968.523	171.0899	1.910082	1.294818
8562	-1793.66	-1964.416	170.7564	2.437351	1.129745
8568	-1784.666	-1955.611	170.9447	2.359839	1.026371
8574	-1792.034	-1963.12	171.0867	2.112147	1.125166
8580	-1794.615	-1965.607	170.9919	1.882887	1.394507
8586	-1797.073	-1968.376	171.3028	1.662504	1.322866
8592	-1800.824	-1971.814	170.9903	2.052668	1.259526
8598	-1793.838	-1964.739	170.9012	2.184829	1.223435
8604	-1789.717	-1960.807	171.0896	2.13819	1.098909
8610	-1793.873	-1965.085	171.2121	2.016646	1.098045
8616	-1789.129	-1960.069	170.9391	2.042991	1.309337
8622	-1780.82	-1951.985	171.1642	1.724578	1.383604
8628	-1785.391	-1956.539	171.1472	1.949896	1.21407
8634	-1793.287	-1964.322	171.0348	1.884958	1.35921
8640	-1794.007	-1964.925	170.9181	2.017191	1.346925
8646	-1787.756	-1958.856	171.0994	1.823526	1.356747
8652	-1788.476	-1959.422	170.9453	2.005281	1.334699
8658	-1791.529	-1962.4	170.8712	2.156603	1.272073
8664	-1809.054	-1980.016	170.9617	2.403844	0.965102
8670	-1804.905	-1976.323	171.418	1.600467	1.279737
8676	-1795.642	-1966.674	171.0322	2.089017	1.193425
8682	-1790.038	-1960.897	170.8586	2.37799	1.090848
8688	-1792.661	-1963.498	170.8372	2.332587	1.151108
8694	-1791.945	-1962.93	170.9852	2.287522	1.057009
8700	-1791.61	-1962.798	171.1885	2.007135	1.12812
8706	-1807.572	-1978.593	171.0214	2.043511	1.241236
8712	-1811.851	-1983.113	171.2623	1.702824	1.323078
8718	-1798.768	-1969.887	171.1187	2.044233	1.157132
8724	-1802.474	-1973.383	170.9097	2.44437	0.9769503
8730	-1805.328	-1976.07	170.7425	2.570903	1.017677
8736	-1788.721	-1959.617	170.8957	2.441411	0.9941151
8742	-1790.063	-1961.174	171.1105	1.707318	1.438543
8748	-1792.097	-1963.262	171.1654	1.707318	1.396151
8754	-1800.745	-1972.117	171.372	1.674451	1.256602
8760	-1794.703	-1965.884	171.1809	1.549048	1.505119
8766	-1791.13	-1962.192	171.0626	1.695009	1.484346
8772	-1790.504	-1961.641	171.1376	1.619932	1.484346
8778	-1798.253	-1969.618	171.3641	1.501552	1.401664
8784	-1789.931	-1960.781	170.85	2.180203	1.27005
8790	-1778.935	-1950.132	171.1963	1.837246	1.2673
8796	-1796.824	-1968.055	171.2307	1.740551	1.318107
8802	-1787.583	-1958.642	171.0594	2.099847	1.16043
8808	-1792.201	-1962.994	170.7924	2.366823	1.16043
8814	-1803.781	-1974.735	170.9538	2.366823	1.010628
8820	-1807.194	-1978.177	170.9829	2.337738	1.010628
8826	-1789.912	-1961.056	171.1442	1.982298	1.188921
8832	-1789.029	-1960.021	170.9917	2.058067	1.253849
8838	-1787.669	-1958.686	171.0172	2.074822	1.218393
8844	-1795.422	-1966.464	171.0426	2.113937	1.162808
8850	-1791.179	-1962.239	171.0595	2.113937	1.147887
8856	-1786.714	-1957.76	171.0464	2.067738	1.199517
8862	-1791.979	-1962.857	170.8776	2.351	1.09812
8868	-1790.101	-1961.011	170.91	2.380528	1.040013
8874	-1797.312	-1968.29	170.978	2.200653	1.143258
8880	-1791.713	-1962.958	171.2443	2.066174	1.020567
8886	-1806.763	-1977.344	170.5816	2.852017	0.8913039
8892	-1800.573	-1971.323	170.7502	2.626968	0.952986
8898	-1797.062	-1967.818	170.7561	2.391351	1.170736
8904	-1805.546	-1976.542	170.9964	2.043696	1.261883
8910	-1799.172	-1970.402	171.2308	1.760059	1.302272
8916	-1796.383	-1967.321	170.9375	2.142831	1.228284
8922	-1793.861	-1964.808	170.9473	2.338581	1.044434
8928	-1797.135	-1968.035	170.8993	2.386583	1.044434
8934	-1799.809	-1970.722	170.9136	2.444083	0.9732407
8940	-1793.255	-1964.236	170.9817	2.374134	0.9750979
8946	-1792.799	-1964.027	171.2282	2.127717	0.9750979
8952	-1788.256	-1959.002	170.7458	2.615175	0.9698795
8958	-1796.503	-1967.479	170.976	2.287779	1.065456
8964	-1794.13	-1965.001	170.8708	2.392998	1.065456
8970	-1792.868	-1963.702	170.8341	2.448549	1.047581
8976	-1797.358	-1968.284	170.9261	2.448549	0.9555967
8982	-1784.591	-1955.091	170.4994	2.894325	0.9353813
8988	-1786.578	-1957.626	171.0483	2.322827	0.9592598
8994	-1792.431	-1963.017	170.586	2.787968	0.9563248
9000	-1788.849	-1959.887	171.0375	2.29643	0.9973569
