Iteration	Posterior	Likelihood	Prior	part_rate_trans	tree_length
0	-107.8668	-278.473	170.6061	1.770397	1.760049
6	-115.026	-285.3883	170.3623	1.893312	1.84374
12	-121.6701	-291.5126	169.8425	3.167204	1.286885
18	-122.9552	-292.9244	169.9692	2.612001	1.614559
24	-106.1985	-276.7276	170.5291	2.139169	1.550927
30	-109.0831	-279.8104	170.7273	2.182649	1.366986
36	-105.0672	-275.1	170.0328	2.594104	1.581313
42	-107.7703	-277.5735	169.8032	3.078484	1.38914
48	-110.818	-280.9768	170.1588	1.468802	2.259392
54	-116.5566	-286.7154	170.1588	1.468802	2.259392
60	-113.0341	-283.4752	170.4411	1.693812	1.925899
66	-123.5322	-293.7398	170.2076	1.821009	1.997209
72	-110.456	-280.1862	169.7302	2.490655	1.867514
78	-107.0987	-277.6677	170.5689	2.08549	1.561156
84	-118.9098	-288.6595	169.7497	3.154352	1.371613
90	-100.461	-271.3202	170.8592	1.94061	1.452345
96	-118.6888	-286.6374	167.9486	5.60677	0.7318564
102	-99.61807	-269.7848	170.1667	3.17871	0.9857208
108	-110.577	-280.9341	170.3571	2.584176	1.342155
114	-112.2236	-281.9079	169.6842	3.417587	1.210057
120	-104.4481	-274.2404	169.7923	3.417587	1.11525
126	-102.7428	-272.305	169.5622	3.417587	1.311243
132	-108.4799	-278.3315	169.8517	3.679511	0.7681804
138	-104.4917	-274.644	170.1523	3.378854	0.7681804
144	-108.7754	-278.4603	169.6849	3.378854	1.24222
150	-115.4371	-286.0406	170.6035	2.642091	1.082472
156	-111.0379	-281.9597	170.9218	2.454206	0.9542112
162	-115.0501	-284.3598	169.3097	4.283607	0.6649219
168	-104.0597	-273.5385	169.4789	4.044027	0.7799186
174	-108.7641	-277.6917	168.9276	4.315889	1.084447
180	-103.1484	-273.7078	170.5594	2.643349	1.121646
186	-108.1138	-277.002	168.8882	4.314555	1.121646
192	-103.8711	-273.9874	170.1163	3.086492	1.121646
198	-103.8281	-273.2762	169.4481	4.099758	0.7435191
204	-105.1569	-275.5039	170.347	2.343254	1.534677
210	-115.1658	-285.02	169.8543	3.573936	0.8974317
216	-112.5577	-281.5791	169.0215	4.470217	0.8214592
222	-100.5542	-269.5966	169.0425	4.510905	0.7350154
228	-97.81904	-267.868	170.0489	3.341973	0.9383814
234	-98.22932	-267.7555	169.5262	3.800187	1.004861
240	-101.0871	-269.7988	168.7117	4.726105	0.8865314
246	-100.4918	-270.4596	169.9678	3.370336	0.9931244
252	-101.9628	-272.2649	170.3021	2.645578	1.337058
258	-108.4738	-277.7069	169.2331	4.025364	1.070443
264	-110.9219	-280.7509	169.829	3.42942	1.070443
270	-103.9689	-274.5364	170.5675	2.755529	1.008262
276	-102.8501	-273.2686	170.4186	2.6338	1.251714
282	-98.75454	-269.6571	170.9025	2.149822	1.251714
288	-103.4263	-273.5763	170.15	3.059455	1.115656
294	-99.43302	-270.3802	170.9472	2.35285	1.0308
300	-121.974	-292.1336	170.1597	1.517128	2.227733
306	-108.6853	-279.0226	170.3374	2.177158	1.662569
312	-111.0796	-281.5067	170.4272	2.087334	1.662569
318	-113.23	-283.6571	170.4272	2.087334	1.662569
324	-104.811	-275.1895	170.3785	2.13596	1.662569
330	-105.2335	-275.5341	170.3005	2.550933	1.412639
336	-110.0646	-280.7452	170.6806	2.170848	1.412639
342	-111.8082	-282.2471	170.4389	1.846381	1.823316
348	-101.4476	-271.8329	170.3853	2.652019	1.264207
354	-114.4638	-284.5308	170.067	3.104042	1.150025
360	-106.0803	-276.778	170.6976	2.641822	0.9917819
366	-117.4782	-287.2512	169.773	2.409626	1.893535
372	-109.902	-280.7028	170.8008	1.479101	1.827047
378	-115.7641	-287.0909	171.3268	1.621341	1.336621
384	-110.8588	-281.4554	170.5965	1.621341	1.869549
390	-111.3605	-281.6902	170.3297	2.19884	1.652522
396	-106.3195	-275.9936	169.6741	2.747111	1.728736
402	-105.9995	-276.3567	170.3572	2.751525	1.204196
408	-103.7223	-274.6621	170.9398	1.789208	1.505795
414	-102.2991	-273.4749	171.1758	1.789208	1.323131
420	-102.2075	-272.991	170.7835	2.267906	1.252527
426	-96.41999	-267.3571	170.9372	2.033213	1.318833
432	-101.6643	-272.6835	171.0192	1.848454	1.400061
438	-104.4983	-275.3957	170.8974	1.848454	1.493199
444	-101.6905	-271.7402	170.0497	3.247882	1.033202
450	-119.8093	-289.1308	169.3215	3.422101	1.494891
456	-109.5588	-279.3013	169.7425	3.118681	1.405087
462	-103.7885	-273.648	169.8595	3.627275	0.8277603
468	-109.0265	-278.8175	169.791	3.635361	0.8994785
474	-113.7043	-282.9985	169.2942	3.99238	1.043816
480	-110.8464	-281.1585	170.3121	2.806175	1.195965
486	-106.0558	-276.3222	170.2664	2.787813	1.250186
492	-119.2805	-289.355	170.0745	2.54432	1.58723
498	-110.9009	-280.469	169.5682	3.761961	1.001153
504	-103.2614	-272.4658	169.2044	4.010014	1.111081
510	-99.90198	-270.4108	170.5088	2.648686	1.161906
516	-102.2094	-272.08	169.8706	3.395625	1.063141
522	-109.9791	-279.7914	169.8123	3.534035	0.9848411
528	-111.6961	-281.517	169.8209	3.534035	0.9760579
534	-109.4019	-279.3947	169.9928	3.233552	1.100264
540	-110.5647	-280.876	170.3113	2.66571	1.313493
546	-106.2146	-276.8793	170.6647	1.995217	1.557099
552	-112.14	-282.0629	169.9229	1.539833	2.364562
558	-121.9352	-292.7514	170.8162	1.941329	1.484346
564	-106.298	-277.0406	170.7426	2.177333	1.359117
570	-121.1608	-291.3559	170.1951	2.88124	1.231631
576	-125.9864	-296.1974	170.211	2.60361	1.441016
582	-117.5777	-287.1484	169.5708	3.554077	1.190337
588	-107.9863	-277.5571	169.5708	3.554077	1.190337
594	-96.99811	-267.7923	170.7941	2.367148	1.158605
600	-103.6865	-273.8686	170.1821	2.99738	1.142508
606	-102.6692	-272.1338	169.4646	3.714886	1.142508
612	-108.6355	-279.2075	170.5719	1.849401	1.728645
618	-120.0326	-290.4665	170.4339	1.987445	1.728645
624	-104.5647	-274.8982	170.3335	2.34814	1.541075
630	-112.7644	-283.8739	171.1095	1.920616	1.270127
636	-103.2457	-273.8586	170.6129	2.041942	1.56086
642	-104.5275	-275.3409	170.8134	2.414444	1.098859
648	-104.787	-274.4407	169.6537	3.524854	1.14336
654	-112.522	-282.3463	169.8243	3.247091	1.235841
660	-111.3764	-281.7377	170.3613	2.984543	0.9853278
666	-93.78339	-264.5067	170.7233	2.619069	0.9888145
672	-112.5908	-282.8049	170.2141	1.870619	1.959646
678	-122.7065	-292.6812	169.9748	1.186861	2.553584
684	-117.6671	-287.5397	169.8726	1.668768	2.314542
690	-115.7351	-286.1247	170.3896	2.663328	1.251228
696	-123.7869	-293.5343	169.7474	3.337589	1.224363
702	-124.5494	-295.1009	170.5515	2.524923	1.231604
708	-112.6659	-282.7365	170.0707	2.913473	1.307688
714	-106.6405	-277.1115	170.471	2.863933	0.9963413
720	-104.0579	-274.5752	170.5172	2.525054	1.260078
726	-106.6553	-278.1041	171.4488	1.431252	1.390423
732	-105.5102	-276.1066	170.5964	1.491361	1.957618
738	-112.8872	-284.4176	171.5304	1.491361	1.277025
744	-108.5818	-279.1131	170.5313	1.889756	1.728868
750	-111.4986	-281.9339	170.4352	1.985787	1.728868
756	-113.4117	-283.8619	170.4503	2.058742	1.666502
762	-109.8509	-280.1626	170.3117	2.197276	1.666502
768	-113.4891	-283.8799	170.3908	2.058651	1.708806
774	-108.5523	-278.7629	170.2105	2.328734	1.644815
780	-113.193	-283.4217	170.2286	1.672074	2.081934
786	-104.4129	-274.8826	170.4697	2.290227	1.48256
792	-111.6263	-282.5332	170.9069	1.947102	1.410689
798	-112.4823	-282.5568	170.0745	2.826942	1.373684
804	-113.1468	-283.687	170.5402	2.529134	1.237538
810	-115.5246	-285.5095	169.9849	2.557742	1.642387
816	-114.0538	-284.4878	170.4341	2.778169	1.113109
822	-99.49441	-270.1928	170.6984	2.686757	0.9444928
828	-101.8002	-272.6754	170.8751	2.533776	0.9188791
834	-101.4772	-272.3026	170.8254	2.567201	0.9365701
840	-118.9058	-289.1554	170.2496	2.567201	1.439311
846	-117.5313	-287.8294	170.2981	2.864242	1.157667
852	-95.24374	-266.3227	171.079	1.601103	1.542204
858	-98.35255	-269.847	171.4944	1.839108	0.9977297
864	-103.7638	-273.2496	169.4858	3.847739	0.9977297
870	-94.21517	-264.1559	169.9407	3.449764	0.9388665
876	-107.9094	-277.8754	169.966	2.933219	1.375443
882	-110.5294	-280.5787	170.0493	2.566378	1.589545
888	-103.5763	-273.8731	170.2969	3.068468	0.9653438
894	-101.8716	-272.1753	170.3038	2.537536	1.420499
900	-117.3059	-287.3035	169.9977	3.175316	1.148291
906	-111.4541	-281.6864	170.2323	2.940652	1.148291
912	-110.8512	-280.749	169.8978	3.27518	1.148291
918	-115.0934	-284.2556	169.1622	4.229602	0.9374444
924	-105.3274	-276.0446	170.7172	2.310063	1.272497
930	-97.07162	-268.3919	171.3203	1.541556	1.404581
936	-93.23609	-263.7917	170.5556	2.024549	1.615345
942	-96.63984	-267.2893	170.6494	2.475612	1.190165
948	-98.26952	-268.9719	170.7024	2.099447	1.450797
954	-103.0029	-273.6962	170.6933	2.538549	1.09513
960	-104.3904	-274.7746	170.3842	2.50083	1.386561
966	-106.9849	-277.4584	170.4736	2.555899	1.270673
972	-106.899	-277.2172	170.3181	2.227487	1.640246
978	-111.3614	-281.3391	169.9777	2.349444	1.794379
984	-107.5971	-277.5031	169.906	3.060947	1.321569
990	-101.0841	-271.5306	170.4465	2.380929	1.431182
996	-114.2211	-284.3271	170.1059	3.106797	1.112665
1002	-108.2595	-277.9014	169.6418	3.106797	1.491084
1008	-112.2372	-282.867	170.6297	2.118878	1.491084
1014	-115.1542	-285.1364	169.9822	2.783267	1.47837
1020	-129.9247	-300.2094	170.2847	2.209456	1.6771
1026	-128.7273	-298.286	169.5587	3.1133	1.548215
1032	-108.4863	-279.0483	170.562	1.98142	1.641847
1038	-123.5636	-294.6336	171.07	1.828981	1.375558
1044	-120.8888	-291.3539	170.4651	2.371367	1.424216
1050	-111.2917	-281.4137	170.122	2.82897	1.334417
1056	-110.3031	-280.6991	170.396	2.13193	1.652986
1062	-116.4353	-286.6243	170.189	2.007236	1.884319
1068	-113.0047	-283.1313	170.1267	2.467483	1.605191
1074	-115.0409	-285.4197	170.3788	1.930237	1.806938
1080	-119.5849	-290.3766	170.7917	1.554292	1.781329
1086	-110.0218	-279.9563	169.9346	2.607678	1.64269
1092	-100.71	-271.4465	170.7365	1.977727	1.51684
1098	-102.7108	-273.0863	170.3755	1.96579	1.784604
1104	-103.7675	-273.6742	169.9067	2.603141	1.6659
1110	-121.3568	-291.4577	170.1009	2.271286	1.763091
1116	-120.8671	-290.9746	170.1075	1.670301	2.162351
1122	-116.8875	-287.9759	171.0884	1.714492	1.449964
1128	-111.7915	-282.5484	170.7569	2.040842	1.453869
1134	-91.61651	-262.1593	170.5428	2.683352	1.100404
1140	-96.67108	-267.0431	170.372	2.064873	1.717701
1146	-97.49415	-267.6296	170.1354	3.17479	1.020843
1152	-93.18266	-262.6634	169.4808	3.881382	0.9686072
1158	-96.66937	-267.0779	170.4086	1.906667	1.802652
1164	-103.2574	-274.057	170.7996	1.927159	1.507493
1170	-108.0181	-277.6218	169.6038	1.976808	2.289528
1176	-110.6069	-280.6116	170.0046	3.325624	1.00105
1182	-133.6389	-303.1832	169.5442	2.677764	1.86673
1188	-125.3914	-296.0383	170.6469	1.575111	1.86673
1194	-108.9754	-279.2384	170.263	1.785027	1.984254
1200	-108.101	-278.2008	170.0998	3.038748	1.178481
1206	-110.7278	-280.9239	170.1961	3.049275	1.082654
1212	-105.3931	-275.7952	170.4021	2.388879	1.45901
1218	-97.38072	-267.4436	170.0628	3.189483	1.076201
1224	-105.2832	-276.1015	170.8184	2.350271	1.152139
1230	-95.30115	-266.0165	170.7154	2.39408	1.203564
1236	-94.40944	-264.7294	170.32	2.764394	1.224873
1242	-92.26623	-263.5534	171.2871	1.794104	1.227509
1248	-101.5195	-272.0093	170.4898	2.377517	1.400328
1254	-105.3977	-275.7295	170.3318	2.334288	1.552564
1260	-104.0349	-274.538	170.5032	2.478346	1.309842
1266	-101.5415	-271.8056	170.264	2.975709	1.087895
1272	-102.4452	-272.7816	170.3364	2.118919	1.704645
1278	-103.9714	-274.1435	170.1721	2.644556	1.439447
1284	-106.6363	-277.5119	170.8757	2.15316	1.271212
1290	-111.488	-281.4117	169.9237	3.161415	1.224241
1296	-107.3316	-277.8169	170.4853	2.733924	1.106767
1302	-105.2161	-275.4796	170.2635	2.973778	1.090157
1308	-102.289	-272.9835	170.6946	2.708026	0.9258107
1314	-109.0405	-278.97	169.9295	2.708026	1.573538
1320	-119.3131	-288.8734	169.5603	3.635279	1.12809
1326	-114.2884	-284.6482	170.3598	1.996355	1.774232
1332	-109.9302	-280.1705	170.2403	2.384892	1.582543
1338	-107.6086	-278.3949	170.7863	2.060763	1.416021
1344	-117.0998	-287.789	170.6892	2.157862	1.416021
1350	-105.2794	-275.95	170.6705	1.870901	1.643274
1356	-108.6371	-279.6207	170.9835	1.870901	1.410361
1362	-107.0073	-277.3695	170.3622	1.870901	1.859145
1368	-108.2041	-279.0985	170.8944	1.870901	1.478524
1374	-94.48917	-265.034	170.5449	2.415743	1.326678
1380	-89.60435	-258.7117	169.1074	4.319123	0.8993395
1386	-88.87491	-259.68	170.8051	2.361138	1.154269
1392	-102.7901	-273.9788	171.1887	2.200137	0.9405814
1398	-94.05442	-265.2343	171.1799	2.255847	0.8888524
1404	-101.0871	-272.4232	171.3361	1.814102	1.168312
1410	-105.0522	-275.0778	170.0256	3.112053	1.17925
1416	-109.3833	-280.1686	170.7853	2.141181	1.353881
1422	-103.6041	-273.9199	170.3158	1.580027	2.08514
1428	-109.0027	-279.4167	170.414	1.481844	2.08514
1434	-117.4759	-287.7183	170.2425	2.428364	1.549047
1440	-111.6435	-282.5958	170.9524	1.8862	1.422603
1446	-117.5088	-286.9072	169.3985	1.8862	2.476777
1452	-107.6417	-278.0019	170.3602	1.006301	2.425376
1458	-106.0367	-276.2919	170.2552	1.111353	2.425376
1464	-105.9773	-276.0847	170.1074	2.483357	1.607648
1470	-99.32924	-270.0206	170.6914	2.210983	1.372956
1476	-111.7158	-282.4581	170.7423	1.707144	1.708802
1482	-110.3452	-280.482	170.1368	2.31271	1.708802
1488	-113.7818	-284.8019	171.0201	2.012018	1.268477
1494	-107.9133	-278.4105	170.4972	2.354895	1.412187
1500	-122.8744	-291.9641	169.0897	4.169414	1.069834
1506	-112.9326	-281.5278	168.5952	4.972755	0.7113385
1512	-119.0315	-289.4015	170.37	3.042784	0.914653
1518	-116.6701	-286.4598	169.7897	2.493492	1.82474
1524	-107.0797	-276.6178	169.5381	3.413885	1.33359
1530	-106.7376	-277.4405	170.7029	2.605022	1.023092
1536	-107.984	-278.5503	170.5664	2.295213	1.404788
1542	-102.1681	-272.4692	170.301	3.032565	0.9976748
1548	-108.0696	-277.7153	169.6456	3.246402	1.381048
1554	-93.74673	-264.3018	170.5551	2.549816	1.20746
1560	-120.6642	-290.1912	169.5271	3.719751	1.081323
1566	-128.1121	-297.7873	169.6752	3.529094	1.12031
1572	-102.4845	-272.3511	169.8666	3.574791	0.8824025
1578	-97.30352	-267.8237	170.5202	2.623514	1.173965
1584	-105.8248	-275.9462	170.1214	2.917925	1.262547
1590	-109.6142	-280.6701	171.0559	1.617353	1.547255
1596	-119.9942	-290.3908	170.3966	1.315006	2.205282
1602	-114.1509	-284.7145	170.5637	2.300725	1.402604
1608	-121.1302	-291.1875	170.0573	2.662029	1.513051
1614	-126.1284	-296.3595	170.231	2.611277	1.419717
1620	-114.6491	-284.8783	170.2292	2.613065	1.419717
1626	-115.8094	-286.3362	170.5268	1.209484	2.189278
1632	-117.4141	-287.4878	170.0737	2.60572	1.542668
1638	-110.3439	-281.2746	170.9307	2.172772	1.208682
1644	-107.2682	-278.3355	171.0673	1.509688	1.617643
1650	-113.0245	-284.0792	171.0547	1.509688	1.626745
1656	-111.3997	-281.4888	170.0891	2.771833	1.405283
1662	-109.785	-280.5056	170.7206	2.03864	1.483082
1668	-113.9788	-284.8756	170.8967	1.798543	1.530943
1674	-102.1996	-272.9218	170.7222	1.727982	1.708306
1680	-104.1284	-275.1905	171.0622	1.620429	1.540357
1686	-103.6622	-274.0849	170.4227	1.916791	1.785872
1692	-101.5196	-271.6682	170.1486	2.907572	1.248566
1698	-104.5563	-274.3706	169.8143	2.95853	1.472781
1704	-91.38084	-262.3164	170.9356	1.212763	1.916783
1710	-99.56511	-270.0437	170.4786	1.756093	1.858093
1716	-97.80108	-268.1617	170.3607	2.592857	1.332353
1722	-91.57835	-262.1591	170.5808	2.484138	1.241227
1728	-94.88011	-265.1114	170.2313	2.593658	1.433054
1734	-98.93524	-269.4547	170.5194	2.560114	1.228952
1740	-98.28923	-269.1396	170.8504	1.840854	1.533968
1746	-109.8045	-280.5986	170.7941	2.259694	1.250539
1752	-115.9141	-286.478	170.5639	2.354817	1.360078
1758	-114.417	-285.7673	171.3503	1.706328	1.24818
1764	-117.711	-287.5931	169.8822	1.671155	2.306932
1770	-107.4787	-277.8949	170.4162	2.642138	1.246728
1776	-116.6159	-286.5209	169.905	2.989725	1.37893
1782	-106.2109	-277.1927	170.9818	1.643504	1.582476
1788	-110.2592	-280.5074	170.2482	2.377106	1.582476
1794	-109.7922	-280.2262	170.434	2.566912	1.29412
1800	-109.7983	-280.2014	170.4032	2.737224	1.176878
1806	-97.43623	-268.5723	171.1361	1.622968	1.483212
1812	-99.92748	-271.2928	171.3654	1.472736	1.422958
1818	-101.8158	-272.5072	170.6914	2.0472	1.49859
1824	-99.46504	-269.937	170.472	2.266614	1.49859
1830	-103.2891	-273.942	170.6529	2.427958	1.22787
1836	-106.0723	-276.0293	169.9569	2.094138	1.982203
1842	-103.1364	-273.5691	170.4328	2.758209	1.132274
1848	-110.1993	-281.2091	171.0098	2.116925	1.188704
1854	-113.3278	-283.5289	170.2011	2.566389	1.47685
1860	-125.2818	-293.5418	168.26	5.263038	0.779637
1866	-118.6045	-288.3197	169.7151	3.449882	1.155342
1872	-110.0207	-280.0027	169.982	3.089141	1.236008
1878	-106.345	-276.9229	170.5779	2.154545	1.503259
1884	-102.4616	-272.1241	169.6625	3.64378	1.024721
1890	-111.6207	-281.4678	169.847	3.682652	0.7703589
1896	-119.725	-287.3927	167.6677	5.87832	0.7463752
1902	-97.17201	-267.6264	170.4544	1.902	1.774085
1908	-96.83936	-267.3512	170.5118	1.84457	1.774085
1914	-109.9018	-281.3221	171.4203	1.447979	1.399572
1920	-119.8099	-290.0524	170.2425	1.311377	2.306616
1926	-120.3871	-290.9006	170.5135	1.460693	2.033402
1932	-120.5537	-290.6061	170.0525	1.659225	2.205201
1938	-112.1068	-282.7727	170.666	2.384575	1.253218
1944	-114.4512	-284.9772	170.526	2.384575	1.366472
1950	-103.5242	-274.3141	170.7899	1.988923	1.46831
1956	-101.875	-272.4004	170.5255	2.591037	1.197517
1962	-109.8062	-279.7486	169.9424	2.713361	1.560133
1968	-105.1026	-275.2768	170.1742	2.481573	1.560133
1974	-97.07202	-267.6961	170.6241	2.481573	1.206769
1980	-99.66366	-270.4676	170.8039	2.118815	1.356859
1986	-99.56445	-270.0574	170.4929	1.673253	1.904715
1992	-107.9338	-278.5385	170.6047	1.984818	1.608539
1998	-101.6241	-272.4104	170.7862	2.571383	0.9732924
2004	-118.7442	-288.5042	169.76	3.579694	0.9915395
2010	-95.27171	-265.568	170.2963	2.95331	1.078729
2016	-109.4629	-279.9359	170.473	2.776638	1.078729
2022	-104.6713	-274.8589	170.1876	2.776638	1.323748
2028	-102.0538	-273.2007	171.1469	1.867726	1.282892
2034	-110.6997	-281.6718	170.9722	1.745162	1.514534
2040	-105.4873	-275.7549	170.2675	1.810867	1.963912
2046	-96.90912	-267.7657	170.8566	1.319631	1.897923
2052	-99.40465	-269.8941	170.4894	1.761547	1.846897
2058	-101.8731	-273.0144	171.1413	1.261142	1.741901
2064	-97.44898	-267.6866	170.2376	2.164875	1.741901
2070	-120.4079	-290.5967	170.1887	2.061021	1.847738
2076	-104.9213	-275.6677	170.7464	2.365851	1.201189
2082	-104.4766	-274.7853	170.3087	2.803545	1.201189
2088	-109.4343	-279.8727	170.4384	2.698339	1.180079
2094	-104.6708	-275.3452	170.6743	2.273131	1.337198
2100	-103.8892	-274.7124	170.8232	2.110762	1.347925
2106	-113.1227	-283.4533	170.3306	2.728593	1.245982
2112	-126.3157	-296.9554	170.6397	1.663213	1.811164
2118	-123.9166	-294.3357	170.4191	1.735071	1.912852
2124	-123.8444	-293.3475	169.5031	2.651063	1.912852
2130	-111.0751	-280.6799	169.6049	3.832181	0.8873525
2136	-120.6318	-290.1513	169.5195	3.832181	0.9793709
2142	-110.0793	-279.1393	169.06	4.39143	0.8707469
2148	-104.3822	-274.467	170.0847	3.211827	1.034141
2154	-111.3021	-282.4098	171.1077	1.821779	1.351509
2160	-101.3989	-272.1416	170.7427	1.288495	1.995505
2166	-98.94822	-269.6703	170.7221	2.031924	1.487045
2172	-101.6379	-270.992	169.3541	4.163022	0.7878503
2178	-98.14247	-268.475	170.3325	2.256688	1.608753
2184	-103.098	-272.7129	169.6149	1.262853	2.728664
2190	-92.49359	-262.8227	170.3291	1.85306	1.893896
2196	-93.68524	-263.7075	170.0223	2.213102	1.857602
2202	-98.83649	-269.9806	171.1441	1.948738	1.217676
2208	-100.7422	-271.2014	170.4592	2.90605	0.9654584
2214	-89.25473	-259.489	170.2342	2.535491	1.475153
2220	-104.7279	-274.8251	170.0971	2.578406	1.545569
2226	-98.78072	-269.9757	171.195	1.751044	1.338318
2232	-109.5496	-279.7076	170.158	1.791779	2.049562
2238	-104.6671	-274.7817	170.1147	2.068356	1.893297
2244	-97.78838	-268.418	170.6297	1.815325	1.711974
2250	-101.0954	-271.6516	170.5562	1.821225	1.759393
2256	-98.17609	-268.7323	170.5562	1.821225	1.759393
2262	-100.7025	-271.6042	170.9017	1.821225	1.510365
2268	-114.4036	-284.5461	170.1425	2.06356	1.877592
2274	-114.8142	-285.1221	170.3079	2.367029	1.546023
2280	-101.5395	-271.9245	170.385	2.807596	1.130818
2286	-100.0674	-270.9618	170.8943	1.772314	1.552126
2292	-111.1262	-280.6018	169.4756	1.851406	2.450213
2298	-110.6913	-281.7138	171.0225	1.509984	1.649683
2304	-106.6132	-277.1745	170.5613	2.237216	1.45328
2310	-115.8749	-286.9356	171.0607	1.637626	1.528666
2316	-110.3296	-280.9769	170.6473	2.556608	1.120629
2322	-104.2314	-274.0899	169.8584	3.345486	1.120629
2328	-107.653	-277.8542	170.2012	2.159245	1.771256
2334	-108.8679	-278.8644	169.9965	3.06472	1.244338
2340	-102.4014	-272.47	170.0686	2.903452	1.317506
2346	-96.91488	-267.4151	170.5002	2.574583	1.232933
2352	-90.29313	-260.4212	170.128	2.574583	1.525488
2358	-95.29809	-265.5513	170.2532	2.574583	1.430887
2364	-97.83699	-268.4862	170.6492	1.645005	1.81718
2370	-114.2318	-284.0636	169.8318	1.387642	2.517577
2376	-108.5384	-279.8231	171.2847	1.661815	1.337963
2382	-106.0157	-276.4042	170.3884	2.872408	1.068212
2388	-108.9056	-279.0373	170.1317	2.872408	1.291484
2394	-113.4456	-284.105	170.6594	2.586315	1.082354
2400	-114.6063	-285.0648	170.4585	2.787249	1.082354
2406	-105.3105	-275.409	170.0986	2.684179	1.465284
2412	-108.9697	-278.778	169.8083	3.115465	1.356054
2418	-100.8785	-271.1024	170.2239	3.115465	0.9918795
2424	-95.85352	-266.8416	170.9881	1.94467	1.348884
2430	-116.1183	-286.3399	170.2216	2.088509	1.80622
2436	-107.9521	-277.589	169.6369	3.696919	0.9975049
2442	-107.1463	-277.513	170.3668	2.672258	1.262776
2448	-108.699	-279.3577	170.6587	2.355072	1.283572
2454	-107.0051	-277.9192	170.9141	2.009701	1.356052
2460	-102.1787	-271.8476	169.6689	3.254845	1.356052
2466	-107.0428	-276.7351	169.6923	3.23146	1.356052
2472	-110.9499	-281.8448	170.8948	1.567039	1.700024
2478	-104.1164	-274.4622	170.3458	2.007086	1.776502
2484	-98.82902	-269.4309	170.6019	1.153542	2.176861
2490	-105.7749	-275.4341	169.6592	1.168211	2.759439
2496	-91.55794	-262.2489	170.691	1.799724	1.679546
2502	-103.3456	-273.6957	170.3501	1.300082	2.244893
2508	-107.435	-278.5635	171.1285	1.86567	1.299547
2514	-112.073	-282.2622	170.1892	2.474361	1.554427
2520	-111.6897	-281.5782	169.8885	3.199064	1.222139
2526	-111.8766	-281.874	169.9974	2.170919	1.903267
2532	-111.5556	-282.0266	170.471	1.727634	1.882659
2538	-106.1657	-276.5765	170.4108	2.45809	1.399112
2544	-95.24277	-265.2592	170.0165	3.122331	1.178259
2550	-100.509	-270.8868	170.3778	2.570202	1.336797
2556	-108.3585	-278.4177	170.0592	2.178343	1.856132
2562	-98.93923	-269.0578	170.1186	2.862954	1.309828
2568	-111.3098	-281.7823	170.4725	2.456826	1.351658
2574	-105.9584	-276.7152	170.7568	2.622301	0.9509231
2580	-124.1517	-292.8479	168.6962	4.877827	0.7010313
2586	-111.2989	-279.8662	168.5673	5.020939	0.6749844
2592	-106.2365	-276.3446	170.1081	3.154397	1.06668
2598	-98.6423	-269.9854	171.3431	1.509115	1.412062
2604	-110.6757	-281.5565	170.8809	1.981382	1.404268
2610	-103.3943	-273.4904	170.0962	3.170566	1.062677
2616	-94.01268	-265.0084	170.9957	2.257094	1.075785
2622	-101.0658	-272.0476	170.9818	2.210715	1.130926
2628	-104.2639	-274.5367	170.2727	2.718461	1.302015
2634	-98.45072	-268.9593	170.5086	2.428328	1.345629
2640	-113.226	-283.6899	170.4639	2.859926	1.007417
2646	-107.5088	-277.0953	169.5865	3.785709	0.9581629
2652	-101.3486	-271.8712	170.5226	2.716344	1.088629
2658	-102.8539	-273.9602	171.1063	1.840163	1.338013
2664	-98.43474	-268.3358	169.901	2.602959	1.670075
2670	-98.77112	-269.3809	170.6098	2.66044	1.059353
2676	-99.84463	-269.88	170.0353	3.23489	1.059353
2682	-99.27351	-270.451	171.1775	1.565741	1.495122
2688	-101.0502	-271.1053	170.0551	1.484062	2.315988
2694	-106.032	-276.1134	170.0815	2.668602	1.489999
2700	-97.39547	-267.8203	170.4248	2.91852	0.9879017
2706	-106.0161	-275.8756	169.8594	3.250539	1.203115
2712	-107.6285	-277.4585	169.83	3.250539	1.228093
2718	-116.5554	-286.5004	169.945	2.667308	1.592
2724	-108.0468	-278.5359	170.4892	2.667308	1.16283
2730	-117.2751	-286.0797	168.8046	4.64047	0.8780826
2736	-111.3516	-280.2988	168.9472	4.64047	0.6760805
2742	-105.7016	-274.9983	169.2968	4.129448	0.8996509
2748	-102.0203	-271.5822	169.5619	3.864311	0.8996509
2754	-108.0205	-276.9992	168.9786	3.99582	1.315532
2760	-107.8329	-277.7495	169.9166	2.361992	1.827912
2766	-103.3297	-273.8388	170.5092	2.573599	1.226232
2772	-114.8673	-285.0036	170.1362	2.557133	1.532363
2778	-119.0562	-288.7353	169.6791	2.557133	1.85701
2784	-107.8724	-278.1313	170.259	2.342625	1.599785
2790	-104.8057	-274.8474	170.0417	3.051994	1.217021
2796	-108.4437	-279.0932	170.6495	2.649822	1.031447
2802	-106.4329	-276.8799	170.4471	1.75037	1.883473
2808	-100.321	-270.5942	170.2732	1.75037	2.000552
2814	-102.0875	-272.7462	170.6587	1.661211	1.799419
2820	-105.0414	-275.8778	170.8365	1.661211	1.674597
2826	-98.07878	-268.7306	170.6519	2.508924	1.159046
2832	-102.7193	-273.5751	170.8558	2.567723	0.9026431
2838	-112.9066	-284.3242	171.4176	1.332718	1.489776
2844	-100.8806	-271.1445	170.2639	2.441354	1.5235
2850	-124.8628	-294.7479	169.8851	2.97711	1.404326
2856	-134.7117	-305.1659	170.4542	2.510958	1.323039
2862	-135.6199	-305.5433	169.9234	3.025715	1.335872
2868	-118.5033	-287.8167	169.3134	4.066095	0.9504833
2874	-118.168	-289.6695	171.5015	1.566786	1.238438
2880	-109.7631	-279.615	169.8518	3.376215	1.098666
2886	-110.2653	-280.4309	170.1656	3.062483	1.098666
2892	-115.0056	-284.5055	169.4999	3.788276	1.042243
2898	-109.7953	-279.3802	169.5849	3.729635	1.016634
2904	-123.9863	-294.4032	170.4169	2.706155	1.191872
2910	-112.27	-283.754	171.484	1.526793	1.286
2916	-106.7326	-277.2559	170.5233	1.478879	2.014807
2922	-113.8792	-284.2102	170.331	1.791198	1.934488
2928	-116.0216	-285.7686	169.747	3.33174	1.229625
2934	-107.9876	-278.4592	170.4716	2.892255	0.9668286
2940	-109.4891	-279.9175	170.4285	2.892255	1.010499
2946	-109.4984	-279.2167	169.7182	3.305169	1.275687
2952	-115.9703	-286.4253	170.455	2.075302	1.651231
2958	-112.153	-282.4761	170.323	2.2073	1.651231
2964	-106.9205	-277.0081	170.0877	2.670382	1.483992
2970	-108.0406	-278.4143	170.3738	2.373778	1.4919
2976	-113.7434	-284.4693	170.7259	2.045188	1.474148
2982	-102.2901	-272.8411	170.5511	2.287802	1.422359
2988	-94.59493	-265.4377	170.8428	2.287802	1.185399
2994	-95.34812	-265.8798	170.5316	1.968025	1.673171
3000	-117.8861	-288.1659	170.2798	2.716871	1.297533
3006	-102.9904	-273.2412	170.2508	2.420273	1.548853
3012	-102.7904	-273.5781	170.7877	2.154421	1.341458
3018	-110.0592	-280.1108	170.0516	2.548416	1.600933
3024	-104.5226	-273.2748	168.7522	4.791178	0.750309
3030	-108.1962	-276.8861	168.69	4.850077	0.7552613
3036	-111.3319	-280.0876	168.7556	4.850077	0.6383223
3042	-102.5647	-271.035	168.4703	4.946495	0.9101414
3048	-108.1226	-278.5104	170.3878	3.182289	0.7077306
3054	-107.1299	-276.8689	169.7391	3.387789	1.188613
3060	-113.544	-282.9691	169.4252	3.732227	1.162027
3066	-108.7505	-278.8797	170.1292	3.028172	1.162027
3072	-101.7807	-272.378	170.5973	2.716105	1.017705
3078	-100.3071	-270.6559	170.3488	2.964616	1.017705
3084	-112.5043	-282.9397	170.4354	2.924715	0.9707636
3090	-112.397	-282.8062	170.4091	2.660081	1.237629
3096	-110.6078	-281.0301	170.4223	2.777676	1.124164
3102	-119.9255	-290.4438	170.5183	1.548534	1.971689
3108	-100.8628	-271.8545	170.9917	2.069921	1.243973
3114	-95.76598	-266.5911	170.8251	1.317682	1.920528
3120	-97.82173	-268.0597	170.238	1.825542	1.973858
3126	-96.94236	-266.9149	169.9725	1.444999	2.393209
3132	-92.95279	-263.4744	170.5216	1.654414	1.898054
3138	-100.7743	-271.5925	170.8181	2.195038	1.284078
3144	-91.43533	-261.5197	170.0844	3.013162	1.213717
3150	-95.54929	-265.6876	170.1383	2.812304	1.334712
3156	-105.2543	-276.1091	170.8547	2.17707	1.268755
3162	-94.53305	-265.5402	171.0072	2.081357	1.221373
3168	-90.78169	-261.9956	171.2139	1.902404	1.19769
3174	-93.13649	-264.1256	170.9891	2.170463	1.160105
3180	-100.3266	-271.0603	170.7337	1.552874	1.822425
3186	-100.5674	-271.5632	170.9958	1.552874	1.638072
3192	-97.2933	-268.4086	171.1153	1.552874	1.551013
3198	-91.30573	-261.9075	170.6017	2.4508	1.251576
3204	-98.43362	-268.8746	170.441	3.00314	0.8792056
3210	-100.4738	-270.8049	170.3311	2.724166	1.249297
3216	-96.89092	-267.5868	170.6959	2.106938	1.450009
3222	-92.93584	-263.7115	170.7757	1.137255	2.073892
3228	-98.79457	-269.2298	170.4352	1.84224	1.828746
3234	-99.70924	-270.6568	170.9475	1.983498	1.350284
3240	-94.32584	-264.7058	170.38	2.424405	1.448847
3246	-99.75269	-270.2676	170.5149	2.424405	1.343711
3252	-108.442	-278.6217	170.1797	1.408153	2.284856
3258	-113.0691	-283.7899	170.7208	1.72911	1.708503
3264	-110.9784	-281.5171	170.5387	2.239011	1.469103
3270	-112.8882	-282.6123	169.724	3.092181	1.439771
3276	-108.0183	-278.8205	170.8022	1.914382	1.515065
3282	-105.801	-276.0315	170.2306	1.636958	2.103745
3288	-104.0108	-274.5981	170.5874	1.374355	2.041669
3294	-99.51475	-270.3608	170.846	1.413656	1.840955
3300	-94.74176	-264.9342	170.1925	2.100849	1.817798
3306	-104.785	-275.7017	170.9166	1.818677	1.501076
3312	-111.2069	-281.9506	170.7437	2.528721	1.057299
3318	-98.72074	-269.3833	170.6625	2.477669	1.177059
3324	-99.79005	-270.3382	170.5482	2.452174	1.294541
3330	-102.273	-272.6509	170.3779	2.452174	1.429135
3336	-110.122	-280.5282	170.4062	2.13641	1.64242
3342	-107.2616	-278.3282	171.0666	2.046307	1.200576
3348	-113.8213	-284.5379	170.7166	2.150333	1.400673
3354	-104.6789	-275.5418	170.863	2.003923	1.400673
3360	-106.1246	-277.2609	171.1363	1.49751	1.576268
3366	-113.5385	-283.7487	170.2101	1.846044	1.978801
3372	-108.5686	-279.5812	171.0126	1.887165	1.374941
3378	-117.1843	-288.1859	171.0016	1.887165	1.383612
3384	-101.4934	-272.0848	170.5915	1.76289	1.775499
3390	-107.9693	-277.1137	169.1444	4.313423	0.8631534
3396	-107.8462	-276.4034	168.5572	4.867225	0.9017321
3402	-99.9978	-269.3763	169.3785	3.882119	1.068426
3408	-98.25692	-268.992	170.7351	2.525515	1.068426
3414	-94.70756	-265.5232	170.8156	2.184016	1.295145
3420	-98.75834	-268.5414	169.7831	3.417807	1.123374
3426	-100.8594	-271.5621	170.7027	2.559307	1.067148
3432	-101.9485	-272.0557	170.1072	3.256326	0.9671796
3438	-102.1061	-271.4527	169.3466	4.116562	0.8567745
3444	-108.1136	-277.9862	169.8726	3.581689	0.8673124
3450	-99.43665	-269.3422	169.9056	3.563953	0.8490888
3456	-104.3112	-273.1284	168.8172	4.657288	0.8429585
3462	-94.64677	-265.9475	171.3007	1.775409	1.231808
3468	-101.0731	-271.6526	170.5795	2.133039	1.518103
3474	-100.0992	-270.2288	170.1296	1.921146	1.982428
3480	-102.3966	-271.9261	169.5295	2.260889	2.154149
3486	-96.90019	-267.6025	170.7023	1.794801	1.675022
3492	-100.8057	-270.7553	169.9496	3.388007	0.9936083
3498	-102.4417	-272.2699	169.8282	3.378333	1.118266
3504	-103.5051	-273.9748	170.4697	2.583566	1.250977
3510	-99.13494	-269.7325	170.5976	2.209933	1.446454
3516	-101.306	-271.778	170.472	1.417027	2.089623
3522	-95.12795	-265.2386	170.1106	2.812801	1.35633
3528	-98.34085	-268.9636	170.6227	1.945603	1.623895
3534	-104.7972	-275.8183	171.021	1.916897	1.344816
3540	-94.72131	-265.313	170.5917	1.631129	1.866175
3546	-90.53431	-261.2121	170.6778	1.605166	1.824946
3552	-95.15958	-265.5078	170.3482	2.608976	1.329449
3558	-94.65987	-264.886	170.2261	2.327096	1.634802
3564	-93.30162	-263.7351	170.4334	1.676618	1.942632
3570	-96.14903	-266.9628	170.8138	1.989801	1.449425
3576	-102.26	-272.3239	170.0639	2.693077	1.484816
3582	-104.3119	-274.2484	169.9366	3.394931	0.9997799
3588	-103.5697	-272.8351	169.2654	3.697805	1.324559
3594	-100.516	-270.5076	169.9916	2.971651	1.324559
3600	-99.58894	-269.6518	170.0629	2.971651	1.266522
3606	-88.87768	-259.4945	170.6168	2.220793	1.42335
3612	-99.26561	-270.0948	170.8292	1.317603	1.917812
3618	-99.63138	-269.761	170.1296	1.940999	1.969128
3624	-100.885	-271.3221	170.437	1.626344	1.973987
3630	-104.604	-275.4416	170.8375	1.772077	1.593954
3636	-107.0929	-278.0525	170.9596	1.426348	1.753451
3642	-98.14743	-268.8773	170.7299	1.784448	1.662671
3648	-102.0382	-272.5905	170.5523	2.489195	1.260739
3654	-107.055	-277.0275	169.9725	3.045611	1.280037
3660	-109.8	-279.5562	169.7562	3.490818	1.081168
3666	-120.9874	-290.7538	169.7663	2.884223	1.563971
3672	-124.5824	-294.8853	170.3029	2.103052	1.739474
3678	-130.1709	-300.6357	170.4648	2.056053	1.658037
3684	-124.3465	-293.9827	169.6362	2.014067	2.244822
3690	-113.2106	-283.9651	170.7545	2.054717	1.445144
3696	-111.6211	-282.3756	170.7545	2.054717	1.445144
3702	-103.7797	-274.3962	170.6165	2.166109	1.465375
3708	-110.3549	-279.9996	169.6446	3.137997	1.465375
3714	-114.5265	-283.8095	169.2829	4.013657	1.034151
3720	-99.97216	-270.5576	170.5855	2.532276	1.196434
3726	-101.5638	-272.2653	170.7015	2.703748	0.9229536
3732	-103.2934	-272.9769	169.6835	3.199655	1.388001
3738	-96.65954	-267.3391	170.6795	2.268399	1.336823
3744	-96.63639	-267.3196	170.6833	2.404959	1.221623
3750	-112.2054	-282.4215	170.216	1.842721	1.977088
3756	-109.5897	-280.0249	170.4352	1.842721	1.828407
3762	-107.4384	-277.7699	170.3314	2.828419	1.159864
3768	-109.4511	-280.3488	170.8977	2.122654	1.278153
3774	-121.8198	-292.6329	170.8131	2.107211	1.358765
3780	-109.9636	-280.7532	170.7896	2.130748	1.358765
3786	-108.4193	-278.9024	170.4831	2.425828	1.367755
3792	-110.4683	-281.4721	171.0037	2.241797	1.082524
3798	-113.0905	-282.795	169.7045	3.648009	0.9785075
3804	-109.3707	-279.2614	169.8907	3.557431	0.8745003
3810	-106.6414	-276.7633	170.1219	2.620687	1.495601
3816	-106.1515	-276.6593	170.5078	2.76775	1.054313
3822	-100.5348	-270.754	170.2193	3.123854	0.9880816
3828	-98.47073	-267.9299	169.4592	3.748461	1.117251
3834	-109.2528	-279.3378	170.085	3.023804	1.204126
3840	-106.1924	-277.0903	170.898	2.037527	1.346749
3846	-99.05729	-269.9552	170.898	2.037527	1.346749
3852	-105.4202	-275.2948	169.8746	2.601327	1.690057
3858	-99.7524	-270.2351	170.4827	1.993192	1.690057
3864	-102.8219	-274.3214	171.4995	1.175595	1.545866
3870	-104.2814	-275.1061	170.8248	1.175595	2.016029
3876	-109.8159	-280.0114	170.1955	2.211034	1.739031
3882	-110.1386	-280.5552	170.4167	2.409153	1.432405
3888	-105.3739	-276.0746	170.7007	2.356713	1.247493
3894	-113.2717	-283.8675	170.5958	2.391527	1.305167
3900	-103.8923	-274.3317	170.4394	2.547846	1.305167
3906	-97.24725	-267.4888	170.2416	3.181894	0.9027419
3912	-95.94713	-265.5203	169.5732	3.181894	1.486238
3918	-94.24835	-264.9225	170.6742	1.678528	1.776669
3924	-98.47887	-268.9589	170.48	2.856027	0.9951978
3930	-99.74516	-270.0249	170.2797	2.017137	1.815367
3936	-94.0731	-264.9769	170.9038	2.232276	1.180606
3942	-100.0169	-270.0147	169.9978	3.409019	0.9212338
3948	-116.4588	-285.2413	168.7825	4.717475	0.8107303
3954	-98.4406	-268.896	170.4554	2.550698	1.289879
3960	-97.07384	-267.532	170.4581	2.137008	1.604465
3966	-105.0917	-275.9394	170.8477	2.003848	1.41256
3972	-96.67685	-267.7439	171.0671	1.784503	1.41256
3978	-104.7568	-275.1447	170.388	2.463598	1.41256
3984	-97.19072	-268.0694	170.8787	1.635292	1.66297
3990	-103.3646	-273.4192	170.0545	2.10118	1.911807
3996	-106.4965	-276.856	170.3594	1.291156	2.244628
4002	-109.6056	-280.2917	170.6861	1.800117	1.682774
4008	-107.9794	-278.3546	170.3751	1.950392	1.795544
4014	-110.5291	-280.9564	170.4273	2.219407	1.566838
4020	-115.7089	-286.5063	170.7974	1.364196	1.907829
4026	-101.0409	-271.5283	170.4874	1.922198	1.736889
4032	-107.619	-278.3934	170.7744	2.119805	1.379352
4038	-105.9551	-276.4314	170.4764	2.417798	1.379352
4044	-106.5202	-276.7974	170.2772	2.198487	1.690241
4050	-103.4905	-274.1928	170.7022	2.84246	0.7483427
4056	-95.99128	-266.8713	170.88	1.793642	1.54694
4062	-111.0358	-281.7075	170.6717	2.374769	1.256628
4068	-105.481	-275.3637	169.8827	3.336049	1.107165
4074	-119.4868	-289.6614	170.1747	2.173373	1.779905
4080	-120.9884	-291.0489	170.0605	1.875969	2.058388
4086	-104.5438	-275.442	170.8983	1.701999	1.600739
4092	-93.55409	-264.0943	170.5402	2.472107	1.284799
4098	-102.7256	-273.4662	170.7407	2.233369	1.315857
4104	-104.3752	-274.904	170.5288	2.445212	1.315857
4110	-107.4571	-277.9688	170.5117	2.423329	1.347117
4116	-111.8235	-282.3402	170.5167	2.043186	1.630018
4122	-117.0349	-287.4941	170.4591	2.313229	1.473159
4128	-112.4284	-282.6685	170.24	2.413218	1.56201
4134	-100.1073	-270.7199	170.6125	2.291669	1.37148
4140	-92.41316	-263.3452	170.9321	1.90737	1.421935
4146	-107.7469	-279.2318	171.4849	1.354567	1.421935
4152	-107.8345	-278.8234	170.9889	2.070106	1.246195
4158	-92.51901	-263.4624	170.9434	2.009119	1.333132
4164	-98.9933	-269.9184	170.9251	1.280256	1.878068
4170	-91.59636	-262.4138	170.8174	2.080317	1.376577
4176	-93.66136	-264.4486	170.7872	2.093088	1.3902
4182	-93.33318	-264.1937	170.8605	2.043242	1.371831
4188	-98.91365	-269.786	170.8723	2.24769	1.19452
4194	-105.3286	-276.048	170.7194	2.161083	1.390046
4200	-110.1175	-280.6229	170.5055	2.027323	1.649474
4206	-104.3874	-275.0036	170.6162	2.278159	1.379218
4212	-94.41413	-264.9808	170.5666	2.004607	1.621781
4218	-94.63951	-265.3141	170.6746	2.428075	1.209381
4224	-96.41787	-267.3922	170.9743	1.858904	1.426705
4230	-95.74477	-265.5493	169.8045	3.433477	1.089537
4236	-103.7112	-274.056	170.3448	3.034579	0.9506388
4242	-105.3653	-275.2984	169.9331	3.289378	1.103779
4248	-120.1622	-290.1682	170.0059	3.069385	1.232518
4254	-108.0205	-278.242	170.2215	2.873454	1.215897
4260	-103.9355	-272.9755	169.04	4.389144	0.8963245
4266	-102.9699	-272.901	169.9311	3.384148	1.015949
4272	-105.3894	-275.2973	169.9079	2.788049	1.530443
4278	-98.35631	-269.0053	170.649	2.40458	1.250729
4284	-101.1694	-271.4295	170.2601	2.40458	1.553574
4290	-97.12086	-267.798	170.6771	1.993076	1.549533
4296	-103.0183	-273.4112	170.3929	2.250457	1.569251
4302	-125.1294	-294.7293	169.5999	2.296004	2.08509
4308	-122.401	-292.0406	169.6397	2.544726	1.892348
4314	-108.9388	-279.1051	170.1662	2.238285	1.74046
4320	-118.9095	-289.4811	170.5716	2.247733	1.437379
4326	-108.4834	-278.729	170.2457	2.573681	1.437379
4332	-114.401	-285.1231	170.7221	2.022437	1.494118
4338	-117.141	-287.9711	170.83	1.504212	1.789483
4344	-104.7631	-275.6359	170.8728	2.200301	1.234391
4350	-113.4221	-283.8147	170.3926	2.085011	1.688838
4356	-108.9049	-279.1463	170.2414	2.595184	1.424149
4362	-105.3905	-275.7545	170.364	2.364462	1.506233
4368	-96.61557	-267.3023	170.6867	2.506832	1.129951
4374	-95.44028	-264.7975	169.3572	3.910072	1.062139
4380	-100.2892	-270.5142	170.225	3.042334	1.062139
4386	-101.2347	-271.8878	170.6531	2.061553	1.516537
4392	-99.38727	-269.9785	170.5913	2.122935	1.516871
4398	-100.5341	-271.6151	171.081	2.10273	1.138757
4404	-107.8911	-277.9382	170.0471	2.813944	1.405248
4410	-105.0012	-275.5029	170.5017	2.729514	1.095774
4416	-112.9619	-283.3469	170.385	2.846175	1.095774
4422	-106.0739	-276.8185	170.7446	1.973418	1.51402
4428	-104.1968	-274.9414	170.7446	1.973418	1.51402
4434	-99.57005	-270.6186	171.0485	1.814219	1.403878
4440	-98.32001	-268.8645	170.5445	1.121636	2.234584
4446	-101.2289	-271.9928	170.7639	1.154364	2.070367
4452	-116.1765	-286.4691	170.2926	1.374678	2.233855
4458	-109.9342	-280.9865	171.0523	1.181674	1.858534
4464	-114.4653	-284.7074	170.2421	1.724962	2.03811
4470	-100.5397	-270.6496	170.1099	2.345728	1.704431
4476	-87.55095	-258.8808	171.3298	1.614375	1.339786
4482	-112.1319	-282.0485	169.9166	3.351502	1.061397
4488	-114.2753	-283.5295	169.2542	3.840825	1.21583
4494	-96.3781	-267.4526	171.0745	1.716449	1.459032
4500	-100.6766	-270.5801	169.9035	1.716449	2.264308
4506	-107.1067	-276.5429	169.4363	1.177596	2.88921
4512	-106.4302	-276.501	170.0709	1.75064	2.133846
4518	-115.0544	-285.8882	170.8337	1.450331	1.824167
4524	-112.6072	-283.468	170.8607	1.257751	1.936961
4530	-100.044	-270.8034	170.7594	2.324724	1.225076
4536	-92.96463	-263.3872	170.4225	2.525216	1.336963
4542	-103.903	-274.3571	170.4541	1.866392	1.79902
4548	-100.2339	-270.3805	170.1467	2.553263	1.527494
4554	-105.4265	-275.8474	170.4208	2.41921	1.421454
4560	-109.6689	-280.784	171.1151	2.048772	1.156344
4566	-106.591	-277.3887	170.7978	2.491776	1.040904
4572	-104.2867	-275.0645	170.7778	2.48647	1.065027
4578	-99.91263	-270.8602	170.9476	2.066491	1.283315
4584	-101.7404	-271.9655	170.2251	2.789021	1.283315
4590	-100.2866	-270.5117	170.2251	2.789021	1.283315
4596	-99.82407	-270.2885	170.4644	2.76298	1.099275
4602	-108.4248	-278.7077	170.2829	2.593279	1.393456
4608	-100.7395	-271.5207	170.7812	1.636286	1.731331
4614	-107.9995	-278.5981	170.5986	2.521979	1.194018
4620	-135.6601	-304.7871	169.1269	4.23779	0.9659655
4626	-138.2417	-307.0945	168.8528	4.5258	0.9514372
4632	-122.6812	-292.3714	169.6903	3.295697	1.306207
4638	-124.2755	-294.4381	170.1626	2.695759	1.407317
4644	-130.4236	-301.1467	170.7231	2.273617	1.297515
4650	-107.5621	-276.734	169.1719	4.40928	0.688267
4656	-96.71321	-265.146	168.4328	4.954546	0.942202
4662	-106.7504	-276.7718	170.0213	3.542949	0.7175271
4668	-110.1077	-278.5582	168.4506	5.037821	0.8256729
4674	-89.85381	-260.3067	170.4529	2.165982	1.587208
4680	-95.34376	-266.0713	170.7275	1.449487	1.897371
4686	-103.9847	-274.4405	170.4557	2.466819	1.357023
4692	-101.2766	-271.627	170.3504	2.466819	1.439023
4698	-110.332	-280.3559	170.0239	2.912125	1.346299
4704	-102.9565	-273.5194	170.5629	2.029459	1.606464
4710	-107.4612	-278.0797	170.6185	2.029459	1.565862
4716	-97.35386	-267.9464	170.5925	2.428253	1.27784
4722	-111.5595	-281.5792	170.0197	2.442666	1.699691
4728	-121.3869	-291.5559	170.169	2.191383	1.771344
4734	-106.6548	-277.1596	170.5048	2.488834	1.300036
4740	-113.7444	-283.6825	169.938	3.420101	0.9727698
4746	-102.1972	-271.8554	169.6582	3.801373	0.8610885
4752	-104.986	-275.7908	170.8048	2.199021	1.291717
4758	-107.296	-277.3382	170.0422	2.190101	1.859728
4764	-106.7603	-277.6614	170.9011	1.331127	1.859728
4770	-107.3221	-276.7554	169.4333	3.857925	1.039325
4776	-108.6979	-279.0716	170.3737	2.810298	1.138514
4782	-101.694	-272.7111	171.0171	2.101645	1.195577
4788	-102.6378	-273.4597	170.8219	2.243115	1.24115
4794	-110.8823	-281.4859	170.6036	2.278289	1.388955
4800	-121.27	-291.2038	169.9338	2.948135	1.388955
4806	-105.7656	-276.1726	170.4069	2.359969	1.47729
4812	-106.1294	-276.8901	170.7606	1.894495	1.560641
4818	-104.4703	-275.4188	170.9485	1.706592	1.560641
4824	-113.3877	-283.1567	169.7691	3.245656	1.282782
4830	-114.7511	-283.4188	168.6677	4.85766	0.7764356
4836	-125.5175	-294.5078	168.9903	3.87021	1.405611
4842	-118.7733	-288.4999	169.7266	3.106921	1.426483
4848	-114.7924	-284.3997	169.6073	2.864302	1.693138
4854	-98.05651	-268.8342	170.7777	2.046461	1.433696
4860	-98.91357	-269.8411	170.9275	1.448142	1.760671
4866	-105.7499	-275.13	169.3801	2.725819	1.945441
4872	-109.3819	-279.5702	170.1882	2.119677	1.807717
4878	-109.3101	-279.5727	170.2626	2.301085	1.62721
4884	-99.15604	-269.7809	170.6248	2.309076	1.347991
4890	-98.29781	-268.7846	170.4868	2.447109	1.347991
4896	-101.5858	-272.1277	170.5419	2.447109	1.303794
4902	-98.88897	-269.1039	170.2149	2.646266	1.405101
4908	-101.0001	-271.3704	170.3702	2.355557	1.508221
4914	-97.60799	-267.7968	170.1888	2.536963	1.508221
4920	-96.41035	-266.8706	170.4603	2.315179	1.470838
4926	-101.7787	-272.2924	170.5137	2.5906	1.20796
4932	-108.8365	-279.0789	170.2423	3.194958	0.8870744
4938	-107.3302	-277.6242	170.294	1.761399	1.979341
4944	-106.8806	-277.3625	170.4819	2.423648	1.370394
4950	-105.3938	-275.7556	170.3617	3.012632	0.9559122
4956	-102.9392	-272.7497	169.8105	3.563851	0.9559122
4962	-104.9869	-275.8012	170.8143	1.293945	1.943887
4968	-116.0961	-286.6402	170.5441	1.464471	2.010575
4974	-108.8589	-279.0018	170.1429	1.390774	2.319505
4980	-105.6483	-276.4921	170.8439	2.109445	1.332516
4986	-102.8511	-273.6011	170.75	2.109445	1.406466
4992	-113.2611	-283.8538	170.5927	2.072272	1.553378
4998	-114.5918	-285.0424	170.4506	1.44415	2.085879
5004	-110.6103	-281.5877	170.9774	2.274055	1.077033
5010	-114.9157	-285.377	170.4612	2.55698	1.279937
5016	-112.7155	-282.2609	169.5453	3.304197	1.414123
5022	-106.2636	-275.6702	169.4066	3.796255	1.121547
5028	-116.0775	-285.0525	168.975	4.663063	0.4941285
5034	-118.8568	-286.6821	167.8253	5.772712	0.6553367
5040	-127.9647	-296.9506	168.986	4.412292	0.930485
5046	-123.5799	-293.3206	169.7407	3.545153	1.04445
5052	-120.203	-290.0306	169.8276	3.580903	0.919306
5058	-115.066	-285.1287	170.0627	3.081886	1.173213
5064	-128.7571	-299.6212	170.8641	1.812324	1.544904
5070	-110.8062	-280.6606	169.8545	3.666418	0.7826838
5076	-100.1821	-269.8762	169.6941	3.747449	0.8822169
5082	-102.4659	-273.4183	170.9524	2.042051	1.299323
5088	-101.157	-271.7804	170.6234	2.103761	1.507174
5094	-99.94722	-270.6119	170.6647	2.304631	1.319705
5100	-104.3836	-274.1329	169.7493	2.749046	1.674135
5106	-108.0093	-278.086	170.0767	1.828154	2.079238
5112	-106.1325	-275.912	169.7796	2.998483	1.468849
5118	-107.2167	-277.4742	170.2574	2.998483	1.072843
5124	-114.8284	-284.6835	169.8551	3.432578	1.042683
5130	-111.0073	-280.792	169.7847	3.289674	1.233329
5136	-108.7105	-278.4184	169.708	3.289674	1.296737
5142	-97.59022	-267.9886	170.3983	2.288847	1.536947
5148	-114.1536	-283.631	169.4774	3.101943	1.615942
5154	-100.6439	-271.4519	170.808	1.676011	1.68434
5160	-97.11894	-267.3299	170.211	3.003677	1.110883
5166	-94.19975	-264.4299	170.2301	1.541239	2.166519
5172	-97.97499	-268.0275	170.0526	1.955463	2.010928
5178	-100.7734	-271.1842	170.4108	1.468524	2.096023
5184	-100.3484	-270.6495	170.3011	2.438361	1.497985
5190	-109.6294	-279.5624	169.933	2.739812	1.547612
5196	-111.0901	-282.0651	170.975	1.697778	1.547612
5202	-100.0496	-271.0176	170.968	1.746311	1.516763
5208	-102.7618	-274.3137	171.5519	1.258872	1.443981
5214	-105.2223	-275.7637	170.5414	1.407727	2.049966
5220	-110.2766	-281.1402	170.8636	2.1741	1.263846
5226	-99.50589	-269.9041	170.3983	2.985379	0.9461413
5232	-97.94781	-268.6643	170.7165	2.667161	0.9461413
5238	-107.9043	-277.0406	169.1363	4.3625	0.8123338
5244	-102.0432	-272.7859	170.7427	2.583289	1.005244
5250	-101.6527	-271.776	170.1233	2.463026	1.610846
5256	-106.7147	-277.1333	170.4185	2.151903	1.622366
5262	-105.3146	-276.0685	170.7539	2.029466	1.464798
5268	-119.0429	-288.4086	169.3657	3.670437	1.265174
5274	-108.1387	-278.665	170.5263	2.14604	1.547943
5280	-117.5583	-288.2098	170.6515	1.671422	1.797358
5286	-119.9005	-290.7674	170.8669	2.085608	1.333134
5292	-106.1793	-276.407	170.2278	2.883285	1.202176
5298	-102.6538	-272.568	169.9143	3.634202	0.7426359
5304	-103.3299	-273.1872	169.8573	3.523226	0.9494074
5310	-104.0082	-274.2918	170.2836	2.637116	1.358484
5316	-103.6688	-273.9587	170.2899	2.637116	1.353476
5322	-111.5003	-281.8288	170.3285	2.916177	1.083307
5328	-113.3312	-283.5754	170.2442	2.379323	1.583774
5334	-104.5059	-275.1379	170.6319	2.605144	1.090374
5340	-105.6573	-275.713	170.0557	3.230933	1.043724
5346	-103.4629	-272.9679	169.505	3.915867	0.9056665
5352	-109.4336	-279.9322	170.4987	2.752323	1.077428
5358	-89.72134	-260.0659	170.3446	2.676651	1.277446
5364	-101.0354	-271.8498	170.8144	2.029464	1.418531
5370	-101.4316	-271.7123	170.2807	2.56315	1.418531
5376	-107.384	-278.0139	170.6299	2.559334	1.133801
5382	-111.0511	-281.4289	170.3778	2.830508	1.116686
5388	-112.9402	-282.7344	169.7942	3.425902	1.105968
5394	-107.2676	-277.0634	169.7959	3.106834	1.372653
5400	-110.4424	-281.1102	170.6678	1.991631	1.557467
5406	-95.21514	-265.7079	170.4927	1.991631	1.684057
5412	-95.34988	-265.8426	170.4927	1.991631	1.684057
5418	-92.93678	-263.3452	170.4084	2.238471	1.566667
5424	-104.351	-274.3487	169.9978	2.649108	1.566667
5430	-103.4137	-274.507	171.0933	1.448965	1.642682
5436	-96.0196	-266.7916	170.772	0.9855229	2.175492
5442	-95.41966	-266.0818	170.6621	1.53887	1.881087
5448	-101.9705	-272.2097	170.2392	2.191747	1.721873
5454	-98.87394	-269.8114	170.9374	1.493524	1.721873
5460	-108.336	-278.2951	169.9591	3.395181	0.9766783
5466	-104.9676	-275.111	170.1433	3.075728	1.106878
5472	-108.5514	-278.5565	170.0051	3.166653	1.149391
5478	-108.2554	-277.7298	169.4745	3.767368	1.085943
5484	-101.5831	-272.601	171.0179	1.976632	1.299254
5490	-98.09509	-268.5063	170.4112	2.313061	1.509348
5496	-94.30064	-265.4773	171.1766	1.794962	1.317828
5502	-106.5472	-277.8994	171.3522	1.680737	1.267818
5508	-103.0115	-273.584	170.5724	1.943019	1.661896
5514	-112.5433	-282.9476	170.4043	2.077558	1.685827
5520	-115.9517	-286.7113	170.7596	2.380363	1.177241
5526	-108.7629	-279.5731	170.8102	1.457109	1.835728
5532	-106.1955	-276.4174	170.2219	0.9880931	2.523453
5538	-102.382	-273.3043	170.9223	1.304566	1.863415
5544	-107.9121	-279.2355	171.3234	1.347501	1.548996
5550	-111.5741	-282.4738	170.8997	1.478752	1.75871
5556	-106.5051	-277.2772	170.7721	1.811844	1.612556
5562	-103.0436	-273.8375	170.7939	2.050485	1.418109
5568	-99.68428	-270.6714	170.9871	1.492741	1.687286
5574	-97.48805	-268.4694	170.9813	1.993967	1.314852
5580	-109.2691	-279.8044	170.5353	2.196395	1.503801
5586	-101.4519	-272.0492	170.5973	2.337512	1.347272
5592	-106.8247	-277.8127	170.988	1.926125	1.363647
5598	-114.3464	-285.3269	170.9805	2.013677	1.299578
5604	-102.097	-273.1988	171.1018	1.892378	1.299578
5610	-114.5327	-284.938	170.4053	2.548509	1.332145
5616	-101.7159	-271.8144	170.0986	2.427128	1.654566
5622	-103.1963	-273.2384	170.0421	3.460862	0.8068183
5628	-105.2715	-276.1443	170.8729	2.108886	1.309635
5634	-102.8532	-274.1738	171.3206	1.855531	1.145475
5640	-89.3958	-260.4077	171.0119	2.373947	0.9437871
5646	-96.74699	-267.3967	170.6497	1.981587	1.578141
5652	-94.0935	-265.2898	171.1963	1.845951	1.260118
5658	-104.7542	-274.6222	169.868	1.565346	2.383194
5664	-115.5056	-286.1137	170.608	1.526012	1.926451
5670	-115.4095	-285.2454	169.8358	3.456242	1.038484
5676	-104.7051	-274.1767	169.4716	3.820474	1.038484
5682	-102.1265	-272.2825	170.1561	2.966137	1.192619
5688	-100.9028	-271.1017	170.1989	2.663883	1.403889
5694	-104.0712	-274.6712	170.6	1.921088	1.657865
5700	-95.98127	-266.4427	170.4614	1.132131	2.281218
5706	-96.89876	-267.8621	170.9633	0.6302587	2.281218
5712	-95.8066	-266.2635	170.4569	1.136625	2.281218
5718	-93.3365	-263.7889	170.4524	1.167408	2.26439
5724	-97.59117	-267.7291	170.1379	1.167408	2.463847
5730	-101.9487	-271.6073	169.6586	1.620417	2.480308
5736	-110.5389	-280.8562	170.3173	0.9574878	2.482962
5742	-117.8701	-288.2436	170.3735	2.177212	1.636581
5748	-110.1579	-280.6359	170.478	2.07277	1.636581
5754	-112.7948	-282.5568	169.762	3.433503	1.128221
5760	-122.442	-292.2132	169.7712	3.433503	1.119911
5766	-122.2516	-292.0228	169.7712	3.433503	1.119911
5772	-109.951	-279.4909	169.5399	3.14692	1.537241
5778	-112.4137	-282.4313	170.0176	3.14692	1.155782
5784	-111.9287	-282.3136	170.3849	2.779588	1.155782
5790	-100.0862	-270.6514	170.5652	2.326963	1.380935
5796	-98.30017	-269.0197	170.7196	2.428078	1.170568
5802	-102.657	-272.8004	170.1434	3.064131	1.117321
5808	-98.10552	-268.259	170.1535	2.943664	1.214035
5814	-99.23472	-270.1768	170.942	2.298207	1.087419
5820	-100.9416	-271.1026	170.161	3.177967	0.9922934
5826	-110.8807	-280.4445	169.5638	3.579613	1.174212
5832	-117.2052	-287.4488	170.2436	2.872423	1.197942
5838	-117.1991	-287.5301	170.331	2.369318	1.527227
5844	-106.3316	-275.929	169.5975	3.720943	1.012807
5850	-102.8647	-272.7544	169.8898	3.248985	1.178316
5856	-102.9355	-273.244	170.3085	2.364607	1.547395
5862	-98.01682	-268.8164	170.7996	2.314755	1.199396
5868	-108.8057	-279.4391	170.6334	2.005356	1.572677
5874	-112.902	-282.989	170.087	2.551748	1.572677
5880	-99.9709	-269.9943	170.0234	2.597737	1.585545
5886	-101.6485	-272.479	170.8305	2.028446	1.406851
5892	-95.60621	-266.3375	170.7313	1.826349	1.631601
5898	-96.97586	-267.3843	170.4084	2.060027	1.695381
5904	-90.5817	-261.4245	170.8428	1.625661	1.695381
5910	-99.95061	-271.1034	171.1527	2.001131	1.165108
5916	-102.9977	-273.5578	170.5601	2.404709	1.323304
5922	-102.4278	-273.2891	170.8613	2.277385	1.17835
5928	-91.42498	-261.987	170.562	2.277385	1.421932
5934	-94.32856	-265.528	171.1995	1.603188	1.450147
5940	-107.3979	-277.0108	169.6129	1.159656	2.792892
5946	-100.6636	-270.9675	170.3038	1.551679	2.111605
5952	-100.0055	-270.7484	170.7429	2.395393	1.178719
5958	-103.8609	-274.363	170.5021	2.463001	1.323086
5964	-102.29	-272.6172	170.3272	2.637916	1.323086
5970	-108.6374	-279.3657	170.7283	2.15759	1.385832
5976	-116.8244	-287.239	170.4146	2.15759	1.621113
5982	-123.6765	-293.6683	169.9918	2.427473	1.73008
5988	-111.5549	-281.8583	170.3034	2.573688	1.392706
5994	-114.5356	-284.2539	169.7183	2.359449	1.964316
6000	-108.0993	-278.4587	170.3594	2.359449	1.513368
6006	-107.9163	-278.3396	170.4233	2.295537	1.513368
6012	-112.3148	-281.9513	169.6366	3.09181	1.50626
6018	-99.28272	-270.1381	170.8554	1.751723	1.595766
6024	-107.2345	-277.7247	170.4902	2.063419	1.634525
6030	-110.0851	-280.5753	170.4902	2.063419	1.634525
6036	-109.6936	-279.8571	170.1635	2.107976	1.832813
6042	-121.4197	-291.3527	169.9331	2.226705	1.909068
6048	-112.6672	-282.2978	169.6306	3.404838	1.265785
6054	-109.9124	-280.1007	170.1883	2.424619	1.591528
6060	-114.9398	-285.6688	170.7291	1.391922	1.935278
6066	-102.4917	-272.8298	170.3381	2.921283	1.069548
6072	-98.30191	-268.5971	170.2952	2.976952	1.057571
6078	-109.7417	-280.6581	170.9164	1.260477	1.89744
6084	-106.1133	-277.3944	171.2811	1.536437	1.438783
6090	-102.6919	-273.5421	170.8501	1.566975	1.731622
6096	-100.4673	-271.2069	170.7396	1.96865	1.521298
6102	-111.3494	-281.9857	170.6364	1.814888	1.707535
6108	-112.1224	-281.6101	169.4877	3.344737	1.427292
6114	-110.8612	-281.573	170.7119	2.006016	1.51411
6120	-103.6457	-274.3576	170.7119	2.006016	1.51411
6126	-102.6175	-273.4121	170.7946	1.708403	1.670823
6132	-118.5868	-288.9856	170.3988	2.848854	1.080593
6138	-119.3397	-288.9904	169.6507	3.533479	1.138373
6144	-103.8724	-273.9509	170.0785	3.07289	1.167247
6150	-117.4265	-288.3269	170.9004	1.829404	1.50521
6156	-123.6042	-293.74	170.1358	2.670237	1.447557
6162	-119.4583	-289.6736	170.2154	2.434532	1.564457
6168	-121.8643	-292.2314	170.3671	1.906138	1.831657
6174	-120.3609	-291.2096	170.8486	2.025224	1.395246
6180	-117.3603	-286.7093	169.349	4.108703	0.863291
6186	-115.4181	-284.7023	169.2842	3.982433	1.062757
6192	-117.0177	-287.5687	170.551	2.08419	1.575272
6198	-117.0789	-287.1266	170.0477	2.267271	1.802868
6204	-124.3167	-293.5765	169.2599	3.655668	1.362548
6210	-112.219	-282.2671	170.0481	3.192948	1.086671
6216	-87.60386	-258.013	170.4092	2.812174	1.104786
6222	-93.82736	-264.4684	170.641	1.988318	1.579544
6228	-102.6943	-271.8378	169.1436	4.453542	0.6571925
6234	-100.7141	-270.2584	169.5443	3.856453	0.9278411
6240	-102.7793	-273.5874	170.8081	2.58585	0.9351234
6246	-107.4109	-277.3172	169.9063	2.635061	1.643329
6252	-105.9079	-276.8255	170.9176	1.951056	1.399309
6258	-105.8095	-276.784	170.9745	1.43252	1.738711
6264	-118.4178	-288.7904	170.3726	1.43252	2.144536
6270	-109.9408	-280.5959	170.6551	2.361139	1.281533
6276	-103.9046	-273.9117	170.0072	2.19361	1.881205
6282	-109.9408	-279.7446	169.8037	2.554989	1.772459
6288	-108.8341	-278.6201	169.786	3.444651	1.096283
6294	-114.7853	-284.5713	169.786	3.444651	1.096283
6300	-114.1311	-284.0361	169.905	3.331593	1.09083
6306	-107.5973	-277.959	170.3618	2.681795	1.259044
6312	-111.9642	-282.7615	170.7972	2.059851	1.408284
6318	-122.7245	-293.2034	170.4789	2.362192	1.420632
6324	-104.8954	-275.2043	170.3089	2.73323	1.260237
6330	-105.4676	-276.4097	170.9421	1.764181	1.522793
6336	-102.8812	-273.9572	171.076	1.764181	1.421377
6342	-94.49752	-264.919	170.4214	1.566412	2.024337
6348	-94.62721	-264.8905	170.2633	2.108568	1.763276
6354	-107.9873	-278.0252	170.0379	3.199499	1.090034
6360	-114.7663	-284.4094	169.6431	3.004995	1.565784
6366	-108.9006	-279.8388	170.9382	2.159662	1.213472
6372	-104.9352	-274.6027	169.6675	2.835078	1.671071
6378	-111.8239	-282.0651	170.2413	1.875279	1.938274
6384	-128.6746	-298.4019	169.7273	3.288385	1.281976
6390	-113.7292	-284.4842	170.755	1.791282	1.639817
6396	-110.849	-281.3001	170.4511	2.194362	1.567743
6402	-110.0298	-280.4355	170.4057	2.30738	1.517668
6408	-102.8734	-274.1442	171.2708	1.996351	1.06223
6414	-105.7289	-276.2606	170.5316	2.587393	1.195347
6420	-107.8124	-278.5145	170.7021	1.755933	1.702728
6426	-106.4367	-276.8552	170.4185	1.888487	1.808385
6432	-112.4453	-282.4118	169.9665	2.508079	1.691043
6438	-102.9249	-273.5072	170.5823	2.736578	1.01236
6444	-105.3862	-276.0063	170.6201	2.631553	1.076819
6450	-117.7	-287.6722	169.9722	1.499913	2.358603
6456	-115.5776	-286.6366	171.059	1.424592	1.6846
6462	-105.7907	-276.2612	170.4705	2.610989	1.227326
6468	-104.6337	-274.9938	170.3601	2.610989	1.318239
6474	-108.7982	-278.6986	169.9004	2.695776	1.6037
6480	-100.3538	-271.0561	170.7024	1.644806	1.780491
6486	-111.394	-282.4152	171.0212	0.9133544	2.059608
6492	-110.9174	-281.9061	170.9888	0.9099387	2.083257
6498	-115.6108	-285.2107	169.5999	2.298823	2.083257
6504	-124.2207	-294.3264	170.1057	2.285852	1.74955
6510	-112.5051	-283.2352	170.7301	2.497556	1.099001
6516	-108.5483	-279.0612	170.5129	2.701188	1.11137
6522	-99.54441	-269.8403	170.2959	2.73648	1.268313
6528	-105.816	-276.6603	170.8443	2.336018	1.141755
6534	-106.6213	-276.9337	170.3124	2.890793	1.121312
6540	-98.63116	-269.0062	170.3751	2.777395	1.166351
6546	-110.4405	-280.2741	169.8336	3.604885	0.885765
6552	-103.8319	-274.8402	171.0083	2.011992	1.278254
6558	-100.7169	-270.7824	170.0655	2.93804	1.291984
6564	-108.1025	-278.2032	170.1006	2.387986	1.681037
6570	-122.3386	-292.7634	170.4248	2.905507	1.000997
6576	-111.0017	-281.1466	170.1449	2.567207	1.51844
6582	-98.43294	-269.2775	170.8445	2.237656	1.226704
6588	-102.6422	-272.9109	170.2687	2.237656	1.668395
6594	-104.6649	-274.6916	170.0267	2.010241	1.991652
6600	-105.9463	-276.6032	170.6569	2.334207	1.302083
6606	-103.4883	-274.7486	171.2603	1.853213	1.200103
6612	-109.4551	-279.9288	170.4738	1.869234	1.783405
6618	-99.58335	-270.3214	170.7381	1.731485	1.694572
6624	-106.0657	-276.1297	170.0641	1.963874	1.997667
6630	-105.8954	-276.0123	170.1168	1.8222	2.056675
6636	-92.55215	-262.6607	170.1086	2.561996	1.549233
6642	-96.04565	-264.9971	168.9515	4.646265	0.6559298
6648	-88.75852	-259.4274	170.6689	2.799625	0.8502851
6654	-90.87574	-260.8371	169.9614	2.990926	1.333332
6660	-108.9585	-279.5827	170.6242	2.153671	1.469022
6666	-96.32527	-266.88	170.5547	2.561083	1.198097
6672	-101.1177	-271.5452	170.4275	2.258758	1.537669
6678	-104.9889	-276.0114	171.0225	2.252377	1.05495
6684	-123.3121	-292.5805	169.2684	3.517596	1.462865
6690	-107.8087	-278.3091	170.5004	2.285594	1.462865
6696	-113.7276	-283.3805	169.6529	2.443428	1.951867
6702	-111.931	-283.0984	171.1675	1.52167	1.535511
6708	-114.8265	-284.9139	170.0874	2.002175	1.956435
6714	-101.1678	-271.3598	170.1921	2.710332	1.372907
6720	-103.3654	-274.0048	170.6394	1.919862	1.630427
6726	-102.3802	-272.4082	170.028	2.784353	1.442743
6732	-108.1481	-278.3881	170.24	2.572332	1.442743
6738	-102.7805	-273.6133	170.8328	1.864476	1.529438
6744	-107.5284	-278.2931	170.7647	1.83698	1.599696
6750	-103.4723	-273.8645	170.3922	2.189825	1.614006
6756	-94.14384	-264.7203	170.5765	2.597946	1.147031
6762	-92.84743	-263.6203	170.7729	2.319151	1.218412
6768	-99.27327	-269.5435	170.2703	2.757743	1.271896
6774	-100.5059	-270.6186	170.1127	3.041818	1.164545
6780	-100.1032	-270.6015	170.4983	2.431522	1.35122
6786	-97.59063	-268.2651	170.6745	2.187809	1.404241
6792	-106.8995	-277.5563	170.6567	2.205585	1.404241
6798	-109.3086	-278.5519	169.2433	4.295706	0.7568146
6804	-108.5949	-277.6951	169.1002	4.274789	0.9553103
6810	-100.517	-270.654	170.137	3.3988	0.7615922
6816	-107.6509	-277.9433	170.2923	2.791143	1.225624
6822	-99.70608	-270.2216	170.5155	2.552494	1.238649
6828	-100.8386	-271.3202	170.4817	2.70387	1.137119
6834	-124.0234	-293.4263	169.4029	3.362202	1.478665
6840	-107.073	-277.2446	170.1716	2.59347	1.478665
6846	-102.216	-273.3003	171.0843	1.711828	1.455114
6852	-99.66938	-269.6569	169.9875	2.981198	1.320196
6858	-105.525	-276.4542	170.9291	1.723221	1.562649
6864	-101.185	-271.5266	170.3417	2.640962	1.308944
6870	-109.9086	-280.1834	170.2748	2.558148	1.426932
6876	-98.54067	-268.8835	170.3428	2.841686	1.138022
6882	-97.89572	-267.7407	169.845	3.257892	1.209151
6888	-104.441	-275.0741	170.6331	2.4698	1.209151
6894	-106.1664	-276.4795	170.3131	2.861437	1.146875
6900	-99.75481	-269.6522	169.8974	2.976758	1.395017
6906	-95.72011	-265.3273	169.6072	3.843781	0.8711772
6912	-115.8506	-285.3794	169.5288	3.722858	1.07681
6918	-120.9059	-290.4844	169.5785	3.691028	1.060029
6924	-103.4859	-273.765	170.2791	2.995884	1.054823
6930	-102.7459	-273.2446	170.4988	2.755102	1.074753
6936	-103.5247	-273.7392	170.2145	2.218362	1.720504
6942	-103.235	-273.9601	170.7251	1.902146	1.581058
6948	-107.3973	-278.0313	170.634	2.307169	1.342228
6954	-108.7086	-279.1401	170.4315	2.660597	1.218316
6960	-106.5175	-275.9581	169.4406	3.485193	1.354452
6966	-103.9874	-273.4094	169.422	3.887017	1.02204
6972	-112.0926	-281.5873	169.4947	3.887017	0.9481515
6978	-95.6498	-265.4356	169.7858	3.411513	1.126579
6984	-104.2177	-273.4453	169.2277	4.353566	0.6881785
6990	-106.4341	-277.2285	170.7943	1.646666	1.714791
6996	-109.3807	-279.1166	169.7359	3.368177	1.208177
7002	-97.80252	-268.6323	170.8298	1.876991	1.522366
7008	-101.6092	-272.1541	170.5449	1.876991	1.728229
7014	-105.4993	-276.2897	170.7904	1.560635	1.777795
7020	-101.253	-271.6799	170.4269	2.244503	1.548592
7026	-96.79665	-267.4244	170.6278	2.30894	1.345766
7032	-101.7185	-271.9998	170.2813	2.458565	1.49767
7038	-102.1307	-270.9743	168.8436	4.599901	0.8799818
7044	-102.3113	-271.2991	168.9878	4.599901	0.6760244
7050	-104.025	-273.0128	168.9878	4.599901	0.6760244
7056	-114.8216	-283.6017	168.7802	4.783314	0.7188743
7062	-115.5259	-284.4478	168.9219	4.414233	0.9951491
7068	-108.6056	-277.6238	169.0182	4.414233	0.892637
7074	-106.2499	-275.8051	169.5552	3.877198	0.892637
7080	-122.4207	-292.0211	169.6004	3.877198	0.8391629
7086	-113.7013	-284.0194	170.318	2.958327	1.05355
7092	-121.9761	-291.6514	169.6753	3.433477	1.204118
7098	-112.9161	-282.8924	169.9763	3.408432	0.944965
7104	-103.4919	-273.4882	169.9963	2.624838	1.585524
7110	-98.91855	-269.1372	170.2186	2.117768	1.787998
7116	-92.53194	-262.0482	169.5163	3.69994	1.109473
7122	-113.3752	-283.6894	170.3142	2.976527	1.039816
7128	-104.564	-275.0121	170.448	2.759298	1.117538
7134	-93.39563	-264.2779	170.8822	1.947711	1.429243
7140	-101.9913	-272.9417	170.9504	1.865954	1.439657
7146	-102.6136	-273.6039	170.9903	1.882464	1.396111
7152	-104.1162	-274.4729	170.3567	1.818728	1.898471
7158	-94.23721	-264.707	170.4698	1.706927	1.897564
7164	-100.7471	-271.2169	170.4698	1.706927	1.897564
7170	-122.0197	-291.9248	169.905	1.794415	2.213111
7176	-118.1635	-288.3174	170.1539	1.794415	2.050552
7182	-109.5759	-280.3975	170.8216	1.308066	1.929412
7188	-114.5058	-284.7631	170.2573	2.076401	1.789879
7194	-98.39868	-268.1726	169.7739	3.591004	0.9658004
7200	-109.3761	-280.0476	170.6715	2.693413	0.9658004
7206	-102.9078	-272.132	169.2242	3.964897	1.13391
7212	-119.7947	-289.1482	169.3535	3.673489	1.272722
7218	-122.3133	-291.9675	169.6541	3.500957	1.164059
7224	-118.1611	-287.3277	169.1666	4.334957	0.8087062
7230	-103.8031	-273.0433	169.2403	4.26353	0.805768
7236	-100.4204	-269.5375	169.117	4.289772	0.9212009
7242	-103.2776	-272.6893	169.4117	4.041552	0.8685149
7248	-112.9924	-282.5448	169.5525	3.681611	1.093122
7254	-122.0115	-291.9598	169.9482	3.277005	1.101237
7260	-112.9631	-283.0391	170.076	3.149285	1.101237
7266	-102.2042	-272.5932	170.3889	2.248834	1.573379
7272	-106.4685	-276.5226	170.0542	2.864951	1.359715
7278	-104.7857	-274.8514	170.0657	2.157347	1.866032
7284	-97.36549	-267.9622	170.5967	2.052964	1.564665
7290	-107.7347	-278.0004	170.2657	2.654959	1.358527
7296	-112.8431	-282.8956	170.0525	2.591279	1.568921
7302	-104.7097	-275.0894	170.3797	2.305923	1.538091
7308	-105.6879	-275.561	169.8731	2.988065	1.405144
7314	-101.0294	-271.2228	170.1935	2.944222	1.179225
7320	-106.8881	-276.6475	169.7594	3.510143	1.060005
7326	-104.5003	-274.2597	169.7594	3.510143	1.060005
7332	-96.74369	-266.9269	170.1832	2.692308	1.39396
7338	-117.646	-287.8284	170.1824	2.330927	1.663438
7344	-102.6876	-273.1141	170.4266	2.393285	1.437001
7350	-94.40028	-264.3528	169.9525	3.357894	1.020635
7356	-102.1258	-271.9294	169.8036	3.506858	1.020635
7362	-103.047	-273.3843	170.3373	2.264859	1.599343
7368	-115.2905	-286.0244	170.7339	2.136043	1.398309
7374	-106.7051	-277.2953	170.5902	2.382552	1.316918
7380	-113.5903	-284.0714	170.4811	2.176709	1.558675
7386	-109.1747	-279.7477	170.573	2.052948	1.581998
7392	-101.9659	-273.0235	171.0576	2.016227	1.233776
7398	-113.6002	-284.0138	170.4136	2.863857	1.052464
7404	-111.6361	-281.5186	169.8826	3.531047	0.9137188
7410	-115.9389	-285.5578	169.6188	3.427658	1.256612
7416	-113.8658	-282.8805	169.0147	4.07351	1.221618
7422	-97.88149	-268.1992	170.3177	3.142836	0.8599338
7428	-109.0325	-278.3539	169.3215	3.91821	1.087951
7434	-113.5583	-283.8293	170.271	3.135276	0.9217962
7440	-112.0386	-282.9659	170.9273	2.375221	1.028344
7446	-108.9245	-278.9178	169.9933	3.044089	1.264181
7452	-111.4712	-281.9429	170.4717	2.655944	1.187906
7458	-97.83907	-268.592	170.7529	2.374742	1.187906
7464	-104.6141	-275.2497	170.6356	2.497173	1.183481
7470	-111.8046	-281.6517	169.8471	3.240085	1.222489
7476	-112.9641	-282.9394	169.9753	2.415279	1.750231
7482	-109.2882	-278.8287	169.5405	3.109936	1.564034
7488	-101.8662	-272.141	170.2747	3.109936	0.9450453
7494	-109.8371	-279.3954	169.5583	3.033904	1.606628
7500	-100.4573	-270.8516	170.3943	2.683015	1.230804
7506	-101.2378	-271.2056	169.9677	2.437195	1.740157
7512	-111.1063	-281.5698	170.4635	2.049275	1.663784
7518	-103.8725	-274.8132	170.9408	1.38656	1.794287
7524	-100.0667	-270.7866	170.7199	1.919606	1.572073
7530	-99.96906	-270.4545	170.4855	1.919606	1.740059
7536	-95.12799	-266.3365	171.2085	1.832376	1.261285
7542	-105.7803	-276.1146	170.3343	2.875397	1.115402
7548	-109.0168	-279.4749	170.4581	2.611232	1.237559
7554	-117.9285	-288.3135	170.385	2.593414	1.312341
7560	-129.4807	-298.783	169.3022	3.408542	1.519411
7566	-125.468	-295.68	170.212	3.012243	1.102139
7572	-120.3498	-290.816	170.4661	1.884846	1.77787
7578	-111.0887	-281.9309	170.8421	1.926646	1.475881
7584	-112.1982	-282.2614	170.0631	2.89275	1.330473
7590	-102.5355	-272.6207	170.0852	2.89275	1.312692
7596	-95.68779	-265.7639	170.0761	3.12187	1.125993
7602	-104.2375	-273.7417	169.5042	3.654146	1.161197
7608	-100.9436	-271.1057	170.1621	3.266679	0.8967387
7614	-102.8665	-272.241	169.3744	3.851396	1.100697
7620	-107.9835	-278.9793	170.9958	1.772411	1.476298
7626	-107.4555	-277.5613	170.1058	2.039156	1.919121
7632	-123.7458	-293.0036	169.2579	3.495141	1.487788
7638	-109.8868	-280.4078	170.521	2.232029	1.487788
7644	-107.2381	-278.2449	171.0068	1.74619	1.487788
7650	-116.0494	-285.2019	169.1525	4.297656	0.8722041
7656	-111.5708	-280.7068	169.136	4.155133	1.039347
7662	-102.0811	-272.7368	170.6558	1.882911	1.64525
7668	-97.48841	-267.9418	170.4534	2.113353	1.625051
7674	-102.3958	-271.3972	169.0014	4.529106	0.7691376
7680	-97.90718	-267.4144	169.5073	3.9106	0.909004
7686	-100.7739	-272.2061	171.4321	1.591124	1.275798
7692	-99.23741	-269.3972	170.1598	2.497368	1.559096
7698	-90.68935	-262.0303	171.341	1.640596	1.309792
7704	-103.7746	-273.9746	170.2	1.320289	2.328007
7710	-119.5774	-289.2635	169.6862	3.038869	1.508779
7716	-110.5752	-280.6994	170.1243	2.824108	1.336477
7722	-123.52	-293.4964	169.9764	2.485498	1.700019
7728	-115.72	-285.7186	169.9985	2.913239	1.365513
7734	-95.84857	-266.275	170.4264	2.955897	0.9475265
7740	-98.11674	-268.1926	170.0759	3.251206	1.004205
7746	-105.3212	-275.4492	170.128	3.438362	0.7140368
7752	-115.0403	-284.1929	169.1526	4.315448	0.8508899
7758	-108.967	-277.6311	168.664	4.575256	1.0883
7764	-100.315	-270.4948	170.1799	2.126084	1.809083
7770	-101.0047	-272.0924	171.0876	1.785672	1.395674
7776	-106.036	-277.0222	170.9861	2.148533	1.181844
7782	-117.0305	-287.168	170.1375	2.856362	1.299865
7788	-124.326	-293.7979	169.4719	3.65383	1.1896
7794	-112.9382	-281.7785	168.8402	4.505584	0.9853469
7800	-117.7148	-286.7149	169.0001	4.505584	0.8032934
7806	-100.2435	-271.0216	170.7781	2.162136	1.342977
7812	-113.8351	-283.6322	169.7971	3.507961	1.025894
7818	-107.7269	-277.3198	169.593	3.426074	1.279241
7824	-111.2315	-281.1608	169.9293	3.21297	1.175266
7830	-113.0107	-282.8631	169.8524	3.21297	1.240854
7836	-105.9919	-276.7115	170.7196	1.76466	1.684135
7842	-101.3246	-271.8169	170.4922	1.819529	1.805049
7848	-99.86662	-270.8184	170.9518	2.186261	1.178895
7854	-99.549	-269.5691	170.0201	2.920283	1.342871
7860	-127.4927	-297.5825	170.0898	2.098891	1.889433
7866	-120.6736	-291.2251	170.5515	2.098891	1.564104
7872	-109.0065	-279.6518	170.6453	1.528057	1.899822
7878	-104.0938	-275.214	171.1201	1.697326	1.438818
7884	-104.1744	-274.9682	170.7938	2.248191	1.260332
7890	-103.2609	-273.7787	170.5178	2.364873	1.388358
7896	-116.3868	-287.0665	170.6798	2.202916	1.388358
7902	-108.3578	-278.9905	170.6327	2.001704	1.575828
7908	-115.1985	-285.1286	169.9301	2.566634	1.675258
7914	-118.7917	-288.9722	170.1805	2.587125	1.476772
7920	-109.7824	-280.3045	170.5222	1.682315	1.878682
7926	-108.8341	-278.9732	170.1391	1.939659	1.963694
7932	-106.7012	-277.7914	171.0902	1.505025	1.60439
7938	-108.7877	-279.5856	170.7978	1.930854	1.506038
7944	-99.55769	-270.0347	170.4771	2.540101	1.280808
7950	-89.10024	-259.6034	170.5031	2.276149	1.467926
7956	-100.4097	-270.707	170.2973	1.850532	1.91713
7962	-93.71844	-264.4529	170.7345	2.277781	1.2848
7968	-103.3656	-273.5233	170.1577	2.554357	1.518433
7974	-100.8874	-271.0452	170.1577	1.912903	1.969106
7980	-102.2532	-272.5147	170.2616	2.05558	1.801337
7986	-102.2644	-272.8096	170.5452	1.638014	1.893134
7992	-105.5958	-275.7755	170.1797	2.471072	1.563832
7998	-96.06517	-266.8095	170.7443	1.906472	1.563832
8004	-121.1124	-291.3607	170.2483	2.475397	1.509779
8010	-106.9439	-277.437	170.4931	2.5179	1.285849
8016	-94.99399	-265.4863	170.4924	2.721685	1.111457
8022	-90.1303	-260.7337	170.6035	2.436695	1.261864
8028	-99.22123	-270.4467	171.2254	1.81471	1.261864
8034	-96.69329	-266.6917	169.9984	2.151358	1.915816
8040	-97.05452	-268.4456	171.3911	2.036237	0.8984602
8046	-98.29478	-268.3894	170.0946	3.130191	1.101672
8052	-103.2407	-274.4981	171.2574	1.763409	1.277777
8058	-105.9374	-276.1658	170.2283	2.587645	1.439971
8064	-116.2391	-286.4936	170.2546	3.075522	1.001188
8070	-109.9947	-280.2843	170.2896	2.600455	1.382602
8076	-109.216	-279.5512	170.3352	2.847096	1.140014
8082	-112.0612	-282.9085	170.8473	1.733942	1.614562
8088	-114.6127	-284.6821	170.0695	2.413429	1.685107
8094	-113.4835	-283.5168	170.0333	2.1934	1.863529
8100	-117.0749	-286.5108	169.4359	2.058063	2.344756
8106	-100.0184	-270.5773	170.5589	1.748249	1.808245
8112	-96.58917	-267.4374	170.8483	1.485983	1.789482
8118	-97.92926	-268.7982	170.869	1.727161	1.603741
8124	-95.82214	-266.5754	170.7532	2.299998	1.250986
8130	-103.7807	-274.5781	170.7974	2.505796	1.027729
8136	-108.9413	-278.9408	169.9995	3.21931	1.107153
8142	-113.0506	-282.9792	169.9285	3.60005	0.7718949
8148	-109.5808	-279.8888	170.308	3.029526	0.993773
8154	-107.8213	-278.7091	170.8878	2.171325	1.246081
8160	-103.0369	-272.821	169.7841	3.501835	1.044373
8166	-104.074	-273.8877	169.8137	3.359288	1.148254
8172	-109.6686	-278.89	169.2214	4.034725	1.072679
8178	-109.6004	-279.9092	170.3088	3.105884	0.9124874
8184	-115.4804	-285.9774	170.4971	2.841071	0.9930938
8190	-121.6971	-292.6376	170.9404	2.111822	1.251803
8196	-101.3106	-271.3911	170.0806	2.971678	1.251803
8202	-99.6372	-270.5411	170.904	2.563174	0.8519869
8208	-104.5113	-274.8337	170.3223	2.223809	1.639878
8214	-100.3484	-271.5151	171.1667	1.850178	1.28107
8220	-107.0442	-277.5617	170.5175	1.93144	1.709181
8226	-101.9211	-272.9017	170.9805	1.93144	1.365368
8232	-95.17097	-265.7768	170.6058	2.093445	1.528006
8238	-99.24453	-269.8503	170.6058	2.093445	1.528006
8244	-94.30017	-264.853	170.5528	1.8134	1.767264
8250	-99.9833	-270.2862	170.3029	2.108602	1.735526
8256	-101.5057	-272.3381	170.8325	1.437516	1.833853
8262	-110.5842	-280.3032	169.7189	3.240224	1.32783
8268	-106.2306	-276.6869	170.4563	2.502941	1.327801
8274	-100.5554	-270.9271	170.3717	2.502941	1.394637
8280	-104.7051	-274.3737	169.6686	3.206066	1.394637
8286	-100.942	-271.5834	170.6414	2.395178	1.264797
8292	-92.19825	-262.4305	170.2322	2.155275	1.75237
8298	-106.5467	-276.0377	169.491	3.326558	1.438732
8304	-106.7043	-277.1485	170.4442	1.78982	1.85854
8310	-104.3643	-274.2023	169.8379	3.399692	1.089851
8316	-109.2515	-279.6106	170.3591	2.878565	1.089851
8322	-103.35	-272.7012	169.3512	3.666044	1.280707
8328	-94.04353	-263.8391	169.7956	3.745013	0.7544996
8334	-101.686	-272.4374	170.7514	2.653259	0.9235666
8340	-94.62234	-265.1045	170.4821	2.777693	1.069163
8346	-96.55076	-267.7524	171.2017	1.662633	1.402682
8352	-100.9541	-271.5575	170.6034	2.260916	1.402682
8358	-103.7682	-274.3021	170.5339	2.581189	1.198708
8364	-112.1299	-281.9898	169.8599	2.538023	1.745102
8370	-120.5179	-289.8607	169.3428	2.472457	2.137918
8376	-113.3526	-283.0549	169.7023	2.203483	2.078611
8382	-112.151	-282.1616	170.0107	3.096593	1.205418
8388	-103.7489	-274.0238	170.275	2.741351	1.281498
8394	-121.3139	-291.232	169.9181	3.505867	0.9021716
8400	-105.926	-275.6086	169.6825	3.648745	0.99999
8406	-111.675	-281.4549	169.7798	3.700348	0.8359934
8412	-105.086	-274.5718	169.4858	3.700348	1.136587
8418	-99.11042	-269.4616	170.3512	2.817253	1.152307
8424	-115.6921	-286.9511	171.2589	1.831624	1.219662
8430	-107.4655	-278.0601	170.5946	2.283219	1.392125
8436	-118.1767	-288.4828	170.3061	2.271064	1.61749
8442	-119.5559	-289.0837	169.5277	3.905682	0.8915355
8448	-103.6255	-273.6061	169.9806	3.452834	0.8915355
8454	-99.68452	-269.6348	169.9502	3.312942	1.066006
8460	-102.0129	-271.6362	169.6233	3.462164	1.22395
8466	-96.24265	-265.6725	169.4299	3.947136	0.953144
8472	-108.6227	-278.8349	170.2122	3.115204	1.003916
8478	-110.5813	-280.4399	169.8586	2.91621	1.471325
8484	-106.6635	-277.1103	170.4467	2.907226	0.9770515
8490	-106.2641	-276.9277	170.6636	2.380175	1.258851
8496	-104.5363	-275.4135	170.8772	2.024862	1.373137
8502	-103.9463	-274.3821	170.4357	2.466358	1.373137
8508	-112.6188	-282.812	170.1931	2.768052	1.326203
8514	-99.32848	-270.0899	170.7614	1.984785	1.492918
8520	-111.3657	-282.3053	170.9396	1.572385	1.664393
8526	-109.9469	-281.0089	171.0621	1.366929	1.723239
8532	-119.768	-290.3428	170.5748	1.858965	1.719864
8538	-108.5817	-278.6379	170.0561	2.084972	1.921683
8544	-125.4455	-295.5863	170.1409	2.766809	1.368766
8550	-104.53	-274.7887	170.2587	2.954319	1.112416
8556	-102.9382	-272.5647	169.6265	3.634311	1.068283
8562	-109.4887	-279.0463	169.5576	4.016845	0.7003524
8568	-94.65886	-265.4278	170.7689	1.864892	1.576287
8574	-99.26223	-270.1519	170.8897	2.311963	1.122675
8580	-105.3709	-275.6059	170.235	2.157511	1.748898
8586	-104.1387	-275.3237	171.185	1.996568	1.140623
8592	-94.02996	-264.3646	170.3346	3.108142	0.8807639
8598	-101.5638	-272.3439	170.7801	2.580913	0.9698078
8604	-103.653	-274.3627	170.7097	2.326243	1.265368
8610	-106.5784	-277.4921	170.9137	1.654567	1.623905
8616	-114.0354	-284.6887	170.6533	1.915033	1.623905
8622	-113.8041	-284.0378	170.2337	1.866774	1.949091
8628	-112.4026	-282.3263	169.9236	1.581337	2.337744
8634	-103.9213	-274.5243	170.6031	1.98026	1.613038
8640	-106.4906	-276.4274	169.9368	2.876097	1.442356
8646	-101.9008	-271.8735	169.9727	2.642251	1.590043
8652	-115.5074	-283.8479	168.3406	5.011461	0.9790402
8658	-103.4978	-273.4847	169.9869	2.279924	1.836061
8664	-108.0628	-278.3472	170.2844	2.528973	1.441954
8670	-104.2148	-275.4046	171.1898	1.677223	1.400566
8676	-104.8857	-275.6231	170.7374	1.928641	1.552616
8682	-103.7089	-274.2533	170.5444	1.928641	1.692122
8688	-113.323	-283.841	170.5179	2.524761	1.259758
8694	-113.9333	-284.6315	170.6983	2.214517	1.364722
8700	-105.877	-276.6607	170.7838	2.262366	1.256901
8706	-105.1801	-274.9152	169.7351	3.000099	1.501154
8712	-109.2104	-279.4424	170.232	2.235605	1.695985
8718	-107.1981	-277.3692	170.1711	2.235605	1.73893
8724	-102.7098	-273.0638	170.354	1.47682	2.12779
8730	-107.7466	-278.4414	170.6948	1.854006	1.63796
8736	-114.5819	-284.7457	170.1639	2.384939	1.63796
8742	-100.2996	-271.0552	170.7556	2.569652	1.006032
8748	-102.3229	-273.1658	170.8429	2.220837	1.242233
8754	-102.6573	-273.3317	170.6744	2.220837	1.378517
8760	-111.2885	-281.4305	170.142	2.889992	1.268609
8766	-120.1797	-290.3098	170.1301	2.901875	1.268609
8772	-108.0702	-278.3398	170.2696	2.747237	1.281056
8778	-117.651	-288.0201	170.3692	2.316284	1.538242
8784	-120.7818	-290.634	169.8522	3.191312	1.25911
8790	-113.3917	-283.8146	170.4229	2.610221	1.267673
8796	-118.7501	-289.0059	170.2558	1.88091	1.924629
8802	-116.5804	-287.6548	171.0744	1.483881	1.631133
8808	-99.57036	-270.562	170.9916	1.523004	1.662492
8814	-96.83682	-267.1566	170.3198	3.094691	0.9127842
8820	-99.237	-269.9331	170.6961	1.774269	1.694025
8826	-95.27589	-265.7505	170.4746	2.640179	1.198989
8832	-98.97519	-269.002	170.0268	3.364981	0.9374503
8838	-95.14229	-265.2129	170.0706	3.159257	1.096978
8844	-100.6817	-270.4344	169.7527	3.477142	1.096978
8850	-106.7006	-276.073	169.3724	3.938017	1.020674
8856	-107.3092	-277.5101	170.2009	2.760467	1.326036
8862	-109.928	-279.7986	169.8706	2.829461	1.527399
8868	-101.3225	-272.1605	170.838	1.653805	1.678785
8874	-103.095	-274.0011	170.9061	2.291344	1.126455
8880	-101.6349	-271.4205	169.7857	3.762579	0.7429807
8886	-100.8923	-269.4778	168.5854	4.962787	0.7429807
8892	-114.7938	-285.1732	170.3794	3.036999	0.9106074
8898	-109.7968	-279.8152	170.0185	3.397974	0.9106074
8904	-98.53123	-268.1885	169.6572	3.397974	1.249345
8910	-114.0098	-282.88	168.8702	4.505197	0.9548082
8916	-104.6795	-275.2662	170.5867	2.721306	1.023038
8922	-113.0095	-281.7216	168.7122	4.451627	1.156396
8928	-103.8028	-273.8678	170.065	3.342372	0.9206095
8934	-104.6109	-275.1256	170.5148	2.996503	0.7957832
8940	-108.5694	-278.853	170.2836	2.996503	1.049945
8946	-113.3532	-283.5658	170.2126	3.047233	1.069141
8952	-120.2925	-291.0807	170.7882	2.333463	1.193103
8958	-111.5197	-282.4458	170.9261	1.295039	1.867333
8964	-111.0643	-281.7647	170.7004	2.516025	1.109275
8970	-108.2264	-278.7591	170.5327	2.695962	1.098134
8976	-112.6608	-283.0668	170.406	2.549125	1.331037
8982	-109.0278	-279.4338	170.406	2.549125	1.331037
8988	-101.7526	-272.7713	171.0187	1.293665	1.804653
8994	-94.57823	-264.6656	170.0874	2.914939	1.292931
9000	-108.2981	-278.7933	170.4953	2.300154	1.455671
