Iteration	Posterior	Likelihood	Prior	part_rate_trans	tree_length
0	-2849.889	-3018.232	168.3429	1.470082	3.366002
6	-2849.602	-3017.636	168.034	1.470082	3.546616
12	-2850.991	-3019.692	168.701	1.431451	3.177435
18	-2862.486	-3030.943	168.4566	1.801491	3.102764
24	-2862.978	-3031.594	168.6156	1.736688	3.046475
30	-2865.707	-3034.131	168.424	1.768854	3.141567
36	-2864.37	-3033.204	168.8347	1.841489	2.851487
42	-2858.962	-3027.824	168.8616	1.745584	2.893246
48	-2856.345	-3025.2	168.8547	1.741812	2.899701
54	-2857.32	-3026.118	168.7976	1.798869	2.899701
60	-2856.843	-3025.51	168.667	1.734318	3.017145
66	-2859.423	-3028.117	168.6939	1.578181	3.094412
72	-2860.04	-3028.589	168.5493	1.736239	3.086391
78	-2858.632	-3026.981	168.3496	1.400944	3.402623
84	-2857.662	-3026.086	168.4236	1.494681	3.304077
90	-2855.405	-3024.087	168.6821	1.489788	3.154056
96	-2854.589	-3023.069	168.4792	1.481593	3.278994
102	-2856.791	-3025.101	168.3099	1.701676	3.249054
108	-2852.682	-3021.462	168.7793	1.848924	2.880487
114	-2853.146	-3021.648	168.5012	1.746273	3.109043
120	-2861.585	-3029.694	168.1092	1.470899	3.502324
126	-2855.318	-3023.739	168.4211	1.535074	3.281713
132	-2859.378	-3027.604	168.2258	1.615333	3.349469
138	-2861.734	-3030.089	168.3546	1.509659	3.335868
144	-2859.762	-3028.12	168.3581	1.509659	3.333827
150	-2854.528	-3022.87	168.3412	1.359542	3.431835
156	-2852.376	-3020.514	168.1374	1.563292	3.431835
162	-2854.591	-3023.079	168.4872	1.624072	3.189993
168	-2860.682	-3028.72	168.0376	1.577821	3.481706
174	-2863.922	-3032.217	168.2941	1.706653	3.255455
180	-2865.42	-3033.563	168.1431	1.33262	3.56311
186	-2867.027	-3035.178	168.1515	1.380436	3.530369
192	-2868.849	-3037.518	168.6692	1.483079	3.165682
198	-2855.26	-3023.987	168.7272	1.483079	3.131207
204	-2854.224	-3022.884	168.6602	1.550128	3.131207
210	-2853.116	-3021.364	168.2478	1.740524	3.262761
216	-2845.911	-3014.395	168.484	1.532272	3.246259
222	-2842.24	-3010.521	168.2818	1.467264	3.403486
228	-2855.238	-3023.228	167.9905	1.467264	3.573515
234	-2853.193	-3021.071	167.8775	1.467264	3.639135
240	-2857.455	-3026.096	168.6406	1.558535	3.137859
246	-2868.87	-3037.922	169.0516	1.741004	2.780661
252	-2867.885	-3036.517	168.6313	1.722768	3.045443
258	-2860.071	-3028.703	168.6313	1.722768	3.045443
264	-2855.431	-3023.878	168.4469	1.430494	3.328126
270	-2864.072	-3032.29	168.2183	1.623863	3.348853
276	-2855.517	-3024.382	168.8647	1.713803	2.910592
282	-2854.597	-3022.385	167.7874	1.466296	3.691833
288	-2862.253	-3030.131	167.8781	1.375655	3.691833
294	-2872.142	-3039.881	167.7383	1.384332	3.767552
300	-2857.685	-3026.432	168.7477	1.655113	3.016243
306	-2850.53	-3018.961	168.4312	1.540434	3.272602
312	-2853.861	-3022.402	168.5415	1.430149	3.272602
318	-2852.406	-3020.5	168.0934	1.501582	3.493629
324	-2860.938	-3029.686	168.7471	1.799861	2.929566
330	-2853.228	-3021.665	168.4369	1.717637	3.16434
336	-2857.995	-3026.356	168.3612	1.734393	3.199335
342	-2854.859	-3023.463	168.6043	1.548293	3.165497
348	-2862.2	-3030.804	168.6043	1.548293	3.165497
354	-2857.243	-3025.761	168.5188	1.532112	3.225759
360	-2864.085	-3032.284	168.1986	1.667454	3.334813
366	-2857.37	-3025.974	168.6042	1.540644	3.170098
372	-2844.953	-3013.607	168.6544	1.683329	3.055196
378	-2848.164	-3016.666	168.5015	1.683329	3.146322
384	-2856.226	-3024.936	168.7105	1.482704	3.141397
390	-2855.118	-3023.347	168.2285	1.482704	3.425669
396	-2847.674	-3015.927	168.2525	1.458748	3.425669
402	-2843.061	-3011.102	168.0413	1.338295	3.618907
408	-2849.957	-3018.139	168.1819	1.389035	3.507658
414	-2847.172	-3015.24	168.0685	1.338465	3.60303
420	-2842.718	-3010.871	168.1528	1.409549	3.512647
426	-2852.86	-3021.287	168.4273	1.416933	3.347642
432	-2865.658	-3033.674	168.0157	1.637755	3.459487
438	-2855.483	-3023.901	168.4186	1.661789	3.208331
444	-2860.504	-3028.962	168.4584	1.646339	3.193892
450	-2857.056	-3025.526	168.4697	1.502722	3.272132
456	-2864.57	-3032.826	168.2563	1.502722	3.397678
462	-2860.189	-3028.676	168.4864	1.392889	3.327034
468	-2852.357	-3020.635	168.2778	1.579468	3.340004
474	-2856.757	-3025.422	168.6652	1.584326	3.107862
480	-2850.964	-3019.519	168.5546	1.377216	3.296078
486	-2869.818	-3038.189	168.3716	1.377216	3.403644
492	-2862.156	-3030.747	168.5916	1.517914	3.19109
498	-2864.219	-3032.721	168.5011	1.63254	3.176757
504	-2861.152	-3029.795	168.6431	1.490056	3.177015
510	-2861.403	-3029.86	168.4571	1.582166	3.232633
516	-2870.776	-3039.455	168.6787	1.467039	3.169585
522	-2844.315	-3012.991	168.6758	1.69983	3.032506
528	-2851.079	-3019.658	168.5786	1.687798	3.097791
534	-2839.564	-3008.08	168.5163	1.750098	3.097791
540	-2845.799	-3014.188	168.3896	1.528403	3.304247
546	-2845.318	-3014.233	168.915	1.705976	2.884893
552	-2852.752	-3021.245	168.4927	1.705976	3.138109
558	-2856.037	-3024.717	168.6797	1.521805	3.136403
564	-2841.963	-3010.483	168.5204	1.68824	3.132186
570	-2851.453	-3020.025	168.5715	1.679837	3.106791
576	-2853.709	-3022.289	168.5804	1.645123	3.122138
582	-2865.864	-3034.132	168.2676	1.508669	3.387562
588	-2864.274	-3032.519	168.2444	1.531865	3.387562
594	-2860.536	-3029.258	168.7224	1.603173	3.062456
600	-2866.636	-3035.067	168.4305	1.736573	3.156883
606	-2864.959	-3033.281	168.3217	1.675121	3.257764
612	-2860.578	-3028.937	168.3587	1.447066	3.370244
618	-2859.576	-3027.829	168.2534	1.61689	3.332318
624	-2864.225	-3032.418	168.1923	1.61689	3.368244
630	-2862.036	-3030.634	168.5976	1.61689	3.128684
636	-2856.826	-3025.248	168.4224	1.607233	3.238331
642	-2861.851	-3030.118	168.267	1.458741	3.417181
648	-2863.206	-3031.776	168.5695	1.607922	3.150736
654	-2859.195	-3027.748	168.5531	1.526915	3.208562
660	-2849.032	-3017.516	168.4843	1.734437	3.126181
666	-2852.691	-3021.435	168.7442	1.728453	2.974329
672	-2863.533	-3032.096	168.5627	1.437789	3.25558
678	-2862.07	-3030.477	168.4064	1.594045	3.25558
684	-2866.655	-3035.54	168.8854	1.521431	3.013806
690	-2850.742	-3018.941	168.1989	1.499466	3.433186
696	-2846.408	-3014.677	168.2692	1.531638	3.373166
702	-2867.688	-3036.038	168.3496	1.722106	3.213435
708	-2882.655	-3050.921	168.2662	1.699563	3.276078
714	-2846.278	-3014.888	168.6097	1.576799	3.14535
720	-2853.259	-3021.645	168.3856	1.479526	3.335388
726	-2850.611	-3018.707	168.0964	1.424392	3.53689
732	-2861.697	-3029.745	168.0479	1.464081	3.541982
738	-2856.068	-3024.731	168.6628	1.464081	3.180769
744	-2855.412	-3023.579	168.1661	1.435854	3.489551
750	-2860.412	-3028.683	168.2714	1.445275	3.422498
756	-2855.656	-3024.034	168.3771	1.550493	3.298611
762	-2855.654	-3024.034	168.3801	1.547468	3.298611
768	-2854.317	-3023.268	168.9513	1.538273	2.964126
774	-2862.137	-3030.746	168.6092	1.628178	3.115095
780	-2860.724	-3029.115	168.3908	1.657683	3.227229
786	-2853.759	-3022.158	168.3994	1.578776	3.268731
792	-2860.36	-3028.315	167.9553	1.498069	3.576067
798	-2853.282	-3021.458	168.1756	1.498069	3.447631
804	-2877.15	-3045.294	168.1432	1.40798	3.519165
810	-2866.395	-3034.57	168.1743	1.462478	3.469246
816	-2868.852	-3037.71	168.858	1.67375	2.938755
822	-2871.138	-3039.486	168.3484	1.652558	3.255328
828	-2871.95	-3040.538	168.5872	1.652558	3.113634
834	-2866.871	-3035.309	168.4377	1.518359	3.281822
840	-2857.639	-3026.391	168.7519	1.513589	3.098332
846	-2858.474	-3026.57	168.0964	1.513589	3.484855
852	-2854.853	-3023.561	168.7087	1.594375	3.075912
858	-2855.968	-3024.569	168.6008	1.708443	3.072244
864	-2854.253	-3023.059	168.8056	1.749502	2.92469
870	-2851.556	-3020.174	168.6181	1.700962	3.066374
876	-2856.721	-3025.279	168.5586	1.764489	3.06393
882	-2867.33	-3036.075	168.7448	1.623704	3.03677
888	-2868.316	-3037.16	168.8445	1.898854	2.810655
894	-2852.905	-3021.786	168.8813	1.965728	2.747471
900	-2852.01	-3020.371	168.3614	1.688728	3.226209
906	-2855.264	-3023.649	168.3849	1.465534	3.343994
912	-2856.968	-3025.294	168.3265	1.470908	3.375135
918	-2848.213	-3016.398	168.1854	1.589494	3.388385
924	-2853.909	-3022.221	168.3111	1.601625	3.307372
930	-2855.664	-3023.856	168.1919	1.552821	3.406082
936	-2858.802	-3027.092	168.2904	1.509524	3.373694
942	-2875.436	-3043.556	168.1202	1.679668	3.373694
948	-2864.907	-3033.236	168.3291	1.466668	3.376124
954	-2855.309	-3023.487	168.1781	1.361882	3.525702
960	-2852.374	-3020.679	168.3053	1.745261	3.225989
966	-2858.354	-3026.743	168.3892	1.742296	3.178014
972	-2862.482	-3030.654	168.1724	1.615616	3.380653
978	-2852.507	-3020.849	168.3417	1.442946	3.382676
984	-2860.463	-3028.797	168.3336	1.631051	3.276715
990	-2860.558	-3028.807	168.2488	1.631051	3.326681
996	-2851.288	-3019.966	168.6785	1.582247	3.101138
1002	-2858.904	-3027.143	168.2385	1.528572	3.392948
1008	-2853.38	-3022.092	168.7123	1.615358	3.061233
1014	-2850.769	-3018.69	167.9215	1.420819	3.640563
1020	-2850.247	-3018.566	168.3193	1.602024	3.302282
1026	-2861.176	-3029.607	168.4314	1.488774	3.30299
1032	-2857.076	-3025.041	167.965	1.499557	3.569586
1038	-2856.077	-3024.578	168.5016	1.558032	3.220629
1044	-2852.031	-3020.444	168.4125	1.702052	3.188099
1050	-2857.445	-3025.834	168.3884	1.598882	3.263394
1056	-2856.253	-3024.312	168.0585	1.46259	3.536689
1062	-2851.301	-3019.543	168.2422	1.419351	3.45475
1068	-2861.245	-3029.658	168.4126	1.669404	3.207366
1074	-2857.519	-3025.947	168.4286	1.46117	3.320881
1080	-2857.38	-3026.174	168.7945	1.506561	3.077102
1086	-2850.466	-3019.061	168.5946	1.598793	3.141233
1092	-2855.599	-3024.179	168.5796	1.798269	3.031178
1098	-2857.346	-3025.706	168.3592	1.59478	3.28301
1104	-2854.857	-3023.187	168.3299	1.57507	3.311941
1110	-2862.141	-3030.795	168.6534	1.752004	3.014658
1116	-2863.874	-3032.377	168.5034	1.642456	3.169526
1122	-2859.118	-3027.49	168.3723	1.45528	3.357464
1128	-2855.031	-3023.823	168.7921	1.612451	3.015212
1134	-2858.033	-3026.65	168.6167	1.702844	3.066085
1140	-2869.754	-3038.587	168.8326	1.486902	3.066085
1146	-2853.302	-3022.155	168.8531	1.655952	2.952421
1152	-2861.828	-3030.565	168.7375	1.514036	3.106616
1158	-2857.084	-3025.282	168.198	1.474692	3.448212
1164	-2858.759	-3027.534	168.7751	1.598526	3.033699
1170	-2867.043	-3035.746	168.7036	1.678484	3.02867
1176	-2854.093	-3022.843	168.7491	1.569885	3.066426
1182	-2862.86	-3031.465	168.6051	1.719353	3.063125
1188	-2874.263	-3042.834	168.5706	1.764542	3.056721
1194	-2859.877	-3028.973	169.0957	1.905508	2.652832
1200	-2855.56	-3024.383	168.8228	1.686087	2.952518
1206	-2856.538	-3025.46	168.9221	1.586773	2.952518
1212	-2857.057	-3025.559	168.5015	1.532372	3.235841
1218	-2857.564	-3025.631	168.0663	1.341226	3.602728
1224	-2849.66	-3018.355	168.6943	1.512339	3.133354
1230	-2863.45	-3031.523	168.0727	1.389575	3.570891
1236	-2873.855	-3042.402	168.5469	1.343487	3.320493
1242	-2864.125	-3032.378	168.2534	1.484014	3.410331
1248	-2849.669	-3018.146	168.4761	1.474934	3.284778
1254	-2848.543	-3016.906	168.3633	1.624602	3.262997
1260	-2858.801	-3027.356	168.555	1.437801	3.260146
1266	-2860.419	-3028.171	167.7516	1.374765	3.765377
1272	-2860.505	-3028.423	167.9181	1.440619	3.631013
1278	-2851.24	-3019.666	168.4256	1.521367	3.287184
1284	-2856.013	-3024.601	168.5876	1.627541	3.128345
1290	-2855.569	-3024.387	168.8183	1.632297	2.987568
1296	-2846.217	-3014.386	168.1687	1.49646	3.452659
1302	-2842.739	-3011.275	168.5362	1.677645	3.129118
1308	-2844.494	-3012.743	168.2487	1.4949	3.406696
1314	-2865.701	-3034.041	168.3394	1.474083	3.365747
1320	-2861.172	-3029.554	168.3813	1.532411	3.306754
1326	-2858.681	-3027.127	168.446	1.697764	3.17075
1332	-2852.703	-3021.438	168.7351	1.641462	3.031968
1338	-2849.071	-3017.273	168.2022	1.558631	3.396612
1344	-2867.581	-3035.898	168.3163	1.521046	3.351687
1350	-2856.3	-3024.458	168.1584	1.504116	3.454186
1356	-2855.784	-3023.943	168.1584	1.504116	3.454186
1362	-2864.818	-3033.407	168.5891	1.659266	3.108509
1368	-2862.44	-3031.296	168.8569	1.647009	2.955531
1374	-2855.754	-3024.088	168.3335	1.479344	3.366082
1380	-2855.434	-3023.529	168.0951	1.439849	3.528597
1386	-2880.238	-3048.909	168.6702	1.678891	3.0484
1392	-2860.069	-3028.607	168.5386	1.655023	3.141096
1398	-2861.001	-3029.358	168.3568	1.664766	3.24315
1404	-2855.607	-3023.974	168.3674	1.38211	3.403226
1410	-2858.221	-3026.538	168.3172	1.382662	3.432353
1416	-2860.895	-3028.786	167.8914	1.327974	3.711711
1422	-2865.71	-3033.546	167.8366	1.379514	3.713582
1428	-2866.673	-3034.793	168.1203	1.370667	3.554224
1434	-2857.047	-3025.03	167.9827	1.37646	3.630791
1440	-2872.262	-3040.99	168.7279	1.477197	3.134312
1446	-2867.953	-3036.569	168.616	1.645183	3.100921
1452	-2864.49	-3032.786	168.2967	1.625058	3.302036
1458	-2868.67	-3037.174	168.504	1.38044	3.32403
1464	-2864.671	-3033.012	168.3406	1.409684	3.40277
1470	-2863.124	-3031.428	168.3031	1.447273	3.40277
1476	-2861.41	-3029.684	168.2747	1.383689	3.456582
1482	-2859.853	-3028.039	168.1856	1.472845	3.456582
1488	-2854.197	-3022.852	168.6553	1.485216	3.172672
1494	-2853.368	-3021.457	168.089	1.381469	3.566168
1500	-2862.437	-3030.317	167.8793	1.432577	3.658207
1506	-2857.127	-3025.166	168.0393	1.272542	3.658207
1512	-2854.628	-3023.022	168.3945	1.277885	3.448427
1518	-2851.898	-3019.755	167.8567	1.431874	3.671651
1524	-2875.887	-3043.957	168.0696	1.382771	3.5767
1530	-2861.479	-3030.026	168.5472	1.52838	3.211152
1536	-2863.032	-3031.265	168.2327	1.539019	3.390222
1542	-2865.838	-3034.735	168.897	1.691676	2.904444
1548	-2851.547	-3019.778	168.2305	1.747215	3.26904
1554	-2858.812	-3027.197	168.3852	1.580729	3.276001
1560	-2858.692	-3027.035	168.3436	1.535909	3.326881
1566	-2856.079	-3024.742	168.6627	1.589575	3.106185
1572	-2847.714	-3016.091	168.377	1.643076	3.243997
1578	-2859.587	-3027.929	168.3417	1.298799	3.467033
1584	-2860.361	-3028.488	168.127	1.513477	3.467033
1590	-2868.179	-3036.562	168.3828	1.578087	3.27899
1596	-2868.168	-3036.894	168.7265	1.64767	3.033418
1602	-2871.378	-3039.937	168.5589	1.724685	3.087543
1608	-2862.707	-3030.975	168.268	1.579345	3.345817
1614	-2859.474	-3027.738	168.2646	1.449153	3.424197
1620	-2861.76	-3029.784	168.024	1.489471	3.541102
1626	-2866.438	-3034.639	168.2014	1.489471	3.43758
1632	-2855.454	-3023.7	168.246	1.47924	3.417495
1638	-2857.068	-3025.636	168.5679	1.654146	3.124192
1644	-2859.298	-3028.11	168.8124	1.641896	2.985373
1650	-2854.77	-3023.3	168.5298	1.921391	2.987192
1656	-2840.733	-3009.266	168.533	1.65135	3.146627
1662	-2846.561	-3015.135	168.5741	1.610271	3.146627
1668	-2859.299	-3028.357	169.0579	1.692835	2.806173
1674	-2847.374	-3016.355	168.9809	1.659583	2.873111
1680	-2848.875	-3017.738	168.8629	1.777552	2.873111
1686	-2853.302	-3022.181	168.8797	1.812038	2.842041
1692	-2853.069	-3021.916	168.8463	1.886898	2.816856
1698	-2853.834	-3022.728	168.8938	1.839437	2.816856
1704	-2855.042	-3023.762	168.7192	1.66935	3.024789
1710	-2853.364	-3022.157	168.7935	1.716419	2.951934
1716	-2855.341	-3023.819	168.4776	1.813438	3.083073
1722	-2851.592	-3020.043	168.451	1.718467	3.155454
1728	-2852.779	-3021.184	168.405	1.718467	3.182809
1734	-2850.655	-3019.329	168.6744	1.739018	3.009857
1740	-2857.893	-3026.701	168.8086	1.505994	3.069026
1746	-2848.214	-3016.887	168.6727	1.662016	3.056995
1752	-2843.573	-3011.999	168.4267	1.675905	3.195168
1758	-2861.02	-3029.444	168.4237	1.647908	3.213523
1764	-2867.669	-3036.345	168.6758	1.593672	3.095958
1770	-2858.889	-3027.447	168.5581	1.598422	3.163144
1776	-2850.655	-3019.194	168.5391	1.409794	3.286013
1782	-2858.884	-3027.223	168.3391	1.609802	3.286013
1788	-2856.966	-3025.289	168.3235	1.457529	3.384772
1794	-2857.471	-3025.663	168.1915	1.502888	3.435524
1800	-2852.955	-3020.98	168.0257	1.411574	3.585474
1806	-2851.663	-3019.714	168.0514	1.436302	3.556154
1812	-2851.481	-3019.475	167.9932	1.436302	3.589983
1818	-2852.021	-3020.277	168.2562	1.48806	3.406352
1824	-2850.485	-3018.934	168.4492	1.696646	3.169492
1830	-2843.305	-3011.847	168.5428	1.741235	3.087269
1836	-2852.491	-3021.257	168.7666	1.715217	2.968811
1842	-2850.938	-3019.591	168.6537	1.667666	3.06495
1848	-2853.533	-3022.322	168.7899	1.692394	2.968533
1854	-2860.89	-3029.202	168.3116	1.723536	3.235101
1860	-2863.259	-3031.859	168.6006	1.909908	2.951533
1866	-2853.618	-3022.625	169.0078	1.849698	2.741065
1872	-2852.561	-3021.452	168.8913	1.835306	2.820847
1878	-2851.342	-3020.174	168.8323	1.683493	2.948402
1884	-2856.507	-3025.338	168.831	1.683493	2.949135
1890	-2859.271	-3027.421	168.1499	1.652691	3.372123
1896	-2858.397	-3026.868	168.4713	1.806997	3.090671
1902	-2850.316	-3018.73	168.4136	1.473757	3.322276
1908	-2858.851	-3027.075	168.2243	1.488269	3.424885
1914	-2859.448	-3027.711	168.2631	1.425426	3.438946
1920	-2846.766	-3015.22	168.454	1.374051	3.357137
1926	-2848.719	-3017.165	168.4455	1.431293	3.328488
1932	-2850.878	-3019.114	168.236	1.431293	3.451367
1938	-2858.861	-3027.073	168.2116	1.433653	3.464286
1944	-2870.223	-3038.682	168.459	1.452783	3.307936
1950	-2871.772	-3039.56	167.7887	1.360284	3.752349
1956	-2863.043	-3030.976	167.9334	1.360284	3.668694
1962	-2880.399	-3048.903	168.5037	1.509944	3.247821
1968	-2868.903	-3037.261	168.3582	1.655441	3.247821
1974	-2864.825	-3033.022	168.1966	1.529781	3.416832
1980	-2871.517	-3040.127	168.6099	1.761594	3.034985
1986	-2852.223	-3020.665	168.4418	1.662857	3.19392
1992	-2852.513	-3020.963	168.4501	1.613966	3.217982
1998	-2853.811	-3022.635	168.824	1.834171	2.86238
2004	-2852.171	-3020.495	168.3236	1.574009	3.316264
2010	-2855.739	-3024.501	168.7622	1.857787	2.88549
2016	-2857.439	-3025.693	168.2536	1.621037	3.329774
2022	-2860.538	-3028.725	168.1871	1.733943	3.302456
2028	-2855.145	-3023.94	168.7944	1.593278	3.025336
2034	-2864.28	-3032.855	168.5746	1.593278	3.156395
2040	-2858.653	-3026.993	168.3395	1.394116	3.412582
2046	-2856.827	-3025.052	168.2253	1.508304	3.412582
2052	-2857.799	-3026.041	168.2419	1.491667	3.412582
2058	-2870.493	-3038.724	168.2307	1.644692	3.329346
2064	-2855.929	-3024.629	168.6992	1.823412	2.944257
2070	-2861.03	-3030.003	168.9736	1.882567	2.741849
2076	-2863.651	-3032.79	169.1392	1.791333	2.696304
2082	-2858.5	-3027.426	168.9256	1.791333	2.826747
2088	-2861.237	-3029.577	168.3404	1.767781	3.191833
2094	-2858.154	-3026.824	168.6696	1.606805	3.091842
2100	-2859.723	-3028.439	168.7164	1.707702	3.003494
2106	-2857.997	-3026.527	168.5298	1.707702	3.115023
2112	-2855.606	-3024.348	168.7419	1.520079	3.10045
2118	-2867.892	-3036.757	168.8659	1.520079	3.026327
2124	-2865.611	-3034.355	168.7444	1.650995	3.020696
2130	-2857.124	-3025.451	168.3266	1.484766	3.366959
2136	-2866.953	-3035.242	168.2888	1.468999	3.39842
2142	-2872.675	-3041.185	168.5097	1.54715	3.222274
2148	-2863.631	-3032.315	168.6836	1.471132	3.164256
2154	-2856.19	-3024.225	168.0348	1.567273	3.4895
2160	-2857.961	-3026.577	168.6165	1.499217	3.187405
2166	-2849.533	-3018.055	168.5216	1.604435	3.181252
2172	-2853.1	-3021.71	168.6103	1.604435	3.128566
2178	-2864.022	-3032.461	168.4391	1.582584	3.243032
2184	-2860.492	-3028.746	168.2544	1.513503	3.392495
2190	-2871.293	-3039.725	168.4322	1.505753	3.292468
2196	-2866.114	-3034.454	168.3404	1.345621	3.440409
2202	-2862.666	-3031.141	168.4747	1.561342	3.234561
2208	-2856.065	-3024.532	168.4671	1.569912	3.234024
2214	-2856.532	-3025.092	168.5596	1.607288	3.157013
2220	-2855.663	-3024.184	168.5213	1.617973	3.173417
2226	-2862.834	-3031.374	168.5399	1.634984	3.15224
2232	-2866.941	-3035.518	168.5769	1.551641	3.179751
2238	-2858.664	-3026.629	167.9647	1.690183	3.458628
2244	-2851.324	-3019.584	168.2603	1.480228	3.408538
2250	-2847.415	-3015.7	168.2848	1.469492	3.400423
2256	-2850.042	-3018.01	167.9686	1.36239	3.647133
2262	-2843.662	-3012.067	168.4045	1.566768	3.272848
2268	-2842.744	-3011.205	168.4613	1.371919	3.354125
2274	-2848.92	-3016.955	168.0348	1.574684	3.485129
2280	-2845.93	-3014.391	168.4603	1.352106	3.366374
2286	-2845.66	-3014.444	168.7843	1.352106	3.175125
2292	-2849.96	-3018.852	168.8913	1.559713	2.987346
2298	-2851.137	-3019.835	168.6986	1.777741	2.972094
2304	-2857.987	-3026.806	168.8183	1.871863	2.842959
2310	-2875.077	-3043.521	168.4439	1.681641	3.181561
2316	-2874.482	-3042.672	168.1902	1.384834	3.505238
2322	-2853.753	-3021.812	168.0584	1.384834	3.582001
2328	-2867.2	-3035.549	168.3486	1.495389	3.347812
2334	-2862.814	-3031.281	168.467	1.575395	3.23079
2340	-2864.315	-3032.775	168.4599	1.457897	3.304366
2346	-2862.958	-3031.41	168.4513	1.532404	3.265474
2352	-2867.99	-3036.351	168.3609	1.54379	3.312113
2358	-2867.032	-3035.659	168.6272	1.654117	3.088888
2364	-2859.536	-3028.187	168.6511	1.673211	3.063244
2370	-2862.84	-3031.515	168.6748	1.673211	3.04905
2376	-2855.166	-3023.883	168.7175	1.855164	2.914093
2382	-2858.067	-3026.635	168.5676	1.840219	3.013217
2388	-2849.477	-3017.646	168.169	1.462949	3.47206
2394	-2865.662	-3033.794	168.1318	1.500104	3.47206
2400	-2861.941	-3030.707	168.7656	1.675518	2.993269
2406	-2861.388	-3030.086	168.6984	1.538064	3.115653
2412	-2857.565	-3026.466	168.9016	1.868943	2.794114
2418	-2862.48	-3031.36	168.8801	1.848138	2.819875
2424	-2868.173	-3036.78	168.6062	1.790288	3.02006
2430	-2850.429	-3018.853	168.4234	1.690655	3.188364
2436	-2858.349	-3026.844	168.4943	1.619773	3.188364
2442	-2865.398	-3034.116	168.7183	1.749359	2.977354
2448	-2864.233	-3032.475	168.2421	1.623247	3.335251
2454	-2860.813	-3029.294	168.4809	1.433199	3.306528
2460	-2865.038	-3033.811	168.7728	1.62597	3.018662
2466	-2872.535	-3041.52	168.9848	1.690077	2.852282
2472	-2869.157	-3037.927	168.7698	1.589582	3.042228
2478	-2863.312	-3031.576	168.264	1.668284	3.295837
2484	-2863.38	-3032.104	168.724	1.772401	2.960029
2490	-2857.3	-3025.835	168.5349	1.772401	3.073405
2496	-2857.598	-3026.141	168.543	1.507722	3.225902
2502	-2862.865	-3031.396	168.5304	1.342677	3.330694
2508	-2850.075	-3018.662	168.5869	1.487247	3.212007
2514	-2857.282	-3025.663	168.3813	1.441422	3.360268
2520	-2860.672	-3029.022	168.3495	1.441422	3.378957
2526	-2856.358	-3024.787	168.4289	1.557379	3.263948
2532	-2856.995	-3025.408	168.4124	1.582125	3.259082
2538	-2852.178	-3020.735	168.5571	1.664008	3.124774
2544	-2856.368	-3024.916	168.5483	1.672795	3.124774
2550	-2860.353	-3028.879	168.5258	1.69527	3.124774
2556	-2858.143	-3026.511	168.3686	1.50593	3.329854
2562	-2856.286	-3024.655	168.3695	1.529828	3.315235
2568	-2863.06	-3031.409	168.3499	1.592099	3.290085
2574	-2871.541	-3039.758	168.2173	1.461193	3.44486
2580	-2854.662	-3022.765	168.1032	1.492069	3.49343
2586	-2855.187	-3023.971	168.7834	1.492069	3.092397
2592	-2858.463	-3027.132	168.6691	1.556022	3.122381
2598	-2864.879	-3033.244	168.3645	1.637919	3.254464
2604	-2863.941	-3032.505	168.5634	1.60325	3.157142
2610	-2855.289	-3023.719	168.4295	1.491194	3.30266
2616	-2866.541	-3035.488	168.9466	1.697996	2.870592
2622	-2859.75	-3028.428	168.6782	1.71529	3.021804
2628	-2861.117	-3029.542	168.4242	1.516966	3.290569
2634	-2859.917	-3028.472	168.5547	1.594434	3.167551
2640	-2873.861	-3042.154	168.2935	1.73729	3.237696
2646	-2861.745	-3029.782	168.0368	1.466456	3.547092
2652	-2862.188	-3030.36	168.1721	1.331159	3.547092
2658	-2856.308	-3024.899	168.5903	1.483319	3.212348
2664	-2864.774	-3033.372	168.5978	1.563435	3.160382
2670	-2859.122	-3027.304	168.1824	1.493678	3.44624
2676	-2855.829	-3023.906	168.0767	1.431263	3.544348
2682	-2856.67	-3025.16	168.4905	1.637692	3.180008
2688	-2862.19	-3030.757	168.5673	1.61961	3.145141
2694	-2855.591	-3024.279	168.6882	1.784103	2.974563
2700	-2856.931	-3025.843	168.9124	1.528956	2.993119
2706	-2847.536	-3015.997	168.4615	1.538642	3.255766
2712	-2855.788	-3024.144	168.3562	1.643928	3.255766
2718	-2859.964	-3028.458	168.4939	1.49144	3.264551
2724	-2864.284	-3032.463	168.1792	1.438627	3.480281
2730	-2852.983	-3021.069	168.086	1.531844	3.480281
2736	-2848.667	-3016.71	168.0435	1.69018	3.412545
2742	-2855.25	-3023.539	168.2881	1.443662	3.413667
2748	-2850.198	-3018.676	168.4773	1.512508	3.26187
2754	-2862.103	-3030.625	168.5215	1.744724	3.097909
2760	-2858.255	-3026.853	168.598	1.63745	3.116229
2766	-2858.264	-3026.63	168.3665	1.63745	3.25355
2772	-2857.94	-3026.657	168.7169	1.622002	3.054491
2778	-2867.987	-3036.547	168.5598	1.533677	3.200596
2784	-2859.725	-3028.105	168.3795	1.458632	3.351251
2790	-2851.159	-3019.919	168.7599	1.672304	2.998626
2796	-2848.271	-3016.846	168.5754	1.654	3.119839
2802	-2862.989	-3031.465	168.4764	1.453765	3.297062
2808	-2848.107	-3016.009	167.9016	1.405996	3.660657
2814	-2852.106	-3020.216	168.1099	1.334668	3.581185
2820	-2844.231	-3012.297	168.0653	1.41139	3.562548
2826	-2863.529	-3032.271	168.7428	1.41139	3.164579
2832	-2863.258	-3031.795	168.5367	1.535654	3.213051
2838	-2873.488	-3041.908	168.4192	1.435153	3.341701
2844	-2846.328	-3014.551	168.2225	1.486424	3.427045
2850	-2856.863	-3025.142	168.2783	1.427009	3.429143
2856	-2862.544	-3030.515	167.9716	1.424444	3.609386
2862	-2854.556	-3023.131	168.5746	1.517418	3.201421
2868	-2854.715	-3023.294	168.5784	1.517418	3.199162
2874	-2864.104	-3032.502	168.3981	1.697757	3.199162
2880	-2852.829	-3021.487	168.6579	1.675533	3.057779
2886	-2855.726	-3024.452	168.7266	1.723495	2.987853
2892	-2846.567	-3015.245	168.678	1.768917	2.989764
2898	-2849.917	-3018.331	168.4139	1.656863	3.214014
2904	-2861.423	-3030.046	168.6226	1.537379	3.161128
2910	-2848.263	-3016.647	168.384	1.578654	3.277947
2916	-2848.95	-3017.557	168.6068	1.642124	3.10821
2922	-2849.344	-3018.125	168.7814	1.790633	2.914474
2928	-2851.172	-3019.147	167.9749	1.532567	3.544649
2934	-2861.816	-3029.9	168.0843	1.423119	3.544649
2940	-2858.72	-3027	168.2799	1.459124	3.409418
2946	-2866.8	-3035.004	168.204	1.342158	3.522089
2952	-2857.763	-3025.259	167.496	1.295026	3.95797
2958	-2865.255	-3033.755	168.4999	1.388239	3.321802
2964	-2862.034	-3030.746	168.7114	1.657799	3.036396
2970	-2855.279	-3023.857	168.5785	1.613447	3.142111
2976	-2863.6	-3032.135	168.5348	1.650976	3.145772
2982	-2857.512	-3026.127	168.615	1.650976	3.098019
2988	-2860.524	-3029.406	168.8821	1.703448	2.906319
2994	-2875.172	-3043.536	168.3634	1.683839	3.227945
3000	-2858.5	-3027.273	168.7727	1.603035	3.03248
3006	-2853.806	-3022.671	168.865	1.791104	2.863632
3012	-2867.131	-3035.905	168.7734	1.882666	2.863632
3018	-2857.692	-3026.527	168.8351	1.673416	2.952767
3024	-2857.608	-3026.493	168.8853	1.677076	2.920269
3030	-2857.507	-3025.918	168.4109	1.690969	3.195614
3036	-2857.81	-3026.256	168.4453	1.531717	3.26945
3042	-2860.382	-3028.833	168.4507	1.798385	3.108079
3048	-2863.503	-3032.127	168.6238	1.595931	3.125593
3054	-2852.572	-3020.994	168.4218	1.491959	3.306729
3060	-2861.709	-3030.483	168.7741	1.771053	2.930696
3066	-2856.697	-3025.34	168.6432	1.831978	2.972802
3072	-2869.398	-3038.141	168.7422	1.732965	2.972802
3078	-2858.426	-3027.399	168.9729	1.732965	2.833476
3084	-2863.611	-3032.316	168.7044	2.001428	2.833476
3090	-2872.449	-3041.023	168.5743	1.727397	3.076723
3096	-2850.645	-3019.267	168.6228	1.59433	3.127126
3102	-2855.596	-3024.227	168.631	1.58614	3.127126
3108	-2848.526	-3017.137	168.6111	1.58614	3.138983
3114	-2855	-3023.692	168.6921	1.565729	3.102917
3120	-2848.897	-3017.683	168.7858	1.692465	2.970926
3126	-2846.968	-3015.441	168.4725	1.72009	3.141755
3132	-2858.373	-3027.04	168.667	1.72009	3.025677
3138	-2855.163	-3023.609	168.4455	1.651754	3.198299
3144	-2852.329	-3020.47	168.1415	1.387888	3.531865
3150	-2859.901	-3028.331	168.4298	1.590221	3.24405
3156	-2865.849	-3034.283	168.4341	1.58377	3.245315
3162	-2864.157	-3032.391	168.234	1.446204	3.443808
3168	-2867.888	-3036.07	168.182	1.390239	3.506869
3174	-2848.79	-3016.835	168.0445	1.450142	3.552088
3180	-2858.837	-3026.846	168.0088	1.638543	3.463064
3186	-2852.581	-3021.303	168.7224	1.473039	3.140065
3192	-2852.851	-3021.04	168.1887	1.625706	3.365168
3198	-2863.877	-3032.373	168.4957	1.733666	3.119866
3204	-2863.577	-3031.92	168.3438	1.724235	3.215636
3210	-2856.701	-3025.335	168.6345	1.512844	3.168637
3216	-2844.4	-3012.711	168.3102	1.512844	3.360115
3222	-2866.437	-3034.725	168.2878	1.539545	3.357556
3228	-2863.701	-3032.235	168.5346	1.601515	3.175311
3234	-2856.744	-3025.2	168.4566	1.601515	3.221521
3240	-2864.487	-3033.459	168.9719	1.666054	2.874628
3246	-2859.82	-3028.619	168.7993	1.772891	2.91438
3252	-2865.339	-3034.488	169.1484	1.794341	2.688801
3258	-2865.399	-3034.022	168.6226	1.938861	2.92086
3264	-2860.939	-3029.749	168.8098	1.698735	2.95277
3270	-2855.35	-3023.97	168.6201	1.768336	3.02487
3276	-2864.495	-3033.291	168.7964	1.584672	3.029257
3282	-2845.863	-3014.274	168.4104	1.683341	3.200408
3288	-2858.336	-3027.1	168.7643	1.683341	2.989354
3294	-2858.202	-3027.112	168.9098	1.50454	3.009329
3300	-2850.448	-3019.235	168.7864	1.679534	2.978339
3306	-2848.763	-3017.16	168.3967	1.589459	3.264061
3312	-2847.479	-3015.981	168.5018	1.557869	3.220578
3318	-2852.814	-3021.468	168.6548	1.5858	3.113176
3324	-2849.804	-3018.459	168.6557	1.602685	3.102574
3330	-2854.883	-3023.712	168.829	1.429317	3.102574
3336	-2858.81	-3027.033	168.2234	1.503893	3.416255
3342	-2859.023	-3027.316	168.2931	1.609059	3.31355
3348	-2854.825	-3023.55	168.7242	1.701564	3.002474
3354	-2856.1	-3024.856	168.7567	1.669031	3.002474
3360	-2851.784	-3020.04	168.256	1.667739	3.300847
3366	-2844.634	-3012.982	168.348	1.459864	3.369039
3372	-2860.781	-3029.366	168.5852	1.621353	3.133408
3378	-2851.063	-3019.706	168.6427	1.563916	3.133408
3384	-2867.079	-3035.258	168.1786	1.440332	3.479628
3390	-2868.271	-3036.878	168.6067	1.676469	3.087781
3396	-2871.943	-3040.542	168.599	1.556459	3.163777
3402	-2863.393	-3031.701	168.308	1.456248	3.394636
3408	-2858.973	-3027.253	168.2801	1.448178	3.415715
3414	-2860.236	-3028.544	168.3082	1.432892	3.408168
3420	-2856.95	-3025.623	168.673	1.657856	3.059294
3426	-2848.376	-3017.158	168.7819	1.698536	2.969672
3432	-2855.97	-3024.189	168.2194	1.601905	3.361123
3438	-2856.727	-3025.363	168.636	1.805476	2.993065
3444	-2853.823	-3022.669	168.8464	1.767527	2.889155
3450	-2854.618	-3023.286	168.6683	1.868954	2.935469
3456	-2845.827	-3014.018	168.1915	1.69848	3.320718
3462	-2847.878	-3016.393	168.5144	1.394789	3.309448
3468	-2859.188	-3027.353	168.1648	1.462263	3.474901
3474	-2862.041	-3030.049	168.0085	1.702846	3.425619
3480	-2861.094	-3029.485	168.3914	1.617913	3.250398
3486	-2851.62	-3020.053	168.4323	1.576936	3.250398
3492	-2855.27	-3023.665	168.3945	1.590617	3.264649
3498	-2855.992	-3024.423	168.431	1.603784	3.235294
3504	-2863.22	-3031.605	168.385	1.607882	3.260072
3510	-2867.882	-3036.608	168.7265	1.842115	2.916522
3516	-2876.563	-3045.628	169.065	1.509204	2.913141
3522	-2872.229	-3040.363	168.1336	1.554985	3.438919
3528	-2866.983	-3035.136	168.1538	1.589678	3.406809
3534	-2861.762	-3030.395	168.6325	1.574976	3.13287
3540	-2868.367	-3037.061	168.6942	1.630089	3.063237
3546	-2861.083	-3029.291	168.2079	1.601779	3.36796
3552	-2855.198	-3024.126	168.9285	1.854901	2.786299
3558	-2858.305	-3027.335	169.0297	1.854901	2.724493
3564	-2865.789	-3033.878	168.0892	1.486905	3.504661
3570	-2866.35	-3035.098	168.7481	1.561072	3.072233
3576	-2865.339	-3033.724	168.3853	1.720453	3.193318
3582	-2865.345	-3034.048	168.7027	1.527369	3.119442
3588	-2873.75	-3042.33	168.5792	1.61394	3.141418
3594	-2867.894	-3036.005	168.1108	1.76315	3.330206
3600	-2875.33	-3043.501	168.1706	1.70947	3.326577
3606	-2870.17	-3038.611	168.4414	1.677173	3.185684
3612	-2862.324	-3031.239	168.9155	1.571288	2.965834
3618	-2856.972	-3025.733	168.7608	1.725936	2.965834
3624	-2855.661	-3024.407	168.7456	1.776807	2.944374
3630	-2859.993	-3028.349	168.3561	1.47421	3.355846
3636	-2857.901	-3026.25	168.3483	1.481992	3.355846
3642	-2859.946	-3028.129	168.1828	1.548214	3.414087
3648	-2854.141	-3022.178	168.0373	1.465489	3.547358
3654	-2858.432	-3026.741	168.3089	1.634475	3.289307
3660	-2875.071	-3043.47	168.3995	1.690527	3.202619
3666	-2868.429	-3036.462	168.033	1.472989	3.545487
3672	-2877.368	-3045.513	168.1442	1.472989	3.480631
3678	-2876.684	-3044.444	167.7595	1.608718	3.625528
3684	-2848.873	-3017.53	168.6562	1.64385	3.077694
3690	-2843.825	-3012.68	168.8555	1.64385	2.958243
3696	-2846.411	-3014.723	168.3121	1.603111	3.305883
3702	-2849.842	-3018.515	168.6725	1.587917	3.101364
3708	-2853.641	-3022.017	168.3758	1.566685	3.28982
3714	-2855.728	-3023.906	168.1777	1.452465	3.473052
3720	-2846.906	-3015.287	168.381	1.634606	3.24665
3726	-2851.977	-3020.162	168.1855	1.560831	3.405118
3732	-2852.155	-3021.001	168.8457	1.855509	2.836273
3738	-2856.239	-3024.845	168.6061	1.855509	2.980951
3744	-2861.175	-3029.674	168.4994	1.816624	3.06818
3750	-2870.032	-3038.561	168.5295	1.861317	3.023434
3756	-2872.327	-3041.336	169.0087	1.820221	2.758509
3762	-2862.464	-3031.163	168.6988	1.758013	2.983812
3768	-2871.308	-3040.132	168.8244	1.758013	2.908189
3774	-2872.268	-3040.838	168.5707	1.702125	3.093971
3780	-2861.313	-3029.968	168.6552	1.822658	2.971168
3786	-2861.222	-3029.734	168.512	1.607984	3.184856
3792	-2853.298	-3021.688	168.3902	1.470394	3.338022
3798	-2858.608	-3026.718	168.1108	1.614291	3.417585
3804	-2865.776	-3034.108	168.3321	1.392947	3.417585
3810	-2872.099	-3040.485	168.3865	1.67413	3.220023
3816	-2861.029	-3029.614	168.5846	1.544359	3.179524
3822	-2863.4	-3031.855	168.4553	1.716216	3.154244
3828	-2866.472	-3034.986	168.5141	1.575073	3.203104
3834	-2863.103	-3031.414	168.3103	1.573605	3.324298
3840	-2852.424	-3020.796	168.3717	1.573605	3.288175
3846	-2847.322	-3015.884	168.5621	1.573605	3.175534
3852	-2861.182	-3029.064	167.8822	1.294607	3.736267
3858	-2854.433	-3022.894	168.4609	1.510379	3.272811
3864	-2862.714	-3031.477	168.7624	1.635966	3.018917
3870	-2861.041	-3029.919	168.8784	1.595869	2.973355
3876	-2861.417	-3029.884	168.467	1.501199	3.274638
3882	-2849.633	-3018.209	168.5762	1.609593	3.145755
3888	-2855.904	-3024.256	168.3527	1.609593	3.278119
3894	-2860.152	-3028.358	168.2064	1.622915	3.356441
3900	-2857.275	-3025.886	168.6117	1.616619	3.120491
3906	-2859.298	-3027.821	168.5232	1.545646	3.215163
3912	-2865.061	-3033.584	168.5232	1.545646	3.215163
3918	-2858.777	-3027.302	168.5256	1.595913	3.183922
3924	-2847.048	-3015.402	168.3535	1.45633	3.367861
3930	-2862.298	-3030.605	168.3068	1.497548	3.371113
3936	-2860.532	-3028.429	167.8967	1.517901	3.598626
3942	-2861.931	-3030.53	168.5988	1.772552	3.035057
3948	-2855.304	-3024.138	168.8336	1.772552	2.893832
3954	-2854.749	-3023.374	168.6252	1.717697	3.052101
3960	-2860.349	-3028.942	168.5924	1.761714	3.045414
3966	-2861.42	-3030.1	168.68	1.698725	3.030648
3972	-2853.666	-3022.319	168.6535	1.55582	3.131755
3978	-2862.532	-3030.973	168.4418	1.875625	3.06735
3984	-2859.989	-3028.766	168.7775	1.657447	2.996981
3990	-2860.609	-3029.09	168.481	1.578907	3.22042
3996	-2855.39	-3023.44	168.05	1.409167	3.572697
4002	-2855.148	-3023.518	168.3699	1.392526	3.395694
4008	-2852.631	-3021.008	168.3775	1.496379	3.330204
4014	-2843.748	-3012.218	168.4694	1.603539	3.212741
4020	-2854.285	-3022.585	168.3003	1.411705	3.425205
4026	-2854.498	-3023.013	168.515	1.419045	3.294818
4032	-2865.544	-3033.887	168.3424	1.591558	3.294818
4038	-2860.675	-3029.213	168.5372	1.659806	3.139114
4044	-2864.026	-3032.635	168.6092	1.587794	3.139114
4050	-2864.136	-3032.693	168.5565	1.622967	3.149526
4056	-2863.673	-3032.431	168.7583	1.704466	2.980251
4062	-2861.716	-3030.179	168.4627	1.599584	3.219012
4068	-2863.698	-3032.5	168.8015	1.535362	3.05569
4074	-2857.709	-3026.352	168.6434	1.637921	3.088874
4080	-2858.689	-3027.508	168.8189	1.642437	2.981098
4086	-2850.977	-3019.709	168.7313	1.461382	3.141679
4092	-2848.629	-3016.965	168.3357	1.46184	3.375057
4098	-2864.282	-3032.638	168.3553	1.577341	3.295613
4104	-2878.017	-3046.542	168.5254	1.842468	3.037185
4110	-2873.36	-3042.025	168.6653	1.726979	3.022534
4116	-2863.652	-3032.344	168.6924	1.688748	3.029227
4122	-2868.489	-3037.126	168.637	1.688748	3.062361
4128	-2863.619	-3032.081	168.4622	1.545628	3.251219
4134	-2862.685	-3031.267	168.5824	1.804195	3.025943
4140	-2863.967	-3032.058	168.0907	1.662729	3.400943
4146	-2871.155	-3039.648	168.4928	1.396441	3.321163
4152	-2865.866	-3034.674	168.8076	1.477124	3.086876
4158	-2857.381	-3025.618	168.2367	1.628589	3.33525
4164	-2863.845	-3032.305	168.4599	1.390498	3.344055
4170	-2865.24	-3033.615	168.3753	1.548828	3.300612
4176	-2861.386	-3029.73	168.3438	1.410646	3.400365
4182	-2869.601	-3037.795	168.1937	1.433071	3.475043
4188	-2863.398	-3031.469	168.0714	1.560198	3.472223
4194	-2863.972	-3031.995	168.0234	1.412858	3.586027
4200	-2865.387	-3033.619	168.2321	1.540502	3.389724
4206	-2859.565	-3028.088	168.5228	1.51923	3.231039
4212	-2863.787	-3032.358	168.571	1.631468	3.13587
4218	-2859.182	-3027.893	168.7106	1.827416	2.93497
4224	-2854.407	-3023.322	168.9148	1.712286	2.881174
4230	-2850.649	-3019.411	168.7619	1.712286	2.973405
4236	-2856.37	-3024.921	168.5505	1.89129	2.99289
4242	-2850.199	-3018.976	168.7769	1.64107	3.007137
4248	-2854.786	-3023.302	168.5155	1.642648	3.162213
4254	-2854.215	-3022.666	168.4515	1.589255	3.231782
4260	-2851.222	-3019.641	168.4192	1.565198	3.265066
4266	-2856.198	-3024.002	167.8039	1.536512	3.641656
4272	-2858.704	-3027.142	168.4386	1.435649	3.32998
4278	-2850.199	-3018.328	168.1283	1.433551	3.512933
4284	-2853.594	-3021.738	168.1438	1.450322	3.494119
4290	-2856.195	-3024.254	168.059	1.56163	3.478624
4296	-2844.654	-3012.848	168.1942	1.426469	3.478624
4302	-2846.788	-3015.453	168.665	1.566574	3.11854
4308	-2862.761	-3031.581	168.82	1.566574	3.025947
4314	-2858.723	-3027.471	168.7475	1.546488	3.081321
4320	-2862.142	-3030.906	168.7641	1.513363	3.091178
4326	-2856.267	-3024.793	168.5251	1.59999	3.181835
4332	-2852.031	-3020.655	168.6248	1.669951	3.080884
4338	-2856.023	-3024.64	168.6167	1.50099	3.186199
4344	-2859.455	-3027.89	168.4342	1.530556	3.276671
4350	-2858.259	-3026.749	168.49	1.629425	3.185167
4356	-2871.084	-3039.45	168.3656	1.629943	3.258515
4362	-2861.372	-3029.341	167.9694	1.367385	3.64377
4368	-2864.115	-3032.498	168.3826	1.443357	3.358379
4374	-2860.006	-3028.022	168.0161	1.431731	3.579285
4380	-2860.211	-3028.727	168.516	1.440881	3.281323
4386	-2861.184	-3029.348	168.1643	1.410933	3.50512
4392	-2862.196	-3030.566	168.3707	1.467017	3.351488
4398	-2860.579	-3028.966	168.3869	1.31876	3.428965
4404	-2869.045	-3037.106	168.061	1.295697	3.63224
4410	-2867.706	-3035.426	167.7194	1.406378	3.765702
4416	-2871.298	-3039.7	168.4019	1.406378	3.368779
4422	-2866.648	-3034.697	168.0488	1.407279	3.574544
4428	-2860.884	-3029.103	168.2189	1.506124	3.417576
4434	-2868.713	-3037.21	168.497	1.763717	3.101201
4440	-2857.089	-3025.716	168.6266	1.890703	2.947471
4446	-2860.383	-3029.192	168.8083	1.570755	3.030466
4452	-2841.777	-3010.197	168.4192	1.622252	3.231349
4458	-2842.163	-3010.52	168.3571	1.481709	3.350823
4464	-2843.807	-3012.275	168.4685	1.481709	3.285259
4470	-2856.377	-3024.941	168.5638	1.732237	3.0801
4476	-2850.397	-3018.719	168.3218	1.367021	3.4388
4482	-2847.225	-3015.824	168.5999	1.531413	3.178156
4488	-2839.492	-3007.735	168.243	1.555493	3.374541
4494	-2846.391	-3014.273	167.8814	1.378854	3.688049
4500	-2843.084	-3011.317	168.2329	1.426451	3.456033
4506	-2851.5	-3020.475	168.9746	1.720003	2.84027
4512	-2852.299	-3020.787	168.4881	1.631995	3.184809
4518	-2858.088	-3026.457	168.3683	1.751784	3.184809
4524	-2857.184	-3025.894	168.7102	1.77077	2.969327
4530	-2860.567	-3029.104	168.5369	1.449787	3.263717
4536	-2863.778	-3031.628	167.8506	1.466064	3.655386
4542	-2858.729	-3027.354	168.625	1.467197	3.201354
4548	-2865.629	-3034.42	168.7909	1.864306	2.864173
4554	-2848.556	-3016.992	168.4364	1.547256	3.265537
4560	-2846.95	-3015.519	168.5698	1.788304	3.043043
4566	-2861.645	-3030.085	168.4401	1.520225	3.279284
4572	-2857.868	-3026.295	168.4271	1.602253	3.238519
4578	-2846.974	-3015.041	168.0665	1.658776	3.417464
4584	-2848.027	-3016.848	168.8214	1.676683	2.959045
4590	-2847.238	-3015.936	168.6982	1.799882	2.959045
4596	-2841.422	-3010.119	168.6974	1.76542	2.980214
4602	-2858.151	-3027.014	168.8623	1.751379	2.889321
4608	-2862.023	-3030.623	168.6	1.778375	3.030877
4614	-2864.367	-3032.898	168.5311	1.699823	3.1189
4620	-2867.021	-3035.561	168.5404	1.530519	3.213915
4626	-2853.418	-3021.942	168.5243	1.655403	3.149413
4632	-2864.925	-3033.439	168.5147	1.599608	3.188199
4638	-2871.629	-3040.168	168.5384	1.599608	3.17415
4644	-2869.93	-3038.438	168.5075	1.630535	3.17415
4650	-2870.623	-3038.509	167.8865	1.514052	3.606792
4656	-2859.912	-3028.101	168.1888	1.491378	3.443825
4662	-2855.315	-3023.816	168.5005	1.521607	3.242797
4668	-2856.344	-3025.128	168.7845	1.53306	3.067248
4674	-2861.865	-3030.284	168.4192	1.53306	3.284024
4680	-2858.561	-3026.71	168.1491	1.528275	3.445464
4686	-2856.624	-3024.862	168.2374	1.440024	3.445464
4692	-2848.434	-3016.198	167.7641	1.322565	3.788273
4698	-2853.945	-3022.484	168.5389	1.415017	3.283048
4704	-2854.129	-3022.497	168.3682	1.585807	3.283048
4710	-2859.145	-3027.751	168.6063	1.839469	2.990489
4716	-2847.472	-3015.913	168.4405	1.621541	3.219177
4722	-2854.96	-3023.085	168.1249	1.365809	3.554375
4728	-2847.603	-3016.414	168.8108	1.622661	2.997855
4734	-2857.266	-3025.698	168.4327	1.547324	3.267641
4740	-2855.951	-3024.1	168.1494	1.551125	3.431952
4746	-2860.467	-3028.866	168.3996	1.598005	3.257301
4752	-2857.447	-3025.488	168.0407	1.562109	3.48903
4758	-2863.154	-3031.514	168.3606	1.562109	3.301483
4764	-2852.98	-3021.225	168.2453	1.326811	3.506941
4770	-2856.131	-3024.285	168.1545	1.527919	3.442564
4776	-2851.148	-3019.39	168.2415	1.390298	3.472101
4782	-2855.761	-3024.651	168.8896	1.865795	2.803335
4788	-2857.336	-3025.936	168.5996	1.564624	3.158579
4794	-2862.582	-3031.155	168.5728	1.460655	3.236103
4800	-2865.638	-3034.137	168.4991	1.706582	3.133935
4806	-2863.514	-3032.217	168.7033	1.675018	3.030891
4812	-2869.968	-3038.051	168.0825	1.435678	3.538373
4818	-2869.297	-3036.834	167.5375	1.365572	3.89381
4824	-2861.741	-3029.932	168.1912	1.620671	3.366647
4830	-2865.212	-3033.301	168.0885	1.4714	3.514063
4836	-2857.472	-3026.076	168.604	1.574825	3.149891
4842	-2854.651	-3023.333	168.6827	1.574825	3.103055
4848	-2858.637	-3027.069	168.4326	1.578207	3.249483
4854	-2863.39	-3031.783	168.394	1.44952	3.348098
4860	-2858.831	-3027.04	168.209	1.497237	3.428617
4866	-2865.077	-3033.323	168.246	1.460187	3.428617
4872	-2867.133	-3036.09	168.9561	1.604592	2.921326
4878	-2866.571	-3034.735	168.1638	1.830954	3.258943
4884	-2855.332	-3023.985	168.6529	1.559746	3.129814
4890	-2861.352	-3029.752	168.3998	1.481495	3.32583
4896	-2851.059	-3019.404	168.3448	1.518644	3.33633
4902	-2856.249	-3024.333	168.0843	1.566598	3.460958
4908	-2852.909	-3021.418	168.5083	1.589097	3.198225
4914	-2860.32	-3028.917	168.5973	1.332566	3.297239
4920	-2862.687	-3031.348	168.6616	1.633314	3.080772
4926	-2864.968	-3033.627	168.6595	1.703156	3.040277
4932	-2853.548	-3022.078	168.5298	1.738701	3.096546
4938	-2862.179	-3031.105	168.926	1.763212	2.843577
4944	-2864.38	-3033.227	168.8462	1.577123	3.003931
4950	-2854.934	-3023.246	168.3121	1.640563	3.2838
4956	-2853.313	-3021.793	168.4806	1.50378	3.265092
4962	-2860.092	-3028.412	168.3196	1.503484	3.360068
4968	-2857.779	-3026.37	168.5912	1.58705	3.15023
4974	-2849.021	-3017.681	168.6599	1.518352	3.15023
4980	-2855.25	-3023.757	168.5068	1.518352	3.240978
4986	-2849.657	-3017.892	168.2358	1.500925	3.41075
4992	-2849.967	-3018.007	168.0409	1.314616	3.632899
4998	-2864.727	-3032.982	168.2546	1.196663	3.577301
5004	-2858.738	-3025.993	167.2546	1.273155	4.108243
5010	-2853.869	-3021.624	167.7545	1.41076	3.742965
5016	-2853.348	-3021.142	167.7943	1.315776	3.774795
5022	-2850.297	-3018.503	168.2059	1.434699	3.466972
5028	-2860.217	-3028.4	168.1829	1.431771	3.482139
5034	-2876.466	-3044.487	168.0204	1.26858	3.671451
5040	-2865.495	-3033.434	167.9384	1.350604	3.671451
5046	-2855.136	-3022.994	167.8585	1.483811	3.640565
5052	-2850.364	-3018.652	168.2882	1.483811	3.390065
5058	-2858.852	-3027.26	168.408	1.540069	3.286528
5064	-2858.137	-3026.043	167.9058	1.422895	3.648446
5070	-2860.076	-3028.354	168.278	1.530303	3.368779
5076	-2855.593	-3024.03	168.437	1.516906	3.2831
5082	-2863.874	-3032.366	168.4914	1.635383	3.18081
5088	-2857.588	-3025.589	168.0007	1.547444	3.520936
5094	-2858.385	-3026.46	168.0749	1.23507	3.659286
5100	-2863.769	-3032.24	168.4709	1.642447	3.188777
5106	-2866.558	-3035.248	168.6903	1.67457	3.038994
5112	-2871.53	-3039.826	168.2953	1.674259	3.273826
5118	-2861.295	-3029.7	168.4052	1.487021	3.319438
5124	-2865.55	-3033.95	168.4006	1.644328	3.229286
5130	-2853.601	-3022.188	168.5872	1.60054	3.144605
5136	-2859.412	-3027.952	168.5397	1.60054	3.172843
5142	-2848.367	-3017.089	168.7225	1.621952	3.051194
5148	-2846.663	-3015.455	168.792	1.603538	3.02058
5154	-2854.383	-3022.663	168.2806	1.627715	3.309937
5160	-2866.35	-3034.587	168.2367	1.51256	3.403387
5166	-2865.479	-3033.927	168.4473	1.583678	3.237568
5172	-2859.871	-3028.574	168.703	1.692029	3.020882
5178	-2858.637	-3027.404	168.767	1.772809	2.93393
5184	-2855.902	-3024.465	168.5636	1.563966	3.180376
5190	-2861.01	-3029.409	168.3993	1.501063	3.314606
5196	-2856.626	-3024.875	168.2499	1.538416	3.380489
5202	-2865.84	-3034.272	168.4316	1.760339	3.14212
5208	-2865.888	-3035.076	169.1881	1.646215	2.755248
5214	-2864.175	-3032.673	168.4973	1.536172	3.23606
5220	-2865.982	-3034.413	168.4311	1.602451	3.23606
5226	-2871.37	-3039.532	168.1622	1.445795	3.486039
5232	-2873.023	-3041.397	168.3743	1.314854	3.438618
5238	-2862.328	-3030.613	168.285	1.40244	3.439582
5244	-2868.124	-3036.865	168.7405	1.502034	3.111989
5250	-2864.537	-3032.763	168.2264	1.372194	3.491513
5256	-2863.026	-3031.251	168.2257	1.433654	3.456044
5262	-2857.775	-3026.176	168.4009	1.673059	3.212133
5268	-2859.757	-3028.326	168.5686	1.702422	3.095011
5274	-2868.422	-3036.999	168.5767	1.623435	3.137269
5280	-2862.091	-3030.698	168.6074	1.519807	3.180586
5286	-2863.42	-3031.582	168.1617	1.587625	3.403352
5292	-2867.5	-3035.713	168.2131	1.43676	3.461562
5298	-2875.731	-3044.088	168.3572	1.422239	3.385725
5304	-2852.124	-3020.328	168.2039	1.429638	3.471124
5310	-2854.806	-3023.081	168.2746	1.578047	3.342724
5316	-2848.894	-3017.194	168.2998	1.4978	3.375031
5322	-2842.118	-3010.458	168.34	1.450622	3.379126
5328	-2847.36	-3015.836	168.4764	1.421744	3.315921
5334	-2856.231	-3024.108	167.8773	1.332032	3.717529
5340	-2855.123	-3023.175	168.052	1.502574	3.517212
5346	-2848.607	-3017.149	168.5413	1.499046	3.232003
5352	-2858.435	-3026.841	168.4064	1.571379	3.268998
5358	-2853.566	-3021.808	168.2426	1.571379	3.365446
5364	-2857.856	-3026.528	168.6714	1.534529	3.133771
5370	-2871.253	-3039.355	168.1019	1.466361	3.509203
5376	-2863.441	-3032.34	168.8988	1.47631	3.03281
5382	-2862.294	-3031.02	168.7259	1.649246	3.03281
5388	-2850.95	-3019.343	168.3928	1.649246	3.231029
5394	-2850.042	-3018.541	168.4987	1.657016	3.163654
5400	-2858.107	-3026.56	168.4524	1.497638	3.285371
5406	-2862.908	-3030.845	167.9369	1.434319	3.623784
5412	-2855.763	-3023.86	168.0967	1.434319	3.530899
5418	-2855.765	-3024.465	168.6996	1.587965	3.085157
5424	-2856.099	-3024.303	168.204	1.587965	3.378336
5430	-2862.43	-3030.55	168.1197	1.640435	3.397005
5436	-2863.452	-3031.947	168.4949	1.57327	3.215538
5442	-2854.764	-3023.498	168.7339	1.57327	3.07346
5448	-2857.853	-3025.807	167.9531	1.40616	3.630702
5454	-2851.439	-3019.318	167.8793	1.467092	3.638181
5460	-2854.964	-3023.481	168.5175	1.597517	3.187806
5466	-2855.7	-3024.146	168.4455	1.418398	3.336094
5472	-2852.211	-3020.486	168.2758	1.434673	3.426136
5478	-2852.224	-3020.686	168.4616	1.396944	3.339262
5484	-2851.904	-3020.295	168.3903	1.468196	3.339262
5490	-2866.491	-3034.759	168.268	1.461155	3.415158
5496	-2859.21	-3027.319	168.1085	1.53523	3.46514
5502	-2864.363	-3033.015	168.6523	1.574486	3.121403
5508	-2859.409	-3027.619	168.2101	1.574486	3.3827
5514	-2864.18	-3032.5	168.3194	1.465144	3.3827
5520	-2862.493	-3030.711	168.2182	1.566329	3.3827
5526	-2860.324	-3029.101	168.7776	1.685511	2.980058
5532	-2857.164	-3025.411	168.2474	1.407046	3.458877
5538	-2854.537	-3022.868	168.331	1.500677	3.35504
5544	-2862.998	-3031.534	168.5359	1.732108	3.096852
5550	-2854.795	-3023.436	168.6405	1.62749	3.096852
5556	-2861.514	-3029.786	168.2718	1.446521	3.421531
5562	-2863.517	-3031.634	168.1175	1.526078	3.465229
5568	-2854.949	-3023.237	168.2882	1.479448	3.392618
5574	-2854.963	-3023.279	168.3158	1.451864	3.392618
5580	-2854.772	-3022.832	168.0597	1.463237	3.535617
5586	-2861.353	-3029.643	168.2905	1.463237	3.400754
5592	-2856.673	-3025.503	168.8294	1.620318	2.988106
5598	-2855.485	-3024.063	168.5787	1.620318	3.137926
5604	-2858.376	-3026.956	168.5794	1.450768	3.238025
5610	-2862.158	-3030.453	168.2952	1.528443	3.359767
5616	-2855.557	-3023.855	168.2979	1.528443	3.358186
5622	-2857.678	-3026.21	168.5326	1.534533	3.216149
5628	-2863.334	-3031.822	168.4877	1.579484	3.216149
5634	-2857.577	-3026.065	168.4877	1.579484	3.216149
5640	-2851.77	-3020.072	168.302	1.677678	3.267867
5646	-2858.588	-3026.851	168.2634	1.660588	3.300692
5652	-2861.832	-3029.954	168.1219	1.595884	3.42184
5658	-2861.913	-3030.089	168.1765	1.61237	3.380157
5664	-2864.545	-3033.196	168.6512	1.574069	3.122311
5670	-2855.899	-3024.394	168.4956	1.442681	3.292316
5676	-2850.703	-3019.217	168.5135	1.424701	3.292316
5682	-2858.857	-3027.238	168.3808	1.648524	3.238555
5688	-2852.971	-3021.623	168.6517	1.835922	2.965345
5694	-2850.713	-3019.115	168.4017	1.381913	3.383251
5700	-2867.873	-3036.432	168.5591	1.506911	3.216842
5706	-2870.046	-3038.344	168.2986	1.767382	3.216842
5712	-2857.682	-3026.336	168.6541	1.610525	3.098858
5718	-2857.189	-3025.388	168.1983	1.367782	3.510492
5724	-2863.382	-3031.891	168.5089	1.491404	3.255667
5730	-2852.317	-3021.006	168.6895	1.491404	3.148661
5736	-2863.232	-3031.297	168.0648	1.643442	3.427454
5742	-2869.577	-3037.958	168.3813	1.707599	3.203267
5748	-2863.236	-3031.81	168.5735	1.492658	3.216752
5754	-2868.118	-3036.636	168.5183	1.710848	3.119993
5760	-2857.439	-3025.914	168.4749	1.695697	3.154797
5766	-2853.505	-3022.104	168.5989	1.454315	3.224405
5772	-2863.056	-3031.486	168.4302	1.724615	3.164169
5778	-2846.224	-3014.929	168.7051	1.724615	3.000081
5784	-2858.704	-3027.415	168.711	1.53555	3.109625
5790	-2878.733	-3047.6	168.8675	1.67196	2.934101
5796	-2880.522	-3049.041	168.519	1.591492	3.190483
5802	-2856.974	-3025.348	168.3734	1.591492	3.276579
5808	-2863.986	-3032.049	168.063	1.598503	3.45478
5814	-2852.451	-3020.81	168.3599	1.633467	3.259785
5820	-2857.917	-3026.173	168.2566	1.489903	3.405004
5826	-2852.548	-3020.654	168.1066	1.473649	3.502194
5832	-2856.458	-3024.582	168.1236	1.465644	3.496995
5838	-2859.294	-3027.595	168.3004	1.621853	3.301713
5844	-2849.599	-3017.816	168.2168	1.593291	3.367689
5850	-2865.856	-3034.336	168.4809	1.579707	3.220055
5856	-2856.604	-3025.16	168.5558	1.587205	3.171181
5862	-2858.139	-3026.316	168.1766	1.338318	3.54031
5868	-2858.08	-3026.342	168.2622	1.390028	3.460179
5874	-2858.131	-3025.903	167.7723	1.390824	3.744205
5880	-2865.588	-3033.395	167.8072	1.419002	3.707728
5886	-2864.665	-3032.687	168.0217	1.434854	3.574248
5892	-2865.851	-3034.29	168.4392	1.583021	3.242753
5898	-2858.596	-3026.79	168.1946	1.272367	3.568189
5904	-2866.92	-3035.088	168.1676	1.543338	3.425851
5910	-2878.749	-3046.717	167.9684	1.553566	3.536189
5916	-2864.463	-3032.31	167.8471	1.297645	3.754763
5922	-2854.096	-3022.24	168.144	1.584462	3.415578
5928	-2845.135	-3013.438	168.3029	1.584462	3.322273
5934	-2843.819	-3012.301	168.4823	1.425758	3.310129
5940	-2861.479	-3030.142	168.6635	1.557684	3.124728
5946	-2852.87	-3021.67	168.8005	1.819748	2.885318
5952	-2848.624	-3017.525	168.9017	1.718596	2.885318
5958	-2865.9	-3034.096	168.1961	1.549472	3.405538
5964	-2869.859	-3038.395	168.5366	1.586072	3.183234
5970	-2860.362	-3029.031	168.669	1.717903	3.025771
5976	-2859.25	-3027.703	168.4531	1.55743	3.249655
5982	-2863.519	-3032.322	168.8033	1.785863	2.904124
5988	-2871.352	-3040.097	168.7454	1.798072	2.931669
5994	-2862.16	-3030.639	168.479	1.968293	2.98956
6000	-2858.946	-3027.549	168.6024	1.692982	3.080495
6006	-2858.717	-3027.513	168.7957	1.499659	3.080495
6012	-2864.082	-3032.258	168.1765	1.499659	3.446216
6018	-2858.908	-3027.745	168.8377	1.756854	2.900878
6024	-2876.636	-3044.932	168.2963	1.899779	3.139659
6030	-2871.109	-3039.765	168.6559	1.870887	2.941778
6036	-2860.311	-3028.849	168.5385	1.49244	3.237599
6042	-2874.264	-3042.714	168.4501	1.49244	3.289787
6048	-2857.984	-3026.357	168.3732	1.569363	3.289787
6054	-2860.882	-3029.589	168.707	1.627751	3.056976
6060	-2865.186	-3033.569	168.3821	1.32229	3.429706
6066	-2867.025	-3035.276	168.2507	1.435513	3.440301
6072	-2852.007	-3020.213	168.2053	1.480948	3.440301
6078	-2861.327	-3029.703	168.3757	1.463034	3.350899
6084	-2865.746	-3033.973	168.2272	1.471489	3.433014
6090	-2858.698	-3027.095	168.3968	1.643285	3.232186
6096	-2854.336	-3022.744	168.4083	1.472225	3.326316
6102	-2855.361	-3023.92	168.5585	1.472747	3.237385
6108	-2852.304	-3020.535	168.2314	1.467231	3.433038
6114	-2859.77	-3028.174	168.4042	1.682206	3.204777
6120	-2872.636	-3041.12	168.4843	1.350457	3.353237
6126	-2866.727	-3035.538	168.8119	1.532939	3.050967
6132	-2858.222	-3026.889	168.6676	1.619246	3.085584
6138	-2855.665	-3024.51	168.8458	1.581402	3.001613
6144	-2853.794	-3022.62	168.8251	1.676049	2.957166
6150	-2858.587	-3027.225	168.6376	1.636878	3.092955
6156	-2845.822	-3014.459	168.6376	1.636878	3.092955
6162	-2860.026	-3028.728	168.7019	1.667555	3.036233
6168	-2874.185	-3042.74	168.5548	1.81468	3.036233
6174	-2850.714	-3019.351	168.6374	1.532646	3.155107
6180	-2861.025	-3029.891	168.8661	1.532646	3.018693
6186	-2858.483	-3026.818	168.3348	1.532646	3.33399
6192	-2862.741	-3030.422	167.6808	1.532646	3.715146
6198	-2867.029	-3034.648	167.619	1.46525	3.789629
6204	-2869.494	-3038.106	168.6125	1.49653	3.191371
6210	-2857.708	-3025.667	167.9591	1.34508	3.66263
6216	-2858.053	-3026.581	168.5284	1.466548	3.258865
6222	-2862.083	-3030.294	168.2106	1.525983	3.410806
6228	-2863.563	-3031.83	168.2673	1.469317	3.410806
6234	-2869.426	-3037.798	168.372	1.364655	3.410806
6240	-2871.434	-3039.748	168.3137	1.667696	3.266869
6246	-2855.418	-3024.037	168.6191	1.513018	3.177656
6252	-2857.757	-3025.913	168.1555	1.511294	3.451648
6258	-2848.167	-3016.283	168.1163	1.511294	3.474608
6264	-2846.86	-3014.987	168.1272	1.516747	3.465054
6270	-2860.84	-3029.784	168.9436	1.86446	2.771234
6276	-2862.492	-3031.281	168.7887	1.751704	2.933516
6282	-2856.963	-3025.705	168.7424	1.88646	2.880107
6288	-2863.802	-3032.678	168.8758	1.753086	2.880107
6294	-2858.183	-3026.617	168.4344	1.846549	3.089085
6300	-2861.721	-3030.621	168.9	1.767993	2.856451
6306	-2875.78	-3043.917	168.1371	1.839179	3.269895
6312	-2867.063	-3035.558	168.4952	1.587653	3.20685
6318	-2867.651	-3036.253	168.6028	1.506257	3.191359
6324	-2864.81	-3033.408	168.5979	1.693104	3.083102
6330	-2862.516	-3030.84	168.3239	1.915293	3.113981
6336	-2858.996	-3027.519	168.523	1.831887	3.044954
6342	-2868.099	-3036.944	168.8445	1.938122	2.786788
6348	-2854.164	-3022.807	168.6434	1.701041	3.051207
6354	-2853.721	-3022.421	168.7	1.71478	3.009079
6360	-2867.393	-3036.322	168.9292	1.644392	2.913534
6366	-2863.399	-3031.826	168.4271	1.646333	3.212447
6372	-2867.226	-3035.67	168.4445	1.481561	3.299523
6378	-2870.967	-3039.096	168.1291	1.540791	3.449886
6384	-2859.553	-3028.114	168.5603	1.619733	3.149184
6390	-2866.765	-3035.494	168.7295	1.619733	3.048323
6396	-2861.875	-3030.596	168.7205	1.528521	3.108121
6402	-2863.541	-3031.371	167.8304	1.345399	3.736865
6408	-2860.541	-3028.833	168.2914	1.539616	3.355414
6414	-2897.237	-3066.111	168.8746	1.751422	2.881821
6420	-2875.393	-3043.906	168.5136	1.764608	3.090752
6426	-2872.158	-3040.758	168.6	1.6614	3.100777
6432	-2868.588	-3036.739	168.1507	1.612651	3.395147
6438	-2866.706	-3035.18	168.4737	1.533192	3.251815
6444	-2864.077	-3032.52	168.4432	1.567374	3.249651
6450	-2870.863	-3039.189	168.3251	1.359165	3.441473
6456	-2861.561	-3029.803	168.2419	1.497263	3.409309
6462	-2854.285	-3022.762	168.4776	1.637688	3.187663
6468	-2861.035	-3029.68	168.6442	1.588524	3.117825
6474	-2864.621	-3033.273	168.6524	1.676874	3.060261
6480	-2872.137	-3040.969	168.8324	1.867228	2.837272
6486	-2862.168	-3030.721	168.5536	1.850275	3.015615
6492	-2865.651	-3034.133	168.4819	1.516073	3.257052
6498	-2866.609	-3035.08	168.471	1.636704	3.192123
6504	-2868.097	-3036.52	168.4228	1.598572	3.243253
6510	-2876.946	-3045.624	168.6781	1.43103	3.191264
6516	-2872.361	-3040.657	168.2964	1.627147	3.301002
6522	-2865.008	-3033.506	168.4974	1.727809	3.122307
6528	-2869.396	-3037.989	168.5927	1.604832	3.138807
6534	-2857.398	-3025.751	168.3525	1.604832	3.281044
6540	-2852.034	-3020.785	168.7507	1.654699	3.014701
6546	-2854.44	-3022.988	168.548	1.796326	3.051273
6552	-2849.906	-3018.578	168.6719	1.798963	2.975413
6558	-2842.273	-3010.882	168.6093	1.702479	3.070724
6564	-2851.974	-3020.707	168.733	1.546153	3.090164
6570	-2868.067	-3036.473	168.4057	1.58965	3.258622
6576	-2855.44	-3023.928	168.4875	1.516195	3.253661
6582	-2851.743	-3020.598	168.8556	1.733579	2.904137
6588	-2850.138	-3018.716	168.5781	1.634272	3.129973
6594	-2854.867	-3023.492	168.6251	1.587252	3.129973
6600	-2861.838	-3030.41	168.5726	1.627538	3.137259
6606	-2858.724	-3026.994	168.2698	1.590524	3.338215
6612	-2859.686	-3028.247	168.5611	1.638931	3.137292
6618	-2860.125	-3028.798	168.6733	1.328626	3.254736
6624	-2857.56	-3026.366	168.8057	1.501482	3.073426
6630	-2870.102	-3038.243	168.1401	1.50249	3.465811
6636	-2859.911	-3028.492	168.5819	1.581576	3.159008
6642	-2854.402	-3022.768	168.3667	1.296154	3.453957
6648	-2866.285	-3033.905	167.6202	1.336247	3.863186
6654	-2862.125	-3030.153	168.0285	1.319993	3.636948
6660	-2858.621	-3026.604	167.9826	1.528574	3.542455
6666	-2855.526	-3023.642	168.1168	1.636921	3.400804
6672	-2849.916	-3018.175	168.2593	1.480422	3.408972
6678	-2857.211	-3025.518	168.3069	1.427139	3.412295
6684	-2860.318	-3028.663	168.3452	1.54039	3.323327
6690	-2868.541	-3036.323	167.7827	1.420162	3.721234
6696	-2859.92	-3028.172	168.2525	1.601521	3.341881
6702	-2866.181	-3034.631	168.4501	1.640532	3.202237
6708	-2863.166	-3031.617	168.4514	1.591048	3.230789
6714	-2861.847	-3030.894	169.0475	1.696344	2.810397
6720	-2880.991	-3049.898	168.9071	1.787039	2.840597
6726	-2864.543	-3032.82	168.2776	1.692198	3.273683
6732	-2872.036	-3041.04	169.0044	1.813588	2.7652
6738	-2873.773	-3042.384	168.6103	1.513696	3.182467
6744	-2859.502	-3027.548	168.0459	1.511159	3.515754
6750	-2866.66	-3035.408	168.7482	1.723455	2.974941
6756	-2869.8	-3038.268	168.4684	1.434939	3.312902
6762	-2863.201	-3031.194	167.9932	1.455311	3.578943
6768	-2850.713	-3019.078	168.3655	1.472776	3.351134
6774	-2855.417	-3023.936	168.5191	1.409874	3.297803
6780	-2857.76	-3026.006	168.2458	1.683098	3.297803
6786	-2860.164	-3028.41	168.2458	1.683098	3.297803
6792	-2847.686	-3016.123	168.4366	1.683098	3.185002
6798	-2859.177	-3027.771	168.5946	1.683098	3.091059
6804	-2851.433	-3019.826	168.3937	1.73239	3.181251
6810	-2859.558	-3028.076	168.5189	1.607151	3.181251
6816	-2851.901	-3020.791	168.8903	1.579954	2.975752
6822	-2854.934	-3023.359	168.4243	1.633051	3.22199
6828	-2857.024	-3025.311	168.2877	1.710012	3.257215
6834	-2846.376	-3014.729	168.3533	1.510711	3.336053
6840	-2856.165	-3024.397	168.2316	1.492981	3.417837
6846	-2863	-3031.522	168.5215	1.431675	3.283525
6852	-2862.625	-3031.298	168.6725	1.431675	3.194224
6858	-2862.439	-3030.441	168.0014	1.436178	3.585252
6864	-2854.087	-3022.697	168.6099	1.554704	3.158352
6870	-2858.324	-3026.837	168.5133	1.503191	3.246141
6876	-2847.967	-3016.398	168.4306	1.559946	3.261464
6882	-2852.438	-3020.69	168.2524	1.474612	3.416429
6888	-2849.601	-3018.091	168.4898	1.57075	3.220075
6894	-2858.363	-3026.792	168.4283	1.544941	3.271688
6900	-2854.065	-3022.477	168.4118	1.56146	3.271688
6906	-2851.173	-3019.686	168.5135	1.459727	3.271688
6912	-2850.269	-3018.87	168.6004	1.644249	3.110736
6918	-2849.325	-3017.866	168.5411	1.648933	3.143251
6924	-2860.564	-3029.284	168.7199	1.559939	3.089786
6930	-2851.66	-3020.068	168.4086	1.479931	3.32158
6936	-2862.807	-3030.839	168.032	1.610551	3.465837
6942	-2858.365	-3026.859	168.4947	1.669054	3.158887
6948	-2856.803	-3025.166	168.3629	1.685759	3.22711
6954	-2852.451	-3021.014	168.5633	1.685759	3.10814
6960	-2858.973	-3027.474	168.5006	1.564545	3.217362
6966	-2863.757	-3032.46	168.7028	1.499923	3.135726
6972	-2857.846	-3026.156	168.3104	1.499923	3.367578
6978	-2851.154	-3019.717	168.5632	1.464153	3.239684
6984	-2856.107	-3024.73	168.6234	1.471705	3.199593
6990	-2848.619	-3016.855	168.2352	1.444839	3.443925
6996	-2857.796	-3025.962	168.166	1.428651	3.493814
7002	-2859.087	-3027.206	168.1189	1.475797	3.493814
7008	-2862.864	-3030.729	167.8649	1.340734	3.719654
7014	-2865.144	-3032.953	167.8088	1.396774	3.719654
7020	-2862.557	-3030.563	168.0065	1.4033	3.601429
7026	-2859.255	-3028.154	168.8981	1.656218	2.925139
7032	-2863.211	-3031.956	168.745	1.754962	2.957927
7038	-2860.53	-3029.035	168.5055	1.466529	3.272403
7044	-2852.953	-3021.284	168.3316	1.640351	3.272403
7050	-2853.408	-3021.97	168.5627	1.436334	3.256452
7056	-2862.435	-3031.018	168.5827	1.606486	3.143757
7062	-2873.914	-3042.368	168.4539	1.821764	3.092264
7068	-2872.924	-3041.452	168.5275	1.748115	3.092264
7074	-2865.826	-3034.723	168.8971	1.703551	2.89717
7080	-2866.041	-3034.589	168.5484	1.663215	3.13039
7086	-2862.895	-3031.229	168.3334	1.478505	3.36667
7092	-2856.394	-3024.992	168.5985	1.519538	3.185993
7098	-2865.797	-3034.405	168.6083	1.4999	3.191848
7104	-2860.009	-3028.234	168.2244	1.379168	3.488581
7110	-2861.778	-3029.679	167.901	1.369363	3.682221
7116	-2861.045	-3028.993	167.9482	1.52616	3.563905
7122	-2862.314	-3030.886	168.5725	1.535038	3.192249
7128	-2869.692	-3037.681	167.9887	1.535038	3.535163
7134	-2868.456	-3037.095	168.6392	1.573406	3.129798
7140	-2869.344	-3037.913	168.5687	1.782288	3.04725
7146	-2864.796	-3033.235	168.4388	1.586756	3.240784
7152	-2856.483	-3024.864	168.3806	1.679191	3.220541
7158	-2852.002	-3020.579	168.5765	1.483256	3.220541
7164	-2852.669	-3021.247	168.5778	1.715237	3.081877
7170	-2856.36	-3024.859	168.4985	1.719404	3.126681
7176	-2854.211	-3022.784	168.5728	1.645126	3.126681
7182	-2863.768	-3032.073	168.3046	1.574514	3.327129
7188	-2874.278	-3042.488	168.2105	1.6991	3.309213
7194	-2857.354	-3025.844	168.4905	1.464449	3.282443
7200	-2858.229	-3026.506	168.2769	1.649787	3.299141
7206	-2865.821	-3034.375	168.5542	1.649787	3.134943
7212	-2851.616	-3020.193	168.5775	1.661537	3.114083
7218	-2853.645	-3021.876	168.2306	1.592154	3.360284
7224	-2846.54	-3014.816	168.2762	1.598924	3.329491
7230	-2849.973	-3018.652	168.6792	1.46416	3.171
7236	-2845.175	-3013.856	168.6806	1.66404	3.05107
7242	-2839.014	-3007.779	168.7658	1.685174	2.987332
7248	-2842.684	-3011.574	168.8897	1.765302	2.864322
7254	-2849.959	-3018.522	168.5627	1.655401	3.126576
7260	-2858.033	-3026.402	168.3686	1.655401	3.24167
7266	-2852.189	-3020.892	168.7026	1.587068	3.083895
7272	-2855.819	-3024.076	168.2575	1.596806	3.341716
7278	-2860.131	-3028.459	168.3276	1.54484	3.331092
7284	-2858.287	-3026.357	168.0701	1.802301	3.331092
7290	-2857.203	-3025.829	168.6258	1.508494	3.176372
7296	-2852.822	-3021.177	168.3547	1.454636	3.368139
7302	-2860.643	-3029.571	168.9282	1.50346	2.998918
7308	-2854.13	-3023.061	168.9304	1.57521	2.954502
7314	-2849.07	-3017.705	168.6359	1.571783	3.132757
7320	-2854.89	-3023.464	168.5736	1.531838	3.193475
7326	-2854.678	-3023.186	168.508	1.539194	3.227993
7332	-2861.44	-3029.896	168.4561	1.696155	3.165721
7338	-2854.146	-3022.481	168.3352	1.699572	3.235336
7344	-2853.853	-3022.4	168.5468	1.686756	3.117339
7350	-2856.412	-3024.728	168.3169	1.686756	3.253685
7356	-2862.062	-3030.888	168.8265	1.563181	3.024098
7362	-2860.053	-3028.781	168.7281	1.661589	3.024098
7368	-2858.959	-3027.463	168.5037	1.69078	3.140636
7374	-2844.109	-3012.825	168.7168	1.69078	3.013412
7380	-2854.885	-3023.508	168.6225	1.5792	3.136334
7386	-2855.242	-3023.783	168.5409	1.584604	3.181575
7392	-2860.801	-3028.899	168.0984	1.5094	3.486167
7398	-2855.205	-3023.756	168.5509	1.395245	3.287633
7404	-2854.816	-3023.345	168.5284	1.496777	3.241002
7410	-2852.769	-3020.985	168.2164	1.432773	3.461948
7416	-2851.933	-3020.158	168.2252	1.347116	3.506822
7422	-2845.946	-3014.534	168.5881	1.427402	3.246721
7428	-2851.108	-3019.441	168.3333	1.314987	3.462487
7434	-2843.677	-3011.555	167.8772	1.363254	3.69952
7440	-2848.969	-3016.791	167.8222	1.418236	3.69952
7446	-2846.327	-3014.129	167.8018	1.181613	3.847693
7452	-2854.461	-3022.162	167.7012	1.282208	3.847693
7458	-2851.569	-3019.813	168.2447	1.424653	3.450156
7464	-2846.827	-3015.339	168.5115	1.577885	3.203014
7470	-2842.868	-3011.379	168.5115	1.577885	3.203014
7476	-2857.588	-3026.132	168.5436	1.411835	3.282198
7482	-2846.82	-3015.065	168.2449	1.580821	3.35855
7488	-2852.939	-3020.986	168.0466	1.580821	3.474688
7494	-2858.462	-3026.781	168.3195	1.785683	3.193618
7500	-2850.081	-3018.352	168.2715	1.414771	3.440289
7506	-2854.062	-3022.44	168.3777	1.607289	3.264753
7512	-2851.719	-3020.703	168.9844	1.883995	2.734373
7518	-2868.847	-3037.461	168.614	1.83498	2.988524
7524	-2850.547	-3018.595	168.0481	1.550617	3.491462
7530	-2858.768	-3027.737	168.969	1.764191	2.816828
7536	-2855.833	-3024.558	168.7251	1.850145	2.912517
7542	-2851.785	-3020.175	168.3894	1.621363	3.249526
7548	-2853.207	-3021.778	168.5708	1.434361	3.252802
7554	-2855.144	-3023.199	168.0544	1.534987	3.496886
7560	-2854.547	-3022.735	168.1883	1.376698	3.511085
7566	-2859.937	-3028.025	168.0876	1.477404	3.511085
7572	-2855.444	-3023.831	168.3874	1.493788	3.325906
7578	-2867.801	-3035.78	167.9787	1.482053	3.571812
7584	-2862.489	-3030.517	168.0277	1.364114	3.611872
7590	-2864.784	-3033.113	168.3288	1.450137	3.385977
7596	-2865.326	-3033.53	168.2034	1.551932	3.399845
7602	-2873.638	-3042.356	168.7181	1.703548	3.004975
7608	-2867.242	-3035.582	168.3404	1.451852	3.378205
7614	-2862.53	-3030.783	168.2533	1.538355	3.378555
7620	-2864.109	-3032.527	168.4177	1.464172	3.325528
7626	-2854.247	-3022.568	168.3213	1.464172	3.382134
7632	-2860.876	-3029.417	168.541	1.514879	3.222824
7638	-2861.009	-3029.343	168.3334	1.590581	3.300733
7644	-2855.926	-3024.304	168.3783	1.616338	3.259028
7650	-2868.986	-3038.01	169.0243	1.497198	2.944912
7656	-2865.505	-3033.727	168.222	1.619514	3.349269
7662	-2872.85	-3041.541	168.6919	1.452352	3.170467
7668	-2864.319	-3032.294	167.9748	1.427421	3.605794
7674	-2864.088	-3032.224	168.1361	1.375089	3.542482
7680	-2871.26	-3039.408	168.1482	1.375894	3.534933
7686	-2861.045	-3029.534	168.4889	1.427179	3.305383
7692	-2872.391	-3040.815	168.4243	1.73468	3.161726
7698	-2862.096	-3031.091	168.9952	1.75159	2.808617
7704	-2864.049	-3032.616	168.5673	1.454886	3.242766
7710	-2855.215	-3023.589	168.3744	1.534147	3.309816
7716	-2869.243	-3037.758	168.516	1.591275	3.192408
7722	-2862.109	-3030.08	167.9709	1.591275	3.512758
7728	-2853.088	-3021.22	168.1314	1.558474	3.438188
7734	-2858.853	-3027.383	168.5298	1.657432	3.144915
7740	-2851.614	-3020.385	168.7714	1.575602	3.049669
7746	-2853.409	-3022.147	168.7384	1.811022	2.928125
7752	-2858.571	-3027.207	168.636	1.577982	3.128995
7758	-2861.916	-3030.574	168.6573	1.556664	3.128995
7764	-2861.28	-3029.41	168.1298	1.479226	3.485412
7770	-2858.996	-3027.302	168.3058	1.497439	3.371712
7776	-2851.068	-3019.248	168.1804	1.560252	3.408429
7782	-2849.332	-3017.326	167.9946	1.469691	3.569764
7788	-2862.663	-3031.043	168.3797	1.775228	3.164086
7794	-2861.158	-3029.724	168.5658	1.561241	3.180672
7800	-2863.928	-3031.885	167.9572	1.591194	3.520783
7806	-2852.528	-3020.507	167.9789	1.591194	3.50814
7812	-2863.781	-3032.223	168.4418	1.537684	3.267983
7818	-2867.675	-3035.998	168.3228	1.47439	3.375276
7824	-2872.677	-3040.869	168.1921	1.396553	3.497341
7830	-2859.456	-3028.155	168.6991	1.675886	3.032888
7836	-2859.465	-3028.202	168.7368	1.638186	3.032888
7842	-2861.343	-3029.903	168.5609	1.448912	3.250095
7848	-2861.828	-3030.143	168.3144	1.718503	3.236395
7854	-2848.009	-3016.302	168.293	1.68036	3.271604
7860	-2853.378	-3021.691	168.3131	1.660239	3.271604
7866	-2849.568	-3018.234	168.6666	1.594712	3.100835
7872	-2857.849	-3026.408	168.5583	1.5963	3.16432
7878	-2863.934	-3032.162	168.2278	1.800095	3.239413
7884	-2865.561	-3033.887	168.3258	1.540412	3.334734
7890	-2861.359	-3029.957	168.5977	1.721507	3.066289
7896	-2864.655	-3033.318	168.6632	1.664973	3.06089
7902	-2854.063	-3022.253	168.1897	1.536827	3.416714
7908	-2860.287	-3028.377	168.0902	1.636373	3.416714
7914	-2857.532	-3025.889	168.3568	1.514175	3.331924
7920	-2860.757	-3029.139	168.3818	1.514175	3.317202
7926	-2855.591	-3023.925	168.3339	1.562132	3.317202
7932	-2848.628	-3017.044	168.4161	1.621039	3.233935
7938	-2848.781	-3017.347	168.5659	1.623562	3.14358
7944	-2857.663	-3025.661	167.9979	1.635266	3.471314
7950	-2859.857	-3028.436	168.5788	1.701205	3.089652
7956	-2851.261	-3019.605	168.3436	1.489413	3.354252
7962	-2863.695	-3032.024	168.329	1.523853	3.342615
7968	-2866.386	-3034.391	168.0049	1.465669	3.566068
7974	-2875.287	-3044.103	168.8156	1.465669	3.088915
7980	-2870.327	-3038.905	168.5782	1.832739	3.011345
7986	-2871.631	-3040.215	168.5845	1.536208	3.184426
7992	-2875.344	-3043.863	168.519	1.566541	3.205256
7998	-2870.856	-3039.432	168.5762	1.391766	3.27476
8004	-2859.454	-3027.821	168.3669	1.579443	3.287524
8010	-2845.332	-3014.16	168.8275	1.579443	3.013759
8016	-2861.801	-3030.534	168.7333	1.68255	3.008443
8022	-2856.87	-3025.524	168.6542	1.977634	2.878348
8028	-2853.036	-3021.828	168.7918	1.855039	2.869265
8034	-2860.826	-3029.401	168.5757	1.712679	3.084651
8040	-2857.577	-3026.212	168.6348	1.653646	3.084651
8046	-2853.684	-3022.132	168.4488	1.589776	3.233074
8052	-2861.654	-3029.98	168.3265	1.520574	3.346002
8058	-2864.626	-3032.969	168.3439	1.503148	3.346002
8064	-2859.069	-3027.264	168.1948	1.434381	3.473664
8070	-2857.903	-3026.41	168.5069	1.573674	3.208202
8076	-2851.39	-3020.111	168.7207	1.689975	3.011533
8082	-2862.582	-3031.451	168.8691	1.648921	2.947059
8088	-2856.582	-3025.304	168.7211	1.846137	2.917366
8094	-2856.55	-3025.022	168.4713	1.782295	3.105444
8100	-2852.59	-3021.386	168.7967	1.830023	2.881449
8106	-2861.875	-3030.601	168.7259	1.788191	2.949384
8112	-2849.89	-3018.45	168.5597	1.571316	3.178288
8118	-2856.355	-3024.468	168.1131	1.460211	3.50626
8124	-2860.39	-3028.806	168.4155	1.483484	3.315425
8130	-2855.322	-3023.801	168.479	1.598407	3.21011
8136	-2871.883	-3040.644	168.7609	1.600015	3.041348
8142	-2863.997	-3032.679	168.6814	1.431271	3.189189
8148	-2869.119	-3037.443	168.3241	1.650936	3.270605
8154	-2869.099	-3037.22	168.1205	1.344848	3.569122
8160	-2851.442	-3020.251	168.8092	1.769735	2.910323
8166	-2862.266	-3031.085	168.8199	1.759049	2.910323
8172	-2863.575	-3032.249	168.6735	1.58887	3.100207
8178	-2865.981	-3034.348	168.3676	1.581293	3.286057
8184	-2859.805	-3028.084	168.2791	1.581293	3.338165
8190	-2862.163	-3030.761	168.5976	1.581293	3.149893
8196	-2861.224	-3029.895	168.6714	1.72221	3.021761
8202	-2858.648	-3027.587	168.9386	1.72221	2.860757
8208	-2855.519	-3024.04	168.5207	1.677173	3.138603
8214	-2854.054	-3022.808	168.754	1.560376	3.069163
8220	-2865.319	-3034.092	168.7736	1.621986	3.020549
8226	-2862.748	-3031.094	168.3464	1.535268	3.325646
8232	-2870.735	-3038.987	168.2513	1.614154	3.335165
8238	-2867.465	-3036.159	168.6938	1.614154	3.072966
8244	-2867.022	-3035.064	168.0422	1.678544	3.420114
8250	-2861.71	-3030.265	168.5552	1.69942	3.104798
8256	-2871.837	-3039.929	168.0924	1.450587	3.523962
8262	-2863.591	-3031.532	167.9413	1.393271	3.645065
8268	-2861.384	-3029.538	168.1536	1.470172	3.476806
8274	-2870.44	-3039.214	168.7738	1.705961	2.970044
8280	-2860.12	-3029.028	168.9086	1.705961	2.888759
8286	-2851.611	-3020.034	168.4232	1.705961	3.17942
8292	-2857.56	-3026.296	168.736	1.809557	2.930464
8298	-2864.105	-3032.923	168.8187	1.77785	2.899673
8304	-2854.044	-3022.616	168.572	1.412379	3.26512
8310	-2850.486	-3018.774	168.2877	1.412379	3.432216
8316	-2852.567	-3020.929	168.3619	1.62195	3.265427
8322	-2857.103	-3025.508	168.4057	1.592459	3.256964
8328	-2861.98	-3029.799	167.8192	1.578022	3.608677
8334	-2870.096	-3038.233	168.1366	1.373813	3.542884
8340	-2868.153	-3036.449	168.2969	1.390569	3.439573
8346	-2857.402	-3025.343	167.9408	1.447354	3.613993
8352	-2850.444	-3018.218	167.7732	1.288135	3.802867
8358	-2846.46	-3015.039	168.5783	1.576726	3.164039
8364	-2859.969	-3028.005	168.0356	1.427019	3.570732
8370	-2867.065	-3034.736	167.6708	1.427019	3.781857
8376	-2866.922	-3035.116	168.1938	1.695612	3.321087
8382	-2870.372	-3038.956	168.5842	1.74133	3.062502
8388	-2872.477	-3041.066	168.5894	1.827964	3.007519
8394	-2877.281	-3046.202	168.9212	1.909523	2.757416
8400	-2867.563	-3036.238	168.6749	1.565086	3.1135
8406	-2861.562	-3030.079	168.517	1.701958	3.126039
8412	-2861.068	-3029.619	168.5512	1.634458	3.145874
8418	-2865.018	-3033.617	168.5989	1.780764	3.030117
8424	-2860.218	-3028.85	168.6323	1.502905	3.175824
8430	-2857.82	-3026.181	168.3602	1.545373	3.31156
8436	-2856.08	-3024.639	168.5592	1.660217	3.125789
8442	-2855.27	-3023.847	168.5767	1.612881	3.143515
8448	-2864.002	-3032.603	168.6012	1.588424	3.143515
8454	-2858.861	-3027.566	168.7056	1.483985	3.143515
8460	-2851.906	-3020.133	168.227	1.483985	3.425815
8466	-2856.878	-3025.409	168.5312	1.483985	3.246909
8472	-2860.254	-3028.472	168.218	1.369453	3.498011
8478	-2860.831	-3028.968	168.1372	1.401893	3.52619
8484	-2862.529	-3031.028	168.4991	1.402128	3.3141
8490	-2865.558	-3033.908	168.35	1.53129	3.325873
8496	-2860.921	-3029.244	168.3231	1.53129	3.341688
8502	-2857.183	-3025.449	168.2658	1.485722	3.402051
8508	-2854.963	-3023.337	168.3738	1.485722	3.338665
8514	-2863.518	-3031.92	168.4017	1.365209	3.393051
8520	-2868.295	-3036.68	168.3848	1.621924	3.251908
8526	-2860.082	-3028.339	168.257	1.584587	3.349213
8532	-2856.568	-3025.189	168.6215	1.79255	3.009529
8538	-2848.927	-3017.81	168.8832	1.710945	2.901123
8544	-2845.006	-3013.46	168.4546	1.699506	3.16461
8550	-2855.69	-3024.015	168.3255	1.419145	3.406119
8556	-2847.583	-3016.071	168.4876	1.501937	3.262029
8562	-2859.4	-3027.725	168.3253	1.501937	3.357616
8568	-2864.528	-3032.619	168.091	1.342344	3.587727
8574	-2857.795	-3025.734	167.9386	1.364314	3.663388
8580	-2863.493	-3031.996	168.5038	1.40554	3.309354
8586	-2849.996	-3018.299	168.3023	1.518714	3.361274
8592	-2853.228	-3021.471	168.2429	1.524665	3.392669
8598	-2860.916	-3029.341	168.4256	1.524665	3.285222
8604	-2861.088	-3029.547	168.4596	1.490721	3.285222
8610	-2856.745	-3025.019	168.2741	1.427521	3.431295
8616	-2863.52	-3032.086	168.5655	1.31884	3.324086
8622	-2856.44	-3024.461	168.0209	1.425867	3.579903
8628	-2849.133	-3017.952	168.8198	1.693857	2.949671
8634	-2849.037	-3017.792	168.7551	1.562689	3.067087
8640	-2850.21	-3018.646	168.4357	1.584979	3.243629
8646	-2852.461	-3021.116	168.6554	1.622991	3.090621
8652	-2853.52	-3022.152	168.6321	1.810218	2.992567
8658	-2854.335	-3022.857	168.5217	1.615994	3.174369
8664	-2854.741	-3023.41	168.6685	1.476157	3.170197
8670	-2861.81	-3030.047	168.2378	1.480719	3.421425
8676	-2860.957	-3029.517	168.5594	1.599515	3.161726
8682	-2864.218	-3032.534	168.3163	1.288808	3.487721
8688	-2857.992	-3026.147	168.1548	1.461276	3.481303
8694	-2866.391	-3034.513	168.122	1.414498	3.527689
8700	-2864.652	-3032.534	167.8828	1.666865	3.520068
8706	-2855.015	-3022.994	167.9789	1.460443	3.584253
8712	-2854.991	-3023.09	168.0991	1.319927	3.596052
8718	-2850.422	-3018.162	167.7395	1.369095	3.775648
8724	-2846.144	-3014.392	168.2483	1.450664	3.432862
8730	-2847.56	-3015.859	168.2993	1.399615	3.432862
8736	-2849.63	-3017.912	168.2823	1.558516	3.34969
8742	-2851.822	-3020.605	168.7835	1.558516	3.052663
8748	-2847.131	-3015.66	168.5294	1.664883	3.140727
8754	-2850.849	-3019.578	168.7285	1.75685	2.966697
8760	-2845.924	-3014.473	168.5493	1.645831	3.140225
8766	-2850.413	-3018.957	168.5439	1.649815	3.141042
8772	-2852.244	-3020.405	168.1603	1.691148	3.343441
8778	-2859.859	-3028.053	168.1945	1.656915	3.343441
8784	-2866.114	-3034.421	168.3069	1.390087	3.434016
8790	-2856.316	-3023.919	167.603	1.270099	3.910997
8796	-2857.046	-3025.19	168.1448	1.270099	3.598461
8802	-2853.274	-3021.669	168.395	1.469785	3.335569
8808	-2855.448	-3023.807	168.3593	1.514978	3.330003
8814	-2864.111	-3032.535	168.4238	1.6405	3.217839
8820	-2870.597	-3039.66	169.0627	1.758793	2.763092
8826	-2866.91	-3035.902	168.9919	1.82954	2.763092
8832	-2866.256	-3034.691	168.4351	1.385581	3.361494
8838	-2872.784	-3041.388	168.6038	1.540531	3.170416
8844	-2862.236	-3030.7	168.464	1.459205	3.301165
8850	-2853.031	-3021.663	168.6316	1.618114	3.107712
8856	-2854.909	-3023.746	168.8364	1.770417	2.893445
8862	-2855.469	-3023.725	168.2565	1.547565	3.371259
8868	-2848.526	-3016.755	168.229	1.593876	3.360203
8874	-2860.069	-3028.419	168.35	1.562838	3.307264
8880	-2857.298	-3026.127	168.8295	1.562838	3.02252
8886	-2856.939	-3025.506	168.5668	1.569516	3.175153
8892	-2856.551	-3025.038	168.4878	1.672612	3.16083
8898	-2855.074	-3023.295	168.2217	1.487452	3.426891
8904	-2856.096	-3024.501	168.4053	1.585464	3.261354
8910	-2852.987	-3021.392	168.4053	1.585464	3.261354
8916	-2854.613	-3023.187	168.5743	1.456617	3.237599
8922	-2861.424	-3030.066	168.6424	1.607762	3.107468
8928	-2854.513	-3022.887	168.3741	1.621012	3.258779
8934	-2850.707	-3019.502	168.7941	1.577271	3.035064
8940	-2858.022	-3026.421	168.3989	1.492976	3.319624
8946	-2856.416	-3024.726	168.3094	1.68774	3.257543
8952	-2870.412	-3038.588	168.1756	1.561337	3.410627
8958	-2875.776	-3043.927	168.1507	1.641813	3.378052
8964	-2858.644	-3027.707	169.0627	1.824843	2.722702
8970	-2866.471	-3035.258	168.7867	1.620368	3.013662
8976	-2860.95	-3029.385	168.4349	1.458423	3.318759
8982	-2856.274	-3024.44	168.1662	1.558087	3.418019
8988	-2865.397	-3033.877	168.4804	1.725245	3.133974
8994	-2856.288	-3025.109	168.8208	1.699586	2.945575
9000	-2868.303	-3037.02	168.7169	1.786564	2.955808
9006	-2866.995	-3035.644	168.649	1.84442	2.961839
9012	-2869.491	-3038.244	168.7534	1.66784	3.005175
9018	-2871.17	-3039.767	168.5965	1.549574	3.169364
9024	-2854.367	-3022.51	168.1429	1.492331	3.470139
9030	-2858.82	-3027.193	168.3727	1.605559	3.2687
9036	-2855.849	-3024.252	168.4028	1.465352	3.333566
9042	-2852.7	-3021.071	168.3712	1.598251	3.273936
9048	-2852.927	-3021.406	168.4793	1.571073	3.226067
9054	-2864.515	-3032.907	168.392	1.581114	3.271752
9060	-2859.713	-3028.677	168.964	1.606467	2.915421
9066	-2869.336	-3037.929	168.5933	1.900217	2.961753
9072	-2871.317	-3040.033	168.7156	1.604114	3.065946
9078	-2866.343	-3034.562	168.2186	1.52338	3.407646
9084	-2857.499	-3025.891	168.3915	1.562383	3.283116
9090	-2854.197	-3022.59	168.393	1.560795	3.283116
9096	-2858.865	-3027.603	168.7384	1.49928	3.114929
9102	-2864.695	-3033.075	168.3793	1.49928	3.32747
9108	-2856.807	-3025.04	168.2333	1.572706	3.370102
9114	-2846.517	-3014.781	168.2639	1.542107	3.370102
9120	-2846.958	-3015.307	168.3488	1.457223	3.370102
9126	-2849.943	-3018.213	168.2697	1.522861	3.378016
9132	-2856.773	-3025.158	168.3847	1.522311	3.310701
9138	-2858.826	-3027.411	168.5852	1.560138	3.169818
9144	-2845.212	-3013.914	168.7014	1.443927	3.169818
9150	-2849.601	-3018.05	168.4497	1.54204	3.260767
9156	-2861.947	-3030.182	168.2354	1.41659	3.460339
9162	-2861.214	-3029.323	168.1092	1.562483	3.448802
9168	-2866.552	-3035.036	168.484	1.518091	3.254617
9174	-2862.419	-3030.78	168.3611	1.577912	3.29185
9180	-2853.771	-3021.885	168.1143	1.577912	3.436787
9186	-2853.092	-3021.921	168.8294	1.616391	2.990473
9192	-2874.065	-3041.478	167.4121	1.162209	4.081735
9198	-2869.955	-3037.901	167.9461	1.341549	3.672221
9204	-2861.825	-3030.377	168.5519	1.49314	3.229241
9210	-2866.947	-3035.435	168.4882	1.574589	3.218752
9216	-2867.587	-3036.095	168.5087	1.688261	3.139146
9222	-2871.462	-3039.858	168.3957	1.504513	3.314743
9228	-2853.257	-3021.708	168.4504	1.484427	3.294334
9234	-2864.843	-3033.349	168.5054	1.787046	3.08227
9240	-2869.85	-3038.438	168.5882	1.560907	3.167547
9246	-2857.995	-3026.561	168.5662	1.579044	3.169853
9252	-2856.636	-3024.962	168.3253	1.441478	3.393114
9258	-2864.289	-3031.845	167.5561	1.398595	3.864183
9264	-2866.576	-3034.797	168.2205	1.279933	3.548728
9270	-2870.551	-3038.837	168.2865	1.564324	3.343765
9276	-2862.985	-3031.557	168.5716	1.568974	3.172616
9282	-2857.067	-3025.081	168.0135	1.463199	3.562536
9288	-2856.994	-3025.479	168.4847	1.574348	3.220944
9294	-2865.043	-3033.525	168.4817	1.574348	3.22274
9300	-2861.118	-3029.6	168.4821	1.40174	3.32435
9306	-2877.284	-3045.142	167.8571	1.307444	3.743341
9312	-2870.946	-3038.359	167.4133	1.307444	3.998213
9318	-2867.778	-3035.858	168.0806	1.332372	3.599561
9324	-2859.297	-3027.475	168.1779	1.332372	3.542987
9330	-2859.235	-3027.266	168.0304	1.292324	3.651884
9336	-2850.879	-3019.256	168.377	1.391346	3.392227
9342	-2854.004	-3022.301	168.2967	1.606071	3.313187
9348	-2848.746	-3017.655	168.9087	1.669913	2.910507
9354	-2855.749	-3024.682	168.9325	1.900512	2.756057
9360	-2866.858	-3035.826	168.9684	1.864607	2.756057
9366	-2862.063	-3030.653	168.5904	1.80104	3.023077
9372	-2866.859	-3035.367	168.5087	1.670571	3.149642
9378	-2861.32	-3030.046	168.7257	1.803159	2.940491
9384	-2857.502	-3025.745	168.243	1.666115	3.309492
9390	-2866.093	-3034.176	168.083	1.516418	3.491002
9396	-2853.632	-3022.22	168.5873	1.587431	3.152344
9402	-2861.424	-3029.91	168.4855	1.391277	3.328496
9408	-2854.458	-3022.97	168.5118	1.386138	3.316062
9414	-2854.61	-3023.135	168.5248	1.576002	3.196211
9420	-2857.688	-3026.043	168.3555	1.592552	3.286526
9426	-2860.006	-3028.096	168.09	1.499256	3.496984
9432	-2863.764	-3031.786	168.0225	1.566694	3.496984
9438	-2853.502	-3021.687	168.1851	1.417831	3.488957
9444	-2865.904	-3034.019	168.115	1.488004	3.488957
9450	-2858.597	-3026.935	168.3381	1.387835	3.41705
9456	-2856.412	-3024.513	168.1014	1.624518	3.41705
9462	-2857.116	-3025.19	168.0742	1.525251	3.490999
9468	-2850.453	-3018.739	168.2857	1.525251	3.367217
9474	-2849.252	-3017.645	168.3931	1.704146	3.198331
9480	-2847.899	-3016.018	168.119	1.389247	3.544192
9486	-2849.794	-3018.016	168.2216	1.365168	3.498397
9492	-2862.686	-3031.316	168.6304	1.337024	3.275109
9498	-2846.297	-3014.245	167.9475	1.337024	3.674001
9504	-2856.976	-3025.288	168.3127	1.463462	3.387653
9510	-2857.103	-3025.503	168.4005	1.486515	3.322475
9516	-2860.314	-3029.05	168.7361	1.651481	3.025376
9522	-2857.162	-3025.569	168.4074	1.728568	3.175387
9528	-2855.525	-3023.916	168.3912	1.758862	3.166974
9534	-2854.163	-3022.993	168.83	1.479006	3.072392
9540	-2863.532	-3032.207	168.675	1.531854	3.133234
9546	-2860.769	-3028.954	168.1848	1.457069	3.466259
9552	-2853.017	-3021.305	168.2878	1.35399	3.466259
9558	-2859.816	-3027.981	168.1652	1.47668	3.466259
9564	-2859.545	-3027.909	168.3633	1.524669	3.321937
9570	-2874.814	-3043.56	168.7461	1.673643	3.006078
9576	-2876.375	-3044.43	168.0556	1.383833	3.584163
9582	-2874.041	-3042.574	168.5328	1.487676	3.243745
9588	-2878.945	-3047.81	168.8643	1.559179	3.003856
9594	-2868.057	-3036.146	168.0888	1.359086	3.579273
9600	-2869.371	-3037.425	168.054	1.417947	3.565282
9606	-2866.12	-3034.411	168.2909	1.322011	3.483128
9612	-2865.319	-3033.707	168.3884	1.38971	3.386489
9618	-2864.117	-3032.39	168.2738	1.541456	3.364707
9624	-2868.142	-3036.68	168.5382	1.541456	3.208746
9630	-2871.241	-3039.785	168.544	1.456459	3.25562
9636	-2865.866	-3034.316	168.4493	1.55112	3.25562
9642	-2866.989	-3035.722	168.7324	1.654949	3.025509
9648	-2859.178	-3027.735	168.5577	1.472249	3.238158
9654	-2862.633	-3030.783	168.1503	1.666199	3.363954
9660	-2865.226	-3033.924	168.6979	1.497155	3.140283
9666	-2858.162	-3026.868	168.7062	1.718348	3.003231
9672	-2856.193	-3024.981	168.7889	1.724108	2.950072
9678	-2854.303	-3023.029	168.7261	1.786872	2.950072
9684	-2862.199	-3030.635	168.4366	1.468245	3.311971
9690	-2855.833	-3024.699	168.866	1.55939	3.00272
9696	-2860.161	-3028.527	168.3655	1.830305	3.139842
9702	-2867.226	-3036.219	168.993	1.750306	2.810715
9708	-2864.396	-3033.313	168.9171	1.750306	2.856787
9714	-2867.841	-3036.231	168.3896	1.750306	3.173051
9720	-2853.968	-3022.555	168.5872	1.55266	3.173051
9726	-2855.213	-3023.736	168.5228	1.617118	3.173051
9732	-2866.407	-3034.893	168.4855	1.512363	3.257118
9738	-2857.587	-3025.959	168.3714	1.517649	3.321295
9744	-2863.788	-3032.16	168.3714	1.517649	3.321295
9750	-2859.118	-3027.765	168.6473	1.624766	3.094414
9756	-2847.688	-3015.91	168.2224	1.560882	3.383461
9762	-2866.134	-3034.136	168.0021	1.378487	3.618356
9768	-2857.202	-3025.488	168.286	1.526804	3.366117
9774	-2856.314	-3024.694	168.3802	1.425477	3.370285
9780	-2859.382	-3027.904	168.5227	1.450026	3.271967
9786	-2853.682	-3021.74	168.058	1.455308	3.541213
9792	-2850.508	-3018.648	168.14	1.373299	3.541213
9798	-2852.295	-3020.337	168.0423	1.317493	3.630421
9804	-2863.869	-3032.341	168.4723	1.706024	3.150236
9810	-2858.12	-3026.46	168.3396	1.50197	3.349217
9816	-2854.728	-3023.349	168.6211	1.607398	3.12039
9822	-2853.407	-3021.701	168.2942	1.380719	3.44694
9828	-2859.431	-3027.982	168.551	1.380719	3.296138
9834	-2850.964	-3019.306	168.3416	1.638102	3.267872
9840	-2846.596	-3014.91	168.3136	1.61294	3.299215
9846	-2848.487	-3016.989	168.5021	1.690089	3.141989
9852	-2852.816	-3021.408	168.5921	1.656587	3.108325
9858	-2857.35	-3026.031	168.6809	1.438015	3.185503
9864	-2866.587	-3035.057	168.4702	1.573271	3.230147
9870	-2866.015	-3034.338	168.3229	1.494985	3.363145
9876	-2856.888	-3025.428	168.5398	1.677133	3.127239
9882	-2859.571	-3028.049	168.4781	1.590057	3.21558
9888	-2856.65	-3025.265	168.6156	1.672361	3.08494
9894	-2869.116	-3037.415	168.2992	1.623418	3.301509
9900	-2890.711	-3059.375	168.6639	1.842127	2.954272
9906	-2856.993	-3025.869	168.8768	1.903647	2.788072
9912	-2877.301	-3045.549	168.2479	1.930256	3.150307
9918	-2858.325	-3026.993	168.6674	1.735927	3.01591
9924	-2858.151	-3026.791	168.6406	1.587412	3.120644
9930	-2853.4	-3022.039	168.6387	1.589369	3.120644
9936	-2849.879	-3018.376	168.4967	1.697261	3.140902
9942	-2852.672	-3021.193	168.5218	1.652403	3.15266
9948	-2851.945	-3020.109	168.1643	1.534411	3.433027
9954	-2853.928	-3022.658	168.7293	1.680013	3.012365
9960	-2870.794	-3039.231	168.4377	1.572223	3.249988
9966	-2865.225	-3033.653	168.4281	1.506271	3.294606
9972	-2861.138	-3029.799	168.6606	1.578892	3.113836
9978	-2858.524	-3027.02	168.4961	1.493041	3.262303
9984	-2868.69	-3037.014	168.3237	1.438346	3.395887
9990	-2860.247	-3028.896	168.6491	1.566889	3.127841
9996	-2852.323	-3020.88	168.5571	1.658828	3.127841
10002	-2850.441	-3018.991	168.5493	1.620254	3.155447
10008	-2850.302	-3018.851	168.5489	1.620254	3.155635
10014	-2860.267	-3029.018	168.7518	1.625433	3.031576
10020	-2858.375	-3027.064	168.6888	1.653348	3.052582
10026	-2855.6	-3023.932	168.3322	1.653348	3.264397
10032	-2856.703	-3025.032	168.3281	1.532893	3.337801
10038	-2853.91	-3022.5	168.5903	1.532893	3.182954
10044	-2861.168	-3029.745	168.5765	1.546661	3.182954
10050	-2859.901	-3028.42	168.5195	1.547244	3.216419
10056	-2874.566	-3042.903	168.3378	1.480615	3.362818
10062	-2858.229	-3026.959	168.7297	1.672854	3.016395
10068	-2851.999	-3020.731	168.7325	1.727335	2.982028
10074	-2853.416	-3022.114	168.6978	1.762027	2.982028
10080	-2851.678	-3020.472	168.7936	1.76386	2.923232
10086	-2854.128	-3022.987	168.8583	1.759861	2.886598
10092	-2865.658	-3034.478	168.82	1.680811	2.957361
10098	-2851.501	-3019.881	168.3804	1.705189	3.205217
10104	-2854.422	-3023.32	168.898	1.715773	2.889247
10110	-2865.317	-3033.536	168.2186	1.705831	3.300456
10116	-2851.13	-3019.752	168.6223	1.859464	2.96887
10122	-2859.492	-3027.902	168.4099	1.702586	3.189307
10128	-2862.094	-3030.71	168.6161	1.571389	3.144784
10134	-2872.263	-3041.009	168.7459	1.571389	3.06739
10140	-2851.742	-3020.539	168.797	1.836732	2.877178
10146	-2860.275	-3028.629	168.3543	1.536334	3.320386
10152	-2861.007	-3029.274	168.2674	1.53102	3.374572
10158	-2856.653	-3025.173	168.5207	1.53102	3.225304
10164	-2859.583	-3028.27	168.6874	1.781762	2.976392
10170	-2865.92	-3034.384	168.4641	1.693199	3.162695
10176	-2865.364	-3034.228	168.8641	1.448258	3.070359
10182	-2847.737	-3016.285	168.5481	1.629116	3.15086
10188	-2852.311	-3020.922	168.6104	1.701751	3.070464
10194	-2848.739	-3017.615	168.8756	1.944432	2.763945
10200	-2857.714	-3026.315	168.6015	1.650853	3.106138
10206	-2855.894	-3024.555	168.6608	1.650853	3.07081
10212	-2861.517	-3029.979	168.4619	1.650853	3.189158
10218	-2852.34	-3020.809	168.4688	1.759602	3.120412
10224	-2856.746	-3025.292	168.5462	1.444667	3.261281
10230	-2862.882	-3031.737	168.855	1.970892	2.760378
10236	-2863.532	-3032.58	169.048	2.071164	2.579938
10242	-2858.664	-3027.239	168.5742	1.713603	3.084991
10248	-2853.547	-3022.11	168.5629	1.656931	3.125539
10254	-2871.463	-3040.096	168.6329	1.786542	3.006289
10260	-2863.818	-3032.703	168.8846	1.534795	3.006289
10266	-2859.665	-3027.854	168.1893	1.513531	3.430576
10272	-2853.211	-3021.262	168.0518	1.340036	3.611854
10278	-2852.773	-3020.784	168.0104	1.381387	3.611854
10284	-2858.047	-3026.317	168.2695	1.437982	3.427882
10290	-2854.318	-3022.643	168.325	1.463657	3.380271
10296	-2847.06	-3015.458	168.3986	1.463657	3.337062
10302	-2850.48	-3019.389	168.9096	1.448978	3.042726
10308	-2852.016	-3020.449	168.4335	1.524397	3.2807
10314	-2860.468	-3029.035	168.5671	1.752598	3.06597
10320	-2854.332	-3022.659	168.3276	1.606697	3.294664
10326	-2853.675	-3022.217	168.5422	1.445793	3.262988
10332	-2859.984	-3028.696	168.712	1.577706	3.083888
10338	-2853.564	-3022.259	168.695	1.600353	3.080531
10344	-2857.255	-3025.454	168.199	1.687667	3.322707
10350	-2863.023	-3031.235	168.2111	1.46654	3.445348
10356	-2872.297	-3040.644	168.3478	1.511021	3.339095
10362	-2856.14	-3024.376	168.2357	1.362121	3.49198
10368	-2855.833	-3024.314	168.481	1.552736	3.23596
10374	-2852.023	-3020.129	168.1057	1.493709	3.491062
10380	-2866.711	-3034.81	168.0991	1.45408	3.517989
10386	-2870.879	-3038.42	167.5412	1.231606	3.968417
10392	-2860.82	-3029.032	168.2121	1.294876	3.544934
10398	-2866.403	-3034.541	168.1385	1.368484	3.544934
10404	-2866.774	-3034.817	168.0425	1.532099	3.505522
10410	-2861.044	-3029.614	168.5699	1.545201	3.187723
10416	-2853.381	-3021.561	168.1801	1.477265	3.457202
10422	-2852.78	-3021.03	168.2501	1.465893	3.422858
10428	-2865.508	-3033.548	168.0399	1.461431	3.548167
10434	-2865.235	-3033.439	168.2034	1.427976	3.472352
10440	-2862.478	-3030.667	168.1898	1.515471	3.429165
10446	-2858.506	-3026.705	168.1983	1.506952	3.429165
10452	-2851.219	-3019.73	168.5115	1.638734	3.166888
10458	-2845.264	-3013.576	168.3117	1.421782	3.41264
10464	-2846.826	-3015.229	168.4026	1.476196	3.327329
10470	-2850.461	-3018.673	168.2114	1.476196	3.439534
10476	-2866.901	-3035.358	168.4564	1.529394	3.264256
10482	-2865.498	-3033.903	168.4053	1.647636	3.224589
10488	-2854.657	-3023.206	168.5487	1.610684	3.161481
10494	-2852.218	-3020.647	168.4285	1.592519	3.243478
10500	-2853.881	-3022.302	168.4217	1.451525	3.330611
