Iteration	Posterior	Likelihood	Prior	gain_loss_neo	part_rate_trans	tree_length
0	-353.699	-522.4559	168.7569	3.035892	1.19289	1.60398
6	-351.3457	-520.4026	169.0569	2.470139	1.566352	1.409665
12	-357.3463	-525.7653	168.419	2.459416	1.334164	2.031558
18	-365.3946	-534.4078	169.0131	1.537872	1.34777	2.146009
24	-357.7248	-527.5194	169.7946	1.278695	1.359961	1.778853
30	-360.2329	-530.1673	169.9345	1.084746	1.425257	1.769266
36	-357.8013	-526.6747	168.8734	2.649082	1.482089	1.510123
42	-363.9905	-534.1296	170.1391	1.3168	1.482089	1.411271
48	-362.1433	-531.0207	168.8774	2.079054	1.923044	1.513177
54	-362.2979	-532.2878	169.9899	1.343381	1.923044	1.150358
60	-353.7075	-522.9698	169.2622	1.883242	1.884985	1.375212
66	-351.3616	-520.0615	168.6999	2.618459	1.76929	1.441476
72	-352.8526	-521.8368	168.9843	2.795623	1.4401	1.374921
78	-355.3466	-524.9407	169.594	1.368891	2.236319	1.200863
84	-356.9079	-526.9621	170.0542	1.0028	2.236319	1.113078
90	-347.5704	-515.9354	168.365	3.69119	1.772588	1.11034
96	-353.3262	-521.2885	167.9623	3.217564	2.452472	1.137419
102	-354.0104	-523.5033	169.493	1.788223	1.524264	1.537611
108	-364.058	-532.6338	168.5758	2.710604	1.524264	1.663421
114	-351.0552	-520.3748	169.3196	1.924455	1.172343	1.827103
120	-345.8665	-515.7355	169.869	1.38505	1.49355	1.55684
126	-362.6739	-531.3507	168.6768	2.726886	1.450258	1.635438
132	-357.3761	-526.231	168.8549	2.448445	1.80666	1.392925
138	-347.0242	-515.7163	168.6921	2.768253	1.04866	1.884288
144	-350.9921	-520.5206	169.5285	1.631885	1.106224	1.906651
150	-348.0956	-517.7277	169.6321	1.817157	1.320885	1.566186
156	-345.2601	-514.4158	169.1557	2.635105	1.155738	1.55061
162	-344.2639	-512.9084	168.6445	2.989207	1.481505	1.497958
168	-338.5283	-507.2668	168.7386	2.269266	2.107241	1.359052
174	-340.1728	-509.3982	169.2254	2.226987	1.272492	1.645743
180	-348.4752	-517.5375	169.0624	2.489579	1.329989	1.572184
186	-353.4401	-522.1867	168.7466	2.391235	1.824075	1.496475
192	-361.8236	-531.2948	169.4711	1.689185	1.595129	1.566697
198	-344.3357	-513.6911	169.3555	1.797061	1.438043	1.694
204	-348.4779	-518.4251	169.9472	1.417486	1.291714	1.624434
210	-346.6836	-515.2961	168.6125	2.608777	1.617534	1.624434
216	-342.2281	-511.058	168.8299	2.501552	1.783808	1.398337
222	-339.369	-508.217	168.848	2.128073	1.74331	1.636632
228	-349.9571	-519.1573	169.2002	2.128073	1.647145	1.447067
234	-343.9159	-513.2717	169.3558	1.720032	1.420456	1.754372
240	-354.5573	-523.4564	168.8991	1.853168	1.413892	1.990234
246	-354.3044	-523.0743	168.77	2.33549	1.308062	1.878379
252	-343.4342	-512.0337	168.5994	1.917099	1.936978	1.800799
258	-346.9896	-516.4994	169.5098	1.509329	1.392771	1.800799
264	-349.6279	-519.3796	169.7517	1.509329	1.192378	1.771952
270	-346.9652	-516.8456	169.8804	1.069045	1.192378	1.975731
276	-344.6248	-513.1177	168.4929	2.854817	1.581074	1.606646
282	-356.21	-525.3903	169.1803	1.953184	1.599305	1.606646
288	-357.3907	-527.2118	169.8211	1.520385	1.339128	1.611192
294	-355.206	-524.6926	169.4866	1.154706	1.423175	2.027617
300	-346.0604	-515.435	169.3746	1.352491	1.377858	2.003692
306	-359.9774	-528.63	168.6525	2.892951	1.739131	1.345472
312	-356.7742	-526.2896	169.5154	1.934786	1.387198	1.527937
318	-354.7406	-523.947	169.2064	1.864574	1.387198	1.792687
324	-354.0964	-523.0306	168.9342	2.388181	1.714336	1.439269
330	-355.8376	-525.7993	169.9617	0.9708335	1.727792	1.61598
336	-351.5478	-521.2769	169.7291	1.336783	1.230098	1.874532
342	-349.0533	-519.1291	170.0758	0.971731	1.663369	1.579143
348	-346.5287	-514.7598	168.2311	2.952273	1.687286	1.668711
354	-347.9021	-517.9603	170.0582	1.411062	1.782964	1.156472
360	-351.5623	-521.4928	169.9305	1.452422	1.768805	1.244443
366	-339.1718	-508.7589	169.5871	1.676385	1.426932	1.613204
372	-357.1486	-525.771	168.6224	2.793124	1.665968	1.481005
378	-357.1234	-526.6278	169.5044	1.309814	1.487632	1.869959
384	-350.3951	-519.9	169.5049	1.449277	1.372121	1.857253
390	-347.0477	-515.9516	168.9039	2.646679	1.372121	1.570312
396	-358.5456	-528.2814	169.7358	1.212726	1.889997	1.485359
402	-349.2734	-518.7692	169.4959	1.514266	1.05894	2.033024
408	-355.2685	-524.4005	169.1321	1.549374	1.073972	2.239402
414	-347.433	-516.5375	169.1045	1.549374	1.4667	2.000379
420	-358.1369	-528.1571	170.0202	0.9915683	1.299993	1.860787
426	-343.4018	-513.0637	169.6619	1.803432	1.731195	1.232252
432	-339.898	-508.9925	169.0945	1.588182	1.82797	1.735878
438	-340.6105	-509.9025	169.292	1.588182	1.281046	1.975161
444	-342.6276	-511.7685	169.1409	1.692058	1.989567	1.517274
450	-348.563	-517.995	169.432	1.404141	1.328209	1.965421
456	-343.8221	-512.94	169.1179	1.996812	1.453383	1.728948
462	-343.788	-513.6863	169.8983	1.04991	1.810144	1.544309
468	-350.4529	-520.0807	169.6278	1.04991	1.194568	2.153619
474	-345.5234	-515.2848	169.7614	1.542027	1.246189	1.70601
480	-342.86	-512.2735	169.4135	1.499246	1.47885	1.814418
486	-340.1403	-509.6188	169.4785	1.415794	1.75359	1.630509
492	-351.5777	-521.8779	170.3002	0.8226574	1.969607	1.284586
498	-352.8361	-521.5225	168.6864	2.267649	1.740548	1.673085
504	-346.2615	-516.2772	170.0157	1.215037	1.351382	1.673085
510	-352.7498	-522.6608	169.9111	1.154278	1.238032	1.866874
516	-340.0676	-509.5994	169.5318	1.467665	1.294471	1.880049
522	-360.4434	-529.7331	169.2897	1.786328	0.9332363	2.088745
528	-367.3552	-536.2311	168.876	2.076776	0.9332363	2.195938
534	-357.5085	-526.2279	168.7194	1.688072	1.276767	2.292591
540	-345.9121	-515.3238	169.4117	1.49939	1.174355	2.021541
546	-340.7497	-510.0548	169.3051	1.671247	0.959068	2.129259
552	-344.451	-513.1099	168.6588	1.760746	1.047976	2.434833
558	-343.935	-514.2067	170.2717	1.096241	0.8149419	1.948292
564	-343.9523	-513.5487	169.5964	1.062401	1.087856	2.234976
570	-347.1888	-516.7316	169.5428	1.703977	1.72234	1.406745
576	-350.3462	-519.9057	169.5596	1.70724	1.406306	1.627923
582	-359.9508	-528.5091	168.5582	2.210138	1.669154	1.84494
588	-360.1638	-530.0032	169.8394	1.472591	1.562686	1.465119
594	-365.8488	-535.7845	169.9357	1.249437	1.679015	1.466477
600	-362.1294	-531.2223	169.0929	1.749721	1.679015	1.73886
606	-349.8609	-518.9966	169.1357	1.79922	1.782858	1.602856
612	-363.8105	-533.1588	169.3483	2.054257	1.861974	1.204598
618	-355.9553	-525.2465	169.2912	2.054257	1.795727	1.307103
624	-373.7905	-543.0517	169.2612	2.057699	1.733634	1.378176
630	-377.8105	-546.2819	168.4714	2.680337	1.565508	1.724086
636	-373.2281	-542.1852	168.9571	1.936984	0.9228599	2.226591
642	-365.0603	-533.9433	168.883	2.064916	1.206421	2.018702
648	-358.3941	-527.482	169.0879	1.511266	1.874611	1.757843
654	-351.2997	-520.8073	169.5075	1.388192	1.700264	1.66683
660	-344.4404	-513.8251	169.3846	2.028614	1.440954	1.525912
666	-349.2313	-518.5169	169.2856	1.977195	1.621068	1.49786
672	-345.9109	-514.9718	169.0609	1.868889	1.550215	1.777902
678	-352.4718	-521.0981	168.6263	2.683403	1.72858	1.491474
684	-341.3495	-510.4271	169.0777	2.512794	1.616003	1.328365
690	-348.1079	-516.9118	168.8039	2.399077	2.009227	1.302911
696	-353.6356	-522.1464	168.5108	3.649209	1.462689	1.274486
702	-346.986	-515.5321	168.5461	2.802711	1.664232	1.534161
708	-347.1645	-517.0299	169.8654	1.30512	1.605215	1.533867
714	-339.8479	-509.349	169.5011	1.543854	1.564616	1.663474
720	-347.6229	-516.4913	168.8684	1.793088	1.446264	2.024225
726	-338.9379	-508.2542	169.3163	1.798676	0.9934204	2.024225
732	-354.0087	-523.1675	169.1589	2.332782	1.538489	1.435269
738	-347.0749	-516.0901	169.0152	2.136389	1.583163	1.626594
744	-353.2726	-522.8082	169.5356	1.538998	1.727305	1.523062
750	-345.1683	-514.3439	169.1756	1.449677	0.971802	2.336675
756	-348.931	-517.8585	168.9275	1.5622	1.232696	2.261247
762	-349.3631	-518.8999	169.5368	1.098508	1.070551	2.261247
768	-348.9036	-518.1624	169.2588	2.108037	1.119182	1.798835
774	-352.6927	-520.9809	168.2882	2.508075	1.420382	2.036296
780	-347.9104	-517.0313	169.121	1.936825	2.11456	1.266914
786	-349.2126	-518.7711	169.5584	1.56106	2.049443	1.235845
792	-346.8946	-515.8525	168.958	2.554225	1.254763	1.666442
798	-345.3239	-514.8799	169.556	1.506101	1.254763	1.866026
804	-343.8681	-512.9141	169.046	1.758436	1.224885	2.0735
810	-352.8615	-522.9583	170.0969	1.230102	1.026739	1.833104
816	-351.9346	-520.9013	168.9667	1.806282	1.863762	1.661895
822	-352.2074	-521.5721	169.3648	1.69536	1.134534	1.959175
828	-347.6594	-516.6961	169.0367	1.818677	1.359873	1.954474
834	-362.5622	-531.9468	169.3846	1.585567	1.946058	1.439355
840	-357.521	-527.286	169.765	1.409757	1.665407	1.48876
846	-351.2952	-520.5668	169.2716	1.426264	1.696773	1.809467
852	-356.4432	-524.9858	168.5426	2.790968	1.653982	1.550623
858	-359.8153	-529.7069	169.8915	1.543783	1.329717	1.550623
864	-365.5163	-534.3884	168.8721	1.783518	1.331261	2.103247
870	-360.2977	-529.0122	168.7145	2.624689	1.514513	1.616558
876	-350.5767	-520.2467	169.67	1.159314	1.131875	2.095843
882	-352.6794	-521.3774	168.698	2.743912	1.901935	1.263887
888	-353.4483	-523.2837	169.8354	1.196757	1.81169	1.481175
894	-353.9462	-522.6859	168.7397	2.135796	1.374441	1.96295
900	-349.7309	-518.7814	169.0506	1.932219	1.177018	2.001541
906	-346.4588	-516.1402	169.6814	1.730132	1.352931	1.563091
912	-347.0585	-515.9558	168.8973	1.889686	1.891359	1.639622
918	-354.8043	-523.3462	168.5419	2.773992	1.937674	1.343693
924	-345.5116	-514.0813	168.5696	2.81763	1.87674	1.344945
930	-359.3218	-528.5003	169.1785	2.064605	1.542843	1.580504
936	-356.2413	-524.9942	168.7529	2.045363	1.7636	1.738687
942	-365.199	-533.1344	167.9354	3.003608	1.94796	1.668023
948	-361.3454	-530.6431	169.2977	1.849843	1.83598	1.408418
954	-356.732	-526.1185	169.3865	1.85849	1.542527	1.5572
960	-361.6016	-530.5773	168.9756	1.540962	2.40829	1.430146
966	-361.4571	-530.3996	168.9426	2.117772	2.211675	1.207314
972	-359.7213	-528.9854	169.2641	1.515897	1.780904	1.696744
978	-372.7642	-542.203	169.4389	1.444736	2.040988	1.425808
984	-357.8936	-526.4236	168.53	2.632466	2.040988	1.354048
990	-350.0014	-518.9876	168.9862	1.975193	2.040988	1.407199
996	-344.9302	-514.0732	169.1429	1.922867	1.69424	1.583683
1002	-341.4461	-510.7049	169.2587	1.609369	1.276192	1.98767
1008	-348.0579	-517.3779	169.3199	1.77736	0.8911311	2.101769
1014	-357.1879	-526.1414	168.9535	1.827511	0.9104177	2.297822
1020	-348.6669	-518.0962	169.4293	1.369732	1.686499	1.744454
1026	-350.1193	-519.0355	168.9162	1.770517	1.535051	1.946298
1032	-353.5718	-522.8652	169.2934	1.858529	1.535051	1.630446
1038	-350.5471	-520.3536	169.8065	1.203796	1.990579	1.360029
1044	-367.0935	-535.8924	168.799	2.578509	1.998281	1.201369
1050	-366.7333	-535.4516	168.7183	1.750021	2.916285	1.059837
1056	-350.772	-520.8703	170.0983	1.213525	1.801195	1.269687
1062	-348.7323	-518.0396	169.3073	1.554394	1.752245	1.660915
1068	-356.1109	-525.8425	169.7316	1.084506	1.663537	1.744658
1074	-357.7067	-526.5678	168.8611	1.875207	1.331501	2.057384
1080	-357.0238	-526.1202	169.0964	1.623169	1.320945	2.057384
1086	-361.1994	-530.5769	169.3775	1.826821	1.078829	1.909325
1092	-354.1658	-523.6286	169.4628	1.715465	1.46575	1.649458
1098	-343.0821	-512.2497	169.1676	1.655288	2.014146	1.503826
1104	-347.6564	-516.8056	169.1492	1.558954	1.498872	1.942963
1110	-368.124	-537.3191	169.1951	1.265722	1.352242	2.193531
1116	-364.4323	-533.3093	168.877	1.692867	1.688877	1.915803
1122	-368.7195	-537.6931	168.9736	1.087351	1.166337	2.563203
1128	-366.391	-535.0872	168.6962	1.495475	0.8245193	2.700861
1134	-354.6	-524.8095	170.2095	0.9367908	1.357916	1.727329
1140	-369.192	-538.1029	168.9109	1.46921	1.566821	2.111722
1146	-369.2936	-537.2407	167.947	3.42955	2.077049	1.347211
1152	-363.8014	-531.8894	168.088	3.280165	1.756617	1.559255
1158	-354.7539	-523.8859	169.1319	2.794842	1.56595	1.148486
1164	-360.5243	-529.6213	169.097	1.949248	1.920796	1.431561
1170	-359.0501	-528.4329	169.3828	1.995192	1.283223	1.662728
1176	-374.0533	-543.3543	169.3009	1.471596	1.399977	1.962275
1182	-350.4124	-519.816	169.4036	1.967872	1.418159	1.566764
1188	-355.5598	-524.3567	168.7969	2.050592	1.833662	1.654719
1194	-360.9625	-529.4841	168.5216	3.167402	1.619942	1.392056
1200	-358.8166	-526.9564	168.1398	3.586993	1.444733	1.603454
1206	-361.8828	-530.2832	168.4005	2.974755	1.936521	1.342883
1212	-366.551	-535.15	168.599	2.548937	2.393846	1.045058
1218	-349.8331	-518.1188	168.2857	2.305246	2.62704	1.282042
1224	-349.0353	-518.0126	168.9774	2.351019	1.906918	1.275647
1230	-348.9526	-516.8925	167.9399	3.387233	2.210889	1.267
1236	-362.1451	-530.4703	168.3251	2.84424	2.210889	1.256545
1242	-357.5016	-525.5998	168.0981	3.013728	2.344818	1.23398
1248	-357.6697	-526.5105	168.8408	2.276063	2.024764	1.339013
1254	-355.4013	-524.9957	169.5943	1.437303	1.893757	1.424909
1260	-349.9841	-518.5383	168.5542	2.840636	1.476912	1.644951
1266	-351.6715	-519.3496	167.6781	4.015516	1.585638	1.644951
1272	-348.216	-516.992	168.776	2.581286	1.446273	1.644951
1278	-347.3214	-515.8852	168.5639	2.448835	1.889907	1.550116
1284	-338.1423	-507.0429	168.9006	2.357434	1.889907	1.347319
1290	-344.2299	-513.0429	168.813	2.45215	1.903603	1.347319
1296	-347.2365	-516.573	169.3365	2.073748	1.527617	1.468605
1302	-357.9306	-527.3713	169.4407	1.908671	1.644879	1.406172
1308	-355.8484	-524.2432	168.3948	2.998148	2.033751	1.255148
1314	-351.8696	-520.3951	168.5255	2.814361	2.033751	1.255148
1320	-357.1504	-526.2549	169.1045	1.774106	1.936072	1.529553
1326	-358.0101	-526.922	168.9119	2.088655	2.153462	1.301274
1332	-371.552	-539.7073	168.1553	2.303275	2.946179	1.121614
1338	-365.554	-535.0172	169.4632	1.511859	2.092487	1.316432
1344	-356.2613	-525.9933	169.732	1.336556	1.654235	1.573648
1350	-354.8684	-524.0105	169.1422	1.975771	1.73575	1.520235
1356	-364.3823	-534.0143	169.632	1.243801	1.697026	1.680077
1362	-364.8505	-534.5691	169.7186	1.258255	1.664721	1.631076
1368	-358.2535	-527.5323	169.2788	1.974768	1.547762	1.558895
1374	-364.5801	-534.133	169.5529	1.410589	1.074435	2.049779
1380	-357.4246	-526.6856	169.261	1.410589	1.702425	1.823147
1386	-355.4229	-524.7189	169.2961	1.746651	1.509425	1.71715
1392	-364.6792	-533.8953	169.2161	2.081345	1.967269	1.208272
1398	-363.4383	-530.8953	167.457	3.499324	2.501518	1.363394
1404	-361.4307	-530.6376	169.2069	1.639815	2.482533	1.101218
1410	-361.9654	-530.969	169.0036	1.690436	1.802646	1.752048
1416	-365.7292	-534.1308	168.4016	1.906713	1.28401	2.367466
1422	-357.2263	-526.4956	169.2692	1.932286	1.305045	1.765386
1428	-354.6162	-523.5767	168.9605	1.900713	1.573919	1.811942
1434	-353.0385	-522.4765	169.4379	1.477996	1.492487	1.801881
1440	-357.1778	-526.9738	169.796	0.9778246	1.333344	1.998885
1446	-347.0067	-516.5324	169.5257	1.392572	1.333344	1.906241
1452	-358.1622	-527.6054	169.4432	1.431847	1.933356	1.513379
1458	-356.4811	-526.4262	169.9452	1.013865	1.554078	1.721099
1464	-344.4929	-513.6617	169.1688	1.7662	1.11166	2.062596
1470	-346.5231	-515.7398	169.2167	1.455174	1.304617	2.091776
1476	-353.7491	-523.0405	169.2914	1.359984	1.087658	2.243217
1482	-365.9936	-535.2984	169.3049	1.908603	1.471944	1.636368
1488	-366.1732	-536.1132	169.9399	1.112262	1.215628	1.890897
1494	-352.844	-522.085	169.241	2.070497	1.415632	1.623968
1500	-356.9464	-526.4972	169.5508	1.342864	1.528714	1.787779
1506	-353.1522	-522.7971	169.6449	1.342864	1.528714	1.721936
1512	-355.6676	-525.0376	169.37	1.614375	1.426804	1.806732
1518	-348.751	-517.6886	168.9377	1.696804	1.705548	1.860797
1524	-349.6256	-519.0699	169.4444	1.324831	1.444367	1.93019
1530	-355.4021	-524.6396	169.2374	2.223872	1.895107	1.1508
1536	-348.5452	-517.4494	168.9043	2.223872	1.83471	1.469993
1542	-353.5491	-522.5544	169.0053	2.223872	1.720412	1.48
1548	-358.3295	-527.7538	169.4243	1.675467	1.137356	1.929266
1554	-350.1557	-519.4321	169.2764	1.58034	1.64792	1.739693
1560	-363.8199	-533.5373	169.7175	1.035923	1.454665	1.931235
1566	-348.2376	-517.2189	168.9813	1.767893	2.266231	1.375916
1572	-347.2022	-516.3269	169.1247	1.740569	1.905868	1.559021
1578	-346.4939	-515.3815	168.8876	1.769001	1.644883	1.892266
1584	-353.6909	-522.7685	169.0776	2.03457	1.44217	1.742769
1590	-360.7612	-530.253	169.4918	1.585491	1.043162	2.002258
1596	-359.5795	-529.2485	169.669	1.282539	1.531655	1.74408
1602	-366.715	-536.3427	169.6277	1.282539	1.082312	2.076636
1608	-364.7786	-533.7351	168.9564	1.424261	0.8252707	2.581386
1614	-366.8517	-535.4637	168.6121	2.328839	1.187738	2.06827
1620	-352.5664	-521.2179	168.6515	2.328839	1.347196	1.935744
1626	-360.5867	-529.5498	168.9631	1.98076	1.476115	1.830279
1632	-354.3515	-523.1752	168.8238	2.477508	1.401285	1.699376
1638	-360.242	-527.9206	167.6785	3.605344	1.401285	1.947086
1644	-350.9232	-519.4401	168.5169	2.766364	1.785207	1.485287
1650	-359.3774	-528.8697	169.4924	1.788536	0.8182785	2.029558
1656	-362.3082	-530.3586	168.0504	3.533945	1.983354	1.28509
1662	-361.4866	-529.9205	168.4339	3.085235	1.522619	1.574099
1668	-351.9068	-521.1817	169.2749	1.916491	1.313628	1.764913
1674	-356.9894	-525.4252	168.4358	3.05411	1.609146	1.524696
1680	-354.5766	-522.4172	167.8407	3.520807	2.203713	1.28326
1686	-354.491	-521.6514	167.1605	4.399648	2.731204	0.939787
1692	-359.2937	-527.34	168.0463	3.682071	1.877742	1.298071
1698	-360.4921	-528.2072	167.7151	4.419385	2.096554	1.010509
1704	-359.472	-528.4806	169.0085	2.658074	1.822462	1.119318
1710	-359.2657	-528.5266	169.2609	1.742686	1.21717	1.944881
1716	-351.0694	-520.6679	169.5985	1.742686	1.368196	1.604377
1722	-352.4874	-522.1999	169.7125	1.779821	1.464099	1.422882
1728	-343.6564	-513.2986	169.6421	1.608902	1.549878	1.527753
1734	-352.0055	-520.5421	168.5366	2.294079	1.399791	1.996052
1740	-353.8291	-522.9378	169.1087	2.475578	1.08596	1.721906
1746	-348.9606	-518.0002	169.0396	2.394697	1.602551	1.440207
1752	-364.4369	-533.7916	169.3547	2.037478	1.743028	1.309742
1758	-362.9424	-532.3205	169.3781	1.902291	1.743028	1.382719
1764	-353.101	-522.9689	169.8679	1.269389	2.066289	1.194417
1770	-331.8257	-500.9053	169.0796	1.970328	1.950954	1.407855
1776	-340.2961	-509.7474	169.4513	1.73994	1.663862	1.496576
1782	-343.4863	-512.8807	169.3944	1.830931	1.6195	1.512146
1788	-338.6604	-506.9899	168.3295	3.024352	1.622899	1.607913
1794	-352.581	-521.7459	169.1649	1.892674	1.760828	1.537698
1800	-351.7256	-521.0599	169.3344	2.188004	1.171384	1.662781
1806	-356.6881	-525.448	168.7599	2.06419	1.110508	2.163062
1812	-358.4633	-526.9585	168.4952	1.859	2.371308	1.602612
1818	-347.6976	-517.2714	169.5739	1.759544	1.507318	1.508942
1824	-345.8748	-515.3527	169.4779	1.651427	1.567675	1.606756
1830	-354.0018	-523.7545	169.7528	1.088493	1.077657	2.123237
1836	-355.8176	-524.4028	168.5852	2.907057	1.527065	1.551313
1842	-350.426	-519.5017	169.0757	2.213933	1.937956	1.259306
1848	-351.5981	-520.0761	168.478	3.005477	1.937956	1.261307
1854	-340.4644	-509.5134	169.0489	1.919849	2.473883	1.02428
1860	-342.794	-511.9248	169.1307	2.32531	2.057171	1.02428
1866	-346.5834	-514.1046	167.5212	4.322692	2.101606	1.230996
1872	-345.4212	-514.3767	168.9555	2.258937	1.91407	1.346754
1878	-349.6138	-518.923	169.3092	1.12084	2.300151	1.565209
1884	-337.5032	-507.0358	169.5325	1.74752	1.483421	1.565209
1890	-346.9435	-515.8869	168.9434	1.982667	1.606	1.752702
1896	-349.0689	-518.829	169.7601	1.395309	1.331595	1.744138
1902	-354.5225	-523.6878	169.1653	2.563072	1.496011	1.323628
1908	-357.5849	-527.4839	169.899	1.01862	1.981324	1.438528
1914	-370.2936	-538.2097	167.9161	3.179998	1.970252	1.578034
1920	-348.1759	-518.2859	170.11	1.334331	1.272395	1.578034
1926	-356.9754	-525.716	168.7406	2.132317	1.714315	1.731202
1932	-355.2456	-525.3595	170.1139	1.178873	1.702791	1.363943
1938	-348.1283	-517.5973	169.469	1.580058	1.383011	1.790325
1944	-346.3246	-515.9155	169.5909	1.293334	1.513411	1.803844
1950	-348.2299	-518.0716	169.8418	1.357635	1.667953	1.466492
1956	-357.7621	-526.2358	168.4737	3.006057	1.797424	1.377642
1962	-369.9751	-540.1042	170.1291	1.281327	1.270552	1.602942
1968	-362.2948	-532.0484	169.7536	1.413907	1.147022	1.864073
1974	-360.7131	-529.8221	169.1089	1.950743	1.355959	1.830223
1980	-363.3884	-532.539	169.1506	2.307311	1.355959	1.592889
1986	-367.6044	-537.2348	169.6304	1.953327	1.364562	1.446399
1992	-371.3818	-540.8201	169.4383	1.68482	1.190204	1.87823
1998	-375.288	-543.9216	168.6336	2.216391	1.190204	2.111758
2004	-359.8769	-529.4711	169.5941	1.261521	1.68668	1.702014
2010	-353.0055	-522.4034	169.3979	1.72765	1.37681	1.750703
2016	-341.5188	-510.9414	169.4226	1.471502	1.352593	1.912269
2022	-347.5971	-516.4725	168.8753	1.340257	1.666503	2.150158
2028	-343.1226	-512.6304	169.5078	1.84804	1.336488	1.625594
2034	-351.9937	-521.5516	169.5579	1.760059	1.515208	1.514648
2040	-351.9806	-522.0338	170.0532	1.078491	1.365467	1.732389
2046	-354.3905	-524.0721	169.6816	1.078491	1.553213	1.859797
2052	-346.3611	-515.7729	169.4118	2.316641	1.536353	1.245279
2058	-346.0336	-515.5304	169.4968	1.265656	1.347468	1.998618
2064	-356.8231	-527.0257	170.2027	1.024737	1.155112	1.812182
2070	-345.8313	-514.8979	169.0666	2.29872	1.649336	1.441732
2076	-339.0856	-508.7941	169.7085	1.461378	1.434158	1.663669
2082	-345.4178	-514.2043	168.7864	3.062768	1.468733	1.359124
2088	-347.3561	-517.1192	169.7631	1.376806	1.307297	1.771434
2094	-349.6458	-518.6361	168.9903	1.650998	2.236511	1.472794
2100	-348.3489	-517.8725	169.5236	1.215542	1.87845	1.64772
2106	-342.8409	-511.9885	169.1476	2.362293	1.448894	1.494169
2112	-340.6914	-509.9438	169.2524	1.697295	1.590285	1.722104
2118	-334.1821	-504.4207	170.2386	1.203819	1.346766	1.522196
2124	-336.9831	-506.3257	169.3426	2.359093	1.261739	1.490128
2130	-348.2374	-518.3605	170.1231	1.155198	1.856171	1.251275
2136	-343.4042	-512.7832	169.3791	1.775859	1.870771	1.368531
2142	-350.2464	-519.5856	169.3392	2.003431	1.870771	1.240998
2148	-348.7848	-517.3691	168.5842	2.299942	1.758572	1.714465
2154	-343.955	-513.3079	169.3528	2.067742	0.9719813	1.85847
2160	-355.0585	-524.7784	169.7199	1.052725	1.510273	1.880507
2166	-355.6304	-524.8989	169.2685	2.111001	0.9878835	1.880661
2172	-353.5462	-522.4293	168.8831	1.523326	1.221535	2.319892
2178	-361.7009	-530.7573	169.0564	1.523326	1.152306	2.253289
2184	-356.3203	-524.9586	168.6383	1.554162	1.184484	2.47977
2190	-353.1669	-523.311	170.1441	1.363278	1.010505	1.72151
2196	-353.207	-521.6737	168.4666	2.712665	1.041542	2.067267
2202	-350.2425	-519.4064	169.1639	2.394137	1.154887	1.678725
2208	-355.8985	-525.0141	169.1157	1.881189	1.274139	1.92224
2214	-366.0004	-533.9741	167.9737	3.199102	1.511524	1.852296
2220	-369.0597	-538.3669	169.3072	1.595669	1.315532	1.937184
2226	-361.7702	-530.6412	168.871	1.704472	1.131213	2.279272
2232	-363.815	-532.4586	168.6436	1.499715	2.569882	1.586492
2238	-365.5038	-535.8743	170.3704	0.9519284	1.837543	1.229511
2244	-350.7969	-520.3681	169.5712	1.264454	1.803743	1.632741
2250	-349.1226	-518.1918	169.0692	1.753009	1.945177	1.562772
2256	-352.4211	-521.709	169.2879	1.694006	1.371738	1.851268
2262	-341.4051	-510.9171	169.512	2.00449	1.30979	1.543856
2268	-355.2496	-523.4781	168.2285	1.821174	0.9229498	2.745926
2274	-349.3011	-518.0052	168.7041	1.694085	1.262178	2.308232
2280	-349.9111	-519.3291	169.418	1.526672	1.215906	1.972584
2286	-357.6648	-527.0639	169.3991	1.567745	1.335924	1.878546
2292	-358.9585	-528.0716	169.113	1.805227	1.42805	1.864582
2298	-347.9201	-517.2415	169.3214	1.928585	1.643526	1.485273
2304	-356.0836	-524.8601	168.7765	1.839355	1.360268	2.114668
2310	-356.9167	-526.077	169.1603	1.758432	1.964063	1.477198
2316	-353.1943	-523.4616	170.2673	1.08331	1.506691	1.470286
2322	-353.1682	-522.676	169.5077	1.855502	1.394539	1.578741
2328	-351.9636	-521.3524	169.3888	1.658801	1.858723	1.451689
2334	-370.8915	-538.3075	167.416	4.130018	1.964773	1.50976
2340	-358.195	-526.9155	168.7205	2.810381	1.596293	1.44993
2346	-352.5033	-521.2435	168.7402	2.318665	1.613242	1.696395
2352	-359.0535	-529.0886	170.0352	1.238259	1.234298	1.726084
2358	-353.6698	-523.3939	169.7242	1.375016	1.12767	1.922465
2364	-344.3017	-513.7747	169.473	1.696573	1.446272	1.668237
2370	-351.9366	-520.9375	169.0008	2.168168	1.405607	1.744528
2376	-348.7683	-517.8158	169.0475	1.962186	1.7985	1.552513
2382	-354.782	-524.1405	169.3585	1.717781	1.7985	1.479992
2388	-364.9433	-534.0311	169.0878	2.237577	1.914862	1.252609
2394	-377.8693	-546.4024	168.5331	2.237577	2.245002	1.43169
2400	-374.5974	-543.2741	168.6767	2.437279	1.995184	1.391595
2406	-370.8101	-539.0868	168.2767	2.891276	1.98809	1.44529
2412	-366.2661	-535.7793	169.5132	1.682159	1.615305	1.525379
2418	-359.5964	-528.5919	168.9955	1.682159	1.390167	2.042867
2424	-353.7944	-523.0441	169.2497	1.809519	1.65263	1.608038
2430	-356.1974	-524.844	168.6467	2.396851	2.313732	1.181073
2436	-349.3824	-518.2626	168.8802	2.643866	1.604032	1.41529
2442	-355.7335	-524.5253	168.7919	2.745029	1.400155	1.578624
2448	-358.1285	-526.8879	168.7594	2.46219	1.373429	1.772408
2454	-351.0943	-519.5641	168.4698	2.848755	1.708066	1.533651
2460	-348.2809	-517.211	168.9301	2.248395	1.42618	1.734004
2466	-367.714	-536.312	168.598	1.973331	1.764977	1.886768
2472	-355.3305	-523.7078	168.3773	1.967564	1.265518	2.361504
2478	-355.2972	-524.4483	169.1512	1.976798	1.754818	1.498599
2484	-353.4639	-523.0706	169.6067	1.658955	1.348669	1.666763
2490	-344.9675	-513.6448	168.6773	2.658658	1.168429	1.867732
2496	-342.4385	-511.9739	169.5354	1.650397	0.9003076	2.028755
2502	-348.7669	-517.6152	168.8483	1.393675	0.9003076	2.619921
2508	-359.1561	-527.3026	168.1464	1.842894	1.188457	2.621488
2514	-347.6467	-517.0614	169.4146	1.854708	1.352677	1.67665
2520	-355.7887	-524.6338	168.8451	2.401005	1.719964	1.494911
2526	-350.4169	-519.4953	169.0784	2.26869	1.506541	1.558055
2532	-355.395	-524.641	169.246	1.574253	1.627886	1.778834
2538	-350.4825	-519.7161	169.2336	1.829251	1.606776	1.640289
2544	-349.3439	-518.5128	169.1689	1.815316	1.903424	1.478546
2550	-349.0059	-517.6357	168.6298	2.141673	2.118942	1.513058
2556	-349.4832	-518.4686	168.9854	1.688474	2.189737	1.486237
2562	-347.0266	-515.9877	168.9611	2.831542	1.545828	1.288039
2568	-342.7906	-511.7613	168.9707	1.933844	1.92604	1.532879
2574	-355.7119	-524.8091	169.0972	1.933844	1.92604	1.437554
2580	-346.5468	-515.5519	169.0052	1.933844	1.828238	1.579556
2586	-346.8846	-515.6329	168.7483	2.389266	1.737232	1.560865
2592	-350.2525	-518.4546	168.2021	2.389266	1.644509	2.005751
2598	-357.2613	-526.4862	169.2249	1.560634	0.9645437	2.243343
2604	-359.248	-528.0545	168.8065	1.670337	1.473949	2.119131
2610	-357.1147	-526.3179	169.2032	1.727892	1.680191	1.67381
2616	-356.6752	-525.2649	168.5896	2.223588	1.556424	1.89303
2622	-353.1195	-521.8193	168.6999	2.720067	1.335914	1.70416
2628	-358.3315	-526.7657	168.4342	2.720067	1.335914	1.888293
2634	-358.1113	-527.1564	169.0451	1.89261	1.257687	1.97408
2640	-357.0898	-526.8271	169.7373	1.473843	0.9537254	1.967517
2646	-356.4779	-525.8167	169.3388	1.522376	1.306664	1.967517
2652	-358.1283	-527.2631	169.1349	1.197253	1.451171	2.211981
2658	-354.6341	-523.9216	169.2875	1.585498	1.879936	1.561833
2664	-356.5516	-526.5009	169.9493	1.253844	1.5607	1.541719
2670	-345.1131	-514.7975	169.6845	1.352168	1.386971	1.787165
2676	-358.7293	-528.8863	170.157	1.00951	1.608456	1.531965
2682	-358.7842	-528.0832	169.2989	1.552806	2.405186	1.159773
2688	-353.3105	-521.5649	168.2544	2.44215	2.657803	1.192281
2694	-350.1211	-519.5021	169.3811	1.933386	1.297836	1.691127
2700	-366.3557	-534.4762	168.1204	2.355156	1.541877	2.1448
2706	-354.056	-522.8431	168.7871	2.018402	1.503502	1.909959
2712	-351.4849	-521.1214	169.6365	1.152043	1.451456	1.909959
2718	-351.7814	-521.8036	170.0222	1.010861	1.801565	1.487333
2724	-361.7214	-530.7697	169.0483	1.685843	1.919909	1.640111
2730	-360.6914	-529.5651	168.8738	2.091626	1.977465	1.467091
2736	-354.4944	-523.2716	168.7772	2.451302	1.559043	1.634421
2742	-351.5843	-520.6776	169.0932	1.823218	1.77723	1.622422
2748	-348.1504	-517.3519	169.2015	2.059796	1.527013	1.578222
2754	-347.002	-515.8989	168.8969	2.052101	1.409729	1.879799
2760	-344.5465	-513.2132	168.6668	2.081197	1.072187	2.238911
2766	-349.3169	-518.333	169.0162	2.081197	1.43119	1.766118
2772	-363.1814	-531.6652	168.4838	2.813192	1.256568	1.862241
2778	-354.9113	-524.2679	169.3565	1.307313	1.110759	2.219147
2784	-346.3346	-515.462	169.1274	1.558124	0.9849019	2.294328
2790	-362.3978	-531.2088	168.811	1.431382	0.9696752	2.577822
2796	-348.1781	-517.4405	169.2624	1.584698	1.261765	2.009964
2802	-348.8978	-518.2898	169.392	1.682464	0.795945	2.172277
2808	-351.9666	-521.0916	169.125	1.600433	1.298154	2.067264
2814	-351.99	-519.8494	167.8594	3.713182	1.600244	1.636396
2820	-343.8418	-513.1949	169.3532	1.546899	1.108441	2.074525
2826	-352.2563	-520.7154	168.4591	3.172261	1.446796	1.567584
2832	-349.7606	-518.3456	168.585	2.976447	1.781931	1.317977
2838	-352.7853	-520.7567	167.9715	2.963979	2.40422	1.317977
2844	-346.7537	-515.7353	168.9816	2.165119	1.825059	1.454899
2850	-338.3988	-507.3815	168.9826	2.215108	1.801965	1.440629
2856	-344.5149	-512.8427	168.3278	2.127215	2.753394	1.262121
2862	-352.9516	-521.403	168.4513	3.152242	1.636619	1.441398
2868	-353.2444	-522.1519	168.9075	2.881735	1.403406	1.41506
2874	-350.2029	-520.1667	169.9638	1.131282	1.408179	1.728261
2880	-350.2123	-518.8356	168.6233	1.759898	1.300488	2.297734
2886	-344.4475	-514.0253	169.5777	1.434355	1.256922	1.895772
2892	-347.3195	-517.2638	169.9444	1.16864	1.256922	1.821323
2898	-350.7779	-520.024	169.2461	1.941858	1.278052	1.794534
2904	-343.7815	-512.8072	169.0257	2.221712	1.339055	1.743234
2910	-346.383	-515.7356	169.3526	2.182165	1.057233	1.734145
2916	-350.1596	-518.888	168.7285	1.839685	1.131477	2.293541
2922	-352.1498	-521.768	169.6182	1.471341	1.789571	1.461728
2928	-349.6773	-519.0902	169.4129	1.317602	1.393156	1.990357
2934	-348.5541	-518.4841	169.9301	1.317602	1.3477	1.665393
2940	-358.6163	-527.748	169.1317	1.939664	1.534018	1.696683
2946	-364.1538	-533.195	169.0412	1.939664	1.371053	1.872752
2952	-374.469	-543.4608	168.9918	2.045036	1.371053	1.84544
2958	-359.8789	-529.5586	169.6797	1.671035	1.361425	1.597046
2964	-354.097	-523.6419	169.5448	1.550377	1.637689	1.574587
2970	-356.9619	-526.3438	169.3819	1.550135	1.378641	1.872267
2976	-345.9997	-515.4152	169.4155	1.555789	1.165657	1.989758
2982	-351.7449	-521.0126	169.2677	1.555789	1.012807	2.187477
2988	-363.2405	-532.7194	169.4789	1.533717	1.012807	2.062751
2994	-368.4606	-538.3031	169.8425	1.359125	1.251702	1.766641
3000	-358.1771	-527.2589	169.0818	1.936258	0.9865517	2.104507
3006	-357.6716	-526.2416	168.57	1.827219	1.0738	2.437529
3012	-349.504	-519.3006	169.7966	1.143208	1.389657	1.848976
3018	-362.6884	-531.3044	168.6159	2.483509	1.389657	1.848976
3024	-359.5266	-528.3798	168.8532	1.906101	1.622716	1.848976
3030	-344.686	-514.3223	169.6363	1.461338	0.9674701	2.033492
3036	-349.9298	-520.0031	170.0734	1.262389	1.329334	1.61415
3042	-354.5514	-523.4041	168.8528	1.902484	1.891377	1.663602
3048	-355.9025	-525.9442	170.0417	1.115462	1.235572	1.805293
3054	-364.9705	-534.213	169.2425	2.11968	1.211805	1.73895
3060	-353.4918	-522.383	168.8912	1.700002	1.113522	2.280217
3066	-361.1556	-530.6092	169.4536	1.583283	1.283962	1.867036
3072	-351.8461	-521.1972	169.3511	1.476301	1.486115	1.867036
3078	-353.8851	-523.1459	169.2608	1.476301	1.110915	2.176468
3084	-356.4892	-525.5128	169.0236	1.311414	1.179046	2.385665
3090	-360.7477	-529.7744	169.0266	2.123926	1.475794	1.702525
3096	-351.2771	-520.5818	169.3047	1.675482	1.58545	1.702525
3102	-345.4808	-515.8892	170.4084	0.8310701	1.146316	1.809255
3108	-348.7196	-518.2657	169.5461	0.9110511	1.770384	1.917961
3114	-348.9919	-518.1817	169.1898	1.294831	1.539806	2.055839
3120	-346.3901	-516.7677	170.3776	0.9176163	1.539806	1.486963
3126	-347.682	-518.3134	170.6314	0.8919896	1.638813	1.227382
3132	-341.1644	-510.3226	169.1582	1.753013	1.787367	1.61298
3138	-349.0732	-519.0263	169.9531	1.398839	1.319406	1.61298
3144	-356.2596	-525.7004	169.4408	1.398839	1.789579	1.643359
3150	-351.2711	-519.9295	168.6584	2.529885	1.956317	1.380623
3156	-351.7635	-520.8741	169.1106	2.475877	1.545434	1.380623
3162	-350.8735	-519.7145	168.841	1.983712	1.757139	1.717841
3168	-344.6173	-514.0525	169.4352	1.638964	1.176842	1.917643
3174	-356.0602	-525.0237	168.9635	1.660362	1.932717	1.707911
3180	-353.8814	-523.6542	169.7728	1.279096	1.876616	1.417792
3186	-349.2967	-519.0432	169.7465	1.077534	1.827052	1.622685
3192	-350.1546	-519.2348	169.0801	1.917505	1.707965	1.622685
3198	-354.3792	-523.7581	169.3789	1.931873	1.396817	1.622685
3204	-358.9371	-527.8747	168.9375	1.828019	1.844791	1.682583
3210	-358.2395	-528.1685	169.929	1.606385	1.260865	1.531091
3216	-352.765	-521.5951	168.8301	2.413058	1.677191	1.531091
3222	-357.578	-525.8009	168.2229	2.699478	1.673571	1.812139
3228	-353.8353	-523.0555	169.2202	1.732188	1.462063	1.812139
3234	-355.7819	-525.1561	169.3741	1.391582	1.330803	2.010326
3240	-349.1444	-518.3392	169.1949	1.842544	1.264022	1.89824
3246	-343.7767	-512.187	168.4103	2.27254	1.264022	2.17969
3252	-345.2639	-513.6647	168.4008	2.892542	1.551399	1.674835
3258	-352.0885	-521.854	169.7655	1.058475	1.637364	1.757452
3264	-341.931	-511.7718	169.8408	1.55853	1.392442	1.53163
3270	-337.3304	-506.8307	169.5003	1.758754	1.551112	1.53163
3276	-350.3216	-519.4608	169.1392	1.758754	1.24494	1.998212
3282	-346.8741	-516.4004	169.5263	1.919862	1.222575	1.64948
3288	-352.5071	-522.0428	169.5356	1.30103	1.558679	1.80556
3294	-337.9228	-506.5029	168.58	2.500534	1.542465	1.759068
3300	-346.1809	-514.8904	168.7095	2.121593	1.54295	1.877333
3306	-346.6112	-515.5798	168.9686	2.442436	1.34483	1.655709
3312	-356.0007	-525.1168	169.1161	1.514505	1.263098	2.148273
3318	-358.1999	-527.5733	169.3734	1.939822	1.74522	1.359257
3324	-366.5453	-535.2662	168.7209	2.181196	2.066485	1.459571
3330	-359.7442	-528.526	168.7817	2.123507	2.017962	1.486082
3336	-347.1821	-515.9411	168.759	2.019572	1.520914	1.916513
3342	-358.9683	-528.1147	169.1464	1.749892	2.025459	1.446878
3348	-353.0948	-522.7635	169.6687	1.374983	1.835705	1.457881
3354	-355.5505	-525.3807	169.8303	1.457463	1.274589	1.693254
3360	-354.3929	-523.2771	168.8842	2.249723	1.636008	1.616399
3366	-359.6427	-528.2756	168.6329	2.138246	1.808364	1.737324
3372	-355.6201	-524.2368	168.6168	2.420724	1.742167	1.635149
3378	-352.2121	-521.2783	169.0661	2.191514	1.475271	1.635149
3384	-353.3144	-522.8392	169.5248	1.629495	1.428249	1.687542
3390	-356.3576	-525.7691	169.4114	1.629495	1.259146	1.883792
3396	-347.0196	-515.9213	168.9017	1.721882	1.072537	2.287162
3402	-349.927	-518.4608	168.5339	2.543007	1.193108	2.006404
3408	-358.6226	-528.1617	169.5391	1.0799	1.157986	2.215437
3414	-358.7505	-527.985	169.2345	1.893096	1.115851	1.94188
3420	-360.2403	-529.2091	168.9688	1.893096	1.514535	1.851582
3426	-363.0699	-532.1582	169.0884	1.668345	1.514084	1.906063
3432	-363.9664	-533.5946	169.6282	1.634563	1.455179	1.590462
3438	-356.9908	-526.142	169.1512	1.520981	1.644554	1.866723
3444	-354.8412	-524.0238	169.1826	1.795511	1.644554	1.671048
3450	-356.0597	-525.1545	169.0948	1.909138	1.640589	1.665756
3456	-352.4656	-521.8135	169.3479	1.704355	1.51309	1.704727
3462	-364.6374	-533.2987	168.6613	2.457465	1.817187	1.526836
3468	-353.9207	-522.8238	168.9031	2.304277	1.552275	1.631693
3474	-347.639	-517.0805	169.4416	1.484229	1.216703	1.982866
3480	-353.2214	-522.8715	169.6501	1.484229	1.439982	1.685818
3486	-359.6121	-529.1625	169.5503	1.409191	1.52984	1.742952
3492	-358.7194	-528.1444	169.425	1.261195	1.52984	1.927321
3498	-362.9588	-532.7224	169.7636	1.264433	0.9667184	2.074885
3504	-344.5435	-514.0106	169.4671	1.218672	1.028818	2.256462
3510	-356.7873	-526.0113	169.224	1.545537	1.570311	1.852134
3516	-356.3552	-525.388	169.0328	1.863853	1.663103	1.721618
3522	-360.681	-529.5545	168.8736	1.105349	1.167444	2.613406
3528	-352.1542	-521.7885	169.6342	1.47402	1.074486	1.955525
3534	-361.2456	-530.9532	169.7076	1.413587	1.092116	1.932764
3540	-355.5149	-525.1596	169.6447	1.701724	1.541471	1.468812
3546	-361.5334	-531.5802	170.0467	1.460234	1.54471	1.326659
3552	-362.4031	-531.2962	168.8931	2.145782	1.785587	1.562497
3558	-364.8743	-533.1136	168.2392	2.556479	2.084587	1.584964
3564	-349.114	-518.5436	169.4297	2.115135	1.661704	1.261971
3570	-351.8216	-521.1469	169.3253	1.446257	1.376967	1.977428
3576	-345.817	-516.0004	170.1834	0.9567819	1.475377	1.648237
3582	-342.1413	-511.3146	169.1733	1.992383	1.643666	1.554986
3588	-340.5484	-509.5221	168.9737	1.47961	1.773307	1.926183
3594	-342.3423	-510.8387	168.4964	2.67771	1.695829	1.614573
3600	-346.8206	-514.9505	168.1299	2.926647	1.466393	1.905062
3606	-353.5588	-522.6474	169.0886	2.04249	1.428843	1.739736
3612	-359.0524	-527.8631	168.8107	2.04249	2.037711	1.500168
3618	-365.4747	-534.5822	169.1075	1.956967	1.576389	1.673191
3624	-352.6	-521.1856	168.5856	2.260884	1.972366	1.582442
3630	-352.7992	-521.029	168.2299	2.663107	2.067619	1.545502
3636	-351.738	-521.1323	169.3944	2.27038	1.626561	1.21505
3642	-344.9674	-513.7384	168.771	2.354501	1.460256	1.762379
3648	-353.0115	-522.7698	169.7582	1.502443	1.208792	1.760469
3654	-364.7045	-534.1587	169.4542	1.962944	1.1887	1.698742
3660	-357.3194	-526.335	169.0156	2.316097	1.298186	1.72583
3666	-365.7096	-535.4778	169.7682	1.432256	1.28483	1.746619
3672	-349.4344	-518.4063	168.9719	2.16136	1.267574	1.863897
3678	-356.9398	-525.9974	169.0576	1.279946	1.052434	2.463286
3684	-355.9015	-525.0615	169.16	1.808102	1.463338	1.806316
3690	-365.2422	-532.9187	167.6765	3.106949	1.566035	2.057554
3696	-365.0352	-534.0929	169.0577	1.893255	1.103949	2.067485
3702	-358.8945	-528.6402	169.7457	1.341879	1.331881	1.789755
3708	-352.5464	-522.1893	169.6429	1.318567	1.432802	1.806668
3714	-366.2306	-535.7003	169.4698	1.610225	1.14314	1.934796
3720	-361.0025	-530.2017	169.1993	1.975097	1.63275	1.554674
3726	-347.1999	-515.4804	168.2804	3.414922	1.481508	1.554674
3732	-346.7393	-515.2176	168.4783	2.269053	2.138672	1.534164
3738	-352.1071	-521.7984	169.6913	1.322406	1.725215	1.561513
3744	-343.2341	-512.1921	168.9581	2.54124	1.409335	1.561513
3750	-351.0789	-520.2618	169.1828	2.111296	1.397395	1.654556
3756	-341.0727	-510.9203	169.8476	1.197747	1.277688	1.853784
3762	-348.6968	-517.9454	169.2486	1.147964	1.971095	1.822745
3768	-348.5333	-517.7266	169.1933	2.06497	1.185934	1.822745
3774	-353.1153	-521.8579	168.7426	1.765232	1.488371	2.095767
3780	-359.0701	-528.0433	168.9731	1.787868	1.536825	1.896205
3786	-359.322	-528.3562	169.0342	2.101204	1.207419	1.896205
3792	-353.3128	-522.7444	169.4316	2.101204	1.262453	1.578206
3798	-361.1131	-530.4013	169.2882	1.820265	1.893752	1.391027
3804	-358.9958	-526.8269	167.8312	3.877159	2.158095	1.140776
3810	-350.5968	-519.4766	168.8798	2.942942	1.379766	1.421115
3816	-353.7081	-522.3515	168.6434	3.199924	1.687424	1.22072
3822	-350.6237	-519.2971	168.6734	2.797405	1.687424	1.423411
3828	-353.438	-522.1306	168.6925	2.768964	1.418025	1.625125
3834	-351.7095	-521.0007	169.2913	1.682659	1.418025	1.824221
3840	-359.2258	-527.498	168.2722	2.822619	2.089008	1.408993
3846	-359.8049	-527.9737	168.1688	2.787376	2.154851	1.457415
3852	-355.4113	-523.9312	168.52	3.085425	1.409592	1.593724
3858	-348.5765	-517.1198	168.5433	3.317742	1.674198	1.249614
3864	-351.7242	-520.8503	169.1261	2.000314	1.952339	1.350315
3870	-346.2877	-515.4869	169.1992	2.000314	1.884237	1.34634
3876	-346.8389	-516.1267	169.2878	2.000314	2.013573	1.165025
3882	-353.5989	-521.8121	168.2132	2.332303	2.630612	1.320602
3888	-358.1783	-526.1568	167.9785	2.719173	3.008819	0.9210736
3894	-358.0503	-527.627	169.5768	1.670082	1.678092	1.438278
3900	-366.5653	-536.0518	169.4864	1.122794	1.678092	1.877676
3906	-360.1816	-529.6349	169.4533	1.081262	1.164082	2.26584
3912	-358.3288	-527.0743	168.7455	2.417011	1.213908	1.915495
3918	-354.0719	-523.3794	169.3074	1.512404	1.271533	2.018139
3924	-353.4746	-522.8726	169.3981	1.451143	1.271533	1.996139
3930	-349.4304	-518.9361	169.5057	1.338467	1.271533	1.996139
3936	-356.3122	-525.7049	169.3927	1.650559	1.291201	1.861573
3942	-356.4461	-525.1194	168.6733	2.087742	2.222214	1.435764
3948	-358.3507	-526.2169	167.8662	3.128615	2.617564	1.129725
3954	-348.6479	-517.925	169.2771	2.319627	1.886912	1.051627
3960	-346.6921	-514.7061	168.014	3.832234	1.945752	1.190556
3966	-352.7541	-521.9245	169.1704	2.004659	1.802837	1.429611
3972	-353.1809	-522.2556	169.0747	2.119064	1.802837	1.429611
3978	-360.273	-529.648	169.375	1.806662	1.802837	1.403552
3984	-355.8547	-525.3245	169.4698	1.785901	1.596889	1.502276
3990	-351.275	-519.7236	168.4486	3.205472	1.609101	1.4369
3996	-350.0298	-518.306	168.2762	2.855093	2.350025	1.173269
4002	-356.8033	-525.3775	168.5742	2.6432	2.20701	1.173269
4008	-351.7873	-520.1783	168.391	2.290757	2.404509	1.385107
4014	-348.5081	-517.167	168.6589	2.579609	1.819812	1.456534
4020	-357.2359	-526.3076	169.0717	2.330325	1.457298	1.563047
4026	-352.6958	-522.093	169.3973	2.037474	1.370655	1.563047
4032	-359.6032	-528.6293	169.0262	1.282113	1.096338	2.454116
4038	-364.7375	-533.9205	169.183	1.430168	1.390603	2.072943
4044	-351.5085	-520.5492	169.0408	2.19627	1.407953	1.698585
4050	-352.8958	-522.4363	169.5405	1.279827	1.008517	2.183537
4056	-345.0691	-515.3286	170.2596	1.310896	1.312375	1.453509
4062	-340.5424	-509.9695	169.4271	1.868973	1.612035	1.468124
4068	-351.6806	-521.4038	169.7232	1.398897	1.738735	1.472738
4074	-360.4558	-529.9718	169.516	1.639062	1.738735	1.459899
4080	-353.0507	-522.3972	169.3465	1.751142	1.964161	1.337698
4086	-363.9434	-533.6148	169.6713	0.9309681	2.314369	1.424844
4092	-368.8738	-538.3755	169.5017	1.23653	2.314369	1.319281
4098	-359.4364	-529.1429	169.7064	1.229868	1.466348	1.799345
4104	-350.5855	-520.004	169.4186	1.129919	1.278077	2.183523
4110	-360.142	-529.801	169.6591	1.471721	1.213506	1.845777
4116	-360.9989	-529.9948	168.9959	1.708658	1.076277	2.231897
4122	-368.2085	-538.0409	169.8324	1.131631	1.654756	1.646189
4128	-365.1097	-534.7153	169.6057	1.092053	1.892876	1.666217
4134	-356.7471	-526.2664	169.5192	1.615804	1.313184	1.781111
4140	-368.526	-537.1876	168.6616	2.871465	1.595755	1.461755
4146	-349.2563	-518.3508	169.0945	2.371158	1.72113	1.318629
4152	-350.596	-518.8085	168.2125	2.517226	2.571027	1.252237
4158	-354.3227	-524.0617	169.7389	1.366345	1.920589	1.343713
4164	-355.7516	-524.4459	168.6943	2.69217	1.94387	1.263748
4170	-355.3919	-524.7994	169.4075	1.716074	1.63837	1.563888
4176	-360.037	-528.6307	168.5937	2.32878	2.032117	1.492002
4182	-363.9594	-532.5398	168.5804	3.182731	1.441137	1.476206
4188	-357.6356	-526.1058	168.4702	2.892303	1.75317	1.476206
4194	-358.5489	-527.3369	168.788	1.980987	1.70362	1.793946
4200	-356.3305	-525.419	169.0885	2.113447	0.9740266	2.009762
4206	-356.0095	-525.1761	169.1666	1.435995	1.358884	2.100948
4212	-353.0464	-522.3474	169.301	2.116057	1.416154	1.552181
4218	-348.7478	-518.2286	169.4808	1.684741	1.573545	1.578362
4224	-358.7977	-527.8134	169.0157	1.746732	1.680365	1.793603
4230	-349.7417	-519.6195	169.8778	1.626289	1.438838	1.421373
4236	-354.6368	-524.3573	169.7205	1.396308	1.099918	1.929946
4242	-347.446	-517.1159	169.6699	1.478273	1.072813	1.929946
4248	-345.9147	-516.1685	170.2539	1.331887	1.358023	1.407177
4254	-340.5811	-509.5473	168.9663	1.768012	1.797698	1.733007
4260	-347.7371	-517.6013	169.8642	0.9089464	1.722935	1.733007
4266	-347.3437	-516.3841	169.0404	1.309151	1.944828	1.875025
4272	-356.1559	-525.6506	169.4947	1.309151	1.528932	1.848808
4278	-352.6305	-521.6115	168.981	1.127558	1.371036	2.405367
4284	-343.5379	-513.0551	169.5173	1.691439	1.502693	1.599045
4290	-343.8354	-513.4035	169.568	1.111075	1.502693	1.949044
4296	-342.2907	-512.1121	169.8215	1.385443	1.397295	1.660867
4302	-354.1881	-523.2304	169.0423	1.964215	1.797396	1.555862
4308	-355.3431	-524.0172	168.674	2.408584	2.005706	1.402863
4314	-362.9985	-532.6084	169.6099	1.690612	1.672281	1.402863
4320	-370.0206	-539.0535	169.0329	2.373612	1.382721	1.620843
4326	-370.1154	-538.5023	168.3869	2.595049	2.07087	1.463616
4332	-374.545	-543.3226	168.7776	1.723962	1.802544	1.887151
4338	-362.7124	-531.6508	168.9383	1.86341	1.32649	2.016344
4344	-353.2729	-522.2008	168.9279	2.003199	1.311487	1.953138
4350	-367.5948	-536.9146	169.3198	1.315094	1.044984	2.280188
4356	-361.0995	-529.6445	168.5449	1.66081	1.026547	2.575462
4362	-357.4517	-526.6173	169.1656	1.66081	1.287816	2.010747
4368	-338.3949	-507.573	169.1782	1.359566	1.158564	2.270665
4374	-342.9692	-511.4737	168.5045	1.954357	1.150698	2.360767
4380	-357.3966	-526.0628	168.6662	2.006176	1.385826	2.076096
4386	-358.1572	-527.3658	169.2086	1.837848	1.502889	1.726636
4392	-364.8969	-534.1995	169.3026	1.571277	1.393104	1.903057
4398	-363.9297	-532.7102	168.7804	1.394588	1.973546	1.975702
4404	-348.9358	-518.545	169.6093	1.416663	1.662753	1.601004
4410	-360.2836	-529.7625	169.4788	2.299387	1.45239	1.270693
4416	-361.091	-531.2677	170.1767	0.9533736	1.45239	1.671904
4422	-352.0338	-521.4449	169.4111	1.695084	1.45239	1.708875
4428	-356.15	-525.1125	168.9625	1.695084	0.8567631	2.400993
4434	-345.1525	-513.9131	168.7606	1.907572	1.214366	2.181495
4440	-345.4913	-515.3651	169.8738	1.252104	1.114034	1.911023
4446	-356.7513	-525.7044	168.9531	2.07667	1.291111	1.908265
4452	-356.6896	-525.6169	168.9273	1.662925	1.159536	2.249058
4458	-356.814	-526.2455	169.4314	1.833363	1.231681	1.763289
4464	-362.1091	-531.1099	169.0009	1.833363	1.401802	1.941675
4470	-354.0462	-523.5413	169.4951	1.520947	1.542521	1.698641
4476	-356.0809	-524.9869	168.9061	2.463241	1.643601	1.470101
4482	-352.7594	-521.0529	168.2934	3.451251	1.274557	1.677988
4488	-351.573	-521.1051	169.5321	1.670921	1.327852	1.726749
4494	-367.0454	-536.9368	169.8914	1.030547	1.593872	1.719163
4500	-365.2228	-534.5853	169.3625	1.936465	1.134805	1.816325
4506	-360.5294	-529.5323	169.0029	1.590938	1.047242	2.314693
4512	-366.0663	-535.3	169.2337	1.59679	1.202137	2.061123
4518	-365.139	-534.999	169.8599	1.079707	1.807249	1.552797
4524	-360.6	-530.4385	169.8385	1.079707	0.9899516	2.130271
4530	-361.6874	-530.313	168.6256	1.601495	0.9270668	2.620605
4536	-349.8789	-519.282	169.4031	1.530583	0.9035817	2.185664
4542	-358.5079	-527.8707	169.3628	1.524438	1.070218	2.107066
4548	-350.154	-519.3391	169.185	1.90307	1.341963	1.815654
4554	-352.287	-521.259	168.972	2.21518	2.199278	1.1225
4560	-354.2735	-522.7846	168.5111	2.451515	2.092977	1.435494
4566	-345.0525	-512.8754	167.8229	4.08108	1.647259	1.464043
4572	-349.7045	-518.7871	169.0825	2.430129	1.578511	1.404356
4578	-357.2503	-526.7101	169.4598	1.449611	1.489839	1.8071
4584	-356.128	-525.0879	168.9598	1.96465	1.718425	1.672539
4590	-354.943	-524.0363	169.0933	2.326265	1.718425	1.350055
4596	-359.8089	-528.932	169.1231	2.041545	1.120734	1.928398
4602	-361.77	-530.4987	168.7287	1.763999	1.223649	2.277102
4608	-357.3826	-526.869	169.4864	1.547225	1.538008	1.69068
4614	-348.1937	-517.8033	169.6096	1.448679	1.507173	1.69068
4620	-342.6861	-512.6697	169.9836	1.161911	1.447338	1.664901
4626	-348.9228	-518.6097	169.687	1.357699	1.5778	1.647001
4632	-337.763	-507.1573	169.3942	1.461201	1.01207	2.16325
4638	-348.1161	-517.8716	169.7555	1.794244	1.041793	1.693089
4644	-348.6331	-518.1468	169.5137	1.243517	1.087747	2.172549
4650	-347.9014	-517.33	169.4286	1.385479	1.446142	1.900153
4656	-356.4302	-525.7995	169.3693	1.939195	1.499262	1.550322
4662	-355.6401	-525.0227	169.3827	1.646379	1.618165	1.642404
4668	-362.3419	-531.04	168.6981	2.598737	1.524491	1.635211
4674	-364.3837	-532.2626	167.8789	4.704177	1.387689	1.34884
4680	-354.8383	-523.3163	168.4781	3.482468	1.387689	1.443861
4686	-349.5678	-518.6752	169.1074	1.941511	2.138273	1.255187
4692	-357.3557	-526.452	169.0963	2.100708	1.863357	1.377645
4698	-360.0112	-529.6537	169.6424	1.556739	1.353714	1.704442
4704	-350.486	-518.9513	168.4654	2.871702	1.425357	1.728901
4710	-349.4219	-518.5031	169.0812	1.888952	1.402089	1.854085
4716	-358.3	-526.7828	168.4829	2.424383	1.304791	2.026696
4722	-360.8418	-530.3547	169.513	1.658304	1.173971	1.854715
4728	-349.1598	-518.56	169.4002	1.801552	1.318973	1.743595
4734	-357.2122	-525.9302	168.718	2.53784	1.318973	1.798747
4740	-348.1658	-516.672	168.5062	2.911987	1.791127	1.408885
4746	-348.5476	-516.1854	167.6378	4.199887	2.023898	1.257517
4752	-348.7007	-517.6935	168.9928	3.065996	1.264964	1.355306
4758	-361.0881	-530.1263	169.0382	1.652939	1.769634	1.774652
4764	-351.6231	-520.4163	168.7933	2.458281	1.569149	1.611575
4770	-362.5452	-530.6352	168.0901	2.604896	1.367125	2.153216
4776	-356.325	-524.3708	168.0458	2.486344	1.735939	1.99875
4782	-354.0654	-523.5091	169.4437	1.568819	1.023321	2.057576
4788	-357.4052	-525.459	168.0538	2.384429	1.107659	2.450306
4794	-338.8276	-507.6449	168.8173	2.521921	1.812561	1.373499
4800	-350.0758	-519.7383	169.6625	1.470087	1.804826	1.416995
4806	-344.9437	-514.0735	169.1298	2.179026	1.401098	1.650017
4812	-352.1929	-521.6811	169.4882	1.787589	1.10697	1.838173
4818	-346.0541	-515.7471	169.693	0.9847861	1.493315	1.956069
4824	-357.9235	-526.3343	168.4109	2.293396	1.205699	2.206272
4830	-353.6478	-522.4021	168.7542	2.265978	1.700796	1.653957
4836	-357.5042	-525.7573	168.2531	2.449704	2.128044	1.60283
4842	-353.8229	-522.7544	168.9315	1.973487	2.120317	1.389179
4848	-349.5069	-517.2785	167.7716	3.960053	2.120317	1.182256
4854	-348.8067	-516.2109	167.4043	3.960053	2.487702	1.182256
4860	-352.1506	-519.6427	167.4921	4.005064	2.26323	1.274749
4866	-346.8717	-514.5743	167.7025	4.09151	2.26323	1.044183
4872	-350.7997	-519.4735	168.6738	2.801722	2.088746	1.085397
4878	-344.1571	-513.533	169.3759	2.031642	1.310935	1.62569
4884	-360.5481	-529.4291	168.8809	2.031642	2.295004	1.249556
4890	-361.6118	-530.9999	169.3881	1.65133	1.338802	1.83167
4896	-357.1126	-526.1018	168.9892	1.65133	1.780602	1.802064
4902	-362.2024	-531.1517	168.9494	1.456737	1.119922	2.382021
4908	-353.1143	-522.5036	169.3893	1.543038	0.9423784	2.161921
4914	-349.9522	-519.1007	169.1485	1.315743	0.988738	2.424306
4920	-348.8025	-518.1079	169.3055	1.349561	1.436386	2.012597
4926	-345.6213	-514.8427	169.2214	2.306512	1.488821	1.441402
4932	-349.9087	-518.6934	168.7847	3.198971	1.488821	1.269112
4938	-352.8573	-521.3304	168.4731	3.425303	1.980294	0.9693514
4944	-350.3679	-519.7142	169.3463	2.090328	1.416437	1.534252
4950	-351.5078	-521.0108	169.503	1.865906	1.535799	1.470401
4956	-341.2038	-510.0061	168.8022	2.009714	1.557587	1.867858
4962	-359.9046	-528.7567	168.8521	2.583062	1.46737	1.573477
4968	-359.0896	-527.3955	168.306	2.583062	2.124909	1.49075
4974	-358.9965	-526.5401	167.5435	4.923955	1.765255	1.21805
4980	-356.3397	-524.2811	167.9413	3.552043	2.181093	1.201208
4986	-356.5428	-524.8208	168.2781	3.402701	1.773119	1.33958
4992	-361.9576	-530.4841	168.5266	2.074915	1.848245	1.820039
4998	-355.2774	-524.5157	169.2384	1.978218	1.311231	1.755214
5004	-360.8631	-529.6115	168.7484	2.978991	1.693937	1.254804
5010	-352.0537	-520.6407	168.587	2.978991	1.436717	1.579067
5016	-359.7379	-527.506	167.7681	3.295345	2.207732	1.453441
5022	-356.9572	-525.7629	168.8057	2.970788	1.40652	1.442396
5028	-347.7558	-517.0542	169.2984	1.665743	1.490177	1.779933
5034	-354.4414	-522.8155	168.3741	1.885011	1.160783	2.474253
5040	-358.6105	-528.5561	169.9456	1.046907	1.314377	1.864164
5046	-358.8557	-527.921	169.0653	2.200404	1.124829	1.875848
5052	-351.999	-520.7378	168.7388	2.200404	1.673675	1.721824
5058	-355.1204	-523.8999	168.7795	2.46075	1.628561	1.576953
5064	-359.2666	-528.0942	168.8276	2.01533	1.305138	2.017559
5070	-369.7764	-538.3713	168.5949	2.539456	1.134802	2.0064
5076	-356.0815	-525.3947	169.3132	1.498643	1.134802	2.113041
5082	-351.9406	-521.402	169.4614	1.498643	1.201824	1.970514
5088	-365.363	-534.8466	169.4836	0.8641019	1.218814	2.34985
5094	-360.6371	-529.732	169.095	1.951555	1.335878	1.853082
5100	-354.8618	-524.1103	169.2485	1.858818	1.35867	1.786755
5106	-347.1587	-516.8069	169.6482	1.371218	1.583532	1.661364
5112	-346.6232	-516.7847	170.1615	1.061906	1.300042	1.713829
5118	-348.4372	-518.0372	169.6	1.21692	1.112597	2.117105
5124	-347.8048	-516.9944	169.1896	1.855288	1.131128	1.983801
5130	-346.7941	-515.2178	168.4237	3.184046	1.767025	1.344345
5136	-343.2705	-511.3498	168.0793	3.275044	1.981847	1.398156
5142	-344.1213	-513.1396	169.0184	1.954329	2.132261	1.323885
5148	-347.1013	-515.5349	168.4336	3.040602	1.861629	1.339492
5154	-354.8767	-523.9845	169.1077	1.79451	2.33023	1.200869
5160	-348.5746	-517.7736	169.199	1.649596	2.33023	1.233667
5166	-354.4867	-522.8363	168.3496	2.284791	1.557083	2.020732
5172	-349.2583	-519.0566	169.7983	1.059904	1.38908	1.904689
5178	-359.767	-528.7625	168.9954	1.855975	1.125444	2.115581
5184	-358.7903	-527.6633	168.873	1.550249	1.007948	2.445577
5190	-356.927	-525.5587	168.6317	1.817341	1.007948	2.445577
5196	-369.1838	-538.1124	168.9287	1.869503	1.343872	2.007689
5202	-360.978	-530.1029	169.1249	2.109022	1.716696	1.463435
5208	-359.2964	-528.5958	169.2993	1.825231	1.521275	1.657003
5214	-337.2358	-506.3304	169.0947	1.872089	1.417559	1.84427
5220	-336.4764	-505.2825	168.8061	1.8961	1.747905	1.801139
5226	-341.9419	-509.9757	168.0338	3.277993	1.747905	1.606295
5232	-347.5825	-516.6091	169.0266	2.352452	1.214989	1.756268
5238	-341.8344	-511.1543	169.3199	2.352452	1.317505	1.469147
5244	-354.6405	-523.7618	169.1213	1.773797	2.244498	1.276785
5250	-352.6583	-521.5376	168.8792	1.624058	2.539202	1.343234
5256	-348.8671	-517.043	168.176	3.386905	2.143354	1.122095
5262	-353.6812	-522.1778	168.4965	2.901208	1.94822	1.29804
5268	-351.8643	-521.25	169.3857	1.691503	1.41492	1.755332
5274	-363.0667	-532.8068	169.7401	1.165396	1.522186	1.781321
5280	-385.3577	-553.8955	168.5378	1.962863	1.567452	2.065283
5286	-368.338	-535.9388	167.6008	4.037686	2.080025	1.31963
5292	-360.6325	-528.0758	167.4433	3.441453	2.798097	1.15978
5298	-348.6918	-516.914	168.2221	2.672569	2.456104	1.242503
5304	-359.8041	-527.582	167.7779	2.482932	3.462107	0.8337941
5310	-356.8621	-525.8274	168.9653	2.997642	1.634092	1.107128
5316	-356.6848	-524.714	168.0293	3.316502	2.174678	1.261588
5322	-350.2461	-519.3191	169.073	1.897194	1.257687	1.952743
5328	-352.4617	-521.6541	169.1924	2.238609	1.257687	1.673255
5334	-346.2207	-515.6732	169.4525	1.668632	1.644597	1.557666
5340	-346.181	-514.6563	168.4752	2.416424	1.743903	1.736897
5346	-357.6906	-526.7695	169.0788	1.890599	1.572116	1.736897
5352	-350.1621	-520.3103	170.1482	1.028927	1.404102	1.672807
5358	-344.2617	-513.4901	169.2284	1.806581	1.586487	1.672807
5364	-353.9591	-523.227	169.2679	1.37154	1.586487	1.922992
5370	-355.3356	-525.0025	169.6669	1.028488	1.586487	1.881214
5376	-367.1775	-536.7056	169.528	2.022169	1.438348	1.423482
5382	-363.2949	-530.5613	167.2665	4.33383	2.473205	1.123878
5388	-361.7387	-529.4336	167.6948	2.233383	3.46021	1.123878
5394	-349.2714	-516.8741	167.6026	3.946057	2.56586	0.9260814
5400	-365.1528	-534.7663	169.6136	1.339122	1.339604	1.877136
5406	-365.0215	-534.1437	169.1222	1.706122	1.537562	1.843729
5412	-360.1829	-529.836	169.6531	1.182319	1.867117	1.585881
5418	-352.6367	-521.4842	168.8475	2.099647	2.120839	1.371517
5424	-347.8902	-516.4615	168.5713	2.379587	2.079666	1.442553
5430	-351.7145	-521.2474	169.5329	1.731459	1.729503	1.389705
5436	-356.5517	-525.6357	169.084	2.06254	1.63367	1.584466
5442	-361.8525	-530.5826	168.7301	2.81795	1.570494	1.458098
5448	-351.2274	-520.7387	169.5113	1.623614	1.853536	1.385906
5454	-359.1886	-529.2119	170.0234	1.166561	1.291293	1.743962
5460	-347.4884	-516.726	169.2376	1.722934	1.257399	1.945395
5466	-351.769	-521.3755	169.6065	1.295413	1.540155	1.773055
5472	-339.4929	-508.7839	169.291	1.965008	1.446797	1.629636
5478	-348.2488	-517.0491	168.8003	2.401597	1.357194	1.788018
5484	-348.3477	-517.2766	168.9289	2.515383	1.471238	1.551914
5490	-357.7601	-526.7336	168.9735	1.911196	1.73511	1.683562
5496	-355.3306	-525.7085	170.3779	1.104723	1.537038	1.34442
5502	-357.4164	-525.5703	168.1539	2.467486	2.71644	1.211345
5508	-346.1138	-516.0575	169.9436	0.9894763	1.979963	1.427671
5514	-346.6842	-516.6391	169.9549	1.434079	1.59433	1.37972
5520	-349.4953	-518.6728	169.1776	1.217058	1.538914	2.114478
5526	-347.6019	-517.5851	169.9832	1.272542	1.27205	1.712475
5532	-356.1148	-526.1542	170.0394	1.098651	1.263909	1.798849
5538	-363.4186	-532.4886	169.0699	2.146993	1.375446	1.729373
5544	-362.8099	-532.0194	169.2096	1.622481	2.010177	1.497752
5550	-358.7895	-527.5152	168.7256	2.310666	1.738384	1.621818
5556	-362.8155	-531.923	169.1074	1.716595	2.348275	1.244534
5562	-361.5211	-530.7842	169.2631	2.520958	1.519129	1.250925
5568	-361.3268	-529.6172	168.2904	3.190537	2.010752	1.250925
5574	-357.1055	-525.6414	168.5358	2.991997	1.582979	1.501876
5580	-369.8766	-539.425	169.5484	1.798756	1.40794	1.5756
5586	-362.4686	-531.2037	168.735	1.591806	1.342366	2.296768
5592	-352.6249	-522.64	170.0151	1.127337	0.9489788	2.009603
5598	-345.9526	-515.539	169.5864	1.478923	1.212136	1.891723
5604	-348.3984	-517.1849	168.7865	2.249361	2.021901	1.400896
5610	-345.4268	-515.5857	170.1589	1.062828	1.4186	1.630422
5616	-358.0052	-527.681	169.6757	1.062828	1.194363	2.114022
5622	-354.7187	-523.9209	169.2022	1.339357	1.078824	2.318723
5628	-346.84	-516.7387	169.8987	1.564299	1.311787	1.544499
5634	-347.8689	-517.1888	169.3199	1.564299	1.311787	1.950661
5640	-348.5211	-517.4372	168.9161	1.754091	1.323367	2.09667
5646	-352.1943	-521.6682	169.4739	1.850439	1.2157	1.734282
5652	-355.6658	-525.6023	169.9365	1.299522	1.513386	1.553235
5658	-357.1793	-525.6952	168.5159	2.296605	1.225078	2.123747
5664	-341.8528	-511.5689	169.7161	1.014008	1.034588	2.22335
5670	-353.1163	-521.906	168.7898	1.854453	0.9871455	2.33826
5676	-359.8056	-528.9202	169.1146	1.567459	0.9201225	2.33826
5682	-360.8436	-529.7327	168.8891	1.636187	0.9693679	2.409919
5688	-354.7786	-524.3225	169.544	1.41131	0.9654539	2.126849
5694	-356.9684	-526.5827	169.6142	0.9158583	1.262032	2.205557
5700	-355.3981	-524.2921	168.894	1.965747	1.116141	2.126103
5706	-374.9953	-544.4553	169.4601	1.965747	1.265007	1.638345
5712	-356.9273	-525.9421	169.0148	2.810295	1.249361	1.489861
5718	-365.094	-532.6929	167.599	3.400732	2.25928	1.489861
5724	-363.292	-531.3299	168.0379	3.808512	1.887959	1.231858
5730	-358.3809	-527.9765	169.5956	1.54414	1.218268	1.839587
5736	-357.0551	-525.8392	168.7842	1.928644	1.413033	2.023803
5742	-347.587	-517.2589	169.6719	1.275949	1.232749	1.95145
5748	-341.967	-511.3033	169.3362	1.806358	1.777488	1.453082
5754	-347.967	-515.9156	167.9486	3.831261	1.777488	1.382369
5760	-346.9885	-515.0141	168.0255	2.812096	1.994335	1.667757
5766	-351.794	-519.5533	167.7593	4.213212	1.577298	1.506512
5772	-347.85	-516.9145	169.0645	2.095868	1.3418	1.786212
5778	-345.9901	-514.7577	168.7677	1.924815	1.263891	2.135003
5784	-338.0044	-507.4656	169.4612	1.924815	1.403711	1.562122
5790	-349.8057	-519.1845	169.3788	1.783604	1.61454	1.558297
5796	-343.2863	-512.5503	169.2639	2.115577	1.385262	1.602232
5802	-353.6787	-523.1053	169.4266	1.800843	1.574324	1.541407
5808	-355.3177	-524.244	168.9263	2.070253	1.742421	1.6154
5814	-347.5409	-515.5143	167.9735	3.29574	2.355111	1.16734
5820	-353.9191	-521.7466	167.8276	3.422423	2.317299	1.252839
5826	-348.4854	-517.288	168.8026	2.626554	1.897552	1.252839
5832	-358.6077	-526.2993	167.6916	3.393234	2.264767	1.418818
5838	-369.2955	-536.7021	167.4066	3.983417	2.659519	1.008892
5844	-363.318	-532.6692	169.3512	2.08558	1.398997	1.546469
5850	-346.0298	-514.7034	168.6736	2.08558	1.379407	2.031425
5856	-347.2959	-516.1401	168.8442	2.168914	1.390408	1.862999
5862	-348.2687	-518.2601	169.9914	1.14223	1.200251	1.845926
5868	-354.5019	-523.3226	168.8207	2.427857	1.473186	1.677739
5874	-354.5645	-523.3446	168.7801	2.503009	1.23487	1.832291
5880	-360.0383	-529.3752	169.3369	1.704857	1.147864	1.963197
5886	-358.1703	-526.8663	168.696	1.960164	1.55782	1.968045
5892	-341.4515	-509.9193	168.4678	2.634257	1.903139	1.506862
5898	-352.6006	-522.5174	169.9168	1.34642	1.993486	1.150088
5904	-356.502	-526.8938	170.3919	0.8858522	1.849419	1.256709
5910	-358.5215	-528.6291	170.1076	1.539876	1.382775	1.34773
5916	-352.3389	-521.6764	169.3374	1.499001	2.05548	1.453246
5922	-357.8121	-527.3056	169.4935	1.499001	2.05548	1.331435
5928	-355.4419	-525.3174	169.8755	1.546451	1.251141	1.617952
5934	-346.077	-514.9788	168.9019	2.329487	1.33272	1.773849
5940	-341.3859	-510.6946	169.3088	1.221758	1.406549	2.112216
5946	-338.2293	-507.8368	169.6075	1.445438	1.406549	1.76515
5952	-349.6444	-518.1428	168.4984	2.615654	1.577046	1.730901
5958	-349.2852	-518.1318	168.8466	2.342761	2.173344	1.16622
5964	-354.7544	-523.3306	168.5763	2.342761	1.852543	1.628843
5970	-349.4613	-518.9676	169.5062	1.916605	1.390548	1.543844
5976	-349.5227	-519.2271	169.7044	1.059966	1.428491	1.9415
5982	-356.9778	-526.3907	169.4129	1.696103	1.600768	1.600599
5988	-346.2327	-515.6184	169.3857	1.696103	1.461675	1.719553
5994	-350.2703	-519.6208	169.3504	1.593654	1.32432	1.903278
6000	-362.0696	-530.6029	168.5333	1.446049	1.812868	2.211496
6006	-366.5267	-534.7421	168.2154	2.512383	1.82534	1.809554
6012	-359.2469	-527.1833	167.9364	3.639033	2.28612	1.061963
6018	-344.5478	-513.2884	168.7405	2.482468	1.738815	1.511847
6024	-350.1683	-519.4481	169.2799	2.299182	1.343005	1.511847
6030	-351.5664	-520.2996	168.7331	1.87326	2.003217	1.687189
6036	-350.851	-520.1225	169.2715	1.756837	1.282124	1.885251
6042	-343.7417	-513.6102	169.8686	1.196881	1.734391	1.514194
6048	-351.1931	-521.2352	170.0421	1.528541	1.242431	1.514194
6054	-352.0787	-521.6423	169.5637	1.344333	1.242101	1.973293
6060	-347.992	-516.6991	168.7071	2.716856	1.337814	1.699397
6066	-345.3639	-515.2797	169.9157	1.186511	1.337814	1.772886
6072	-354.3783	-523.925	169.5468	1.573376	1.609193	1.578441
6078	-352.6671	-522.0491	169.382	1.847955	1.869755	1.316452
6084	-352.5446	-520.1535	167.6089	3.595161	2.369136	1.298685
6090	-349.9682	-518.6656	168.6974	2.535278	2.070677	1.253627
6096	-345.1407	-513.6855	168.5448	2.776275	2.148579	1.164322
6102	-343.2318	-512.111	168.8792	1.748381	2.243086	1.485557
6108	-344.9568	-513.4906	168.5338	2.552141	1.544139	1.762716
6114	-351.9043	-520.987	169.0826	2.004906	1.544139	1.684858
6120	-362.1225	-530.6355	168.513	2.302951	1.586412	1.881408
6126	-365.7682	-535.7478	169.9795	1.676594	1.176534	1.508574
6132	-367.7515	-537.267	169.5155	1.663797	1.303685	1.759822
6138	-364.3495	-533.8986	169.5492	1.079129	1.036951	2.287263
6144	-368.1178	-536.5389	168.4211	2.232164	1.887359	1.77665
6150	-354.2885	-523.1836	168.8951	1.904835	1.963426	1.579453
6156	-362.099	-530.7553	168.6563	2.164546	1.955907	1.599816
6162	-372.4896	-541.1421	168.6524	2.124472	2.658442	1.062183
6168	-368.4492	-536.7927	168.3435	1.893809	2.658442	1.479975
6174	-364.9732	-534.788	169.8148	0.8688793	1.911775	1.662322
6180	-361.3345	-530.4853	169.1508	1.412976	1.214475	2.219434
6186	-356.7346	-525.8522	169.1176	1.505049	0.9873688	2.330554
6192	-357.9068	-527.0761	169.1693	2.119267	1.29594	1.73151
6198	-354.8102	-523.8399	169.0297	1.47174	1.584998	2.019747
6204	-353.1464	-521.6967	168.5503	1.789702	1.030199	2.497947
6210	-350.9953	-520.7118	169.7165	1.395936	1.354292	1.758391
6216	-353.414	-522.5916	169.1776	2.027113	1.650475	1.525025
6222	-355.1239	-526.0799	170.956	0.5764991	1.198698	1.546332
6228	-353.1588	-523.08	169.9212	1.341925	1.358914	1.64688
6234	-353.517	-522.3903	168.8733	1.709885	1.188766	2.237721
6240	-361.8833	-530.8147	168.9314	1.877223	0.9999092	2.226751
6246	-356.4543	-525.9973	169.5429	1.207034	0.9964577	2.235854
6252	-337.3666	-506.7337	169.367	1.70528	0.976186	2.05713
6258	-327.5461	-496.1613	168.6152	2.43041	1.213649	1.996178
6264	-328.7296	-498.0411	169.3115	1.343543	1.619937	1.889043
6270	-340.0314	-509.0856	169.0542	1.522495	1.493801	2.032436
6276	-338.9743	-508.0992	169.125	2.001383	1.903471	1.388948
6282	-345.4112	-514.6959	169.2847	2.41363	1.619618	1.217891
6288	-338.8809	-507.8228	168.9419	2.172885	2.142433	1.228137
6294	-345.8615	-514.6911	168.8297	2.333741	2.142433	1.21363
6300	-351.4437	-520.7339	169.2903	1.625859	1.525769	1.786081
6306	-344.6189	-513.5748	168.9559	2.04862	1.2624	1.941633
6312	-339.4265	-508.9083	169.4818	1.387145	1.275035	1.97854
6318	-349.6435	-518.6444	169.0009	1.738273	1.057203	2.223861
6324	-337.4159	-506.8121	169.3961	1.673997	1.297967	1.840044
6330	-347.2334	-515.7961	168.5627	2.699909	1.4868	1.704945
6336	-343.55	-512.8508	169.3008	1.65373	1.4868	1.788217
6342	-350.3042	-519.1988	168.8946	1.647612	1.652446	1.956138
6348	-350.8963	-519.789	168.8926	2.273958	1.755169	1.508259
6354	-353.2601	-521.9194	168.6593	2.273958	1.964085	1.526495
6360	-363.4956	-532.476	168.9804	2.133284	2.113495	1.247446
6366	-357.2329	-525.9281	168.6953	2.203101	1.811398	1.653338
6372	-344.6883	-514.7638	170.0755	0.9308571	2.123879	1.254295
6378	-364.3338	-532.9938	168.66	2.378299	2.230767	1.252537
6384	-364.3162	-532.9941	168.6779	2.411095	2.016548	1.389887
6390	-360.5525	-529.5822	169.0297	2.255474	1.688647	1.466314
6396	-357.288	-526.4833	169.1953	2.279672	1.250119	1.652998
6402	-361.1123	-529.7329	168.6206	2.286515	1.225155	2.060176
6408	-363.3151	-532.3132	168.998	2.708717	1.036659	1.710845
6414	-358.913	-528.4336	169.5207	1.404445	1.258133	1.952736
6420	-356.8001	-526.3856	169.5855	1.584293	1.057172	1.93082
6426	-354.8998	-523.9825	169.0826	1.682107	1.512173	1.902798
6432	-354.6126	-523.0288	168.4162	2.622554	1.522077	1.822734
6438	-348.6657	-517.793	169.1272	2.00167	1.236115	1.87011
6444	-351.7059	-521.428	169.7221	1.420689	1.45755	1.664815
6450	-345.6615	-515.1595	169.498	1.427001	1.879206	1.516318
6456	-344.5745	-514.1286	169.5541	1.446234	1.719386	1.579422
6462	-350.7583	-519.8601	169.1018	2.455428	1.795461	1.196246
6468	-356.8234	-525.6532	168.8298	2.455428	1.969552	1.278409
6474	-353.2349	-522.0594	168.8245	2.694049	1.283065	1.6668
6480	-346.5261	-516.2847	169.7586	1.684103	1.279039	1.590987
6486	-349.6194	-519.1081	169.4887	1.696335	1.276921	1.776674
6492	-350.6231	-520.121	169.4978	1.458741	1.563241	1.72334
6498	-352.6599	-521.4747	168.8148	2.079039	1.348158	1.961749
6504	-353.6267	-522.9381	169.3113	1.579612	1.610768	1.741714
6510	-355.3775	-523.7586	168.3811	1.81317	1.397151	2.360375
6516	-346.048	-515.191	169.143	1.653364	1.397151	1.957266
6522	-356.8608	-525.9673	169.1066	2.073692	0.9440201	2.039623
6528	-347.1914	-515.7154	168.524	2.975843	1.337068	1.697695
6534	-355.7095	-524.9995	169.2899	1.526296	2.087129	1.445885
6540	-356.0563	-525.7185	169.6622	1.518451	1.38556	1.693085
6546	-353.9093	-522.4044	168.4951	2.737587	1.523074	1.707513
6552	-363.0316	-531.5097	168.4781	2.567765	1.564476	1.779087
6558	-368.0251	-536.8611	168.836	2.47808	1.567384	1.570566
6564	-358.194	-526.7161	168.5221	2.271128	1.953619	1.636107
6570	-356.7483	-525.8184	169.07	2.031498	1.895781	1.417855
6576	-353.2113	-520.939	167.7277	3.581031	1.908386	1.568592
6582	-340.6352	-509.8919	169.2568	1.979899	1.552264	1.568592
6588	-340.5869	-509.7098	169.1229	2.300278	1.807658	1.270652
6594	-332.8595	-503.0263	170.1667	1.127839	1.564552	1.469069
6600	-338.7166	-508.0065	169.2899	1.837835	1.194178	1.883921
6606	-339.17	-508.4217	169.2517	1.95826	1.755873	1.433512
6612	-344.6375	-513.1765	168.539	3.110463	1.838335	1.232869
6618	-357.8475	-527.0363	169.1888	1.581023	2.392718	1.242486
6624	-343.004	-511.2168	168.2128	3.34785	1.993327	1.242486
6630	-350.679	-520.2077	169.5287	1.899916	1.596809	1.380889
6636	-354.6817	-523.1086	168.4269	2.72045	1.895987	1.495022
6642	-344.0688	-513.3222	169.2533	1.957296	1.421433	1.679506
6648	-355.3649	-524.4034	169.0385	1.957296	1.181815	1.992081
6654	-363.1582	-531.161	168.0028	2.929105	2.445721	1.278744
6660	-360.4904	-527.5968	167.1064	4.207289	2.525256	1.278744
6666	-361.1186	-528.8137	167.6951	3.457641	2.415849	1.26197
6672	-359.8697	-528.2808	168.4111	3.078014	1.814505	1.374111
6678	-364.3346	-533.4274	169.0928	1.629865	1.431163	1.982467
6684	-354.8631	-523.966	169.1028	1.629865	1.431163	1.975737
6690	-358.4058	-527.3636	168.9577	1.770613	1.737863	1.779178
6696	-358.9396	-527.453	168.5133	3.264423	1.670523	1.306432
6702	-359.8733	-528.3717	168.4984	2.42686	2.519476	1.10929
6708	-354.1122	-522.0464	167.9342	2.823715	2.744465	1.147015
6714	-354.9045	-522.4862	167.5817	3.392815	2.368849	1.423503
6720	-355.6596	-523.9995	168.34	2.123091	2.972315	1.061939
6726	-346.9455	-516.1982	169.2527	1.825335	1.967811	1.357258
6732	-352.1614	-520.9717	168.8103	2.75243	1.283907	1.645622
6738	-352.475	-521.7534	169.2784	1.709509	1.272599	1.915763
6744	-339.8168	-508.5969	168.7801	2.771251	1.622247	1.405981
6750	-351.0458	-519.933	168.8871	2.055251	2.216207	1.293059
6756	-355.0128	-525.2811	170.2683	0.7605976	1.980543	1.349817
6762	-350.4256	-519.44	169.0144	2.241048	1.786299	1.412099
6768	-348.2963	-517.1847	168.8884	2.197359	1.786299	1.534316
6774	-347.2572	-515.6367	168.3795	2.832431	1.764342	1.567424
6780	-346.9757	-515.8864	168.9107	2.122674	1.784574	1.564276
6786	-343.3222	-511.4156	168.0934	2.713672	1.784574	1.817664
6792	-342.3211	-510.9457	168.6246	2.713672	1.772203	1.442727
6798	-360.3944	-529.9259	169.5315	1.257274	1.278768	2.026644
6804	-355.7757	-524.958	169.1823	1.889834	1.278768	1.868765
6810	-360.006	-528.6982	168.6922	1.889834	1.346688	2.149919
6816	-354.5587	-524.3412	169.7825	1.274575	1.207723	1.894513
6822	-356.6866	-525.3203	168.6337	2.688962	1.120629	1.9146
6828	-350.0362	-518.6275	168.5912	2.37072	1.201414	2.051198
6834	-357.031	-525.8658	168.8348	2.37072	1.783608	1.472612
6840	-356.2484	-524.9241	168.6756	3.022437	1.31736	1.579283
6846	-354.8666	-524.4121	169.5455	1.409519	1.495008	1.770486
6852	-345.4135	-515.7277	170.3142	0.707747	1.124521	1.96837
6858	-353.5242	-523.5337	170.0096	0.8398557	1.364954	1.926371
6864	-349.801	-518.6658	168.8648	1.977475	1.364954	1.97429
6870	-342.8479	-511.8244	168.9765	1.606608	1.34239	2.131973
6876	-348.0578	-517.11	169.0522	2.49499	1.340081	1.56921
6882	-347.0902	-516.0608	168.9706	1.986071	1.488121	1.813753
6888	-356.6604	-526.7923	170.1319	1.05799	1.248067	1.773727
6894	-347.0799	-516.6013	169.5215	1.292666	1.248067	2.030778
6900	-351.2405	-521.1885	169.9479	1.272278	1.272099	1.737464
6906	-352.2305	-522.0172	169.7866	1.272278	1.118648	1.953427
6912	-346.3964	-515.7415	169.3451	1.562039	1.252546	1.974873
6918	-355.3027	-524.8048	169.5021	1.562039	1.274688	1.853615
6924	-374.0034	-542.4872	168.4838	1.982467	1.870797	1.88715
6930	-360.6194	-529.2254	168.606	2.296517	1.654652	1.773934
6936	-371.3493	-539.9923	168.6431	2.594136	2.08048	1.253615
6942	-363.9079	-532.5655	168.6576	2.040127	1.331096	2.098914
6948	-349.9517	-518.5642	168.6126	2.674249	1.444868	1.712781
6954	-363.6187	-532.3159	168.6972	1.781302	1.575083	2.059171
6960	-374.6657	-542.829	168.1633	1.920631	1.348141	2.469677
6966	-360.2333	-529.5825	169.3492	1.520455	1.549912	1.796022
6972	-369.0151	-538.4873	169.4723	1.574036	1.404743	1.776811
6978	-348.8664	-518.0018	169.1354	1.715805	1.825134	1.626258
6984	-355.1286	-524.5925	169.4639	1.219518	1.607181	1.87615
6990	-352.7771	-521.4456	168.6686	2.738834	1.741765	1.418141
6996	-353.7941	-522.9739	169.1798	1.686741	2.327426	1.223786
7002	-355.4514	-524.6134	169.162	1.726922	2.327426	1.208268
7008	-360.3546	-528.2586	167.9039	3.598417	1.590219	1.66335
7014	-366.3955	-534.0358	167.6403	3.598417	2.600818	1.068657
7020	-370.1752	-537.415	167.2398	4.321278	2.592375	1.044704
7026	-377.5319	-546.3556	168.8237	1.863455	2.242692	1.451055
7032	-355.4257	-524.2881	168.8623	1.839586	1.054562	2.257104
7038	-347.0385	-517.1529	170.1144	1.422188	1.273764	1.511558
7044	-344.0829	-513.1847	169.1017	1.989347	1.987878	1.34882
7050	-343.9148	-513.5213	169.6065	1.536497	1.987878	1.266063
7056	-339.5272	-509.0142	169.487	1.754736	1.690212	1.439469
7062	-343.2423	-512.3026	169.0603	1.598388	1.468377	1.998536
7068	-353.1864	-523.0977	169.9113	0.9773693	1.645566	1.706171
7074	-357.9579	-527.5267	169.5688	1.040464	0.9698565	2.342149
7080	-357.5883	-525.3142	167.7259	2.490144	1.211964	2.538821
7086	-365.0979	-534.2681	169.1701	1.836428	1.335176	1.870281
7092	-339.8859	-508.5261	168.6401	2.404467	1.322034	1.920232
7098	-338.118	-506.7955	168.6775	2.19648	1.204557	2.08407
7104	-348.1647	-517.4455	169.2809	1.436093	1.112756	2.186874
7110	-346.5768	-516.1392	169.5624	1.241348	0.9490328	2.232179
7116	-350.9075	-519.7038	168.7963	1.758228	0.8920162	2.447876
7122	-356.7269	-526.1953	169.4685	0.9188481	1.329143	2.254306
7128	-346.9871	-516.1782	169.1911	2.532268	1.111421	1.613827
7134	-341.0372	-511.1131	170.0759	1.341881	1.271746	1.598067
7140	-330.9972	-500.3025	169.3053	2.068115	1.641689	1.408678
7146	-339.8876	-509.1877	169.3001	1.396343	1.392183	2.015735
7152	-360.517	-528.8392	168.3222	3.036297	1.653351	1.585011
7158	-365.5836	-533.6282	168.0445	3.142317	1.633393	1.745533
7164	-356.8447	-525.0129	168.1682	3.287601	1.844759	1.428994
7170	-345.596	-515.0761	169.4801	1.662882	1.773207	1.444457
7176	-348.7771	-518.9501	170.173	1.12421	1.42387	1.571942
7182	-347.7415	-516.403	168.6616	2.47692	1.909806	1.445567
7188	-348.3114	-518.9367	170.6253	0.7122154	1.491362	1.487194
7194	-338.5185	-508.0664	169.5479	1.263452	1.626748	1.775205
7200	-347.765	-517.0931	169.328	2.309025	1.410142	1.41834
7206	-339.7037	-509.4445	169.7408	1.158628	1.432946	1.847092
7212	-340.6495	-509.3412	168.6917	2.785058	1.040887	1.88148
7218	-341.3623	-510.0237	168.6615	2.292197	1.023529	2.162541
7224	-348.0971	-517.2366	169.1395	1.445505	1.739272	1.858533
7230	-350.0493	-519.2318	169.1826	2.257502	1.513289	1.482087
7236	-355.7858	-524.581	168.7953	2.257502	1.190586	1.982556
7242	-360.1482	-529.1165	168.9683	2.257502	1.445838	1.688011
7248	-363.1928	-532.8687	169.6759	1.533628	1.198631	1.804511
7254	-354.6708	-523.1898	168.5191	2.088456	1.807319	1.845587
7260	-374.367	-544.153	169.786	1.218794	1.575556	1.674389
7266	-359.9258	-529.4716	169.5458	1.218794	1.017926	2.212706
7272	-353.3229	-522.657	169.3341	1.431478	1.447443	1.933566
7278	-353.1578	-521.9014	168.7435	2.643896	1.290686	1.744989
7284	-344.7787	-514.09	169.3113	2.01923	1.40217	1.61397
7290	-347.1195	-516.6883	169.5688	1.569371	1.049728	1.95631
7296	-346.8029	-515.9091	169.1062	1.750684	1.347801	1.95631
7302	-343.5778	-512.7103	169.1324	1.506184	1.611437	1.911427
7308	-349.7275	-518.8633	169.1358	1.817534	2.000248	1.428492
7314	-358.1089	-527.3524	169.2435	1.788774	1.668444	1.614376
7320	-352.0902	-521.1014	169.0112	1.924489	1.970748	1.475109
7326	-345.8331	-515.1734	169.3402	2.46248	1.381595	1.336774
7332	-344.6854	-513.6118	168.9264	1.950726	2.283091	1.278608
7338	-338.6166	-507.4234	168.8067	2.448095	2.004058	1.273669
7344	-343.9947	-512.8301	168.8355	2.33794	2.088315	1.251503
7350	-350.499	-519.0843	168.5854	2.694643	2.16888	1.163475
7356	-356.0984	-524.5674	168.4691	3.623255	1.662561	1.15392
7362	-352.4272	-521.8548	169.4276	1.847677	1.60223	1.489189
7368	-351.0869	-519.3051	168.2182	2.539629	2.216706	1.512356
7374	-338.8238	-508.4076	169.5838	1.279787	1.455941	1.857327
7380	-346.6473	-515.5893	168.9419	2.264736	1.647649	1.556957
7386	-356.56	-525.1958	168.6358	2.264736	1.915522	1.584994
7392	-357.6681	-526.3702	168.7022	2.74436	1.915522	1.248894
7398	-349.3888	-518.863	169.4742	1.260756	2.025787	1.5441
7404	-353.1854	-521.5462	168.3608	2.547511	2.025414	1.5441
7410	-352.7775	-521.0587	168.2812	2.80237	1.828054	1.608499
7416	-361.4561	-530.2198	168.7637	2.515171	1.80947	1.421665
7422	-362.7297	-531.6513	168.9215	1.401137	1.4615	2.21525
7428	-354.3085	-524.1223	169.8138	1.290754	1.189462	1.874959
7434	-367.2798	-536.3429	169.0631	2.125718	1.189462	1.874959
7440	-367.3027	-535.9379	168.6352	2.462945	1.348262	1.874959
7446	-363.4624	-533.6442	170.1818	0.8958436	1.338599	1.788679
7452	-369.9074	-539.6095	169.702	1.084072	1.588711	1.817553
7458	-366.5394	-535.3717	168.8323	1.662682	1.335173	2.197211
7464	-358.794	-528.3172	169.5232	1.365082	1.028972	2.127835
7470	-368.2575	-537.7346	169.4771	1.216754	1.219231	2.127835
7476	-364.6238	-533.6136	168.9898	1.652776	1.485344	2.001104
7482	-370.8843	-540.6155	169.7313	1.283895	1.327917	1.84124
7488	-366.2206	-535.0718	168.8513	1.642789	1.156525	2.311395
7494	-373.6325	-542.8184	169.1858	1.463109	0.9515535	2.334984
7500	-366.9479	-535.7075	168.7596	1.394034	1.650267	2.202276
7506	-355.7967	-525.0898	169.2931	1.833894	1.694964	1.529446
7512	-358.6236	-526.9168	168.2931	3.303445	1.576297	1.529446
7518	-363.5995	-532.5781	168.9785	2.352886	1.578121	1.529446
7524	-368.504	-538.3644	169.8604	1.700363	1.246239	1.529446
7530	-360.5705	-530.2222	169.6517	1.509055	1.43045	1.674935
7536	-358.3474	-527.3555	169.008	2.791119	1.43045	1.366398
7542	-350.7604	-519.9426	169.1822	2.309543	1.134221	1.727644
7548	-352.0211	-522.067	170.0459	1.380445	1.299232	1.572879
7554	-352.5685	-521.9585	169.39	1.617189	1.865214	1.474645
7560	-363.5632	-531.7091	168.1459	3.102324	1.625701	1.698852
7566	-345.9377	-514.7589	168.8212	2.667195	1.254592	1.703489
7572	-345.2002	-513.6939	168.4936	2.667195	1.174185	1.983592
7578	-351.6069	-520.9722	169.3653	2.094777	1.221088	1.659968
7584	-347.499	-516.7753	169.2762	1.819845	1.221088	1.885655
7590	-355.4983	-524.3455	168.8471	1.934119	1.467567	1.942091
7596	-347.5802	-516.2414	168.6612	2.394102	1.242384	1.965093
7602	-345.1264	-513.2311	168.1047	3.578642	1.624024	1.501012
7608	-344.3889	-512.5858	168.1969	3.253401	1.450447	1.714164
7614	-342.4859	-512.182	169.6961	1.401686	1.683787	1.532229
7620	-352.8412	-522.2481	169.4069	1.289735	1.881173	1.677324
7626	-347.1558	-516.809	169.6532	1.289735	1.429621	1.821057
7632	-342.9137	-511.3279	168.4141	2.275175	1.923449	1.732057
7638	-349.6388	-518.6865	169.0477	2.661634	1.431491	1.408959
7644	-339.5244	-508.7224	169.198	2.111942	1.229484	1.762173
7650	-354.7286	-523.4185	168.6899	1.81011	1.153807	2.320465
7656	-343.3048	-513.0551	169.7503	1.579686	1.222462	1.70596
7662	-355.7617	-524.0352	168.2735	2.108138	1.477308	2.216858
7668	-347.2735	-515.9832	168.7096	2.011412	1.117786	2.219627
7674	-341.3079	-510.7451	169.4372	1.488385	1.228206	1.975476
7680	-354.0407	-523.0904	169.0497	1.779024	1.350544	1.975476
7686	-358.4817	-527.4205	168.9388	1.669487	1.7694	1.833167
7692	-362.0841	-530.4883	168.4041	2.444842	1.318231	2.059398
7698	-350.0782	-519.6918	169.6136	1.57346	1.818406	1.369341
7704	-354.5762	-524.383	169.8069	0.9404677	1.502616	1.902866
7710	-354.1871	-522.7018	168.5147	2.220361	2.4022	1.333872
7716	-353.2543	-522.8656	169.6112	1.346461	2.11525	1.305266
7722	-340.5494	-509.5264	168.9769	2.146026	1.712681	1.554285
7728	-349.4144	-519.7342	170.3198	0.8999161	1.482157	1.5856
7734	-357.6949	-527.8137	170.1188	0.7821148	1.913947	1.500494
7740	-350.6675	-520.7911	170.1236	0.7286341	1.850734	1.581385
7746	-341.3912	-510.3569	168.9656	2.340561	1.530274	1.581385
7752	-346.7503	-515.5283	168.778	2.303406	2.016982	1.377633
7758	-347.795	-516.8049	169.0098	1.640778	0.787276	2.445963
7764	-354.4299	-523.2503	168.8204	1.946259	0.9161816	2.313437
7770	-353.9367	-522.3256	168.3889	1.988034	1.312099	2.313437
7776	-360.186	-529.11	168.9241	1.20465	1.496613	2.313437
7782	-364.225	-533.1659	168.9409	2.008829	1.822734	1.583867
7788	-359.1777	-528.8981	169.7205	1.555694	1.081632	1.840306
7794	-366.8727	-536.0059	169.1331	1.943492	0.9991768	2.058332
7800	-350.4589	-520.031	169.5721	1.702257	1.500666	1.553239
7806	-351.5929	-521.0143	169.4214	1.338282	1.990995	1.553239
7812	-349.2717	-517.9944	168.7227	3.231301	1.403401	1.370297
7818	-351.7133	-521.4327	169.7194	1.744268	1.339745	1.535487
7824	-348.2797	-518.086	169.8062	1.824222	1.034434	1.643244
7830	-345.4815	-515.3389	169.8573	1.337456	1.045752	1.912246
7836	-350.0203	-519.4822	169.4619	1.562491	1.106999	1.993808
7842	-350.4685	-519.9831	169.5147	1.493605	1.283477	1.882587
7848	-358.9221	-528.5495	169.6274	1.636235	1.292594	1.706633
7854	-358.8943	-527.2649	168.3705	2.457084	1.508824	1.948494
7860	-349.8454	-518.3939	168.5485	2.390212	1.707876	1.725089
7866	-353.0323	-522.1556	169.1232	2.278849	1.54948	1.486623
7872	-358.7814	-527.6513	168.8698	2.045337	1.477311	1.856021
7878	-353.9675	-522.9726	169.0051	2.045337	1.324083	1.86832
7884	-349.6808	-518.2358	168.555	2.147239	1.908996	1.716098
7890	-348.8798	-517.0258	168.146	2.862218	1.325344	2.019713
7896	-364.5253	-534.0297	169.5044	1.805696	1.333056	1.657252
7902	-369.8971	-538.1999	168.3028	2.053791	1.020374	2.51672
7908	-377.5942	-546.5572	168.963	1.61943	1.336818	2.136799
7914	-350.4836	-520.0267	169.5431	1.726105	1.222121	1.758307
7920	-351.366	-521.296	169.93	1.334002	1.302643	1.686219
7926	-355.0393	-523.7971	168.7578	2.395621	2.013841	1.338512
7932	-357.9061	-527.7905	169.8844	1.157086	2.057246	1.280805
7938	-356.1297	-525.3627	169.2331	1.514244	2.073985	1.507326
7944	-360.0896	-528.7018	168.6122	2.38349	2.073985	1.413052
7950	-358.6531	-527.8764	169.2234	1.549401	2.073985	1.490027
7956	-350.8148	-519.5515	168.7366	2.543724	2.190096	1.110455
7962	-357.3343	-524.228	166.8937	4.906157	2.827802	0.8161942
7968	-362.3481	-529.8097	167.4616	3.230853	3.221179	0.8580386
7974	-353.7065	-520.3273	166.6209	5.510908	2.512425	1.110183
7980	-352.8779	-520.0628	167.1848	4.467464	2.512425	1.093872
7986	-351.8717	-518.3294	166.4577	4.103299	3.709593	0.8176747
7992	-347.6174	-515.9637	168.3462	2.434404	2.597615	1.170021
7998	-346.6998	-515.3148	168.6149	2.274654	2.641091	0.9967923
8004	-354.4548	-522.8093	168.3545	3.540878	1.819023	1.163134
8010	-343.2663	-511.6588	168.3924	2.949522	2.197529	1.146043
8016	-352.0104	-521.8946	169.8842	1.507099	1.450412	1.491654
8022	-357.283	-526.2884	169.0055	1.906879	1.287869	1.972174
8028	-357.6708	-526.8383	169.1675	1.375147	1.649345	1.945969
8034	-367.5327	-536.7219	169.1892	1.36939	1.633199	1.945969
8040	-353.1581	-521.0582	167.9001	2.984996	1.766219	1.829164
8046	-345.3667	-514.9151	169.5484	1.349794	1.229533	1.988398
8052	-347.1689	-516.5477	169.3789	1.528702	1.229533	1.988398
8058	-350.5648	-519.5585	168.9936	1.498121	2.095509	1.677214
8064	-364.4216	-535.123	170.7014	0.9321922	1.302561	1.409789
8070	-363.4675	-532.5566	169.0891	1.706874	1.953907	1.572079
8076	-352.7931	-522.1541	169.3611	1.742278	2.053895	1.259314
8082	-354.2021	-522.8033	168.6012	2.087512	2.291258	1.438235
8088	-362.8658	-531.264	168.3982	1.819111	2.165148	1.840973
8094	-350.7756	-519.5376	168.7621	2.414816	1.807127	1.483727
8100	-355.368	-524.6334	169.2655	1.294514	1.124692	2.276739
8106	-363.7522	-531.8833	168.1311	1.730662	1.124692	2.731146
8112	-360.8725	-530.0623	169.1898	1.189658	1.08126	2.417642
8118	-349.2379	-518.0705	168.8326	1.875123	1.09801	2.228327
8124	-351.3474	-520.2403	168.8928	1.875123	1.431905	1.969563
8130	-352.9254	-522.4293	169.5039	1.421435	2.09383	1.350936
8136	-354.7715	-524.0523	169.2808	1.584796	1.357669	1.93333
8142	-340.9278	-510.6493	169.7215	1.394648	1.221032	1.847936
8148	-346.4593	-516.6093	170.15	1.288164	1.711483	1.240562
8154	-353.5843	-522.4306	168.8463	2.374875	1.711483	1.515738
8160	-343.4635	-513.3685	169.905	1.244281	1.907394	1.316091
8166	-339.9739	-509.9947	170.0208	1.244281	1.629388	1.443333
8172	-350.6719	-520.6713	169.9994	1.380694	1.347124	1.571679
8178	-351.6924	-521.6218	169.9294	1.28255	1.281195	1.737059
8184	-346.9961	-516.5034	169.5073	1.317893	1.725053	1.697497
8190	-349.7495	-518.1545	168.405	2.663671	2.0734	1.408425
8196	-349.8969	-519.2687	169.3718	1.873262	1.883108	1.296012
8202	-352.9599	-520.4544	167.4945	3.490203	2.29603	1.497082
8208	-354.0403	-522.8459	168.8056	2.172328	1.702203	1.670467
8214	-352.3838	-521.5946	169.2108	2.07975	1.148053	1.828249
8220	-353.9644	-523.135	169.1707	1.170804	1.284176	2.312954
8226	-357.3919	-526.8704	169.4785	1.412722	1.071789	2.0992
8232	-342.9265	-512.593	169.6665	1.216601	1.073747	2.0992
8238	-346.2824	-515.9664	169.684	1.565879	1.19406	1.781323
8244	-346.6292	-516.6535	170.0243	1.095158	1.746314	1.46387
8250	-354.1457	-522.9733	168.8275	2.383916	2.185957	1.143361
8256	-358.6432	-528.1967	169.5535	1.217968	1.995657	1.538806
8262	-355.7718	-525.5468	169.775	1.38651	1.958917	1.267737
8268	-349.6171	-518.884	169.2669	1.979066	1.511315	1.59166
8274	-351.8435	-521.0548	169.2113	1.713784	2.208395	1.276442
8280	-349.2929	-519.025	169.7322	1.416781	1.730525	1.459251
8286	-350.4646	-520.1063	169.6417	1.607317	1.654281	1.450578
8292	-359.8265	-529.6771	169.8506	1.342505	1.309756	1.731543
8298	-351.5958	-520.3582	168.7624	2.088909	1.406133	1.952477
8304	-344.4133	-513.2946	168.8813	2.315922	1.474854	1.696013
8310	-348.1069	-517.1201	169.0132	2.188729	1.532798	1.633485
8316	-349.9403	-519.252	169.3117	2.141001	1.532798	1.441143
8322	-344.0585	-513.6215	169.563	1.656793	1.519637	1.57622
8328	-342.2691	-511.3746	169.1056	1.692124	1.242589	2.06171
8334	-344.5725	-513.8884	169.3159	1.492841	0.942327	2.239794
8340	-358.0243	-527.5547	169.5304	1.455348	0.8434757	2.187881
8346	-354.7664	-523.9952	169.2288	1.709674	1.354763	1.893535
8352	-347.7655	-518.0851	170.3196	0.998314	1.234771	1.693124
8358	-352.6284	-522.0541	169.4257	2.221803	1.029941	1.678945
8364	-340.1724	-509.9531	169.7807	1.811101	1.222608	1.532938
8370	-341.5537	-509.3431	167.7894	3.496073	2.195821	1.343902
8376	-343.6267	-512.6301	169.0034	2.10902	1.657143	1.59794
8382	-345.7906	-514.9049	169.1144	1.75692	1.801294	1.632092
8388	-350.1642	-519.2843	169.12	1.644538	1.53125	1.887573
8394	-343.14	-511.9838	168.8438	2.713666	1.370942	1.578861
8400	-347.2429	-516.3677	169.1248	1.625711	1.834505	1.685568
8406	-345.4789	-514.1335	168.6546	2.537279	1.556699	1.676657
8412	-346.3331	-514.6607	168.3275	2.376446	2.383956	1.397737
8418	-344.857	-514.6723	169.8152	1.43885	1.663746	1.430761
8424	-348.2553	-516.502	168.2467	2.812829	2.101192	1.424736
8430	-344.0062	-512.4034	168.3973	2.812829	1.928653	1.441591
8436	-351.3864	-520.8346	169.4482	2.193213	1.449186	1.366885
8442	-356.343	-524.4635	168.1205	2.335395	1.351181	2.278061
8448	-349.1107	-518.1977	169.087	2.167695	1.552414	1.578085
8454	-342.5326	-511.3145	168.7819	2.276048	1.759759	1.585479
8460	-354.1993	-523.1154	168.9161	2.091093	1.314539	1.909371
8466	-358.6448	-527.6046	168.9598	1.734773	1.20055	2.159672
8472	-353.9741	-522.8667	168.8926	2.362275	1.199315	1.854443
8478	-360.2252	-529.5987	169.3734	1.636829	2.119745	1.273322
8484	-363.3838	-530.714	167.3302	3.798701	2.551826	1.273322
8490	-350.0405	-518.5477	168.5072	2.828143	1.961014	1.321418
8496	-353.4753	-522.2051	168.7298	2.828143	1.592037	1.436293
8502	-358.3622	-526.504	168.1418	3.068724	1.378164	1.889364
8508	-341.3432	-510.1082	168.7649	2.454142	1.87872	1.403396
8514	-345.9822	-514.7067	168.7245	1.831721	2.470935	1.372579
8520	-346.6511	-516.3491	169.698	1.386505	2.261574	1.070258
8526	-351.6353	-519.0841	167.4489	4.244826	2.192798	1.252592
8532	-348.495	-516.6655	168.1705	3.458479	1.505343	1.596984
8538	-344.1643	-513.0423	168.878	2.282639	1.505343	1.695523
8544	-347.8952	-516.5652	168.67	2.463229	1.390408	1.822053
8550	-343.5726	-512.3603	168.7877	2.463229	0.9615372	2.032227
8556	-337.9964	-507.262	169.2656	1.449174	1.460449	1.959587
8562	-342.4574	-510.5047	168.0473	3.25931	1.477926	1.796828
8568	-348.5868	-516.5677	167.9809	3.25931	1.740554	1.65869
8574	-350.5814	-519.0734	168.492	2.775039	1.995655	1.336696
8580	-359.7396	-528.4475	168.7078	2.627502	1.995655	1.249453
8586	-355.5027	-524.7486	169.2459	1.599109	1.995655	1.497461
8592	-354.9165	-523.117	168.2005	2.871033	1.859206	1.608604
8598	-341.3151	-510.1098	168.7947	2.456676	1.871661	1.384166
8604	-351.8004	-520.7918	168.9914	2.456676	1.761298	1.315579
8610	-339.0622	-508.1332	169.0711	2.233437	1.503678	1.586318
8616	-342.7607	-511.9497	169.1889	2.000901	1.562537	1.597638
8622	-353.4622	-522.4861	169.024	2.525963	1.3057	1.597638
8628	-350.9707	-520.7894	169.8187	1.244219	1.709555	1.53517
8634	-361.6135	-531.2376	169.6241	1.244219	1.024725	2.141262
8640	-360.5729	-529.4756	168.9027	1.332262	1.493893	2.249108
8646	-350.8823	-520.4419	169.5596	1.71095	0.9557068	1.938983
8652	-355.3698	-525.3648	169.995	1.183013	1.411657	1.667356
8658	-353.5804	-522.3566	168.7762	2.591848	1.587722	1.535818
8664	-361.6799	-530.2667	168.5868	2.013931	1.587722	1.990546
8670	-359.635	-528.9862	169.3512	1.878725	1.185364	1.823579
8676	-356.4476	-525.7571	169.3095	1.419571	1.063702	2.210261
8682	-353.1855	-522.1312	168.9457	2.077399	1.063702	2.064803
8688	-362.4853	-531.4317	168.9464	1.807175	1.063702	2.215404
8694	-346.9476	-516.7435	169.7959	1.209673	1.602082	1.65477
8700	-350.4722	-519.6846	169.2124	1.888302	1.588892	1.631383
8706	-352.5612	-521.5926	169.0314	2.83764	1.270586	1.446228
8712	-341.4065	-510.2756	168.8691	2.101782	0.9795049	2.156875
8718	-343.7493	-512.678	168.9287	2.008799	1.418608	1.876896
8724	-348.9805	-518.5823	169.6018	1.752333	1.241882	1.686492
8730	-345.9753	-515.829	169.8537	1.206201	1.234461	1.873432
8736	-347.6662	-516.7914	169.1252	1.757412	1.450014	1.870161
8742	-343.5153	-512.2671	168.7517	3.234596	1.450014	1.308156
8748	-352.0706	-520.9005	168.8298	2.446388	1.606836	1.564111
8754	-351.5947	-520.825	169.2302	2.19093	1.409306	1.564111
8760	-366.9407	-535.9977	169.057	1.627047	1.65098	1.859824
8766	-354.404	-523.334	168.9299	2.457612	1.07978	1.859824
8772	-355.3977	-524.1981	168.8004	1.861118	1.042214	2.292672
8778	-351.9415	-521.0305	169.089	2.21811	1.410829	1.649513
8784	-347.2055	-515.9835	168.778	1.692119	2.335592	1.529817
8790	-351.6928	-519.5017	167.8089	3.466885	2.312374	1.248454
8796	-346.3073	-514.5029	168.1956	2.176841	3.066657	1.067504
8802	-355.827	-523.4237	167.5967	2.833803	3.161868	1.067504
8808	-353.2093	-521.3611	168.1518	2.710438	2.718674	1.046618
8814	-370.4736	-538.6637	168.1901	3.071128	2.368853	1.097431
8820	-363.0457	-532.1015	169.0559	2.138472	1.941711	1.322777
8826	-344.3932	-513.2818	168.8886	2.373786	1.128894	1.899016
8832	-355.9089	-524.0323	168.1235	3.024261	1.599998	1.770583
8838	-342.9897	-512.0851	169.0954	1.812666	1.450574	1.856766
8844	-348.7835	-518.1259	169.3424	1.552563	1.194112	2.021505
8850	-358.0765	-527.0902	169.0137	1.766149	1.28523	2.050449
8856	-352.7869	-521.8371	169.0502	2.28454	1.258007	1.747432
8862	-358.4738	-527.59	169.1162	1.601266	1.108094	2.196698
8868	-367.7055	-537.3713	169.6658	1.601266	1.214129	1.757292
8874	-356.8938	-525.1114	168.2176	2.75641	1.582371	1.849699
8880	-347.8827	-517.2369	169.3542	1.856782	1.231614	1.802781
8886	-343.4946	-512.2779	168.7833	2.258009	1.647357	1.675943
8892	-352.4664	-521.6359	169.1695	1.68293	1.953309	1.529088
8898	-342.6464	-510.838	168.1916	2.930331	2.537835	1.029461
8904	-354.8282	-523.0667	168.2384	3.195883	2.404856	0.929648
8910	-351.7448	-520.3713	168.6265	3.195883	1.615382	1.296754
8916	-354.3373	-524.9132	170.5759	0.7248411	1.528936	1.487205
8922	-343.0743	-512.6331	169.5589	1.475658	1.202414	1.919027
8928	-350.3898	-519.7533	169.3635	2.293229	1.230069	1.537166
8934	-342.2496	-511.6787	169.4291	1.472468	1.245194	1.979582
8940	-347.2697	-515.9342	168.6644	2.213495	1.641414	1.788931
8946	-338.9834	-508.3656	169.3822	2.066492	1.206274	1.675252
8952	-353.8335	-523.2461	169.4126	1.997295	1.54063	1.449686
8958	-352.9133	-521.7201	168.8067	2.379601	1.727141	1.530748
8964	-351.6221	-520.4315	168.8094	1.840124	1.432757	2.044892
8970	-357.2855	-526.0463	168.7609	1.840124	1.450113	2.065479
8976	-349.2043	-517.8119	168.6076	1.840124	1.164191	2.349463
8982	-350.8615	-520.6746	169.8131	1.536949	1.131136	1.753887
8988	-350.3292	-519.4946	169.1654	1.413554	1.307925	2.149011
8994	-349.8598	-518.4984	168.6385	1.781481	1.021214	2.452833
9000	-338.3811	-508.0407	169.6596	1.457879	1.039685	1.972038
9006	-338.2457	-507.1335	168.8878	2.005226	1.166888	2.07488
9012	-348.797	-518.5535	169.7565	1.462066	1.440297	1.624339
9018	-353.1195	-522.2389	169.1194	2.401668	1.731746	1.270182
9024	-367.1892	-536.3434	169.1542	1.730773	1.484024	1.843361
9030	-364.1015	-533.3097	169.2082	1.730773	1.277655	1.946821
9036	-357.3206	-526.0298	168.7091	2.048421	1.766925	1.765183
9042	-359.9749	-528.8787	168.9038	2.471223	1.623115	1.482631
9048	-370.2613	-540.2636	170.0023	0.9304262	1.279428	1.92843
9054	-366.3339	-534.3088	167.9749	3.995986	1.740601	1.311668
9060	-361.9363	-529.6679	167.7316	3.894938	1.740601	1.545821
9066	-342.4395	-511.6683	169.2288	2.19457	1.641867	1.386943
9072	-345.4439	-514.9723	169.5284	1.595991	1.526882	1.636414
9078	-346.435	-516.2193	169.7843	1.237649	1.126684	1.972336
9084	-347.4287	-517.1779	169.7492	1.301663	1.087759	1.980045
9090	-356.079	-525.0588	168.9798	1.929511	1.332508	1.946394
9096	-351.377	-521.0272	169.6502	1.600633	0.96903	1.936465
9102	-345.6716	-514.8092	169.1376	2.015498	1.333986	1.78755
9108	-354.5092	-523.4755	168.9663	2.18536	1.364399	1.78755
9114	-360.5529	-530.7504	170.1975	1.090604	1.130139	1.78755
9120	-369.6942	-538.6083	168.9141	2.020423	1.273031	1.978451
9126	-357.8946	-527.2664	169.3719	1.401454	1.224901	2.075712
9132	-362.0708	-530.7957	168.7249	1.602602	1.356508	2.287831
9138	-360.395	-529.863	169.468	1.20293	1.012712	2.276149
9144	-351.4935	-520.0296	168.5362	2.041634	1.020123	2.37662
9150	-348.9041	-518.3317	169.4275	1.747336	1.058893	1.936483
9156	-350.2503	-519.4197	169.1694	1.940073	1.716441	1.537032
9162	-351.7108	-520.1987	168.4879	2.275826	2.086688	1.561462
9168	-342.2983	-512.3576	170.0593	0.9490587	1.155769	1.960761
9174	-336.7228	-506.7354	170.0126	1.302479	1.380441	1.592811
9180	-339.4721	-508.7622	169.2901	1.400043	1.484106	1.958624
9186	-342.5681	-512.139	169.5709	1.400043	1.503972	1.75279
9192	-346.5129	-516.382	169.8691	1.30777	1.294573	1.75279
9198	-356.9217	-526.2019	169.2802	1.205135	1.309195	2.204814
9204	-349.4465	-519.3426	169.8961	1.48108	1.175538	1.701029
9210	-359.3706	-528.9817	169.6111	1.918924	1.400241	1.456372
9216	-349.6792	-518.9607	169.2815	1.878859	1.336358	1.767169
9222	-355.9124	-525.1954	169.2829	1.497765	1.001121	2.220137
9228	-364.5036	-534.0067	169.5031	1.371715	0.9004815	2.220137
9234	-362.6988	-531.5065	168.8078	1.436842	0.9206733	2.606993
9240	-355.1639	-524.8357	169.6719	1.163809	1.472943	1.863339
9246	-357.5295	-527.1513	169.6218	1.336462	1.354189	1.863339
9252	-354.624	-523.6209	168.9969	1.975161	1.692961	1.657852
9258	-353.4157	-522.3581	168.9424	2.463398	1.634381	1.449399
9264	-346.1404	-515.1131	168.9727	2.463398	1.695123	1.378943
9270	-341.2075	-510.182	168.9745	2.090533	2.152195	1.249549
9276	-344.5303	-513.6726	169.1423	2.32597	1.634719	1.377625
9282	-342.2859	-512.0408	169.7549	1.113049	1.634719	1.728601
9288	-342.1625	-510.7362	168.5738	1.928612	1.731073	1.951915
9294	-359.1389	-527.9821	168.8431	1.616347	0.9522338	2.461068
9300	-340.2888	-510.4249	170.1361	0.797563	1.293008	1.917445
