Iteration	Posterior	Likelihood	Prior	acrv_sd	tree_length
0	-1877.088	-2047.767	170.6794	1.387311	1.971749
6	-1882.818	-2053.449	170.6307	1.387311	2.004246
12	-1896.041	-2066.83	170.7894	1.157332	2.051563
18	-1884.587	-2055.442	170.8543	1.036454	2.088459
24	-1881.894	-2052.132	170.2373	1.36588	2.275066
30	-1887.178	-2057.749	170.5711	0.9483159	2.328561
36	-1907.984	-2078.195	170.2114	1.170932	2.415435
42	-1900.353	-2071.074	170.7212	1.009974	2.192591
48	-1895.314	-2065.827	170.5126	1.389972	2.080724
54	-1900.183	-2070.777	170.5945	1.308018	2.080724
60	-1908.082	-2078.805	170.7224	1.129036	2.114275
66	-1904.703	-2075.511	170.8082	1.138245	2.051742
72	-1901.72	-2072.418	170.6975	1.189093	2.091199
78	-1890.361	-2060.503	170.1422	1.020805	2.5527
84	-1895.758	-2066.468	170.7104	1.18979	2.082255
90	-1894.787	-2065.249	170.4622	1.49958	2.041616
96	-1890.474	-2061.184	170.7099	1.214454	2.066368
102	-1895.386	-2065.492	170.1068	1.372919	2.35382
108	-1892.374	-2062.93	170.5557	1.179521	2.189958
114	-1904.449	-2075.716	171.2667	0.9750233	1.853233
120	-1902.09	-2071.273	169.1825	1.603203	2.784916
126	-1905.725	-2075.948	170.223	1.51529	2.187974
132	-1893.577	-2064.201	170.6244	1.09599	2.199575
138	-1894.176	-2064.98	170.804	1.171058	2.032857
144	-1902.44	-2072.932	170.4918	1.282499	2.164616
150	-1890.678	-2061.2	170.5218	1.16803	2.219356
156	-1887.44	-2057.956	170.5156	1.174205	2.219356
162	-1886.991	-2057.466	170.4748	1.10959	2.287089
168	-1888.6	-2059.336	170.7354	1.151589	2.090939
174	-1894.032	-2064.741	170.7093	1.382531	1.954887
180	-1892.594	-2061.687	169.0932	1.468621	2.920644
186	-1898.002	-2068.186	170.1836	1.156257	2.442182
192	-1892.202	-2062.68	170.4786	1.452647	2.061806
198	-1896.681	-2067.497	170.8158	1.115426	2.061806
204	-1889.802	-2060.644	170.8415	1.081639	2.067175
210	-1884.917	-2055.355	170.4383	1.061415	2.341098
216	-1898.488	-2069.532	171.0433	0.9302537	2.033855
222	-1903.701	-2074.127	170.4258	1.187024	2.26889
228	-1897.38	-2068.092	170.7126	1.123458	2.124324
234	-1884.88	-2055.521	170.6405	1.232025	2.100432
240	-1890.124	-2060.373	170.2491	1.232025	2.352912
246	-1897.529	-2067.065	169.5357	1.719761	2.495093
252	-1890.048	-2060.258	170.2095	1.476801	2.221613
258	-1888.936	-2058.499	169.5632	1.831191	2.407792
264	-1891.22	-2062.088	170.8677	1.077278	2.052772
270	-1898.069	-2067.975	169.9065	1.242166	2.561614
276	-1888.214	-2058.437	170.2232	1.129245	2.434223
282	-1892.825	-2063.806	170.9807	1.167052	1.917197
288	-1891.808	-2061.857	170.0488	1.305133	2.433298
294	-1892.256	-2062.86	170.6037	1.059256	2.236679
300	-1889.601	-2060.155	170.5548	1.464171	2.003662
306	-1880.096	-2050.827	170.7309	1.14689	2.097008
312	-1883.768	-2054.218	170.4504	1.14689	2.278826
318	-1887.21	-2057.672	170.4615	1.135811	2.278826
324	-1902.591	-2072.858	170.2675	1.329758	2.278826
330	-1907.794	-2077.878	170.0839	1.047023	2.572617
336	-1904.178	-2074.56	170.3822	1.425963	2.142582
342	-1908.353	-2078.726	170.3732	1.506013	2.09606
348	-1903.896	-2074.981	171.0854	0.9933888	1.963632
354	-1894.377	-2065.044	170.6671	1.016133	2.223578
360	-1895.062	-2065.339	170.2776	1.332028	2.270934
366	-1893.631	-2064.619	170.9877	1.321626	1.80677
372	-1897.484	-2067.279	169.7953	1.592315	2.412074
378	-1887.657	-2058.533	170.8753	0.9859722	2.107865
384	-1890.432	-2060.477	170.0449	1.483808	2.322642
390	-1888.711	-2059.738	171.0273	1.077972	1.945851
396	-1901.013	-2071.48	170.4671	1.344978	2.139977
402	-1894.275	-2065.188	170.9132	1.093857	2.011553
408	-1901.124	-2072.433	171.3092	0.9271525	1.856919
414	-1897.786	-2068.627	170.8408	1.097857	2.056896
420	-1897.492	-2067.971	170.4791	1.56031	1.99003
426	-1888.298	-2059.329	171.0302	1.009214	1.99003
432	-1898.563	-2068.75	170.1868	1.251785	2.379882
438	-1884.508	-2055.428	170.9197	1.178252	1.950768
444	-1896.455	-2067.374	170.9197	1.178252	1.950768
450	-1896.779	-2067.589	170.8094	1.178767	2.024106
456	-1893.359	-2064.292	170.9332	1.079495	2.007846
462	-1911.641	-2081.848	170.2061	1.287226	2.345125
468	-1904.446	-2074.895	170.4487	1.287226	2.18953
474	-1897.512	-2068.262	170.7502	0.9857616	2.189472
480	-1892.848	-2063.366	170.5174	1.185902	2.210602
486	-1897.467	-2068.565	171.0979	1.17501	1.831851
492	-1898.186	-2068.874	170.6881	1.307775	2.019002
498	-1913.683	-2084.359	170.6763	1.070361	2.182555
504	-1895.164	-2065.557	170.3933	1.173921	2.298059
510	-1900.229	-2070.668	170.4391	1.11559	2.306056
516	-1893.71	-2064.375	170.6655	1.11559	2.160175
522	-1896.157	-2067.394	171.2368	0.9386482	1.898405
528	-1898.6	-2068.893	170.2933	1.420453	2.203884
534	-1922.165	-2090.893	168.7274	1.893212	2.885106
540	-1903.435	-2073.362	169.9268	1.589053	2.330806
546	-1896.216	-2066.429	170.2129	1.121128	2.44579
552	-1892.117	-2062.867	170.7502	1.352389	1.947693
558	-1895.364	-2066.088	170.724	1.090969	2.138152
564	-1891.462	-2061.445	169.9829	1.352768	2.444801
570	-1904.892	-2075.204	170.3117	1.03679	2.436695
576	-1894.405	-2064.891	170.4859	1.327375	2.139223
582	-1907.788	-2078.955	171.1669	1.265385	1.720952
588	-1895.58	-2065.754	170.1739	1.208252	2.415492
594	-1894.965	-2065.371	170.4059	1.189682	2.279894
600	-1897.874	-2068.494	170.6194	1.22231	2.12063
606	-1899.194	-2069.712	170.5178	1.323965	2.12063
612	-1902.836	-2073.776	170.9405	0.9715976	2.07442
618	-1898.233	-2069.057	170.8244	1.112744	2.057926
624	-1901.665	-2071.902	170.2368	1.112744	2.436034
630	-1895.115	-2065.553	170.4386	1.320444	2.174518
636	-1891.408	-2061.867	170.4588	1.20451	2.236441
642	-1887.85	-2058.304	170.4534	1.241879	2.215783
648	-1887.724	-2058.761	171.0365	1.071781	1.943842
654	-1886.994	-2057.995	171.0015	1.10752	1.943332
660	-1891.598	-2062.599	171.0005	1.126796	1.930989
666	-1893.595	-2064.389	170.7935	0.9758158	2.167829
672	-1892.039	-2062.819	170.7797	0.989658	2.167829
678	-1883.649	-2053.837	170.1874	1.581959	2.167829
684	-1890.271	-2060.835	170.5633	1.406661	2.036228
690	-1886.705	-2057.036	170.3315	1.405325	2.188932
696	-1893.77	-2064.413	170.6429	1.093898	2.188932
702	-1903.339	-2074.216	170.8768	0.89298	2.167526
708	-1899.841	-2070.207	170.3661	1.250631	2.266344
714	-1892.223	-2063.127	170.9042	1.146541	1.982412
720	-1889.285	-2059.611	170.3264	1.366631	2.21726
726	-1880.781	-2051.121	170.339	1.353995	2.21726
732	-1876.702	-2047.491	170.7892	1.177821	2.038174
738	-1893.788	-2064.378	170.5906	1.313651	2.079577
744	-1889.348	-2060.385	171.0365	1.131461	1.903501
750	-1891.945	-2061.71	169.7657	1.285044	2.622303
756	-1895.626	-2066.425	170.7996	1.346117	1.918589
762	-1890.353	-2060.089	169.7353	1.400282	2.569782
768	-1891.311	-2062.025	170.7144	1.228925	2.05383
774	-1895.444	-2066.351	170.9077	1.017557	2.065787
780	-1895.067	-2065.791	170.7243	1.200947	2.065787
786	-1894.093	-2064.71	170.6172	1.308019	2.065787
792	-1892.824	-2063.746	170.9217	1.359007	1.826488
798	-1883.191	-2053.597	170.4069	1.176866	2.287465
804	-1894.884	-2064.845	169.9609	1.431641	2.408962
810	-1913.638	-2084.264	170.6262	1.171345	2.149501
816	-1903.713	-2074.416	170.7027	1.126933	2.128576
822	-1907.164	-2077.425	170.2618	1.053181	2.457752
828	-1890.509	-2060.97	170.4608	0.9947376	2.369104
834	-1897.447	-2068.223	170.7756	1.116766	2.087419
840	-1896.673	-2067.521	170.8484	1.463203	1.805167
846	-1887.301	-2057.6	170.2991	1.109388	2.39892
852	-1898.09	-2068.804	170.7138	1.068028	2.159744
858	-1897.486	-2068.463	170.9769	1.132919	1.942802
864	-1891.382	-2061.5	170.1181	1.132919	2.49783
870	-1891.416	-2062.11	170.6934	1.109128	2.146258
876	-1897.967	-2068.758	170.7908	0.9020371	2.217417
882	-1904.312	-2074.883	170.5716	1.336688	2.076977
888	-1907.842	-2078.356	170.5139	1.336688	2.114818
894	-1907.189	-2077.78	170.5906	1.167612	2.175093
900	-1894.445	-2065.517	171.0719	1.032644	1.946359
906	-1897.221	-2068.153	170.9322	1.172361	1.946359
912	-1890.512	-2061.12	170.6086	1.371064	2.02975
918	-1884.671	-2055.539	170.8685	1.004639	2.100073
924	-1894.651	-2065.376	170.7243	1.169823	2.08624
930	-1895.33	-2066.261	170.9309	0.963256	2.08624
936	-1894.856	-2065.253	170.3974	1.345278	2.185122
942	-1901.037	-2071.402	170.3652	1.406497	2.166298
948	-1883.694	-2054.482	170.7889	1.125125	2.073181
954	-1887.48	-2058.482	171.0026	0.9211831	2.066727
960	-1897.456	-2068.102	170.6462	1.343241	2.023257
966	-1888.851	-2059.983	171.1319	0.9843874	1.93845
972	-1894.149	-2065.02	170.8715	1.24482	1.93845
978	-1906.074	-2076.881	170.8075	0.9839397	2.153475
984	-1900.132	-2071.399	171.2665	0.9865521	1.845486
990	-1896.363	-2066.732	170.3692	1.426876	2.150463
996	-1901.405	-2071.706	170.3008	1.248313	2.309625
1002	-1905.76	-2076.631	170.871	1.039179	2.075695
1008	-1900.869	-2071.406	170.537	1.346436	2.093322
1014	-1900.182	-2071.623	171.4405	1.073697	1.662777
1020	-1896.527	-2067.573	171.0461	1.161521	1.87658
1026	-1898.465	-2069.181	170.7156	1.386515	1.948
1032	-1894.578	-2065.799	171.221	0.8811201	1.948
1038	-1894.162	-2064.525	170.3631	1.264435	2.25945
1044	-1882.481	-2053.322	170.8409	1.34304	1.892695
1050	-1886.131	-2056.11	169.9796	1.406895	2.412771
1056	-1880.53	-2050.972	170.442	1.27379	2.202583
1062	-1879.731	-2050.367	170.636	1.379494	2.005937
1068	-1893.088	-2063.929	170.8413	1.057978	2.082892
1074	-1893.523	-2063.815	170.2922	1.245496	2.316913
1080	-1890.851	-2061.854	171.0028	0.9715772	2.033244
1086	-1888.744	-2059.527	170.784	1.174923	2.043543
1092	-1881.393	-2052.336	170.9423	0.9433173	2.091851
1098	-1894.89	-2064.861	169.9711	1.304699	2.482343
1104	-1892	-2062.188	170.1885	1.189377	2.418201
1110	-1892.886	-2063.844	170.9578	1.113156	1.968904
1116	-1896.978	-2067.957	170.9784	1.19597	1.899149
1122	-1885.022	-2056.183	171.1612	1.013197	1.899149
1128	-1874.497	-2044.821	170.3246	1.19474	2.328599
1134	-1895.561	-2066.048	170.4871	1.262267	2.180825
1140	-1884.439	-2054.943	170.5035	1.343201	2.117385
1146	-1881.543	-2052.5	170.9564	1.124473	1.96223
1152	-1893.828	-2064.257	170.4294	1.282374	2.205123
1158	-1884.052	-2054.53	170.4785	1.229024	2.20789
1164	-1888.226	-2058.856	170.6292	1.464879	1.953371
1170	-1889.119	-2060.277	171.1572	0.9458735	1.947325
1176	-1895.773	-2066.64	170.8675	0.9561034	2.132481
1182	-1890.934	-2061.613	170.6796	1.450533	1.929131
1188	-1884.313	-2054.306	169.9932	1.30656	2.467337
1194	-1895.58	-2065.928	170.3483	1.186434	2.318823
1200	-1891.809	-2062.36	170.5516	1.260045	2.140292
1206	-1887.545	-2058.208	170.6629	1.162343	2.131435
1212	-1888.815	-2059.572	170.7564	1.024101	2.160605
1218	-1884.252	-2055.575	171.3225	1.020618	1.783317
1224	-1893.666	-2064.894	171.2273	1.306394	1.648792
1230	-1905.283	-2075.843	170.5605	1.429869	2.02266
1236	-1908.437	-2078.822	170.3847	1.412203	2.14989
1242	-1900.628	-2071.311	170.6826	1.126179	2.142138
1248	-1897.379	-2067.648	170.2689	1.33834	2.272477
1254	-1898.67	-2069.619	170.9487	1.210521	1.90944
1260	-1895.323	-2066.326	171.0033	1.266585	1.833943
1266	-1890.962	-2061.003	170.0409	1.489431	2.32159
1272	-1890.533	-2060.795	170.2626	1.267742	2.32159
1278	-1896.92	-2067.134	170.2145	1.242511	2.368203
1284	-1901.081	-2071.586	170.5049	1.160752	2.234925
1290	-1896.638	-2067.385	170.7465	1.214126	2.042393
1296	-1903.607	-2075.096	171.4884	0.9549172	1.713167
1302	-1894.546	-2064.751	170.2044	1.151461	2.432082
1308	-1890.564	-2061.136	170.572	1.121599	2.216885
1314	-1888.445	-2059.127	170.6826	1.026517	2.206872
1320	-1889.575	-2059.45	169.8748	1.435732	2.46056
1326	-1890.194	-2060.702	170.5076	1.299215	2.143433
1332	-1892.039	-2062.02	169.9808	1.281346	2.490896
1338	-1900.104	-2070.691	170.5872	1.295552	2.09371
1344	-1898.639	-2069.366	170.7275	1.060963	2.155376
1350	-1891.118	-2061.41	170.2928	1.351492	2.248649
1356	-1885.18	-2055.755	170.5753	1.399721	2.032881
1362	-1886.346	-2056.869	170.5223	1.071397	2.281107
1368	-1884.667	-2054.992	170.3256	1.117229	2.377201
1374	-1888.84	-2059.774	170.9345	1.245232	1.895519
1380	-1886.201	-2056.94	170.7389	1.149503	2.090035
1386	-1891.533	-2061.777	170.2442	1.249349	2.345023
1392	-1894.874	-2065.331	170.4572	1.15173	2.271395
1398	-1884.942	-2055.358	170.4159	1.19212	2.271955
1404	-1900.725	-2071.549	170.824	1.01484	2.122541
1410	-1878.608	-2048.808	170.2006	1.332398	2.319893
1416	-1893.882	-2063.805	169.9231	1.087616	2.647024
1422	-1887.17	-2058.147	170.9771	1.143782	1.935374
1428	-1893.92	-2064.318	170.3985	1.135041	2.319564
1434	-1914.443	-2085.275	170.8315	0.963918	2.150855
1440	-1900.379	-2070.896	170.5161	1.279299	2.150855
1446	-1889.788	-2061.043	171.2551	1.156167	1.735752
1452	-1882.173	-2052.974	170.8008	1.156167	2.044797
1458	-1900.371	-2070.879	170.508	1.199003	2.208222
1464	-1888.731	-2059.018	170.2876	1.471007	2.174818
1470	-1895.901	-2066.642	170.7419	1.056621	2.148826
1476	-1886.343	-2057.41	171.0672	0.9636537	1.995733
1482	-1897.721	-2068.237	170.5158	0.9901649	2.337135
1488	-1890.417	-2061.104	170.687	1.044711	2.192257
1494	-1899.566	-2069.806	170.2391	1.154938	2.408037
1500	-1889.665	-2060.38	170.7153	1.067717	2.158963
1506	-1896.631	-2066.819	170.1878	1.067717	2.495023
1512	-1902.597	-2073.303	170.7063	1.488985	1.884917
1518	-1907.798	-2078.038	170.2393	0.8517163	2.597403
1524	-1893.604	-2064.392	170.7877	1.027248	2.138143
1530	-1898.494	-2069.244	170.7499	1.116335	2.104572
1536	-1898.84	-2068.727	169.8867	1.593742	2.353306
1542	-1900.6	-2070.879	170.2793	1.31975	2.277718
1548	-1905.87	-2076.109	170.2392	1.359783	2.277718
1554	-1900.173	-2071.161	170.9883	1.204603	1.88657
1560	-1902.206	-2071.876	169.6702	1.204603	2.730493
1566	-1898.229	-2068.843	170.6143	0.9257949	2.3154
1572	-1909.576	-2080.534	170.9577	1.039637	2.018027
1578	-1895.914	-2066.761	170.8465	1.122792	2.036622
1584	-1896.361	-2067.153	170.7918	1.092347	2.092834
1590	-1899.544	-2069.97	170.4258	1.111036	2.317435
1596	-1906.788	-2076.305	169.5163	1.564108	2.603939
1602	-1900.47	-2070.775	170.3045	1.225949	2.32153
1608	-1908.481	-2078.93	170.449	1.119977	2.296919
1614	-1895.285	-2066.021	170.736	1.103736	2.121925
1620	-1900.449	-2070.86	170.4106	1.091483	2.339611
1626	-1902.742	-2073.164	170.4219	1.091483	2.332374
1632	-1896.997	-2067.78	170.7834	1.187051	2.035913
1638	-1895.01	-2065.292	170.2817	1.211579	2.345163
1644	-1896.225	-2066.926	170.701	1.209444	2.075542
1650	-1901.599	-2072.311	170.7121	1.216301	2.063715
1656	-1898.161	-2068.506	170.3448	1.387528	2.191821
1662	-1905.208	-2075.835	170.6278	1.104562	2.191821
1668	-1908.052	-2078.414	170.3615	1.152579	2.331939
1674	-1902.132	-2073.082	170.9503	1.196513	1.917833
1680	-1901.83	-2072.631	170.8017	1.240632	1.988055
1686	-1903.444	-2074.472	171.0279	1.393166	1.728806
1692	-1893.882	-2065.011	171.1296	1.116017	1.85061
1698	-1891.201	-2061.14	169.9391	1.389915	2.448962
1704	-1889.242	-2059.926	170.6841	1.255995	2.055976
1710	-1909.962	-2080.483	170.5209	1.161285	2.224267
1716	-1903.611	-2073.747	170.1354	1.464635	2.277093
1722	-1883.706	-2053.726	170.02	1.482119	2.339549
1728	-1886.785	-2057.923	171.1376	1.139706	1.828852
1734	-1891.46	-2062.602	171.1421	1.135157	1.828852
1740	-1888.805	-2059.512	170.7071	1.111945	2.135435
1746	-1883.511	-2054.216	170.7048	1.097654	2.146274
1752	-1895.884	-2066.469	170.585	1.217511	2.146274
1758	-1906.087	-2076.538	170.4507	1.261	2.205176
1764	-1890.013	-2060.08	170.0678	1.407524	2.356601
1770	-1887.004	-2057.618	170.6144	1.067811	2.224228
1776	-1889.605	-2060.601	170.9957	0.9384005	2.059958
1782	-1900.686	-2071.501	170.8148	1.18606	2.015713
1788	-1903.257	-2073.45	170.1932	1.268979	2.36491
1794	-1915.501	-2085.299	169.7978	1.664378	2.36491
1800	-1900.457	-2070.759	170.3029	1.159294	2.36491
1806	-1895.198	-2065.627	170.4291	1.2812	2.206104
1812	-1912.18	-2082.948	170.7684	1.063411	2.127123
1818	-1890.122	-2060.614	170.4911	1.280167	2.166577
1824	-1885.913	-2056.819	170.9067	1.032513	2.056522
1830	-1880.717	-2050.692	169.9744	1.421546	2.40681
1836	-1882.663	-2053.486	170.823	1.177985	2.015607
1842	-1879.915	-2050.733	170.8184	1.05909	2.097223
1848	-1885.803	-2056.045	170.2424	1.170475	2.396111
1854	-1888.048	-2058.624	170.5756	1.170475	2.182939
1860	-1893.385	-2064.358	170.9733	0.8942647	2.103709
1866	-1906.73	-2076.634	169.904	1.072763	2.667893
1872	-1901.434	-2072.069	170.6342	1.183562	2.136306
1878	-1894.179	-2065.041	170.8619	1.082637	2.053006
1884	-1903.103	-2073.123	170.0194	1.483396	2.339137
1890	-1903.217	-2073.605	170.3879	1.483396	2.101266
1896	-1899.691	-2070.571	170.8803	1.335769	1.870753
1902	-1896.899	-2067.272	170.3734	1.181723	2.305806
1908	-1910.382	-2080.572	170.1898	1.149141	2.442701
1914	-1886.68	-2057.222	170.5417	1.088254	2.257894
1920	-1889.177	-2059.292	170.1145	1.438304	2.3073
1926	-1885.749	-2056.005	170.2557	1.249922	2.337359
1932	-1894.418	-2065.227	170.8091	1.17062	2.029754
1938	-1888.172	-2059.363	171.1908	1.053673	1.851337
1944	-1894.064	-2064.38	170.3156	1.330472	2.247547
1950	-1900.457	-2071.146	170.689	1.330472	2.003321
1956	-1895.279	-2066.229	170.9504	1.063797	2.006821
1962	-1910.367	-2081.063	170.696	1.249636	2.05231
1968	-1906.236	-2077.236	171.0001	1.064584	1.973107
1974	-1899.368	-2069.971	170.6032	1.199773	2.145971
1980	-1898.662	-2069.461	170.7995	1.056056	2.111611
1986	-1900.531	-2071.335	170.8044	1.056056	2.108343
1992	-1888.123	-2059.002	170.8787	1.233958	1.940887
1998	-1892.595	-2063.654	171.0595	1.258876	1.800492
2004	-1882.134	-2052.643	170.5087	1.077697	2.285831
2010	-1888.467	-2058.917	170.4501	1.402571	2.113451
2016	-1894.086	-2064.97	170.8841	1.01225	2.084772
2022	-1895.058	-2065.419	170.3606	1.048018	2.398808
2028	-1896.145	-2067.35	171.2049	1.173618	1.758634
2034	-1889.377	-2059.849	170.4725	0.9920965	2.363381
2040	-1892.287	-2062.958	170.6702	1.404611	1.9663
2046	-1889.311	-2059.95	170.6391	1.390157	1.996749
2052	-1880.233	-2051.016	170.7821	1.225982	2.010906
2058	-1891.162	-2062.004	170.8421	1.043895	2.091616
2064	-1890.961	-2061.824	170.8629	1.273937	1.924592
2070	-1894.41	-2064.669	170.2593	1.424781	2.223015
2076	-1891.409	-2061.882	170.4722	1.102425	2.29335
2082	-1899.601	-2069.927	170.326	1.248622	2.29335
2088	-1894.058	-2065.163	171.1049	1.008992	1.940071
2094	-1884.134	-2053.389	169.2552	1.338396	2.90146
2100	-1896.677	-2067.137	170.4608	1.422127	2.093643
2106	-1893.987	-2064.863	170.8757	1.23983	1.938956
2112	-1895.086	-2065.873	170.7871	0.9468137	2.190855
2118	-1895.685	-2066.664	170.9788	1.035917	2.006479
2124	-1903.854	-2074.556	170.7023	1.24436	2.051648
2130	-1893.742	-2064.133	170.3909	1.173597	2.299781
2136	-1892.227	-2063.351	171.1238	0.9584874	1.961321
2142	-1904.652	-2074.597	169.9452	1.371073	2.456965
2148	-1901.319	-2071.719	170.4	1.228349	2.258898
2154	-1898.292	-2067.706	169.4141	1.517439	2.695671
2160	-1890.69	-2061.467	170.7763	1.310159	1.958487
2166	-1894.433	-2065.495	171.0627	1.138029	1.881262
2172	-1882.687	-2052.868	170.1817	1.181689	2.427367
2178	-1886.287	-2056.459	170.1718	1.409565	2.289021
2184	-1883.012	-2053.175	170.1634	1.371055	2.319008
2190	-1881.718	-2052.787	171.0688	1.035345	1.946617
2196	-1888.761	-2059.54	170.7795	1.330599	1.94264
2202	-1906.125	-2076.232	170.1076	1.295595	2.402267
2208	-1891.175	-2062.145	170.9696	1.066068	1.992515
2214	-1890.521	-2060.759	170.2377	1.273917	2.33352
2220	-1887.24	-2057.589	170.3486	1.16298	2.33352
2226	-1898.444	-2069.044	170.6	1.203855	2.145342
2232	-1891.121	-2062.063	170.942	1.130239	1.968071
2238	-1908.1	-2079.268	171.1683	1.42258	1.607551
2244	-1908.751	-2080.14	171.3885	1.030786	1.730093
2250	-1908.933	-2080.143	171.2095	1.037025	1.849935
2256	-1904.397	-2074.806	170.409	1.011254	2.391444
2262	-1886.25	-2057.314	171.0638	0.9217588	2.025876
2268	-1888.442	-2059.315	170.8729	1.140445	2.007359
2274	-1888.255	-2058.797	170.5422	1.021867	2.300052
2280	-1904.019	-2074.522	170.5034	1.042951	2.311368
2286	-1899.141	-2069.096	169.9546	1.222688	2.543864
2292	-1891.681	-2062.549	170.8686	1.089237	2.044257
2298	-1883.149	-2053.581	170.4318	1.175314	2.272526
2304	-1884.357	-2054.788	170.4318	1.175314	2.272526
2310	-1896.346	-2066.728	170.3816	1.225514	2.272526
2316	-1888.515	-2059.363	170.8474	1.219617	1.971554
2322	-1898.119	-2068.161	170.0419	1.277692	2.454898
2328	-1879.993	-2050.616	170.6226	1.113649	2.189316
2334	-1893.825	-2063.853	170.0281	1.546977	2.293036
2340	-1895.885	-2066.176	170.2912	1.28387	2.293036
2346	-1908.468	-2079.259	170.791	1.131759	2.06738
2352	-1908.806	-2079.428	170.6228	1.095473	2.200963
2358	-1895.813	-2066.373	170.5601	1.202257	2.172393
2364	-1901.658	-2072.505	170.8466	1.061012	2.077381
2370	-1906.18	-2076.271	170.0908	1.457947	2.309861
2376	-1904.512	-2074.214	169.7015	1.203959	2.711702
2382	-1906.121	-2076.953	170.832	1.167227	2.016754
2388	-1911.898	-2081.382	169.4845	1.658523	2.565131
2394	-1900.21	-2071.155	170.945	0.9776495	2.067451
2400	-1900.522	-2071.156	170.6337	1.237184	2.101547
2406	-1897.332	-2068.398	171.0654	1.045531	1.942052
2412	-1908.465	-2078.602	170.137	1.30303	2.37893
2418	-1902.811	-2072.923	170.1122	1.349708	2.365073
2424	-1891.241	-2062.157	170.9159	1.171925	1.957607
2430	-1892.348	-2063.013	170.6651	0.9883287	2.242817
2436	-1894.263	-2064.145	169.8817	1.248182	2.573311
2442	-1891.574	-2062.326	170.7517	0.9463662	2.214026
2448	-1884.628	-2054.917	170.289	0.9579566	2.500378
2454	-1892.569	-2063.001	170.432	1.060922	2.34544
2460	-1898.591	-2068.946	170.3544	1.347406	2.211565
2466	-1906.764	-2077.905	171.1405	1.165203	1.809225
2472	-1905.989	-2076.681	170.6921	1.252484	2.053033
2478	-1897.108	-2068.069	170.9607	1.079589	1.989399
2484	-1899.141	-2070.008	170.8675	1.266629	1.92643
2490	-1905.339	-2076.167	170.8274	1.030732	2.109914
2496	-1885.272	-2055.88	170.6074	1.341891	2.049862
2502	-1892.649	-2063.371	170.7215	1.227863	2.049862
2508	-1901.673	-2072.764	171.0905	1.09264	1.893196
2514	-1897.005	-2066.632	169.6278	1.401048	2.63579
2520	-1889.409	-2059.683	170.2733	1.117198	2.410236
2526	-1898.915	-2069.641	170.7263	1.237031	2.040601
2532	-1909.99	-2080.674	170.6842	1.306593	2.022408
2538	-1901.307	-2072.257	170.9495	1.196357	1.918504
2544	-1905.615	-2076.485	170.8696	0.9536261	2.132762
2550	-1901.688	-2072.099	170.4109	1.206749	2.265779
2556	-1889.832	-2060.879	171.0465	1.206749	1.845385
2562	-1907.29	-2077.106	169.8159	1.438718	2.495596
2568	-1903.315	-2074.146	170.8309	1.145994	2.031579
2574	-1898.583	-2069.263	170.68	1.055867	2.189568
2580	-1902.312	-2072.809	170.4971	1.238709	2.189568
2586	-1895.395	-2066.154	170.7592	1.238709	2.017648
2592	-1897.828	-2068.393	170.5649	0.914124	2.354245
2598	-1895.352	-2065.995	170.6429	1.447105	1.95614
2604	-1892.234	-2063.124	170.8904	1.057638	2.050712
2610	-1914.348	-2084.936	170.5881	1.317039	2.079033
2616	-1912.753	-2083.002	170.2494	1.338791	2.284664
2622	-1906.24	-2077.419	171.1794	1.246113	1.725686
2628	-1899.568	-2070.486	170.9187	1.267996	1.890782
2634	-1892.529	-2062.836	170.3078	1.019244	2.450174
2640	-1904.294	-2074.765	170.4708	1.263665	2.190496
2646	-1907.585	-2078.321	170.7362	1.049144	2.157418
2652	-1893.155	-2063.519	170.364	1.159552	2.325901
2658	-1903.961	-2073.921	169.9605	1.069022	2.635416
2664	-1893.898	-2064.235	170.3365	1.285434	2.263022
2670	-1888.609	-2059.188	170.5786	1.043318	2.263022
2676	-1893.106	-2064.105	170.9984	0.9531794	2.048402
2682	-1886.215	-2056.784	170.5694	1.309312	2.096386
2688	-1889.153	-2060.212	171.0592	1.046274	1.94574
2694	-1895.416	-2065.523	170.1069	1.238797	2.438507
2700	-1893.718	-2064.656	170.9382	0.905123	2.119577
2706	-1886.471	-2057.431	170.9606	1.261327	1.866798
2712	-1888.398	-2059.148	170.7503	1.169709	2.069231
2718	-1895.306	-2065.708	170.402	1.29691	2.213488
2724	-1886.144	-2056.421	170.2765	1.422348	2.213488
2730	-1902.928	-2073.715	170.7871	1.233071	2.002828
2736	-1913.828	-2084.631	170.8027	1.217468	2.002828
2742	-1908.038	-2079.039	171.0006	1.021214	2.001752
2748	-1898.918	-2070.016	171.0986	1.106767	1.878091
2754	-1896.573	-2067.048	170.4757	1.351012	2.130478
2760	-1897.851	-2068.733	170.8817	0.9747221	2.110991
2766	-1890.439	-2061.266	170.8272	1.086008	2.07372
2772	-1899.615	-2070.759	171.1435	1.082993	1.863646
2778	-1888.747	-2058.852	170.1042	1.489948	2.280821
2784	-1895.155	-2065.601	170.4462	1.419896	2.104679
2790	-1891.525	-2062.091	170.5659	1.049017	2.267548
2796	-1889.361	-2059.76	170.3989	1.097423	2.34328
2802	-1893.619	-2064.733	171.1136	1.035291	1.916442
2808	-1895.031	-2065.474	170.4429	1.289206	2.192011
2814	-1907.173	-2077.134	169.9615	1.289206	2.498055
2820	-1891.471	-2062.608	171.1363	1.024719	1.908191
2826	-1890.206	-2061.388	171.1817	0.9046646	1.958534
2832	-1897.822	-2068.239	170.4168	1.206002	2.262441
2838	-1895.216	-2065.985	170.7697	1.264725	1.993343
2844	-1909.049	-2080.032	170.9828	1.264725	1.849256
2850	-1926.284	-2096.948	170.6643	1.052433	2.201951
2856	-1908.057	-2078.643	170.5855	1.173078	2.174819
2862	-1890.825	-2061.785	170.9593	1.12547	1.959625
2868	-1891.212	-2061.943	170.7313	1.21437	2.052261
2874	-1905.611	-2076.453	170.842	1.137877	2.029601
2880	-1896.922	-2067.902	170.9794	0.998565	2.030874
2886	-1888.262	-2059.129	170.8669	1.118161	2.026174
2892	-1901.328	-2072.272	170.9441	1.536662	1.686611
2898	-1909.824	-2080.965	171.1411	1.339684	1.686611
2904	-1909.451	-2078.818	169.3663	1.647413	2.645162
2910	-1899.048	-2069.469	170.421	1.311288	2.191894
2916	-1899.818	-2070.503	170.6849	1.144464	2.128733
2922	-1894.364	-2064.982	170.6177	1.149732	2.169061
2928	-1902.105	-2072.792	170.687	1.129065	2.13739
2934	-1903.336	-2073.72	170.3843	1.317385	2.2117
2940	-1892.969	-2063.927	170.9582	1.366465	1.796158
2946	-1895.093	-2065.759	170.6658	1.166843	2.126547
2952	-1894.314	-2065.321	171.0069	1.167274	1.899292
2958	-1896.39	-2067.013	170.6235	1.207032	2.127948
2964	-1898.443	-2068.65	170.207	1.04452	2.497518
2970	-1902.813	-2073.648	170.8343	1.116728	2.048762
2976	-1905.869	-2076.161	170.292	1.070748	2.427765
2982	-1906.982	-2077.687	170.705	1.179668	2.092498
2988	-1897.093	-2067.122	170.028	1.221945	2.498491
2994	-1895.372	-2065.638	170.2665	1.08455	2.435127
3000	-1887.886	-2058.756	170.8704	1.194483	1.972996
3006	-1880.543	-2051.226	170.6836	1.126198	2.14152
3012	-1898.518	-2069.499	170.9806	1.20721	1.890049
3018	-1896.425	-2066.904	170.479	1.289971	2.168074
3024	-1891.553	-2061.361	169.8075	1.289971	2.593371
3030	-1889.164	-2059.673	170.5098	1.003851	2.332231
3036	-1893.706	-2064.923	171.2168	0.8952778	1.941294
3042	-1894.914	-2065.566	170.6517	1.354102	2.012425
3048	-1887.811	-2058.556	170.7444	1.080909	2.131385
3054	-1892.907	-2063.396	170.4887	1.336553	2.131385
3060	-1890.608	-2060.921	170.3131	1.336553	2.245244
3066	-1887.979	-2059.075	171.0966	1.212154	1.807115
3072	-1893.11	-2064.076	170.9669	1.212154	1.896003
3078	-1894.421	-2064.763	170.3422	1.212154	2.306257
3084	-1897.652	-2068.528	170.8757	1.120876	2.018573
3090	-1896.335	-2066.788	170.4533	1.214447	2.233542
3096	-1901.375	-2071.542	170.1672	1.03998	2.525231
3102	-1897.075	-2068.199	171.1239	1.328725	1.706539
3108	-1891.182	-2062.016	170.8344	1.219046	1.980626
3114	-1896.83	-2066.553	169.7225	1.377675	2.591699
3120	-1897.565	-2067.811	170.2464	1.155376	2.403138
3126	-1896.577	-2066.656	170.0797	1.423671	2.338774
3132	-1900.431	-2070.27	169.8389	1.128657	2.673559
3138	-1886.493	-2057.096	170.6037	1.041871	2.247829
3144	-1895.817	-2066.82	171.0036	1.073419	1.96486
3150	-1891.205	-2062.262	171.0577	1.019307	1.96486
3156	-1898.921	-2069.823	170.9021	1.17485	1.96486
3162	-1904.763	-2075.887	171.1235	1.1383	1.839452
3168	-1903.436	-2073.878	170.4417	1.15973	2.276206
3174	-1901.619	-2071.583	169.9639	1.273204	2.506539
3180	-1893.981	-2064.628	170.6464	1.177422	2.132343
3186	-1893.981	-2064.518	170.5366	1.383869	2.068953
3192	-1891.575	-2062.556	170.9807	1.052866	1.993907
3198	-1889.325	-2059.701	170.376	1.365841	2.185687
3204	-1926.651	-2097.086	170.435	1.381557	2.137078
3210	-1900.976	-2070.982	170.006	1.15704	2.552722
3216	-1894.117	-2064.727	170.61	1.402119	2.008184
3222	-1905.507	-2076.586	171.0784	1.237389	1.802249
3228	-1909.142	-2080.163	171.0203	1.179082	1.882161
3234	-1894.636	-2065.227	170.5907	1.162111	2.178544
3240	-1899.19	-2069.393	170.2032	1.465281	2.233063
3246	-1895.461	-2065.864	170.4031	1.335626	2.187719
3252	-1898.067	-2068.445	170.3772	1.30863	2.221878
3258	-1896.401	-2067.416	171.015	0.9311644	2.05198
3264	-1891.747	-2062.762	171.015	0.9311644	2.05198
3270	-1897.113	-2067.869	170.7555	1.203929	2.043177
3276	-1884.62	-2055.096	170.4767	1.29249	2.167942
3282	-1890.758	-2061.598	170.8394	0.8744683	2.20379
3288	-1907.603	-2077.966	170.3629	1.350984	2.20379
3294	-1898.598	-2068.545	169.9469	1.382889	2.448466
3300	-1899.208	-2069.488	170.28	1.093301	2.421101
3306	-1883.122	-2053.665	170.5433	1.084555	2.259232
3312	-1884.328	-2054.81	170.4823	0.9829372	2.362987
3318	-1877.561	-2048.564	171.0031	1.05338	1.978563
3324	-1881.895	-2052.896	171.001	1.05338	1.979966
3330	-1884.409	-2055.222	170.8136	1.025334	2.12248
3336	-1890.908	-2060.501	169.593	1.614802	2.524841
3342	-1900.39	-2070.897	170.5075	1.124622	2.25651
3348	-1889.961	-2060.493	170.5318	1.100249	2.25651
3354	-1878.429	-2048.853	170.4247	1.218867	2.249149
3360	-1886.383	-2056.903	170.5198	1.218867	2.187747
3366	-1890.064	-2060.223	170.1588	1.568657	2.19503
3372	-1904.962	-2075.299	170.3375	1.40473	2.18543
3378	-1902.605	-2073.261	170.6561	1.083803	2.186928
3384	-1907.171	-2077.278	170.1066	1.174893	2.478767
3390	-1887.79	-2057.86	170.0699	1.211568	2.478767
3396	-1886.728	-2057.642	170.9138	1.225218	1.923075
3402	-1897.605	-2067.707	170.103	1.276998	2.416908
3408	-1889.037	-2059.45	170.4131	1.201951	2.267448
3414	-1898.845	-2069.111	170.2664	1.201951	2.361034
3420	-1893.323	-2063.952	170.6298	1.089656	2.200177
3426	-1886.609	-2057.306	170.6964	1.262745	2.043382
3432	-1904.397	-2075.027	170.6298	1.277125	2.077851
3438	-1915.121	-2085.106	169.985	1.319297	2.464484
3444	-1906.66	-2077.008	170.3483	1.338838	2.221085
3450	-1902.196	-2072.301	170.1054	1.537419	2.249581
3456	-1896.423	-2066.735	170.3121	1.330734	2.249581
3462	-1895.572	-2066.217	170.6451	1.123409	2.168353
3468	-1891.252	-2061.964	170.7114	1.42631	1.923978
3474	-1886.881	-2057.872	170.991	1.146755	1.923978
3480	-1883.286	-2053.896	170.6106	1.527576	1.92367
3486	-1889.812	-2060.679	170.8671	1.210918	1.964145
3492	-1885.749	-2056.509	170.7598	0.9989434	2.174714
3498	-1896.793	-2067.314	170.5203	0.9989434	2.328692
3504	-1891.578	-2062.653	171.0752	1.020075	1.952574
3510	-1892.425	-2062.704	170.2787	1.020075	2.46795
3516	-1887.792	-2057.654	169.8619	1.425423	2.475148
3522	-1891.771	-2062.432	170.6605	1.379754	1.989414
3528	-1889.831	-2060.789	170.9578	1.097534	1.979359
3534	-1898.548	-2069.671	171.1231	0.9177516	1.989039
3540	-1899.79	-2070.488	170.698	1.1069	2.144701
3546	-1897.354	-2068.183	170.8288	1.107812	2.05826
3552	-1880.016	-2050.759	170.7428	1.141019	2.093063
3558	-1888.516	-2059.383	170.867	1.016816	2.093063
3564	-1894.234	-2064.926	170.6917	1.192089	2.093063
3570	-1895.593	-2066.549	170.9568	0.9644586	2.068421
3576	-1891.019	-2061.678	170.6591	1.26209	2.068421
3582	-1906.802	-2077.647	170.8448	0.9683327	2.139324
3588	-1914.088	-2084.832	170.744	1.186919	2.062055
3594	-1908.517	-2079.353	170.8363	1.027107	2.106459
3600	-1897.487	-2068.018	170.5307	1.256994	2.155905
3606	-1903.693	-2074.719	171.0258	1.063513	1.956581
3612	-1896.463	-2067.326	170.8625	1.182996	1.985928
3618	-1904.544	-2075.635	171.0905	0.8602646	2.048941
3624	-1901.826	-2072.383	170.5571	0.9547674	2.333381
3630	-1889.327	-2059.098	169.7711	1.436111	2.525169
3636	-1894.268	-2064.206	169.9371	1.365693	2.465424
3642	-1898.22	-2067.966	169.7458	1.112885	2.74032
3648	-1896.063	-2066.4	170.3371	1.321283	2.239624
3654	-1890.814	-2061.219	170.4056	1.260115	2.234857
3660	-1893.928	-2064.77	170.8427	1.057252	2.082442
3666	-1899.535	-2070.044	170.5093	1.390605	2.082442
3672	-1897.188	-2067.058	169.8701	1.263781	2.570787
3678	-1892.407	-2061.843	169.436	1.560748	2.655616
3684	-1906.224	-2076.59	170.3662	1.334361	2.212403
3690	-1905.823	-2077.144	171.3212	1.115316	1.717949
3696	-1896.231	-2066.91	170.6785	1.115316	2.151884
3702	-1903.327	-2073.286	169.9594	1.595961	2.305616
3708	-1893.942	-2064.328	170.3864	1.355542	2.185605
3714	-1900.217	-2071.085	170.868	1.119985	2.024215
3720	-1893.866	-2064.334	170.4682	1.299198	2.169088
3726	-1885.932	-2057.156	171.2243	1.233566	1.702852
3732	-1893.843	-2064.74	170.8964	1.300819	1.883627
3738	-1888.009	-2059.185	171.1761	1.307132	1.684855
3744	-1893.025	-2063.541	170.5163	1.043512	2.302819
3750	-1888.602	-2059.133	170.5313	1.396929	2.063771
3756	-1903.516	-2074.433	170.9168	0.9708807	2.090471
3762	-1902.229	-2072.718	170.4888	1.445308	2.059942
3768	-1905.082	-2076.151	171.0696	1.361513	1.721777
3774	-1895.578	-2066.426	170.8477	1.002324	2.115232
3780	-1889.855	-2060.246	170.3907	1.122578	2.332453
3786	-1893.55	-2064.31	170.7596	1.223919	2.027198
3792	-1889.572	-2060.331	170.7596	1.223919	2.027198
3798	-1908.367	-2079.191	170.8244	1.223919	1.984063
3804	-1912.328	-2083.393	171.065	1.174658	1.854676
3810	-1895.398	-2065.687	170.2887	1.155699	2.376202
3816	-1897.831	-2068.261	170.4306	1.155699	2.285856
3822	-1904.853	-2075.658	170.8048	1.067611	2.100534
3828	-1905.64	-2076.33	170.6905	1.153209	2.119359
3834	-1905.133	-2075.666	170.5327	1.104062	2.253492
3840	-1921.2	-2092.15	170.9507	0.8164771	2.169239
3846	-1912.088	-2082.424	170.3355	1.293939	2.258197
3852	-1897.297	-2067.828	170.531	1.293939	2.131631
3858	-1904.476	-2074.775	170.2998	1.390493	2.219032
3864	-1892.18	-2062.381	170.2011	1.276584	2.355112
3870	-1889.83	-2060.369	170.5392	1.132818	2.23081
3876	-1895.393	-2066.165	170.7723	1.230719	2.014264
3882	-1885.9	-2056.709	170.8088	1.13246	2.055186
3888	-1895.846	-2066.336	170.4895	1.33103	2.134465
3894	-1898.729	-2069.35	170.6219	1.000195	2.262912
3900	-1903.954	-2074.983	171.0291	1.051606	1.962344
3906	-1904.32	-2075.588	171.2682	0.9680744	1.857011
3912	-1897.664	-2068.801	171.1366	1.087553	1.86529
3918	-1906.92	-2077.412	170.4915	1.294416	2.157087
3924	-1894.083	-2064.729	170.6457	1.432444	1.964067
3930	-1888.575	-2058.431	169.8557	1.597703	2.370506
3936	-1894.691	-2065.412	170.7209	1.114455	2.124805
3942	-1896.335	-2067.814	171.4787	1.002287	1.68645
3948	-1881.777	-2052.598	170.8212	1.125123	2.051865
3954	-1899.001	-2069.79	170.7893	1.093952	2.093443
3960	-1893.72	-2064.526	170.8057	1.160049	2.038967
3966	-1893.734	-2064.305	170.5712	1.160049	2.192559
3972	-1884.513	-2055.362	170.8492	0.842572	2.218087
3978	-1881.685	-2052.88	171.1945	1.045859	1.854167
3984	-1888.474	-2059.36	170.8861	1.387331	1.831502
3990	-1899.083	-2070.066	170.983	1.260857	1.851771
3996	-1889.849	-2060.832	170.983	1.260857	1.851771
4002	-1889.757	-2060.042	170.2853	1.28141	2.298417
4008	-1887.395	-2058.188	170.7929	1.00827	2.147152
4014	-1891.274	-2062.073	170.7987	1.220287	2.003623
4020	-1884.414	-2055.019	170.6051	1.230576	2.124587
4026	-1883.88	-2054.404	170.5244	1.30758	2.126991
4032	-1883.716	-2054.558	170.842	0.9662419	2.142515
4038	-1893.702	-2064.331	170.6289	1.503771	1.927407
4044	-1892.97	-2063.926	170.9564	0.9777417	2.059911
4050	-1900.261	-2070.936	170.6754	1.035274	2.205869
4056	-1896.678	-2067.35	170.6719	1.195065	2.104092
4062	-1904.906	-2074.995	170.0887	1.577049	2.234861
4068	-1893.502	-2063.996	170.4938	1.27818	2.166152
4074	-1887.139	-2058.157	171.0174	1.107272	1.932788
4080	-1885.644	-2055.85	170.2065	1.474488	2.225021
4086	-1905.216	-2075.107	169.8905	1.519372	2.398025
4092	-1904.97	-2075.954	170.9836	1.153147	1.924615
4098	-1893.907	-2064.466	170.559	1.137163	2.215264
4104	-1903.251	-2073.986	170.7353	1.034283	2.167646
4110	-1892.321	-2062.712	170.3919	1.402738	2.151408
4116	-1883.739	-2054.332	170.5924	1.374187	2.038421
4122	-1898.248	-2068.148	169.8997	1.673288	2.294359
4128	-1901.356	-2071.507	170.151	1.086562	2.506229
4134	-1887.241	-2057.821	170.5804	1.244022	2.131961
4140	-1892.409	-2062.555	170.1463	1.076284	2.515608
4146	-1901.115	-2071.982	170.867	1.038616	2.07871
4152	-1911.054	-2081.717	170.6628	1.367899	1.995801
4158	-1905.585	-2076.629	171.0436	0.876029	2.069468
4164	-1896.523	-2067.213	170.6899	1.186032	2.098228
4170	-1902.158	-2073.151	170.9935	0.8551746	2.116057
4176	-1896.867	-2067.629	170.7621	1.086585	2.116057
4182	-1889.205	-2059.655	170.4501	1.485015	2.059241
4188	-1887.705	-2058.335	170.6298	1.446205	1.965542
4194	-1885.062	-2056.019	170.9572	1.08728	1.986628
4200	-1889.528	-2060.417	170.8894	0.9670005	2.111012
4206	-1887.863	-2058.562	170.6993	1.046286	2.18324
4212	-1907.028	-2077.679	170.6511	1.071419	2.198191
4218	-1892.471	-2063.696	171.225	1.071419	1.815689
4224	-1892.638	-2063.683	171.0455	1.036336	1.961625
4230	-1888.215	-2058.782	170.5666	1.15899	2.196189
4236	-1897.851	-2067.727	169.8765	1.180318	2.618559
4242	-1891.855	-2062.053	170.1974	1.268107	2.36279
4248	-1902.129	-2072.904	170.7756	1.11595	2.08799
4254	-1896.615	-2067.376	170.7613	1.165803	2.064539
4260	-1908.736	-2079.558	170.8216	1.055188	2.097631
4266	-1897.632	-2068.51	170.8776	1.139717	2.00472
4272	-1908.979	-2079.904	170.9251	1.136534	1.975158
4278	-1900.915	-2071.38	170.4656	1.232495	2.21398
4284	-1890.308	-2061.148	170.8404	1.020664	2.107943
4290	-1887.613	-2057.711	170.0972	1.202021	2.467656
4296	-1899.132	-2069.208	170.0764	1.222821	2.467656
4302	-1894.641	-2064.975	170.334	1.031067	2.426275
4308	-1892.289	-2062.996	170.7073	1.050294	2.175497
4314	-1909.655	-2080.865	171.2093	0.9023445	1.941582
4320	-1903.23	-2073.393	170.1633	1.391633	2.305927
4326	-1902.138	-2072.145	170.0068	1.25329	2.492176
4332	-1898.778	-2069.707	170.929	0.9984817	2.064285
4338	-1898.679	-2069.53	170.8507	1.308696	1.909314
4344	-1894.198	-2065.482	171.2836	0.9017077	1.891764
4350	-1894.231	-2065.29	171.0593	1.037202	1.951782
4356	-1902.377	-2073.242	170.8646	1.070544	2.059253
4362	-1913.774	-2084.491	170.7175	0.8316531	2.309624
4368	-1907.766	-2078.647	170.881	0.76259	2.249122
4374	-1902.735	-2072.927	170.1921	1.117381	2.461248
4380	-1897.507	-2068.152	170.6453	1.380432	1.99912
4386	-1893.946	-2064.722	170.7752	1.285311	1.975904
4392	-1893.296	-2063.949	170.6537	1.406767	1.975904
4398	-1889.597	-2060.334	170.7374	1.072801	2.141233
4404	-1895.732	-2066.19	170.4583	1.103253	2.30171
4410	-1898.16	-2068.586	170.4255	1.136017	2.30171
4416	-1908.018	-2079.063	171.0447	1.137094	1.89414
4422	-1905.172	-2075.574	170.4027	1.358236	2.173306
4428	-1896.504	-2067.409	170.905	1.432175	1.787474
4434	-1894.865	-2065.481	170.6165	1.170473	2.156399
4440	-1901.086	-2072.197	171.1103	1.170473	1.826412
4446	-1892.225	-2062.72	170.4948	1.193647	2.220216
4452	-1897.257	-2068.027	170.7705	1.236138	2.011868
4458	-1891.53	-2062.081	170.5502	1.18997	2.186745
4464	-1891.547	-2062.056	170.509	1.476043	2.026199
4470	-1890.838	-2061.597	170.7586	1.22647	2.026199
4476	-1889.863	-2060.522	170.6587	1.22647	2.092148
4482	-1889.17	-2059.745	170.5742	1.270221	2.118878
4488	-1896.223	-2066.972	170.7489	1.215525	2.039877
4494	-1891.666	-2061.856	170.1897	1.471185	2.237997
4500	-1907.354	-2077.547	170.193	1.307914	2.340331
4506	-1916.361	-2086.951	170.59	1.201147	2.153655
4512	-1908.837	-2078.889	170.0515	1.048123	2.592075
4518	-1896.843	-2066.737	169.8947	1.323494	2.51837
4524	-1896.566	-2067.624	171.0579	0.9829783	1.989047
4530	-1895.03	-2065.871	170.8402	1.078184	2.070327
4536	-1892.895	-2063.993	171.0978	1.207376	1.809599
4542	-1889.998	-2060.35	170.3523	1.362437	2.203268
4548	-1893.694	-2064.384	170.6905	1.148075	2.12269
4554	-1897.777	-2068.56	170.7828	1.256132	1.990353
4560	-1887.21	-2057.763	170.5536	1.096985	2.244647
4566	-1901.241	-2071.149	169.9087	1.198186	2.587574
4572	-1889.172	-2059.423	170.2511	1.321054	2.294886
4578	-1895.464	-2065.97	170.5052	1.354511	2.108879
4584	-1897.495	-2067.316	169.8203	1.405711	2.51346
4590	-1904.489	-2075.319	170.8301	1.077372	2.0775
4596	-1898.108	-2068.704	170.5962	1.211763	2.142677
4602	-1903.061	-2074.268	171.2074	1.238041	1.711661
4608	-1899.191	-2069.555	170.3639	1.419026	2.158975
4614	-1898.606	-2069.281	170.6751	1.033715	2.207048
4620	-1902.346	-2072.709	170.3636	1.345272	2.207048
4626	-1903.767	-2072.804	169.0371	1.634217	2.854395
4632	-1903.788	-2074.384	170.5961	1.088495	2.222718
4638	-1909.363	-2079.051	169.6875	1.394523	2.602937
4644	-1900.572	-2070.948	170.3754	1.362317	2.188334
4650	-1898.877	-2069.778	170.901	1.082956	2.026899
4656	-1903.384	-2073.832	170.4484	1.215081	2.236326
4662	-1896.055	-2066.267	170.2119	1.215081	2.387212
4668	-1892.95	-2062.867	169.9177	1.32108	2.505489
4674	-1901.919	-2072.182	170.2635	1.32108	2.286947
4680	-1899.384	-2070.329	170.9448	1.078783	2.000573
4686	-1900.284	-2071.058	170.7742	1.3033	1.964502
4692	-1903.693	-2073.496	169.8031	1.228137	2.63433
4698	-1899.76	-2070.568	170.8074	1.178717	2.025483
4704	-1902.084	-2071.779	169.6953	1.512294	2.524963
4710	-1902.275	-2072.282	170.0067	1.411637	2.392652
4716	-1893.57	-2063.785	170.2154	1.215236	2.384912
4722	-1903.921	-2074.092	170.1713	1.451153	2.262665
4728	-1896.146	-2066.219	170.0734	1.221514	2.470351
4734	-1917.115	-2086.809	169.6933	1.169884	2.737565
4740	-1919.396	-2088.53	169.1338	1.471592	2.894305
4746	-1915.606	-2084.984	169.378	1.36913	2.808372
4752	-1908.393	-2078.875	170.4822	1.107114	2.283947
4758	-1909.764	-2079.911	170.1463	1.329626	2.356229
4764	-1905.55	-2075.884	170.3342	1.274281	2.27166
4770	-1918.713	-2089.275	170.5625	1.135759	2.213915
4776	-1915.411	-2085.738	170.3271	1.371152	2.213915
4782	-1923.905	-2094.279	170.3745	1.233535	2.271951
4788	-1906.526	-2076.926	170.3995	1.208495	2.271951
4794	-1897.48	-2067.557	170.0765	1.132671	2.523947
4800	-1891.904	-2062.068	170.1646	1.227047	2.409556
4806	-1902.222	-2072.308	170.0864	1.12767	2.520901
4812	-1900.194	-2070.684	170.4903	1.032426	2.326477
4818	-1902.401	-2072.606	170.2049	1.317746	2.326477
4824	-1896.21	-2066.994	170.7838	1.090158	2.099521
4830	-1896.774	-2067.189	170.4155	1.042928	2.367288
4836	-1890.033	-2060.674	170.6408	1.226992	2.103575
4842	-1887.172	-2058.028	170.8555	1.188161	1.987179
4848	-1886.771	-2057.1	170.3283	1.446086	2.164579
4854	-1913.497	-2083.728	170.2309	1.532084	2.17194
4860	-1889.752	-2060.765	171.0127	1.274324	1.822133
4866	-1894.16	-2065.019	170.8592	1.274324	1.926786
4872	-1893.194	-2064.178	170.9839	1.227421	1.874051
4878	-1887.032	-2058.307	171.2751	1.068063	1.783264
4884	-1899.844	-2071.029	171.1851	0.9075905	1.954319
4890	-1886.871	-2057.462	170.5908	1.094228	2.222425
4896	-1885.899	-2056.487	170.5881	1.135172	2.197706
4902	-1888.289	-2059.084	170.7952	1.169671	2.03955
4908	-1884.649	-2055.517	170.8677	1.15616	2.000402
4914	-1891.308	-2061.761	170.4531	1.49007	2.053914
4920	-1897.175	-2067.038	169.8636	1.323919	2.537489
4926	-1893.954	-2063.793	169.8395	1.163609	2.651678
4932	-1894.511	-2065.085	170.5738	1.173367	2.182236
4938	-1889.92	-2061.115	171.1949	0.9804473	1.89847
4944	-1896.197	-2067.23	171.0323	1.379046	1.735677
4950	-1893.734	-2064.287	170.5532	1.255424	2.14228
4956	-1895.392	-2065.855	170.4629	1.080673	2.313175
4962	-1888.812	-2059.741	170.9291	1.311123	1.854247
4968	-1891.676	-2062.559	170.8827	1.035596	2.070339
4974	-1889.258	-2060.305	171.0465	0.8718311	2.070339
4980	-1898.973	-2069.61	170.6368	1.037907	2.22909
4986	-1897.384	-2068.121	170.7373	1.340786	1.964123
4992	-1902.972	-2073.845	170.873	1.169176	1.988164
4998	-1894.831	-2065.121	170.2895	1.178605	2.361167
5004	-1893.965	-2064.658	170.6936	1.001492	2.215947
5010	-1888.173	-2058.291	170.1176	1.51164	2.258335
5016	-1882.204	-2053.312	171.1078	0.9626505	1.969248
5022	-1888.468	-2058.783	170.3155	1.360591	2.228174
5028	-1892.739	-2063.398	170.6592	1.263193	2.067659
5034	-1911.794	-2082.826	171.0325	1.193726	1.863844
5040	-1918.263	-2088.607	170.3446	1.013468	2.430684
5046	-1907.839	-2078.467	170.6279	1.153991	2.159654
5052	-1914.982	-2085.927	170.945	1.02556	2.03579
5058	-1904.195	-2074.551	170.3561	0.9510952	2.462686
5064	-1897.325	-2066.884	169.559	1.411745	2.671636
5070	-1898.826	-2070.052	171.2263	1.233497	1.701525
5076	-1891.96	-2062.675	170.715	1.184162	2.08298
5082	-1878.419	-2048.636	170.2165	1.294319	2.334033
5088	-1887.432	-2058.209	170.7765	1.018667	2.151025
5094	-1898.738	-2069.45	170.7118	0.967515	2.226104
5100	-1907.654	-2078.903	171.2489	0.9817469	1.860823
5106	-1908.309	-2078.995	170.6865	1.092418	2.161626
5112	-1898.422	-2068.85	170.4282	1.406452	2.12529
5118	-1895.119	-2065.331	170.2116	1.538812	2.180135
5124	-1899.264	-2070.166	170.9023	1.208051	1.942429
5130	-1894.728	-2065.034	170.3053	1.195398	2.340499
5136	-1900.859	-2071.536	170.6765	1.255182	2.061543
5142	-1900.844	-2071.574	170.7294	1.255182	2.026489
5148	-1916.001	-2086.418	170.417	1.286247	2.210675
5154	-1889.856	-2060.143	170.2865	1.422769	2.206768
5160	-1884.294	-2054.821	170.5272	1.182077	2.206768
5166	-1891.536	-2061.734	170.1984	1.524491	2.19796
5172	-1896.422	-2066.513	170.0914	1.336301	2.386733
5178	-1894.96	-2065.561	170.6003	1.426437	1.998462
5184	-1892.27	-2062.235	169.9643	1.416487	2.416391
5190	-1898.667	-2069.22	170.5525	1.277116	2.12857
5196	-1905.732	-2076.267	170.5348	1.119637	2.242141
5202	-1895.373	-2065.907	170.5348	1.119637	2.242141
5208	-1908.794	-2079.583	170.7882	1.150026	2.057189
5214	-1905.147	-2075.121	169.9732	1.096924	2.610297
5220	-1894.401	-2065.09	170.6889	1.401154	1.956062
5226	-1889.871	-2060.028	170.1573	1.215957	2.421136
5232	-1894.036	-2064.957	170.9208	1.176844	1.950974
5238	-1895.876	-2066.775	170.8992	1.234384	1.926803
5244	-1891.082	-2060.945	169.8623	1.152441	2.644513
5250	-1896.499	-2067.214	170.7156	1.133614	2.115746
5256	-1886.557	-2057.607	171.0503	1.133614	1.892706
5262	-1885.439	-2055.979	170.54	1.133614	2.229762
5268	-1889.442	-2060.515	171.073	0.9180264	2.022236
5274	-1898.404	-2069.431	171.0267	1.174462	1.880937
5280	-1900.85	-2072.107	171.2573	1.099594	1.773717
5286	-1887.315	-2057.969	170.6536	1.168614	2.133384
5292	-1890.949	-2061.846	170.8979	1.433719	1.791328
5298	-1898.105	-2068.194	170.089	1.210467	2.467525
5304	-1900.943	-2071.328	170.3855	1.414989	2.147565
5310	-1907.121	-2077.508	170.387	1.317398	2.209936
5316	-1911.012	-2081.478	170.4653	1.239054	2.209936
5322	-1924.77	-2094.815	170.0443	1.235879	2.479591
5328	-1902.359	-2073.445	171.0865	1.099663	1.891163
5334	-1890.574	-2060.301	169.7275	1.378297	2.588227
5340	-1894.807	-2066.224	171.4172	1.082601	1.673083
5346	-1910.57	-2080.604	170.0333	1.422547	2.368969
5352	-1910.356	-2079.715	169.3585	1.422547	2.787755
5358	-1899.758	-2069.687	169.9291	1.620769	2.309133
5364	-1900.339	-2070.783	170.4442	1.090494	2.318849
5370	-1892.926	-2063.572	170.6461	1.333314	2.029949
5376	-1897.32	-2067.981	170.6612	1.333314	2.0199
5382	-1892.666	-2063.246	170.5806	1.073215	2.24251
5388	-1904.782	-2075.374	170.5917	0.9517723	2.313234
5394	-1909.962	-2080.752	170.7901	1.058042	2.116409
5400	-1908.06	-2078.836	170.7759	1.275233	1.98216
5406	-1901.346	-2071.583	170.2362	1.44284	2.226313
5412	-1909.803	-2080.067	170.2635	1.415474	2.226313
5418	-1900.152	-2071.032	170.88	0.8844073	2.171064
5424	-1900.485	-2071.172	170.6875	1.319123	2.011843
5430	-1895.116	-2065.827	170.7113	1.311028	2.001418
5436	-1895.879	-2066.557	170.6781	0.9701457	2.246102
5442	-1895.358	-2065.665	170.3072	1.341026	2.246102
5448	-1894.727	-2064.455	169.7278	1.341026	2.611095
5454	-1907.821	-2078.067	170.2454	1.094352	2.44224
5460	-1906.58	-2076.833	170.2534	1.470345	2.197418
5466	-1902.65	-2073.603	170.9523	1.155145	1.944396
5472	-1894.831	-2064.794	169.9631	1.325683	2.47418
5478	-1886.128	-2056.575	170.4465	1.298985	2.183322
5484	-1890.072	-2060.362	170.29	1.193111	2.351653
5490	-1905.062	-2075.67	170.6078	1.353602	2.041851
5496	-1899.761	-2070.777	171.0167	0.8269819	2.119324
5502	-1912.595	-2082.508	169.9124	1.054083	2.674257
5508	-1902.265	-2071.878	169.6134	1.35301	2.674257
5514	-1887.619	-2058.267	170.6488	1.202332	2.114482
5520	-1887.931	-2058.4	170.4687	1.063251	2.320592
5526	-1896.353	-2066.173	169.8203	1.46959	2.473524
5532	-1903.136	-2073.745	170.6094	1.43486	1.986785
5538	-1908.79	-2079.636	170.8461	1.140247	2.025352
5544	-1908.273	-2079.081	170.8075	1.178866	2.025352
5550	-1911.223	-2080.829	169.6057	1.476165	2.603067
5556	-1905.764	-2076.24	170.4754	1.257952	2.191203
5562	-1898.451	-2069.061	170.6107	1.305668	2.071593
5568	-1882.318	-2053.159	170.8407	1.03537	2.098146
5574	-1894.505	-2064.788	170.2829	1.053549	2.444326
5580	-1889.481	-2060.066	170.5849	1.208258	2.152371
5586	-1892.09	-2063.062	170.9718	1.1969	1.90301
5592	-1897.265	-2067.536	170.271	1.390673	2.237487
5598	-1892.759	-2063.794	171.0347	1.111071	1.918507
5604	-1898.455	-2069.008	170.5531	1.294242	2.116981
5610	-1904.566	-2074.029	169.4633	1.62319	2.600174
5616	-1891.724	-2061.95	170.2264	1.176386	2.402483
5622	-1888.362	-2058.328	169.9661	1.404086	2.423057
5628	-1894.599	-2065.167	170.568	1.253817	2.133622
5634	-1905.794	-2075.881	170.0869	1.67087	2.175371
5640	-1896.589	-2066.892	170.3036	1.322092	2.260611
5646	-1896.58	-2067.322	170.7422	1.367187	1.943112
5652	-1900.472	-2070.766	170.2935	1.15656	2.372609
5658	-1902.589	-2073.714	171.1253	1.249267	1.761421
5664	-1894.745	-2065.3	170.5545	1.246858	2.146972
5670	-1899.502	-2070.066	170.5638	1.237577	2.146972
5676	-1895.714	-2065.894	170.1803	1.198637	2.417524
5682	-1895.056	-2064.97	169.9141	1.089095	2.651655
5688	-1897.917	-2068.887	170.9702	1.480883	1.707634
5694	-1897.439	-2067.141	169.7011	1.454578	2.557303
5700	-1908.038	-2077.816	169.7782	1.370896	2.561342
5706	-1914.768	-2084.488	169.7202	1.328627	2.623457
5712	-1889.153	-2059.75	170.597	1.320285	2.07102
5718	-1899.397	-2069.945	170.5476	1.369726	2.07102
5724	-1896.399	-2066.928	170.5295	1.303792	2.126129
5730	-1905.119	-2076.09	170.9712	1.278187	1.84801
5736	-1899.354	-2070.057	170.7028	1.229525	2.06107
5742	-1901.115	-2071.427	170.3127	1.273943	2.28567
5748	-1897.324	-2068.027	170.7029	1.168965	2.100892
5754	-1901.107	-2071.257	170.1507	1.120939	2.484959
5760	-1902.012	-2073.174	171.1622	1.104087	1.836435
5766	-1906.059	-2076.071	170.0116	1.331807	2.439909
5772	-1904.799	-2075.736	170.9368	1.074688	2.008655
5778	-1901.684	-2072.621	170.9365	1.334055	1.833445
5784	-1890.69	-2061.725	171.0349	1.1264	1.907994
5790	-1900.382	-2070.521	170.1393	1.453146	2.281945
5796	-1897.107	-2068.689	171.5827	0.8198498	1.741871
5802	-1903.492	-2073.87	170.3784	1.383241	2.17281
5808	-1906.397	-2076.655	170.2587	1.207707	2.362266
5814	-1899.987	-2071.192	171.2048	1.151481	1.774188
5820	-1890.087	-2060.976	170.8882	1.097909	2.025483
5826	-1896.4	-2067.055	170.6549	1.333074	2.02426
5832	-1890.431	-2060.938	170.5064	1.100777	2.272521
5838	-1888.295	-2058.833	170.5375	1.341983	2.095858
5844	-1882.155	-2052.756	170.6012	1.278288	2.095858
5850	-1872.229	-2043.2	170.9712	1.149673	1.935321
5856	-1891.673	-2061.906	170.2329	1.200054	2.383462
5862	-1906.614	-2076.772	170.1579	1.275025	2.383462
5868	-1888.088	-2057.894	169.8065	1.414106	2.51682
5874	-1887.548	-2058.162	170.6139	1.177925	2.153233
5880	-1890.224	-2060.792	170.5676	1.224139	2.153233
5886	-1888.876	-2059.579	170.7031	1.110339	2.139089
5892	-1885.956	-2056.644	170.6878	1.117024	2.144741
5898	-1886.272	-2057.309	171.0372	1.117024	1.912795
5904	-1890.621	-2061.308	170.6876	1.239785	2.064363
5910	-1906.775	-2077.426	170.6508	1.276571	2.064363
5916	-1905.192	-2075.892	170.6999	1.227478	2.064363
5922	-1902.13	-2072.781	170.6503	1.167737	2.136146
5928	-1895.919	-2066.629	170.7096	1.108373	2.136146
5934	-1897.443	-2067.927	170.4838	1.248901	2.191623
5940	-1890.794	-2060.878	170.0837	1.503835	2.28507
5946	-1882.954	-2053.776	170.8226	1.260948	1.96045
5952	-1887.928	-2058.577	170.6486	1.251881	2.082072
5958	-1893.704	-2063.529	169.8246	1.167669	2.658335
5964	-1888.914	-2059.328	170.4133	1.129388	2.313718
5970	-1890.639	-2060.786	170.1476	1.174723	2.453159
5976	-1907.935	-2077.27	169.3355	1.5266	2.738222
5982	-1899.377	-2069.956	170.5795	1.31244	2.087691
5988	-1895.125	-2065.765	170.64	1.168243	2.142539
5994	-1898.762	-2068.95	170.1885	1.303054	2.346278
6000	-1892.16	-2063.007	170.8462	1.335657	1.894085
6006	-1886.698	-2057.013	170.3149	1.217421	2.320364
6012	-1895.197	-2065.747	170.5498	1.501864	1.98182
6018	-1898.986	-2068.513	169.5274	1.451399	2.666681
6024	-1904.307	-2074.722	170.4146	1.097415	2.333245
6030	-1899.885	-2070.715	170.8297	1.021986	2.114128
6036	-1898.126	-2068.503	170.3768	1.332953	2.20644
6042	-1886.828	-2057.945	171.1169	1.121103	1.855777
6048	-1888.999	-2059.595	170.5964	1.121103	2.201427
6054	-1893.248	-2063.891	170.6426	1.089545	2.191971
6060	-1887.623	-2057.996	170.3731	1.089545	2.364638
6066	-1894.276	-2065.176	170.8995	1.0751	2.03314
6072	-1903.825	-2075.059	171.2343	0.977105	1.873999
6078	-1904.839	-2074.999	170.1598	1.34648	2.336937
6084	-1904.519	-2075.481	170.9619	1.027024	2.023625
6090	-1898.804	-2070.078	171.2735	1.027024	1.812794
6096	-1889.432	-2060.235	170.8029	1.130207	2.060559
6102	-1895.927	-2066.352	170.4253	1.366439	2.153247
6108	-1893.729	-2063.839	170.11	1.203408	2.458791
6114	-1891.484	-2062.139	170.6553	1.043421	2.213603
6120	-1906.258	-2076.614	170.356	1.329079	2.222408
6126	-1908.326	-2079.37	171.0435	1.016017	1.976561
6132	-1910.129	-2080.872	170.7425	1.185397	2.06404
6138	-1913.499	-2083.566	170.0676	1.278797	2.438012
6144	-1909.999	-2080.852	170.8534	1.284825	1.92366
6150	-1886.301	-2056.742	170.4406	1.028236	2.360678
6156	-1909.221	-2079.904	170.6833	0.9726368	2.241159
6162	-1887.455	-2058.462	171.0072	0.9726368	2.029682
6168	-1897.686	-2068.267	170.5811	1.46833	1.983324
6174	-1893.368	-2063.405	170.0374	1.21678	2.49589
6180	-1893.889	-2064.588	170.6999	1.210919	2.075305
6186	-1890.57	-2061.568	170.9981	1.123009	1.935218
6192	-1891.699	-2061.653	169.954	1.492382	2.374962
6198	-1901.812	-2072.535	170.7228	1.127485	2.11503
6204	-1901.268	-2071.839	170.5708	1.095299	2.234656
6210	-1891.009	-2062.189	171.1795	1.099867	1.827405
6216	-1896.87	-2067.257	170.3879	1.206704	2.280542
6222	-1889.32	-2059.311	169.9904	1.299806	2.473323
6228	-1897.072	-2068.092	171.0195	1.105407	1.93266
6234	-1906.421	-2076.779	170.3575	1.388767	2.182832
6240	-1892.157	-2063.07	170.913	1.13137	1.986704
6246	-1903.067	-2073.998	170.9308	1.113599	1.986704
6252	-1897.496	-2068.043	170.5472	1.139159	2.221578
6258	-1895.036	-2065.545	170.5092	1.303162	2.13985
6264	-1898.999	-2069.964	170.9641	1.249703	1.872357
6270	-1893.316	-2064.638	171.3215	0.8922397	1.872357
6276	-1896.769	-2067.636	170.8671	1.136233	2.014081
6282	-1894.031	-2064.741	170.71	0.8857078	2.279834
6288	-1894.455	-2065.388	170.9331	1.304976	1.855773
6294	-1899.493	-2070.668	171.175	1.183769	1.772405
6300	-1890.678	-2062.022	171.3444	1.030879	1.760892
6306	-1895.164	-2065.952	170.7879	1.132164	2.069204
6312	-1899.629	-2070.307	170.6781	1.24192	2.069204
6318	-1899.161	-2070.22	171.0589	1.213597	1.832102
6324	-1894.062	-2064.88	170.8181	1.217168	1.992748
6330	-1889.063	-2060.052	170.9882	1.0395	1.997792
6336	-1893.575	-2063.939	170.3646	1.380005	2.18388
6342	-1890.842	-2061.079	170.2369	1.51711	2.177802
6348	-1896.092	-2067.26	171.1679	1.006909	1.898845
6354	-1888.144	-2059.101	170.9573	1.156045	1.940445
6360	-1899.132	-2069.637	170.5048	1.238191	2.184922
6366	-1889.379	-2059.89	170.5114	1.130621	2.250103
6372	-1893.691	-2064.44	170.7486	0.9719776	2.199462
6378	-1900.951	-2071.983	171.0323	1.291081	1.797026
6384	-1907.202	-2077.641	170.4387	1.285836	2.196872
6390	-1907.537	-2078.049	170.5111	1.00442	2.331016
6396	-1892.334	-2063.252	170.918	1.12785	1.985708
6402	-1900.584	-2071.475	170.8906	0.9355302	2.13083
6408	-1890.455	-2061.665	171.2102	1.084202	1.817073
6414	-1897.35	-2068.187	170.8367	1.116695	2.047186
6420	-1893.659	-2064.216	170.5577	1.395699	2.047186
6426	-1892.706	-2063.823	171.1173	0.9235147	1.989056
6432	-1887.283	-2057.946	170.6627	1.102456	2.170564
6438	-1882.064	-2052.935	170.8708	0.9674227	2.12294
6444	-1890.334	-2060.848	170.5139	1.202264	2.202314
6450	-1895.681	-2066.229	170.548	1.435095	2.027519
6456	-1895.525	-2066.336	170.8107	1.089689	2.082152
6462	-1900.042	-2071.002	170.9599	0.9404624	2.082152
6468	-1903.697	-2074.175	170.478	1.259482	2.188528
6474	-1891.515	-2062.533	171.0187	0.9253823	2.05331
6480	-1893.051	-2064.09	171.0398	1.19775	1.856105
6486	-1886.904	-2057.961	171.0573	1.020631	1.964235
6492	-1889.106	-2059.744	170.6375	1.440006	1.964537
6498	-1890.452	-2061.481	171.0289	0.8527885	2.094443
6504	-1892.906	-2063.601	170.6943	1.078293	2.165718
6510	-1905.4	-2075.472	170.0715	1.306435	2.418154
6516	-1916.558	-2087.233	170.6751	1.245756	2.068687
6522	-1906.701	-2077.879	171.1775	1.063938	1.853469
6528	-1897.363	-2068.338	170.9751	0.9594671	2.059642
6534	-1893.035	-2063.188	170.1529	1.344437	2.342605
6540	-1897.48	-2068.446	170.9666	0.9563173	2.067307
6546	-1906.363	-2077.091	170.7279	0.968882	2.214844
6552	-1896.352	-2066.343	169.9913	1.359111	2.435505
6558	-1898.328	-2069.501	171.173	0.8841558	1.978174
6564	-1891.013	-2061.361	170.3483	1.274777	2.262275
6570	-1893.113	-2063.648	170.5352	1.087949	2.262275
6576	-1890.518	-2060.747	170.2296	1.146842	2.419103
6582	-1889.671	-2060.435	170.764	1.066001	2.128322
6588	-1894.744	-2065.86	171.1156	1.066001	1.894244
6594	-1893.617	-2064.562	170.9456	1.221535	1.904055
6600	-1903.619	-2074.991	171.3726	0.89788	1.83351
6606	-1903.451	-2073.91	170.4592	1.218344	2.227243
6612	-1893.93	-2064.107	170.1764	1.228152	2.401377
6618	-1891.656	-2061.782	170.126	1.362169	2.348437
6624	-1890.97	-2061.485	170.515	1.167903	2.223789
6630	-1890.525	-2061.205	170.6799	1.01138	2.218372
6636	-1888.136	-2058.803	170.6674	1.206342	2.099652
6642	-1892.961	-2063.705	170.7441	1.129658	2.099652
6648	-1894.764	-2065.662	170.8978	1.024884	2.067444
6654	-1900.976	-2071.938	170.9618	0.9608665	2.067444
6660	-1895.506	-2066.469	170.963	1.111114	1.966797
6666	-1892.274	-2063.129	170.8549	0.8339898	2.219908
6672	-1900.105	-2070.619	170.514	0.9888715	2.339086
6678	-1886.015	-2056.248	170.2334	1.435758	2.232685
6684	-1893.114	-2063.568	170.4539	1.425708	2.095838
6690	-1910.518	-2080.631	170.1133	1.060826	2.545812
6696	-1900.808	-2070.936	170.128	1.440735	2.297128
6702	-1897.58	-2068.319	170.7398	1.23621	2.03219
6708	-1890.272	-2060.813	170.5409	1.026935	2.297651
6714	-1891.129	-2061.589	170.4599	1.334694	2.151437
6720	-1881.183	-2051.064	169.8807	1.587924	2.360838
6726	-1898.609	-2069.284	170.6743	1.207129	2.094626
6732	-1923.202	-2094.095	170.8932	1.23809	1.928307
6738	-1919.485	-2088.991	169.5058	1.58505	2.597502
6744	-1900.705	-2071.029	170.3241	1.371015	2.215917
6750	-1896.271	-2066.783	170.5117	1.212326	2.197217
6756	-1901.133	-2071.759	170.6258	1.070319	2.215294
6762	-1895.311	-2065.64	170.3296	1.36647	2.215294
6768	-1890.503	-2060.894	170.3905	1.056232	2.374691
6774	-1893.911	-2064.748	170.8379	1.025466	2.106487
6780	-1889.056	-2058.99	169.9339	1.383537	2.456207
6786	-1903.032	-2073.067	170.0356	1.494507	2.321735
6792	-1897.087	-2067.11	170.0231	1.506991	2.321735
6798	-1892.068	-2062.436	170.3685	0.954754	2.452561
6804	-1902.686	-2073.849	171.1632	1.004641	1.903579
6810	-1898.126	-2068.573	170.4468	1.143339	2.283409
6816	-1895.706	-2066.044	170.3378	1.47049	2.142454
6822	-1881.903	-2052.706	170.803	0.9934744	2.150188
6828	-1885.039	-2055.707	170.6685	1.213368	2.09429
6834	-1898.431	-2069.184	170.7522	1.510394	1.838907
6840	-1886.567	-2057.12	170.5526	1.239867	2.152809
6846	-1887.7	-2058.29	170.5892	1.133799	2.197872
6852	-1902.089	-2072.82	170.7309	0.9839512	2.203153
6858	-1893.32	-2064.707	171.3869	0.9839512	1.763985
6864	-1892.216	-2063.182	170.9663	1.218209	1.892307
6870	-1885.511	-2056.561	171.0501	1.246468	1.815572
6876	-1888.764	-2059.185	170.4207	1.355036	2.163684
6882	-1889.043	-2059.695	170.6515	1.312717	2.04001
6888	-1895.12	-2065.238	170.1176	1.274624	2.409179
6894	-1904.885	-2074.946	170.0613	1.330875	2.409179
6900	-1901.89	-2072.021	170.1304	1.347096	2.355196
6906	-1884.599	-2054.801	170.2017	1.3649	2.298475
6912	-1889.729	-2060.363	170.6342	1.261335	2.085339
6918	-1910.958	-2080.352	169.3933	1.475322	2.734252
6924	-1897.17	-2068.226	171.0554	1.010754	1.972118
6930	-1902.243	-2073.446	171.203	1.199988	1.741555
6936	-1894.189	-2065.041	170.8528	0.9413806	2.151656
6942	-1892.006	-2062.76	170.7539	1.01373	2.168939
6948	-1896.932	-2067.583	170.6516	1.116082	2.168939
6954	-1905.159	-2075.036	169.8773	1.119278	2.655695
6960	-1899.946	-2070.398	170.4524	1.243013	2.215738
6966	-1893.783	-2064.397	170.6144	1.10771	2.198483
6972	-1891.527	-2062.192	170.6644	1.039734	2.210114
6978	-1901.226	-2071.73	170.5038	1.039734	2.313164
6984	-1898.307	-2068.488	170.1818	1.264889	2.374754
6990	-1893.421	-2064.398	170.9769	1.299734	1.829276
6996	-1890.947	-2061.571	170.6244	1.167002	2.153473
7002	-1879.721	-2050.29	170.5688	1.371238	2.056024
7008	-1887.885	-2058.074	170.1892	1.22077	2.397952
7014	-1880.734	-2051.436	170.7018	1.11043	2.139913
7020	-1886.239	-2057.019	170.7802	1.18806	2.037348
7026	-1903.626	-2074.24	170.6143	1.025013	2.251885
7032	-1905.425	-2076.051	170.6251	1.040423	2.235005
7038	-1897.269	-2067.138	169.8691	1.100179	2.672484
7044	-1884.203	-2054.063	169.8601	1.559047	2.392155
7050	-1893.468	-2063.482	170.0149	1.150389	2.551326
7056	-1892.1	-2061.889	169.7888	1.128022	2.704747
7062	-1881.936	-2052.515	170.5794	1.091945	2.231235
7068	-1887.5	-2057.677	170.1772	1.360246	2.317059
7074	-1880.894	-2051.695	170.8011	1.177545	2.03047
7080	-1897.485	-2067.827	170.3424	1.243659	2.28602
7086	-1890.856	-2061.921	171.0654	1.028547	1.953458
7092	-1898.441	-2068.945	170.5037	1.075092	2.290664
7098	-1890.379	-2061.117	170.7374	1.409882	1.917485
7104	-1892.399	-2062.842	170.4431	1.257678	2.212262
7110	-1894.415	-2065.217	170.8019	1.261505	1.973961
7116	-1891.347	-2062.082	170.7351	1.175845	2.075195
7122	-1882.884	-2053.406	170.5223	1.402692	2.065967
7128	-1888.686	-2059.566	170.8801	1.3681	1.848792
7134	-1890.626	-2061.226	170.5997	1.457189	1.978315
7140	-1900.672	-2071.121	170.4495	1.419903	2.102501
7146	-1898.01	-2068.74	170.73	1.139388	2.102501
7152	-1897.873	-2068.516	170.6426	1.226812	2.102501
7158	-1904.515	-2074.86	170.3454	1.164007	2.334953
7164	-1899.479	-2069.445	169.9658	1.352229	2.45586
7170	-1897.759	-2067.09	169.3301	1.212823	2.932014
7176	-1889.256	-2059.809	170.5533	1.034171	2.285087
7182	-1891.655	-2061.968	170.3127	1.221749	2.318957
7188	-1882.562	-2053.065	170.5031	1.097781	2.27651
7194	-1877.576	-2048.079	170.503	1.274484	2.162545
7200	-1904.728	-2075.621	170.893	0.8847641	2.16235
7206	-1887.778	-2058.932	171.1542	0.9274331	1.961774
7212	-1891.457	-2061.054	169.5967	1.330102	2.698579
7218	-1889.999	-2060.696	170.697	1.202039	2.083021
7224	-1894.598	-2065.372	170.7748	1.067618	2.12019
7230	-1895.748	-2066.047	170.2983	1.548749	2.117136
7236	-1893.393	-2063.99	170.597	1.250034	2.117136
7242	-1906.203	-2076.904	170.7011	1.045771	2.182454
7248	-1895.241	-2066.496	171.2551	0.7969789	1.981554
7254	-1894.192	-2064.854	170.6615	0.9132886	2.293201
7260	-1896.953	-2068.373	171.4201	1.080468	1.6725
7266	-1899.189	-2069.426	170.2375	1.461063	2.213715
7272	-1899.199	-2069.721	170.5215	1.159343	2.225158
7278	-1895.42	-2065.979	170.5592	1.357478	2.071435
7284	-1888.709	-2059.588	170.8791	1.167707	1.985053
7290	-1888.446	-2058.612	170.1669	1.167707	2.445453
7296	-1883.566	-2053.604	170.0379	1.348077	2.413111
7302	-1902.893	-2073.221	170.3278	1.415423	2.184781
7308	-1899.686	-2069.992	170.3059	1.355188	2.237847
7314	-1892.682	-2063.243	170.561	1.112483	2.229858
7320	-1892.957	-2063.406	170.4493	1.13968	2.28417
7326	-1890.403	-2061.196	170.7931	1.229493	2.001199
7332	-1884.526	-2055.701	171.1748	1.23814	1.734525
7338	-1892.633	-2063.461	170.8278	1.280936	1.943558
7344	-1901.379	-2072.035	170.6562	1.364182	2.002709
7350	-1894.291	-2065.039	170.7485	1.007894	2.176275
7356	-1903.508	-2073.716	170.2072	1.514309	2.198841
7362	-1900.283	-2070.773	170.4901	1.463243	2.047176
7368	-1898.778	-2069.167	170.3892	1.327964	2.201645
7374	-1886.066	-2056.318	170.2522	1.201649	2.370184
7380	-1895.487	-2066.593	171.1063	1.209693	1.802154
7386	-1889.66	-2060.384	170.7242	1.062769	2.156351
7392	-1886.988	-2057.743	170.7547	1.062769	2.136479
7398	-1888.643	-2058.664	170.0202	1.670504	2.218775
7404	-1888.73	-2060.012	171.2818	0.9414681	1.865866
7410	-1907.517	-2078.415	170.8983	1.082663	2.028899
7416	-1892.908	-2063.238	170.33	1.249247	2.290402
7422	-1898.962	-2069.576	170.6135	1.06242	2.228286
7428	-1905.624	-2075.489	169.8648	1.334062	2.530406
7434	-1901.619	-2072.481	170.8616	0.9659153	2.129904
7440	-1896.864	-2066.869	170.0056	1.417579	2.389597
7446	-1901.186	-2072.183	170.9975	1.324716	1.797822
7452	-1893.641	-2064.293	170.6517	1.336601	2.02405
7458	-1895.586	-2065.815	170.2289	1.276928	2.337222
7464	-1899.4	-2070.15	170.7504	0.919528	2.232168
7470	-1890.838	-2060.172	169.3336	1.540048	2.731193
7476	-1898.139	-2068.914	170.7753	1.473199	1.848603
7482	-1903.319	-2074.015	170.6956	1.205644	2.081558
7488	-1909.487	-2080.364	170.8771	1.024164	2.081558
7494	-1895.744	-2066.478	170.7345	1.166818	2.081558
7500	-1913.533	-2084.116	170.5826	1.106904	2.219513
7506	-1896.448	-2066.524	170.0756	1.252077	2.449839
7512	-1894.122	-2064.634	170.5124	1.090839	2.274988
7518	-1894.614	-2065.463	170.8498	1.081918	2.061493
7524	-1886.045	-2056.872	170.8273	1.104471	2.061493
7530	-1892.781	-2063.633	170.8514	1.11365	2.039461
7536	-1893.301	-2063.944	170.6432	1.013306	2.240832
7542	-1892.903	-2063.677	170.7735	0.9650516	2.187816
7548	-1889.404	-2059.584	170.1799	1.398901	2.290647
7554	-1893.752	-2063.93	170.1775	1.471608	2.245594
7560	-1885.368	-2056.156	170.7883	1.183984	2.034678
7566	-1885.87	-2056.368	170.4984	1.225727	2.197176
7572	-1895.252	-2066.088	170.836	1.189346	1.999392
7578	-1907.848	-2078.712	170.8642	1.123454	2.024444
7584	-1894.455	-2064.667	170.2126	1.123454	2.444551
7590	-1909.008	-2079.047	170.0396	1.430773	2.359717
7596	-1901.131	-2071.532	170.401	1.033288	2.382593
7602	-1900.79	-2071.729	170.9395	1.014356	2.046853
7608	-1898.704	-2069.109	170.4056	1.113647	2.328648
7614	-1902.285	-2072.734	170.4488	1.181754	2.257468
7620	-1895.216	-2065.866	170.6501	1.115624	2.170192
7626	-1894.563	-2064.751	170.1877	1.510432	2.213953
7632	-1897.381	-2067.104	169.7226	1.435682	2.555628
7638	-1888.366	-2059.037	170.6717	1.312027	2.027087
7644	-1896.86	-2067.644	170.7838	1.199863	2.027087
7650	-1896.518	-2066.921	170.4022	1.369758	2.166132
7656	-1899.244	-2070.004	170.7605	1.109289	2.102225
7662	-1901.874	-2072.069	170.195	1.087734	2.47801
7668	-1904.911	-2075.9	170.9895	1.05109	1.989211
7674	-1905.638	-2076.601	170.9633	1.451875	1.733005
7680	-1896.864	-2067.014	170.1499	1.451751	2.276013
7686	-1881.937	-2052.539	170.6017	1.1514	2.178389
7692	-1885.25	-2055.938	170.688	1.347674	1.99247
7698	-1886.007	-2057.123	171.1163	0.8265516	2.054163
