Iteration	Posterior	Likelihood	Prior	part_rate_trans	tree_length
0	-1640.723	-1807.798	167.0753	1.797133	3.911354
6	-1637.247	-1804.221	166.9735	1.898962	3.911354
12	-1647.906	-1814.889	166.9835	1.820717	3.950457
18	-1648.177	-1815.231	167.0541	1.865203	3.884485
24	-1659.652	-1825.832	166.1795	1.564736	4.551247
30	-1637.702	-1805.048	167.3456	1.748838	3.783779
36	-1637.731	-1804.474	166.7426	1.733699	4.137528
42	-1645.302	-1811.623	166.3213	1.589881	4.457319
48	-1652.937	-1819.102	166.1653	1.757048	4.451031
54	-1648.532	-1815.187	166.6548	1.762301	4.171197
60	-1645.133	-1811.95	166.8164	2.004225	3.941024
66	-1639.992	-1807.325	167.3324	2.103324	3.586325
72	-1637.23	-1804.446	167.2163	1.909629	3.765659
78	-1644.875	-1812.284	167.4093	1.993876	3.605244
84	-1640.712	-1807.928	167.2164	1.913238	3.763482
90	-1632.24	-1799.151	166.9114	2.218223	3.763482
96	-1634.048	-1801.239	167.1912	2.149127	3.641684
102	-1663.076	-1830.599	167.5224	2.110938	3.471252
108	-1651.956	-1818.876	166.9201	2.097287	3.828133
114	-1648.291	-1815.769	167.4782	2.097287	3.504971
120	-1658.997	-1826.192	167.1953	2.112009	3.660849
126	-1655.396	-1822.595	167.1988	2.233756	3.588173
132	-1666.326	-1833.609	167.2836	2.148977	3.588173
138	-1648.302	-1815.369	167.067	2.365609	3.588173
144	-1643.283	-1811.012	167.7295	2.212138	3.290334
150	-1640.541	-1807.92	167.379	2.389913	3.391862
156	-1640.489	-1807.8	167.3105	2.095272	3.603744
162	-1639.655	-1806.948	167.2932	2.117855	3.600654
168	-1645.962	-1813.206	167.2434	2.16773	3.600654
174	-1650.388	-1818.124	167.7359	2.162198	3.315993
180	-1641.107	-1808.906	167.7984	2.110402	3.309682
186	-1632.613	-1799.577	166.9647	1.775311	3.987188
192	-1633.534	-1801.001	167.4668	2.210681	3.44544
198	-1637.058	-1804.175	167.1169	2.146965	3.685973
204	-1635.517	-1802.565	167.0482	2.146965	3.725712
210	-1634.318	-1801.51	167.1915	2.076221	3.683741
216	-1633.659	-1800.775	167.1159	2.078238	3.726284
222	-1638.862	-1805.701	166.839	2.079957	3.884674
228	-1647.531	-1814.625	167.094	2.056728	3.751352
234	-1650.363	-1818.196	167.8324	2.206114	3.233084
240	-1647.877	-1815.606	167.7291	2.412573	3.171979
246	-1645.26	-1812.499	167.2383	2.412573	3.460995
252	-1653.401	-1820.703	167.3012	2.274885	3.504669
258	-1648.316	-1815.402	167.0859	2.005813	3.785337
264	-1645.882	-1812.376	166.4938	1.890252	4.189937
270	-1647.932	-1815.135	167.2029	2.045155	3.695093
276	-1643.411	-1810.689	167.2773	2.205855	3.558791
282	-1639.925	-1807.003	167.0779	1.861833	3.872787
288	-1645.056	-1812.176	167.1199	1.861833	3.848629
294	-1642.937	-1809.974	167.0375	1.886132	3.881998
300	-1639.391	-1806.183	166.7922	1.996259	3.959491
306	-1651.273	-1817.76	166.4866	1.845289	4.219581
312	-1633.116	-1800.69	167.574	2.148512	3.419064
318	-1635.97	-1802.96	166.99	2.263694	3.691853
324	-1633.948	-1801.353	167.4049	2.026635	3.5888
330	-1635.775	-1802.865	167.0904	2.341092	3.5888
336	-1642.553	-1810.168	167.6156	2.426992	3.230694
342	-1646.153	-1813.305	167.1521	2.130964	3.674859
348	-1642.743	-1809.701	166.9579	1.998919	3.862945
354	-1651.27	-1818.089	166.8193	1.998919	3.942449
360	-1649.489	-1816.359	166.8698	1.948425	3.942449
366	-1637.162	-1804.334	167.1717	2.104114	3.679072
372	-1646.802	-1814.183	167.3807	1.788683	3.740544
378	-1643.99	-1811.137	167.1463	2.023093	3.740544
384	-1642.028	-1809.607	167.5792	2.023093	3.489347
390	-1649.232	-1816.456	167.2238	2.003906	3.706882
396	-1638.557	-1805.837	167.2803	1.95493	3.702536
402	-1642.633	-1809.851	167.2172	2.296778	3.540823
408	-1639.804	-1806.997	167.1925	2.125347	3.65471
414	-1641.081	-1808.165	167.0839	2.088861	3.7386
420	-1627.154	-1794.462	167.3079	1.869414	3.735981
426	-1634.392	-1801.018	166.6256	1.623952	4.266215
432	-1637.888	-1804.736	166.8482	1.767274	4.058266
438	-1642.171	-1808.819	166.6482	1.749657	4.182111
444	-1644.155	-1810.888	166.7337	1.89697	4.049593
450	-1643.819	-1810.793	166.9738	1.89697	3.912302
456	-1633.952	-1801.009	167.0574	1.975527	3.819177
462	-1642.039	-1808.89	166.851	1.975527	3.937649
468	-1636.589	-1803.919	167.3302	1.985509	3.655992
474	-1650.148	-1817.546	167.3972	1.981158	3.619677
480	-1646.819	-1813.465	166.6462	1.981158	4.051515
486	-1648.021	-1814.795	166.7737	1.853596	4.051515
492	-1646.525	-1813.452	166.9269	1.853596	3.964028
498	-1653.05	-1819.604	166.5539	1.829511	4.190318
504	-1656.557	-1823.268	166.7103	2.063828	3.967672
510	-1662.164	-1829.772	167.6081	2.304738	3.307295
516	-1662.176	-1829.784	167.6081	2.304738	3.307295
522	-1668.072	-1834.155	166.0835	1.6297	4.568635
528	-1656.505	-1822.653	166.1487	1.611917	4.541993
534	-1636.525	-1803.597	167.072	1.826543	3.896407
540	-1648.196	-1815.033	166.8367	1.879039	4.001025
546	-1641.724	-1808.29	166.5664	1.777679	4.212673
552	-1637.861	-1804.337	166.4765	1.658086	4.331285
558	-1638.292	-1804.936	166.6433	1.658086	4.236864
564	-1641.227	-1808.008	166.7813	1.668923	4.152351
570	-1639.431	-1806.46	167.0286	1.735254	3.973542
576	-1639.287	-1806.166	166.8787	1.826086	4.007335
582	-1640.005	-1807.397	167.3916	2.018963	3.600957
588	-1652.674	-1819.616	166.9418	1.859202	3.952308
594	-1644.805	-1812.345	167.5398	2.345521	3.323506
600	-1640.143	-1807.753	167.6095	2.345521	3.282433
606	-1645.441	-1812.861	167.4204	2.345521	3.393604
612	-1650.213	-1817.321	167.1077	2.181031	3.67159
618	-1644.457	-1811.771	167.3136	2.081723	3.609792
624	-1653.886	-1821.708	167.8215	2.171194	3.260164
630	-1656.067	-1824.045	167.9773	2.171194	3.167909
636	-1641.083	-1807.733	166.6506	1.989825	4.044071
642	-1635.362	-1802.461	167.0999	1.853718	3.86481
648	-1643.996	-1810.628	166.6326	2.012499	4.041376
654	-1638.036	-1805.444	167.408	1.903691	3.658276
660	-1641.827	-1808.965	167.1378	2.17388	3.658276
666	-1638.129	-1805.262	167.1337	1.984525	3.770103
672	-1641.949	-1808.842	166.8924	1.977565	3.912764
678	-1641.944	-1808.742	166.7983	2.058626	3.920251
684	-1633.677	-1800.936	167.259	2.058626	3.654861
690	-1654.509	-1821.129	166.6203	2.02092	4.043618
696	-1644.888	-1811.35	166.4621	2.087343	4.095907
702	-1655.377	-1822.213	166.8359	1.767445	4.065176
708	-1649.144	-1816.102	166.9579	1.907714	3.915256
714	-1647.106	-1814.167	167.0607	1.894075	3.864119
720	-1645.692	-1812.68	166.9876	1.930337	3.885241
726	-1652.46	-1818.959	166.4995	1.656378	4.319222
732	-1650.103	-1816.977	166.8732	1.646476	4.112855
738	-1644.781	-1811.652	166.8705	1.912996	3.962299
744	-1646.502	-1812.966	166.4645	1.907025	4.197087
750	-1658.375	-1824.888	166.5122	2.052542	4.087174
756	-1649.162	-1816.275	167.1135	1.882759	3.840306
762	-1647.472	-1814.372	166.9006	1.702766	4.0652
768	-1638.347	-1805.215	166.8677	1.682268	4.09559
774	-1645.718	-1811.675	165.9571	1.718634	4.58967
780	-1644.225	-1810.287	166.0617	1.877441	4.441568
786	-1648.429	-1815.243	166.8135	2.031345	3.927152
792	-1644.791	-1811.875	167.0834	2.16134	3.697047
798	-1638.422	-1804.816	166.3939	1.899434	4.241436
804	-1648.08	-1814.54	166.4594	1.902731	4.202388
810	-1648.068	-1815.708	167.6403	2.313826	3.282927
816	-1653.555	-1820.904	167.3485	2.311861	3.455457
822	-1650.475	-1817.474	166.9997	2.054164	3.807176
828	-1653.804	-1820.958	167.1545	1.899285	3.807176
834	-1645.613	-1812.74	167.1271	1.961531	3.787137
840	-1641.79	-1809.127	167.3372	2.112023	3.578489
846	-1651.358	-1818.663	167.3053	2.231546	3.527515
852	-1650.049	-1817.559	167.5097	2.015007	3.534606
858	-1646.475	-1813.543	167.0683	2.015007	3.790225
864	-1634.178	-1801.082	166.9039	1.935045	3.930562
870	-1646.064	-1812.994	166.9307	1.969774	3.895277
876	-1640.521	-1807.54	167.0186	2.149888	3.7411
882	-1638.863	-1805.965	167.1015	2.066928	3.7411
888	-1646.085	-1813.128	167.0433	2.276371	3.653678
894	-1643.699	-1811.383	167.6834	1.885168	3.509029
900	-1639.13	-1806.553	167.4232	1.938268	3.629454
906	-1641.284	-1808.352	167.0676	1.763107	3.935269
912	-1645.852	-1812.472	166.6194	1.763107	4.190848
918	-1642.851	-1810.023	167.1716	1.829136	3.837695
924	-1656.459	-1824.539	168.0801	2.372399	2.986443
930	-1640.285	-1807.573	167.2878	2.078057	3.626893
936	-1642.131	-1809.365	167.2349	2.053343	3.671863
942	-1655.687	-1822.891	167.2047	2.061937	3.684374
948	-1643.032	-1810.72	167.6886	2.232959	3.302162
954	-1645.974	-1814.031	168.0571	1.941144	3.256925
960	-1645.964	-1813.609	167.6452	2.402377	3.227765
966	-1649.889	-1817.187	167.298	2.322986	3.478438
972	-1650.48	-1817.906	167.4263	2.032238	3.573083
978	-1635.695	-1802.176	166.4817	1.984547	4.143251
984	-1641.924	-1809.354	167.4299	2.419491	3.3446
990	-1639.367	-1806.734	167.3679	2.225497	3.494553
996	-1640.493	-1807.77	167.277	2.303043	3.502324
1002	-1647.802	-1815.477	167.6751	2.541886	3.127195
1008	-1655.587	-1823.041	167.4537	2.529383	3.265841
1014	-1651.575	-1819.078	167.5028	2.302992	3.370244
1020	-1652.716	-1819.798	167.0816	2.195885	3.678123
1026	-1649.355	-1816.394	167.0391	2.129111	3.741237
1032	-1645.326	-1812.865	167.5386	2.129111	3.45113
1038	-1649.741	-1817.152	167.4106	1.971014	3.617774
1044	-1641.133	-1808.161	167.0281	1.979585	3.833709
1050	-1639.927	-1806.946	167.0191	1.979585	3.838872
1056	-1645.698	-1813.316	167.6188	1.979585	3.49161
1062	-1642.98	-1809.634	166.6543	1.834155	4.130623
1068	-1640.327	-1807.598	167.2708	1.834155	3.777716
1074	-1633.092	-1799.962	166.8706	1.81204	4.019973
1080	-1640.72	-1807.084	166.3639	1.789266	4.320766
1086	-1650.735	-1817.115	166.3795	1.57923	4.430516
1092	-1659.537	-1826.512	166.9753	1.897875	3.910922
1098	-1651.379	-1818.725	167.3463	1.880453	3.707428
1104	-1650.928	-1817.558	166.6295	1.910679	4.101212
1110	-1635.228	-1801.726	166.4983	1.636751	4.331003
1116	-1638.135	-1805.014	166.8792	1.461144	4.214761
1122	-1642.601	-1809.175	166.5741	1.734897	4.232524
1128	-1648.963	-1816.416	167.4533	2.047754	3.548352
1134	-1660.543	-1828.279	167.7355	2.138014	3.330456
1140	-1650.56	-1818.379	167.8187	2.023019	3.349151
1146	-1640.693	-1808.198	167.5052	2.155383	3.455298
1152	-1648.117	-1815.927	167.81	2.161903	3.272439
1158	-1647.842	-1814.408	166.5659	2.161903	3.994156
1164	-1660.236	-1826.523	166.2866	2.133148	4.16969
1170	-1654.277	-1821.896	167.619	2.107877	3.416514
1176	-1651.892	-1819.088	167.1958	2.157066	3.634424
1182	-1650.841	-1818.453	167.6116	2.03518	3.463361
1188	-1645.295	-1812.889	167.5937	2.03518	3.473804
1194	-1643.555	-1811.391	167.8359	2.092144	3.298342
1200	-1641.275	-1809.063	167.7886	2.139449	3.298342
1206	-1637.668	-1804.844	167.1761	2.163152	3.642342
1212	-1653.736	-1821.44	167.7039	2.270102	3.271251
1218	-1637.964	-1805.8	167.8359	2.192946	3.238846
1224	-1641.542	-1809.66	168.1181	2.219208	3.05546
1230	-1638.672	-1806.604	167.932	2.587157	2.946341
1236	-1652.655	-1820.475	167.8194	2.587157	3.014011
1242	-1651.767	-1818.871	167.1041	2.587157	3.437346
1248	-1651.323	-1818.707	167.3839	2.587157	3.272962
1254	-1648.551	-1815.99	167.4392	2.393626	3.354387
1260	-1644.679	-1812.084	167.4048	2.430988	3.352598
1266	-1645.861	-1813.438	167.5774	2.19841	3.387842
1272	-1660.859	-1828.306	167.4468	2.065254	3.541965
1278	-1633.847	-1800.827	166.9799	1.751475	3.99211
1284	-1631.956	-1798.348	166.3919	2.071021	4.145136
1290	-1631.08	-1798.151	167.0712	1.852346	3.882065
1296	-1647.016	-1814.426	167.4103	2.095441	3.545649
1302	-1647.97	-1814.908	166.9388	2.154131	3.784658
1308	-1636.859	-1804.038	167.1793	1.762488	3.87156
1314	-1640.9	-1807.647	166.7473	1.890586	4.045528
1320	-1644.121	-1811.07	166.949	1.778577	3.994277
1326	-1646.991	-1814.192	167.2004	2.160426	3.629814
1332	-1640.929	-1808.275	167.3459	2.099857	3.580493
1338	-1641.74	-1808.873	167.1331	1.767316	3.895328
1344	-1649.442	-1816.233	166.7915	1.7774	4.084819
1350	-1646.141	-1813.262	167.1207	1.718591	3.930387
1356	-1645.123	-1812.179	167.0564	1.817331	3.910598
1362	-1639.869	-1805.977	166.108	1.588162	4.57821
1368	-1649.128	-1816.094	166.966	2.070114	3.817368
1374	-1647.694	-1814.859	167.165	2.148181	3.65742
1380	-1641.823	-1808.424	166.6013	1.884691	4.132028
1386	-1642.509	-1809.695	167.1865	1.933483	3.769044
1392	-1640.459	-1807.866	167.407	2.146417	3.517858
1398	-1647.241	-1814.79	167.5495	2.316685	3.334738
1404	-1657.74	-1825.356	167.6158	1.998492	3.482371
1410	-1647.575	-1814.434	166.8585	1.745554	4.064803
1416	-1638.815	-1806.335	167.5202	1.745554	3.684871
1422	-1635.731	-1802.669	166.9378	1.8401	3.965523
1428	-1637.335	-1804.641	167.3061	2.027323	3.645691
1434	-1631.862	-1798.612	166.7497	1.884787	4.047462
1440	-1634.085	-1800.773	166.688	1.946496	4.047462
1446	-1642.732	-1809.69	166.9575	1.895595	3.92243
1452	-1637.57	-1803.574	166.0039	1.571788	4.645763
1458	-1635.66	-1802.498	166.8377	1.82324	4.032359
1464	-1641.941	-1808.779	166.8377	1.82324	4.032359
1470	-1632.47	-1799.5	167.0293	1.695164	3.996045
1476	-1631.532	-1798.788	167.2561	1.855574	3.773869
1482	-1635.858	-1802.72	166.8613	1.93335	3.955925
1488	-1639.089	-1806.064	166.9749	1.783909	3.976408
1494	-1643.324	-1810.096	166.772	1.93685	4.004996
1500	-1634.199	-1801.696	167.4967	2.283787	3.385061
1506	-1647.537	-1814.472	166.9355	1.661329	4.068923
1512	-1648.188	-1815.467	167.2793	1.772649	3.808252
1518	-1645.675	-1812.447	166.7721	1.584969	4.205284
1524	-1640.027	-1806.748	166.7205	1.804956	4.109597
1530	-1640.858	-1807.871	167.0129	1.646284	4.033325
1536	-1649.779	-1815.683	165.9034	1.951059	4.489281
1542	-1638.783	-1805.4	166.6169	1.850583	4.142543
1548	-1640.896	-1808.036	167.1408	2.100236	3.699187
1554	-1639.12	-1806.973	167.8533	2.171976	3.240923
1560	-1643.855	-1811.259	167.4037	2.171976	3.50489
1566	-1634.829	-1802.031	167.2016	1.892785	3.783803
1572	-1637.634	-1804.187	166.5528	1.887605	4.157939
1578	-1637.435	-1804.228	166.793	1.647466	4.157939
1584	-1646.032	-1813.451	167.4192	1.715449	3.760588
1590	-1649.901	-1816.463	166.5618	1.86436	4.166042
1596	-1641.938	-1809.126	167.1879	2.099003	3.672628
1602	-1635.508	-1802.299	166.7911	2.018514	3.947331
1608	-1640.41	-1807.583	167.1727	2.12057	3.668932
1614	-1646.724	-1814	167.2757	2.15094	3.591645
1620	-1655.984	-1822.458	166.4732	1.946749	4.169563
1626	-1641.915	-1808.524	166.6082	1.946749	4.092789
1632	-1635.053	-1802.722	167.6693	1.7981	3.567959
1638	-1646.777	-1814.497	167.7198	1.90452	3.476501
1644	-1635.223	-1802.454	167.2305	2.143802	3.622032
1650	-1626.639	-1794.148	167.5094	2.240885	3.402827
1656	-1632.28	-1799.813	167.5333	2.020029	3.517928
1662	-1636.623	-1804.274	167.6506	2.225433	3.328935
1668	-1639.141	-1806.022	166.8807	2.194829	3.794668
1674	-1650.993	-1818.295	167.3022	2.03564	3.643128
1680	-1649.929	-1817.408	167.4786	1.903686	3.617385
1686	-1645.236	-1812.342	167.1051	1.758594	3.916393
1692	-1635.652	-1802.641	166.9889	1.866233	3.921295
1698	-1642.13	-1808.947	166.8166	1.847008	4.030798
1704	-1632.348	-1799.732	167.3836	1.91113	3.668137
1710	-1639.977	-1808.004	168.0272	2.209794	3.115336
1716	-1638.76	-1806.056	167.296	2.096313	3.611577
1722	-1649.811	-1817.207	167.3958	2.204955	3.490254
1728	-1635.756	-1803.133	167.3775	2.102058	3.560893
1734	-1645.45	-1812.984	167.5337	2.157366	3.437451
1740	-1639.453	-1806.881	167.4278	1.961608	3.61325
1746	-1634.288	-1801.488	167.2	2.236904	3.585687
1752	-1631.374	-1799.006	167.6317	1.888326	3.537316
1758	-1638.004	-1804.884	166.8798	1.814207	4.013484
1764	-1645.311	-1811.954	166.6436	1.863529	4.12
1770	-1641.487	-1808.91	167.4233	1.775526	3.72359
1776	-1645.506	-1812.93	167.4243	1.834002	3.689173
1782	-1641.505	-1808.536	167.0312	2.017054	3.81038
1788	-1633.216	-1800.739	167.5228	2.017054	3.525789
1794	-1629.491	-1797.273	167.7825	1.921724	3.429768
1800	-1629.004	-1795.95	166.9466	1.858831	3.949777
1806	-1625.383	-1792.954	167.5707	2.222795	3.377457
1812	-1633.424	-1800.212	166.788	2.032453	3.941165
1818	-1633.224	-1800.406	167.1823	2.032453	3.714355
1824	-1639.725	-1807.121	167.3961	2.032453	3.590521
1830	-1642.924	-1810.601	167.6766	2.173062	3.344488
1836	-1632.079	-1799.342	167.2636	2.324532	3.497621
1842	-1633.354	-1800.738	167.3842	2.041495	3.592147
1848	-1642.796	-1810.054	167.2584	1.902605	3.745409
1854	-1646.952	-1814.18	167.2282	2.108248	3.643959
1860	-1639.247	-1806.646	167.3996	2.050246	3.57813
1866	-1637.805	-1805.131	167.3258	1.989168	3.656396
1872	-1634.746	-1802.253	167.5066	1.985235	3.553693
1878	-1634.727	-1801.249	166.522	1.985235	4.119933
1884	-1626.556	-1793.145	166.589	1.824158	4.173454
1890	-1631.206	-1797.834	166.6283	1.7848	4.173454
1896	-1628.086	-1795.192	167.1062	1.85296	3.861591
1902	-1632.243	-1798.523	166.2805	1.528061	4.515053
1908	-1643.769	-1809.915	166.1459	1.662701	4.515053
1914	-1650.176	-1817.011	166.8353	2.047831	3.905242
1920	-1643.849	-1811.876	168.0266	2.148791	3.151969
1926	-1650.909	-1818.901	167.9919	2.34399	3.056317
1932	-1656.158	-1823.405	167.2472	2.225267	3.564986
1938	-1642.199	-1808.993	166.7945	1.955209	3.981651
1944	-1645.498	-1813.057	167.5585	1.955209	3.540963
1950	-1646.284	-1813.504	167.2198	1.823435	3.813273
1956	-1654.196	-1821.304	167.1081	1.885195	3.841961
1962	-1644.129	-1810.861	166.7316	2.049	3.963986
1968	-1649.777	-1816.463	166.6859	2.079084	3.97292
1974	-1646.35	-1812.881	166.531	2.121767	4.037029
1980	-1635.771	-1802.371	166.6006	1.897394	4.125208
1986	-1644.263	-1811.534	167.2707	1.988799	3.688496
1992	-1652.022	-1819.355	167.3331	1.988799	3.652377
1998	-1652.075	-1818.669	166.5945	2.170157	3.973108
2004	-1639.261	-1806.355	167.094	2.107145	3.722205
2010	-1650.834	-1818.077	167.2436	2.10476	3.637068
2016	-1649.989	-1816.962	166.9726	1.850004	3.93991
2022	-1660.214	-1827.144	166.9307	1.850004	3.963905
2028	-1647.825	-1814.853	167.0277	1.780745	3.948025
2034	-1649.375	-1815.912	166.5371	1.780745	4.227532
2040	-1641.879	-1808.524	166.6452	1.811169	4.148894
2046	-1638.243	-1805.082	166.8388	1.867775	4.006277
2052	-1637.738	-1804.519	166.7813	1.972474	3.979283
2058	-1641.677	-1809.049	167.3727	1.972474	3.638877
2064	-1637.898	-1804.46	166.562	1.805953	4.199107
2070	-1647.844	-1814.841	166.9963	1.843609	3.930001
2076	-1640.365	-1807.75	167.385	1.905345	3.670661
2082	-1638.65	-1805.793	167.1431	1.879337	3.825231
2088	-1652.641	-1819.677	167.0352	1.760912	3.955082
2094	-1646.391	-1813.556	167.1654	1.733821	3.896003
2100	-1644.637	-1810.91	166.2732	1.769743	4.383069
2106	-1646.692	-1813.684	166.9917	1.769743	3.974912
2112	-1646.017	-1812.784	166.7675	1.806911	4.081678
2118	-1649.522	-1815.78	166.2581	1.742852	4.406738
2124	-1653.645	-1820.278	166.6328	1.521465	4.320132
2130	-1653.187	-1820.548	167.3607	1.746973	3.776181
2136	-1629.729	-1796.683	166.9538	2.033718	3.845285
2142	-1633.961	-1800.807	166.8462	1.836953	4.019672
2148	-1634.506	-1801.911	167.4048	1.967805	3.623009
2154	-1640.332	-1807.569	167.2368	2.123749	3.62998
2160	-1645.993	-1813.634	167.6414	2.154933	3.375761
2166	-1642.433	-1809.859	167.4267	2.09467	3.536531
2172	-1638.542	-1805.556	167.0136	2.016	3.821137
2178	-1637.08	-1804.118	167.0381	2.087069	3.76609
2184	-1634.354	-1801.602	167.2485	2.046544	3.667955
2190	-1634.768	-1801.495	166.7274	1.878769	4.063589
2196	-1655.126	-1822.412	167.286	2.326564	3.483349
2202	-1655.411	-1822.41	166.9995	2.023847	3.824716
2208	-1656.663	-1823.732	167.0695	1.890514	3.861104
2214	-1651.39	-1818.187	166.797	1.82537	4.054355
2220	-1636.591	-1803.495	166.9034	1.718923	4.054355
2226	-1649.831	-1816.89	167.0598	1.837031	3.897378
2232	-1651.032	-1817.356	166.3242	1.447216	4.535935
2238	-1656.163	-1822.674	166.5112	1.921981	4.162067
2244	-1646.991	-1813.364	166.3723	1.909157	4.248148
2250	-1651.397	-1817.999	166.6015	1.88246	4.133181
2256	-1652.792	-1818.602	165.8098	1.603317	4.736739
2262	-1641.666	-1808.451	166.7848	1.603317	4.187674
2268	-1641.992	-1808.57	166.5783	1.838668	4.17127
2274	-1651.084	-1818.263	167.1794	1.536387	4.001033
2280	-1633.547	-1800.503	166.9553	1.822581	3.965493
2286	-1634.439	-1801.552	167.1132	2.306253	3.595792
2292	-1645.113	-1812.175	167.0624	2.093061	3.748579
2298	-1643.665	-1811.06	167.3956	2.184445	3.502355
2304	-1645.063	-1812.512	167.4487	2.131316	3.502355
2310	-1646.827	-1814.339	167.5118	1.994682	3.545213
2316	-1644.891	-1812.19	167.299	2.221865	3.536825
2322	-1649.404	-1817.203	167.7998	2.076998	3.328497
2328	-1642.465	-1810.021	167.556	2.25307	3.368296
2334	-1636.3	-1803.903	167.6033	2.205818	3.368296
2340	-1633.685	-1801.126	167.4415	2.113996	3.516651
2346	-1636.997	-1803.829	166.8321	2.113996	3.8691
2352	-1634.436	-1801.861	167.4252	1.923647	3.636787
2358	-1638.333	-1806.051	167.7181	2.005861	3.418248
2364	-1651.498	-1818.264	166.7658	1.981417	3.98307
2370	-1648.014	-1814.78	166.7658	1.981417	3.98307
2376	-1649.191	-1816.342	167.1514	2.327077	3.561472
2382	-1655.642	-1823.09	167.4477	2.055715	3.546975
2388	-1642.541	-1809.993	167.4517	2.024383	3.562912
2394	-1646.244	-1813.702	167.458	1.976712	3.586915
2400	-1641.379	-1808.177	166.7986	1.736356	4.104171
2406	-1633.529	-1800.305	166.7768	1.75819	4.104171
2412	-1661.6	-1828.77	167.1704	1.731231	3.894653
2418	-1635.732	-1803.451	167.7188	1.981078	3.432298
2424	-1637.905	-1805.364	167.4594	2.164759	3.476615
2430	-1640.072	-1807.567	167.4952	2.068706	3.511753
2436	-1645.147	-1812.687	167.5402	2.051447	3.495569
2442	-1641.034	-1807.716	166.6816	1.993684	4.02415
2448	-1642.927	-1810.355	167.4272	2.13018	3.515555
2454	-1648.232	-1815.336	167.104	2.016804	3.768617
2460	-1641.81	-1809.036	167.2257	1.946863	3.738739
2466	-1645.174	-1812.049	166.8745	1.946863	3.940642
2472	-1647.131	-1814.305	167.1739	1.946863	3.768598
2478	-1640.338	-1807.657	167.3198	1.946863	3.684333
2484	-1647.255	-1813.891	166.6362	1.946863	4.076762
2490	-1652.133	-1819.303	167.1701	1.946863	3.770824
2496	-1633.215	-1800.304	167.0889	2.068044	3.747775
2502	-1647.987	-1814.8	166.8129	2.108217	3.88344
2508	-1649.851	-1817.363	167.5118	2.108217	3.478997
2514	-1650.655	-1817.58	166.9254	2.195364	3.768597
2520	-1631.311	-1798.908	167.5972	2.195364	3.378008
2526	-1643.805	-1810.764	166.9597	2.156071	3.771474
2532	-1648.833	-1815.339	166.5058	1.875566	4.191479
2538	-1641.189	-1807.867	166.6779	1.601793	4.249131
2544	-1648.116	-1814.794	166.6779	1.601793	4.249131
2550	-1652.102	-1819.21	167.1079	2.05421	3.744744
2556	-1636.012	-1803.147	167.1352	2.299518	3.586919
2562	-1642.19	-1809.539	167.3495	2.084513	3.587354
2568	-1636.949	-1804.31	167.3614	2.084513	3.580408
2574	-1638.41	-1805.211	166.8009	1.831672	4.048535
2580	-1636.318	-1803.035	166.7164	1.793762	4.118297
2586	-1637.927	-1805.15	167.2231	1.771361	3.841338
2592	-1638.961	-1805.732	166.7711	1.817426	4.073654
2598	-1653.027	-1819.596	166.5689	1.980589	4.095912
2604	-1653.8	-1820.557	166.7579	1.968358	3.995035
2610	-1648.102	-1815.431	167.3284	2.082957	3.60051
2616	-1644.998	-1811.6	166.6026	1.809039	4.174291
2622	-1636.275	-1802.34	166.0644	1.787129	4.490886
2628	-1640.493	-1807.006	166.5123	1.864398	4.194144
2634	-1637.11	-1803.17	166.06	1.864398	4.449868
2640	-1636.627	-1803.996	167.3688	2.025447	3.610427
2646	-1637.429	-1804.283	166.8542	2.05171	3.892176
2652	-1632.931	-1800.396	167.4647	2.15223	3.480814
2658	-1644.858	-1811.808	166.9499	2.28517	3.702648
2664	-1656.791	-1823.852	167.0616	2.173448	3.702648
2670	-1649.945	-1816.984	167.0388	2.225554	3.685705
2676	-1648.25	-1815.356	167.1061	2.157675	3.686042
2682	-1639.268	-1806.196	166.9274	1.98158	3.890387
2688	-1639.857	-1807.129	167.272	1.786495	3.804456
2694	-1651.184	-1817.649	166.4659	1.779451	4.268622
2700	-1641.099	-1808.016	166.9168	1.74241	4.033324
2706	-1638.829	-1806.309	167.4807	1.795481	3.678834
2712	-1640.765	-1807.707	166.9415	2.020613	3.859932
2718	-1635.294	-1802.446	167.1526	2.020613	3.738383
2724	-1643.748	-1810.983	167.2355	1.992861	3.706492
2730	-1640.359	-1807.283	166.9239	2.30447	3.706492
2736	-1642.011	-1809.048	167.0367	2.138769	3.737038
2742	-1645.613	-1812.906	167.2931	2.191292	3.558048
2748	-1638.378	-1805.822	167.4439	2.230484	3.447228
2754	-1651.391	-1819.059	167.6674	2.006974	3.447228
2760	-1634.955	-1802.449	167.4939	2.059142	3.518078
2766	-1648.604	-1815.563	166.9587	2.30715	3.684845
2772	-1642.787	-1810.665	167.8781	2.021054	3.31534
2778	-1643.617	-1810.942	167.3252	2.181759	3.544939
2784	-1648.425	-1816.012	167.5867	1.961276	3.521023
2790	-1640.134	-1806.742	166.6074	1.899725	4.119997
2796	-1638.787	-1805.696	166.9094	1.899725	3.947655
2802	-1627.262	-1794.863	167.6012	2.079637	3.443479
2808	-1633.445	-1801.394	167.9485	2.044528	3.259988
2814	-1649.637	-1817.441	167.8043	1.865559	3.449863
2820	-1642.191	-1809.74	167.5487	1.966267	3.540238
2826	-1646.458	-1814.308	167.8506	2.348162	3.138068
2832	-1641.756	-1808.898	167.1426	2.255373	3.608292
2838	-1636.706	-1803.956	167.2495	2.255373	3.546157
2844	-1640.804	-1808.343	167.539	2.374033	3.307155
2850	-1638.884	-1806.808	167.924	2.393312	3.067387
2856	-1647.108	-1814.185	167.0774	2.243517	3.652926
2862	-1650.574	-1817.47	166.8968	1.766043	4.031239
2868	-1656.145	-1822.858	166.7127	1.650003	4.202082
2874	-1645.451	-1812.799	167.3484	2.060809	3.601723
2880	-1647.823	-1815.279	167.4561	2.073435	3.531777
2886	-1639.925	-1806.638	166.7134	2.051093	3.973156
2892	-1652.949	-1819.663	166.7134	2.051093	3.973156
2898	-1646.472	-1813.454	166.9825	1.782039	3.973156
2904	-1639.653	-1806.955	167.302	1.767865	3.797921
2910	-1636.123	-1803.19	167.0674	2.03444	3.779506
2916	-1641.772	-1809.61	167.8377	1.983767	3.361019
2922	-1646.232	-1813.461	167.229	2.043373	3.681027
2928	-1639.58	-1806.949	167.3687	2.107632	3.562712
2934	-1645.295	-1813.033	167.7381	2.261541	3.256085
2940	-1650.251	-1817.414	167.163	2.068331	3.704764
2946	-1646.746	-1813.535	166.7889	1.969805	3.97646
2952	-1647.351	-1814.386	167.0356	1.820099	3.920958
2958	-1645.869	-1812.908	167.0389	2.460213	3.549462
2964	-1637.989	-1805.065	167.076	1.899862	3.852025
2970	-1655.735	-1822.737	167.0016	1.974233	3.852025
2976	-1641.007	-1807.943	166.9366	1.892729	3.936053
2982	-1638.104	-1805.907	167.8028	1.862102	3.452764
2988	-1629.704	-1797.164	167.4597	2.026226	3.557184
2994	-1635.08	-1802.984	167.9039	2.026226	3.297126
3000	-1648.64	-1816.153	167.5133	2.137316	3.46116
3006	-1647.957	-1815.341	167.3842	2.266399	3.46116
3012	-1645.382	-1812.863	167.4802	1.989937	3.566345
3018	-1638.726	-1806.023	167.2966	2.146253	3.582223
3024	-1643.556	-1811.057	167.5009	2.051643	3.51834
3030	-1639.202	-1806.688	167.486	2.331128	3.363605
3036	-1643.436	-1810.622	167.1862	2.082454	3.683203
3042	-1641.554	-1808.238	166.6845	1.76855	4.150764
3048	-1638.957	-1806.283	167.3258	1.8026	3.764184
3054	-1648.269	-1815.788	167.5185	1.8026	3.652838
3060	-1639.667	-1806.8	167.1331	2.05925	3.727289
3066	-1647.821	-1814.64	166.8189	1.887544	4.006353
3072	-1651.832	-1820.083	168.2515	2.152379	3.015609
3078	-1643.541	-1811.257	167.7159	2.688012	3.015609
3084	-1645.801	-1813.831	168.0298	2.533257	2.91988
3090	-1635.467	-1803.175	167.7081	1.950529	3.456474
3096	-1642.039	-1809.061	167.0224	1.696821	3.999078
3102	-1638.806	-1805.822	167.0167	1.865038	3.90602
3108	-1639.737	-1806.698	166.9608	1.784899	3.98392
3114	-1642.504	-1809.204	166.7003	2.045396	3.98392
3120	-1658.967	-1825.872	166.9053	1.85733	3.974242
3126	-1639.129	-1806.049	166.9205	1.842177	3.974242
3132	-1642.002	-1808.814	166.8112	1.748393	4.090106
3138	-1644.565	-1811.534	166.9687	2.094058	3.802036
3144	-1648.63	-1815.096	166.4655	1.6668	4.332592
3150	-1635.942	-1802.54	166.5982	1.505552	4.348694
3156	-1644.278	-1811.05	166.7721	1.505552	4.250328
3162	-1650.188	-1815.62	165.4324	1.505552	5.001553
3168	-1638.465	-1805.65	167.1849	1.679817	3.915798
3174	-1637.555	-1804.566	167.0103	1.781872	3.957369
3180	-1645.534	-1812.31	166.7759	1.665883	4.157151
3186	-1655.578	-1822.151	166.5731	1.989998	4.08815
3192	-1641.149	-1808.355	167.2059	1.923063	3.763865
3198	-1638.518	-1805.522	167.0036	1.957807	3.860326
3204	-1644.818	-1812.775	167.9569	1.970601	3.298635
3210	-1639.803	-1806.787	166.9839	1.970601	3.864257
3216	-1639.306	-1805.844	166.5382	1.684068	4.281702
3222	-1640.961	-1807.835	166.8748	1.855066	3.992959
3228	-1638.098	-1804.618	166.5201	2.05331	4.082263
3234	-1639.234	-1805.789	166.5544	1.570544	4.336752
3240	-1646.575	-1813.324	166.7493	2.135639	3.904191
3246	-1635.74	-1802.858	167.1175	1.887913	3.835023
3252	-1645.76	-1812.431	166.6704	1.912374	4.07692
3258	-1631.185	-1798.074	166.8897	1.912374	3.951663
3264	-1633.186	-1800.072	166.8858	1.916291	3.951663
3270	-1635.889	-1802.752	166.8631	2.117473	3.849307
3276	-1639.199	-1806.721	167.5224	2.117473	3.467405
3282	-1641.07	-1808.327	167.2575	1.891909	3.75207
3288	-1641.791	-1808.358	166.5673	1.728406	4.240104
3294	-1649.182	-1816.2	167.018	1.765911	3.96207
3300	-1645.229	-1812.11	166.8809	1.765911	4.04039
3306	-1647.659	-1814.279	166.6205	1.809428	4.163898
3312	-1640.688	-1807.908	167.22	2.242379	3.570859
3318	-1639.81	-1807.017	167.2072	2.320935	3.532585
3324	-1638.521	-1805.694	167.1731	2.326386	3.549277
3330	-1636.435	-1803.092	166.6563	1.950287	4.063359
3336	-1631.515	-1797.824	166.3091	1.636255	4.438049
3342	-1629.695	-1796.796	167.1012	1.882773	3.847326
3348	-1634.504	-1801.941	167.4365	2.136395	3.506507
3354	-1629.75	-1797.35	167.6004	2.382104	3.266229
3360	-1632.409	-1799.232	166.8229	1.946631	3.970308
3366	-1643.095	-1810.149	167.0548	2.063166	3.770203
3372	-1651.154	-1818.273	167.1189	1.854443	3.85343
3378	-1648.236	-1815.316	167.0795	2.102757	3.733134
3384	-1653.468	-1820.738	167.2705	1.911779	3.733134
3390	-1654.176	-1821.335	167.1589	2.023403	3.733134
3396	-1663.365	-1830.898	167.5328	2.371263	3.312449
3402	-1651.632	-1818.77	167.1383	1.974693	3.773095
3408	-1642.997	-1810.063	167.0661	2.0469	3.773095
3414	-1645.149	-1812.913	167.7637	2.202133	3.276044
3420	-1644.729	-1811.425	166.6961	2.067425	3.973735
3426	-1644.035	-1811.382	167.3469	2.067425	3.598795
3432	-1654.009	-1821.254	167.2453	2.225079	3.566175
3438	-1649.228	-1816.487	167.2588	2.179381	3.584943
3444	-1645.986	-1813.353	167.3668	2.179381	3.522065
3450	-1651.836	-1818.834	166.9976	2.202188	3.723038
3456	-1651.393	-1818.896	167.5027	2.246624	3.403363
3462	-1651.509	-1818.301	166.7915	1.847259	4.045005
3468	-1649.238	-1816.063	166.8249	1.837175	4.031722
3474	-1659.125	-1825.84	166.7153	1.900967	4.057845
3480	-1640.43	-1808.007	167.5775	1.900967	3.561498
3486	-1643.511	-1810.681	167.1697	2.187916	3.631668
3492	-1650.057	-1817.201	167.1448	1.667719	3.945697
3498	-1654.072	-1821.638	167.5661	2.008761	3.505339
3504	-1647.958	-1814.843	166.8843	2.008761	3.899512
3510	-1649.401	-1816.521	167.12	1.733802	3.922027
3516	-1649.998	-1816.442	166.4436	1.686873	4.333613
3522	-1646.236	-1813.051	166.8147	1.733289	4.096717
3528	-1645.701	-1812.379	166.678	1.662472	4.214688
3534	-1642.955	-1809.8	166.845	1.940129	3.961381
3540	-1637.372	-1804.758	167.3862	2.067492	3.575919
3546	-1649.645	-1816.909	167.2646	2.198658	3.570372
3552	-1639.183	-1806.851	167.6683	2.099928	3.392264
3558	-1636.73	-1804.565	167.8351	2.266533	3.195748
3564	-1647.724	-1815.073	167.3489	2.266533	3.481664
3570	-1652.24	-1819.286	167.0457	2.087918	3.761217
3576	-1658.286	-1825.647	167.3606	1.983289	3.639651
3582	-1649.197	-1816.251	167.0541	2.101995	3.748223
3588	-1649.536	-1816.004	166.4678	1.979594	4.15397
3594	-1647.508	-1813.993	166.4849	1.951674	4.160123
3600	-1645.105	-1811.625	166.5207	1.915868	4.160123
3606	-1638.461	-1805.13	166.6691	1.832159	4.12333
3612	-1642.457	-1809.265	166.8074	1.835472	4.042646
3618	-1648.67	-1815.105	166.4356	1.82962	4.257353
3624	-1651.315	-1818.111	166.7962	1.936915	3.991102
3630	-1636.082	-1803.157	167.075	1.936915	3.831287
3636	-1637.369	-1804.548	167.179	1.864735	3.812991
3642	-1649.006	-1816.065	167.0585	1.960229	3.827345
3648	-1656.707	-1823.392	166.6847	1.909489	4.070418
3654	-1649.446	-1816.437	166.991	1.909489	3.895282
3660	-1647.011	-1813.512	166.5016	2.000128	4.123062
3666	-1647.93	-1815.135	167.2054	1.938541	3.755272
3672	-1652.855	-1819.704	166.8496	1.75813	4.062729
3678	-1668.119	-1835.031	166.9117	1.775329	4.017439
3684	-1650.752	-1817.769	167.0165	1.910599	3.880035
3690	-1644.026	-1811.025	166.9991	1.927944	3.880035
3696	-1656.148	-1822.733	166.5854	2.01521	4.066765
3702	-1646.873	-1813.403	166.5297	1.455417	4.415671
3708	-1642.004	-1808.261	166.2572	1.7692	4.392388
3714	-1635.285	-1802.04	166.7557	1.584478	4.214851
3720	-1633.61	-1800.854	167.2441	1.91787	3.744819
3726	-1641.759	-1808.596	166.8369	1.91787	3.97876
3732	-1647.36	-1814.995	167.6354	2.21683	3.342983
3738	-1647.668	-1814.936	167.2677	2.339398	3.486565
3744	-1637.322	-1804.905	167.5827	2.130744	3.424369
3750	-1635.302	-1802.955	167.6534	2.120775	3.38879
3756	-1643.893	-1811.353	167.4601	2.277426	3.410247
3762	-1637.347	-1804.814	167.4675	2.270099	3.410247
3768	-1638.467	-1805.682	167.2142	1.992391	3.719089
3774	-1637.789	-1805.049	167.2592	1.964455	3.70922
3780	-1641.223	-1808.385	167.1621	1.964455	3.765286
3786	-1637.536	-1804.698	167.1621	1.964455	3.765286
3792	-1632.997	-1800.142	167.1445	1.873581	3.827711
3798	-1634.925	-1802.06	167.1353	1.990472	3.765725
3804	-1649.709	-1816.896	167.187	2.125826	3.657659
3810	-1649.002	-1816.14	167.1382	2.067447	3.719629
3816	-1652.833	-1819.827	166.9935	2.074508	3.798986
3822	-1647.537	-1814.739	167.2013	2.100608	3.663961
3828	-1663.995	-1830.516	166.5205	2.05516	4.080975
3834	-1650.287	-1817.275	166.9886	2.050969	3.815384
3840	-1636.61	-1803.589	166.9793	1.986828	3.857599
3846	-1652.108	-1818.918	166.8102	2.155974	3.857599
3852	-1649.271	-1816.157	166.8868	2.155974	3.813516
3858	-1654.376	-1821.141	166.7655	1.680871	4.154582
3864	-1652.634	-1819.848	167.2144	1.913733	3.764377
3870	-1648.598	-1815.136	166.5373	1.689375	4.279189
3876	-1641.844	-1808.167	166.3229	1.903734	4.279189
3882	-1659.669	-1826.467	166.7977	2.173769	3.854538
3888	-1643.751	-1811.143	167.3914	2.173769	3.510989
3894	-1641.947	-1809.176	167.2285	2.195354	3.59323
3900	-1656.573	-1824.084	167.5101	2.264173	3.388724
3906	-1652.082	-1819.58	167.4978	2.276507	3.388724
3912	-1656.06	-1823.492	167.432	2.276507	3.427284
3918	-1660.208	-1827.492	167.2839	2.372893	3.457503
3924	-1659.146	-1826.096	166.9504	2.047103	3.83958
3930	-1639.11	-1805.821	166.7107	1.70982	4.169232
3936	-1638.488	-1804.938	166.4496	1.922247	4.196874
3942	-1632.5	-1799.942	167.4422	2.068114	3.542971
3948	-1645.018	-1812.538	167.5205	1.922461	3.582145
3954	-1632.045	-1799.126	167.0805	1.897981	3.850481
3960	-1639.313	-1806.903	167.5902	1.900656	3.554309
3966	-1640.312	-1807.437	167.125	1.940777	3.800317
3972	-1646.515	-1813.691	167.1754	1.940777	3.771261
3978	-1632.12	-1798.547	166.427	1.801157	4.278364
3984	-1640.42	-1806.517	166.0971	1.756203	4.48992
3990	-1639.603	-1806.705	167.1018	2.1202	3.710156
3996	-1635.209	-1802.42	167.2108	1.906234	3.770773
4002	-1643.551	-1811.5	167.9482	2.060109	3.250967
4008	-1647.21	-1814.266	167.0562	2.097802	3.74943
4014	-1645.6	-1812.911	167.3107	2.069153	3.618789
4020	-1650.903	-1818.229	167.3258	2.13593	3.571259
4026	-1643.931	-1811.502	167.5712	1.890512	3.571259
4032	-1645.017	-1811.928	166.9104	2.259319	3.740354
4038	-1654.961	-1822.172	167.2113	1.95846	3.740354
4044	-1643.169	-1810.236	167.0674	1.95846	3.823271
4050	-1634.531	-1801.365	166.8337	1.798637	4.048646
4056	-1644.363	-1810.56	166.1975	1.659628	4.487776
4062	-1659.613	-1825.802	166.1895	1.94182	4.333139
4068	-1645.264	-1812.146	166.882	1.935204	3.943025
4074	-1643.266	-1809.68	166.4132	1.873897	4.244981
4080	-1636.178	-1803.092	166.914	1.783227	4.011652
4086	-1644.335	-1810.753	166.4177	1.783227	4.293747
4092	-1649.68	-1816.406	166.7266	2.025712	3.980155
4098	-1643.098	-1809.904	166.8064	1.812445	4.056383
4104	-1632.293	-1799.516	167.2224	1.853607	3.794426
4110	-1649.359	-1816.232	166.8722	2.12376	3.840444
4116	-1633.595	-1800.488	166.8927	1.938322	3.935103
4122	-1644.902	-1812.586	167.6836	1.902644	3.498696
4128	-1637.268	-1804.631	167.3631	2.221838	3.49948
4134	-1631.474	-1798.418	166.9442	2.221838	3.742519
4140	-1632.952	-1800.29	167.3377	2.017343	3.63318
4146	-1636.432	-1803.99	167.5581	1.939722	3.550239
4152	-1646.369	-1813.612	167.2435	2.560935	3.371045
4158	-1642.473	-1809.21	166.7377	2.097772	3.932549
4164	-1649.583	-1815.795	166.2117	1.644362	4.48835
4170	-1643.968	-1810.202	166.2345	1.691778	4.448801
4176	-1634.636	-1801.297	166.6616	1.997243	4.033545
4182	-1642.011	-1809.041	167.0306	1.867537	3.896635
4188	-1627.077	-1794.352	167.2747	1.867537	3.756238
4194	-1621.517	-1788.957	167.44	2.014215	3.575599
4200	-1630.622	-1797.905	167.2823	2.446839	3.415216
4206	-1636.738	-1804.476	167.7384	2.347851	3.204863
4212	-1633.734	-1800.315	166.5809	2.157761	3.98797
4218	-1635.744	-1802.45	166.7051	1.762484	4.142473
4224	-1635.972	-1802.502	166.5295	1.714477	4.269385
4230	-1640.502	-1807.054	166.5521	1.733558	4.245768
4236	-1658.663	-1825.677	167.0143	2.004339	3.827437
4242	-1647.683	-1814.54	166.8569	1.811889	4.027865
4248	-1642.184	-1808.487	166.3034	1.766753	4.36769
4254	-1655.948	-1822.365	166.4161	1.604527	4.395642
4260	-1641.756	-1807.8	166.0439	1.693526	4.555044
4266	-1642.064	-1808.706	166.6422	1.673756	4.228624
4272	-1662.891	-1830.249	167.3579	2.021331	3.619118
4278	-1656.014	-1823.453	167.4394	1.939869	3.619118
4284	-1660.019	-1827.365	167.3463	2.034993	3.617944
4290	-1668.71	-1835.42	166.7099	1.964613	4.024575
4296	-1660.269	-1827.704	167.4342	2.003781	3.585008
4302	-1640.076	-1807.51	167.4342	2.003781	3.585008
4308	-1643.03	-1809.866	166.8356	1.735072	4.083822
4314	-1643.753	-1809.953	166.2	1.735072	4.443856
4320	-1663.301	-1829.283	165.982	1.706423	4.582548
4326	-1647	-1813.486	166.4865	1.744148	4.276939
4332	-1647.338	-1814.375	167.0371	1.746856	3.962044
4338	-1643.76	-1810.71	166.9501	1.888071	3.930974
4344	-1643.648	-1810.709	167.0606	2.097418	3.747117
4350	-1657.41	-1824.048	166.6381	1.848724	4.131576
4356	-1644.674	-1811.944	167.2703	1.98904	3.688588
4362	-1638.074	-1805.492	167.4187	2.154509	3.506299
4368	-1639.056	-1806.328	167.2711	2.302174	3.506299
4374	-1638.002	-1805.971	167.9687	2.302174	3.09514
4380	-1655.147	-1822.359	167.2119	2.332902	3.522873
4386	-1642.139	-1809.606	167.4669	1.813765	3.676246
4392	-1642.564	-1809.552	166.9885	2.092871	3.791313
4398	-1630.808	-1798.455	167.6467	2.092871	3.409055
4404	-1638.908	-1806.54	167.6324	2.092871	3.41743
4410	-1639.601	-1806.907	167.3061	1.838454	3.75492
4416	-1627.797	-1795.07	167.273	2.038825	3.658245
4422	-1635.244	-1802.947	167.7036	2.323768	3.239723
4428	-1637.041	-1804.757	167.7155	2.311807	3.239723
4434	-1647.517	-1814.778	167.2609	2.133021	3.610635
4440	-1651.884	-1819.62	167.736	2.483102	3.125939
4446	-1655.064	-1822.26	167.1954	2.483102	3.444833
4452	-1639.791	-1806.641	166.8498	1.90869	3.976591
4458	-1641.931	-1809.042	167.1112	1.968595	3.79223
4464	-1636.887	-1803.973	167.0857	2.100301	3.730949
4470	-1633.631	-1801.091	167.4602	2.100301	3.513747
4476	-1634.715	-1801.936	167.2216	2.142005	3.628207
4482	-1632.079	-1798.793	166.7145	1.95033	4.030101
4488	-1649.099	-1816.178	167.0798	1.95033	3.820833
4494	-1645.721	-1813.215	167.4934	1.95033	3.581679
4500	-1635.1	-1802.606	167.506	1.862623	3.625304
4506	-1625.477	-1793.002	167.5248	2.0781	3.488994
4512	-1632.981	-1799.696	166.7146	1.908872	4.053703
4518	-1653.627	-1821.259	167.6322	1.926824	3.514562
4524	-1639.08	-1806.54	167.4601	2.102294	3.512616
4530	-1669.201	-1836.531	167.3308	2.349253	3.443927
4536	-1652.791	-1819.653	166.862	2.103203	3.858159
4542	-1652.733	-1819.642	166.9085	1.863721	3.968761
4548	-1644.878	-1812.034	167.1565	1.955482	3.773698
4554	-1650.037	-1817.237	167.2003	1.955482	3.748407
4560	-1649.775	-1817.199	167.4233	2.450168	3.330438
4566	-1625.251	-1792.631	167.3802	2.333711	3.424109
4572	-1649.905	-1816.63	166.7253	1.897199	4.054295
4578	-1635.899	-1802.037	166.1384	1.58684	4.561862
4584	-1636.054	-1803.217	167.1637	1.935045	3.781307
4590	-1637.336	-1804.747	167.4119	2.053392	3.569187
4596	-1634.914	-1802.122	167.2077	2.378216	3.498932
4602	-1634.753	-1801.798	167.0446	2.04478	3.786682
4608	-1629.349	-1796.949	167.5999	2.04478	3.464629
4614	-1625.88	-1793.233	167.3532	1.779918	3.761462
4620	-1640.316	-1806.934	166.618	1.611499	4.277563
4626	-1640.656	-1807.561	166.9051	1.656789	4.088841
4632	-1652.102	-1819.2	167.0986	1.845038	3.870519
4638	-1654.436	-1821.579	167.1428	2.050623	3.726698
4644	-1640.566	-1808.148	167.5822	1.971989	3.517435
4650	-1650.438	-1817.564	167.1254	2.158638	3.674303
4656	-1635.205	-1802.614	167.4086	2.002589	3.600581
4662	-1636.143	-1804.05	167.9072	2.319506	3.121456
4668	-1643.931	-1811.258	167.3267	2.079192	3.603688
4674	-1652.041	-1819.553	167.5117	2.080385	3.495306
4680	-1645.237	-1812.727	167.4903	1.984484	3.563638
4686	-1644.92	-1812.387	167.4669	1.879041	3.638475
4692	-1647.431	-1814.166	166.735	1.524638	4.260536
4698	-1636.721	-1803.93	167.2092	1.871925	3.791456
4704	-1649.696	-1816.409	166.7135	1.945503	4.033424
4710	-1640.173	-1807.606	167.4333	2.315845	3.403458
4716	-1643.353	-1810.714	167.3606	2.359665	3.420412
4722	-1646.859	-1814.101	167.2416	2.430281	3.448715
4728	-1642.573	-1809.585	167.0118	1.904057	3.886482
4734	-1655.737	-1822.469	166.7314	2.184455	3.886482
4740	-1652.89	-1819.71	166.8201	1.970811	3.958054
4746	-1646.621	-1814.113	167.492	2.143593	3.469924
4752	-1647.727	-1815.324	167.5964	2.039167	3.469924
4758	-1645.162	-1812.148	166.986	2.193309	3.734857
4764	-1672.721	-1839.811	167.0899	2.025845	3.77148
4770	-1667.275	-1834.227	166.9523	1.986508	3.873298
4776	-1657.121	-1823.993	166.8723	2.178121	3.809154
4782	-1644.486	-1811.803	167.3178	2.324028	3.466275
4788	-1643.525	-1810.779	167.2543	2.324028	3.503323
4794	-1641.357	-1808.687	167.3304	2.2479	3.503323
4800	-1640.268	-1807.708	167.44	2.138345	3.503323
4806	-1643.776	-1810.966	167.1904	2.058171	3.694836
4812	-1647.885	-1815.419	167.5331	2.305774	3.350812
4818	-1651.933	-1819.468	167.5347	2.508644	3.230252
4824	-1647.546	-1815.102	167.5562	2.492386	3.227147
4830	-1653.974	-1821.111	167.1368	2.412208	3.520408
4836	-1661.175	-1828.609	167.4346	1.989823	3.592935
4842	-1666.786	-1834.455	167.6693	2.091462	3.396683
4848	-1651.081	-1818.584	167.503	2.091462	3.493896
4854	-1648.65	-1815.984	167.3348	1.838161	3.73849
4860	-1649.654	-1816.352	166.6978	2.089057	3.960381
4866	-1646.1	-1813.539	167.4388	2.323258	3.395922
4872	-1645.912	-1813.397	167.4847	2.27729	3.395922
4878	-1642.288	-1809.714	167.4263	2.27729	3.430165
4884	-1643.989	-1811.527	167.538	2.149301	3.4397
4890	-1648.748	-1816.02	167.2716	1.989666	3.687453
4896	-1636.775	-1803.901	167.126	1.954766	3.791648
4902	-1651.587	-1818.983	167.3957	2.206659	3.48934
4908	-1647.544	-1814.705	167.1611	2.219305	3.618457
4914	-1634.235	-1801.084	166.8494	2.069772	3.884571
4920	-1644.979	-1812.362	167.3828	2.007324	3.612822
4926	-1646.985	-1814.2	167.2151	2.007324	3.709921
4932	-1660.479	-1827.129	166.6501	2.007324	4.034356
4938	-1650.683	-1817.511	166.8278	2.252619	3.791885
4944	-1651.91	-1819.358	167.4477	2.265227	3.424679
4950	-1643.371	-1811.373	168.0019	2.300383	3.076374
4956	-1646.317	-1813.129	166.8122	2.04609	3.919498
4962	-1646.727	-1813.911	167.1837	2.060033	3.697633
4968	-1651.786	-1818.936	167.1503	2.342284	3.553273
4974	-1656.152	-1823.552	167.3994	2.23567	3.47024
4980	-1657.825	-1825.129	167.304	2.276943	3.501833
4986	-1642.887	-1809.733	166.8463	1.887305	3.990855
4992	-1645.081	-1812.846	167.7651	2.163654	3.297922
4998	-1639.191	-1806.918	167.7265	2.232488	3.280063
5004	-1639.933	-1807.312	167.3786	2.129336	3.544349
5010	-1628.589	-1795.708	167.1191	2.261348	3.618456
5016	-1638.799	-1806.065	167.2667	1.89941	3.742454
5022	-1639.042	-1806.515	167.473	2.052003	3.53444
5028	-1633.147	-1800.12	166.9729	2.234344	3.718703
5034	-1634.983	-1802.529	167.5457	2.234344	3.385364
5040	-1639.728	-1806.745	167.0162	2.301133	3.655035
5046	-1642.142	-1809.1	166.9573	1.787805	3.984284
5052	-1646.575	-1813.282	166.7068	1.834429	4.100577
5058	-1640.377	-1807.9	167.5234	2.059102	3.500875
5064	-1641.681	-1809.271	167.5902	2.346296	3.293328
5070	-1643.437	-1811.034	167.5969	2.053946	3.461025
5076	-1647.18	-1814.113	166.9336	1.841705	3.966996
5082	-1648.279	-1814.637	166.358	1.785465	4.326275
5088	-1650.911	-1817.144	166.2331	1.747281	4.418304
5094	-1648.901	-1815.654	166.7533	1.907429	4.032476
5100	-1650.783	-1818.132	167.3491	1.907429	3.690221
5106	-1659.452	-1826.589	167.1373	1.968839	3.777028
5112	-1658.764	-1825.733	166.9695	1.949761	3.884508
5118	-1648.151	-1815.075	166.9246	1.888306	3.945499
5124	-1663.392	-1830.098	166.7061	1.888306	4.070288
5130	-1657.114	-1824.003	166.8889	1.888306	3.965902
5136	-1657.095	-1824.102	167.0069	1.543814	4.095204
5142	-1642.717	-1810.113	167.3968	1.680029	3.793938
5148	-1649.129	-1816.317	167.1881	1.888698	3.793938
5154	-1633.637	-1800.178	166.5402	2.073005	4.059565
5160	-1633.965	-1801.497	167.5319	2.305207	3.351871
5166	-1652.148	-1819.771	167.6236	1.865702	3.555208
5172	-1651.376	-1818.826	167.4501	2.039176	3.555208
5178	-1648.834	-1816.013	167.1793	1.947961	3.764852
5184	-1646.983	-1813.909	166.9265	1.857275	3.962142
5190	-1645.658	-1812.893	167.2348	1.907392	3.756272
5196	-1645.745	-1813.13	167.3852	1.876311	3.687328
5202	-1644.742	-1811.302	166.5595	1.915188	4.138474
5208	-1646.599	-1814.124	167.5245	1.915188	3.584053
5214	-1640.895	-1807.479	166.5845	1.961335	4.097959
5220	-1641.94	-1808.907	166.967	2.024093	3.843271
5226	-1645.033	-1812.166	167.1336	1.89865	3.819576
5232	-1637.358	-1804.675	167.3165	2.215207	3.530493
5238	-1641.663	-1809.133	167.47	2.232833	3.430584
5244	-1655.098	-1823.01	167.9114	2.460432	3.034783
5250	-1641.828	-1809.266	167.438	1.912671	3.635724
5256	-1644.108	-1811.676	167.5687	2.170181	3.4095
5262	-1649.59	-1817.402	167.8122	2.236358	3.227155
5268	-1654.914	-1822.648	167.734	2.259537	3.259694
5274	-1647.685	-1814.403	166.718	2.143727	3.917502
5280	-1646.726	-1814.694	167.9683	2.17165	3.172981
5286	-1638.705	-1805.957	167.2516	2.17165	3.593565
5292	-1636.608	-1803.543	166.9348	1.968758	3.893513
5298	-1652.031	-1818.896	166.8649	1.92284	3.959866
5304	-1642.371	-1808.836	166.4641	1.838728	4.236034
5310	-1639.249	-1805.729	166.4803	1.822516	4.236034
5316	-1639.235	-1806.484	167.249	2.142239	3.612169
5322	-1640.692	-1808.157	167.4654	1.925864	3.612169
5328	-1637.2	-1804.447	167.2472	2.039364	3.672867
5334	-1640.253	-1807.5	167.2472	2.039364	3.672867
5340	-1634.038	-1801.531	167.4931	2.034074	3.533136
5346	-1637.118	-1804.697	167.5789	1.948292	3.533136
5352	-1650.45	-1817.924	167.4734	2.064202	3.527068
5358	-1645.399	-1812.52	167.1211	1.877472	3.838938
5364	-1648.224	-1815.56	167.3357	2.317434	3.459649
5370	-1643.622	-1811.422	167.8	2.36664	3.157176
5376	-1635.015	-1802.091	167.0762	1.892525	3.856097
5382	-1636.884	-1803.854	166.9697	1.920102	3.901392
5388	-1656.292	-1823.621	167.3291	1.873757	3.72127
5394	-1638.021	-1805.119	167.0975	2.105283	3.72127
5400	-1639.964	-1806.951	166.9868	1.867921	3.921521
5406	-1633.74	-1800.662	166.9215	1.933202	3.921521
5412	-1638.661	-1805.693	167.0323	1.943286	3.852156
5418	-1640.671	-1807.689	167.0184	1.681631	4.010018
5424	-1649.663	-1816.679	167.016	1.901958	3.885278
5430	-1651.046	-1818.53	167.4843	1.896099	3.618477
5436	-1643.751	-1810.949	167.1977	2.182716	3.618477
5442	-1642.937	-1810.006	167.069	2.182716	3.69302
5448	-1643.957	-1810.769	166.812	1.812679	4.053015
5454	-1651.122	-1818.175	167.053	2.010585	3.801543
5460	-1648.974	-1816.062	167.0875	2.083912	3.739421
5466	-1645.188	-1812.278	167.0893	2.02283	3.773589
5472	-1648.5	-1816.156	167.6565	2.165435	3.360772
5478	-1643.686	-1811.115	167.4287	1.987468	3.597717
5484	-1647.311	-1814.776	167.4651	2.014595	3.560803
5490	-1648.385	-1815.312	166.9273	2.201368	3.764027
5496	-1646.197	-1814.021	167.8242	2.072455	3.316822
5502	-1653.873	-1820.802	166.9282	2.072455	3.837736
5508	-1648.993	-1816.082	167.0889	2.160477	3.69436
5514	-1649.93	-1817.391	167.4612	2.545986	3.251605
5520	-1640.085	-1807.047	166.9615	1.774561	3.989417
5526	-1633.493	-1800.278	166.7854	1.954195	3.987437
5532	-1640.615	-1807.824	167.209	2.158243	3.626085
5538	-1645.971	-1812.733	166.7619	2.18256	3.870069
5544	-1651.036	-1818.316	167.2798	1.879131	3.746578
5550	-1641.825	-1808.791	166.9665	1.879131	3.926751
5556	-1640.885	-1807.279	166.3936	1.679283	4.366166
5562	-1633.741	-1800.68	166.939	2.284803	3.709167
5568	-1641.641	-1809.026	167.3847	1.962926	3.6375
5574	-1638.919	-1806.449	167.5307	1.883383	3.598939
5580	-1654.092	-1821.079	166.9875	2.005193	3.842315
5586	-1658.813	-1826.751	167.9375	2.32464	3.100321
5592	-1646.508	-1814.266	167.7577	2.180704	3.292234
5598	-1639.122	-1806.344	167.2225	2.293219	3.539809
5604	-1638.668	-1805.807	167.139	1.911869	3.808874
5610	-1643.223	-1809.88	166.6576	1.933282	4.072277
5616	-1648.678	-1814.975	166.2966	1.699508	4.40944
5622	-1650.108	-1817.285	167.1772	2.180216	3.631812
5628	-1638.827	-1806.132	167.3051	1.994471	3.665327
5634	-1659.12	-1825.701	166.5802	1.801822	4.191111
5640	-1650.398	-1817.018	166.6205	2.192196	3.945592
5646	-1644.767	-1811.506	166.7385	1.959945	4.01095
5652	-1651.72	-1817.886	166.1654	1.927205	4.354981
5658	-1660.566	-1826.686	166.1191	1.826131	4.438125
5664	-1650.818	-1817.401	166.5828	1.619397	4.293067
5670	-1650.349	-1816.814	166.465	1.565754	4.389943
5676	-1646.44	-1812.655	166.2154	1.569842	4.528192
5682	-1647.495	-1813.99	166.4945	1.490323	4.415834
5688	-1642.387	-1809.233	166.8455	1.71388	4.090254
5694	-1642.489	-1809.188	166.6989	1.860526	4.090254
5700	-1638.765	-1805.89	167.1249	2.048941	3.738005
5706	-1646.151	-1813.214	167.0637	1.958565	3.825311
5712	-1639.23	-1805.912	166.6817	1.84924	4.106452
5718	-1630.696	-1797.973	167.277	1.84924	3.765482
5724	-1626.025	-1793.164	167.1384	1.606087	3.984609
5730	-1640.185	-1806.906	166.7214	1.689949	4.174445
5736	-1646.537	-1813.435	166.8983	1.986414	3.904302
5742	-1651.821	-1818.72	166.8987	1.873404	3.968823
5748	-1647.132	-1814.174	167.0422	1.889235	3.877548
5754	-1644.768	-1812.202	167.4332	1.801906	3.702636
5760	-1641.895	-1809.34	167.4457	2.196393	3.466084
5766	-1643.725	-1811.361	167.636	2.206427	3.348697
5772	-1648.146	-1815.981	167.8344	2.230372	3.21755
5778	-1641.151	-1808.768	167.6167	2.230372	3.346001
5784	-1652.749	-1819.958	167.2084	2.155206	3.628187
5790	-1656.663	-1823.596	166.9329	2.395957	3.648355
5796	-1649.846	-1817.782	167.9362	2.395957	3.058556
5802	-1639.059	-1806.506	167.4477	2.293107	3.40834
5808	-1634.077	-1801.952	167.8748	2.473924	3.048612
5814	-1642.148	-1809.259	167.1101	2.705945	3.364204
5820	-1663.404	-1830.821	167.4165	2.393646	3.367684
5826	-1667.646	-1835.014	167.368	2.121713	3.55495
5832	-1651.948	-1819.754	167.8063	2.187747	3.259386
5838	-1658.761	-1825.481	166.72	1.821059	4.100682
5844	-1649.128	-1815.523	166.3946	1.707859	4.349424
5850	-1655.709	-1822.527	166.8189	2.065565	3.904472
5856	-1654.029	-1820.935	166.906	1.978428	3.904472
5862	-1639.894	-1807.024	167.1295	1.956603	3.788561
5868	-1650.148	-1817.359	167.2111	2.040718	3.692932
5874	-1634.986	-1802.49	167.504	2.044964	3.520451
5880	-1640.101	-1807.387	167.2863	2.129442	3.597957
5886	-1644.879	-1812.433	167.5542	2.196254	3.402694
5892	-1649.498	-1816.762	167.2631	2.134671	3.608394
5898	-1639.406	-1807.025	167.6187	2.059202	3.445177
5904	-1634.797	-1801.985	167.1883	2.059202	3.695415
5910	-1650.06	-1817.237	167.1775	2.07008	3.695415
5916	-1647.764	-1814.407	166.6423	1.914628	4.09163
5922	-1638.546	-1806.118	167.5723	2.121053	3.436135
5928	-1639.225	-1806.673	167.4484	2.04581	3.552317
5934	-1648.738	-1816.16	167.4216	2.072686	3.552317
5940	-1661.603	-1827.895	166.2919	2.096914	4.187235
5946	-1645.685	-1813.212	167.527	2.096914	3.476725
5952	-1644.181	-1811.297	167.1154	2.096914	3.715807
5958	-1651.91	-1818.413	166.5034	1.783615	4.245
5964	-1645.542	-1812.172	166.6298	1.828179	4.147977
5970	-1651.255	-1817.96	166.705	1.802548	4.119781
5976	-1645.088	-1812.049	166.9605	1.802548	3.974
5982	-1627.999	-1795.26	167.2611	2.094278	3.632991
5988	-1642.884	-1810.166	167.282	1.948331	3.705389
5994	-1644.255	-1811.412	167.1565	2.073771	3.705389
6000	-1642.343	-1809.027	166.6836	2.03982	3.996641
6006	-1637.661	-1804.784	167.1235	1.866012	3.844181
6012	-1646.158	-1812.927	166.7692	1.989926	3.976275
6018	-1644.607	-1810.802	166.1948	1.927945	4.33798
6024	-1640.777	-1807.761	166.9839	1.853865	3.931251
6030	-1641.427	-1808.127	166.6995	2.058806	3.976722
6036	-1643.618	-1810.982	167.364	1.754011	3.770182
6042	-1647.388	-1814.533	167.1452	1.753552	3.896298
6048	-1642.51	-1809.655	167.1452	1.753552	3.896298
6054	-1648.901	-1815.531	166.6306	1.787972	4.170345
6060	-1653.26	-1819.804	166.5439	1.73892	4.247363
6066	-1631.857	-1799.203	167.3458	2.05592	3.606117
6072	-1639.794	-1807.307	167.513	2.065401	3.503266
6078	-1642.468	-1810.045	167.5776	2.489563	3.216149
6084	-1631.016	-1798.376	167.3598	1.819708	3.734749
6090	-1633.401	-1800.501	167.0999	1.945247	3.812158
6096	-1639.355	-1806.876	167.5215	1.797853	3.653879
6102	-1631.099	-1798.329	167.2296	1.797853	3.822357
6108	-1635.562	-1802.177	166.6158	1.73449	4.209097
6114	-1633.552	-1801.256	167.7036	2.059845	3.395064
6120	-1640.634	-1808.255	167.6209	1.955419	3.504536
6126	-1641.133	-1808.659	167.5261	1.969438	3.551546
6132	-1655.166	-1822.147	166.9806	2.37868	3.630702
6138	-1657.32	-1824.564	167.2436	2.115714	3.630702
6144	-1641.127	-1808.177	167.0502	1.709175	3.976088
6150	-1644.43	-1811.219	166.7884	2.050327	3.930659
6156	-1647.991	-1815.523	167.5322	2.268477	3.373222
6162	-1648.732	-1815.753	167.0212	1.876697	3.896785
6168	-1652.16	-1819.064	166.9041	1.947604	3.923257
6174	-1663.796	-1830.724	166.9276	2.433709	3.629531
6180	-1649.254	-1816.6	167.3461	2.325784	3.44869
6186	-1644.385	-1811.731	167.3459	2.458977	3.370773
6192	-1638.956	-1806.542	167.5863	2.060023	3.463661
6198	-1642.909	-1810.024	167.1148	2.406602	3.536517
6204	-1638.685	-1805.724	167.0387	2.171571	3.716981
6210	-1635.428	-1802.739	167.3108	2.248423	3.514477
6216	-1639.583	-1805.767	166.1848	1.856349	4.384054
6222	-1645.843	-1812.387	166.5437	1.497496	4.384054
6228	-1639.947	-1806.271	166.3237	1.95726	4.248463
6234	-1635.755	-1803.092	167.3372	1.951069	3.671833
6240	-1641.808	-1809.329	167.5212	2.335299	3.340426
6246	-1659.602	-1827.023	167.4203	1.950026	3.624283
6252	-1653.048	-1820.25	167.202	2.163998	3.626794
6258	-1643.744	-1810.744	167.0003	1.76529	3.97253
6264	-1646.302	-1813.135	166.8324	1.822242	4.035923
6270	-1641.415	-1808.632	167.2172	2.013534	3.705118
6276	-1634.94	-1802.061	167.1209	2.109831	3.705118
6282	-1630.645	-1797.953	167.3073	2.307359	3.482107
6288	-1632.105	-1799.915	167.8094	2.447118	3.103677
6294	-1633.11	-1799.76	166.6495	2.189838	3.930325
6300	-1629.527	-1796.823	167.2961	1.94576	3.698678
6306	-1636.995	-1804.663	167.6687	2.283176	3.284262
6312	-1631.863	-1798.714	166.8511	2.348659	3.723012
6318	-1639.163	-1806.889	167.7263	2.2276	3.283058
6324	-1629.538	-1796.807	167.2691	2.134007	3.605264
6330	-1639.544	-1807.44	167.8959	2.596213	2.962604
6336	-1633.421	-1801.414	167.9928	2.178989	3.154113
6342	-1636.042	-1803.277	167.2354	2.118575	3.633786
6348	-1635.247	-1802.58	167.3327	2.118575	3.577303
6354	-1637.355	-1804.192	166.8371	2.116099	3.865028
6360	-1642.44	-1810.231	167.7904	2.406732	3.139049
6366	-1641.731	-1809.272	167.5409	2.003826	3.522896
6372	-1648.528	-1815.631	167.1027	1.842741	3.869472
6378	-1645.346	-1812.431	167.0857	1.742476	3.936739
6384	-1638.833	-1806.42	167.5875	1.92619	3.540988
6390	-1633.993	-1801.439	167.4464	2.281934	3.415657
6396	-1630.755	-1798.129	167.3736	2.092514	3.568662
6402	-1639.304	-1806.385	167.0805	1.648296	3.9936
6408	-1637.722	-1803.72	165.9976	1.689592	4.583252
6414	-1644.333	-1810.955	166.6224	1.609379	4.27632
6420	-1643.992	-1810.191	166.1988	1.787265	4.415146
6426	-1650.538	-1816.766	166.228	1.636792	4.483416
6432	-1643.406	-1810.613	167.2068	2.100204	3.660996
6438	-1655.175	-1822.688	167.5138	2.100204	3.48252
6444	-1643.976	-1811.879	167.9024	2.14168	3.229795
6450	-1643.399	-1810.746	167.3469	2.463326	3.367615
6456	-1629.328	-1796.23	166.9018	1.953784	3.921053
6462	-1639.57	-1807.039	167.4682	1.902437	3.624115
6468	-1634.287	-1801.48	167.1934	1.998821	3.7274
6474	-1630.455	-1797.708	167.2528	2.182291	3.586724
6480	-1641.215	-1808.615	167.4	2.05575	3.574711
6486	-1644.187	-1811.775	167.5876	2.021197	3.485572
6492	-1640.352	-1807.517	167.1653	1.834092	3.838498
6498	-1631.291	-1798.351	167.0605	1.938845	3.838498
6504	-1643.804	-1810.515	166.7106	1.825266	4.103636
6510	-1639.544	-1806.84	167.2954	2.034428	3.647796
6516	-1642.305	-1809.645	167.3406	2.354119	3.435333
6522	-1636.237	-1803.565	167.3282	2.079446	3.602659
6528	-1639.933	-1807.159	167.2265	1.824769	3.808646
6534	-1640.27	-1807.093	166.8227	2.039855	3.917054
6540	-1640.576	-1807.497	166.9209	1.993758	3.887155
6546	-1649.059	-1816.038	166.979	2.110928	3.786382
6552	-1642.701	-1809.806	167.106	1.960668	3.799802
6558	-1638.778	-1805.904	167.1261	1.823433	3.867123
6564	-1647.27	-1814.067	166.7972	1.86578	4.031169
6570	-1639.211	-1805.588	166.3762	1.822384	4.295069
6576	-1640.896	-1807.234	166.3382	1.602329	4.440806
6582	-1645.671	-1812.219	166.5483	1.757447	4.234359
6588	-1647.916	-1814.829	166.9127	1.80686	3.998855
6594	-1644.657	-1811.504	166.8472	1.872339	3.998855
6600	-1645.859	-1812.813	166.9544	1.765219	3.998855
6606	-1650.901	-1817.516	166.6152	1.815066	4.163701
6612	-1645.704	-1812.605	166.901	1.886213	3.960159
6618	-1649.874	-1816.878	167.0042	2.071695	3.79446
6624	-1650.326	-1817.549	167.2229	2.029153	3.692787
6630	-1642.296	-1809.644	167.3483	2.118748	3.568128
6636	-1634.839	-1802.187	167.3483	2.118748	3.568128
6642	-1633.485	-1800.854	167.3692	2.284024	3.45958
6648	-1639.989	-1807.503	167.5144	2.038236	3.518315
6654	-1634.082	-1801.596	167.5144	2.038236	3.518315
6660	-1640.197	-1807.693	167.496	2.038236	3.529057
6666	-1641.316	-1808.794	167.4786	2.591475	3.214408
6672	-1656.526	-1823.705	167.179	1.941347	3.768841
6678	-1659.184	-1826.578	167.3934	1.962641	3.632574
6684	-1658.358	-1824.666	166.3081	2.154005	4.145615
6690	-1650.319	-1816.924	166.6052	1.8404	4.154974
6696	-1638.517	-1805.713	167.1962	1.985979	3.733197
6702	-1648.176	-1815.016	166.84	2.102974	3.870924
6708	-1644.421	-1811.292	166.871	2.196056	3.799547
6714	-1661.338	-1828.637	167.2988	2.035494	3.645227
6720	-1658.81	-1826.439	167.629	2.029215	3.456706
6726	-1649.556	-1816.989	167.4323	1.891982	3.651008
6732	-1662.292	-1829.328	167.0359	1.622511	4.033769
6738	-1660.076	-1826.243	166.1676	1.622511	4.525451
6744	-1670.014	-1836.484	166.4706	1.695603	4.31342
6750	-1661.495	-1829.078	167.5828	1.937152	3.537382
6756	-1663.041	-1830.107	167.0662	2.158961	3.708356
6762	-1652.408	-1819.941	167.5329	2.398291	3.296454
6768	-1636.482	-1804.189	167.7067	2.224564	3.296454
6774	-1649.139	-1816.214	167.0748	2.199009	3.680214
6780	-1663.621	-1830.512	166.8903	1.633336	4.110633
6786	-1652.878	-1819.424	166.5459	1.597604	4.326266
6792	-1654.174	-1820.764	166.59	1.553431	4.326266
6798	-1650.41	-1817.464	167.0542	1.585909	4.044254
6804	-1637.547	-1805.269	167.7226	2.194529	3.304773
6810	-1644.669	-1811.844	167.175	2.326379	3.548143
6816	-1635.603	-1802.37	166.7673	1.743254	4.11806
6822	-1636.924	-1803.742	166.8183	1.727842	4.097776
6828	-1648.309	-1815.212	166.9031	1.753665	4.034715
6834	-1654.174	-1820.931	166.757	1.983882	3.986708
6840	-1644.43	-1811.819	167.3886	1.949823	3.642791
6846	-1645.19	-1812.15	166.9599	2.163498	3.767106
6852	-1650.452	-1818.133	167.6815	2.045475	3.416478
6858	-1646.996	-1814.325	167.3294	1.919584	3.694578
6864	-1650.532	-1817.459	166.9273	1.833138	3.97547
6870	-1647.954	-1814.884	166.93	1.958666	3.902064
6876	-1648.275	-1815.276	167.0002	2.08482	3.789235
6882	-1650.367	-1817.504	167.1379	1.891489	3.821251
6888	-1655.885	-1823.252	167.3664	2.100675	3.568152
6894	-1644.026	-1810.995	166.9694	1.958989	3.879252
6900	-1639.614	-1807.012	167.3981	1.879185	3.678215
6906	-1647.167	-1813.167	166.0007	1.61849	4.621389
6912	-1647.231	-1813.613	166.3816	1.568789	4.435217
6918	-1642.736	-1809.35	166.6141	1.760797	4.195159
6924	-1635.876	-1802.081	166.2043	1.806805	4.400988
6930	-1641.105	-1807.538	166.4334	1.577709	4.400988
6936	-1640.59	-1807.887	167.2973	1.77492	3.796591
6942	-1640.834	-1807.519	166.6853	1.883336	4.084995
6948	-1640.192	-1807.569	167.3772	1.939404	3.655472
6954	-1642.626	-1809.953	167.3265	2.419141	3.405516
6960	-1630.539	-1797.881	167.3416	2.352431	3.435728
6966	-1643.912	-1811.053	167.1412	2.447772	3.497107
6972	-1640.326	-1807.876	167.5501	2.195071	3.405778
6978	-1641.374	-1808.676	167.3014	2.443815	3.405778
6984	-1639.851	-1806.483	166.6321	1.76259	4.183947
6990	-1642.499	-1809.876	167.377	2.038928	3.597859
6996	-1634.325	-1801.605	167.2796	2.25635	3.528041
7002	-1650.473	-1817.447	166.9736	1.896838	3.912499
7008	-1651.142	-1817.89	166.748	1.896838	4.041522
7014	-1645.352	-1812.757	167.405	1.954503	3.630606
7020	-1651.876	-1818.496	166.6198	1.714814	4.217998
7026	-1642.806	-1809.41	166.6039	1.730781	4.217998
7032	-1639.695	-1806.183	166.4881	1.708778	4.296047
7038	-1641.055	-1807.837	166.7816	1.924313	4.006641
7044	-1632.068	-1799.56	167.4927	2.24817	3.40832
7050	-1632.347	-1799.792	167.4451	2.295755	3.40832
7056	-1635.461	-1803.006	167.5453	2.215196	3.396836
7062	-1639.29	-1805.806	166.5157	2.086786	4.065717
7068	-1631.274	-1798.931	167.6566	2.231104	3.322084
7074	-1634.811	-1802.707	167.8964	2.333189	3.119717
7080	-1656.663	-1823.951	167.2874	2.297522	3.49949
7086	-1653.135	-1820.906	167.7706	2.420315	3.142717
7092	-1651.8	-1819.168	167.3686	2.4831	3.343288
7098	-1643.081	-1810.482	167.4013	2.305406	3.428328
7104	-1644.338	-1811.875	167.5362	2.112982	3.461982
7110	-1645.958	-1812.533	166.5756	1.88645	4.145663
7116	-1649.743	-1816.855	167.1122	1.806996	3.884545
7122	-1636.903	-1804.015	167.1122	1.806996	3.884545
7128	-1646.654	-1813.393	166.7396	1.888633	4.051033
7134	-1643.99	-1810.512	166.5227	2.046254	4.084776
7140	-1643.753	-1810.549	166.796	1.734034	4.106983
7146	-1642.1	-1808.779	166.6784	1.851612	4.106983
7152	-1632.439	-1799.055	166.6164	1.713329	4.22081
7158	-1632.815	-1799.682	166.8671	1.713329	4.078248
7164	-1644.456	-1811.741	167.2848	1.769568	3.806871
7170	-1641.35	-1808.958	167.6081	1.992584	3.490313
7176	-1640.915	-1807.654	166.7391	2.234706	3.85318
7182	-1634.808	-1801.705	166.8965	2.013295	3.889932
7188	-1646.007	-1812.902	166.8953	2.014518	3.889932
7194	-1657.82	-1824.523	166.7021	2.168527	3.912383
7200	-1651.926	-1818.549	166.6237	1.421678	4.38169
7206	-1646.862	-1814.411	167.5483	2.128803	3.445631
7212	-1635.467	-1802.254	166.7876	1.888819	4.023488
7218	-1642.343	-1809.485	167.1423	1.869061	3.831593
7224	-1644.285	-1811.387	167.1023	1.960994	3.801696
7230	-1643.182	-1810.487	167.3051	2.096961	3.605873
7236	-1648.002	-1815.282	167.2795	2.381919	3.454791
7242	-1660.526	-1828.138	167.6116	2.032435	3.465
7248	-1645.98	-1813.343	167.3633	1.68801	3.8086
7254	-1643.497	-1810.464	166.9677	2.083595	3.8086
7260	-1644.411	-1811.765	167.3545	2.083563	3.584976
7266	-1656.503	-1823.905	167.4019	2.083563	3.557404
7272	-1654.81	-1822.186	167.3766	2.515331	3.319613
7278	-1635.354	-1803.139	167.785	2.22063	3.252527
7284	-1648.747	-1815.965	167.2184	2.22063	3.584403
7290	-1646.235	-1813.752	167.5166	2.013953	3.531163
7296	-1647.054	-1813.457	166.4022	1.722398	4.336951
7302	-1647.853	-1815.619	167.7659	2.037487	3.371648
7308	-1653.523	-1820.128	166.6059	2.125038	3.992391
7314	-1651.88	-1818.904	167.0237	2.125038	3.752488
7320	-1650.366	-1817.361	166.9946	1.953024	3.868201
7326	-1646.474	-1813.897	167.4229	1.948024	3.623977
7332	-1640.821	-1807.792	166.971	1.95736	3.879267
7338	-1630.408	-1797.664	167.2558	2.056717	3.657826
7344	-1655.864	-1822.57	166.7061	1.91881	4.052886
7350	-1651.384	-1818.629	167.2457	2.314871	3.513716
7356	-1635.842	-1802.624	166.782	1.705591	4.131119
7362	-1630.716	-1797.933	167.2167	1.676874	3.899227
7368	-1635.88	-1803.345	167.465	1.883147	3.637192
7374	-1637.588	-1804.735	167.1472	2.036266	3.732429
7380	-1644.813	-1812.084	167.2712	2.150616	3.594409
7386	-1646.499	-1813.652	167.1528	2.142672	3.667672
7392	-1638.756	-1806.065	167.3083	2.013178	3.652621
7398	-1641.159	-1807.775	166.6164	1.874657	4.129148
7404	-1650.409	-1817.757	167.3482	2.150991	3.549444
7410	-1656.174	-1823.4	167.2267	2.150991	3.620052
7416	-1635.693	-1802.832	167.1398	1.856387	3.840348
7422	-1640.584	-1808.122	167.5375	2.29857	3.352431
7428	-1659.352	-1826.759	167.407	2.362871	3.391338
7434	-1631.937	-1799.686	167.7492	1.969217	3.421475
7440	-1643.901	-1810.841	166.9404	1.813409	3.979283
7446	-1636.289	-1803.351	167.0621	2.052984	3.771886
7452	-1633.453	-1800.552	167.0982	2.016914	3.771886
7458	-1638.91	-1806.134	167.2242	1.973242	3.724351
7464	-1637.418	-1803.936	166.5179	1.853527	4.197155
7470	-1637.442	-1804.355	166.9128	2.241461	3.749301
7476	-1649.833	-1816.628	166.7948	2.359432	3.749301
7482	-1644.31	-1811.201	166.8909	2.066893	3.862407
7488	-1643.354	-1809.506	166.1515	1.711964	4.484205
7494	-1644.8	-1811.75	166.9504	1.630217	4.078167
7500	-1641.036	-1808.188	167.1522	2.002127	3.749267
7506	-1645.161	-1812.491	167.3296	2.002127	3.64669
7512	-1643.414	-1810.642	167.2287	2.062225	3.670312
7518	-1636.05	-1803.263	167.2135	1.870361	3.789876
7524	-1642.274	-1809.372	167.0972	1.849146	3.868935
7530	-1650.303	-1817.527	167.2242	1.634015	3.919498
7536	-1643.882	-1810.629	166.747	1.920131	4.028828
7542	-1650.767	-1818.465	167.6978	2.233345	3.296506
7548	-1648.299	-1816.036	167.7369	2.111067	3.345462
7554	-1655.596	-1822.58	166.9836	1.808774	3.957201
7560	-1651.674	-1819.191	167.5179	2.538721	3.222405
7566	-1648.406	-1815.645	167.2386	2.485536	3.41812
7572	-1649.437	-1816.668	167.2315	2.269794	3.5482
7578	-1661.254	-1828.486	167.2315	2.269794	3.5482
7584	-1664.158	-1831.426	167.268	1.912395	3.734225
7590	-1652.388	-1819.389	167.001	1.817198	3.942422
7596	-1639.028	-1806.033	167.005	2.079703	3.789422
7602	-1639.395	-1806.62	167.2251	1.882309	3.776322
7608	-1644.532	-1811.217	166.6856	1.785507	4.140486
7614	-1647.233	-1814.648	167.415	1.828643	3.697676
7620	-1643.112	-1809.94	166.8281	1.832298	4.032655
7626	-1641.406	-1808.28	166.8733	1.787112	4.032655
7632	-1635.782	-1803.016	167.2346	1.796755	3.820083
7638	-1639.171	-1806.407	167.2358	2.012807	3.694781
7644	-1643.587	-1810.212	166.6255	1.971374	4.068893
7650	-1644.124	-1811.166	167.0422	1.971374	3.830312
7656	-1649.303	-1816.508	167.2052	1.932734	3.758703
7662	-1655.814	-1821.889	166.0753	1.786993	4.484846
7668	-1648.78	-1815.311	166.5309	1.884067	4.172378
7674	-1641.068	-1807.62	166.552	1.862994	4.172378
7680	-1649.637	-1816.478	166.8417	1.857139	4.010684
7686	-1646.161	-1812.991	166.8305	1.942667	3.968227
7692	-1635.554	-1803.204	167.6505	1.852614	3.54717
7698	-1637.709	-1804.658	166.9493	1.881905	3.934985
7704	-1645.618	-1812.415	166.797	1.810167	4.063013
7710	-1652.307	-1818.982	166.6749	1.970106	4.041453
7716	-1635.633	-1802.438	166.8053	1.929734	3.989998
7722	-1652.333	-1819.116	166.7826	1.988889	3.969159
7728	-1634.42	-1801.171	166.751	1.89703	4.039685
7734	-1632.687	-1800.099	167.4119	1.857249	3.682909
7740	-1640.745	-1808.267	167.522	1.942745	3.569487
7746	-1643.697	-1810.717	167.0208	1.871993	3.899718
7752	-1660.537	-1827.397	166.8592	1.668508	4.108295
7758	-1663.847	-1830.166	166.3193	1.797539	4.341334
7764	-1656.679	-1823.431	166.7515	1.96637	3.999849
7770	-1647.757	-1814.77	167.0132	1.846504	3.918685
7776	-1648.918	-1815.201	166.2829	1.846504	4.334189
7782	-1646.482	-1813.308	166.8263	1.846504	4.02557
7788	-1645.325	-1812.048	166.7239	1.759276	4.133603
7794	-1637.414	-1804.044	166.6299	1.605328	4.274332
7800	-1657.047	-1824.139	167.0916	2.076868	3.741105
7806	-1648.82	-1815.519	166.6998	1.55496	4.263288
7812	-1644.475	-1810.708	166.2335	1.82061	4.376752
7818	-1657.395	-1823.541	166.1466	1.90751	4.376752
7824	-1661.587	-1828.156	166.569	1.741989	4.231402
7830	-1652.083	-1818.114	166.0305	1.634825	4.595514
7836	-1651.866	-1818.545	166.6784	1.864515	4.099605
7842	-1649.704	-1816.652	166.9485	1.909958	3.919376
7848	-1637.049	-1804.298	167.2489	2.033099	3.675478
7854	-1644.816	-1811.768	166.9515	2.065753	3.828235
7860	-1641.056	-1808.736	167.6795	1.860077	3.525905
7866	-1641.727	-1808.35	166.6233	2.033804	4.034563
7872	-1638.085	-1804.793	166.7077	1.949345	4.034563
7878	-1637.876	-1805.32	167.4444	1.994062	3.584778
7884	-1649.449	-1816.817	167.3675	1.984454	3.634951
7890	-1651.449	-1818.492	167.0431	1.911973	3.86393
7896	-1650.866	-1818.13	167.2642	2.02583	3.670855
7902	-1657.042	-1824.416	167.3737	2.363609	3.410378
7908	-1643.649	-1810.94	167.2908	2.008591	3.665445
7914	-1638.971	-1806.208	167.2366	2.062729	3.665445
7920	-1646.22	-1813.503	167.2832	2.047555	3.647272
7926	-1641.492	-1808.905	167.4137	2.137115	3.519383
7932	-1647.092	-1814.166	167.0746	2.038418	3.773069
7938	-1639.947	-1807.118	167.1713	1.941739	3.773069
7944	-1642.455	-1809.456	167.0008	1.969653	3.855142
7950	-1650.236	-1817.275	167.0385	2.079889	3.769985
7956	-1641.463	-1808.75	167.287	1.917019	3.720587
7962	-1646.217	-1812.787	166.5697	1.796661	4.199999
7968	-1638.686	-1805.347	166.6611	1.903254	4.087433
7974	-1637.233	-1804.897	167.6635	1.903254	3.510101
7980	-1661.003	-1827.494	166.4917	1.993787	4.132335
7986	-1657.828	-1824.552	166.7248	1.784128	4.119003
7992	-1652.517	-1819.146	166.629	2.051428	4.021245
7998	-1650.275	-1817.11	166.835	2.023977	3.919085
8004	-1662.492	-1829.333	166.841	2.017924	3.919085
8010	-1652.077	-1819.192	167.1149	2.304489	3.595827
8016	-1641.149	-1808.369	167.2199	1.943159	3.74424
8022	-1642.852	-1810.007	167.155	2.004533	3.74623
8028	-1659.99	-1827.064	167.0743	2.150076	3.7088
8034	-1657.252	-1824.502	167.2508	2.464195	3.423497
8040	-1651.628	-1819.641	168.013	2.77534	2.783271
8046	-1654.273	-1822.012	167.739	2.623749	3.040235
8052	-1647.463	-1814.508	167.0451	2.207897	3.692267
8058	-1652.963	-1820.217	167.2535	1.999499	3.692267
8064	-1642.318	-1809.371	167.0532	2.14874	3.721798
8070	-1636.089	-1803.208	167.1188	2.06967	3.729576
8076	-1642.673	-1809.471	166.7985	1.984457	3.962639
8082	-1649.814	-1817.28	167.4657	2.026841	3.553313
8088	-1645.486	-1812.3	166.8137	1.996738	3.946872
8094	-1636.689	-1803.831	167.1417	1.834352	3.851877
8100	-1642.663	-1809.02	166.3569	1.829491	4.301999
8106	-1637.122	-1804.111	166.989	2.050852	3.815227
8112	-1630.394	-1797.383	166.989	2.050852	3.815227
8118	-1634.949	-1801.486	166.5364	1.63771	4.308954
8124	-1645.202	-1811.818	166.6155	1.616505	4.27614
8130	-1654.876	-1822.215	167.3383	1.900033	3.700755
8136	-1652.903	-1820.29	167.3874	1.850931	3.700755
8142	-1636.636	-1803.746	167.1099	2.027321	3.75913
8148	-1642.677	-1810.227	167.5503	1.91081	3.571616
8154	-1644.639	-1811.748	167.1088	2.009082	3.77026
8160	-1649.524	-1816.559	167.0356	2.024167	3.803725
8166	-1645.706	-1813.155	167.4496	1.965496	3.598319
8172	-1641.892	-1808.815	166.9237	2.069943	3.841796
8178	-1652.621	-1819.51	166.8896	2.011287	3.895038
8184	-1657.612	-1824.597	166.9853	1.612695	4.068248
8190	-1657.438	-1823.972	166.5334	1.701707	4.274385
8196	-1647.494	-1814.167	166.6732	1.79279	4.143415
8202	-1650.05	-1816.721	166.6711	1.79489	4.143415
8208	-1649.224	-1816.201	166.9766	1.716343	4.014079
8214	-1651.684	-1817.915	166.2318	1.811875	4.38265
8220	-1646.673	-1813.352	166.6794	2.08271	3.974531
8226	-1642.766	-1809.136	166.3703	1.970149	4.21473
8232	-1636.867	-1803.56	166.693	1.830808	4.110483
8238	-1640.076	-1806.925	166.8488	1.963617	3.945736
8244	-1649.45	-1816.279	166.8296	1.982864	3.945736
8250	-1645.904	-1813.197	167.293	1.98378	3.67851
8256	-1630.395	-1797.019	166.6233	1.98378	4.063099
8262	-1632.666	-1799.69	167.0238	2.150007	3.738021
8268	-1626.666	-1794.196	167.5298	2.124346	3.459084
8274	-1639.931	-1806.362	166.431	1.795202	4.279459
8280	-1633.394	-1799.966	166.5725	1.653716	4.279459
8286	-1618.837	-1785.689	166.8513	1.815482	4.029033
8292	-1630.604	-1797.292	166.6881	1.991188	4.02185
8298	-1629.442	-1796.46	167.0184	1.991188	3.832596
