Iteration	Posterior	Likelihood	Prior	gain_loss_ratio	tree_length
0	-675.1509	-840.2276	165.0767	1.940849	5.034478
6	-689.2034	-854.6013	165.3979	1.899136	4.875835
12	-667.2408	-832.2948	165.054	2.238511	4.909506
18	-669.2865	-835.2443	165.9578	1.727536	4.647367
24	-677.6894	-843.6483	165.9588	1.727536	4.646772
30	-657.0835	-822.5656	165.4821	1.727536	4.91301
36	-670.0506	-836.2689	166.2183	1.821556	4.454177
42	-664.5124	-829.4165	164.9041	2.192283	5.013712
48	-666.6651	-831.0737	164.4087	2.382868	5.203899
54	-695.6238	-860.6391	165.0152	2.47964	4.825265
60	-681.8638	-845.3563	163.4925	2.128013	5.820441
66	-673.0942	-837.9978	164.9036	2.04726	5.080477
72	-676.3272	-841.5845	165.2573	2.04726	4.883882
78	-668.865	-834.0743	165.2093	1.775196	5.041045
84	-674.0987	-838.2879	164.1892	1.778526	5.60237
90	-677.6121	-841.9869	164.3748	1.704657	5.536668
96	-680.0975	-845.8766	165.779	1.773258	4.724602
102	-693.0186	-858.7422	165.7237	2.198238	4.553347
108	-688.7307	-853.8987	165.168	2.021308	4.945755
114	-694.2902	-858.4351	164.1449	1.553417	5.73858
120	-694.9121	-859.9781	165.066	1.939321	5.041131
126	-684.4604	-849.7651	165.3047	1.668514	5.041131
132	-696.0086	-862.4143	166.4057	2.072637	4.226823
138	-698.296	-863.5918	165.2957	1.512441	5.1258
144	-697.6607	-861.1074	163.4467	1.703804	6.04502
150	-690.0789	-854.41	164.3311	2.461236	5.213092
156	-680.1734	-845.0842	164.9108	1.882457	5.15436
162	-675.9804	-841.4851	165.5047	2.020554	4.758411
168	-685.4227	-850.5768	165.1541	1.631138	5.143501
174	-692.3364	-857.0915	164.7551	1.56427	5.397865
180	-683.799	-848.3882	164.5892	1.95415	5.298054
186	-678.9244	-844.705	165.7806	1.382375	4.924936
192	-685.8888	-850.7566	164.8678	1.620843	5.307027
198	-676.6235	-841.327	164.7035	1.598884	5.408697
204	-675.5389	-842.2541	166.7153	1.304032	4.443957
210	-677.7823	-844.3034	166.5211	1.469829	4.463978
216	-674.7538	-840.2467	165.4929	2.133713	4.712276
222	-673.407	-838.8034	165.3964	1.758873	4.945147
228	-668.6749	-834.4991	165.8242	1.299456	4.945147
234	-665.0181	-829.6585	164.6403	1.459083	5.515163
240	-680.0571	-844.2623	164.2052	1.942357	5.515163
246	-677.6029	-842.9965	165.3935	1.737965	4.957079
252	-679.7611	-844.9486	165.1876	1.588698	5.146525
258	-675.0117	-841.2617	166.25	1.650434	4.522406
264	-671.0042	-836.4573	165.4532	1.670363	4.957739
270	-673.048	-838.7436	165.6956	1.707213	4.804175
276	-680.8776	-845.2286	164.351	1.723722	5.54032
282	-697.7358	-863.1162	165.3804	1.552032	5.058426
288	-690.5212	-856.2657	165.7444	1.941703	4.661795
294	-675.5564	-841.5008	165.9444	1.608729	4.715126
300	-681.9526	-846.5789	164.6263	2.02418	5.244745
306	-675.8776	-841.2419	165.3643	1.360849	5.167419
312	-681.5825	-845.7839	164.2014	1.901295	5.536675
318	-686.977	-851.0608	164.0838	2.011473	5.549623
324	-688.696	-855.0306	166.3346	1.807694	4.395516
330	-687.6935	-851.3601	163.6666	1.752052	5.901454
336	-683.8022	-848.9486	165.1464	1.862786	5.033233
342	-672.1155	-838.8052	166.6897	1.622694	4.288696
348	-678.8038	-843.2598	164.4559	1.691968	5.498342
354	-688.3983	-853.0543	164.656	1.578215	5.445368
360	-677.2698	-843.4415	166.1717	1.839176	4.471753
366	-677.5898	-842.46	164.8702	1.53309	5.350369
372	-676.2039	-841.6889	165.485	1.999717	4.779219
378	-675.5012	-840.809	165.3078	1.892444	4.929217
384	-667.4466	-832.7997	165.3531	1.496956	5.102031
390	-666.939	-831.57	164.631	1.997067	5.254792
396	-680.5843	-845.8644	165.2801	1.479418	5.151598
402	-664.0609	-830.1063	166.0454	1.5402	4.69404
408	-674.4947	-839.0084	164.5137	2.277667	5.191913
414	-671.6979	-836.5911	164.8932	1.7195	5.243596
420	-670.8105	-837.1947	166.3842	1.71373	4.414651
426	-677.8686	-843.9771	166.1085	1.562881	4.64693
432	-678.0926	-844.0213	165.9287	1.562881	4.747522
438	-676.1591	-841.7172	165.5581	2.073736	4.703611
444	-668.9991	-833.8847	164.8856	2.084883	5.073034
450	-674.9061	-840.2589	165.3528	1.784041	4.956949
456	-670.0208	-835.1224	165.1016	1.476111	5.252095
462	-667.7758	-833.4652	165.6894	1.849589	4.737183
468	-680.0005	-845.2987	165.2982	2.037363	4.865764
474	-677.063	-841.9507	164.8876	1.760153	5.226624
480	-689.0429	-853.7803	164.7374	1.93212	5.226624
486	-680.1961	-845.1859	164.9898	1.810227	5.145589
492	-688.0024	-852.4559	164.4535	1.833076	5.430631
498	-674.1639	-839.0734	164.9096	1.777925	5.205767
504	-676.0053	-841.2561	165.2508	1.829973	4.991181
510	-691.0235	-856.7321	165.7086	1.333374	4.991181
516	-690.2975	-856.6836	166.3861	1.636728	4.45286
522	-688.4716	-853.1564	164.6848	1.639797	5.398377
528	-675.4408	-841.068	165.6271	1.958299	4.7195
534	-677.9311	-842.6209	164.6898	2.240623	5.110842
540	-674.1771	-838.755	164.5779	1.543022	5.50627
546	-671.6579	-836.4534	164.7955	1.707688	5.303436
552	-686.1512	-852.4626	166.3114	1.645305	4.490531
558	-673.8064	-840.3822	166.5758	1.395268	4.473044
564	-693.3493	-858.7618	165.4124	1.634211	4.998648
570	-676.3468	-841.6315	165.2847	1.484315	5.146481
576	-680.701	-846.4262	165.7252	2.023477	4.633623
582	-692.9281	-857.675	164.7468	1.888819	5.242021
588	-696.6572	-861.7647	165.1075	1.489194	5.242021
594	-695.1536	-860.6489	165.4953	1.4471	5.049203
600	-691.6555	-856.4007	164.7452	1.703856	5.333099
606	-706.3641	-871.1313	164.7672	1.643297	5.35122
612	-692.7761	-857.4729	164.6968	1.697085	5.363155
618	-688.085	-852.2328	164.1478	1.657899	5.684495
624	-688.0512	-852.8097	164.7585	2.155561	5.111157
630	-696.9352	-861.3619	164.4266	2.134192	5.304403
636	-691.6096	-857.2845	165.6749	2.155499	4.600304
642	-681.8487	-846.8477	164.999	1.429841	5.332867
648	-676.7259	-842.8576	166.1318	2.099886	4.369018
654	-678.7512	-843.552	164.8008	1.904594	5.204639
660	-678.1012	-844.3817	166.2805	1.562776	4.550487
666	-675.9741	-842.2074	166.2333	1.847001	4.433164
672	-678.1415	-843.512	165.3705	2.082086	4.804545
678	-691.9182	-856.9843	165.0661	1.440998	5.290001
684	-689.8549	-854.7767	164.9218	1.595505	5.290001
690	-683.3889	-849.2258	165.8369	1.527484	4.817148
696	-680.1077	-845.067	164.9593	1.47784	5.329718
702	-687.5293	-852.3572	164.8279	1.619514	5.329718
708	-675.6369	-841.4859	165.849	1.983255	4.583307
714	-676.0538	-841.5487	165.4949	2.070482	4.740465
720	-677.5758	-842.7366	165.1607	1.980988	4.968763
726	-674.1436	-838.8252	164.6816	1.71998	5.360186
732	-687.5379	-852.9458	165.4079	1.583394	5.027067
738	-669.9091	-835.0754	165.1663	1.583394	5.161012
744	-686.3775	-850.6597	164.2822	1.477138	5.702398
750	-685.749	-851.1569	165.4079	1.992435	4.825708
756	-697.7438	-863.172	165.4282	1.690259	4.961632
762	-682.849	-847.5956	164.7466	2.315403	5.046163
768	-686.9622	-852.6605	165.6983	1.959646	4.679019
774	-678.2505	-844.4545	166.204	2.751023	4.040324
780	-671.3043	-836.658	165.3537	1.957502	4.872517
786	-667.2889	-833.2995	166.0106	1.957502	4.504833
792	-679.1793	-842.7495	163.5702	1.730159	5.964769
798	-669.4963	-834.4924	164.9961	1.960243	5.070005
804	-689.7359	-855.2391	165.5032	1.849313	4.841255
810	-684.3159	-849.5898	165.2739	1.453382	5.16864
816	-696.9635	-862.3932	165.4297	1.606249	5.003287
822	-679.2978	-843.6487	164.3509	2.724031	5.092507
828	-674.3132	-839.6249	165.3116	1.757289	4.993022
834	-673.3686	-838.3258	164.9573	2.037957	5.055039
840	-676.1382	-841.7651	165.6269	1.796519	4.798114
846	-677.1721	-843.346	166.1738	1.65295	4.56392
852	-677.2902	-841.4681	164.1779	2.170003	5.425362
858	-676.9346	-841.5709	164.6363	2.110257	5.199467
864	-678.6473	-842.5044	163.8571	1.601621	5.871703
870	-669.5123	-834.936	165.4237	1.888562	4.866517
876	-683.9921	-848.5057	164.5137	1.775094	5.425647
882	-677.0393	-841.9537	164.9144	1.65403	5.264578
888	-678.5796	-843.6151	165.0354	1.942051	5.056805
894	-685.7246	-850.4445	164.72	2.025048	5.19253
900	-699.2974	-864.3888	165.0914	1.562288	5.213242
906	-685.0419	-849.4922	164.4502	1.779426	5.458463
912	-693.134	-857.7619	164.6279	2.214769	5.15673
918	-693.7151	-859.447	165.7318	2.054103	4.615508
924	-693.2082	-857.9923	164.7842	2.132234	5.107544
930	-683.8073	-848.4452	164.6379	1.848613	5.321506
936	-679.107	-843.9973	164.8903	2.102284	5.062435
942	-681.7968	-848.2322	166.4354	1.573574	4.457733
948	-676.7071	-841.0873	164.3803	1.551896	5.610327
954	-655.4101	-820.9449	165.5348	1.342464	5.082761
960	-667.4738	-834.1575	166.6837	1.427757	4.39478
966	-673.0551	-840.0032	166.9481	1.573148	4.167975
972	-663.3862	-828.8717	165.4855	1.435674	5.060661
978	-663.6181	-829.3399	165.7218	1.766446	4.760005
984	-669.2793	-835.5328	166.2534	1.492566	4.602396
990	-668.6349	-834.9226	166.2877	1.712534	4.469657
996	-665.3954	-830.609	165.2136	1.405408	5.227209
1002	-666.0187	-831.2788	165.2602	1.734734	5.032796
1008	-675.9548	-841.5525	165.5976	1.734734	4.845039
1014	-670.2844	-836.0875	165.8031	1.811921	4.692059
1020	-677.4784	-842.6451	165.1667	1.575904	5.164583
1026	-674.8783	-838.9236	164.0453	1.896908	5.624506
1032	-684.1527	-849.9538	165.8011	1.411267	4.898157
1038	-679.8947	-845.3122	165.4175	1.83059	4.898157
1044	-681.0377	-845.0492	164.0115	1.96459	5.611157
1050	-669.7519	-836.0218	166.27	1.505911	4.586097
1056	-681.3348	-847.7518	166.417	1.641482	4.433027
1062	-677.1814	-843.1176	165.9363	1.555698	4.747018
1068	-682.0707	-847.1035	165.0328	1.577122	5.238054
1074	-679.0547	-843.6635	164.6088	1.577122	5.471899
1080	-674.8291	-840.6025	165.7734	1.436143	4.900395
1086	-667.6576	-833.3211	165.6635	1.704274	4.823563
1092	-670.1454	-836.485	166.3396	1.610117	4.492741
1098	-689.6733	-854.6801	165.0068	1.392924	5.347981
1104	-673.6484	-839.6733	166.025	1.449394	4.753074
1110	-683.9813	-849.3061	165.3247	1.969384	4.882989
1116	-680.1876	-846.1608	165.9732	1.69042	4.657409
1122	-681.1085	-845.1224	164.014	1.531501	5.82141
1128	-684.4698	-849.8753	165.4055	1.673854	4.982462
1134	-686.2357	-851.2879	165.0522	1.950115	5.043655
1140	-688.3733	-853.9758	165.6024	1.760716	4.82945
1146	-672.5157	-837.5723	165.0566	1.628448	5.198836
1152	-672.8548	-838.4383	165.5835	1.589748	4.926176
1158	-674.3026	-840.3034	166.0008	1.806783	4.583795
1164	-682.2693	-847.8956	165.6262	1.976819	4.711179
1170	-675.7045	-841.3116	165.6071	1.835395	4.79006
1176	-675.6665	-839.8872	164.2207	1.744526	5.601683
1182	-677.2058	-843.8678	166.662	1.399858	4.421994
1188	-676.976	-842.5245	165.5485	1.281621	5.107865
1194	-683.6952	-847.1522	163.457	1.759056	6.012469
1200	-678.9421	-843.6097	164.6676	1.886282	5.287011
1206	-687.5201	-853.4865	165.9663	2.195013	4.418258
1212	-677.0216	-843.5228	166.5012	1.464157	4.478193
1218	-677.6105	-843.8225	166.212	1.23933	4.761661
1224	-672.2162	-837.1808	164.9646	1.759723	5.184275
1230	-676.4712	-841.3351	164.8639	1.946805	5.14963
1236	-684.4138	-851.4602	167.0464	1.557993	4.120051
1242	-671.7299	-837.4354	165.7054	1.889128	4.708973
1248	-674.4992	-838.8169	164.3177	1.889128	5.478544
1254	-685.9724	-851.0732	165.1007	1.318999	5.335377
1260	-677.7043	-843.025	165.3207	1.983536	4.878534
1266	-669.4187	-834.6598	165.2411	1.403127	5.213189
1272	-672.059	-836.7043	164.6453	1.390967	5.54803
1278	-666.0705	-832.1662	166.0957	1.98849	4.44208
1284	-668.0237	-833.7199	165.6963	1.556924	4.880281
1290	-675.7192	-841.4471	165.7279	1.626615	4.826891
1296	-684.0775	-849.4007	165.3233	1.607235	5.061862
1302	-675.7412	-841.3213	165.58	1.759785	4.842401
1308	-685.4378	-849.758	164.3202	2.135232	5.362653
1314	-687.4247	-852.3993	164.9746	1.398759	5.362653
1320	-680.6748	-846.018	165.3432	1.392385	5.162391
1326	-681.5594	-848.1497	166.5903	1.757303	4.276199
1332	-682.0459	-848.335	166.2891	1.670636	4.490113
1338	-680.1721	-845.6958	165.5237	1.555345	4.977104
1344	-686.6582	-851.5119	164.8537	1.938688	5.159127
1350	-691.7026	-855.1057	163.4031	1.497673	6.171869
1356	-694.962	-860.0016	165.0396	1.679324	5.182631
1362	-684.6411	-850.5263	165.8852	1.497942	4.805581
1368	-685.3327	-847.9843	162.6517	1.74045	6.459253
1374	-669.9705	-835.7073	165.7368	1.299923	4.993509
1380	-676.0664	-840.9358	164.8694	1.805869	5.214334
1386	-687.8705	-852.3295	164.459	2.066132	5.317727
1392	-679.5703	-844.3825	164.8122	1.670656	5.312686
1398	-687.4311	-852.246	164.8149	1.724639	5.284303
1404	-693.2762	-858.5419	165.2657	1.244635	5.284303
1410	-709.4315	-875.2947	165.8632	1.50009	4.816748
1416	-690.3524	-854.6084	164.256	2.033595	5.44461
1422	-689.0073	-854.101	165.0937	1.663331	5.160731
1428	-679.739	-844.4565	164.7175	2.175862	5.124633
1434	-675.1323	-841.437	166.3047	1.949867	4.342739
1440	-675.5932	-841.4203	165.8271	2.133274	4.525086
1446	-674.8647	-839.9921	165.1275	1.992301	4.981925
1452	-671.5735	-837.5613	165.9877	2.066957	4.465674
1458	-677.7292	-842.3634	164.6342	1.858623	5.318707
1464	-672.8423	-838.4282	165.5859	1.847789	4.795882
1470	-681.5753	-846.2955	164.7202	1.7112	5.343236
1476	-675.2135	-840.0929	164.8794	1.87543	5.17514
1482	-679.9666	-844.5316	164.565	2.007067	5.286591
1488	-676.4135	-841.0384	164.6249	1.749515	5.376918
1494	-678.5065	-843.1665	164.66	1.392543	5.539117
1500	-681.3187	-846.8293	165.5106	2.085913	4.724543
1506	-692.6502	-857.0468	164.3965	1.76947	5.492864
1512	-679.2034	-843.56	164.3566	2.003224	5.403346
1518	-684.2926	-850.4621	166.1695	1.589567	4.598891
1524	-690.0997	-855.0295	164.9298	1.644854	5.26065
1530	-685.8679	-851.4317	165.5638	1.709141	4.876684
1536	-695.809	-860.3782	164.5692	2.271172	5.16405
1542	-673.8207	-838.1159	164.2952	1.731417	5.567235
1548	-681.4635	-845.6742	164.2107	1.73262	5.613018
1554	-684.6467	-849.5557	164.909	1.627434	5.280951
1560	-679.2706	-844.1795	164.909	1.627434	5.280951
1566	-664.8196	-830.0759	165.2562	1.705701	5.04942
1572	-671.3526	-836.5905	165.2379	1.555893	5.135453
1578	-684.0864	-849.6333	165.5469	1.738206	4.871621
1584	-681.5611	-846.3743	164.8132	1.855772	5.221226
1590	-687.6824	-853.4052	165.7228	1.965992	4.662259
1596	-675.8783	-841.483	165.6047	2.300496	4.573916
1602	-683.0311	-848.7963	165.7652	2.141608	4.556027
1608	-678.0468	-842.2581	164.2113	1.58643	5.685483
1614	-668.189	-833.6276	165.4385	1.850021	4.876959
1620	-673.584	-838.4233	164.8393	1.71728	5.2745
1626	-681.7598	-847.3925	165.6327	1.676671	4.854582
1632	-685.8962	-851.408	165.5118	2.249181	4.649082
1638	-689.0415	-852.9248	163.8833	1.774252	5.772149
1644	-688.0726	-853.5817	165.5091	1.672864	4.925375
1650	-667.8476	-832.9643	165.1167	1.937157	5.014032
1656	-676.1075	-840.5488	164.4413	1.788608	5.458899
1662	-688.4469	-853.5367	165.0898	1.604893	5.192401
1668	-678.4258	-843.9348	165.509	1.743503	4.890047
1674	-681.4152	-846.7755	165.3603	1.721523	4.983756
1680	-691.0769	-856.2293	165.1524	1.959156	4.983756
1686	-681.7982	-847.6617	165.8635	1.937055	4.597258
1692	-676.4796	-840.6384	164.1588	1.60333	5.705745
1698	-682.0482	-846.2541	164.2059	1.991079	5.491963
1704	-675.6641	-841.099	165.4349	1.588343	5.009519
1710	-668.7811	-834.019	165.2379	1.440074	5.195547
1716	-677.3183	-842.7291	165.4107	1.663198	4.984937
1722	-678.2099	-843.6458	165.4359	1.673301	4.965882
1728	-680.8725	-846.0515	165.179	1.927232	4.984144
1734	-685.354	-850.5759	165.2219	1.904872	4.971015
1740	-672.8591	-839.5428	166.6837	1.620951	4.292955
1746	-691.7602	-858.5993	166.839	1.429433	4.306117
1752	-675.9334	-841.4686	165.5352	1.684243	4.905089
1758	-689.175	-854.5165	165.3415	1.734948	4.987519
1764	-671.1703	-836.0001	164.8298	1.790494	5.243691
1770	-675.1012	-839.7246	164.6234	1.663313	5.420419
1776	-666.9907	-832.9441	165.9534	1.523051	4.754389
1782	-662.1712	-827.9736	165.8024	1.668105	4.764235
1788	-673.3681	-839.2828	165.9147	1.545722	4.764235
1794	-672.7158	-838.3331	165.6172	1.876834	4.764235
1800	-677.4917	-843.1089	165.6172	1.876834	4.764235
1806	-672.1978	-837.8534	165.6556	1.832877	4.764235
1812	-668.7389	-834.1171	165.3782	1.544937	5.063286
1818	-664.6942	-830.14	165.4458	1.472661	5.063286
1824	-674.4258	-840.3711	165.9454	1.466379	4.788579
1830	-671.238	-837.8518	166.6137	1.175819	4.5717
1836	-669.2692	-833.885	164.6158	1.86289	5.326849
1842	-674.0875	-839.2892	165.2017	1.391794	5.240954
1848	-672.3025	-837.6488	165.3463	1.242412	5.240954
1854	-679.4589	-843.7685	164.3096	1.790917	5.530222
1860	-669.3065	-834.4086	165.1021	1.859545	5.059391
1866	-676.792	-841.5423	164.7503	2.242177	5.076648
1872	-674.6768	-839.1826	164.5058	2.060468	5.294502
1878	-681.8328	-846.3444	164.5116	1.484067	5.572981
1884	-674.5241	-839.7395	165.2154	1.68877	5.080543
1890	-681.0456	-846.2438	165.1981	1.707915	5.080543
1896	-688.3415	-853.9725	165.631	1.376958	5.010995
1902	-671.8298	-836.8023	164.9725	1.871601	5.125405
1908	-676.4849	-842.3605	165.8756	1.849553	4.632961
1914	-671.0531	-835.5542	164.5011	1.46233	5.589971
1920	-691.4703	-856.9867	165.5164	1.464887	5.028164
1926	-689.4757	-853.6312	164.1555	2.68189	5.21788
1932	-697.0892	-861.1433	164.0541	1.882205	5.62665
1938	-689.3016	-854.8174	165.5157	1.882205	4.818307
1944	-692.3765	-858.1925	165.816	1.607845	4.78735
1950	-687.6207	-852.8356	165.2149	1.730115	5.060211
1956	-681.4308	-845.7013	164.2705	2.037519	5.434841
1962	-685.2214	-849.6253	164.4038	1.986291	5.385198
1968	-673.115	-839.1355	166.0205	2.110401	4.426867
1974	-669.3433	-833.8394	164.4961	1.781344	5.432283
1980	-679.3304	-844.3185	164.9881	1.781344	5.160636
1986	-681.8893	-846.5811	164.6918	2.128039	5.160636
1992	-682.0792	-846.0398	163.9606	1.71859	5.757018
1998	-686.5953	-851.7756	165.1803	1.538131	5.176463
2004	-669.1878	-833.8219	164.634	1.899355	5.299298
2010	-674.1697	-839.1033	164.9336	2.141518	5.020372
2016	-678.5237	-843.7788	165.2551	2.045424	4.886006
2022	-670.8584	-835.3432	164.4848	2.153837	5.263337
2028	-676.4971	-840.6896	164.1925	1.734908	5.621869
2034	-683.8073	-849.0283	165.221	1.899626	4.974012
2040	-685.5222	-849.6217	164.0995	2.002749	5.545037
2046	-681.6334	-848.1128	166.4794	1.78873	4.323201
2052	-689.2514	-854.6973	165.4459	2.256338	4.682729
2058	-676.607	-841.3707	164.7637	2.11762	5.125586
2064	-675.3337	-839.8564	164.5228	2.064292	5.283347
2070	-677.8675	-844.2947	166.4272	1.706889	4.393845
2076	-665.7513	-831.5969	165.8456	1.91438	4.618244
2082	-675.1247	-840.3747	165.25	1.965158	4.926631
2088	-686.6701	-852.4346	165.7645	1.831136	4.704192
2094	-662.7422	-827.8841	165.1419	1.632975	5.149329
2100	-668.9596	-833.0824	164.1229	1.832162	5.612856
2106	-666.1135	-831.5969	165.4834	1.904503	4.825562
2112	-678.7997	-844.6431	165.8434	1.817015	4.666987
2118	-666.4722	-833.1579	166.6857	1.538961	4.33462
2124	-674.6773	-839.1525	164.4752	1.784807	5.442083
2130	-674.7029	-840.0175	165.3146	1.433571	5.156495
2136	-685.0745	-849.9119	164.8373	1.712329	5.278026
2142	-681.0303	-846.6264	165.5962	1.458941	4.986988
2148	-685.9409	-849.6828	163.7419	1.458941	6.007188
2154	-675.4416	-840.6955	165.2539	1.685799	5.060679
2160	-673.7524	-839.4949	165.7425	1.498033	4.885109
2166	-681.7996	-845.9716	164.172	1.894829	5.555921
2172	-684.7697	-849.7381	164.9685	1.961382	5.084789
2178	-687.8718	-852.748	164.8762	1.748586	5.238614
2184	-688.9053	-852.7318	163.8265	2.075151	5.661501
2190	-680.8117	-845.9158	165.1041	1.442466	5.268262
2196	-677.3406	-842.2117	164.8711	1.672807	5.279046
2202	-668.8795	-834.6365	165.7569	1.502855	4.874562
2208	-681.0264	-846.4929	165.4665	1.363244	5.10956
2214	-674.0325	-840.1482	166.1157	1.4852	4.683442
2220	-672.7268	-837.6765	164.9498	1.831373	5.157458
2226	-695.1496	-860.4899	165.3403	1.587219	5.062636
2232	-666.1203	-831.66	165.5397	1.743666	4.872882
2238	-674.2554	-839.1894	164.9339	1.743666	5.209131
2244	-681.1381	-847.0379	165.8998	2.027581	4.533705
2250	-673.2517	-837.7548	164.5031	1.86724	5.386864
2256	-676.8923	-842.701	165.8087	1.987038	4.604103
2262	-695.9819	-860.6404	164.6585	2.394612	5.060426
2268	-678.2179	-844.1898	165.9719	1.754638	4.625894
2274	-686.3395	-850.8528	164.5134	1.849675	5.389673
2280	-681.6679	-848.4428	166.7749	2.060518	4.022535
2286	-681.7819	-846.3666	164.5847	1.87935	5.336116
2292	-670.6257	-836.3663	165.7406	1.818889	4.723572
2298	-680.9421	-846.769	165.8269	1.818889	4.675292
2304	-675.792	-841.634	165.842	1.907424	4.623662
2310	-678.0459	-842.0591	164.0132	2.29256	5.461536
2316	-663.0544	-828.9267	165.8723	1.678245	4.720044
2322	-673.4607	-838.8942	165.4335	1.852444	4.878584
2328	-677.9676	-843.9366	165.9689	1.852444	4.579188
2334	-674.5122	-839.2846	164.7724	1.871628	5.236139
2340	-678.8313	-844.6973	165.866	1.81216	4.65668
2346	-678.8093	-843.481	164.6717	1.857484	5.298593
2352	-668.3009	-834.177	165.8761	1.699839	4.70703
2358	-665.4155	-831.0655	165.6501	1.673066	4.846733
2364	-665.0613	-830.6124	165.5511	1.976451	4.753363
2370	-658.1317	-823.2595	165.1278	1.801072	5.073572
2376	-681.7617	-847.5138	165.7521	1.832058	4.710663
2382	-692.6806	-856.926	164.2454	1.674674	5.62259
2388	-682.4194	-847.4455	165.0261	1.615587	5.222231
2394	-689.2609	-854.3765	165.1156	1.518778	5.222231
2400	-683.3911	-848.5066	165.1156	1.518778	5.222231
2406	-686.6374	-852.5164	165.8789	1.523733	4.795623
2412	-672.9484	-838.2951	165.3468	1.90832	4.899881
2418	-675.1243	-841.1859	166.0616	1.332071	4.795268
2424	-676.9373	-842.9989	166.0616	1.332071	4.795268
2430	-689.1792	-854.0575	164.8783	1.575583	5.324187
2436	-684.0681	-848.0839	164.0158	1.630984	5.770224
2442	-681.105	-845.1208	164.0158	1.630984	5.770224
2448	-691.1557	-855.2555	164.0997	1.630984	5.724243
2454	-679.1768	-843.4862	164.3094	1.83976	5.506727
2460	-690.2226	-855.1872	164.9646	2.013895	5.062237
2466	-682.949	-848.2993	165.3503	1.646557	5.026921
2472	-681.9109	-847.1123	165.2015	1.598713	5.133725
2478	-677.3116	-843.1795	165.8678	1.791668	4.665801
2484	-677.3404	-841.7893	164.449	1.848074	5.425917
2490	-679.1461	-843.5437	164.3977	1.907162	5.425917
2496	-681.313	-847.1973	165.8843	1.547707	4.780155
2502	-673.353	-838.896	165.543	2.123481	4.688953
2508	-690.8659	-856.4669	165.601	1.425242	5.002021
2514	-686.8276	-851.7239	164.8963	1.584811	5.309542
2520	-689.62	-853.6938	164.0739	1.780944	5.664504
2526	-696.5384	-860.8196	164.2812	1.55222	5.664504
2532	-685.3603	-850.0575	164.6971	1.345897	5.543301
2538	-672.8307	-839.0129	166.1822	1.706648	4.531936
2544	-679.712	-844.2039	164.4919	2.100698	5.283662
2550	-691.0354	-854.6199	163.5845	2.176444	5.748322
2556	-686.9193	-852.9376	166.0183	2.176444	4.397469
2562	-675.261	-840.6561	165.395	1.32898	5.167413
2568	-671.4802	-837.3693	165.8891	1.32898	4.89308
2574	-665.8856	-830.7056	164.82	1.946398	5.174156
2580	-671.4996	-837.6172	166.1176	1.420442	4.716654
2586	-674.878	-840.6266	165.7486	1.391701	4.937737
2592	-673.2509	-837.4683	164.2175	1.854474	5.550202
2598	-681.7474	-846.0524	164.305	1.820443	5.518462
2604	-676.8063	-841.5314	164.7251	1.730094	5.331199
2610	-681.662	-847.4832	165.8212	1.46138	4.860477
2616	-688.8844	-853.9052	165.0208	1.568082	5.249285
2622	-692.1577	-858.0313	165.8737	1.80577	4.655554
2628	-683.3613	-848.5381	165.1768	2.07935	4.913787
2634	-681.4817	-847.0815	165.5998	1.846306	4.7888
2640	-677.6948	-841.9326	164.2379	1.846306	5.542912
2646	-671.3294	-837.0049	165.6755	1.446338	4.949482
2652	-680.6574	-844.9643	164.3069	1.503596	5.675286
2658	-669.9044	-835.9275	166.0232	1.533146	4.710143
2664	-658.4263	-824.2237	165.7974	1.427064	4.891844
2670	-663.3962	-828.8548	165.4586	2.011316	4.788521
2676	-669.474	-835.5856	166.1116	1.372094	4.745838
2682	-672.3143	-839.3013	166.987	1.258342	4.315691
2688	-674.2226	-839.6842	165.4616	1.531129	5.024142
2694	-668.8612	-835.2085	166.3472	1.342725	4.629748
2700	-673.266	-839.4082	166.1422	1.46315	4.680264
2706	-663.9453	-829.3792	165.4339	1.633581	4.987031
2712	-664.7387	-830.1937	165.455	1.610529	4.987031
2718	-665.9844	-831.2081	165.2238	1.86945	4.987031
2724	-672.521	-837.9404	165.4194	1.384645	5.124271
2730	-669.0525	-835.9317	166.8792	1.494478	4.248636
2736	-673.4525	-839.309	165.8565	1.195768	4.983588
2742	-666.6015	-830.8679	164.2664	1.769959	5.564157
2748	-675.2012	-839.9802	164.779	1.763304	5.285118
2754	-666.1096	-830.8482	164.7386	1.808937	5.285118
2760	-688.3405	-854.3721	166.0316	2.069049	4.440005
2766	-687.988	-852.6393	164.6513	1.671728	5.400869
2772	-698.757	-863.1597	164.4027	1.954262	5.400869
2778	-681.0049	-846.1677	165.1627	1.689862	5.109186
2784	-678.2646	-843.1659	164.9014	1.988528	5.109186
2790	-687.08	-852.7216	165.6416	2.022849	4.680773
2796	-685.1778	-849.4328	164.255	2.022849	5.450172
2802	-670.6705	-836.4442	165.7737	1.609408	4.810128
2808	-680.4334	-846.6465	166.213	1.385122	4.682099
2814	-678.6792	-843.7999	165.1207	1.510028	5.223893
2820	-683.623	-848.8882	165.2652	2.029752	4.887687
2826	-663.5508	-830.1442	166.5934	1.713593	4.296558
2832	-678.1401	-843.2743	165.1342	1.925171	5.010018
2838	-677.9566	-841.6398	163.6832	1.873694	5.833906
2844	-668.8875	-834.8232	165.9357	1.63003	4.709109
2850	-691.8491	-856.3439	164.4948	1.628171	5.508804
2856	-698.0308	-862.8695	164.8387	1.636553	5.315141
2862	-681.8247	-847.1245	165.2998	1.423033	5.170213
2868	-673.5805	-839.556	165.9755	1.271994	4.875796
2874	-684.6936	-849.8913	165.1977	1.689346	5.090041
2880	-687.4394	-852.111	164.6715	1.632561	5.409335
2886	-670.3234	-835.382	165.0587	1.575025	5.224832
2892	-687.4707	-853.1	165.6292	2.611066	4.425025
2898	-695.5558	-859.8702	164.3144	2.07201	5.394731
2904	-690.296	-854.5058	164.2097	2.07201	5.45239
2910	-673.5697	-838.3556	164.7859	1.633279	5.3459
2916	-674.8959	-839.8739	164.9781	1.821408	5.146616
2922	-669.8698	-835.2335	165.3637	1.472982	5.108635
2928	-681.9598	-846.9892	165.0293	1.754502	5.151002
2934	-677.669	-843.0587	165.3897	1.494193	5.083167
2940	-674.7978	-840.2245	165.4267	1.454897	5.083167
2946	-674.6117	-841.0373	166.4256	1.949018	4.274749
2952	-678.476	-844.2003	165.7242	1.866045	4.709662
2958	-668.9481	-833.8944	164.9463	1.813619	5.168006
2964	-667.9262	-832.6607	164.7345	1.64168	5.370055
2970	-659.7941	-824.5286	164.7345	1.64168	5.370055
2976	-660.1586	-824.9759	164.8172	2.090381	5.108398
2982	-682.6571	-847.4112	164.7541	1.673696	5.343212
2988	-686.9105	-850.9643	164.0537	1.976509	5.582389
2994	-686.8418	-850.5668	163.725	2.117305	5.697981
3000	-675.5189	-840.4735	164.9546	1.735539	5.201745
3006	-691.0689	-856.2368	165.1679	1.87064	5.0175
3012	-667.2365	-833.37	166.1335	1.818233	4.503572
3018	-675.6878	-840.7076	165.0198	2.001161	5.037568
3024	-668.3695	-834.248	165.8786	1.973104	4.571541
3030	-662.6821	-827.3447	164.6627	1.704421	5.378341
3036	-663.1778	-827.6715	164.4937	1.727986	5.459759
3042	-672.2583	-837.5098	165.2514	1.999492	4.909582
3048	-673.5909	-838.8643	165.2734	1.973597	4.909582
3054	-671.9965	-837.445	165.4485	1.772137	4.909582
3060	-669.2633	-834.4994	165.236	1.601859	5.112957
3066	-669.9377	-835.1738	165.236	1.601859	5.112957
3072	-674.0645	-838.6292	164.5647	2.393389	5.112957
3078	-669.1534	-834.5315	165.3781	1.614273	5.027845
3084	-686.1548	-851.5253	165.3705	1.614273	5.032056
3090	-671.7129	-836.8296	165.1167	1.603547	5.178182
3096	-671.8076	-837.2136	165.406	2.127744	4.763636
3102	-669.6749	-835.3927	165.7178	1.763582	4.763636
3108	-684.1466	-849.5659	165.4193	1.763582	4.930042
3114	-671.0047	-835.9631	164.9584	2.166716	4.995138
3120	-666.3833	-832.6581	166.2748	1.593558	4.537719
3126	-668.8	-832.3068	163.5069	1.921795	5.907537
3132	-686.9351	-852.356	165.4209	1.607159	5.007714
3138	-682.5899	-847.6172	165.0272	1.570787	5.244358
3144	-670.1692	-836.1103	165.9411	1.71504	4.662991
3150	-683.9945	-848.5453	164.5508	1.523671	5.531042
3156	-685.211	-850.1699	164.9588	2.10102	5.024947
3162	-680.0641	-845.8958	165.8317	1.611245	4.776821
3168	-667.806	-833.4348	165.6288	1.837737	4.776821
3174	-673.5776	-839.0675	165.4898	1.418542	5.067295
3180	-686.5417	-851.623	165.0813	1.847486	5.076733
3186	-683.0541	-847.666	164.6119	1.864294	5.328308
3192	-685.7757	-850.5155	164.7398	1.783968	5.296608
3198	-682.823	-849.3257	166.5026	1.298847	4.566377
3204	-679.5644	-844.2485	164.6841	2.275154	5.098641
3210	-669.4438	-835.9603	166.5165	1.832666	4.280302
3216	-680.0333	-844.4713	164.438	2.127128	5.301324
3222	-671.5763	-837.5683	165.9921	2.050393	4.471046
3228	-674.7092	-839.3945	164.6852	2.220194	5.122539
3234	-677.3026	-842.4206	165.1179	2.547096	4.739119
3240	-671.408	-836.1966	164.7886	1.903618	5.211852
3246	-677.19	-843.3202	166.1301	2.405329	4.230898
3252	-671.7103	-836.4821	164.7718	1.532933	5.404697
3258	-679.3228	-844.5385	165.2157	2.2794	4.801102
3264	-681.1492	-846.1663	165.0171	1.660991	5.204281
3270	-690.8142	-854.7592	163.945	2.016702	5.623381
3276	-682.9038	-847.9696	165.0658	2.335328	4.859858
3282	-684.8055	-850.654	165.8485	1.615323	4.765377
3288	-672.8677	-837.6271	164.7594	2.224345	5.079582
3294	-680.7971	-846.705	165.9079	1.734344	4.671893
3300	-674.4341	-839.9911	165.557	1.590367	4.94064
3306	-673.8062	-838.766	164.9598	1.894775	5.121334
3312	-671.3721	-836.559	165.1869	1.502822	5.19105
3318	-672.9694	-838.6297	165.6604	1.47612	4.942275
3324	-677.8819	-844.6246	166.7428	1.517314	4.313772
3330	-676.6407	-842.4018	165.7611	1.85193	4.695899
3336	-677.15	-842.5613	165.4113	1.625071	5.003934
3342	-673.411	-837.8972	164.4862	1.905733	5.377805
3348	-681.7289	-846.8144	165.0855	1.744598	5.124796
3354	-664.5153	-831.1261	166.6108	1.753879	4.266321
3360	-669.6881	-834.2657	164.5777	1.992409	5.286443
3366	-677.6957	-843.6426	165.9469	1.625505	4.705142
3372	-666.4433	-831.84	165.3968	1.411791	5.122449
3378	-684.5676	-849.8522	165.2846	1.530822	5.122449
3384	-682.1511	-847.7862	165.6351	1.42126	4.98517
3390	-668.2859	-833.7517	165.4658	1.831145	4.870981
3396	-675.1155	-840.0264	164.9109	1.435012	5.37876
3402	-684.4714	-850.3808	165.9093	1.51155	4.785012
3408	-681.9992	-847.0678	165.0685	1.633592	5.189636
3414	-675.0504	-840.0774	165.027	1.704174	5.177218
3420	-676.4756	-842.2714	165.7958	2.07305	4.570711
3426	-666.1867	-831.8776	165.6909	1.788563	4.766273
3432	-665.7167	-831.5605	165.8438	1.879886	4.635991
3438	-677.3664	-843.4753	166.1089	1.267099	4.80408
3444	-674.2466	-839.6512	165.4046	1.416368	5.115689
3450	-668.3601	-834.3295	165.9693	1.392625	4.814278
3456	-676.5055	-842.356	165.8505	1.413527	4.86941
3462	-679.7418	-845.2479	165.5061	1.544496	4.992511
3468	-698.3486	-863.7172	165.3686	1.694743	4.992511
3474	-685.1002	-850.2836	165.1834	1.457677	5.216444
3480	-681.6424	-847.6868	166.0444	1.592163	4.667674
3486	-672.3889	-837.7685	165.3796	1.580913	5.04404
3492	-684.7974	-850.2696	165.4722	1.709587	4.927463
3498	-700.0498	-864.1855	164.1357	1.859476	5.592703
3504	-684.9318	-849.5795	164.6477	1.654938	5.41121
3510	-682.0285	-846.4589	164.4304	1.667896	5.524359
3516	-678.5388	-843.5854	165.0466	1.738938	5.149131
3522	-670.2034	-835.5514	165.3479	1.322667	5.196849
3528	-671.307	-835.2384	163.9313	1.712418	5.776081
3534	-679.444	-844.3984	164.9544	1.422578	5.361259
3540	-690.3034	-854.5743	164.2709	1.893296	5.502307
3546	-688.1654	-853.5378	165.3724	1.45943	5.110897
3552	-676.8023	-841.1639	164.3616	2.316377	5.258932
3558	-684.5004	-849.555	165.0547	1.589164	5.219836
3564	-678.7304	-844.1191	165.3887	2.159086	4.75891
3570	-674.6442	-840.1167	165.4725	1.812383	4.876404
3576	-667.8922	-833.065	165.1727	1.584342	5.15695
3582	-680.1522	-846.3673	166.2151	1.368915	4.689644
3588	-682.0409	-848.0752	166.0343	1.419856	4.763515
3594	-678.5391	-843.8836	165.3445	1.576955	5.065524
3600	-675.7013	-840.1991	164.4977	1.716535	5.463186
3606	-678.5671	-843.5045	164.9375	1.826436	5.166665
3612	-681.4362	-846.8432	165.4069	1.318068	5.166665
3618	-688.0949	-853.5018	165.4069	1.318068	5.166665
3624	-694.5526	-859.4904	164.9378	1.684495	5.236363
3630	-679.7533	-845.9445	166.1912	1.444519	4.662684
3636	-665.2455	-830.4481	165.2026	1.660149	5.10201
3642	-674.3851	-838.4823	164.0972	1.660149	5.711084
3648	-670.0855	-834.1455	164.06	1.701266	5.711084
3654	-671.1718	-837.0617	165.8899	1.136029	4.997913
3660	-665.5442	-831.0777	165.5334	1.977799	4.762591
3666	-676.0353	-841.189	165.1537	1.903909	5.009364
3672	-674.8273	-840.3275	165.5001	1.518328	5.009364
3678	-681.534	-847.8123	166.2783	1.734532	4.463841
3684	-679.0257	-844.1409	165.1152	1.175728	5.404687
3690	-682.5131	-847.3716	164.8586	1.711688	5.266625
3696	-674.6832	-840.3122	165.629	2.080377	4.660835
3702	-668.0667	-833.0746	165.0079	1.843353	5.11942
3708	-678.2647	-843.5604	165.2958	1.348573	5.211869
3714	-682.922	-847.9649	165.0429	1.945933	5.050841
3720	-682.7073	-848.3716	165.6643	2.05422	4.653293
3726	-673.5292	-839.7745	166.2453	1.585107	4.558673
3732	-672.6822	-838.5972	165.9151	1.986298	4.544753
3738	-666.5154	-831.7345	165.2191	1.647745	5.099098
3744	-684.1098	-849.7188	165.609	2.145907	4.641677
3750	-679.5222	-844.9979	165.4757	2.188402	4.696823
3756	-673.0132	-838.913	165.8998	1.705057	4.691133
3762	-670.5514	-836.6036	166.0522	1.644596	4.636416
3768	-681.8783	-846.066	164.1877	1.865991	5.561045
3774	-672.0837	-837.7949	165.7113	1.956626	4.673215
3780	-669.8173	-835.2116	165.3943	1.879034	4.887548
3786	-673.5154	-838.6536	165.1382	1.8931	5.023158
3792	-688.5618	-853.1989	164.6372	2.143063	5.183999
3798	-680.0956	-844.6077	164.5122	1.739252	5.444052
3804	-679.1224	-845.1305	166.0081	1.667875	4.649281
3810	-677.9923	-843.4939	165.5017	1.666302	4.932799
3816	-686.1403	-850.2224	164.0821	1.822244	5.640001
3822	-699.8977	-864.1277	164.23	1.737619	5.599969
3828	-676.9726	-842.2069	165.2343	1.734188	5.047438
3834	-661.3413	-826.0189	164.6776	1.734188	5.355376
3840	-667.2082	-831.8407	164.6325	2.091984	5.209951
3846	-673.202	-838.618	165.416	1.701426	4.962805
3852	-671.8943	-838.4519	166.5576	2.096057	4.129485
3858	-670.8436	-838.3946	167.5509	1.553704	3.833759
3864	-674.4707	-842.1244	167.6537	1.565417	3.768358
3870	-672.3079	-839.4132	167.1053	1.728718	3.997802
3876	-672.3773	-837.965	165.5877	1.403156	5.021088
3882	-681.7466	-847.8907	166.1441	1.775605	4.518757
3888	-673.2732	-839.1692	165.896	1.451333	4.824036
3894	-674.5359	-840.2845	165.7487	2.159509	4.557061
3900	-680.0858	-845.4071	165.3213	1.833008	4.950516
3906	-685.5626	-851.634	166.0714	1.917879	4.489761
3912	-676.7669	-842.9775	166.2106	1.285138	4.737468
3918	-673.8323	-840.4833	166.651	1.5771	4.334259
3924	-685.5975	-852.1981	166.6006	1.631988	4.334259
3930	-674.4135	-839.7117	165.2982	1.722826	5.017592
3936	-675.5976	-841.1993	165.6017	1.395105	5.017592
3942	-684.8729	-849.6303	164.7574	1.334761	5.516088
3948	-679.1688	-844.9995	165.8307	1.529462	4.819542
3954	-680.1385	-845.5408	165.4022	1.632602	5.00513
3960	-684.2267	-848.3142	164.0874	1.632602	5.73017
3966	-687.5319	-852.4444	164.9125	1.34409	5.425809
3972	-691.3874	-856.4038	165.0163	1.842885	5.114993
3978	-680.4648	-845.4957	165.0309	1.751331	5.151697
3984	-687.2982	-851.9698	164.6717	1.807395	5.322823
3990	-692.3996	-857.6036	165.204	1.751331	5.055741
3996	-688.1687	-853.0641	164.8954	1.775823	5.214622
4002	-681.344	-846.3178	164.9738	1.54529	5.286958
4008	-688.0282	-852.9541	164.9259	1.649242	5.260612
4014	-685.0509	-850.5462	165.4953	1.674478	4.932233
4020	-682.9939	-849.3929	166.399	1.674478	4.426245
4026	-688.4661	-852.4702	164.0041	2.254161	5.48347
4032	-682.1848	-847.3005	165.1157	1.665576	5.147437
4038	-672.1198	-836.9906	164.8707	1.736046	5.247848
4044	-690.8479	-855.8113	164.9634	1.951604	5.092229
4050	-678.0736	-844.5371	166.4636	1.443376	4.510417
4056	-680.7928	-846.6022	165.8095	1.290433	4.958218
4062	-685.7118	-850.8404	165.1286	1.973485	4.990186
4068	-678.3835	-843.966	165.5825	2.701093	4.413595
4074	-681.498	-845.7715	164.2734	2.73867	5.129486
4080	-694.9853	-858.2513	163.266	2.278336	5.877518
4086	-676.5036	-841.0304	164.5267	1.8095	5.401719
4092	-680.8232	-845.3055	164.4823	1.8095	5.426197
4098	-689.0235	-854.3223	165.2987	1.909721	4.92594
4104	-677.6959	-843.3507	165.6548	1.810486	4.775668
4110	-671.0025	-836.6306	165.6282	1.84081	4.775668
4116	-681.2287	-845.5627	164.334	2.109614	5.3667
4122	-679.0997	-843.7397	164.6399	1.7332	5.376639
4128	-680.0565	-843.8812	163.8246	1.953566	5.718803
4134	-676.5618	-841.6109	165.0491	2.120877	4.965683
4140	-686.2919	-850.6899	164.398	1.995908	5.383908
4146	-692.7917	-858.4398	165.6481	2.099694	4.641141
4152	-691.9599	-855.8452	163.8853	1.885925	5.717467
4158	-682.2042	-846.9792	164.775	2.443119	4.974754
4164	-690.4813	-855.7071	165.2258	1.457506	5.193066
4170	-675.3706	-840.4961	165.1255	1.780416	5.084961
4176	-672.0948	-836.1593	164.0645	1.38671	5.868547
4182	-679.143	-845.1877	166.0448	1.693289	4.615847
4188	-675.9855	-841.0115	165.026	1.93694	5.064464
4194	-678.9213	-844.7061	165.7848	1.39283	4.917016
4200	-674.6483	-840.4506	165.8023	1.375788	4.916337
4206	-677.4558	-842.7241	165.2683	1.64844	5.071453
4212	-678.714	-843.6447	164.9307	1.64844	5.258359
4218	-679.8188	-844.3785	164.5597	2.074241	5.258359
4224	-685.8952	-851.7957	165.9005	1.312189	4.895823
4230	-677.2631	-841.9985	164.7355	1.406905	5.490072
4236	-673.6351	-837.4474	163.8123	1.72767	5.833728
4242	-673.1148	-838.4163	165.3014	2.107898	4.831133
4248	-680.8094	-844.9534	164.1439	1.877231	5.579729
4254	-670.365	-835.9709	165.6059	2.364986	4.544546
4260	-664.8557	-829.5113	164.6556	1.58562	5.441834
4266	-671.3746	-836.642	165.2675	1.927289	4.934934
4272	-672.126	-838.0677	165.9417	1.933821	4.554947
4278	-668.4632	-834.1406	165.6774	1.84509	4.74608
4284	-665.8637	-832.5145	166.6508	1.975443	4.134119
4290	-687.4225	-852.252	164.8294	1.975443	5.155202
4296	-690.415	-856.433	166.018	1.459574	4.751576
4302	-701.7857	-867.2535	165.4678	1.973552	4.80125
4308	-679.6634	-845.8285	166.1651	1.329213	4.738984
4314	-680.5457	-845.3475	164.8017	1.433594	5.43963
4320	-686.2971	-851.4894	165.1923	1.910332	4.984853
4326	-672.8967	-838.5047	165.6081	1.555773	4.929992
4332	-667.9888	-833.1995	165.2107	1.701322	5.076871
4338	-665.301	-830.6653	165.3643	1.533566	5.076871
4344	-660.2893	-826.2966	166.0073	1.452418	4.761369
4350	-656.8958	-823.3411	166.4452	1.288567	4.604201
4356	-649.6786	-815.4506	165.7721	1.535226	4.849265
4362	-668.4794	-833.8368	165.3575	1.577057	5.058293
4368	-661.8729	-828.2217	166.3488	1.577057	4.504645
4374	-668.7174	-833.9378	165.2204	1.695764	5.074248
4380	-665.2011	-830.84	165.6389	1.740274	4.819253
4386	-676.1388	-841.764	165.6252	1.612455	4.891369
4392	-667.1466	-832.9976	165.851	1.589097	4.777382
4398	-680.583	-845.1043	164.5213	1.831881	5.39386
4404	-690.7109	-856.0438	165.3329	1.981357	4.872768
4410	-674.5797	-839.5548	164.9751	1.797139	5.160088
4416	-680.0632	-845.52	165.4568	1.520449	5.032344
4422	-670.6243	-835.5772	164.9529	1.533869	5.304346
4428	-666.428	-831.7676	165.3396	1.82847	4.942529
4434	-658.0491	-823.7923	165.7432	1.512935	4.876941
4440	-661.7393	-827.9427	166.2034	1.618014	4.565241
4446	-685.662	-850.8703	165.2084	1.522217	5.169122
4452	-689.122	-853.192	164.0701	1.696698	5.707846
4458	-671.5536	-836.8297	165.2761	2.07444	4.860775
4464	-678.0874	-844.7611	166.6737	1.876111	4.169679
4470	-683.9648	-848.5313	164.5665	1.876111	5.347664
4476	-672.3514	-837.323	164.9716	1.430442	5.347664
4482	-672.5647	-836.6883	164.1236	1.962378	5.550633
4488	-671.1599	-837.2671	166.1072	1.391886	4.737695
4494	-661.8997	-828.607	166.7073	1.679353	4.249523
4500	-676.1359	-841.3035	165.1676	1.660339	5.121274
4506	-677.2391	-843.2728	166.0338	1.278236	4.839937
4512	-677.972	-843.2833	165.3113	1.887785	4.929504
4518	-692.3442	-857.1568	164.8126	1.472215	5.413549
4524	-671.9995	-837.7722	165.7727	1.705215	4.762122
4530	-669.8726	-835.6201	165.7475	1.609714	4.824602
4536	-678.4048	-843.9905	165.5857	1.78935	4.824602
4542	-677.7821	-843.8308	166.0486	2.015364	4.455779
4548	-682.9474	-847.2852	164.3378	1.728217	5.545404
4554	-679.7682	-845.0379	165.2697	2.440063	4.700176
4560	-678.7706	-842.5168	163.7462	2.388172	5.566734
4566	-677.3958	-842.2588	164.863	2.161678	5.050388
4572	-673.0922	-838.6225	165.5303	1.857263	4.822294
4578	-677.0273	-841.9138	164.8865	1.666839	5.273547
4584	-676.6539	-842.3963	165.7424	1.801407	4.731184
4590	-675.167	-841.2805	166.1135	1.358557	4.752044
4596	-677.514	-842.8287	165.3147	1.894652	4.924298
4602	-678.038	-842.1365	164.0985	1.840529	5.622243
4608	-676.3209	-841.5557	165.2349	2.217622	4.818129
4614	-673.2055	-839.0608	165.8553	1.571772	4.783926
4620	-673.1794	-838.4684	165.2889	1.878305	4.946526
4626	-682.8027	-846.7961	163.9934	2.181152	5.521879
4632	-666.1696	-832.4241	166.2544	1.518955	4.587978
4638	-658.2757	-824.2726	165.9969	2.843578	4.120088
4644	-678.7421	-845.3813	166.6392	2.843578	3.752146
4650	-689.4903	-855.3926	165.9024	1.834165	4.625503
4656	-680.9273	-846.0659	165.1386	1.644605	5.145308
4662	-689.5716	-853.7059	164.1343	1.85691	5.594726
4668	-675.1383	-840.2118	165.0735	1.69549	5.155795
4674	-691.1822	-855.9215	164.7393	1.465749	5.45724
4680	-685.059	-850.4253	165.3664	1.877858	4.903653
4686	-678.0944	-843.504	165.4096	1.828293	4.903653
4692	-691.2583	-854.9599	163.7016	1.743203	5.886641
4698	-693.589	-858.6152	165.0262	1.808327	5.126353
4704	-673.5187	-839.0705	165.5518	1.507551	4.986244
4710	-686.604	-851.9964	165.3924	1.608071	5.023035
4716	-677.5102	-842.5276	165.0174	1.843956	5.113912
4722	-681.9497	-847.182	165.2323	1.731289	5.049984
4728	-669.9437	-835.9703	166.0266	1.90351	4.521923
4734	-672.0142	-837.978	165.9638	1.617538	4.699764
4740	-670.5528	-836.2748	165.722	2.040741	4.627291
4746	-676.5215	-841.7121	165.1906	2.040741	4.924105
4752	-676.5874	-842.2403	165.6529	1.860929	4.752024
4758	-674.2027	-839.8556	165.6529	1.860929	4.752024
4764	-677.9164	-842.9661	165.0497	1.720884	5.156344
4770	-677.7434	-843.1211	165.3777	2.103136	4.790781
4776	-687.0563	-852.7944	165.7382	1.399336	4.939507
4782	-683.6386	-849.2896	165.6511	1.491325	4.939507
4788	-689.6392	-854.4819	164.8427	1.733114	5.264775
4794	-689.5651	-854.8281	165.2629	2.047346	4.880713
4800	-671.2705	-836.9153	165.6448	1.769519	4.801457
4806	-675.3955	-840.4643	165.0688	1.499371	5.25811
4812	-689.6528	-855.4196	165.7668	1.826327	4.705246
4818	-670.7798	-836.5772	165.7974	1.730995	4.735405
4824	-673.7652	-839.5297	165.7644	1.727884	4.755376
4830	-665.4016	-830.4418	165.0402	1.781505	5.131687
4836	-673.6524	-838.1373	164.485	1.49958	5.579619
4842	-685.704	-850.1603	164.4562	1.530317	5.579619
4848	-682.7297	-847.7012	164.9715	1.76689	5.17691
4854	-696.7621	-861.7962	165.0341	2.136043	4.967076
4860	-691.7678	-857.3332	165.5654	1.544893	4.959337
4866	-695.0087	-859.608	164.5992	1.621245	5.45484
4872	-692.6226	-856.9937	164.3711	1.572256	5.604984
4878	-688.2808	-854.1725	165.8917	1.338896	4.886344
4884	-673.8119	-838.3765	164.5646	1.431889	5.570921
4890	-660.7388	-826.3811	165.6423	1.431889	4.975552
4896	-665.8404	-831.515	165.6747	1.606845	4.866683
4902	-662.5554	-827.3048	164.7494	1.529815	5.418631
4908	-668.5686	-834.0871	165.5185	1.497881	5.00977
4914	-675.7378	-841.0491	165.3113	1.675988	5.03373
4920	-685.9269	-851.3258	165.399	1.567213	5.040296
4926	-674.2479	-839.5582	165.3103	1.664055	5.040296
4932	-671.3587	-836.7478	165.3891	1.57793	5.040296
4938	-676.3542	-841.4643	165.1101	1.384801	5.295271
4944	-674.9087	-841.6758	166.767	1.479229	4.32023
4950	-668.185	-833.1961	165.0112	1.778531	5.149245
4956	-677.9602	-843.8274	165.8672	1.438053	4.847137
4962	-680.8174	-845.8641	165.0467	1.640732	5.198105
4968	-685.3136	-851.3999	166.0862	1.757752	4.560184
4974	-688.1032	-853.0709	164.9676	1.697659	5.213308
4980	-691.2973	-855.7883	164.4911	2.257652	5.213308
4986	-675.8226	-841.4047	165.5821	1.753998	4.844099
4992	-676.2614	-842.9683	166.7069	1.64815	4.265819
4998	-677.8851	-843.6653	165.7801	1.562765	4.830528
5004	-690.536	-854.9498	164.4138	2.141446	5.308189
5010	-672.8748	-837.7716	164.8968	1.768471	5.217455
5016	-685.5694	-850.3022	164.7328	1.810926	5.28736
5022	-696.309	-859.9762	163.6672	2.047209	5.761586
5028	-683.1593	-849.229	166.0697	2.064282	4.420787
5034	-677.0157	-842.8283	165.8126	2.064282	4.565384
5040	-679.8619	-845.7792	165.9173	1.297209	4.894539
5046	-683.6374	-848.6711	165.0337	2.114519	4.977138
5052	-681.6209	-847.0741	165.4532	1.631911	4.977138
5058	-685.637	-850.8944	165.2574	2.144993	4.838644
5064	-680.6173	-845.2473	164.6301	1.994681	5.256424
5070	-675.1624	-840.5911	165.4286	1.748981	4.932091
5076	-689.3588	-855.2279	165.8691	1.57104	4.776624
5082	-684.1049	-847.8061	163.7013	2.033564	5.749221
5088	-674.0903	-839.3686	165.2783	1.765034	5.007725
5094	-671.8671	-837.6929	165.8257	1.682872	4.743744
5100	-684.7968	-849.6515	164.8547	1.681359	5.283833
5106	-672.1243	-838.2048	166.0805	1.574372	4.656643
5112	-675.2575	-840.1242	164.8666	1.316416	5.465762
5118	-675.7718	-840.2077	164.4358	1.78071	5.465762
5124	-683.8521	-848.3964	164.5443	2.328245	5.152669
5130	-682.4531	-848.5538	166.1007	2.229539	4.326572
5136	-677.5494	-842.6003	165.051	1.906493	5.065156
5142	-676.4236	-841.1383	164.7147	1.625102	5.389296
5148	-678.4586	-844.5948	166.1362	1.523047	4.652146
5154	-689.9407	-853.7623	163.8216	2.028904	5.68545
5160	-680.6813	-846.9612	166.2799	1.213857	4.737716
5166	-673.8431	-838.594	164.7509	1.794502	5.285363
5172	-684.9094	-849.8747	164.9653	1.543933	5.292332
5178	-674.4322	-839.9496	165.5173	1.694777	4.909762
5184	-670.2124	-835.1656	164.9532	1.524742	5.30884
5190	-681.4047	-846.8265	165.4218	2.138842	4.749688
5196	-674.6441	-839.8688	165.2247	2.103072	4.876132
5202	-683.1433	-848.7265	165.5832	1.507879	4.968628
5208	-666.5365	-832.2176	165.6811	1.789415	4.771323
5214	-687.756	-852.4482	164.6922	1.368608	5.533992
5220	-690.3684	-856.8838	166.5155	1.217256	4.603941
5226	-686.1715	-851.8059	165.6344	1.456218	4.967181
5232	-677.6328	-842.0096	164.3768	1.985027	5.400673
5238	-675.9984	-840.6355	164.6371	2.299654	5.113852
5244	-680.5389	-845.612	165.0731	2.117848	4.953705
5250	-684.2189	-850.3324	166.1135	1.385548	4.737543
5256	-669.126	-833.6368	164.5108	1.680632	5.473801
5262	-677.4092	-842.9666	165.5574	2.194081	4.648504
5268	-680.9066	-845.4364	164.5299	1.58572	5.510954
5274	-675.3475	-840.9714	165.6238	1.797459	4.799361
5280	-675.4988	-841.531	166.0322	1.718755	4.610072
5286	-675.3555	-839.5126	164.1571	1.891972	5.565478
5292	-692.6897	-857.9166	165.2269	2.141896	4.857045
5298	-684.1123	-849.6265	165.5142	1.647469	4.935373
5304	-674.9393	-840.5416	165.6023	1.551603	4.935373
5310	-670.908	-835.887	164.979	1.775523	5.168542
5316	-674.2037	-839.0905	164.8868	1.717473	5.248178
5322	-675.7239	-840.8198	165.0959	1.521501	5.231684
5328	-679.9362	-844.9254	164.9892	1.916753	5.094487
5334	-681.9117	-846.1816	164.2699	1.673211	5.609846
5340	-687.8469	-852.4468	164.5998	1.731626	5.399503
5346	-684.5853	-848.3361	163.7508	1.767862	5.847755
5352	-691.3521	-855.5329	164.1809	1.90543	5.546017
5358	-687.8258	-852.9445	165.1187	1.469186	5.246205
5364	-687.3606	-852.1975	164.8369	1.876954	5.197938
5370	-684.1287	-850.2384	166.1097	1.912458	4.470789
5376	-676.9749	-841.7467	164.7718	2.242115	5.064757
5382	-671.8888	-837.4424	165.5536	1.602206	4.936444
5388	-689.3503	-853.0014	163.6512	1.602206	5.983877
5394	-682.3839	-847.5905	165.2065	1.605406	5.127513
5400	-694.7592	-860.4631	165.7039	1.793222	4.756707
5406	-695.3736	-859.4637	164.0901	1.583973	5.753144
5412	-687.1736	-852.3504	165.1768	2.147274	4.88249
5418	-700.6276	-864.0081	163.3805	1.59787	6.13355
5424	-681.2788	-846.6766	165.3977	1.827803	4.910496
5430	-682.3386	-846.7264	164.3879	1.885598	5.441584
5436	-679.8837	-845.8163	165.9326	1.770526	4.639999
5442	-682.0105	-847.7948	165.7843	1.770526	4.723044
5448	-689.0594	-855.4478	166.3884	1.707177	4.415612
5454	-686.8497	-852.5685	165.7187	1.336313	4.983956
5460	-684.7579	-851.22	166.4621	2.171896	4.148266
5466	-684.5909	-848.3232	163.7323	1.978187	5.757864
5472	-687.2779	-852.4998	165.2219	1.991645	4.929695
5478	-691.5416	-856.8054	165.2639	1.681952	5.057071
5484	-684.3349	-849.5988	165.2639	1.681952	5.057071
5490	-693.8572	-859.1464	165.2892	1.346616	5.216577
5496	-688.9404	-853.7337	164.7933	1.537134	5.390714
5502	-687.689	-852.4647	164.7757	1.827829	5.255453
5508	-689.8645	-855.1569	165.2925	1.580845	5.092401
5514	-699.7068	-864.9112	165.2044	1.677309	5.092401
5520	-670.9668	-836.1711	165.2043	1.677309	5.092411
5526	-682.2278	-847.1474	164.9196	1.955369	5.114709
5532	-666.5435	-831.5905	165.0469	1.44816	5.296829
5538	-675.2872	-841.5702	166.2829	1.360076	4.656406
5544	-672.357	-836.9769	164.6199	1.99229	5.263189
5550	-684.6611	-849.1817	164.5206	2.170842	5.235892
5556	-683.2146	-848.992	165.7774	1.701579	4.761326
5562	-677.6014	-843.211	165.6096	2.059554	4.681415
5568	-678.3576	-844.4586	166.101	1.898352	4.482556
5574	-678.1221	-842.9045	164.7825	1.898352	5.217754
5580	-684.3096	-850.1281	165.8185	1.708976	4.734646
5586	-676.1578	-842.3001	166.1423	2.164817	4.332858
5592	-678.4877	-844.4095	165.9218	1.554214	4.755882
5598	-672.6483	-838.5413	165.893	1.585338	4.755882
5604	-674.1186	-840.7203	166.6017	1.701673	4.297925
5610	-675.1642	-840.9139	165.7497	1.750405	4.752373
5616	-674.3478	-840.6219	166.2741	1.4091	4.635081
5622	-675.296	-841.221	165.925	1.789058	4.635081
5628	-686.1327	-852.0856	165.953	1.257856	4.896028
5634	-676.3068	-842.8627	166.5559	1.527552	4.413919
5640	-687.8683	-854.2954	166.4271	1.410601	4.54842
5646	-674.9738	-840.1906	165.2168	1.935094	4.959402
5652	-674.3038	-839.4198	165.116	1.593033	5.18394
5658	-672.0679	-837.4071	165.3392	1.475705	5.12082
5664	-683.3358	-850.0151	166.6793	1.711563	4.248928
5670	-677.6906	-844.408	166.7174	1.66943	4.248928
5676	-671.6744	-837.5611	165.8866	1.609697	4.746924
5682	-663.7724	-829.5768	165.8044	1.428932	4.88696
5688	-669.7453	-835.5267	165.7814	1.453205	4.88696
5694	-695.5481	-859.5222	163.9741	1.87957	5.671776
5700	-675.0637	-840.3432	165.2795	1.992344	4.897314
5706	-681.6073	-847.0174	165.41	1.342245	5.152019
5712	-676.0678	-841.3537	165.2858	1.472516	5.152019
5718	-673.5524	-838.1155	164.5631	2.008583	5.286922
5724	-665.4852	-830.4359	164.9507	1.901772	5.123004
5730	-684.8495	-851.7802	166.9307	1.996879	3.964123
5736	-682.5793	-848.5015	165.9222	1.709324	4.676452
5742	-673.563	-839.5713	166.0083	1.858503	4.554126
5748	-687.3312	-852.3485	165.0172	1.963829	5.056596
5754	-669.9679	-835.1893	165.2214	1.963829	4.943172
5760	-670.9206	-836.2844	165.3638	2.004731	4.84448
5766	-690.786	-856.0772	165.2911	1.450893	5.16039
5772	-691.2518	-856.8964	165.6446	2.149871	4.619887
5778	-686.5301	-852.5374	166.0074	1.770349	4.598161
5784	-676.1373	-841.7474	165.6101	1.387648	5.016899
5790	-687.0214	-852.573	165.5516	2.140086	4.676521
5796	-699.0037	-866.067	167.0633	1.402508	4.193564
5802	-679.45	-845.402	165.952	1.904625	4.563265
5808	-681.0648	-846.6462	165.5814	2.151966	4.65433
5814	-671.9241	-836.7474	164.8233	2.114827	5.093807
5820	-685.2374	-849.4061	164.1687	1.577809	5.713211
5826	-680.1241	-844.4924	164.3683	1.693109	5.545977
5832	-669.1593	-834.7021	165.5428	1.818222	4.834345
5838	-674.0401	-839.3258	165.2857	1.996741	4.891793
5844	-666.3459	-831.7963	165.4504	1.783298	4.903002
5850	-676.038	-841.046	165.008	1.454345	5.315078
5856	-678.0553	-843.0961	165.0408	1.871293	5.087704
5862	-677.2812	-841.42	164.1388	1.693584	5.671699
5868	-677.3978	-841.84	164.4422	1.531302	5.586799
5874	-677.8006	-842.3209	164.5203	1.332106	5.647711
5880	-679.6275	-844.8499	165.2225	1.705954	5.068037
5886	-678.7136	-843.5787	164.8652	1.365255	5.44064
5892	-673.839	-839.5215	165.6825	1.79245	4.769072
5898	-677.5267	-842.006	164.4793	1.392935	5.638144
5904	-688.8058	-853.4941	164.6883	1.731338	5.350861
5910	-680.9552	-845.7231	164.768	1.643139	5.350861
5916	-677.4301	-843.6941	166.2641	1.14858	4.782562
5922	-670.7804	-836.3864	165.6061	1.427801	4.997872
5928	-678.8191	-844.0345	165.2154	1.856632	4.997872
5934	-688.0131	-851.7059	163.6929	2.243268	5.659228
5940	-697.7937	-864.0815	166.2878	1.335933	4.666722
5946	-691.6581	-857.5224	165.8643	1.665236	4.731092
5952	-682.3942	-847.3232	164.929	1.703488	5.231787
5958	-674.1124	-838.922	164.8096	1.913634	5.195481
5964	-686.2341	-851.4248	165.1907	2.012458	4.937248
5970	-676.4303	-842.005	165.5747	1.680805	4.884823
5976	-682.8547	-847.1976	164.3429	2.170799	5.334035
5982	-691.974	-856.7704	164.7964	1.53083	5.392242
5988	-673.5594	-838.5058	164.9464	1.885871	5.132997
5994	-678.6525	-843.6886	165.0361	1.979035	5.038905
6000	-696.5743	-861.8836	165.3093	2.242196	4.765478
6006	-676.4363	-842.1635	165.7272	1.493283	4.896097
6012	-679.6115	-844.127	164.5155	2.129359	5.257526
6018	-668.0066	-833.4749	165.4682	1.466634	5.053986
6024	-674.9851	-839.9242	164.9391	1.868509	5.145389
6030	-679.6314	-844.4261	164.7947	1.658396	5.328477
6036	-680.6356	-845.6893	165.0538	1.588339	5.22075
6042	-666.3448	-831.3045	164.9596	1.691622	5.22075
6048	-685.3283	-850.5998	165.2716	2.007752	4.894463
6054	-681.1705	-846.3678	165.1973	1.97085	4.953238
6060	-696.3747	-859.9791	163.6044	1.80005	5.912172
6066	-689.2838	-854.2863	165.0025	1.550073	5.268627
6072	-679.2039	-845.1076	165.9037	1.904155	4.590619
6078	-681.7645	-846.2876	164.5231	1.696935	5.458928
6084	-662.1269	-826.6665	164.5397	1.498915	5.549902
6090	-673.0679	-837.6076	164.5397	1.498915	5.549902
6096	-670.988	-836.0072	165.0193	1.78556	5.141311
6102	-668.1365	-833.3794	165.2429	1.551479	5.134914
6108	-676.1731	-840.5324	164.3593	1.832516	5.482793
6114	-674.6972	-840.8597	166.1624	1.610276	4.59219
6120	-681.2784	-847.0157	165.7373	1.65115	4.809186
6126	-671.639	-837.6814	166.0423	1.861789	4.533397
6132	-678.4829	-845.5306	167.0477	1.50244	4.148727
6138	-677.167	-842.4957	165.3287	1.925502	4.901712
6144	-676.3143	-841.643	165.3287	1.925502	4.901712
6150	-663.986	-830.1278	166.1418	1.463425	4.680323
6156	-668.9448	-834.6074	165.6626	1.92966	4.7134
6162	-676.3933	-841.1541	164.7609	1.663405	5.344621
6168	-670.9103	-836.3333	165.423	1.577795	5.02156
6174	-669.3594	-835.09	165.7306	1.915139	4.682317
6180	-678.3547	-844.0262	165.6714	1.984315	4.682317
6186	-680.7852	-846.479	165.6937	1.595839	4.861682
6192	-680.3593	-845.2548	164.8956	1.512311	5.347078
6198	-690.5063	-855.3821	164.8758	1.590594	5.317911
6204	-685.8192	-849.573	163.7537	1.962388	5.753499
6210	-678.3711	-844.2464	165.8752	1.467619	4.827056
6216	-690.369	-856.2683	165.8993	1.25083	4.929716
6222	-671.6704	-838.0674	166.397	2.166661	4.1877
6228	-671.0634	-835.3702	164.3068	1.973737	5.44452
6234	-681.5163	-846.1942	164.6779	2.164145	5.151892
6240	-672.9144	-837.1271	164.2127	1.51841	5.71932
6246	-683.3602	-847.2811	163.9209	1.837422	5.721084
6252	-674.5183	-840.4041	165.8857	2.083143	4.515468
6258	-692.6303	-858.6631	166.0328	2.321483	4.323363
6264	-691.7166	-858.065	166.3483	1.575055	4.505977
6270	-686.8496	-851.487	164.6375	1.951305	5.272751
6276	-677.1407	-841.7662	164.6255	1.975841	5.267788
6282	-679.838	-844.1337	164.2956	1.711248	5.576907
6288	-676.013	-841.3533	165.3404	2.124903	4.801577
6294	-681.5337	-846.9467	165.413	1.891436	4.8711
6300	-677.3676	-841.9324	164.5648	1.886893	5.343449
6306	-685.7947	-850.6768	164.882	1.798961	5.210721
6312	-680.0246	-845.5682	165.5437	1.635007	4.92526
6318	-682.4883	-847.8075	165.3192	2.077367	4.835369
6324	-699.3019	-863.1225	163.8207	2.077367	5.663707
6330	-688.4036	-853.1764	164.7728	1.578228	5.381005
6336	-699.9522	-865.7798	165.8277	1.943526	4.614274
6342	-681.7448	-846.0476	164.3027	1.683282	5.586842
6348	-684.2221	-848.8811	164.659	1.449411	5.50992
6354	-691.1564	-855.2744	164.118	1.563228	5.748333
6360	-690.0853	-855.0924	165.0071	1.852751	5.115336
6366	-688.0366	-852.9911	164.9545	1.805822	5.167261
6372	-690.7398	-855.0115	164.2717	1.805822	5.543847
6378	-688.5471	-853.4265	164.8794	1.540324	5.341556
6384	-694.907	-860.2146	165.3077	1.14655	5.31451
6390	-687.0418	-851.3213	164.2795	1.708973	5.58689
6396	-697.2217	-861.4998	164.2781	1.955209	5.469038
6402	-681.7588	-845.732	163.9733	1.862311	5.680483
6408	-676.7116	-842.5139	165.8023	2.405753	4.416048
6414	-683.9033	-848.9746	165.0713	2.176543	4.927888
6420	-690.8925	-855.9206	165.0281	1.574249	5.242132
6426	-682.7351	-848.2382	165.5031	1.449687	5.043554
6432	-696.4512	-860.9938	164.5426	1.666277	5.463444
6438	-677.5824	-843.4599	165.8775	1.188394	4.975984
6444	-681.6991	-846.2743	164.5752	1.676121	5.440564
6450	-686.2218	-850.7036	164.4818	1.991247	5.339886
6456	-691.8967	-855.9193	164.0226	2.001144	5.588018
6462	-686.2486	-851.61	165.3614	1.647298	5.020379
6468	-697.3027	-863.8727	166.57	1.98413	4.175879
6474	-687.2024	-852.1589	164.9566	1.750405	5.193299
6480	-668.1708	-833.6469	165.4761	1.626563	4.967174
6486	-688.831	-854.5019	165.6709	1.626563	4.858696
6492	-687.2615	-851.8048	164.5433	1.638497	5.476945
6498	-682.0441	-847.6019	165.5578	1.833298	4.818611
6504	-707.7497	-871.4456	163.6959	1.647068	5.937084
6510	-687.9206	-854.1909	166.2702	1.357438	4.66494
6516	-695.3319	-859.4388	164.1069	2.029348	5.528643
6522	-692.3983	-857.7625	165.3642	1.998177	4.847382
6528	-692.2305	-857.9176	165.6871	1.840704	4.742791
6534	-690.5076	-855.562	165.0544	2.264846	4.897526
6540	-690.341	-856.3726	166.0316	2.011378	4.46725
6546	-686.5864	-850.9035	164.3172	1.602272	5.619422
6552	-683.2752	-848.4741	165.1988	1.884009	4.993863
6558	-678.4744	-844.9622	166.4878	2.071029	4.181041
6564	-671.1846	-836.3033	165.1187	1.544076	5.207468
6570	-677.0878	-843.2751	166.1873	1.431306	4.671848
6576	-677.5001	-844.0766	166.5765	1.88453	4.220677
6582	-678.9866	-844.2062	165.2197	1.943778	4.953655
6588	-687.7192	-852.8666	165.1474	1.589499	5.168332
6594	-691.1374	-855.985	164.8476	1.818915	5.220015
6600	-680.2233	-846.419	166.1956	1.589499	4.584264
6606	-677.9281	-843.9259	165.9977	1.619226	4.679909
6612	-679.8804	-844.951	165.0706	1.670194	5.170063
6618	-678.4175	-843.3268	164.9093	1.860442	5.16577
6624	-695.5074	-859.3972	163.8898	1.5738	5.867856
6630	-679.9403	-844.8021	164.8618	2.01223	5.119982
6636	-675.7152	-842.1581	166.4428	2.095724	4.19488
6642	-671.5289	-836.7054	165.1766	1.793163	5.050366
6648	-667.0963	-832.273	165.1767	1.710152	5.09132
6654	-681.5778	-846.6918	165.114	1.710152	5.126071
6660	-680.3844	-845.5263	165.142	2.071698	4.936729
6666	-673.2766	-838.9661	165.6896	2.08688	4.623872
6672	-677.7511	-842.8817	165.1306	1.755956	5.094186
6678	-680.7694	-845.9259	165.1566	1.726807	5.094186
6684	-676.8187	-842.2328	165.4141	2.150573	4.748568
6690	-676.7847	-841.7804	164.9958	1.578477	5.257834
6696	-684.7763	-850.8823	166.106	1.666129	4.595287
6702	-684.5824	-850.1088	165.5264	1.857649	4.82428
6708	-688.9917	-853.7758	164.7841	2.430942	4.974924
6714	-695.4592	-860.7393	165.2801	1.644462	5.06694
6720	-673.7638	-839.1039	165.3401	1.815548	4.948537
6726	-677.7401	-842.0082	164.2681	2.026311	5.441314
6732	-675.233	-840.6903	165.4574	1.724336	4.928364
6738	-677.2317	-842.1729	164.9413	2.33726	4.928364
6744	-671.5437	-837.5495	166.0058	1.654093	4.657598
6750	-687.9524	-853.7107	165.7583	1.934276	4.657598
6756	-686.2949	-850.8398	164.5449	2.059194	5.273458
6762	-672.9989	-838.45	165.4511	1.691862	4.948071
6768	-681.5527	-845.8116	164.2589	1.774679	5.566015
6774	-678.4094	-843.2562	164.8468	1.937602	5.163488
6780	-689.6813	-853.6948	164.0135	1.608432	5.782765
6786	-682.9802	-848.5031	165.5229	1.770887	4.868753
6792	-666.4157	-831.688	165.2723	2.061833	4.868753
6798	-682.4658	-847.9654	165.4995	2.314913	4.626473
6804	-691.6166	-856.1961	164.5795	1.978053	5.292141
6810	-677.2311	-842.5744	165.3433	2.338728	4.703409
6816	-677.7703	-842.2149	164.4446	2.050986	5.332639
6822	-687.821	-854.0032	166.1822	1.519685	4.62808
6828	-668.863	-834.9265	166.0635	1.146748	4.895403
6834	-689.3533	-853.6873	164.3339	1.858918	5.484025
6840	-677.9229	-843.7942	165.8713	2.455516	4.35531
6846	-677.8253	-843.2297	165.4043	1.893896	4.87475
6852	-687.314	-853.7163	166.4023	1.361686	4.588605
6858	-673.5794	-839.1517	165.5723	1.431842	5.014485
6864	-691.3447	-856.6317	165.287	2.209842	4.792553
6870	-670.2873	-835.1089	164.8216	1.500599	5.393886
6876	-667.5047	-832.0757	164.571	1.775467	5.393886
6882	-662.0127	-826.8675	164.8548	1.623992	5.312604
6888	-669.3485	-834.7275	165.379	1.749799	4.959296
6894	-672.8506	-839.1782	166.3276	1.711007	4.447939
6900	-696.5358	-861.7597	165.2239	2.122786	4.867512
6906	-689.4895	-853.4692	163.9797	1.326231	5.946637
6912	-678.6733	-844.7276	166.0543	1.701951	4.606114
6918	-685.1517	-850.6269	165.4752	1.53074	5.016776
6924	-693.7715	-857.3847	163.6132	1.862903	5.877307
6930	-673.5155	-838.2951	164.7796	1.433453	5.451885
6936	-677.0556	-842.1851	165.1296	1.753898	5.09576
6942	-687.3691	-852.2983	164.9292	1.907984	5.131951
6948	-690.7152	-856.3429	165.6278	1.571673	4.910837
6954	-686.523	-851.7426	165.2196	2.034548	4.910837
6960	-684.0653	-849.1405	165.0751	1.984474	5.014683
6966	-682.6001	-847.7171	165.1171	1.865402	5.048233
6972	-677.8245	-842.7136	164.8891	1.586106	5.312849
6978	-673.028	-839.2232	166.1951	2.087771	4.338903
6984	-672.7976	-838.5947	165.7971	2.087771	4.563123
6990	-675.905	-841.1661	165.2611	1.681713	5.058723
6996	-686.9358	-851.1847	164.249	1.831069	5.544134
7002	-697.9675	-863.4157	165.4483	1.384846	5.108163
7008	-692.3542	-858.1199	165.7657	1.228568	5.01611
7014	-691.529	-857.1646	165.6356	1.362488	5.01611
7020	-688.1421	-853.9322	165.79	1.599001	4.806356
7026	-691.8784	-857.728	165.8496	1.599001	4.773109
7032	-679.2893	-846.0135	166.7243	1.756852	4.200486
7038	-678.2333	-842.4684	164.2351	1.799589	5.566973
7044	-673.9232	-838.2789	164.3557	1.94799	5.4297
7050	-676.9822	-841.5563	164.5741	1.69923	5.4297
7056	-674.34	-838.9103	164.5703	1.991277	5.291057
7062	-691.887	-857.1859	165.2989	1.674479	5.041367
7068	-688.1528	-853.0106	164.8578	1.674479	5.28557
7074	-686.6488	-852.9348	166.286	1.433962	4.615149
7080	-693.5293	-859.0164	165.4871	1.98566	4.784704
7086	-696.8356	-862.4016	165.566	1.841862	4.809843
7092	-678.6467	-844.5829	165.9361	1.983074	4.53444
7098	-690.0651	-854.5918	164.5267	1.714226	5.448395
7104	-676.356	-842.0568	165.7008	1.864729	4.723423
7110	-694.5186	-859.6031	165.0845	1.902223	5.048611
7116	-677.8363	-843.8549	166.0186	1.558145	4.699705
7122	-691.071	-857.7926	166.7215	1.287097	4.449717
7128	-691.739	-857.0568	165.3178	1.648502	5.043986
7134	-689.7524	-854.6115	164.8591	2.472136	4.915462
7140	-694.4275	-860.0591	165.6316	1.384857	5.006439
7146	-692.7085	-857.6489	164.9404	1.688097	5.233148
7152	-678.6002	-843.6329	165.0328	1.668192	5.19201
7158	-673.2538	-838.5041	165.2504	1.673469	5.068819
7164	-685.2318	-850.526	165.2942	1.962775	4.903128
7170	-678.4146	-843.5841	165.1695	1.631441	5.134807
7176	-669.2262	-834.2693	165.0432	1.499737	5.272101
7182	-677.6271	-842.8934	165.2663	1.682964	5.055214
7188	-674.8034	-839.9115	165.108	1.727722	5.120639
7194	-687.204	-852.3514	165.1474	1.626093	5.149781
7200	-681.0065	-846.3607	165.3542	1.367751	5.169356
7206	-680.3508	-844.3567	164.0059	1.573703	5.804393
7212	-684.61	-851.0552	166.4452	1.75182	4.361002
7218	-678.1048	-842.4881	164.3833	1.724955	5.521983
7224	-679.0643	-845.2078	166.1436	1.675847	4.569258
7230	-681.8378	-847.2176	165.3798	1.821588	4.923501
7236	-685.7622	-849.7211	163.9589	1.821588	5.707864
7242	-673.1509	-838.8784	165.7274	1.877555	4.702288
7248	-670.9372	-836.6328	165.6956	1.491768	4.914517
7254	-681.7589	-846.5135	164.7546	2.038393	5.167153
7260	-682.0076	-847.8185	165.8109	1.872936	4.657784
7266	-676.4239	-842.4008	165.9769	1.465962	4.771194
7272	-684.3789	-848.8197	164.4408	1.680212	5.512512
7278	-676.8754	-842.1224	165.2471	1.555812	5.130387
7284	-679.8755	-844.9278	165.0524	2.165384	4.943507
7290	-674.1098	-839.2815	165.1717	1.529591	5.185592
7296	-678.2871	-843.3515	165.0644	1.646167	5.185592
7302	-679.2236	-844.7495	165.5259	1.535052	4.986397
7308	-669.7503	-835.7287	165.9784	1.612306	4.694257
7314	-678.4445	-843.1833	164.7388	1.87821	5.251526
7320	-673.0413	-837.8785	164.8372	1.624181	5.322229
7326	-664.1487	-828.9686	164.8199	1.782929	5.252886
7332	-673.6123	-839.2821	165.6698	1.467567	4.941511
7338	-661.0218	-826.059	165.0372	1.657906	5.194741
7344	-663.9228	-830.2412	166.3184	1.598576	4.510621
7350	-661.4032	-826.6009	165.1977	1.598576	5.135878
7356	-663.3789	-828.2384	164.8595	1.873346	5.187156
7362	-671.3448	-837.2969	165.9521	1.873346	4.578421
7368	-670.0687	-836.0106	165.9419	1.873346	4.584143
7374	-676.7594	-843.006	166.2466	2.099174	4.304452
7380	-692.4374	-857.4985	165.061	1.565457	5.228404
7386	-690.384	-855.6871	165.3031	1.653477	5.049596
7392	-691.826	-856.3869	164.5609	2.154868	5.22082
7398	-677.4994	-842.7588	165.2594	1.369579	5.22082
7404	-688.8003	-854.2801	165.4799	1.877088	4.84078
7410	-693.3676	-859.8662	166.4986	1.330211	4.551589
7416	-678.5924	-843.8906	165.2982	1.571188	5.094148
7422	-670.2946	-836.3127	166.0181	1.656518	4.649458
7428	-693.9918	-859.9796	165.9878	2.360198	4.331466
7434	-684.1629	-848.7608	164.5979	1.456598	5.539767
7440	-686.6523	-851.9134	165.2611	1.393855	5.207032
7446	-690.7934	-856.1581	165.3647	1.500973	5.093522
7452	-684.9059	-850.2683	165.3624	1.858626	4.915146
7458	-680.1094	-846.586	166.4766	1.534588	4.454871
7464	-667.5947	-832.4788	164.8841	1.741557	5.237744
7470	-682.847	-847.8666	165.0196	1.402032	5.336111
7476	-667.5972	-833.0783	165.4811	1.621492	4.966922
7482	-682.2746	-846.0954	163.8207	1.543395	5.920973
7488	-687.0433	-852.7494	165.706	1.660942	4.82166
7494	-686.9734	-853.1948	166.2214	1.817524	4.45443
7500	-682.9291	-848.1929	165.2638	1.313713	5.248195
7506	-685.5518	-850.1898	164.6381	1.991863	5.253331
7512	-666.0803	-831.7375	165.6572	1.613833	4.872846
7518	-686.7373	-853.0494	166.3121	1.767706	4.428143
7524	-669.8303	-835.7392	165.9088	1.387133	4.850944
7530	-674.5973	-840.3653	165.768	1.832869	4.701394
7536	-674.4345	-840.2548	165.8203	1.700547	4.737843
7542	-679.2006	-844.6156	165.415	1.42217	5.106871
7548	-694.3215	-859.235	164.9135	1.965775	5.113187
7554	-697.8219	-864.5704	166.7485	1.879795	4.125298
7560	-687.3103	-852.6128	165.3025	1.480964	5.138404
7566	-683.5974	-849.8992	166.3019	1.810627	4.412498
7572	-690.3574	-855.1748	164.8174	2.031247	5.135706
7578	-681.1183	-846.006	164.8878	2.031247	5.096723
7584	-693.9121	-858.7552	164.8431	1.731557	5.265339
7590	-689.0554	-853.6618	164.6064	1.72951	5.396941
7596	-687.0399	-851.3689	164.329	2.05366	5.395145
7602	-679.7583	-845.6892	165.9309	1.476861	4.791162
7608	-688.4178	-852.9143	164.4965	1.476861	5.584995
7614	-697.3597	-862.8041	165.4444	1.87749	4.86036
7620	-684.2202	-848.8829	164.6627	1.977829	5.246292
7626	-688.37	-853.728	165.358	1.799289	4.946579
7632	-687.3596	-852.4502	165.0906	1.470752	5.26091
7638	-682.7254	-847.6487	164.9234	1.780542	5.196847
7644	-663.7498	-830.0214	166.2716	1.367817	4.658615
7650	-682.2178	-845.9654	163.7476	2.016805	5.731602
7656	-686.2503	-852.5026	166.2523	1.757531	4.466945
7662	-680.9451	-847.2083	166.2632	1.745284	4.466945
7668	-674.9822	-840.0334	165.0512	2.020251	5.011175
7674	-680.4676	-845.1294	164.6619	2.504852	5.011175
7680	-675.2675	-841.9017	166.6342	1.249276	4.519611
7686	-667.6326	-833.3451	165.7125	1.750773	4.772982
7692	-685.5527	-850.4608	164.9081	1.798208	5.196649
7698	-674.3929	-840.2129	165.82	1.6862	4.745276
7704	-692.263	-858.4713	166.2083	1.451515	4.649392
7710	-678.7824	-844.9709	166.1885	1.511497	4.62885
7716	-664.8266	-830.8578	166.0312	1.682601	4.62885
7722	-676.8677	-843.0955	166.2278	1.583704	4.569227
7728	-679.2358	-844.3848	165.1491	1.477569	5.225076
7734	-679.0781	-843.3349	164.2568	1.641414	5.632935
7740	-683.2884	-848.4279	165.1396	1.730354	5.101866
7746	-677.4652	-842.9979	165.5328	1.884159	4.807843
7752	-687.381	-851.8257	164.4447	2.052571	5.331858
7758	-676.0622	-842.0415	165.9793	1.664352	4.66721
7764	-673.6904	-839.2749	165.5845	1.888302	4.776942
7770	-684.2933	-850.1151	165.8218	1.320366	4.935206
7776	-681.4457	-847.1226	165.6769	1.687618	4.82442
7782	-683.8494	-849.9008	166.0514	2.230281	4.354142
7788	-685.2903	-850.3616	165.0713	1.946157	5.034958
7794	-677.0331	-842.0368	165.0037	1.793551	5.146021
7800	-672.4388	-838.584	166.1452	1.695061	4.558597
7806	-673.6972	-839.9076	166.2105	1.685441	4.526804
7812	-676.7531	-840.531	163.7779	1.739856	5.846572
7818	-674.4803	-840.128	165.6477	1.385079	4.99737
7824	-668.9684	-834.2913	165.3229	1.910654	4.912044
7830	-667.714	-831.4866	163.7726	1.793362	5.82348
7836	-672.9178	-838.4524	165.5346	2.195371	4.660713
7842	-673.0219	-837.4551	164.4332	2.042526	5.342845
7848	-673.734	-838.149	164.415	2.042526	5.352884
7854	-673.7131	-839.5701	165.857	1.584862	4.776249
7860	-679.5793	-843.8664	164.2872	1.974319	5.455076
7866	-678.1595	-843.591	165.4315	1.474388	5.070331
7872	-676.1481	-840.7188	164.5707	1.744881	5.409062
7878	-676.6574	-842.5744	165.917	1.36081	4.860457
7884	-673.4573	-838.4071	164.9498	1.859402	5.143877
7890	-677.7758	-843.4067	165.631	1.582056	4.903721
7896	-684.6454	-849.8232	165.1778	2.185929	4.864307
7902	-683.885	-848.5414	164.6564	2.185929	5.15392
7908	-682.3228	-847.6307	165.3079	1.868401	4.94076
7914	-670.9939	-835.3586	164.3646	1.868401	5.462594
7920	-667.6055	-833.4614	165.8559	1.58508	4.776716
7926	-680.204	-845.4684	165.2644	1.622482	5.086766
7932	-679.7286	-845.089	165.3604	1.881593	4.90516
7938	-678.9992	-843.4438	164.4446	1.881593	5.412252
7944	-680.4607	-846.3781	165.9173	1.691144	4.688328
7950	-691.7049	-856.2688	164.5639	2.109182	5.239984
7956	-699.2497	-864.8931	165.6435	1.924675	4.726479
7962	-681.8522	-846.4061	164.5539	1.836579	5.373654
7968	-691.411	-856.0425	164.6316	1.894591	5.302942
7974	-696.0657	-861.3222	165.2565	1.879299	4.96408
7980	-693.8583	-859.8138	165.9555	1.590921	4.71807
7986	-691.9404	-856.0816	164.1411	1.61369	5.710229
7992	-699.9043	-864.7164	164.8121	1.747908	5.274374
7998	-679.6704	-844.3943	164.7239	1.992909	5.20536
8004	-690.3664	-855.0904	164.7239	1.992909	5.20536
8010	-702.1729	-867.3982	165.2252	1.991059	4.928142
8016	-694.2314	-858.6687	164.4373	1.839053	5.436684
8022	-685.0616	-850.6297	165.5681	1.891958	4.784352
8028	-670.4504	-834.9831	164.5327	1.930748	5.340319
8034	-675.4253	-840.6148	165.1895	1.883607	4.999252
8040	-697.3412	-860.6271	163.286	1.888148	6.043918
8046	-697.7869	-862.8647	165.0778	2.503272	4.780208
8052	-686.8094	-851.2011	164.3918	1.991884	5.389251
8058	-678.4753	-843.2289	164.7536	1.734412	5.313343
8064	-693.5613	-858.9275	165.3661	1.863623	4.910672
8070	-695.3905	-861.7663	166.3759	1.957523	4.298765
8076	-681.216	-845.8094	164.5934	2.360215	5.11145
8082	-679.8496	-845.0912	165.2416	1.505405	5.159446
8088	-685.9253	-851.8386	165.9133	1.691102	4.69059
8094	-676.5887	-842.157	165.5683	1.691102	4.883209
8100	-680.9296	-846.1524	165.2228	1.548528	5.147582
8106	-672.8368	-838.5785	165.7416	1.694587	4.784806
8112	-682.2213	-847.5973	165.3761	2.118028	4.784806
8118	-676.0237	-841.0518	165.0281	2.234157	4.925902
8124	-676.7162	-842.3506	165.6344	1.59047	4.897515
8130	-689.6454	-855.3403	165.6949	1.547211	4.88605
8136	-672.8368	-838.2584	165.4216	2.188884	4.726907
8142	-679.1586	-845.8758	166.7172	1.559763	4.305893
8148	-682.4793	-847.6487	165.1694	1.559763	5.171381
8154	-679.7473	-845.6573	165.9099	2.06217	4.511711
8160	-682.1143	-847.0106	164.8963	1.853274	5.176445
8166	-674.9662	-839.2413	164.2751	1.426559	5.732522
8172	-668.1065	-833.247	165.1405	1.521012	5.20728
8178	-681.4601	-846.1762	164.7162	1.967374	5.221676
8184	-682.5408	-846.0451	163.5043	1.410082	6.161872
8190	-686.2354	-850.8246	164.5892	1.685504	5.428194
8196	-677.0202	-841.1592	164.139	1.463677	5.787783
8202	-678.2162	-842.3165	164.1003	1.388286	5.848119
8208	-673.6573	-839.0874	165.43	2.131466	4.748476
8214	-675.2029	-840.683	165.4801	1.53053	5.014167
8220	-671.6663	-836.8584	165.1921	1.866063	5.006283
8226	-675.3852	-840.8767	165.4915	1.481517	5.03332
8232	-685.7553	-850.763	165.0076	1.535931	5.273053
8238	-680.5453	-845.7464	165.2011	1.610754	5.127792
8244	-680.3264	-845.4329	165.1065	1.931422	5.022421
8250	-685.9891	-851.452	165.4629	1.421024	5.080913
8256	-677.4688	-841.8614	164.3925	1.995965	5.386905
8262	-679.4596	-845.6898	166.2302	1.51478	4.603765
8268	-681.8997	-845.9702	164.0705	1.684241	5.713743
8274	-673.278	-839.0735	165.7955	1.358651	4.929272
8280	-684.7253	-850.3243	165.599	1.547347	4.939369
8286	-672.662	-838.1688	165.5068	2.124234	4.708863
8292	-682.2657	-848.1899	165.9242	2.038307	4.514921
8298	-664.5719	-830.188	165.6161	1.719763	4.84223
8304	-681.4218	-846.3845	164.9628	1.901063	5.116666
8310	-681.1148	-846.5134	165.3987	2.053073	4.802368
8316	-678.1526	-842.6893	164.5367	1.90124	5.352123
8322	-697.2904	-860.7069	163.4165	1.667893	6.079148
8328	-690.8637	-856.538	165.6743	1.667893	4.83585
8334	-703.3856	-869.263	165.8775	1.667893	4.722383
8340	-693.9743	-858.7097	164.7354	1.984302	5.203043
8346	-677.6252	-842.3862	164.7611	1.597947	5.377472
8352	-664.9848	-830.5684	165.5836	1.720148	4.860152
8358	-674.5095	-840.942	166.4326	1.712903	4.387801
8364	-677.0613	-841.9681	164.9068	2.142424	5.034836
8370	-671.6468	-837.352	165.7053	1.393899	4.960681
8376	-678.4615	-843.5531	165.0916	1.786203	5.100892
8382	-680.3775	-844.4701	164.0926	2.391291	5.374777
8388	-680.6002	-844.782	164.1818	1.62774	5.680875
8394	-686.769	-852.4903	165.7213	2.289582	4.513301
8400	-675.6201	-840.3894	164.7693	1.762615	5.290781
8406	-672.1047	-836.891	164.7863	1.911235	5.209485
8412	-673.6031	-838.2672	164.6641	1.979838	5.244583
8418	-688.8809	-852.1831	163.3022	1.87973	6.039064
8424	-678.3546	-843.6266	165.2719	1.556416	5.116308
8430	-680.6689	-846.1694	165.5005	2.073403	4.736018
8436	-672.4902	-837.7904	165.3002	1.748484	5.003739
8442	-680.9432	-845.8283	164.8851	1.824817	5.196429
8448	-681.4307	-845.9908	164.5601	2.03903	5.274429
8454	-682.3707	-847.194	164.8233	1.927815	5.181138
8460	-685.3486	-851.256	165.9075	1.905344	4.587931
8466	-675.3169	-840.3326	165.0158	1.699173	5.185932
8472	-678.4508	-843.4596	165.0088	1.896749	5.093183
8478	-687.1553	-852.7466	165.5913	1.606306	4.91339
8484	-670.8853	-837.7215	166.8361	1.430221	4.307346
8490	-673.5374	-840.1856	166.6482	1.667348	4.289145
8496	-686.829	-851.0661	164.2372	2.241837	5.360543
8502	-675.8943	-841.7017	165.8075	1.455366	4.871279
8508	-674.6884	-839.8013	165.1129	1.388992	5.291507
8514	-675.0462	-841.445	166.3988	1.784115	4.371005
8520	-666.0446	-830.597	164.5524	1.943788	5.323279
8526	-665.7472	-830.9142	165.167	1.478859	5.214461
8532	-666.4095	-831.5568	165.1473	1.499929	5.214461
8538	-676.9028	-842.1079	165.2051	1.438604	5.214461
8544	-685.9736	-851.4023	165.4288	1.207233	5.214461
8550	-683.4956	-848.7796	165.284	1.690178	5.041791
8556	-667.608	-831.7426	164.1345	1.909234	5.569667
8562	-678.764	-842.198	163.434	1.909057	5.953335
8568	-678.3383	-843.3396	165.0013	1.909057	5.091459
8574	-697.003	-861.9976	164.9946	1.916837	5.091459
8580	-683.1475	-848.6156	165.4681	2.108833	4.737652
8586	-662.5472	-828.0409	165.4936	1.488635	5.028408
8592	-666.1569	-832.6137	166.4568	1.524096	4.471543
8598	-657.2762	-823.7041	166.4279	1.555138	4.471543
8604	-664.8398	-831.2138	166.374	1.613654	4.471543
8610	-671.6172	-837.7061	166.0889	1.573638	4.652335
8616	-666.7826	-832.2955	165.5129	1.703696	4.907744
8622	-674.4896	-839.184	164.6944	1.866601	5.28165
8628	-683.7966	-849.3849	165.5883	1.866601	4.78535
8634	-672.0523	-836.7412	164.6889	1.858199	5.288724
8640	-672.7898	-838.1574	165.3676	1.794269	4.943679
8646	-670.3045	-835.4733	165.1688	2.042451	4.935407
8652	-679.151	-844.1103	164.9593	1.848992	5.143652
8658	-690.4497	-855.6797	165.23	1.59951	5.117502
8664	-681.5427	-846.1556	164.6129	2.103582	5.215475
8670	-676.7256	-839.9341	163.2086	2.029103	6.020507
8676	-672.016	-837.3619	165.3459	1.536538	5.085531
8682	-669.3506	-836.1815	166.831	1.701708	4.167924
8688	-669.2376	-836.0407	166.8032	1.348206	4.370297
8694	-677.3368	-842.6323	165.2956	1.392026	5.18893
8700	-677.1072	-843.3036	166.1964	1.255226	4.761715
8706	-675.3146	-840.3898	165.0753	1.685852	5.159648
8712	-677.8926	-843.6678	165.7752	1.8345	4.696575
8718	-683.3506	-848.7826	165.432	1.790976	4.909467
8724	-686.7921	-852.3154	165.5233	1.688741	4.909467
8730	-670.8851	-836.1009	165.2157	1.566921	5.142044
8736	-670.1393	-835.6511	165.5118	1.566921	4.977776
8742	-690.2388	-856.2494	166.0107	2.043878	4.463644
8748	-677.6883	-843.8053	166.117	1.408795	4.723159
8754	-675.1415	-841.1644	166.0229	1.653825	4.648131
8760	-669.2651	-835.292	166.0269	1.649448	4.648131
8766	-682.6343	-848.4814	165.847	1.343315	4.908821
8772	-669.6643	-835.3324	165.6681	1.532099	4.908821
8778	-664.1822	-827.7204	163.5381	1.999112	5.854382
8784	-674.2417	-839.9954	165.7537	1.667417	4.791809
8790	-678.2653	-844.1425	165.8773	1.456399	4.831829
8796	-670.7338	-835.836	165.1022	1.714816	5.130282
8802	-673.4325	-838.3025	164.87	1.905495	5.165938
8808	-670.1456	-835.8405	165.6949	1.498218	4.911536
8814	-669.9533	-835.7188	165.7656	1.779362	4.729119
8820	-654.4355	-820.2919	165.8564	1.476027	4.83316
8826	-666.0596	-831.1654	165.1058	1.864395	5.054971
8832	-682.2481	-848.5648	166.3167	1.784614	4.417084
8838	-684.0722	-849.5048	165.4326	1.651238	4.978845
8844	-668.3459	-833.5887	165.2428	1.946164	4.939656
8850	-671.3121	-836.5233	165.2113	1.946164	4.957191
8856	-668.4777	-834.0057	165.5279	2.17633	4.673122
8862	-671.4204	-837.5112	166.0908	2.310387	4.295515
8868	-663.6605	-829.0891	165.4285	2.191523	4.7218
8874	-697.5624	-863.1212	165.5588	1.865722	4.802265
8880	-678.676	-844.6225	165.9465	1.700509	4.667288
8886	-668.3481	-833.3903	165.0422	1.468958	5.288625
8892	-668.6939	-833.7745	165.0806	1.428323	5.288625
8898	-671.3962	-837.394	165.9977	1.63491	4.67187
8904	-671.1979	-836.1353	164.9374	1.750294	5.203923
8910	-668.8939	-834.5779	165.6841	1.6089	4.860391
8916	-666.3341	-831.7956	165.4615	1.913097	4.833643
8922	-675.5596	-840.8688	165.3092	1.842182	4.952727
8928	-675.7637	-840.7735	165.0098	1.639026	5.21939
8934	-679.8009	-845.592	165.7911	1.587412	4.811713
8940	-674.027	-838.0995	164.0725	2.17702	5.480213
8946	-686.814	-853.0666	166.2526	1.629785	4.531515
8952	-678.4087	-843.8188	165.4101	1.858569	4.888629
8958	-684.0216	-849.2988	165.2772	2.013513	4.888629
8964	-689.3182	-854.2643	164.9461	2.013513	5.072677
8970	-674.4867	-839.6617	165.175	1.990615	4.956303
8976	-675.6729	-841.5757	165.9027	1.905682	4.590408
8982	-674.647	-839.9682	165.3212	1.804135	4.964662
8988	-674.9504	-840.6717	165.7213	1.754016	4.766422
8994	-686.6297	-852.3366	165.7069	2.336937	4.500229
9000	-680.7385	-845.7435	165.005	1.862659	5.111728
9006	-675.6245	-841.5723	165.9478	1.71621	4.658655
9012	-675.6714	-841.2082	165.5368	1.68438	4.904152
9018	-667.0298	-831.5591	164.5293	1.748274	5.430173
9024	-676.0492	-841.252	165.2028	1.735068	5.06447
9030	-669.8733	-835.2177	165.3444	1.579181	5.06447
9036	-664.7838	-830.3227	165.5389	1.593386	4.949148
9042	-669.4099	-835.6378	166.2278	1.642973	4.538703
9048	-672.089	-837.879	165.7901	1.803493	4.703489
9054	-669.9294	-835.2011	165.2717	1.655128	5.066221
9060	-691.8711	-858.3836	166.5125	1.655128	4.372138
9066	-681.3095	-846.6246	165.3151	1.655128	5.042116
9072	-675.2222	-840.0416	164.8194	1.624688	5.33175
9078	-670.1401	-836.1479	166.0078	1.464696	4.754588
9084	-663.8461	-829.8484	166.0024	1.679986	4.646356
9090	-663.8851	-829.3951	165.51	1.772411	4.875171
9096	-662.8885	-829.1358	166.2473	1.700925	4.498256
9102	-679.1255	-843.8893	164.7638	1.811988	5.269735
9108	-683.8696	-849.5465	165.677	1.691515	4.82245
9114	-674.2422	-838.6078	164.3656	1.805454	5.492375
9120	-680.0697	-845.4376	165.3678	1.686444	4.997079
9126	-678.5865	-843.7122	165.1257	1.962312	4.997079
9132	-685.4321	-850.5154	165.0833	2.328328	4.85321
9138	-682.8855	-846.8008	163.9154	1.775983	5.753759
9144	-668.8166	-833.9749	165.1584	1.881767	5.017421
9150	-679.3657	-845.5177	166.152	1.602445	4.60207
9156	-670.0455	-836.3226	166.2771	1.870946	4.396727
9162	-674.488	-838.7241	164.2361	1.953952	5.492712
9168	-667.9626	-832.3786	164.4159	1.898336	5.420062
9174	-662.8729	-828.6251	165.7522	1.692017	4.780212
9180	-664.8501	-830.3557	165.5056	1.772856	4.8774
9186	-669.4395	-835.734	166.2945	1.274958	4.696092
9192	-658.2961	-824.0948	165.7987	1.395369	4.907892
9198	-655.2255	-820.1441	164.9186	2.16953	5.015977
9204	-671.3643	-836.7557	165.3914	2.503218	4.604716
9210	-673.7949	-839.1494	165.3545	2.011657	4.846453
9216	-663.6341	-828.8927	165.2587	1.485848	5.160134
9222	-669.4367	-835.6488	166.212	1.48557	4.629286
9228	-670.5232	-836.2536	165.7304	2.026496	4.629286
9234	-673.7861	-839.8502	166.0641	1.331127	4.794365
9240	-680.138	-844.5663	164.4283	1.482025	5.619784
9246	-694.5818	-860.3587	165.7768	1.955374	4.637086
9252	-689.4385	-852.9581	163.5196	1.572134	6.070705
9258	-683.9824	-849.8	165.8176	1.946129	4.618658
9264	-673.7593	-839.4309	165.6715	1.568998	4.887839
9270	-676.2926	-842.124	165.8314	1.643458	4.760566
9276	-679.3023	-845.0444	165.742	1.386233	4.944324
9282	-681.4289	-847.7095	166.2806	1.813898	4.422861
9288	-672.2463	-838.4452	166.1989	1.356428	4.705419
9294	-675.2079	-840.0977	164.8898	1.612947	5.298847
9300	-682.8998	-848.2638	165.364	2.116021	4.792451
9306	-673.2002	-837.3847	164.1845	2.085141	5.460267
9312	-693.0977	-856.8991	163.8014	1.763272	5.822337
9318	-692.9084	-856.7287	163.8203	1.741977	5.822337
9324	-690.1143	-856.0142	165.8999	1.4548	4.820039
9330	-679.3001	-843.5711	164.2709	1.774357	5.559535
9336	-674.8648	-839.6748	164.8101	1.721296	5.288646
9342	-681.7577	-846.5678	164.8101	1.721296	5.288646
9348	-690.3404	-854.993	164.6526	1.900145	5.288646
9354	-679.3968	-844.1956	164.7988	1.900145	5.207879
9360	-664.2393	-828.9172	164.6779	1.662083	5.391026
9366	-670.6938	-835.3809	164.6871	1.949864	5.245975
9372	-681.6287	-846.1587	164.53	2.005377	5.306682
9378	-672.3557	-837.8536	165.4979	2.064355	4.741671
9384	-671.0279	-837.2412	166.2133	1.632789	4.552061
9390	-681.5689	-847.3187	165.7498	1.619416	4.818361
9396	-683.0775	-847.0466	163.9691	1.825211	5.700556
9402	-668.9025	-835.5941	166.6916	1.590046	4.304558
9408	-674.3913	-839.3393	164.948	1.894081	5.128166
9414	-664.5561	-831.0364	166.4803	1.912898	4.261325
9420	-675.0097	-840.4662	165.4565	2.194728	4.704722
9426	-675.3995	-841.3401	165.9406	1.633253	4.704722
9432	-660.6092	-825.5631	164.9539	1.725336	5.20714
9438	-669.8359	-834.8798	165.0439	1.450536	5.297264
9444	-671.1799	-836.1464	164.9665	1.305741	5.416478
9450	-678.0576	-842.2688	164.2112	1.864307	5.548917
9456	-671.2011	-835.531	164.3299	1.729906	5.548917
9462	-667.1808	-833.5573	166.3765	1.693482	4.429296
9468	-672.2937	-838.5803	166.2866	1.550429	4.553501
9474	-672.7713	-838.0252	165.2539	1.673167	5.06703
9480	-669.068	-834.4763	165.4083	1.528675	5.054966
9486	-682.2668	-848.4209	166.1541	1.528675	4.639144
9492	-683.4016	-848.3352	164.9336	1.712683	5.224642
9498	-677.7703	-843.2341	165.4638	1.449271	5.065562
9504	-690.9506	-856.1814	165.2308	1.422131	5.208884
9510	-694.4104	-860.1375	165.7271	1.25451	5.023478
9516	-693.6016	-858.9075	165.3059	1.729633	5.009928
9522	-680.681	-846.3148	165.6338	1.450042	4.97076
9528	-680.8853	-846.9752	166.0899	1.709232	4.582497
9534	-686.6794	-851.8499	165.1705	1.76324	5.068434
9540	-691.8206	-856.1378	164.3172	1.773858	5.534329
9546	-680.85	-843.6122	162.7622	1.773858	6.383203
9552	-684.4977	-848.2118	163.714	2.000555	5.757494
9558	-675.7237	-840.916	165.1922	1.843444	5.017141
9564	-690.9979	-855.1949	164.197	1.843444	5.566751
9570	-687.9245	-852.1318	164.2073	2.041779	5.46765
9576	-678.8281	-843.0301	164.202	1.804827	5.58262
9582	-658.507	-822.8852	164.3782	1.821066	5.477886
9588	-665.329	-830.8113	165.4824	2.257208	4.661943
9594	-665.0764	-830.4861	165.4096	2.257208	4.702653
9600	-667.4639	-833.3313	165.8674	1.807518	4.658204
9606	-658.3925	-824.4989	166.1064	1.6598	4.598277
9612	-668.4326	-834.6637	166.2311	1.524279	4.598277
9618	-677.6994	-844.372	166.6726	1.594953	4.312746
9624	-687.482	-852.8761	165.394	1.553491	5.050094
9630	-686.8709	-851.9505	165.0796	1.904814	5.050094
9636	-680.4862	-846.174	165.6877	1.673426	4.825562
9642	-674.0695	-839.8467	165.7772	1.492571	4.868627
9648	-682.4381	-846.2831	163.845	1.74728	5.806238
9654	-682.4885	-848.0018	165.5133	1.793832	4.862763
9660	-689.4347	-853.1891	163.7543	1.890596	5.786947
9666	-684.2584	-850.1425	165.8841	1.468979	4.821405
9672	-670.2135	-835.8012	165.5877	1.622871	4.906915
9678	-677.8997	-843.6548	165.755	1.525011	4.864069
9684	-677.2002	-843.0709	165.8707	1.474328	4.826045
9690	-684.6906	-850.4625	165.7719	1.82785	4.701684
9696	-683.0169	-848.6013	165.5844	1.62408	4.908149
9702	-695.0573	-860.0511	164.9938	1.548097	5.274464
9708	-679.2805	-845.6906	166.41	1.497765	4.511705
9714	-686.2746	-852.343	166.0684	1.912216	4.494155
9720	-677.2657	-843.375	166.1093	1.580264	4.637448
9726	-673.8606	-839.5557	165.695	1.908455	4.705441
9732	-673.8867	-839.5302	165.6435	1.841941	4.76655
9738	-670.9385	-837.0685	166.13	1.607235	4.611925
9744	-673.2777	-838.9313	165.6536	1.607235	4.878219
9750	-678.9905	-844.494	165.5035	1.773579	4.878219
9756	-684.2733	-848.8723	164.599	1.587029	5.472265
9762	-698.2789	-863.0524	164.7735	1.468477	5.437044
9768	-711.1318	-874.1054	162.9737	1.672282	6.317824
9774	-693.2469	-857.4092	164.1623	1.889646	5.563731
9780	-699.2043	-865.653	166.4487	1.90065	4.285225
9786	-685.7191	-850.7329	165.0137	2.349014	4.882856
9792	-669.5825	-834.3906	164.808	1.938788	5.184365
9798	-679.0571	-843.9311	164.8739	2.070795	5.086009
9804	-688.4339	-852.2276	163.7937	2.129586	5.65474
9810	-679.8272	-844.5979	164.7708	2.050139	5.15276
9816	-701.3733	-866.4993	165.126	2.116736	4.92477
9822	-680.4211	-845.4071	164.986	2.173564	4.976688
9828	-686.8472	-851.7873	164.9401	1.75844	5.198431
9834	-691.6445	-854.1802	162.5357	2.072152	6.366865
9840	-672.1975	-837.195	164.9975	1.808429	5.142194
9846	-670.1591	-835.4207	165.2616	1.808429	4.995689
9852	-691.9866	-856.774	164.7875	2.120816	5.11092
9858	-682.1463	-846.9717	164.8254	1.606884	5.337438
9864	-671.2581	-835.5463	164.2882	1.657559	5.607614
9870	-688.7503	-853.3412	164.591	1.597821	5.471221
9876	-679.4124	-844.5964	165.184	1.423348	5.234125
9882	-684.6002	-850.8101	166.2099	1.698375	4.520572
9888	-681.5481	-846.4076	164.8595	1.674711	5.284525
9894	-677.7654	-841.9119	164.1466	1.784111	5.623084
9900	-688.1849	-852.1723	163.9874	1.955844	5.628469
9906	-680.7343	-845.1875	164.4533	2.106884	5.302145
9912	-670.2683	-834.7215	164.4533	2.106884	5.302145
9918	-667.2194	-832.8717	165.6523	1.795497	4.78444
9924	-662.1872	-827.8204	165.6331	1.817236	4.78444
9930	-665.6105	-831.5324	165.9219	1.533468	4.766562
9936	-665.3617	-831.5187	166.1571	1.286599	4.766562
9942	-667.688	-833.0347	165.3467	1.439622	5.135519
9948	-663.9279	-828.6221	164.6942	1.772956	5.327166
9954	-669.4472	-834.4291	164.9819	1.385291	5.365714
9960	-668.7793	-834.1553	165.376	1.407338	5.136311
9966	-678.0885	-844.7212	166.6327	1.360115	4.459985
9972	-670.9202	-835.6101	164.6899	1.555184	5.438398
9978	-679.3229	-843.5761	164.2531	1.702865	5.604377
9984	-685.2123	-850.235	165.0226	1.590745	5.236741
9990	-672.9936	-838.3528	165.3592	1.817087	4.937171
9996	-681.9941	-846.5083	164.5143	1.857984	5.385176
10002	-682.7575	-848.0015	165.244	2.022859	4.902716
10008	-684.1607	-848.8281	164.6674	1.354989	5.554843
10014	-682.2195	-847.2522	165.0327	1.80264	5.125518
10020	-681.618	-846.3086	164.6907	1.410727	5.512714
10026	-673.736	-839.8747	166.1387	1.132238	4.861528
10032	-677.8472	-843.0615	165.2142	1.890305	4.982263
10038	-679.7033	-844.3035	164.6002	1.890305	5.322292
10044	-678.646	-844.0106	165.3646	1.506499	5.090677
10050	-684.9653	-850.0321	165.0668	1.691123	5.161699
10056	-690.9174	-856.2467	165.3293	1.691123	5.016132
10062	-685.1879	-851.1412	165.9533	1.759401	4.633956
10068	-676.1471	-841.3918	165.2447	1.938101	4.942432
10074	-680.612	-845.0456	164.4336	1.754703	5.479705
10080	-671.3189	-836.5776	165.2587	1.745952	5.028016
10086	-691.33	-855.6235	164.2935	1.745952	5.561019
10092	-685.1819	-850.281	165.0991	1.745952	5.116573
10098	-674.0892	-838.9231	164.8339	1.81862	5.227745
10104	-678.8457	-844.3684	165.5227	1.405946	5.055691
10110	-684.3259	-849.8072	165.4812	1.650162	4.952339
10116	-682.4873	-848.2339	165.7466	1.848085	4.705917
10122	-688.4645	-853.0116	164.5471	1.427406	5.582907
10128	-669.7707	-835.9707	166.2	1.454576	4.652391
10134	-677.5233	-842.2705	164.7472	1.774676	5.297093
10140	-673.2276	-838.7788	165.5512	1.956099	4.762982
10146	-693.5851	-857.345	163.76	1.477325	5.987856
10152	-679.8225	-845.825	166.0025	1.418431	4.782016
10158	-685.3985	-850.8786	165.4801	1.760275	4.897836
10164	-670.7958	-836.553	165.7572	1.325595	4.968338
10170	-667.1723	-832.5641	165.3917	1.522853	5.067174
10176	-668.3119	-832.9299	164.618	1.310001	5.60583
10182	-669.4015	-835.1787	165.7772	1.676449	4.774092
10188	-667.4584	-833.3252	165.8668	1.578981	4.773816
10194	-669.3513	-834.0679	164.7166	1.377186	5.516066
10200	-677.072	-842.0899	165.0179	1.451404	5.311175
10206	-683.8477	-848.8656	165.0179	1.451404	5.311175
10212	-672.3356	-837.8152	165.4796	1.458335	5.052053
10218	-686.3113	-851.4068	165.0955	1.882354	5.052053
10224	-682.324	-846.9978	164.6738	2.042708	5.209882
10230	-679.0331	-844.7551	165.722	2.23209	4.538854
10236	-669.7305	-836.3185	166.588	1.879547	4.216611
10242	-676.6402	-842.8441	166.2039	1.879547	4.433776
10248	-677.7645	-844.0134	166.2489	1.827975	4.433776
10254	-687.4353	-852.7804	165.3451	2.724981	4.537318
10260	-686.0793	-850.8738	164.7944	2.247596	5.049721
10266	-674.1633	-840.496	166.3327	1.793445	4.40369
10272	-681.9583	-845.4509	163.4926	2.077177	5.843415
10278	-676.2678	-842.3887	166.1209	1.85009	4.494931
10284	-678.2696	-845.318	167.0484	1.930201	3.929275
10290	-680.5912	-846.2794	165.6881	1.719202	4.802317
10296	-683.0828	-847.7676	164.6847	1.780151	5.328886
10302	-685.4368	-849.9226	164.4858	1.739844	5.458271
10308	-676.7507	-842.832	166.0813	1.748373	4.567641
10314	-681.3171	-845.5639	164.2468	1.758751	5.580421
10320	-683.9537	-849.0546	165.1009	1.800371	5.088807
10326	-684.7429	-849.9085	165.1656	1.727572	5.088807
10332	-683.419	-847.4395	164.0205	1.839434	5.665549
10338	-694.0601	-859.2914	165.2313	1.665074	5.083585
10344	-672.0263	-838.343	166.3167	1.452281	4.588186
10350	-678.5657	-843.981	165.4153	1.855886	4.88702
10356	-686.4004	-851.931	165.5306	1.855886	4.822786
10362	-691.2914	-856.5807	165.2892	1.372769	5.202625
10368	-682.3817	-847.5228	165.1411	1.529475	5.202625
10374	-661.217	-827.6675	166.4505	1.569227	4.45149
10380	-672.4879	-837.2119	164.7239	1.817499	5.289065
10386	-677.5304	-843.249	165.7187	1.799342	4.745449
10392	-684.2985	-850.1419	165.8434	1.509973	4.822614
10398	-679.4121	-844.4908	165.0787	1.624434	5.188633
10404	-696.408	-861.0205	164.6124	1.734509	5.391152
10410	-689.0165	-853.2676	164.2511	1.5516	5.681318
10416	-700.3714	-865.9457	165.5743	1.403736	5.02824
10422	-688.6775	-854.1301	165.4527	1.53857	5.025243
10428	-690.5807	-855.6068	165.0261	1.62295	5.218491
10434	-687.3634	-852.602	165.2386	1.62295	5.100833
10440	-677.974	-843.2126	165.2386	1.62295	5.100833
10446	-675.8128	-841.303	165.4903	1.62295	4.961116
10452	-676.2177	-841.9462	165.7285	1.249383	5.025491
10458	-681.6983	-847.0109	165.3126	1.691034	5.025491
10464	-686.0739	-851.8216	165.7478	1.691503	4.782928
10470	-708.0273	-871.8675	163.8402	1.493576	5.935756
10476	-700.9966	-866.2731	165.2765	2.212091	4.797408
10482	-687.1134	-851.8868	164.7734	1.833444	5.253974
10488	-681.1641	-845.6644	164.5003	1.61838	5.510733
10494	-685.5231	-849.9402	164.4171	1.999864	5.371551
10500	-684.9908	-849.8245	164.8337	1.608051	5.332295
10506	-667.1596	-831.7095	164.5499	1.958147	5.317877
10512	-669.3715	-834.0054	164.6339	1.671065	5.410779
10518	-668.1149	-834.2333	166.1184	1.756555	4.54269
10524	-674.3485	-840.1779	165.8295	1.666555	4.749899
10530	-676.1756	-841.7736	165.5979	1.908036	4.759922
10536	-678.4062	-843.4884	165.0822	1.908036	5.047107
10542	-674.1402	-838.5351	164.3949	1.927572	5.41774
10548	-676.8852	-842.1596	165.2745	1.349946	5.22293
10554	-677.2553	-842.4077	165.1524	1.478178	5.22293
10560	-666.966	-833.3846	166.4186	1.965978	4.270506
10566	-682.0395	-848.0311	165.9915	1.862761	4.561467
10572	-678.7074	-843.9226	165.2151	1.56066	5.1456
10578	-680.9572	-845.8261	164.8689	1.949493	5.1456
10584	-678.8541	-843.6856	164.8316	1.9053	5.187287
10590	-694.1292	-858.4748	164.3456	1.860711	5.476751
10596	-676.547	-840.8762	164.3292	1.678118	5.574871
10602	-672.5933	-839.1684	166.5751	1.226591	4.565311
10608	-685.3271	-850.4203	165.0932	1.744005	5.120819
10614	-684.384	-849.224	164.84	1.514244	5.376729
10620	-680.6356	-845.898	165.2624	1.484929	5.158532
10626	-682.3799	-846.917	164.5371	2.078532	5.268884
10632	-678.2323	-843.3497	165.1174	2.266526	4.861638
10638	-663.8663	-828.6722	164.8059	1.646072	5.328437
10644	-670.6347	-836.5241	165.8894	1.646072	4.726781
10650	-668.5313	-833.4108	164.8796	1.646072	5.287789
10656	-663.6022	-828.927	165.3248	1.677892	5.025305
10662	-679.2836	-846.307	167.0234	1.223742	4.314295
10668	-672.5235	-838.7179	166.1944	1.432128	4.66744
10674	-677.0818	-842.22	165.1382	1.693277	5.121053
10680	-674.7168	-840.8175	166.1007	1.296164	4.792856
10686	-671.3466	-836.4571	165.1104	1.552797	5.207571
10692	-672.5005	-839.417	166.9165	1.356857	4.301545
10698	-680.3296	-846.7925	166.4629	1.245321	4.617983
10704	-670.3157	-835.0109	164.6952	1.730452	5.347491
10710	-668.9056	-833.693	164.7874	1.62854	5.347491
10716	-662.7741	-827.87	165.096	1.726611	5.127877
10722	-672.1977	-838.4188	166.2211	1.702111	4.51237
10728	-674.8804	-840.99	166.1096	1.578532	4.638204
10734	-664.1462	-830.2728	166.1267	1.534076	4.651717
10740	-669.0632	-834.2776	165.2144	1.5658	5.143377
10746	-672.4017	-837.7717	165.37	2.114283	4.789908
10752	-681.371	-845.4917	164.1207	2.058181	5.507737
10758	-670.7407	-836.4555	165.7148	1.611525	4.841928
10764	-680.5503	-845.4539	164.9036	1.508343	5.344699
10770	-678.0668	-843.1274	165.0606	1.645228	5.188132
10776	-674.1291	-839.5287	165.3997	2.223774	4.723312
10782	-674.4521	-839.2694	164.8173	2.358972	4.987769
10788	-671.9094	-836.8536	164.9442	1.833843	5.159345
10794	-670.2679	-835.36	165.0922	1.918986	5.036306
10800	-670.2172	-835.3172	165.1	1.596809	5.190877
10806	-668.5615	-833.1142	164.5526	1.596809	5.492807
10812	-682.3137	-848.7652	166.4516	1.969096	4.250319
10818	-693.8908	-859.4943	165.6036	2.126135	4.653843
10824	-676.8762	-842.3542	165.478	1.956512	4.803662
10830	-669.6449	-835.2531	165.6082	1.806429	4.803662
10836	-674.0791	-839.6803	165.6011	1.814453	4.803662
10842	-676.059	-841.7645	165.7055	1.841124	4.732298
10848	-680.7056	-845.477	164.7714	1.709465	5.315855
10854	-692.3811	-857.7904	165.4093	1.956021	4.842196
10860	-676.4346	-842.2748	165.8402	2.053725	4.554842
10866	-680.2592	-846.0994	165.8402	2.053725	4.554842
10872	-672.7054	-838.2431	165.5377	2.053725	4.724401
10878	-670.3165	-835.9849	165.6684	1.809716	4.768442
10884	-681.1868	-845.7354	164.5487	2.15636	5.226929
10890	-681.7206	-846.8669	165.1463	1.820954	5.053583
10896	-680.5257	-845.7681	165.2424	1.71272	5.053583
10902	-676.1212	-841.6	165.4787	1.900444	4.83012
10908	-686.0683	-851.7312	165.6629	1.674673	4.838797
10914	-683.9054	-848.3318	164.4265	1.690432	5.515314
10920	-679.7933	-844.3849	164.5916	1.881896	5.331073
10926	-689.0863	-854.0335	164.9472	1.884039	5.133428
10932	-684.2078	-850.0538	165.8459	1.917923	4.616356
10938	-680.6055	-844.0001	163.3945	2.028248	5.919406
10944	-688.2157	-853.1813	164.9656	1.581682	5.272874
10950	-684.5808	-849.2345	164.6537	2.068516	5.209046
10956	-679.0075	-843.9769	164.9694	2.045106	5.044954
10962	-681.5877	-846.3042	164.7165	2.045106	5.185143
10968	-679.5382	-843.4791	163.9409	2.045106	5.612516
10974	-666.4797	-831.1524	164.6726	1.866438	5.29374
10980	-670.2748	-835.4122	165.1374	1.866438	5.036428
10986	-661.2665	-826.9633	165.6967	1.810529	4.752195
10992	-674.8108	-839.1298	164.319	2.127198	5.366946
10998	-677.3078	-843.2769	165.9692	1.503406	4.755849
