Iteration	Posterior	Likelihood	Prior	acrv_sd	tree_length
0	-103.6718	-272.2806	168.6088	1.24275	3.343332
6	-114.3203	-284.896	170.5757	1.113009	2.220048
12	-124.8001	-293.9652	169.165	1.939678	2.588903
18	-129.0641	-296.5045	167.4404	2.044425	3.557798
24	-125.4851	-292.7905	167.3054	2.044425	3.636196
30	-118.9363	-287.9174	168.9811	1.311072	3.082438
36	-120.8487	-289.7134	168.8647	1.327718	3.141844
42	-116.2575	-284.9538	168.6963	1.720787	3.007677
48	-123.1632	-293.5874	170.4242	1.341061	2.170478
54	-131.4822	-298.3245	166.8423	1.667465	4.1185
60	-114.2365	-284.9601	170.7236	1.032466	2.176441
66	-113.1275	-283.418	170.2904	0.8231879	2.583386
72	-119.7441	-289.9328	170.1888	0.7105039	2.715495
78	-126.8342	-297.5412	170.707	1.603014	1.806284
84	-130.9141	-298.9264	168.0123	1.235308	3.695373
90	-121.1017	-291.5811	170.4794	1.334459	2.138814
96	-109.9877	-279.4122	169.4245	1.639165	2.614301
102	-113.7941	-283.2431	169.449	1.599901	2.623452
108	-117.0646	-284.0237	166.9592	1.281419	4.2713
114	-107.6	-277.1893	169.5893	1.269528	2.740278
120	-121.7817	-291.4744	169.6928	1.194057	2.723107
126	-126.4887	-295.748	169.2593	1.070608	3.059887
132	-125.7368	-296.4576	170.7208	1.299555	2.002734
138	-114.3093	-284.6497	170.3403	1.064842	2.401013
144	-117.5011	-284.1788	166.6777	2.251918	3.878537
150	-113.8527	-285.1503	171.2976	1.211869	1.666178
156	-126.0327	-295.8339	169.8011	1.305392	2.58778
162	-123.9727	-294.9965	171.0238	0.9082821	2.061267
168	-108.7483	-279.3994	170.651	1.391918	1.98763
174	-120.0601	-289.0192	168.9591	1.709771	2.855908
180	-114.5298	-284.8783	170.3485	1.34833	2.214808
186	-123.8845	-293.2709	169.3864	1.388781	2.791336
192	-119.7524	-290.6028	170.8504	0.8309478	2.224782
198	-112.6341	-283.0187	170.3847	1.006174	2.410046
204	-109.6403	-280.1687	170.5284	1.223137	2.179411
210	-122.2072	-292.6894	170.4822	1.462992	2.05258
216	-115.645	-283.4319	167.7869	1.665349	3.576734
222	-120.9926	-291.705	170.7124	1.148677	2.107938
228	-131.8027	-298.5685	166.7659	1.588422	4.206863
234	-119.8637	-290.1855	170.3218	1.176772	2.341791
240	-111.3601	-279.9955	168.6354	1.340076	3.270365
246	-116.572	-287.7011	171.1291	1.049639	1.896204
252	-139.7105	-306.4903	166.7798	1.591212	4.197366
258	-157.9206	-323.7345	165.8139	1.828298	4.608487
264	-112.5912	-282.6845	170.0933	1.417607	2.33396
270	-122.4902	-290.2439	167.7536	1.691497	3.580876
276	-110.0977	-279.7404	169.6427	1.126003	2.795243
282	-104.9596	-275.0428	170.0832	1.126003	2.523964
288	-105.221	-274.3556	169.1346	1.340188	2.973032
294	-104.9693	-274.1908	169.2215	1.281774	2.9559
300	-101.9717	-270.9263	168.9546	1.921801	2.729487
306	-100.0307	-269.5221	169.4913	1.471937	2.676218
312	-116.0518	-285.0869	169.0351	1.901789	2.692437
318	-113.2325	-282.6469	169.4144	1.662946	2.605828
324	-99.77076	-268.7159	168.9452	1.662946	2.892666
330	-112.2568	-280.4587	168.2019	1.466722	3.450619
336	-105.1303	-272.0435	166.9132	1.868906	3.963077
342	-114.15	-282.5549	168.4049	1.133626	3.526563
348	-100.3578	-271.4294	171.0715	1.297401	1.76535
354	-108.3342	-279.5676	171.2334	1.081105	1.80318
360	-110.3318	-280.5028	170.1711	1.427205	2.278189
366	-102.869	-274.0977	171.2286	1.283675	1.66415
372	-103.4003	-272.2666	168.8663	1.42436	3.083338
378	-123.3959	-292.0739	168.678	1.612635	3.083338
384	-124.0085	-291.5448	167.5363	1.787516	3.65127
390	-110.544	-277.53	166.986	1.80914	3.955662
396	-118.2441	-281.0307	162.7866	1.928518	6.22212
402	-118.6715	-289.4579	170.7863	0.8343245	2.263846
408	-112.235	-284.2581	172.0231	0.7996493	1.434776
414	-112.0968	-281.5826	169.4858	0.8064955	3.082339
420	-132.2035	-300.7367	168.5332	1.191892	3.417546
426	-121.9233	-289.4933	167.57	1.324054	3.898992
432	-112.8777	-279.8865	167.0088	1.466335	4.138182
438	-115.7883	-282.6449	166.8566	1.618568	4.138182
444	-127.0509	-292.3423	165.2914	1.852238	4.887125
450	-132.8805	-300.1799	167.2995	1.319254	4.05643
456	-134.6388	-304.19	169.5513	1.054592	2.894046
462	-136.8066	-303.1034	166.2969	1.698048	4.41013
468	-129.4578	-299.498	170.0402	1.698048	2.188008
474	-129.0623	-298.6532	169.5909	0.9640861	2.924761
480	-133.1116	-301.6262	168.5146	1.963825	2.970863
486	-135.847	-304.277	168.43	1.43225	3.337062
492	-136.2223	-304.6134	168.3911	1.399337	3.379261
498	-123.7918	-292.3615	168.5697	1.703826	3.093534
504	-135.1794	-303.1961	168.0167	1.48038	3.550686
510	-145.7209	-310.5648	164.8439	2.064271	5.018107
516	-133.8364	-302.9935	169.1572	1.79892	2.680628
522	-115.9559	-284.3594	168.4034	1.475582	3.327196
528	-115.8051	-283.5673	167.7622	1.475582	3.701059
534	-110.253	-278.0753	167.8223	1.569761	3.611711
540	-118.8832	-288.8423	169.9592	1.189188	2.561827
546	-109.6278	-278.4126	168.7849	1.357104	3.171803
552	-119.6445	-284.8699	165.2254	2.270832	4.690279
558	-113.4152	-281.2894	167.8742	1.312407	3.730619
564	-108.4673	-276.5844	168.1171	1.485606	3.48911
570	-125.7207	-294.7877	169.067	1.265589	3.058294
576	-114.2068	-284.9497	170.7428	1.365192	1.944003
582	-128.0891	-296.9847	168.8955	1.717786	2.889528
588	-120.1669	-289.3733	169.2063	1.837995	2.626251
594	-121.5476	-290.3484	168.8008	1.432205	3.117685
600	-139.439	-307.1553	167.7163	1.066492	3.962734
606	-129.1223	-298.2952	169.1729	1.424989	2.898868
612	-119.3938	-288.4991	169.1052	1.424989	2.939687
618	-111.7283	-277.0102	165.2819	1.75911	4.944241
624	-125.1952	-294.2669	169.0718	0.9554385	3.239796
630	-109.4891	-279.4015	169.9125	1.325048	2.506293
636	-118.033	-287.7085	169.6755	1.228237	2.71274
642	-108.8401	-278.5407	169.7007	1.341516	2.627576
648	-133.1814	-301.7304	168.5489	1.305469	3.341668
654	-119.3624	-287.158	167.7956	1.197769	3.841967
660	-110.5035	-281.5387	171.0352	1.199678	1.857904
666	-118.2932	-287.255	168.9617	1.642413	2.895076
672	-116.4859	-286.3395	169.8536	0.7505392	2.895076
678	-108.8766	-279.5716	170.695	0.7943056	2.347702
684	-111.6616	-282.6536	170.992	0.9676085	2.043077
690	-117.4189	-286.3678	168.9489	1.241016	3.143314
696	-123.2021	-293.6229	170.4208	1.593572	2.006701
702	-123.9566	-293.4791	169.5225	1.75602	2.480643
708	-108.5488	-278.6207	170.072	1.358209	2.385181
714	-109.2009	-278.172	168.9711	2.145977	2.581244
720	-105.3843	-274.1679	168.7835	1.379034	3.15957
726	-107.9028	-277.174	169.2712	1.334296	2.894233
732	-122.4013	-291.5024	169.1011	1.504401	2.894233
738	-120.4943	-290.6257	170.1314	1.004569	2.569496
744	-119.5962	-287.6307	168.0345	1.376075	3.600954
750	-128.7215	-298.9098	170.1883	1.398223	2.2857
756	-126.8748	-296.0149	169.14	1.597495	2.814216
762	-127.4543	-294.4293	166.975	1.279506	4.263421
768	-129.8319	-295.7868	165.9549	1.965902	4.451882
774	-123.4826	-291.6192	168.1366	1.787594	3.300578
780	-111.5759	-277.6694	166.0934	1.770893	4.483695
786	-123.7865	-289.7453	165.9587	1.945488	4.461242
792	-116.093	-281.1813	165.0883	1.761551	5.05044
798	-123.1072	-285.922	162.8148	2.223986	6.045924
804	-119.4537	-288.4733	169.0196	1.640575	2.86119
810	-129.9997	-298.1326	168.1329	1.319247	3.576803
816	-123.1872	-291.5957	168.4085	1.481055	3.321
822	-110.3155	-277.0664	166.7509	1.530995	4.247915
828	-106.9227	-273.8345	166.9118	1.370075	4.247915
834	-106.2145	-275.745	169.5305	1.374879	2.71177
840	-106.1063	-276.8859	170.7796	1.604537	1.754752
846	-106.7865	-275.6724	168.8858	1.724553	2.891297
852	-105.6323	-275.558	169.9257	1.065254	2.659154
858	-115.1099	-285.2335	170.1236	1.459432	2.287972
864	-120.3272	-289.7246	169.3974	1.486511	2.724919
870	-120.8787	-290.4687	169.59	1.487022	2.606074
876	-113.4973	-280.0773	166.58	1.487022	4.36946
882	-116.5837	-286.0021	169.4184	1.052175	2.975597
888	-113.1461	-283.1239	169.9778	1.290081	2.4873
894	-119.3037	-286.1553	166.8516	1.290081	4.327283
900	-114.9617	-283.2872	168.3255	1.266089	3.495589
906	-117.1394	-285.9185	168.7792	1.181867	3.278858
912	-139.2422	-305.834	166.5918	1.608388	4.294178
918	-121.4034	-290.4056	169.0022	1.361648	3.039586
924	-119.8655	-289.4404	169.5749	1.361648	2.692614
930	-126.2341	-295.4698	169.2358	1.700807	2.692614
936	-125.8952	-296.2532	170.358	1.161433	2.328557
942	-127.3557	-296.4048	169.0491	1.758575	2.771496
948	-114.112	-283.7354	169.6234	1.184238	2.771496
954	-107.7301	-277.3203	169.5902	1.217473	2.771496
960	-123.6367	-293.4339	169.7972	1.75107	2.310155
966	-123.6331	-291.6741	168.041	1.252749	3.668696
972	-127.9755	-297.3404	169.3648	1.340224	2.833941
978	-130.5793	-300.5406	169.9614	0.6463637	2.892903
984	-119.4449	-289.7993	170.3544	1.063429	2.392991
990	-118.2013	-287.4464	169.2451	1.072856	3.067003
996	-136.3243	-304.9605	168.6362	1.554665	3.142741
1002	-125.2053	-296.5542	171.3489	1.049697	1.744629
1008	-125.7846	-295.7423	169.9578	1.586403	2.312775
1014	-134.5143	-301.7376	167.2232	1.473593	4.011851
1020	-114.3477	-281.605	167.2574	1.882641	3.757509
1026	-126.9081	-293.5616	166.6534	1.882641	4.103519
1032	-119.6404	-290.0759	170.4355	0.9905316	2.387811
1038	-115.0592	-283.6147	168.5555	1.596376	3.16594
1044	-128.8842	-293.5075	164.6233	2.065903	5.139522
1050	-114.0473	-279.5841	165.5369	2.065903	4.630601
1056	-118.2275	-283.3769	165.1495	2.065903	4.847159
1062	-119.8981	-288.3662	168.4682	1.450536	3.303822
1068	-125.462	-293.6495	168.1875	1.450536	3.46846
1074	-116.5773	-285.2072	168.6299	1.687377	3.06742
1080	-110.7401	-280.1085	169.3685	1.496017	2.73679
1086	-113.5478	-282.9231	169.3753	1.48919	2.73679
1092	-105.0322	-274.9624	169.9302	1.368634	2.467936
1098	-119.3394	-287.8739	168.5346	1.451929	3.263856
1104	-127.2288	-292.503	165.2742	1.893802	4.873563
1110	-127.4113	-293.4264	166.0151	1.318367	4.78127
1116	-106.1618	-275.0794	168.9176	1.401378	3.066386
1122	-103.7753	-273.3369	169.5616	1.534383	2.594337
1128	-125.2639	-292.4976	167.2337	1.442164	4.023839
1134	-131.9293	-301.3806	169.4513	1.417596	2.734123
1140	-130.9932	-298.7477	167.7545	1.417596	3.738984
1146	-131.387	-299.107	167.7201	1.314302	3.818376
1152	-129.1769	-296.6101	167.4332	1.601192	3.818376
1158	-122.2741	-291.4852	169.211	1.289593	2.957506
1164	-123.1726	-293.5097	170.3371	1.079823	2.393546
1170	-121.4458	-288.3215	166.8757	1.557567	4.162011
1176	-132.3975	-294.6562	162.2587	2.061875	6.436328
1182	-134.1442	-301.1886	167.0443	1.737571	3.963215
1188	-132.2668	-298.3707	166.1039	1.353321	4.712093
1194	-118.4994	-285.3714	166.872	1.867183	3.98766
1200	-120.615	-289.5844	168.9694	1.48384	2.986005
1206	-119.7535	-289.8247	170.0712	1.066017	2.568713
1212	-115.7725	-282.4623	166.6897	0.9912912	4.586724
1218	-113.5042	-282.2632	168.759	1.194852	3.283082
1224	-127.6528	-294.8147	167.1619	1.42907	4.072255
1230	-118.7916	-286.5824	167.7908	1.542061	3.646051
1236	-109.1583	-279.03	169.8716	1.541132	2.396198
1242	-114.5545	-281.118	166.5635	1.621789	4.302601
1248	-125.3756	-289.2357	163.8601	2.425981	5.362299
1254	-124.4129	-294.4299	170.017	1.09774	2.582698
1260	-122.2974	-292.272	169.9746	1.709713	2.222888
1266	-117.478	-286.5984	169.1204	1.538433	2.86201
1272	-113.5294	-283.4039	169.8745	0.8411834	2.827515
1278	-117.124	-286.7119	169.5879	1.471147	2.617136
1284	-110.1538	-278.1657	168.0119	1.380167	3.611711
1290	-118.2031	-287.3891	169.186	0.8525321	3.233119
1296	-134.8953	-301.2879	166.3926	1.994272	4.188368
1302	-130.3433	-298.482	168.1387	1.563917	3.430727
1308	-123.4085	-294.2232	170.8148	1.223618	1.9907
1314	-131.2588	-299.1915	167.9327	1.475971	3.60206
1320	-122.3782	-290.8507	168.4725	0.9361883	3.60206
1326	-135.9236	-301.816	165.8924	1.362138	4.825301
1332	-121.9119	-290.3232	168.4114	1.399782	3.36709
1338	-136.642	-305.6475	169.0056	1.127995	3.176785
1344	-118.7477	-289.1191	170.3714	1.052222	2.38934
1350	-123.7888	-293.4813	169.6925	1.276115	2.672918
1356	-125.3274	-292.8475	167.5201	1.528006	3.810442
1362	-137.576	-303.5081	165.9321	2.002723	4.444024
1368	-121.3538	-287.4239	166.0701	1.864698	4.444024
1374	-119.7431	-289.2056	169.4625	1.864698	2.450129
1380	-105.1926	-273.784	168.5914	1.38483	3.269884
1386	-113.0471	-281.865	168.8179	1.158366	3.269884
1392	-126.7658	-296.388	169.6222	1.188463	2.769679
1398	-124.8657	-295.2298	170.3641	0.897536	2.49119
1404	-125.0525	-292.5126	167.4602	1.689503	3.75195
1410	-116.6882	-286.2501	169.5619	1.40187	2.675871
1416	-123.3039	-292.96	169.6561	1.594791	2.49793
1422	-123.0148	-293.1238	170.109	0.8541871	2.676286
1428	-122.0435	-290.8884	168.8449	1.440397	3.086522
1434	-124.6633	-293.2656	168.6023	1.550775	3.16524
1440	-102.3916	-272.8968	170.5052	1.301055	2.143782
1446	-104.8248	-274.932	170.1072	1.479694	2.285498
1452	-116.2359	-286.8119	170.576	1.479694	1.979099
1458	-114.9271	-285.812	170.8849	1.372948	1.8422
1464	-112.7363	-283.5825	170.8462	0.9612147	2.143038
1470	-117.1541	-287.5199	170.3657	1.245702	2.269759
1476	-111.7199	-280.8434	169.1235	1.550586	2.852719
1482	-111.0138	-279.8393	168.8254	1.198601	3.24166
1488	-112.1149	-281.9141	169.7992	1.545625	2.439011
1494	-125.9699	-295.1588	169.1889	1.102173	3.083081
1500	-117.6905	-286.6582	168.9677	1.513776	2.96899
1506	-135.2816	-303.1112	167.8296	1.513776	3.639908
1512	-132.402	-301.4674	169.0655	1.611182	2.851191
1518	-141.0089	-310.8374	169.8284	1.611182	2.379228
1524	-129.431	-299.0951	169.664	1.530009	2.533408
1530	-129.8349	-298.8812	169.0463	1.180253	3.121504
1536	-124.5368	-293.6024	169.0656	1.130772	3.139462
1542	-119.0599	-288.0095	168.9496	1.47637	3.002342
1548	-121.3446	-291.9678	170.6232	1.006107	2.258279
1554	-116.0693	-285.5509	169.4817	1.579409	2.615913
1560	-121.2495	-290.0215	168.7721	1.253863	3.240556
1566	-118.4418	-287.8388	169.397	1.395388	2.780821
1572	-102.8887	-270.5833	167.6946	1.614854	3.659593
1578	-122.4053	-291.3037	168.8984	1.938641	2.753552
1584	-112.7248	-282.6384	169.9136	1.249098	2.552927
1590	-115.3982	-284.7093	169.3111	1.851546	2.552927
1596	-111.5515	-280.5661	169.0146	0.9756458	3.261621
1602	-135.5738	-301.4595	165.8856	1.490926	4.757184
1608	-133.3617	-298.3152	164.9535	1.490926	5.274915
1614	-122.6164	-292.4354	169.819	1.250948	2.610412
1620	-136.0689	-305.5578	169.489	1.062099	2.927109
1626	-118.241	-285.4706	167.2295	1.713896	3.870649
1632	-129.2309	-295.8482	166.6173	2.326096	3.870649
1638	-113.4828	-284.6919	171.2091	1.487048	1.530332
1644	-117.5822	-285.6879	168.1057	1.476247	3.501224
1650	-118.4013	-289.6219	171.2207	0.8577145	1.963932
1656	-118.8423	-290.1268	171.2845	0.719555	2.01359
1662	-114.2572	-283.1461	168.889	1.719738	2.892314
1668	-112.5803	-280.7262	168.1459	1.719738	3.335072
1674	-112.5989	-283.7256	171.1267	1.363404	1.679975
1680	-110.7921	-281.2686	170.4765	0.9044167	2.416312
1686	-108.3456	-276.667	168.3214	1.732929	3.223769
1692	-116.8853	-284.9366	168.0513	1.732929	3.382888
1698	-111.0361	-278.9476	167.9115	1.574874	3.556885
1704	-122.272	-291.6296	169.3575	1.706049	2.614377
1710	-126.5531	-294.1549	167.6017	1.925568	3.533081
1716	-116.1838	-286.4851	170.3012	1.008515	2.461067
1722	-125.4721	-292.4676	166.9955	1.917673	3.88798
1728	-118.8418	-284.3012	165.4594	1.917673	4.75689
1734	-129.839	-295.7453	165.9063	1.50679	4.736765
1740	-119.1951	-289.261	170.0659	1.494974	2.302141
1746	-95.98312	-266.682	170.6989	1.580013	1.827719
1752	-100.36	-272.034	171.674	1.155822	1.429363
1758	-100.6904	-271.7736	171.0832	0.9364717	2.003145
1764	-99.14246	-270.4007	171.2583	1.106625	1.76816
1770	-102.7706	-272.5331	169.7624	1.106087	2.734324
1776	-101.1294	-270.7674	169.638	1.489242	2.574909
1782	-106.0132	-272.9733	166.9602	1.526333	4.13175
1788	-106.7307	-276.6483	169.9175	1.274593	2.534598
1794	-128.7155	-295.7281	167.0126	2.264384	3.678387
1800	-122.1923	-291.1912	168.9988	1.527334	2.94212
1806	-130.9972	-298.5846	167.5874	1.683715	3.681778
1812	-118.7097	-287.9151	169.2054	1.180246	3.026516
1818	-116.8034	-286.0499	169.2465	1.689305	2.693068
1824	-121.8798	-288.4625	166.5827	1.689305	4.253492
1830	-125.7107	-292.7885	167.0778	1.28561	4.201691
1836	-118.6351	-289.4434	170.8083	1.221698	1.996281
1842	-121.7927	-287.3216	165.5289	1.835794	4.763839
1848	-129.7569	-298.2619	168.505	0.812553	3.65491
1854	-108.2561	-278.347	170.0908	1.591632	2.224089
1860	-126.7935	-295.7564	168.9629	0.9304476	3.318784
1866	-125.7765	-296.7296	170.9531	1.223417	1.897697
1872	-133.1933	-302.2356	169.0423	1.033171	3.211227
1878	-145.3642	-313.5453	168.1811	1.894418	3.211227
1884	-141.8099	-308.8469	167.037	1.390896	4.165077
1890	-134.7735	-299.6733	164.8998	2.02091	5.011115
1896	-146.9197	-314.7254	167.8058	0.9854188	3.957914
1902	-143.145	-313.6723	170.5273	0.6378896	2.551375
1908	-132.5848	-301.6277	169.043	1.481532	2.943122
1914	-122.6132	-289.4404	166.8273	2.162862	3.843813
1920	-137.5332	-305.6657	168.1325	1.469282	3.489661
1926	-120.9962	-291.9917	170.9956	0.9196492	2.072387
1932	-109.8876	-277.994	168.1063	1.862983	3.273983
1938	-121.6513	-290.1685	168.5172	1.286931	3.371192
1944	-120.1077	-289.2536	169.1459	1.863963	2.647542
1950	-124.9914	-291.8041	166.8127	1.576897	4.18679
1956	-139.1305	-303.9875	164.857	1.576897	5.280729
1962	-129.655	-298.5686	168.9136	0.9329643	3.346313
1968	-134.6161	-302.704	168.0879	1.758602	3.346313
1974	-131.2971	-298.8852	167.5881	1.758602	3.637993
1980	-129.3447	-297.7431	168.3985	1.305848	3.429727
1986	-131.736	-300.1404	168.4045	1.29984	3.429727
1992	-111.9003	-280.8443	168.944	1.525216	2.976389
1998	-119.2443	-288.103	168.8587	1.610538	2.976389
2004	-114.1925	-283.4934	169.3009	1.429831	2.818361
2010	-124.7381	-294.9909	170.2528	1.108131	2.428906
2016	-117.3999	-287.7529	170.353	1.494858	2.116635
2022	-121.2589	-291.0083	169.7495	1.342172	2.596997
2028	-120.243	-291.3918	171.1488	0.7639272	2.073998
2034	-122.9125	-291.6307	168.7182	1.574573	3.082036
2040	-112.4297	-281.5125	169.0828	1.574573	2.862896
2046	-116.6664	-283.3058	166.6394	1.482178	4.338624
2052	-130.9089	-301.9802	171.0713	1.298129	1.764995
2058	-131.4098	-300.605	169.1951	0.7668287	3.278325
2064	-117.1225	-286.8809	169.7584	1.26969	2.636268
2070	-138.9107	-307.0662	168.1555	1.834898	3.261528
2076	-148.4992	-317.3358	168.8366	0.8854906	3.419296
2082	-125.0377	-295.814	170.7763	0.6536004	2.385353
2088	-119.3624	-289.3169	169.9545	1.669034	2.261987
2094	-115.6126	-284.7742	169.1616	1.490408	2.86613
2100	-108.581	-275.9449	167.3639	1.926264	3.670749
2106	-111.0428	-277.9815	166.9387	1.926264	3.915635
2112	-108.3139	-275.2526	166.9387	1.926264	3.915635
2118	-103.7811	-271.9589	168.1778	1.572594	3.402715
2124	-117.523	-286.9451	169.422	1.559738	2.664829
2130	-125.4491	-294.3425	168.8934	1.380996	3.09304
2136	-124.5642	-293.3925	168.8283	1.266111	3.200018
2142	-123.0915	-291.7229	168.6313	1.463062	3.200018
2148	-128.5132	-298.5232	170.01	1.394181	2.401594
2154	-122.4025	-292.5052	170.1028	1.68824	2.153729
2160	-117.1419	-285.264	168.1221	1.472291	3.493983
2166	-120.6695	-291.8929	171.2234	1.171442	1.747246
2172	-115.1731	-284.8539	169.6807	1.458598	2.567422
2178	-116.2575	-286.7753	170.5179	1.783201	1.812429
2184	-112.0439	-282.6889	170.645	0.632876	2.481018
2190	-128.4782	-298.2115	169.7333	1.544609	2.481018
2196	-113.0171	-281.8758	168.8586	1.382026	3.113123
2202	-106.2032	-276.5664	170.3632	1.386721	2.180472
2208	-111.2978	-280.7793	169.4816	1.212991	2.840324
2214	-108.6998	-278.7063	170.0065	1.20284	2.523886
2220	-109.2759	-277.8263	168.5504	1.577269	3.180308
2226	-117.0197	-285.3688	168.3492	1.577269	3.299267
2232	-111.7228	-280.3572	168.6344	1.623856	3.102631
2238	-118.6447	-287.1256	168.4809	1.220872	3.431184
2244	-117.4577	-287.0524	169.5947	1.104409	2.837532
2250	-117.4896	-285.4713	167.9817	1.480917	3.570717
2256	-113.0344	-282.3435	169.3091	1.263931	2.913855
2262	-111.9978	-282.4608	170.463	1.178908	2.250208
2268	-109.0368	-278.6582	169.6214	1.288029	2.709295
2274	-109.2993	-277.778	168.4787	1.288029	3.393166
2280	-119.7665	-289.5227	169.7562	0.8994811	2.863915
2286	-122.3873	-292.2076	169.8202	1.517158	2.443693
2292	-127.5017	-293.2431	165.7414	1.315631	4.93536
2298	-117.4072	-286.3668	168.9596	1.320842	3.089421
2304	-115.1951	-284.7086	169.5135	1.038531	2.926534
2310	-110.0339	-279.2368	169.2028	1.038531	3.11271
2316	-113.3905	-282.9069	169.5164	1.014351	2.939351
2322	-118.9292	-286.7158	167.7865	1.64987	3.585959
2328	-114.2401	-282.0811	167.8411	1.618598	3.572434
2334	-114.1086	-282.5685	168.46	1.397005	3.34017
2340	-123.9526	-292.4126	168.46	1.397005	3.34017
2346	-134.3561	-301.3801	167.024	1.325529	4.209547
2352	-117.3519	-285.9175	168.5656	1.314914	3.326323
2358	-125.7046	-295.1952	169.4906	1.098487	2.904144
2364	-133.9387	-303.2691	169.3303	1.538139	2.734348
2370	-124.8404	-294.4022	169.5617	1.428127	2.659836
2376	-123.9169	-294.5733	170.6564	1.076104	2.191727
2382	-132.6668	-302.3852	169.7184	0.649181	3.037351
2388	-123.5282	-291.6038	168.0756	1.78622	3.33729
2394	-121.7123	-290.3084	168.5961	1.515776	3.189653
2400	-130.9553	-300.132	169.1768	1.552855	2.819029
2406	-135.2971	-304.4118	169.1148	1.614851	2.819029
2412	-127.9938	-297.853	169.8593	1.536371	2.407022
2418	-124.4486	-291.8234	167.3749	2.044028	3.596123
2424	-126.1332	-293.9942	167.861	1.322568	3.732385
2430	-127.1374	-295.2778	168.1405	1.778628	3.303604
2436	-132.0425	-298.8463	166.8038	1.142171	4.43771
2442	-123.0683	-290.8294	167.7611	1.995494	3.399074
2448	-119.1523	-283.641	164.4887	2.099119	5.195645
2454	-130.1103	-296.0297	165.9194	1.649775	4.649428
2460	-127.8504	-296.5838	168.7334	1.344952	3.209506
2466	-116.9131	-285.347	168.4339	1.644534	3.209506
2472	-123.1537	-291.6897	168.536	1.542351	3.209506
2478	-120.8795	-287.6338	166.7543	1.314635	4.368344
2484	-114.0272	-281.2499	167.2227	1.440575	4.03102
2490	-110.4294	-278.9406	168.5112	1.353624	3.335556
2496	-121.2046	-286.9018	165.6971	1.796016	4.691995
2502	-129.725	-299.8975	170.1726	1.538071	2.205885
2508	-119.3604	-290.3906	171.0303	0.9036717	2.060028
2514	-114.9925	-285.443	170.4505	1.679717	1.929042
2520	-130.2135	-299.6781	169.4646	1.679717	2.564355
2526	-113.8896	-283.3197	169.4301	1.770389	2.529359
2532	-117.3519	-286.1102	168.7583	1.770389	2.940606
2538	-130.3655	-298.2781	167.9126	1.63096	3.52363
2544	-128.875	-296.168	167.293	1.657434	3.866598
2550	-112.2778	-277.364	165.0863	2.070613	4.879747
2556	-108.5864	-275.8876	167.3012	1.450784	3.980311
2562	-132.0341	-301.4531	169.4191	1.351748	2.793951
2568	-134.2685	-303.6212	169.3527	1.543965	2.717078
2574	-121.8608	-291.9858	170.125	1.408576	2.319549
2580	-116.0522	-285.2898	169.2376	1.211075	2.988737
2586	-112.4231	-282.7424	170.3192	1.258326	2.291452
2592	-117.7921	-287.8944	170.1024	1.475213	2.291452
2598	-124.9079	-293.0582	168.1503	1.253088	3.605099
2604	-134.1643	-298.0749	163.9106	1.886455	5.631289
2610	-126.7241	-292.041	165.3169	1.604204	5.010895
2616	-118.5957	-287.6873	169.0916	1.649039	2.812339
2622	-116.426	-285.034	168.608	1.182686	3.379104
2628	-123.0075	-291.4616	168.4542	1.0273	3.559744
2634	-118.3721	-288.6972	170.3252	1.0273	2.434214
2640	-127.5855	-297.6542	170.0687	1.0273	2.594319
2646	-129.4053	-297.5603	168.155	1.611552	3.393242
2652	-118.3874	-284.5875	166.2001	1.748146	4.436441
2658	-124.6089	-293.961	169.3521	1.339492	2.842145
2664	-126.5859	-294.6652	168.0793	1.725176	3.371001
2670	-111.4339	-280.6822	169.2483	1.532967	2.787581
2676	-113.8141	-284.508	170.6939	1.682045	1.760454
2682	-117.3494	-287.0731	169.7237	1.429079	2.559051
2688	-114.9499	-283.5774	168.6275	1.904094	2.938847
2694	-120.5374	-288.0996	167.5622	1.904094	3.568555
2700	-121.3473	-289.191	167.8437	1.904094	3.404287
2706	-117.1555	-286.3139	169.1584	1.570928	2.819231
2712	-121.1418	-289.1559	168.014	1.281978	3.667376
2718	-125.5112	-296.044	170.5328	1.281978	2.138259
2724	-103.5926	-272.8772	169.2846	1.684078	2.672855
2730	-106.5856	-276.431	169.8454	1.093886	2.690915
2736	-102.5897	-272.7055	170.1158	1.293414	2.398443
2742	-122.6883	-293.1388	170.4505	1.002886	2.370482
2748	-120.4429	-291.0022	170.5593	1.387211	2.051743
2754	-120.9385	-290.981	170.0426	0.880753	2.700733
2760	-130.3002	-300.2227	169.9225	1.17759	2.591756
2766	-134.7947	-304.2303	169.4356	1.664476	2.591756
2772	-112.6546	-282.2193	169.5647	1.535367	2.591756
2778	-112.6678	-282.0991	169.4312	1.649026	2.604049
2784	-116.5252	-284.1485	167.6234	1.765775	3.613395
2790	-112.5087	-282.9256	170.4169	1.202805	2.264442
2796	-112.0298	-280.7558	168.7259	1.219399	3.28814
2802	-121.6069	-292.2065	170.5996	1.392075	2.021791
2808	-120.6452	-291.5184	170.8732	1.211069	1.959995
2814	-126.5074	-296.6042	170.0968	1.400532	2.342637
2820	-115.4398	-286.4697	171.0299	1.253073	1.824897
2826	-113.3462	-283.1701	169.8239	1.636232	2.366206
2832	-111.3757	-282.1681	170.7925	1.433278	1.864176
2838	-111.685	-282.8118	171.1268	1.478766	1.596913
2844	-121.4721	-292.1018	170.6297	1.138371	2.168666
2850	-125.1067	-293.9471	168.8403	1.388723	3.120026
2856	-138.9923	-307.9943	169.0019	1.926023	2.697905
2862	-130.6562	-299.9924	169.3362	0.9488536	3.086639
2868	-127.0243	-295.7119	168.6875	1.302855	3.26156
2874	-130.8243	-294.9605	164.1362	1.627487	5.649587
2880	-142.6498	-312.3378	169.688	1.36709	2.619616
2886	-134.9347	-303.5277	168.593	1.28096	3.330155
2892	-149.2322	-314.1275	164.8953	1.526708	5.287308
2898	-127.0128	-295.0471	168.0343	1.665748	3.432229
2904	-130.2698	-300.8289	170.5591	1.183296	2.185313
2910	-135.6823	-304.9042	169.2219	1.136458	3.042856
2916	-124.1141	-291.8385	167.7244	2.121965	3.346384
2922	-116.182	-283.3908	167.2088	1.622545	3.934895
2928	-128.7995	-295.9751	167.1755	1.622545	3.953952
2934	-132.5357	-300.7728	168.2371	1.118254	3.632973
2940	-134.5235	-302.101	167.5775	1.319422	3.897311
2946	-125.2641	-293.9618	168.6976	1.311018	3.250769
2952	-129.553	-299.3773	169.8243	1.167521	2.658616
2958	-134.164	-303.5953	169.4313	1.560591	2.658616
2964	-117.4072	-287.5671	170.1599	1.616642	2.163136
2970	-114.8818	-283.0434	168.1616	1.734236	3.317288
2976	-124.3551	-293.9362	169.5812	1.924239	2.337472
2982	-127.7491	-295.5884	167.8393	1.475914	3.65626
2988	-121.9643	-290.4202	168.4559	1.647833	3.194505
2994	-135.6379	-304.6124	168.9745	1.317395	3.082598
3000	-132.2495	-299.5621	167.3126	1.857949	3.739893
3006	-127.9037	-295.85	167.9463	1.292019	3.700743
3012	-125.4564	-292.1465	166.6901	1.470981	4.316314
3018	-121.0159	-290.7452	169.7293	1.470981	2.529512
3024	-128.2081	-297.4238	169.2157	1.470981	2.845112
3030	-117.8262	-286.7515	168.9254	1.658011	2.907626
3036	-110.8226	-277.8083	166.9857	1.658011	4.042195
3042	-113.9772	-281.1889	167.2118	1.180304	4.185415
3048	-113.4321	-283.0503	169.6182	1.337894	2.680621
3054	-117.8198	-285.7267	167.907	1.580912	3.55602
3060	-118.5034	-286.814	168.3106	1.521368	3.35489
3066	-120.7924	-288.3369	167.5445	1.407394	3.865763
3072	-112.6086	-281.2681	168.6595	1.441002	3.19639
3078	-126.9936	-293.2637	166.2701	1.596171	4.482602
3084	-118.3304	-287.4801	169.1498	1.596171	2.809113
3090	-120.7603	-289.9786	169.2184	1.220946	2.994354
3096	-115.9032	-285.2198	169.3166	1.220946	2.935248
3102	-129.2241	-296.9528	167.7286	1.436006	3.743314
3108	-111.8146	-281.9573	170.1427	1.148144	2.472902
3114	-112.5079	-282.504	169.9961	1.148144	2.56439
3120	-121.1538	-289.6447	168.4909	1.639118	3.178892
3126	-120.1129	-288.6631	168.5501	1.923055	2.973993
3132	-123.1403	-292.53	169.3897	1.586937	2.66798
3138	-135.7153	-305.6424	169.9271	0.9786793	2.711506
3144	-130.7979	-300.5277	169.7298	1.19457	2.700121
3150	-133.4156	-301.2831	167.8675	1.420557	3.671981
3156	-133.3959	-303.2449	169.849	1.243426	2.596484
3162	-128.0835	-297.3115	169.228	1.045524	3.09353
3168	-119.478	-289.0768	169.5988	1.385182	2.663478
3174	-117.8965	-288.5996	170.7031	1.403455	1.945007
3180	-113.2142	-282.8207	169.6065	1.629036	2.507537
3186	-123.2411	-289.6272	166.3861	1.462285	4.492667
3192	-112.008	-280.3149	168.307	1.38555	3.436626
3198	-120.5353	-288.9099	168.3746	1.317875	3.436626
3204	-115.3082	-282.8738	167.5656	1.350944	3.886069
3210	-125.811	-295.3703	169.5593	0.9550081	2.949269
3216	-118.9524	-286.1595	167.2071	1.400907	4.062533
3222	-113.711	-283.0427	169.3317	1.400907	2.817227
3228	-118.6667	-287.0761	168.4094	1.849595	3.102192
3234	-123.3634	-292.9108	169.5474	1.88327	2.384872
3240	-124.683	-294.9237	170.2407	1.448007	2.220037
3246	-121.6987	-290.6814	168.9828	1.276539	3.102015
3252	-130.4223	-297.7185	167.2962	1.203379	4.124287
3258	-115.6691	-284.6985	169.0294	1.340711	3.035799
3264	-112.5969	-281.0499	168.453	1.094328	3.521436
3270	-115.4822	-284.9075	169.4253	1.336883	2.799234
3276	-112.6228	-281.7594	169.1366	1.625577	2.799234
3282	-115.6194	-286.3733	170.7539	1.197937	2.048208
3288	-109.5364	-280.012	170.4756	1.476254	2.048208
3294	-123.0401	-292.5929	169.5528	0.9990943	2.926641
3300	-119.4869	-288.3847	168.8978	1.654101	2.926641
3306	-115.6323	-286.4972	170.8648	1.279421	1.919557
3312	-117.3048	-286.4933	169.1885	1.186079	3.033173
3318	-131.5145	-301.9028	170.3883	1.05872	2.374545
3324	-130.5214	-298.9753	168.4538	1.690533	3.170376
3330	-118.2796	-285.7976	167.518	1.690533	3.717975
3336	-117.1358	-286.9327	169.7968	1.553973	2.435267
3342	-127.7611	-295.8682	168.107	1.759508	3.334528
3348	-129.7703	-298.8246	169.0543	1.61404	2.856236
3354	-131.5022	-299.6836	168.1814	1.67566	3.340093
3360	-134.1195	-303.8909	169.7713	1.193746	2.675097
3366	-119.1354	-287.5629	168.4276	1.495251	3.301407
3372	-116.7821	-286.1955	169.4134	1.083884	2.959516
3378	-116.9356	-287.6748	170.7392	1.483634	1.866188
3384	-138.2712	-304.5817	166.3105	1.459822	4.536543
3390	-130.5888	-297.7092	167.1204	1.73971	3.918447
3396	-123.329	-293.1416	169.8126	1.59271	2.400896
3402	-136.6507	-306.6438	169.993	1.059177	2.62138
3408	-137.4687	-303.9964	166.5277	1.650101	4.306854
3414	-135.2595	-304.8891	169.6296	1.520428	2.560806
3420	-142.3355	-311.2697	168.9342	1.283797	3.126621
3426	-137.7584	-305.9498	168.1913	1.352596	3.523388
3432	-130.6031	-300.206	169.6029	1.297679	2.714689
3438	-138.6871	-306.7771	168.09	1.481651	3.507207
3444	-139.0068	-308.7255	169.7187	1.509188	2.512302
3450	-138.6173	-308.5573	169.94	1.053342	2.657705
3456	-131.5913	-298.9492	167.3579	2.248166	3.487152
3462	-148.5486	-318.3478	169.7992	1.142324	2.689589
3468	-147.4028	-316.5579	169.155	0.8287731	3.265435
3474	-141.7454	-310.6351	168.8898	1.261266	3.166432
3480	-153.3394	-321.8733	168.5339	1.48457	3.24496
3486	-137.5008	-306.2441	168.7433	1.48457	3.120721
3492	-131.6767	-300.7227	169.046	1.393034	2.994533
3498	-127.3946	-296.6434	169.2488	1.595192	2.749316
3504	-132.0953	-301.0288	168.9335	1.379245	3.070113
3510	-122.7108	-293.1378	170.4271	1.379245	2.143765
3516	-117.6461	-287.3091	169.663	1.802899	2.362554
3522	-122.9699	-292.6761	169.7062	1.411701	2.580747
3528	-122.0054	-289.3961	167.3907	1.893734	3.6741
3534	-129.568	-298.1874	168.6194	1.716957	3.056021
3540	-128.4935	-292.5092	164.0157	2.136346	5.436136
3546	-121.4623	-291.0753	169.613	1.55704	2.54834
3552	-123.0316	-290.534	167.5024	1.573167	3.794649
3558	-115.0837	-283.1627	168.0789	1.573167	3.460261
3564	-118.4874	-289.6737	171.1863	0.6378418	2.132129
3570	-128.6382	-299.0349	170.3967	1.256064	2.243204
3576	-134.0486	-303.5341	169.4854	1.866622	2.43447
3582	-118.8326	-288.4703	169.6377	1.310351	2.685534
3588	-114.3596	-285.3129	170.9533	1.326597	1.827017
3594	-128.1028	-296.2092	168.1064	1.33817	3.5812
3600	-125.4697	-291.6463	166.1765	1.543334	4.56491
3606	-137.7152	-307.5078	169.7926	1.404902	2.531272
3612	-130.9572	-300.6321	169.6748	1.368162	2.627075
3618	-123.8921	-291.9262	168.0341	1.330614	3.627575
3624	-123.2192	-292.3482	169.129	1.347414	2.972058
3630	-129.4805	-299.4499	169.9694	1.347414	2.45665
3636	-122.6173	-292.5445	169.9271	1.16308	2.597893
3642	-125.4584	-292.4225	166.964	1.767879	3.991804
3648	-96.67348	-264.8125	168.1391	1.822312	3.278668
3654	-111.7463	-277.841	166.0947	1.645653	4.553417
3660	-116.8066	-286.0327	169.2261	1.289246	2.94865
3666	-114.016	-280.0031	165.9871	1.734043	4.564178
3672	-118.6258	-287.6743	169.0485	1.516129	2.918914
3678	-121.2767	-290.2523	168.9756	1.58911	2.918914
3684	-120.6934	-290.654	169.9606	1.186032	2.562886
3690	-113.2715	-283.9	170.6285	1.330343	2.04354
3696	-117.9097	-289.0132	171.1035	0.5777215	2.224859
3702	-109.4121	-279.1274	169.7153	0.671375	3.025921
3708	-117.1564	-284.6267	167.4703	1.900239	3.62418
3714	-114.0006	-282.8494	168.8487	1.453993	3.076112
3720	-112.9588	-282.6721	169.7133	1.223703	2.69236
3726	-121.0548	-287.0042	165.9494	1.699113	4.604929
3732	-127.0295	-294.2821	167.2525	1.631749	3.904576
3738	-117.1784	-285.3293	168.1509	1.631749	3.383791
3744	-112.3514	-279.4213	167.0699	1.434642	4.12148
3750	-123.0471	-291.6191	168.572	1.434642	3.251949
3756	-105.7316	-272.8964	167.1648	1.683232	3.925332
3762	-111.656	-280.8887	169.2327	1.935135	2.549731
3768	-107.4242	-274.8225	167.3983	1.192373	4.072413
3774	-102.9327	-271.7905	168.8578	1.355451	3.129429
3780	-108.9551	-278.4516	169.4965	1.279737	2.790685
3786	-117.7049	-286.9461	169.2412	1.690362	2.695658
3792	-120.9263	-290.4772	169.5508	1.380773	2.695658
3798	-129.5929	-299.796	170.2032	1.283312	2.349501
3804	-119.3308	-288.6135	169.2828	1.138058	3.005439
3810	-123.3623	-290.2026	166.8404	1.461307	4.236694
3816	-128.7225	-298.6309	169.9084	1.265566	2.545891
3822	-118.5046	-287.7826	169.278	1.351983	2.879457
3828	-116.1938	-287.3315	171.1377	1.403076	1.643751
3834	-123.1047	-292.7797	169.6749	1.539061	2.520963
3840	-120.2113	-289.7191	169.5078	1.706192	2.520963
3846	-105.4754	-275.6827	170.2074	1.006614	2.520963
3852	-115.1504	-285.401	170.2506	1.076103	2.450415
3858	-110.6225	-280.1007	169.4782	1.406365	2.724502
3864	-117.0282	-287.4937	170.4655	1.456769	2.067741
3870	-111.7673	-278.2714	166.5041	1.727395	4.276478
3876	-120.7795	-288.3162	167.5367	1.722106	3.688902
3882	-123.335	-291.702	168.367	1.722106	3.203129
3888	-115.9844	-287.2228	171.2384	0.8145943	1.98093
3894	-115.6379	-284.6667	169.0288	1.473177	2.95669
3900	-126.9535	-295.7474	168.7939	0.898729	3.436541
3906	-130.5894	-300.0791	169.4897	1.079463	2.916206
3912	-123.5275	-291.6247	168.0971	1.342913	3.58383
3918	-123.9923	-293.5344	169.5422	1.338781	2.726724
3924	-125.8971	-293.3159	167.4188	1.646362	3.800628
3930	-150.476	-319.6886	169.2126	1.245864	2.982841
3936	-142.9581	-311.8729	168.9147	1.698079	2.889834
3942	-119.1671	-288.517	169.35	1.155019	2.954881
3948	-109.4908	-276.7627	167.2719	1.822514	3.783791
3954	-116.0996	-286.6458	170.5462	1.285198	2.12742
3960	-114.4685	-285.1155	170.6469	0.7368662	2.414482
3966	-107.1735	-276.6428	169.4693	1.91448	2.414482
3972	-123.2392	-292.2177	168.9785	1.91448	2.719351
3978	-115.5991	-285.9985	170.3994	1.235311	2.254828
3984	-126.1704	-295.0353	168.8648	1.091534	3.281623
3990	-116.2572	-284.0208	167.7636	1.77678	3.525427
3996	-122.3594	-292.7804	170.421	1.360938	2.159658
4002	-123.6694	-292.4769	168.8075	1.65683	2.979341
4008	-125.6214	-296.0627	170.4413	1.327876	2.167932
4014	-129.5097	-300.8142	171.3045	0.9274699	1.8599
4020	-125.0377	-293.5001	168.4624	2.039544	2.956689
4026	-116.7472	-287.3048	170.5576	1.174613	2.191901
4032	-100.0964	-270.8141	170.7177	1.3654	1.960775
4038	-106.6197	-277.3776	170.7578	1.522979	1.826425
4044	-112.6565	-279.4477	166.7912	1.979817	3.969464
4050	-111.3809	-281.53	170.1491	1.695554	2.118698
4056	-112.0684	-281.2253	169.1569	1.695554	2.744129
4062	-107.8504	-277.7061	169.8557	1.618825	2.357097
4068	-116.5104	-287.5623	171.0519	0.9834789	1.992719
4074	-114.541	-285.2736	170.7325	1.302807	1.992719
4080	-112.7422	-283.3342	170.592	0.9156369	2.336035
4086	-114.9799	-285.4871	170.5072	1.521841	1.996943
4092	-107.1677	-274.2147	167.047	1.608241	4.0356
4098	-110.6165	-280.1149	169.4984	1.503779	2.652287
4104	-108.7875	-277.8705	169.083	1.548255	2.878689
4110	-110.7767	-280.5727	169.7959	1.548255	2.439444
4116	-115.2632	-285.4548	170.1916	1.506836	2.213743
4122	-111.507	-281.2115	169.7044	1.361554	2.612877
4128	-106.1096	-276.3478	170.2382	1.317142	2.305639
4134	-108.2695	-278.9045	170.635	0.8903077	2.324814
4140	-113.5263	-283.2596	169.7333	1.149654	2.725502
4146	-121.2726	-290.2195	168.9469	0.7517723	3.433003
4152	-118.1191	-288.3911	170.272	0.7770938	2.623305
4158	-117.1893	-284.8678	167.6785	1.331646	3.832301
4164	-114.8434	-284.683	169.8396	1.204425	2.626455
4170	-115.4123	-285.0227	169.6105	1.453621	2.614045
4176	-124.5329	-295.0291	170.4962	1.335239	2.127358
4182	-114.0469	-283.1421	169.0951	1.335239	2.999725
4188	-115.7514	-286.0682	170.3168	1.335239	2.243688
4194	-112.273	-282.3782	170.1053	1.58924	2.216313
4200	-102.1948	-271.4625	169.2677	1.691937	2.678462
4206	-116.2579	-286.2877	170.0298	1.691937	2.198676
4212	-113.0359	-283.6416	170.6057	1.691937	1.814838
4218	-114.689	-283.5561	168.8671	1.691937	2.922329
4224	-107.2671	-277.9031	170.636	1.204288	2.121592
4230	-129.8458	-299.2668	169.421	1.204288	2.882281
4236	-126.5927	-294.9777	168.385	1.204288	3.496932
4242	-127.5464	-293.2434	165.697	1.771317	4.705864
4248	-124.255	-291.833	167.578	1.460834	3.815785
4254	-126.6848	-292.4618	165.777	1.460834	4.834622
4260	-118.3537	-285.6536	167.2999	1.930939	3.705078
4266	-113.121	-282.8256	169.7046	1.572442	2.481587
4272	-116.3848	-285.7308	169.346	1.098333	2.991353
4278	-126.3503	-295.5612	169.2109	1.238131	2.988514
4284	-130.1445	-299.547	169.4025	1.689304	2.596917
4290	-135.2357	-305.1915	169.9557	1.609892	2.299073
4296	-128.206	-297.8506	169.6445	1.199626	2.749212
4302	-133.8694	-299.4075	165.5381	2.197274	4.556226
4308	-140.2188	-306.3674	166.1486	1.935891	4.359566
4314	-132.3804	-300.4082	168.0278	1.576849	3.488007
4320	-126.5153	-297.2236	170.7083	1.07181	2.16082
4326	-119.8558	-289.8002	169.9445	1.07181	2.643578
4332	-117.8967	-287.7504	169.8537	1.419941	2.483689
4338	-109.7348	-278.5471	168.8123	1.421185	3.117388
4344	-134.6638	-301.2153	166.5514	1.421185	4.422708
4350	-141.8054	-307.919	166.1136	1.303253	4.734656
4356	-126.239	-293.8916	167.6526	1.652589	3.662058
4362	-126.481	-294.5582	168.0773	1.233162	3.659031
4368	-124.053	-291.7308	167.6778	1.454152	3.762169
4374	-123.5852	-292.2653	168.6801	1.454152	3.176414
4380	-135.6301	-305.5561	169.926	0.9723535	2.716028
4386	-124.3006	-294.1694	169.8688	1.056471	2.699552
4392	-125.2295	-294.452	169.2226	1.548641	2.793723
4398	-116.6431	-285.8309	169.1878	1.245302	2.998073
4404	-103.9485	-273.6261	169.6777	1.390153	2.611739
4410	-95.66744	-265.5113	169.8439	1.417892	2.491126
4416	-106.2868	-275.8242	169.5374	1.349623	2.723008
4422	-120.432	-290.6133	170.1813	1.097393	2.48054
4428	-129.3273	-298.8316	169.5043	1.774345	2.48054
4434	-136.0647	-305.4529	169.3882	0.9874897	3.032495
4440	-130.2697	-298.4822	168.2125	1.534656	3.404617
4446	-122.5546	-291.5646	169.01	0.9926402	3.254315
4452	-131.1076	-301.1001	169.9926	1.159966	2.559227
4458	-130.5772	-297.4535	166.8763	1.217096	4.354578
4464	-119.7185	-288.2503	168.5318	1.571942	3.194508
4470	-121.4196	-290.7646	169.345	1.047639	3.022328
4476	-123.6364	-292.9787	169.3422	1.045795	3.025102
4482	-128.5857	-297.5806	168.9949	1.333931	3.060517
4488	-130.1236	-298.2717	168.1481	1.68563	3.353817
4494	-114.5833	-282.6628	168.0796	1.335094	3.598584
4500	-121.4769	-290.0613	168.5845	1.303453	3.321964
4506	-113.9585	-282.6377	168.6792	1.303453	3.266121
4512	-107.1587	-274.526	167.3674	1.592333	3.861294
4518	-110.8614	-278.0463	167.1849	1.774827	3.861294
4524	-121.3299	-287.3143	165.9844	1.867862	4.490507
4530	-122.7378	-291.0397	168.3019	1.867862	3.155292
4536	-116.5868	-283.0736	166.4867	1.867862	4.206687
4542	-120.2306	-289.8072	169.5766	1.867862	2.376174
4548	-110.279	-280.1216	169.8426	1.429638	2.484574
4554	-117.2188	-285.2531	168.0344	1.967971	3.254493
4560	-119.552	-289.403	169.851	1.019691	2.732965
4566	-113.7201	-284.2129	170.4928	0.9665979	2.366673
4572	-121.7903	-292.7027	170.9124	0.9007331	2.139317
4578	-117.9914	-288.1019	170.1105	1.217746	2.449434
4584	-105.8763	-275.2947	169.4183	1.118581	2.935641
4590	-121.2008	-287.9142	166.7134	1.703115	4.171522
4596	-102.4608	-272.3363	169.8755	1.314081	2.536197
4602	-106.1888	-274.4479	168.2591	1.849766	3.191424
4608	-114.8883	-283.5085	168.6201	2.119	2.813238
4614	-121.1554	-291.663	170.5076	1.12792	2.254327
4620	-127.2574	-297.9192	170.6617	0.9910761	2.243195
4626	-132.1898	-302.0578	169.8681	0.9910761	2.740066
4632	-135.8331	-307.2984	171.4654	0.7313551	1.883982
4638	-145.7128	-316.4975	170.7847	0.8437599	2.258814
4644	-111.8232	-282.4408	170.6176	1.510705	1.930344
4650	-122.8497	-291.6617	168.812	1.193995	3.252319
4656	-116.7684	-287.2223	170.4539	1.46605	2.069257
4662	-119.6346	-289.3861	169.7515	1.159133	2.708516
4668	-121.4557	-290.7376	169.2819	1.644991	2.698533
4674	-121.4878	-290.9712	169.4834	1.455665	2.691066
4680	-123.4233	-293.1661	169.7428	1.140632	2.725215
4686	-112.9135	-283.4541	170.5407	1.094727	2.254385
4692	-116.4576	-287.0075	170.5499	0.8591436	2.398526
4698	-124.4208	-295.8618	171.441	1.014529	1.7045
4704	-122.9243	-290.4285	167.5042	1.672843	3.736156
4710	-118.9266	-287.3946	168.468	1.612537	3.208217
4716	-112.0688	-280.605	168.5362	1.544395	3.208217
4722	-116.765	-286.2236	169.4585	1.60156	2.616522
4728	-108.6517	-278.709	170.0573	1.580643	2.252764
4734	-120.772	-290.6512	169.8792	1.305599	2.539159
4740	-115.9459	-282.5893	166.6434	1.950587	4.070537
4746	-133.4123	-301.5559	168.1436	1.771514	3.305943
4752	-122.3883	-291.5225	169.1342	1.064595	3.138036
4758	-124.9959	-291.2105	166.2146	2.279047	4.127655
4764	-125.3827	-295.0459	169.6633	1.345674	2.648073
4770	-122.4155	-291.9091	169.4935	1.696681	2.535789
4776	-125.5409	-294.6156	169.0746	1.674828	2.806953
4782	-122.1512	-291.6369	169.4857	1.416105	2.713948
4788	-121.3166	-290.531	169.2144	1.687385	2.713948
4794	-124.7476	-292.1248	167.3772	1.62542	3.836629
4800	-130.1301	-298.3473	168.2172	0.7854223	3.836629
4806	-119.9631	-289.602	169.6389	1.573087	2.522187
4812	-126.3217	-295.9727	169.6509	1.560357	2.52266
4818	-139.7831	-308.4634	168.6802	1.400653	3.208021
4824	-140.8079	-306.7984	165.9905	1.457982	4.716965
4830	-139.5119	-306.8756	167.3637	1.817684	3.733641
4836	-120.372	-285.1147	164.7427	1.817684	5.21082
4842	-127.5269	-296.4926	168.9656	1.817684	2.786346
4848	-114.9507	-284.6679	169.7172	1.051083	2.795506
4854	-137.9948	-305.6336	167.6388	1.832801	3.565473
4860	-132.1635	-301.3163	169.1528	1.775006	2.697969
4866	-132.3552	-300.1576	167.8024	1.078023	3.906779
4872	-136.8775	-304.1569	167.2794	1.080751	4.203528
4878	-123.2097	-291.6265	168.4168	1.121054	3.526912
4884	-133.8487	-301.1106	167.2619	1.784463	3.811467
4890	-125.4207	-295.7311	170.3105	1.065952	2.419144
4896	-131.305	-301.9201	170.6151	1.087614	2.211014
4902	-128.1594	-294.0256	165.8663	1.332238	4.856561
4908	-125.8784	-291.923	166.0446	1.647945	4.580253
4914	-117.5468	-284.2341	166.6873	1.633264	4.226001
4920	-121.3416	-284.7749	163.4333	2.01154	5.824236
4926	-127.484	-294.3882	166.9041	1.623451	4.108368
4932	-115.2778	-284.4805	169.2027	1.623451	2.760228
4938	-114.3172	-282.292	167.9747	1.03718	3.831293
4944	-128.2995	-297.9686	169.669	1.723512	2.408966
4950	-110.4118	-280.3656	169.9538	1.23401	2.537262
4956	-106.7175	-276.2335	169.5159	1.23401	2.80666
4962	-105.1959	-274.9409	169.7451	1.268444	2.645277
4968	-124.2127	-293.1977	168.985	1.544538	2.940097
4974	-110.4621	-278.8636	168.4015	1.469135	3.332115
4980	-117.4232	-286.6736	169.2504	1.582108	2.75634
4986	-114.6873	-283.6517	168.9644	1.59559	2.921745
4992	-123.6166	-292.4778	168.8613	1.211291	3.21295
4998	-123.8634	-292.9924	169.1291	1.343966	2.974096
5004	-124.1653	-290.8637	166.6984	1.606968	4.23461
5010	-131.345	-298.1442	166.7992	1.506118	4.23461
5016	-130.2218	-298.1711	167.9493	1.724115	3.447785
5022	-110.081	-278.8512	168.7702	1.724115	2.961288
5028	-114.543	-283.7822	169.2392	1.236739	2.972361
5034	-115.3519	-284.3762	169.0243	1.451612	2.972361
5040	-118.4751	-286.5558	168.0807	1.758104	3.350821
5046	-126.3856	-297.2935	170.9079	1.205536	1.940348
5052	-126.0676	-295.971	169.9034	1.545883	2.373108
5058	-122.914	-292.288	169.374	1.774085	2.562006
5064	-130.2687	-298.4466	168.1779	1.600964	3.386026
5070	-121.5913	-290.7295	169.1382	1.723958	2.738228
5076	-121.0413	-289.3443	168.303	0.8732288	3.736645
5082	-119.9376	-288.3367	168.3991	1.721868	3.184246
5088	-111.9744	-282.7388	170.7644	1.042376	2.143473
5094	-119.0042	-288.865	169.8608	1.374886	2.50744
5100	-121.2939	-291.3042	170.0104	1.579045	2.28388
5106	-119.2675	-288.7619	169.4944	0.7794064	3.093352
5112	-115.8996	-283.1124	167.2128	1.669865	3.905511
5118	-122.5269	-290.7279	168.201	1.415956	3.480797
5124	-146.5857	-312.521	165.9353	1.757619	4.580036
5130	-130.6798	-299.4693	168.7895	1.317021	3.192845
5136	-108.3335	-277.6485	169.315	1.439574	2.803829
5142	-115.1422	-282.7068	167.5646	1.439574	3.835761
5148	-119.4211	-289.5721	170.151	1.066565	2.518764
5154	-121.8085	-290.2008	168.3923	1.357696	3.402982
5160	-124.0627	-293.1205	169.0578	1.686235	2.810261
5166	-127.2536	-298.7207	171.467	0.7387763	1.877779
5172	-111.8562	-281.6027	169.7465	0.9371079	2.846983
5178	-109.7507	-280.7223	170.9716	0.7470454	2.200703
5184	-112.95	-283.9908	171.0408	0.677858	2.200703
5190	-124.1222	-288.247	164.1248	2.009461	5.445946
5196	-110.0967	-277.9009	167.8042	1.841907	3.463757
5202	-118.5223	-288.6202	170.0979	1.621882	2.199991
5208	-115.6954	-285.8311	170.1357	1.584086	2.199991
5214	-129.1597	-298.7739	169.6142	1.347295	2.677282
5220	-131.1737	-300.6369	169.4632	1.498285	2.677282
5226	-136.6652	-306.1912	169.526	1.344874	2.732901
5232	-129.4114	-297.2108	167.7993	1.299802	3.781079
5238	-124.3164	-294.1983	169.8819	1.335181	2.519036
5244	-125.519	-294.6728	169.1537	1.7136	2.735055
5250	-122.6207	-292.9061	170.2853	1.65741	2.054218
5256	-125.0873	-292.1081	167.0208	1.686389	4.005935
5262	-129.6585	-300.6512	170.9927	1.071304	1.973592
5268	-120.2173	-289.1814	168.9641	1.690712	2.864419
5274	-125.8356	-296.146	170.3104	1.150189	2.365949
5280	-119.0492	-287.3885	168.3392	1.746973	3.204873
5286	-115.8002	-283.6772	167.8771	1.78968	3.451703
5292	-111.3491	-280.764	169.4149	1.767452	2.540682
5298	-121.7737	-291.0095	169.2358	1.570827	2.77214
5304	-112.1476	-281.8252	169.6776	1.44802	2.575947
5310	-137.0175	-305.2546	168.2371	1.892945	3.17888
5316	-136.9326	-304.6982	167.7656	1.892945	3.456509
5322	-133.2931	-299.6065	166.3134	1.16443	4.700582
5328	-132.4199	-298.5603	166.1404	2.088219	4.278064
5334	-140.6486	-303.2281	162.5795	2.576646	5.981956
5340	-131.4405	-295.6746	164.2341	1.784119	5.509802
5346	-118.7396	-287.1398	168.4002	1.666339	3.216506
5352	-133.7029	-298.6811	164.9781	1.628815	5.185061
5358	-116.9501	-286.3093	169.3592	1.412215	2.793614
5364	-109.8372	-280.1998	170.3626	1.412215	2.16428
5370	-118.463	-288.8509	170.3878	1.386986	2.16428
5376	-108.2005	-279.5518	171.3513	1.162053	1.663404
5382	-111.7718	-282.585	170.8132	1.248733	1.974919
5388	-108.0417	-278.6993	170.6576	1.248733	2.078213
5394	-110.0815	-279.659	169.5775	1.612981	2.535611
5400	-123.6495	-293.6351	169.9856	1.553076	2.316274
5406	-122.7159	-290.7286	168.0127	1.821389	3.353607
5412	-137.3726	-306.2156	168.843	1.144613	3.263204
5418	-139.2193	-304.3534	165.1341	2.018034	4.88238
5424	-136.8104	-304.3764	167.5659	1.713785	3.676808
5430	-147.1745	-315.9784	168.8039	1.260015	3.218049
5436	-142.846	-309.8495	167.0035	1.798417	3.951783
5442	-133.6984	-302.5891	168.8907	1.447728	3.05479
5448	-139.9583	-305.7538	165.7955	1.296518	4.915892
5454	-110.8194	-280.3855	169.5661	0.9148812	2.969334
5460	-105.8327	-275.2976	169.4648	1.01415	2.970517
5466	-113.9846	-282.6453	168.6607	1.818324	2.970517
5472	-123.6799	-292.7039	169.0239	1.054136	3.209702
5478	-127.6078	-294.4995	166.8917	1.758675	4.03837
5484	-116.9096	-285.4137	168.5041	1.424944	3.297718
5490	-116.341	-284.6374	168.2964	1.545446	3.349082
5496	-111.4685	-281.0841	169.6156	1.727417	2.440154
5502	-122.4461	-292.9453	170.4993	1.536092	1.992708
5508	-126.5339	-295.9011	169.3672	1.556113	2.700749
5514	-119.0258	-288.4083	169.3825	1.24325	2.881988
5520	-121.0813	-289.5921	168.5108	1.605613	3.186956
5526	-108.9318	-280.1134	171.1816	1.31193	1.67756
5532	-107.5819	-278.3204	170.7385	1.193528	2.061282
5538	-116.4454	-284.7518	168.3064	1.185374	3.553776
5544	-130.9925	-299.1396	168.1471	1.333696	3.560158
5550	-135.2305	-302.1221	166.8916	1.250677	4.326955
5556	-122.9847	-291.0294	168.0447	1.323653	3.62545
5562	-119.849	-289.437	169.5879	1.25396	2.750599
5568	-120.7652	-290.042	169.2768	1.278075	2.924803
5574	-126.2688	-294.3019	168.0331	1.823039	3.340627
5580	-136.0482	-304.4176	168.3694	1.260703	3.473133
5586	-133.1768	-301.6952	168.5184	1.111719	3.473133
5592	-131.2868	-296.7432	165.4564	1.845958	4.798642
5598	-123.6796	-291.6996	168.02	1.845958	3.334899
5604	-133.1067	-300.1966	167.0899	1.367747	4.148153
5610	-118.3352	-287.6961	169.3609	1.253212	2.889025
5616	-126.2102	-296.7766	170.5664	1.325432	2.087765
5622	-128.6323	-298.2588	169.6265	1.493687	2.579297
5628	-120.5624	-290.0961	169.5337	1.586499	2.579297
5634	-129.1083	-297.4354	168.3271	1.547321	3.329917
5640	-117.3618	-288.0243	170.6625	1.03999	2.211159
5646	-128.2204	-297.9241	169.7038	1.566675	2.485705
5652	-127.5379	-296.2289	168.691	2.055958	2.808503
5658	-121.0011	-291.3904	170.3893	1.20575	2.280244
5664	-129.2818	-299.9204	170.6386	1.041344	2.2257
5670	-120.7211	-290.5622	169.8411	0.6857088	2.941761
5676	-125.5106	-296.1333	170.6227	0.8296327	2.371136
5682	-109.2745	-279.7909	170.5164	1.109315	2.260571
5688	-112.7397	-283.9234	171.1837	1.23683	1.729224
5694	-125.4637	-294.7618	169.2981	1.001103	3.078193
5700	-124.9031	-294.9752	170.0721	0.9100095	2.664613
5706	-127.0606	-296.4259	169.3653	1.397065	2.799137
5712	-118.1268	-286.665	168.5383	1.90349	2.992886
5718	-109.2787	-277.0706	167.7919	1.90349	3.434949
5724	-103.0677	-272.1974	169.1297	1.561318	2.842497
5730	-133.062	-302.2175	169.1555	1.307689	2.979999
5736	-144.3213	-312.309	167.9877	1.288271	3.678972
5742	-130.9675	-301.9911	171.0236	0.8409336	2.105717
5748	-127.2909	-296.679	169.3881	1.231458	2.885735
5754	-127.9024	-296.1907	168.2883	1.598967	3.322368
5760	-136.5814	-303.9047	167.3233	1.266558	4.072889
5766	-132.9936	-302.7255	169.7318	1.633394	2.426188
5772	-137.2527	-305.6093	168.3566	1.633394	3.261785
5778	-110.6286	-279.6217	168.9932	1.366229	3.042237
5784	-122.8659	-292.5724	169.7065	0.7977925	2.955276
5790	-113.1192	-282.1968	169.0776	1.222752	3.07755
5796	-102.7515	-274.0803	171.3287	0.9605678	1.820559
5802	-112.0445	-281.9523	169.9077	1.085619	2.657694
5808	-116.2229	-284.8807	168.6579	1.159084	3.363669
5814	-121.6573	-290.3152	168.6579	1.159084	3.363669
5820	-126.638	-295.428	168.79	1.380387	3.154929
5826	-120.1953	-288.8063	168.611	1.55937	3.154929
5832	-120.4368	-289.4581	169.0213	1.636155	2.862833
5838	-120.2385	-289.5141	169.2757	0.929076	3.134515
5844	-116.448	-286.865	170.417	0.9186677	2.444785
5850	-112.2001	-280.3954	168.1953	1.388866	3.499926
5856	-117.0772	-286.3005	169.2234	1.504078	2.820349
5862	-114.5417	-283.8193	169.2776	1.25847	2.936183
5868	-121.87	-290.7811	168.9111	1.25847	3.155416
5874	-134.4823	-303.6274	169.1452	1.530483	2.851796
5880	-112.0442	-281.8295	169.7854	1.241172	2.637237
5886	-113.565	-284.1932	170.6282	1.482209	1.942429
5892	-107.8178	-276.3829	168.565	1.496344	3.219591
5898	-115.6748	-285.9994	170.3245	1.67273	2.01808
5904	-127.0739	-298.3352	171.2613	0.7162919	2.031157
5910	-126.1245	-296.5185	170.394	1.061941	2.368893
5916	-114.7327	-284.9405	170.2078	1.484149	2.217931
5922	-127.1652	-297.6107	170.4455	1.631113	1.965077
5928	-132.2356	-301.9267	169.6911	1.453844	2.56396
5934	-124.0667	-294.6298	170.5631	1.151498	2.203333
5940	-123.2432	-291.3461	168.1029	1.278073	3.618118
5946	-126.7557	-296.2683	169.5126	0.7864917	3.078284
5952	-126.5266	-295.9755	169.4489	1.316358	2.797355
5958	-114.7937	-282.4767	167.6831	1.316358	3.838467
5964	-131.7962	-301.686	169.8899	1.154988	2.62593
5970	-121.7016	-291.7591	170.0575	1.266426	2.452165
5976	-129.4271	-299.2145	169.7873	1.256719	2.626421
5982	-129.2309	-300.3797	171.1489	1.174025	1.797357
5988	-124.4876	-293.3195	168.8319	1.174025	3.252342
5994	-120.3974	-289.1003	168.7029	1.628073	3.059218
6000	-113.6518	-282.5366	168.8848	1.628073	2.950126
6006	-131.4848	-298.8226	167.3378	1.192635	4.106736
6012	-119.366	-287.3465	167.9805	1.408352	3.613539
6018	-122.5131	-287.3348	164.8217	1.808815	5.172013
6024	-126.41	-294.3353	167.9252	1.557217	3.559177
6030	-117.307	-284.1001	166.7931	1.445479	4.272459
6036	-121.647	-290.6928	169.0458	1.639255	2.846099
6042	-130.6121	-299.7729	169.1608	1.111455	3.094322
6048	-138.0048	-308.2767	170.2719	1.111455	2.41476
6054	-131.5623	-300.6322	169.0699	1.541153	2.890922
6060	-145.9807	-314.3247	168.344	1.315093	3.45617
6066	-138.4992	-306.7836	168.2844	1.363844	3.462518
6072	-138.9292	-306.784	167.8548	1.427251	3.675429
6078	-120.1024	-289.5908	169.4884	1.229975	2.825883
6084	-123.4365	-293.9029	170.4664	1.243846	2.206117
6090	-116.1802	-285.8078	169.6276	1.124658	2.805269
6096	-131.7286	-301.3087	169.5801	1.267983	2.746812
6102	-130.4574	-298.6003	168.1429	1.267983	3.600754
6108	-120.2135	-290.1634	169.95	1.310904	2.491694
6114	-139.4952	-307.1785	167.6833	1.430158	3.772821
6120	-130.3404	-297.7749	167.4345	1.67899	3.772821
6126	-115.2063	-283.1902	167.9839	1.575823	3.514191
6132	-110.9722	-277.953	166.9808	1.575823	4.091826
6138	-119.1089	-287.1169	168.008	1.855852	3.336111
6144	-127.3086	-294.1361	166.8275	2.129389	3.862883
6150	-138.9378	-308.2298	169.292	0.9661471	3.102705
6156	-123.576	-293.0404	169.4644	1.636859	2.591046
6162	-131.0348	-299.9322	168.8975	1.198957	3.198818
6168	-117.5409	-287.6495	170.1086	1.089498	2.530878
6174	-108.1802	-278.6444	170.4642	1.295004	2.174443
6180	-102.3014	-271.0072	168.7057	1.502017	3.132723
6186	-116.2269	-285.2968	169.0699	1.277705	3.049293
6192	-109.2243	-274.8753	165.651	1.847227	4.689152
6198	-116.5566	-285.1892	168.6326	1.847227	2.970029
6204	-125.0471	-293.1145	168.0673	1.229371	3.666966
6210	-127.2976	-292.6225	165.325	2.163004	4.694901
6216	-129.3078	-295.7011	166.3933	1.734941	4.33484
6222	-117.3298	-285.1955	167.8658	1.452349	3.654576
6228	-108.1618	-276.569	168.4072	1.503578	3.308513
6234	-107.9059	-278.65	170.7441	0.8394042	2.287674
6240	-113.1623	-283.0992	169.9369	1.477611	2.395079
6246	-118.5551	-287.9636	169.4084	1.477611	2.72359
6252	-122.6145	-293.1548	170.5403	1.097014	2.253121
6258	-119.9798	-289.0137	169.0339	1.462702	2.95991
6264	-108.5772	-277.5042	168.927	1.903509	2.757562
6270	-117.745	-286.0313	168.2864	1.725737	3.248707
6276	-132.0593	-300.5008	168.4415	1.454439	3.317231
6282	-130.8094	-299.2785	168.4691	1.426819	3.317231
6288	-124.946	-292.3923	167.4464	1.5827	3.821406
6294	-121.9638	-292.3605	170.3967	1.148731	2.312006
6300	-123.2148	-292.7978	169.583	1.080602	2.8591
6306	-119.0226	-287.5104	168.4878	1.673503	3.160328
6312	-110.9037	-282.2789	171.3752	1.347979	1.510166
6318	-104.0145	-274.7692	170.7547	1.226847	2.028502
6324	-115.1045	-285.3949	170.2904	1.312446	2.275277
6330	-111.266	-282.4788	171.2128	0.9080118	1.935376
6336	-113.3888	-282.9993	169.6106	1.771103	2.415838
6342	-105.061	-274.1151	169.0541	1.318611	3.034248
6348	-117.1129	-283.9459	166.833	1.792549	4.052536
6354	-125.1032	-293.7082	168.6049	1.206987	3.36664
6360	-123.1116	-293.4827	170.3711	1.353482	2.196835
6366	-121.1248	-289.5381	168.4134	1.353482	3.39309
6372	-122.846	-291.6949	168.8489	1.351711	3.136976
6378	-126.8874	-295.6866	168.7992	1.401352	3.136976
6384	-126.0025	-294.0127	168.0102	1.509608	3.537436
6390	-121.174	-288.7347	167.5607	1.509608	3.797672
6396	-113.9496	-281.2727	167.3231	1.509608	3.934149
6402	-121.5837	-289.4613	167.8776	1.614579	3.553519
6408	-110.8489	-279.9306	169.0817	1.270666	3.046432
6414	-123.932	-292.8747	168.9427	1.568872	2.95094
6420	-131.5529	-301.4948	169.9418	1.761233	2.210791
6426	-115.5298	-285.1982	169.6684	1.454274	2.577791
6432	-111.9693	-281.5148	169.5456	1.454274	2.653706
6438	-116.8672	-285.3098	168.4426	1.384457	3.357749
6444	-109.3034	-276.9731	167.6697	1.702371	3.623303
6450	-122.8502	-290.5369	167.6867	1.636717	3.651497
6456	-122.7078	-291.4709	168.763	1.280945	3.229867
6462	-113.11	-281.7558	168.6458	1.676444	3.064429
6468	-125.9306	-294.9338	169.0031	0.8697245	3.330827
6474	-121.3199	-291.5682	170.2483	1.283223	2.320844
6480	-123.7546	-292.5166	168.762	1.77719	2.934271
6486	-119.2551	-290.2208	170.9656	0.934233	2.08249
6492	-115.295	-282.2902	166.9952	1.376389	4.19703
6498	-110.5274	-279.8002	169.2727	1.686894	2.678448
6504	-113.8696	-278.7427	164.8731	1.446683	5.343734
6510	-110.3651	-278.0999	167.7348	1.634135	3.625101
6516	-116.2896	-283.4634	167.1738	1.529181	4.008319
6522	-105.4472	-273.3098	167.8626	1.498054	3.629934
6528	-108.3642	-276.5135	168.1493	1.18454	3.645462
6534	-117.065	-283.048	165.983	1.777735	4.541937
6540	-113.8897	-282.7835	168.8938	1.206367	3.196624
6546	-117.5782	-286.6144	169.0362	1.190516	3.121427
6552	-123.712	-293.0746	169.3627	0.8640455	3.121427
6558	-131.6269	-301.2852	169.6583	0.790559	2.988606
6564	-136.7965	-306.0817	169.2853	1.491522	2.790329
6570	-139.0087	-307.2555	168.2468	1.333534	3.502176
6576	-150.5281	-318.5723	168.0442	1.47452	3.538092
6582	-127.7764	-296.174	168.3976	1.234553	3.471901
6588	-117.8779	-286.9149	169.0369	1.544173	2.908986
6594	-106.876	-276.8041	169.9281	1.367882	2.469676
6600	-107.0443	-278.0966	171.0523	0.8009071	2.113137
6606	-106.401	-275.018	168.617	1.277899	3.317828
6612	-103.0062	-272.0811	169.0749	1.698973	2.792119
6618	-115.547	-283.5198	167.9728	2.323552	3.079905
6624	-126.5707	-295.2575	168.6867	1.609639	3.079905
6630	-117.8629	-286.8143	168.9515	1.344906	3.079905
6636	-108.6323	-278.3493	169.7171	0.9891235	2.833258
6642	-131.0709	-300.8969	169.826	0.7507463	2.911635
6648	-127.5364	-298.1185	170.5821	1.525647	1.944182
6654	-119.572	-286.4036	166.8316	1.193829	4.392938
6660	-123.5859	-292.9652	169.3793	1.240185	2.885806
6666	-139.8858	-308.6246	168.7388	1.415239	3.164651
6672	-132.0009	-301.8956	169.8947	1.17361	2.611461
6678	-128.2166	-297.5646	169.348	1.220978	2.916314
6684	-121.461	-290.0564	168.5954	1.135552	3.414101
6690	-121.6709	-292.3931	170.7222	1.191964	2.073081
6696	-126.1448	-292.889	166.7442	1.91593	4.032816
6702	-125.9276	-295.862	169.9345	1.22944	2.55216
6708	-118.7146	-289.2992	170.5846	1.121275	2.208978
6714	-114.1443	-282.0691	167.9248	1.291819	3.713307
6720	-112.4348	-280.0195	167.5846	1.631974	3.713307
6726	-117.2851	-286.7686	169.4834	1.630758	2.583021
6732	-105.7057	-275.4797	169.774	1.770582	2.312505
6738	-110.8595	-280.4846	169.6251	1.325353	2.684073
6744	-108.2785	-278.0595	169.781	1.185288	2.674325
6750	-97.69105	-268.757	171.066	1.040718	1.944905
6756	-103.0501	-272.1542	169.1041	1.750956	2.742553
6762	-102.5648	-272.158	169.5933	1.521736	2.582527
6768	-111.7705	-283.1794	171.4089	1.282996	1.533459
6774	-130.0991	-299.4259	169.3268	1.32507	2.866188
6780	-124.5715	-292.0909	167.5195	1.568521	3.7875
6786	-135.0707	-302.8594	167.7887	1.299258	3.7875
6792	-139.6798	-306.4657	166.7859	1.607605	4.184575
6798	-129.1885	-298.4304	169.2419	0.7843756	3.24033
6804	-116.1948	-286.6129	170.4181	0.9102083	2.449399
6810	-124.0476	-293.0802	169.0327	1.364269	3.019754
6816	-116.6337	-283.7134	167.0796	1.821481	3.89492
6822	-105.2056	-276.7363	171.5307	0.9487244	1.687584
6828	-120.0714	-289.2309	169.1595	1.274672	2.997454
6834	-115.6228	-282.152	166.5292	1.691836	4.282404
6840	-111.1145	-281.1416	170.0272	1.051494	2.605039
6846	-106.5963	-274.5885	167.9922	1.770031	3.3958
6852	-109.1481	-278.6629	169.5148	1.539808	2.619889
6858	-116.0905	-285.579	169.4885	1.143464	2.878249
6864	-119.1837	-288.4036	169.2198	1.143464	3.039905
6870	-121.6292	-290.1272	168.498	1.628549	3.180987
6876	-114.4414	-282.2577	167.8163	1.107744	3.881783
6882	-128.271	-297.6668	169.3958	1.716645	2.584106
6888	-126.0038	-295.5225	169.5188	0.9437618	2.980414
6894	-129.7419	-297.4254	167.6835	1.274851	3.862085
6900	-118.9785	-287.866	168.8875	1.565766	2.985975
6906	-131.0089	-299.2124	168.2035	1.10133	3.662291
6912	-119.7815	-286.2096	166.4281	1.721179	4.32297
6918	-115.3751	-282.9368	167.5617	1.721179	3.67496
6924	-107.7405	-273.2633	165.5228	1.721179	4.831188
6930	-108.3481	-277.6378	169.2897	1.200655	2.963672
6936	-102.1572	-271.2914	169.1342	1.356198	2.963672
6942	-110.8801	-281.314	170.4339	1.240411	2.229358
6948	-102.6627	-272.6381	169.9755	1.240411	2.519797
6954	-104.5263	-274.3182	169.7918	1.424061	2.519797
6960	-105.4237	-274.2864	168.8627	1.617392	2.969853
6966	-113.3577	-284.33	170.9723	1.097921	1.969419
6972	-104.4194	-274.0027	169.5832	1.496599	2.604314
6978	-117.6732	-287.0906	169.4174	1.662417	2.604314
6984	-106.7781	-276.284	169.506	1.54659	2.621171
6990	-108.9781	-279.7717	170.7936	1.645543	1.716121
6996	-111.0823	-280.3399	169.2576	1.477196	2.815896
7002	-120.6499	-290.554	169.9041	1.488583	2.408884
7008	-125.9517	-292.636	166.6843	2.273443	3.862413
7014	-119.0172	-289.9093	170.8921	1.155138	1.984778
7020	-119.9773	-291.2981	171.3209	1.293848	1.59022
7026	-114.1157	-285.1125	170.9968	1.142437	1.922926
7032	-112.2765	-281.0105	168.734	1.38373	3.186197
7038	-120.4462	-290.4874	170.0412	0.9637508	2.65056
7044	-126.0612	-296.9046	170.8434	1.036098	2.095885
7050	-126.8196	-296.1168	169.2972	1.636907	2.694109
7056	-134.3075	-304.2338	169.9263	1.332701	2.492851
7062	-151.3093	-321.2413	169.932	1.085589	2.642738
7068	-155.491	-323.0212	167.5302	1.490296	3.82634
7074	-119.1394	-286.5319	167.3925	1.721859	3.772315
7080	-130.3928	-295.2445	164.8517	1.449706	5.353834
7086	-127.8314	-296.5456	168.7142	1.632635	3.049745
7092	-137.3838	-303.9773	166.5935	1.544359	4.329445
7098	-133.2486	-302.4373	169.1887	1.917228	2.588146
7104	-140.2375	-306.817	166.5796	1.302635	4.47365
7110	-135.7094	-303.7077	167.9982	1.228896	3.707226
7116	-144.7344	-311.9537	167.2193	1.635964	3.921231
7122	-138.2376	-307.0713	168.8337	1.13011	3.27722
7128	-126.6607	-296.1881	169.5274	1.427601	2.681292
7134	-128.68	-298.0057	169.3256	1.629385	2.681292
7140	-119.0347	-288.4348	169.4	1.46602	2.735834
7146	-116.7564	-284.7876	168.0312	1.370274	3.606246
7152	-117.4732	-284.1673	166.6941	1.64701	4.21435
7158	-122.9252	-289.9748	167.0496	1.768136	3.94271
7164	-116.3165	-287.2913	170.9748	0.9162364	2.088291
7170	-121.8705	-291.9323	170.0618	1.294804	2.431626
7176	-135.5265	-304.3095	168.783	1.294804	3.209863
7182	-128.4589	-295.2824	166.8235	1.65851	4.134275
7188	-120.5612	-288.3546	167.7934	1.626027	3.595829
7194	-119.3238	-287.9131	168.5894	1.363463	3.283713
7200	-112.7166	-282.4078	169.6912	1.363463	2.619873
7206	-121.7728	-290.0251	168.2524	1.562148	3.365115
7212	-116.1969	-280.4442	164.2472	2.354496	5.187939
7218	-119.9034	-284.0548	164.1514	2.450327	5.187939
7224	-125.4727	-295.2824	169.8097	1.162299	2.670853
7230	-137.6133	-307.3621	169.7488	1.281621	2.634827
7236	-128.2626	-298.8725	170.6099	0.957912	2.297718
7242	-134.1311	-303.442	169.3109	1.255363	2.917946
7248	-125.2526	-293.2567	168.0041	1.201663	3.719552
7254	-121.2495	-291.074	169.8245	1.144222	2.672878
7260	-111.1586	-279.5857	168.4271	1.740206	3.156783
7266	-106.4081	-276.2452	169.837	1.289754	2.575208
7272	-112.7399	-281.9214	169.1815	0.9756506	3.162818
7278	-115.4555	-281.0546	165.5991	1.333483	5.004515
7284	-128.242	-296.4567	168.2147	1.445561	3.455466
7290	-134.2032	-302.5686	168.3654	1.294929	3.455466
7296	-134.7138	-301.873	167.1592	1.652812	3.945983
7302	-122.643	-289.5633	166.9204	1.489858	4.17509
7308	-118.8745	-289.1071	170.2327	1.572794	2.144328
7314	-128.3615	-296.7864	168.425	1.662123	3.204358
7320	-132.8735	-300.7263	167.8528	1.570186	3.593761
7326	-120.6032	-289.3608	168.7575	1.570186	3.061174
7332	-109.8424	-278.7949	168.9525	1.87311	2.76058
7338	-106.1246	-274.1187	167.994	1.747742	3.407782
7344	-119.3007	-288.5834	169.2828	1.752541	2.631834
7350	-115.9535	-282.9054	166.9519	2.030088	3.848516
7356	-126.3188	-293.09	166.7712	2.054939	3.937907
7362	-118.0752	-288.2544	170.1792	1.492475	2.231036
7368	-132.6437	-300.7702	168.1265	2.088484	3.12842
7374	-132.0921	-300.9201	168.828	1.387002	3.12842
7380	-134.3854	-302.1626	167.7772	1.427864	3.719966
7386	-123.7763	-291.3929	167.6166	1.425707	3.8138
7392	-108.325	-279.0915	170.7665	1.13464	2.081634
7398	-121.1564	-288.7791	167.6227	1.825013	3.579387
7404	-118.5595	-286.0163	167.4568	1.607305	3.801255
7410	-134.4547	-303.6835	169.2287	1.491784	2.82455
7416	-134.1579	-299.9428	165.7849	0.9636795	5.106639
7422	-127.8201	-297.3193	169.4992	1.878026	2.418638
7428	-120.6238	-287.4656	166.8417	1.609373	4.151863
7434	-117.3822	-283.7742	166.3921	1.795537	4.301296
7440	-106.1762	-275.5184	169.3422	1.436818	2.788975
7446	-115.5144	-284.7734	169.259	1.436573	2.839701
7452	-123.732	-294.3053	170.5733	1.228848	2.146459
7458	-127.6203	-298.2289	170.6086	1.228848	2.123439
7464	-124.534	-294.2797	169.7457	1.376007	2.578369
7470	-124.6028	-293.9824	169.3796	1.603386	2.66408
7476	-117.862	-285.4241	167.562	1.393192	3.863854
7482	-113.0828	-280.4988	167.4159	1.539298	3.863854
7488	-122.3225	-292.664	170.3415	1.033043	2.420308
7494	-126.8882	-293.9794	167.0911	1.664958	3.977976
7500	-125.0202	-291.1421	166.1219	1.455259	4.64494
7506	-125.1278	-291.2268	166.0989	1.682258	4.530462
7512	-119.0628	-289.8918	170.829	1.214975	1.986945
7518	-129.5164	-300.5667	171.0503	1.425415	1.690198
7524	-130.2688	-298.6184	168.3496	1.72168	3.21372
7530	-120.1096	-289.678	169.5685	1.430632	2.654157
7536	-119.4201	-288.7225	169.3024	1.453258	2.803181
7542	-130.9105	-298.277	167.3665	1.453258	3.941559
7548	-123.8834	-292.4332	168.5499	1.479724	3.238378
7554	-124.0823	-292.0075	167.9252	1.479724	3.60422
7560	-119.5751	-287.4261	167.8511	1.553885	3.60422
7566	-123.7142	-293.9294	170.2152	0.9279225	2.565074
7572	-117.698	-285.3833	167.6852	1.844332	3.531753
7578	-116.6771	-286.2627	169.5856	1.35282	2.691496
7584	-117.5767	-284.1194	166.5427	1.377041	4.452496
7590	-124.2538	-294.8622	170.6084	1.133883	2.185431
7596	-118.717	-286.6447	167.9276	1.405584	3.645833
7602	-114.1463	-282.6732	168.5269	1.761991	3.084373
7608	-116.2337	-282.5779	166.3441	1.641268	4.415494
7614	-111.7637	-280.1542	168.3905	1.532157	3.301477
7620	-104.9517	-273.3675	168.4158	1.237884	3.459313
7626	-106.4563	-274.4789	168.0226	1.129855	3.750308
7632	-114.8615	-283.7052	168.8437	1.284027	3.180282
7638	-111.7707	-281.7022	169.9315	1.337485	2.486616
7644	-113.8417	-283.7681	169.9264	0.9906682	2.704604
7650	-121.7134	-291.7287	170.0153	1.209808	2.514012
7656	-114.1819	-284.4242	170.2423	1.066637	2.461554
7662	-121.1686	-290.1121	168.9435	1.816517	2.800522
7668	-125.9699	-295.0631	169.0933	0.9060969	3.256252
7674	-118.6034	-288.2772	169.6738	1.316243	2.659713
7680	-120.0753	-289.4916	169.4162	1.373207	2.782624
7686	-129.0833	-298.1963	169.1131	1.126879	3.113543
7692	-123.8551	-291.6042	167.749	1.6382	3.614496
7698	-129.9173	-299.8897	169.9724	1.249498	2.516036
7704	-143.7382	-312.7335	168.9953	1.382343	3.031297
7710	-135.4944	-305.0898	169.5954	1.149464	2.809753
7716	-119.3311	-287.9521	168.621	1.286993	3.310155
7722	-110.5151	-279.391	168.8759	0.8566996	3.413182
7728	-122.0318	-290.7784	168.7466	1.157183	3.312613
7734	-127.6211	-297.6309	170.0098	1.296167	2.463411
7740	-108.9211	-279.5534	170.6323	1.120321	2.178688
7746	-110.4643	-280.9427	170.4784	1.123015	2.276198
7752	-107.9935	-278.2104	170.2169	1.19805	2.394843
7758	-108.7319	-279.4158	170.6839	1.050808	2.190319
7764	-127.8817	-299.0722	171.1905	1.050808	1.853558
7770	-133.3194	-301.1946	167.8752	1.98384	3.338943
7776	-123.8161	-293.9199	170.1038	1.568793	2.23044
7782	-119.9023	-290.5496	170.6473	1.370151	2.004651
7788	-118.2816	-288.9289	170.6473	1.370151	2.004651
7794	-125.4698	-296.5687	171.0989	1.012338	1.941861
7800	-124.4413	-294.1899	169.7485	1.502523	2.497841
7806	-108.2365	-279.4388	171.2023	1.092283	1.816914
7812	-106.2823	-276.8246	170.5423	1.014927	2.304476
7818	-108.0763	-277.697	169.6206	1.782812	2.40208
7824	-126.2422	-296.0221	169.7799	1.437015	2.519174
7830	-135.2973	-305.3761	170.0788	0.6414349	2.824723
7836	-109.436	-279.1529	169.717	1.003286	2.824723
7842	-117.2442	-288.1734	170.9291	1.278006	1.876865
7848	-118.0981	-287.4517	169.3536	1.611336	2.675194
7854	-108.9943	-280.1307	171.1365	0.8548412	2.022043
7860	-109.6772	-279.4147	169.7375	1.349044	2.600134
7866	-110.6751	-281.4426	170.7675	1.19107	2.043748
7872	-117.6755	-285.7914	168.116	1.090658	3.719062
7878	-110.1311	-280.0453	169.9143	1.127744	2.627672
7884	-112.4557	-284.5318	172.0761	0.6591884	1.501096
7890	-108.3992	-278.591	170.1917	1.131695	2.452472
7896	-124.3309	-294.6243	170.2935	1.025246	2.455434
7902	-108.1136	-278.5795	170.4659	0.9606955	2.387486
7908	-112.0389	-282.2938	170.2549	1.317213	2.294967
7914	-101.0773	-270.1183	169.041	1.683203	2.822336
7920	-118.0767	-287.1801	169.1034	1.885346	2.660536
7926	-115.7805	-285.5913	169.8108	1.391768	2.528101
7932	-120.2382	-288.3639	168.1256	1.87351	3.256376
7938	-112.8734	-281.3579	168.4845	1.210606	3.435111
7944	-114.6497	-283.2383	168.5886	1.830218	3.006655
7950	-110.6767	-281.7853	171.1087	0.977454	1.958737
7956	-111.0893	-280.0551	168.9657	0.8700648	3.35262
7962	-114.3466	-282.7691	168.4225	1.95568	3.031
7968	-118.2399	-287.522	169.2821	1.769815	2.621598
7974	-118.1966	-289.1744	170.9778	1.041917	2.003146
7980	-119.4007	-289.5587	170.158	1.14399	2.465912
7986	-116.5603	-285.3861	168.8257	1.159528	3.264572
7992	-118.5431	-287.1558	168.6127	1.159528	3.389934
7998	-119.3705	-287.7461	168.3756	1.852098	3.120868
8004	-106.3279	-276.8942	170.5662	1.365314	2.061609
8010	-121.9472	-290.8593	168.9121	1.250416	3.159608
8016	-117.2972	-287.4621	170.1649	1.13078	2.469857
8022	-108.2459	-277.3389	169.0931	1.584735	2.850473
8028	-112.7691	-282.5142	169.7451	1.263215	2.648501
8034	-146.2425	-315.7163	169.4738	1.462173	2.693005
8040	-130.5388	-300.5765	170.0377	1.344224	2.415676
8046	-131.0681	-300.2423	169.1741	2.136572	2.460455
8052	-119.0626	-290.0063	170.9438	1.202201	1.918403
8058	-119.8509	-290.2282	170.3773	1.323835	2.212045
8064	-126.7064	-296.7209	170.0145	0.6873477	2.835894
8070	-113.8728	-284.7168	170.844	1.092795	2.058154
8076	-115.2073	-285.1017	169.8943	1.402949	2.468884
8082	-128.9356	-298.201	169.2654	1.241729	2.953585
8088	-105.37	-275.9668	170.5968	0.9630489	2.302767
8094	-107.033	-277.0063	169.9733	1.027556	2.653068
8100	-109.6981	-278.138	168.44	1.436699	3.328569
8106	-106.8513	-274.5296	167.6783	1.764741	3.582079
8112	-110.9611	-279.6135	168.6524	1.524058	3.151332
8118	-110.0762	-279.2065	169.1303	1.524058	2.864668
8124	-107.6209	-278.8703	171.2494	0.7974023	1.985074
8130	-112.4085	-281.6601	169.2517	1.455461	2.832682
8136	-118.7157	-289.2768	170.5611	1.174492	2.189719
8142	-119.8381	-289.4365	169.5984	1.424331	2.639566
8148	-128.1923	-296.1085	167.9162	1.478322	3.610267
8154	-132.0439	-301.3134	169.2695	1.726642	2.655964
8160	-131.0707	-297.91	166.8393	2.100482	3.872733
8166	-123.2453	-292.4745	169.2292	1.584874	2.767564
8172	-126.474	-295.8587	169.3847	1.336982	2.823854
8178	-135.2623	-303.0185	167.7562	1.859678	3.481434
8184	-123.5145	-291.2707	167.7562	1.859678	3.481434
8190	-119.2112	-286.6669	167.4557	2.086953	3.524155
8196	-129.0773	-299.0602	169.9829	1.119876	2.590087
8202	-123.431	-291.6411	168.21	1.527729	3.410131
8208	-123.0631	-292.371	169.3079	1.189214	2.959639
8214	-135.5925	-304.7996	169.2072	1.117411	3.063066
8220	-118.7771	-288.4839	169.7068	1.094858	2.775145
8226	-116.6832	-287.2313	170.5481	1.35308	2.081634
8232	-125.9765	-292.4119	166.4354	1.477104	4.456593
8238	-132.0262	-296.3458	164.3196	1.60882	5.55918
8244	-119.6559	-289.5458	169.8899	1.722311	2.269276
8250	-130.3635	-300.6294	170.2659	1.173399	2.379428
8256	-124.9756	-295.7238	170.7482	1.410971	1.90947
8262	-121.1613	-291.1135	169.9521	1.184842	2.568885
8268	-137.2238	-307.2589	170.0351	1.161931	2.531512
8274	-127.1548	-296.9367	169.7819	1.173455	2.681075
8280	-124.286	-293.8879	169.6019	0.8894365	2.963101
8286	-114.5317	-284.8901	170.3584	1.248753	2.272519
8292	-109.0787	-277.4022	168.3235	1.258845	3.500975
8298	-105.1642	-276.2088	171.0446	1.063816	1.943767
8304	-102.1513	-272.3034	170.1522	1.765847	2.070548
8310	-104.9074	-273.8061	168.8987	1.703579	2.89619
8316	-101.2981	-273.0935	171.7954	0.7541196	1.637454
8322	-118.5934	-287.8266	169.2332	1.342376	2.912321
8328	-123.5353	-293.5914	170.0561	1.293946	2.435722
8334	-122.2997	-291.8896	169.5899	1.646593	2.506939
8340	-116.8889	-285.3865	168.4976	1.202376	3.432249
8346	-124.8182	-292.8838	168.0655	2.051766	3.186444
8352	-118.2407	-287.9852	169.7444	1.477457	2.516045
8358	-121.4648	-292.9378	171.473	1.07629	1.637629
8364	-120.487	-291.6026	171.1156	1.375159	1.679538
8370	-118.6457	-289.6025	170.9568	1.53392	1.679538
8376	-106.6352	-277.097	170.4618	1.935174	1.745721
8382	-115.1794	-285.1587	169.9793	1.272666	2.497273
8388	-121.6698	-290.9884	169.3186	1.272666	2.902856
8394	-122.4181	-291.2809	168.8628	1.867165	2.818822
8400	-119.6625	-290.1985	170.536	0.8500899	2.413025
8406	-112.1163	-282.5217	170.4054	1.326784	2.191915
8412	-108.8543	-278.8938	170.0395	1.297106	2.444224
8418	-114.0125	-284.2664	170.254	0.9429423	2.531615
8424	-109.184	-280.9359	171.7519	1.155964	1.368606
8430	-108.6545	-279.2783	170.6238	1.155964	2.161032
8436	-121.1083	-290.4747	169.3664	1.252974	2.885847
8442	-121.8011	-289.8724	168.0713	1.972921	3.229717
8448	-114.7321	-283.3587	168.6266	1.471842	3.197637
8454	-114.9229	-285.9975	171.0746	0.694355	2.168069
8460	-106.964	-277.4789	170.5148	0.7117752	2.513092
8466	-118.0856	-288.5154	170.4298	1.016823	2.374791
8472	-117.3166	-286.2106	168.894	1.818653	2.829344
8478	-123.9655	-293.3908	169.4253	1.276838	2.835727
8484	-116.4963	-284.3637	167.8674	1.307859	3.737176
8490	-121.7757	-290.1003	168.3246	1.3696	3.435639
8496	-116.2906	-286.0204	169.7298	0.9970654	2.820705
8502	-106.9454	-275.9459	169.0005	1.390026	3.023614
8508	-115.7454	-286.0074	170.262	1.628811	2.088433
8514	-121.5444	-289.0669	167.5225	1.628811	3.750988
8520	-118.4242	-287.2417	168.8175	1.628811	2.990128
8526	-118.574	-289.3473	170.7733	1.369202	1.920764
8532	-120.4528	-288.9529	168.5002	1.258096	3.398122
8538	-129.7353	-294.675	164.9397	1.794035	5.114845
8544	-112.9207	-279.6961	166.7754	1.827168	4.065629
8550	-116.3575	-285.6137	169.2563	1.068055	3.063202
8556	-110.8887	-280.7496	169.8609	1.417362	2.480804
8562	-112.322	-279.7669	167.4449	1.619157	3.801292
8568	-115.9667	-285.9965	170.0299	1.659275	2.219782
8574	-117.1457	-285.0926	167.947	1.659275	3.48704
8580	-121.4938	-289.4078	167.9141	1.162424	3.794121
8586	-110.2466	-277.6673	167.4207	1.655791	3.794121
8592	-115.2949	-281.9606	166.6657	1.653554	4.226721
8598	-121.4116	-289.6574	168.2457	1.184358	3.589609
8604	-111.4654	-281.5283	170.0629	0.9331614	2.656041
8610	-115.9299	-286.8348	170.905	0.9290674	2.125661
8616	-104.6986	-272.6628	167.9642	1.558676	3.535637
8622	-124.0308	-290.2924	166.2616	1.662564	4.449999
8628	-129.4507	-291.7975	162.3468	2.172658	6.328454
8634	-111.2039	-282.0407	170.8368	1.09253	2.06308
8640	-119.0261	-290.0819	171.0558	1.100153	1.911645
8646	-124.7903	-293.7544	168.9641	2.184026	2.561953
8652	-119.2375	-290.1124	170.8749	0.8290143	2.210238
8658	-120.8844	-292.0148	171.1304	0.6476003	2.162206
8664	-121.783	-291.3452	169.5622	1.222969	2.785221
8670	-127.6305	-298.2294	170.5989	1.193629	2.152741
8676	-131.4015	-297.7789	166.3774	1.419592	4.52156
8682	-131.5906	-299.395	167.8044	1.744004	3.520785
8688	-146.3432	-313.2692	166.926	2.064189	3.843773
8694	-141.6148	-308.6798	167.0649	1.539474	4.064607
8700	-130.6127	-296.2485	165.6358	1.995455	4.614605
8706	-137.7148	-306.9582	169.2434	1.476879	2.824693
8712	-129.121	-296.5537	167.4327	1.363262	3.95517
8718	-133.6685	-299.1131	165.4446	1.7375	4.865704
8724	-132.0804	-299.275	167.1945	2.050961	3.696592
8730	-129.69	-294.8289	165.1389	1.479805	5.178525
8736	-109.134	-278.6595	169.5256	0.8494062	3.032924
8742	-124.0048	-292.5465	168.5417	1.894536	2.996186
8748	-120.5397	-289.0357	168.496	1.507882	3.25358
8754	-132.3093	-302.2956	169.9862	0.8757082	2.738342
8760	-125.8421	-294.6327	168.7906	1.355726	3.16923
8766	-121.932	-290.1492	168.2172	1.475748	3.436387
8772	-123.0801	-289.4875	166.4075	1.732056	4.328493
8778	-114.1153	-282.0822	167.9669	1.590368	3.515639
8784	-124.3514	-293.8256	169.4741	1.360127	2.755286
8790	-110.6559	-278.7791	168.1232	1.467856	3.495881
8796	-114.4664	-283.4481	168.9817	1.467856	2.988206
8802	-138.004	-306.7833	168.7793	1.670244	2.988206
8808	-133.1545	-300.5654	167.4109	1.817725	3.706354
8814	-137.7259	-307.086	169.3601	1.356775	2.826747
8820	-130.5428	-299.766	169.2232	1.493729	2.826747
8826	-121.3033	-290.9787	169.6754	1.603167	2.480629
8832	-118.6513	-288.3596	169.7083	1.097468	2.77265
8838	-128.9019	-298.1239	169.222	1.583832	2.77265
8844	-127.657	-296.228	168.5711	1.600199	3.154406
8850	-137.8373	-306.6045	168.7672	1.116703	3.324322
8856	-140.7421	-309.4506	168.7086	1.175316	3.324322
8862	-151.8395	-317.1681	165.3286	2.033975	4.765015
8868	-131.5098	-298.901	167.3911	1.399406	3.958271
8874	-128.2344	-298.523	170.2887	1.214555	2.338864
8880	-134.2314	-301.2679	167.0365	1.111057	4.323944
8886	-125.479	-290.9101	165.4311	1.896724	4.784416
8892	-102.7006	-272.8615	170.1608	1.177717	2.442973
8898	-114.8594	-284.8027	169.9434	1.362256	2.463662
8904	-117.5612	-287.2525	169.6913	1.362256	2.620548
8910	-128.2467	-295.9627	167.7159	1.382385	3.781541
8916	-118.9471	-288.94	169.9929	1.552505	2.311976
8922	-125.1769	-294.6779	169.5009	1.134629	2.876069
8928	-121.1395	-291.812	170.6725	1.202949	2.098527
8934	-115.6966	-286.0895	170.3929	1.14857	2.314526
8940	-114.2714	-285	170.7286	0.9124828	2.250708
8946	-121.9439	-291.6799	169.736	1.145691	2.726239
8952	-121.1938	-292.3443	171.1506	1.054326	1.878408
8958	-129.4833	-298.0086	168.5253	1.912306	2.995358
8964	-135.6784	-302.4503	166.7718	1.841781	4.059337
8970	-132.6631	-299.8929	167.2299	1.667564	3.897031
8976	-131.2606	-298.877	167.6165	1.630801	3.695582
8982	-128.6891	-295.2632	166.5741	1.910301	4.132943
8988	-124.3107	-294.974	170.6633	1.1771	2.121496
8994	-129.7783	-298.4078	168.6295	1.606592	3.115853
9000	-120.3432	-288.5244	168.1811	1.434157	3.481769
9006	-116.0024	-287.2913	171.2889	1.217488	1.668374
9012	-132.4467	-300.3348	167.8881	1.217488	3.77735
9018	-136.7731	-303.7414	166.9683	1.925654	3.899027
9024	-132.7718	-301.4164	168.6445	1.369736	3.247439
9030	-125.851	-296.7217	170.8707	1.367691	1.855542
9036	-124.1894	-295.1241	170.9347	1.018296	2.047424
9042	-118.4596	-286.1371	167.6775	2.005868	3.441999
9048	-105.9347	-277.1237	171.189	1.30892	1.674415
9054	-106.4853	-276.762	170.2767	1.468723	2.183383
9060	-102.7458	-271.0202	168.2744	1.540093	3.365122
9066	-114.9664	-283.6978	168.7314	1.540093	3.094733
9072	-111.3718	-280.4781	169.1063	1.30364	3.011975
9078	-114.0032	-284.1686	170.1653	1.557438	2.198043
9084	-104.7179	-275.1165	170.3985	1.1692	2.29773
9090	-125.5273	-295.3959	169.8686	1.870877	2.18721
9096	-119.9275	-288.8284	168.9009	0.8918536	3.377887
9102	-123.7062	-290.3119	166.6057	1.718138	4.224105
9108	-121.2005	-288.9314	167.7309	1.692972	3.593231
9114	-129.5982	-299.0074	169.4092	1.254285	2.859171
9120	-119.5726	-288.1337	168.5611	1.467119	3.239194
9126	-121.4453	-289.7193	168.274	1.325997	3.490666
9132	-121.2471	-289.5249	168.2779	1.322171	3.490666
9138	-116.3344	-285.1383	168.8039	1.322171	3.181244
9144	-115.4814	-283.8638	168.3824	1.322171	3.429561
9150	-115.9245	-285.1211	169.1966	1.535826	2.817341
9156	-125.533	-294.4196	168.8866	1.548344	2.996956
9162	-134.0328	-299.1692	165.1364	1.389933	5.229643
9168	-124.9591	-291.2662	166.3072	1.976007	4.247188
9174	-128.3492	-296.338	167.9888	1.333611	3.652112
9180	-125.8069	-294.9599	169.153	1.174285	3.061454
9186	-132.2328	-300.9944	168.7616	1.291585	3.224432
9192	-121.5321	-291.7788	170.2467	1.315212	2.301428
9198	-119.6827	-287.7593	168.0766	1.523656	3.49055
9204	-135.8369	-303.8677	168.0308	1.492914	3.535181
9210	-134.0717	-304.2801	170.2083	1.146929	2.432474
9216	-133.2466	-301.5974	168.3508	1.289312	3.467281
9222	-114.1861	-284.6175	170.4314	1.392071	2.132564
9228	-120.1102	-288.2292	168.1189	1.580634	3.432493
9234	-114.1999	-282.062	167.8622	1.683234	3.522539
9240	-131.8999	-299.4407	167.5409	1.677387	3.712348
9246	-120.6051	-289.9343	169.3292	1.456096	2.785147
9252	-121.5001	-291.0681	169.5679	1.45713	2.638158
9258	-115.9272	-285.24	169.3129	1.712198	2.638158
9264	-133.1394	-303.0276	169.8882	1.136869	2.638158
9270	-132.7577	-301.7413	168.9835	1.615548	2.898137
9276	-139.3433	-305.3904	166.0471	1.66907	4.566977
9282	-131.5524	-301.2512	169.6988	1.016307	2.827853
9288	-116.5635	-286.928	170.3646	1.200226	2.299627
9294	-119.5823	-287.6415	168.0591	1.193985	3.692186
9300	-118.9506	-288.351	169.4005	1.116075	2.947929
9306	-122.7546	-292.167	169.4124	1.104156	2.947929
9312	-117.8721	-286.4722	168.6001	1.441217	3.231467
9318	-117.7872	-286.4131	168.6259	1.415344	3.231467
9324	-125.4759	-293.811	168.3351	1.225843	3.513459
9330	-131.6079	-300.4445	168.8366	1.530888	3.037406
9336	-121.4481	-290.2994	168.8513	2.040356	2.720157
9342	-127.4516	-297.1102	169.6586	1.596837	2.495072
9348	-123.4922	-292.7583	169.2661	1.272927	2.934388
9354	-110.6385	-281.1294	170.4908	1.044869	2.318175
9360	-111.4485	-281.3667	169.9182	1.512641	2.384767
9366	-116.8679	-286.1199	169.252	1.333148	2.906544
9372	-128.8817	-296.626	167.7443	2.018749	3.395329
9378	-115.0858	-284.1719	169.0861	1.898308	2.663207
9384	-116.8509	-287.0254	170.1745	1.767423	2.054749
9390	-118.2287	-288.676	170.4472	1.379541	2.130412
9396	-123.1041	-293.653	170.549	1.531307	1.96266
9402	-129.8104	-299.7096	169.8992	0.7958406	2.840043
9408	-121.6894	-292.1331	170.4437	0.3931345	2.753715
9414	-114.4106	-285.4585	171.0479	0.8257094	2.099731
9420	-124.424	-293.3315	168.9075	1.433442	3.053263
9426	-121.2214	-289.6509	168.4296	1.371829	3.37282
9432	-132.4657	-302.933	170.4674	1.085438	2.307279
9438	-119.8863	-289.5569	169.6706	1.193004	2.737302
9444	-120.5441	-290.9356	170.3915	0.91958	2.460252
9450	-126.5068	-295.6832	169.1764	1.570383	2.808608
9456	-136.5086	-306.5219	170.0134	0.9556736	2.672658
9462	-118.5592	-287.1589	168.5997	1.81367	3.009894
9468	-113.3832	-284.4527	171.0695	1.018425	1.957489
9474	-123.5978	-294.6475	171.0498	1.025382	1.966071
9480	-113.0733	-282.4613	169.3879	1.761706	2.561026
9486	-116.0355	-286.1295	170.094	1.055664	2.561026
9492	-116.2892	-286.4374	170.1482	1.262419	2.397553
9498	-113.7198	-282.2201	168.5003	1.571164	3.213615
9504	-118.4715	-288.7153	170.2438	1.1018	2.438563
9510	-98.40405	-268.5807	170.1766	1.55025	2.195375
9516	-120.1953	-290.3802	170.1849	1.126684	2.459916
9522	-119.5821	-289.5624	169.9803	1.238148	2.518188
9528	-108.0209	-279.0315	171.0106	1.397769	1.737732
9534	-110.2301	-280.4742	170.2441	0.9499727	2.53336
9540	-110.3476	-281.2167	170.8691	1.018818	2.090357
9546	-111.9036	-282.7319	170.8283	1.557748	1.753386
9552	-124.1272	-293.214	169.0868	1.346357	2.998043
9558	-114.6653	-283.8513	169.186	1.100063	3.086035
9564	-103.7105	-274.1176	170.4071	1.022252	2.385734
9570	-118.6894	-285.3405	166.6511	1.550255	4.293494
9576	-129.724	-301.1	171.376	0.9903046	1.767182
9582	-106.6121	-277.0236	170.4115	1.090057	2.339891
9588	-103.3974	-273.2077	169.8103	1.563055	2.42109
9594	-104.4385	-273.3798	168.9413	1.721178	2.859785
9600	-105.8692	-276.0482	170.179	1.530714	2.20651
9606	-117.7519	-287.4225	169.6706	1.594147	2.489248
9612	-111.2466	-280.975	169.7284	1.658001	2.412829
9618	-104.3912	-274.6661	170.2748	1.40697	2.224499
9624	-117.0153	-287.3285	170.3132	1.151343	2.363427
9630	-129.8001	-299.6942	169.8941	1.171298	2.613215
9636	-136.0846	-306.2427	170.1581	1.11217	2.485798
9642	-129.0465	-299.4822	170.4357	0.9882509	2.389118
9648	-118.9689	-287.9259	168.9569	1.945987	2.713259
9654	-128.9027	-295.298	166.3953	2.025558	4.16905
9660	-121.6794	-289.5805	167.9011	1.31866	3.711458
9666	-136.1657	-305.0467	168.881	0.8372519	3.421556
9672	-128.6966	-298.8896	170.193	1.533453	2.195639
9678	-125.1765	-295.1554	169.9789	1.036464	2.64412
9684	-125.5024	-296.1273	170.625	1.438825	1.973694
9690	-123.0963	-292.4213	169.325	1.500894	2.760386
9696	-125.2485	-294.757	169.5085	1.786032	2.470611
9702	-116.5288	-286.8178	170.289	1.269392	2.303682
9708	-114.3901	-284.7787	170.3886	1.30284	2.218305
9714	-111.0818	-280.3347	169.2529	1.441149	2.840637
9720	-116.1232	-285.1476	169.0245	1.38523	3.012115
9726	-120.0076	-290.9661	170.9585	1.343813	1.81159
9732	-118.8953	-288.9714	170.0761	1.595626	2.231028
9738	-115.8451	-286.357	170.5119	1.222168	2.190739
9744	-116.3586	-284.5841	168.2254	1.470169	3.434815
9750	-111.8382	-282.4089	170.5706	1.022978	2.281174
9756	-116.0756	-286.6972	170.6216	1.002081	2.261901
9762	-128.1864	-297.947	169.7606	1.036358	2.778043
9768	-124.426	-295.4912	171.0652	1.199448	1.837533
9774	-122.0125	-290.8615	168.849	1.495223	3.051307
9780	-112.0843	-279.8613	167.777	1.704686	3.559641
9786	-118.5355	-284.9977	166.4622	1.36173	4.506456
9792	-130.0582	-296.8701	166.812	1.7779	4.072882
9798	-123.8891	-292.577	168.6879	1.7779	2.978429
9804	-138.672	-304.0461	165.3741	2.302069	4.589447
9810	-130.4279	-300.139	169.7111	1.578503	2.47367
9816	-137.0501	-307.1336	170.0835	1.075952	2.554947
9822	-123.6502	-292.824	169.1739	1.33199	2.954342
9828	-128.5839	-297.8674	169.2836	1.694657	2.667013
9834	-121.9378	-291.9384	170.0006	1.159995	2.554187
9840	-127.6445	-297.5671	169.9226	1.238023	2.554187
9846	-122.6371	-291.0074	168.3702	1.705289	3.211202
9852	-126.6282	-293.483	166.8549	2.075484	3.878146
9858	-119.1095	-288.5138	169.4043	1.418669	2.762185
9864	-118.5464	-287.9504	169.404	1.418669	2.762351
9870	-130.0719	-298.5742	168.5023	1.562866	3.217308
9876	-121.9641	-292.3046	170.3404	1.477236	2.136361
9882	-121.3967	-291.486	170.0893	1.049319	2.567883
9888	-123.6333	-292.6565	169.0233	1.829777	2.743795
9894	-123.513	-293.2145	169.7014	1.112016	2.767966
9900	-121.786	-290.3722	168.5862	1.614216	3.137073
9906	-132.515	-301.5633	169.0483	1.747498	2.778759
9912	-114.5576	-282.9838	168.4262	1.747498	3.152971
9918	-130.2903	-298.4831	168.1928	1.404607	3.492211
9924	-117.4385	-288.0276	170.5891	1.34873	2.057481
9930	-121.3704	-290.0618	168.6914	1.479941	3.154341
9936	-133.0816	-302.5319	169.4503	1.352318	2.774595
9942	-127.4687	-294.8917	167.423	1.532263	3.863834
9948	-118.9124	-287.8115	168.8991	1.621844	2.945295
9954	-126.0235	-294.5445	168.521	1.621844	3.17129
9960	-129.9728	-297.1804	167.2075	1.907338	3.772013
9966	-136.9644	-303.6925	166.7281	2.020129	3.982475
9972	-126.5195	-293.87	167.3505	2.020129	3.624145
9978	-132.0604	-299.6259	167.5655	1.251613	3.943036
9984	-117.0778	-284.392	167.3142	1.298559	4.059832
9990	-113.4902	-284.5468	171.0567	0.9629874	2.00318
9996	-106.0009	-276.6642	170.6633	0.9661319	2.258191
10002	-115.1633	-286.3612	171.1979	1.422958	1.585742
10008	-116.9527	-284.1726	167.22	1.882357	3.779225
10014	-119.2047	-290.7728	171.5681	0.8952661	1.698946
10020	-111.3046	-283.0564	171.7519	0.9895446	1.496493
10026	-134.7114	-305.0831	170.3717	1.352425	2.197162
10032	-117.1332	-285.6467	168.5135	1.63859	3.165807
10038	-112.0737	-282.0827	170.009	1.459207	2.361086
10044	-112.5921	-282.8362	170.2441	0.925341	2.548715
10050	-119.8663	-291.1851	171.3188	0.4825031	2.147025
10056	-118.261	-288.3615	170.1005	1.381915	2.352065
10062	-120.7524	-291.7239	170.9715	0.9560127	2.064254
10068	-115.9669	-284.175	168.2081	1.929847	3.174185
10074	-119.7138	-287.24	167.5261	1.888308	3.598708
10080	-131.195	-300.0755	168.8806	1.294745	3.152014
10086	-120.9596	-287.4861	166.5265	1.840137	4.199871
10092	-122.2038	-288.2334	166.0296	1.500705	4.671169
10098	-122.5352	-288.9039	166.3688	1.500705	4.480793
10104	-119.0146	-288.329	169.3144	0.9842783	3.078536
10110	-117.6741	-287.1255	169.4514	1.720142	2.547385
10116	-116.4838	-284.4723	167.9885	1.738283	3.416564
10122	-115.6872	-285.4634	169.7762	1.436548	2.521756
10128	-127.8522	-295.5516	167.6994	1.701599	3.606501
10134	-130.7459	-298.8237	168.0778	1.497501	3.505094
10140	-117.3059	-285.3334	168.0275	1.419175	3.579979
10146	-106.4559	-276.8178	170.3619	1.487756	2.115442
10152	-111.1525	-279.0323	167.8798	1.487756	3.625915
10158	-108.2319	-275.3337	167.1018	1.672776	3.967386
10164	-107.1791	-274.1479	166.9688	1.805834	3.967386
10170	-109.9973	-280.8782	170.8809	1.085097	2.038838
10176	-109.106	-277.6825	168.5766	1.458421	3.235199
10182	-108.3796	-276.3597	167.9801	1.74677	3.416511
10188	-115.4521	-280.5598	165.1077	1.74677	5.047904
10194	-112.4812	-277.5428	165.0616	1.74677	5.073485
10200	-112.9268	-279.0509	166.1241	1.74677	4.48001
10206	-113.7672	-283.3363	169.569	1.488335	2.618208
10212	-111.759	-282.0613	170.3023	1.471466	2.164987
10218	-128.3188	-298.6057	170.2869	1.119131	2.400451
10224	-122.9729	-291.0989	168.1261	1.517581	3.465211
10230	-120.9577	-289.9928	169.0352	1.027407	3.21887
10236	-124.2669	-294.7807	170.5138	0.9239122	2.380405
10242	-130.3773	-300.1433	169.766	1.33907	2.588677
10248	-118.4024	-287.1405	168.7381	1.362691	3.196228
10254	-127.1373	-295.6454	168.5081	1.009888	3.538513
10260	-128.7324	-297.0133	168.281	1.794205	3.211408
10266	-119.0393	-287.4323	168.393	1.547598	3.290933
10272	-126.7535	-294.2644	167.5109	1.997593	3.544012
10278	-136.795	-307.5299	170.7349	1.025512	2.173649
10284	-127.8925	-296.2672	168.3747	1.355271	3.414676
10290	-119.6236	-289.3547	169.7311	1.568652	2.467314
10296	-117.239	-287.5756	170.3366	1.374532	2.205575
10302	-110.7887	-280.8973	170.1086	1.557752	2.234478
10308	-117.5609	-288.8458	171.2849	1.539551	1.433478
10314	-114.7942	-283.3012	168.507	1.362268	3.332923
10320	-112.1603	-283.2168	171.0565	1.063073	1.936209
10326	-116.5136	-286.3643	169.8507	1.192255	2.627124
10332	-130.3575	-300.2735	169.916	1.774015	2.219193
10338	-114.2793	-285.1042	170.8249	0.8909943	2.202461
10344	-107.7826	-277.8045	170.0219	1.694014	2.202461
10350	-114.4185	-283.3543	168.9358	1.7668	2.835461
10356	-128.0598	-298.2084	170.1486	1.248099	2.406359
10362	-129.9765	-300.8514	170.8749	1.291274	1.904718
10368	-113.0141	-283.3565	170.3424	1.232339	2.293247
10374	-132.0581	-302.5896	170.5315	0.9384491	2.359998
10380	-130.0009	-298.5145	168.5136	1.342793	3.340504
10386	-127.4463	-296.3808	168.9345	0.6022431	3.527589
10392	-112.3639	-282.2603	169.8964	1.395179	2.472472
10398	-129.1815	-298.9083	169.7268	1.579465	2.463255
10404	-121.1389	-291.4935	170.3547	0.9516051	2.463255
10410	-111.8786	-280.1959	168.3173	1.541064	3.339343
10416	-111.8342	-281.8557	170.0216	1.200567	2.515893
10422	-112.797	-282.7619	169.965	1.200567	2.551152
10428	-119.9266	-289.6914	169.7648	0.9549065	2.825038
10434	-139.3768	-305.615	166.2382	1.799561	4.385982
10440	-119.4751	-287.9209	168.4457	1.374141	3.361964
10446	-125.6961	-293.8287	168.1326	1.687236	3.361964
10452	-123.6942	-294.2587	170.5644	1.09558	2.238538
10458	-128.6516	-296.2234	167.5717	1.557392	3.763795
10464	-112.0735	-281.3158	169.2423	1.401909	2.870861
10470	-138.4602	-305.6442	167.184	1.404873	4.073438
10476	-126.842	-295.9317	169.0898	1.485126	2.912748
10482	-120.639	-290.5001	169.8611	0.909157	2.794291
10488	-118.4337	-286.9627	168.529	1.557803	3.204536
10494	-128.4951	-295.0757	166.5806	1.914116	4.127088
10500	-124.8991	-295.2746	170.3755	1.119595	2.344043
10506	-122.9529	-292.5602	169.6073	1.129161	2.814895
10512	-131.6085	-301.477	169.8685	1.014752	2.725296
10518	-139.0879	-308.8038	169.7159	1.339202	2.619615
10524	-140.9516	-308.4507	167.499	1.818977	3.654625
10530	-141.7818	-306.9107	165.129	1.841734	4.983343
10536	-103.9339	-271.8492	167.9153	1.631907	3.521481
10542	-110.1107	-278.7292	168.6185	1.420587	3.232784
10548	-111.3263	-280.7679	169.4416	1.125993	2.917154
10554	-109.8427	-279.2266	169.3839	1.357634	2.811758
10560	-108.4548	-278.2535	169.7986	0.9429554	2.811758
10566	-108.8343	-277.8732	169.039	1.342632	3.028952
10572	-114.3713	-283.2899	168.9186	1.46298	3.028952
10578	-123.4008	-293.2258	169.8249	1.306631	2.572244
10584	-124.6859	-293.2318	168.546	1.221823	3.392527
10590	-133.0171	-301.9494	168.9323	1.639708	2.914483
10596	-126.2486	-297.4625	171.2139	0.9765813	1.888205
10602	-120.3218	-289.6696	169.3478	1.559342	2.710675
10608	-130.4126	-300.304	169.8914	1.270631	2.553335
10614	-126.3728	-296.8806	170.5078	1.037341	2.312151
10620	-117.7855	-285.7976	168.0122	1.671254	3.441953
10626	-110.4049	-276.005	165.6002	1.644003	4.831094
10632	-102.0131	-270.6541	168.6409	1.392939	3.235843
10638	-106.1751	-276.2774	170.1023	1.110425	2.521758
10644	-110.835	-279.9208	169.0858	1.881105	2.67396
10650	-116.8176	-287.1322	170.3145	1.078987	2.408344
10656	-117.3729	-288.3266	170.9537	1.175158	1.929953
10662	-116.6883	-285.4164	168.7281	1.498106	3.121721
10668	-112.6157	-281.4641	168.8484	1.500169	3.048694
10674	-112.2699	-281.9323	169.6624	1.145836	2.771153
10680	-122.5106	-290.3171	167.8065	1.780533	3.498258
10686	-125.0233	-294.1161	169.0928	1.059544	3.16566
10692	-117.4732	-286.8579	169.3847	1.635354	2.641237
10698	-122.2214	-291.1188	168.8973	1.683919	2.908903
10704	-122.7795	-291.4499	168.6705	1.572516	3.111742
10710	-125.1438	-291.8722	166.7284	1.572516	4.237144
10716	-117.098	-285.0388	167.9408	1.572516	3.541235
10722	-111.5738	-280.3912	168.8174	1.724387	2.932704
10728	-104.5941	-274.4289	169.8348	1.2412	2.606695
10734	-118.7366	-289.4813	170.7447	1.378131	1.934035
10740	-112.989	-281.3922	168.4032	1.585837	3.262358
10746	-106.9836	-277.1686	170.185	1.21711	2.402928
10752	-105.536	-275.7225	170.1866	1.782194	2.037001
10758	-110.53	-278.4036	167.8736	1.812394	3.440465
10764	-105.6944	-275.8549	170.1605	1.629035	2.154681
10770	-107.1038	-276.8289	169.7251	1.633164	2.430571
10776	-106.6693	-276.2119	169.5426	0.7882746	3.059292
10782	-101.6623	-272.369	170.7067	1.390388	1.951347
10788	-99.93276	-269.1558	169.223	1.483233	2.833233
10794	-114.3564	-281.8884	167.5319	1.867103	3.607646
10800	-123.996	-289.8292	165.8332	2.157667	4.412435
