Iteration	Posterior	Likelihood	Prior	acrv_sd	tree_length
0	-450.416	-618.8944	168.4783	1.054347	3.529935
6	-443.7886	-612.3609	168.5723	0.9603987	3.529935
12	-443.7162	-612.1977	168.4815	1.439539	3.302475
18	-443.6269	-611.7303	168.1034	1.073548	3.736195
24	-448.2744	-616.9116	168.6373	1.070284	3.427837
30	-449.9597	-617.5856	167.6259	1.565756	3.727708
36	-434.9134	-603.3527	168.4393	1.533475	3.271918
42	-447.1882	-616.4204	169.2322	1.116624	3.048578
48	-437.9938	-606.2785	168.2847	1.167052	3.57702
54	-454.7301	-622.6514	167.9213	1.148488	3.797989
60	-450.6218	-616.8805	166.2586	1.019762	4.811998
66	-445.5441	-613.964	168.4199	1.451219	3.331858
72	-444.1852	-611.9761	167.7909	1.242757	3.818799
78	-430.0411	-597.6547	167.6136	1.396222	3.832473
84	-444.7579	-614.4838	169.7259	1.196123	2.701529
90	-445.5185	-614.2403	168.7218	1.61983	3.052854
96	-452.5561	-620.5577	168.0016	1.334158	3.644358
102	-455.4598	-623.4064	167.9466	1.679973	3.475186
108	-442.3907	-608.8825	166.4918	1.22136	4.568661
114	-442.0586	-609.9358	167.8772	1.745385	3.477518
120	-450.0941	-616.7928	166.6987	1.52214	4.28247
126	-436.3999	-605.1006	168.7007	1.314493	3.246879
132	-436.4147	-605.1433	168.7286	1.286634	3.246879
138	-439.6048	-608.7181	169.1133	1.452699	2.918106
144	-442.2007	-612.1219	169.9212	1.088268	2.647789
150	-443.2559	-613.5288	170.2729	1.113857	2.412592
156	-447.128	-616.4086	169.2806	1.33155	2.890253
162	-458.8704	-626.9742	168.1038	1.329075	3.587994
168	-455.5006	-623.4987	167.9981	1.434753	3.587994
174	-453.2795	-621.9195	168.64	1.029723	3.449939
180	-443.6003	-612.8482	169.2479	1.076288	3.063281
186	-444.8611	-613.392	168.5309	1.346047	3.328419
192	-434.2328	-603.2373	169.0045	1.562612	2.917462
198	-436.1151	-605.5408	169.4257	1.369321	2.779191
204	-443.7602	-611.6968	167.9366	1.369321	3.661644
210	-447.908	-613.4566	165.5486	1.769185	4.790021
216	-446.1302	-613.6033	167.473	1.6874	3.745744
222	-445.4649	-609.9332	164.4683	1.764493	5.391681
228	-453.1361	-620.132	166.9959	1.330277	4.222782
234	-444.9314	-613.94	169.0086	1.214507	3.123566
240	-444.3785	-612.638	168.2595	1.214507	3.564072
246	-444.3839	-612.9472	168.5633	1.24399	3.369364
252	-457.9444	-624.8524	166.9081	1.474147	4.191002
258	-446.3247	-614.481	168.1562	1.548262	3.429628
264	-453.6162	-619.7649	166.1486	1.631156	4.531242
270	-448.1539	-616.9988	168.8449	1.268321	3.188843
276	-449.1955	-617.0042	167.8087	1.482413	3.670212
282	-443.0957	-607.7069	164.6112	1.482413	5.468306
288	-430.7857	-599.6242	168.8385	1.39339	3.118361
294	-439.2082	-608.1102	168.902	1.286257	3.144305
300	-434.4697	-601.209	166.7393	1.286257	4.392826
306	-440.2812	-606.8452	166.564	1.786881	4.208781
312	-451.9512	-619.0401	167.0889	1.555465	4.041821
318	-455.0929	-620.0483	164.9555	1.434218	5.305145
324	-439.4287	-607.2837	167.855	1.445422	3.664815
330	-431.2792	-599.1343	167.855	1.445422	3.664815
336	-441.2883	-609.3034	168.0151	1.080247	3.783246
342	-448.0625	-613.5387	165.4762	1.080247	5.213021
348	-449.5955	-616.1757	166.5803	1.523492	4.348698
354	-459.8109	-627.2358	167.4249	1.327631	3.980044
360	-451.2151	-617.5549	166.3398	1.515945	4.488515
366	-448.1917	-615.3674	167.1757	1.266975	4.156633
372	-445.7202	-613.0492	167.3289	1.113775	4.156633
378	-451.5765	-619.1693	167.5927	1.056884	4.038824
384	-440.1783	-607.2506	167.0722	1.57734	4.038824
390	-441.6346	-608.8623	167.2278	1.421801	4.038824
396	-445.9352	-614.4928	168.5576	1.264812	3.360458
402	-445.1008	-610.8991	165.7983	1.600531	4.744756
408	-455.6025	-623.7144	168.1119	1.329052	3.583333
414	-445.93	-613.6485	167.7185	1.316467	3.818035
420	-438.4741	-607.6827	169.2086	1.357049	2.918327
426	-452.2362	-621.5145	169.2783	1.263858	2.932496
432	-456.0785	-624.8159	168.7373	1.113619	3.343697
438	-456.2718	-626.0498	169.7781	1.113619	2.720128
444	-446.5029	-614.3975	167.8946	1.13439	3.821444
450	-444.7393	-613.3393	168.6	1.035068	3.470191
456	-443.0954	-610.4748	167.3794	1.601728	3.848995
462	-458.1485	-627.3288	169.1804	1.43298	2.889507
468	-459.5954	-627.4482	167.8528	1.186241	3.815707
474	-462.766	-630.5449	167.7789	1.067416	3.926352
480	-462.1552	-628.8538	166.6987	1.50418	4.292668
486	-443.0522	-610.0424	166.9902	1.212667	4.292668
492	-443.7383	-612.0223	168.284	1.763196	3.227977
498	-440.8566	-609.8278	168.9712	1.189825	3.160501
504	-448.497	-616.9696	168.4726	1.181151	3.459326
510	-436.7618	-604.8767	168.1149	1.538837	3.459326
516	-446.8758	-615.4639	168.5881	1.065564	3.459326
522	-447.6972	-614.7884	167.0912	1.663209	3.978933
528	-454.2876	-623.3637	169.0761	1.196683	3.093974
534	-455.9112	-625.1407	169.2294	1.196558	3.002334
540	-443.3976	-612.0723	168.6747	1.280619	3.282235
546	-441.0653	-608.3014	167.2361	1.287105	4.110873
552	-455.2917	-624.2511	168.9594	1.237051	3.139459
558	-458.8257	-627.6959	168.8702	1.326182	3.139459
564	-448.9233	-617.6213	168.6979	1.218317	3.305288
570	-454.3546	-622.5698	168.2151	1.083571	3.665812
576	-458.2913	-626.9272	168.6359	1.101113	3.410558
582	-451.3097	-616.9054	165.5957	1.501583	4.912928
588	-453.0463	-621.2723	168.226	1.498485	3.417909
594	-443.772	-612.3305	168.5584	1.33768	3.317136
600	-436.2817	-605.3468	169.0651	1.33768	3.016277
606	-443.2082	-609.9296	166.7213	1.32312	4.38218
612	-452.7924	-620.8669	168.0745	1.456998	3.530629
618	-447.7944	-614.4504	166.656	1.193888	4.491849
624	-444.9391	-613.4173	168.4782	1.416931	3.317707
630	-449.7955	-618.2547	168.4592	0.9621609	3.594712
636	-444.9734	-613.7473	168.7739	0.9742094	3.404067
642	-444.8628	-612.7027	167.8399	1.547526	3.614362
648	-447.2803	-614.065	166.7847	1.475827	4.260021
654	-444.2683	-613.103	168.8347	1.217926	3.224771
660	-447.772	-616.6067	168.8347	1.217926	3.224771
666	-457.6998	-624.4883	166.7886	1.244191	4.388797
672	-454.8434	-623.3227	168.4793	1.381046	3.338183
678	-452.2235	-621.0633	168.8399	0.9900391	3.35607
684	-469.1959	-638.1129	168.917	0.9752625	3.319393
690	-460.2765	-628.1572	167.8807	1.224083	3.777825
696	-456.4274	-624.1344	167.7069	1.157453	3.915981
702	-469.5751	-636.854	167.2789	1.452018	3.99236
708	-467.8185	-636.5596	168.7411	0.9036859	3.46456
714	-454.449	-622.6052	168.1563	1.16089	3.655118
720	-442.9739	-609.781	166.8071	1.479727	4.245132
726	-459.2809	-626.4758	167.1948	1.107323	4.236426
732	-451.8316	-621.3413	169.5096	1.160973	2.85484
738	-455.1911	-622.6524	167.4614	1.339245	3.952511
744	-448.5911	-614.5212	165.9301	1.651239	4.642614
750	-461.8431	-625.1795	163.3364	1.816245	5.983862
756	-458.6041	-623.6793	165.0751	1.816245	5.027397
762	-445.3494	-613.2206	167.8712	1.322131	3.726733
768	-451.6708	-619.4787	167.808	1.249378	3.805138
774	-459.9902	-629.2769	169.2867	0.9012717	3.144489
780	-457.4925	-626.5666	169.0741	1.113843	3.144489
786	-460.1532	-628.0971	167.9439	1.269574	3.715118
792	-449.5578	-619.3598	169.802	0.9228522	2.82194
798	-455.5266	-621.5843	166.0577	1.104658	4.876691
804	-450.3946	-617.3983	167.0037	1.335956	4.215157
810	-456.7067	-624.0929	167.3862	1.690463	3.794045
816	-451.615	-618.5759	166.9609	1.549402	4.118199
822	-453.6799	-623.1797	169.4997	1.445447	2.687328
828	-445.445	-612.1008	166.6557	1.798308	4.150207
834	-456.9836	-623.86	166.8764	1.577666	4.150207
840	-458.7306	-624.6683	165.9377	1.755899	4.579644
846	-458.6229	-626.9152	168.2924	1.604343	3.316783
852	-467.1547	-635.107	167.9523	1.399586	3.635019
858	-468.35	-636.8106	168.4606	0.9981906	3.572937
864	-462.0473	-629.7014	167.6541	1.286881	3.872031
870	-455.2275	-622.1805	166.953	1.17487	4.335097
876	-448.9621	-616.2094	167.2474	1.474545	3.997529
882	-456.0254	-623.598	167.5726	1.1493	3.997529
888	-457.0908	-624.2091	167.1182	1.603674	3.997529
894	-457.4696	-625.0087	167.539	1.182874	3.997529
900	-445.4979	-611.1059	165.6081	1.264283	5.037975
906	-455.0556	-622.784	167.7284	0.9709948	4.010369
912	-457.9572	-626.7424	168.7852	1.010374	3.376235
918	-448.5139	-617.9549	169.441	1.159167	2.897484
924	-450.3946	-618.7489	168.3543	1.200495	3.517068
930	-443.9602	-610.9294	166.9692	1.573605	4.099688
936	-449.8944	-616.717	166.8226	1.431181	4.263849
942	-455.9042	-624.249	168.3448	1.258875	3.488545
948	-458.1754	-627.1344	168.959	0.9415747	3.314498
954	-450.012	-618.1631	168.1512	1.307319	3.573124
960	-449.814	-615.8236	166.0096	1.703823	4.568544
966	-450.6426	-618.6279	167.9853	1.179587	3.74315
972	-451.2393	-617.5191	166.2799	1.477622	4.543784
978	-449.8617	-616.1415	166.2799	1.477622	4.543784
984	-457.6028	-623.6447	166.0419	1.414743	4.712421
990	-450.7467	-617.9477	167.201	1.341993	4.09961
996	-451.0675	-620.8533	169.7858	1.007154	2.780482
1002	-452.4053	-621.4022	168.997	1.203774	3.136868
1008	-459.243	-626.8538	167.6108	1.183229	3.956271
1014	-462.6138	-631.7282	169.1143	1.196816	3.071093
1020	-446.0775	-613.9451	167.8676	1.086827	3.86431
1026	-441.5792	-608.756	167.1768	1.448719	4.052545
1032	-442.9374	-609.7861	166.8487	1.204189	4.377404
1038	-445.4256	-613.696	168.2703	1.196148	3.56848
1044	-438.1163	-607.2942	169.1779	1.072246	3.107471
1050	-444.5234	-611.5671	167.0438	1.211747	4.262854
1056	-454.1095	-623.8273	169.7178	1.271596	2.660139
1062	-446.0982	-614.8904	168.7922	1.242187	3.235536
1068	-455.911	-623.8608	167.9498	1.206601	3.748088
1074	-443.9791	-611.9289	167.9498	1.206601	3.748088
1080	-443.3989	-609.724	166.325	1.357624	4.585787
1086	-431.7597	-598.3012	166.5415	1.354767	4.465735
1092	-427.3459	-595.5878	168.2419	1.490253	3.413434
1098	-434.1379	-602.4143	168.2764	1.372226	3.4623
1104	-437.6052	-606.4347	168.8295	1.40767	3.115199
1110	-437.0257	-606.8325	169.8068	1.021202	2.759109
1116	-449.625	-617.6068	167.9818	1.451469	3.587769
1122	-449.2037	-616.9966	167.7928	1.567324	3.630199
1128	-449.782	-618.5277	168.7456	1.377118	3.183211
1134	-447.6208	-616.1276	168.5068	0.9598902	3.568335
1140	-451.6858	-617.7408	166.055	1.817282	4.479206
1146	-457.4219	-626.651	169.2291	1.243834	2.974167
1152	-456.9721	-624.7755	167.8033	1.213095	3.828689
1158	-458.8131	-625.6576	166.8445	1.213095	4.374764
1164	-443.0795	-609.2819	166.2024	1.393819	4.634285
1170	-447.8965	-615.6898	167.7933	1.3291	3.767651
1176	-437.5569	-606.0064	168.4494	1.380205	3.356224
1182	-438.1091	-608.113	170.0039	1.095488	2.592195
1188	-433.8958	-603.1937	169.2979	1.502409	2.77598
1194	-424.4716	-593.0235	168.5518	1.19665	3.403861
1200	-438.1976	-606.5174	168.3198	1.523108	3.348446
1206	-453.1362	-618.8205	165.6843	1.754717	4.722285
1212	-449.624	-615.0783	165.4543	1.709812	4.875741
1218	-439.1779	-606.867	167.6891	1.195298	3.904533
1224	-447.2771	-614.4797	167.2026	1.635916	3.930801
1230	-441.9876	-610.2157	168.228	1.212243	3.583704
1236	-434.0959	-602.3864	168.2905	1.212243	3.547355
1242	-433.9298	-602.247	168.3172	1.521705	3.350789
1248	-436.9265	-606.0618	169.1353	1.240598	3.03238
1254	-444.469	-612.6595	168.1906	1.203979	3.61025
1260	-454.1853	-622.4515	168.2662	1.153192	3.595805
1266	-442.6687	-610.3628	167.6941	1.227616	3.88311
1272	-455.7405	-624.2955	168.5551	1.403339	3.280429
1278	-461.7646	-630.6883	168.9237	1.034724	3.280429
1284	-448.636	-617.5333	168.8974	1.219211	3.186873
1290	-464.6205	-632.5308	167.9103	1.693803	3.4883
1296	-463.1473	-630.892	167.7447	1.393016	3.758835
1302	-464.7623	-632.1738	167.4115	1.23957	4.03798
1308	-457.9939	-625.4331	167.4392	1.329458	3.970794
1314	-462.1185	-628.7433	166.6248	1.22846	4.489944
1320	-459.863	-627.3594	167.4964	1.382576	3.907636
1326	-446.6648	-613.1817	166.5169	1.320734	4.49871
1332	-443.4343	-611.4714	168.0371	1.563619	3.490271
1338	-439.6202	-606.705	167.0848	1.463491	4.096561
1344	-442.965	-609.9754	167.0104	1.473083	4.13347
1350	-457.3265	-626.0935	168.767	0.9921624	3.397593
1356	-473.0338	-640.7864	167.7525	1.180184	3.876782
1362	-464.7002	-633.2681	168.5679	1.462918	3.237682
1368	-452.9205	-619.3458	166.4253	1.776263	4.293419
1374	-446.2774	-614.5212	168.2438	1.43508	3.444587
1380	-440.9507	-609.7866	168.8359	1.325301	3.160386
1386	-438.3541	-607.6867	169.3326	1.403806	2.814902
1392	-440.1197	-608.6352	168.5155	1.403806	3.303465
1398	-449.0207	-618.0166	168.996	0.9233677	3.303465
1404	-453.2653	-621.7982	168.5329	1.022348	3.516772
1410	-456.1633	-624.8222	168.659	0.9549184	3.482596
1416	-457.1326	-627.0568	169.9242	0.9549184	2.727814
1422	-450.378	-617.1827	166.8047	1.026417	4.502378
1428	-459.936	-626.6773	166.7414	1.2985	4.384782
1434	-455.7123	-624.0019	168.2896	1.643153	3.295539
1440	-458.1275	-623.3798	165.2523	1.337048	5.194778
1446	-444.1537	-611.0243	166.8705	1.574296	4.155428
1452	-443.736	-610.6987	166.9626	1.469076	4.16289
1458	-451.7407	-619.1271	167.3864	1.045328	4.16289
1464	-450.3811	-619.5692	169.1881	1.127227	3.068565
1470	-454.7578	-624.0493	169.2915	1.313105	2.894823
1476	-433.5837	-600.1196	166.5359	1.693192	4.277836
1482	-435.0537	-603.1079	168.0542	1.680647	3.411838
1488	-440.1316	-610.2717	170.1401	1.598354	2.18787
1494	-445.5301	-613.7262	168.1962	1.378072	3.505725
1500	-455.8753	-624.0276	168.1523	1.456518	3.485537
1506	-463.3916	-632.4139	169.0223	1.386456	3.012679
1512	-460.4806	-629.346	168.8654	1.320885	3.14548
1518	-462.7688	-629.2759	166.5071	1.94662	4.150383
1524	-451.4124	-619.7417	168.3293	1.299538	3.473876
1530	-450.7072	-620.1942	169.487	1.008521	2.960561
1536	-458.0358	-626.3124	168.2765	0.9395493	3.713606
1542	-452.3147	-620.4243	168.1096	1.131364	3.699194
1548	-455.3846	-621.8802	166.4955	1.710738	4.290735
1554	-470.1463	-636.933	166.7867	1.486717	4.252726
1560	-477.1313	-642.3862	165.2549	1.418179	5.148443
1566	-462.9454	-629.5741	166.6287	0.9388741	4.650323
1572	-442.1585	-608.973	166.8145	1.531857	4.211342
1578	-440.9029	-609.4772	168.5743	1.173624	3.40416
1584	-440.7718	-609.0452	168.2734	1.173624	3.579801
1590	-440.799	-606.8979	166.0989	1.337794	4.723553
1596	-429.6496	-598.5494	168.8998	1.70788	2.892926
1602	-435.3644	-604.9497	169.5853	1.089903	2.852061
1608	-450.6505	-620.0868	169.4363	1.116917	2.925804
1614	-449.7205	-618.6232	168.9027	1.178659	3.207735
1620	-455.9231	-624.8258	168.9027	1.178659	3.207735
1626	-461.418	-629.7304	168.3124	1.178659	3.554177
1632	-467.6004	-635.7058	168.1054	1.38544	3.554297
1638	-448.9323	-617.0377	168.1054	1.38544	3.554297
1644	-449.2875	-618.9923	169.7048	1.38544	2.597842
1650	-453.1359	-622.4906	169.3547	1.225592	2.909472
1656	-457.8665	-624.4802	166.6136	1.770247	4.190061
1662	-461.3321	-626.517	165.1849	1.706522	5.027356
1668	-465.0835	-630.9797	165.8962	1.650829	4.66181
1674	-444.4748	-613.096	168.6212	1.027928	3.461986
1680	-434.4665	-601.6271	167.1606	1.397316	4.091094
1686	-436.1268	-604.1037	167.9769	1.104367	3.791395
1692	-455.5531	-622.8837	167.3306	1.553601	3.904617
1698	-445.1956	-611.9916	166.796	1.533669	4.220842
1704	-436.3485	-605.5644	169.2159	1.751722	2.673527
1710	-443.5213	-611.9653	168.444	1.416823	3.337903
1716	-443.0338	-607.5968	164.563	1.533043	5.466987
1722	-458.2335	-622.6346	164.4011	1.694907	5.466987
1728	-449.6046	-617.5001	167.8955	1.367173	3.686674
1734	-443.9582	-611.2886	167.3303	1.074153	4.178352
1740	-443.4632	-610.4327	166.9695	1.416353	4.188953
1746	-450.6414	-618.3275	167.6861	1.747914	3.58734
1752	-448.0012	-614.7024	166.7012	1.245985	4.43705
1758	-452.7607	-620.0072	167.2465	1.308322	4.092855
1764	-433.1015	-600.4169	167.3153	1.382475	4.011299
1770	-449.6697	-614.9982	165.3285	1.558392	5.029914
1776	-459.8393	-627.5646	167.7253	1.139995	3.915473
1782	-454.2235	-622.4918	168.2683	1.133718	3.605917
1788	-444.41	-613.8681	169.4581	1.133718	2.902512
1794	-441.9807	-610.2841	168.3034	1.133718	3.585524
1800	-456.2531	-625.2579	169.0048	1.341249	3.050213
1806	-452.697	-618.775	166.0779	1.970044	4.380192
1812	-449.8977	-615.3922	165.4945	1.970044	4.708025
1818	-449.0412	-616.4957	167.4545	1.970044	3.592865
1824	-450.6694	-620.1651	169.4957	1.267906	2.798363
1830	-449.1624	-616.4193	167.257	1.565759	3.939858
1836	-441.32	-608.1979	166.8779	1.432972	4.231504
1842	-451.2753	-620.7598	169.4845	1.218765	2.835025
1848	-466.1224	-633.2996	167.1772	1.187959	4.200685
1854	-444.5264	-613.2923	168.7659	1.657658	3.003788
1860	-452.4952	-619.2872	166.792	1.367618	4.317125
1866	-443.6598	-610.4135	166.7537	1.46033	4.286368
1872	-441.5525	-610.1099	168.5574	1.170564	3.4159
1878	-449.849	-618.7532	168.9042	0.9561568	3.338187
1884	-437.0888	-605.3606	168.2718	1.176855	3.578838
1890	-434.5175	-602.5335	168.016	1.490594	3.545141
1896	-457.2323	-622.8356	165.6033	1.285198	5.028985
1902	-459.1095	-627.0952	167.9857	1.458027	3.581694
1908	-451.0536	-619.11	168.0564	1.041389	3.781881
1914	-452.1252	-618.2125	166.0872	1.502663	4.637828
1920	-458.447	-626.9472	168.5001	1.319558	3.362078
1926	-459.5806	-627.8929	168.3123	1.320638	3.471431
1932	-461.0446	-627.7687	166.7241	1.32191	4.381332
1938	-473.867	-643.0356	169.1687	1.111842	3.089368
1944	-461.6242	-630.0466	168.4224	0.9654228	3.614161
1950	-452.6805	-619.5508	166.8704	1.320142	4.299649
1956	-443.2321	-610.3553	167.1231	1.396281	4.113006
1962	-444.4424	-610.0832	165.6408	1.348284	4.973121
1968	-451.5491	-618.8687	167.3197	1.348284	4.028353
1974	-448.5372	-614.5444	166.0072	1.016916	4.953641
1980	-452.1387	-620.445	168.3062	1.564136	3.332287
1986	-471.1668	-637.9554	166.7886	1.348272	4.330002
1992	-466.2389	-633.6465	167.4076	1.312215	3.998715
1998	-457.4664	-624.2099	166.7434	1.352532	4.353094
2004	-444.3867	-611.1393	166.7526	1.352532	4.347929
2010	-444.0039	-610.9709	166.967	1.609666	4.080434
2016	-453.5893	-621.2107	167.6214	1.625444	3.695848
2022	-452.5983	-617.2858	164.6875	1.625444	5.347493
2028	-453.8443	-622.2804	168.4361	1.33157	3.392584
2034	-471.5763	-638.7762	167.1999	1.329981	4.107057
2040	-458.4032	-625.4255	167.0223	1.682279	4.00741
2046	-455.5978	-620.8719	165.274	1.39614	5.150063
2052	-449.1014	-616.1785	167.0772	1.896035	3.853545
2058	-449.285	-616.8227	167.5378	1.435427	3.853545
2064	-451.9358	-619.5108	167.5749	1.40793	3.847987
2070	-459.511	-628.5896	169.0785	0.9959793	3.211792
2076	-465.2323	-635.4868	170.2545	0.9825122	2.506568
2082	-451.0533	-620.7864	169.733	0.7884189	2.944956
2088	-435.8403	-603.2389	167.3986	1.116006	4.115752
2094	-437.3194	-606.4742	169.1548	1.116006	3.095147
2100	-428.7709	-595.7729	167.002	1.191491	4.297974
2106	-454.5068	-622.472	167.9652	1.191491	3.747915
2112	-437.6743	-606.4036	168.7293	1.113608	3.34846
2118	-433.7822	-602.6282	168.846	0.9968848	3.34846
2124	-444.299	-613.2298	168.9308	1.699736	2.87911
2130	-444.2334	-612.9341	168.7006	1.627499	3.060927
2136	-447.6679	-617.2393	169.5714	1.483186	2.619909
2142	-448.9262	-617.0919	168.1657	1.405824	3.507306
2148	-446.3416	-613.828	167.4864	1.546476	3.819228
2154	-450.784	-617.9647	167.1807	1.376147	4.091694
2160	-460.1237	-629.4083	169.2846	1.352886	2.8749
2166	-462.2492	-629.3136	167.0643	1.4935	4.091133
2172	-443.1822	-613.0082	169.826	0.9588731	2.78541
2178	-446.2785	-615.0504	168.7719	1.089628	3.33749
2184	-453.4543	-621.9852	168.5309	1.330579	3.33749
2190	-442.5689	-610.5995	168.0306	1.437502	3.567527
2196	-455.9407	-625.4384	169.4978	1.286308	2.78587
2202	-457.6743	-625.6714	167.9971	1.286308	3.674665
2208	-456.1434	-623.8176	167.6742	1.451603	3.765697
2214	-459.651	-627.5113	167.8602	1.265594	3.765697
2220	-464.7324	-632.3364	167.6041	1.521765	3.765697
2226	-459.6147	-626.7431	167.1284	1.526619	4.035702
2232	-450.5848	-619.5238	168.939	1.221031	3.161072
2238	-451.0254	-617.6887	166.6633	1.507953	4.310547
2244	-453.1396	-619.8653	166.7257	1.44558	4.310547
2250	-443.6975	-612.1684	168.4709	1.210048	3.443389
2256	-446.3764	-614.8338	168.4574	1.050071	3.544634
2262	-453.9042	-622.6056	168.7014	0.8060009	3.544634
2268	-434.2182	-603.3338	169.1155	1.119086	3.116731
2274	-440.7501	-610.2623	169.5122	0.7224107	3.116731
2280	-435.6251	-604.7799	169.1548	1.079812	3.116731
2286	-445.6237	-613.7946	168.1709	1.798071	3.274183
2292	-444.7731	-613.2659	168.4928	1.156859	3.461709
2298	-447.3285	-617.0371	169.7086	1.211562	2.702677
2304	-442.6992	-612.6217	169.9225	1.140106	2.614966
2310	-453.6945	-621.6148	167.9202	1.272406	3.727149
2316	-455.3408	-622.3224	166.9816	1.773785	3.978381
2322	-466.8536	-635.9514	169.0978	0.8390639	3.29312
2328	-451.3645	-620.2555	168.891	1.438761	3.059972
2334	-458.9431	-628.815	169.8718	0.9849513	2.74151
2340	-458.3212	-624.1864	165.8652	1.69029	4.657098
2346	-457.6161	-626.8361	169.22	1.364888	2.906703
2352	-451.2823	-618.8408	167.5585	0.9865375	4.098412
2358	-456.1611	-624.1891	168.028	1.285971	3.656975
2364	-455.6384	-623.7659	168.1275	1.186466	3.656975
2370	-449.2234	-618.5981	169.3747	1.333095	2.83227
2376	-448.8781	-615.5312	166.6531	1.702513	4.206112
2382	-446.6663	-614.6349	167.9686	1.618581	3.498189
2388	-445.3233	-611.8228	166.4996	1.626518	4.336091
2394	-454.8004	-621.9971	167.1967	1.060917	4.261684
2400	-451.3383	-620.4569	169.1186	0.9883279	3.192568
2406	-454.6616	-622.036	167.3745	1.480751	3.921244
2412	-445.2164	-613.1166	167.9002	1.400957	3.664381
2418	-443.5604	-611.2269	167.6665	1.290252	3.863009
2424	-438.34	-607.1475	168.8076	1.178679	3.264001
2430	-451.5646	-621.2507	169.6861	1.421435	2.587162
2436	-441.1778	-608.5055	167.3277	1.327413	4.035664
2442	-446.6524	-615.189	168.5366	1.460955	3.257306
2448	-451.3667	-618.7467	167.38	1.280078	4.032856
2454	-450.6026	-616.9478	166.3452	1.577916	4.450613
2460	-451.764	-620.3081	168.5441	1.1979	3.407631
2466	-451.0429	-618.5499	167.5071	1.272397	3.964614
2472	-443.6857	-611.5206	167.835	1.407803	3.698171
2478	-439.5616	-607.2114	167.6499	1.300898	3.866432
2484	-454.4867	-619.75	165.2632	1.300898	5.208752
2490	-445.3394	-613.1643	167.8249	1.024753	3.92443
2496	-442.369	-610.01	167.6411	1.657409	3.665953
2502	-433.1952	-598.4721	165.2769	1.437885	5.125336
2508	-435.2158	-603.0367	167.8209	1.299565	3.768793
2514	-443.2138	-611.5861	168.3723	1.346948	3.420979
2520	-443.4346	-610.6377	167.2031	1.555385	3.976602
2526	-439.4488	-606.6946	167.2458	1.304779	4.09526
2532	-454.8826	-621.7902	166.9076	1.241754	4.322942
2538	-452.3902	-620.6244	168.2342	1.260304	3.552146
2544	-464.9061	-633.4497	168.5435	0.9509969	3.552146
2550	-470.1425	-639.6396	169.4971	1.225773	2.823134
2556	-447.0127	-615.176	168.1632	1.487883	3.460839
2562	-440.3706	-608.6673	168.2967	1.386401	3.442139
2568	-447.1278	-615.4313	168.3035	1.37962	3.442139
2574	-440.1287	-608.8343	168.7056	1.078617	3.382901
2580	-456.2475	-625.2159	168.9684	1.133524	3.19558
2586	-456.7979	-624.6087	167.8108	0.9556518	3.972079
2592	-466.0965	-633.1891	167.0926	1.604956	4.011437
2598	-460.1195	-627.4681	167.3486	1.348974	4.011437
2604	-446.3637	-616.0817	169.718	1.081564	2.776463
2610	-454.3964	-623.9573	169.5609	1.238622	2.776463
2616	-452.7303	-621.6429	168.9126	1.238622	3.166315
2622	-454.1877	-623.0063	168.8186	1.181533	3.255818
2628	-452.8241	-620.2632	167.4391	1.718243	3.74753
2634	-454.2911	-621.7301	167.4391	1.718243	3.74753
2640	-460.6595	-627.54	166.8805	1.505856	4.188637
2646	-461.7997	-627.514	165.7142	1.919988	4.612971
2652	-449.2574	-617.7803	168.5229	1.335719	3.339188
2658	-447.2221	-612.0541	164.832	1.335719	5.427511
2664	-442.558	-610.3704	167.8124	1.231243	3.813058
2670	-442.2314	-611.4427	169.2113	1.195341	3.013938
2676	-447.3554	-616.0394	168.684	1.355967	3.232244
2682	-434.352	-603.7895	169.4375	1.120637	2.922878
2688	-455.3507	-624.4134	169.0626	0.9640866	3.240089
2694	-441.8128	-610.7657	168.9529	1.43238	3.026773
2700	-446.5321	-613.9336	167.4014	1.018038	4.169843
2706	-434.6687	-603.1734	168.5047	1.210251	3.423503
2712	-439.9219	-608.8047	168.8828	1.063344	3.287663
2718	-435.1216	-601.349	166.2274	1.502326	4.559373
2724	-434.9926	-601.9007	166.9081	1.502326	4.174988
2730	-437.1418	-604.5165	167.3747	0.9753004	4.209302
2736	-458.1774	-627.4114	169.234	1.044656	3.090462
2742	-453.476	-622.5588	169.0828	1.417059	2.957956
2748	-454.2311	-621.8989	167.6679	1.308267	3.851853
2754	-460.3201	-628.9719	168.6518	1.419803	3.213507
2760	-454.9248	-622.3889	167.4641	1.594287	3.804554
2766	-440.4934	-606.666	166.1725	1.977825	4.322355
2772	-442.1608	-607.0938	164.933	1.564214	5.245744
2778	-436.2124	-603.0151	166.8026	1.564214	4.199724
2784	-442.7607	-611.3251	168.5643	1.570157	3.176237
2790	-448.4052	-616.2503	167.8451	1.504652	3.636259
2796	-454.511	-623.9832	169.4721	1.38468	2.741479
2802	-443.4917	-611.8667	168.3751	1.225285	3.490477
2808	-445.5393	-613.1124	167.5731	1.301499	3.910131
2814	-455.2539	-621.9308	166.6769	1.283961	4.429312
2820	-452.1999	-619.2994	167.0995	1.433888	4.105063
2826	-437.1562	-603.5388	166.3826	1.438738	4.507883
2832	-446.5396	-612.9222	166.3826	1.438738	4.507883
2838	-441.3899	-607.4353	166.0454	1.685457	4.558759
2844	-446.4758	-616.5685	170.0926	0.9376383	2.634931
2850	-434.8573	-604.8149	169.9575	0.5495796	2.953589
2856	-442.1814	-612.2108	170.0294	0.9731203	2.652035
2862	-441.3544	-609.3611	168.0067	1.111542	3.770051
2868	-438.4315	-606.1269	167.6954	1.422858	3.770051
2874	-439.6065	-609.1225	169.5159	1.110421	2.881655
2880	-449.6578	-618.2275	168.5698	1.081966	3.460468
2886	-448.4655	-615.7073	167.2418	1.466918	4.005073
2892	-441.9912	-611.2707	169.2795	1.569045	2.746545
2898	-435.1601	-604.6162	169.4561	0.8736895	3.059974
2904	-436.4306	-605.1812	168.7506	1.223228	3.271349
2910	-443.9178	-613.7629	169.8451	0.9538832	2.776785
2916	-443.6945	-610.6711	166.9765	1.390858	4.199414
2922	-447.8909	-615.6443	167.7533	1.390858	3.755103
2928	-442.8275	-611.6575	168.83	0.8999773	3.414677
2934	-447.4682	-616.2434	168.7752	1.460247	3.11621
2940	-443.9744	-611.9689	167.9944	1.122631	3.770741
2946	-447.6055	-617.2223	169.6168	1.171169	2.783498
2952	-453.4577	-619.7513	166.2936	1.516852	4.513992
2958	-464.5061	-632.6908	168.1847	1.088816	3.680412
2964	-452.2974	-620.6235	168.3261	1.059025	3.615752
2970	-437.6252	-607.1384	169.5133	1.434621	2.685671
2976	-441.5545	-611.8104	170.2559	1.247064	2.339049
2982	-441.348	-609.7689	168.4209	1.247064	3.451001
2988	-468.5513	-635.3698	166.8184	1.247064	4.370318
2994	-455.5426	-624.9952	169.4526	1.230578	2.847199
3000	-459.177	-625.8851	166.7081	1.442935	4.321995
3006	-443.6996	-611.0488	167.3492	1.446307	3.955417
3012	-443.7831	-612.737	168.9539	1.086994	3.231708
3018	-445.6709	-612.1746	166.5038	1.519884	4.393935
3024	-436.5261	-605.4047	168.8786	1.372644	3.106812
3030	-435.2345	-603.9526	168.7181	0.93119	3.461925
3036	-439.8862	-607.5663	167.6801	0.9808776	4.032309
3042	-445.2347	-614.8976	169.6629	0.8368986	2.957996
3048	-444.6202	-613.9184	169.2983	1.312578	2.891013
3054	-452.78	-619.5726	166.7926	1.312578	4.347923
3060	-455.69	-622.2178	166.5277	1.312578	4.497223
3066	-452.0389	-622.1462	170.1072	1.094316	2.528729
3072	-457.3105	-627.4678	170.1574	1.618632	2.163513
3078	-449.373	-619.719	170.346	0.8954556	2.50385
3084	-447.7085	-615.8482	168.1398	1.176623	3.655566
3090	-441.5962	-609.8011	168.2048	1.441037	3.463909
3096	-445.2246	-612.7479	167.5233	1.115072	4.04523
3102	-439.6985	-607.4996	167.801	1.146541	3.868255
3108	-451.998	-620.6776	168.6797	1.052753	3.41327
3114	-446.9777	-615.3444	168.3667	1.103924	3.566043
3120	-441.0598	-607.6582	166.5984	1.499443	4.352036
3126	-452.1976	-619.057	166.8594	1.238476	4.352036
3132	-456.7646	-623.2441	166.4795	1.667012	4.324529
3138	-452.4076	-618.7784	166.3708	1.537984	4.458649
3144	-445.1543	-611.9369	166.7826	1.299186	4.361099
3150	-453.1454	-622.8044	169.659	1.044477	2.834896
3156	-456.4393	-622.9359	166.4966	1.331752	4.503916
3162	-444.7402	-615.0154	170.2752	1.211276	2.349521
3168	-449.7967	-617.7997	168.003	1.088118	3.785688
3174	-450.0313	-616.1915	166.1603	1.283112	4.719828
3180	-460.3529	-628.8097	168.4568	1.272378	3.415176
3186	-441.9141	-608.967	167.0529	1.37597	4.164505
3192	-448.1585	-614.0603	165.9019	1.705733	4.627895
3198	-450.1401	-614.0736	163.9335	1.288541	5.945969
3204	-451.948	-618.8149	166.8669	1.360102	4.278983
3210	-452.3476	-619.099	166.7514	1.475641	4.278983
3216	-445.9307	-614.7882	168.8574	1.287063	3.170299
3222	-441.6409	-610.4351	168.7942	1.350283	3.170299
3228	-448.9993	-617.5363	168.537	1.264931	3.372515
3234	-449.2267	-617.854	168.6273	1.150407	3.386718
3240	-454.0499	-622.6427	168.5929	1.184839	3.386718
3246	-467.8918	-634.9564	167.0646	1.616182	4.020995
3252	-473.2263	-640.0173	166.791	1.398497	4.300233
3258	-457.7255	-623.9938	166.2683	1.401984	4.592728
3264	-451.634	-617.8925	166.2585	1.449714	4.57144
3270	-447.9781	-615.5037	167.5256	1.627213	3.750136
3276	-439.3114	-607.3908	168.0794	1.861446	3.290785
3282	-440.5578	-605.7803	165.2226	2.284404	4.684262
3288	-439.1518	-604.5278	165.376	1.907048	4.809428
3294	-434.5663	-600.7987	166.2324	1.312491	4.663034
3300	-451.9727	-621.4326	169.4599	1.3074	2.796088
3306	-449.5875	-618.2003	168.6128	1.001895	3.482126
3312	-451.5928	-620.7993	169.2066	1.122948	3.060117
3318	-442.6282	-611.6962	169.068	1.016699	3.205766
3324	-446.7731	-611.7054	164.9323	1.629501	5.210029
3330	-443.123	-609.9241	166.8011	1.337623	4.328946
3336	-431.8524	-601.4188	169.5664	1.023247	2.903813
3342	-431.8311	-599.061	167.23	1.39316	4.053917
3348	-432.2076	-599.6453	167.4377	1.407246	3.927148
3354	-440.9139	-609.2072	168.2933	1.24744	3.525228
3360	-436.7841	-605.1014	168.3174	1.291731	3.485385
3366	-463.6034	-629.2599	165.6565	1.698283	4.769382
3372	-467.5448	-635.8964	168.3516	1.4459	3.375117
3378	-475.7653	-641.9296	166.1642	1.369807	4.669112
3384	-455.6804	-624.9658	169.2854	1.09262	3.03108
3390	-451.9254	-620.037	168.1116	1.597913	3.426671
3396	-448.8745	-617.646	168.7714	1.409452	3.148695
3402	-442.7983	-610.7505	167.9522	1.526163	3.56157
3408	-438.9166	-606.6347	167.7181	1.760199	3.56157
3414	-451.9294	-620.7589	168.8295	1.131649	3.278797
3420	-450.5788	-619.0984	168.5196	1.16364	3.442069
3426	-461.1489	-627.6283	166.4794	1.16364	4.608031
3432	-464.4487	-631.9178	167.4691	1.322593	3.957597
3438	-445.3037	-613.0959	167.7922	1.25844	3.808977
3444	-456.241	-624.3514	168.1104	1.25844	3.625145
3450	-438.272	-607.2975	169.0255	1.567478	2.901797
3456	-438.4735	-606.6577	168.1842	1.115515	3.665214
3462	-446.8398	-614.5247	167.6849	1.158992	3.927706
3468	-449.6067	-616.6949	167.0882	1.410925	4.124547
3474	-435.3024	-604.2038	168.9015	1.277731	3.149689
3480	-440.1087	-605.5909	165.4823	1.402186	5.031249
3486	-434.9823	-603.1645	168.1822	0.9835444	3.742694
3492	-447.4958	-615.1254	167.6296	1.536066	3.742694
3498	-439.2519	-606.2516	166.9997	1.536066	4.103701
3504	-447.7307	-613.5464	165.8157	1.536066	4.771027
3510	-455.6616	-621.8858	166.2242	1.536066	4.542226
3516	-442.4261	-608.965	166.539	1.713579	4.264518
3522	-466.5534	-633.8185	167.265	1.354262	4.056108
3528	-459.0784	-625.5398	166.4614	1.726906	4.300876
3534	-444.6945	-611.0148	166.3203	1.668701	4.413449
3540	-467.7431	-632.2388	164.4957	1.689553	5.417876
3546	-451.7765	-618.9336	167.1571	1.741722	3.896213
3552	-446.9437	-615.0599	168.1162	1.505092	3.478242
3558	-453.3987	-621.9804	168.5817	1.148893	3.414363
3564	-451.0929	-621.0928	169.9999	1.186038	2.538441
3570	-444.5961	-614.2488	169.6527	1.335841	2.660646
3576	-432.0281	-601.2556	169.2275	1.054347	3.088592
3582	-435.2001	-603.2404	168.0403	1.289105	3.648043
3588	-439.3176	-607.7223	168.4047	1.010347	3.598352
3594	-456.9665	-625.7646	168.7981	1.473393	3.094747
3600	-450.2599	-619.1924	168.9325	1.138598	3.213814
3606	-455.5998	-624.6683	169.0684	1.136221	3.134564
3612	-442.9325	-609.0366	166.1041	1.578834	4.585654
3618	-449.8447	-617.0168	167.1721	1.187886	4.203626
3624	-461.4514	-628.6017	167.1503	1.339859	4.129655
3630	-454.6655	-621.9324	167.2668	1.223319	4.129655
3636	-443.9389	-610.4542	166.5153	1.470167	4.415474
3642	-445.983	-612.4085	166.4255	1.477221	4.462097
3648	-446.5871	-612.7165	166.1294	1.16836	4.80122
3654	-431.6958	-600.2033	168.5074	1.252665	3.397047
3660	-455.7939	-620.9593	165.1654	1.654632	5.06701
3666	-449.2634	-616.601	167.3376	1.44546	3.962566
3672	-456.4963	-625.8185	169.3222	1.170807	2.96211
3678	-453.4801	-620.7554	167.2754	1.274958	4.095409
3684	-453.1445	-620.5774	167.4329	1.11747	4.095409
3690	-442.3288	-607.9331	165.6043	1.539558	4.886987
3696	-441.3412	-610.5459	169.2047	1.376133	2.909175
3702	-448.5609	-615.6003	167.0395	1.442348	4.13441
3708	-449.0788	-617.1366	168.0578	1.168096	3.70792
3714	-443.1253	-611.5881	168.4628	1.168096	3.47265
3720	-464.1782	-632.8362	168.658	1.36449	3.242583
3726	-466.9474	-635.4914	168.5439	1.741793	3.086248
3732	-455.8257	-624.2906	168.4649	1.168402	3.471256
3738	-461.6308	-629.9602	168.3294	1.155347	3.557841
3744	-445.309	-613.6301	168.3211	1.478508	3.373865
3750	-445.8521	-614.0349	168.1828	1.51438	3.433924
3756	-451.2529	-620.0711	168.8182	0.9424109	3.396721
3762	-451.4436	-615.6644	164.2209	1.737799	5.542539
3768	-453.362	-620.4065	167.0445	1.393066	4.159543
3774	-445.1706	-611.9007	166.7302	1.393066	4.337699
3780	-453.0462	-619.4834	166.4373	1.393066	4.502828
3786	-457.2277	-624.1722	166.9445	1.187619	4.332651
3792	-445.8171	-615.1355	169.3184	1.378549	2.838899
3798	-445.5703	-610.7251	165.1548	1.596698	5.105003
3804	-453.1482	-619.4766	166.3283	1.493641	4.50753
3810	-451.5438	-619.2106	167.6668	1.378734	3.811957
3816	-439.2066	-607.1504	167.9438	1.14839	3.785068
3822	-443.8977	-609.7361	165.8385	1.46598	4.797467
3828	-438.5301	-605.6092	167.0792	1.283475	4.202123
3834	-436.0741	-602.9294	166.8553	1.649911	4.121098
3840	-438.9562	-606.0136	167.0574	1.44776	4.121098
3846	-446.3357	-612.1995	165.8637	1.752959	4.622786
3852	-432.297	-598.9353	166.6383	1.365711	4.405023
3858	-430.2773	-596.8119	166.5346	1.721264	4.262645
3864	-428.2252	-594.827	166.6018	1.459509	4.372675
3870	-440.7466	-608.0021	167.2554	1.329869	4.075484
3876	-447.2822	-615.7897	168.5074	1.211987	3.420894
3882	-447.6495	-616.3821	168.7326	1.506864	3.113846
3888	-431.7047	-598.4211	166.7164	1.578659	4.240447
3894	-446.9321	-611.793	164.8609	1.578659	5.277604
3900	-469.1889	-635.5956	166.4066	1.599343	4.403904
3906	-452.3874	-619.722	167.3346	1.599343	3.876093
3912	-440.4858	-607.9889	167.5031	1.304362	3.948595
3918	-442.3977	-610.2725	167.8747	1.252029	3.765147
3924	-446.833	-615.4662	168.6332	1.553114	3.145469
3930	-446.1415	-613.0176	166.8761	1.629113	4.121117
3936	-444.9835	-611.1143	166.1308	1.301485	4.726021
3942	-443.2889	-611.1288	167.8399	1.457553	3.666537
3948	-448.0987	-613.2986	165.2	1.959846	4.878116
3954	-444.9007	-613.2691	168.3684	1.418254	3.381458
3960	-460.7816	-626.9798	166.1982	1.346628	4.663072
3966	-454.0138	-619.3774	165.3636	1.760974	4.897751
3972	-452.223	-619.4702	167.2473	1.233001	4.135279
3978	-451.5791	-617.5819	166.0028	1.464896	4.706246
3984	-449.4046	-616.86	167.4554	1.072064	4.108412
3990	-450.4741	-619.6095	169.1355	1.031138	3.15717
3996	-455.8989	-623.8297	167.9308	1.474569	3.603978
4002	-444.3028	-611.5154	167.2126	1.235112	4.153808
4008	-453.3669	-620.311	166.9441	1.503554	4.153808
4014	-446.267	-614.3774	168.1104	1.650371	3.396644
4020	-439.64	-608.138	168.498	1.262785	3.396644
4026	-453.265	-620.5841	167.3192	1.439566	3.976464
4032	-440.5828	-609.039	168.4563	1.439566	3.317303
4038	-437.5126	-604.88	167.3674	1.439566	3.948849
4044	-447.3589	-615.2546	167.8957	1.085741	3.848776
4050	-440.7436	-608.6613	167.9178	1.219287	3.759225
4056	-447.8507	-616.2948	168.4441	1.776291	3.125214
4062	-458.5046	-623.7427	165.2381	1.323058	5.210397
4068	-455.5124	-621.7746	166.2622	1.224839	4.695403
4074	-474.6047	-643.2554	168.6507	1.529962	3.148823
4080	-464.5873	-630.9619	166.3745	1.362772	4.555123
4086	-462.9277	-632.2251	169.2974	1.462945	2.800341
4092	-445.7446	-614.1792	168.4345	1.076404	3.542617
4098	-447.6392	-616.0617	168.4225	0.985766	3.602297
4104	-446.6149	-615.4927	168.8778	1.358211	3.115878
4110	-450.1228	-617.7498	167.627	1.091169	3.999651
4116	-459.7297	-629.1234	169.3937	1.236247	2.879468
4122	-450.7929	-618.8485	168.0556	1.243118	3.665784
4128	-452.1308	-619.3656	167.2349	1.243118	4.136589
4134	-443.0027	-609.2348	166.2321	1.599619	4.502048
4140	-445.7563	-612.544	166.7876	1.714102	4.123069
4146	-446.9113	-614.4863	167.575	1.071029	4.040847
4152	-445.7155	-614.491	168.7754	1.104784	3.326485
4158	-447.4263	-616.045	168.6186	1.261588	3.326485
4164	-442.9877	-611.2524	168.2647	1.592369	3.340127
4170	-446.9889	-616.0657	169.0769	1.338613	3.008657
4176	-445.8157	-613.7442	167.9286	1.338613	3.684044
4182	-458.2104	-624.5461	166.3357	1.302848	4.610547
4188	-443.8464	-611.6431	167.7967	1.266856	3.801548
4194	-458.3139	-626.1067	167.7927	1.022183	3.944329
4200	-443.5639	-611.7438	168.1799	1.414086	3.494183
4206	-443.4869	-610.1328	166.6459	1.556028	4.293196
4212	-451.5155	-617.7102	166.1946	1.186855	4.754427
4218	-451.469	-618.6949	167.2259	1.258488	4.132917
4224	-453.7357	-621.7377	168.0021	1.334938	3.643634
4230	-452.5458	-620.9838	168.438	1.236625	3.447096
4236	-456.7811	-624.4209	167.6397	1.300048	3.872745
4242	-459.3148	-627.5036	168.1888	1.23505	3.593247
4248	-459.148	-625.3021	166.1541	1.262516	4.734781
4254	-459.9418	-627.0952	167.1534	1.436855	4.072669
4260	-475.5192	-640.2152	164.696	1.603277	5.355021
4266	-477.6636	-647.0148	169.3512	1.512717	2.737139
4272	-456.3251	-624.7423	168.4172	1.453482	3.332098
4278	-453.8953	-623.0261	169.1307	1.084811	3.128081
4284	-461.5593	-630.928	169.3687	0.9513891	3.065736
4290	-456.1208	-624.3208	168.2	0.8705569	3.797514
4296	-456.9263	-625.1345	168.2082	1.175395	3.616627
4302	-468.0969	-630.6278	162.531	1.899856	6.376535
4308	-466.0491	-628.6236	162.5745	1.856327	6.376535
4314	-452.4251	-616.5079	164.0828	1.852296	5.555485
4320	-449.1433	-617.0448	167.9015	1.170302	3.796807
4326	-443.2821	-612.391	169.1088	1.171457	3.089499
4332	-441.3557	-609.3144	167.9587	1.334416	3.669025
4338	-460.6711	-628.0595	167.3884	1.694676	3.790345
4344	-453.2921	-620.5729	167.2808	1.255978	4.103099
4350	-449.9699	-618.3696	168.3998	1.215281	3.481903
4356	-445.1856	-614.5138	169.3283	0.9883132	3.067843
4362	-445.0162	-615.3217	170.3055	1.368069	2.229788
4368	-438.726	-609.5012	170.7753	0.8983384	2.229788
4374	-453.8775	-621.8952	168.0177	1.390799	3.602165
4380	-451.6394	-618.8654	167.226	1.338813	4.087186
4386	-452.8288	-620.9016	168.0728	1.140391	3.715256
4392	-461.9804	-629.1829	167.2025	1.021399	4.280755
4398	-454.93	-623.1835	168.2535	1.334218	3.49786
4404	-444.9449	-613.1568	168.212	1.215039	3.591413
4410	-451.5551	-620.2982	168.7431	1.089234	3.354653
4416	-446.8642	-614.6063	167.7421	1.132881	3.909934
4422	-439.8778	-608.6849	168.8071	1.24958	3.222338
4428	-447.3747	-616.0406	168.6658	1.035686	3.431356
4434	-443.3395	-611.8364	168.497	1.113945	3.484329
4440	-458.6433	-624.7306	166.0874	1.658616	4.550233
4446	-456.9439	-624.288	167.3441	1.269027	4.059594
4452	-452.7111	-619.2363	166.5252	1.413248	4.441974
4458	-448.824	-616.2815	167.4575	1.413248	3.912324
4464	-443.9648	-611.4223	167.4575	1.413248	3.912324
4470	-447.7851	-614.7834	166.9983	1.2285	4.279099
4476	-450.2495	-617.5239	167.2744	1.341111	4.058244
4482	-453.2687	-621.0011	167.7324	1.341111	3.795823
4488	-454.4628	-623.9327	169.4699	1.324193	2.779791
4494	-451.2789	-619.0326	167.7536	1.060411	3.944819
4500	-446.9153	-615.8366	168.9213	1.058201	3.267959
4506	-441.9026	-609.0001	167.0974	1.596775	4.013354
4512	-443.0954	-609.9671	166.8717	1.596775	4.141976
4518	-446.9342	-614.0124	167.0783	1.202753	4.248408
4524	-447.8513	-616.9724	169.1211	1.371656	2.962249
4530	-444.3559	-613.5231	169.1672	1.006173	3.15313
4536	-443.5423	-613.734	170.1917	1.006173	2.530997
4542	-454.166	-623.1132	168.9472	0.7867334	3.412371
4548	-449.85	-617.9692	168.1192	0.8787663	3.839282
4554	-462.2181	-630.6429	168.4248	0.6837744	3.775649
4560	-473.2838	-638.0811	164.7973	1.892081	5.139428
4566	-470.4842	-639.6058	169.1216	1.279529	3.017268
4572	-451.9761	-619.0884	167.1123	1.34608	4.147747
4578	-449.5452	-618.2376	168.6923	1.283178	3.270336
4584	-447.4705	-616.7756	169.305	1.316939	2.884303
4590	-451.7899	-619.628	167.838	1.443306	3.675878
4596	-444.9803	-612.4411	167.4608	1.280574	3.986412
4602	-446.4443	-615.3554	168.9111	1.280574	3.142264
4608	-443.9728	-613.0798	169.107	1.428619	2.936426
4614	-434.3322	-600.9761	166.6439	1.377903	4.394978
4620	-440.8996	-608.9347	168.035	1.272497	3.660715
4626	-440.6025	-607.4813	166.8788	1.41751	4.239726
4632	-449.0708	-617.8882	168.8174	1.158483	3.2701
4638	-453.4286	-622.1748	168.7462	1.187398	3.295038
4644	-455.9208	-623.6018	167.681	1.519746	3.722475
4650	-449.3287	-616.9994	167.6707	1.519746	3.72841
4656	-440.9855	-609.5507	168.5652	1.560536	3.181424
4662	-442.988	-612.5535	169.5655	1.088558	2.864846
4668	-443.8868	-613.0653	169.1785	0.8976126	3.210833
4674	-439.3366	-608.4537	169.1171	1.472331	2.903971
4680	-443.5297	-612.3141	168.7844	1.326562	3.190206
4686	-464.5283	-631.7278	167.1995	1.194666	4.184199
4692	-453.4954	-621.2395	167.7441	1.194666	3.873334
4698	-458.5337	-625.7536	167.2199	1.758169	3.85076
4704	-458.5897	-626.2593	167.6696	1.506339	3.73677
4710	-458.3098	-625.9794	167.6696	1.506339	3.73677
4716	-452.8672	-620.1477	167.2805	1.690882	3.854593
4722	-454.8016	-622.2739	167.4722	1.499131	3.854593
4728	-454.5063	-620.764	166.2577	1.408874	4.59482
4734	-431.8788	-599.8438	167.965	1.267644	3.704039
4740	-442.8032	-610.7436	167.9404	1.292229	3.704039
4746	-441.7769	-610.7608	168.9839	1.681841	2.857775
4752	-436.9173	-603.5502	166.6329	1.692343	4.223332
4758	-449.0479	-617.9593	168.9115	1.244349	3.163596
4764	-447.236	-615.7472	168.5112	1.116296	3.474641
4770	-463.5768	-631.542	167.9651	1.597858	3.51227
4776	-463.0366	-629.31	166.2734	1.745147	4.396803
4782	-458.7463	-625.786	167.0398	1.183817	4.280944
4788	-467.8243	-635.1863	167.3621	1.482882	3.92711
4794	-461.1573	-629.5531	168.3958	1.167054	3.512353
4800	-453.4462	-622.3091	168.8629	1.116385	3.268078
4806	-466.1769	-635.551	169.374	1.307032	2.848505
4812	-463.31	-630.8371	167.5271	1.570948	3.78171
4818	-468.2677	-636.2329	167.9651	1.150515	3.771557
4824	-465.3609	-633.1166	167.7557	1.39822	3.749495
4830	-452.1341	-620.3035	168.1695	1.256039	3.592286
4836	-453.0843	-621.4658	168.3816	1.184786	3.510319
4842	-448.6418	-617.024	168.3822	1.184786	3.509947
4848	-445.6831	-614.3212	168.6381	1.100773	3.409489
4854	-450.9544	-619.7986	168.8441	1.438204	3.088278
4860	-461.4935	-628.858	167.3645	1.407861	3.968659
4866	-468.7199	-635.3812	166.6612	1.239727	4.463077
4872	-447.8093	-614.9798	167.1705	1.467733	4.045288
4878	-450.1414	-617.3681	167.2267	1.356257	4.076801
4884	-464.5536	-634.569	170.0154	1.414649	2.385277
4890	-442.5605	-612.4623	169.9017	1.414649	2.456911
4896	-451.2425	-618.5257	167.2832	1.453895	3.98884
4902	-451.7217	-618.7619	167.0402	1.582469	4.054165
4908	-457.8052	-624.3446	166.5394	1.338898	4.475822
4914	-441.8058	-610.1631	168.3574	1.244135	3.489811
4920	-449.9468	-619.0096	169.0628	1.244135	3.073595
4926	-455.5733	-623.9161	168.3427	1.244135	3.498351
4932	-454.251	-621.3712	167.1201	1.244135	4.201184
4938	-447.0364	-614.7767	167.7403	1.397376	3.758852
4944	-446.2543	-613.0134	166.7591	1.456575	4.285435
4950	-444.196	-614.1502	169.9543	1.049699	2.651159
4956	-443.8394	-612.1041	168.2646	1.217062	3.559624
4962	-454.0998	-620.1504	166.0507	1.820447	4.479886
4968	-465.274	-630.9543	165.6803	1.871748	4.659011
4974	-470.192	-636.5508	166.3588	1.523704	4.473456
4980	-457.9013	-625.3082	167.4069	1.338832	3.98393
4986	-470.3143	-638.3723	168.058	1.171463	3.705876
4992	-456.7211	-624.0862	167.3651	1.171463	4.103228
4998	-451.6428	-618.6386	166.9958	1.201188	4.296006
5004	-441.8157	-608.7324	166.9167	1.552036	4.141845
5010	-449.7122	-618.3574	168.6452	1.712666	3.043149
5016	-441.4254	-610.139	168.7136	1.132779	3.346409
5022	-446.7202	-613.7113	166.9911	1.389097	4.19213
5028	-447.573	-614.6835	167.1105	1.389097	4.124317
5034	-450.9837	-618.7375	167.7538	1.119147	3.911074
5040	-443.8674	-612.3681	168.5008	1.189375	3.438013
5046	-455.7406	-625.276	169.5354	1.34513	2.726998
5052	-441.1019	-610.0401	168.9382	1.26461	3.13566
5058	-446.3414	-615.0724	168.7311	1.246043	3.269394
5064	-448.6935	-617.9734	169.2799	1.385472	2.858011
5070	-442.9698	-612.1332	169.1634	1.012333	3.151745
5076	-444.5581	-613.0785	168.5205	0.9788146	3.549396
5082	-442.2792	-611.5173	169.2381	1.22539	2.979845
5088	-445.2745	-611.8883	166.6138	1.536126	4.322615
5094	-453.8208	-620.4449	166.624	1.497043	4.338913
5100	-453.2916	-622.6337	169.3421	1.292299	2.876754
5106	-446.2498	-612.9478	166.6979	1.614588	4.230542
5112	-439.7884	-607.2417	167.4533	1.727171	3.734187
5118	-439.5527	-607.1069	167.5542	1.532188	3.788421
5124	-443.501	-610.6379	167.1369	1.32825	4.143899
5130	-436.8971	-604.5012	167.6041	1.347432	3.865986
5136	-434.8976	-603.5038	168.6062	1.129614	3.41128
5142	-443.2905	-611.5324	168.2419	1.493918	3.41128
5148	-432.8457	-599.8221	166.9764	1.527741	4.121684
5154	-438.4772	-607.4535	168.9763	1.428366	3.015112
5160	-426.1166	-595.6617	169.5451	1.018525	2.919516
5166	-434.9201	-604.2418	169.3217	1.501622	2.761928
5172	-439.4963	-607.5418	168.0455	1.093984	3.757838
5178	-430.633	-597.9591	167.3262	1.327421	4.036532
5184	-442.4906	-610.5839	168.0933	1.616612	3.426451
5190	-434.4818	-602.3735	167.8917	1.514626	3.603415
5196	-433.3052	-602.6513	169.3461	1.207321	2.925717
5202	-435.5116	-603.9969	168.4853	1.461327	3.287385
5208	-447.8438	-613.6481	165.8043	1.461327	4.819123
5214	-450.325	-618.1529	167.8279	1.575878	3.604878
5220	-462.2842	-628.3062	166.022	1.776024	4.521016
5226	-449.1465	-616.7307	167.5842	1.559596	3.755342
5232	-463.9922	-631.8096	167.8174	1.337737	3.748766
5238	-456.0063	-621.7733	165.767	1.382687	4.883756
5244	-450.4338	-617.4823	167.0485	1.352591	4.180313
5250	-450.7918	-618.8774	168.0856	1.352591	3.584907
5256	-456.4197	-620.9078	164.4881	1.275208	5.649815
5262	-435.6161	-603.7476	168.1315	1.410581	3.524449
5268	-446.601	-612.2475	165.6464	1.394483	4.944307
5274	-441.9839	-609.0756	167.0917	1.394483	4.131935
5280	-455.2472	-622.2542	167.007	1.255598	4.258844
5286	-448.9901	-617.8877	168.8975	1.186568	3.206114
5292	-451.107	-619.6305	168.5235	1.065975	3.496842
5298	-458.1537	-626.3847	168.231	0.8917274	3.767458
5304	-453.0531	-620.2191	167.166	1.312006	4.136574
5310	-462.1902	-632.1432	169.953	1.267571	2.516892
5316	-460.2935	-630.0146	169.721	1.499484	2.516892
5322	-460.4625	-629.915	169.4525	1.43559	2.722315
5328	-461.2748	-629.9007	168.6259	1.425219	3.225663
5334	-448.462	-616.2516	167.7896	1.285419	3.794992
5340	-458.2066	-626.3191	168.1125	1.476324	3.497237
5346	-448.5906	-615.0024	166.4119	1.078132	4.693758
5352	-459.0629	-624.7011	165.6382	1.767804	4.740746
5358	-459.1972	-626.9128	167.7156	1.574315	3.670897
5364	-456.9541	-624.2383	167.2842	1.349286	4.047995
5370	-460.3368	-625.9433	165.6065	1.913329	4.677058
5376	-447.6541	-613.8753	166.2212	1.959734	4.305044
5382	-452.6099	-619.4174	166.8074	1.373547	4.305044
5388	-449.8119	-618.5306	168.7187	1.298793	3.245519
5394	-451.3235	-618.7232	167.3996	1.661729	3.802833
5400	-452.2177	-616.6471	164.4294	1.682575	5.45821
5406	-461.1593	-628.01	166.8507	1.751695	4.065736
5412	-444.4502	-612.101	167.6509	1.398666	3.809637
5418	-436.7177	-605.5459	168.8282	1.052577	3.326168
5424	-438.4978	-608.5881	170.0903	1.20911	2.467526
5430	-452.0024	-618.4733	166.4709	1.333213	4.517575
5436	-450.9982	-618.7115	167.7133	1.183651	3.897325
5442	-444.3089	-612.1794	167.8705	1.436849	3.660818
5448	-452.9502	-618.8022	165.852	1.608479	4.710294
5454	-457.8122	-625.4873	167.6751	1.315071	3.843761
5460	-464.435	-630.9804	166.5454	1.320082	4.483059
5466	-447.7929	-616.9271	169.1342	1.051295	3.145979
5472	-465.1062	-632.311	167.2049	1.405418	4.061248
5478	-455.9244	-624.0404	168.116	1.738065	3.34189
5484	-455.196	-620.2494	165.0534	1.612335	5.152534
5490	-452.8624	-621.8876	169.0252	1.179004	3.134831
5496	-451.7111	-618.0588	166.3477	1.494543	4.496123
5502	-455.9155	-624.6052	168.6897	1.270621	3.279312
5508	-454.4789	-623.0882	168.6093	1.433431	3.230627
5514	-440.7666	-607.6817	166.9151	1.293471	4.289415
5520	-442.2196	-609.043	166.8235	1.515326	4.215642
5526	-450.3275	-618.6173	168.2898	1.146549	3.585961
5532	-466.2802	-632.8673	166.587	1.177745	4.539672
5538	-458.0367	-627.6022	169.5655	1.340695	2.711244
5544	-457.4313	-624.5462	167.115	1.461115	4.080747
5550	-463.8402	-628.2199	164.3797	1.809327	5.415808
5556	-450.5273	-616.9504	166.4231	1.502459	4.449221
5562	-465.2738	-632.7766	167.5029	1.321775	3.93876
5568	-455.3402	-623.1866	167.8464	1.48285	3.648142
5574	-459.4239	-626.8552	167.4313	1.462701	3.899004
5580	-453.0801	-621.5337	168.4537	1.356508	3.367673
5586	-456.2066	-625.2387	169.0322	1.27855	3.071337
5592	-451.843	-619.8505	168.0075	1.353673	3.629601
5598	-449.2052	-615.871	166.6658	1.390284	4.375644
5604	-450.2156	-617.4953	167.2797	1.379307	4.033465
5610	-455.8537	-623.0011	167.1473	1.51164	4.033465
5616	-459.4446	-626.6297	167.1851	1.51164	4.011885
5622	-470.4823	-636.632	166.1497	1.393254	4.664122
5628	-479.2186	-646.753	167.5344	1.280732	3.944218
5634	-457.7457	-626.4624	168.7167	1.662135	3.030609
5640	-448.0958	-616.3269	168.2311	1.266574	3.55035
5646	-441.7538	-610.448	168.6942	0.9845506	3.444665
5652	-441.2279	-609.8081	168.5802	1.162401	3.407317
5658	-436.7466	-603.874	167.1274	1.158456	4.245689
5664	-439.5258	-608.8316	169.3058	1.102041	3.013255
5670	-438.449	-605.9084	167.4595	1.217382	4.023246
5676	-440.2307	-608.8976	168.6669	1.416019	3.206793
5682	-429.3394	-597.2104	167.871	1.397436	3.683345
5688	-431.5491	-601.2789	169.7298	1.332275	2.615276
5694	-431.3406	-600.4245	169.0839	1.04454	3.179857
5700	-447.8133	-616.463	168.6497	0.998677	3.462466
5706	-448.9049	-617.4853	168.5804	1.067897	3.462466
5712	-445.1877	-614.4189	169.2312	1.080983	3.070484
5718	-446.0555	-615.494	169.4385	1.080983	2.946129
5724	-455.0598	-624.5312	169.4713	1.080983	2.92637
5730	-456.1943	-622.7949	166.6006	1.557339	4.318081
5736	-456.7801	-622.8793	166.0992	1.699658	4.520534
5742	-461.7166	-628.32	166.6035	1.699658	4.235871
5748	-471.0613	-640.5123	169.451	1.188565	2.873653
5754	-456.1704	-623.8282	167.6578	1.49519	3.750036
5760	-455.8952	-620.5642	164.669	1.689654	5.322279
5766	-450.5091	-616.7844	166.2753	1.733923	4.402075
5772	-449.9988	-618.658	168.6592	1.359588	3.244794
5778	-442.9604	-609.9348	166.9744	1.774752	3.981942
5784	-448.4048	-615.9761	167.5713	1.177898	3.981942
5790	-450.141	-619.0722	168.9313	0.9217956	3.342474
5796	-454.1443	-623.8447	169.7003	1.405315	2.588328
5802	-443.9937	-610.099	166.1053	1.417817	4.675244
5808	-452.2629	-619.3576	167.0947	1.897231	3.84276
5814	-438.5477	-606.8053	168.2577	1.031177	3.671528
5820	-449.6244	-617.4841	167.8597	1.281519	3.756835
5826	-457.137	-623.213	166.076	1.281519	4.767801
5832	-435.4685	-601.5927	166.1242	1.220418	4.77502
5838	-442.8957	-611.2561	168.3604	1.432405	3.377852
5844	-454.0802	-621.0427	166.9624	1.217325	4.305738
5850	-445.0739	-613.4777	168.4038	0.8732589	3.678348
5856	-449.9304	-618.1176	168.1872	1.483521	3.449383
5862	-441.1818	-610.823	169.6412	1.000797	2.87218
5868	-429.9086	-599.9436	170.0351	1.192186	2.512701
5874	-444.8252	-612.592	167.7668	1.192186	3.861714
5880	-451.9254	-620.6414	168.7161	1.422799	3.173655
5886	-463.2839	-632.7651	169.4812	0.6820398	3.159165
5892	-437.6078	-605.7672	168.1594	1.19949	3.630914
5898	-441.3201	-609.2889	167.9688	1.452593	3.59467
5904	-447.1803	-615.3275	168.1472	1.281843	3.590236
5910	-442.0167	-609.6759	167.6593	1.769769	3.590236
5916	-457.0423	-624.0425	167.0002	1.448163	4.15342
5922	-448.3978	-616.8335	168.4357	1.189965	3.475706
5928	-458.2791	-624.596	166.317	1.636116	4.433717
5934	-443.7241	-608.4578	164.7337	1.398854	5.446897
5940	-439.5753	-606.1738	166.5985	1.105394	4.573896
5946	-449.0648	-615.7189	166.6541	1.043152	4.577614
5952	-453.3724	-619.3129	165.9406	1.573013	4.680557
5958	-443.3153	-610.1612	166.8459	1.386455	4.275961
5964	-445.4392	-614.2231	168.7839	1.015383	3.374065
5970	-449.6899	-616.6884	166.9985	1.255236	4.263876
5976	-439.3942	-607.7754	168.3812	1.632314	3.247894
5982	-442.548	-608.9269	166.3789	1.860657	4.271881
5988	-438.582	-604.5544	165.9724	1.449108	4.73207
5994	-437.7929	-604.474	166.6811	1.906914	4.073956
6000	-459.8253	-626.7714	166.9461	1.898654	3.92725
6006	-445.8677	-613.2239	167.3562	1.313002	4.027623
6012	-470.7614	-639.2802	168.5188	1.191271	3.426329
6018	-478.5172	-647.3038	168.7866	1.090768	3.328172
6024	-459.0868	-626.6937	167.6069	1.614788	3.710388
6030	-448.3946	-616.5376	168.143	1.250739	3.610716
6036	-432.6039	-601.164	168.5601	1.463254	3.242075
6042	-442.5994	-610.4021	167.8028	1.188483	3.843167
6048	-444.0582	-611.2457	167.1875	1.32521	4.116842
6054	-452.7226	-622.2556	169.533	1.322827	2.74207
6060	-455.3746	-623.2603	167.8857	1.371442	3.68988
6066	-446.434	-616.2958	169.8617	1.276753	2.567954
6072	-446.1612	-612.528	166.3669	1.276753	4.607682
6078	-439.8046	-607.6777	167.8731	1.50581	3.619333
6084	-442.5956	-611.5959	169.0003	1.286453	3.085625
6090	-444.6159	-614.1019	169.486	1.271721	2.801932
6096	-444.5237	-613.0702	168.5465	1.360028	3.310997
6102	-454.1234	-623.3285	169.2051	1.344196	2.928156
6108	-456.5066	-624.5835	168.0768	1.210214	3.67257
6114	-476.9145	-645.6716	168.7572	1.180789	3.292488
6120	-488.8704	-655.2493	166.3789	1.463092	4.496248
6126	-475.0447	-643.5937	168.5489	1.631765	3.148795
6132	-466.1351	-635.1186	168.9835	1.197236	3.148795
6138	-452.9125	-621.7718	168.8593	1.241145	3.196433
6144	-449.422	-618.1229	168.701	1.028228	3.41515
6150	-452.2042	-618.7218	166.5176	2.110918	4.050869
6156	-444.2686	-612.6721	168.4035	1.205888	3.485225
6162	-453.2249	-621.8892	168.6643	1.247623	3.30782
6168	-444.3556	-612.5362	168.1806	1.536495	3.422222
6174	-449.2558	-616.7788	167.5229	1.519065	3.813982
6180	-443.6326	-611.887	168.2545	1.374579	3.473732
6186	-454.9653	-619.4075	164.4422	2.098627	5.221628
6192	-451.8968	-619.1931	167.2962	1.481977	3.965342
6198	-443.9468	-611.5559	167.609	1.481977	3.785762
6204	-456.7901	-626.3948	169.6046	1.183561	2.783376
6210	-467.2837	-635.4271	168.1434	1.067095	3.716812
6216	-458.6042	-627.344	168.7398	1.284037	3.241788
6222	-459.3889	-626.8133	167.4244	1.648944	3.795938
6228	-458.8775	-626.1653	167.2878	1.487643	3.966936
6234	-452.9706	-621.3954	168.4248	1.105436	3.531376
6240	-452.7291	-619.3974	166.6683	1.476535	4.325487
6246	-472.4591	-637.0643	164.6053	1.784416	5.305134
6252	-457.307	-624.7306	167.4236	1.607998	3.819947
6258	-464.4469	-630.0757	165.6288	1.614237	4.831713
6264	-465.5616	-626.7664	161.2048	2.186841	6.93834
6270	-448.4543	-617.6475	169.1932	1.164481	3.043283
6276	-460.2781	-626.1465	165.8684	1.624294	4.692257
6282	-445.3865	-612.2241	166.8376	1.273293	4.344685
6288	-440.7789	-608.5383	167.7594	0.9406248	4.010045
6294	-441.0111	-608.9779	167.9669	1.473672	3.583553
6300	-448.3545	-618.1656	169.811	1.184335	2.656444
6306	-437.8385	-603.8824	166.0439	1.866948	4.457516
6312	-434.7	-599.8314	165.1314	1.630753	5.099111
6318	-443.6308	-611.4765	167.8457	1.165506	3.831713
6324	-439.0077	-607.3394	168.3316	1.275205	3.486701
6330	-441.3878	-605.4347	164.0469	1.869147	5.565937
6336	-446.9979	-614.7267	167.7288	1.631799	3.629965
6342	-447.6441	-613.841	166.1969	1.627233	4.506326
6348	-439.6794	-607.1635	167.4841	1.627233	3.774061
6354	-439.153	-607.751	168.598	1.337776	3.293766
6360	-443.2481	-610.2815	167.0334	1.188886	4.281684
6366	-450.9141	-616.6243	165.7102	1.410375	4.899993
6372	-446.3643	-614.7656	168.4013	1.484473	3.323209
6378	-453.0572	-619.7796	166.7224	1.518449	4.271137
6384	-460.9761	-628.1031	167.127	1.647717	3.967334
6390	-453.1577	-621.6699	168.5123	1.322914	3.352969
6396	-446.7829	-613.9628	167.1799	1.500081	4.021476
6402	-455.2522	-621.6907	166.4384	1.487862	4.448807
6408	-458.1549	-626.1035	167.9485	1.518478	3.568158
6414	-460.0622	-629.1568	169.0946	1.281178	3.032423
6420	-459.9127	-629.5972	169.6845	1.091302	2.7909
6426	-458.5989	-626.7955	168.1965	1.091302	3.672117
6432	-448.6611	-617.0843	168.4232	1.310553	3.412507
6438	-457.5014	-625.0054	167.504	1.136438	4.044045
6444	-444.9169	-611.6479	166.731	1.513188	4.269274
6450	-461.8769	-628.0161	166.1392	1.416264	4.657082
6456	-450.5119	-618.4155	167.9036	1.536961	3.583539
6462	-438.8953	-607.8505	168.9552	1.438413	3.021754
6468	-441.9898	-611.2518	169.262	1.178622	2.993547
6474	-453.088	-621.4895	168.4015	1.06208	3.570143
6480	-461.3355	-629.2012	167.8657	1.597867	3.570143
6486	-454.9972	-623.2865	168.2893	1.174274	3.570143
6492	-450.1625	-615.9004	165.7379	1.243833	4.977203
6498	-434.4483	-604.3476	169.8993	1.190244	2.598311
6504	-438.1558	-607.599	169.4432	1.387685	2.757342
6510	-441.3413	-610.4521	169.1108	1.177835	3.084492
6516	-439.8819	-607.8371	167.9551	1.421	3.620945
6522	-439.5335	-606.8383	167.3048	1.840406	3.754497
6528	-442.0967	-611.1421	169.0454	1.122511	3.156395
6534	-441.6999	-609.6057	167.9058	1.119229	3.823729
6540	-450.5124	-617.6157	167.1033	1.275864	4.19271
6546	-439.5285	-606.6861	167.1575	1.306321	4.144612
6552	-465.4183	-634.3564	168.9381	1.009948	3.286544
6558	-457.4733	-625.1209	167.6476	1.202855	3.923966
6564	-452.7188	-621.034	168.3152	1.234768	3.519878
6570	-460.6588	-629.412	168.7533	1.540782	3.081294
6576	-473.1765	-641.0171	167.8406	1.140646	3.848935
6582	-474.354	-641.6079	167.254	1.331017	4.075667
6588	-467.1421	-632.7798	165.6377	1.443331	4.921992
6594	-460.6188	-624.6332	164.0144	1.490731	5.791239
6600	-450.7426	-615.5555	164.8129	1.689018	5.243146
6606	-448.9452	-618.3555	169.4103	0.9509697	3.041135
6612	-452.8153	-621.9396	169.1243	1.377497	2.956803
6618	-463.9724	-630.0854	166.113	1.269193	4.75407
6624	-464.1005	-632.0724	167.9719	1.259429	3.704767
6630	-467.2552	-636.3756	169.1204	1.095768	3.127702
6636	-460.4344	-627.9526	167.5182	1.206375	3.995993
6642	-459.8914	-629.6337	169.7423	0.9377012	2.849151
6648	-459.8009	-626.1546	166.3537	1.148332	4.687015
6654	-452.6155	-622.3861	169.7705	1.369454	2.567023
6660	-449.4219	-618.8087	169.3868	1.753155	2.567023
6666	-449.5464	-617.6055	168.0592	1.122729	3.733351
6672	-441.2486	-610.5622	169.3136	1.319015	2.877855
6678	-457.1287	-622.2569	165.1282	2.027678	4.880297
6684	-447.8504	-615.5973	167.7469	1.627285	3.622074
6690	-447.4925	-615.1133	167.6209	1.202193	3.939667
6696	-458.0853	-624.5874	166.5022	1.204783	4.57215
6702	-444.9841	-611.2508	166.2667	1.658284	4.449524
6708	-441.8777	-610.4019	168.5242	1.382457	3.310919
6714	-445.252	-613.3703	168.1183	1.195885	3.656832
6720	-444.2718	-611.8579	167.586	1.497771	3.789916
6726	-446.1782	-615.9358	169.7576	1.346397	2.58934
6732	-448.8609	-616.9761	168.1152	1.346397	3.571299
6738	-458.27	-624.8498	166.5798	1.346397	4.448856
6744	-451.0674	-620.5452	169.4778	1.562062	2.62901
6750	-467.0222	-634.5424	167.5201	1.378416	3.896384
6756	-455.2893	-624.7231	169.4338	1.151149	2.906689
6762	-443.8243	-610.1437	166.3194	1.300365	4.621079
6768	-444.5793	-611.2764	166.6971	1.804977	4.122856
6774	-455.4501	-623.3238	167.8737	1.127197	3.837623
6780	-452.6667	-620.2448	167.5781	1.422747	3.837623
6786	-454.2566	-620.7681	166.5114	1.121475	4.613704
6792	-445.5777	-614.2513	168.6737	1.457005	3.178519
6798	-448.0223	-617.5641	169.5418	1.204722	2.808779
6804	-452.8187	-621.4654	168.6467	1.145731	3.378075
6810	-449.9784	-618.4596	168.4811	1.201846	3.442212
6816	-454.5859	-622.6586	168.0728	1.18677	3.688489
6822	-450.044	-618.4322	168.3882	1.080629	3.567109
6828	-461.4562	-631.653	170.1967	0.9584747	2.557563
6834	-455.4355	-623.3004	167.8648	1.150886	3.829092
6840	-449.8361	-618.0443	168.2082	1.551052	3.397541
6846	-449.0213	-615.7171	166.6957	1.496895	4.298458
6852	-450.8636	-619.4904	168.6268	1.22681	3.342114
6858	-454.323	-622.63	168.307	0.9874634	3.668267
6864	-457.8976	-624.7576	166.86	1.669159	4.10746
6870	-456.2244	-622.2488	166.0244	1.669159	4.579684
6876	-454.3349	-622.0755	167.7406	1.539654	3.676479
6882	-453.8502	-622.6238	168.7736	1.661474	2.996871
6888	-445.2585	-614.6414	169.3829	1.719647	2.590234
6894	-451.1973	-618.088	166.8907	1.121753	4.400254
6900	-440.169	-608.6497	168.4808	0.6706869	3.750911
6906	-452.765	-622.8338	170.0688	0.8341943	2.713188
6912	-444.1663	-614.187	170.0207	0.8823588	2.713188
6918	-443.5676	-611.1	167.5324	1.304524	3.931728
6924	-453.7523	-621.0645	167.3122	1.524673	3.931728
6930	-452.7892	-621.1076	168.3184	1.250746	3.508713
6936	-458.3319	-624.8512	166.5193	1.313531	4.501408
6942	-457.1143	-625.6483	168.5341	1.167834	3.431144
6948	-454.2759	-623.8102	169.5343	1.131673	2.857676
6954	-453.6751	-622.7033	169.0282	1.163349	3.142362
6960	-440.6717	-607.7043	167.0326	1.279535	4.230772
6966	-436.762	-605.3611	168.5991	1.256266	3.341095
6972	-445.2851	-613.071	167.7859	1.256266	3.813906
6978	-453.8954	-621.7548	167.8594	1.182773	3.813906
6984	-460.7982	-628.7559	167.9577	1.551304	3.543711
6990	-464.1524	-631.366	167.2136	1.551304	3.972919
6996	-454.4447	-621.8529	167.4082	1.356788	3.972919
7002	-450.058	-618.9041	168.8462	1.061092	3.310563
7008	-455.7019	-625.2961	169.5943	1.128387	2.82327
7014	-467.436	-636.0426	168.6066	1.317052	3.300895
7020	-464.1547	-630.8467	166.692	1.290619	4.417069
7026	-453.3954	-620.9116	167.5162	1.494473	3.832014
7032	-448.3188	-617.6717	169.3529	1.518579	2.732492
7038	-441.0102	-609.744	168.7338	1.187763	3.302145
7044	-439.0649	-607.7376	168.6727	1.248894	3.302145
7050	-442.651	-611.2455	168.5945	1.254697	3.344734
7056	-439.0783	-604.5979	165.5196	1.5784	4.912543
7062	-429.9166	-596.3143	166.3977	1.5542	4.434379
7068	-426.7336	-596.1126	169.379	1.128135	2.953555
7074	-441.9849	-610.4162	168.4313	1.041931	3.564553
7080	-445.3814	-613.5147	168.1333	1.355775	3.555315
7086	-436.1974	-603.7895	167.5921	1.648181	3.699613
7092	-450.3015	-619.122	168.8205	1.283605	3.194264
7098	-463.9004	-632.4072	168.5069	1.21366	3.42022
