Iteration	Posterior	Likelihood	Prior	acrv_sd	tree_length
0	-1469.295	-1622.984	153.689	1.593589	11.23381
6	-1472.556	-1626.736	154.1805	1.686781	10.92763
12	-1481.779	-1634.727	152.9481	1.658835	11.58713
18	-1475.146	-1628.065	152.9191	1.537791	11.66552
24	-1481.395	-1635.135	153.7399	1.572174	11.21836
30	-1472.906	-1623.94	151.0336	1.654678	12.58788
36	-1460	-1610.654	150.6533	1.703019	12.76065
42	-1468.215	-1622.045	153.8302	1.703019	11.10261
48	-1479.071	-1629.461	150.3897	1.640401	12.9304
54	-1484.343	-1634.732	150.3897	1.640401	12.9304
60	-1470.784	-1622.058	151.2739	1.632799	12.47413
66	-1485.576	-1641.551	155.9752	1.50651	10.08005
72	-1487.281	-1641.285	154.0036	1.6996	11.01361
78	-1481.241	-1633.391	152.1497	1.68206	11.99188
84	-1481.295	-1635.41	154.1142	1.745917	10.93141
90	-1478.029	-1627.402	149.3725	1.57353	13.49374
96	-1478.075	-1628.489	150.4143	1.787807	12.84091
102	-1476.057	-1631.765	155.7079	1.564383	10.1902
108	-1475.825	-1631.96	156.1341	1.49204	10.00408
114	-1477.196	-1631.405	154.2096	1.545698	10.98633
120	-1473.175	-1626.825	153.6493	1.751156	11.17213
126	-1485.032	-1639.593	154.5615	1.689667	10.72641
132	-1483.026	-1636.875	153.8494	1.579624	11.15716
138	-1484.407	-1638.361	153.9541	1.474983	11.15716
144	-1476.782	-1628.496	151.7143	1.678846	12.22065
150	-1468.535	-1620.63	152.0942	1.630894	12.04751
156	-1474.202	-1626.317	152.1142	1.610948	12.04751
162	-1488.282	-1645.697	157.4154	1.608409	9.266957
168	-1471.407	-1628.244	156.8374	1.475449	9.642283
174	-1474.995	-1624.805	149.8098	1.797563	13.15015
180	-1471.391	-1620.808	149.4174	1.797563	13.35409
186	-1480.656	-1630.063	149.407	1.807883	13.35409
192	-1478.543	-1636.1	157.5567	1.453478	9.274158
198	-1473.692	-1629.366	155.6743	1.59005	10.19438
204	-1484.276	-1640.039	155.7635	1.527036	10.18064
210	-1480.093	-1634.573	154.4792	1.592499	10.82053
216	-1483.068	-1638.196	155.1286	1.590982	10.4806
222	-1470.88	-1623.678	152.7982	1.625554	11.68282
228	-1481.68	-1633.774	152.0933	1.677975	12.02345
234	-1479.046	-1634.279	155.2337	1.677975	10.37975
240	-1478.569	-1632.979	154.4101	1.426117	10.94391
246	-1471.105	-1626.779	155.6743	1.540116	10.22063
252	-1475.793	-1626.901	151.1076	1.585926	12.58515
258	-1493.748	-1647.622	153.8731	1.658615	11.1034
264	-1485.342	-1639.199	153.8575	1.674259	11.1034
270	-1482.745	-1641.341	158.5961	1.472723	8.713697
276	-1483.728	-1640.209	156.481	1.451824	9.842591
282	-1476.699	-1631.364	154.6649	1.571903	10.73396
288	-1469.009	-1621.942	152.9328	1.605787	11.62286
294	-1465.499	-1618.163	152.664	1.693792	11.71728
300	-1464.192	-1616.844	152.6523	1.705524	11.71728
306	-1470.061	-1620.241	150.1804	1.650143	13.03414
312	-1471.568	-1623.563	151.9948	1.650143	12.08934
318	-1479.802	-1631.751	151.9494	1.695545	12.08934
324	-1463.233	-1615.206	151.9732	1.671748	12.08934
330	-1478.948	-1631.114	152.166	1.755391	11.94509
336	-1485.626	-1636.172	150.5452	1.767759	12.78322
342	-1476.849	-1627.365	150.5156	1.797332	12.78322
348	-1474.572	-1625.013	150.4409	1.872035	12.78322
354	-1476.138	-1627.263	151.1253	1.644949	12.54521
360	-1476.462	-1631.62	155.1579	1.630158	10.44468
366	-1468.23	-1621.896	153.666	1.664886	11.20855
372	-1478.175	-1632.831	154.6553	1.556932	10.74683
378	-1477.07	-1635.435	158.3649	1.460845	8.842531
384	-1490.739	-1645.324	154.5848	1.404399	10.86376
390	-1483.614	-1631.914	148.3002	1.723366	13.97242
396	-1479.627	-1626.466	146.8394	1.730484	14.72549
402	-1486.669	-1637.078	150.4091	1.69113	12.89393
408	-1474.271	-1626.737	152.4659	1.638323	11.84967
414	-1466.115	-1620.031	153.916	1.723983	11.0467
420	-1464.462	-1620.083	155.6209	1.596256	10.21917
426	-1481.223	-1630.464	149.2402	1.714478	13.48926
432	-1485.743	-1637.434	151.691	1.769982	12.18527
438	-1484.235	-1637.435	153.2002	1.738433	11.41373
444	-1477.568	-1631.625	154.0568	1.56941	11.05392
450	-1492.578	-1645.547	152.9694	1.623483	11.59447
456	-1480.64	-1630.418	149.7787	1.654931	13.24048
462	-1491.858	-1642.848	150.9903	1.749882	12.56086
468	-1491.713	-1644.365	152.6512	1.585666	11.78045
474	-1481.222	-1633.162	151.9396	1.674596	12.10535
480	-1488.615	-1639.088	150.4731	1.674596	12.86919
486	-1478.721	-1629.209	150.4881	1.69957	12.8484
492	-1470.118	-1619.48	149.3622	1.69957	13.43366
498	-1474.515	-1623.701	149.1868	1.874944	13.43366
504	-1465.266	-1616.145	150.8793	1.686793	12.65148
510	-1471.808	-1621.455	149.6469	1.735375	13.26715
516	-1486.193	-1640.454	154.2614	1.475613	10.9959
522	-1471.223	-1621.701	150.4781	1.724545	12.84065
528	-1472.546	-1623.176	150.6303	1.696474	12.77602
534	-1468.474	-1620.733	152.2587	1.696474	11.92746
540	-1471.764	-1623.765	152.0013	1.696474	12.06177
546	-1474.187	-1627.272	153.0847	1.613613	11.53937
552	-1482.967	-1633.6	150.6327	1.731943	12.75634
558	-1492.637	-1642.755	150.1177	1.575938	13.10533
564	-1479.251	-1634.188	154.937	1.575938	10.58908
570	-1485.134	-1635.168	150.0344	1.795945	13.03428
576	-1481.777	-1626.741	144.9637	1.755157	15.68249
582	-1469.264	-1615.478	146.2144	1.852858	14.98553
588	-1472.536	-1620.876	148.3391	1.867624	13.8774
594	-1475.059	-1625.965	150.9059	1.616572	12.6742
600	-1477.724	-1632.308	154.5838	1.542284	10.79202
606	-1474.189	-1627.592	153.4028	1.54487	11.40898
612	-1486.256	-1640.053	153.7965	1.633592	11.1566
618	-1468.576	-1622.362	153.7858	1.644289	11.1566
624	-1483.647	-1641.065	157.4183	1.442212	9.353235
630	-1480.625	-1638.301	157.6763	1.407116	9.23546
636	-1473.085	-1628.604	155.5185	1.407116	10.37239
642	-1479.562	-1635.831	156.2685	1.597747	9.877669
648	-1464.601	-1615.95	151.3494	1.685218	12.4075
654	-1471.658	-1619.902	148.2446	1.765377	13.97945
660	-1479.966	-1631.812	151.8458	1.765377	12.10695
666	-1471.106	-1624.18	153.0737	1.552207	11.5772
672	-1477.602	-1629.656	152.0535	1.578491	12.09606
678	-1478.292	-1631.639	153.3477	1.542632	11.43899
684	-1474.707	-1629.362	154.655	1.412046	10.82294
690	-1479.886	-1634.55	154.664	1.664475	10.68588
696	-1475.613	-1626.491	150.8778	1.568603	12.71377
702	-1487.923	-1637.631	149.7076	1.790796	13.20679
708	-1489.793	-1642.419	152.6257	1.778403	11.69309
714	-1473.741	-1626.463	152.7221	1.646827	11.71146
720	-1478.304	-1631.653	153.349	1.582511	11.41744
726	-1480.413	-1632.417	152.0041	1.681092	12.06834
732	-1479.566	-1630.307	150.7415	1.668935	12.73249
738	-1482.15	-1633.4	151.2501	1.668935	12.46772
744	-1479.483	-1630.682	151.1987	1.720329	12.46772
750	-1467.069	-1618.354	151.2841	1.634924	12.46772
756	-1472.392	-1627.371	154.9788	1.588503	10.56057
762	-1477.133	-1632.111	154.9777	1.589537	10.56057
768	-1489.189	-1638.832	149.6425	1.843115	13.21346
774	-1477.741	-1629.628	151.8873	1.77037	12.0827
780	-1476.421	-1628.829	152.4078	1.645417	11.87633
786	-1476.529	-1630.211	153.6818	1.621646	11.2229
792	-1480.897	-1636.337	155.4402	1.402642	10.41587
798	-1474.708	-1628.187	153.4785	1.578231	11.35197
804	-1474.305	-1628.197	153.8927	1.506598	11.17272
810	-1476.825	-1629.009	152.1837	1.48791	12.0754
816	-1491.108	-1646.343	155.2344	1.495887	10.47502
822	-1474.081	-1629.586	155.5051	1.566664	10.29561
828	-1483.614	-1637.007	153.3932	1.418636	11.48004
834	-1482.144	-1635.835	153.6912	1.579464	11.24005
840	-1478.69	-1635.612	156.9222	1.37488	9.650615
846	-1484.121	-1641.224	157.1024	1.442878	9.519693
852	-1488.689	-1641.585	152.8967	1.573796	11.65842
858	-1475.304	-1628.054	152.7495	1.720988	11.65842
864	-1481.407	-1635.191	153.7842	1.613001	11.17384
870	-1484.566	-1639.879	155.3135	1.597322	10.38018
876	-1486.433	-1636.783	150.3505	1.597322	12.97319
882	-1479.62	-1628.263	148.6433	1.815458	13.74667
888	-1481.145	-1629.825	148.6801	1.854418	13.70733
894	-1477.254	-1630.563	153.3094	1.573476	11.44289
900	-1472.584	-1627.136	154.5526	1.571307	10.79316
906	-1469.77	-1623.449	153.6788	1.588645	11.24174
912	-1479.384	-1632.958	153.5738	1.693682	11.24174
918	-1476.663	-1629.443	152.7802	1.563959	11.72439
924	-1481.23	-1632.869	151.6391	1.699445	12.24912
930	-1466.511	-1622.981	156.4705	1.579578	9.780814
936	-1475.054	-1632.883	157.8288	1.222351	9.252519
942	-1470.485	-1626.416	155.9313	1.612993	10.04713
948	-1464.08	-1617.421	153.3417	1.762974	11.32687
954	-1475.913	-1629.888	153.975	1.572439	11.0952
960	-1485.69	-1640.593	154.903	1.587578	10.60081
966	-1473.082	-1623.023	149.9414	1.735843	13.11388
972	-1473.818	-1627.279	153.4617	1.576444	11.36168
978	-1472.221	-1624.482	152.2606	1.649056	11.95122
984	-1488.431	-1641.259	152.828	1.612185	11.67427
990	-1481.621	-1637.49	155.869	1.468833	10.15576
996	-1477.077	-1633.967	156.8907	1.468833	9.617653
1002	-1483.524	-1631.857	148.3335	1.830616	13.89951
1008	-1482.094	-1632.29	150.1957	1.709772	12.99521
1014	-1462.838	-1616.917	154.0786	1.48496	11.08672
1020	-1472.145	-1626.475	154.3303	1.48496	10.95489
1026	-1472.78	-1626.908	154.1275	1.475988	11.06581
1032	-1497.263	-1647.176	149.9131	1.703809	13.14523
1038	-1470.741	-1624.099	153.3578	1.606328	11.40038
1044	-1470.526	-1625.069	154.5437	1.606328	10.77944
1050	-1466.926	-1619.386	152.4603	1.612075	11.86633
1056	-1473.951	-1628.107	154.156	1.599687	10.98613
1062	-1472.768	-1622.229	149.4612	1.746206	13.35799
1068	-1489.784	-1642.926	153.1415	1.742526	11.44229
1074	-1471.614	-1625.819	154.2045	1.594777	10.96329
1080	-1472.373	-1624.155	151.7824	1.478884	12.28937
1086	-1473.052	-1629.929	156.8776	1.369181	9.677159
1092	-1482.26	-1636.048	153.7873	1.674061	11.14022
1098	-1483.807	-1636.363	152.5555	1.52569	11.86171
1104	-1477.805	-1627.99	150.1852	1.721205	12.99469
1110	-1479.213	-1629.158	149.9447	1.698607	13.13151
1116	-1474.557	-1625.003	150.4453	1.598638	12.92319
1122	-1469.45	-1623.578	154.1281	1.561039	11.02095
1128	-1474.764	-1629.755	154.9905	1.514579	10.59322
1134	-1468.74	-1619.303	150.5635	1.600406	12.86078
1140	-1477.951	-1632.516	154.5656	1.627994	10.75658
1146	-1485.903	-1635.776	149.8737	1.766554	13.13307
1152	-1493.274	-1646.711	153.4369	1.573673	11.37612
1158	-1488.671	-1643.496	154.8246	1.623453	10.62311
1164	-1475.671	-1630.015	154.3436	1.562075	10.90753
1170	-1470.073	-1619.551	149.4779	1.762163	13.34104
1176	-1465.176	-1618.722	153.5462	1.751869	11.2257
1182	-1472.65	-1620.742	148.0926	1.702779	14.09072
1188	-1465.062	-1614.341	149.2788	1.833357	13.40745
1194	-1471.792	-1621.418	149.6263	1.580541	13.35828
1200	-1483.758	-1639.678	155.9204	1.689485	10.01262
1206	-1468.909	-1624.68	155.7708	1.531617	10.17439
1212	-1472.542	-1627.92	155.3781	1.439571	10.42913
1218	-1474.354	-1632.28	157.9261	1.439571	9.086158
1224	-1493.161	-1645.88	152.719	1.686287	11.69246
1230	-1477.326	-1629.781	152.4553	1.691132	11.82766
1236	-1480.24	-1632.809	152.5682	1.578237	11.82766
1242	-1483.819	-1634.614	150.7955	1.698856	12.68883
1248	-1487.281	-1637.893	150.6125	1.66193	12.80326
1254	-1473.28	-1626.766	153.4864	1.572688	11.35074
1260	-1477.352	-1628.998	151.6464	1.521937	12.33783
1266	-1489.4	-1646.81	157.4108	1.504287	9.324431
1272	-1471.572	-1623.89	152.3177	1.636851	11.9278
1278	-1492.84	-1646.436	153.5962	1.627445	11.26463
1284	-1485.937	-1639.545	153.6082	1.48102	11.335
1290	-1476.447	-1632.537	156.0901	1.53673	10.00372
1296	-1489.006	-1640.788	151.7821	1.467704	12.29536
1302	-1485.011	-1636.589	151.5778	1.671996	12.29536
1308	-1491.635	-1648.529	156.8936	1.53535	9.581069
1314	-1500.878	-1654.362	153.4849	1.748383	11.25961
1320	-1489.154	-1642.796	153.6417	1.616016	11.24684
1326	-1477.082	-1628.382	151.2993	1.775592	12.38649
1332	-1472.996	-1622.6	149.604	1.86443	13.22237
1338	-1479.936	-1632.275	152.3387	1.806481	11.82828
1344	-1484.444	-1637.004	152.5593	1.810035	11.71124
1350	-1471.735	-1624.462	152.7274	1.642009	11.71124
1356	-1470.498	-1626.397	155.899	1.642009	10.04886
1362	-1468.677	-1625.591	156.9133	1.543122	9.566564
1368	-1472.896	-1629.665	156.7687	1.497994	9.666608
1374	-1481.125	-1638.996	157.871	1.558956	9.05217
1380	-1479.215	-1635.551	156.336	1.418983	9.936219
1386	-1474.493	-1627.043	152.55	1.606821	11.82223
1392	-1476.544	-1628.987	152.443	1.713784	11.82223
1398	-1477.879	-1631.576	153.6979	1.523091	11.26607
1404	-1482.967	-1638.593	155.6255	1.451247	10.293
1410	-1469.342	-1625.807	156.4647	1.602286	9.771925
1416	-1472.161	-1626.507	154.3459	1.480241	10.94923
1422	-1483.485	-1635.251	151.7667	1.609209	12.22964
1428	-1480.855	-1634.568	153.7121	1.511512	11.26465
1434	-1491.618	-1647.324	155.706	1.468966	10.24137
1440	-1488.639	-1641.272	152.6329	1.495758	11.83693
1446	-1495.308	-1649.493	154.185	1.65606	10.94138
1452	-1478.668	-1632.57	153.9017	1.594355	11.12207
1458	-1477.502	-1630.372	152.8707	1.519545	11.70033
1464	-1470.486	-1623.2	152.7137	1.736325	11.66911
1470	-1469.576	-1622.762	153.186	1.544158	11.52271
1476	-1482.435	-1635.792	153.3567	1.558177	11.42616
1482	-1479.934	-1634.958	155.024	1.62993	10.51506
1488	-1477.952	-1632.16	154.2074	1.560668	10.97965
1494	-1485.424	-1641.161	155.7375	1.514528	10.20084
1500	-1476.412	-1630.84	154.4276	1.613901	10.83635
1506	-1475.549	-1629.846	154.2969	1.613901	10.90487
1512	-1471.355	-1627.767	156.4118	1.522216	9.841974
1518	-1480.492	-1639.608	159.1158	1.329639	8.513752
1524	-1474.575	-1627.417	152.8417	1.602399	11.67219
1530	-1470.306	-1619.89	149.5842	1.757005	13.2885
1536	-1484.715	-1634.739	150.0245	1.757005	13.05968
1542	-1485.417	-1634.888	149.4709	1.802234	13.32384
1548	-1489.121	-1637.633	148.5124	1.922092	13.75924
1554	-1472.344	-1621.908	149.5637	1.728538	13.31393
1560	-1464.803	-1617.86	153.0564	1.764324	11.47539
1566	-1467.205	-1621.249	154.0447	1.768264	10.95613
1572	-1489.722	-1646.13	156.4082	1.463728	9.874671
1578	-1466.56	-1622.71	156.1504	1.614681	9.930953
1584	-1484.467	-1637.576	153.1092	1.598991	11.53419
1590	-1485.129	-1634.527	149.3982	1.514303	13.51117
1596	-1483.331	-1639.251	155.9192	1.59508	10.06294
1602	-1477.788	-1634.067	156.2785	1.447377	9.95155
1608	-1482.902	-1638.146	155.2441	1.509788	10.46261
1614	-1483.447	-1634.127	150.6793	1.67507	12.76169
1620	-1491.338	-1644.796	153.4583	1.739686	11.27809
1626	-1477.139	-1623.254	146.115	1.788335	15.07034
1632	-1485.187	-1631.985	146.7977	1.629955	14.79908
1638	-1475.421	-1625.832	150.4102	1.825621	12.82337
1644	-1487.181	-1643.504	156.323	1.620671	9.836888
1650	-1474.8	-1625.967	151.1673	1.688653	12.50053
1656	-1475.926	-1626.47	150.5438	1.791467	12.77164
1662	-1467.069	-1617.457	150.3879	1.625553	12.93904
1668	-1482.611	-1632.301	149.6896	1.585826	13.32268
1674	-1485.352	-1639.153	153.801	1.585826	11.17926
1680	-1465.016	-1617.3	152.2836	1.659106	11.93397
1686	-1469.514	-1623.096	153.5824	1.553628	11.31048
1692	-1456.669	-1610.167	153.4976	1.638408	11.31048
1698	-1470.735	-1623.431	152.6959	1.530471	11.78591
1704	-1479.359	-1632.041	152.6824	1.543923	11.78591
1710	-1467.456	-1617.885	150.4287	1.623036	12.91915
1716	-1468.165	-1618.087	149.9226	1.788017	13.09652
1722	-1491.032	-1641.905	150.8731	1.822236	12.58421
1728	-1477.882	-1628.369	150.4873	1.754135	12.82044
1734	-1489.995	-1640.49	150.4945	1.746926	12.82044
1740	-1490.513	-1639.335	148.822	1.759631	13.6829
1746	-1476.264	-1625.003	148.7391	1.842575	13.6829
1752	-1474.408	-1626.189	151.781	1.717408	12.16575
1758	-1469.294	-1620.414	151.1194	1.682818	12.52854
1764	-1481.511	-1633.515	152.004	1.554983	12.13416
1770	-1478.524	-1634.992	156.4686	1.454195	9.847878
1776	-1485.427	-1639.427	154.0004	1.550378	11.09344
1782	-1471.457	-1627.49	156.0333	1.458809	10.07462
1788	-1474.517	-1628.285	153.7683	1.5353	11.22284
1794	-1469.723	-1618.216	148.493	1.857178	13.80298
1800	-1472.396	-1621.895	149.4991	1.828994	13.29531
1806	-1466.641	-1615.98	149.3386	1.693229	13.4492
1812	-1473.181	-1625.466	152.2849	1.462828	12.03572
1818	-1475.407	-1633.147	157.7399	1.642035	9.07759
1824	-1479.5	-1632.954	153.4538	1.545551	11.38196
1830	-1478.454	-1628.594	150.1401	1.897559	12.92645
1836	-1478.076	-1628.439	150.3624	1.675216	12.92645
1842	-1471.034	-1618.646	147.6115	1.888732	14.24369
1848	-1477.085	-1624.908	147.8227	1.677558	14.24369
1854	-1459.625	-1611.473	151.8477	1.67989	12.15054
1860	-1468.829	-1625.73	156.901	1.501196	9.595162
1866	-1469.388	-1620.897	151.5083	1.742373	12.29491
1872	-1479.432	-1629.441	150.0093	1.752899	13.06968
1878	-1479.164	-1629.582	150.4179	1.752899	12.85717
1884	-1478.784	-1631.843	153.0597	1.772248	11.4695
1890	-1467.985	-1618.248	150.2637	1.849259	12.8873
1896	-1478.572	-1634.609	156.0369	1.432108	10.08674
1902	-1485.648	-1641.774	156.126	1.432108	10.03987
1908	-1483.843	-1633.446	149.6032	1.66092	13.32855
1914	-1475.546	-1626.562	151.0162	1.64728	12.60079
1920	-1474.129	-1629.259	155.1296	1.525844	10.51429
1926	-1468.611	-1623.622	155.0107	1.436759	10.62347
1932	-1470.171	-1619.661	149.4898	1.660546	13.38765
1938	-1464.288	-1617.624	153.3353	1.571398	11.43042
1944	-1472.043	-1625.938	153.8953	1.653781	11.09434
1950	-1471.98	-1626.7	154.72	1.653781	10.66212
1956	-1477.846	-1634.717	156.8716	1.614063	9.551166
1962	-1464.573	-1617.031	152.4574	1.755392	11.79302
1968	-1473.362	-1625.694	152.3324	1.598213	11.94029
1974	-1474.652	-1625.051	150.399	1.639438	12.92604
1980	-1477.419	-1628.899	151.4801	1.763672	12.29852
1986	-1467.494	-1619.06	151.5661	1.67767	12.29852
1992	-1470.932	-1626.933	156.0006	1.499632	10.07033
1998	-1478.331	-1632.2	153.8689	1.605079	11.13362
2004	-1491.76	-1644.331	152.5717	1.575137	11.82742
2010	-1483.616	-1638.657	155.0409	1.575137	10.53495
2016	-1493.917	-1644.958	151.0404	1.701394	12.55998
2022	-1479.529	-1631.811	152.2826	1.668516	11.92957
2028	-1471.441	-1623.778	152.3378	1.613334	11.92957
2034	-1469.332	-1621.44	152.1079	1.688634	12.01025
2040	-1474.594	-1621.217	146.6227	1.979357	14.70885
2046	-1483.212	-1628.362	145.1497	1.979357	15.47056
2052	-1469.723	-1621.096	151.3735	1.740712	12.36601
2058	-1472.307	-1625.953	153.6458	1.640072	11.2321
2064	-1473.546	-1629.187	155.6409	1.455725	10.28253
2070	-1478.065	-1633.686	155.6205	1.621472	10.20613
2076	-1470.069	-1621.293	151.224	1.795736	12.41523
2082	-1462.793	-1615.48	152.6877	1.660199	11.72245
2088	-1471.965	-1624.757	152.7928	1.724128	11.63414
2094	-1476.759	-1629.627	152.8684	1.671797	11.622
2100	-1482.379	-1636.424	154.0451	1.825012	10.92619
2106	-1481.216	-1632.553	151.3364	1.694492	12.4094
2112	-1485.382	-1637.806	152.424	1.638041	11.87172
2118	-1496.904	-1649.979	153.0755	1.638041	11.53142
2124	-1488.705	-1644.448	155.7432	1.533731	10.18778
2130	-1481.938	-1635.05	153.1122	1.579594	11.54276
2136	-1485.909	-1641.056	155.1471	1.620052	10.45563
2142	-1493.62	-1644.199	150.5793	1.539575	12.8842
2148	-1484.654	-1633.392	148.7378	1.620819	13.79859
2154	-1486.905	-1632.689	145.7842	1.864359	15.20207
2160	-1483.227	-1633.396	150.1694	1.808618	12.95749
2166	-1478.778	-1635.766	156.9882	1.405435	9.599666
2172	-1474.194	-1621.472	147.2781	1.918677	14.4009
2178	-1481.116	-1628.232	147.1161	1.758013	14.56802
2184	-1472.025	-1621.964	149.9387	1.545285	13.21432
2190	-1477.033	-1626.414	149.381	1.730086	13.40804
2196	-1485.713	-1639.016	153.3036	1.734073	11.36196
2202	-1473.613	-1626.984	153.3706	1.667027	11.36196
2208	-1481.744	-1636.857	155.1127	1.437909	10.56933
2214	-1472.893	-1623.058	150.1649	1.632964	13.05114
2220	-1484.803	-1634.245	149.4425	1.687025	13.39846
2226	-1486.829	-1640.128	153.299	1.781838	11.33937
2232	-1485.941	-1640.874	154.933	1.428183	10.6687
2238	-1488.043	-1643.08	155.0371	1.668582	10.48789
2244	-1472.478	-1624.951	152.4738	1.594073	11.86867
2250	-1478.464	-1631.562	153.0987	1.630952	11.52297
2256	-1480.95	-1634.096	153.146	1.583699	11.52297
2262	-1473.596	-1624.097	150.5013	1.786673	12.79623
2268	-1465.565	-1612.802	147.2371	1.841773	14.46195
2274	-1470.629	-1620.755	150.1261	1.841773	12.96274
2280	-1469.42	-1618.39	148.9709	1.695499	13.63889
2286	-1479.94	-1631.688	151.7483	1.720066	12.18139
2292	-1479.49	-1632.9	153.4095	1.713469	11.31731
2298	-1477.287	-1627.041	149.7538	1.643241	13.25949
2304	-1481.072	-1633.86	152.7882	1.656362	11.67193
2310	-1472.629	-1624.944	152.3148	1.656362	11.91912
2316	-1470.488	-1622.838	152.3491	1.790818	11.83104
2322	-1467.311	-1619.715	152.4039	1.736052	11.83104
2328	-1472.717	-1620.052	147.3352	1.825292	14.4197
2334	-1456.497	-1605.526	149.0291	1.821431	13.54333
2340	-1469.064	-1618.195	149.1313	1.821431	13.49026
2346	-1469.384	-1624.66	155.2758	1.397805	10.50474
2352	-1467.191	-1619.754	152.5622	1.554496	11.84319
2358	-1475.487	-1631.546	156.0595	1.554496	10.01048
2364	-1495.416	-1647.051	151.6348	1.699143	12.2515
2370	-1491.791	-1643.379	151.5881	1.714396	12.26788
2376	-1486.019	-1637.655	151.6363	1.666185	12.26788
2382	-1481.174	-1639.147	157.9731	1.341528	9.113164
2388	-1481.399	-1634.89	153.4905	1.738399	11.26192
2394	-1483.527	-1633.343	149.8153	1.679789	13.20851
2400	-1487.902	-1642.109	154.2069	1.681651	10.91653
2406	-1493.039	-1644.636	151.5978	1.72803	12.25574
2412	-1499.502	-1649.41	149.9076	1.645127	13.17857
2418	-1481.898	-1631.66	149.7622	1.790533	13.17857
2424	-1482.138	-1631.948	149.8098	1.846996	13.12448
2430	-1481.703	-1633.148	151.4443	1.59118	12.40704
2436	-1479.608	-1632.758	153.1495	1.597766	11.51379
2442	-1489.683	-1636.17	146.487	1.679466	14.93422
2448	-1479.935	-1633.78	153.8456	1.544062	11.17777
2454	-1475.155	-1628.959	153.8042	1.571144	11.18527
2460	-1474.089	-1624.055	149.9661	1.634152	13.1539
2466	-1469.748	-1619.462	149.7142	1.886025	13.1539
2472	-1472.044	-1621.561	149.5174	1.68916	13.35844
2478	-1485.865	-1640.904	155.0394	1.569459	10.53874
2484	-1481.913	-1634.109	152.1956	1.532333	12.04602
2490	-1486.616	-1638.944	152.3281	1.399851	12.04602
2496	-1483.094	-1638.458	155.364	1.513432	10.39771
2502	-1479.574	-1634.954	155.3796	1.497824	10.39771
2508	-1477.015	-1630.931	153.9161	1.694775	11.06193
2514	-1469.707	-1622.062	152.3548	1.685541	11.88302
2520	-1475.288	-1627.195	151.9071	1.73353	12.09156
2526	-1469.014	-1615.785	146.7714	1.840457	14.70377
2532	-1463.179	-1611.651	148.472	1.840457	13.82255
2538	-1480.633	-1635.342	154.7093	1.605889	10.69283
2544	-1479.002	-1632.612	153.6103	1.605889	11.26857
2550	-1474.461	-1627.884	153.4231	1.681669	11.32685
2556	-1485.681	-1634.634	148.9537	1.735836	13.62689
2562	-1472.179	-1623.853	151.6741	1.707802	12.2265
2568	-1479.047	-1630.824	151.777	1.604898	12.2265
2574	-1479.368	-1630.884	151.5167	1.687818	12.31894
2580	-1472.444	-1624.77	152.3261	1.687818	11.89684
2586	-1472.934	-1626.237	153.3026	1.739799	11.35947
2592	-1467.989	-1618.762	150.7737	1.582771	12.76058
2598	-1478.09	-1631.982	153.8924	1.452732	11.2011
2604	-1465.665	-1617.949	152.2832	1.715932	11.90456
2610	-1479.353	-1633.594	154.241	1.452833	11.01853
2616	-1473.466	-1629.56	156.0938	1.623796	9.955915
2622	-1470.095	-1619.566	149.4707	1.632909	13.4119
2628	-1488.365	-1642.715	154.3506	1.796726	10.78086
2634	-1481.837	-1632.707	150.8705	1.738434	12.62919
2640	-1473.096	-1620.774	147.6775	1.73592	14.28868
2646	-1470.327	-1619.452	149.125	1.73592	13.53793
2652	-1483.808	-1632.785	148.9775	1.73592	13.61451
2658	-1472.497	-1628.564	156.0675	1.574975	9.995486
2664	-1471.158	-1625.455	154.2968	1.606606	10.9087
2670	-1475.417	-1629.616	154.1982	1.542285	10.99407
2676	-1488.033	-1642.334	154.3009	1.439565	10.99407
2682	-1492.962	-1645.06	152.0976	1.999195	11.85354
2688	-1476.515	-1630.126	153.6115	1.696139	11.22072
2694	-1475.319	-1630.149	154.8294	1.696139	10.58248
2700	-1467.049	-1621.288	154.2392	1.696139	10.89197
2706	-1480.096	-1628.376	148.2806	1.85943	13.91201
2712	-1474.097	-1624.124	150.0278	1.816469	13.02703
2718	-1465.58	-1611.732	146.1512	1.73819	15.07754
2724	-1480.16	-1631.644	151.4837	1.699113	12.33026
2730	-1479.302	-1630.785	151.4837	1.699113	12.33026
2736	-1476.449	-1628.936	152.4869	1.637546	11.83914
2742	-1481.723	-1633.284	151.5607	1.637546	12.32221
2748	-1470.58	-1625.39	154.8106	1.627566	10.62833
2754	-1478.487	-1633.255	154.7684	1.418448	10.76013
2760	-1472.034	-1620.211	148.1764	1.833758	13.97934
2766	-1476.856	-1628.189	151.3331	1.814743	12.34847
2772	-1480.884	-1636.943	156.0591	1.400094	10.0919
2778	-1484.233	-1637.254	153.0214	1.607812	11.57549
2784	-1474.372	-1621.675	147.303	1.780182	14.45976
2790	-1473.613	-1624.954	151.3414	1.826044	12.33825
2796	-1481.76	-1633.539	151.7796	1.836543	12.10436
2802	-1486.431	-1636.854	150.4237	1.712253	12.87534
2808	-1477.563	-1628.266	150.7028	1.712253	12.73012
2814	-1467.673	-1619.821	152.1481	1.682326	11.99259
2820	-1474.436	-1627.984	153.5477	1.671182	11.26715
2826	-1472.493	-1625.73	153.2372	1.616617	11.45806
2832	-1479.904	-1633.429	153.5253	1.755872	11.23455
2838	-1479.262	-1634.612	155.35	1.453906	10.43635
2844	-1477.472	-1630.488	153.0159	1.453906	11.65874
2850	-1473.315	-1625.741	152.4262	1.687012	11.84499
2856	-1464.276	-1619.554	155.2774	1.529719	10.43463
2862	-1472.01	-1626.069	154.0586	1.638681	11.01672
2868	-1491.102	-1642.897	151.7947	1.648408	12.19456
2874	-1469.321	-1623.789	154.4685	1.605324	10.8194
2880	-1470.057	-1623.202	153.1451	1.64893	11.48936
2886	-1470.331	-1617.824	147.493	1.868065	14.31579
2892	-1476.599	-1628.189	151.5907	1.811312	12.21603
2898	-1468.997	-1620.199	151.2011	1.683336	12.48571
2904	-1480.963	-1636.199	155.2363	1.45949	10.49313
2910	-1476.789	-1630.515	153.7254	1.477943	11.27529
2916	-1476.737	-1635.355	158.6182	1.389871	8.745889
2922	-1473.304	-1626.648	153.3445	1.431549	11.49873
2928	-1466.462	-1620.109	153.647	1.627089	11.23825
2934	-1470.039	-1626.312	156.2735	1.627089	9.859569
2940	-1484.72	-1640.332	155.6117	1.456565	10.29747
2946	-1466.871	-1622.064	155.1933	1.593243	10.44545
2952	-1470.321	-1625.65	155.3289	1.705265	10.31538
2958	-1484.368	-1631.225	146.8567	1.765978	14.69818
2964	-1487.4	-1636.636	149.2362	1.81323	13.44004
2970	-1475.728	-1627.987	152.2589	1.794293	11.87632
2976	-1477.179	-1631.402	154.223	1.59063	10.95575
2982	-1492.708	-1645.799	153.0907	1.658539	11.51275
2988	-1489.612	-1642.438	152.8255	1.700364	11.62946
2994	-1500.587	-1649.884	149.2969	1.740464	13.44629
3000	-1485.717	-1638.886	153.1686	1.699411	11.45063
3006	-1488.354	-1640.155	151.8008	1.806139	12.10913
3012	-1478.323	-1631.154	152.8313	1.663488	11.64572
3018	-1473.991	-1624.897	150.9067	1.6813	12.6401
3024	-1477.713	-1631.959	154.2464	1.540459	10.9698
3030	-1487.996	-1642.026	154.0292	1.558629	11.07404
3036	-1491.218	-1647.383	156.1653	1.640762	9.909363
3042	-1486.094	-1639.526	153.4325	1.493963	11.4201
3048	-1486.151	-1642.285	156.1344	1.478779	10.0109
3054	-1493.437	-1647.66	154.2229	1.638524	10.93072
3060	-1469.902	-1621.42	151.5176	1.678751	12.3232
3066	-1478.47	-1628.515	150.0446	1.670909	13.09397
3072	-1484.054	-1635.714	151.6604	1.448061	12.369
3078	-1496.477	-1652.598	156.1208	1.488725	10.01279
3084	-1476.743	-1631.155	154.4121	1.706666	10.79586
3090	-1470.829	-1623.299	152.4697	1.562043	11.88749
3096	-1484.754	-1631.626	146.8719	1.745269	14.701
3102	-1470.127	-1619.372	149.245	1.712238	13.48792
3108	-1470.571	-1618.053	147.4827	1.830382	14.34066
3114	-1464.619	-1612.26	147.6412	1.866492	14.23983
3120	-1480.967	-1633.785	152.8178	1.680592	11.64386
3126	-1474.703	-1624.372	149.6698	1.678241	13.28492
3132	-1486.107	-1638.449	152.342	1.692285	11.88617
3138	-1475.241	-1627.629	152.3879	1.646416	11.88617
3144	-1470.043	-1624.953	154.9107	1.446981	10.67052
3150	-1468.786	-1620.992	152.2061	1.497438	12.05878
3156	-1472.124	-1628.89	156.7661	1.437093	9.700117
3162	-1477.054	-1629.864	152.81	1.464096	11.76098
3168	-1469.536	-1625.819	156.2837	1.464096	9.940044
3174	-1481.579	-1638.294	156.7144	1.369254	9.763127
3180	-1469.904	-1623.432	153.5286	1.519063	11.3567
3186	-1482.9	-1635.76	152.86	1.656203	11.63451
3192	-1472.195	-1623.619	151.4246	1.868954	12.27255
3198	-1474.966	-1625.984	151.0177	1.744566	12.54936
3204	-1471.433	-1622.406	150.9735	1.78876	12.54936
3210	-1469.831	-1622.489	152.6575	1.747029	11.69289
3216	-1476.539	-1627.217	150.6785	1.762737	12.71648
3222	-1473.479	-1621.659	148.1792	1.649799	14.0733
3228	-1483.327	-1631.457	148.1299	1.66723	14.08982
3234	-1475.805	-1628.615	152.8098	1.639315	11.66959
3240	-1472.887	-1628.286	155.3988	1.523902	10.37397
3246	-1462.977	-1619.208	156.231	1.523902	9.936313
3252	-1474.814	-1631.211	156.3967	1.378139	9.925786
3258	-1483.039	-1635.108	152.0691	1.625836	12.06324
3264	-1481.373	-1636.259	154.8863	1.690874	10.55536
3270	-1475.744	-1628.942	153.1976	1.664513	11.45376
3276	-1479.242	-1633.623	154.381	1.580998	10.87801
3282	-1478.434	-1636.318	157.8838	1.580998	9.033715
3288	-1478.438	-1633.039	154.6012	1.555295	10.77605
3294	-1485.653	-1640.227	154.5742	1.582326	10.77605
3300	-1481.272	-1635.805	154.5321	1.624383	10.77605
3306	-1481.703	-1635.689	153.986	1.664385	11.04127
3312	-1470.709	-1624.734	154.0253	1.625055	11.04127
3318	-1470.27	-1626.972	156.7012	1.604804	9.645888
3324	-1479.47	-1633.893	154.423	1.604804	10.84354
3330	-1484.693	-1639.422	154.7284	1.599562	10.68614
3336	-1481.382	-1636.11	154.7284	1.599562	10.68614
3342	-1490.225	-1643.467	153.2428	1.742614	11.38929
3348	-1490.292	-1638.476	148.184	1.77376	14.00652
3354	-1491.895	-1641.009	149.1141	1.77376	13.52394
3360	-1482.791	-1636.337	153.5458	1.706287	11.24975
3366	-1481.48	-1634.532	153.0523	1.445568	11.64409
3372	-1487.239	-1639.491	152.2528	1.683706	11.93721
3378	-1488.182	-1639.765	151.5833	1.860601	12.19419
3384	-1475.258	-1626.917	151.659	1.545712	12.31885
3390	-1489.431	-1641.294	151.8623	1.769042	12.09642
3396	-1481.81	-1633.75	151.9401	1.619976	12.13358
3402	-1483.531	-1636.007	152.4754	1.615524	11.85663
3408	-1487.506	-1643.18	155.6742	1.588841	10.19507
3414	-1503.373	-1656.886	153.5123	1.483227	11.38397
3420	-1488.94	-1642.142	153.2026	1.555186	11.50827
3426	-1483.851	-1637.685	153.8336	1.457623	11.22929
3432	-1470.701	-1625.47	154.7685	1.674655	10.6257
3438	-1466.789	-1623.137	156.3476	1.432583	9.922974
3444	-1473.573	-1626.507	152.9343	1.504557	11.67494
3450	-1469.423	-1624.365	154.9425	1.669486	10.53708
3456	-1472.057	-1622.219	150.1628	1.76716	12.98248
3462	-1476.608	-1632.932	156.3245	1.531002	9.883315
3468	-1470.236	-1624.198	153.9622	1.55393	11.11159
3474	-1458.107	-1611.977	153.8693	1.64681	11.11159
3480	-1466.136	-1621.888	155.751	1.4197	10.2436
3486	-1466.097	-1620.736	154.6392	1.492494	10.78906
3492	-1472.961	-1627.601	154.6392	1.492494	10.78906
3498	-1460.557	-1615.41	154.853	1.67278	10.58236
3504	-1459.302	-1612.89	153.5876	1.67278	11.24545
3510	-1471.614	-1626.625	155.0113	1.559773	10.55856
3516	-1468.632	-1621.962	153.3303	1.575053	11.43112
3522	-1479.064	-1631.734	152.6693	1.670587	11.72663
3528	-1475.814	-1630.665	154.8506	1.632552	10.60473
3534	-1483.759	-1636.668	152.909	1.618482	11.62863
3540	-1465.271	-1618.358	153.0872	1.657443	11.51516
3546	-1480.84	-1628.963	148.1222	1.646134	14.10472
3552	-1472.112	-1623.113	151.0009	1.886495	12.48415
3558	-1474.181	-1623.021	148.8404	1.892842	13.60423
3564	-1477.739	-1624.142	146.4034	1.849749	14.88938
3570	-1468.551	-1619.202	150.651	1.833392	12.69402
3576	-1478.578	-1628.93	150.3528	1.797883	12.86768
3582	-1485.219	-1630.199	144.9799	1.88756	15.60571
3588	-1473.916	-1629.426	155.5098	1.798176	10.17143
3594	-1477.588	-1632.965	155.377	1.447377	10.42561
3600	-1480.099	-1632.985	152.8859	1.527858	11.68805
3606	-1478.686	-1631.43	152.7439	1.669822	11.68805
3612	-1471.398	-1625.091	153.6931	1.669822	11.19176
3618	-1469.471	-1622.61	153.1398	1.544285	11.54678
3624	-1480.558	-1633.287	152.7283	1.593504	11.73608
3630	-1480.964	-1633.573	152.6095	1.712333	11.73608
3636	-1475.966	-1630.87	154.9042	1.714033	10.53381
3642	-1485.861	-1641.269	155.4082	1.513296	10.37455
3648	-1497.024	-1651.056	154.0319	1.53358	11.08575
3654	-1487.689	-1641.271	153.5812	1.520936	11.32821
3660	-1470.262	-1617.863	147.6015	1.702605	14.34528
3666	-1462.336	-1612.051	149.7159	1.774278	13.21107
3672	-1469.398	-1625.387	155.9887	1.603326	10.02202
3678	-1465.699	-1620.42	154.7215	1.542159	10.71987
3684	-1469.297	-1621.707	152.4098	1.767868	11.81132
3690	-1465.038	-1618.41	153.3714	1.566321	11.41421
3696	-1473.039	-1628.291	155.2519	1.525854	10.45005
3702	-1469.948	-1625.2	155.2519	1.525854	10.45005
3708	-1475.985	-1624.924	148.9388	1.743732	13.63054
3714	-1471.49	-1620.082	148.5916	1.787222	13.78815
3720	-1474.823	-1626.145	151.3216	1.634044	12.4486
3726	-1472.406	-1628.593	156.1871	1.596426	9.921207
3732	-1471.192	-1616.046	144.8546	1.787743	15.72202
3738	-1466.91	-1616.817	149.907	1.68697	13.15715
3744	-1473.561	-1620.194	146.6333	1.892892	14.74813
3750	-1468.203	-1618.646	150.4423	1.630989	12.90794
3756	-1471.875	-1623.613	151.7377	1.501709	12.30075
3762	-1469.945	-1622.646	152.7012	1.587567	11.7533
3768	-1465.376	-1612.733	147.357	1.628606	14.51027
3774	-1463.045	-1617.483	154.4383	1.653691	10.80985
3780	-1463.361	-1615.832	152.4707	1.644255	11.84405
3786	-1469.155	-1622.723	153.5686	1.616068	11.28507
3792	-1471.886	-1622.815	150.9289	1.665314	12.63686
3798	-1476.89	-1631.248	154.3578	1.440666	10.96372
3804	-1478.25	-1635.792	157.5419	1.460087	9.278484
3810	-1486.383	-1636.077	149.6943	1.598748	13.31352
3816	-1491.196	-1641.964	150.7678	1.707724	12.69862
3822	-1485.683	-1635.717	150.0336	1.851241	13.00593
3828	-1479.624	-1635.435	155.8114	1.589629	10.12253
3834	-1479.92	-1635.972	156.0524	1.348598	10.12253
3840	-1472.945	-1627.055	154.1098	1.513624	11.0554
3846	-1476.43	-1630.349	153.9185	1.704946	11.0554
3852	-1471.88	-1625.815	153.9358	1.687623	11.0554
3858	-1471.001	-1620.264	149.2636	1.653737	13.50864
3864	-1491.785	-1646.239	154.4543	1.7628	10.7443
3870	-1486.497	-1645.078	158.5807	1.32068	8.802452
3876	-1471.303	-1627.839	156.5356	1.417875	9.831695
3882	-1475.582	-1632.084	156.5027	1.395575	9.860811
3888	-1478.431	-1633.196	154.7656	1.588426	10.67247
3894	-1481.578	-1636.725	155.1473	1.60813	10.46182
3900	-1480.703	-1634.318	153.6145	1.616625	11.26075
3906	-1496.65	-1643.617	146.9666	1.872043	14.58639
3912	-1475.66	-1627.412	151.752	1.769349	12.15381
3918	-1476.824	-1627.108	150.2845	1.679975	12.9645
3924	-1472.701	-1626.162	153.4609	1.593138	11.3534
3930	-1485.988	-1638.163	152.1753	1.514894	12.06572
3936	-1468.269	-1618.872	150.6032	1.819589	12.7261
3942	-1471.142	-1626.094	154.9523	1.653861	10.54018
3948	-1471.553	-1624.062	152.5088	1.723971	11.78257
3954	-1458.5	-1612.338	153.8374	1.754661	11.07183
3960	-1467.325	-1620.162	152.8368	1.775349	11.5844
3966	-1466.817	-1612.716	145.8991	1.974169	15.08588
3972	-1476.833	-1622.848	146.015	1.858231	15.08588
3978	-1463.474	-1610.523	147.0493	1.709323	14.62777
3984	-1465.632	-1611.692	146.0605	1.728604	15.12942
3990	-1461.934	-1611.783	149.849	1.713544	13.17348
3996	-1467.701	-1620.496	152.795	1.679966	11.65607
4002	-1486.951	-1642.266	155.3144	1.38997	10.48863
4008	-1476.07	-1631.292	155.2223	1.482057	10.48863
4014	-1508.327	-1660.399	152.0724	1.650673	12.04858
4020	-1471.354	-1625.705	154.3507	1.603088	10.88232
4026	-1479.625	-1634.245	154.6204	1.703463	10.68827
4032	-1476.35	-1631.37	155.0191	1.62174	10.52194
4038	-1482.62	-1637.595	154.9754	1.665495	10.52194
4044	-1482.296	-1635.13	152.8332	1.525937	11.71656
4050	-1475.98	-1631.857	155.8767	1.626444	10.06877
4056	-1481.429	-1638.466	157.0371	1.477439	9.535917
4062	-1487.291	-1641.478	154.1865	1.471511	11.03726
4068	-1487.832	-1643.491	155.6594	1.563351	10.21626
4074	-1471.655	-1623.491	151.8364	1.671385	12.16085
4080	-1476.651	-1627.642	150.9911	1.672014	12.60095
4086	-1470.024	-1618.578	148.5544	1.773078	13.81478
4092	-1488.038	-1640.257	152.2186	1.615989	11.99039
4098	-1488.544	-1643.963	155.4188	1.584073	10.33183
4104	-1491.087	-1642.336	151.2489	1.586358	12.51131
4110	-1496.587	-1644.922	148.3342	1.632492	14.00191
4116	-1490.65	-1638.541	147.8905	1.716592	14.1883
4122	-1478.943	-1630.285	151.3421	1.659118	12.4249
4128	-1468.042	-1619.381	151.3393	1.659118	12.42636
4134	-1484.109	-1636.803	152.694	1.820155	11.63561
4140	-1470.702	-1620.558	149.8562	1.692354	13.18075
4146	-1479.754	-1630.437	150.6827	1.59718	12.80044
4152	-1480.068	-1636.597	156.5294	1.294687	9.899851
4158	-1477.373	-1630.902	153.5287	1.622248	11.3027
4164	-1485.526	-1636.373	150.8474	1.772897	12.62325
4170	-1477.933	-1628.459	150.5261	1.676697	12.84052
4176	-1474.601	-1626.38	151.7795	1.695265	12.17808
4182	-1470.241	-1625.614	155.3727	1.632574	10.33058
4188	-1483.612	-1637.009	153.3971	1.721581	11.31959
4194	-1476.26	-1630.818	154.5588	1.622532	10.76306
4200	-1475.856	-1629.372	153.5157	1.611857	11.3149
4206	-1484.369	-1639.368	154.9989	1.629515	10.52846
4212	-1477.669	-1630.7	153.0311	1.666527	11.53975
4218	-1466.183	-1620.763	154.5807	1.666527	10.72848
4224	-1470.695	-1625.389	154.6937	1.736491	10.63251
4230	-1479.674	-1635.021	155.3463	1.804606	10.25402
4236	-1477.976	-1631.538	153.5626	1.469384	11.36491
4242	-1478.081	-1635.236	157.1542	1.659348	9.378038
4248	-1488.233	-1638.688	150.4549	1.692361	12.86945
4254	-1473.9	-1624.391	150.4915	1.655706	12.86945
4260	-1473.288	-1625.576	152.2878	1.699096	11.91094
4266	-1467.979	-1621.182	153.2038	1.636796	11.46498
4272	-1484.987	-1637.828	152.8415	1.577265	11.68546
4278	-1486.829	-1638.625	151.7957	1.799743	12.11512
4284	-1472.681	-1627.194	154.5129	1.474803	10.86453
4290	-1479.469	-1631.714	152.2449	1.466265	12.05481
4296	-1484.877	-1635.424	150.5473	1.542431	12.89936
4302	-1479.552	-1632.05	152.498	1.586846	11.85977
4308	-1482.081	-1633.262	151.1812	1.631817	12.52292
4314	-1485.892	-1633.412	147.5203	1.848738	14.31168
4320	-1485.239	-1634.37	149.1306	1.662218	13.57329
4326	-1474.421	-1627.077	152.6567	1.662218	11.73758
4332	-1486.647	-1639.302	152.6547	1.660919	11.73931
4338	-1487.352	-1640.692	153.3396	1.554455	11.43705
4344	-1486.399	-1642.606	156.2078	1.607196	9.904645
4350	-1481.178	-1635.356	154.1787	1.537521	11.00678
4356	-1479.28	-1632.512	153.2323	1.537521	11.50198
4362	-1482.265	-1636.785	154.5206	1.620643	10.78404
4368	-1475.258	-1625.472	150.2142	1.843806	12.91587
4374	-1485.764	-1636.714	150.9502	1.878227	12.5149
4380	-1481.642	-1632.817	151.175	1.653428	12.5149
4386	-1483.412	-1637.424	154.0121	1.593731	11.06458
4392	-1476.133	-1630.093	153.9598	1.646045	11.06458
4398	-1482.514	-1633.234	150.7195	1.661394	12.74786
4404	-1481.2	-1630.007	148.8074	1.703946	13.71936
4410	-1479.286	-1632.17	152.8841	1.599821	11.6514
4416	-1476.961	-1629.929	152.9679	1.599821	11.60762
4422	-1469.042	-1619.657	150.6152	1.785788	12.73742
4428	-1470.027	-1620.234	150.2077	1.785788	12.9494
4434	-1479.561	-1633.682	154.1213	1.734602	10.93364
4440	-1466.296	-1620.063	153.7672	1.48983	11.24721
4446	-1470.026	-1624.876	154.8508	1.48983	10.67949
4452	-1475.629	-1630.896	155.2675	1.504284	10.45323
4458	-1474.23	-1622.596	148.3668	1.893552	13.8496
4464	-1473.851	-1622.439	148.5879	1.672439	13.8496
4470	-1479.253	-1635.518	156.2641	1.395368	9.986526
4476	-1483.775	-1640.124	156.3492	1.373559	9.953188
4482	-1471.087	-1624.908	153.8208	1.697837	11.11028
4488	-1473.516	-1628.685	155.169	1.630264	10.43878
4494	-1470.023	-1622.789	152.766	1.457513	11.78742
4500	-1471.558	-1625.751	154.1925	1.553137	10.99136
4506	-1472.505	-1621.722	149.2169	1.747279	13.48433
4512	-1467.767	-1619.604	151.8378	1.575906	12.2099
4518	-1470.558	-1622.297	151.7385	1.714253	12.18955
4524	-1472.102	-1625.851	153.7488	1.676476	11.15915
4530	-1480.841	-1634.43	153.5887	1.768468	11.19477
4536	-1471.552	-1622.605	151.0534	1.768468	12.51829
4542	-1464.894	-1613.919	149.025	1.598171	13.66132
4548	-1464.103	-1615.394	151.2906	1.687516	12.43691
4554	-1470.691	-1619.793	149.1018	1.687516	13.57508
4560	-1463.716	-1620.225	156.5089	1.492671	9.806394
4566	-1458.987	-1612.329	153.3419	1.492671	11.46813
4572	-1474.329	-1629.621	155.2923	1.418416	10.48527
4578	-1470.096	-1626.353	156.257	1.418416	9.97812
4584	-1476.62	-1628.331	151.7104	1.739276	12.19116
4590	-1471.683	-1620.552	148.8691	1.808448	13.63311
4596	-1467.737	-1616.607	148.8691	1.808448	13.63311
4602	-1476.693	-1629.437	152.7437	1.711634	11.66631
4608	-1462.215	-1611.803	149.5884	1.666313	13.3334
4614	-1475.564	-1627.521	151.9565	1.650078	12.10933
4620	-1481.489	-1634.768	153.2785	1.720321	11.38224
4626	-1475.332	-1630.555	155.2237	1.482152	10.48785
4632	-1468.903	-1621.06	152.1566	1.638437	12.01102
4638	-1468.399	-1616.337	147.9375	1.80422	14.11853
4644	-1468.761	-1619.119	150.3581	1.675742	12.92844
4650	-1475.949	-1630.678	154.729	1.690922	10.63788
4656	-1461.611	-1616.291	154.6802	1.501035	10.76308
4662	-1472.722	-1623.881	151.1586	1.795822	12.44926
4668	-1479.673	-1633.83	154.1568	1.64093	10.96407
4674	-1480.832	-1630.541	149.7094	1.749516	13.22733
4680	-1482.256	-1629.601	147.3456	1.618493	14.52139
4686	-1482.194	-1636.554	154.3601	1.554539	10.90284
4692	-1476.771	-1631.182	154.4113	1.649437	10.82625
4698	-1481.677	-1633.895	152.2183	1.578907	12.00992
4704	-1475.198	-1627.444	152.2452	1.738833	11.91242
4710	-1471.986	-1623.981	151.9949	1.633309	12.09806
4716	-1467.067	-1619.407	152.3408	1.704288	11.88056
4722	-1466.978	-1619.319	152.3401	1.704931	11.88056
4728	-1471.012	-1623.699	152.6871	1.621919	11.74276
4734	-1464.38	-1619.696	155.3163	1.561618	10.39747
4740	-1483.985	-1634.783	150.7973	1.666097	12.70494
4746	-1483.286	-1634.025	150.739	1.750301	12.69147
4752	-1467.803	-1617.47	149.6669	1.790112	13.22833
4758	-1492.838	-1648.447	155.6086	1.584647	10.23177
4764	-1478.427	-1629.822	151.3952	1.500239	12.47998
4770	-1475.675	-1629.095	153.4198	1.685976	11.32634
4776	-1485.167	-1636.151	150.9836	1.637349	12.62294
4782	-1474.224	-1627.637	153.4133	1.724026	11.30982
4788	-1473.022	-1626.057	153.0353	1.49779	11.62569
4794	-1483.593	-1635.184	151.5905	1.636456	12.30726
4800	-1492.181	-1643.763	151.5824	1.644531	12.30726
4806	-1477.804	-1632.624	154.8198	1.571069	10.65316
4812	-1471.286	-1623.836	152.5499	1.70422	11.77144
4818	-1476.754	-1628.631	151.877	1.668797	12.14104
4824	-1473.802	-1625.817	152.0152	1.530581	12.14104
4830	-1464.065	-1615.702	151.6366	1.730717	12.23407
4836	-1482.573	-1631.268	148.6948	1.772609	13.74218
4842	-1477.746	-1626.231	148.4851	1.761496	13.85675
4848	-1481.232	-1627.13	145.8983	1.636408	15.26095
4854	-1482.317	-1634.587	152.2704	1.636408	11.95273
4860	-1479.982	-1632.252	152.2704	1.636408	11.95273
4866	-1494.894	-1644.421	149.5275	1.68786	13.35387
4872	-1489.877	-1644.039	154.1618	1.640696	10.96159
4878	-1493.342	-1646.538	153.1962	1.585019	11.49604
4884	-1485.675	-1639.801	154.1257	1.500204	11.05406
4890	-1487.883	-1641.506	153.6235	1.646904	11.24019
4896	-1495.007	-1647.848	152.841	1.651791	11.64676
4902	-1487.189	-1640.287	153.0979	1.712667	11.48067
4908	-1478.45	-1632.406	153.9564	1.680644	11.04823
4914	-1488.076	-1640.399	152.3232	1.592874	11.94789
4920	-1467.681	-1618.404	150.7235	1.680963	12.73559
4926	-1465.116	-1616.56	151.4444	1.582011	12.41178
4932	-1477.615	-1635.078	157.4629	1.353946	9.376327
4938	-1475.499	-1632.567	157.0682	1.68485	9.410001
4944	-1481.922	-1634.042	152.1203	1.692481	12.00178
4950	-1478.681	-1632.673	153.9917	1.595857	11.0742
4956	-1474.724	-1627.281	152.5568	1.714662	11.76235
4962	-1480.531	-1634.352	153.8212	1.745358	11.08519
4968	-1486.525	-1636.608	150.0825	1.745358	13.03554
4974	-1473.404	-1627.448	154.0443	1.656524	11.01486
4980	-1476.533	-1630.577	154.0436	1.597325	11.04621
4986	-1472.407	-1629.708	157.3004	1.490411	9.390043
4992	-1462.252	-1617.278	155.0258	1.640819	10.5084
4998	-1469.992	-1624.159	154.1675	1.586811	10.98685
5004	-1468.357	-1621.451	153.0943	1.756171	11.45982
5010	-1460.21	-1614.38	154.1704	1.596029	10.98048
5016	-1468.176	-1617.799	149.6233	1.730858	13.28173
5022	-1482.109	-1634.885	152.7755	1.699436	11.65608
5028	-1473.542	-1630.352	156.8105	1.639558	9.569918
5034	-1477.085	-1630.712	153.6277	1.682072	11.21958
5040	-1501.62	-1654.323	152.7026	1.650452	11.71976
5046	-1494.773	-1643.575	148.8014	1.849549	13.64692
5052	-1489.475	-1644.007	154.5323	1.542772	10.81873
5058	-1484.946	-1638.764	153.8186	1.647699	11.13767
5064	-1476.101	-1629.048	152.9465	1.649874	11.59265
5070	-1474.763	-1630.755	155.9917	1.490698	10.07973
5076	-1474.215	-1627.558	153.3432	1.495575	11.46595
5082	-1475.457	-1629.915	154.4575	1.811245	10.7172
5088	-1480.251	-1632.838	152.5862	1.516795	11.85034
5094	-1471.883	-1627.021	155.1377	1.531148	10.50724
5100	-1476.224	-1630.15	153.9266	1.575962	11.11868
5106	-1485.729	-1636.111	150.3821	1.656796	12.92578
5112	-1486.788	-1639.871	153.0831	1.638429	11.52722
5118	-1475.342	-1628.391	153.0489	1.672705	11.52722
5124	-1469.209	-1620.316	151.1074	1.881971	12.43103
5130	-1467.818	-1619.724	151.9058	1.677812	12.12132
5136	-1471.462	-1623.457	151.9952	1.732485	12.04616
5142	-1487.5	-1638.774	151.2736	1.669339	12.45526
5148	-1474.48	-1623.339	148.8594	1.755712	13.66552
5154	-1489.359	-1640.093	150.7338	1.755712	12.69135
5160	-1482.546	-1631.77	149.2243	1.569947	13.57253
5166	-1484.106	-1625.074	140.9681	1.896651	17.66919
5172	-1476.377	-1627.224	150.8469	1.674493	12.67474
5178	-1486.258	-1633.004	146.746	1.735423	14.77128
5184	-1487.352	-1637.696	150.3445	1.766302	12.88842
5190	-1486.834	-1635.096	148.2619	1.778396	13.9637
5196	-1483.106	-1635.612	152.5059	1.786547	11.75142
5202	-1475.994	-1630.506	154.512	1.602277	10.7982
5208	-1483.639	-1635.188	151.5496	1.584386	12.35571
5214	-1489.316	-1639.75	150.4342	1.429281	13.01703
5220	-1487.034	-1643.853	156.8192	1.592892	9.589935
5226	-1494.575	-1650.812	156.2366	1.533116	9.928509
5232	-1490.226	-1645.982	155.7562	1.436152	10.23225
5238	-1486.743	-1642.46	155.7176	1.474707	10.23225
5244	-1482.073	-1636.999	154.9254	1.486816	10.64193
5250	-1478.578	-1633.335	154.7568	1.655469	10.64193
5256	-1478.901	-1631.832	152.9307	1.655469	11.59797
5262	-1472.301	-1624.428	152.1271	1.5019	12.09762
5268	-1464.073	-1617.344	153.2711	1.653414	11.4211
5274	-1465.173	-1620.401	155.2288	1.584044	10.43162
5280	-1468.748	-1623.459	154.7106	1.423623	10.78771
5286	-1480.702	-1634.925	154.223	1.423623	11.04325
5292	-1479.045	-1633.091	154.0455	1.60106	11.04325
5298	-1483.206	-1637.585	154.3784	1.608997	10.86469
5304	-1472.936	-1628.28	155.3436	1.52747	10.40109
5310	-1473.7	-1629.62	155.9207	1.590742	10.06443
5316	-1480.784	-1634.31	153.5254	1.620486	11.30535
5322	-1482.231	-1635.775	153.5443	1.601588	11.30535
5328	-1471.714	-1627.879	156.1651	1.656573	9.901119
5334	-1471.26	-1627.526	156.2651	1.418829	9.973625
5340	-1476.254	-1631.06	154.8062	1.743717	10.56969
5346	-1474.729	-1630.862	156.1329	1.648112	9.92252
5352	-1472.754	-1626.138	153.3834	1.772923	11.2999
5358	-1474.399	-1625.348	150.9488	1.741005	12.58705
5364	-1477.318	-1628.447	151.1288	1.561006	12.58705
5370	-1485.404	-1640.451	155.0468	1.749306	10.44044
5376	-1470.845	-1623.649	152.8041	1.693229	11.6444
5382	-1480.169	-1636.749	156.58	1.597313	9.713783
5388	-1486.037	-1640.492	154.4556	1.591801	10.83324
5394	-1480.412	-1634.913	154.5012	1.658158	10.77455
5400	-1482.693	-1634.638	151.945	1.698356	12.09014
5406	-1481.957	-1630.127	148.1703	1.660322	14.07243
5412	-1484.84	-1639.636	154.7964	1.672285	10.61233
5418	-1478.786	-1633.696	154.91	1.558685	10.61233
5424	-1476.332	-1632.495	156.1633	1.570332	9.947481
5430	-1473.844	-1625.543	151.6995	1.713191	12.21043
5436	-1481.344	-1632.091	150.7472	1.73085	12.69731
5442	-1495.005	-1651.806	156.8007	1.603244	9.594236
5448	-1480.901	-1635.351	154.4498	1.540163	10.86335
5454	-1471.603	-1622.748	151.1443	1.722472	12.49491
5460	-1473.438	-1624.583	151.1446	1.722197	12.49491
5466	-1473.44	-1626.238	152.7987	1.676713	11.65583
5472	-1475.761	-1628.6	152.8386	1.497078	11.72882
5478	-1476.479	-1632.075	155.5966	1.682832	10.18644
5484	-1467.496	-1623.006	155.5103	1.470701	10.34331
5490	-1480.005	-1632.525	152.5201	1.495476	11.89595
5496	-1482.907	-1637.65	154.7427	1.546446	10.70651
5502	-1486.592	-1636.086	149.4934	1.766567	13.33069
5508	-1481.843	-1632.952	151.1093	1.711671	12.51876
5514	-1491.298	-1648.316	157.0179	1.4951	9.536722
5520	-1487.769	-1641.718	153.9485	1.560188	11.11547
5526	-1493.632	-1648.97	155.3379	1.560188	10.38687
5532	-1484.361	-1636.464	152.103	1.557927	12.08099
5538	-1474.34	-1626.58	152.2401	1.604511	11.98517
5544	-1475.186	-1625.878	150.6918	1.60647	12.79086
5550	-1476.935	-1632.845	155.9093	1.715457	10.0048
5556	-1484.404	-1635.436	151.0319	1.691844	12.56938
5562	-1472.303	-1626.494	154.1918	1.664585	10.93338
5568	-1476.081	-1630.074	153.9931	1.618445	11.06163
5574	-1469.058	-1620.874	151.8157	1.618445	12.19924
5580	-1477.583	-1627.352	149.7694	1.773667	13.18359
5586	-1481.612	-1633.169	151.5566	1.600083	12.34389
5592	-1457.913	-1613.881	155.9675	1.55822	10.05691
5598	-1467.527	-1621.112	153.5852	1.536707	11.31787
5604	-1470.866	-1627.999	157.133	1.491196	9.478013
5610	-1476.298	-1627.959	151.6601	1.627047	12.27588
5616	-1492.858	-1644.087	151.2298	1.726635	12.44822
5622	-1486.202	-1634.235	148.0332	1.81258	14.0646
5628	-1471.989	-1626.569	154.5791	1.546201	10.79239
5634	-1476.785	-1631.885	155.0998	1.587937	10.49732
5640	-1473.213	-1625.689	152.4762	1.647522	11.83951
5646	-1469.569	-1623.806	154.2367	1.652667	10.9161
5652	-1472.307	-1628.108	155.8009	1.560868	10.14315
5658	-1474.044	-1629.992	155.9478	1.413992	10.14315
5664	-1467.619	-1619.232	151.6131	1.760342	12.23088
5670	-1472.225	-1623.663	151.4384	1.758942	12.32271
5676	-1483.928	-1639.982	156.0533	1.424592	10.08205
5682	-1471.737	-1625.399	153.6614	1.575288	11.25782
5688	-1473.601	-1623.747	150.1465	1.59513	13.0804
5694	-1475.766	-1620.403	144.6374	1.868995	15.79218
5700	-1483.053	-1639.644	156.5919	1.450485	9.784881
5706	-1474.115	-1629.38	155.265	1.529381	10.44132
5712	-1481.205	-1638.379	157.1732	1.270711	9.573146
5718	-1473.366	-1627.191	153.8258	1.531299	11.1948
5724	-1468.498	-1622.295	153.7964	1.544299	11.20341
5730	-1473.601	-1624.607	151.0063	1.684415	12.5866
5736	-1477.085	-1627.956	150.8711	1.728802	12.6339
5742	-1507.083	-1661.911	154.8274	1.544923	10.66288
5748	-1491.916	-1649.809	157.8922	1.531887	9.055273
5754	-1464.881	-1615.994	151.1137	1.702017	12.52149
5760	-1469.387	-1622.616	153.2294	1.702017	11.41751
5766	-1472.215	-1623.693	151.4783	1.788142	12.28669
5772	-1466.204	-1617.868	151.6648	1.601646	12.28669
5778	-1478.298	-1623.473	145.1756	1.739515	15.58113
5784	-1473.224	-1621.157	147.933	2.020958	14.00849
5790	-1485.006	-1633.19	148.1838	1.770195	14.00849
5796	-1471.027	-1621.711	150.6835	1.729195	12.73131
5802	-1469.221	-1622.118	152.8968	1.686171	11.59965
5808	-1490.211	-1643.757	153.5461	1.61109	11.29943
5814	-1466.764	-1619.252	152.4877	1.634478	11.84033
5820	-1465.915	-1619.765	153.8501	1.634478	11.1281
5826	-1472.918	-1625.163	152.2449	1.74887	11.90732
5832	-1466.806	-1617.863	151.0575	1.747567	12.52707
5838	-1470.882	-1626.073	155.19	1.643536	10.42075
5844	-1491.581	-1642.389	150.8085	1.705404	12.67865
5850	-1484.516	-1630.765	146.2481	1.679729	15.05767
5856	-1501.471	-1649.956	148.4844	1.864303	13.80375
5862	-1479.112	-1630.693	151.5812	1.771036	12.24197
5868	-1483.894	-1639.089	155.1952	1.408643	10.54135
5874	-1480.671	-1635.786	155.1156	1.48828	10.54135
5880	-1470.945	-1624.3	153.3555	1.669452	11.36858
5886	-1474.095	-1624.582	150.4871	1.669452	12.86462
5892	-1475.308	-1622.972	147.6643	1.698049	14.31513
5898	-1491.335	-1645.173	153.8377	1.643923	11.12962
5904	-1469.656	-1620.242	150.5856	1.790863	12.75017
5910	-1460.873	-1611.488	150.6147	1.761806	12.75017
5916	-1471.36	-1621.869	150.5093	1.867229	12.75017
5922	-1467.632	-1618.231	150.5991	1.777396	12.75017
5928	-1465.288	-1618.17	152.8815	1.563518	11.67171
5934	-1465.586	-1620.302	154.7158	1.614047	10.68516
5940	-1473.965	-1622.105	148.1395	1.635963	14.10106
5946	-1472.614	-1624.005	151.3906	1.73884	12.35807
5952	-1472.805	-1626.141	153.3362	1.645006	11.39145
5958	-1479.476	-1630.992	151.5159	1.732102	12.29628
5964	-1480.888	-1628.739	147.8508	1.74742	14.19292
5970	-1489.085	-1641.958	152.873	1.657996	11.6268
5976	-1499.851	-1650.002	150.1517	1.71124	13.0173
5982	-1491.966	-1643.391	151.4253	1.636027	12.39357
5988	-1498.61	-1648.728	150.1186	1.694444	13.04328
5994	-1475.622	-1629.605	153.9828	1.461259	11.14929
6000	-1470.28	-1618.21	147.9303	1.678917	14.1872
6006	-1469.913	-1617.664	147.7516	1.749864	14.24303
6012	-1479.701	-1633.712	154.0106	1.679611	11.02043
6018	-1475.248	-1630.485	155.2366	1.519828	10.46126
6024	-1479.152	-1624.36	145.2076	1.847218	15.50896
6030	-1465.157	-1613.01	147.8534	1.743056	14.19383
6036	-1484.419	-1632.368	147.9498	1.754876	14.13775
6042	-1487.753	-1632.054	144.3007	1.754876	16.02495
6048	-1477.255	-1631.74	154.4848	1.608229	10.80934
6054	-1474.555	-1624.291	149.7364	1.690799	13.24379
6060	-1475.16	-1628.026	152.8666	1.608352	11.65609
6066	-1476.778	-1632.005	155.2272	1.488073	10.48289
6072	-1477.822	-1632.665	154.8431	1.520541	10.66743
6078	-1467.817	-1624.61	156.7922	1.494029	9.656324
6084	-1478.034	-1631.71	153.6762	1.657041	11.20731
6090	-1489.415	-1644.696	155.2813	1.802858	10.28909
6096	-1480.924	-1635.12	154.1958	1.550107	10.99123
6102	-1481.432	-1637.351	155.9186	1.300669	10.21809
6108	-1476.118	-1631.215	155.0975	1.493449	10.54816
6114	-1480.085	-1630.966	150.881	1.835143	12.57336
6120	-1485.047	-1631.401	146.3536	1.863812	14.90787
6126	-1480.331	-1632.483	152.1516	1.863812	11.89605
6132	-1484.139	-1634.395	150.2558	1.778443	12.9282
6138	-1480.287	-1632.704	152.4174	1.588952	11.90079
6144	-1481.63	-1636.612	154.9821	1.657276	10.5227
6150	-1480.789	-1633.95	153.1611	1.657276	11.47662
6156	-1485.169	-1638.33	153.1611	1.657276	11.47662
6162	-1475.756	-1630.41	154.6546	1.554609	10.74839
6168	-1477.208	-1630.625	153.4169	1.739876	11.29964
6174	-1472.369	-1621.129	148.7606	1.722128	13.73424
6180	-1483.51	-1639.966	156.4566	1.487134	9.836827
6186	-1472.883	-1627.532	154.6482	1.555436	10.75136
6192	-1482.702	-1634.575	151.8727	1.77707	12.08681
6198	-1481.082	-1633.93	152.8486	1.726277	11.60388
6204	-1471.603	-1625.882	154.2786	1.607532	10.91778
6210	-1473.972	-1629.911	155.9385	1.566026	10.06804
6216	-1472.994	-1629.005	156.0114	1.566026	10.02971
6222	-1465.005	-1617.218	152.2132	1.731011	11.93319
6228	-1470.764	-1624.575	153.811	1.70327	11.11254
6234	-1464.143	-1613.384	149.2412	1.736251	13.47742
6240	-1493.489	-1643.682	150.1926	1.852286	12.92268
6246	-1488.57	-1639.995	151.4246	1.851092	12.28183
6252	-1474.64	-1627.179	152.5388	1.851092	11.70051
6258	-1481.126	-1633.368	152.2428	1.792174	11.88584
6264	-1477.472	-1629.561	152.0883	1.605698	12.06375
6270	-1474.284	-1623.426	149.1418	1.646287	13.57572
6276	-1463.039	-1618.437	155.3979	1.514328	10.37945
6282	-1473.103	-1628.501	155.3979	1.514328	10.37945
6288	-1473.485	-1624.089	150.6033	1.79182	12.74045
6294	-1465.16	-1615.629	150.4687	1.714213	12.85091
6300	-1463.345	-1612.248	148.9034	1.797763	13.62085
6306	-1469.464	-1620.581	151.1165	1.784308	12.4772
6312	-1465.496	-1616.865	151.3691	1.531695	12.4772
6318	-1470.494	-1625.135	154.6412	1.40904	10.83175
6324	-1471.783	-1625.087	153.304	1.751419	11.35265
6330	-1476.046	-1626.726	150.6809	1.719901	12.73752
6336	-1477.355	-1628	150.6451	1.719901	12.75613
6342	-1475.225	-1628.639	153.414	1.641727	11.35249
6348	-1476.587	-1632.355	155.7681	1.47748	10.20427
6354	-1473.266	-1624.506	151.2398	1.749578	12.43106
6360	-1470.664	-1624.756	154.0918	1.687318	10.97383
6366	-1479.581	-1628.499	148.9177	1.765089	13.63038
6372	-1484.813	-1635.761	150.9481	1.690427	12.61377
6378	-1473.165	-1626.669	153.5034	1.516423	11.37127
6384	-1472.406	-1621.497	149.0906	1.72504	13.56145
6390	-1468.482	-1617.923	149.4414	1.780799	13.35032
6396	-1467.14	-1617.984	150.8435	1.755181	12.63454
6402	-1476.087	-1626.852	150.7655	1.748107	12.67879
6408	-1479.982	-1626.708	146.7262	1.890381	14.70132
6414	-1478.568	-1627.021	148.4538	1.872014	13.81566
6420	-1485.411	-1631.5	146.0884	1.898426	15.02714
6426	-1481.549	-1631.922	150.3732	1.800198	12.85586
6432	-1475.678	-1622.266	146.5879	1.801107	14.81908
6438	-1477.363	-1629.288	151.9255	1.741457	12.07786
6444	-1477.915	-1630.896	152.9814	1.669739	11.56402
6450	-1463.594	-1619.978	156.3843	1.557768	9.837741
6456	-1471.289	-1624.7	153.4108	1.561358	11.39622
6462	-1481.471	-1630.14	148.6699	1.840144	13.72005
6468	-1479.499	-1629.645	150.1463	1.97413	12.88339
6474	-1471.673	-1620.836	149.1637	1.938696	13.41251
6480	-1470.837	-1626.051	155.2143	1.719547	10.3681
6486	-1474.372	-1630.462	156.0902	1.470748	10.03836
6492	-1461.185	-1615.928	154.7427	1.470748	10.7462
6498	-1483.479	-1634.808	151.3291	1.559842	12.48335
6504	-1478.856	-1632.42	153.5641	1.564688	11.31429
6510	-1476.334	-1625.731	149.3974	1.891371	13.31574
6516	-1490.852	-1638.636	147.7843	1.891371	14.15278
6522	-1475.8	-1629.605	153.8044	1.678331	11.12904
6528	-1476.999	-1624.778	147.7786	1.901082	14.15069
6534	-1464.882	-1615.802	150.9207	1.80827	12.56666
6540	-1470.476	-1625.823	155.3471	1.40018	10.46607
6546	-1482.665	-1638.428	155.7628	1.701467	10.08926
6552	-1476.583	-1627.009	150.4267	1.779902	12.83856
6558	-1477.649	-1631.844	154.1947	1.693948	10.91645
6564	-1469.046	-1623.699	154.6528	1.512284	10.77158
6570	-1467.906	-1622.727	154.8214	1.575852	10.64977
6576	-1466.022	-1618.235	152.2125	1.68666	11.95671
6582	-1473.763	-1625.159	151.3956	1.550389	12.45365
6588	-1486.017	-1637.828	151.8111	1.672633	12.17338
6594	-1492.009	-1641.641	149.6314	1.792877	13.24533
6600	-1473.356	-1627.314	153.958	1.680755	11.04738
6606	-1478.386	-1632.482	154.0953	1.703179	10.96368
6612	-1482.44	-1636.174	153.7342	1.652866	11.17914
6618	-1464.251	-1618.998	154.7475	1.580915	10.68591
6624	-1478.452	-1635.028	156.5758	1.461605	9.787482
6630	-1471.775	-1626.405	154.6302	1.481522	10.79953
6636	-1476.077	-1625.019	148.9418	1.752599	13.62438
6642	-1480.654	-1631.306	150.652	1.752599	12.73556
6648	-1469.574	-1626.195	156.6208	1.52913	9.728171
6654	-1477.148	-1627.682	150.5341	1.674454	12.83757
6660	-1474.81	-1625.332	150.5216	1.686962	12.83757
6666	-1469.327	-1624.042	154.7156	1.614281	10.68512
6672	-1467.121	-1619.646	152.5254	1.550858	11.86428
6678	-1479.303	-1632.393	153.0899	1.574408	11.55714
6684	-1468.004	-1621.03	153.0259	1.63844	11.55714
6690	-1472.274	-1626.831	154.5572	1.514161	10.82068
6696	-1484.083	-1632.698	148.6147	1.705026	13.8188
6702	-1472.224	-1617.66	145.4362	1.780638	15.42522
6708	-1481.145	-1628.767	147.6211	1.864486	14.25126
6714	-1477.398	-1631.317	153.9192	1.616184	11.10148
6720	-1482.969	-1634.171	151.2016	1.616184	12.52042
6726	-1468.557	-1619.806	151.2485	1.56932	12.52042
6732	-1468.665	-1624.275	155.61	1.608291	10.21862
6738	-1462.429	-1615.608	153.1783	1.561502	11.5177
6744	-1467.228	-1620.519	153.2904	1.449418	11.5177
6750	-1470.242	-1623.265	153.0229	1.765802	11.4921
6756	-1458.473	-1611.183	152.7096	1.763448	11.65707
6762	-1465.839	-1618.62	152.7817	1.660606	11.67314
6768	-1473.603	-1624.382	150.779	1.600781	12.74846
6774	-1463.678	-1613.655	149.9773	1.663784	13.13265
6780	-1482.816	-1632.167	149.3515	1.80717	13.38331
6786	-1476.843	-1628.206	151.3635	1.717398	12.38336
6792	-1478.674	-1633.262	154.5879	1.663766	10.72615
6798	-1475.58	-1630.735	155.1557	1.432161	10.54976
6804	-1478.962	-1630.46	151.4981	1.67863	12.33341
6810	-1485.611	-1637.628	152.0164	1.650413	12.07795
6816	-1477.91	-1630.072	152.1625	1.504318	12.07795
6822	-1470.978	-1627.465	156.4873	1.485274	9.821661
6828	-1478.837	-1631.403	152.5665	1.6536	11.7892
6834	-1463.017	-1618.669	155.6515	1.491804	10.25802
6840	-1460.952	-1618.377	157.4246	1.543563	9.296361
6846	-1467.505	-1624.97	157.4648	1.503412	9.296361
6852	-1470.948	-1623.423	152.4751	1.503412	11.91532
6858	-1470.254	-1623.451	153.1974	1.787582	11.3895
6864	-1472.697	-1625.896	153.1995	1.637653	11.46678
6870	-1483.775	-1640.678	156.9034	1.600024	9.541792
6876	-1487.192	-1637.498	150.306	1.796306	12.89282
6882	-1477.457	-1632.138	154.6809	1.518009	10.75381
6888	-1476.961	-1630.758	153.7964	1.689562	11.12737
6894	-1483.313	-1637.149	153.8366	1.649375	11.12737
6900	-1472.852	-1626.679	153.827	1.658994	11.12737
