Iteration	Posterior	Likelihood	Prior	tree_length
0	-134.6022	-305.7146	171.1124	2.584116
6	-133.9489	-304.1461	170.1972	3.139022
12	-142.2247	-313.1388	170.9142	2.706354
18	-137.3895	-308.3036	170.9142	2.706354
24	-137.1089	-308.8	171.6911	2.218483
30	-143.8946	-315.1798	171.2852	2.476466
36	-144.4619	-315.4447	170.9828	2.664214
42	-129.6555	-300.7975	171.142	2.565781
48	-140.9835	-311.523	170.5395	2.934079
54	-153.0408	-323.5803	170.5395	2.934079
60	-153.4071	-323.9453	170.5381	2.934905
66	-147.9585	-318.4763	170.5178	2.94719
72	-141.8685	-312.8289	170.9604	2.677988
78	-140.3104	-311.3424	171.032	2.633842
84	-148.6815	-319.1198	170.4383	2.994981
90	-151.3355	-321.5379	170.2024	3.135883
96	-148.0336	-318.323	170.2893	3.084121
102	-141.2059	-312.9368	171.731	2.192718
108	-142.9578	-315.1348	172.177	1.897349
114	-135.8415	-308.0185	172.177	1.897349
120	-136.2753	-306.4219	170.1466	3.169073
126	-134.9164	-306.7048	171.7884	2.155448
132	-132.8449	-303.1939	170.349	3.048466
138	-135.5192	-306.355	170.8359	2.754282
144	-132.9795	-303.8554	170.8759	2.729779
150	-141.547	-313.0409	171.4939	2.34481
156	-132.1707	-303.5654	171.3948	2.407569
162	-143.7008	-313.8319	170.1311	3.178282
168	-144.1112	-315.242	171.1308	2.572725
174	-140.1706	-309.4465	169.2759	3.679005
180	-130.6391	-302.5179	171.8787	2.096385
186	-140.0866	-311.5139	171.4273	2.38701
192	-141.5225	-313.0225	171.5	2.34094
198	-147.0058	-317.0409	170.0351	3.235109
204	-138.6984	-310.1206	171.4222	2.390258
210	-135.1462	-306.2794	171.1332	2.571253
216	-132.1187	-304.2204	172.1017	1.948259
222	-140.8569	-311.9303	171.0734	2.608264
228	-125.3583	-296.5246	171.1663	2.550645
234	-139.0616	-309.0293	169.9677	3.274948
240	-123.6841	-294.9047	171.2206	2.516853
246	-135.2834	-307.4167	172.1333	1.926964
252	-132.5068	-304.2806	171.7738	2.164916
258	-137.6948	-308.1054	170.4106	3.011544
264	-138.9649	-310.98	172.0151	2.006192
270	-144.3567	-314.8086	170.4519	2.986821
276	-144.7527	-315.9946	171.2419	2.503532
282	-132.6261	-304.8381	172.212	1.873555
288	-140.2523	-310.7781	170.5258	2.942349
294	-148.5846	-317.1797	168.5951	4.069901
300	-132.9996	-302.1187	169.1191	3.769575
306	-135.9379	-307.0855	171.1476	2.562276
312	-140.5184	-310.7306	170.2123	3.130038
318	-141.6687	-312.2152	170.5465	2.929881
324	-138.3467	-308.7462	170.3995	3.018225
330	-143.8735	-315.711	171.8375	2.123403
336	-141.7803	-311.7496	169.9693	3.273989
342	-135.0928	-306.5848	171.492	2.346008
348	-142.4504	-312.4144	169.964	3.277122
354	-148.5979	-318.9044	170.3065	3.073854
360	-167.1392	-336.9812	169.842	3.34897
366	-160.2402	-330.928	170.6877	2.84447
372	-164.1794	-334.6656	170.4862	2.966164
378	-148.3979	-319.8299	171.432	2.384051
384	-148.691	-318.3334	169.6424	3.465932
390	-139.6757	-310.467	170.7913	2.781485
396	-136.9157	-307.5846	170.6689	2.855866
402	-137.5522	-306.8545	169.3023	3.66373
408	-147.7179	-316.3833	168.6654	4.029815
414	-148.8813	-319.9945	171.1133	2.583609
420	-155.1891	-326.4794	171.2903	2.473257
426	-139.2449	-309.733	170.4881	2.965009
432	-137.6273	-308.8272	171.1999	2.529752
438	-128.9468	-300.1467	171.1999	2.529752
444	-140.1152	-310.0207	169.9055	3.311586
450	-142.9346	-314.1347	171.2001	2.529615
456	-142.0804	-313.1873	171.1069	2.587548
462	-130.4143	-301.4158	171.0014	2.65272
468	-126.7119	-298.0577	171.3458	2.438445
474	-127.2401	-298.9767	171.7366	2.189066
480	-132.8101	-303.5226	170.7125	2.829424
486	-133.3966	-304.1091	170.7125	2.829424
492	-136.4245	-307.137	170.7125	2.829424
498	-135.0137	-305.5731	170.5593	2.922124
504	-128.8887	-299.4923	170.6036	2.895378
510	-137.0724	-307.7363	170.6639	2.858909
516	-132.4129	-303.0768	170.6639	2.858909
522	-128.6229	-299.3884	170.7655	2.797226
528	-129.1134	-300.2783	171.165	2.551499
534	-129.5682	-299.9759	170.4078	3.013263
540	-141.6227	-311.7612	170.1385	3.173863
546	-137.5798	-308.1015	170.5217	2.9448
552	-127.6304	-298.9337	171.3033	2.465116
558	-137.558	-306.8827	169.3247	3.65075
564	-155.4325	-325.6853	170.2528	3.105873
570	-148.3837	-319.5405	171.1568	2.556564
576	-145.3422	-316.2294	170.8872	2.722863
582	-154.5544	-325.4416	170.8872	2.722863
588	-149.4205	-320.5345	171.114	2.583132
594	-150.1957	-321.3238	171.1281	2.574398
600	-143.4597	-314.4706	171.0108	2.64694
606	-149.2478	-320.0724	170.8246	2.761155
612	-160.6984	-331.8807	171.1823	2.540708
618	-167.0231	-336.7784	169.7553	3.399873
624	-144.2054	-313.7437	169.5383	3.526693
630	-144.863	-316.0241	171.1611	2.553908
636	-145.0098	-315.5362	170.5264	2.941983
642	-144.4113	-315.265	170.8537	2.743377
648	-139.9996	-312.0789	172.0793	1.963309
654	-142.9023	-314.4942	171.5919	2.282281
660	-141.9304	-313.5619	171.6315	2.256884
666	-136.1987	-307.8302	171.6315	2.256884
672	-137.8307	-308.9574	171.1268	2.575237
678	-142.1552	-313.1205	170.9653	2.674974
684	-129.1359	-299.6985	170.5625	2.920198
690	-138.8842	-309.4183	170.534	2.937385
696	-152.3398	-321.7987	169.4589	3.572871
702	-154.3519	-324.2461	169.8942	3.318247
708	-147.1495	-317.011	169.8615	3.337515
714	-143.1666	-312.8741	169.7075	3.42787
720	-139.2682	-310.4707	171.2026	2.528097
726	-137.5594	-307.9986	170.4391	2.994462
732	-132.7631	-303.3786	170.6155	2.888237
738	-143.7254	-315.4301	171.7047	2.209729
744	-157.4081	-328.3681	170.96	2.678229
750	-164.6342	-334.653	170.0188	3.24476
756	-160.6556	-331.1589	170.5033	2.95592
762	-158.2315	-329.1939	170.9623	2.676773
768	-148.438	-319.4004	170.9623	2.676773
774	-134.5248	-305.4353	170.9105	2.708617
780	-140.2033	-311.3305	171.1271	2.575016
786	-147.6885	-317.5498	169.8613	3.33763
792	-136.2483	-306.12	169.8717	3.331508
798	-131.0547	-302.2085	171.1539	2.558406
804	-142.1783	-313.7024	171.5242	2.325533
810	-136.8378	-308.2363	171.3984	2.405246
816	-140.0068	-310.9922	170.9854	2.662616
822	-131.2345	-301.3177	170.0833	3.206614
828	-131.8277	-302.8399	171.0123	2.646047
834	-143.7953	-314.8076	171.0123	2.646047
840	-131.2638	-302.2761	171.0123	2.646047
846	-133.9765	-304.0805	170.104	3.194348
852	-138.257	-309.1263	170.8693	2.733841
858	-132.4977	-302.8255	170.3278	3.061105
864	-136.7775	-307.7442	170.9667	2.674104
870	-135.7391	-306.6558	170.9167	2.7048
876	-131.102	-302.2297	171.1277	2.574655
882	-125.802	-296.6514	170.8494	2.746008
888	-126.7235	-297.6112	170.8876	2.722622
894	-131.1942	-302.0846	170.8904	2.720938
900	-132.858	-304.1582	171.3002	2.467043
906	-131.8072	-302.9784	171.1712	2.547615
912	-130.0574	-300.1793	170.1219	3.183738
918	-136.0147	-306.7915	170.7768	2.790326
924	-129.9784	-301.1577	171.1793	2.542586
930	-137.3049	-308.2648	170.9599	2.67828
936	-121.0459	-291.8651	170.8192	2.764448
942	-135.1801	-305.9993	170.8192	2.764448
948	-144.9307	-316.2045	171.2738	2.483591
954	-138.917	-308.7965	169.8795	3.326897
960	-138.1157	-308.9692	170.8535	2.743526
966	-133.6204	-305.7503	172.1299	1.929287
972	-147.3909	-317.8007	170.4098	3.012052
978	-145.1485	-315.5386	170.3901	3.023872
984	-140.4343	-311.2731	170.8389	2.752446
990	-146.7359	-316.3863	169.6504	3.461247
996	-130.4835	-301.3444	170.861	2.738943
1002	-153.4821	-324.0642	170.5821	2.908369
1008	-153.0021	-323.641	170.6389	2.874053
1014	-166.4623	-337.1012	170.6389	2.874053
1020	-158.2063	-328.9105	170.7042	2.834483
1026	-144.1158	-314.6357	170.5199	2.945879
1032	-155.5308	-325.7283	170.1975	3.13882
1038	-135.028	-305.6724	170.6444	2.870748
1044	-128.0616	-299.875	171.8134	2.139155
1050	-124.6562	-295.7935	171.1373	2.568678
1056	-131.6619	-302.4226	170.7607	2.800102
1062	-129.7496	-300.8172	171.0677	2.611842
1068	-135.1008	-307.2227	172.1219	1.93468
1074	-140.6982	-311.819	171.1208	2.578902
1080	-140.0184	-309.9362	169.9178	3.304381
1086	-133.4627	-305.3386	171.876	2.098207
1092	-147.3357	-319.0886	171.7529	2.178512
1098	-140.7777	-311.4386	170.6609	2.860701
1104	-153.2507	-324.6803	171.4296	2.385548
1110	-150.5209	-321.2331	170.7122	2.829596
1116	-146.257	-315.6152	169.3583	3.6313
1122	-150.4751	-321.3957	170.9206	2.702395
1128	-144.2644	-314.8722	170.6078	2.892863
1134	-152.32	-321.291	168.971	3.854799
1140	-144.4488	-315.763	171.3143	2.458224
1146	-148.6857	-320.7588	172.0731	1.967476
1152	-132.0734	-303.1097	171.0363	2.631202
1158	-133.4527	-304.3936	170.9409	2.689977
1164	-145.751	-316.8449	171.0938	2.595638
1170	-156.5387	-327.9108	171.3721	2.421872
1176	-152.9909	-322.9882	169.9973	3.257484
1182	-141.2942	-311.9056	170.6113	2.890743
1188	-143.4127	-313.9139	170.5012	2.957137
1194	-148.9301	-319.4314	170.5012	2.957137
1200	-155.0671	-326.372	171.3049	2.464104
1206	-161.9133	-332.2013	170.2881	3.084868
1212	-149.696	-320.5752	170.8793	2.727745
1218	-150.7903	-321.3019	170.5116	2.950895
1224	-130.4552	-301.9855	171.5303	2.321615
1230	-144.43	-315.1276	170.6976	2.838482
1236	-147.9208	-318.0241	170.1033	3.194731
1242	-139.827	-310.1498	170.3229	3.064085
1248	-156.5621	-327.2132	170.6511	2.866654
1254	-139.6061	-309.9978	170.3917	3.022882
1260	-144.2337	-314.292	170.0583	3.221408
1266	-130.4485	-301.5948	171.1463	2.563125
1272	-126.5197	-297.5257	171.0059	2.649941
1278	-139.9179	-311.6986	171.7807	2.160442
1284	-141.8724	-312.4725	170.6	2.897552
1290	-154.333	-325.0126	170.6796	2.849397
1296	-154.0409	-325.1879	171.147	2.562668
1302	-137.5833	-308.3101	170.7268	2.820738
1308	-139.3675	-310.22	170.8525	2.744103
1314	-138.8452	-309.9503	171.1051	2.588651
1320	-135.7314	-306.8936	171.1621	2.55327
1326	-134.2876	-305.4497	171.1621	2.55327
1332	-132.4726	-303.9589	171.4863	2.34964
1338	-129.5287	-300.3384	170.8097	2.77025
1344	-142.3918	-313.1111	170.7193	2.825298
1350	-138.2793	-310.5261	172.2468	1.849775
1356	-144.9433	-315.1276	170.1843	3.146647
1362	-156.6633	-327.4606	170.7973	2.777817
1368	-147.5871	-318.5876	171.0005	2.653304
1374	-145.5972	-315.6426	170.0454	3.229035
1380	-138.99	-309.4766	170.4866	2.965937
1386	-138.1186	-309.3286	171.21	2.523452
1392	-122.6252	-294.2296	171.6043	2.274326
1398	-127.8246	-298.4213	170.5967	2.899558
1404	-138.3797	-308.9764	170.5967	2.899558
1410	-139.2621	-309.5862	170.3241	3.063344
1416	-152.9082	-323.4281	170.5198	2.945956
1422	-154.3346	-324.3802	170.0456	3.228935
1428	-147.5025	-319.3862	171.8837	2.093144
1434	-139.1488	-309.1337	169.9849	3.2648
1440	-150.2053	-321.0731	170.8679	2.734705
1446	-157.7481	-329.0505	171.3024	2.465646
1452	-141.5036	-311.403	169.8994	3.315217
1458	-144.8818	-316.1511	171.2693	2.486431
1464	-142.6022	-312.3314	169.7292	3.415152
1470	-135.6104	-306.7852	171.1748	2.545393
1476	-140.6991	-311.6488	170.9497	2.684569
1482	-146.8541	-317.8038	170.9497	2.684569
1488	-142.2943	-312.8732	170.5789	2.910326
1494	-151.5377	-322.1166	170.5789	2.910326
1500	-156.29	-326.492	170.2019	3.136176
1506	-152.0718	-322.6018	170.5299	2.939853
1512	-149.6713	-320.0488	170.3775	3.031415
1518	-146.1026	-316.467	170.3644	3.039242
1524	-144.1594	-314.7147	170.5553	2.924544
1530	-139.0131	-309.3414	170.3283	3.06083
1536	-160.7133	-330.9915	170.2782	3.090769
1542	-149.0696	-320.2106	171.141	2.566407
1548	-147.075	-317.6564	170.5814	2.908829
1554	-159.447	-330.0284	170.5814	2.908829
1560	-158.4895	-329.6566	171.1672	2.550139
1566	-154.8873	-326.2338	171.3465	2.437985
1572	-148.5314	-319.8779	171.3465	2.437985
1578	-150.9275	-321.3215	170.394	3.021527
1584	-147.5139	-318.6768	171.1629	2.552801
1590	-139.9926	-312.1404	172.1478	1.91716
1596	-147.3008	-317.2092	169.9084	3.309913
1602	-146.8041	-318.1394	171.3353	2.445024
1608	-149.3878	-320.839	171.4512	2.371864
1614	-148.4149	-318.7577	170.3427	3.0522
1620	-147.5562	-318.2863	170.7301	2.81873
1626	-138.9769	-310.243	171.2661	2.488424
1632	-133.6681	-303.6998	170.0316	3.237175
1638	-135.7176	-306.636	170.9184	2.703737
1644	-137.9308	-309.3618	171.431	2.384645
1650	-138.8861	-310.3172	171.431	2.384645
1656	-141.5137	-311.8722	170.3585	3.042791
1662	-136.4203	-307.408	170.9878	2.661136
1668	-145.8305	-316.0753	170.2449	3.110612
1674	-128.6155	-299.416	170.8004	2.775911
1680	-126.957	-297.7223	170.7653	2.797332
1686	-141.5624	-311.9219	170.3595	3.042151
1692	-124.8122	-295.758	170.9458	2.686921
1698	-124.7795	-295.7254	170.9458	2.686921
1704	-130.4805	-301.4263	170.9458	2.686921
1710	-143.2861	-313.6064	170.3203	3.065611
1716	-123.2912	-294.885	171.5939	2.281028
1722	-127.0671	-298.5566	171.4895	2.347575
1728	-138.529	-309.5818	171.0529	2.620983
1734	-148.4334	-319.8247	171.3914	2.409716
1740	-142.7253	-314.2639	171.5386	2.316306
1746	-146.2883	-317.4869	171.1987	2.530521
1752	-147.0806	-318.808	171.7274	2.195011
1758	-145.983	-315.9633	169.9803	3.26751
1764	-137.2128	-308.6708	171.458	2.367571
1770	-136.4802	-306.3559	169.8757	3.329159
1776	-134.7059	-305.4079	170.702	2.835778
1782	-137.6383	-307.9022	170.2639	3.099266
1788	-137.3659	-309.035	171.669	2.232744
1794	-147.1249	-318.269	171.1441	2.564478
1800	-138.9133	-309.522	170.6086	2.892364
1806	-134.7446	-305.6565	170.912	2.70771
1812	-133.8847	-305.4667	171.582	2.288642
1818	-131.203	-302.2893	171.0862	2.600348
1824	-125.9284	-296.8273	170.8989	2.715724
1830	-131.0244	-301.9233	170.8989	2.715724
1836	-135.557	-306.5821	171.0251	2.638107
1842	-143.0884	-313.9433	170.8549	2.742651
1848	-155.2602	-325.5629	170.3027	3.076108
1854	-142.5228	-312.8255	170.3027	3.076108
1860	-152.8646	-323.1326	170.2679	3.096864
1866	-146.3234	-317.5788	171.2554	2.495088
1872	-147.6052	-317.0973	169.492	3.55361
1878	-133.1215	-304.6865	171.5651	2.299437
1884	-144.7331	-314.906	170.1729	3.153417
1890	-138.7223	-309.3365	170.6142	2.888997
1896	-152.2055	-322.8197	170.6142	2.888997
1902	-139.7654	-310.2521	170.4867	2.965886
1908	-138.2312	-309.9774	171.7462	2.182865
1914	-142.2756	-312.9497	170.6741	2.852707
1920	-147.5678	-317.9015	170.3336	3.057644
1926	-144.4485	-314.7822	170.3336	3.057644
1932	-149.2514	-319.7348	170.4834	2.96784
1938	-142.9689	-313.7343	170.7654	2.797258
1944	-145.4466	-315.7838	170.3372	3.055543
1950	-155.2839	-326.5373	171.2534	2.49633
1956	-159.1167	-328.8637	169.7471	3.404679
1962	-142.4147	-314.0172	171.6025	2.275486
1968	-141.0877	-312.7169	171.6293	2.258304
1974	-144.7882	-316.024	171.2357	2.507392
1980	-138.056	-309.2917	171.2357	2.507392
1986	-144.366	-316.2413	171.8753	2.098634
1992	-140.7294	-310.4392	169.7098	3.426521
1998	-139.1123	-309.116	170.0037	3.253686
2004	-140.5752	-309.5698	168.9946	3.841212
2010	-141.6191	-312.2413	170.6222	2.884133
2016	-143.6617	-314.4032	170.7416	2.811748
2022	-143.6787	-313.4749	169.7962	3.375895
2028	-148.3125	-319.4754	171.1629	2.552761
2034	-147.6281	-319.2485	171.6204	2.263993
2040	-154.5944	-325.3268	170.7324	2.817334
2046	-127.4439	-298.1764	170.7324	2.817334
2052	-143.2409	-313.5252	170.2843	3.087079
2058	-146.6339	-316.9182	170.2843	3.087079
2064	-150.6744	-321.5529	170.8784	2.728248
2070	-132.4848	-303.5613	171.0765	2.606401
2076	-130.4923	-302.0803	171.588	2.284768
2082	-131.6046	-302.8669	171.2622	2.490833
2088	-131.7864	-303.8517	172.0653	1.972677
2094	-137.6069	-308.709	171.1021	2.590526
2100	-128.376	-299.1563	170.7802	2.788237
2106	-133.7009	-304.4338	170.7329	2.817064
2112	-134.4362	-304.972	170.5358	2.936342
2118	-135.7446	-307.5852	171.8406	2.121372
2124	-138.644	-310.4846	171.8406	2.121372
2130	-138.7734	-308.598	169.8245	3.359229
2136	-129.786	-300.7257	170.9396	2.690728
2142	-132.4343	-303.374	170.9396	2.690728
2148	-126.9654	-297.905	170.9396	2.690728
2154	-133.8775	-304.3346	170.4571	2.98369
2160	-135.3049	-305.762	170.4571	2.98369
2166	-130.4573	-302.0348	171.5775	2.29148
2172	-136.47	-307.9383	171.4684	2.361011
2178	-143.001	-312.8848	169.8838	3.324383
2184	-131.2273	-301.5761	170.3488	3.048602
2190	-130.1217	-301.239	171.1173	2.581077
2196	-135.7579	-306.8752	171.1173	2.581077
2202	-147.2763	-317.9208	170.6445	2.870658
2208	-152.1623	-322.1896	170.0273	3.239721
2214	-150.5942	-321.2144	170.6202	2.885338
2220	-152.6433	-323.1409	170.4976	2.95932
2226	-149.0927	-319.5903	170.4976	2.95932
2232	-146.7618	-317.4493	170.6875	2.84462
2238	-146.0675	-317.0146	170.9471	2.686162
2244	-135.3721	-306.2351	170.863	2.73767
2250	-142.1185	-312.9816	170.863	2.73767
2256	-145.9827	-316.783	170.8003	2.775986
2262	-146.5159	-315.9403	169.4244	3.592941
2268	-144.8784	-316.0625	171.1841	2.539589
2274	-153.2901	-324.7504	171.4603	2.366119
2280	-149.3126	-319.8724	170.5598	2.921829
2286	-129.6067	-300.792	171.1852	2.538886
2292	-135.2144	-306.0778	170.8634	2.737456
2298	-125.2233	-296.0867	170.8634	2.737456
2304	-128.9945	-300.1121	171.1176	2.580898
2310	-146.3248	-316.8529	170.5281	2.940936
2316	-144.214	-314.7943	170.5803	2.909454
2322	-150.0109	-320.2186	170.2077	3.132755
2328	-159.2994	-329.2388	169.9395	3.291601
2334	-139.3904	-311.0634	171.6729	2.230225
2340	-153.1129	-323.7952	170.6823	2.847751
2346	-141.7536	-312.8552	171.1016	2.590857
2352	-134.7585	-305.427	170.6685	2.856151
2358	-152.6136	-323.282	170.6685	2.856151
2364	-147.7856	-318.1232	170.3376	3.055279
2370	-135.6488	-305.9864	170.3376	3.055279
2376	-144.0804	-314.2393	170.1589	3.161741
2382	-154.1835	-325.52	171.3364	2.444307
2388	-140.8499	-311.6613	170.8115	2.769184
2394	-141.1588	-311.5027	170.3438	3.051548
2400	-135.9356	-307.0138	171.0782	2.605294
2406	-138.2083	-309.4749	171.2666	2.488111
2412	-137.0569	-308.1601	171.1032	2.58985
2418	-128.1393	-299.7003	171.561	2.302053
2424	-146.175	-315.345	169.17	3.740231
2430	-141.6899	-313.1789	171.489	2.34791
2436	-140.169	-310.6727	170.5037	2.955643
2442	-142.4177	-313.4309	171.0132	2.645476
2448	-137.4352	-308.6927	171.2575	2.493808
2454	-133.1866	-303.4506	170.264	3.099233
2460	-139.7503	-310.263	170.5127	2.950224
2466	-145.5382	-315.3101	169.772	3.390082
2472	-148.0293	-319.5174	171.488	2.348534
2478	-145.3864	-317.3276	171.9412	2.055228
2484	-134.3849	-306.5073	172.1225	1.934256
2490	-137.069	-307.8204	170.7514	2.805788
2496	-141.7703	-310.327	168.5567	4.091764
2502	-142.4627	-311.5908	169.128	3.764422
2508	-132.5132	-303.8839	171.3707	2.422728
2514	-139.7267	-312.044	172.3173	1.801216
2520	-137.1264	-308.3263	171.1999	2.529739
2526	-127.4572	-298.8879	171.4307	2.384884
2532	-135.869	-306.4568	170.5877	2.904988
2538	-130.4491	-301.7703	171.3212	2.453884
2544	-143.8924	-314.9913	171.099	2.592458
2550	-151.8065	-323.5396	171.7331	2.19135
2556	-148.7215	-320.4711	171.7496	2.180651
2562	-157.551	-328.3932	170.8422	2.750428
2568	-144.9961	-315.8577	170.8616	2.738564
2574	-148.0744	-318.936	170.8616	2.738564
2580	-141.9	-313.6762	171.7762	2.163403
2586	-142.1472	-313.6671	171.5198	2.328296
2592	-143.5443	-314.9437	171.3994	2.404646
2598	-142.0527	-312.0562	170.0035	3.253825
2604	-132.7617	-303.1469	170.3853	3.026763
2610	-126.8736	-298.0819	171.2083	2.52453
2616	-127.2014	-299.0806	171.8792	2.096089
2622	-122.8419	-294.5983	171.7564	2.176217
2628	-125.708	-297.0768	171.3688	2.423959
2634	-129.6833	-300.6506	170.9673	2.673749
2640	-126.2652	-297.4692	171.204	2.527201
2646	-122.7373	-294.0407	171.3034	2.465056
2652	-132.143	-302.4819	170.3389	3.054516
2658	-122.4822	-293.1411	170.6589	2.861919
2664	-129.3944	-299.1067	169.7124	3.425016
2670	-131.7228	-301.6551	169.9323	3.295823
2676	-136.3592	-306.4183	170.0591	3.220905
2682	-131.9816	-302.0113	170.0297	3.238313
2688	-143.3426	-312.8708	169.5281	3.532595
2694	-139.5507	-310.152	170.6013	2.896802
2700	-127.0193	-298.6062	171.5869	2.285457
2706	-126.6079	-298.0818	171.4739	2.357505
2712	-142.8705	-313.7663	170.8959	2.717562
2718	-134.5375	-305.5548	171.0173	2.642929
2724	-131.7788	-302.4407	170.662	2.860079
2730	-134.7481	-304.6314	169.8833	3.324678
2736	-133.3932	-302.6004	169.2072	3.718757
2742	-141.1994	-311.6662	170.4668	2.977869
2748	-141.5752	-310.8749	169.2997	3.665243
2754	-141.3506	-310.8723	169.5217	3.536334
2760	-136.2983	-306.3318	170.0334	3.236119
2766	-149.2546	-320.7855	171.5308	2.321285
2772	-147.6943	-318.9284	171.2341	2.50841
2778	-150.8312	-320.0519	169.2207	3.71095
2784	-142.6629	-313.5045	170.8415	2.750834
2790	-133.7133	-305.2348	171.5214	2.32727
2796	-146.8037	-317.1906	170.3869	3.025775
2802	-156.1593	-326.5967	170.4374	2.995481
2808	-152.2373	-322.7081	170.4708	2.975459
2814	-150.8713	-321.3975	170.5262	2.942105
2820	-155.1891	-325.7153	170.5262	2.942105
2826	-144.5413	-314.6723	170.1309	3.178361
2832	-134.9808	-305.8593	170.8785	2.728226
2838	-141.7702	-312.6661	170.8959	2.71755
2844	-139.1212	-309.6798	170.5586	2.922593
2850	-133.4422	-303.6458	170.2036	3.135189
2856	-134.9119	-305.809	170.8971	2.716807
2862	-144.8073	-315.3834	170.5761	2.912018
2868	-137.6555	-308.145	170.4896	2.964157
2874	-138.3355	-309.4433	171.1078	2.586982
2880	-126.9565	-297.7545	170.798	2.777395
2886	-138.6591	-310.2036	171.5444	2.312611
2892	-128.831	-300.0804	171.2494	2.498852
2898	-137.9056	-308.4035	170.4979	2.959157
2904	-122.7984	-293.7557	170.9573	2.679886
2910	-130.2343	-301.4056	171.1713	2.547557
2916	-142.9262	-313.8799	170.9538	2.682041
2922	-140.2961	-311.4733	171.1771	2.543941
2928	-136.0391	-305.9927	169.9537	3.28323
2934	-133.8887	-305.1637	171.275	2.482818
2940	-133.8235	-304.2164	170.3929	3.022192
2946	-139.6053	-309.9982	170.3929	3.022192
2952	-143.104	-314.3605	171.2566	2.494388
2958	-141.1063	-312.2259	171.1195	2.579706
2964	-135.3582	-305.1707	169.8125	3.366293
2970	-138.4125	-308.3435	169.931	3.296582
2976	-130.7204	-301.7646	171.0442	2.626334
2982	-139.4798	-309.8185	170.3387	3.054632
2988	-147.6081	-318.8344	171.2263	2.513298
2994	-150.912	-321.4681	170.5561	2.924078
3000	-146.1231	-317.5779	171.4548	2.369575
3006	-130.1718	-301.4382	171.2665	2.48818
3012	-127.9801	-299.2665	171.2864	2.475689
3018	-120.6335	-291.9199	171.2864	2.475689
3024	-135.7957	-306.8296	171.0339	2.632674
3030	-154.8056	-325.1132	170.3076	3.073174
3036	-151.217	-321.6411	170.4241	3.003493
3042	-143.5652	-315.0168	171.4517	2.371594
3048	-145.7372	-316.0858	170.3485	3.048736
3054	-135.2748	-306.9104	171.6355	2.254291
3060	-142.2401	-313.6865	171.4464	2.374913
3066	-124.6363	-295.5726	170.9363	2.692756
3072	-138.2913	-309.3893	171.0981	2.593007
3078	-146.9323	-317.6081	170.6758	2.851724
3084	-148.4313	-319.4188	170.9875	2.6613
3090	-150.8563	-321.5045	170.6482	2.868439
3096	-151.1134	-321.6683	170.5548	2.924843
3102	-142.9422	-314.0921	171.1499	2.56089
3108	-145.2101	-315.9628	170.7527	2.805
3114	-144.9629	-315.2438	170.2809	3.089139
3120	-141.3951	-311.2462	169.8511	3.343625
3126	-140.2375	-310.6335	170.396	3.020341
3132	-151.753	-321.8934	170.1404	3.172766
3138	-155.2321	-325.2478	170.0157	3.246576
3144	-158.7392	-328.2681	169.5288	3.532198
3150	-152.0239	-321.5527	169.5288	3.532198
3156	-147.195	-317.4155	170.2204	3.12516
3162	-149.8589	-319.4751	169.6162	3.481227
3168	-147.8293	-318.4274	170.5981	2.898707
3174	-143.0519	-313.6012	170.5493	2.928188
3180	-140.7553	-311.1306	170.3753	3.03272
3186	-146.5738	-317.2436	170.6698	2.855356
3192	-140.6674	-311.4151	170.7477	2.80804
3198	-150.484	-321.8559	171.3719	2.421958
3204	-140.0259	-310.1767	170.1508	3.166558
3210	-137.8021	-308.6389	170.8367	2.753753
3216	-140.5298	-312.2638	171.7339	2.190809
3222	-149.33	-320.3722	171.0422	2.627584
3228	-155.2381	-324.7162	169.478	3.561765
3234	-149.4921	-320.6764	171.1843	2.539472
3240	-139.4924	-309.8077	170.3153	3.068595
3246	-151.5536	-322.9095	171.3558	2.432097
3252	-149.6076	-320.8625	171.2549	2.495408
3258	-140.1817	-310.3863	170.2046	3.134601
3264	-128.6642	-299.5725	170.9082	2.709992
3270	-137.0568	-308.0191	170.9623	2.676814
3276	-133.9957	-305.4934	171.4976	2.342417
3282	-142.454	-312.3691	169.9151	3.305957
3288	-141.9943	-312.0126	170.0183	3.245053
3294	-137.0144	-307.792	170.7776	2.789817
3300	-153.4505	-323.4435	169.993	3.259989
3306	-156.4837	-326.4767	169.993	3.259989
3312	-159.0924	-329.754	170.6617	2.860255
3318	-140.219	-310.7509	170.5319	2.938683
3324	-143.4117	-314.9172	171.5055	2.337409
3330	-135.5213	-307.079	171.5576	2.30418
3336	-128.1133	-299.8072	171.6939	2.216688
3342	-134.2686	-305.8848	171.6162	2.266697
3348	-135.2728	-305.6073	170.3345	3.057122
3354	-140.8396	-312.6788	171.8392	2.122275
3360	-139.3731	-310.2008	170.8277	2.759262
3366	-138.5894	-310.535	171.9456	2.052317
3372	-144.4743	-313.047	168.5728	4.082638
3378	-136.5291	-307.1249	170.5959	2.900063
3384	-132.7733	-303.5601	170.7868	2.784203
3390	-147.9198	-318.836	170.9162	2.705143
3396	-146.2954	-317.5011	171.2057	2.526112
3402	-148.8737	-318.2599	169.3862	3.615103
3408	-137.3758	-308.478	171.1022	2.590446
3414	-141.1967	-312.2437	171.047	2.624609
3420	-142.4689	-313.5159	171.047	2.624609
3426	-131.9441	-303.0122	171.0681	2.611568
3432	-144.1092	-314.1893	170.0801	3.208484
3438	-156.9388	-327.0189	170.0801	3.208484
3444	-154.5157	-324.5903	170.0747	3.211719
3450	-146.7243	-317.9564	171.2321	2.509654
3456	-150.2087	-320.6245	170.4158	3.008442
3462	-143.3077	-313.5825	170.2749	3.09272
3468	-151.3542	-321.9286	170.5744	2.913032
3474	-157.6687	-327.3503	169.6815	3.443064
3480	-150.2437	-320.8488	170.6051	2.894504
3486	-154.8795	-326.3406	171.4612	2.365552
3492	-145.1709	-315.7216	170.5507	2.92734
3498	-148.2861	-317.64	169.3539	3.633836
3504	-154.6803	-323.9409	169.2606	3.687853
3510	-146.0235	-315.9697	169.9461	3.287663
3516	-142.7412	-313.3871	170.6459	2.8698
3522	-151.7621	-322.3378	170.5757	2.912255
3528	-139.4046	-311.111	171.7064	2.208624
3534	-136.2949	-306.8104	170.5155	2.948532
3540	-148.9915	-319.4251	170.4337	2.997739
3546	-148.2974	-318.5932	170.2957	3.080284
3552	-155.7446	-324.7731	169.0286	3.821703
3558	-162.6027	-332.7701	170.1674	3.156711
3564	-157.834	-328.0014	170.1674	3.156711
3570	-153.4038	-322.6263	169.2225	3.709888
3576	-139.0728	-310.0285	170.9557	2.680879
3582	-142.0791	-311.7377	169.6587	3.456423
3588	-152.0552	-322.8171	170.7619	2.799375
3594	-160.4506	-330.5798	170.1292	3.179374
3600	-154.0358	-325.7819	171.7461	2.182915
3606	-148.0724	-319.8843	171.8118	2.140171
3612	-147.8028	-318.3492	170.5464	2.929934
3618	-146.7369	-317.2991	170.5622	2.920392
3624	-143.5343	-314.0965	170.5622	2.920392
3630	-137.3008	-307.1603	169.8595	3.338679
3636	-126.504	-297.496	170.992	2.658544
3642	-149.299	-321.3843	172.0853	1.959267
3648	-141.6978	-312.9394	171.2417	2.50369
3654	-137.726	-308.9676	171.2417	2.50369
3660	-143.2933	-314.1482	170.8549	2.742641
3666	-137.3109	-308.607	171.2961	2.469638
3672	-130.9803	-301.1788	170.1985	3.138195
3678	-126.5996	-297.8199	171.2203	2.517017
3684	-131.3842	-301.9698	170.5856	2.906251
3690	-126.7052	-296.9939	170.2887	3.084495
3696	-141.9925	-312.8013	170.8088	2.77079
3702	-136.104	-306.5793	170.4754	2.972694
3708	-151.9081	-322.0474	170.1392	3.173427
3714	-146.2812	-317.8443	171.5631	2.300685
3720	-142.1004	-313.0548	170.9544	2.681666
3726	-141.5745	-311.6948	170.1203	3.184689
3732	-133.0361	-303.4415	170.4054	3.014676
3738	-131.4281	-302.9241	171.496	2.343486
3744	-133.4554	-304.2227	170.7673	2.79609
3750	-144.8333	-315.6006	170.7673	2.79609
3756	-139.7917	-311.3331	171.5415	2.314498
3762	-147.0059	-318.5473	171.5415	2.314498
3768	-117.8798	-289.6701	171.7904	2.154153
3774	-126.7509	-298.1416	171.3907	2.410146
3780	-126.6877	-297.7235	171.0358	2.631507
3786	-137.7866	-308.8747	171.0881	2.599185
3792	-146.0635	-316.3529	170.2893	3.084103
3798	-146.5471	-316.6797	170.1326	3.177344
3804	-150.3788	-320.2184	169.8396	3.350384
3810	-151.5746	-323.1476	171.573	2.294378
3816	-153.2822	-324.0757	170.7935	2.780146
3822	-149.8692	-320.0294	170.1601	3.161015
3828	-147.8038	-317.3865	169.5827	3.500791
3834	-139.8835	-310.616	170.7325	2.817278
3840	-139.7622	-309.8152	170.053	3.224542
3846	-140.5385	-311.9003	171.3618	2.428322
3852	-137.5254	-308.8872	171.3618	2.428322
3858	-137.3957	-307.1839	169.7883	3.380531
3864	-144.4623	-315.0655	170.6033	2.895603
3870	-140.8873	-311.3225	170.4352	2.996793
3876	-132.663	-304.364	171.701	2.212133
3882	-141.6456	-313.4155	171.7699	2.167489
3888	-137.3075	-308.4174	171.1099	2.585701
3894	-138.9612	-310.2861	171.3249	2.451562
3900	-130.1227	-301.179	171.0563	2.618843
3906	-133.4278	-304.4842	171.0563	2.618843
3912	-152.2819	-323.6647	171.3828	2.415118
3918	-138.3465	-308.9485	170.602	2.896372
3924	-140.6917	-311.2937	170.602	2.896372
3930	-140.9868	-310.7916	169.8048	3.370838
3936	-135.6448	-307.1861	171.5413	2.314605
3942	-135.684	-307.2253	171.5413	2.314605
3948	-133.0231	-303.3819	170.3588	3.04259
3954	-137.9465	-307.0001	169.0536	3.807309
3960	-129.0376	-300.7877	171.7501	2.18031
3966	-127.4875	-299.3209	171.8334	2.126067
3972	-142.6509	-314.2322	171.5813	2.289058
3978	-132.4444	-303.0776	170.6332	2.877489
3984	-139.6911	-310.3244	170.6332	2.877489
3990	-145.2712	-316.2104	170.9392	2.691002
3996	-145.781	-316.9372	171.1562	2.55694
4002	-140.532	-310.555	170.023	3.242286
4008	-133.8383	-304.4164	170.5781	2.910799
4014	-130.7076	-301.4619	170.7543	2.804007
4020	-130.2208	-301.2809	171.06	2.616544
4026	-126.9286	-298.1621	171.2335	2.508773
4032	-132.7051	-303.5469	170.8417	2.750696
4038	-137.4977	-307.0847	169.587	3.498259
4044	-140.9083	-311.6957	170.7875	2.783817
4050	-145.148	-315.657	170.509	2.952454
4056	-156.4062	-326.9152	170.509	2.952454
4062	-144.1394	-314.9713	170.8318	2.756756
4068	-151.0747	-321.613	170.5382	2.934852
4074	-139.0269	-309.0663	170.0395	3.232545
4080	-136.9906	-307.0301	170.0395	3.232545
4086	-137.0996	-308.0884	170.9888	2.6605
4092	-142.0542	-313.8006	171.7464	2.18276
4098	-146.8476	-317.4529	170.6053	2.894379
4104	-151.3198	-321.5642	170.2444	3.110916
4110	-148.5317	-318.7246	170.1929	3.141524
4116	-147.3981	-318.2104	170.8122	2.768708
4122	-150.124	-321.5589	171.4348	2.382251
4128	-134.457	-305.7997	171.3427	2.440368
4134	-125.419	-296.7617	171.3427	2.440368
4140	-137.7185	-307.6176	169.8991	3.315359
4146	-145.5708	-316.3626	170.7918	2.78118
4152	-150.4472	-320.4913	170.0441	3.229817
4158	-147.5383	-318.3205	170.7822	2.787016
4164	-145.465	-315.7474	170.2824	3.088237
4170	-139.2564	-309.5388	170.2824	3.088237
4176	-139.0201	-309.3025	170.2824	3.088237
4182	-144.5181	-316.0816	171.5635	2.30045
4188	-141.5535	-312.6356	171.0821	2.602908
4194	-159.0091	-330.4239	171.4147	2.39495
4200	-141.7227	-311.2604	169.5376	3.527051
4206	-136.0238	-307.0607	171.0369	2.630833
4212	-134.2591	-305.296	171.0369	2.630833
4218	-140.7101	-312.2143	171.5043	2.338199
4224	-134.8615	-306.4461	171.5845	2.286998
4230	-127.3219	-298.9941	171.6722	2.23071
4236	-133.6558	-303.7698	170.1139	3.188454
4242	-142.2297	-312.1641	169.9345	3.294536
4248	-153.2699	-323.1984	169.9285	3.298051
4254	-143.6379	-312.9315	169.2936	3.668785
4260	-162.7935	-331.6812	168.8877	3.902631
4266	-149.217	-320.2381	171.0211	2.640603
4272	-148.6268	-319.7674	171.1406	2.566632
4278	-141.5933	-312.9177	171.3243	2.451902
4284	-146.5502	-317.2749	170.7247	2.822003
4290	-155.1268	-324.2172	169.0904	3.786135
4296	-156.6062	-327.327	170.7208	2.824362
4302	-150.844	-321.9188	171.0748	2.607426
4308	-154.368	-325.9082	171.5402	2.315284
4314	-145.8614	-315.3625	169.5011	3.54832
4320	-133.9225	-303.6371	169.7146	3.423677
4326	-137.7115	-308.5641	170.8526	2.744069
4332	-143.795	-314.4854	170.6903	2.842882
4338	-139.7219	-310.9378	171.2159	2.519781
4344	-130.4855	-301.8904	171.405	2.401129
4350	-139.9551	-310.0293	170.0742	3.211991
4356	-144.5899	-314.7683	170.1784	3.150177
4362	-143.7154	-313.1106	169.3952	3.609872
4368	-150.2427	-320.2683	170.0256	3.240736
4374	-142.1859	-313.0671	170.8812	2.726571
4380	-136.2211	-307.1296	170.9085	2.709861
4386	-135.3913	-306.1349	170.7436	2.81053
4392	-138.0405	-308.8262	170.7857	2.784923
4398	-140.9873	-312.0395	171.0522	2.621387
4404	-138.1772	-307.9573	169.7801	3.385313
4410	-133.8901	-303.6702	169.7801	3.385313
4416	-145.3825	-315.342	169.9595	3.279794
4422	-148.4369	-319.4376	171.0007	2.65319
4428	-147.5023	-318.4935	170.9912	2.659026
4434	-146.0618	-316.0628	170.001	3.255293
4440	-141.2878	-313.3896	172.1018	1.948194
4446	-141.2377	-312.9545	171.7168	2.201897
4452	-126.8288	-297.6952	170.8664	2.735602
4458	-128.4597	-299.9643	171.5046	2.337976
4464	-132.3223	-303.7446	171.4224	2.390125
4470	-137.9337	-307.7434	169.8097	3.367942
4476	-141.7703	-312.7979	171.0276	2.636601
4482	-137.9431	-308.1886	170.2455	3.110233
4488	-140.5391	-310.3012	169.7621	3.395865
4494	-148.4807	-319.0358	170.5552	2.924632
4500	-147.2535	-317.8087	170.5552	2.924632
4506	-129.5277	-299.8718	170.3441	3.051365
4512	-149.687	-321.2467	171.5598	2.302827
4518	-142.814	-313.9073	171.0932	2.596021
4524	-134.4299	-305.8974	171.4676	2.361514
4530	-130.4853	-301.2464	170.7611	2.79986
4536	-130.4538	-300.7248	170.2711	3.095005
4542	-129.4659	-300.6702	171.2044	2.52697
4548	-138.8895	-310.0938	171.2044	2.52697
4554	-137.4633	-308.5574	171.0941	2.595479
4560	-147.1772	-316.5706	169.3934	3.610931
4566	-145.5734	-317.1674	171.594	2.280923
4572	-136.372	-307.4585	171.0866	2.60014
4578	-133.7288	-303.6591	169.9303	3.296978
4584	-136.6122	-306.5425	169.9303	3.296978
4590	-139.8038	-311.5875	171.7837	2.158517
4596	-140.2024	-310.8255	170.6231	2.883588
4602	-135.3827	-305.6658	170.283	3.087864
4608	-139.222	-310.1625	170.9406	2.690163
4614	-145.9496	-317.4572	171.5076	2.336077
4620	-148.8382	-319.3689	170.5307	2.939387
4626	-136.4967	-307.0274	170.5307	2.939387
4632	-138.9655	-309.9174	170.9519	2.683206
4638	-153.1724	-324.1242	170.9519	2.683206
4644	-147.3858	-318.5196	171.1337	2.570899
4650	-138.0358	-308.8963	170.8606	2.739181
4656	-138.0451	-309.0425	170.9974	2.655175
4662	-148.5642	-319.6892	171.125	2.576307
4668	-149.6544	-319.6971	170.0427	3.230658
4674	-146.3007	-317.1719	170.8711	2.732728
4680	-137.6838	-307.4431	169.7593	3.397504
4686	-133.9351	-304.9589	171.0238	2.638955
4692	-138.4307	-308.6591	170.2284	3.120423
4698	-148.1481	-318.8936	170.7455	2.809363
4704	-140.948	-310.6827	169.7346	3.411961
4710	-146.7099	-316.7538	170.0439	3.229916
4716	-141.7188	-313.1028	171.384	2.414359
4722	-139.5855	-311.0568	171.4713	2.359142
4728	-141.8815	-313.3528	171.4713	2.359142
4734	-147.7727	-319.1557	171.383	2.415011
4740	-140.7235	-311.858	171.1345	2.570408
4746	-136.8762	-308.824	171.9478	2.050861
4752	-136.0812	-306.7968	170.7157	2.82749
4758	-130.3277	-301.5079	171.1802	2.542002
4764	-125.6617	-296.6875	171.0258	2.637689
4770	-135.2306	-306.3896	171.159	2.555182
4776	-131.5227	-302.48	170.9572	2.679916
4782	-134.0679	-304.9638	170.8959	2.717542
4788	-129.3332	-300.072	170.7388	2.813449
4794	-136.4583	-307.7603	171.3021	2.465874
4800	-135.3495	-306.2227	170.8732	2.731468
4806	-136.816	-307.5112	170.6952	2.839955
4812	-135.505	-305.9275	170.4225	3.00445
4818	-148.7057	-319.3514	170.6457	2.869917
4824	-154.6365	-323.8389	169.2024	3.721483
4830	-156.9226	-327.3965	170.4739	2.973569
4836	-137.8589	-308.3479	170.4889	2.964529
4842	-138.5928	-309.7809	171.1881	2.537109
4848	-147.8793	-318.1843	170.305	3.074755
4854	-139.2504	-310.591	171.3406	2.441659
4860	-138.356	-309.093	170.737	2.814554
4866	-152.4765	-323.4715	170.995	2.656661
4872	-152.5752	-323.8029	171.2276	2.512445
4878	-150.7942	-322.1427	171.3485	2.436737
4884	-143.1399	-314.8875	171.7476	2.181956
4890	-142.582	-313.8841	171.3021	2.465882
4896	-146.7943	-317.3786	170.5843	2.907077
4902	-136.4417	-307.3354	170.8936	2.718945
4908	-142.019	-313.4886	171.4696	2.360248
4914	-136.5189	-307.9094	171.3905	2.410247
4920	-150.1785	-321.569	171.3905	2.410247
4926	-143.6733	-314.4296	170.7563	2.802805
4932	-144.9349	-314.3333	169.3984	3.607994
4938	-146.4772	-317.2336	170.7564	2.802758
4944	-155.7976	-326.5015	170.704	2.834615
4950	-149.3974	-320.5598	171.1624	2.553092
4956	-134.6547	-306.3049	171.6501	2.244897
4962	-133.5839	-304.2548	170.6709	2.854683
4968	-134.7176	-305.3334	170.6158	2.888016
4974	-138.686	-309.3738	170.6878	2.844424
4980	-143.5761	-315.6316	172.0554	1.979286
4986	-140.5163	-312.1496	171.6333	2.255698
4992	-139.4429	-310.6146	171.1717	2.547311
4998	-145.0484	-316.531	171.4826	2.351998
5004	-135.4176	-305.9878	170.5702	2.915599
5010	-146.0987	-316.6689	170.5702	2.915599
5016	-143.8907	-314.168	170.2773	3.091305
5022	-147.0137	-317.2909	170.2773	3.091305
5028	-134.0491	-304.736	170.6869	2.844994
5034	-137.96	-308.1125	170.1525	3.165542
5040	-137.7428	-308.3311	170.5883	2.904656
5046	-133.1733	-304.1065	170.9332	2.6947
5052	-137.6328	-307.5266	169.8938	3.318482
5058	-131.7163	-302.0463	170.33	3.05981
5064	-135.969	-307.1291	171.1601	2.554507
5070	-133.1645	-303.7006	170.5362	2.9361
5076	-138.4167	-308.605	170.1883	3.14431
5082	-146.6735	-318.0324	171.3589	2.430141
5088	-146.3157	-315.2269	168.9112	3.889147
5094	-160.4886	-331.6977	171.2091	2.524025
5100	-151.0552	-320.6444	169.5892	3.497013
5106	-138.5271	-308.6185	170.0914	3.201827
5112	-131.5106	-302.5162	171.0056	2.650175
5118	-139.5671	-310.6818	171.1147	2.582737
5124	-139.1539	-309.6025	170.4486	2.988794
5130	-140.8633	-311.3119	170.4486	2.988794
5136	-136.28	-306.7243	170.4443	2.991345
5142	-137.6315	-308.6836	171.0521	2.621443
5148	-151.6486	-320.933	169.2844	3.674076
5154	-139.483	-310.8088	171.3259	2.450942
5160	-147.1656	-318.6848	171.5191	2.328755
5166	-145.4204	-316.1544	170.734	2.816383
5172	-148.8539	-319.0658	170.2119	3.130237
5178	-137.1468	-308.1186	170.9718	2.670975
5184	-135.8148	-305.7966	169.9818	3.266642
5190	-138.4694	-309.6838	171.2144	2.520733
5196	-137.8768	-308.7863	170.9094	2.709275
5202	-125.7527	-296.6377	170.885	2.724248
5208	-142.658	-314.5957	171.9377	2.057563
5214	-147.4719	-317.9272	170.4554	2.984708
5220	-142.7327	-313.6146	170.8819	2.726131
5226	-141.4757	-312.1961	170.7204	2.824643
5232	-142.1943	-312.8081	170.6138	2.889251
5238	-143.6516	-314.5733	170.9217	2.701764
5244	-151.1961	-321.0374	169.8413	3.349391
5250	-148.9954	-320.7143	171.7189	2.200563
5256	-156.1355	-325.7512	169.6157	3.481505
5262	-147.9965	-319.4571	171.4606	2.365947
5268	-140.8461	-311.1999	170.3539	3.045556
5274	-138.6645	-309.2607	170.5963	2.899842
5280	-126.2658	-297.5003	171.2345	2.508158
5286	-141.6933	-312.9278	171.2345	2.508158
5292	-145.3431	-315.7937	170.4506	2.987567
5298	-142.8002	-313.9941	171.1939	2.533505
5304	-139.3504	-309.8259	170.4755	2.972603
5310	-137.67	-308.6287	170.9587	2.679029
5316	-142.9397	-313.7442	170.8045	2.773445
5322	-133.8605	-304.1723	170.3118	3.0707
5328	-141.7981	-312.0791	170.281	3.08905
5334	-145.0098	-316.3491	171.3392	2.442542
5340	-136.7367	-306.7729	170.0362	3.234491
5346	-143.0824	-314.7739	171.6915	2.21825
5352	-138.7631	-308.7172	169.9541	3.28296
5358	-143.6402	-314.0274	170.3873	3.02556
5364	-146.0329	-316.6298	170.597	2.899419
5370	-138.2898	-309.004	170.7142	2.828396
5376	-147.0995	-319.0093	171.9098	2.075922
5382	-134.7012	-305.3378	170.6365	2.875478
5388	-126.1536	-297.0358	170.8822	2.725945
5394	-133.4672	-304.9274	171.4602	2.366207
5400	-141.7566	-313.7843	172.0277	1.997835
5406	-147.4742	-317.588	170.1138	3.18852
5412	-146.0812	-316.3176	170.2364	3.115658
5418	-140.5908	-312.0013	171.4105	2.397623
5424	-142.063	-312.8005	170.7375	2.814253
5430	-143.1611	-312.5754	169.4143	3.598782
5436	-151.3587	-321.432	170.0733	3.212525
5442	-151.6329	-321.7062	170.0733	3.212525
5448	-135.2251	-306.2458	171.0207	2.640824
5454	-134.6374	-306.3235	171.6862	2.221698
5460	-126.4618	-297.1831	170.7213	2.824092
5466	-130.4477	-301.1684	170.7207	2.824462
5472	-129.3165	-300.0599	170.7434	2.810673
5478	-133.6857	-304.8848	171.1991	2.530229
5484	-141.7516	-312.6388	170.8872	2.722916
5490	-137.3615	-308.6384	171.2769	2.481671
5496	-135.8847	-307.3261	171.4414	2.378085
5502	-141.0919	-312.3716	171.2796	2.479952
5508	-145.1882	-315.5712	170.3831	3.028076
5514	-136.1374	-307.4258	171.2884	2.47447
5520	-138.8662	-310.7033	171.8371	2.123641
5526	-140.7695	-311.3201	170.5505	2.927445
5532	-136.0962	-308.6078	172.5116	1.664645
5538	-130.9271	-302.9011	171.974	2.033553
5544	-134.6355	-306.3796	171.7441	2.184242
5550	-136.5099	-306.4369	169.927	3.298935
5556	-148.8517	-319.5085	170.6567	2.863257
5562	-149.4407	-320.6851	171.2444	2.501967
5568	-154.2313	-325.8989	171.6677	2.233607
5574	-143.0542	-313.887	170.8328	2.756178
5580	-147.5142	-318.6736	171.1594	2.554973
5586	-142.3063	-313.4656	171.1594	2.554973
5592	-138.0282	-309.806	171.7778	2.162341
5598	-142.522	-314.2998	171.7778	2.162341
5604	-147.3785	-318.6805	171.302	2.465894
5610	-142.2403	-312.1866	169.9462	3.287602
5616	-132.5798	-302.3609	169.781	3.384773
5622	-141.3748	-311.7812	170.4064	3.01407
5628	-137.9928	-308.597	170.6042	2.895025
5634	-135.9785	-306.7179	170.7394	2.813105
5640	-132.8911	-303.4414	170.5503	2.927585
5646	-138.8248	-309.8606	171.0358	2.631527
5652	-134.0755	-304.7208	170.6453	2.870189
5658	-144.397	-314.4633	170.0663	3.21664
5664	-138.5874	-308.6537	170.0663	3.21664
5670	-132.5993	-304.0065	171.4072	2.399693
5676	-131.5925	-301.9698	170.3773	3.031545
5682	-131.6573	-302.5858	170.9285	2.697566
5688	-153.3453	-323.3901	170.0449	3.229352
5694	-138.1121	-309.4639	171.3517	2.43468
5700	-125.0185	-296.6922	171.6736	2.229774
5706	-149.9981	-319.1973	169.1992	3.723382
5712	-142.5478	-313.3692	170.8213	2.763166
5718	-154.4988	-324.396	169.8972	3.316477
5724	-150.812	-322.2486	171.4366	2.381126
5730	-144.7899	-315.6704	170.8805	2.726995
5736	-153.1583	-324.1072	170.9489	2.685018
5742	-145.564	-316.5243	170.9603	2.678048
5748	-144.7996	-315.0915	170.2919	3.082573
5754	-129.3001	-300.9524	171.6523	2.243514
5760	-131.7025	-303.1455	171.443	2.377064
5766	-134.9142	-306.7556	171.8413	2.120883
5772	-133.7982	-305.3965	171.5982	2.278219
5778	-123.407	-294.9905	171.5835	2.287656
5784	-123.6039	-295.1844	171.5805	2.289553
5790	-122.2001	-293.1002	170.9001	2.714972
5796	-125.1629	-296.1208	170.9579	2.679526
5802	-131.8421	-302.4099	170.5678	2.917036
5808	-136.1915	-306.9931	170.8016	2.775188
5814	-151.3745	-322.1761	170.8016	2.775188
5820	-154.488	-324.8817	170.3937	3.02171
5826	-143.8225	-315.6896	171.8671	2.103988
5832	-140.2191	-311.3218	171.1027	2.590177
5838	-148.1764	-318.2976	170.1212	3.184137
5844	-142.1636	-313.3502	171.1866	2.538007
5850	-138.775	-309.9617	171.1866	2.538007
5856	-140.7107	-310.8513	170.1406	3.172636
5862	-147.9754	-318.116	170.1406	3.172636
5868	-136.8086	-308.1809	171.3723	2.42174
5874	-142.2631	-313.6354	171.3723	2.42174
5880	-133.486	-304.6831	171.1971	2.53149
5886	-128.5185	-299.4657	170.9472	2.686103
5892	-132.3527	-303.0808	170.7281	2.819929
5898	-127.5381	-299.1177	171.5796	2.290173
5904	-132.5825	-304.162	171.5796	2.290173
5910	-148.1471	-319.9713	171.8241	2.132158
5916	-150.3225	-322.4544	172.1319	1.9279
5922	-146.5132	-318.382	171.8688	2.102908
5928	-144.7728	-314.1087	169.3359	3.644291
5934	-135.3059	-305.2817	169.9758	3.270163
5940	-135.8366	-307.2271	171.3905	2.410263
5946	-144.5737	-315.1751	170.6014	2.896753
5952	-150.2122	-321.237	171.0248	2.638319
5958	-143.7044	-314.3596	170.6553	2.864139
5964	-148.2016	-318.6791	170.4774	2.971446
5970	-146.744	-317.2215	170.4774	2.971446
5976	-150.3331	-321.2988	170.9657	2.674722
5982	-157.6215	-327.5018	169.8803	3.326418
5988	-157.8635	-327.7439	169.8803	3.326418
5994	-158.3923	-328.5792	170.1869	3.145109
6000	-149.9421	-320.0925	170.1505	3.166768
6006	-144.3969	-315.8966	171.4998	2.341063
6012	-136.9018	-307.9381	171.0364	2.631183
6018	-149.0431	-318.7272	169.684	3.441588
6024	-148.28	-319.8816	171.6017	2.27603
6030	-151.5412	-323.0132	171.472	2.358674
6036	-141.8614	-313.187	171.3256	2.451091
6042	-138.8584	-310.0211	171.1627	2.552922
6048	-141.0369	-312.0221	170.9852	2.662684
6054	-149.6178	-320.6031	170.9852	2.662684
6060	-142.4677	-312.6984	170.2307	3.119043
6066	-143.2122	-314.4005	171.1883	2.53698
6072	-147.6669	-318.8161	171.1492	2.561294
6078	-156.2895	-325.7123	169.4228	3.59388
6084	-152.5326	-323.4185	170.886	2.723646
6090	-144.1039	-314.7916	170.6877	2.844508
6096	-129.2892	-300.2079	170.9187	2.703594
6102	-157.7075	-329.2146	171.5071	2.336409
6108	-159.3871	-329.459	170.0719	3.213362
6114	-149.1229	-319.8937	170.7708	2.793989
6120	-141.8061	-312.7314	170.9253	2.69952
6126	-136.5337	-307.7486	171.2149	2.520395
6132	-138.6049	-309.8329	171.2279	2.512258
6138	-143.5744	-314.5001	170.9257	2.699301
6144	-151.6701	-322.315	170.6449	2.870415
6150	-139.3387	-310.5195	171.1808	2.541628
6156	-146.411	-317.5495	171.1384	2.567978
6162	-142.009	-312.0765	170.0675	3.215943
6168	-143.1103	-313.9877	170.8773	2.728924
6174	-140.9229	-311.5086	170.5858	2.906174
6180	-145.0746	-316.6163	171.5417	2.314367
6186	-150.1251	-320.4299	170.3048	3.074891
6192	-151.146	-322.3777	171.2317	2.509897
6198	-148.9318	-319.0748	170.1431	3.171156
6204	-146.0643	-316.2074	170.1431	3.171156
6210	-156.0748	-326.5537	170.479	2.970517
6216	-146.4512	-316.9667	170.5155	2.94855
6222	-144.1253	-314.8283	170.703	2.83522
6228	-139.6647	-311.1436	171.4789	2.354345
6234	-134.274	-305.3959	171.122	2.578213
6240	-137.3256	-308.9004	171.5748	2.293224
6246	-131.9403	-303.0767	171.1364	2.569229
6252	-145.8829	-316.4834	170.6005	2.897291
6258	-153.1203	-323.7208	170.6005	2.897291
6264	-139.3284	-309.6767	170.3483	3.048868
6270	-142.6745	-312.9951	170.3207	3.065401
6276	-133.6212	-305.071	171.4498	2.372798
6282	-137.2377	-308.9021	171.6644	2.235717
6288	-137.7518	-308.5874	170.8356	2.75448
6294	-138.2194	-309.4876	171.2681	2.487138
6300	-135.7577	-305.9294	170.1717	3.154137
6306	-131.0731	-302.6305	171.5574	2.304361
6312	-133.7146	-304.2973	170.5827	2.908029
6318	-131.6096	-302.6606	171.051	2.622154
6324	-136.0843	-305.953	169.8686	3.333302
6330	-133.0204	-303.6068	170.5865	2.905741
6336	-136.4393	-307.254	170.8147	2.767211
6342	-145.0924	-315.4718	170.3795	3.030235
6348	-141.9033	-313.0807	171.1774	2.543746
6354	-137.3575	-308.9579	171.6004	2.276818
6360	-135.9916	-305.9008	169.9092	3.309434
6366	-130.6292	-300.8348	170.2056	3.134023
6372	-144.7248	-314.6397	169.9149	3.30606
6378	-133.8369	-304.4582	170.6213	2.884721
6384	-140.0682	-311.0374	170.9691	2.672606
6390	-136.8446	-308.2215	171.3768	2.418869
6396	-137.0495	-308.8503	171.8008	2.147335
6402	-140.9286	-312.3491	171.4204	2.391355
6408	-149.1635	-318.9134	169.7498	3.403058
6414	-157.2216	-327.5523	170.3306	3.059438
6420	-137.6707	-308.2216	170.5508	2.92725
6426	-136.5469	-307.94	171.3931	2.408647
6432	-136.1884	-307.4856	171.2972	2.468928
6438	-147.3768	-317.564	170.1873	3.144898
6444	-147.1611	-317.3813	170.2202	3.12528
6450	-146.148	-317.0824	170.9344	2.693929
6456	-140.8444	-312.5879	171.7434	2.184659
6462	-149.9786	-319.9335	169.9548	3.28253
6468	-134.7416	-306.6374	171.8958	2.085169
6474	-134.4167	-305.1583	170.7416	2.811768
6480	-137.1801	-308.8734	171.6933	2.217079
6486	-130.6349	-302.2473	171.6124	2.269137
6492	-136.7375	-308.3499	171.6124	2.269137
6498	-140.7979	-311.224	170.4261	3.002258
6504	-133.5909	-305.0576	171.4667	2.362078
6510	-128.759	-298.9623	170.2033	3.135379
6516	-134.6472	-305.7417	171.0945	2.595246
6522	-133.8109	-303.5993	169.7884	3.380467
6528	-137.464	-306.8278	169.3639	3.62806
6534	-144.6773	-314.552	169.8747	3.329737
6540	-138.6114	-309.8441	171.2327	2.509282
6546	-140.6642	-312.1049	171.4408	2.378475
6552	-145.3202	-316.301	170.9808	2.66542
6558	-129.6364	-300.6172	170.9808	2.66542
6564	-138.2077	-308.8591	170.6514	2.866479
6570	-138.0771	-309.3131	171.236	2.507259
6576	-131.1361	-302.1741	171.038	2.63019
6582	-133.4726	-303.9234	170.4508	2.987439
6588	-136.5765	-307.5022	170.9257	2.699291
6594	-129.0152	-299.9409	170.9257	2.699291
6600	-138.1482	-309.3506	171.2024	2.528221
6606	-135.1452	-306.2724	171.1273	2.574924
6612	-140.4609	-310.7202	170.2593	3.101993
6618	-137.8506	-308.0941	170.2435	3.111451
6624	-160.5135	-330.751	170.2375	3.115027
6630	-153.1021	-323.5013	170.3992	3.018429
6636	-154.0905	-324.4896	170.3992	3.018429
6642	-158.7623	-330.4665	171.7042	2.210056
6648	-143.6719	-315.316	171.6441	2.248761
6654	-147.6776	-318.2934	170.6158	2.887999
6660	-149.8563	-320.1012	170.2449	3.110572
6666	-146.4604	-317.2828	170.8224	2.762515
6672	-141.416	-312.4615	171.0455	2.625561
6678	-142.1316	-313.5482	171.4165	2.393818
6684	-146.4296	-317.8461	171.4165	2.393818
6690	-143.8835	-313.5374	169.6539	3.459209
6696	-138.7437	-310.2573	171.5136	2.332248
6702	-134.6393	-305.7113	171.0721	2.60912
6708	-141.6129	-312.6849	171.0721	2.60912
6714	-138.5386	-309.6106	171.0721	2.60912
6720	-138.4603	-308.9969	170.5366	2.935824
6726	-145.8328	-316.3694	170.5366	2.935824
6732	-144.6215	-314.9905	170.369	3.036502
6738	-144.2374	-315.3051	171.0676	2.611854
6744	-141.2072	-311.3523	170.1451	3.169933
6750	-148.5393	-319.0916	170.5523	2.926396
6756	-140.521	-310.8942	170.3731	3.034012
6762	-150.2519	-320.6315	170.3796	3.030148
6768	-144.0136	-314.5557	170.5421	2.932495
6774	-137.1643	-307.4888	170.3245	3.06312
6780	-148.63	-318.6305	170.0004	3.255615
6786	-138.3196	-309.2417	170.9221	2.701504
6792	-144.6736	-314.9798	170.3061	3.074068
6798	-148.364	-319.1161	170.7522	2.805326
6804	-145.8242	-316.838	171.0137	2.645141
6810	-145.0998	-315.2734	170.1735	3.153062
6816	-132.4677	-303.8123	171.3446	2.439147
6822	-136.2924	-307.637	171.3446	2.439147
6828	-141.356	-312.4676	171.1116	2.58464
6834	-130.625	-301.7366	171.1116	2.58464
6840	-137.471	-308.0064	170.5354	2.936557
6846	-138.0822	-309.6088	171.5266	2.323989
6852	-139.0263	-309.5926	170.5663	2.917946
6858	-135.6044	-306.2824	170.678	2.850367
6864	-133.9506	-304.7804	170.8298	2.758022
6870	-134.1012	-304.7274	170.6261	2.881771
6876	-152.6368	-323.263	170.6261	2.881771
6882	-141.1484	-312.1301	170.9818	2.664837
6888	-136.5215	-307.5033	170.9818	2.664837
6894	-140.1125	-310.7946	170.6822	2.847838
6900	-145.0713	-315.9174	170.846	2.748085
6906	-134.3531	-305.1244	170.7713	2.793652
6912	-137.4489	-309.0494	171.6004	2.276806
6918	-136.649	-306.2052	169.5563	3.516187
6924	-141.1769	-311.3399	170.163	3.159317
6930	-139.692	-310.1461	170.4541	2.985445
6936	-136.9456	-308.2016	171.2561	2.494689
6942	-120.6037	-292.4583	171.8547	2.112155
6948	-128.3332	-299.4979	171.1647	2.551683
6954	-150.7884	-321.5947	170.8063	2.772348
6960	-153.8961	-324.7269	170.8308	2.757359
6966	-149.7405	-321.1092	171.3687	2.423996
6972	-136.2852	-307.3096	171.0244	2.638528
6978	-143.3012	-314.3256	171.0244	2.638528
6984	-147.8467	-318.6026	170.7558	2.803095
6990	-152.1312	-322.4557	170.3245	3.063086
6996	-148.1802	-318.5047	170.3245	3.063086
7002	-145.6232	-317.1551	171.5318	2.320649
7008	-147.1286	-317.3594	170.2308	3.118987
7014	-149.2236	-319.8084	170.5848	2.906771
7020	-151.1618	-320.5933	169.4314	3.588837
7026	-144.4248	-314.8704	170.4456	2.990544
7032	-150.8875	-321.9569	171.0695	2.610714
7038	-143.028	-313.7911	170.7631	2.798648
7044	-144.9238	-315.9593	171.0355	2.631713
7050	-141.9698	-313.4841	171.5143	2.331795
7056	-141.6457	-311.7205	170.0748	3.211631
7062	-143.0197	-313.692	170.6723	2.85382
7068	-142.9998	-313.6143	170.6146	2.888778
7074	-142.7467	-314.0697	171.323	2.45277
7080	-144.8018	-316.0647	171.2629	2.490406
7086	-153.4992	-324.1696	170.6704	2.854969
7092	-148.6532	-319.8422	171.189	2.536526
7098	-147.5258	-318.9198	171.3939	2.408088
7104	-146.7025	-317.0082	170.3058	3.074282
7110	-137.2154	-308.099	170.8836	2.725077
7116	-141.057	-312.5126	171.4556	2.369117
7122	-152.4946	-323.2927	170.7981	2.777329
7128	-146.5174	-317.0771	170.5597	2.921915
7134	-153.428	-323.174	169.746	3.405326
7140	-158.9497	-329.1511	170.2014	3.136476
7146	-149.5942	-321.1766	171.5824	2.288357
7152	-147.2106	-318.5712	171.3606	2.429092
7158	-150.4231	-320.6813	170.2582	3.102657
7164	-148.2941	-319.7874	171.4933	2.345166
7170	-143.7169	-314.8822	171.1653	2.551299
7176	-135.5421	-306.0619	170.5198	2.945947
7182	-136.2544	-307.2902	171.0358	2.631543
7188	-143.22	-314.6122	171.3922	2.409164
7194	-150.5835	-321.2898	170.7064	2.833155
7200	-158.6885	-328.6498	169.9613	3.278714
7206	-156.3276	-326.9298	170.6022	2.896222
7212	-145.2994	-315.9017	170.6022	2.896222
7218	-153.7535	-324.6854	170.9319	2.695497
7224	-146.304	-317.1888	170.8848	2.724362
7230	-142.0003	-312.5548	170.5545	2.925029
7236	-133.7066	-304.5725	170.8659	2.735932
7242	-146.7711	-318.0732	171.3021	2.465857
7248	-152.4336	-322.0053	169.5717	3.507208
7254	-146.3784	-317.2207	170.8423	2.750374
7260	-147.1371	-317.9113	170.7742	2.791898
7266	-153.3584	-322.8643	169.5059	3.545531
7272	-144.9045	-315.77	170.8655	2.736167
7278	-140.4866	-312.0509	171.5643	2.299926
7284	-137.9939	-308.7702	170.7763	2.790652
7290	-157.5278	-328.6907	171.1629	2.552773
7296	-157.5891	-328.9781	171.389	2.4112
7302	-139.2556	-310.4042	171.1486	2.561651
7308	-151.8572	-321.3704	169.5133	3.54125
7314	-154.2357	-324.6141	170.3784	3.030879
7320	-146.8174	-317.1958	170.3784	3.030879
7326	-149.1808	-319.2519	170.0711	3.213799
7332	-148.4709	-318.524	170.0532	3.22444
7338	-148.5263	-318.7207	170.1944	3.140659
7344	-151.5114	-321.1121	169.6007	3.490281
7350	-147.2112	-318.3107	171.0995	2.592158
7356	-147.5347	-316.8455	169.3108	3.658804
7362	-140.3504	-311.1359	170.7855	2.785039
7368	-154.7701	-325.7231	170.953	2.682516
7374	-145.6708	-315.0856	169.4148	3.598479
7380	-137.3674	-308.6586	171.2912	2.472682
7386	-130.0542	-301.3454	171.2912	2.472682
7392	-124.0773	-294.5321	170.4547	2.985091
7398	-124.844	-295.7258	170.8818	2.726196
7404	-133.564	-304.0273	170.4633	2.979961
7410	-127.662	-299.1137	171.4517	2.371559
7416	-130.0558	-301.2534	171.1975	2.531238
7422	-128.7426	-299.9401	171.1975	2.531238
7428	-135.5219	-306.4833	170.9614	2.677355
7434	-126.6917	-298.6484	171.9567	2.044983
7440	-136.8353	-307.5718	170.7365	2.814841
7446	-125.2344	-295.9707	170.7364	2.814928
7452	-127.5831	-298.4307	170.8477	2.747069
7458	-131.0246	-301.8722	170.8477	2.747069
7464	-127.1883	-299.0408	171.8526	2.11354
7470	-137.7784	-307.3565	169.5781	3.503466
7476	-139.3424	-310.723	171.3806	2.416506
7482	-138.9864	-309.8077	170.8214	2.763145
7488	-140.2012	-311.0034	170.8022	2.774808
7494	-144.1318	-315.2876	171.1558	2.557187
7500	-144.3723	-314.9164	170.5441	2.931323
7506	-140.8533	-311.3974	170.5441	2.931323
7512	-148.5492	-320.1958	171.6466	2.247174
7518	-157.0391	-327.3792	170.3401	3.05378
7524	-142.2742	-312.4077	170.1335	3.176853
7530	-142.084	-312.4795	170.3955	3.020651
7536	-143.16	-313.5555	170.3955	3.020651
7542	-143.3564	-314.4342	171.0778	2.605569
7548	-147.5973	-318.6751	171.0778	2.605569
7554	-149.4965	-319.682	170.1855	3.145974
7560	-146.5746	-316.5653	169.9907	3.261383
7566	-135.327	-305.5029	170.1759	3.151652
7572	-135.1496	-305.6088	170.4592	2.982385
7578	-132.9698	-303.3389	170.3691	3.036445
7584	-134.1675	-305.8831	171.7156	2.202679
7590	-142.0752	-313.5395	171.4642	2.36362
7596	-138.5085	-310.0147	171.5062	2.336983
7602	-143.8346	-315.3408	171.5062	2.336983
7608	-135.4769	-305.5395	170.0625	3.218911
7614	-151.9027	-322.2185	170.3157	3.068341
7620	-154.0148	-324.8752	170.8604	2.73932
7626	-147.0594	-317.5428	170.4834	2.967868
7632	-147.5812	-319.5079	171.9267	2.064795
7638	-143.9021	-314.8568	170.9547	2.68148
7644	-149.1352	-319.2886	170.1534	3.165009
7650	-136.0049	-306.5566	170.5518	2.926701
7656	-151.1549	-321.5969	170.442	2.992757
7662	-154.877	-324.9918	170.1148	3.187942
7668	-156.8568	-327.306	170.4493	2.988372
7674	-156.1097	-326.7452	170.6355	2.876083
7680	-146.9661	-317.8382	170.8721	2.732136
7686	-156.1397	-325.8022	169.6625	3.454182
7692	-143.806	-314.9444	171.1384	2.568028
7698	-138.2609	-309.3993	171.1384	2.568028
7704	-131.0217	-302.1601	171.1384	2.568028
7710	-140.5673	-311.4157	170.8484	2.746614
7716	-157.1878	-328.0362	170.8484	2.746614
7722	-141.1506	-311.8251	170.6746	2.852446
7728	-136.5926	-307.9182	171.3256	2.451106
7734	-128.3457	-299.6713	171.3256	2.451106
7740	-124.4386	-296.0168	171.5782	2.291061
7746	-125.926	-296.7223	170.7963	2.778446
7752	-125.4616	-296.5915	171.13	2.573241
7758	-136.6045	-307.7863	171.1817	2.541061
7764	-134.7024	-305.4747	170.7723	2.793076
7770	-130.6363	-302.0611	171.4248	2.388595
7776	-135.0127	-306.1479	171.1353	2.569943
7782	-133.4471	-305.0017	171.5546	2.306156
7788	-129.0367	-300.3469	171.3103	2.460748
7794	-133.3695	-304.8806	171.5111	2.333848
7800	-143.666	-314.9456	171.2797	2.479929
7806	-141.5827	-313.0914	171.5086	2.335428
7812	-140.0844	-311.3706	171.2862	2.475841
7818	-134.4163	-305.623	171.2067	2.52552
7824	-137.5417	-308.7484	171.2067	2.52552
7830	-134.6812	-305.0889	170.4077	3.013281
7836	-137.9638	-309.4976	171.5338	2.31937
7842	-136.3661	-306.9211	170.555	2.924736
7848	-131.7136	-303.5235	171.8099	2.141399
7854	-134.959	-305.2025	170.2435	3.11146
7860	-126.0731	-296.8981	170.825	2.760946
7866	-128.3104	-298.778	170.4677	2.977324
7872	-130.1428	-300.1111	169.9683	3.2746
7878	-128.9778	-299.716	170.7382	2.813789
7884	-130.1648	-301.2008	171.036	2.631399
7890	-130.7943	-302.5821	171.7878	2.155846
7896	-148.0533	-317.5899	169.5366	3.527646
7902	-144.4459	-314.8967	170.4508	2.98744
7908	-152.4672	-322.918	170.4508	2.98744
7914	-135.6156	-306.0664	170.4508	2.98744
7920	-134.0167	-305.5713	171.5546	2.306133
7926	-133.3486	-304.046	170.6974	2.838583
7932	-128.6236	-300.0658	171.4422	2.377564
7938	-132.8597	-302.7158	169.8561	3.340696
7944	-146.5399	-317.0486	170.5087	2.952631
7950	-131.8788	-302.4456	170.5668	2.917608
7956	-133.2336	-304.3867	171.1531	2.558888
7962	-150.3727	-322.1552	171.7825	2.159302
7968	-143.3771	-313.7815	170.4044	3.015287
7974	-135.3023	-305.7747	170.4724	2.97449
7980	-144.2295	-315.2296	171.0001	2.653516
7986	-142.6719	-312.556	169.8841	3.324207
7992	-142.6558	-313.7498	171.094	2.59553
7998	-142.5851	-312.3734	169.7883	3.38048
8004	-152.1248	-323.7924	171.6676	2.233636
8010	-146.5955	-317.814	171.2186	2.518107
8016	-147.5325	-317.4553	169.9227	3.301449
8022	-147.8642	-318.574	170.7098	2.831049
8028	-131.9736	-303.0217	171.0481	2.623919
8034	-140.4218	-311.4699	171.0481	2.623919
8040	-142.3677	-312.8695	170.5018	2.95682
8046	-146.5396	-317.0414	170.5018	2.95682
8052	-130.0134	-300.5152	170.5018	2.95682
8058	-137.5933	-307.393	169.7997	3.373832
8064	-141.0728	-311.9644	170.8915	2.720247
8070	-145.5349	-316.1096	170.5747	2.912842
8076	-153.7955	-323.9919	170.1964	3.139465
8082	-166.1497	-336.3461	170.1964	3.139465
8088	-166.024	-337.5084	171.4843	2.350873
8094	-162.1982	-332.8898	170.6916	2.842109
8100	-157.1076	-328.8033	171.6958	2.2155
8106	-141.9567	-313.2509	171.2942	2.470811
8112	-144.0977	-314.3384	170.2406	3.113136
8118	-135.4276	-307.0023	171.5747	2.293274
8124	-141.0416	-313.1206	172.0789	1.963543
8130	-146.3133	-316.3195	170.0063	3.252166
8136	-140.2088	-311.5288	171.32	2.454653
8142	-142.8393	-314.1592	171.32	2.454653
8148	-134.8263	-305.6185	170.7922	2.780931
8154	-138.8754	-310.1404	171.265	2.489103
8160	-149.719	-320.984	171.265	2.489103
8166	-137.8026	-309.3445	171.5419	2.314243
8172	-147.4857	-318.5513	171.0656	2.613099
8178	-149.0539	-318.409	169.3551	3.633144
8184	-137.5068	-309.0319	171.5251	2.324946
8190	-142.0005	-313.2201	171.2196	2.517461
8196	-143.3053	-313.8431	170.5378	2.93511
8202	-141.2085	-312.6892	171.4807	2.35317
8208	-139.7755	-311.0117	171.2362	2.507108
8214	-141.0221	-312.0335	171.0114	2.646571
8220	-144.2611	-314.8561	170.5951	2.900558
8226	-142.6563	-313.4541	170.7978	2.777506
8232	-144.0496	-314.8474	170.7978	2.777506
8238	-144.8219	-315.6197	170.7978	2.777506
8244	-149.3704	-319.8942	170.5239	2.943507
8250	-137.9578	-309.8301	171.8723	2.100604
8256	-145.3513	-315.5858	170.2345	3.116793
8262	-139.7957	-310.0302	170.2345	3.116793
8268	-141.4239	-312.5413	171.1174	2.581056
8274	-140.2247	-311.9648	171.7401	2.186832
8280	-155.254	-325.0279	169.7739	3.388934
8286	-148.7793	-320.1974	171.4181	2.392825
8292	-149.9399	-319.4839	169.544	3.523337
8298	-149.8525	-319.3965	169.544	3.523337
8304	-151.6678	-322.3658	170.698	2.83826
8310	-155.0031	-326.7991	171.796	2.150489
8316	-137.6321	-307.6906	170.0585	3.221261
8322	-151.999	-323.9512	171.9521	2.047999
8328	-147.9911	-318.2747	170.2836	3.087535
8334	-151.1498	-322.5357	171.3859	2.413141
8340	-151.7885	-321.6005	169.8119	3.366622
8346	-135.0435	-305.9253	170.8818	2.726222
8352	-131.1313	-301.7636	170.6322	2.878097
8358	-140.2068	-310.6278	170.421	3.005355
8364	-134.1381	-305.3978	171.2598	2.492369
8370	-136.8233	-307.6481	170.8248	2.761035
8376	-130.9748	-301.9712	170.9965	2.655779
8382	-136.3953	-307.4686	171.0734	2.608301
8388	-144.677	-314.3916	169.7146	3.423711
8394	-129.6136	-300.4227	170.8091	2.770628
8400	-133.9291	-304.8595	170.9304	2.696412
8406	-141.8149	-312.2804	170.4655	2.978625
8412	-140.0643	-311.1843	171.12	2.579434
8418	-141.1642	-311.9162	170.752	2.80543
8424	-139.2957	-310.0476	170.752	2.80543
8430	-136.3067	-307.1283	170.8216	2.762986
8436	-142.9932	-314.324	171.3308	2.447835
8442	-144.2149	-315.0497	170.8348	2.754961
8448	-142.187	-312.4033	170.2163	3.127616
8454	-135.1127	-306.1546	171.0419	2.627735
8460	-147.0774	-318.0555	170.9781	2.667096
8466	-145.5283	-315.6295	170.1013	3.195952
8472	-138.0614	-309.607	171.5456	2.311863
8478	-155.9038	-326.248	170.3441	3.051369
8484	-158.7971	-329.5159	170.7187	2.825652
8490	-157.1619	-327.8806	170.7187	2.825652
8496	-151.9316	-323.9003	171.9687	2.037012
8502	-140.5922	-311.8383	171.2461	2.500916
8508	-134.7208	-306.0496	171.3288	2.44909
8514	-144.8809	-316.5975	171.7166	2.202056
8520	-142.432	-313.2075	170.7755	2.791128
8526	-146.5016	-317.2771	170.7755	2.791128
8532	-139.9326	-309.8431	169.9105	3.308647
8538	-142.001	-312.9604	170.9594	2.678599
8544	-148.6294	-319.5888	170.9594	2.678599
8550	-142.0573	-312.6099	170.5526	2.926194
8556	-142.792	-313.2954	170.5034	2.955843
8562	-142.8352	-314.4639	171.6286	2.258739
8568	-151.2437	-320.4897	169.2461	3.696277
8574	-151.6078	-321.4561	169.8484	3.345235
8580	-145.8196	-315.3782	169.5586	3.514823
8586	-146.8515	-317.8908	171.0393	2.629336
8592	-146.8314	-317.0146	170.1833	3.147285
8598	-143.1694	-314.5263	171.3568	2.431466
8604	-137.1489	-307.6019	170.453	2.986123
8610	-152.1075	-322.272	170.1645	3.158406
8616	-146.737	-317.3733	170.6364	2.875595
8622	-136.5813	-306.6211	170.0398	3.232375
8628	-146.8282	-316.8679	170.0398	3.232375
8634	-137.6007	-308.5205	170.9198	2.702881
8640	-145.7102	-316.3359	170.6257	2.882062
8646	-150.2868	-321.3562	171.0693	2.610796
8652	-134.9078	-305.7489	170.8411	2.751069
8658	-145.0255	-315.8667	170.8411	2.751069
8664	-172.8517	-343.6929	170.8411	2.751069
8670	-153.6843	-323.6461	169.9618	3.278421
8676	-155.318	-326.625	171.307	2.462765
8682	-154.0024	-325.5862	171.5838	2.28748
8688	-153.9461	-325.5546	171.6085	2.271651
8694	-149.6859	-320.109	170.4231	3.004072
8700	-146.7655	-317.6904	170.9248	2.699819
8706	-140.706	-311.647	170.941	2.689861
8712	-141.7295	-311.372	169.6426	3.465837
8718	-154.8938	-326.2269	171.3332	2.446351
8724	-164.4791	-334.6403	170.1612	3.160371
8730	-173.08	-343.4527	170.3727	3.034304
8736	-147.5272	-318.5531	171.0259	2.637635
8742	-150.0213	-320.3242	170.3029	3.076006
8748	-146.0779	-317.0932	171.0153	2.644192
8754	-141.2564	-312.2716	171.0153	2.644192
8760	-141.4735	-313.5553	172.0818	1.961623
8766	-136.8653	-308.9838	172.1186	1.936914
8772	-139.0467	-309.7967	170.75	2.806656
8778	-139.56	-310.1248	170.5647	2.91887
8784	-140.5211	-311.8044	171.2833	2.477661
8790	-136.8806	-307.8312	170.9507	2.683963
8796	-135.8694	-306.8201	170.9507	2.683963
8802	-139.0956	-309.7398	170.6442	2.870842
8808	-133.7134	-304.1516	170.4382	2.995029
8814	-138.5714	-308.4963	169.9249	3.300209
8820	-133.9608	-305.0207	171.06	2.616605
8826	-135.5224	-306.5824	171.06	2.616605
8832	-132.9399	-304.8069	171.867	2.104086
8838	-137.8496	-308.8329	170.9834	2.663851
8844	-138.4852	-309.4314	170.9463	2.686645
8850	-141.3509	-312.1242	170.7733	2.792425
8856	-145.7843	-316.3785	170.5941	2.901124
8862	-147.3111	-319.0676	171.7565	2.176188
8868	-130.7809	-301.6493	170.8684	2.734417
8874	-139.4478	-310.7897	171.3419	2.440845
8880	-141.3078	-311.6682	170.3604	3.041654
8886	-131.4688	-303.0225	171.5537	2.306682
8892	-142.0308	-313.5845	171.5537	2.306682
8898	-143.5527	-314.5468	170.9941	2.657206
8904	-142.5279	-313.6076	171.0797	2.604373
8910	-159.3524	-330.2367	170.8842	2.724713
8916	-166.3302	-335.7959	169.4657	3.568926
8922	-147.6202	-319.2074	171.5873	2.285239
8928	-157.0422	-327.0983	170.0561	3.222695
8934	-159.4921	-328.4263	168.9341	3.875964
8940	-152.7608	-321.492	168.7312	3.992207
8946	-138.7028	-308.339	169.6362	3.469535
8952	-142.5468	-312.1668	169.62	3.478999
8958	-143.872	-314.0072	170.1352	3.175844
8964	-142.9699	-313.5149	170.545	2.930802
8970	-156.3256	-326.6438	170.3183	3.066832
8976	-143.364	-313.554	170.1899	3.143306
8982	-145.1419	-314.8098	169.6679	3.451016
8988	-137.4175	-308.6352	171.2177	2.518658
8994	-134.6501	-305.8678	171.2177	2.518658
9000	-141.3999	-312.3257	170.9258	2.699229
9006	-140.2924	-311.3166	171.0243	2.638648
9012	-151.6868	-321.6232	169.9364	3.29343
9018	-147.1247	-318.0805	170.9559	2.680749
9024	-154.3358	-324.5019	170.1661	3.157507
9030	-163.5445	-334.3359	170.7914	2.781411
9036	-154.4198	-324.9683	170.5485	2.928643
9042	-143.3542	-314.9483	171.5941	2.28085
9048	-142.7417	-313.3401	170.5984	2.898529
9054	-137.2756	-308.4904	171.2148	2.520439
9060	-133.7902	-305.4142	171.624	2.26171
9066	-137.3699	-308.42	171.0501	2.622694
9072	-135.1162	-305.3989	170.2827	3.088075
9078	-143.7036	-314.946	171.2424	2.503228
9084	-133.7869	-304.8364	171.0494	2.623109
9090	-136.1032	-307.0882	170.985	2.662842
9096	-142.121	-312.5756	170.4546	2.985145
9102	-149.8486	-319.9582	170.1096	3.190991
9108	-144.9054	-315.8458	170.9404	2.69025
9114	-137.7813	-308.6631	170.8818	2.726221
9120	-126.1038	-298.094	171.9902	2.022783
9126	-138.3203	-308.6855	170.3651	3.038819
9132	-130.2836	-301.4425	171.1588	2.555317
9138	-131.9873	-303.461	171.4737	2.357598
9144	-137.5901	-309.0638	171.4737	2.357598
9150	-129.2911	-300.7008	171.4097	2.39813
9156	-126.5407	-297.8225	171.2818	2.478556
9162	-128.6329	-300.0874	171.4545	2.369798
9168	-142.6267	-312.1736	169.5469	3.521657
9174	-139.592	-310.7063	171.1143	2.582949
9180	-137.4391	-306.8693	169.4302	3.589568
9186	-143.6943	-314.2265	170.5322	2.938484
9192	-138.7397	-309.2719	170.5322	2.938484
9198	-151.1449	-322.1907	171.0459	2.625299
9204	-148.2316	-319.3478	171.1161	2.581815
9210	-135.7657	-306.7367	170.971	2.671447
9216	-132.9704	-304.1252	171.1548	2.557792
9222	-143.9997	-315.4149	171.4152	2.394665
9228	-139.783	-309.3308	169.5478	3.521127
9234	-153.3074	-324.7215	171.4141	2.395336
9240	-154.1335	-325.146	171.0125	2.645868
9246	-148.1262	-318.965	170.8388	2.752492
9252	-141.9501	-313.54	171.5899	2.283538
9258	-121.1513	-292.6128	171.4615	2.36535
9264	-124.7588	-296.4234	171.6646	2.235618
9270	-136.1656	-306.5337	170.3681	3.037037
9276	-137.1629	-307.6674	170.5045	2.955155
9282	-135.9583	-306.9016	170.9433	2.688475
9288	-127.9203	-298.989	171.0686	2.611235
9294	-128.7176	-299.5369	170.8193	2.764396
9300	-138.2687	-310.1316	171.863	2.106723
9306	-142.2687	-312.6172	170.3485	3.048755
9312	-155.5033	-326.6158	171.1125	2.584064
9318	-150.079	-321.7986	171.7196	2.200075
9324	-153.7967	-323.3585	169.5618	3.512948
9330	-145.6559	-316.9261	171.2701	2.48588
9336	-137.2258	-308.0139	170.7881	2.783429
9342	-135.5135	-307.1578	171.6443	2.248661
9348	-139.3566	-311.0984	171.7419	2.185676
9354	-144.8953	-315.3702	170.4749	2.972962
9360	-148.3305	-318.1057	169.7752	3.38819
9366	-143.6128	-314.2481	170.6353	2.876215
9372	-154.985	-324.2907	169.3057	3.661763
9378	-137.9653	-308.4318	170.4665	2.978012
9384	-139.6054	-309.7747	170.1693	3.155593
9390	-146.5551	-316.7634	170.2083	3.132414
9396	-139.5957	-310.1576	170.5619	2.920582
9402	-144.9782	-314.7506	169.7724	3.389855
9408	-154.1566	-325.8038	171.6472	2.246804
9414	-143.6771	-314.069	170.3919	3.022791
9420	-153.0683	-320.9428	167.8745	4.47796
9426	-153.86	-324.5357	170.6757	2.851775
9432	-148.0062	-319.1056	171.0994	2.592186
9438	-142.9159	-313.9563	171.0403	2.628724
9444	-130.3279	-300.863	170.5351	2.936743
9450	-129.6092	-300.5798	170.9706	2.671708
9456	-139.8419	-311.7027	171.8608	2.108141
9462	-141.7067	-312.7892	171.0824	2.602691
9468	-140.9743	-312.0345	171.0602	2.616443
9474	-141.3351	-312.5024	171.1672	2.550082
9480	-133.2457	-303.4702	170.2245	3.122737
9486	-128.9184	-299.8501	170.9317	2.695589
9492	-134.3207	-306.2149	171.8943	2.086168
9498	-132.3229	-302.8306	170.5077	2.953264
9504	-134.1591	-305.0788	170.9197	2.702964
9510	-145.9711	-316.0678	170.0968	3.198627
9516	-145.0112	-315.3414	170.3302	3.059715
9522	-137.1212	-307.381	170.2598	3.101712
9528	-139.8115	-310.8324	171.0209	2.640732
9534	-153.3	-323.6345	170.3345	3.057109
9540	-136.7399	-307.9109	171.171	2.547744
9546	-149.0211	-318.8521	169.8309	3.355481
9552	-139.7961	-310.427	170.631	2.878864
9558	-121.891	-292.9941	171.1031	2.589906
9564	-132.9307	-304.3331	171.4024	2.402723
9570	-132.6709	-304.1456	171.4747	2.356976
9576	-126.5734	-298.4113	171.8379	2.123172
9582	-150.8179	-321.4523	170.6344	2.876779
9588	-137.6496	-309.4195	171.7699	2.167503
9594	-141.3735	-312.4637	171.0903	2.597848
9600	-130.298	-301.3882	171.0903	2.597848
9606	-131.2486	-301.845	170.5964	2.89975
9612	-125.6036	-296.2551	170.6515	2.86642
9618	-135.6794	-307.204	171.5246	2.325245
9624	-134.2813	-305.8059	171.5246	2.325245
9630	-128.5597	-299.3707	170.811	2.76947
9636	-140.7652	-312.0969	171.3317	2.447287
9642	-145.1153	-316.942	171.8268	2.130419
9648	-132.3155	-303.6433	171.3278	2.449719
9654	-137.0196	-308.3014	171.2818	2.478607
9660	-156.3496	-327.3552	171.0055	2.650198
9666	-151.5197	-321.756	170.2363	3.115726
9672	-162.2202	-333.1803	170.9601	2.678138
9678	-136.5938	-307.4778	170.884	2.72485
9684	-128.7147	-300.49	171.7753	2.163931
9690	-134.6595	-305.4673	170.8078	2.771403
9696	-137.0015	-307.2909	170.2893	3.084098
9702	-142.3009	-312.5903	170.2893	3.084098
9708	-141.3372	-311.6265	170.2893	3.084098
9714	-141.7134	-312.0027	170.2893	3.084098
9720	-128.8806	-301.0002	172.1197	1.936172
9726	-139.2058	-310.3404	171.1346	2.570353
9732	-133.7625	-304.9499	171.1874	2.537533
9738	-140.8197	-311.5969	170.7771	2.79012
9744	-140.8005	-311.5776	170.7771	2.79012
9750	-131.2796	-302.8084	171.5289	2.322525
9756	-124.9254	-295.7808	170.8554	2.742351
9762	-128.0841	-299.0627	170.9786	2.666759
9768	-122.8466	-294.2735	171.4269	2.387283
9774	-121.3365	-292.1753	170.8388	2.752517
9780	-128.7772	-299.2703	170.4931	2.962
9786	-121.5446	-292.4827	170.938	2.691704
9792	-126.8148	-297.4648	170.6499	2.867365
9798	-127.4268	-297.8183	170.3915	3.02299
9804	-130.2836	-301.5386	171.255	2.495381
9810	-142.305	-313.343	171.038	2.630152
9816	-136.7858	-307.902	171.1161	2.58182
9822	-138.5807	-310.4391	171.8584	2.109693
9828	-143.67	-314.0827	170.4128	3.010279
9834	-152.2425	-321.4461	169.2035	3.720855
9840	-146.9619	-317.5782	170.6163	2.887734
9846	-142.4279	-313.4058	170.9779	2.667202
9852	-127.0484	-298.0263	170.9779	2.667202
9858	-136.5445	-308.1034	171.5588	2.303423
9864	-135.8003	-306.4648	170.6645	2.858572
9870	-142.8292	-313.7192	170.89	2.721166
9876	-147.2995	-318.1895	170.89	2.721166
9882	-148.5734	-319.7022	171.1287	2.574003
9888	-143.8313	-314.8921	171.0608	2.616098
9894	-146.1872	-317.6592	171.472	2.358706
9900	-140.7946	-311.1363	170.3417	3.052808
9906	-150.3997	-322.4776	172.0779	1.964241
9912	-134.6737	-306.5855	171.9118	2.074608
9918	-139.6055	-310.451	170.8455	2.748423
9924	-140.206	-311.6323	171.4263	2.387635
9930	-137.4918	-308.04	170.5482	2.928828
9936	-141.4163	-312.3908	170.9745	2.669314
9942	-136.5036	-307.5744	171.0708	2.609894
9948	-130.5839	-301.4375	170.8535	2.743491
9954	-140.4925	-310.8901	170.3977	3.01933
9960	-153.1006	-323.0355	169.9349	3.294259
9966	-144.563	-315.9476	171.3846	2.413975
9972	-148.9484	-319.7773	170.8289	2.758529
9978	-153.5203	-324.7498	171.2295	2.511293
9984	-151.0513	-322.2808	171.2295	2.511293
9990	-145.35	-315.3589	170.0089	3.250631
9996	-142.6367	-314.3927	171.756	2.176491
10002	-136.4931	-306.961	170.4679	2.977152
10008	-140.961	-311.4289	170.4679	2.977152
10014	-128.3075	-299.9459	171.6384	2.252451
10020	-139.14	-310.4547	171.3147	2.457973
10026	-144.2358	-314.4047	170.1689	3.155817
10032	-145.0954	-314.2614	169.166	3.742535
10038	-144.744	-316.0122	171.2682	2.487116
10044	-139.8266	-309.4366	169.61	3.484872
10050	-144.3198	-315.1926	170.8728	2.731713
10056	-136.8538	-307.7266	170.8728	2.731713
10062	-144.1725	-314.1077	169.9352	3.294102
10068	-145.1642	-315.0994	169.9352	3.294102
10074	-127.5459	-298.4716	170.9258	2.699238
10080	-140.4146	-310.3601	169.9456	3.287981
10086	-152.4378	-322.417	169.9792	3.268157
10092	-150.6142	-320.2779	169.6637	3.453477
10098	-143.2884	-313.4399	170.1516	3.166114
10104	-144.8757	-315.1595	170.2838	3.087412
10110	-130.9401	-302.5672	171.6271	2.25969
10116	-137.068	-308.0292	170.9613	2.677429
10122	-142.875	-313.9293	171.0543	2.620112
10128	-133.0234	-304.0777	171.0543	2.620112
10134	-133.9382	-305.4901	171.5519	2.307849
10140	-129.8246	-301.0942	171.2696	2.486228
10146	-131.3886	-302.6582	171.2696	2.486228
10152	-131.7735	-303.433	171.6596	2.238843
10158	-128.4071	-299.5944	171.1873	2.537575
10164	-142.7353	-313.9394	171.2041	2.527136
10170	-145.7535	-316.4543	170.7007	2.836572
10176	-140.3452	-310.4852	170.1401	3.172939
10182	-149.2965	-320.6764	171.3799	2.416963
10188	-157.3792	-328.7565	171.3773	2.418591
10194	-153.6281	-324.5384	170.9102	2.708769
10200	-159.2082	-330.8736	171.6654	2.235085
10206	-153.6808	-324.4987	170.8179	2.765273
10212	-153.3514	-324.194	170.8426	2.750171
10218	-145.8754	-316.5667	170.6912	2.842346
10224	-141.1704	-312.5033	171.3329	2.446543
10230	-128.5342	-299.3277	170.7935	2.780144
10236	-137.1057	-308.2579	171.1522	2.559435
10242	-145.4698	-315.7476	170.2778	3.090987
10248	-154.0799	-324.2429	170.163	3.159306
10254	-176.2714	-344.4254	168.1539	4.320336
10260	-158.9699	-328.665	169.695	3.435161
10266	-155.1567	-324.5665	169.4098	3.601401
10272	-154.2418	-323.5372	169.2954	3.667729
10278	-144.8202	-315.4825	170.6623	2.859889
10284	-141.1224	-311.8768	170.7544	2.803939
10290	-160.242	-330.0306	169.7886	3.380316
10296	-158.5098	-329.7495	171.2397	2.504908
10302	-145.5926	-315.7032	170.1106	3.19044
10308	-141.1747	-312.1434	170.9687	2.672885
10314	-141.5821	-312.6147	171.0326	2.633526
10320	-130.9467	-301.7284	170.7817	2.787358
10326	-138.9259	-309.4285	170.5027	2.956263
10332	-150.5005	-321.8972	171.3967	2.406355
10338	-154.8134	-325.0612	170.2478	3.108861
10344	-167.0507	-337.2851	170.2344	3.116867
10350	-155.1838	-324.8446	169.6608	3.455173
10356	-145.4617	-316.4565	170.9948	2.656822
10362	-157.8423	-328.5112	170.6689	2.855907
10368	-155.1599	-325.3973	170.2374	3.115096
10374	-142.8495	-313.0183	170.1688	3.155849
10380	-136.8321	-306.5977	169.7656	3.393813
10386	-146.2273	-316.1375	169.9102	3.308848
10392	-152.1812	-322.4008	170.2196	3.125684
10398	-145.64	-316.275	170.6349	2.876456
10404	-150.387	-321.0219	170.6349	2.876456
10410	-148.9643	-319.2666	170.3023	3.076389
10416	-146.5829	-316.8127	170.2298	3.119608
10422	-142.8689	-313.0986	170.2298	3.119608
10428	-142.8961	-313.4713	170.5752	2.912547
10434	-136.2088	-306.784	170.5752	2.912547
10440	-143.2037	-313.5377	170.3339	3.057472
10446	-142.7128	-312.8104	170.0976	3.198123
10452	-146.0356	-315.6793	169.6438	3.465132
10458	-138.7095	-310.0293	171.3198	2.454737
10464	-138.5587	-309.5124	170.9537	2.682066
10470	-144.8761	-317.2338	172.3577	1.773181
10476	-141.4669	-312.0468	170.5799	2.909703
10482	-135.9931	-307.8369	171.8438	2.119289
10488	-142.5371	-314.3809	171.8438	2.119289
10494	-132.9111	-303.9888	171.0777	2.605637
10500	-129.7814	-299.9287	170.1473	3.168631
