Iteration	Posterior	Likelihood	Prior	tree_length
0	-1740.892	-1904.801	163.909	6.659151
6	-1734.583	-1899.022	164.4392	6.371981
12	-1735.641	-1899.324	163.6828	6.781317
18	-1732.968	-1896.65	163.6828	6.781317
24	-1735.64	-1900.3	164.66	6.25211
30	-1731.879	-1895.003	163.1247	7.082094
36	-1732.826	-1897.377	164.5514	6.311078
42	-1734.365	-1900.144	165.7789	5.64126
48	-1744.646	-1909.179	164.5328	6.321202
54	-1744.34	-1909.164	164.8242	6.162781
60	-1743.652	-1907.437	163.7845	6.7264
66	-1743.654	-1907.999	164.3449	6.423124
72	-1734.261	-1899.003	164.7424	6.207314
78	-1737.815	-1902.625	164.8099	6.170609
84	-1742.937	-1906.301	163.3636	6.953444
90	-1752.071	-1915.437	163.3668	6.951731
96	-1760.631	-1925.234	164.6027	6.283218
102	-1743.249	-1907.988	164.7383	6.209532
108	-1759.842	-1925.154	165.3115	5.897111
114	-1745.039	-1910.351	165.3115	5.897111
120	-1754.894	-1919.079	164.1849	6.509838
126	-1751.215	-1915.54	164.3247	6.434121
132	-1748.094	-1913.456	165.3614	5.869852
138	-1732.172	-1897.534	165.3614	5.869852
144	-1736.022	-1900.537	164.5149	6.330899
150	-1742.767	-1907.142	164.3758	6.406406
156	-1758.656	-1923.482	164.8267	6.161426
162	-1745.001	-1908.562	163.5607	6.847189
168	-1745.286	-1909.766	164.4801	6.349779
174	-1752.568	-1915.62	163.0524	7.120948
180	-1734.29	-1898.546	164.2569	6.47086
186	-1729.805	-1895.251	165.4461	5.823564
192	-1732.023	-1896.26	164.2373	6.481467
198	-1727.994	-1892.072	164.078	6.567734
204	-1739.072	-1903.15	164.078	6.567734
210	-1744.947	-1909.649	164.7015	6.229545
216	-1739.984	-1904.686	164.7015	6.229545
222	-1738.637	-1903.382	164.7458	6.205455
228	-1730.65	-1895.323	164.6731	6.244985
234	-1731.887	-1895.443	163.5561	6.849709
240	-1734.984	-1900.278	165.2946	5.906344
246	-1735.361	-1900.724	165.3631	5.868904
252	-1732.92	-1897.76	164.8395	6.154481
258	-1729.959	-1894.644	164.6856	6.238194
264	-1732.793	-1898.317	165.5237	5.78108
270	-1732.036	-1896.209	164.1731	6.516247
276	-1746.206	-1910.773	164.5667	6.302772
282	-1748.201	-1912.893	164.6923	6.234538
288	-1753.531	-1918.205	164.6735	6.244782
294	-1755.619	-1917.747	162.1284	7.616586
300	-1757.571	-1922.471	164.9004	6.121349
306	-1754.697	-1918.799	164.1024	6.554545
312	-1752.693	-1917.612	164.9194	6.110994
318	-1745.41	-1909.632	164.2216	6.489973
324	-1746.542	-1910.765	164.2222	6.489628
330	-1740.907	-1905.86	164.953	6.092673
336	-1739.135	-1902.67	163.5346	6.861298
342	-1743.947	-1908.669	164.7223	6.218239
348	-1739.689	-1904.314	164.6244	6.271421
354	-1747.025	-1910.652	163.6277	6.81107
360	-1735.521	-1900.115	164.594	6.287967
366	-1747.855	-1911.753	163.8983	6.664895
372	-1735.702	-1900.537	164.8345	6.157224
378	-1738.08	-1902.858	164.7787	6.187566
384	-1730.905	-1895.845	164.9405	6.099508
390	-1752.319	-1916.871	164.5516	6.310982
396	-1730.646	-1895.336	164.6902	6.235705
402	-1729.212	-1893.38	164.168	6.519004
408	-1736.714	-1900.36	163.6453	6.801564
414	-1746.313	-1910.315	164.0016	6.609036
420	-1742.906	-1907.861	164.9559	6.091129
426	-1753.788	-1918.038	164.2503	6.474402
432	-1738.737	-1903.343	164.6057	6.281617
438	-1742.426	-1907.186	164.7604	6.197489
444	-1742.646	-1907.106	164.4595	6.360959
450	-1744.719	-1909.678	164.9588	6.08955
456	-1750.001	-1913.873	163.8721	6.679107
462	-1727.895	-1891.909	164.0142	6.602268
468	-1733.347	-1898.341	164.9944	6.070117
474	-1729.325	-1894.649	165.3244	5.890063
480	-1734.693	-1898.374	163.6804	6.782647
486	-1731.457	-1896.029	164.5718	6.300014
492	-1733.256	-1897.828	164.5718	6.300014
498	-1740.181	-1904.166	163.9851	6.618008
504	-1763.952	-1926.988	163.0353	7.130156
510	-1740.914	-1905.222	164.3079	6.443199
516	-1732.683	-1897.333	164.6497	6.257695
522	-1726.832	-1891.245	164.4129	6.386266
528	-1739.955	-1904.789	164.8344	6.157277
534	-1751.822	-1915.36	163.5378	6.859568
540	-1742.535	-1906.915	164.3796	6.404354
546	-1743.079	-1907.458	164.3796	6.404354
552	-1737.463	-1902.566	165.1035	6.010684
558	-1729.939	-1893.548	163.6089	6.82121
564	-1727.042	-1891.39	164.3483	6.421283
570	-1723.246	-1887.628	164.382	6.403028
576	-1735.166	-1898.463	163.2964	6.989683
582	-1734.226	-1898.586	164.3591	6.415431
588	-1744.221	-1909.181	164.9594	6.089205
594	-1743.663	-1906.435	162.7724	7.271404
600	-1734.992	-1899.033	164.0405	6.588044
606	-1734.067	-1898.898	164.8311	6.159074
612	-1739.901	-1904.381	164.4799	6.349909
618	-1735.937	-1901.533	165.5965	5.741219
624	-1747.327	-1913.491	166.1647	5.429172
630	-1739.992	-1904.892	164.9004	6.12134
636	-1741.562	-1906.541	164.9797	6.078115
642	-1735.752	-1900.615	164.8628	6.141783
648	-1737.907	-1902.85	164.9431	6.098067
654	-1746.738	-1911.901	165.1637	5.977841
660	-1740.334	-1905.229	164.8952	6.12415
666	-1745.933	-1910.901	164.9686	6.084195
672	-1741.953	-1905.42	163.467	6.897748
678	-1737.361	-1902.343	164.9819	6.076933
684	-1743.954	-1907.252	163.298	6.988782
690	-1738.147	-1903.193	165.0458	6.042126
696	-1737.437	-1901.466	164.0285	6.594507
702	-1741.335	-1906.325	164.9903	6.072341
708	-1740.997	-1905.917	164.9202	6.110531
714	-1739.127	-1903.242	164.1153	6.54754
720	-1742.47	-1907.26	164.7898	6.181542
726	-1731.644	-1896.659	165.0148	6.059003
732	-1733.831	-1898.103	164.2718	6.46276
738	-1736.749	-1900.624	163.8747	6.677694
744	-1745.4	-1910.787	165.3866	5.856084
750	-1743.114	-1907.4	164.2857	6.455255
756	-1730.266	-1895.242	164.9761	6.080096
762	-1740.903	-1904.253	163.3504	6.960584
768	-1734.939	-1899.124	164.1857	6.509412
774	-1746.111	-1910.754	164.6424	6.261637
780	-1742.534	-1905.889	163.3553	6.957945
786	-1739.257	-1903.809	164.5518	6.310888
792	-1740.22	-1904.426	164.2062	6.498293
798	-1752.413	-1916.09	163.6768	6.78457
804	-1759.465	-1924.206	164.7409	6.208096
810	-1748.588	-1913.486	164.8977	6.122822
816	-1736.309	-1901.222	164.9121	6.114944
822	-1743.551	-1908.362	164.8107	6.170144
828	-1743.241	-1908.419	165.1778	5.970152
834	-1733.328	-1896.962	163.6337	6.807841
840	-1739.518	-1903.722	164.2044	6.499282
846	-1732.587	-1896.792	164.2044	6.499282
852	-1732.038	-1896.102	164.0638	6.575416
858	-1743.995	-1909.147	165.1523	5.984034
864	-1747.263	-1911.427	164.1637	6.521356
870	-1761.45	-1925.371	163.9207	6.652815
876	-1745.42	-1910.014	164.5938	6.288075
882	-1751.639	-1916.023	164.3833	6.402331
888	-1745.511	-1910.363	164.8526	6.147344
894	-1739.708	-1904.977	165.2687	5.920514
900	-1737.27	-1902.176	164.9065	6.117989
906	-1735.136	-1899.566	164.4297	6.377173
912	-1733.665	-1898.094	164.4297	6.377173
918	-1743.848	-1907.391	163.5432	6.856638
924	-1740.92	-1905.102	164.1827	6.511059
930	-1742.409	-1906.331	163.9225	6.651853
936	-1741.869	-1905.706	163.8366	6.698289
942	-1727.485	-1891.895	164.4101	6.387802
948	-1742.888	-1907.298	164.4101	6.387802
954	-1742.661	-1906.385	163.724	6.759105
960	-1736.972	-1900.645	163.6737	6.786243
966	-1735.808	-1901.175	165.3669	5.866874
972	-1746.127	-1910.672	164.5448	6.314678
978	-1744.316	-1908.339	164.0225	6.597737
984	-1739.612	-1903.701	164.0892	6.56168
990	-1736.784	-1901.438	164.6549	6.254868
996	-1739.64	-1903.428	163.7875	6.724797
1002	-1741.534	-1907.136	165.602	5.73821
1008	-1739.015	-1904.578	165.5631	5.759542
1014	-1741.223	-1905.584	164.3611	6.414378
1020	-1749.127	-1913.563	164.4367	6.373348
1026	-1752.491	-1916.369	163.8785	6.675618
1032	-1749.141	-1913.774	164.6339	6.26631
1038	-1751.984	-1916.384	164.3998	6.393368
1044	-1736.186	-1900.893	164.7077	6.22618
1050	-1729.629	-1893.854	164.2243	6.488483
1056	-1730.055	-1894.932	164.8767	6.134215
1062	-1744.952	-1909.148	164.1962	6.50373
1068	-1743.404	-1907.601	164.1962	6.50373
1074	-1743.38	-1908.779	165.3984	5.849639
1080	-1749.314	-1913.611	164.2969	6.449184
1086	-1739.966	-1904.156	164.19	6.507067
1092	-1755.121	-1918.138	163.0163	7.1404
1098	-1752.84	-1917.446	164.606	6.28144
1104	-1742.802	-1907.738	164.9356	6.102162
1110	-1731.113	-1895.083	163.9697	6.626304
1116	-1745.86	-1910.063	164.2029	6.500087
1122	-1745.434	-1909.656	164.222	6.489745
1128	-1743.528	-1908.08	164.5516	6.310999
1134	-1735.017	-1898.434	163.4175	6.924419
1140	-1742.167	-1906.72	164.5536	6.309916
1146	-1736.294	-1900.978	164.6842	6.238952
1152	-1738.978	-1903.663	164.6842	6.238952
1158	-1751.632	-1915.056	163.4242	6.920788
1164	-1750.45	-1914.314	163.8639	6.683512
1170	-1752.855	-1917.022	164.1665	6.51981
1176	-1749.054	-1913.828	164.7749	6.189624
1182	-1745.187	-1909.267	164.0806	6.566312
1188	-1750.721	-1914.802	164.0806	6.566312
1194	-1743.694	-1907.775	164.0806	6.566312
1200	-1735.368	-1899.449	164.0806	6.566312
1206	-1735.535	-1899.441	163.9059	6.660829
1212	-1740.221	-1903.224	163.0025	7.147788
1218	-1738.691	-1903.429	164.7383	6.209518
1224	-1739.216	-1903.333	164.1171	6.546563
1230	-1737.214	-1901.259	164.0451	6.585511
1236	-1746.51	-1911.486	164.9756	6.080375
1242	-1739.814	-1902.954	163.1402	7.073762
1248	-1740.482	-1903.465	162.9833	7.158105
1254	-1741.071	-1904.698	163.6269	6.811511
1260	-1740.563	-1904.863	164.2999	6.447522
1266	-1737.158	-1901.865	164.7064	6.226895
1272	-1741.628	-1905.804	164.1763	6.514503
1278	-1738.974	-1904.075	165.1013	6.011854
1284	-1740.619	-1904.711	164.0914	6.560477
1290	-1738.287	-1902.601	164.3134	6.440224
1296	-1739.753	-1904.956	165.2031	5.956292
1302	-1730.873	-1895.695	164.8218	6.164101
1308	-1741.588	-1906.077	164.4885	6.345233
1314	-1746.986	-1911.938	164.9513	6.093613
1320	-1737.119	-1902.07	164.9513	6.093613
1326	-1738.279	-1903.285	165.0061	6.063765
1332	-1746.913	-1911.373	164.4597	6.360871
1338	-1733.397	-1898.065	164.6685	6.247472
1344	-1724.36	-1888.892	164.531	6.322151
1350	-1737.777	-1902.793	165.0165	6.05807
1356	-1739.786	-1903.792	164.0055	6.606933
1362	-1746.927	-1911.827	164.8993	6.12191
1368	-1745.653	-1910.274	164.6203	6.273674
1374	-1736.935	-1901.555	164.6203	6.273674
1380	-1725.278	-1890.019	164.7412	6.207961
1386	-1725.514	-1890.42	164.9069	6.117784
1392	-1730.372	-1894.667	164.2952	6.4501
1398	-1728.651	-1892.581	163.9301	6.647724
1404	-1730.388	-1894.318	163.9301	6.647724
1410	-1731.478	-1896.323	164.8451	6.151414
1416	-1742.922	-1907.93	165.0085	6.062475
1422	-1755.366	-1920.475	165.1095	6.007362
1428	-1755.048	-1920.157	165.1095	6.007362
1434	-1737.692	-1902.575	164.8832	6.130684
1440	-1731.8	-1896.906	165.1063	6.00914
1446	-1740.184	-1903.918	163.7346	6.753367
1452	-1745.586	-1909.478	163.8912	6.668766
1458	-1737.91	-1901.802	163.8912	6.668766
1464	-1738.664	-1902.565	163.9007	6.663648
1470	-1729.428	-1893.304	163.8763	6.676794
1476	-1733.766	-1897.643	163.8763	6.676794
1482	-1748.61	-1913.682	165.0717	6.027997
1488	-1730.214	-1894.511	164.2973	6.448965
1494	-1727.623	-1892.42	164.7979	6.177112
1500	-1726.587	-1891.134	164.5462	6.313897
1506	-1725.243	-1889.966	164.7228	6.217949
1512	-1738.312	-1902.909	164.5969	6.286365
1518	-1740.213	-1904.623	164.4103	6.387688
1524	-1733.728	-1898.269	164.5408	6.316837
1530	-1731.656	-1896.491	164.8346	6.157173
1536	-1738.673	-1903.955	165.2819	5.913283
1542	-1734.719	-1899.245	164.5259	6.324954
1548	-1732.018	-1897.324	165.3063	5.899967
1554	-1735.362	-1899.813	164.4508	6.365704
1560	-1741.1	-1906.057	164.9569	6.090549
1566	-1740.551	-1905.987	165.436	5.829044
1572	-1747.359	-1912.965	165.6056	5.736249
1578	-1750.444	-1914.796	164.3517	6.419464
1584	-1736.167	-1899.439	163.2712	7.003234
1590	-1740.892	-1904.887	163.9951	6.612581
1596	-1742.237	-1906.405	164.1679	6.519066
1602	-1741.051	-1904.906	163.8553	6.68818
1608	-1746.309	-1910.776	164.4668	6.357019
1614	-1744.042	-1908.289	164.2471	6.476138
1620	-1744.37	-1908.884	164.5135	6.331694
1626	-1738.979	-1904.144	165.1649	5.977146
1632	-1738.459	-1903.712	165.2529	5.929105
1638	-1743.188	-1907.278	164.0897	6.561408
1644	-1737.667	-1901.858	164.1917	6.506145
1650	-1738.191	-1903.324	165.1337	5.994166
1656	-1744.887	-1908.476	163.5892	6.831815
1662	-1748.504	-1912.635	164.1315	6.538758
1668	-1727.774	-1892.468	164.6943	6.23344
1674	-1739.889	-1903.728	163.8393	6.696795
1680	-1727.961	-1892.038	164.0775	6.568013
1686	-1744.177	-1907.592	163.4153	6.925621
1692	-1752.624	-1917.331	164.707	6.226542
1698	-1756.404	-1921.444	165.0402	6.045184
1704	-1752.654	-1916.26	163.6065	6.822525
1710	-1762.184	-1926.808	164.6237	6.271809
1716	-1757.304	-1921.016	163.712	6.765586
1722	-1739.999	-1905.3	165.3008	5.902991
1728	-1737.511	-1902.348	164.8369	6.155871
1734	-1759.154	-1923.537	164.3827	6.40266
1740	-1743.811	-1909.096	165.2848	5.911701
1746	-1744.377	-1909.169	164.7925	6.180033
1752	-1738.769	-1903.807	165.0389	6.045892
1758	-1733.168	-1897.91	164.7421	6.207475
1764	-1732.861	-1897.603	164.7421	6.207475
1770	-1747.774	-1912.29	164.5167	6.329919
1776	-1740.114	-1904.961	164.8462	6.150832
1782	-1742.387	-1907.233	164.8462	6.150832
1788	-1733.906	-1898.204	164.2986	6.448237
1794	-1735.284	-1900.498	165.2134	5.950718
1800	-1728.281	-1893.947	165.666	5.703127
1806	-1735.348	-1899.986	164.6379	6.264092
1812	-1725.825	-1889.779	163.9534	6.635112
1818	-1725.712	-1890.75	165.0382	6.046273
1824	-1735.163	-1899.403	164.2402	6.479899
1830	-1735.59	-1899.205	163.6149	6.817987
1836	-1732.742	-1897.652	164.9099	6.116145
1842	-1734.995	-1899.539	164.5441	6.31507
1848	-1739.03	-1903.791	164.7618	6.196764
1854	-1718.371	-1883.064	164.6927	6.234347
1860	-1733.187	-1897.879	164.6927	6.234347
1866	-1735.208	-1899.56	164.352	6.419308
1872	-1740.253	-1905.128	164.8752	6.135039
1878	-1753.203	-1916.432	163.2293	7.025801
1884	-1754.06	-1917.662	163.6021	6.824867
1890	-1736.254	-1900.689	164.4351	6.37424
1896	-1735.743	-1899.524	163.7804	6.728628
1902	-1736.546	-1900.724	164.178	6.513595
1908	-1740.126	-1904.47	164.3443	6.423444
1914	-1752.933	-1917.425	164.492	6.343367
1920	-1746.308	-1911.097	164.7889	6.181992
1926	-1747.472	-1910.912	163.4403	6.912128
1932	-1747.335	-1912.373	165.0388	6.045958
1938	-1747.296	-1911.754	164.4579	6.361849
1944	-1742.841	-1907.091	164.2499	6.474661
1950	-1740.309	-1904.765	164.4559	6.362943
1956	-1753.49	-1917.828	164.3377	6.427059
1962	-1738.741	-1902.083	163.3419	6.965133
1968	-1744.426	-1908.469	164.0429	6.586735
1974	-1745.825	-1911.052	165.2272	5.943144
1980	-1738.075	-1902.913	164.8386	6.154979
1986	-1738.325	-1903.163	164.8386	6.154979
1992	-1737.748	-1901.568	163.82	6.707213
1998	-1745.019	-1909.324	164.3047	6.444944
2004	-1743.648	-1908.617	164.9693	6.083784
2010	-1740.532	-1903.745	163.2128	7.034645
2016	-1751.203	-1915.679	164.476	6.35201
2022	-1739.122	-1903.546	164.4239	6.380286
2028	-1753.427	-1917.851	164.4239	6.380286
2034	-1754.427	-1918.936	164.5088	6.334247
2040	-1745.779	-1910.354	164.575	6.298281
2046	-1746.735	-1910.927	164.192	6.505983
2052	-1729.756	-1893.866	164.11	6.550416
2058	-1737.821	-1903.228	165.4075	5.844653
2064	-1734.94	-1899.445	164.5058	6.33584
2070	-1741.93	-1906.377	164.4477	6.367406
2076	-1746.571	-1910.901	164.3296	6.431414
2082	-1747.033	-1910.667	163.6341	6.807622
2088	-1739.533	-1904.552	165.0185	6.057025
2094	-1727.121	-1892.061	164.9398	6.099852
2100	-1728.874	-1893.856	164.9825	6.076626
2106	-1730.834	-1895.519	164.6856	6.238199
2112	-1731.402	-1896.106	164.7041	6.228142
2118	-1739.789	-1904.712	164.9229	6.109094
2124	-1731.589	-1895.898	164.3088	6.442727
2130	-1734.804	-1899.302	164.498	6.340088
2136	-1734.417	-1899.244	164.8268	6.161395
2142	-1745.215	-1910.042	164.8268	6.161395
2148	-1742.482	-1906.475	163.9932	6.613603
2154	-1749.319	-1913.312	163.9932	6.613603
2160	-1749.975	-1914.231	164.2564	6.471109
2166	-1747.879	-1911.452	163.5731	6.840523
2172	-1749.446	-1912.698	163.2521	7.01351
2178	-1751.297	-1916.051	164.7541	6.200937
2184	-1751.85	-1915.115	163.2657	7.006195
2190	-1745.321	-1909.612	164.2911	6.452301
2196	-1749.086	-1913.834	164.7485	6.203979
2202	-1738.17	-1902.483	164.3131	6.440367
2208	-1728.349	-1892.869	164.5198	6.328276
2214	-1733.6	-1897.771	164.1714	6.517177
2220	-1735.5	-1900.158	164.6578	6.253292
2226	-1742.179	-1907.374	165.1952	5.960641
2232	-1751.659	-1917.694	166.035	5.500594
2238	-1742.757	-1906.651	163.8945	6.666949
2244	-1738.827	-1904.082	165.2555	5.927699
2250	-1733.68	-1898.55	164.8694	6.138216
2256	-1730.266	-1894.059	163.7929	6.721861
2262	-1741.782	-1906.266	164.4842	6.347565
2268	-1725.868	-1890.527	164.6591	6.252581
2274	-1734.572	-1899.647	165.0752	6.026077
2280	-1735.782	-1900.289	164.507	6.335204
2286	-1734.909	-1899.187	164.2779	6.459478
2292	-1744.905	-1909.692	164.7875	6.182752
2298	-1741.477	-1906.013	164.536	6.319485
2304	-1747.282	-1911.818	164.536	6.319485
2310	-1740.529	-1905.601	165.0721	6.027806
2316	-1741.635	-1906.244	164.609	6.279789
2322	-1753.132	-1917.393	164.2613	6.468471
2328	-1741.25	-1906.729	165.4797	5.80517
2334	-1744.682	-1909.413	164.731	6.213501
2340	-1752.71	-1917.037	164.3266	6.433088
2346	-1749.437	-1914.288	164.8509	6.148263
2352	-1740.962	-1905.829	164.8674	6.139309
2358	-1737.448	-1902.638	165.1896	5.963704
2364	-1742	-1905.93	163.9307	6.647428
2370	-1742.362	-1906.057	163.6952	6.77461
2376	-1747.524	-1912.06	164.5352	6.319919
2382	-1743.873	-1908.281	164.4077	6.389078
2388	-1737.626	-1902.517	164.8902	6.126902
2394	-1746.723	-1911.1	164.3768	6.405868
2400	-1736.311	-1900.271	163.9594	6.631896
2406	-1742.11	-1906.335	164.2245	6.488421
2412	-1751.885	-1916.11	164.2245	6.488421
2418	-1754.065	-1919.283	165.2179	5.948236
2424	-1748.444	-1913.368	164.924	6.108488
2430	-1746.72	-1909.469	162.7497	7.283611
2436	-1749.798	-1914.234	164.4356	6.373936
2442	-1744.149	-1908.634	164.4852	6.34705
2448	-1743.821	-1908.306	164.4852	6.34705
2454	-1735.804	-1900.352	164.5483	6.312796
2460	-1745.305	-1908.197	162.8913	7.207532
2466	-1740.798	-1905.357	164.5585	6.307217
2472	-1753.358	-1918.331	164.9727	6.081959
2478	-1739.222	-1903.508	164.2858	6.45516
2484	-1732.09	-1896.66	164.5699	6.301023
2490	-1738.353	-1903.423	165.0706	6.028619
2496	-1745.903	-1908.942	163.0391	7.128139
2502	-1745.063	-1907.663	162.5996	7.364131
2508	-1740.414	-1903.416	163.0016	7.148271
2514	-1743.581	-1908.187	164.6066	6.281093
2520	-1738.133	-1903.125	164.9913	6.071843
2526	-1740.118	-1904.35	164.2325	6.484079
2532	-1731.958	-1895.936	163.9785	6.62156
2538	-1730.863	-1895.628	164.7649	6.195072
2544	-1728.07	-1892.627	164.5567	6.308195
2550	-1733.904	-1898.46	164.5567	6.308195
2556	-1737.993	-1902.574	164.5807	6.295183
2562	-1746.312	-1910.424	164.112	6.549339
2568	-1741.15	-1905.673	164.523	6.326511
2574	-1745.444	-1909.923	164.4797	6.350024
2580	-1747.378	-1911.391	164.0131	6.602857
2586	-1733.959	-1898.549	164.5901	6.290099
2592	-1727.402	-1891.858	164.4559	6.362933
2598	-1725.455	-1889.911	164.4559	6.362933
2604	-1734.613	-1899.34	164.7273	6.215492
2610	-1733.636	-1897.42	163.7835	6.726977
2616	-1728.939	-1893.885	164.9455	6.096798
2622	-1735.073	-1900.32	165.2474	5.932113
2628	-1735.688	-1900.231	164.543	6.315648
2634	-1737.192	-1900.948	163.7558	6.741913
2640	-1731.831	-1896.82	164.9894	6.07285
2646	-1741.573	-1905.882	164.3091	6.44257
2652	-1736.413	-1901.169	164.7555	6.200177
2658	-1728.401	-1893.162	164.7607	6.197337
2664	-1727.095	-1891.792	164.6964	6.232329
2670	-1728.341	-1892.513	164.1717	6.516984
2676	-1737.828	-1901.914	164.0862	6.563306
2682	-1732.431	-1897.047	164.6156	6.276242
2688	-1739.539	-1903.387	163.848	6.692127
2694	-1745.416	-1909.746	164.33	6.431246
2700	-1741.122	-1906.054	164.9319	6.104168
2706	-1743.904	-1908.505	164.6002	6.284592
2712	-1741.515	-1906.146	164.6313	6.267693
2718	-1740.756	-1905.215	164.4598	6.360828
2724	-1748.282	-1912.857	164.5756	6.297941
2730	-1745.695	-1909.939	164.2439	6.477898
2736	-1750.778	-1914.529	163.7505	6.744794
2742	-1755.124	-1918.874	163.7505	6.744794
2748	-1750.74	-1914.555	163.8145	6.710194
2754	-1746.298	-1910.228	163.9303	6.647602
2760	-1744.615	-1908.457	163.8422	6.695245
2766	-1748.209	-1913.454	165.246	5.932909
2772	-1741.772	-1906.134	164.3621	6.413832
2778	-1746.379	-1909.904	163.5255	6.866188
2784	-1753.239	-1918.022	164.7822	6.185678
2790	-1742.758	-1906.74	163.9822	6.619552
2796	-1740.842	-1905.532	164.6893	6.236182
2802	-1744.017	-1908.771	164.7546	6.200668
2808	-1736.559	-1900.721	164.1619	6.522315
2814	-1745.624	-1908.757	163.1331	7.077557
2820	-1749.791	-1913.93	164.1392	6.534623
2826	-1736.027	-1900.387	164.3599	6.415006
2832	-1739.778	-1903.993	164.2151	6.493511
2838	-1741.569	-1906.243	164.6739	6.244562
2844	-1743.544	-1908.071	164.5263	6.324737
2850	-1741.603	-1905.666	164.0631	6.575779
2856	-1744.037	-1907.308	163.2715	7.003077
2862	-1747.663	-1912.196	164.5331	6.321012
2868	-1752.803	-1917.044	164.241	6.479461
2874	-1749.917	-1913.557	163.6403	6.804243
2880	-1741.212	-1905.677	164.4646	6.358235
2886	-1732.235	-1896.324	164.0884	6.562084
2892	-1737.378	-1901.816	164.4376	6.372855
2898	-1737.407	-1901.845	164.4376	6.372855
2904	-1736.906	-1901.343	164.4376	6.372855
2910	-1733.658	-1898.247	164.5892	6.290572
2916	-1742.231	-1906.147	163.9161	6.655283
2922	-1741.515	-1906.262	164.7467	6.204976
2928	-1752.588	-1917.663	165.0743	6.026565
2934	-1738.322	-1902.339	164.0167	6.600867
2940	-1745.019	-1909.036	164.0167	6.600867
2946	-1738.792	-1901.941	163.1484	7.069305
2952	-1728.061	-1892.938	164.8768	6.134181
2958	-1750.311	-1915.188	164.8768	6.134181
2964	-1739.459	-1904.339	164.8807	6.132063
2970	-1736.122	-1900.497	164.3748	6.40692
2976	-1749.794	-1914.055	164.2607	6.468805
2982	-1734.807	-1899.174	164.3667	6.411324
2988	-1730.475	-1894.809	164.3339	6.429121
2994	-1731.814	-1896.147	164.3339	6.429121
3000	-1734.682	-1898.187	163.5058	6.876802
3006	-1735.989	-1900.657	164.6677	6.247925
3012	-1729.436	-1894.103	164.6677	6.247925
3018	-1730.808	-1895.497	164.6883	6.236716
3024	-1738.178	-1903.107	164.9296	6.105424
3030	-1742.548	-1906.416	163.8682	6.681197
3036	-1735.975	-1900.718	164.7431	6.206902
3042	-1733.251	-1897.818	164.567	6.3026
3048	-1744.062	-1909.206	165.1435	5.988842
3054	-1742.986	-1907.803	164.8175	6.166476
3060	-1749.797	-1914.536	164.7394	6.208911
3066	-1740.703	-1905.572	164.8693	6.138272
3072	-1744.226	-1908.867	164.6414	6.262232
3078	-1746.704	-1910.822	164.1174	6.546415
3084	-1754.486	-1918.603	164.1174	6.546415
3090	-1749.829	-1913.662	163.8331	6.700181
3096	-1740.805	-1905.785	164.9803	6.077827
3102	-1744.334	-1909.594	165.2601	5.925215
3108	-1740.393	-1904.962	164.569	6.301515
3114	-1740.92	-1906.116	165.1965	5.959939
3120	-1754.277	-1918.203	163.9264	6.649716
3126	-1746.129	-1910.051	163.9224	6.65187
3132	-1739.48	-1903.841	164.3602	6.414857
3138	-1736.362	-1900.512	164.1504	6.52854
3144	-1740.115	-1904.125	164.0095	6.604815
3150	-1731.409	-1895.57	164.1612	6.522686
3156	-1744.77	-1908.931	164.1612	6.522686
3162	-1749.525	-1914.249	164.7239	6.217345
3168	-1755.613	-1919.525	163.9124	6.65728
3174	-1737.464	-1901.817	164.3524	6.419059
3180	-1736.199	-1900.509	164.3096	6.442276
3186	-1735.905	-1900.064	164.1599	6.523409
3192	-1738.439	-1902.599	164.1599	6.523409
3198	-1748.094	-1912.325	164.2315	6.484631
3204	-1750.907	-1915.753	164.8454	6.151284
3210	-1749.429	-1913.3	163.8712	6.679574
3216	-1745.79	-1909.822	164.0326	6.59229
3222	-1747.469	-1912.453	164.9841	6.075737
3228	-1754.978	-1919.012	164.0344	6.591311
3234	-1744.995	-1908.811	163.8154	6.70972
3240	-1736.54	-1900.923	164.3834	6.40228
3246	-1734.504	-1898.552	164.0481	6.583929
3252	-1742.703	-1906.752	164.0481	6.583929
3258	-1749.906	-1914.048	164.1422	6.532988
3264	-1748.613	-1912.964	164.3511	6.419795
3270	-1750.863	-1915.449	164.5852	6.292725
3276	-1747.544	-1912.415	164.8711	6.137301
3282	-1750.801	-1914.208	163.4065	6.930342
3288	-1747.893	-1911.331	163.4385	6.913112
3294	-1737.095	-1901.67	164.575	6.298306
3300	-1742.548	-1906.71	164.1619	6.522283
3306	-1734.78	-1898.942	164.1619	6.522283
3312	-1755.006	-1919.938	164.9322	6.104011
3318	-1746.638	-1910.763	164.1247	6.542474
3324	-1743.155	-1907.163	164.0074	6.605925
3330	-1742.9	-1908.243	165.343	5.879932
3336	-1740.219	-1904.826	164.6069	6.280978
3342	-1732.091	-1896.651	164.56	6.306452
3348	-1731.924	-1896.819	164.8947	6.124425
3354	-1735.521	-1899.143	163.6217	6.814284
3360	-1733.423	-1898.263	164.84	6.154205
3366	-1729.92	-1894.838	164.9179	6.11182
3372	-1739.913	-1905.666	165.7536	5.655133
3378	-1739.388	-1904.106	164.7182	6.220456
3384	-1751.987	-1916.191	164.204	6.499491
3390	-1749.275	-1913.531	164.2562	6.471246
3396	-1754.033	-1918.501	164.468	6.356365
3402	-1768.025	-1932.631	164.6065	6.281156
3408	-1747.597	-1912.754	165.1572	5.981362
3414	-1741.073	-1906.542	165.4689	5.811085
3420	-1738.193	-1902.367	164.1739	6.515808
3426	-1745.046	-1908.655	163.6097	6.820753
3432	-1751.636	-1916.081	164.4456	6.368528
3438	-1752.624	-1917.07	164.4456	6.368528
3444	-1758.99	-1923.154	164.1638	6.521277
3450	-1753.16	-1917.835	164.6748	6.24407
3456	-1745.391	-1909.782	164.3908	6.398278
3462	-1736.529	-1900.663	164.1338	6.53754
3468	-1748.697	-1912.848	164.1513	6.528051
3474	-1741.488	-1906.487	164.9989	6.067693
3480	-1727.852	-1892.107	164.2548	6.472002
3486	-1742.249	-1905.865	163.6164	6.817147
3492	-1740.044	-1904.213	164.1696	6.518144
3498	-1731.041	-1895.069	164.0275	6.595074
3504	-1738.266	-1901.992	163.7252	6.758427
3510	-1737.048	-1901.735	164.6872	6.237333
3516	-1739.053	-1903.298	164.2454	6.477053
3522	-1741.228	-1905.81	164.5822	6.294383
3528	-1742.265	-1906.111	163.8461	6.693112
3534	-1743.157	-1907.306	164.1481	6.52977
3540	-1740.003	-1903.956	163.9531	6.635289
3546	-1745.559	-1909.761	164.2024	6.500388
3552	-1753.708	-1918.555	164.8479	6.14993
3558	-1754.235	-1919.254	165.0192	6.056632
3564	-1763.846	-1927.878	164.0319	6.592686
3570	-1744.158	-1908.174	164.0166	6.600972
3576	-1747.361	-1910.652	163.2912	6.992439
3582	-1745.553	-1908.844	163.2912	6.992439
3588	-1739.734	-1904.15	164.416	6.384596
3594	-1740.592	-1904.882	164.29	6.452923
3600	-1744.954	-1908.893	163.9385	6.643184
3606	-1735.641	-1899.58	163.9385	6.643184
3612	-1757.832	-1922.093	164.2612	6.468498
3618	-1756.289	-1920.55	164.2612	6.468498
3624	-1748.182	-1913.299	165.1177	6.002922
3630	-1739.941	-1903.597	163.6556	6.796016
3636	-1731.162	-1895.302	164.1401	6.534099
3642	-1742.798	-1907.677	164.879	6.132959
3648	-1744.333	-1908.921	164.5877	6.291387
3654	-1751.405	-1916.291	164.8857	6.129349
3660	-1743.639	-1907.444	163.8055	6.715075
3666	-1731.253	-1896.186	164.9334	6.103387
3672	-1740.314	-1905.01	164.6958	6.232664
3678	-1738.279	-1902.014	163.7345	6.753398
3684	-1745.607	-1910.225	164.6181	6.274885
3690	-1752.798	-1916.519	163.7209	6.760736
3696	-1753.253	-1916.705	163.4519	6.905856
3702	-1754.245	-1918.88	164.635	6.26566
3708	-1745.413	-1910.519	165.1053	6.009702
3714	-1735.853	-1899.624	163.7713	6.733558
3720	-1730.965	-1895.532	164.5667	6.302781
3726	-1734.588	-1899.443	164.8558	6.145615
3732	-1738.38	-1902.359	163.9792	6.621158
3738	-1741.353	-1905.28	163.9275	6.649116
3744	-1747.062	-1910.305	163.243	7.018387
3750	-1758.285	-1922.142	163.857	6.687242
3756	-1749.734	-1913.99	164.2561	6.471256
3762	-1750.176	-1914.148	163.9724	6.624863
3768	-1743.639	-1908.672	165.0328	6.049193
3774	-1735.068	-1899.264	164.1962	6.503718
3780	-1748.101	-1911.189	163.0887	7.101444
3786	-1748.487	-1912.408	163.9215	6.6524
3792	-1741.511	-1905.487	163.9756	6.62313
3798	-1743.697	-1907.673	163.9756	6.62313
3804	-1744.342	-1909.111	164.7691	6.192786
3810	-1747.22	-1910.801	163.5807	6.836409
3816	-1750.535	-1915.406	164.8706	6.137531
3822	-1748.592	-1913.463	164.8706	6.137531
3828	-1760.258	-1924.522	164.2639	6.467054
3834	-1756.524	-1921.957	165.4331	5.830639
3840	-1735.186	-1899.791	164.6053	6.281804
3846	-1740.434	-1904.762	164.3279	6.432387
3852	-1745.955	-1910.146	164.1905	6.506827
3858	-1750.013	-1914.844	164.8316	6.158803
3864	-1742.418	-1907.534	165.1151	6.004327
3870	-1742.815	-1908.075	165.2598	5.925386
3876	-1737.382	-1902.206	164.8243	6.16274
3882	-1729.432	-1894.21	164.7781	6.187878
3888	-1737.383	-1902.161	164.7781	6.187878
3894	-1752.359	-1916.152	163.793	6.721822
3900	-1736.602	-1901.401	164.7991	6.176473
3906	-1729.798	-1894.414	164.6164	6.275813
3912	-1730.059	-1894.495	164.4366	6.373393
3918	-1746.997	-1911.915	164.9186	6.111421
3924	-1738.336	-1903.343	165.0069	6.063323
3930	-1745.509	-1909.109	163.6008	6.825569
3936	-1736.658	-1900.899	164.2408	6.479563
3942	-1731.885	-1896.126	164.2408	6.479563
3948	-1729.164	-1893.551	164.3875	6.400067
3954	-1736.987	-1901.374	164.3875	6.400067
3960	-1732.179	-1896.567	164.3875	6.400067
3966	-1733.094	-1898.281	165.1865	5.965389
3972	-1736.171	-1901.346	165.1753	5.971491
3978	-1746.732	-1912.347	165.6156	5.730753
3984	-1746.302	-1910.224	163.9221	6.652073
3990	-1728.514	-1892.436	163.9221	6.652073
3996	-1726.832	-1892.407	165.575	5.75299
4002	-1744.973	-1909.236	164.2633	6.467371
4008	-1738.003	-1903.197	165.194	5.961299
4014	-1741.818	-1907.845	166.0271	5.50493
4020	-1731.391	-1895.793	164.4018	6.392293
4026	-1735.577	-1899.643	164.0653	6.574596
4032	-1740.125	-1905.222	165.097	6.014218
4038	-1729.498	-1894.226	164.7282	6.215047
4044	-1728.293	-1892.365	164.0722	6.570848
4050	-1751.201	-1914.552	163.3506	6.960452
4056	-1754.246	-1918.874	164.628	6.269515
4062	-1759.151	-1923.392	164.2414	6.479218
4068	-1747.757	-1912.49	164.7326	6.212616
4074	-1738.826	-1903.11	164.2836	6.456354
4080	-1749.86	-1913.725	163.8652	6.682793
4086	-1750.606	-1914.472	163.8652	6.682793
4092	-1738.184	-1902.877	164.693	6.234183
4098	-1742.438	-1907.601	165.1627	5.978364
4104	-1746.786	-1911.128	164.3425	6.424444
4110	-1752.715	-1915.968	163.2536	7.012679
4116	-1739.249	-1903.62	164.3708	6.409109
4122	-1741.193	-1904.966	163.7737	6.73227
4128	-1760.219	-1924.733	164.5145	6.331151
4134	-1755.532	-1920.047	164.5145	6.331151
4140	-1748.521	-1912.792	164.2713	6.463015
4146	-1755.12	-1918.825	163.7057	6.768951
4152	-1742.191	-1906.35	164.1592	6.523764
4158	-1741.704	-1905.863	164.1592	6.523764
4164	-1747.994	-1912.769	164.7753	6.189412
4170	-1740.01	-1904.459	164.4498	6.366247
4176	-1746.609	-1910.96	164.3502	6.420255
4182	-1746.107	-1910.672	164.5648	6.303838
4188	-1738.562	-1903.133	164.5704	6.300755
4194	-1736.365	-1899.605	163.2401	7.019975
4200	-1738.787	-1904.146	165.3587	5.871307
4206	-1737.947	-1902.939	164.992	6.071431
4212	-1730.382	-1895.273	164.8914	6.12621
4218	-1742.819	-1905.979	163.1603	7.062947
4224	-1746.281	-1909.933	163.6527	6.797557
4230	-1740.301	-1905.894	165.5928	5.743243
4236	-1731	-1896.376	165.3756	5.862074
4242	-1745.423	-1909.805	164.3813	6.403393
4248	-1749.941	-1914.028	164.0871	6.562791
4254	-1748.701	-1912.874	164.1725	6.516588
4260	-1737.582	-1901.54	163.9577	6.632816
4266	-1736.235	-1899.887	163.6518	6.798064
4272	-1737.439	-1901.6	164.1605	6.52306
4278	-1738.749	-1903.491	164.7426	6.207208
4284	-1736.639	-1901.637	164.9983	6.067991
4290	-1746.867	-1911.979	165.1117	6.006163
4296	-1751.872	-1916.183	164.3108	6.441645
4302	-1745.022	-1909.675	164.653	6.255896
4308	-1740.812	-1905.282	164.4697	6.35547
4314	-1749.532	-1913.233	163.7013	6.771344
4320	-1736.463	-1900.614	164.1512	6.528119
4326	-1731.817	-1896.121	164.3039	6.445358
4332	-1741.14	-1904.929	163.7883	6.724381
4338	-1738.105	-1903.006	164.9006	6.121217
4344	-1740.134	-1905.504	165.3702	5.865072
4350	-1738.139	-1902.687	164.548	6.312915
4356	-1741.784	-1906.662	164.878	6.133509
4362	-1734.931	-1899.71	164.7794	6.187184
4368	-1743.662	-1908.04	164.3782	6.405106
4374	-1733.826	-1897.751	163.9245	6.650769
4380	-1729.247	-1894.35	165.1029	6.010962
4386	-1724.749	-1889.453	164.7036	6.228382
4392	-1735.009	-1899.61	164.6009	6.284228
4398	-1743.772	-1907.192	163.4197	6.923221
4404	-1738.622	-1902.852	164.2297	6.485559
4410	-1740.089	-1904.43	164.341	6.425274
4416	-1743.194	-1906.399	163.2045	7.039153
4422	-1727.906	-1892.155	164.2488	6.47523
4428	-1733.206	-1896.836	163.6304	6.809631
4434	-1738.843	-1903.496	164.6527	6.256067
4440	-1748.75	-1913.655	164.905	6.118814
4446	-1754.067	-1918.976	164.9092	6.116561
4452	-1737.802	-1902.556	164.7537	6.201182
4458	-1741.952	-1906.05	164.0976	6.557097
4464	-1735.636	-1899.943	164.3073	6.443509
4470	-1732.37	-1896.896	164.5258	6.325006
4476	-1722.907	-1886.773	163.8657	6.682546
4482	-1733.586	-1898.239	164.6531	6.255827
4488	-1749.346	-1913.999	164.6531	6.255827
4494	-1749.543	-1914.352	164.8092	6.170987
4500	-1753.772	-1918.138	164.3662	6.411621
4506	-1737.977	-1902.343	164.3662	6.411621
4512	-1752.723	-1916.908	164.1857	6.509402
4518	-1743.135	-1907.286	164.151	6.528208
4524	-1743.424	-1907.008	163.584	6.834631
4530	-1741.352	-1906.202	164.8502	6.148658
4536	-1739.45	-1904.743	165.293	5.907234
4542	-1745.692	-1911.17	165.4773	5.806454
4548	-1734.677	-1898.57	163.8936	6.667486
4554	-1730.628	-1895.399	164.7706	6.191982
4560	-1733.854	-1899.547	165.6926	5.688544
4566	-1748.624	-1912.289	163.6643	6.79133
4572	-1740.238	-1904.332	164.0936	6.559308
4578	-1759.102	-1923.809	164.707	6.226571
4584	-1756.152	-1919.5	163.3485	6.961608
4590	-1740.084	-1905.431	165.3474	5.877511
4596	-1748.625	-1912.594	163.969	6.626673
4602	-1750.275	-1914.557	164.2819	6.457284
4608	-1747.937	-1911.449	163.5118	6.873561
4614	-1747.444	-1912.04	164.5962	6.286763
4620	-1740.979	-1906.149	165.17	5.974398
4626	-1746.456	-1911.832	165.376	5.861877
4632	-1738.311	-1903.733	165.4222	5.836591
4638	-1735.161	-1900.193	165.0319	6.049722
4644	-1731.765	-1896.797	165.0319	6.049722
4650	-1734.728	-1899.928	165.1998	5.958131
4656	-1737.3	-1902.787	165.4872	5.801075
4662	-1729.976	-1895.463	165.4872	5.801075
4668	-1732.85	-1897.023	164.1729	6.516334
4674	-1728.261	-1891.648	163.3873	6.940692
4680	-1736.384	-1900.516	164.1323	6.53831
4686	-1738.265	-1902.786	164.5213	6.327453
4692	-1739.971	-1904.571	164.5999	6.284774
4698	-1739.978	-1904.28	164.3013	6.44676
4704	-1723.497	-1888.575	165.0779	6.024631
4710	-1733.948	-1898.366	164.4181	6.383471
4716	-1741.481	-1905.94	164.4583	6.361607
4722	-1738.062	-1902.131	164.0695	6.572341
4728	-1738.804	-1902.873	164.0695	6.572341
4734	-1741.219	-1906.05	164.8313	6.158945
4740	-1731.257	-1895.773	164.5163	6.33014
4746	-1751.61	-1915.999	164.3891	6.399197
4752	-1752.723	-1917.001	164.2784	6.459187
4758	-1746.725	-1910.613	163.8876	6.670679
4764	-1741.783	-1905.102	163.3184	6.977789
4770	-1752.852	-1916.415	163.5637	6.845598
4776	-1750.304	-1914.944	164.6399	6.263029
4782	-1735.261	-1899.451	164.1896	6.507278
4788	-1746.075	-1910.191	164.1161	6.547087
4794	-1745.614	-1910.507	164.8936	6.125043
4800	-1748.157	-1913.21	165.0535	6.037947
4806	-1745.487	-1909.937	164.4505	6.365846
4812	-1746.697	-1911.148	164.4505	6.365846
4818	-1742.793	-1907.602	164.809	6.171089
4824	-1740.158	-1904.053	163.8946	6.666906
4830	-1744.935	-1908.842	163.9078	6.659772
4836	-1748.978	-1912.926	163.9481	6.638012
4842	-1743.758	-1907.634	163.8762	6.676893
4848	-1750.262	-1914.806	164.5438	6.315199
4854	-1740.678	-1905.406	164.7284	6.214943
4860	-1739.232	-1903.845	164.6131	6.277567
4866	-1736.011	-1900.12	164.1094	6.550745
4872	-1735.202	-1899.312	164.1094	6.550745
4878	-1742.547	-1906.959	164.4115	6.38703
4884	-1744.291	-1909.436	165.1441	5.988493
4890	-1741.484	-1905.239	163.7555	6.742101
4896	-1746.894	-1912.134	165.2407	5.935765
4902	-1746.482	-1911.821	165.3389	5.88214
4908	-1735.139	-1899.628	164.4888	6.34507
4914	-1739.129	-1903.629	164.4995	6.339289
4920	-1734.24	-1899.313	165.0731	6.027232
4926	-1750.727	-1915.067	164.3396	6.426012
4932	-1744.779	-1908.785	164.0056	6.606884
4938	-1751.554	-1917.06	165.5062	5.790657
4944	-1749.789	-1914.949	165.1596	5.980065
4950	-1742.569	-1907.044	164.4744	6.352894
4956	-1745.268	-1909.742	164.4744	6.352894
4962	-1740.962	-1906.086	165.1235	5.999747
4968	-1750.026	-1915.15	165.1235	5.999747
4974	-1744.123	-1907.847	163.7246	6.758747
4980	-1729.851	-1894.314	164.4635	6.358817
4986	-1734.204	-1898.033	163.8291	6.702318
4992	-1728.124	-1892.451	164.3273	6.432702
4998	-1735.988	-1900.805	164.8169	6.166769
5004	-1734.13	-1897.866	163.7357	6.752783
5010	-1733.427	-1897.861	164.4343	6.374668
5016	-1740.508	-1904.325	163.8165	6.709125
5022	-1736.202	-1901.931	165.7295	5.668328
5028	-1743.76	-1908.957	165.1974	5.959445
5034	-1731.248	-1896.527	165.279	5.914893
5040	-1731.728	-1897.186	165.4575	5.817334
5046	-1754.274	-1919.478	165.2039	5.955884
5052	-1749.413	-1913.57	164.1577	6.524577
5058	-1746.063	-1911.412	165.3491	5.876567
5064	-1745.328	-1910.653	165.325	5.889732
5070	-1740.342	-1903.88	163.5381	6.859384
5076	-1733.891	-1898.414	164.5227	6.326698
5082	-1734.695	-1898.346	163.6511	6.798438
5088	-1742.497	-1906.475	163.9789	6.621348
5094	-1744.165	-1907.682	163.5172	6.870659
5100	-1750.821	-1915.71	164.8896	6.12719
5106	-1748.906	-1913.159	164.2529	6.472987
5112	-1755.748	-1919.859	164.111	6.549851
5118	-1748.762	-1912.79	164.0277	6.594952
5124	-1738.089	-1902.64	164.5512	6.311226
5130	-1737.249	-1901.915	164.6654	6.24914
5136	-1742.599	-1907.265	164.6654	6.24914
5142	-1738.639	-1903.992	165.3528	5.874556
5148	-1747.444	-1911.781	164.3361	6.427915
5154	-1745.691	-1910.066	164.3748	6.406942
5160	-1759.508	-1925.063	165.555	5.763947
5166	-1754.52	-1919.232	164.7119	6.223909
5172	-1745.445	-1910.365	164.9194	6.110977
5178	-1733.704	-1897.923	164.2195	6.491121
5184	-1738.405	-1902.903	164.4975	6.340381
5190	-1734.929	-1899.384	164.4543	6.363804
5196	-1752.361	-1916.762	164.4013	6.392557
5202	-1745.212	-1909.929	164.7169	6.221196
5208	-1728.656	-1893.476	164.8201	6.165048
5214	-1743.967	-1908.787	164.8201	6.165048
5220	-1757.072	-1922.449	165.3771	5.861261
5226	-1750.501	-1914.422	163.921	6.652626
5232	-1735.447	-1899.368	163.921	6.652626
5238	-1736.58	-1900.091	163.5117	6.873621
5244	-1733.447	-1897.547	164.0998	6.555926
5250	-1749.825	-1914.435	164.6096	6.279475
5256	-1747.712	-1912.502	164.7908	6.180963
5262	-1732.678	-1897.469	164.7908	6.180963
5268	-1730.288	-1895.079	164.7908	6.180963
5274	-1738.159	-1902.504	164.346	6.422557
5280	-1733.464	-1898.9	165.4359	5.829107
5286	-1730.297	-1894.291	163.9933	6.613528
5292	-1745.589	-1910.354	164.7652	6.194895
5298	-1742.009	-1906.216	164.2067	6.498015
5304	-1750.638	-1915.893	165.255	5.928005
5310	-1740.109	-1905.195	165.0854	6.02054
5316	-1731.4	-1897.035	165.6345	5.720424
5322	-1745.672	-1910.135	164.4629	6.359116
5328	-1745.366	-1910.237	164.8716	6.137001
5334	-1732.904	-1898.209	165.3047	5.900822
5340	-1744.912	-1909.524	164.6118	6.278267
5346	-1733.812	-1898.423	164.6118	6.278267
5352	-1742.827	-1907.648	164.821	6.164556
5358	-1734.27	-1898.647	164.377	6.405724
5364	-1740.643	-1905.359	164.7157	6.221803
5370	-1746.162	-1910.644	164.4817	6.348913
5376	-1737.456	-1901.84	164.3831	6.402435
5382	-1730.882	-1895.361	164.4786	6.350614
5388	-1741.423	-1905.901	164.4786	6.350614
5394	-1747.456	-1910.912	163.4565	6.903373
5400	-1742.304	-1906.39	164.0859	6.563432
5406	-1745.202	-1909.986	164.7849	6.184177
5412	-1729.906	-1894.368	164.462	6.359605
5418	-1732.26	-1896.743	164.4826	6.348431
5424	-1737.121	-1901.603	164.4826	6.348431
5430	-1738.623	-1903.105	164.4826	6.348431
5436	-1733.234	-1897.977	164.7432	6.206849
5442	-1730.614	-1894.154	163.5403	6.858192
5448	-1740.937	-1904.822	163.8854	6.671898
5454	-1743.332	-1907.821	164.4885	6.345255
5460	-1748.382	-1912.87	164.4885	6.345255
5466	-1735.933	-1900.521	164.588	6.29123
5472	-1732.571	-1896.436	163.8653	6.682735
5478	-1732.035	-1896.453	164.4182	6.383389
5484	-1738.08	-1902.867	164.7864	6.183351
5490	-1738.276	-1902.752	164.4758	6.352128
5496	-1753.891	-1917.495	163.604	6.823865
5502	-1752.387	-1916.157	163.7703	6.734068
5508	-1765.669	-1929.951	164.2822	6.457152
5514	-1761.267	-1924.861	163.594	6.829236
5520	-1761.05	-1925.521	164.4713	6.354574
5526	-1751.729	-1916.547	164.8183	6.166029
5532	-1750.904	-1914.634	163.7297	6.756004
5538	-1738.041	-1901.325	163.2838	6.99646
5544	-1737.752	-1902.29	164.5388	6.317936
5550	-1746.412	-1910.865	164.4532	6.36438
5556	-1734.909	-1899.362	164.4532	6.36438
5562	-1744.494	-1908.985	164.4912	6.343791
5568	-1742.906	-1907.398	164.4912	6.343791
5574	-1747.261	-1911.919	164.6577	6.253335
5580	-1738.716	-1903.188	164.4717	6.354384
5586	-1747.698	-1911.929	164.2303	6.48525
5592	-1746.149	-1910.771	164.6221	6.272673
5598	-1749.616	-1914.304	164.6879	6.236925
5604	-1746.998	-1911.63	164.632	6.267304
5610	-1741.046	-1905.678	164.632	6.267304
5616	-1748.716	-1912.847	164.1309	6.53908
5622	-1744.118	-1908.249	164.1309	6.53908
5628	-1745.081	-1909.451	164.3701	6.409503
5634	-1748.941	-1913.362	164.4213	6.38171
5640	-1738.859	-1902.982	164.123	6.54335
5646	-1740.592	-1905.151	164.5595	6.306708
5652	-1743.527	-1907.658	164.131	6.539034
5658	-1740.311	-1905.071	164.7606	6.197423
5664	-1733.841	-1899.406	165.5649	5.758505
5670	-1738.292	-1902.957	164.6642	6.249829
5676	-1729.055	-1894.072	165.0169	6.057897
5682	-1727.809	-1891.935	164.1258	6.541831
5688	-1736.89	-1900.5	163.6098	6.820722
5694	-1738.284	-1902.376	164.0917	6.560304
5700	-1741.811	-1907.286	165.4748	5.807819
5706	-1744.374	-1909.372	164.9981	6.0681
5712	-1757.493	-1921.419	163.9264	6.64973
5718	-1750.494	-1915.536	165.0422	6.044097
5724	-1747.916	-1913.152	165.2359	5.938429
5730	-1743.322	-1908.341	165.0192	6.056591
5736	-1740.849	-1905.588	164.7389	6.209189
5742	-1745.929	-1910.711	164.7818	6.185858
5748	-1744.963	-1909.755	164.7924	6.180124
5754	-1740.325	-1904.678	164.3534	6.418549
5760	-1743.075	-1908.232	165.1566	5.981678
5766	-1734.72	-1899.026	164.3057	6.444404
5772	-1739.882	-1904.798	164.9155	6.113133
5778	-1739.631	-1904.583	164.9517	6.093421
5784	-1731.696	-1896.647	164.9517	6.093421
5790	-1732.773	-1897.722	164.9483	6.095223
5796	-1745.389	-1910.337	164.9483	6.095223
5802	-1739.762	-1904.545	164.7832	6.185135
5808	-1745.96	-1909.881	163.9213	6.652496
5814	-1739.492	-1903.218	163.7257	6.758184
5820	-1732.669	-1897.28	164.6115	6.27847
5826	-1736.873	-1901.484	164.6115	6.27847
5832	-1729.691	-1894.351	164.6601	6.252034
5838	-1751.356	-1916.373	165.0164	6.058126
5844	-1746.572	-1911.589	165.0164	6.058126
5850	-1733.834	-1898.412	164.5777	6.29684
5856	-1730.705	-1895.282	164.5777	6.29684
5862	-1723.836	-1887.449	163.6134	6.818771
5868	-1736.6	-1900.213	163.6134	6.818771
5874	-1731.723	-1895.962	164.2394	6.480313
5880	-1741.245	-1906.053	164.8083	6.171467
5886	-1745.204	-1908.522	163.3183	6.977878
5892	-1742.721	-1906.417	163.6958	6.774318
5898	-1737.801	-1902.015	164.214	6.494073
5904	-1732.731	-1897.77	165.0391	6.045755
5910	-1738.144	-1903.184	165.0391	6.045755
5916	-1742.494	-1907.813	165.3182	5.893487
5922	-1740.971	-1906.711	165.7403	5.662418
5928	-1733.196	-1898.271	165.0754	6.02599
5934	-1741.598	-1905.54	163.9426	6.640949
5940	-1730.867	-1895.275	164.4075	6.38918
5946	-1736.279	-1900.542	164.2631	6.467493
5952	-1748.063	-1912.183	164.1199	6.545028
5958	-1744.542	-1908.27	163.7286	6.756586
5964	-1755.35	-1920.224	164.8747	6.135311
5970	-1754.947	-1920.008	165.0608	6.033945
5976	-1740.34	-1905.405	165.0645	6.031925
5982	-1744.639	-1908.191	163.5526	6.851566
5988	-1737.707	-1902.377	164.6704	6.246435
5994	-1742.129	-1906.166	164.0372	6.589815
6000	-1744.386	-1908.759	164.3736	6.407593
6006	-1744.733	-1908.867	164.1339	6.537443
6012	-1735.534	-1899.157	163.6233	6.813459
6018	-1737.301	-1901.174	163.8733	6.678456
6024	-1739.642	-1904.353	164.7118	6.223922
6030	-1741.908	-1905.96	164.0523	6.58161
6036	-1736.919	-1901.836	164.9173	6.112107
6042	-1738.59	-1902.827	164.237	6.481653
6048	-1731.886	-1896.778	164.8915	6.126185
6054	-1731.036	-1895.691	164.6549	6.254892
6060	-1728.656	-1893.751	165.0949	6.015345
6066	-1742.493	-1907.535	165.0421	6.044111
6072	-1736.802	-1901.047	164.2453	6.47714
6078	-1733.144	-1897.168	164.0239	6.59702
6084	-1743.235	-1908.146	164.9112	6.115464
6090	-1752.542	-1916.968	164.4251	6.379639
6096	-1747.502	-1911.664	164.1625	6.521973
6102	-1740.684	-1905.062	164.3787	6.404807
6108	-1739.091	-1903.47	164.3787	6.404807
6114	-1743.516	-1908.049	164.5322	6.321534
6120	-1746.644	-1911.459	164.8152	6.167719
6126	-1742.714	-1907.487	164.7727	6.19084
6132	-1749.523	-1914.179	164.656	6.25428
6138	-1753.863	-1917.668	163.8049	6.715415
6144	-1751.394	-1915.353	163.9587	6.632281
6150	-1760.264	-1923.605	163.3414	6.965406
6156	-1760.737	-1924.079	163.3414	6.965406
6162	-1737.528	-1901.686	164.1571	6.524906
6168	-1740.542	-1905.157	164.6154	6.276328
6174	-1741.22	-1905.73	164.5102	6.333471
6180	-1745.426	-1909.936	164.5102	6.333471
6186	-1734.357	-1899.162	164.8045	6.173524
6192	-1737.786	-1902.758	164.9719	6.082402
6198	-1738.529	-1903.289	164.7593	6.198098
6204	-1738.767	-1902.971	164.2044	6.499284
6210	-1741.919	-1906.124	164.2044	6.499284
6216	-1735.296	-1899.5	164.2044	6.499284
6222	-1751.961	-1917.361	165.3994	5.849097
6228	-1737.135	-1901.55	164.415	6.385122
6234	-1733.334	-1898.627	165.2929	5.907303
6240	-1751.443	-1915.587	164.1447	6.531643
6246	-1740.632	-1904.9	164.2673	6.465186
6252	-1737.071	-1902.26	165.1897	5.963656
6258	-1736.935	-1901.047	164.1123	6.549163
6264	-1734.957	-1898.486	163.529	6.864299
6270	-1756.365	-1920.043	163.6783	6.783731
6276	-1756.175	-1919.853	163.6783	6.783731
6282	-1748.088	-1912.86	164.7718	6.191321
6288	-1737.493	-1902.503	165.0107	6.06125
6294	-1747.096	-1911.477	164.381	6.403588
6300	-1743.951	-1909.088	165.1372	5.992298
6306	-1750.052	-1914.497	164.4444	6.369156
6312	-1739.321	-1903.64	164.3187	6.437363
6318	-1744.765	-1909.287	164.5219	6.327094
6324	-1739.552	-1904.055	164.5032	6.337282
6330	-1752.251	-1916.27	164.019	6.599641
6336	-1740.214	-1904.353	164.139	6.534697
6342	-1740.823	-1905.026	164.2037	6.499669
6348	-1750.764	-1914.608	163.8438	6.694385
6354	-1746.418	-1909.802	163.3842	6.942359
6360	-1744.266	-1908.062	163.7968	6.719793
6366	-1737.186	-1901.907	164.7211	6.218885
6372	-1742.299	-1906.463	164.1636	6.521382
6378	-1728.754	-1893.737	164.9828	6.076449
6384	-1744.183	-1909.641	165.458	5.817049
6390	-1733.647	-1899.363	165.7157	5.675905
6396	-1743.841	-1909.348	165.507	5.790229
6402	-1734.557	-1899.271	164.7137	6.222886
6408	-1733.456	-1896.381	162.9241	7.189912
6414	-1737.679	-1901.794	164.1143	6.548087
6420	-1737.692	-1902.511	164.8185	6.165886
6426	-1737.563	-1901.219	163.6555	6.796056
6432	-1751.603	-1916.42	164.8172	6.166594
6438	-1737.795	-1902.512	164.7168	6.221221
6444	-1753.885	-1917.907	164.0219	6.598091
6450	-1738.404	-1903.167	164.7637	6.195713
6456	-1736.992	-1902.314	165.3213	5.891773
6462	-1738.652	-1901.797	163.1453	7.070979
6468	-1748.919	-1911.326	162.4067	7.467598
6474	-1735.091	-1899.828	164.7368	6.210367
6480	-1737.383	-1901.567	164.1834	6.510638
6486	-1733.806	-1897.891	164.0851	6.563875
6492	-1740.552	-1905.678	165.1263	5.998239
6498	-1740.057	-1905.183	165.1263	5.998239
6504	-1738.552	-1902.708	164.1566	6.52519
6510	-1750.745	-1915.234	164.4886	6.345208
6516	-1752.272	-1916.994	164.7218	6.218507
6522	-1748.675	-1912.516	163.8404	6.696226
6528	-1753.718	-1917.559	163.8404	6.696226
6534	-1753.526	-1917.576	164.0499	6.582947
6540	-1753.006	-1916.461	163.455	6.904214
6546	-1735.345	-1900.575	165.2303	5.941447
6552	-1745.285	-1909.965	164.6798	6.24134
6558	-1749.992	-1914.671	164.6798	6.24134
6564	-1740.28	-1905.189	164.9085	6.116916
6570	-1737.208	-1902.116	164.9085	6.116916
6576	-1746.279	-1910.022	163.7434	6.748616
6582	-1744.679	-1909.565	164.8862	6.129058
6588	-1734.778	-1899.46	164.6815	6.240416
6594	-1742.501	-1907.739	165.2378	5.937353
6600	-1734.716	-1899.864	165.1477	5.986534
