Iteration	Posterior	Likelihood	Prior	acrv_sd	part_rate_trans	tree_length
0	-1704.17	-1875.278	171.108	0.2024952	1.631962	1.341152
6	-1717.894	-1888.986	171.0917	0.2188698	1.631962	1.341152
12	-1716.536	-1887.253	170.7167	0.4391505	1.71354	1.398765
18	-1722.91	-1894.406	171.4962	0.3524335	1.273295	1.192847
24	-1720.168	-1891.189	171.0212	0.3446613	1.732962	1.212651
30	-1717.379	-1888.271	170.8918	0.2511452	1.504034	1.566625
36	-1714.403	-1885.534	171.1313	0.1452124	1.445205	1.511248
42	-1714.026	-1885.214	171.1884	0.3884785	1.316656	1.379845
48	-1705.871	-1876.811	170.9394	0.2833175	1.614153	1.423894
54	-1699.392	-1870.795	171.4033	0.06067922	1.388201	1.412065
60	-1708.542	-1879.8	171.2571	0.1202497	1.772499	1.16864
66	-1719.113	-1890.715	171.6017	0.04191842	1.383539	1.272557
72	-1706.35	-1877.6	171.2497	0.1637526	1.696564	1.203037
78	-1705.465	-1876.805	171.3403	0.009943086	1.753111	1.208779
84	-1714.431	-1885.897	171.4663	0.06857716	1.604573	1.17773
90	-1703.544	-1874.598	171.0539	0.1239657	1.604573	1.46553
96	-1707.05	-1878.021	170.9706	0.4639171	1.537461	1.317517
102	-1699.718	-1870.946	171.2287	0.2643011	1.504193	1.297142
108	-1696.13	-1867.419	171.2897	0.02703121	1.581634	1.37611
114	-1697.397	-1869.041	171.6442	0.006681231	1.474185	1.190127
120	-1715.434	-1886.757	171.3227	0.005066759	1.710297	1.26357
126	-1704.102	-1875.217	171.115	0.2954212	1.710297	1.193866
132	-1701.99	-1873.08	171.0895	0.2463474	1.979387	1.015948
138	-1711.914	-1882.758	170.8446	0.5495247	1.649459	1.25903
144	-1696.317	-1867.821	171.5032	0.1142701	1.498313	1.198142
150	-1697.325	-1868.663	171.338	0.1300068	1.426584	1.379041
156	-1696.137	-1867.596	171.459	0.03528029	1.530455	1.274564
162	-1692.428	-1863.686	171.2575	0.06219607	1.503375	1.434527
168	-1706.949	-1878.267	171.3179	0.1415446	1.318049	1.469309
174	-1699.761	-1870.949	171.1888	0.0639705	1.43747	1.534702
180	-1714.681	-1885.881	171.2003	0.4364577	1.483042	1.19465
186	-1715.242	-1886.228	170.9858	0.1187335	1.997048	1.21027
192	-1693.41	-1864.467	171.057	0.3410741	1.820153	1.107669
198	-1700.398	-1871.649	171.2513	0.1586254	1.609307	1.279093
204	-1699.122	-1870.299	171.1778	0.04350464	1.744963	1.322133
210	-1706.758	-1876.33	169.5728	1.954371	1.719423	1.081501
216	-1704.321	-1875.363	171.0423	0.3470693	1.691938	1.227439
222	-1696.835	-1867.991	171.1563	0.2370379	1.566725	1.327149
228	-1701.424	-1872.516	171.0926	0.2092164	1.388185	1.534861
234	-1698.157	-1869.47	171.3125	0.209747	1.37732	1.375099
240	-1696.375	-1867.509	171.134	0.2757577	1.564733	1.315471
246	-1707.077	-1877.993	170.916	0.06847612	2.163698	1.170065
252	-1705.999	-1877.465	171.4659	0.04553251	1.627422	1.178238
258	-1713.955	-1885.044	171.0884	0.08589288	1.741656	1.36223
264	-1710.015	-1881.248	171.2328	0.1786152	1.676756	1.221633
270	-1703.697	-1875.11	171.4128	0.2659181	1.409486	1.221633
276	-1700.803	-1872.115	171.3119	0.0513464	1.764181	1.188122
282	-1692.926	-1864.293	171.3666	0.002728724	1.446345	1.440159
288	-1704.105	-1874.978	170.8738	0.2046361	1.459085	1.646113
294	-1707.318	-1878.459	171.1407	0.3303113	1.588774	1.245548
300	-1704.801	-1876.008	171.2073	0.1616998	1.549644	1.360107
306	-1713.159	-1884.456	171.2972	0.2037535	1.49974	1.294259
312	-1702.612	-1873.965	171.3537	0.1663234	1.226061	1.492983
318	-1703.989	-1875.121	171.1313	0.2003133	1.472369	1.449169
324	-1715.726	-1886.87	171.1434	0.09521058	1.449226	1.536492
330	-1706.944	-1878.137	171.193	0.3400498	1.154736	1.536492
336	-1706.943	-1878.166	171.2226	0.01045488	1.435347	1.550836
342	-1721.841	-1893.245	171.4042	0.06301072	1.369437	1.424106
348	-1706.68	-1878.136	171.4555	0.05744276	1.398538	1.365741
354	-1712.104	-1883.232	171.1275	0.2471985	1.308656	1.539788
360	-1702.42	-1873.591	171.1711	0.1284735	1.723403	1.276038
366	-1702.81	-1874.237	171.4268	0.03250384	1.519893	1.311683
372	-1705.851	-1876.895	171.0442	0.3914853	1.72685	1.157515
378	-1701.883	-1872.903	171.0202	0.3214157	1.652697	1.299466
384	-1704.821	-1876.041	171.2203	0.1421357	1.6408	1.29217
390	-1708.986	-1880.063	171.077	0.1706507	1.516855	1.479096
396	-1705.757	-1876.697	170.9398	0.3500247	1.416197	1.522969
402	-1711.196	-1882.265	171.0689	0.129543	1.449216	1.566082
408	-1705.658	-1876.818	171.1604	0.1020171	1.277954	1.644009
414	-1699.002	-1870.378	171.3769	0.02256564	1.257399	1.559316
420	-1701.72	-1873.007	171.2871	0.007168801	1.737258	1.268976
426	-1703.935	-1875.317	171.3813	0.06990659	1.578532	1.270468
432	-1704.741	-1875.76	171.019	0.1347278	1.738782	1.380688
438	-1712.062	-1883.332	171.27	0.1880941	1.655306	1.200157
444	-1706.616	-1877.769	171.1521	0.1440043	1.798043	1.216583
450	-1719.202	-1890.111	170.9091	0.452464	1.405768	1.476979
456	-1713.518	-1884.699	171.1811	0.3100445	1.405768	1.377224
462	-1704.38	-1875.646	171.2653	0.1222556	1.499742	1.384734
468	-1707.96	-1879.297	171.3363	0.06813438	1.338232	1.495564
474	-1708.96	-1880.202	171.2419	0.02551205	1.667747	1.347008
480	-1706.951	-1878.027	171.0758	0.2154713	1.757564	1.254634
486	-1705.259	-1876.539	171.2804	0.1738323	1.594592	1.254634
492	-1708.518	-1879.734	171.216	0.1923167	1.800642	1.116055
498	-1699.844	-1871.164	171.3201	0.08940967	1.631051	1.261553
504	-1704.636	-1875.996	171.3594	0.09438158	1.58675	1.261553
510	-1716.37	-1887.558	171.1882	0.2038464	1.545012	1.345494
516	-1722.45	-1893.544	171.0938	0.2023402	1.325327	1.585306
522	-1715.88	-1886.933	171.053	0.3061761	1.369834	1.505819
528	-1708.263	-1878.953	170.6896	0.461361	1.826944	1.312781
534	-1699.19	-1870.202	171.0124	0.3363075	1.60699	1.33065
540	-1696.502	-1867.784	171.2821	0.1126343	1.787045	1.140505
546	-1696.446	-1867.521	171.0756	0.2227673	1.635113	1.348315
552	-1707.149	-1878.161	171.0117	0.2972577	1.762701	1.235569
558	-1696.551	-1867.651	171.1002	0.2972577	1.37106	1.476061
564	-1690.279	-1861.424	171.1449	0.436307	1.155845	1.499773
570	-1698.894	-1869.708	170.8142	0.5286687	1.657305	1.294727
576	-1696.726	-1867.909	171.1822	0.1120444	1.784713	1.229475
582	-1700.891	-1872.171	171.2805	0.103418	1.483856	1.399964
588	-1695.722	-1866.977	171.255	0.1741654	1.370566	1.452361
594	-1698.281	-1869.503	171.2222	0.1393893	1.352113	1.517254
600	-1701.173	-1872.546	171.3727	0.2282696	1.204005	1.448396
606	-1700.856	-1871.989	171.133	0.2300046	1.764425	1.188109
612	-1697.214	-1868.464	171.2494	0.05978325	1.856864	1.154451
618	-1702.834	-1873.873	171.039	0.2429707	1.777268	1.245999
624	-1721.996	-1893.157	171.1608	0.1537182	1.42317	1.49926
630	-1712.801	-1884.133	171.332	0.01274646	1.507294	1.412224
636	-1711.726	-1883.073	171.347	0.01594041	1.489081	1.412224
642	-1711.059	-1882.223	171.1643	0.05148233	1.923468	1.177865
648	-1704.213	-1875.398	171.1857	0.09752572	1.84408	1.188231
654	-1699.777	-1870.836	171.0595	0.3699075	1.851237	1.049451
660	-1697.284	-1868.425	171.1412	0.4148921	1.536105	1.218258
666	-1710.428	-1881.681	171.2529	0.05221089	1.664906	1.319098
672	-1701.22	-1872.532	171.3128	0.01379955	1.479144	1.447783
678	-1707.678	-1879.092	171.4141	0.01042355	1.479144	1.371877
684	-1707.61	-1878.651	171.0407	0.1204376	1.190849	1.777177
690	-1702.097	-1873.36	171.2622	0.2890498	1.583277	1.181993
696	-1704.707	-1876.033	171.3259	0.408198	1.507208	1.086449
702	-1701.537	-1872.94	171.4027	0.07343784	1.590454	1.239852
708	-1709.745	-1880.719	170.9742	0.2301807	1.885922	1.219863
714	-1708.157	-1879.449	171.2921	0.07778192	1.590088	1.327156
720	-1711.478	-1882.572	171.0948	0.1475557	1.686359	1.35216
726	-1705.719	-1876.962	171.2421	0.315811	1.531478	1.220643
732	-1702.931	-1874.217	171.2853	0.093321	1.531478	1.366845
738	-1706.488	-1877.926	171.4378	0.05883269	1.412316	1.367765
744	-1703.735	-1875.022	171.2876	0.01397925	1.658249	1.3273
750	-1699.634	-1870.998	171.3641	0.1033611	1.489414	1.329645
756	-1700.446	-1871.461	171.0148	0.4437957	1.515934	1.31548
762	-1688.679	-1860.054	171.3746	0.1353277	1.392903	1.372606
768	-1709.367	-1880.528	171.1606	0.1069937	1.480408	1.491549
774	-1710.006	-1880.945	170.9393	0.5379731	1.535184	1.284676
780	-1705.031	-1876.064	171.0334	0.4617649	1.325688	1.436193
786	-1702.689	-1873.64	170.9509	0.2486818	1.410535	1.593588
792	-1714.454	-1885.638	171.1839	0.1449484	1.840076	1.15191
798	-1710.692	-1881.385	170.693	0.194498	2.379468	1.062404
804	-1702.26	-1873.148	170.8875	0.2893433	2.090172	1.062404
810	-1712.77	-1883.986	171.2165	0.1269865	1.678762	1.276625
816	-1712.875	-1884	171.1251	0.1573841	1.715778	1.296284
822	-1704.99	-1876.296	171.3058	0.01940652	1.870431	1.12808
828	-1707.263	-1878.516	171.2534	0.09415857	1.840417	1.134984
834	-1702.223	-1873.009	170.7864	0.342064	1.96099	1.22055
840	-1712.588	-1883.766	171.1779	0.7029352	1.287352	1.152504
846	-1704.752	-1875.738	170.9857	0.5455275	1.442474	1.316173
852	-1697.044	-1868.339	171.295	0.2063311	1.615512	1.197222
858	-1696.961	-1868.227	171.2653	0.06850558	1.75429	1.221759
864	-1703.792	-1874.889	171.0969	0.1993632	1.4436	1.497693
870	-1697.437	-1868.847	171.4097	0.1875022	1.519816	1.19703
876	-1693.078	-1864.037	170.9583	0.06997075	2.014368	1.259785
882	-1696.275	-1867.182	170.9074	0.349867	1.908527	1.154664
888	-1693.093	-1864.261	171.1683	0.3198216	1.428021	1.362112
894	-1698.61	-1869.654	171.044	0.2074702	1.440641	1.533325
900	-1699.817	-1871.123	171.3068	0.1026678	1.430432	1.421575
906	-1705.734	-1876.961	171.2268	0.05927879	1.402071	1.5362
912	-1703.545	-1874.743	171.1981	0.1384591	1.469356	1.447637
918	-1712.241	-1883.654	171.4127	0.1521686	1.252505	1.438866
924	-1714.656	-1886.074	171.4173	0.1168686	1.413064	1.337356
930	-1711.253	-1882.777	171.5234	0.2134904	1.151549	1.38383
936	-1695.293	-1866.573	171.2802	0.3600689	1.549533	1.133326
942	-1693.526	-1864.905	171.3789	0.06291601	1.699248	1.176321
948	-1707.251	-1878.309	171.0584	0.1323362	1.699003	1.382845
954	-1706.892	-1877.813	170.9201	0.3543035	1.869962	1.173393
960	-1719.489	-1890.94	171.4513	0.1092038	1.332328	1.380429
966	-1721.51	-1892.556	171.0458	0.182956	1.405163	1.576205
972	-1717.014	-1888.281	171.267	0.09595877	1.227421	1.607953
978	-1709.026	-1880.287	171.2609	0.1804613	1.398719	1.4214
984	-1706.254	-1877.342	171.0885	0.16916	1.391679	1.564867
990	-1703.352	-1874.659	171.3062	0.1180802	1.476927	1.37381
996	-1696.666	-1867.878	171.2116	0.465011	1.309939	1.305751
1002	-1698.465	-1869.752	171.2872	0.05657467	1.642764	1.305751
1008	-1693.537	-1864.957	171.4207	0.1221851	1.415577	1.32842
1014	-1685.385	-1856.712	171.3267	0.05279396	1.509745	1.383271
1020	-1684.457	-1855.738	171.2809	0.01274235	1.592824	1.385419
1026	-1695.379	-1866.618	171.2397	0.01472332	1.813041	1.239097
1032	-1704.338	-1875.584	171.2456	0.01913733	1.794589	1.245929
1038	-1718.003	-1889.197	171.1942	0.05751139	1.858429	1.202991
1044	-1717.795	-1889.266	171.4706	0.05613641	1.404493	1.350138
1050	-1701.411	-1872.441	171.0303	0.374003	1.261458	1.552801
1056	-1697.049	-1868.164	171.1148	0.3206139	1.386785	1.435167
1062	-1694.11	-1864.965	170.8549	0.3684654	1.684726	1.368436
1068	-1697.274	-1868.433	171.1597	0.364389	1.676516	1.1236
1074	-1691.665	-1862.984	171.3184	0.03245342	1.85918	1.115121
1080	-1702.83	-1874.328	171.4975	0.02620201	1.686281	1.115121
1086	-1698.39	-1869.358	170.9681	0.6341993	1.5998	1.122226
1092	-1696.455	-1867.708	171.2526	0.1392549	1.299045	1.534189
1098	-1705.264	-1876.788	171.5242	0.04502996	1.299045	1.399607
1104	-1701.292	-1872.535	171.2432	0.04301116	1.507135	1.457274
1110	-1703.384	-1874.7	171.3158	0.008433469	1.511895	1.424495
1116	-1715.35	-1886.424	171.0739	0.0537825	1.511567	1.572298
1122	-1703.075	-1874.254	171.179	0.09925701	1.164513	1.713524
1128	-1706.583	-1878.019	171.4355	0.1454982	1.322254	1.372229
1134	-1702.732	-1873.777	171.0455	0.2679058	1.173776	1.682075
1140	-1721.125	-1892.353	171.2284	0.17032	1.365328	1.479483
1146	-1717.173	-1888.148	170.9753	0.3830743	1.365013	1.510006
1152	-1703.288	-1874.557	171.2695	0.1069675	1.47597	1.411849
1158	-1705.102	-1876.331	171.2286	0.2186144	1.405251	1.411849
1164	-1715.789	-1887.19	171.4016	0.09119083	1.238881	1.503806
1170	-1709.062	-1880.338	171.2754	0.08078188	1.183538	1.64447
1176	-1709.756	-1880.798	171.042	0.4883497	1.434789	1.323018
1182	-1704.902	-1876.157	171.2542	0.1403504	1.194366	1.609006
1188	-1706.645	-1877.782	171.1373	0.255537	1.338776	1.503813
1194	-1714.262	-1885.411	171.1484	0.08354584	1.36234	1.605096
1200	-1709.462	-1880.704	171.2424	0.2328646	1.244133	1.512956
1206	-1719.826	-1891.05	171.224	0.3716326	1.345092	1.342547
1212	-1708.26	-1879.593	171.3322	0.1137355	1.263065	1.520709
1218	-1702.209	-1873.755	171.5461	0.01927569	1.226365	1.458444
1224	-1691.568	-1862.816	171.2483	0.03605093	1.475416	1.482712
1230	-1702.124	-1873.274	171.1509	0.09150641	1.465422	1.521629
1236	-1704.483	-1875.58	171.0967	0.2808289	1.14459	1.657146
1242	-1707.91	-1879.274	171.3642	0.05302867	1.691747	1.203933
1248	-1707.794	-1878.99	171.1958	0.2101507	1.606804	1.284424
1254	-1704.635	-1875.493	170.858	0.4535175	1.326966	1.572824
1260	-1713.598	-1884.636	171.0383	0.3559257	1.592383	1.305711
1266	-1710.087	-1881.504	171.4171	0.174046	1.19122	1.465552
1272	-1713.43	-1884.89	171.46	0.0630506	1.52072	1.258859
1278	-1715.834	-1886.949	171.1156	0.3281738	1.478675	1.357074
1284	-1715.16	-1886.234	171.0738	0.3313556	1.57808	1.308463
1290	-1710.85	-1881.836	170.9859	0.3718757	1.342766	1.527061
1296	-1723.965	-1895.319	171.3538	0.05125467	1.237556	1.569792
1302	-1724.76	-1895.81	171.0504	0.1192529	1.316738	1.682641
1308	-1712.354	-1883.812	171.4581	0.03810002	1.35713	1.411216
1314	-1707.727	-1879.165	171.4373	0.0007827147	1.459309	1.376865
1320	-1713.426	-1884.765	171.3391	0.008418863	1.40183	1.490571
1326	-1692.177	-1863.598	171.4214	0.0221186	1.533666	1.313308
1332	-1706.476	-1877.858	171.3819	0.0296743	1.477675	1.383188
1338	-1706.503	-1877.868	171.3643	0.1905789	1.597961	1.166009
1344	-1704.88	-1875.96	171.0802	0.1716946	1.859959	1.201514
1350	-1707.931	-1878.968	171.0363	0.1456194	1.296064	1.688596
1356	-1708.65	-1880.174	171.5245	0.1221586	1.495077	1.175733
1362	-1714.762	-1886.067	171.3052	0.3513298	1.257339	1.363875
1368	-1703.681	-1874.984	171.3035	0.03059759	1.615295	1.335683
1374	-1712.179	-1883.144	170.9642	0.3450339	1.392388	1.52623
1380	-1713.339	-1884.615	171.2756	0.04643689	1.442697	1.478908
1386	-1712.387	-1883.555	171.1683	0.1527564	1.381142	1.525828
1392	-1700.043	-1871.281	171.2381	0.06282692	1.441026	1.496104
1398	-1710.364	-1881.679	171.3147	0.1356164	1.281406	1.503732
1404	-1703.768	-1875.169	171.4009	0.07685439	1.253972	1.503732
1410	-1695.291	-1866.486	171.1952	0.2546606	1.129819	1.615708
1416	-1699.649	-1870.504	170.8553	0.2546606	1.158962	1.834588
1422	-1706.119	-1877.294	171.1743	0.2546606	1.322161	1.489212
1428	-1687.442	-1858.548	171.105	0.2358793	1.456618	1.454053
1434	-1710.708	-1881.615	170.9078	0.4492091	1.679921	1.264521
1440	-1700.186	-1871.436	171.2505	0.0162769	1.679921	1.337837
1446	-1700.366	-1871.481	171.115	0.08351999	1.71308	1.365667
1452	-1698.276	-1869.734	171.4583	0.01993713	1.181996	1.556877
1458	-1698.397	-1869.692	171.295	0.05620414	1.192764	1.641439
1464	-1697.747	-1869.009	171.2625	0.1859998	1.421526	1.398209
1470	-1688.018	-1859.243	171.2246	0.1828072	1.593619	1.293985
1476	-1696.951	-1868.023	171.0723	0.4187959	1.311998	1.449833
1482	-1689.776	-1861.228	171.4523	0.1094209	1.556976	1.195637
1488	-1697.245	-1868.219	170.9737	0.2901936	1.544604	1.445691
1494	-1701.943	-1873.18	171.2377	0.1853212	1.355376	1.4686
1500	-1717.305	-1888.594	171.2887	0.04615792	1.452102	1.46212
1506	-1715.083	-1886.174	171.0905	0.302311	1.466155	1.406865
1512	-1704.081	-1874.995	170.9143	0.2895944	1.840176	1.258602
1518	-1702.004	-1873.21	171.2066	0.2222172	1.484999	1.363943
1524	-1711.463	-1882.904	171.4418	0.177808	1.450186	1.237141
1530	-1735.526	-1906.624	171.0979	0.4543488	1.634751	1.135849
1536	-1721.486	-1892.412	170.926	0.3966892	1.661041	1.308061
1542	-1721.376	-1892.304	170.9283	0.5242894	1.294776	1.491996
1548	-1697.588	-1868.808	171.2192	0.1248632	1.33846	1.540385
1554	-1703.107	-1874.414	171.3069	0.0822326	1.263643	1.562336
1560	-1704.418	-1875.758	171.34	0.07224725	1.481039	1.380068
1566	-1715.101	-1886.346	171.2449	0.5602826	1.474247	1.050641
1572	-1727.696	-1898.679	170.9828	0.2616007	1.957671	1.122318
1578	-1718.141	-1888.923	170.782	0.6363518	1.988935	0.9206226
1584	-1705.157	-1876.445	171.2882	0.1674302	1.475943	1.349852
1590	-1700.243	-1871.375	171.1319	0.2310802	1.475943	1.422318
1596	-1687.669	-1859.043	171.3731	0.02399864	1.37543	1.473009
1602	-1690.859	-1862.019	171.16	0.05066831	1.416832	1.580892
1608	-1691.038	-1861.961	170.9227	0.4852489	1.240328	1.565652
1614	-1687.988	-1859.255	171.2672	0.1876442	1.587882	1.259695
1620	-1701.336	-1872.377	171.0407	0.2188024	1.817483	1.231076
1626	-1693.045	-1864.23	171.1845	0.1608669	1.950437	1.034836
1632	-1717.141	-1888.74	171.5992	0.1779469	1.529595	1.024287
1638	-1706.537	-1878.138	171.6008	0.04493543	1.470065	1.198078
1644	-1700.905	-1872.223	171.3179	0.03104321	1.322675	1.548457
1650	-1701.204	-1872.039	170.8356	0.3769289	1.689152	1.373491
1656	-1701.749	-1872.901	171.1526	0.2811792	1.567827	1.293502
1662	-1708.941	-1880.212	171.2705	0.178845	1.684118	1.1829
1668	-1696.64	-1867.91	171.2695	0.07379772	1.631418	1.315345
1674	-1701.195	-1872.125	170.9303	0.120209	1.589112	1.572028
1680	-1689.921	-1860.981	171.0603	0.3138347	1.3094	1.539645
1686	-1697.352	-1868.623	171.2715	0.2638863	1.441472	1.313581
1692	-1706.389	-1877.784	171.3951	0.02845851	1.377065	1.451681
1698	-1711.183	-1882.313	171.1303	0.08972124	1.578181	1.453533
1704	-1701.111	-1872.177	171.0656	0.07526934	1.905519	1.256683
1710	-1695.813	-1866.979	171.1662	0.4009661	1.522259	1.220622
1716	-1705.969	-1877.026	171.0564	0.4009661	1.504467	1.325668
1722	-1705.06	-1876.345	171.2846	0.1010855	1.608566	1.299522
1728	-1702.385	-1873.476	171.0919	0.3552748	1.571742	1.27937
1734	-1692.764	-1864.055	171.2902	0.1998569	1.571742	1.243862
1740	-1704.829	-1876.432	171.6038	0.04707395	1.141878	1.457674
1746	-1705.146	-1876.418	171.2724	0.08491074	1.141878	1.673509
1752	-1716.889	-1888.138	171.2493	0.3222563	1.215957	1.461659
1758	-1715.657	-1886.896	171.2392	0.1463788	1.234386	1.58636
1764	-1729.105	-1900.085	170.9795	0.4006421	1.919688	1.030946
1770	-1728.567	-1900.009	171.4417	0.05812676	1.373607	1.395554
1776	-1715.875	-1886.972	171.0969	0.2424385	1.435456	1.471339
1782	-1707.726	-1879.149	171.4226	0.1304081	1.582509	1.181086
1788	-1696.296	-1867.369	171.0733	0.470667	1.451545	1.298513
1794	-1712.183	-1883.737	171.5544	0.09685621	1.260463	1.365563
1800	-1715.763	-1886.953	171.1898	0.1125664	1.109539	1.735254
1806	-1703.413	-1874.787	171.3742	0.06018742	1.109539	1.64145
1812	-1695.585	-1866.641	171.0562	0.4410423	1.109539	1.596028
1818	-1701.629	-1873.195	171.5659	0.03934666	1.451216	1.248332
1824	-1700.911	-1872.21	171.2991	0.01270139	1.614296	1.354233
1830	-1705.45	-1876.66	171.2096	0.09413316	1.491879	1.455516
1836	-1718.167	-1889.273	171.106	0.217067	1.594903	1.36066
1842	-1719.471	-1890.761	171.2896	0.1216118	1.616476	1.272112
1848	-1706.072	-1877.204	171.1323	0.08565129	1.640416	1.407299
1854	-1698.794	-1869.972	171.1778	0.3331638	1.386867	1.376475
1860	-1696.687	-1868.009	171.3224	0.1086433	1.468134	1.375433
1866	-1701.039	-1872.285	171.2455	0.3249126	1.398108	1.320333
1872	-1699.307	-1870.039	170.7315	0.3217326	1.522007	1.618929
1878	-1700.79	-1872.148	171.3583	0.1172097	1.192107	1.551424
1884	-1701.642	-1872.874	171.2325	0.0004125871	1.286471	1.659058
1890	-1709.892	-1880.92	171.0281	0.01529157	1.415929	1.701809
1896	-1718.132	-1889.105	170.9736	0.1218897	1.40471	1.672788
1902	-1720.132	-1891.361	171.2288	0.1157592	1.372913	1.514399
1908	-1714.426	-1885.876	171.4504	0.1441708	1.228406	1.434612
1914	-1727.298	-1898.619	171.3212	0.08739119	1.517658	1.354074
1920	-1702.782	-1874.067	171.2851	0.159641	1.331973	1.469887
1926	-1695.223	-1866.543	171.3202	0.02388719	1.574867	1.35983
1932	-1706.443	-1878.089	171.6457	0.02653917	1.248737	1.35826
1938	-1707.178	-1877.963	170.7851	0.2691292	1.102425	1.911159
1944	-1697.198	-1868.205	171.0074	0.4317551	1.198295	1.573601
1950	-1686.445	-1857.94	171.4951	0.008315403	1.473648	1.313444
1956	-1696.975	-1868.358	171.3828	0.03389159	1.400361	1.439171
1962	-1701.927	-1873.05	171.123	0.317687	1.272656	1.517487
1968	-1703.792	-1875.312	171.5196	0.04101505	1.387528	1.33666
1974	-1709.065	-1880.585	171.5199	0.01314743	1.506322	1.262473
1980	-1708.443	-1879.438	170.995	0.4395069	1.533995	1.320303
1986	-1696.672	-1867.853	171.1812	0.03537147	1.516111	1.503036
1992	-1716.675	-1887.953	171.278	0.276036	1.325397	1.390929
1998	-1713.726	-1884.738	171.0114	0.3987476	1.616213	1.273209
2004	-1713.947	-1885.101	171.1543	0.144897	1.665455	1.323443
2010	-1706.744	-1877.895	171.151	0.4089976	1.357229	1.361213
2016	-1698.947	-1870.194	171.2469	0.1297179	1.277669	1.561201
2022	-1702.834	-1874.057	171.2228	0.1945564	1.441144	1.407172
2028	-1704.543	-1876.022	171.4792	0.1306603	1.441144	1.25285
2034	-1710.455	-1881.982	171.5271	0.1690098	1.22206	1.360464
2040	-1709.525	-1880.489	170.9642	0.152069	1.469711	1.611127
2046	-1697.451	-1868.886	171.4354	0.05670104	1.401345	1.379957
2052	-1693.119	-1864.55	171.431	0.07968496	1.623113	1.182612
2058	-1697.021	-1868.26	171.2394	0.1381716	1.623113	1.294302
2064	-1705.159	-1876.045	170.8854	0.095002	1.398545	1.758348
2070	-1703.32	-1874.44	171.1202	0.2285932	1.359457	1.521334
2076	-1728.806	-1900.093	171.2876	0.1715783	1.359457	1.437946
2082	-1708.294	-1879.405	171.1113	0.4684534	1.505446	1.224176
2088	-1704.724	-1875.553	170.8293	0.4684534	1.683772	1.309862
2094	-1694.104	-1865.15	171.0462	0.2613177	1.467364	1.47126
2100	-1707.067	-1878.225	171.1574	0.05878614	1.72502	1.342224
2106	-1700.444	-1872.003	171.5595	0.03842883	1.54049	1.178587
2112	-1708.551	-1879.967	171.4162	0.04846129	1.550307	1.282622
2118	-1709.586	-1880.987	171.4012	0.1809157	1.432838	1.282622
2124	-1725.381	-1896.435	171.0538	0.1459046	1.328783	1.652576
2130	-1715.511	-1886.895	171.3846	0.1610479	1.328783	1.394785
2136	-1714.053	-1885.466	171.4134	0.2513033	1.296073	1.326526
2142	-1708.07	-1879.071	171.001	0.3589514	1.36551	1.508474
2148	-1701.169	-1872.58	171.411	0.129409	1.477096	1.280488
2154	-1708.036	-1879.087	171.0507	0.3348586	1.624605	1.28652
2160	-1712.966	-1883.836	170.87	0.3253419	1.722523	1.360678
2166	-1707.01	-1878.306	171.2962	0.05229962	1.473573	1.435261
2172	-1702.042	-1873.227	171.1845	0.4229713	1.226706	1.425987
2178	-1713.217	-1884.5	171.2834	0.2003025	1.463351	1.337509
2184	-1708.726	-1879.86	171.1334	0.1304724	1.35156	1.589687
2190	-1700.027	-1871.491	171.4634	0.06574021	1.266715	1.455316
2196	-1696.752	-1867.882	171.1298	0.3088406	1.446568	1.386375
2202	-1693.727	-1864.902	171.1747	0.3088406	1.36622	1.413988
2208	-1693.848	-1865.062	171.2139	0.3088406	1.410206	1.348779
2214	-1708.255	-1879.523	171.2676	0.3256195	1.339706	1.348779
2220	-1699.567	-1870.966	171.3991	0.09308877	1.339706	1.427719
2226	-1696.141	-1867.307	171.1662	0.02547933	1.925017	1.197329
2232	-1699.667	-1870.632	170.965	0.5164863	1.809628	1.039389
2238	-1692.336	-1863.595	171.2589	0.07004186	1.585042	1.363767
2244	-1690.871	-1862.037	171.1661	0.3318442	1.3506	1.414926
2250	-1701.561	-1872.463	170.9025	0.2588023	1.352127	1.663342
2256	-1697.787	-1868.931	171.1438	0.1706603	1.41915	1.502388
2262	-1718.22	-1889.446	171.2264	0.0373647	1.434937	1.528437
2268	-1709.872	-1881.118	171.2463	0.02731442	1.307375	1.614739
2274	-1710.58	-1881.721	171.1403	0.1591929	1.307375	1.595917
2280	-1690.148	-1861.548	171.3998	0.03152243	1.307375	1.498551
2286	-1688.488	-1859.602	171.1142	0.2654751	1.290202	1.549729
2292	-1702.332	-1873.492	171.1599	0.2654751	1.170667	1.603803
2298	-1700.475	-1871.71	171.2346	0.09284836	1.662149	1.303281
2304	-1703.239	-1874.372	171.1337	0.4807433	1.443068	1.247428
2310	-1706.549	-1877.592	171.0426	0.2261049	1.590224	1.406825
2316	-1696.894	-1868.335	171.4418	0.1003407	1.365887	1.368448
2322	-1714.311	-1885.183	170.8722	0.4075212	1.628364	1.368448
2328	-1711.701	-1882.392	170.691	0.7671328	1.662418	1.194018
2334	-1703.584	-1874.468	170.8837	0.7671328	1.390752	1.260656
2340	-1698.975	-1870.299	171.3246	0.09214486	1.399223	1.439997
2346	-1709.601	-1880.629	171.0286	0.3685237	1.391739	1.460668
2352	-1690.572	-1861.667	171.095	0.08634396	1.653611	1.425359
2358	-1684.152	-1855.487	171.3349	0.002831623	1.520564	1.407315
2364	-1692.663	-1863.771	171.1082	0.04404131	1.373603	1.654473
2370	-1693.974	-1865.28	171.306	0.09729053	1.122561	1.654473
2376	-1700.141	-1870.929	170.7882	0.2512579	1.362173	1.742492
2382	-1695.173	-1866.388	171.2142	0.1195289	1.507296	1.420676
2388	-1701.628	-1873.004	171.376	0.07687807	1.507296	1.327011
2394	-1706.242	-1877.581	171.339	0.1793777	1.448072	1.321978
2400	-1714.214	-1885.309	171.0954	0.1277176	1.810859	1.266989
2406	-1707.352	-1878.665	171.3123	0.1435114	1.555793	1.28538
2412	-1710.798	-1882.094	171.2959	0.3706147	1.442965	1.203504
2418	-1711.014	-1881.998	170.9844	0.5846418	1.572023	1.176305
2424	-1700.254	-1871.61	171.3559	0.2467452	1.401231	1.291639
2430	-1708.951	-1879.966	171.0148	0.4824268	1.159159	1.559704
2436	-1699.575	-1870.749	171.1742	0.09505171	1.393076	1.555294
2442	-1701.343	-1872.604	171.2609	0.180415	1.220997	1.555294
2448	-1708.266	-1879.575	171.3091	0.2663318	1.355349	1.350489
2454	-1708.869	-1880.188	171.3187	0.2172928	1.376593	1.364858
2460	-1700.289	-1871.838	171.5483	0.08080064	1.413316	1.259959
2466	-1698.553	-1869.707	171.1543	0.04525549	1.344994	1.641016
2472	-1708.602	-1879.753	171.1511	0.1901084	1.552902	1.379438
2478	-1704.63	-1875.645	171.0143	0.2902269	1.552902	1.407995
2484	-1703.474	-1874.024	170.5496	0.4803772	1.725917	1.485586
2490	-1699.967	-1871.29	171.3228	0.2182519	1.311066	1.412106
2496	-1706.635	-1877.692	171.0567	0.2423761	1.527983	1.43149
2502	-1701.6	-1872.652	171.0515	0.2838524	1.407942	1.495075
2508	-1709.214	-1880.346	171.1321	0.2291291	1.168999	1.651292
2514	-1699.475	-1870.52	171.0451	0.323363	1.255863	1.583168
2520	-1703	-1873.738	170.7375	0.3779623	1.627489	1.495375
2526	-1697.107	-1868.392	171.2851	0.1218341	1.477321	1.387116
2532	-1703.164	-1874.4	171.2361	0.204291	1.478154	1.360155
2538	-1700.431	-1871.648	171.2163	0.04500028	1.634332	1.378216
2544	-1708.316	-1879.614	171.2984	0.3242048	1.205902	1.43037
2550	-1696.408	-1867.569	171.161	0.3336275	1.325559	1.436766
2556	-1702.805	-1874.085	171.2809	0.1825512	1.666139	1.186215
2562	-1689.842	-1861.059	171.2171	0.115941	1.585527	1.360175
2568	-1693.112	-1864.481	171.3692	0.06644823	1.594371	1.270258
2574	-1704.745	-1876.092	171.3475	0.09943228	1.594371	1.260887
2580	-1706.828	-1878.02	171.1917	0.06574938	1.739929	1.296957
2586	-1700.578	-1871.673	171.0946	0.2039139	1.319858	1.587581
2592	-1706.125	-1877.378	171.2536	0.3107321	1.319858	1.387162
2598	-1702.061	-1873.054	170.9926	0.2020268	1.319858	1.662584
2604	-1718.487	-1889.483	170.9968	0.29628	1.345194	1.572994
2610	-1712.452	-1883.738	171.286	0.02131403	1.330956	1.572994
2616	-1701.857	-1873.086	171.2293	0.02039039	1.254991	1.669584
2622	-1704.397	-1875.586	171.1891	0.2307835	1.260405	1.542062
2628	-1701.263	-1872.47	171.2076	0.174352	1.401306	1.464874
2634	-1695.629	-1866.713	171.0849	0.2162613	1.409016	1.519839
2640	-1699.237	-1870.39	171.1534	0.06859432	1.409016	1.578317
2646	-1699.094	-1870.174	171.0795	0.3429775	1.281072	1.524773
2652	-1704.916	-1876.318	171.4022	0.2291763	1.326294	1.329006
2658	-1691.066	-1862.427	171.3612	0.04575738	1.326294	1.502623
2664	-1691.986	-1863.254	171.2681	0.1071013	1.144119	1.659104
2670	-1700.339	-1871.742	171.4033	0.2216605	1.157844	1.46525
2676	-1701.061	-1872.454	171.3925	0.04725237	1.032476	1.69272
2682	-1694.692	-1866.004	171.3125	0.04725237	1.443866	1.449404
2688	-1700.236	-1870.975	170.7386	0.4297879	1.725357	1.379721
2694	-1704.489	-1875.751	171.2618	0.245721	1.530845	1.263318
2700	-1705.825	-1876.982	171.157	0.3699007	1.484593	1.285425
2706	-1699.486	-1870.237	170.7511	0.4040341	1.921675	1.231279
2712	-1693.574	-1864.704	171.1294	0.129441	1.306002	1.626404
2718	-1699.859	-1870.963	171.1036	0.197118	1.302788	1.598406
2724	-1709.939	-1880.787	170.8488	0.2403908	1.302788	1.749235
2730	-1710.461	-1880.971	170.51	0.3221263	2.326869	1.160621
2736	-1703.53	-1874.683	171.1528	0.1458327	1.741098	1.262229
2742	-1709.008	-1880.099	171.0907	0.04617037	1.724404	1.405065
2748	-1704.966	-1876.158	171.192	0.08965757	1.758045	1.262212
2754	-1710.707	-1882.052	171.3449	0.08006594	1.614767	1.262212
2760	-1712.221	-1883.312	171.0912	0.1960356	1.480995	1.476261
2766	-1708.496	-1879.893	171.397	0.1349518	1.267163	1.452853
2772	-1707.667	-1878.845	171.1779	0.1981807	1.678735	1.249704
2778	-1691.599	-1862.624	171.0251	0.1981807	1.678735	1.373224
2784	-1690.184	-1861.251	171.0666	0.4620662	1.67387	1.121904
2790	-1695.003	-1866.33	171.3266	0.1879026	1.452753	1.321308
2796	-1692.375	-1863.26	170.8852	0.2618502	1.405398	1.635315
2802	-1687.326	-1858.431	171.1049	0.3561837	1.568993	1.270188
2808	-1696.12	-1867.128	171.0087	0.2062356	1.866578	1.227304
2814	-1688.591	-1859.97	171.3791	0.09071073	1.343345	1.442097
2820	-1698.093	-1869.182	171.0889	0.2166158	1.474478	1.467352
2826	-1711.503	-1882.786	171.2828	0.01611545	1.349358	1.565654
2832	-1698.976	-1869.907	170.931	0.2051409	1.695202	1.4282
2838	-1697.437	-1868.581	171.1445	0.2145345	1.56549	1.35542
2844	-1697.238	-1868.399	171.1616	0.3457225	1.60754	1.198921
2850	-1703.277	-1874.616	171.3385	0.2309785	1.268623	1.422958
2856	-1699.094	-1870.016	170.9226	0.3759614	1.635814	1.347602
2862	-1702.123	-1873.325	171.2017	0.1963914	1.385735	1.46451
2868	-1694.818	-1866.029	171.2111	0.06114601	1.299886	1.621116
2874	-1691.593	-1862.666	171.073	0.1137753	1.283612	1.693975
2880	-1705.917	-1877.139	171.2227	0.07881299	1.623292	1.355242
2886	-1700.893	-1872.12	171.2271	0.2257009	1.667729	1.194073
2892	-1702.898	-1873.78	170.8823	0.3623176	1.949073	1.129816
2898	-1703.777	-1874.642	170.8656	0.4183465	1.928733	1.112717
2904	-1704.209	-1875.193	170.9836	0.4017617	1.754792	1.17712
2910	-1703.754	-1875.167	171.4131	0.04385896	1.345441	1.450354
2916	-1713.289	-1884.849	171.5597	0.1362665	1.267448	1.324445
2922	-1705.427	-1876.579	171.1518	0.2641336	1.510291	1.354085
2928	-1717.313	-1888.485	171.1722	0.25989	1.484527	1.361723
2934	-1716.253	-1887.589	171.3363	0.1407839	1.483303	1.326879
2940	-1703.076	-1874.447	171.3709	0.0524061	1.631129	1.249983
2946	-1707.394	-1878.772	171.3779	0.2820555	1.501702	1.158272
2952	-1697.839	-1868.606	170.7672	0.363829	1.931448	1.243264
2958	-1701.097	-1872.418	171.321	0.1629127	1.756045	1.0877
2964	-1710.376	-1881.277	170.9008	0.3921461	1.82356	1.197513
2970	-1706.902	-1877.849	170.9468	0.2557424	1.904138	1.205922
2976	-1709.275	-1880.131	170.8563	0.3378567	1.440191	1.575865
2982	-1706.766	-1877.916	171.1495	0.02426295	1.479491	1.562029
2988	-1711.337	-1882.327	170.9906	0.2811883	1.736916	1.287718
2994	-1700.426	-1871.842	171.4166	0.1381871	1.434059	1.303891
3000	-1705.245	-1876.558	171.3128	0.03042038	1.732376	1.232272
3006	-1714.316	-1885.242	170.9259	0.4721173	1.801569	1.124561
3012	-1700.52	-1871.997	171.4767	0.1234426	1.362415	1.325085
3018	-1704.179	-1875.135	170.9556	0.3950007	1.420386	1.47419
3024	-1704.643	-1875.883	171.2398	0.3583738	1.448519	1.256416
3030	-1716.416	-1887.378	170.9621	0.4421901	1.360531	1.478838
3036	-1718.957	-1890.27	171.3131	0.1976376	1.439118	1.335321
3042	-1712.509	-1883.707	171.1986	0.1032553	1.53146	1.42668
3048	-1716.412	-1887.588	171.1762	0.3640068	1.282304	1.434923
3054	-1707.958	-1878.927	170.969	0.2046999	1.232372	1.73935
3060	-1710.988	-1882.024	171.0362	0.4773248	1.101962	1.589637
3066	-1718.164	-1889.487	171.3233	0.1043668	1.50084	1.352278
3072	-1705.437	-1876.696	171.259	0.1098434	1.416582	1.463271
3078	-1710.459	-1881.819	171.3599	0.02530958	1.484152	1.398782
3084	-1715.138	-1886.336	171.1984	0.2118794	1.459044	1.398782
3090	-1699.395	-1870.642	171.2473	0.149079	1.684444	1.227871
3096	-1715.191	-1886.34	171.1485	0.07984853	1.553512	1.465958
3102	-1698.342	-1869.495	171.1528	0.3389565	1.394275	1.385741
3108	-1704.192	-1875.507	171.3147	0.1147694	1.394275	1.434013
3114	-1724.738	-1895.909	171.1709	0.2774493	1.570326	1.27959
3120	-1720.015	-1891.221	171.206	0.337312	1.475366	1.27959
3126	-1711.342	-1882.499	171.1579	0.337312	1.207517	1.525417
3132	-1705.003	-1876.018	171.0146	0.3179098	1.370234	1.525417
3138	-1708.258	-1879.37	171.1122	0.155663	1.406654	1.546319
3144	-1706.32	-1877.62	171.2998	0.09092734	1.480159	1.397585
3150	-1701.554	-1872.775	171.2206	0.2833653	1.52179	1.273757
3156	-1699.743	-1870.877	171.1346	0.2489249	1.428545	1.442982
3162	-1706.298	-1877.119	170.8211	0.3971914	1.330427	1.638032
3168	-1714.094	-1885.396	171.3023	0.09800237	1.03655	1.717679
3174	-1705.855	-1877.078	171.2232	0.1061089	1.045065	1.76156
3180	-1712.358	-1883.681	171.3224	0.2641754	0.9800911	1.625063
3186	-1702.663	-1873.978	171.3156	0.2813016	1.157229	1.486905
3192	-1708.201	-1879.166	170.9648	0.1535006	1.145854	1.8379
3198	-1712.762	-1884.003	171.2417	0.07755193	1.273941	1.605851
3204	-1709.475	-1880.428	170.9535	0.3210402	1.367228	1.570456
3210	-1703.944	-1875.031	171.0868	0.2381738	1.485073	1.44448
3216	-1712.905	-1883.792	170.8871	0.6894566	1.303282	1.390577
3222	-1723.401	-1894.564	171.1635	0.08997811	1.993961	1.080742
3228	-1716.606	-1887.697	171.0916	0.1424856	1.848093	1.22676
3234	-1708.845	-1880.075	171.2305	0.08530275	1.940055	1.072913
3240	-1713.24	-1884.382	171.1422	0.3323109	1.551274	1.273754
3246	-1701.548	-1872.471	170.9222	0.4086998	1.551274	1.388769
3252	-1703.949	-1874.757	170.8083	0.2590363	1.966674	1.266977
3258	-1698.29	-1869.333	171.0423	0.3172959	1.865602	1.101274
3264	-1707.429	-1878.123	170.694	0.4267648	2.1039	1.101722
3270	-1713.62	-1884.996	171.3759	0.1016744	1.63204	1.203415
3276	-1721.374	-1892.283	170.9094	0.3806898	1.736272	1.273237
3282	-1712.301	-1883.482	171.1803	0.1910282	1.767928	1.17784
3288	-1707.396	-1878.701	171.3054	0.2003833	1.287407	1.457356
3294	-1696.96	-1868.28	171.3199	0.1163393	1.356974	1.457356
3300	-1697.372	-1868.674	171.3025	0.0501342	1.338303	1.534134
3306	-1706.503	-1877.621	171.1178	0.2103501	1.362808	1.534134
3312	-1702.432	-1873.839	171.4073	0.1039555	1.216755	1.506558
3318	-1705.301	-1876.426	171.1243	0.1725359	1.216755	1.663194
3324	-1709.266	-1880.716	171.4493	0.05998292	1.230256	1.497914
3330	-1703.555	-1874.747	171.1921	0.2740223	1.454896	1.358245
3336	-1698.194	-1869.587	171.3932	0.06969037	1.563147	1.2735
3342	-1703.086	-1874.483	171.3969	0.07528205	1.290751	1.480268
3348	-1700.608	-1871.82	171.212	0.1563247	1.394672	1.480268
3354	-1714.916	-1886.349	171.4325	0.1304488	1.471975	1.266178
3360	-1712.999	-1883.983	170.9839	0.2653371	1.513549	1.480415
3366	-1711.665	-1882.412	170.7472	0.3819538	2.086674	1.109837
3372	-1710.831	-1881.819	170.9886	0.7562279	1.297889	1.259693
3378	-1706.168	-1877.383	171.2151	0.1303634	1.55971	1.370724
3384	-1711.608	-1882.479	170.8711	0.4851304	1.7727	1.186804
3390	-1699.966	-1871.51	171.5437	0.1595476	1.391014	1.216472
3396	-1700.633	-1871.85	171.2172	0.04175822	1.410272	1.550232
3402	-1696.604	-1868.02	171.4153	0.03403621	1.348145	1.454058
3408	-1697.402	-1868.854	171.4521	0.08315456	1.352862	1.38412
3414	-1700.379	-1871.374	170.9951	0.2592734	1.507618	1.480995
3420	-1701.159	-1872.376	171.2168	0.07970186	1.246096	1.642444
3426	-1708.427	-1879.672	171.2451	0.3556717	1.368286	1.31989
3432	-1711.601	-1882.521	170.9196	0.2383627	1.936105	1.216694
3438	-1702.029	-1873.284	171.2546	0.0870887	1.585888	1.353027
3444	-1711.107	-1882.366	171.2592	0.157971	1.534519	1.333794
3450	-1705.735	-1876.897	171.1619	0.1113074	1.534519	1.446291
3456	-1711.473	-1882.712	171.2393	0.262661	1.484385	1.305914
3462	-1710.931	-1882.02	171.0887	0.3480074	1.648844	1.223855
3468	-1715.281	-1886.211	170.9302	0.1669026	1.791318	1.383839
3474	-1717.097	-1888.492	171.395	0.3373214	1.254705	1.305411
3480	-1715.094	-1886.13	171.0361	0.2464891	1.644955	1.353089
3486	-1712.514	-1883.591	171.077	0.1813121	1.273475	1.650213
3492	-1723.039	-1894.144	171.1048	0.1771904	1.443614	1.508347
3498	-1697.04	-1868.473	171.4327	0.0580871	1.593865	1.22466
3504	-1710.912	-1881.689	170.777	0.3514898	1.923896	1.251736
3510	-1698.111	-1869.352	171.2401	0.1284789	1.43665	1.448205
3516	-1703.622	-1874.777	171.1552	0.3177254	1.583051	1.248732
3522	-1694.43	-1865.834	171.4038	0.06768532	1.062051	1.64894
3528	-1695.616	-1867.001	171.3845	0.09878033	1.37738	1.405541
3534	-1701.412	-1872.395	170.9833	0.5188946	1.37738	1.390819
3540	-1704.24	-1875.437	171.1974	0.2265223	1.44777	1.396919
3546	-1697.467	-1868.572	171.1055	0.1276762	1.918259	1.16724
3552	-1693.549	-1864.465	170.9166	0.274956	1.924572	1.197843
3558	-1704.256	-1875.508	171.2514	0.3159471	1.6514	1.107163
3564	-1701.584	-1872.467	170.8828	0.4287437	1.767523	1.229361
3570	-1701.741	-1872.839	171.0977	0.3715346	1.470256	1.343518
3576	-1714.984	-1885.631	170.6477	0.5624609	1.666378	1.393148
3582	-1691.817	-1863.036	171.2195	0.09636829	1.63623	1.333467
3588	-1697.173	-1868.163	170.9902	0.1012303	1.951856	1.259296
3594	-1700.518	-1871.33	170.8115	0.4686722	1.754872	1.266104
3600	-1698.99	-1870.48	171.4899	0.1188362	1.426308	1.266104
3606	-1698.057	-1868.967	170.9099	0.5118234	1.553995	1.314556
3612	-1691.048	-1861.868	170.8195	0.5606785	1.553995	1.347773
3618	-1697.869	-1869.303	171.4337	0.08419004	1.477246	1.298772
3624	-1697.782	-1869.137	171.3552	0.03001232	1.609983	1.298772
3630	-1707.268	-1878.221	170.9531	0.6183396	1.662349	1.093429
3636	-1708.63	-1879.55	170.9202	0.8299992	1.602273	0.9785913
3642	-1722.078	-1892.799	170.7209	0.9382197	1.69615	0.9757404
3648	-1713.254	-1884.743	171.4886	0.1675092	1.575507	1.09542
3654	-1715.844	-1886.91	171.0663	0.2921591	1.421862	1.467162
3660	-1720.595	-1891.7	171.1054	0.09179977	2.182421	0.9503708
3666	-1714.291	-1884.984	170.6931	0.4202071	2.080171	1.129992
3672	-1701.157	-1872.218	171.061	0.3532067	1.307111	1.511574
3678	-1703.97	-1875.414	171.444	0.054202	1.476483	1.315339
3684	-1706.067	-1877.299	171.232	0.05371758	1.799241	1.224378
3690	-1702.732	-1873.896	171.1636	0.2961601	1.67362	1.182977
3696	-1700.6	-1871.798	171.1982	0.1238426	1.811342	1.182977
3702	-1711.852	-1883.035	171.1827	0.2482573	1.528222	1.32786
3708	-1707.723	-1878.867	171.1443	0.2472214	1.621288	1.284402
3714	-1699.768	-1870.917	171.1493	0.2294063	1.669753	1.254998
3720	-1699.601	-1870.81	171.209	0.169642	1.669753	1.254998
3726	-1704.395	-1875.65	171.2554	0.1375971	1.631149	1.275072
3732	-1698.705	-1869.435	170.7305	0.4326056	1.312631	1.69016
3738	-1699.568	-1870.071	170.5037	0.5050776	1.375689	1.754503
3744	-1705.683	-1877.222	171.539	0.2052057	1.385281	1.186331
3750	-1695.283	-1866.427	171.1434	0.1732581	1.70344	1.27837
3756	-1694.425	-1865.684	171.2589	0.05033782	1.766893	1.231786
3762	-1691.053	-1861.982	170.9287	0.2096732	1.85694	1.298661
3768	-1701.433	-1872.416	170.9829	0.2729949	1.85694	1.200681
3774	-1697.891	-1868.874	170.9835	0.3549591	1.645574	1.307787
3780	-1714.951	-1885.946	170.9955	0.4813793	1.460867	1.344977
3786	-1705.781	-1877.093	171.312	0.2117904	1.502711	1.273157
3792	-1700.92	-1872.253	171.3329	0.02768078	1.566265	1.353609
3798	-1708.645	-1879.905	171.2602	0.06909946	1.661312	1.302486
3804	-1708.048	-1879.326	171.2779	0.14306	1.635215	1.248562
3810	-1704.953	-1876.058	171.1046	0.2796827	1.292792	1.544433
3816	-1705.486	-1876.557	171.071	0.2040705	1.283847	1.630657
3822	-1707.565	-1878.934	171.369	0.255502	1.217901	1.419604
3828	-1719.128	-1890.481	171.3525	0.2169266	1.208128	1.469201
3834	-1710.507	-1881.722	171.215	0.4311418	1.351964	1.296358
3840	-1713.332	-1884.719	171.3879	0.246329	1.260441	1.378979
3846	-1707.166	-1878.174	171.0081	0.3273229	1.650139	1.306534
3852	-1709.818	-1880.845	171.0261	0.1938849	1.85395	1.233657
3858	-1703.418	-1874.853	171.4345	0.04685604	1.526937	1.288086
3864	-1707.344	-1878.594	171.2505	0.01391838	1.607311	1.396938
3870	-1702.437	-1873.964	171.5274	0.02253262	1.370712	1.358492
3876	-1701.41	-1872.877	171.4668	0.006155291	1.771088	1.083862
3882	-1701.529	-1872.751	171.2222	0.002275068	1.789564	1.283362
3888	-1698.566	-1870.035	171.4693	0.005492107	1.176644	1.563363
3894	-1697.662	-1869.183	171.5216	0.01754356	1.307113	1.416694
3900	-1708.183	-1879.001	170.8176	0.2542749	1.633151	1.523674
3906	-1687.852	-1859.225	171.3722	0.05899994	1.730253	1.15848
3912	-1690.45	-1861.275	170.8253	0.4287904	1.826611	1.227932
3918	-1693.497	-1864.705	171.2088	0.1123015	1.590696	1.365493
3924	-1695.364	-1866.564	171.2004	0.3951829	1.525839	1.19328
3930	-1699.113	-1870.152	171.0386	0.3058132	1.580758	1.354918
3936	-1704.927	-1875.971	171.0439	0.2740946	1.580758	1.375774
3942	-1705.055	-1876.481	171.4266	0.1365961	1.579811	1.174576
3948	-1711.323	-1882.448	171.1253	0.1365961	1.289851	1.635857
3954	-1704.228	-1875.454	171.2264	0.4150035	1.488486	1.185945
3960	-1695.223	-1866.277	171.0539	0.1363861	1.8269	1.280759
3966	-1702.83	-1873.924	171.0943	0.3920334	1.514151	1.294406
3972	-1711.395	-1882.51	171.1157	0.1644722	1.481394	1.481304
3978	-1706.543	-1878.056	171.5126	0.05951334	1.481394	1.250772
3984	-1713.625	-1884.591	170.9661	0.373993	1.65007	1.302803
3990	-1727.42	-1898.281	170.8617	0.5114058	2.124719	0.8135608
3996	-1703.097	-1873.936	170.8391	0.5114058	2.046305	0.9320188
4002	-1702.351	-1873.437	171.0859	0.2429801	1.804936	1.182625
4008	-1696.404	-1867.73	171.3257	0.1453449	1.510001	1.310188
4014	-1698.337	-1869.773	171.4362	0.06201341	1.499043	1.297083
4020	-1694.859	-1865.973	171.1136	0.03166145	1.456614	1.599585
4026	-1703.934	-1875.17	171.2356	0.3190639	1.276347	1.4284
4032	-1703.631	-1875.052	171.4206	0.129742	1.389126	1.343536
4038	-1714.555	-1885.944	171.3887	0.08038861	1.389126	1.407379
4044	-1712.183	-1883.215	171.0328	0.008393343	1.439886	1.686434
4050	-1709.222	-1880.654	171.4316	0.1251036	1.512985	1.237227
4056	-1711.189	-1881.649	170.4591	1.431205	1.286816	1.144583
4062	-1723.686	-1894.361	170.6748	1.044144	1.446029	1.155326
4068	-1719.557	-1890.577	171.0205	0.8185974	1.247274	1.223166
4074	-1706.232	-1877.416	171.1844	0.07319676	1.521192	1.468302
4080	-1693.843	-1865	171.1572	0.1748401	1.552701	1.386778
4086	-1693.94	-1865.023	171.0834	0.1748401	1.753017	1.285676
4092	-1692.474	-1863.641	171.1669	0.04402989	1.705684	1.361671
4098	-1710.595	-1881.868	171.273	0.08151053	1.658294	1.284392
4104	-1704.018	-1874.967	170.9484	0.4061261	1.658294	1.284392
4110	-1697.618	-1869.034	171.4165	0.03043969	1.710854	1.161658
4116	-1706.821	-1878.237	171.4163	0.1616909	1.406519	1.307373
4122	-1710.308	-1881.496	171.1876	0.03546706	1.693175	1.362007
4128	-1711.522	-1882.557	171.0353	0.2080446	1.592298	1.424876
4134	-1706.247	-1877.475	171.2277	0.04248563	1.591905	1.404403
4140	-1712.06	-1883.179	171.1194	0.1834993	1.70142	1.291293
4146	-1712.107	-1883.261	171.1541	0.4404008	1.420475	1.282583
4152	-1711.413	-1882.238	170.8244	0.5082966	1.424417	1.484653
4158	-1710.706	-1881.99	171.2842	0.2391532	1.287936	1.443538
4164	-1707.785	-1879.007	171.2219	0.1959117	1.588181	1.289907
4170	-1700.548	-1871.785	171.2371	0.1959117	1.336481	1.475341
4176	-1714.888	-1886.062	171.1734	0.1211509	1.349702	1.568587
4182	-1705.902	-1877.031	171.1289	0.2285454	1.296014	1.561814
4188	-1706.825	-1878	171.175	0.3994704	1.470231	1.258101
4194	-1701.509	-1872.473	170.9645	0.3994704	1.47171	1.424819
4200	-1702.242	-1873.171	170.9297	0.18397	2.028243	1.175586
4206	-1693.369	-1864.562	171.1927	0.01234839	1.759184	1.323792
4212	-1698.696	-1870.189	171.4931	0.132907	1.26544	1.381524
4218	-1694.587	-1865.726	171.1386	0.07985251	1.777133	1.298392
4224	-1700.384	-1871.194	170.8103	0.6228592	1.467274	1.374451
4230	-1706.583	-1877.825	171.242	0.1504098	1.302036	1.531593
4236	-1698.129	-1869.381	171.2526	0.2342921	1.4116	1.375966
4242	-1698.505	-1869.735	171.2298	0.2919715	1.396807	1.360162
4248	-1712.504	-1883.886	171.3818	0.1242826	1.401972	1.368485
4254	-1699.412	-1870.504	171.0919	0.2421096	1.602689	1.345753
4260	-1693.804	-1865.063	171.259	0.218846	1.416828	1.378969
4266	-1702.547	-1873.833	171.2859	0.1937034	1.463848	1.340392
4272	-1702.306	-1873.662	171.3561	0.09445218	1.251169	1.526152
4278	-1704.818	-1876.034	171.2159	0.1171513	1.383897	1.514844
4284	-1708.645	-1880.17	171.5245	0.07529759	1.449697	1.254139
4290	-1715.289	-1886.421	171.1318	0.3407804	1.277785	1.489803
4296	-1711.56	-1882.921	171.3611	0.162957	1.284292	1.445802
4302	-1718.045	-1889.292	171.2477	0.1819734	1.600543	1.270068
4308	-1712.601	-1883.622	171.0214	0.3309622	1.50198	1.410434
4314	-1708.897	-1879.817	170.9193	0.1647633	1.701324	1.463282
4320	-1706.779	-1877.915	171.1358	0.1832953	1.466329	1.463282
4326	-1702.561	-1873.904	171.3433	0.03613577	1.273518	1.562226
4332	-1714.592	-1885.927	171.3342	0.1467215	1.273518	1.486665
4338	-1713.989	-1885.103	171.1136	0.1889216	1.499688	1.450492
4344	-1712.788	-1883.662	170.8744	0.520995	1.499688	1.378634
4350	-1711.557	-1882.894	171.3378	0.1488238	1.854687	0.98995
4356	-1701.016	-1872.309	171.2926	0.06279569	1.741801	1.21403
4362	-1700.323	-1871.555	171.2314	0.2485779	1.40515	1.386458
4368	-1707.128	-1878.388	171.2603	0.2806323	1.509026	1.253755
4374	-1714.518	-1886.045	171.5273	0.04078868	1.509026	1.231013
4380	-1701.559	-1872.94	171.381	0.06777125	1.509026	1.328948
4386	-1708.591	-1879.891	171.2999	0.06576758	1.506713	1.396425
4392	-1723.33	-1894.507	171.1766	0.7671817	1.082248	1.273554
4398	-1704.618	-1875.834	171.2154	0.3353871	1.194095	1.493877
4404	-1710.545	-1881.542	170.9965	0.4398182	1.343506	1.467538
4410	-1706.499	-1877.645	171.146	0.240787	1.392971	1.467538
4416	-1713.245	-1884.367	171.1217	0.1206918	1.319507	1.62854
4422	-1704.61	-1875.917	171.3073	0.2581316	1.322015	1.384676
4428	-1705.814	-1876.909	171.0953	0.5389834	1.322015	1.330104
4434	-1722.797	-1893.893	171.0968	0.2062811	1.346783	1.564479
4440	-1715.403	-1886.484	171.0813	0.2441608	1.553904	1.390961
4446	-1706.71	-1877.91	171.1993	0.06725464	1.443846	1.519724
4452	-1710.333	-1881.343	171.0104	0.2163864	1.50015	1.507376
4458	-1699.028	-1870.482	171.4538	0.1423393	1.373408	1.319486
4464	-1698.091	-1869.384	171.2932	0.2120177	1.403236	1.368132
4470	-1695.49	-1866.812	171.3225	0.09302309	1.403236	1.437861
4476	-1700.89	-1872.139	171.2491	0.03339107	1.498126	1.466896
4482	-1699.025	-1870.334	171.3089	0.03339107	1.440771	1.465036
4488	-1697.703	-1868.951	171.2471	0.008953352	1.39078	1.566723
4494	-1689.625	-1860.838	171.2136	0.04189121	1.415764	1.548721
4500	-1693.478	-1864.449	170.9713	0.4388165	1.49597	1.370037
4506	-1695.83	-1867.023	171.1931	0.09848916	1.49597	1.461656
4512	-1703.428	-1874.682	171.2539	0.1896787	1.478197	1.357643
4518	-1702.378	-1873.663	171.2846	0.1489262	1.520953	1.331579
4524	-1704.423	-1875.6	171.1775	0.1732796	1.811153	1.15802
4530	-1698.76	-1870.061	171.3011	0.04260223	1.529784	1.395503
4536	-1701.421	-1872.59	171.1691	0.2427275	1.687984	1.211789
4542	-1711.737	-1882.902	171.1651	0.193203	1.812895	1.149885
4548	-1712.697	-1883.853	171.1563	0.07167192	1.647098	1.394335
4554	-1713.015	-1884.106	171.0913	0.2975535	1.674634	1.242393
4560	-1714.866	-1885.328	170.4627	0.4257178	2.595004	0.8319319
4566	-1708.228	-1879.401	171.1735	0.04340682	1.511059	1.506549
4572	-1721.049	-1892.193	171.1441	0.1876345	1.255177	1.610462
4578	-1721.297	-1892.505	171.2086	0.4011233	1.231949	1.420239
4584	-1698.789	-1870.248	171.4587	0.09350869	1.021199	1.620221
4590	-1722.286	-1892.809	170.5225	0.432403	1.099497	1.98
4596	-1710.355	-1881.48	171.125	0.2097908	1.356259	1.53407
4602	-1707.187	-1878.465	171.2776	0.1980264	1.573631	1.254337
4608	-1705.234	-1876.316	171.0825	0.3004284	1.64405	1.272743
4614	-1712.416	-1883.238	170.8222	0.669339	1.64405	1.181079
4620	-1710.068	-1881.291	171.2229	0.2564261	1.700154	1.142523
4626	-1706.965	-1878.256	171.291	0.1129156	1.638024	1.260358
4632	-1697.94	-1868.928	170.9887	0.2297273	1.743899	1.325332
4638	-1694.934	-1866.083	171.1494	0.1509646	1.447566	1.491583
4644	-1696.175	-1867.447	171.2713	0.1561375	1.320499	1.491583
4650	-1703.131	-1874.205	171.0737	0.2948692	1.551401	1.359061
4656	-1697.9	-1869.226	171.3258	0.1592917	1.551401	1.264873
4662	-1702.684	-1874.138	171.454	0.0907031	1.340832	1.386132
4668	-1709.198	-1880.191	170.9927	0.3171964	1.077721	1.752266
4674	-1714.802	-1885.665	170.8626	0.309441	1.227932	1.743637
4680	-1725.865	-1897.102	171.2373	0.2701359	1.429516	1.345614
4686	-1723.048	-1894.093	171.0445	0.122007	2.054802	1.104848
4692	-1722.04	-1893.367	171.3264	0.1232639	1.559128	1.287658
4698	-1713.752	-1885.196	171.4438	0.1699279	1.296127	1.367047
4704	-1724.109	-1895.403	171.2938	0.1863259	1.296127	1.4702
4710	-1714.925	-1886.484	171.5587	0.05885193	1.253829	1.397142
4716	-1720.356	-1891.486	171.1302	0.1293942	1.611832	1.397142
4722	-1719.638	-1890.803	171.1646	0.3526486	1.349019	1.401171
4728	-1717.349	-1888.435	171.0859	0.01600181	1.349019	1.70779
4734	-1722.097	-1893.028	170.9315	0.2648192	1.254578	1.70779
4740	-1708.32	-1879.686	171.3656	0.0598862	1.230583	1.559919
4746	-1704.295	-1875.279	170.9836	0.2691178	1.488466	1.496687
4752	-1696.795	-1867.967	171.172	0.07103589	1.187822	1.721972
4758	-1697.645	-1869.069	171.4237	0.1067729	0.9889248	1.659081
4764	-1696.26	-1867.597	171.3372	0.03028178	1.332182	1.527691
4770	-1706.926	-1877.607	170.6814	0.5124911	1.503008	1.529737
4776	-1694.391	-1865.717	171.3253	0.2033534	1.438184	1.321665
4782	-1692.386	-1863.809	171.4221	0.1901036	1.223893	1.424517
4788	-1698.813	-1869.839	171.0256	0.2845615	1.651666	1.325661
4794	-1699.118	-1870.27	171.1525	0.3290441	1.459907	1.342018
4800	-1695.526	-1866.671	171.1451	0.3290441	1.467258	1.342018
4806	-1699.377	-1870.395	171.0177	0.3485549	1.607465	1.316109
4812	-1697.721	-1869.063	171.3417	0.2862536	1.172143	1.452132
4818	-1693.73	-1864.865	171.1354	0.01007551	1.495344	1.571149
4824	-1690.024	-1861.169	171.1456	0.01033004	1.413863	1.622842
4830	-1693.806	-1865.339	171.5323	0.05368211	1.370686	1.32984
4836	-1700.626	-1872.244	171.6175	0.1629382	1.079252	1.406295
4842	-1693.877	-1865.208	171.3319	0.07158954	1.456172	1.406295
4848	-1701.206	-1872.412	171.2062	0.4446231	1.522305	1.148163
4854	-1707.739	-1878.852	171.1124	0.314225	1.402933	1.429505
4860	-1711.89	-1883.393	171.5027	0.06091241	1.246362	1.444583
4866	-1712.223	-1883.645	171.4221	0.1494273	1.346538	1.36055
4872	-1708.868	-1880.031	171.1626	0.1044192	1.65107	1.36055
4878	-1711.717	-1882.314	170.5973	0.602531	1.760807	1.326658
4884	-1699.035	-1870.268	171.2333	0.0899485	1.543301	1.400915
4890	-1696.692	-1867.601	170.9087	0.415204	1.443313	1.477084
4896	-1705.399	-1876.965	171.5664	0.01530575	1.420487	1.293004
4902	-1700.754	-1871.788	171.0334	0.1827647	1.739244	1.330845
4908	-1699.539	-1870.558	171.0184	0.1827647	1.908088	1.203692
4914	-1697.506	-1868.715	171.2088	0.1219823	1.474474	1.448124
4920	-1696.844	-1868.173	171.3286	0.06578075	1.321065	1.515965
4926	-1703.402	-1874.551	171.149	0.4517046	1.023816	1.583071
4932	-1696.682	-1867.989	171.3072	0.1162189	1.344765	1.476307
4938	-1699.745	-1870.805	171.0604	0.507749	1.485548	1.250577
4944	-1707.464	-1878.69	171.2261	0.1148512	1.477805	1.437861
4950	-1704.643	-1875.814	171.1704	0.1701103	1.281262	1.585046
4956	-1706.518	-1877.753	171.2356	0.2775497	1.539196	1.251716
4962	-1713.851	-1885.125	171.2735	0.0830468	1.842869	1.124654
4968	-1715.805	-1887.07	171.2656	0.04345932	1.842869	1.16683
4974	-1699.895	-1871.296	171.4004	0.1391993	1.395267	1.347208
4980	-1709.612	-1880.94	171.3272	0.1273514	1.587819	1.259988
4986	-1704.911	-1875.863	170.9521	0.4338777	1.656472	1.259988
4992	-1704.355	-1875.245	170.8905	0.6217688	1.536296	1.254877
4998	-1706.944	-1877.916	170.9724	0.8699641	1.403236	1.082475
5004	-1704.688	-1875.929	171.2405	0.04154171	1.417753	1.527614
5010	-1707.383	-1878.826	171.4434	0.06585763	1.417753	1.353457
5016	-1706.087	-1877.413	171.3259	0.06935474	1.494264	1.383045
5022	-1708.268	-1879.448	171.1803	0.2435164	1.494264	1.360537
5028	-1706.672	-1878.126	171.4547	0.195542	1.472045	1.192561
5034	-1710.888	-1881.726	170.838	0.483782	1.298612	1.586093
5040	-1702.263	-1873.565	171.3018	0.1728902	1.143222	1.587866
5046	-1700.12	-1871.262	171.142	0.1496502	1.326277	1.587866
5052	-1715.472	-1886.974	171.5027	0.02920801	1.244449	1.47018
5058	-1713.371	-1884.518	171.147	0.1542879	1.466285	1.476819
5064	-1701.049	-1872.17	171.1206	0.271752	1.492107	1.386971
5070	-1706.383	-1877.408	171.0246	0.2764383	1.429916	1.504313
5076	-1702.204	-1873.778	171.5737	0.04645701	1.281628	1.373397
5082	-1713.885	-1885.066	171.1812	0.03210386	1.952756	1.154439
5088	-1712.561	-1883.795	171.2335	0.340188	1.476904	1.253226
5094	-1699.172	-1870.309	171.1373	0.2549946	1.325728	1.514048
5100	-1698.056	-1869.136	171.0802	0.347892	1.359429	1.461641
5106	-1697.885	-1869.238	171.3528	0.1252821	1.473905	1.333568
5112	-1713.956	-1885.151	171.1953	0.1414433	1.46119	1.453742
5118	-1706.423	-1877.564	171.1406	0.4631092	1.199125	1.450034
5124	-1717.968	-1888.901	170.933	0.06350969	1.355397	1.777202
5130	-1710.276	-1881.048	170.7722	0.2691718	1.106777	1.916905
5136	-1704.705	-1875.827	171.1225	0.05628092	1.372636	1.6361
5142	-1707.635	-1878.775	171.1398	0.123964	1.450525	1.516824
5148	-1713.581	-1884.516	170.9358	0.1801815	1.166592	1.825191
5154	-1707.595	-1878.811	171.2157	0.2329798	1.308428	1.484664
5160	-1705.841	-1876.841	171.0003	0.1604014	1.262187	1.727538
5166	-1693.084	-1864.443	171.3594	0.1268663	1.162474	1.565338
5172	-1702.781	-1874.123	171.3427	0.1268663	1.253322	1.510397
5178	-1706.779	-1878.041	171.2626	0.04807686	1.412138	1.510397
5184	-1710.104	-1881.361	171.2574	0.08437431	1.412138	1.487075
5190	-1711.543	-1882.685	171.1419	0.3457579	1.61251	1.211479
5196	-1703.158	-1874.385	171.2267	0.3468804	1.526546	1.211479
5202	-1691.682	-1862.896	171.2142	0.2471658	1.514998	1.314016
5208	-1687.646	-1859.1	171.4538	0.08386051	1.424412	1.32546
5214	-1700.499	-1871.203	170.7038	0.3276923	1.673244	1.523946
5220	-1702.07	-1873.179	171.1096	0.3903879	1.518184	1.279953
5226	-1703.346	-1874.496	171.1499	0.2427494	1.518184	1.366285
5232	-1699.832	-1871.133	171.3009	0.07750522	1.529318	1.368741
5238	-1702.202	-1873.513	171.3117	0.2117547	1.3511	1.394732
5244	-1700.777	-1872.072	171.2944	0.006356317	1.578788	1.390805
5250	-1712.98	-1884.231	171.2508	0.02297095	1.287622	1.628906
5256	-1726.515	-1897.92	171.4055	0.1430426	1.171839	1.512278
5262	-1705.392	-1876.415	171.0226	0.3473612	1.356702	1.507548
5268	-1694.494	-1865.778	171.2838	0.1665669	1.336081	1.462481
5274	-1700.457	-1871.468	171.0109	0.5134732	1.508138	1.268157
5280	-1691.446	-1862.685	171.2383	0.2644829	1.508138	1.285878
5286	-1705.328	-1876.442	171.1141	0.2234129	1.678716	1.281544
5292	-1706.957	-1877.838	170.8812	0.5114757	1.738527	1.184879
5298	-1702.572	-1873.496	170.9238	0.4558361	1.557945	1.345091
5304	-1702.547	-1873.835	171.2879	0.1775388	1.668772	1.182284
5310	-1701.713	-1872.891	171.1775	0.1362447	1.572578	1.385547
5316	-1702.353	-1873.505	171.1519	0.1061361	1.162888	1.728915
5322	-1717.85	-1882.75	164.8998	2.866385	1.670992	3.585487
5328	-1711.4	-1876.324	164.9232	2.866385	1.51201	3.664134
5334	-1716.53	-1887.746	171.2158	0.4280374	1.412204	1.248616
5340	-1707.889	-1878.97	171.0808	0.415205	1.453266	1.335719
5346	-1696.881	-1867.811	170.9299	0.265148	1.623101	1.438283
5352	-1695.157	-1866.248	171.0912	0.05018874	1.193763	1.788838
5358	-1704.324	-1875.566	171.2419	0.05201644	1.508687	1.45019
5364	-1706.458	-1877.795	171.3369	0.190904	1.274744	1.45019
5370	-1708.472	-1879.579	171.1074	0.05049826	1.204838	1.76968
5376	-1705.584	-1876.752	171.1682	0.0951913	1.247136	1.665448
5382	-1705.903	-1876.917	171.0134	0.5643263	1.247136	1.433142
5388	-1692.597	-1863.455	170.8578	0.3807168	1.518602	1.484649
5394	-1699.369	-1870.777	171.4078	0.146701	1.431342	1.30635
5400	-1697.632	-1868.923	171.2915	0.2944324	1.470269	1.24856
5406	-1700.267	-1871.43	171.1626	0.1070589	1.673401	1.340738
5412	-1694.491	-1865.286	170.7946	0.4940843	1.873221	1.158107
5418	-1715.973	-1886.658	170.6852	0.6103534	1.746443	1.260349
5424	-1701.723	-1872.946	171.223	0.07252174	1.746443	1.260349
5430	-1707.146	-1878.754	171.608	0.02382871	1.410185	1.260349
5436	-1701.019	-1872.189	171.1697	0.1710537	1.441904	1.465351
5442	-1706.506	-1877.853	171.3473	0.04715906	1.366437	1.481841
5448	-1705.043	-1876.25	171.2076	0.3264859	1.639737	1.147574
5454	-1706.869	-1878.362	171.4926	0.03754972	1.493925	1.275144
5460	-1704.088	-1875.207	171.1193	0.1300583	1.553723	1.449844
5466	-1718.421	-1889.44	171.019	0.3051934	1.605025	1.351703
5472	-1707.747	-1879.095	171.3479	0.2408554	1.489305	1.23016
5478	-1703.243	-1874.344	171.1013	0.3496175	1.502914	1.332124
5484	-1705.473	-1876.669	171.1965	0.2733685	1.483952	1.332124
5490	-1690.432	-1861.589	171.1571	0.1230979	1.639539	1.359253
5496	-1692.556	-1863.835	171.2791	0.1814034	1.404936	1.401826
5502	-1695.744	-1867.019	171.2753	0.03206596	1.404936	1.518304
5508	-1692.151	-1863.361	171.2105	0.1353776	1.366376	1.518304
5514	-1692.303	-1863.712	171.4091	0.0223632	1.133573	1.626276
5520	-1698.051	-1869.348	171.2971	0.124585	1.314289	1.500593
5526	-1701.101	-1872.149	171.048	0.3365592	1.53667	1.358088
5532	-1715.127	-1886.452	171.3249	0.05213512	1.732967	1.203066
5538	-1714.666	-1885.943	171.2763	0.249889	1.232975	1.483161
5544	-1701.901	-1872.967	171.0661	0.3163504	1.429366	1.443119
5550	-1695.047	-1866.241	171.1937	0.151523	1.429366	1.471476
5556	-1704.098	-1875.182	171.0844	0.05726935	1.446358	1.609637
5562	-1700.764	-1872.069	171.3051	0.05927059	1.548775	1.364452
5568	-1709.814	-1880.977	171.163	0.09150172	1.760683	1.282429
5574	-1703.434	-1874.401	170.9674	0.2728394	1.760683	1.294094
5580	-1701.111	-1872.215	171.1042	0.1818047	1.373184	1.557666
5586	-1692.934	-1864.025	171.0912	0.1969839	1.373184	1.555995
5592	-1698.916	-1869.959	171.0435	0.3533351	1.323783	1.5121
5598	-1697.844	-1868.915	171.071	0.08013351	1.584762	1.500611
5604	-1701.215	-1872.43	171.2149	0.1410028	1.350191	1.522882
5610	-1702.349	-1873.574	171.225	0.2567733	1.426534	1.368265
5616	-1706.171	-1877.369	171.1979	0.2214849	1.78682	1.118542
5622	-1716.662	-1887.61	170.9481	0.1881905	1.969066	1.207077
5628	-1715.703	-1886.804	171.1008	0.07536125	2.056779	1.094208
5634	-1700.066	-1871.628	171.5624	0.0173179	1.512165	1.218527
5640	-1696.477	-1867.745	171.2678	0.02635833	1.854687	1.169471
5646	-1704.102	-1875.391	171.2894	0.077872	1.413513	1.466765
5652	-1697.188	-1868.381	171.1929	0.04072354	1.54722	1.466765
5658	-1695.168	-1866.135	170.9676	0.3237286	1.819878	1.202082
5664	-1708.268	-1879.244	170.9768	0.2841212	1.914098	1.14648
5670	-1714.005	-1885.238	171.2322	0.1001236	1.652079	1.307465
5676	-1710.86	-1881.899	171.0397	0.5732885	1.34601	1.327957
5682	-1725.418	-1896.593	171.1755	0.3747828	1.391645	1.341651
5688	-1729.416	-1900.403	170.9865	0.1317819	1.502214	1.586
5694	-1724.462	-1895.59	171.1278	0.1411348	1.525895	1.456101
5700	-1722.597	-1893.718	171.1203	0.1411348	1.164937	1.725078
5706	-1709.98	-1881.22	171.2408	0.03666636	1.162454	1.715564
5712	-1693.384	-1864.843	171.459	0.01436289	1.162454	1.574795
5718	-1696.425	-1867.816	171.3905	0.0334453	1.445717	1.398542
5724	-1703.03	-1874.376	171.3465	0.09806602	1.521136	1.322582
5730	-1709.305	-1880.699	171.3942	0.06177789	1.354307	1.444295
5736	-1704.685	-1875.816	171.1309	0.05946925	1.503692	1.531864
5742	-1699.036	-1870.297	171.2605	0.3447808	1.138022	1.495068
5748	-1708.129	-1879.136	171.0071	0.2981071	1.446233	1.488976
5754	-1706.054	-1877.553	171.499	0.01945199	1.429128	1.337095
5760	-1704.976	-1875.83	170.8537	0.3166439	1.33812	1.666864
5766	-1691.976	-1863.271	171.2951	0.1103764	1.406548	1.443019
5772	-1697.108	-1868.432	171.3243	0.1261403	1.365195	1.440256
5778	-1692.198	-1863.45	171.2518	0.08434095	1.44245	1.468412
5784	-1692.599	-1863.89	171.2914	0.04481705	1.44245	1.468412
5790	-1688.152	-1859.297	171.1445	0.06978844	1.614207	1.430373
5796	-1703.786	-1874.602	170.8165	0.5250813	1.78864	1.18572
5802	-1703.133	-1874.462	171.3284	0.1416918	1.660118	1.18572
5808	-1706.052	-1877.368	171.3165	0.06422532	1.571545	1.333336
5814	-1707.592	-1879.038	171.4457	0.05663907	1.598087	1.211275
5820	-1714.63	-1885.92	171.2898	0.04469391	1.598087	1.349077
5826	-1716.679	-1887.871	171.1914	0.3294577	1.271276	1.458151
5832	-1703.834	-1875.19	171.3563	0.007133952	1.46461	1.430686
5838	-1708.273	-1879.212	170.9386	0.2188134	1.657419	1.440813
5844	-1716.626	-1887.635	171.0095	0.2188134	1.458046	1.537546
5850	-1726.483	-1897.438	170.9551	0.2783869	1.564135	1.453968
5856	-1710.04	-1881.354	171.3137	0.2981331	1.318687	1.350723
5862	-1703.746	-1875.076	171.3306	0.1262927	1.1293	1.610936
5868	-1698.284	-1869.459	171.175	0.1675093	1.346647	1.535523
5874	-1698.431	-1869.764	171.3331	0.007795504	1.420794	1.481227
5880	-1683.874	-1855.32	171.4458	0.008088104	1.576501	1.269891
5886	-1696.932	-1868.169	171.2371	0.0612038	1.668745	1.321487
5892	-1698.618	-1869.658	171.0396	0.2083576	1.856183	1.208119
5898	-1701.634	-1873.041	171.4069	0.06016483	1.740666	1.11717
5904	-1707.017	-1878.196	171.179	0.08694766	1.830094	1.21495
5910	-1703.009	-1874.133	171.1238	0.1469516	1.556583	1.43124
5916	-1706.272	-1877.483	171.2117	0.2781811	1.1544	1.568578
5922	-1712.797	-1883.731	170.9343	0.3344329	1.365984	1.575582
5928	-1711.69	-1882.722	171.0325	0.3116985	1.889577	1.093366
5934	-1699.009	-1869.941	170.932	0.4294021	1.596208	1.329053
5940	-1700.964	-1872.166	171.2022	0.326971	1.428499	1.329053
5946	-1700.75	-1872.037	171.2866	0.07142436	1.470769	1.430122
5952	-1722.62	-1893.725	171.1046	0.1662698	1.589351	1.405824
5958	-1703.093	-1873.979	170.8854	0.4743649	1.51873	1.391596
5964	-1702.925	-1874.06	171.1352	0.1569434	1.589821	1.388903
5970	-1702.378	-1873.585	171.2076	0.09222436	1.56209	1.404576
5976	-1711.848	-1882.836	170.988	0.2214766	1.421449	1.578386
5982	-1704.551	-1875.728	171.1773	0.2214766	1.56203	1.326505
5988	-1697.691	-1868.899	171.2078	0.08905807	1.501928	1.453112
5994	-1707.092	-1878.275	171.1828	0.3077761	1.326486	1.439117
6000	-1702.598	-1873.81	171.2119	0.1290137	1.326486	1.551606
6006	-1708.013	-1879.122	171.1093	0.1496616	1.408368	1.551606
6012	-1716.422	-1887.624	171.2022	0.3764205	1.389856	1.320381
6018	-1711.501	-1882.965	171.4641	0.0396897	1.140538	1.568562
6024	-1706.881	-1878.226	171.3442	0.0345499	1.465685	1.418055
6030	-1692.374	-1863.634	171.2594	0.16206	1.726928	1.169925
6036	-1693.159	-1864.324	171.1654	0.1786661	1.68526	1.270804
6042	-1704.008	-1874.96	170.9517	0.08348776	1.768667	1.449237
6048	-1694.383	-1865.651	171.2683	0.1907062	1.327308	1.462591
6054	-1709.115	-1880.06	170.9456	0.6587622	1.555583	1.159814
6060	-1696.268	-1867.411	171.1426	0.1142954	1.555583	1.442636
6066	-1702.769	-1873.737	170.9683	0.3477634	1.418382	1.501714
6072	-1698.734	-1869.685	170.9509	0.3477634	1.673405	1.317471
6078	-1702.003	-1873.148	171.1444	0.1337367	1.618151	1.377673
6084	-1713.029	-1884.059	171.0298	0.3349165	1.75141	1.197856
6090	-1698.802	-1870.418	171.6162	0.05628437	1.221672	1.379386
6096	-1702.068	-1873.221	171.1535	0.02137621	1.660927	1.42477
6102	-1716.023	-1887.037	171.0137	0.5095975	1.551866	1.232658
6108	-1707.283	-1878.45	171.1674	0.3018328	1.590132	1.245881
6114	-1712.806	-1883.75	170.944	0.1703641	1.906453	1.277776
6120	-1694.504	-1865.776	171.2717	0.2395951	1.625864	1.179674
6126	-1695.41	-1866.731	171.3217	0.1091949	1.597378	1.27167
6132	-1696.048	-1867.312	171.2639	0.1628315	1.597378	1.275119
6138	-1699.951	-1871.1	171.149	0.1970799	1.493186	1.422078
6144	-1703.499	-1874.601	171.1019	0.06522348	1.544282	1.518982
6150	-1705.848	-1876.989	171.1417	0.143703	1.793719	1.229314
6156	-1718.967	-1889.964	170.997	0.3667834	1.522258	1.385768
6162	-1698.891	-1870.152	171.2612	0.0543683	1.816031	1.18452
6168	-1700.283	-1871.497	171.2145	0.157675	1.654181	1.273263
6174	-1702.998	-1874.46	171.4617	0.01968955	1.278719	1.48244
6180	-1699.744	-1871.23	171.4866	0.0003690463	1.353088	1.421491
6186	-1699.479	-1870.748	171.2693	0.02523567	1.392884	1.536763
6192	-1704.512	-1875.633	171.1212	0.1177596	1.086585	1.795525
6198	-1700.18	-1871.546	171.3657	0.02375794	1.330609	1.512512
6204	-1697.461	-1868.692	171.2309	0.05873496	1.498178	1.461479
6210	-1705.041	-1876.342	171.3017	0.0568065	1.446579	1.448294
6216	-1701.843	-1873.134	171.2913	0.1175164	1.448065	1.408434
6222	-1693.42	-1864.619	171.1997	0.1775141	1.509211	1.385425
6228	-1709.054	-1880.117	171.0631	0.3657654	1.294701	1.509844
6234	-1709.698	-1881.042	171.3435	0.1129907	1.329147	1.463102
6240	-1698.197	-1869.221	171.0243	0.3690788	1.505654	1.375518
6246	-1704.846	-1875.662	170.8165	0.4658598	1.664032	1.338045
6252	-1712.737	-1884.086	171.349	0.03331953	1.368807	1.48918
6258	-1700.893	-1872.187	171.2936	0.1200962	1.290409	1.524357
6264	-1700.251	-1871.393	171.1425	0.1503785	1.166943	1.701499
6270	-1693.216	-1864.704	171.488	0.02553156	1.184744	1.52875
6276	-1697.784	-1868.939	171.1556	0.03434526	1.79116	1.310133
6282	-1696.079	-1867.372	171.2924	0.1846499	1.555893	1.267816
6288	-1699.807	-1870.998	171.1908	0.1856714	1.665741	1.260157
6294	-1698.391	-1869.279	170.8874	0.5403392	1.653259	1.227755
6300	-1713.094	-1884.551	171.4569	0.06362864	1.567812	1.221477
6306	-1709.834	-1880.972	171.1383	0.253199	1.690184	1.227187
6312	-1701.675	-1872.688	171.0131	0.3370368	1.717826	1.238654
6318	-1706.398	-1877.73	171.3315	0.1920478	1.229928	1.487398
6324	-1705.766	-1876.938	171.1724	0.1394017	1.475839	1.461547
6330	-1703.431	-1874.753	171.3224	0.05675586	1.414016	1.4574
6336	-1709.341	-1880.316	170.975	0.5223511	1.295773	1.4574
6342	-1704.268	-1875.313	171.0449	0.1071141	1.326384	1.688279
6348	-1692.151	-1863.532	171.3812	0.02347649	1.304559	1.520585
6354	-1701.69	-1873.048	171.3579	0.07251166	1.506329	1.345753
6360	-1708.795	-1879.607	170.812	0.381474	1.474245	1.551339
6366	-1696.751	-1867.87	171.1192	0.1656187	1.614452	1.375368
6372	-1700.256	-1871.509	171.253	0.3069751	1.316035	1.393606
6378	-1698.445	-1869.39	170.9447	0.3439593	1.248697	1.646182
6384	-1701.28	-1872.37	171.0899	0.386836	1.328494	1.448184
6390	-1694.056	-1865.355	171.299	0.02683128	1.5685	1.379241
6396	-1693.043	-1864.168	171.1252	0.3059989	1.608975	1.261835
6402	-1696.306	-1867.811	171.5049	0.02352205	1.623714	1.166628
6408	-1711.024	-1881.795	170.7717	0.6203912	1.778572	1.150339
6414	-1705.268	-1876.081	170.813	0.6203912	1.559654	1.300506
6420	-1696.16	-1867.613	171.4534	0.1080984	1.559654	1.193534
6426	-1695.065	-1866.433	171.3682	0.1384173	1.614541	1.193534
6432	-1697.017	-1867.749	170.7321	0.5951613	1.594231	1.357808
6438	-1695.097	-1866.428	171.3316	0.02862725	1.674764	1.266164
6444	-1697.078	-1868.391	171.3131	0.01995609	1.668654	1.29343
6450	-1692.974	-1864.122	171.1481	0.091967	1.55584	1.455294
6456	-1698.835	-1869.906	171.071	0.1640753	1.71751	1.333105
6462	-1693.767	-1864.858	171.0909	0.2407275	1.631379	1.324787
6468	-1707.31	-1878.462	171.1517	0.341478	1.469742	1.324787
6474	-1716.229	-1887.595	171.3658	0.1385077	1.411099	1.362683
6480	-1706.852	-1877.947	171.0953	0.1406816	1.427181	1.554671
6486	-1711.199	-1881.984	170.7853	0.6973384	1.155452	1.57311
6492	-1712.301	-1882.932	170.6316	0.5426504	1.441949	1.589161
6498	-1709.075	-1880.159	171.084	0.2314515	1.337282	1.562377
6504	-1698.387	-1869.742	171.3548	0.01203763	1.237125	1.598053
6510	-1716.344	-1887.717	171.3726	0.02415236	1.330722	1.506932
6516	-1714.764	-1886.093	171.3293	0.006887526	1.473384	1.444862
6522	-1690.409	-1861.554	171.1446	0.2252171	1.233545	1.598492
6528	-1702.716	-1873.871	171.1553	0.258435	1.1883	1.599431
6534	-1697.105	-1868.229	171.1238	0.1993474	1.385636	1.520871
6540	-1708.913	-1880.153	171.2393	0.1242856	1.63722	1.29418
6546	-1700.193	-1870.789	170.5959	0.5167469	2.011675	1.190776
6552	-1703.859	-1874.995	171.1359	0.1493963	1.676259	1.325878
6558	-1713.6	-1884.843	171.2427	0.2590688	1.448037	1.335303
6564	-1718.462	-1890	171.5377	0.05415182	1.255063	1.416132
6570	-1709.342	-1880.337	170.9954	0.2986927	1.172769	1.696506
6576	-1707.273	-1878.693	171.4195	0.09221366	1.351072	1.403852
6582	-1703.77	-1874.918	171.1482	0.4016526	1.339289	1.383339
6588	-1697.116	-1868.283	171.1664	0.1557479	1.619742	1.341679
6594	-1692.799	-1863.963	171.1645	0.241364	1.6952	1.210753
6600	-1691.481	-1862.719	171.2378	0.110506	1.791479	1.177435
6606	-1692.97	-1863.942	170.9723	0.3779837	1.789418	1.177435
6612	-1691.61	-1862.781	171.1705	0.01351826	1.990405	1.146992
6618	-1698.491	-1869.872	171.3807	0.08156054	1.562048	1.274962
6624	-1704.131	-1875.323	171.1917	0.5341528	1.394429	1.194226
6630	-1703.115	-1874.178	171.063	0.2517287	1.755088	1.237112
6636	-1701.405	-1872.669	171.2642	0.258855	1.535365	1.24671
6642	-1700.778	-1871.961	171.1831	0.3148217	1.52153	1.27896
6648	-1705.107	-1876.645	171.5377	0.04994745	1.27058	1.407426
6654	-1715.444	-1886.431	170.9861	0.2131058	1.339224	1.645423
6660	-1722.796	-1893.836	171.0402	0.255977	1.58791	1.387301
6666	-1702.147	-1873.337	171.1906	0.3527286	1.243548	1.46215
6672	-1699.314	-1870.47	171.1561	0.6342276	1.305319	1.215288
6678	-1705.1	-1876.178	171.078	0.3759332	1.319383	1.472483
6684	-1700.616	-1871.835	171.2189	0.09659038	1.181938	1.674776
6690	-1697.989	-1869.341	171.3513	0.08063091	1.095586	1.653247
6696	-1713.861	-1885.134	171.2733	0.128235	1.156653	1.631192
6702	-1705.035	-1876.321	171.2859	0.2166365	1.205499	1.521447
6708	-1706.746	-1878.16	171.414	0.1693533	1.205499	1.460683
6714	-1716.393	-1887.174	170.7811	0.1700783	1.28286	1.858515
6720	-1712.137	-1882.81	170.6731	0.2781096	1.28286	1.858515
6726	-1707.604	-1878.807	171.2029	0.05231051	1.071966	1.794396
6732	-1710.58	-1881.896	171.3165	0.06340508	1.032979	1.734598
6738	-1698.289	-1869.391	171.1028	0.1242608	1.185764	1.734598
6744	-1716.017	-1887.038	171.0209	0.1528365	1.174231	1.779933
6750	-1701.697	-1872.964	171.2669	0.1707713	1.468995	1.369566
6756	-1708.767	-1880.001	171.2341	0.1074452	1.495078	1.424121
6762	-1694.347	-1865.605	171.2584	0.1247995	1.608297	1.301772
6768	-1693.585	-1864.94	171.3549	0.1978961	1.471304	1.275068
6774	-1711.997	-1883.009	171.0123	0.4087772	1.095112	1.661393
6780	-1714.458	-1885.921	171.4634	0.1201923	1.205298	1.460613
6786	-1706.869	-1878.031	171.1622	0.3394095	1.207433	1.520676
6792	-1712.571	-1883.835	171.2644	0.2562223	1.624933	1.172373
6798	-1705.231	-1876.454	171.2224	0.2802663	1.691204	1.129655
6804	-1709.707	-1881.066	171.3593	0.0483472	1.711495	1.195208
6810	-1714.111	-1885.137	171.0253	0.5126538	1.535587	1.234028
6816	-1701.349	-1872.46	171.1112	0.2701978	1.7574	1.17829
6822	-1711.191	-1881.994	170.8023	0.6127818	1.535822	1.334413
6828	-1711.214	-1882.778	171.5636	0.07599488	1.311342	1.334413
6834	-1700.08	-1871.409	171.3288	0.0812447	1.633834	1.258805
6840	-1703.946	-1875.363	171.4175	0.1435382	1.428781	1.303102
6846	-1704.829	-1875.976	171.1468	0.1982756	1.615535	1.326641
6852	-1708.72	-1879.861	171.1405	0.07152593	1.769301	1.31
6858	-1700.164	-1871.505	171.3416	0.05004561	1.514153	1.370265
6864	-1700.297	-1871.818	171.5213	0.05121915	1.469297	1.260443
6870	-1704.23	-1875.519	171.2896	0.03979036	1.362212	1.533653
6876	-1700.645	-1871.888	171.2427	0.04052675	1.408442	1.533653
6882	-1701.716	-1873.116	171.4003	0.0626753	1.550391	1.283896
6888	-1696.467	-1867.552	171.0858	0.2631999	1.664365	1.283896
6894	-1701.393	-1872.589	171.1965	0.2682538	1.48418	1.336034
6900	-1701.293	-1872.551	171.2577	0.1227796	1.557927	1.344429
6906	-1702.617	-1873.916	171.2983	0.05823676	1.569819	1.354023
6912	-1702.254	-1873.548	171.2936	0.1846034	1.564067	1.260083
6918	-1698.43	-1869.596	171.1657	0.2497666	1.626834	1.260083
6924	-1696.319	-1867.671	171.352	0.02349009	1.652852	1.271648
6930	-1696.71	-1867.748	171.038	0.1489449	1.841345	1.271648
6936	-1705.34	-1876.502	171.1625	0.1216511	1.720256	1.291248
6942	-1700.38	-1871.533	171.1533	0.2335216	1.517672	1.371261
6948	-1701.882	-1872.943	171.0616	0.3251864	1.517672	1.371261
6954	-1706.036	-1877.275	171.2388	0.1682792	1.651584	1.246453
6960	-1709.571	-1880.637	171.0659	0.2062443	1.695886	1.320677
6966	-1703.426	-1874.775	171.349	0.06859503	1.421288	1.42234
6972	-1709.55	-1880.821	171.2718	0.0377835	1.867926	1.144259
6978	-1704.136	-1875.259	171.123	0.359282	1.392881	1.394224
6984	-1700.449	-1871.632	171.1829	0.03605847	1.429383	1.565605
6990	-1704.303	-1875.558	171.2546	0.007546238	1.562373	1.433414
6996	-1712.124	-1883.592	171.4686	0.04923853	1.571792	1.220457
7002	-1712.47	-1883.693	171.2229	0.1456363	1.538043	1.369602
7008	-1724.149	-1895.002	170.8526	0.3372455	1.847684	1.264013
7014	-1713.093	-1884.437	171.3447	0.1694124	1.464146	1.31248
7020	-1711.035	-1882.041	171.0054	0.0843537	1.969145	1.24623
7026	-1701.535	-1872.495	170.9603	0.2470471	1.969145	1.145171
7032	-1707.018	-1878.19	171.1719	0.0891171	1.733486	1.299344
7038	-1704.484	-1875.737	171.2526	0.5099134	1.406075	1.152128
7044	-1710.613	-1881.462	170.8492	0.5175379	1.343766	1.519609
7050	-1720.346	-1891.315	170.9686	0.5421058	1.457839	1.320328
7056	-1704.171	-1875.307	171.1365	0.1611279	1.549431	1.416059
7062	-1703.652	-1874.819	171.1665	0.3065716	1.269047	1.495981
7068	-1714.877	-1886.056	171.1786	0.08139375	1.482104	1.495981
7074	-1716.115	-1887.433	171.3184	0.02876513	1.425069	1.473263
7080	-1710.226	-1881.437	171.2115	0.1919699	1.413307	1.439314
7086	-1705.227	-1876.186	170.9584	0.1919699	1.64019	1.459353
7092	-1702.851	-1874.109	171.258	0.233325	1.371019	1.404183
7098	-1706.982	-1878.215	171.2328	0.04087145	1.58866	1.404183
