Iteration	Posterior	Likelihood	Prior	gain_loss_ratio	tree_length
0	-303.0389	-475.5681	172.5292	0.6144367	1.228787
6	-305.5982	-477.2197	171.6216	0.8003834	1.783664
12	-307.2547	-478.5101	171.2554	0.9544988	1.929961
18	-314.2744	-485.7481	171.4737	1.122593	1.662235
24	-304.8798	-476.7256	171.8458	0.8466468	1.592076
30	-302.5696	-473.7972	171.2276	0.9565021	1.947326
36	-307.8413	-478.9024	171.0611	1.061868	1.988377
42	-305.1146	-476.4634	171.3488	1.061868	1.79272
48	-315.2593	-487.2179	171.9586	0.9267936	1.448791
54	-316.6208	-488.3624	171.7416	0.5625385	1.84706
60	-307.8244	-479.5111	171.6867	0.8573681	1.698824
66	-316.5709	-488.4377	171.8668	0.7425028	1.649792
72	-317.3431	-489.3084	171.9653	0.7731338	1.557021
78	-311.8391	-482.8355	170.9964	0.8917989	2.143074
84	-323.0135	-495.1626	172.1491	0.6824465	1.483305
90	-313.9111	-485.1549	171.2438	0.7882847	2.047343
96	-316.9588	-488.1099	171.1512	1.071194	1.921592
102	-320.5249	-492.1767	171.6518	0.6444441	1.862693
108	-311.6897	-483.9866	172.2968	0.6496691	1.392423
114	-315.5357	-487.4711	171.9354	0.5670128	1.709894
120	-309.4411	-480.6413	171.2002	1.290879	1.738708
126	-322.7891	-494.525	171.7359	0.8997603	1.633682
132	-314.7007	-486.6965	171.9958	0.6976402	1.586754
138	-320.6237	-492.7477	172.124	0.5440113	1.586754
144	-322.6024	-493.227	170.6247	0.9833034	2.323794
150	-313.6544	-484.8037	171.1493	0.6823263	2.174532
156	-313.4247	-485.7791	172.3543	0.7214402	1.294772
162	-309.7017	-481.6167	171.915	0.6865319	1.652505
168	-305.9019	-477.9954	172.0934	0.6426376	1.55118
174	-326.258	-496.9921	170.7342	1.424922	1.969588
180	-311.2442	-482.4374	171.1932	0.7953331	2.076237
186	-309.3468	-480.4138	171.067	0.9233328	2.076237
192	-311.9837	-484.0926	172.1089	0.7743517	1.448519
198	-308.1829	-479.7057	171.5228	1.194695	1.575041
204	-306.2771	-478.2117	171.9346	0.773562	1.579273
210	-308.5443	-480.6666	172.1224	0.6373537	1.533143
216	-307.0612	-479.0767	172.0155	0.883634	1.438148
222	-320.6445	-492.5078	171.8633	0.989916	1.473331
228	-332.2931	-504.5024	172.2093	0.5853761	1.5005
234	-319.3399	-491.2213	171.8814	0.9570621	1.484434
240	-315.995	-487.9015	171.9064	0.6837743	1.660429
246	-310.0731	-481.5529	171.4798	0.6845434	1.955073
252	-308.619	-480.3025	171.6835	0.9322299	1.648103
258	-322.0894	-493.8064	171.717	0.6355588	1.82327
264	-320.8231	-492.0607	171.2376	1.129096	1.82327
270	-307.5302	-479.7825	172.2523	0.7489152	1.355915
276	-321.3736	-493.594	172.2204	0.7489152	1.38106
282	-318.6803	-489.9317	171.2514	1.140535	1.805963
288	-314.0546	-485.3265	171.2719	0.7709126	2.039797
294	-322.975	-495.4126	172.4376	0.3549419	1.40819
300	-324.0358	-496.2602	172.2244	0.7075268	1.40819
306	-319.965	-491.8056	171.8406	0.758807	1.657483
312	-324.127	-495.3603	171.2333	0.9946422	1.917796
318	-324.5527	-495.786	171.2333	0.9946422	1.917796
324	-316.3484	-486.8782	170.5298	1.404494	2.117761
330	-303.0622	-474.5864	171.5242	1.080927	1.655792
336	-313.5655	-484.8314	171.2658	1.080927	1.836859
342	-318.2249	-489.043	170.818	1.027637	2.170921
348	-313.0981	-484.5835	171.4854	1.159841	1.627295
354	-309.3066	-480.8526	171.546	0.7978212	1.837575
360	-309.2684	-481.0322	171.7638	0.8279337	1.66455
366	-305.641	-477.6028	171.9619	0.613684	1.66455
372	-306.9418	-478.9006	171.9589	0.6684717	1.632677
378	-301.2242	-473.8375	172.6133	0.7154875	1.075061
384	-311.2255	-483.3401	172.1146	0.711906	1.488943
390	-334.9592	-505.2475	170.2883	0.9926633	2.529777
396	-327.7959	-498.2947	170.4988	1.551659	2.047062
402	-310.5194	-482.2713	171.7518	0.8030545	1.69036
408	-318.9683	-489.8339	170.8656	0.8094026	2.280035
414	-317.4085	-489.1809	171.7724	0.719053	1.732442
420	-318.1447	-490.4714	172.3267	0.7362997	1.305929
426	-322.8977	-494.0531	171.1553	0.9542474	1.997276
432	-310.3964	-482.3058	171.9094	0.679781	1.660891
438	-322.0454	-494.1829	172.1375	0.7699127	1.429836
444	-317.437	-489.2741	171.8371	0.8885887	1.568106
450	-325.8593	-497.3899	171.5306	1.196399	1.568106
456	-321.9129	-493.6953	171.7824	0.8031289	1.668542
462	-322.3791	-493.814	171.435	1.579168	1.362824
468	-329.9927	-501.0258	171.0331	1.44883	1.749572
474	-320.5343	-491.8969	171.3626	0.9785978	1.840641
480	-320.4959	-491.8325	171.3366	1.00459	1.840641
486	-320.1458	-491.7399	171.5941	0.7430227	1.840641
492	-332.5127	-503.7247	171.212	1.084464	1.871299
498	-326.6492	-497.8613	171.212	1.084464	1.871299
504	-315.7086	-487.6534	171.9449	0.8516107	1.515473
510	-316.0331	-487.4286	171.3955	0.7922338	1.943593
516	-309.6654	-481.3133	171.648	0.7478978	1.800322
522	-319.0406	-490.3572	171.3166	1.083127	1.800322
528	-319.2892	-490.4937	171.2045	1.216451	1.786474
534	-326.9792	-498.809	171.8299	0.7981649	1.637972
540	-330.5839	-502.1175	171.5336	0.8857132	1.786474
546	-321.0759	-492.1617	171.0858	0.9026426	2.07745
552	-315.0455	-486.8633	171.8178	0.6704217	1.73183
558	-310.2662	-481.9443	171.6781	0.7720406	1.763376
564	-312.4826	-483.9641	171.4815	0.9660103	1.767067
570	-307.0798	-479.1844	172.1045	0.6621963	1.530249
576	-310.5987	-482.1558	171.5571	0.9570917	1.720312
582	-310.6015	-482.3482	171.7467	0.6789817	1.776162
588	-311.0032	-482.5179	171.5147	0.9196873	1.776162
594	-320.0038	-491.5565	171.5527	0.604631	1.952681
600	-320.1807	-491.5738	171.3931	0.8943438	1.877248
606	-311.0968	-482.3797	171.2829	0.7528831	2.043954
612	-305.9522	-477.1953	171.2431	0.899372	1.975166
618	-316.6811	-488.1988	171.5177	0.9209279	1.773177
624	-313.5327	-485.0496	171.517	0.690005	1.926702
630	-305.6862	-477.9294	172.2432	0.5730717	1.482215
636	-303.1453	-474.6141	171.4687	1.00611	1.747983
642	-302.3806	-473.715	171.3344	0.8596658	1.94029
648	-310.9221	-481.5998	170.6776	1.686969	1.843296
654	-305.1478	-476.5133	171.3655	0.8647605	1.915885
660	-307.4367	-478.8643	171.4277	0.9334058	1.826909
666	-311.6551	-483.4261	171.771	0.799841	1.678987
672	-306.7493	-478.2981	171.5488	0.8572285	1.795502
678	-313.7378	-485.1055	171.3678	0.8152452	1.947189
684	-324.9734	-495.903	170.9296	0.7651187	2.266422
690	-324.4315	-495.749	171.3175	0.9187793	1.912099
696	-318.9648	-490.3344	171.3696	0.9187793	1.876658
702	-316.352	-487.7015	171.3495	0.9389624	1.876658
708	-327.2063	-498.8091	171.6027	1.10665	1.580405
714	-317.0797	-488.1111	171.0314	0.8910364	2.120699
720	-318.7186	-490.4291	171.7106	0.7612796	1.747867
726	-315.8042	-487.1065	171.3023	0.9479521	1.902642
732	-313.6865	-485.5188	171.8323	0.742658	1.674348
738	-318.3039	-489.9173	171.6134	0.7711542	1.808862
744	-310.6598	-482.0351	171.3753	1.012001	1.808862
750	-306.8138	-478.3996	171.5858	0.7997914	1.808862
756	-319.1432	-490.9464	171.8032	0.9702199	1.533111
762	-311.3457	-483.1691	171.8234	0.7585937	1.669946
768	-322.4131	-493.6759	171.2628	0.7585937	2.053642
774	-317.5523	-489.8309	172.2786	0.7485861	1.335254
780	-310.7018	-482.4845	171.7827	0.7064974	1.733399
786	-312.192	-484.5784	172.3864	0.6882366	1.293589
792	-310.1705	-482.4723	172.3018	0.5444949	1.453974
798	-310.4845	-482.4073	171.9228	0.8353829	1.543701
804	-311.3954	-483.4347	172.0393	0.7057926	1.549294
810	-308.1835	-480.6279	172.4444	0.6745349	1.256077
816	-307.3208	-478.8535	171.5328	0.8806296	1.790577
822	-307.9873	-479.9174	171.9302	0.8133763	1.554178
828	-306.5498	-478.194	171.6442	1.173866	1.500353
834	-309.6727	-481.7873	172.1146	0.7387019	1.470009
840	-311.3441	-483.6477	172.3036	0.5109804	1.470009
846	-311.3245	-483.6831	172.3586	0.6088169	1.371306
852	-312.0308	-482.8856	170.8548	1.453146	1.869955
858	-312.8339	-484.5315	171.6977	0.9651495	1.614164
864	-319.8269	-491.389	171.5621	1.240561	1.512627
870	-316.0336	-486.9805	170.9469	0.9931564	2.109341
876	-320.0126	-490.9529	170.9403	0.8023495	2.236439
882	-318.7593	-489.9	171.1408	0.9263241	2.025493
888	-313.2805	-484.7247	171.4441	0.7076063	1.964851
894	-323.0633	-494.8798	171.8165	0.6378739	1.7528
900	-315.8624	-487.4816	171.6192	0.848049	1.7528
906	-318.2638	-489.9284	171.6646	0.8016336	1.7528
912	-318.3496	-490.0885	171.7389	0.875514	1.64879
918	-315.073	-486.8661	171.7931	0.6556563	1.758346
924	-318.3477	-489.8287	171.481	0.8539019	1.844509
930	-313.751	-486.2593	172.5083	0.4832546	1.323596
936	-318.702	-491.1347	172.4328	0.5342571	1.357992
942	-324.4335	-496.1883	171.7548	0.9346834	1.594792
948	-308.9396	-480.2093	171.2697	0.7735603	2.03957
954	-316.5028	-488.3374	171.8346	0.7735603	1.651669
960	-320.6389	-492.4173	171.7784	0.8313614	1.651669
966	-311.8046	-483.1855	171.3809	0.9074204	1.876706
972	-307.984	-479.0338	171.0499	0.8898425	2.109389
978	-311.3176	-482.7587	171.4411	1.047817	1.73812
984	-313.393	-484.5222	171.1292	0.9652659	2.00733
990	-314.4892	-486.1478	171.6585	0.7234201	1.808956
996	-326.5795	-498.0191	171.4396	0.8324564	1.887193
1002	-322.9844	-494.229	171.2446	0.9991999	1.907028
1008	-321.2011	-492.9329	171.7317	0.7798651	1.720467
1014	-324.2094	-496.0722	171.8628	0.6885833	1.688426
1020	-319.9355	-491.3459	171.4105	0.9830537	1.80458
1026	-327.8523	-499.5429	171.6906	0.8262131	1.717723
1032	-323.5067	-495.382	171.8753	0.6714673	1.69053
1038	-311.9524	-484.0965	172.1441	0.7334212	1.451366
1044	-304.6514	-475.7813	171.1299	0.8740443	2.067073
1050	-307.9023	-479.2474	171.3451	0.8276951	1.95423
1056	-307.74	-479.0456	171.3056	1.155092	1.758254
1062	-313.4622	-485.0463	171.5841	0.875728	1.758254
1068	-299.902	-471.2086	171.3066	0.8690483	1.952763
1074	-310.3785	-482.4121	172.0335	0.7953998	1.490219
1080	-312.8746	-484.2765	171.4019	1.020525	1.784508
1086	-313.0837	-484.3956	171.3118	1.086894	1.801048
1092	-311.6124	-483.0588	171.4465	1.042685	1.737945
1098	-304.3305	-475.5571	171.2267	1.34095	1.685738
1104	-309.2092	-480.7471	171.538	0.8805264	1.787031
1110	-319.4844	-490.0333	170.5489	1.176406	2.249153
1116	-327.7345	-499.4572	171.7228	1.018392	1.556956
1122	-326.3096	-497.811	171.5014	1.114522	1.648121
1128	-307.3711	-478.6743	171.3032	1.316206	1.648121
1134	-310.6961	-481.796	171.1	1.42901	1.715751
1140	-313.8679	-485.68	171.8121	0.6455815	1.75122
1146	-318.057	-489.8348	171.7778	0.9586521	1.560442
1152	-303.2504	-475.19	171.9396	0.8964157	1.486174
1158	-310.5948	-482.3823	171.7875	0.5840674	1.804024
1164	-306.2092	-477.9858	171.7766	0.5912796	1.807562
1170	-302.166	-473.0624	170.8963	0.9156941	2.192655
1176	-307.6864	-479.7012	172.0149	0.8964301	1.428865
1182	-305.2561	-476.2754	171.0193	1.051163	2.023334
1188	-305.4391	-476.6862	171.2471	1.043696	1.875132
1194	-302.6169	-474.0436	171.4267	0.831906	1.896315
1200	-320.6121	-492.2606	171.6485	1.040416	1.595241
1206	-324.0448	-496.1527	172.1079	0.7441064	1.471219
1212	-314.2661	-485.9824	171.7163	0.7441064	1.7553
1218	-311.837	-483.956	172.119	0.871672	1.366899
1224	-316.4171	-488.2718	171.8546	0.871672	1.567564
1230	-303.9809	-476.169	172.1881	0.6203662	1.494861
1236	-309.9841	-481.4327	171.4486	0.9033464	1.833146
1242	-306.1164	-478.4845	172.368	0.5842184	1.379547
1248	-310.7829	-482.3337	171.5509	0.8805062	1.778082
1254	-309.1136	-480.5966	171.483	0.9172134	1.799849
1260	-310.4873	-481.4595	170.9722	0.9824866	2.099727
1266	-314.2845	-485.8774	171.5928	0.9417631	1.705914
1272	-315.8566	-487.4763	171.6198	0.7342555	1.828686
1278	-317.3523	-489.3758	172.0236	0.7190574	1.551803
1284	-313.2224	-485.4098	172.1874	0.6901555	1.448958
1290	-318.7779	-490.4358	171.6579	0.8545867	1.721095
1296	-311.2777	-481.8655	170.5878	1.307419	2.14088
1302	-315.8411	-487.0686	171.2276	1.16177	1.807876
1308	-311.3384	-482.9374	171.599	0.6808481	1.876682
1314	-318.874	-490.1359	171.2619	1.052319	1.859118
1320	-322.9556	-494.4769	171.5214	0.7908032	1.859118
1326	-332.3762	-503.0715	170.6953	1.012772	2.259753
1332	-335.155	-506.2336	171.0786	0.8976251	2.085476
1338	-320.8077	-492.2036	171.396	0.8652868	1.89489
1344	-318.4299	-489.6767	171.2467	0.8520169	2.004053
1350	-320.1062	-491.4771	171.3709	0.7232762	2.004053
1356	-315.7725	-488.1466	172.3741	0.7232762	1.277205
1362	-318.6047	-490.9919	172.3872	0.6706298	1.305871
1368	-321.1203	-493.2676	172.1474	0.6706298	1.492612
1374	-314.0671	-485.6802	171.6131	0.9993662	1.650477
1380	-317.9597	-489.3679	171.4081	1.388624	1.52052
1386	-313.6161	-485.8518	172.2357	0.69422	1.408903
1392	-311.6761	-483.4578	171.7818	1.020883	1.511353
1398	-315.776	-488.3205	172.5444	0.6274952	1.206567
1404	-328.4436	-501.2656	172.822	0.4777669	1.054712
1410	-330.0024	-501.892	171.8896	1.088132	1.377494
1416	-327.5416	-498.7181	171.1765	0.8541516	2.049266
1422	-340.0525	-510.8541	170.8016	1.05438	2.16422
1428	-330.2728	-500.9073	170.6346	1.05438	2.272059
1434	-316.4072	-488.5243	172.1171	0.8308709	1.399882
1440	-310.7483	-482.3579	171.6096	0.8971123	1.72547
1446	-308.2671	-479.5779	171.3108	0.8971123	1.931207
1452	-311.3197	-482.5953	171.2756	0.8608598	1.978943
1458	-308.6133	-480.6554	172.042	0.8499453	1.4433
1464	-319.8341	-491.613	171.7789	1.121737	1.43741
1470	-320.7234	-492.3906	171.6672	1.000863	1.610342
1476	-319.7585	-491.5237	171.7652	0.9062204	1.607862
1482	-315.6472	-487.3679	171.7207	0.9507816	1.607862
1488	-308.001	-479.9365	171.9355	0.880739	1.500899
1494	-316.16	-488.4058	172.2457	0.8780395	1.259444
1500	-314.7661	-486.5822	171.8161	0.6983022	1.715197
1506	-306.7274	-478.488	171.7606	1.104751	1.464227
1512	-317.8225	-489.4021	171.5796	1.238404	1.501164
1518	-316.8144	-487.9671	171.1526	1.11008	1.894349
1524	-315.695	-487.3123	171.6172	0.6315343	1.893846
1530	-318.5578	-489.5143	170.9565	1.307391	1.895764
1536	-315.0332	-486.2776	171.2444	1.089029	1.846036
1542	-319.2255	-490.6782	171.4527	1.084768	1.703935
1548	-322.5112	-492.8566	170.3454	1.37568	2.255177
1554	-304.2603	-476.2318	171.9715	0.8065412	1.528539
1560	-314.6429	-486.0931	171.4502	1.16565	1.648486
1566	-317.0871	-489.2538	172.1666	0.7532527	1.419678
1572	-320.0193	-491.6936	171.6743	0.6924439	1.81784
1578	-308.1173	-480.1665	172.0492	1.004334	1.317103
1584	-322.7161	-494.5524	171.8362	0.7653785	1.656101
1590	-316.6393	-487.7086	171.0692	0.8789272	2.103778
1596	-310.2628	-482.2312	171.9685	0.7571259	1.565952
1602	-319.5167	-490.6139	171.0972	0.8383679	2.111727
1608	-314.2962	-486.067	171.7708	0.8383679	1.652198
1614	-314.8828	-486.1404	171.2576	0.8200447	2.017714
1620	-310.1053	-481.4608	171.3554	0.9407866	1.87138
1626	-328.8483	-500.1765	171.3282	0.5744138	2.117571
1632	-305.8459	-477.5054	171.6596	1.010935	1.60861
1638	-302.0503	-473.6676	171.6173	0.8757202	1.734953
1644	-304.3652	-476.3249	171.9596	0.8757202	1.486539
1650	-301.1702	-473.1298	171.9596	0.8757202	1.486539
1656	-307.3053	-478.6263	171.321	1.085217	1.795833
1662	-308.1236	-479.5356	171.412	0.8500836	1.89415
1668	-307.3382	-479.396	172.0579	0.7361876	1.514447
1674	-315.5025	-487.5523	172.0498	0.7361876	1.520465
1680	-321.5177	-493.2328	171.7151	0.6803478	1.79723
1686	-321.8998	-494.3461	172.4463	0.6053921	1.303512
1692	-320.6104	-492.8182	172.2078	0.5610971	1.515635
1698	-315.1981	-485.9232	170.7251	0.8367811	2.352556
1704	-308.988	-480.5782	171.5902	0.9291556	1.716653
1710	-311.2832	-482.8207	171.5375	0.6817413	1.917868
1716	-306.449	-477.5861	171.1371	1.030713	1.958311
1722	-321.1125	-492.4149	171.3023	1.09707	1.800587
1728	-325.5837	-496.6829	171.0992	0.8856449	2.079714
1734	-323.1693	-494.5176	171.3483	0.8998236	1.904004
1740	-319.9308	-491.6619	171.7312	0.7059715	1.769806
1746	-325.8816	-497.4169	171.5354	0.9081057	1.769806
1752	-332.2498	-503.6579	171.408	1.035565	1.769806
1758	-330.2769	-502.1777	171.9009	0.7154509	1.64356
1764	-327.3735	-498.5732	171.1997	0.9722499	1.955513
1770	-314.1427	-486.2237	172.081	0.8103983	1.44312
1776	-311.4478	-483.051	171.6033	0.9468507	1.694928
1782	-308.6056	-480.4673	171.8617	0.7591595	1.642082
1788	-320.3665	-492.1315	171.765	0.8585923	1.642082
1794	-319.7452	-490.9125	171.1673	1.147174	1.859254
1800	-314.7594	-486.2632	171.5038	0.9600511	1.755631
1806	-308.9534	-479.877	170.9236	1.150253	2.021379
1812	-321.427	-493.299	171.872	0.6980939	1.675709
1818	-325.8852	-498.103	172.2178	0.8523368	1.303182
1824	-325.1963	-496.7656	171.5693	0.8381114	1.794373
1830	-327.1063	-499.1716	172.0653	0.6817583	1.546313
1836	-322.812	-494.1845	171.3725	0.8294221	1.934652
1842	-324.9713	-496.5208	171.5494	0.9685947	1.717624
1848	-317.7383	-489.1075	171.3691	0.9237226	1.87364
1854	-319.0927	-490.6456	171.5529	0.928392	1.743443
1860	-317.5437	-489.8617	172.318	0.6405624	1.38209
1866	-313.3087	-484.6795	171.3708	0.8371606	1.930668
1872	-320.3418	-491.8312	171.4894	1.010279	1.730542
1878	-322.9285	-493.5829	170.6544	0.9952045	2.297227
1884	-325.8384	-497.3706	171.5322	0.8805831	1.790987
1890	-318.4429	-489.852	171.4091	1.027566	1.774655
1896	-339.6101	-512.2091	172.599	0.6860579	1.113206
1902	-322.9412	-494.7737	171.8325	0.6982296	1.703649
1908	-322.6711	-494.3103	171.6391	0.6952107	1.840299
1914	-325.3013	-496.7696	171.4683	0.6952107	1.956253
1920	-342.7909	-514.2685	171.4776	0.7951338	1.886142
1926	-326.2929	-498.3861	172.0932	0.709638	1.506564
1932	-336.2428	-508.0609	171.8181	0.6163072	1.764477
1938	-331.188	-502.8679	171.6799	0.7134019	1.800644
1944	-324.7808	-496.2812	171.5004	0.8572951	1.828897
1950	-314.9457	-486.4431	171.4973	0.8572951	1.830992
1956	-319.4791	-490.8365	171.3574	1.054471	1.791871
1962	-326.7238	-498.4746	171.7509	0.721975	1.745645
1968	-319.1891	-491.0455	171.8564	0.6026479	1.745645
1974	-305.3842	-477.3092	171.925	0.7281126	1.617635
1980	-310.2255	-482.0324	171.8069	0.7281126	1.702146
1986	-318.6706	-490.3281	171.6575	0.8820877	1.702146
1992	-306.9095	-478.3721	171.4626	1.079064	1.701015
1998	-305.6585	-477.4065	171.7481	0.6754959	1.777374
2004	-311.9835	-483.7678	171.7843	1.087193	1.459538
2010	-310.8506	-482.0562	171.2056	1.087193	1.873842
2016	-311.2361	-482.4978	171.2617	1.12369	1.810366
2022	-312.5286	-484.2054	171.6768	0.8123782	1.736968
2028	-320.419	-492.185	171.766	0.7190393	1.736968
2034	-323.8721	-495.4976	171.6255	0.5827927	1.915508
2040	-327.0597	-498.2375	171.1778	1.388776	1.687823
2046	-324.1831	-495.1317	170.9486	0.7159572	2.283996
2052	-326.3323	-497.6596	171.3273	1.283886	1.65339
2058	-322.4256	-493.4775	171.0518	1.034344	2.012873
2064	-329.5852	-501.0109	171.4257	1.034344	1.758371
2070	-321.3779	-493.1804	171.8025	0.6505752	1.75486
2076	-319.8881	-491.2253	171.3372	0.9944495	1.847182
2082	-304.3276	-475.9505	171.6229	0.7479926	1.817572
2088	-307.233	-479.3973	172.1642	0.7175538	1.447337
2094	-308.699	-479.545	170.846	1.08737	2.113778
2100	-319.1987	-491.0403	171.8416	0.5835784	1.766724
2106	-302.8449	-474.2865	171.4416	0.7836089	1.918069
2112	-307.3071	-479.0774	171.7703	0.8703677	1.629858
2118	-323.8245	-495.2689	171.4444	0.8821039	1.850515
2124	-304.0449	-475.7512	171.7063	0.9524928	1.617091
2130	-315.5444	-487.1952	171.6508	0.9202272	1.680018
2136	-313.2431	-484.6853	171.4422	0.8186336	1.894617
2142	-310.2804	-481.9077	171.6273	0.8186336	1.767295
2148	-313.1065	-484.8617	171.7552	0.6548779	1.785157
2154	-326.0164	-498.0347	172.0184	0.8394687	1.469172
2160	-316.9027	-488.7074	171.8047	0.8584809	1.61351
2166	-323.0715	-494.593	171.5215	0.859478	1.812886
2172	-325.8447	-496.9536	171.1089	1.015986	1.987039
2178	-329.6917	-500.4241	170.7324	0.9428579	2.28078
2184	-314.7612	-486.1979	171.4367	0.761657	1.935618
2190	-313.1109	-485.1993	172.0884	0.8429741	1.412915
2196	-300.5093	-472.6832	172.1739	0.6385459	1.493912
2202	-308.2857	-480.2802	171.9946	0.9023546	1.439925
2208	-316.5043	-488.0554	171.5512	1.007845	1.688634
2214	-322.1742	-493.4307	171.2566	0.9323929	1.94405
2220	-308.4555	-480.0305	171.575	0.9182064	1.735054
2226	-306.9001	-478.3204	171.4203	1.073037	1.735054
2232	-317.2567	-489.4526	172.1959	0.5504002	1.530375
2238	-328.8995	-500.0584	171.1588	0.9679835	1.985752
2244	-316.9821	-488.2715	171.2894	0.8480458	1.978148
2250	-313.8515	-485.0771	171.2256	1.154779	1.813999
2256	-314.2287	-485.6619	171.4332	0.9466578	1.813999
2262	-318.9027	-490.4831	171.5804	0.797631	1.813999
2268	-307.8869	-479.8567	171.9698	0.7248502	1.5873
2274	-312.3906	-484.0798	171.6892	1.01062	1.5873
2280	-310.3013	-482.1832	171.8819	0.7484558	1.634868
2286	-308.9764	-480.265	171.2886	0.7885675	2.017437
2292	-324.1813	-495.3545	171.1732	1.296107	1.754056
2298	-315.1408	-486.8222	171.6813	0.897743	1.674195
2304	-318.0549	-489.207	171.1521	0.8764137	2.050842
2310	-310.1782	-482.2664	172.0883	0.6797033	1.530682
2316	-324.1037	-496.1705	172.0668	0.6838696	1.543796
2322	-324.6036	-495.7745	171.1709	1.418061	1.672841
2328	-320.6419	-491.8253	171.1834	0.9171646	2.003237
2334	-320.9225	-492.3635	171.441	0.9301521	1.819951
2340	-329.9621	-501.4185	171.4564	0.9301521	1.809342
2346	-332.9467	-504.9974	172.0506	0.6017148	1.607758
2352	-327.3629	-498.5166	171.1537	1.109368	1.894122
2358	-338.6761	-510.0407	171.3646	1.109368	1.748756
2364	-333.7604	-505.2987	171.5383	0.7835429	1.852347
2370	-334.0332	-505.6812	171.648	0.6596902	1.856138
2376	-320.1164	-491.3576	171.2413	1.418683	1.621887
2382	-326.5533	-498.5977	172.0444	0.5852506	1.621887
2388	-334.5409	-505.547	171.0061	0.9034266	2.129207
2394	-334.8063	-506.3251	171.5188	0.8009126	1.854166
2400	-334.2689	-506.2192	171.9503	0.7407934	1.590565
2406	-330.2903	-501.6286	171.3383	0.9519533	1.875481
2412	-323.1215	-494.351	171.2295	1.389058	1.650746
2418	-316.0535	-488.0797	172.0262	0.8457152	1.458547
2424	-313.0796	-485.3321	172.2525	0.6406585	1.432822
2430	-321.2155	-493.1833	171.9678	0.611168	1.661827
2436	-326.3625	-498.7642	172.4017	0.6633414	1.299344
2442	-317.7692	-489.0124	171.2432	0.8588182	2.001934
2448	-320.7449	-491.8189	171.074	0.9908973	2.026987
2454	-316.0274	-487.4105	171.383	0.9069627	1.875547
2460	-311.9506	-483.4951	171.5444	0.7415614	1.875547
2466	-319.2793	-490.5153	171.236	1.237305	1.75026
2472	-322.4656	-494.0468	171.5812	0.8293372	1.792082
2478	-314.4451	-486.3861	171.941	0.7105621	1.617913
2484	-321.8267	-493.2911	171.4644	0.6514354	1.985179
2490	-321.4139	-492.9693	171.5554	0.5381055	1.985179
2496	-326.4923	-498.1879	171.6956	0.6411347	1.834633
2502	-329.3386	-501.8073	172.4687	0.5806836	1.301512
2508	-322.3249	-494.1914	171.8665	1.042427	1.430883
2514	-326.4055	-498.2926	171.8872	0.7980784	1.596583
2520	-327.7866	-499.5726	171.786	0.8406935	1.639662
2526	-322.9597	-494.7169	171.7572	1.044652	1.511927
2532	-319.2868	-490.0998	170.813	1.044652	2.163129
2538	-320.7947	-492.4831	171.6884	0.729626	1.784238
2544	-326.0538	-497.1167	171.0628	0.9798838	2.041704
2550	-312.2436	-483.0782	170.8346	1.032577	2.156904
2556	-312.3953	-482.9557	170.5604	1.158478	2.253164
2562	-316.4608	-488.3453	171.8845	0.8299538	1.575843
2568	-321.0742	-492.9493	171.8751	0.7784283	1.619128
2574	-316.6677	-488.335	171.6673	0.9886716	1.619128
2580	-313.7297	-485.3302	171.6006	0.9565361	1.689968
2586	-306.5146	-478.1246	171.61	0.8173792	1.780203
2592	-307.5223	-479.0134	171.491	0.9751358	1.754044
2598	-310.6205	-482.0947	171.4743	0.7396816	1.924382
2604	-315.865	-487.7905	171.9255	0.6482692	1.669378
2610	-314.3027	-486.1455	171.8428	0.9707211	1.503199
2616	-311.1295	-482.8333	171.7038	0.8019138	1.725115
2622	-312.4147	-483.8897	171.475	0.7830263	1.895844
2628	-323.8923	-496.0826	172.1903	0.8114791	1.357277
2634	-310.222	-481.4494	171.2274	1.060256	1.877267
2640	-320.5296	-492.3124	171.7828	0.7746568	1.687883
2646	-323.4626	-495.3942	171.9316	0.7227357	1.616505
2652	-327.9459	-499.0268	171.0809	1.086627	1.958564
2658	-319.289	-490.8206	171.5317	0.7633662	1.870111
2664	-314.5485	-485.8423	171.2938	1.118288	1.791875
2670	-319.6795	-491.0963	171.4168	0.9639316	1.813378
2676	-327.0194	-498.7255	171.7061	0.6644064	1.813378
2682	-309.5468	-481.6743	172.1276	0.7652389	1.44092
2688	-312.3703	-483.6205	171.2503	0.8439751	2.006981
2694	-319.691	-491.0324	171.3414	1.099353	1.771892
2700	-314.3896	-485.6379	171.2483	1.099353	1.836314
2706	-320.2703	-491.4875	171.2172	1.151066	1.822352
2712	-321.668	-493.0591	171.3911	0.929195	1.854917
2718	-317.2008	-488.8624	171.6616	0.7919206	1.76148
2724	-315.7836	-487.7505	171.9669	0.9872869	1.39583
2730	-318.8443	-490.1908	171.3465	1.012499	1.828388
2736	-322.2699	-493.3721	171.1022	0.8855765	2.077789
2742	-313.6111	-485.5073	171.8962	0.8855765	1.526695
2748	-311.5547	-482.1727	170.6179	1.134714	2.231318
2754	-320.4752	-491.6776	171.2024	1.062632	1.892667
2760	-308.9825	-480.5015	171.519	0.9272108	1.767913
2766	-307.228	-479.4252	172.1971	0.6480232	1.47015
2772	-314.192	-486.0726	171.8807	0.6432658	1.704383
2778	-328.4509	-498.6916	170.2407	1.150525	2.461094
2784	-316.9436	-488.6509	171.7074	0.6703208	1.808809
2790	-327.1251	-498.7247	171.5996	1.21839	1.500875
2796	-318.5025	-489.9841	171.4815	0.9764781	1.759746
2802	-318.9918	-490.1704	171.1787	0.9857398	1.960596
2808	-316.5556	-488.5906	172.035	0.6929095	1.561186
2814	-311.1416	-482.4938	171.3521	0.9808247	1.846288
2820	-324.4212	-495.7536	171.3324	0.9808247	1.859783
2826	-324.3449	-495.8686	171.5237	0.8694305	1.804553
2832	-316.225	-487.8491	171.6241	0.7664979	1.804553
2838	-319.1484	-490.8237	171.6753	0.7261451	1.795619
2844	-312.9883	-484.5422	171.5539	0.7864252	1.839702
2850	-318.3367	-490.6254	172.2887	0.6435229	1.402941
2856	-320.4693	-491.9264	171.4571	1.124465	1.672741
2862	-321.6785	-492.6362	170.9577	0.9673196	2.119154
2868	-333.9967	-505.0978	171.1011	1.262439	1.826784
2874	-315.5346	-486.7131	171.1785	0.931977	1.996664
2880	-311.8502	-483.0958	171.2456	0.8643686	1.996664
2886	-317.59	-489.0732	171.4832	0.6093488	1.996664
2892	-328.912	-500.8282	171.9162	0.6818382	1.654672
2898	-316.7963	-488.7786	171.9824	0.6067233	1.654002
2904	-321.2681	-493.531	172.2629	0.578295	1.464209
2910	-317.2594	-488.2531	170.9937	0.9749026	2.090589
2916	-311.6039	-483.6586	172.0547	0.8353913	1.444572
2922	-305.9206	-478.4525	172.5318	0.5294099	1.280919
2928	-308.5732	-480.0348	171.4616	1.110994	1.679119
2934	-309.9854	-482.4273	172.4419	0.7176789	1.225063
2940	-314.8879	-487.0157	172.1277	0.4566748	1.622652
2946	-315.5983	-487.7127	172.1144	0.8039517	1.42233
2952	-313.8929	-484.8952	171.0023	0.9731971	2.086079
2958	-311.5445	-483.5173	171.9728	0.6088571	1.659626
2964	-300.5773	-472.5248	171.9475	0.8513108	1.513683
2970	-302.4914	-474.2891	171.7976	1.059353	1.470501
2976	-304.7867	-477.022	172.2353	0.5976611	1.473476
2982	-310.0044	-481.213	171.2086	1.05121	1.89619
2988	-312.6488	-483.5643	170.9155	1.258161	1.955789
2994	-314.2999	-485.2245	170.9245	0.7397375	2.285127
3000	-315.655	-486.681	171.026	1.012903	2.044211
3006	-319.5418	-491.1472	171.6054	0.652866	1.889333
3012	-326.6488	-498.4756	171.8269	0.634215	1.74774
3018	-310.0689	-481.3096	171.2407	1.12085	1.826794
3024	-314.5886	-486.1327	171.544	0.815948	1.826794
3030	-316.1411	-487.2379	171.0967	1.198017	1.873116
3036	-319.1061	-490.5541	171.448	1.198017	1.62704
3042	-309.7185	-481.7657	172.0472	0.6135368	1.603184
3048	-317.2646	-489.823	172.5584	0.5768393	1.229788
3054	-322.8992	-494.5219	171.6227	0.7568015	1.811932
3060	-317.561	-488.2322	170.6711	1.446223	1.998217
3066	-308.8946	-480.3475	171.4528	0.9160515	1.821502
3072	-313.2865	-485.4607	172.1742	0.5615538	1.540375
3078	-300.9393	-472.8479	171.9086	0.8544089	1.540375
3084	-309.3999	-481.2376	171.8377	0.6781005	1.712934
3090	-305.2378	-476.5003	171.2625	0.8127551	2.019207
3096	-307.205	-478.5066	171.3016	0.8957989	1.938256
3102	-312.6306	-484.2385	171.6079	0.9181263	1.711894
3108	-322.7937	-494.6274	171.8338	0.9855796	1.498844
3114	-305.1386	-476.7661	171.6275	0.8750299	1.728284
3120	-313.1281	-484.6949	171.5668	0.8311291	1.800861
3126	-311.1577	-482.732	171.5743	0.8269185	1.798489
3132	-305.7839	-477.5305	171.7466	0.9618417	1.580928
3138	-316.1805	-488.2069	172.0264	0.6726252	1.580928
3144	-315.2429	-486.5175	171.2746	1.110702	1.81039
3150	-313.1258	-483.7298	170.604	0.8579165	2.416006
3156	-313.1007	-484.6969	171.5962	0.8630279	1.758561
3162	-328.6748	-499.7272	171.0524	1.077032	1.984046
3168	-330.4805	-502.386	171.9055	0.7854586	1.59211
3174	-332.6525	-504.2519	171.5994	0.6829568	1.875087
3180	-323.0421	-493.8195	170.7774	1.114671	2.140816
3186	-327.7612	-498.3627	170.6016	1.007501	2.323077
3192	-325.6267	-497.2779	171.6512	0.8531188	1.726819
3198	-325.0703	-496.2543	171.184	0.9372387	1.989463
3204	-314.2029	-486.1242	171.9213	0.5297347	1.738925
3210	-318.0731	-489.271	171.1979	0.968168	1.959456
3216	-312.5509	-483.8277	171.2768	0.968168	1.906238
3222	-321.1831	-491.7986	170.6154	0.8786228	2.395832
3228	-325.9058	-497.9897	172.0839	0.9157997	1.360033
3234	-320.0533	-492.3076	172.2543	0.6477636	1.426661
3240	-316.5751	-488.8343	172.2592	0.6477636	1.422884
3246	-303.0319	-475.0833	172.0514	0.6477636	1.5788
3252	-311.8274	-483.5902	171.7628	0.7130082	1.743148
3258	-327.1444	-499.0193	171.8749	0.5840754	1.743148
3264	-312.7217	-483.9733	171.2516	1.05909	1.861528
3270	-311.4682	-483.1242	171.6559	1.080035	1.560829
3276	-313.6086	-485.883	172.2744	0.5883356	1.44945
3282	-306.5817	-478.2902	171.7085	0.7857385	1.732856
3288	-311.4238	-482.744	171.3202	0.947845	1.890603
3294	-303.6562	-475.0835	171.4273	0.8398983	1.890603
3300	-310.3519	-482.1892	171.8373	0.6823628	1.710498
3306	-314.6363	-486.42	171.7837	0.7401913	1.710498
3312	-318.5384	-489.6774	171.1389	0.8187696	2.096914
3318	-322.2375	-494.3645	172.127	0.6459145	1.524186
3324	-326.2018	-498.3041	172.1023	0.8595803	1.389356
3330	-327.7701	-499.2126	171.4425	0.8595803	1.867061
3336	-333.854	-505.653	171.799	0.9593971	1.544243
3342	-317.3921	-488.4358	171.0437	0.9026109	2.105137
3348	-316.0567	-487.4935	171.4368	0.9026109	1.841735
3354	-322.0595	-494.4128	172.3534	0.6170205	1.370061
3360	-305.3925	-477.1214	171.7289	0.56904	1.852365
3366	-312.1342	-483.5596	171.4254	0.9863582	1.791933
3372	-314.0065	-484.8297	170.8231	1.041876	2.158337
3378	-314.8344	-486.3001	171.4657	0.7717854	1.909466
3384	-308.3068	-479.4475	171.1407	1.099632	1.909466
3390	-312.6996	-484.8271	172.1275	0.6744513	1.504943
3396	-315.0927	-486.6169	171.5242	0.9924131	1.718639
3402	-307.7704	-479.2209	171.4505	1.066134	1.718639
3408	-311.0304	-483.0654	172.035	0.8637619	1.438242
3414	-308.676	-480.1985	171.5225	1.023704	1.697737
3420	-314.962	-486.8409	171.8788	0.5618744	1.752396
3426	-305.8704	-477.3084	171.438	0.8117623	1.902004
3432	-308.1924	-479.5411	171.3486	0.8438969	1.941149
3438	-308.5795	-481.0153	172.4358	0.4788752	1.383054
3444	-299.2783	-470.951	171.6727	0.7620333	1.773788
3450	-299.9516	-471.4797	171.5281	0.9096574	1.773788
3456	-304.2849	-475.6663	171.3814	0.9096574	1.874859
3462	-306.4439	-477.6066	171.1627	1.343518	1.729198
3468	-311.3035	-482.4329	171.1294	0.8720438	2.068708
3474	-304.191	-476.085	171.894	0.6431594	1.69498
3480	-308.9043	-480.8596	171.9554	0.6863762	1.623545
3486	-314.9986	-487.1626	172.164	0.7622796	1.415056
3492	-303.9141	-476.1668	172.2528	0.6665613	1.415056
3498	-306.9248	-478.4347	171.5099	0.8709443	1.813035
3504	-308.0708	-479.9944	171.9236	0.8084076	1.562609
3510	-307.1428	-478.8307	171.6879	1.010219	1.588497
3516	-315.214	-486.8208	171.6068	0.8424363	1.765311
3522	-315.9512	-487.0237	171.0725	0.9882748	2.029758
3528	-325.676	-496.6872	171.0112	1.265776	1.886109
3534	-312.4115	-484.2111	171.7997	0.7703246	1.678847
3540	-313.7226	-485.2645	171.5419	1.186688	1.566843
3546	-316.8814	-488.2968	171.4155	1.192788	1.654162
3552	-316.1328	-487.386	171.2533	1.092674	1.837459
3558	-311.7322	-482.627	170.8948	0.9582659	2.166093
3564	-320.0295	-491.631	171.6015	0.9021477	1.727614
3570	-312.7955	-484.3259	171.5305	1.098146	1.638971
3576	-313.2272	-485.061	171.8338	0.7926754	1.638971
3582	-328.8573	-499.9641	171.1068	1.089145	1.939457
3588	-325.5919	-497.6062	172.0143	0.7427458	1.542209
3594	-323.5116	-495.231	171.7194	0.7442528	1.753046
3600	-321.4226	-492.6086	171.186	0.9057483	2.009038
3606	-318.107	-489.5919	171.4849	0.9057483	1.806438
3612	-321.8562	-493.4395	171.5833	0.8548728	1.773132
3618	-318.7249	-489.863	171.1381	1.012946	1.969543
3624	-315.2051	-486.4367	171.2316	1.142917	1.817969
3630	-312.0548	-482.9424	170.8876	1.003815	2.141129
3636	-312.6416	-483.8954	171.2538	1.003815	1.897681
3642	-311.6913	-483.6458	171.9545	0.782434	1.558352
3648	-318.3659	-490.109	171.7431	0.782434	1.710693
3654	-319.6373	-490.7557	171.1185	1.745804	1.49014
3660	-313.4702	-484.9594	171.4893	0.9998941	1.737953
3666	-321.3434	-492.9273	171.584	0.9268383	1.722662
3672	-322.4164	-493.9005	171.4841	0.8849615	1.821257
3678	-323.2444	-494.6088	171.3644	0.6410485	2.057631
3684	-315.8801	-487.6044	171.7243	0.7474055	1.747498
3690	-311.7227	-483.3147	171.592	0.6828803	1.880208
3696	-310.7671	-482.5866	171.8196	0.8020712	1.642675
3702	-323.4943	-495.0348	171.5405	0.8020712	1.838508
3708	-326.4989	-497.5238	171.0249	1.32331	1.838508
3714	-307.9766	-479.7894	171.8128	0.91709	1.565203
3720	-313.6114	-485.098	171.4866	0.9072554	1.804245
3726	-313.4477	-484.5673	171.1196	0.9781284	2.005176
3732	-319.406	-491.0251	171.6191	1.163419	1.526808
3738	-313.0152	-484.6581	171.643	1.030959	1.606118
3744	-310.5571	-482.1287	171.5716	1.102521	1.606118
3750	-307.9661	-479.3987	171.4326	0.9601861	1.805085
3756	-307.451	-478.654	171.203	0.9601861	1.961395
3762	-302.3423	-473.658	171.3157	1.041875	1.829395
3768	-313.3188	-484.4731	171.1542	0.9675718	1.989123
3774	-312.0646	-483.9268	171.8621	1.011449	1.457883
3780	-307.1502	-479.3913	172.2411	0.6929469	1.405591
3786	-302.0156	-474.1278	172.1122	0.8041995	1.423828
3792	-316.5236	-488.9819	172.4582	0.5480478	1.329864
3798	-315.1008	-487.1468	172.0459	1.130227	1.216082
3804	-301.612	-473.1329	171.5209	0.7095905	1.911846
3810	-308.1804	-479.415	171.2345	1.39907	1.640217
3816	-309.613	-480.3702	170.7573	1.489568	1.912917
3822	-314.1216	-485.2608	171.1392	0.868458	2.064559
3828	-305.6741	-477.4377	171.7636	1.070598	1.487757
3834	-308.5514	-480.8132	172.2618	0.6896978	1.391805
3840	-303.5148	-474.771	171.2562	0.8799996	1.979282
3846	-309.5598	-481.1372	171.5774	0.8799996	1.759933
3852	-316.2824	-487.5792	171.2968	0.6966555	2.069491
3858	-305.5666	-477.959	172.3924	0.5709506	1.368583
3864	-324.529	-496.9192	172.3902	0.6353235	1.328474
3870	-333.8269	-505.6779	171.851	0.5225416	1.791354
3876	-328.558	-500.1303	171.5723	0.6190175	1.931482
3882	-307.8753	-479.0168	171.1414	1.112171	1.900538
3888	-311.9855	-483.1915	171.2059	1.360508	1.687074
3894	-314.5246	-486.1295	171.6048	1.067456	1.607332
3900	-316.6248	-487.8774	171.2527	1.147934	1.799974
3906	-317.65	-488.8743	171.2243	1.176611	1.799974
3912	-311.0725	-482.2527	171.1802	1.176611	1.830407
3918	-299.1137	-470.5805	171.4667	0.8890749	1.830407
3924	-322.098	-493.7629	171.6649	1.008639	1.606367
3930	-313.8404	-484.6705	170.83	0.9661916	2.202949
3936	-313.1036	-484.4353	171.3317	0.9661916	1.870285
3942	-308.2225	-480.0844	171.8619	0.9661916	1.492251
3948	-319.0687	-490.3132	171.2446	1.402884	1.630381
3954	-315.5127	-486.6732	171.1605	0.6927587	2.161075
3960	-308.2393	-480.0761	171.8368	0.6233481	1.747299
3966	-312.7	-484.0645	171.3645	1.048284	1.791268
3972	-312.0909	-483.9792	171.8883	0.841573	1.564662
3978	-322.3379	-494.1669	171.829	0.901487	1.564662
3984	-312.0671	-484.156	172.089	0.698643	1.517325
3990	-306.4742	-478.0433	171.5691	0.8097486	1.813656
3996	-303.6786	-475.7132	172.0346	0.7197223	1.543169
4002	-310.7007	-482.4656	171.7648	0.9330939	1.588631
4008	-309.6788	-481.7141	172.0353	0.6507622	1.588631
4014	-315.4912	-486.515	171.0238	1.186852	1.930076
4020	-315.1167	-487.0236	171.9069	0.801187	1.579972
4026	-316.7119	-488.2239	171.512	0.9995702	1.722161
4032	-311.732	-483.6437	171.9117	0.8857301	1.515028
4038	-317.6727	-489.5835	171.9108	0.8866631	1.515028
4044	-309.9303	-481.7141	171.7838	0.8465564	1.637077
4050	-309.1911	-481.925	172.7339	0.5819582	1.070829
4056	-314.0057	-485.8392	171.8335	0.9409593	1.532314
4062	-318.6494	-490.5722	171.9228	0.8096013	1.562283
4068	-308.2712	-480.1539	171.8827	0.8096013	1.591664
4074	-304.8999	-476.3436	171.4437	0.789073	1.913123
4080	-319.0224	-490.0789	171.0565	1.266651	1.85457
4086	-321.5915	-492.6566	171.0651	0.9685799	2.047674
4092	-329.51	-501.7792	172.2692	0.9009425	1.220737
4098	-315.9379	-487.8264	171.8885	0.9292603	1.499995
4104	-317.5075	-489.1557	171.6482	1.13961	1.52269
4110	-316.7013	-487.6927	170.9913	1.243841	1.914125
4116	-306.8136	-478.7799	171.9663	0.6779009	1.621226
4122	-306.4343	-477.6241	171.1898	1.178637	1.822442
4128	-311.9231	-482.7519	170.8288	1.389445	1.928666
4134	-311.3835	-482.8067	171.4233	0.9600349	1.811625
4140	-308.7528	-479.6873	170.9345	0.8443782	2.213657
4146	-307.665	-479.9345	172.2695	0.583769	1.455949
4152	-314.3293	-485.6885	171.3592	0.825339	1.946324
4158	-300.2383	-472.0092	171.7709	0.7818758	1.691371
4164	-312.4051	-484.1332	171.7281	0.8208504	1.694903
4170	-305.6035	-477.8301	172.2267	0.6905234	1.418515
4176	-317.1629	-488.7927	171.6297	0.720172	1.83092
4182	-309.2537	-480.6847	171.431	0.8313012	1.893798
4188	-312.4269	-484.449	172.0221	0.8313012	1.472406
4194	-306.1693	-478.162	171.9927	0.750732	1.55255
4200	-311.5265	-483.5168	171.9903	1.057402	1.321858
4206	-318.0155	-489.91	171.8946	0.6845816	1.668396
4212	-310.0092	-482.2514	172.2421	0.6892733	1.407432
4218	-303.4263	-475.391	171.9647	0.7265976	1.589791
4224	-297.2325	-468.4242	171.1917	1.047533	1.910145
4230	-309.0179	-480.9825	171.9646	0.8885921	1.473149
4236	-303.8773	-475.6156	171.7383	1.009016	1.55244
4242	-318.6355	-490.4104	171.7749	1.213787	1.369814
4248	-305.686	-477.6796	171.9936	0.7470032	1.554518
4254	-302.4876	-474.4963	172.0087	0.7310337	1.554518
4260	-305.0542	-476.9429	171.8887	0.9737041	1.466336
4266	-312.3359	-484.7279	172.392	0.5535031	1.379242
4272	-319.3144	-490.4483	171.1339	1.033653	1.958511
4278	-315.6055	-487.0683	171.4628	0.6859777	1.9656
4284	-309.3515	-480.3369	170.9854	0.9735723	2.096936
4290	-314.7039	-486.8881	172.1842	0.6960569	1.447207
4296	-321.2448	-492.9569	171.7122	0.8880726	1.65904
4302	-320.0482	-491.827	171.7788	0.7914666	1.679161
4308	-330.2608	-501.107	170.8462	1.198764	2.040902
4314	-318.7369	-489.9279	171.1909	1.064943	1.898894
4320	-317.0058	-488.5865	171.5807	0.8895331	1.751032
4326	-328.4207	-499.9726	171.5519	0.8895331	1.771108
4332	-326.8112	-497.7686	170.9573	0.8895331	2.169956
4338	-329.6281	-500.8476	171.2195	0.9264731	1.972914
4344	-323.007	-495.2341	172.2271	0.7469738	1.377237
4350	-307.7878	-479.4445	171.6567	0.7322539	1.804487
4356	-316.4093	-488.0724	171.6631	0.793429	1.75943
4362	-309.5558	-480.5177	170.962	1.267167	1.918575
4368	-307.3993	-478.9819	171.5826	1.016513	1.660067
4374	-307.1537	-478.9638	171.8101	0.7868209	1.660067
4380	-299.9318	-471.6548	171.7231	0.8756387	1.660067
4386	-301.8857	-473.7374	171.8517	0.7433367	1.660067
4392	-313.2305	-485.0192	171.7887	0.8084221	1.660381
4398	-319.0389	-491.3202	172.2814	0.7953829	1.296813
4404	-316.5133	-489.1244	172.6111	0.5246015	1.217538
4410	-320.8873	-493.4735	172.5862	0.5595002	1.217538
4416	-308.7197	-480.3995	171.6798	0.5553757	1.892906
4422	-316.5087	-487.3689	170.8601	0.8440364	2.261778
4428	-321.5597	-492.4651	170.9055	0.884091	2.207086
4434	-318.4477	-489.722	171.2743	0.7780341	2.033721
4440	-314.853	-486.3406	171.4876	0.7970141	1.878066
4446	-308.6385	-480.2934	171.6549	0.8033047	1.758479
4452	-306.5424	-478.1211	171.5787	0.9654242	1.699171
4458	-330.2251	-502.0472	171.8221	0.8115056	1.634216
4464	-329.439	-501.1443	171.7053	0.9502225	1.61946
4470	-332.4258	-503.5201	171.0943	0.9502225	2.040502
4476	-325.2224	-496.2782	171.0558	1.112197	1.95829
4482	-316.9821	-487.7826	170.8005	1.318667	1.993408
4488	-314.94	-486.032	171.092	0.8782152	2.089317
4494	-317.7376	-489.9923	172.2547	0.662054	1.416663
4500	-318.07	-489.4528	171.3827	1.064681	1.767184
4506	-319.415	-490.1277	170.7127	0.8538338	2.349723
4512	-318.7835	-489.791	171.0075	1.091978	2.004092
4518	-309.2645	-480.6858	171.4212	1.00715	1.780406
4524	-306.1864	-477.9334	171.7469	0.8994444	1.62592
4530	-313.0274	-484.5111	171.4838	1.022571	1.725859
4536	-313.7349	-485.4634	171.7286	0.7751819	1.725859
4542	-318.0694	-489.4954	171.426	0.991727	1.787777
4548	-322.9232	-494.5884	171.6651	0.7117985	1.811862
4554	-322.0111	-494.2438	172.2326	0.5346934	1.511438
4560	-327.7264	-499.959	172.2326	0.5346934	1.511438
4566	-320.8844	-492.2638	171.3794	0.752855	1.979738
4572	-323.9358	-496.0447	172.1089	0.752855	1.464141
4578	-316.247	-487.8386	171.5916	0.9238593	1.719408
4584	-317.3796	-489.2979	171.9183	0.7830758	1.584455
4590	-317.6747	-488.6586	170.9839	1.061068	2.040224
4596	-316.652	-488.4819	171.8299	0.9003893	1.56479
4602	-303.657	-475.2803	171.6233	1.017654	1.629964
4608	-305.6633	-477.2694	171.6061	0.9821322	1.667814
4614	-310.7619	-482.4026	171.6408	0.7374451	1.812135
4620	-305.9272	-478.0088	172.0816	0.7413768	1.492972
4626	-316.3853	-488.8216	172.4363	0.7995044	1.162828
4632	-306.8155	-477.7234	170.9079	0.9650882	2.153125
4638	-303.3336	-475.1711	171.8375	0.7662781	1.654551
4644	-306.7559	-478.2243	171.4684	1.389849	1.474429
4650	-316.7707	-487.9895	171.2188	0.9633958	1.948603
4656	-316.6162	-487.3499	170.7337	1.183202	2.125036
4662	-324.3908	-496.1548	171.764	0.8051317	1.680312
4668	-312.0737	-483.8655	171.7918	0.7864959	1.673355
4674	-318.5684	-490.2874	171.719	0.6462945	1.815431
4680	-312.0691	-484.513	172.4439	0.6257895	1.291615
4686	-315.5704	-487.6449	172.0745	0.8477347	1.420071
4692	-309.6365	-481.5294	171.8929	1.030023	1.420071
4698	-318.0409	-489.9491	171.9082	0.8258469	1.561403
4704	-315.9797	-487.1657	171.1859	1.164106	1.834968
4710	-315.1683	-486.4122	171.244	1.164106	1.794922
4716	-315.1532	-486.6048	171.4516	0.9558128	1.794922
4722	-307.1451	-478.7371	171.592	0.8141191	1.794922
4728	-304.5736	-475.9492	171.3756	0.8462547	1.921377
4734	-309.006	-480.8456	171.8396	0.9637126	1.510812
4740	-331.1252	-502.6796	171.5544	1.015498	1.680885
4746	-332.6882	-503.9681	171.2799	0.6984228	2.079558
4752	-325.1542	-497.592	172.4378	0.5940198	1.317924
4758	-338.5919	-510.1154	171.5235	0.6725262	1.932968
4764	-319.2707	-491.3003	172.0295	0.6422773	1.5982
4770	-311.2939	-482.5049	171.2111	0.9986321	1.930104
4776	-328.9493	-500.3655	171.4162	1.457632	1.465128
4782	-328.5467	-500.4495	171.9028	0.8565933	1.543057
4788	-323.0529	-494.6796	171.6267	0.7934028	1.784812
4794	-315.3942	-486.9157	171.5215	0.9003356	1.784812
4800	-319.2607	-490.7507	171.49	0.9319448	1.784812
4806	-311.941	-483.6927	171.7517	0.9090109	1.615591
4812	-306.2544	-478.0588	171.8044	0.8604974	1.612269
4818	-309.3206	-481.311	171.9903	0.6772789	1.604185
4824	-307.0232	-479.1792	172.156	0.8497676	1.354744
4830	-312.5622	-484.3062	171.744	0.9063962	1.623035
4836	-319.7991	-491.7257	171.9266	0.8296799	1.545042
4842	-315.3248	-486.2789	170.9541	1.170265	1.987879
4848	-321.5872	-492.4454	170.8583	0.7777457	2.30432
4854	-327.4415	-499.2421	171.8007	0.7591703	1.685729
4860	-328.8802	-500.7547	171.8745	0.8219512	1.588864
4866	-314.4323	-486.0798	171.6475	0.8645034	1.721545
4872	-311.7424	-483.2428	171.5004	0.8235969	1.851648
4878	-316.7674	-488.8132	172.0457	0.6376825	1.589303
4884	-316.6032	-488.6466	172.0433	0.6404566	1.589303
4890	-331.8332	-503.4652	171.632	0.6583564	1.867886
4896	-317.2325	-489.2586	172.0261	0.6583564	1.590451
4902	-320.4719	-491.9482	171.4763	1.071752	1.69642
4908	-316.6398	-487.8265	171.1867	1.049341	1.912332
4914	-315.5703	-486.3659	170.7957	1.145935	2.108611
4920	-313.2102	-484.7492	171.539	1.031694	1.680354
4926	-330.6289	-502.9918	172.3629	0.9192113	1.123148
4932	-317.0204	-489.0076	171.9872	0.9287973	1.425334
4938	-306.9653	-478.1826	171.2173	1.040205	1.897765
4944	-318.8859	-490.8351	171.9492	0.8403706	1.520457
4950	-309.6982	-481.5991	171.9009	1.05998	1.390648
4956	-319.0764	-490.8892	171.8128	0.7540659	1.680529
4962	-315.5781	-486.6773	171.0992	0.7703143	2.153584
4968	-319.616	-490.6344	171.0184	1.187245	1.93345
4974	-307.8912	-479.4881	171.597	0.8794357	1.746657
4980	-300.2654	-471.9831	171.7177	0.8794357	1.661197
4986	-311.2158	-482.9884	171.7725	0.7067639	1.740365
4992	-313.4718	-485.2823	171.8105	0.836104	1.625263
4998	-319.5013	-490.8748	171.3736	1.113044	1.739863
5004	-309.3025	-480.3604	171.0578	1.213322	1.889349
5010	-310.0343	-481.8759	171.8415	0.8656627	1.581518
5016	-327.6537	-499.3777	171.724	0.8294278	1.691849
5022	-311.1178	-482.6655	171.5477	0.9060831	1.762583
5028	-316.7415	-488.9687	172.2272	0.7725466	1.357945
5034	-320.1405	-491.643	171.5025	1.079816	1.672075
5040	-328.7816	-499.1805	170.3989	1.309185	2.261969
5046	-330.5772	-502.0298	171.4526	1.182178	1.63502
5052	-321.0973	-493.3154	172.2181	0.5903321	1.490901
5058	-318.4838	-490.5299	172.0461	0.7060865	1.544076
5064	-323.9878	-494.9485	170.9607	0.7328844	2.266115
5070	-318.3846	-490.1121	171.7274	0.9567486	1.598653
5076	-319.9651	-490.9591	170.994	0.8345386	2.181412
5082	-320.7667	-491.2659	170.4992	1.175234	2.281781
5088	-312.9559	-484.9777	172.0218	0.7082658	1.560472
5094	-324.5872	-496.394	171.8068	0.871661	1.602525
5100	-314.5011	-486.8301	172.329	0.5801138	1.412495
5106	-316.5859	-488.1688	171.5829	0.8473279	1.778597
5112	-309.8999	-481.3044	171.4045	1.02644	1.778597
5118	-306.4901	-477.3302	170.8402	1.133554	2.087464
5124	-305.7819	-477.7096	171.9277	0.7122236	1.626398
5130	-311.4325	-482.7339	171.3014	0.9826517	1.879696
5136	-315.937	-487.2406	171.3036	0.9826517	1.878196
5142	-303.7423	-475.4177	171.6754	0.9826517	1.61762
5148	-309.7041	-481.1104	171.4063	0.8405034	1.904435
5154	-315.0203	-487.1465	172.1262	0.6352153	1.531633
5160	-306.5904	-478.2001	171.6097	1.05235	1.614758
5166	-308.4422	-479.5167	171.0745	1.05235	1.985759
5172	-316.7591	-487.4759	170.7169	1.613491	1.862206
5178	-307.8007	-478.9772	171.1765	1.033483	1.929936
5184	-327.8621	-498.6816	170.8195	1.364124	1.951319
5190	-317.2177	-487.9166	170.6989	1.279976	2.085587
5196	-322.7786	-494.9955	172.2169	0.5788652	1.498611
5202	-319.0868	-491.242	172.1552	0.6528464	1.498611
5208	-321.1076	-493.3595	172.2519	0.6358526	1.436416
5214	-327.1502	-499.2975	172.1474	0.8027768	1.397664
5220	-327.9295	-500.1356	172.206	0.5899376	1.500195
5226	-325.4409	-497.4088	171.9678	0.8489989	1.500195
5232	-329.8896	-501.4741	171.5845	0.9566694	1.701232
5238	-323.4792	-495.3279	171.8488	0.9216923	1.535251
5244	-332.3073	-504.2546	171.9474	0.8219875	1.535251
5250	-321.0581	-492.8491	171.791	0.8323326	1.641991
5256	-329.2866	-501.3254	172.0388	0.7582571	1.513078
5262	-326.0816	-497.6116	171.53	0.9353511	1.754619
5268	-335.6326	-506.9358	171.3032	1.226066	1.710735
5274	-330.7876	-502.6427	171.8551	0.7575335	1.647955
5280	-322.794	-494.6324	171.8383	0.7199531	1.685252
5286	-315.457	-486.9597	171.5027	0.7049752	1.927051
5292	-316.3264	-487.9048	171.5784	1.040968	1.645547
5298	-311.4292	-483.3189	171.8896	0.8619571	1.548882
5304	-313.8392	-485.6049	171.7657	0.8318094	1.660497
5310	-319.1508	-491.2659	172.115	0.8128426	1.415156
5316	-328.8275	-500.4635	171.636	0.8693673	1.726235
5322	-321.1212	-492.7647	171.6435	0.975782	1.64558
5328	-313.4656	-484.4698	171.0042	1.016931	2.055982
5334	-312.2075	-484.189	171.9814	0.6490753	1.628761
5340	-314.73	-486.6367	171.9067	0.6437638	1.685601
5346	-322.4162	-494.1457	171.7295	0.6267754	1.819815
5352	-329.2528	-499.9293	170.6765	1.470905	1.979087
5358	-317.4328	-488.7784	171.3456	1.0586	1.797192
5364	-311.6941	-483.7183	172.0242	0.7470576	1.531864
5370	-331.3119	-503.4406	172.1287	0.749035	1.451814
5376	-324.216	-495.8503	171.6342	0.9109524	1.698346
5382	-332.8808	-503.3803	170.4994	1.08233	2.340523
5388	-322.8477	-494.5053	171.6576	1.068837	1.567852
5394	-333.0765	-503.9262	170.8497	1.408619	1.902146
5400	-321.2866	-491.6445	170.3579	1.371054	2.250024
5406	-320.3068	-490.7909	170.4841	0.9929406	2.406803
5412	-308.5307	-480.2049	171.6741	0.9929406	1.611088
5418	-314.4894	-486.0213	171.532	1.135469	1.611088
5424	-308.0735	-479.9957	171.9222	0.7407376	1.611088
5430	-310.7267	-482.0023	171.2757	1.347202	1.64643
5436	-313.1747	-484.8644	171.6897	0.7829262	1.747953
5442	-321.6801	-492.4075	170.7274	1.229838	2.099074
5448	-311.9494	-482.9087	170.9593	1.229838	1.945007
5454	-320.1984	-491.2985	171.1001	1.085163	1.946647
5460	-321.7371	-493.9008	172.1637	0.7257508	1.441909
5466	-309.0849	-481.1251	172.0402	0.720444	1.538589
5472	-310.8807	-482.6122	171.7315	1.132865	1.465094
5478	-312.1341	-484.262	172.1278	0.6817441	1.499764
5484	-307.5125	-479.6703	172.1578	0.6480888	1.499764
5490	-305.8125	-477.6095	171.797	0.731906	1.706606
5496	-304.6658	-476.349	171.6832	0.7736425	1.758753
5502	-308.8137	-481.0112	172.1975	0.5691004	1.518817
5508	-312.0669	-483.9239	171.857	0.672181	1.703071
5514	-308.8146	-480.4688	171.6542	0.8841505	1.703071
5520	-317.301	-489.0772	171.7762	0.701982	1.740881
5526	-313.5233	-484.5717	171.0484	1.068341	1.992506
5532	-308.9226	-479.8447	170.9222	0.8316152	2.229706
5538	-312.222	-483.3636	171.1417	0.9240146	2.026418
5544	-327.7079	-499.4469	171.739	0.8754516	1.648742
5550	-316.2901	-487.8906	171.6005	0.8754516	1.746916
5556	-309.5023	-481.4372	171.935	0.9504424	1.448824
5562	-321.2458	-492.0291	170.7832	0.7871442	2.346323
5568	-313.3608	-485.068	171.7072	0.7871442	1.732791
5574	-311.0851	-483.0563	171.9713	0.7871442	1.542626
5580	-325.2937	-496.0204	170.7267	1.501866	1.925801
5586	-315.6178	-487.306	171.6881	0.9863493	1.60571
5592	-318.6615	-490.1011	171.4397	1.172738	1.651028
5598	-320.5414	-492.9978	172.4564	0.6133596	1.289963
5604	-317.9106	-489.6416	171.731	0.9333496	1.61304
5610	-318.5696	-490.4142	171.8446	0.8185417	1.61304
5616	-327.0678	-497.7022	170.6344	0.9763396	2.322
5622	-312.6985	-484.4237	171.7253	0.9763396	1.585965
5628	-307.8671	-479.3055	171.4384	0.9763396	1.78987
5634	-313.3296	-485.3492	172.0195	0.8893807	1.430644
5640	-318.1248	-490.3802	172.2555	0.6824303	1.401899
5646	-329.7932	-501.6195	171.8263	0.7673783	1.661847
5652	-321.0291	-493.1679	172.1388	0.6340403	1.523058
5658	-310.876	-481.9172	171.0412	1.031979	2.021476
5664	-313.2732	-484.5486	171.2754	0.9370486	1.928198
5670	-308.2213	-479.3115	171.0902	0.8154506	2.130951
5676	-313.6993	-485.3356	171.6363	0.9148505	1.694136
5682	-308.9604	-480.2867	171.3263	0.9148505	1.908773
5688	-309.323	-480.4297	171.1067	1.047647	1.967374
5694	-313.2036	-485.6074	172.4038	0.573152	1.358209
5700	-306.3509	-478.2583	171.9074	0.6829712	1.660291
5706	-310.2211	-482.2601	172.0389	0.5198894	1.660291
5712	-306.9627	-478.4176	171.455	1.144224	1.660291
5718	-314.0224	-485.2968	171.2744	0.854318	1.984086
5724	-327.5217	-499.3884	171.8667	1.067513	1.411353
5730	-317.8071	-488.552	170.7448	1.099158	2.172096
5736	-324.8281	-496.0475	171.2194	1.153973	1.818845
5742	-317.8672	-489.0531	171.1859	1.119026	1.865621
5748	-322.8162	-494.2788	171.4625	1.057624	1.716141
5754	-314.9796	-486.32	171.3404	1.016888	1.829576
5760	-306.5388	-477.6995	171.1607	0.824916	2.078646
5766	-314.8416	-486.0016	171.16	1.032158	1.941933
5772	-318.2257	-489.9727	171.747	0.8163051	1.684637
5778	-313.745	-485.27	171.525	1.015535	1.701744
5784	-322.7749	-494.529	171.7541	0.7795579	1.704903
5790	-315.4583	-487.305	171.8468	1.007079	1.472861
5796	-327.0452	-498.4251	171.3799	0.6759505	2.026969
5802	-314.684	-485.8247	171.1407	0.9241691	2.026969
5808	-320.9455	-492.389	171.4435	0.9954632	1.773045
5814	-315.9846	-488.2489	172.2644	0.6247906	1.434146
5820	-317.2036	-488.7128	171.5092	0.8806465	1.806914
5826	-318.4747	-489.9707	171.496	0.7053435	1.931337
5832	-320.5736	-492.8146	172.241	0.7223212	1.384549
5838	-323.2604	-494.814	171.5536	0.8220675	1.816107
5844	-310.6671	-482.0538	171.3866	0.9126932	1.869196
5850	-305.4714	-476.9996	171.5282	0.9126932	1.771578
5856	-307.5729	-479.1231	171.5502	0.8906383	1.771578
5862	-316.7696	-488.6497	171.8801	0.5548187	1.755187
5868	-325.167	-497.3116	172.1446	0.6773694	1.490113
5874	-328.892	-501.0141	172.1221	0.7021113	1.490113
5880	-312.1073	-484.131	172.0237	0.8291406	1.472835
5886	-310.7585	-482.7182	171.9597	0.7350268	1.587725
5892	-314.5413	-486.2683	171.727	0.8983561	1.641081
5898	-313.7837	-484.9227	171.139	0.9355395	2.020576
5904	-322.8675	-494.0216	171.1541	0.9204194	2.020576
5910	-314.5979	-486.4664	171.8685	0.9991552	1.462376
5916	-320.3703	-491.7887	171.4183	0.8752572	1.872944
5922	-318.4277	-490.4913	172.0636	0.6120307	1.592156
5928	-309.1615	-480.9575	171.796	0.8073469	1.655906
5934	-308.1306	-479.4437	171.3132	0.9123562	1.919324
5940	-320.1691	-491.4571	171.288	0.8291032	1.99155
5946	-319.8857	-491.5971	171.7114	0.7154682	1.777434
5952	-325.7325	-497.2363	171.5038	0.9537886	1.760052
5958	-328.0035	-498.9725	170.969	1.500986	1.760052
5964	-337.1446	-508.1185	170.9738	1.495849	1.760052
5970	-329.3174	-500.5897	171.2723	0.8084818	2.015418
5976	-325.3466	-496.5181	171.1715	1.089609	1.895384
5982	-324.5467	-496.2572	171.7105	0.9827665	1.592048
5988	-331.3047	-503.6634	172.3586	0.5185474	1.42421
5994	-315.7085	-487.1965	171.488	0.9981383	1.74008
6000	-318.3717	-490.0511	171.6794	0.8050714	1.74008
6006	-309.6481	-481.3396	171.6915	1.013148	1.583719
6012	-311.7402	-483.0171	171.277	1.068464	1.837755
6018	-325.1027	-496.3542	171.2516	1.068464	1.855172
6024	-319.5054	-490.9407	171.4353	0.9487519	1.811117
6030	-318.6851	-490.122	171.4369	0.9723083	1.793701
6036	-327.3253	-498.2501	170.9248	0.9723083	2.137405
6042	-327.3412	-498.6546	171.3134	1.035435	1.835354
6048	-314.7834	-486.7256	171.9422	1.060449	1.357795
6054	-316.4837	-488.6314	172.1476	0.8171355	1.38654
6060	-312.3543	-483.9744	171.6202	0.8845049	1.72683
6066	-314.4824	-486.2257	171.7434	0.8456088	1.66675
6072	-307.5983	-480.061	172.4627	0.7933177	1.144824
6078	-304.1467	-476.2261	172.0794	0.5436932	1.619335
6084	-301.0439	-472.354	171.3101	0.8207817	1.982239
6090	-316.3285	-488.3705	172.042	0.6642923	1.575013
6096	-314.6317	-487.0473	172.4156	0.592862	1.336458
6102	-320.6071	-493.2335	172.6264	0.514108	1.210494
6108	-320.4681	-492.5384	172.0703	0.9764336	1.322569
6114	-322.1863	-492.9215	170.7352	0.6858222	2.436977
6120	-326.3957	-496.2894	169.8937	1.490807	2.47239
6126	-314.9515	-487.0683	172.1168	0.7001052	1.495452
6132	-315.1569	-486.55	171.3931	1.319825	1.580507
6138	-307.838	-479.4573	171.6193	1.110784	1.565264
6144	-311.9432	-483.7453	171.802	1.110784	1.427988
6150	-307.5521	-478.941	171.3889	0.8540055	1.907243
6156	-309.3141	-481.0224	171.7082	0.764948	1.747035
6162	-307.7059	-478.8664	171.1605	1.436065	1.668052
6168	-317.4526	-488.7769	171.3243	0.7525466	2.016722
6174	-307.4101	-479.9353	172.5252	0.587589	1.25053
6180	-324.5968	-496.0468	171.4499	0.8302516	1.881631
6186	-325.9259	-497.3869	171.461	0.9071357	1.822009
6192	-315.5035	-487.0096	171.5061	0.5955445	1.988915
6198	-315.2462	-486.863	171.6168	0.9275881	1.698944
6204	-323.3509	-495.1014	171.7506	0.7918665	1.698944
6210	-311.6734	-483.3174	171.644	0.9142705	1.689055
6216	-312.2942	-484.4389	172.1447	0.7546627	1.435543
6222	-318.742	-490.4587	171.7167	1.078952	1.516656
6228	-323.3141	-494.7914	171.4772	1.007529	1.741028
6234	-322.9887	-494.065	171.0762	1.014052	2.010132
6240	-320.2611	-491.4951	171.234	1.011683	1.905782
6246	-322.2744	-493.3217	171.0473	1.011683	2.030935
6252	-329.3691	-501.1288	171.7598	1.011683	1.534563
6258	-325.5846	-497.7853	172.2008	0.614805	1.488853
6264	-312.9552	-484.9415	171.9863	0.8450854	1.489241
6270	-306.5894	-478.6113	172.0219	0.664742	1.589351
6276	-308.282	-480.2795	171.9974	0.6919086	1.589351
6282	-320.4638	-491.8586	171.3948	0.9579498	1.832689
6288	-314.8572	-486.1687	171.3115	0.9272123	1.910459
6294	-325.0644	-496.2858	171.2213	1.257098	1.746944
6300	-328.6213	-499.998	171.3766	1.099825	1.746944
6306	-333.2271	-504.4002	171.1731	0.8678265	2.042586
6312	-337.5144	-508.9175	171.4031	0.9430562	1.837198
6318	-319.6036	-490.6248	171.0212	0.9691356	2.076323
6324	-309.3632	-480.7176	171.3544	1.290029	1.629617
6330	-308.2217	-479.9298	171.7081	0.6546713	1.81793
6336	-306.9019	-479.1046	172.2027	0.5611351	1.519429
6342	-305.9928	-477.3669	171.3741	1.019039	1.804846
6348	-305.6831	-477.1102	171.4271	1.061499	1.738365
6354	-316.4067	-488.5578	172.1511	0.7466918	1.436388
6360	-299.7822	-470.7945	171.0123	1.291536	1.868214
6366	-311.8306	-483.4746	171.644	0.7884952	1.776055
6372	-319.8908	-490.3542	170.4634	1.121632	2.338581
6378	-308.6799	-480.039	171.3591	0.8588154	1.92418
6384	-304.937	-476.1004	171.1634	0.9639123	1.985413
6390	-307.8647	-479.1972	171.3326	0.9145357	1.904737
6396	-322.8108	-494.2991	171.4882	1.154488	1.629063
6402	-323.4549	-494.2591	170.8042	1.303193	2.000936
6408	-325.2901	-497.562	172.2719	0.8900682	1.227542
6414	-318.5262	-490.5238	171.9976	0.6786971	1.598001
6420	-324.7479	-496.139	171.3911	0.7657533	1.963651
6426	-317.8025	-489.1866	171.3841	0.6856905	2.018337
6432	-314.872	-486.4272	171.5552	0.875327	1.778661
6438	-304.99	-476.4966	171.5066	0.9242218	1.778661
6444	-317.4115	-489.2808	171.8694	0.7184168	1.664172
6450	-320.0867	-491.5834	171.4967	0.70432	1.931504
6456	-312.6306	-483.6665	171.0359	1.150958	1.945823
6462	-319.3572	-490.6802	171.323	0.7320413	2.030441
6468	-318.73	-490.1261	171.3961	1.168675	1.684989
6474	-316.2687	-487.3532	171.0845	1.113962	1.937805
6480	-318.9177	-489.7763	170.8586	1.248236	2.000369
6486	-316.988	-488.3295	171.3415	0.7862325	1.983705
6492	-313.0206	-484.0936	171.073	0.782858	2.162774
6498	-311.9688	-482.6487	170.6798	1.528489	1.940625
6504	-305.5145	-477.3205	171.806	0.7773695	1.669513
6510	-311.3372	-482.8885	171.5513	1.148223	1.58783
6516	-315.3746	-486.7993	171.4247	1.25529	1.603222
6522	-314.7846	-486.0011	171.2165	1.272916	1.739518
6528	-319.6211	-490.4742	170.8531	1.328414	1.951866
6534	-317.3572	-489.2869	171.9297	0.8474514	1.529833
6540	-319.362	-490.8668	171.5049	0.8094005	1.858064
6546	-334.5004	-505.3986	170.8982	1.06424	2.09465
6552	-324.8559	-497.0976	172.2418	0.6173084	1.456241
6558	-309.9901	-482.2736	172.2835	0.8176055	1.277381
6564	-301.073	-472.6976	171.6246	0.882331	1.725196
6570	-301.2874	-473.1308	171.8434	0.8644043	1.581081
6576	-307.0817	-478.9371	171.8554	1.018062	1.457987
6582	-307.2775	-479.1121	171.8346	0.6906409	1.707052
6588	-312.7831	-484.3547	171.5716	0.9613544	1.707052
6594	-312.2101	-483.2503	171.0401	0.9533689	2.074205
6600	-311.1819	-482.6002	171.4183	0.8856654	1.865942
6606	-324.1227	-495.8001	171.6773	0.7368928	1.787167
6612	-317.9405	-490.1292	172.1888	0.579087	1.519536
6618	-317.0851	-489.2465	172.1614	0.6129299	1.519536
6624	-319.3765	-491.2698	171.8933	0.7419886	1.63113
6630	-322.905	-493.8956	170.9906	1.479501	1.759071
6636	-319.3132	-490.6174	171.3042	0.8450502	1.970258
6642	-316.0212	-488.0098	171.9885	0.6464141	1.625314
6648	-315.1049	-486.8455	171.7406	0.7226028	1.752413
6654	-309.9714	-481.6934	171.722	0.7423852	1.752413
6660	-306.2523	-478.1503	171.8979	0.7423852	1.627486
6666	-316.7503	-488.7934	172.0431	0.6333467	1.593943
6672	-321.9676	-493.7071	171.7394	0.7433504	1.739584
6678	-332.0129	-503.6189	171.606	0.8805137	1.739584
6684	-326.0895	-498.1515	172.062	0.6449195	1.572836
6690	-320.4952	-492.0838	171.5887	1.009822	1.660481
6696	-327.2839	-498.7385	171.4545	0.6576104	1.988155
6702	-329.4764	-500.4746	170.9982	1.46794	1.761325
6708	-327.674	-498.6311	170.9571	1.511729	1.761325
6714	-316.2768	-487.2635	170.9867	0.9411678	2.117299
6720	-322.7159	-494.7663	172.0504	0.548042	1.637965
6726	-316.3574	-487.8734	171.516	1.001609	1.717956
6732	-310.3486	-481.4617	171.1131	0.8967906	2.06324
6738	-318.4214	-489.5088	171.0874	0.9226524	2.06324
6744	-316.0947	-487.0475	170.9528	1.466212	1.794045
6750	-321.7669	-493.7335	171.9666	0.7554945	1.56848
6756	-309.3814	-480.621	171.2396	1.120745	1.827622
6762	-304.9348	-476.8713	171.9365	0.6848158	1.638217
6768	-307.2291	-478.032	170.8029	0.8354702	2.303775
6774	-304.6288	-475.9288	171.3	1.200427	1.730792
6780	-311.3155	-482.5391	171.2236	1.376282	1.663703
6786	-314.5755	-486.3647	171.7892	0.8832413	1.606994
6792	-314.8447	-486.4007	171.556	1.116964	1.606994
6798	-315.0188	-486.6304	171.6116	0.938016	1.695252
6804	-311.6772	-484.0856	172.4084	0.5184239	1.385661
6810	-319.4748	-492.1011	172.6263	0.5726339	1.174483
6816	-319.7762	-492.378	172.6018	0.4302058	1.267818
6822	-314.8504	-486.2368	171.3864	0.8759598	1.89421
6828	-314.2404	-486.1123	171.8719	0.9358541	1.507503
6834	-307.629	-479.7	172.071	0.7321347	1.507503
6840	-304.4843	-476.4995	172.0152	0.790581	1.507503
6846	-312.2273	-483.2549	171.0276	1.086827	1.99412
6852	-308.039	-480.1097	172.0707	0.6520007	1.561873
6858	-313.2912	-485.2156	171.9244	0.771219	1.588327
6864	-318.0713	-489.9566	171.8853	0.771219	1.616785
6870	-320.2154	-491.5914	171.376	1.013119	1.807608
6876	-311.6306	-483.199	171.5683	1.192771	1.542947
6882	-319.0581	-490.5675	171.5094	0.5207705	2.023755
6888	-307.3343	-478.2061	170.8718	1.199075	2.023755
6894	-299.7485	-471.7065	171.958	0.7630347	1.569514
6900	-319.6453	-490.7701	171.1248	1.129	1.900481
6906	-321.8119	-493.1028	171.2909	0.9866589	1.884152
6912	-313.5111	-485.6665	172.1554	0.7157696	1.455349
6918	-309.9027	-481.3753	171.4726	1.17842	1.62326
6924	-318.1692	-489.0032	170.8341	1.099904	2.113399
6930	-317.9007	-488.949	171.0483	1.295426	1.841007
6936	-322.4751	-494.0858	171.6107	0.6914797	1.862145
6942	-316.7555	-488.6183	171.8629	0.517834	1.785307
6948	-315.9847	-488.0402	172.0555	0.6866425	1.550272
6954	-318.8246	-490.5274	171.7028	1.0474	1.550272
6960	-321.5005	-492.8106	171.3101	0.8020822	1.994428
6966	-331.6221	-503.32	171.698	0.8060268	1.726414
6972	-321.132	-492.3697	171.2377	1.338056	1.679836
6978	-322.2468	-493.8332	171.5864	0.9849427	1.679836
6984	-320.6131	-492.9202	172.3071	1.049831	1.054046
6990	-317.1916	-489.4863	172.2947	0.6469678	1.395943
6996	-312.1411	-483.8086	171.6675	0.5858423	1.885365
7002	-308.1535	-480.356	172.2025	0.5858423	1.505278
7008	-304.9125	-476.4647	171.5522	0.9531366	1.726567
7014	-305.7394	-476.9764	171.237	0.9787755	1.926029
7020	-299.2613	-471.5172	172.2559	0.6824437	1.401555
7026	-305.3842	-477.7431	172.3589	0.7841377	1.241818
7032	-321.1228	-492.7591	171.6362	0.7137772	1.830537
7038	-316.4944	-488.3927	171.8983	0.8453177	1.554614
7044	-319.2715	-490.1215	170.85	1.210752	2.030558
7050	-317.2759	-488.8896	171.6136	1.044253	1.617744
7056	-317.187	-488.4168	171.2298	1.436844	1.617744
7062	-309.7509	-480.846	171.095	1.063972	1.964243
7068	-318.0318	-489.1269	171.095	1.063972	1.964243
7074	-303.1096	-474.4263	171.3167	1.100121	1.78854
7080	-316.5899	-488.2285	171.6385	0.8372392	1.746698
7086	-314.4654	-486.0651	171.5997	1.076975	1.604151
7092	-309.664	-481.6167	171.9527	0.7677392	1.570038
7098	-309.3644	-481.2766	171.9122	0.960346	1.458625
7104	-318.0025	-488.8676	170.8651	0.9106688	2.216074
7110	-307.776	-479.2205	171.4444	0.9547239	1.800656
7116	-312.6728	-483.6472	170.9744	1.135637	1.997197
7122	-311.8466	-482.755	170.9084	1.202342	1.997197
7128	-300.7581	-472.8466	172.0885	0.6372243	1.558256
7134	-305.7869	-477.6675	171.8806	0.6355875	1.709107
7140	-300.7887	-472.463	171.6743	0.8551619	1.709107
7146	-305.2906	-476.5694	171.2788	0.8638539	1.974812
7152	-309.868	-481.9086	172.0406	0.5825686	1.626157
7158	-308.3373	-479.229	170.8917	1.041539	2.113815
7164	-315.5796	-486.2893	170.7098	1.125623	2.177767
7170	-314.7687	-486.2295	171.4607	0.7485439	1.927842
7176	-320.5678	-491.4861	170.9183	0.9199621	2.175663
7182	-321.2467	-492.7541	171.5075	0.8827632	1.806626
7188	-316.2026	-486.9301	170.7275	1.473061	1.943483
7194	-324.2212	-495.1217	170.9005	1.473061	1.82575
7200	-328.2961	-499.9575	171.6614	1.255056	1.426658
7206	-318.4965	-489.6438	171.1472	1.040785	1.944721
7212	-318.1806	-489.0516	170.871	1.04604	2.124414
7218	-329.2004	-500.3423	171.1419	1.551313	1.603603
7224	-308.5057	-480.1573	171.6516	0.7591671	1.790359
7230	-307.558	-478.5522	170.9942	0.970216	2.093359
7236	-307.7612	-479.8278	172.0666	0.6306797	1.578437
7242	-305.1925	-476.6586	171.4661	0.9535498	1.786444
7248	-310.0952	-481.5052	171.41	1.009698	1.786444
7254	-309.993	-480.9437	170.9507	0.7430983	2.266296
7260	-299.1909	-471.4594	172.2685	0.6426291	1.419186
7266	-297.6519	-469.9096	172.2577	0.8389108	1.281397
7272	-299.1822	-470.682	171.4998	1.011734	1.722236
7278	-309.6887	-481.5262	171.8374	0.8420797	1.601482
7284	-312.3107	-483.3801	171.0694	0.7975474	2.155891
7290	-319.8461	-490.613	170.7669	0.988932	2.229052
7296	-314.1755	-485.2285	171.0529	0.9468404	2.070068
7302	-322.921	-494.8191	171.8981	0.7075261	1.650847
7308	-328.0807	-499.4203	171.3397	0.8936125	1.91402
7314	-329.6817	-501.1266	171.4449	0.9486216	1.804536
7320	-317.9989	-489.2602	171.2612	0.7018674	2.089764
7326	-312.7567	-484.4543	171.6976	0.9627642	1.61595
7332	-318.0052	-489.9669	171.9616	0.6862629	1.619092
7338	-324.5514	-495.9445	171.3931	0.9772078	1.82063
7344	-333.6629	-505.4477	171.7848	0.7885007	1.676957
7350	-320.7719	-492.3935	171.6216	0.9597711	1.672691
7356	-313.0742	-483.8343	170.7601	1.236577	2.073227
7362	-325.3648	-496.958	171.5932	0.9516278	1.698649
7368	-321.4807	-492.8785	171.3979	0.9516278	1.834909
7374	-320.5798	-492.2915	171.7117	0.719993	1.774316
7380	-329.5394	-501.4527	171.9133	0.6214426	1.694515
7386	-337.5005	-509.165	171.6646	0.7280347	1.801805
7392	-323.7271	-494.6696	170.9424	0.8616143	2.197546
7398	-320.2331	-491.9903	171.7572	0.8274401	1.669602
7404	-315.051	-486.8327	171.7817	0.8274401	1.652056
7410	-318.9936	-490.6901	171.6965	0.9136714	1.652056
7416	-318.0291	-490.1073	172.0782	0.5738282	1.603904
7422	-306.4785	-477.9929	171.5144	1.163214	1.603904
7428	-302.1396	-473.7229	171.5833	0.6195076	1.923753
7434	-318.7905	-491.1388	172.3484	0.6190835	1.372613
7440	-318.5315	-490.3542	171.8227	0.7831969	1.653566
7446	-311.4538	-482.9329	171.4791	0.7831969	1.892974
7452	-320.8498	-492.279	171.4292	0.9778657	1.795188
7458	-317.2942	-489.1689	171.8747	0.8536522	1.565884
7464	-319.1686	-490.9931	171.8245	0.9043659	1.565884
7470	-314.9077	-485.6589	170.7511	0.9043659	2.293337
7476	-314.2249	-485.5319	171.307	1.024623	1.847201
7482	-307.9499	-479.1218	171.1719	1.109657	1.881533
7488	-319.7392	-490.5486	170.8094	1.483269	1.881533
7494	-321.795	-494.0716	172.2766	0.5732064	1.456861
7500	-310.1218	-481.678	171.5562	0.9219965	1.745563
7506	-305.326	-477.1576	171.8316	0.9510263	1.526227
7512	-315.7594	-486.6387	170.8793	0.8491619	2.246238
7518	-306.6668	-478.857	172.1902	0.527345	1.546695
7524	-317.5593	-488.8183	171.2591	1.057002	1.857869
7530	-304.1781	-475.9281	171.7499	1.057002	1.508156
7536	-302.9163	-473.955	171.0386	0.8636772	2.133687
7542	-307.2626	-478.598	171.3354	0.9771628	1.860231
7548	-313.6823	-485.1351	171.4528	1.015269	1.752712
7554	-310.0738	-482.5676	172.4939	0.6207341	1.253986
7560	-321.4958	-492.356	170.8603	1.376263	1.915973
7566	-324.942	-496.6613	171.7194	1.161476	1.45277
7572	-314.6587	-486.0374	171.3788	0.6757776	2.027819
7578	-311.2392	-483.291	172.0519	0.7262105	1.525897
7584	-317.3892	-489.6483	172.2591	0.6876542	1.395396
7590	-318.1061	-489.9036	171.7975	0.7617349	1.686196
7596	-317.2424	-488.5256	171.2832	0.9441304	1.918189
7602	-313.442	-484.8302	171.3882	1.028319	1.788651
7608	-318.0876	-489.8567	171.7691	0.8950607	1.613058
7614	-312.4577	-483.9931	171.5354	0.7492387	1.87678
7620	-311.8535	-483.1014	171.248	1.303284	1.696468
7626	-322.1458	-494.4511	172.3053	0.6928305	1.355361
7632	-314.8303	-485.9584	171.1282	0.756453	2.143367
7638	-324.3681	-495.6764	171.3083	1.26891	1.677361
7644	-327.3019	-498.9643	171.6624	0.9123549	1.677361
7650	-328.1142	-499.0008	170.8865	1.30323	1.945779
7656	-321.9467	-493.9959	172.0492	0.8126343	1.465731
7662	-327.0463	-498.1729	171.1266	1.044642	1.955998
7668	-323.0496	-494.1489	171.0993	1.102872	1.935281
7674	-321.7175	-492.9369	171.2194	1.022756	1.908135
7680	-318.1971	-489.1394	170.9423	1.303241	1.908135
7686	-315.3375	-486.5193	171.1818	0.9170689	2.004374
7692	-311.7329	-482.5439	170.811	0.9170689	2.246868
7698	-308.6734	-480.2577	171.5843	0.846426	1.778244
7704	-310.0736	-481.1102	171.0366	0.9670993	2.067488
7710	-305.2104	-476.8198	171.6094	1.202824	1.505009
7716	-318.8563	-490.4272	171.5709	0.7976649	1.820578
7722	-309.8416	-481.1987	171.3571	0.834419	1.941758
7728	-320.2008	-491.7673	171.5665	1.105569	1.607576
7734	-309.994	-482.0104	172.0164	0.6925999	1.575051
7740	-311.4231	-483.6267	172.2036	0.7726053	1.376482
7746	-318.0935	-490.6922	172.5987	0.6254113	1.161119
7752	-322.7289	-494.0888	171.3599	1.033613	1.804585
7758	-313.5251	-485.2194	171.6942	0.7961669	1.735769
7764	-304.3081	-475.5898	171.2817	0.8016183	2.013609
7770	-307.3339	-479.4081	172.0741	0.6561067	1.556707
7776	-311.0811	-482.6753	171.5942	0.8273929	1.784341
7782	-314.175	-486.4185	172.2436	0.8802362	1.259434
7788	-311.5049	-483.1262	171.6213	0.8802362	1.728979
7794	-317.724	-489.0178	171.2938	1.082907	1.816264
7800	-316.685	-488.465	171.78	0.7212667	1.725662
7806	-327.1778	-497.9906	170.8128	1.13035	2.107494
7812	-308.4801	-480.7026	172.2226	0.6431868	1.454034
7818	-304.9985	-476.7346	171.7361	0.7177469	1.758712
7824	-303.5189	-474.9735	171.4546	1.004887	1.758712
7830	-304.1521	-475.47	171.3179	1.004887	1.853279
7836	-316.6615	-488.5629	171.9013	0.6333704	1.695787
7842	-325.9581	-497.8594	171.9013	0.6333704	1.695787
7848	-314.1244	-486.5109	172.3865	0.6626687	1.312182
7854	-317.9362	-490.4355	172.4993	0.5207354	1.312182
7860	-332.5772	-504.0634	171.4862	1.034814	1.715536
7866	-315.7333	-487.7253	171.992	0.6742779	1.604939
7872	-310.8951	-483.0268	172.1317	0.6529806	1.516046
7878	-310.4033	-481.9631	171.5598	0.6197259	1.939497
7884	-312.9553	-484.8162	171.8608	1.018626	1.453384
7890	-316.6356	-488.2195	171.5838	0.890621	1.748085
7896	-315.6721	-486.5993	170.9272	0.8104201	2.239855
7902	-311.6071	-483.0114	171.4043	0.8447878	1.902971
7908	-318.8032	-490.6065	171.8033	0.7445405	1.693709
7914	-323.4998	-495.2439	171.7441	1.014869	1.543798
7920	-334.6414	-506.4468	171.8054	0.7966723	1.656581
7926	-315.1254	-487.3844	172.259	0.476736	1.518877
7932	-315.1047	-486.5093	171.4046	0.7955985	1.93528
7938	-312.5151	-483.7542	171.2391	0.9176734	1.965623
7944	-324.5118	-496.0577	171.5459	0.9310356	1.746508
7950	-328.4559	-500.2775	171.8215	0.8326329	1.619747
7956	-336.4576	-508.0275	171.5698	0.7329408	1.863763
7962	-334.5596	-506.0522	171.4926	0.7558123	1.901608
7968	-331.5598	-503.455	171.8952	0.7456847	1.627212
7974	-319.5488	-491.2969	171.7481	0.9052386	1.620928
7980	-322.6627	-493.8927	171.2299	0.9799167	1.930023
7986	-323.1532	-494.9045	171.7512	0.6782357	1.773472
7992	-322.791	-494.7239	171.9329	0.5439623	1.723726
7998	-314.7813	-486.3341	171.5528	0.759701	1.858041
8004	-317.3577	-488.6276	171.2699	1.138714	1.794369
8010	-317.9948	-489.3876	171.3928	1.039338	1.777809
8016	-317.6363	-489.0476	171.4113	1.182559	1.664403
8022	-326.077	-497.8984	171.8214	0.6654708	1.732381
8028	-313.6795	-485.871	172.1916	0.5737148	1.520564
8034	-319.5168	-491.5633	172.0465	0.6539348	1.578393
8040	-320.4917	-493.0828	172.591	0.6139254	1.176274
8046	-325.5517	-497.3642	171.8125	0.8243669	1.632099
8052	-337.7669	-509.5519	171.7849	0.7971788	1.670872
8058	-337.6212	-508.7591	171.1379	1.393051	1.713146
8064	-328.8445	-500.5271	171.6825	0.9455816	1.639227
8070	-326.1594	-497.6202	171.4608	0.6593856	1.982939
8076	-317.294	-489.5751	172.2811	0.7316713	1.345993
8082	-326.726	-498.7287	172.0027	0.7363014	1.555281
8088	-323.3028	-495.5645	172.2617	0.6531584	1.417333
8094	-315.939	-487.1062	171.1672	0.8854897	2.034896
8100	-320.2308	-490.6939	170.4631	0.9301732	2.45946
8106	-321.7064	-492.7547	171.0483	0.8318281	2.14786
8112	-319.107	-490.5953	171.4883	1.055288	1.699554
8118	-312.9568	-484.0597	171.1029	1.023247	1.986236
8124	-303.9499	-475.2515	171.3016	1.03328	1.844942
8130	-300.738	-472.6282	171.8903	0.6999568	1.661413
8136	-314.865	-486.6112	171.7462	0.9332373	1.602082
8142	-313.2743	-485.1222	171.8479	0.7651006	1.647967
8148	-315.8404	-486.8558	171.0154	0.9151897	2.115453
8154	-316.9113	-488.2621	171.3508	1.294702	1.628885
8160	-326.2635	-497.6716	171.4081	0.7550943	1.959083
8166	-319.3402	-490.7767	171.4364	1.183832	1.645479
8172	-317.2093	-489.0504	171.8411	0.7414805	1.668875
8178	-319.921	-491.748	171.827	0.7563903	1.668875
8184	-344.404	-515.7489	171.3448	0.9433022	1.876892
8190	-329.4009	-500.2995	170.8986	1.166938	2.027021
8196	-312.0769	-483.2515	171.1746	1.180765	1.831435
8202	-319.0373	-491.2895	172.2522	0.5843669	1.468768
8208	-307.9756	-479.0024	171.0268	1.17894	1.933291
8214	-315.367	-487.4197	172.0527	0.5960513	1.609594
8220	-318.2465	-489.7692	171.5227	0.9929262	1.719329
8226	-320.7418	-492.1927	171.4509	0.9238697	1.817458
8232	-312.8214	-484.5171	171.6958	0.787504	1.740578
8238	-300.6248	-472.3205	171.6958	0.787504	1.740578
8244	-308.278	-479.9806	171.7026	0.6211122	1.841599
8250	-313.3336	-484.9962	171.6626	0.7980009	1.756672
8256	-324.3345	-495.8802	171.5457	1.045091	1.665998
8262	-314.0067	-485.3139	171.3072	0.7674721	2.018593
8268	-311.3614	-483.2123	171.8509	0.808725	1.615392
8274	-307.3144	-479.1653	171.8509	0.808725	1.615392
8280	-307.7568	-478.8721	171.1153	1.214797	1.849101
8286	-316.4759	-487.9606	171.4847	1.020033	1.727008
8292	-305.3687	-477.2588	171.8901	0.5937648	1.727008
8298	-306.5758	-478.2394	171.6636	0.8163439	1.743496
8304	-314.5855	-485.7647	171.1792	1.041602	1.922591
8310	-300.8212	-472.2148	171.3936	0.885114	1.883133
8316	-307.3987	-478.9417	171.5431	0.731209	1.883133
8322	-312.1948	-483.4792	171.2844	1.257784	1.702071
8328	-320.1366	-491.8967	171.7601	0.5662181	1.832486
8334	-313.2278	-484.8394	171.6117	1.116737	1.566517
8340	-318.5228	-490.3236	171.8008	0.9272579	1.566517
8346	-313.2358	-484.6471	171.4113	0.7192578	1.979589
8352	-315.7186	-487.2084	171.4898	0.9433602	1.777054
8358	-318.8241	-490.5288	171.7047	0.8976073	1.657623
8364	-324.6299	-495.5924	170.9624	1.12843	2.009935
8370	-322.1021	-493.3831	171.281	1.118504	1.800617
8376	-327.6097	-499.2151	171.6054	1.028917	1.63475
8382	-324.4318	-495.6045	171.1727	1.009662	1.948508
8388	-319.8615	-491.0074	171.1458	0.8778598	2.054062
8394	-324.094	-496.0651	171.9711	0.8216981	1.517833
8400	-324.4629	-495.9857	171.5228	0.860256	1.811437
8406	-317.0004	-488.6134	171.6131	1.209563	1.497287
8412	-321.5851	-492.3591	170.7739	0.8844789	2.291391
8418	-312.1593	-483.9221	171.7628	1.085732	1.47693
8424	-312.3649	-483.7212	171.3564	0.923843	1.882272
8430	-324.6433	-496.4203	171.7771	0.8686408	1.626219
8436	-327.5345	-498.4967	170.9622	1.38932	1.837986
8442	-324.6023	-496.1539	171.5516	0.8796238	1.778211
8448	-327.0779	-498.7428	171.6649	0.7635811	1.778211
8454	-333.6785	-504.6645	170.986	0.826029	2.191991
8460	-328.9195	-499.7128	170.7933	0.9855051	2.214216
8466	-321.628	-493.541	171.913	0.8021232	1.574843
8472	-322.4514	-493.955	171.5036	1.214506	1.574843
8478	-326.4942	-498.4906	171.9964	0.5437922	1.678841
8484	-332.3383	-504.5657	172.2274	0.6693825	1.432634
8490	-329.7548	-501.266	171.5113	1.187427	1.58874
8496	-320.4017	-492.0215	171.6198	0.8110226	1.777715
8502	-320.0625	-491.4991	171.4366	0.9609441	1.801771
8508	-312.9824	-484.439	171.4567	0.821234	1.883064
8514	-309.6078	-481.3313	171.7235	0.821234	1.697897
8520	-320.9561	-492.781	171.8249	0.7152751	1.697897
8526	-321.7592	-493.6131	171.8539	0.8471458	1.585863
8532	-313.8778	-484.8922	171.0143	1.30114	1.860471
8538	-316.9414	-488.299	171.3576	0.9546302	1.860471
8544	-318.9749	-489.537	170.562	1.067584	2.310008
8550	-318.4231	-489.61	171.1869	1.01415	1.935915
8556	-313.3869	-484.7412	171.3542	1.010761	1.824259
8562	-314.9819	-486.3533	171.3714	1.048936	1.786035
8568	-313.7434	-485.4062	171.6628	0.7539974	1.786035
8574	-334.131	-505.8853	171.7543	0.80445	1.687661
8580	-320.7775	-492.7221	171.9446	0.6495539	1.654955
8586	-323.2852	-495.3806	172.0954	0.887009	1.373534
8592	-312.7075	-484.1979	171.4904	0.887009	1.815519
8598	-325.9394	-497.8145	171.8752	0.5043998	1.78278
8604	-320.1355	-490.9867	170.8512	1.018142	2.155495
8610	-322.4598	-494.136	171.6762	0.8569806	1.706545
8616	-322.9238	-494.3104	171.3866	0.8329902	1.922796
8622	-319.0588	-490.9291	171.8702	0.7868355	1.616771
8628	-310.9295	-481.9396	171.0101	0.7395166	2.230281
8634	-320.9832	-492.7951	171.8119	0.7710371	1.669625
8640	-319.3239	-491.4399	172.1159	0.6705919	1.516181
8646	-305.4356	-476.7555	171.3198	0.989375	1.862535
8652	-312.9127	-484.4591	171.5464	0.8948898	1.77126
8658	-309.5107	-480.9219	171.4112	1.177018	1.668339
8664	-310.7332	-482.4147	171.6814	0.7805231	1.755323
8670	-320.0216	-491.749	171.7274	0.732265	1.755323
8676	-311.7253	-482.5761	170.8509	1.002907	2.165655
8682	-306.6249	-478.5376	171.9128	0.6675907	1.666308
8688	-309.3467	-480.9739	171.6272	0.9674436	1.663236
8694	-308.9174	-480.9907	172.0734	0.6064787	1.588363
8700	-316.1013	-488.1824	172.0811	0.6514744	1.554582
8706	-322.136	-493.5589	171.4229	0.8032716	1.917831
8712	-323.3261	-494.4708	171.1447	1.046278	1.942774
8718	-330.1579	-502.6107	172.4528	0.5055393	1.357205
8724	-320.6649	-492.8073	172.1423	0.8732155	1.347231
8730	-323.4599	-494.9916	171.5318	0.6547237	1.938066
8736	-324.497	-495.4685	170.9715	1.227917	1.938066
8742	-330.1634	-501.6372	171.4738	1.296887	1.537457
8748	-324.2165	-495.0058	170.7893	0.9278302	2.253923
8754	-314.0814	-485.9434	171.862	0.8907531	1.548217
8760	-308.8394	-480.0649	171.2255	0.8907531	1.992677
8766	-308.1876	-480.3516	172.164	0.7125275	1.451098
8772	-307.503	-479.2301	171.7271	0.6478592	1.808904
8778	-316.5871	-488.022	171.4349	0.8636339	1.869501
8784	-321.5159	-493.2982	171.7822	0.786922	1.679888
8790	-311.9933	-483.7546	171.7613	0.7910541	1.691895
8796	-309.0532	-479.8097	170.7565	1.417647	1.95924
8802	-318.3944	-489.5766	171.1822	1.417647	1.665023
8808	-312.372	-483.1678	170.7958	1.38058	1.956604
8814	-310.3534	-482.4718	172.1184	0.80383	1.41935
8820	-317.6561	-489.4163	171.7603	0.80383	1.683836
8826	-310.399	-481.9445	171.5456	0.9954856	1.701355
8832	-318.893	-490.3195	171.4265	0.8083005	1.912086
8838	-317.0732	-488.6726	171.5995	0.9599188	1.688334
8844	-326.5898	-497.964	171.3742	1.186063	1.688334
8850	-324.2629	-495.3918	171.1288	1.234677	1.82641
8856	-320.4019	-491.7753	171.3734	0.8069693	1.948823
8862	-317.2573	-489.4386	172.1814	0.5269861	1.553418
8868	-317.6071	-489.3656	171.7585	0.7731451	1.706153
8874	-317.2205	-489.0228	171.8022	0.9717668	1.532677
8880	-309.0463	-480.9666	171.9203	0.8808348	1.512217
8886	-312.5911	-484.5114	171.9203	0.8808348	1.512217
8892	-314.0163	-484.5205	170.5042	1.156296	2.290586
8898	-317.6309	-489.3984	171.7675	0.7912249	1.687373
8904	-329.5318	-500.5906	171.0588	0.9117224	2.089219
8910	-312.5085	-483.7726	171.2641	1.260329	1.714669
8916	-320.1289	-490.9549	170.826	1.17576	2.069281
8922	-323.7536	-494.1989	170.4453	1.096689	2.365774
8928	-318.4831	-490.7051	172.222	0.5622634	1.504352
8934	-308.3831	-479.9226	171.5395	0.8452526	1.810104
8940	-312.2239	-483.7904	171.5664	0.8452526	1.791465
8946	-320.533	-492.2647	171.7317	1.020027	1.549161
8952	-318.1303	-490.2566	172.1263	0.6041942	1.550904
8958	-316.4759	-488.7424	172.2665	0.6041942	1.445654
8964	-304.4469	-476.7303	172.2835	0.6906691	1.374161
8970	-309.7431	-481.965	172.2219	0.7565516	1.374161
8976	-312.2247	-484.3393	172.1147	0.8111063	1.416738
8982	-319.0738	-490.7541	171.6804	0.6132396	1.861365
8988	-322.6661	-494.359	171.6929	0.5843182	1.868886
8994	-306.5636	-477.4373	170.8737	1.689403	1.705277
9000	-315.8905	-486.2239	170.3334	1.125811	2.418199
9006	-313.6368	-484.0106	170.3738	1.125811	2.392744
9012	-325.9984	-498.213	172.2146	0.6867924	1.430467
9018	-313.5748	-485.6844	172.1096	0.5722572	1.581907
9024	-310.3548	-482.5773	172.2225	0.9567402	1.21316
9030	-312.4038	-483.8872	171.4833	1.178896	1.615182
9036	-308.867	-479.8745	171.0075	1.045719	2.034773
9042	-312.6295	-484.5157	171.8862	0.8842933	1.53503
9048	-312.9334	-484.8166	171.8832	0.9856364	1.461483
9054	-312.7272	-485.0861	172.3589	0.9694133	1.080917
9060	-312.6311	-483.9934	171.3623	0.8050264	1.957553
9066	-312.1208	-483.6399	171.5191	0.8583102	1.815334
9072	-311.9742	-483.4801	171.506	0.8583102	1.824364
9078	-319.7355	-491.2916	171.5561	0.8059894	1.825164
9084	-323.7653	-495.2172	171.4519	0.7062177	1.960482
9090	-327.4615	-498.3987	170.9372	1.317404	1.90227
9096	-321.1687	-492.8075	171.6388	0.6891523	1.844313
9102	-330.3273	-501.7485	171.4212	0.7548701	1.950403
9108	-327.2934	-499.2609	171.9675	0.8412123	1.506161
9114	-321.8705	-493.3935	171.523	0.8931725	1.788738
9120	-328.4091	-499.8613	171.4522	0.8103421	1.893321
9126	-319.8249	-492.2448	172.4199	0.6313895	1.307243
9132	-318.8676	-490.8007	171.9332	0.7246353	1.614077
9138	-329.2943	-500.5131	171.2188	0.8142752	2.047168
9144	-324.2017	-495.6623	171.4606	0.9317469	1.805332
9150	-321.7595	-492.6491	170.8897	0.9128059	2.198836
9156	-320.8395	-492.0162	171.1767	0.8862123	2.028148
9162	-317.5515	-489.6086	172.057	0.8689216	1.417382
9168	-311.7696	-483.2686	171.499	0.8689216	1.821938
9174	-322.8826	-495.4099	172.5274	0.5196859	1.289935
9180	-315.6934	-487.2817	171.5883	1.02384	1.650735
9186	-308.0903	-479.7101	171.6198	0.9881144	1.653733
9192	-315.906	-487.3815	171.4754	0.9662183	1.77116
9198	-323.296	-494.7923	171.4964	0.6872801	1.942266
9204	-318.1767	-489.8901	171.7134	0.7922093	1.725006
9210	-309.3864	-480.5275	171.1411	1.055761	1.938773
9216	-310.812	-482.2787	171.4668	1.055761	1.714478
9222	-323.6326	-494.8864	171.2538	0.924434	1.951253
9228	-317.8215	-489.2668	171.4453	1.142543	1.668397
9234	-314.6628	-486.0543	171.3916	1.246982	1.633091
9240	-314.7508	-485.4916	170.7407	0.9306688	2.283239
9246	-310.1019	-481.3703	171.2684	1.22503	1.735961
9252	-318.1603	-490.1148	171.9545	0.8344121	1.520901
9258	-320.1647	-492.3292	172.1646	0.8378367	1.357263
9264	-316.5747	-488.7469	172.1722	0.6405	1.493886
9270	-318.3023	-489.5103	171.2081	1.05069	1.896924
9276	-310.2434	-482.9319	172.6886	0.5443544	1.13826
9282	-322.7608	-494.6214	171.8606	0.7922389	1.619966
9288	-315.0178	-486.6461	171.6283	0.7403595	1.818862
9294	-322.0432	-493.6007	171.5575	0.8139949	1.818862
9300	-316.9068	-488.1625	171.2557	1.072302	1.849748
