Iteration	Posterior	Likelihood	Prior	gain_loss_ratio	tree_length
0	-2217.56	-2386.826	169.2653	1.645832	2.772158
6	-2210.909	-2380.331	169.4221	1.476413	2.772158
12	-2224.394	-2394.128	169.7349	1.475589	2.580326
18	-2227.955	-2397.084	169.129	1.827357	2.756343
24	-2236.977	-2406.163	169.1855	1.827357	2.721746
30	-2225.075	-2394.626	169.5514	1.827357	2.495409
36	-2224.261	-2393.924	169.663	1.719293	2.485543
42	-2225.824	-2395.17	169.3465	1.868853	2.600327
48	-2232.406	-2401.663	169.2577	1.868853	2.655172
54	-2222.469	-2391.566	169.0967	1.798295	2.791617
60	-2224.349	-2393.722	169.3731	1.471532	2.80484
66	-2223.863	-2393.561	169.6982	1.559247	2.554617
72	-2228.992	-2398.399	169.407	1.710792	2.649255
78	-2225.509	-2395.01	169.5008	1.354522	2.794916
84	-2221.998	-2391.457	169.4594	1.457626	2.760218
90	-2229.184	-2398.323	169.1386	1.847074	2.739896
96	-2229.349	-2398.549	169.2001	1.847074	2.702248
102	-2227.155	-2396.251	169.0961	1.708977	2.840359
108	-2223.115	-2392.469	169.3537	1.563095	2.764544
114	-2220.951	-2389.974	169.0228	1.563095	2.965018
120	-2215.581	-2384.738	169.1571	1.419983	2.965018
126	-2217.869	-2387.317	169.4475	1.417891	2.790475
132	-2221.734	-2391.158	169.424	1.417891	2.80476
138	-2216.481	-2385.666	169.1849	1.941981	2.66114
144	-2226.079	-2394.996	168.9167	1.855707	2.870338
150	-2235.717	-2405.258	169.5405	1.587353	2.636203
156	-2225.26	-2395.048	169.7879	1.325394	2.636203
162	-2227.159	-2396.292	169.1334	1.470616	2.950421
168	-2231.286	-2400.408	169.122	1.541789	2.917136
174	-2234.141	-2403.393	169.2523	1.60551	2.802519
180	-2228.909	-2398.005	169.096	1.607632	2.896141
186	-2238.539	-2407.764	169.2242	1.535953	2.858606
192	-2230.886	-2400.113	169.2268	1.461538	2.899224
198	-2229.753	-2399.102	169.3493	1.430544	2.842874
204	-2239.547	-2409.088	169.5414	1.712145	2.565328
210	-2231.356	-2400.518	169.162	1.727337	2.790258
216	-2226.594	-2395.392	168.798	1.731543	3.007955
222	-2222.894	-2392.174	169.2802	1.491394	2.849902
228	-2235.593	-2404.317	168.724	1.730451	3.052863
234	-2222.96	-2392.218	169.258	1.419469	2.904462
240	-2227.253	-2396.24	168.9868	1.585947	2.973958
246	-2225.912	-2394.878	168.9657	1.608881	2.973958
252	-2219.066	-2388.34	169.2736	1.608881	2.787643
258	-2230.717	-2400.003	169.2859	1.450053	2.870077
264	-2226.6	-2395.888	169.2883	1.53306	2.82137
270	-2235.027	-2404.351	169.3234	1.495431	2.82137
276	-2233.579	-2402.813	169.2332	1.658525	2.784697
282	-2230.023	-2399.274	169.2508	1.544298	2.837805
288	-2228.369	-2397.946	169.5769	1.322709	2.767237
294	-2231.4	-2400.916	169.5161	1.576571	2.657339
300	-2220.183	-2389.419	169.2356	1.677134	2.772915
306	-2223.463	-2393.003	169.5405	1.637585	2.607738
312	-2225.264	-2394.906	169.6415	1.459813	2.647245
318	-2225.23	-2394.435	169.2052	1.514325	2.882339
324	-2228.506	-2397.46	168.9542	1.790371	2.882339
330	-2222.477	-2391.135	168.6582	1.608939	3.157652
336	-2225.808	-2394.78	168.9719	1.629611	2.958854
342	-2217.507	-2386.479	168.9719	1.629611	2.958854
348	-2226.21	-2395.409	169.1993	1.386427	2.958854
354	-2233.065	-2402.463	169.3975	1.696529	2.66298
360	-2229.16	-2398.343	169.1828	1.940848	2.66298
366	-2221.706	-2391.038	169.3325	1.541466	2.78968
372	-2229.742	-2398.45	168.7076	1.744074	3.055391
378	-2229.452	-2399.158	169.706	1.300749	2.701284
384	-2240.948	-2410.026	169.0782	1.537398	2.946037
390	-2229.704	-2398.665	168.9604	1.665652	2.946037
396	-2227.9	-2397.201	169.3002	1.568304	2.794204
402	-2231.198	-2400.456	169.2579	1.603281	2.800342
408	-2218.863	-2388.071	169.2076	1.528506	2.872871
414	-2231.605	-2401.208	169.6024	1.509554	2.642528
420	-2225.656	-2394.664	169.0077	1.521395	2.997367
426	-2232.71	-2402.141	169.431	1.352403	2.838614
432	-2233.485	-2402.966	169.4808	1.469881	2.7401
438	-2246.045	-2415.432	169.3865	1.492402	2.784732
444	-2231.204	-2400.147	168.9428	1.514844	3.039911
450	-2228.116	-2397.311	169.1956	1.536019	2.875888
456	-2228.989	-2398.236	169.2472	1.480847	2.875888
462	-2221.529	-2390.679	169.1495	1.585798	2.875888
468	-2219.914	-2388.766	168.8518	1.918542	2.876666
474	-2220.155	-2389.458	169.3021	1.413397	2.881307
480	-2235.073	-2404.155	169.0816	1.474961	2.979108
486	-2227.337	-2396.44	169.1033	1.522522	2.939213
492	-2225.861	-2394.919	169.0586	1.491077	2.983852
498	-2218.889	-2388.106	169.2174	1.542259	2.859199
504	-2227.319	-2396.397	169.0786	1.644879	2.886097
510	-2227.17	-2396.384	169.2149	1.540725	2.861542
516	-2220.215	-2389.237	169.022	1.803357	2.834336
522	-2235.236	-2404.811	169.575	1.673258	2.56624
528	-2225.286	-2394.469	169.1829	1.569736	2.864655
534	-2226.68	-2395.801	169.1211	1.569736	2.902065
540	-2220.158	-2389.38	169.2221	1.462306	2.901667
546	-2214.345	-2383.713	169.3682	1.462306	2.813101
552	-2217.841	-2387.352	169.5109	1.686859	2.598405
558	-2216.911	-2386.105	169.1939	1.602515	2.839673
564	-2226.254	-2395.386	169.1318	1.636199	2.858669
570	-2221.861	-2390.899	169.0385	1.677418	2.892449
576	-2240.867	-2410.675	169.8078	1.505474	2.517509
582	-2241.024	-2410.283	169.2594	1.91311	2.630472
588	-2235.058	-2404.249	169.1907	1.96644	2.64464
594	-2231.512	-2401.009	169.4967	1.785538	2.552447
600	-2234.874	-2404.28	169.4054	1.450635	2.797169
606	-2226.616	-2395.895	169.279	1.56867	2.806939
612	-2238.306	-2407.654	169.3482	1.56867	2.764782
618	-2242.87	-2412.19	169.3197	1.879661	2.61112
624	-2235.769	-2405.385	169.6161	1.431816	2.679172
630	-2224.199	-2393.264	169.0655	1.632972	2.900567
636	-2221.267	-2390.684	169.4164	1.656602	2.673617
642	-2219.433	-2388.403	168.9698	1.617219	2.96691
648	-2219.975	-2389.396	169.4209	1.417584	2.80681
654	-2225.035	-2394.479	169.4442	1.393175	2.80681
660	-2228.766	-2398.121	169.3554	1.80551	2.629074
666	-2227.019	-2396.292	169.2725	1.725076	2.723983
672	-2231.365	-2400.66	169.2944	1.610498	2.774108
678	-2234.008	-2403.347	169.3396	1.680108	2.707664
684	-2232.485	-2401.626	169.1416	1.645245	2.847714
690	-2223.923	-2393.193	169.2694	1.506851	2.847714
696	-2223.22	-2392.703	169.483	1.481703	2.731911
702	-2234.143	-2403.288	169.1458	1.853783	2.731911
708	-2247.296	-2416.751	169.4552	1.569718	2.698679
714	-2243.535	-2413.039	169.5045	1.997504	2.432829
720	-2231.922	-2401.458	169.5359	1.325941	2.790335
726	-2238.863	-2407.911	169.0478	1.505197	2.982356
732	-2225.97	-2394.896	168.9262	1.636847	2.982356
738	-2228.055	-2397.163	169.1088	1.411514	2.99885
744	-2224.739	-2393.905	169.1661	1.44663	2.944386
750	-2232.648	-2401.773	169.1258	1.543941	2.913646
756	-2224.6	-2393.961	169.3601	1.633114	2.72127
762	-2223.252	-2392.242	168.9903	1.526286	3.005048
768	-2227.079	-2396.128	169.0498	1.784584	2.827487
774	-2215.294	-2384.863	169.5693	1.457181	2.693226
780	-2218.853	-2387.926	169.0725	1.709197	2.854528
786	-2221.8	-2390.872	169.0717	1.775036	2.819356
792	-2224.471	-2393.389	168.9186	1.542266	3.039082
798	-2216.84	-2385.762	168.9221	1.733205	2.93245
804	-2227.291	-2396.334	169.0432	1.65007	2.904596
810	-2225.289	-2394.395	169.1064	1.484232	2.958974
816	-2221.15	-2390.726	169.5764	1.522478	2.65115
822	-2226.159	-2395.594	169.4348	1.542909	2.7264
828	-2215.825	-2384.98	169.1555	1.458595	2.943956
834	-2214.395	-2383.434	169.0392	1.570345	2.951087
840	-2210.662	-2379.836	169.1739	1.738309	2.777032
846	-2214.172	-2383.524	169.3525	1.446253	2.83187
852	-2218.512	-2387.987	169.4749	1.451726	2.754141
858	-2228.354	-2397.959	169.6049	1.61791	2.578977
864	-2224.751	-2394.095	169.344	1.388377	2.870417
870	-2224.385	-2393.879	169.4934	1.590933	2.663199
876	-2222.879	-2391.77	168.8907	1.411907	3.12897
882	-2214.162	-2383.625	169.4631	1.504348	2.731085
888	-2212.539	-2382.228	169.6898	1.504348	2.591543
894	-2216.802	-2385.719	168.9169	1.564594	3.027745
900	-2221.543	-2390.576	169.0337	1.564594	2.957611
906	-2218.172	-2387.627	169.455	1.709054	2.620608
912	-2228.319	-2397.263	168.9444	1.561725	3.012818
918	-2223.279	-2392.778	169.4991	1.432356	2.75059
924	-2227.187	-2396.324	169.1362	1.557776	2.899638
930	-2232.998	-2402.318	169.3206	1.777744	2.665645
936	-2235.205	-2404.087	168.8822	1.620119	3.017926
942	-2234.904	-2404.31	169.4058	1.435606	2.805593
948	-2220.482	-2390.082	169.6004	1.48924	2.655525
954	-2223.432	-2392.668	169.2367	1.412576	2.921286
960	-2222.89	-2392.344	169.454	1.609986	2.676623
966	-2225.403	-2394.636	169.2329	1.743307	2.738299
972	-2237.618	-2406.869	169.2515	1.779707	2.707027
978	-2239.26	-2408.795	169.5352	1.34695	2.778432
984	-2229.965	-2399.607	169.6418	1.335839	2.71979
990	-2228.709	-2397.898	169.1887	1.361132	2.979842
996	-2227.387	-2396.272	168.885	1.847882	2.893632
1002	-2219.24	-2388.488	169.2483	1.448588	2.893632
1008	-2214.97	-2384.191	169.2214	1.448588	2.909891
1014	-2224.92	-2394.15	169.2299	1.72288	2.751256
1020	-2215.226	-2384.394	169.1682	1.655215	2.826054
1026	-2216.201	-2385.538	169.3365	1.473369	2.826054
1032	-2231.327	-2400.664	169.3365	1.473369	2.826054
1038	-2232.798	-2402.317	169.519	1.839004	2.50924
1044	-2225.26	-2394.614	169.3532	1.668627	2.705695
1050	-2228.173	-2397.218	169.0443	1.43321	3.025161
1056	-2231.514	-2400.497	168.9828	1.43321	3.061973
1062	-2227.866	-2396.673	168.8065	1.62236	3.061973
1068	-2213.267	-2382.49	169.2227	1.62236	2.81117
1074	-2223.237	-2392.28	169.043	1.601362	2.931621
1080	-2220.055	-2389.328	169.273	1.643698	2.768617
1086	-2221.079	-2390.26	169.1811	1.61175	2.842319
1092	-2223.406	-2392.785	169.3783	1.401004	2.842319
1098	-2236.383	-2405.151	168.768	1.610047	3.091714
1104	-2229.877	-2399.069	169.1912	1.834177	2.714594
1110	-2232.372	-2401.844	169.4714	1.625149	2.657379
1116	-2227.403	-2397.023	169.6204	1.665532	2.54237
1122	-2235.031	-2404.502	169.4713	1.450641	2.756963
1128	-2225.548	-2394.849	169.3009	1.579747	2.787372
1134	-2215.704	-2384.815	169.1113	1.568873	2.908468
1140	-2231.024	-2400.267	169.2429	1.568873	2.828754
1146	-2227.453	-2396.824	169.371	1.432187	2.828754
1152	-2228.263	-2397.5	169.2366	1.5757	2.828754
1158	-2226.983	-2396.216	169.2323	1.844227	2.683959
1164	-2229.666	-2398.97	169.3038	1.777441	2.676191
1170	-2220.728	-2390.552	169.8246	1.508402	2.505305
1176	-2230.963	-2400.29	169.3274	1.454219	2.84254
1182	-2228.499	-2397.596	169.097	1.727764	2.829545
1188	-2221.502	-2390.874	169.3714	1.576723	2.746048
1194	-2223.889	-2393.026	169.1374	1.836987	2.746048
1200	-2216.229	-2385.611	169.3823	1.509877	2.777295
1206	-2228.92	-2398.321	169.4012	1.489756	2.777295
1212	-2231.682	-2400.894	169.2124	1.390632	2.948586
1218	-2218.035	-2387.062	169.0269	1.628648	2.92625
1224	-2222.733	-2391.848	169.1148	1.659062	2.856336
1230	-2222.921	-2392.415	169.4947	1.638729	2.635393
1236	-2230.675	-2400.517	169.8413	1.271715	2.635393
1242	-2240.533	-2410.045	169.5119	1.298061	2.821392
1248	-2231.034	-2399.992	168.9581	1.5378	3.017944
1254	-2227.881	-2397.396	169.5141	1.33772	2.796667
1260	-2230.045	-2399.235	169.19	1.513228	2.892122
1266	-2216.512	-2385.836	169.324	1.555102	2.787184
1272	-2214.965	-2384.266	169.3007	1.756124	2.689709
1278	-2232.761	-2402.183	169.422	1.459471	2.782003
1284	-2219.342	-2388.892	169.5495	1.764797	2.531061
1290	-2219.127	-2388.346	169.2188	1.617291	2.816337
1296	-2221.745	-2391.088	169.3436	1.310098	2.916218
1302	-2222.615	-2391.719	169.1044	1.843576	2.762675
1308	-2217.557	-2386.439	168.8825	1.75895	2.942457
1314	-2219.292	-2388.999	169.7075	1.464705	2.603637
1320	-2235.47	-2404.64	169.17	1.536607	2.891067
1326	-2224.842	-2394.176	169.3345	1.536607	2.791251
1332	-2229.491	-2398.897	169.4061	1.669036	2.672989
1338	-2233.128	-2402.441	169.3126	1.594548	2.771932
1344	-2230.158	-2399.688	169.5295	1.462014	2.714805
1350	-2229.616	-2398.41	168.7943	1.491525	3.141526
1356	-2226.242	-2395.708	169.4663	1.532425	2.713104
1362	-2240.289	-2409.126	168.8374	1.407053	3.163365
1368	-2249.417	-2418.646	169.2284	1.544736	2.851153
1374	-2230.714	-2399.748	169.0334	1.625481	2.924065
1380	-2223.546	-2392.615	169.0696	1.586016	2.924065
1386	-2214.509	-2383.735	169.2254	1.745592	2.741613
1392	-2221.953	-2391.334	169.3812	1.4599	2.806556
1398	-2227.113	-2396.684	169.5712	1.472847	2.682955
1404	-2235.137	-2404.636	169.4984	1.698313	2.599722
1410	-2223.14	-2392.308	169.1672	1.444411	2.944943
1416	-2213.967	-2383.231	169.2642	1.643565	2.774105
1422	-2219.394	-2388.531	169.1374	1.570345	2.891835
1428	-2220.373	-2389.836	169.463	1.580716	2.687652
1434	-2228.645	-2397.965	169.3196	1.580716	2.775423
1440	-2223.289	-2392.848	169.5587	1.656681	2.585676
1446	-2228.447	-2398.167	169.7197	1.523127	2.562094
1452	-2234.542	-2403.647	169.1055	1.603972	2.892399
1458	-2239.728	-2408.917	169.1895	1.513311	2.892399
1464	-2228.932	-2398.344	169.4122	1.330086	2.863068
1470	-2231.147	-2400.616	169.469	1.565229	2.692737
1476	-2240.102	-2409.189	169.0872	1.690134	2.856024
1482	-2226.232	-2395.448	169.2165	1.638369	2.806019
1488	-2232.397	-2401.512	169.1147	1.47728	2.957872
1494	-2229.256	-2398.407	169.151	1.47728	2.936052
1500	-2222.724	-2391.827	169.1033	1.528144	2.936052
1506	-2229.259	-2398.8	169.5416	1.423234	2.729903
1512	-2233.802	-2402.798	168.9964	1.679451	2.916782
1518	-2233.765	-2403.01	169.2454	1.411337	2.916782
1524	-2227.222	-2396.752	169.5301	1.547019	2.665545
1530	-2212.543	-2381.872	169.3286	1.768992	2.665545
1536	-2216.561	-2385.941	169.3803	1.711102	2.665545
1542	-2219.063	-2388.145	169.0815	1.858289	2.768801
1548	-2218.187	-2387.823	169.6364	1.332777	2.724956
1554	-2212.609	-2382.131	169.5222	1.304398	2.811403
1560	-2218.82	-2387.957	169.1362	1.502397	2.930734
1566	-2228.682	-2397.858	169.176	1.460104	2.930734
1572	-2218.997	-2388.425	169.4277	1.52424	2.741372
1578	-2214.922	-2383.982	169.0601	1.531461	2.960242
1584	-2216.392	-2385.409	169.017	1.666049	2.911644
1590	-2234.559	-2403.735	169.1754	1.657072	2.820669
1596	-2226.421	-2396.005	169.5848	1.529263	2.642073
1602	-2218.538	-2387.776	169.2384	1.598884	2.8147
1608	-2225.093	-2394.308	169.2158	1.586105	2.835527
1614	-2219.387	-2388.555	169.1684	1.472335	2.928372
1620	-2223.126	-2392.279	169.1528	1.804308	2.754152
1626	-2222.085	-2391.326	169.2412	1.570757	2.82874
1632	-2220.418	-2389.733	169.3143	1.530028	2.807279
1638	-2213.804	-2382.952	169.1481	1.500797	2.924501
1644	-2209.568	-2379.158	169.5907	1.461451	2.677542
1650	-2224.945	-2393.93	168.9848	1.535078	3.003443
1656	-2223.635	-2392.62	168.9848	1.535078	3.003443
1662	-2228.042	-2397.651	169.609	1.362819	2.723966
1668	-2225.141	-2394.76	169.6191	1.617213	2.57059
1674	-2221.144	-2390.503	169.3589	1.650774	2.712164
1680	-2222.839	-2392.295	169.4556	1.650774	2.652707
1686	-2218.987	-2387.726	168.7394	1.693658	3.063404
1692	-2213.672	-2383.041	169.3694	1.693658	2.681853
1698	-2217.543	-2386.469	168.926	1.585145	3.010924
1704	-2215.605	-2385.016	169.4105	1.581694	2.719295
1710	-2223.418	-2393.091	169.6731	1.304333	2.719295
1716	-2227.357	-2396.208	168.8515	1.710715	2.987068
1722	-2245.315	-2414.286	168.971	1.579359	2.987068
1728	-2235.555	-2404.456	168.9014	1.655485	2.987068
1734	-2228.717	-2398.465	169.7474	1.271595	2.693276
1740	-2223.485	-2392.569	169.084	1.660065	2.874432
1746	-2224.603	-2393.789	169.1858	1.739908	2.768915
1752	-2225.656	-2395.129	169.4732	1.739908	2.592206
1758	-2226.72	-2396.14	169.4197	1.503283	2.758269
1764	-2222.112	-2391.449	169.337	1.427471	2.852071
1770	-2228.431	-2397.84	169.4088	1.427471	2.808476
1776	-2220.926	-2390.045	169.1182	1.617469	2.877257
1782	-2235.38	-2404.587	169.2069	1.503965	2.88718
1788	-2234.426	-2403.572	169.1459	1.415436	2.974331
1794	-2222.398	-2391.544	169.1457	1.607276	2.866282
1800	-2226.607	-2395.785	169.1775	1.551366	2.87821
1806	-2233.637	-2402.398	168.7605	1.929581	2.92611
1812	-2222.264	-2391.489	169.2255	1.508406	2.873377
1818	-2220.653	-2390.212	169.5591	1.503976	2.672423
1824	-2233.124	-2402.691	169.5666	1.625499	2.598437
1830	-2219.322	-2388.823	169.5015	1.625499	2.638637
1836	-2226.82	-2396.451	169.6313	1.578318	2.585149
1842	-2227.561	-2397.182	169.6206	1.390521	2.700596
1848	-2231.079	-2400.596	169.5167	1.68807	2.594138
1854	-2230.052	-2399.205	169.1535	1.638423	2.844277
1860	-2222.759	-2391.819	169.0604	1.435526	3.014211
1866	-2230.243	-2399.694	169.4504	1.302832	2.85593
1872	-2228.896	-2397.946	169.05	1.581202	2.938568
1878	-2228.991	-2398.196	169.2053	1.427017	2.931973
1884	-2223.166	-2392.297	169.1307	1.35073	3.020619
1890	-2235.773	-2404.957	169.1838	1.576794	2.860195
1896	-2221.365	-2390.057	168.6917	1.6825	3.097883
1902	-2233.047	-2402.502	169.4545	1.41795	2.786191
1908	-2225.111	-2394.374	169.263	1.665952	2.762405
1914	-2233.403	-2402.611	169.2075	1.727522	2.762405
1920	-2230.566	-2399.584	169.0172	1.760448	2.860283
1926	-2231.939	-2401.118	169.1781	1.706617	2.791801
1932	-2226.144	-2395.67	169.5263	1.79301	2.529912
1938	-2232.482	-2401.419	168.9368	1.938628	2.814617
1944	-2226.639	-2395.728	169.0889	1.471697	2.976545
1950	-2222.846	-2392.235	169.3891	1.437565	2.814617
1956	-2236.321	-2405.727	169.406	1.592232	2.716104
1962	-2233.709	-2402.947	169.2379	1.435849	2.907253
1968	-2242.13	-2411.419	169.2892	1.381949	2.907253
1974	-2227.731	-2397.163	169.4322	1.564631	2.715664
1980	-2220.816	-2390.177	169.3608	1.415474	2.844567
1986	-2226.872	-2396.016	169.1445	1.647747	2.844567
1992	-2221.184	-2390.598	169.4141	1.674152	2.665211
1998	-2237.189	-2406.269	169.0793	1.580544	2.921286
2004	-2226.062	-2395.368	169.3052	1.558375	2.796774
2010	-2215.846	-2385.113	169.2671	1.558375	2.819959
2016	-2231.218	-2399.977	168.7589	1.569565	3.119349
2022	-2228.326	-2397.832	169.5062	1.434394	2.745084
2028	-2217.692	-2387.284	169.5924	1.463221	2.675515
2034	-2221.303	-2390.141	168.8388	1.584648	3.063359
2040	-2215.501	-2384.204	168.7031	1.663046	3.101546
2046	-2211.824	-2381.073	169.2484	1.661136	2.773982
2052	-2221.14	-2390.515	169.3754	1.405559	2.841413
2058	-2221.562	-2391.178	169.6161	1.595617	2.58472
2064	-2216.904	-2386.481	169.5769	1.651078	2.577578
2070	-2225.31	-2394.622	169.3118	1.298934	2.941938
2076	-2222.626	-2391.935	169.3089	1.599689	2.77128
2082	-2223.841	-2393.534	169.6929	1.514482	2.583748
2088	-2231.064	-2400.348	169.2838	1.582576	2.796205
2094	-2246.841	-2416.139	169.2988	1.484234	2.842734
2100	-2236.036	-2405.348	169.3126	1.655481	2.737923
2106	-2225.099	-2394.049	168.9504	1.655481	2.95757
2112	-2234.903	-2404.211	169.3076	1.484664	2.837142
2118	-2239.98	-2409.542	169.5614	1.632311	2.597786
2124	-2233.693	-2402.732	169.0392	1.533383	2.971711
2130	-2233.786	-2403.034	169.2483	1.664464	2.772203
2136	-2233.09	-2402.45	169.3601	1.558914	2.763019
2142	-2241.787	-2410.747	168.9602	1.60682	2.978391
2148	-2226.145	-2395.434	169.2885	1.664348	2.747705
2154	-2228.417	-2397.815	169.3981	1.519487	2.762208
2160	-2245.352	-2414.079	168.727	1.84631	2.989666
2166	-2219.326	-2388.452	169.1265	1.84631	2.747728
2172	-2231.469	-2400.334	168.8643	1.683417	2.994107
2178	-2233.688	-2403.067	169.3791	1.719231	2.661777
2184	-2228.878	-2398.281	169.4024	1.584149	2.722912
2190	-2232.182	-2400.854	168.672	1.588295	3.160717
2196	-2216.15	-2385.469	169.3192	1.508011	2.816814
2202	-2225.218	-2393.915	168.6969	1.508011	3.190173
2208	-2227.854	-2397.335	169.481	1.388786	2.786946
2214	-2228.541	-2397.697	169.1559	1.751106	2.781031
2220	-2227.629	-2396.789	169.1597	1.824073	2.739342
2226	-2235.892	-2404.917	169.0251	1.71845	2.878219
2232	-2237.784	-2406.577	168.7929	1.678088	3.039816
2238	-2231.201	-2400.883	169.6821	1.610232	2.535363
2244	-2231.774	-2401.239	169.4655	1.455663	2.75766
2250	-2245.032	-2414.661	169.6295	1.592899	2.577948
2256	-2237.606	-2406.46	168.8543	1.588707	3.051888
2262	-2221.767	-2391.056	169.2884	1.428807	2.88072
2268	-2224.657	-2394.252	169.5953	1.503335	2.650523
2274	-2224.25	-2393.332	169.0819	1.557794	2.932344
2280	-2229.547	-2398.717	169.1703	1.490054	2.917188
2286	-2236.935	-2405.886	168.9502	1.402661	3.09876
2292	-2239.197	-2408.628	169.4315	1.402661	2.809029
2298	-2234.619	-2404.045	169.4262	1.424442	2.799625
2304	-2223.011	-2392.046	169.0354	1.436186	3.028786
2310	-2224.586	-2394.142	169.556	1.534242	2.656949
2316	-2224.413	-2393.885	169.472	1.534242	2.70855
2322	-2220.538	-2389.932	169.394	1.519782	2.764498
2328	-2221.543	-2390.641	169.0975	1.848002	2.764498
2334	-2225.029	-2394.236	169.2074	1.729747	2.761242
2340	-2223.605	-2392.834	169.2292	1.81074	2.703952
2346	-2227.079	-2396.543	169.4645	1.550361	2.703952
2352	-2232.203	-2401.41	169.2074	2.094872	2.567462
2358	-2227.783	-2397.033	169.2505	1.787059	2.703652
2364	-2217.186	-2386.653	169.4668	1.63475	2.654834
2370	-2219.219	-2388.682	169.4634	1.583226	2.685961
2376	-2217.049	-2386.58	169.5309	1.510618	2.685961
2382	-2220.245	-2389.486	169.2416	1.969192	2.611809
2388	-2217.775	-2387.129	169.3543	1.512291	2.792973
2394	-2225.208	-2394.476	169.2681	1.635838	2.776006
2400	-2233.066	-2402.304	169.2376	1.462559	2.892148
2406	-2235.923	-2405.212	169.2896	1.445917	2.870218
2412	-2227.67	-2396.881	169.2116	1.528963	2.870218
2418	-2232.062	-2401.026	168.9644	1.529863	3.018594
2424	-2230.472	-2399.714	169.2426	1.529863	2.850919
2430	-2220.295	-2389.55	169.2549	1.4582	2.884179
2436	-2220.55	-2389.575	169.025	1.698861	2.888918
2442	-2227.405	-2396.641	169.236	1.662878	2.780587
2448	-2227.391	-2396.559	169.1676	1.766814	2.765386
2454	-2230.577	-2399.729	169.1516	1.564451	2.886567
2460	-2219.686	-2388.993	169.3068	1.410773	2.879996
2466	-2222.679	-2392.303	169.6239	1.410773	2.686696
2472	-2222.107	-2391.619	169.512	1.529551	2.686696
2478	-2213.97	-2383.424	169.4543	1.529068	2.722364
2484	-2213.415	-2382.91	169.4947	1.742073	2.577721
2490	-2231.708	-2400.71	169.0025	1.589706	2.962463
2496	-2233.663	-2402.843	169.1801	1.502978	2.903943
2502	-2224.848	-2393.821	168.9729	1.683913	2.928525
2508	-2227.829	-2397.136	169.3072	1.36462	2.906456
2514	-2227.195	-2396.627	169.4316	1.357634	2.835167
2520	-2237.066	-2405.742	168.6767	1.713548	3.090156
2526	-2223.372	-2392.643	169.2711	1.486373	2.858323
2532	-2221.387	-2390.799	169.4116	1.515713	2.756086
2538	-2217.507	-2386.595	169.0878	1.713852	2.842712
2544	-2219.999	-2389.258	169.259	1.579774	2.812856
2550	-2217.021	-2386.211	169.1894	1.590032	2.849402
2556	-2220.234	-2389.496	169.2622	1.739357	2.722523
2562	-2218.719	-2388.008	169.2882	1.517783	2.830089
2568	-2225.062	-2394.053	168.9912	1.846373	2.830089
2574	-2218.22	-2387.109	168.8892	1.47469	3.094407
2580	-2221.9	-2391.291	169.3913	1.689855	2.67052
2586	-2211.267	-2380.509	169.2425	1.673894	2.770505
2592	-2213.204	-2382.36	169.1556	1.522944	2.90746
2598	-2216.399	-2385.256	168.8563	1.623472	3.031574
2604	-2219.46	-2388.733	169.2735	1.443678	2.881221
2610	-2221.015	-2390.151	169.1362	1.492099	2.936576
2616	-2226.267	-2395.308	169.041	1.673932	2.89286
2622	-2222.749	-2391.617	168.8682	1.563452	3.057501
2628	-2225.08	-2394.273	169.1925	1.756958	2.755509
2634	-2230.353	-2399.521	169.1679	1.479969	2.924321
2640	-2217.064	-2386.211	169.1472	1.435688	2.961983
2646	-2219.734	-2388.997	169.2635	1.435688	2.891862
2652	-2221.775	-2391.14	169.3648	1.683346	2.690433
2658	-2225.348	-2394.709	169.3607	1.781791	2.638776
2664	-2215.733	-2385.023	169.2902	1.600935	2.782004
2670	-2235.659	-2404.917	169.2589	1.465683	2.877494
2676	-2220.153	-2389.718	169.5652	1.466989	2.690054
2682	-2219.109	-2388.318	169.2089	1.395233	2.94805
2688	-2217.685	-2387.055	169.3705	1.410613	2.841478
2694	-2214.001	-2383.407	169.4064	1.583093	2.721047
2700	-2220.484	-2389.742	169.258	1.583093	2.811574
2706	-2231.517	-2400.798	169.2812	1.583093	2.797484
2712	-2229.881	-2399.347	169.4654	1.511104	2.725856
2718	-2238.215	-2407.097	168.8822	1.375881	3.154452
2724	-2241.994	-2411.708	169.7139	1.544979	2.553052
2730	-2230.869	-2400.378	169.5091	1.535311	2.685206
2736	-2222.701	-2391.729	169.0283	1.535311	2.977163
2742	-2225.922	-2395.066	169.1441	1.412351	2.977163
2748	-2223.657	-2393.167	169.5104	1.673476	2.606193
2754	-2228.236	-2397.628	169.3928	1.589226	2.725883
2760	-2226.154	-2395.675	169.5206	1.452281	2.725883
2766	-2240.113	-2409.006	168.8936	1.422525	3.121203
2772	-2227.084	-2396.525	169.4407	1.648923	2.662948
2778	-2220.263	-2389.571	169.3088	1.487233	2.834914
2784	-2222.323	-2391.449	169.1259	1.678199	2.8391
2790	-2226.117	-2395.022	168.9052	1.645204	2.990355
2796	-2220.471	-2390.096	169.6256	1.409921	2.686127
2802	-2228.912	-2398.138	169.2253	1.409921	2.9297
2808	-2222.07	-2391.292	169.2227	1.688037	2.774811
2814	-2231.006	-2400.216	169.2103	1.701756	2.774811
2820	-2223.318	-2392.604	169.2866	1.639192	2.762815
2826	-2215.976	-2385.022	169.0467	1.72145	2.8635
2832	-2226.24	-2395.687	169.4468	1.484635	2.752353
2838	-2218.384	-2387.928	169.5443	1.484635	2.692688
2844	-2230.13	-2398.954	168.824	1.796451	2.957682
2850	-2227.337	-2396.585	169.2478	1.442774	2.897264
2856	-2219.335	-2388.475	169.1398	1.562793	2.894636
2862	-2219.938	-2389.023	169.0844	1.813794	2.790782
2868	-2218.095	-2387.014	168.9187	1.313001	3.168812
2874	-2232.957	-2402.254	169.2971	1.764055	2.687598
2880	-2230.257	-2399.458	169.2007	1.599734	2.837089
2886	-2223.19	-2392.441	169.2515	1.544815	2.837089
2892	-2222.942	-2392.242	169.2999	1.504929	2.830295
2898	-2224.737	-2393.893	169.1556	1.614933	2.856028
2904	-2235.886	-2405.003	169.1166	1.603053	2.886189
2910	-2226.174	-2395.876	169.7021	1.590062	2.534437
2916	-2230.285	-2399.545	169.2594	1.441612	2.890943
2922	-2235.621	-2404.681	169.0604	1.894648	2.762419
2928	-2242.712	-2411.802	169.0903	1.95128	2.714344
2934	-2238.338	-2407.753	169.415	1.481706	2.773471
2940	-2238.029	-2407.248	169.2187	1.827763	2.701197
2946	-2224.637	-2394.276	169.6393	1.392395	2.688043
2952	-2226.349	-2395.618	169.269	1.336341	2.94588
2958	-2213.581	-2382.785	169.2042	1.560297	2.857022
2964	-2212.249	-2381.417	169.1678	1.616406	2.847794
2970	-2224.81	-2393.954	169.1439	1.605803	2.86819
2976	-2242.727	-2412.155	169.4287	1.49871	2.755359
2982	-2224.416	-2393.845	169.4288	1.436239	2.791209
2988	-2228.403	-2397.917	169.5144	1.42124	2.747699
2994	-2229.323	-2398.274	168.951	1.482094	3.053357
3000	-2233.41	-2402.812	169.4013	1.506686	2.767544
3006	-2225.927	-2395.354	169.4263	1.345399	2.84552
3012	-2225.801	-2394.86	169.059	1.224849	3.13655
3018	-2219.724	-2388.801	169.0773	1.614055	2.903882
3024	-2228.716	-2397.975	169.2583	1.442074	2.891344
3030	-2229.437	-2398.623	169.1866	1.518329	2.891344
3036	-2220.502	-2389.912	169.4106	1.593163	2.712791
3042	-2228.882	-2398.685	169.8028	1.435119	2.561902
3048	-2229.956	-2398.809	168.8524	1.74609	2.967481
3054	-2223.2	-2392.327	169.1275	1.631225	2.86403
3060	-2231	-2400.039	169.0397	1.537799	2.968944
3066	-2234.442	-2403.594	169.1525	1.733904	2.792457
3072	-2228.745	-2397.495	168.7502	1.653336	3.078751
3078	-2225.061	-2394.114	169.0524	1.645666	2.901491
3084	-2233.537	-2402.527	168.9899	1.714728	2.901491
3090	-2240.432	-2409.877	169.4448	1.734976	2.612567
3096	-2233.54	-2403.16	169.6204	1.557797	2.603698
3102	-2232.684	-2401.844	169.1596	1.354155	3.001336
3108	-2220.998	-2390.175	169.1769	1.581363	2.861804
3114	-2229.279	-2398.554	169.2744	1.428107	2.889589
3120	-2242.035	-2411.276	169.2418	1.380124	2.936944
3126	-2236.917	-2406.273	169.3561	1.677291	2.699125
3132	-2239.052	-2407.992	168.94	1.788537	2.8919
3138	-2242.741	-2412.011	169.2705	1.610476	2.788694
3144	-2251.486	-2420.78	169.2931	1.410034	2.888679
3150	-2242.056	-2411.039	168.9835	1.603423	2.966254
3156	-2229.884	-2399.082	169.1982	1.586791	2.845843
3162	-2234.952	-2404.497	169.5453	1.263711	2.821404
3168	-2234.596	-2403.628	169.0321	1.574643	2.952955
3174	-2229.373	-2398.638	169.2651	1.473317	2.869364
3180	-2227.567	-2397.083	169.5153	1.654031	2.614089
3186	-2232.857	-2402.151	169.2932	1.895946	2.618747
3192	-2229.236	-2398.675	169.4397	1.471272	2.764412
3198	-2221.798	-2391.526	169.728	1.390908	2.634299
3204	-2222.717	-2392.135	169.4176	1.725978	2.634299
3210	-2223.135	-2392.248	169.1129	1.649752	2.862632
3216	-2229.494	-2398.678	169.1838	1.580564	2.858035
3222	-2223.556	-2393.038	169.4818	1.679456	2.62054
3228	-2221.941	-2391.009	169.0682	1.435267	3.009672
3234	-2216.275	-2385.187	168.912	1.724831	2.943037
3240	-2219.986	-2389.523	169.5362	1.339389	2.782277
3246	-2217.586	-2387.222	169.6355	1.674504	2.527894
3252	-2224.329	-2394.086	169.7575	1.674504	2.451617
3258	-2238.349	-2407.377	169.0273	1.439373	3.031828
3264	-2238.554	-2408.014	169.4603	1.59796	2.679582
3270	-2229.802	-2399.03	169.228	1.539308	2.854436
3276	-2224.159	-2393.313	169.154	1.588302	2.871768
3282	-2220.122	-2389.314	169.1921	1.588302	2.848712
3288	-2217.184	-2386.299	169.115	1.672744	2.848712
3294	-2231.133	-2400.215	169.0828	1.529116	2.947866
3300	-2227.589	-2397.203	169.6141	1.439882	2.675741
3306	-2230.801	-2400.486	169.685	1.458296	2.62128
3312	-2236.674	-2405.487	168.8135	1.698775	3.016279
3318	-2229.539	-2398.381	168.8422	1.506471	3.104633
3324	-2226.031	-2394.751	168.7207	1.638022	3.104633
3330	-2232.396	-2401.133	168.7365	1.620696	3.104633
3336	-2232.603	-2401.437	168.8339	1.905136	2.894513
3342	-2233.334	-2402.818	169.4846	1.617644	2.653479
3348	-2221.805	-2391.368	169.5625	1.577335	2.62827
3354	-2232.098	-2401.253	169.1555	1.733403	2.790915
3360	-2223.71	-2393.058	169.3487	1.805681	2.633164
3366	-2225.297	-2394.76	169.4627	1.640071	2.654337
3372	-2223.807	-2393.096	169.2892	1.609097	2.778037
3378	-2223.4	-2392.457	169.0569	1.840233	2.793412
3384	-2240.708	-2409.833	169.1255	1.619842	2.871491
3390	-2226.428	-2395.821	169.3927	1.58568	2.727958
3396	-2224.152	-2393.598	169.4454	1.741227	2.608724
3402	-2225.635	-2394.935	169.3005	1.802597	2.664532
3408	-2228.797	-2398.156	169.3589	1.802597	2.628493
3414	-2220.112	-2389.001	168.8887	1.399711	3.137059
3420	-2226.597	-2395.608	169.0104	1.599181	2.952414
3426	-2233.296	-2402.419	169.1232	1.672736	2.843719
3432	-2223.707	-2392.909	169.2022	1.44457	2.923776
3438	-2236.483	-2406.12	169.6377	1.420701	2.67239
3444	-2236.071	-2405.174	169.1028	1.544138	2.927437
3450	-2229.827	-2399.32	169.4931	1.544138	2.689968
3456	-2223.302	-2392.721	169.4191	1.540153	2.737587
3462	-2242.389	-2411.214	168.8248	1.573936	3.077654
3468	-2236.847	-2406.026	169.1798	1.427487	2.94707
3474	-2234.986	-2403.942	168.9564	1.668134	2.94707
3480	-2234.279	-2403.555	169.2762	1.664372	2.755239
3486	-2225.189	-2394.073	168.884	1.740321	2.951547
3492	-2216.961	-2386.071	169.11	1.740321	2.814859
3498	-2221.603	-2390.616	169.0134	1.511488	2.9995
3504	-2226.668	-2395.867	169.1992	1.422021	2.93851
3510	-2224.713	-2393.953	169.2407	1.592625	2.816762
3516	-2224.87	-2394.411	169.5411	1.516916	2.676049
3522	-2219.214	-2388.62	169.406	1.404225	2.823647
3528	-2224.545	-2393.542	168.9968	1.792602	2.85536
3534	-2228.495	-2397.663	169.1685	1.601995	2.85536
3540	-2224.255	-2393.644	169.3881	1.400633	2.836582
3546	-2234.127	-2403.293	169.1658	1.756128	2.772253
3552	-2238.658	-2407.684	169.0251	1.60125	2.942421
3558	-2240.341	-2409.497	169.1556	1.60125	2.863606
3564	-2233.538	-2402.646	169.1084	1.731626	2.820549
3570	-2246.421	-2415.872	169.4512	1.620995	2.672149
3576	-2224.982	-2394.158	169.1751	1.556731	2.876645
3582	-2233.494	-2402.61	169.1158	1.735346	2.814046
3588	-2226.071	-2395.239	169.1688	1.676406	2.814046
3594	-2241.13	-2410.328	169.1981	1.457663	2.918797
3600	-2223.512	-2392.742	169.2299	1.424063	2.918797
3606	-2226.424	-2395.584	169.1607	1.510347	2.91147
3612	-2220.136	-2389.442	169.3056	1.852104	2.634631
3618	-2221.864	-2391.161	169.2963	1.697141	2.724816
3624	-2221.24	-2390.288	169.0476	1.606935	2.925748
3630	-2225.069	-2394.342	169.2728	1.601022	2.792523
3636	-2221.609	-2390.962	169.3527	1.546845	2.774355
3642	-2234.717	-2403.98	169.2628	1.623398	2.786129
3648	-2237.164	-2406.56	169.3956	1.371394	2.849003
3654	-2226.551	-2395.732	169.1801	1.678693	2.805876
3660	-2228.495	-2398.039	169.5432	1.500381	2.68427
3666	-2231	-2400.34	169.3394	1.412297	2.85936
3672	-2236.08	-2405.521	169.441	1.412297	2.797658
3678	-2234.798	-2404.085	169.2869	1.480877	2.851847
3684	-2237.699	-2407.221	169.5222	1.308336	2.809034
3690	-2232.148	-2401.545	169.3977	1.438397	2.808932
3696	-2224.179	-2393.2	169.021	1.675764	2.903945
3702	-2231.402	-2400.408	169.0063	1.675764	2.912816
3708	-2227.629	-2396.721	169.0915	1.582444	2.912816
3714	-2212.674	-2382.07	169.3955	1.54444	2.749564
3720	-2231.218	-2400.745	169.527	1.643906	2.612498
3726	-2223.926	-2393.37	169.4437	1.392141	2.807727
3732	-2232.812	-2402.147	169.335	1.507004	2.807727
3738	-2224.39	-2393.371	168.981	1.476106	3.038778
3744	-2237.985	-2407.087	169.1025	1.623662	2.8833
3750	-2227.554	-2396.887	169.3321	1.378522	2.8833
3756	-2225.667	-2395.041	169.3736	1.592992	2.735513
3762	-2226.042	-2395.148	169.1066	1.683715	2.847783
3768	-2229.147	-2397.933	168.7863	1.780799	2.988656
3774	-2218.042	-2387.29	169.2476	1.614729	2.800222
3780	-2209.147	-2378.416	169.2694	1.477739	2.864272
3786	-2221.513	-2390.671	169.1573	1.664316	2.827641
3792	-2225.024	-2394.263	169.2395	1.469824	2.886847
3798	-2225.723	-2394.916	169.1933	1.519107	2.886847
3804	-2214.082	-2383.253	169.1714	1.725757	2.785369
3810	-2227.502	-2396.837	169.3353	1.531061	2.793928
3816	-2232.999	-2402.206	169.2076	1.58714	2.839945
3822	-2222.209	-2391.685	169.4765	1.466008	2.744936
3828	-2224.147	-2393.554	169.4069	1.465835	2.787498
3834	-2227.534	-2396.985	169.4513	1.488767	2.747247
3840	-2236.356	-2405.479	169.1229	1.67801	2.841016
3846	-2228.411	-2397.524	169.113	1.884517	2.735663
3852	-2232.114	-2401.325	169.2118	1.711429	2.768581
3858	-2236.971	-2406.043	169.0713	1.657706	2.883442
3864	-2229.284	-2398.132	168.8488	1.466122	3.123335
3870	-2229.064	-2398.546	169.4811	1.667496	2.627664
3876	-2230.843	-2400.247	169.4034	1.618017	2.703183
3882	-2233.217	-2402.67	169.4525	1.443924	2.772338
3888	-2240.952	-2409.768	168.8152	1.512666	3.117266
3894	-2226.813	-2396.024	169.2105	1.512666	2.880049
3900	-2229.536	-2398.862	169.3258	1.722242	2.692893
3906	-2237.215	-2406.365	169.1496	1.527347	2.90857
3912	-2227.354	-2396.667	169.3136	1.514342	2.816619
3918	-2228.273	-2397.608	169.3354	1.511282	2.805092
3924	-2218.082	-2387.574	169.4913	1.5751	2.673476
3930	-2225.918	-2395.076	169.1583	1.438416	2.953764
3936	-2237.991	-2407.18	169.189	1.790894	2.739245
3942	-2220.041	-2389.559	169.5185	1.431494	2.739211
3948	-2215.827	-2385.143	169.3155	1.431494	2.862786
3954	-2228.346	-2397.76	169.414	1.679876	2.662123
3960	-2207.16	-2376.645	169.4845	1.446268	2.75147
3966	-2215.945	-2385.429	169.4834	1.484371	2.730159
3972	-2218.778	-2388.1	169.3216	1.707165	2.703746
3978	-2222.703	-2391.703	169.0002	1.58871	2.964351
3984	-2237.295	-2406.43	169.1347	1.619907	2.86592
3990	-2228.793	-2397.819	169.0256	1.680549	2.898524
3996	-2225.396	-2394.694	169.2976	1.629307	2.761619
4002	-2219.771	-2388.792	169.021	1.578893	2.957324
4008	-2227.828	-2396.861	169.0329	1.567157	2.956638
4014	-2230.485	-2399.773	169.2872	1.651766	2.755513
4020	-2216.041	-2385.503	169.4617	1.509946	2.728779
4026	-2214.434	-2383.479	169.0453	1.789802	2.827453
4032	-2219.269	-2388.915	169.6453	1.383729	2.689418
4038	-2213.644	-2382.952	169.3071	1.692211	2.720883
4044	-2216.052	-2385.377	169.3245	1.662098	2.726949
4050	-2225.17	-2394.072	168.9016	1.659667	2.984654
4056	-2237.64	-2407.326	169.6866	1.659667	2.504457
4062	-2239.026	-2408.239	169.2136	1.633486	2.810472
4068	-2221.617	-2391.172	169.5547	1.494077	2.680836
4074	-2221.884	-2391.094	169.2105	1.619398	2.820225
4080	-2214.418	-2383.892	169.4735	1.618213	2.660023
4086	-2215.801	-2385.064	169.2635	1.493267	2.858997
4092	-2210.131	-2379.396	169.265	1.736226	2.722518
4098	-2214.317	-2383.665	169.348	1.644151	2.722518
4104	-2224.585	-2394.038	169.4532	1.458568	2.763476
4110	-2233.751	-2402.76	169.0089	1.543456	2.984305
4116	-2214.971	-2384.385	169.4138	1.768068	2.613463
4122	-2224.992	-2394.533	169.5416	1.626192	2.613463
4128	-2225.03	-2394.874	169.8445	1.379572	2.56887
4134	-2223.128	-2392.713	169.5842	1.581352	2.612577
4140	-2230.48	-2399.713	169.2327	1.581352	2.827965
4146	-2233.427	-2402.429	169.002	1.388842	3.07575
4152	-2237.719	-2407.065	169.3459	1.285151	2.929461
4158	-2228.343	-2397.76	169.4166	1.701401	2.648529
4164	-2226.358	-2395.72	169.3628	1.58935	2.744166
4170	-2235.109	-2404.037	168.9275	1.58935	3.007696
4176	-2228.201	-2397.696	169.4944	1.491632	2.719239
4182	-2236.666	-2406.117	169.4519	1.392948	2.802289
4188	-2230.454	-2399.781	169.3266	1.591395	2.765151
4194	-2227.812	-2397.527	169.7149	1.591395	2.525721
4200	-2229.786	-2398.883	169.0973	1.591395	2.904377
4206	-2228.393	-2397.66	169.2669	1.556869	2.82094
4212	-2231.084	-2400.462	169.3786	1.51638	2.775846
4218	-2232.48	-2402.268	169.7878	1.572687	2.490955
4224	-2225.106	-2394.238	169.1313	1.769734	2.785924
4230	-2220.594	-2389.829	169.2349	1.653494	2.786423
4236	-2226.421	-2395.318	168.8967	1.631015	3.003234
4242	-2217.074	-2386.15	169.0757	1.534154	2.949325
4248	-2215.015	-2384.201	169.1857	1.417298	2.949325
4254	-2214.21	-2383.887	169.6765	1.651049	2.515644
4260	-2214.352	-2383.499	169.147	1.475437	2.939464
4266	-2221.384	-2390.644	169.2601	1.768271	2.707973
4272	-2220.382	-2389.872	169.4898	1.700732	2.603703
4278	-2224.815	-2394.437	169.6223	1.449188	2.665261
4284	-2222.531	-2392.036	169.5058	1.377016	2.778738
4290	-2225.281	-2394.79	169.5087	1.549727	2.67721
4296	-2219.583	-2388.85	169.2678	1.520021	2.841209
4302	-2220.851	-2390.186	169.3355	1.521309	2.799344
4308	-2220.143	-2389.467	169.3234	1.749275	2.6795
4314	-2219.233	-2388.491	169.2581	1.662449	2.767336
4320	-2221.815	-2391.078	169.263	1.657077	2.767336
4326	-2217.985	-2387.378	169.3935	1.556654	2.743898
4332	-2218.419	-2387.653	169.2343	1.370288	2.947095
4338	-2220.794	-2390.169	169.3751	1.571813	2.746563
4344	-2222.272	-2391.661	169.3887	1.6048	2.71965
4350	-2221.909	-2390.998	169.0898	1.6048	2.901464
4356	-2219.172	-2388.319	169.1464	1.56751	2.888016
4362	-2227.284	-2396.372	169.0882	1.427118	3.002333
4368	-2222.032	-2391.397	169.365	1.632347	2.718714
4374	-2228.261	-2397.671	169.4092	1.745609	2.628668
4380	-2225.379	-2394.665	169.2855	1.562871	2.806209
4386	-2220.947	-2390.233	169.2855	1.562871	2.806209
4392	-2219.372	-2388.225	168.8533	1.59455	3.049267
4398	-2214.872	-2384.294	169.4213	1.711398	2.64007
4404	-2216.737	-2385.782	169.0453	1.586532	2.938455
4410	-2217.201	-2386.791	169.5895	1.543199	2.631134
4416	-2227.502	-2396.872	169.3696	1.416111	2.838834
4422	-2226.516	-2395.584	169.0674	1.6704	2.87884
4428	-2233.696	-2403.065	169.3691	1.421657	2.835955
4434	-2231.331	-2400.623	169.292	1.503326	2.835955
4440	-2234.856	-2404.027	169.1705	1.409512	2.962918
4446	-2228.096	-2397.605	169.5097	1.348402	2.793102
4452	-2222.456	-2391.778	169.322	1.665393	2.726658
4458	-2232.769	-2402.089	169.3198	1.617154	2.754834
4464	-2238.459	-2407.651	169.1919	1.394833	2.958497
4470	-2221.776	-2391.016	169.24	1.651569	2.784391
4476	-2219.965	-2389.092	169.1265	1.455782	2.962975
4482	-2235.935	-2404.869	168.9339	1.663819	2.962975
4488	-2228.381	-2397.158	168.7772	1.723066	3.024933
4494	-2239.745	-2408.688	168.943	1.541423	3.024933
4500	-2231.383	-2400.358	168.9751	1.54177	3.005498
4506	-2220.249	-2389.35	169.1011	1.417864	2.999844
4512	-2220.443	-2389.519	169.0764	1.40426	3.022405
4518	-2219.079	-2388.113	169.0337	1.477465	3.006467
4524	-2217.545	-2386.409	168.8636	1.661447	3.006467
4530	-2225.513	-2394.508	168.9947	1.55843	2.984469
4536	-2238.492	-2407.478	168.9859	1.55843	2.989763
4542	-2230.997	-2400.245	169.248	1.618467	2.797898
4548	-2233.485	-2402.69	169.2049	1.618467	2.824124
4554	-2224.795	-2394.149	169.3538	1.669378	2.704928
4560	-2221.245	-2390.457	169.2118	1.641628	2.807057
4566	-2242.201	-2411.213	169.012	1.834654	2.823674
4572	-2241.968	-2411.554	169.5859	1.574488	2.61545
4578	-2240.998	-2409.695	168.6974	1.67456	3.098759
4584	-2232.177	-2401.455	169.2776	1.631588	2.77258
4590	-2223.698	-2393.097	169.3989	1.495527	2.775396
4596	-2223.794	-2393.005	169.2113	1.565827	2.849655
4602	-2230.644	-2399.581	168.937	1.50351	3.049743
4608	-2236.209	-2405.868	169.6586	1.50351	2.611339
4614	-2228.009	-2396.879	168.8701	1.823016	2.915808
4620	-2221.918	-2391.578	169.6595	1.527484	2.596921
4626	-2229.947	-2399.726	169.7788	1.381729	2.608327
4632	-2252.016	-2421.323	169.3071	1.433594	2.866675
4638	-2240.811	-2410.108	169.297	1.44421	2.866675
4644	-2236.011	-2405.784	169.7728	1.44421	2.575143
4650	-2226.907	-2396.244	169.3369	1.626767	2.739049
4656	-2226.288	-2395.424	169.1357	1.666142	2.839745
4662	-2225.235	-2394.488	169.2533	1.616954	2.795529
4668	-2222.328	-2391.337	169.0083	1.737226	2.878223
4674	-2215.144	-2384.374	169.2298	1.501134	2.87491
4680	-2220.231	-2389.738	169.5074	1.491517	2.711346
4686	-2225.562	-2395.002	169.4401	1.409782	2.799663
4692	-2223.981	-2393.494	169.5129	1.478048	2.715727
4698	-2236.251	-2405.439	169.1879	1.497335	2.902402
4704	-2237.42	-2406.907	169.4866	1.49347	2.722959
4710	-2237.379	-2406.605	169.2262	1.734384	2.747251
4716	-2235.586	-2405.033	169.4471	1.815618	2.566811
4722	-2222.487	-2391.82	169.3331	1.427619	2.854337
4728	-2237.582	-2407.346	169.764	1.380255	2.618338
4734	-2228.206	-2397.865	169.6593	1.451827	2.640937
4740	-2231.268	-2401.02	169.7522	1.451827	2.583474
4746	-2227.53	-2396.647	169.1173	1.579579	2.898858
4752	-2230.187	-2399.736	169.5494	1.34783	2.769244
4758	-2225.98	-2395.537	169.5574	1.415721	2.72459
4764	-2233.696	-2402.624	168.928	1.372181	3.129331
4770	-2241.037	-2409.991	168.9545	1.802974	2.875458
4776	-2241.18	-2410.364	169.1837	1.618762	2.836864
4782	-2228.028	-2397.058	169.0297	1.734856	2.866537
4788	-2226.658	-2395.928	169.2701	1.444081	2.883058
4794	-2232.956	-2402.135	169.1785	1.69487	2.798003
4800	-2219.127	-2388.377	169.2496	1.616597	2.798003
4806	-2226.91	-2395.963	169.0526	1.562034	2.947654
4812	-2233.5	-2402.63	169.1296	1.4032	2.991129
4818	-2223.203	-2392.474	169.2716	1.663528	2.758513
4824	-2216.331	-2385.916	169.5851	1.684542	2.55364
4830	-2221.344	-2390.649	169.3052	1.612991	2.766126
4836	-2217.999	-2387.169	169.1702	1.762493	2.766126
4842	-2220.266	-2389.443	169.177	1.684362	2.804685
4848	-2230.5	-2399.651	169.151	1.632572	2.848998
4854	-2215.157	-2384.85	169.6924	1.60246	2.533391
4860	-2205.724	-2375.189	169.4642	1.60246	2.674606
4866	-2211.239	-2380.37	169.1314	1.678871	2.835403
4872	-2211.794	-2381.273	169.4798	1.678871	2.622069
4878	-2213.959	-2383.427	169.4679	1.473574	2.745869
4884	-2210.08	-2379.255	169.1749	1.564474	2.872464
4890	-2220.71	-2389.972	169.2617	1.591168	2.804807
4896	-2229.996	-2399.258	169.2617	1.591168	2.804807
4902	-2222.549	-2392.137	169.5884	1.673719	2.557703
4908	-2226.842	-2396.277	169.4345	1.543821	2.726048
4914	-2228.401	-2397.398	168.9967	1.542184	2.99233
4920	-2228.314	-2397.827	169.5136	1.470889	2.719423
4926	-2222.009	-2391.124	169.115	1.470889	2.961325
4932	-2226.322	-2395.285	168.9626	1.398296	3.093876
4938	-2236.089	-2405.581	169.4919	1.398296	2.774802
4944	-2208.198	-2377.633	169.4346	1.371067	2.825516
4950	-2223.303	-2392.193	168.8891	1.539672	3.058172
4956	-2240.011	-2409.473	169.4626	1.414015	2.783511
4962	-2218.039	-2387.507	169.4685	1.337927	2.82433
4968	-2215.141	-2384.027	168.8855	1.747381	2.946858
4974	-2216.03	-2385.475	169.4456	1.339315	2.837381
4980	-2225.001	-2394.185	169.1838	1.617673	2.837381
4986	-2227.201	-2396.65	169.4488	1.567439	2.703889
4992	-2235.639	-2404.896	169.2573	1.80164	2.691599
4998	-2229.229	-2398.669	169.4392	1.528888	2.731734
5004	-2230.099	-2399.055	168.956	1.368581	3.114719
5010	-2227.67	-2397.246	169.5761	1.597324	2.608491
5016	-2228.891	-2397.796	168.9054	1.442512	3.102893
5022	-2228.702	-2397.735	169.0336	1.405415	3.047411
5028	-2228.751	-2398.122	169.3713	1.613426	2.725474
5034	-2233.311	-2402.634	169.3224	1.667023	2.725474
5040	-2229.247	-2398.769	169.5214	1.452216	2.725474
5046	-2238.705	-2407.8	169.0947	1.548807	2.9297
5052	-2239.438	-2408.646	169.2073	1.274811	3.018826
5058	-2220.072	-2389.305	169.2325	1.593617	2.821184
5064	-2223.482	-2392.837	169.355	1.617051	2.733424
5070	-2231.036	-2400.566	169.5298	1.738768	2.557727
5076	-2228.894	-2398.309	169.415	1.732444	2.632372
5082	-2226.657	-2395.654	168.9965	1.669537	2.922151
5088	-2225.468	-2395.281	169.8127	1.587257	2.466971
5094	-2225.338	-2394.301	168.963	1.587257	2.987548
5100	-2231.234	-2400.706	169.4718	1.437755	2.764147
5106	-2231.082	-2400.276	169.1942	1.607011	2.837001
5112	-2237.204	-2406.738	169.5334	1.658274	2.600488
5118	-2230.447	-2400.076	169.6287	1.487089	2.639323
5124	-2232.144	-2401.618	169.4741	1.574933	2.6841
5130	-2230.749	-2399.842	169.0929	1.473901	2.972932
5136	-2229.42	-2398.454	169.0342	1.738084	2.862084
5142	-2231.176	-2400.606	169.4296	1.731719	2.623714
5148	-2233.847	-2403.13	169.2831	1.644925	2.761807
5154	-2225.537	-2395.072	169.535	1.644925	2.60701
5160	-2218.654	-2388.085	169.4314	1.644925	2.670932
5166	-2222.383	-2391.444	169.061	1.53902	2.955476
5172	-2220.599	-2390.353	169.7533	1.53902	2.531948
5178	-2232.757	-2402.084	169.3273	1.474981	2.830682
5184	-2225.272	-2394.63	169.3582	1.442243	2.830682
5190	-2220.615	-2389.929	169.3136	1.442243	2.857783
5196	-2223.255	-2392.353	169.0984	1.674491	2.857783
5202	-2247.101	-2416.429	169.3287	1.940654	2.57293
5208	-2241.525	-2411.09	169.5649	1.672508	2.57293
5214	-2247.303	-2417.007	169.7045	1.545291	2.558737
5220	-2235.005	-2404.108	169.1026	1.600715	2.895951
5226	-2227.051	-2396.023	168.9714	1.569565	2.992293
5232	-2233.215	-2402.39	169.1746	1.638034	2.83168
5238	-2230.473	-2399.852	169.3787	1.68953	2.678466
5244	-2223.124	-2392.107	168.9837	1.607609	2.963862
5250	-2221.515	-2390.902	169.3875	1.625057	2.709005
5256	-2225.399	-2394.5	169.1008	1.713599	2.834983
5262	-2220.592	-2389.908	169.3155	1.480047	2.834983
5268	-2219.575	-2388.942	169.3665	1.469782	2.809853
5274	-2227.022	-2396.698	169.6766	1.430331	2.642845
5280	-2220.2	-2389.351	169.1515	1.718265	2.801615
5286	-2217.525	-2386.565	169.0408	1.498578	2.990299
5292	-2220.707	-2389.583	168.8765	1.691131	2.982617
5298	-2218.857	-2388.257	169.4002	1.517173	2.762208
5304	-2224.097	-2393.707	169.6099	1.274466	2.775712
5310	-2225.399	-2394.56	169.161	1.615844	2.852224
5316	-2221.754	-2390.641	168.8869	1.615844	3.01744
5322	-2221.158	-2389.975	168.817	1.692697	3.01744
5328	-2212.715	-2382.033	169.3179	1.513586	2.814381
5334	-2216.23	-2385.502	169.2717	1.513586	2.842462
5340	-2216.854	-2386.137	169.283	1.697205	2.732913
5346	-2223.206	-2393.054	169.8487	1.575962	2.450897
5352	-2224.766	-2394.293	169.527	1.319253	2.799685
5358	-2216.217	-2385.432	169.215	1.608708	2.823407
5364	-2221.479	-2390.535	169.0567	1.608708	2.919285
5370	-2232.266	-2401.464	169.1989	1.463692	2.914883
5376	-2226.851	-2395.884	169.0322	1.815118	2.821855
5382	-2223.926	-2393.069	169.1432	1.690499	2.821855
5388	-2212.858	-2382.11	169.252	1.470972	2.878646
5394	-2222.501	-2392.412	169.9111	1.470972	2.473164
5400	-2221.278	-2390.731	169.4527	1.67314	2.642001
5406	-2233.646	-2402.823	169.1766	1.67314	2.811103
5412	-2223.751	-2393.102	169.351	1.484747	2.810737
5418	-2221.226	-2390.299	169.0726	1.834512	2.786884
5424	-2225.633	-2395.022	169.3891	1.546695	2.752189
5430	-2220.268	-2389.61	169.342	1.655601	2.71981
5436	-2225.174	-2394.489	169.3157	1.556655	2.791381
5442	-2218.315	-2387.825	169.5103	1.48756	2.711831
5448	-2223.025	-2392.418	169.3931	1.655212	2.688673
5454	-2225.846	-2395.21	169.364	1.687443	2.688673
5460	-2227.816	-2397.49	169.674	1.475331	2.618134
5466	-2220.832	-2390.04	169.2077	1.602129	2.831541
5472	-2217.958	-2386.924	168.9662	1.387283	3.097996
5478	-2225.778	-2395.088	169.31	1.672356	2.73009
5484	-2217.507	-2386.659	169.1513	1.638372	2.845605
5490	-2226.467	-2395.746	169.2785	1.502422	2.844674
5496	-2235.051	-2403.978	168.9273	1.813618	2.88626
5502	-2234.94	-2404.309	169.3698	1.65942	2.700656
5508	-2237.024	-2406.335	169.3113	1.724296	2.700656
5514	-2231.535	-2400.868	169.3328	1.732853	2.682724
5520	-2239.067	-2408.236	169.1685	1.410497	2.963565
5526	-2230.586	-2399.754	169.1685	1.410497	2.963565
5532	-2216.827	-2386.079	169.2527	1.641601	2.782153
5538	-2219.091	-2388.342	169.2508	1.561021	2.828396
5544	-2237.993	-2406.707	168.7137	1.466503	3.203342
5550	-2228.071	-2396.827	168.7559	1.421963	3.203342
5556	-2243.484	-2412.79	169.3057	1.431012	2.868996
5562	-2230.02	-2399.382	169.362	1.435641	2.832187
5568	-2222.688	-2392.152	169.4638	1.50474	2.730448
5574	-2222.73	-2391.654	168.9244	1.74158	2.926526
5580	-2226.15	-2395.647	169.4968	1.511735	2.706226
5586	-2219.055	-2388.588	169.5323	1.511735	2.684435
5592	-2226.401	-2395.589	169.1881	1.449817	2.929265
5598	-2231.469	-2400.553	169.0838	1.561277	2.929265
5604	-2225.999	-2395.155	169.1559	1.487197	2.927463
5610	-2223.722	-2393.003	169.281	1.344828	2.933723
5616	-2226.315	-2395.581	169.2661	1.538562	2.831746
5622	-2225.702	-2394.935	169.2336	1.573606	2.831746
5628	-2227.801	-2397.072	169.2715	1.689842	2.743981
5634	-2232.76	-2402.184	169.424	1.481529	2.768057
5640	-2219.752	-2389.293	169.5414	1.397752	2.744903
5646	-2223.383	-2392.946	169.5635	1.796431	2.504869
5652	-2216.619	-2385.762	169.1437	1.603875	2.869342
5658	-2222.445	-2391.735	169.2901	1.715471	2.718504
5664	-2227.514	-2397.021	169.5064	1.557594	2.674124
5670	-2226.115	-2395.651	169.5364	1.448353	2.718504
5676	-2216.816	-2386.226	169.4107	1.582885	2.718504
5682	-2232.049	-2401.284	169.2345	1.338165	2.965589
5688	-2232.12	-2401.23	169.1093	1.444679	2.979662
5694	-2237.257	-2406.373	169.1161	1.595072	2.890954
5700	-2222.856	-2392.17	169.3141	1.718829	2.701959
5706	-2237.171	-2406.59	169.4188	1.578771	2.715875
5712	-2236.799	-2405.864	169.0657	1.714871	2.855556
5718	-2247.546	-2416.431	168.8854	1.594163	3.030256
5724	-2235.624	-2404.566	168.942	1.523221	3.035736
5730	-2232.371	-2400.975	168.6044	1.523221	3.236533
5736	-2228.351	-2397.29	168.9385	1.624214	2.98189
5742	-2239.981	-2408.943	168.9625	1.720856	2.914754
5748	-2231.591	-2400.363	168.7718	1.624454	3.081566
5754	-2220.841	-2389.961	169.12	1.502122	2.940651
5760	-2230.368	-2399.925	169.5569	1.386635	2.741869
5766	-2228.522	-2397.69	169.1675	1.373575	2.985396
5772	-2227.705	-2397.069	169.3641	1.373575	2.866805
5778	-2228.057	-2397.335	169.2775	1.521446	2.83451
5784	-2223.193	-2392.402	169.2087	1.521446	2.876215
5790	-2223.237	-2392.621	169.3833	1.5142	2.77423
5796	-2222.196	-2391.059	168.8629	1.55364	3.066083
5802	-2217.472	-2386.76	169.2874	1.55364	2.810277
5808	-2218.26	-2387.708	169.4483	1.441941	2.776074
5814	-2215.386	-2384.602	169.2159	1.50086	2.883465
5820	-2212.762	-2382.026	169.2638	1.480329	2.866152
5826	-2232.247	-2401.406	169.1591	1.355566	3.000795
5832	-2223.278	-2392.158	168.88	1.454202	3.11141
5838	-2213.364	-2382.49	169.1262	1.522895	2.925239
5844	-2216.058	-2385.309	169.2503	1.629638	2.790276
5850	-2221.605	-2390.806	169.2005	1.540755	2.870298
5856	-2222.611	-2392.104	169.4927	1.540755	2.692113
5862	-2221.882	-2390.95	169.0675	1.540755	2.950542
5868	-2222.928	-2392.297	169.3693	1.590912	2.739355
5874	-2221.469	-2391.151	169.6821	1.590912	2.546419
5880	-2226.927	-2395.841	168.9139	1.590912	3.014946
5886	-2228.726	-2398.17	169.4432	1.678482	2.644866
5892	-2223.104	-2391.97	168.866	1.819898	2.919918
5898	-2217.054	-2386.123	169.0686	1.704655	2.859367
5904	-2218.074	-2387.393	169.3191	1.616927	2.755421
5910	-2208.893	-2378.114	169.221	1.477915	2.89345
5916	-2218.101	-2387.333	169.2319	1.646486	2.79213
5922	-2233.386	-2402.755	169.3694	1.615952	2.72519
5928	-2225.727	-2395.096	169.3694	1.615952	2.72519
5934	-2220.067	-2389.401	169.3337	1.839144	2.62423
5940	-2214.137	-2383.607	169.4692	1.62082	2.661204
5946	-2223.477	-2392.781	169.3035	1.45849	2.854555
5952	-2222.107	-2390.834	168.7269	1.516802	3.16751
5958	-2216.347	-2385.856	169.5097	1.688232	2.598339
5964	-2220.904	-2389.973	169.0688	1.656761	2.885439
5970	-2229.606	-2399.226	169.6198	1.566399	2.599134
5976	-2228.073	-2397.107	169.0345	1.486181	3.001078
5982	-2224.14	-2393.525	169.3842	1.616836	2.715606
5988	-2226.474	-2395.905	169.4304	1.611843	2.690073
5994	-2224.606	-2394.457	169.8506	1.441831	2.528179
6000	-2222.858	-2392.096	169.2372	1.586539	2.822323
6006	-2224.85	-2394.423	169.5725	1.586539	2.616873
6012	-2219.216	-2388.225	169.0088	1.457675	3.032537
6018	-2220.14	-2389.5	169.3594	1.713915	2.676813
6024	-2224.588	-2394.032	169.4433	1.494784	2.748714
6030	-2227.191	-2396.634	169.4429	1.404924	2.800801
6036	-2219.883	-2389.188	169.3047	1.728978	2.702129
6042	-2219.835	-2388.688	168.8534	1.486256	3.109265
6048	-2229.957	-2399.455	169.4988	1.383577	2.779187
6054	-2236.069	-2405.284	169.2142	1.390118	2.947755
6060	-2241.949	-2410.669	168.7198	1.581462	3.136034
6066	-2234.951	-2403.986	169.035	1.698837	2.882914
6072	-2229.697	-2398.92	169.223	1.494301	2.882914
6078	-2235.798	-2405.323	169.5247	1.516326	2.686478
6084	-2230.091	-2399.727	169.6354	1.544278	2.602123
6090	-2218.431	-2387.696	169.2651	1.544278	2.829086
6096	-2224.798	-2394.615	169.817	1.454644	2.541588
6102	-2216.088	-2384.876	168.7877	1.745324	3.006733
6108	-2220.558	-2390.083	169.5253	1.877707	2.48422
6114	-2222.522	-2391.742	169.2197	1.689462	2.775823
6120	-2219.685	-2388.841	169.1562	1.768683	2.771355
6126	-2229.577	-2398.883	169.3051	1.782306	2.672712
6132	-2225.875	-2394.939	169.0632	1.686851	2.872359
6138	-2228.055	-2397.352	169.2972	1.544607	2.809443
6144	-2227.768	-2396.924	169.1568	1.628267	2.8479
6150	-2225.958	-2395.056	169.0979	1.695974	2.846351
6156	-2223.18	-2392.601	169.4203	1.738922	2.625483
6162	-2226.163	-2395.557	169.3934	1.437719	2.811945
6168	-2214.273	-2383.486	169.2131	1.631381	2.811945
6174	-2222.194	-2391.293	169.0987	1.512799	2.947479
6180	-2216.946	-2386.071	169.1247	1.485034	2.947479
6186	-2217.47	-2386.442	168.9722	1.639434	2.953246
6192	-2214.178	-2383.395	169.2178	1.483351	2.892245
6198	-2214.352	-2383.908	169.5566	1.484978	2.684907
6204	-2218.787	-2387.658	168.8707	1.564075	3.055675
6210	-2225.359	-2394.736	169.3767	1.82878	2.603272
6216	-2228.915	-2398.745	169.8295	1.337473	2.603272
6222	-2226.832	-2396.303	169.4707	1.715622	2.607258
6228	-2218.552	-2387.831	169.2784	1.715808	2.725487
6234	-2231.725	-2401.022	169.2968	1.52578	2.820292
6240	-2219.511	-2388.929	169.4182	1.54719	2.734134
6246	-2221.089	-2390.733	169.6439	1.309448	2.734134
6252	-2226.18	-2395.447	169.267	1.701409	2.740368
6258	-2232.803	-2401.799	168.9955	1.653733	2.931394
6264	-2234.08	-2403.654	169.5743	1.600074	2.608079
6270	-2244.041	-2413.399	169.3578	1.615264	2.73267
6276	-2229.874	-2399.11	169.2363	1.693868	2.763303
6282	-2229.314	-2398.402	169.0884	1.628409	2.889241
6288	-2239.374	-2408.348	168.9748	1.754246	2.889287
6294	-2228.298	-2397.919	169.6209	1.540596	2.613221
6300	-2223.064	-2391.998	168.9339	1.606162	2.994578
6306	-2213.893	-2383.442	169.549	1.491044	2.686073
6312	-2218.282	-2387.767	169.485	1.553011	2.689878
6318	-2208.214	-2377.4	169.1852	1.553011	2.872649
6324	-2216.246	-2385.299	169.0534	1.697241	2.872649
6330	-2218.888	-2388.186	169.2979	1.557682	2.801613
6336	-2220.705	-2390.053	169.3481	1.51204	2.796901
6342	-2222.428	-2391.776	169.3481	1.51204	2.796901
6348	-2230.987	-2400.412	169.4245	1.6192	2.689614
6354	-2229.032	-2398.28	169.2482	1.646912	2.781975
6360	-2232.813	-2402.168	169.355	1.40475	2.85429
6366	-2237.269	-2406.417	169.1481	1.548809	2.897435
6372	-2230.747	-2399.849	169.1017	1.617342	2.887278
6378	-2235.366	-2404.655	169.2893	1.714201	2.719667
6384	-2236.655	-2406.078	169.4233	1.668509	2.662718
6390	-2227.207	-2396.345	169.1388	1.683105	2.828564
6396	-2229.878	-2399.017	169.1388	1.683105	2.828564
6402	-2227.013	-2396.087	169.0747	1.558078	2.93656
6408	-2233.657	-2403.466	169.8098	1.558078	2.485681
6414	-2215.385	-2384.87	169.4855	1.656166	2.631286
6420	-2231.168	-2400.465	169.2978	1.420845	2.879604
6426	-2224.909	-2394.003	169.0941	1.582383	2.91131
6432	-2219.938	-2389.217	169.2789	1.686389	2.741381
6438	-2221.907	-2391.043	169.1352	1.551736	2.903578
6444	-2232.747	-2401.882	169.1352	1.551736	2.903578
6450	-2220.559	-2389.769	169.2098	1.535069	2.867851
6456	-2207.047	-2376.526	169.4792	1.60665	2.663035
6462	-2215.255	-2384.286	169.0316	1.60665	2.935544
6468	-2221.453	-2390.512	169.0591	1.510922	2.972374
6474	-2211.987	-2380.836	168.8491	1.707164	2.99042
6480	-2211.252	-2380.535	169.2831	1.593227	2.790664
6486	-2216.926	-2386.209	169.2831	1.593227	2.790664
6492	-2209.143	-2378.156	169.013	1.570002	2.967024
6498	-2210.078	-2379.251	169.1733	1.751938	2.769951
6504	-2210.785	-2379.975	169.1907	1.355958	2.981649
6510	-2214.073	-2382.927	168.8538	1.819066	2.927736
6516	-2217.306	-2386.614	169.3081	1.438456	2.863301
6522	-2232.53	-2401.584	169.0544	1.418092	3.027737
6528	-2227.988	-2397.537	169.5489	1.50272	2.67941
6534	-2226.982	-2396.36	169.3781	1.50272	2.78398
6540	-2220.399	-2389.657	169.2585	1.453697	2.884578
6546	-2226.908	-2395.39	168.4822	1.453678	3.347072
6552	-2224.831	-2393.642	168.8113	1.448052	3.155773
6558	-2225.043	-2393.966	168.9231	1.521126	3.048202
6564	-2209.412	-2378.566	169.1537	1.548696	2.894102
6570	-2216.85	-2386.184	169.3342	1.357817	2.894102
6576	-2216.218	-2385.373	169.1548	1.446609	2.951186
6582	-2212.626	-2381.96	169.3341	1.890286	2.596482
6588	-2218.741	-2387.961	169.2199	1.561482	2.846881
6594	-2217.738	-2386.785	169.0472	1.726515	2.860443
6600	-2208.425	-2377.757	169.3329	1.59124	2.761373
6606	-2226.563	-2395.916	169.3524	1.587427	2.751615
6612	-2224.906	-2394.049	169.1429	1.544568	2.90297
6618	-2233.122	-2402.54	169.4177	1.552857	2.73125
6624	-2222.436	-2391.566	169.1298	1.548449	2.908705
6630	-2216.691	-2385.762	169.071	1.635163	2.896015
6636	-2221.003	-2390.457	169.454	1.47434	2.753885
6642	-2226.649	-2395.978	169.3292	1.608692	2.753885
6648	-2234.281	-2403.663	169.3822	1.662652	2.691251
6654	-2231.201	-2400.342	169.1401	1.721956	2.806513
6660	-2233.089	-2402.59	169.5008	1.765624	2.560879
6666	-2232.279	-2401.297	169.018	1.819279	2.828231
6672	-2240.186	-2409.841	169.6541	1.318504	2.72252
6678	-2231.432	-2400.836	169.4037	1.583346	2.72252
6684	-2228.614	-2397.923	169.3095	1.630641	2.753623
6690	-2224.054	-2393.496	169.4412	1.488465	2.753623
6696	-2229.841	-2399.159	169.3176	1.646908	2.739615
6702	-2212.639	-2382.168	169.5297	1.59255	2.639907
6708	-2231.318	-2400.782	169.4644	1.474961	2.74717
6714	-2223.376	-2392.86	169.484	1.529865	2.703721
6720	-2226.825	-2395.871	169.0462	1.502993	2.984589
6726	-2226.444	-2395.431	168.9867	1.708839	2.90662
6732	-2219.018	-2388.017	168.9991	1.505246	3.01159
6738	-2221.563	-2391.146	169.5837	1.645019	2.576791
6744	-2225.583	-2394.987	169.4046	1.432481	2.808113
6750	-2221.472	-2390.944	169.4721	1.665825	2.63415
6756	-2224.599	-2393.39	168.7904	1.518927	3.128597
6762	-2218.66	-2388.311	169.6508	1.519957	2.60666
6768	-2211.585	-2380.908	169.323	1.548296	2.791623
6774	-2215.377	-2384.578	169.2006	1.533265	2.874442
6780	-2228.052	-2397.685	169.6336	1.521089	2.616603
6786	-2217.548	-2386.93	169.3822	1.798081	2.616603
6792	-2222.808	-2391.902	169.0936	1.618677	2.891458
6798	-2229.477	-2398.636	169.1594	1.472427	2.93375
6804	-2236.565	-2405.41	168.8451	1.525926	3.092125
6810	-2230.943	-2400.413	169.4707	1.467934	2.747382
6816	-2211.892	-2381.24	169.3484	1.518004	2.793313
6822	-2218.891	-2388.209	169.318	1.463387	2.842981
6828	-2231.922	-2401.109	169.187	1.718182	2.780034
6834	-2220.158	-2389.252	169.094	1.400507	3.014009
6840	-2225.577	-2394.68	169.1026	1.551345	2.923523
6846	-2212.147	-2381.442	169.2957	1.750855	2.695646
6852	-2227.491	-2396.711	169.2208	1.516561	2.871639
6858	-2225.81	-2395.115	169.3053	1.554593	2.798846
6864	-2217.678	-2386.661	168.9836	1.875969	2.819081
6870	-2222.785	-2391.806	169.0203	1.749626	2.864234
6876	-2211.251	-2380.245	168.9945	1.465998	3.036415
6882	-2218.091	-2387.538	169.4475	1.812104	2.568507
6888	-2221.679	-2391.236	169.5564	1.349826	2.763773
6894	-2224.891	-2394.006	169.1147	1.637325	2.868361
6900	-2225.307	-2394.588	169.2808	1.534388	2.82515
6906	-2227.955	-2397.259	169.3035	1.489141	2.837038
6912	-2226.348	-2395.769	169.4216	1.49865	2.759758
6918	-2221.262	-2390.543	169.2808	1.857009	2.647254
6924	-2223.826	-2392.873	169.0475	1.442672	3.01786
6930	-2217.821	-2387.108	169.2875	1.630103	2.767355
6936	-2214.513	-2383.894	169.3818	1.7446	2.64615
6942	-2222.358	-2391.36	169.0022	1.518366	3.002356
6948	-2225.239	-2394.097	168.858	1.661654	3.009729
6954	-2222.195	-2391.378	169.1827	1.440406	2.937892
6960	-2227.046	-2396.326	169.2794	1.583454	2.798403
6966	-2219.985	-2389.026	169.0412	1.848787	2.798403
6972	-2215.779	-2384.996	169.2169	1.472801	2.898804
6978	-2216.046	-2385.639	169.5935	1.527447	2.637718
6984	-2229.463	-2398.39	168.9272	1.573868	3.016393
6990	-2230.618	-2399.593	168.9745	1.50244	3.027862
6996	-2230.38	-2399.272	168.8921	1.591216	3.027862
7002	-2229.63	-2399.301	169.6703	1.512526	2.598875
7008	-2220.331	-2389.253	168.9222	1.755715	2.920286
7014	-2223.643	-2392.855	169.2119	1.54634	2.860216
7020	-2233.38	-2402.514	169.1341	1.474093	2.948027
7026	-2216.331	-2385.805	169.4741	1.474093	2.741738
7032	-2210.767	-2379.591	168.824	1.572452	3.078913
7038	-2226.02	-2395.487	169.4671	1.580089	2.685518
7044	-2231.49	-2401.089	169.5988	1.781514	2.491024
7050	-2226.961	-2396.409	169.4471	1.38084	2.812225
7056	-2224.295	-2393.428	169.1326	1.863171	2.734971
7062	-2228.817	-2398.458	169.641	1.465802	2.644054
7068	-2231.395	-2400.572	169.177	1.405003	2.961607
7074	-2239.994	-2408.774	168.7797	1.598984	3.090745
7080	-2228.028	-2397.311	169.2833	1.560541	2.808902
7086	-2226.518	-2395.587	169.069	1.629719	2.900212
7092	-2232.087	-2401.107	169.0195	1.684241	2.900212
7098	-2237.908	-2406.953	169.0446	1.662327	2.897046
7104	-2233.139	-2402.238	169.0994	1.602236	2.897046
7110	-2231.376	-2400.864	169.4875	1.74776	2.579054
7116	-2236.766	-2406.175	169.4096	1.471675	2.782542
7122	-2233.177	-2402.535	169.3579	1.496272	2.799907
7128	-2244.486	-2413.556	169.07	1.5845	2.92465
7134	-2242.692	-2411.896	169.2045	1.664995	2.7986
7140	-2235.218	-2404.472	169.2538	1.594636	2.807694
7146	-2240.443	-2409.723	169.2804	1.565783	2.807694
7152	-2230.846	-2400.523	169.6764	1.565783	2.564352
7158	-2236.776	-2405.697	168.9205	1.565783	3.024882
7164	-2231.331	-2400.458	169.1266	1.408224	2.990055
7170	-2235.759	-2404.777	169.0186	1.494242	3.006041
7176	-2217.862	-2387.364	169.5025	1.494242	2.71275
7182	-2222.286	-2391.535	169.2485	1.829534	2.681934
7188	-2234.782	-2404.129	169.347	1.806427	2.633806
7194	-2225.788	-2394.645	168.8572	1.806427	2.932359
7200	-2227.037	-2396.201	169.1641	1.612122	2.852433
7206	-2222.192	-2391.664	169.4726	1.64471	2.64567
7212	-2216.664	-2385.961	169.297	1.64471	2.753418
7218	-2221.108	-2390.562	169.4538	1.631626	2.664571
7224	-2224.789	-2393.926	169.1374	1.781736	2.775724
7230	-2237.847	-2406.922	169.0744	1.915867	2.742654
7236	-2220.074	-2389.625	169.5517	1.458503	2.70322
7242	-2223.87	-2392.865	168.9948	1.589151	2.967343
7248	-2228.766	-2398.116	169.3496	1.429455	2.843315
7254	-2218.094	-2387.68	169.5859	1.424263	2.702121
7260	-2224.516	-2393.366	168.8508	1.587549	3.054624
7266	-2224.262	-2393.311	169.049	1.298249	3.099828
7272	-2224.665	-2393.96	169.2953	1.468768	2.853651
7278	-2219.649	-2388.85	169.2007	1.575056	2.850885
7284	-2222.796	-2392.21	169.4137	1.381204	2.832317
7290	-2227.092	-2396.495	169.4035	1.56604	2.73246
7296	-2229.057	-2398.479	169.4228	1.472758	2.773864
7302	-2223.276	-2392.337	169.061	1.561663	2.942812
7308	-2217.523	-2387.01	169.487	1.624478	2.648136
7314	-2206.125	-2375.602	169.477	1.635458	2.648136
7320	-2208.018	-2377.168	169.1503	1.672443	2.827466
7326	-2223.347	-2392.544	169.1974	1.264063	3.031053
7332	-2214.372	-2384.015	169.6432	1.495873	2.625259
7338	-2227.369	-2396.001	168.6316	1.732834	3.106724
7344	-2233.016	-2402.423	169.4079	1.481352	2.778023
7350	-2220.131	-2389.605	169.473	1.475659	2.741498
7356	-2218.241	-2387.484	169.2435	1.725586	2.741498
7362	-2228.147	-2397.554	169.4068	1.546526	2.741498
7368	-2224.083	-2393.681	169.5975	1.529424	2.634114
7374	-2221.942	-2391.264	169.3219	1.566174	2.78222
7380	-2213.389	-2382.827	169.4381	1.645078	2.666713
7386	-2226.636	-2395.744	169.1084	1.868946	2.746727
7392	-2222.228	-2391.594	169.3659	1.581478	2.746727
7398	-2223.185	-2392.712	169.5265	1.582797	2.647386
7404	-2224.894	-2394.162	169.2674	1.582797	2.806036
7410	-2221.655	-2391.177	169.5224	1.545111	2.671371
7416	-2220.927	-2390.088	169.1609	1.409083	2.968979
7422	-2234.291	-2403.436	169.1449	1.425868	2.968979
7428	-2232.587	-2401.273	168.6856	1.364313	3.277433
7434	-2230.423	-2399.372	168.9495	1.448948	3.072936
7440	-2223.598	-2392.786	169.188	1.646796	2.818664
7446	-2220.642	-2390.021	169.3788	1.775083	2.631261
7452	-2221.659	-2390.574	168.9147	1.635515	2.989948
7458	-2224.359	-2393.763	169.4032	1.545288	2.744414
7464	-2227.235	-2396.22	168.9846	1.545288	2.997874
7470	-2237.525	-2406.966	169.441	1.614667	2.681993
7476	-2236.589	-2406.063	169.4739	1.622905	2.657094
7482	-2239.829	-2409.36	169.5313	1.622905	2.621692
7488	-2227.275	-2396.615	169.3392	1.359541	2.890057
7494	-2222.121	-2391.172	169.0511	1.667927	2.890057
7500	-2236.426	-2405.41	168.9839	1.475662	3.037287
7506	-2228.397	-2397.595	169.1984	1.809685	2.723379
7512	-2219.173	-2388.106	168.9327	1.860243	2.858268
7518	-2228.212	-2397.314	169.1023	1.647156	2.870452
7524	-2224.122	-2393.788	169.6664	1.647156	2.524132
7530	-2234.213	-2403.902	169.6892	1.647156	2.509936
7536	-2221.042	-2390.16	169.1184	1.699432	2.832018
7542	-2225.803	-2394.955	169.1513	1.396794	2.981783
7548	-2229.322	-2398.451	169.129	1.331109	3.033019
7554	-2223.43	-2392.496	169.0661	1.63655	2.89819
7560	-2225.004	-2394.271	169.2675	1.731197	2.723745
7566	-2227.737	-2396.847	169.1101	1.404143	3.002294
7572	-2221.88	-2390.854	168.9743	1.54841	3.002294
7578	-2222.433	-2391.738	169.3052	1.372809	2.902891
7584	-2223.139	-2392.576	169.4369	1.258583	2.890142
7590	-2223.845	-2393.576	169.7308	1.442234	2.602338
7596	-2224.329	-2393.44	169.1105	1.673655	2.850948
7602	-2220.107	-2389.562	169.4554	1.584519	2.690185
7608	-2223.328	-2392.833	169.5044	1.433565	2.746625
7614	-2217.015	-2386.551	169.536	1.438055	2.724702
7620	-2223.303	-2392.195	168.8922	1.63739	3.00243
7626	-2243.526	-2412.628	169.1017	1.903068	2.732742
7632	-2229.016	-2397.915	168.8989	1.511458	3.068042
7638	-2219.893	-2389.416	169.5228	1.452218	2.724581
7644	-2219.802	-2389.083	169.2809	1.386798	2.909468
7650	-2229.537	-2398.807	169.2695	1.568586	2.81277
7656	-2224.571	-2393.945	169.3741	1.456677	2.81277
7662	-2227.844	-2397.19	169.3462	1.598115	2.74939
7668	-2232.615	-2401.802	169.1871	1.588065	2.851866
7674	-2236.295	-2405.495	169.2002	1.47294	2.908804
7680	-2233.55	-2402.73	169.1803	1.58983	2.855017
7686	-2229.797	-2399.379	169.5821	1.556535	2.628049
7692	-2224.78	-2393.83	169.0498	1.389433	3.046824
7698	-2228.881	-2398.438	169.5565	1.464573	2.696766
7704	-2226.643	-2396.006	169.3637	1.445956	2.825209
7710	-2215.306	-2384.614	169.3077	1.505496	2.825209
7716	-2213.803	-2383.128	169.3252	1.466892	2.836584
7722	-2221.654	-2390.867	169.2137	1.586594	2.836584
7728	-2219.981	-2389.282	169.301	1.492692	2.836584
7734	-2225.208	-2394.345	169.1373	1.492692	2.935577
7740	-2242.005	-2411.329	169.3244	1.57706	2.774565
7746	-2234.81	-2403.908	169.098	1.566378	2.917838
7752	-2218.714	-2387.838	169.1237	1.489922	2.945345
7758	-2223.853	-2393.34	169.4877	1.489581	2.724526
7764	-2220.128	-2389.414	169.2859	1.536281	2.820999
7770	-2218.187	-2387.614	169.4268	1.536281	2.735052
7776	-2222.161	-2391.614	169.4528	1.508483	2.735052
7782	-2225.095	-2394.308	169.2135	1.508483	2.880593
7788	-2230.206	-2399.394	169.1886	1.627874	2.828809
7794	-2232.601	-2401.572	168.9706	1.54165	3.008276
7800	-2219.877	-2389.014	169.1371	1.684285	2.828955
7806	-2221	-2390.104	169.1044	1.684285	2.848802
7812	-2226.234	-2395.286	169.052	1.747896	2.845952
7818	-2233.03	-2402.577	169.5463	1.437187	2.718899
7824	-2233.498	-2403.045	169.5471	1.538584	2.659921
7830	-2226.386	-2395.497	169.1113	1.647871	2.864615
7836	-2231.267	-2400.775	169.5085	1.928161	2.467439
7842	-2223.095	-2392.118	169.0227	1.510094	2.994712
7848	-2236.046	-2404.93	168.8842	1.556694	3.051645
7854	-2220.441	-2389.911	169.4695	1.556694	2.697327
7860	-2214.134	-2383.321	169.187	1.537223	2.880443
7866	-2218.419	-2387.903	169.4839	1.42335	2.765076
7872	-2226.453	-2395.68	169.227	1.770876	2.726892
7878	-2219.179	-2388.841	169.6617	1.546374	2.584672
7884	-2226.361	-2396.022	169.6606	1.452674	2.639601
7890	-2225.308	-2395.032	169.7239	1.51756	2.562732
7896	-2230.478	-2399.767	169.2883	1.377649	2.910321
7902	-2237.619	-2406.919	169.3009	1.560388	2.798256
7908	-2230.384	-2399.72	169.3356	1.560388	2.77709
7914	-2221.432	-2390.646	169.2141	1.673741	2.787902
7920	-2224.015	-2393.283	169.2679	1.676137	2.75375
7926	-2230.686	-2399.942	169.2556	1.415416	2.908273
7932	-2233.653	-2403.164	169.5115	1.532885	2.685108
7938	-2227.049	-2396.232	169.1833	1.426129	2.945702
7944	-2215.84	-2385.278	169.438	1.426129	2.791491
7950	-2230.182	-2399.702	169.5207	1.473504	2.713539
7956	-2241.576	-2410.844	169.2681	1.432379	2.890949
7962	-2225.944	-2395.269	169.3245	1.578144	2.773865
7968	-2232.201	-2400.642	168.4401	1.644641	3.267477
7974	-2227.554	-2397.244	169.6902	1.294923	2.714427
7980	-2222.021	-2391.292	169.2706	1.741218	2.71631
7986	-2225.03	-2394.492	169.4623	1.34213	2.82563
7992	-2228.692	-2397.774	169.0824	1.712412	2.846791
7998	-2242.124	-2411.329	169.2049	1.654957	2.803872
8004	-2219.306	-2388.437	169.1309	1.652075	2.85043
8010	-2222.471	-2391.438	168.9677	1.687852	2.929504
8016	-2223.131	-2392.614	169.4834	1.799011	2.553316
8022	-2218.93	-2388.091	169.1613	1.468248	2.934962
8028	-2213.861	-2383.244	169.383	1.613978	2.717965
8034	-2220.301	-2389.206	168.9046	1.559808	3.037744
8040	-2222.726	-2392.034	169.3077	1.567493	2.790101
8046	-2227.299	-2396.656	169.3565	1.459314	2.821946
8052	-2220.623	-2389.891	169.2676	1.682725	2.750335
8058	-2220.495	-2390.144	169.6489	1.495928	2.621687
8064	-2230.752	-2399.969	169.2176	1.64498	2.801676
8070	-2238.941	-2408.181	169.2404	1.430263	2.908921
8076	-2233.939	-2403.201	169.2618	1.604102	2.797509
8082	-2231.676	-2400.611	168.9358	1.828539	2.873154
8088	-2222.852	-2392.079	169.2276	1.704772	2.762582
8094	-2224.355	-2393.891	169.5363	1.78048	2.530643
8100	-2214.602	-2384.126	169.5234	1.417725	2.74422
8106	-2224.574	-2393.737	169.163	1.352111	3.00045
8112	-2226.667	-2395.999	169.3316	1.556231	2.781907
8118	-2219.514	-2388.576	169.0622	1.556231	2.945119
8124	-2222.007	-2391.291	169.2842	1.568934	2.803614
8130	-2230.329	-2399.613	169.2842	1.568934	2.803614
8136	-2241.934	-2411.27	169.3365	1.568934	2.771768
8142	-2221.39	-2390.539	169.1484	1.872649	2.72025
8148	-2226.84	-2396.088	169.2474	1.478443	2.877181
8154	-2228.337	-2397.667	169.3299	1.478443	2.827117
8160	-2216.71	-2385.686	168.976	1.754336	2.88849
8166	-2215.823	-2384.961	169.1374	1.727999	2.804862
8172	-2213.479	-2382.563	169.0842	1.425584	3.005575
8178	-2216.043	-2385.481	169.4371	1.425584	2.792319
8184	-2209.488	-2378.702	169.2146	1.618707	2.81808
8190	-2214.573	-2383.82	169.2478	1.597457	2.809749
8196	-2233.889	-2402.972	169.0828	1.824049	2.786251
8202	-2225.386	-2394.469	169.0828	1.824049	2.786251
8208	-2226.316	-2395.41	169.0939	1.91058	2.733517
8214	-2230.363	-2400.079	169.7166	1.45247	2.605136
8220	-2222.297	-2391.416	169.1181	1.477123	2.955962
8226	-2230.877	-2400.247	169.3703	1.656862	2.701789
8232	-2235.52	-2405.139	169.6192	1.559656	2.603374
8238	-2228.996	-2398.332	169.3361	1.559656	2.777226
8244	-2229.555	-2398.815	169.2596	1.51009	2.851791
8250	-2238.748	-2407.905	169.1574	1.463801	2.939833
8256	-2228.88	-2398.118	169.238	1.478605	2.882741
8262	-2234.695	-2403.933	169.2379	1.631607	2.796736
8268	-2226.051	-2395.391	169.34	1.568478	2.769874
8274	-2221.171	-2390.336	169.1643	1.51304	2.907757
8280	-2225.136	-2394.136	169.0003	1.691717	2.907757
8286	-2230.77	-2399.849	169.0787	1.787392	2.808468
8292	-2224.936	-2394.523	169.587	1.387048	2.723212
8298	-2220.859	-2390.129	169.27	1.503625	2.849153
